?   	github.com/klouddb/DPA_private/benchmark	[no test files]
?   	github.com/klouddb/DPA_private/benchmark/spacy	[no test files]
?   	github.com/klouddb/DPA_private/benchmark/spacy_v2	[no test files]
?   	github.com/klouddb/DPA_private/cmd	[no test files]
?   	github.com/klouddb/DPA_private/model	[no test files]
AdharcardNumber.csv
Test passed AdharcardNumber.csv
BankAccountNumber.csv
Test passed BankAccountNumber.csv
Creditcard.csv
Test passed Creditcard.csv
DrivingLicenceNumber.csv
Test passed DrivingLicenceNumber.csv
ITIN.csv
Test passed ITIN.csv
NHSNumber.csv
Test passed NHSNumber.csv
PANNumber.csv
Test passed PANNumber.csv
Phone.csv
Test passed Phone.csv
SSN.csv
Test passed SSN.csv
ZipCode.csv
Test passed ZipCode.csv
generic.csv
Test passed generic.csv
column - Email 33 26 0.7878787878787878 0
value -  11 11 1 41389
value - IPAddress 6 6 1 0
value - Email 4 4 1 0
column - BirthDate 1 1 1 0
column - CreditCard 45 44 0.9777777777777777 14
column - Phone 1 1 1 0
value - SSN 2431 0 0 0
column - Address 1 1 1 22
column - Nationality 3 2 0.6666666666666666 0
value - CreditCard 2346 206 0.08780903665814152 0
value - DrivingLicenceNumber 2279 266 0.11671785870996051 0
column - PoBox 1 0 0 0
column - Password 11 11 1 0
column - Gender 1 1 1 0
column - Username 3 3 1 102
column - MacAddress 4 4 1 0
column - AdharcardNumber 179 115 0.6424581005586593 0
value - ITIN 1001 0 0 0
column - NHSNumber 124 0 0 0
column - PANNumber 167 65 0.38922155688622756 0
column - SSN 167 0 0 0
column - ZipCode 166 0 0 0
column - DrivingLicenceNumber 179 121 0.6759776536312849 0
value - PANNumber 910 910 1 0
value - Phone 225 0 0 0
column - Name 15 15 1 2
column - IPAddress 18 0 0 0
column - OAuthToken 30 7 0.23333333333333334 0
column - Location 1 1 1 0
value - Gender 14 14 1 0
column - BankAccountNumber 206 133 0.6456310679611651 16
value - ZipCode 33883 0 0 0
value - MacAddress 3 3 1 0
--- FAIL: Test_CsvTesting_RegexpDetector (0.32s)
    regex_detector_test.go:84: Expected label AdharcardNumber, got Username ([{Username 0.3} {AdharcardNumber 0.3}]), file AdharcardNumber.csv:11 data user_adhar_number
    regex_detector_test.go:84: Expected label AdharcardNumber, got Username ([{Username 0.3} {AdharcardNumber 0.3}]), file AdharcardNumber.csv:14 data user_aadhaar_number
    regex_detector_test.go:84: Expected label AdharcardNumber, got  ([]), file AdharcardNumber.csv:18 data uid
    regex_detector_test.go:84: Expected label AdharcardNumber, got  ([]), file AdharcardNumber.csv:19 data uid number
    regex_detector_test.go:84: Expected label AdharcardNumber, got Username ([{Username 0.3}]), file AdharcardNumber.csv:20 data user uid
    regex_detector_test.go:84: Expected label AdharcardNumber, got Username ([{Username 0.3}]), file AdharcardNumber.csv:21 data user_uid_number
    regex_detector_test.go:84: Expected label AdharcardNumber, got Username ([{Username 0.3} {AdharcardNumber 0.3}]), file AdharcardNumber.csv:25 data user_aadhar_id
    regex_detector_test.go:84: Expected label AdharcardNumber, got Username ([{Username 0.3} {AdharcardNumber 0.3} {CreditCard 0.3}]), file AdharcardNumber.csv:31 data user_aadhar_card_number
    regex_detector_test.go:84: Expected label AdharcardNumber, got Username ([{Username 0.3} {AdharcardNumber 0.3}]), file AdharcardNumber.csv:37 data user_aadhar_no
    regex_detector_test.go:84: Expected label AdharcardNumber, got Username ([{Username 0.3} {AdharcardNumber 0.3}]), file AdharcardNumber.csv:41 data user_adhar_card
    regex_detector_test.go:84: Expected label AdharcardNumber, got Username ([{Username 0.3} {AdharcardNumber 0.3}]), file AdharcardNumber.csv:47 data user_adhar_code
    regex_detector_test.go:84: Expected label AdharcardNumber, got Username ([{AdharcardNumber 0.3} {CreditCard 0.3} {Username 0.3}]), file AdharcardNumber.csv:50 data user_aadhaar_card_number
    regex_detector_test.go:84: Expected label AdharcardNumber, got Username ([{AdharcardNumber 0.3} {Username 0.3}]), file AdharcardNumber.csv:51 data user_aadhaar_no
    regex_detector_test.go:84: Expected label AdharcardNumber, got Username ([{Username 0.3} {AdharcardNumber 0.3}]), file AdharcardNumber.csv:60 data user_aadhaar_no_id
    regex_detector_test.go:84: Expected label AdharcardNumber, got Username ([{AdharcardNumber 0.3} {Username 0.3}]), file AdharcardNumber.csv:61 data user_uidai_number
    regex_detector_test.go:84: Expected label AdharcardNumber, got CreditCard ([{CreditCard 0.3} {AdharcardNumber 0.3}]), file AdharcardNumber.csv:64 data aadhaar_card_number_id
    regex_detector_test.go:84: Expected label AdharcardNumber, got Username ([{Username 0.3} {AdharcardNumber 0.3} {CreditCard 0.3}]), file AdharcardNumber.csv:66 data user_aadhaar_card_number_id
    regex_detector_test.go:84: Expected label AdharcardNumber, got CreditCard ([{CreditCard 0.3} {AdharcardNumber 0.3}]), file AdharcardNumber.csv:69 data aadhar_id_card_number
    regex_detector_test.go:84: Expected label AdharcardNumber, got Username ([{Username 0.3} {AdharcardNumber 0.3}]), file AdharcardNumber.csv:70 data user_aadhar_id_card
    regex_detector_test.go:84: Expected label AdharcardNumber, got Username ([{Username 0.3} {AdharcardNumber 0.3}]), file AdharcardNumber.csv:73 data user_aadhar_card_id
    regex_detector_test.go:84: Expected label AdharcardNumber, got Username ([{Username 0.3} {AdharcardNumber 0.3}]), file AdharcardNumber.csv:74 data user_aadhar_card_id_number
    regex_detector_test.go:84: Expected label AdharcardNumber, got CreditCard ([{CreditCard 0.3} {AdharcardNumber 0.3}]), file AdharcardNumber.csv:77 data adhar_card_number_id
    regex_detector_test.go:84: Expected label AdharcardNumber, got Username ([{Username 0.3} {AdharcardNumber 0.3}]), file AdharcardNumber.csv:78 data user_adhar_card_id
    regex_detector_test.go:84: Expected label AdharcardNumber, got Username ([{Username 0.3} {AdharcardNumber 0.3}]), file AdharcardNumber.csv:83 data user_aadhar_code_id
    regex_detector_test.go:84: Expected label AdharcardNumber, got Username ([{Username 0.3} {AdharcardNumber 0.3}]), file AdharcardNumber.csv:84 data user_aadhar_code_number
    regex_detector_test.go:84: Expected label AdharcardNumber, got Username ([{Username 0.3} {AdharcardNumber 0.3}]), file AdharcardNumber.csv:85 data user_adhar_code_id
    regex_detector_test.go:84: Expected label AdharcardNumber, got Username ([{Username 0.3} {AdharcardNumber 0.3}]), file AdharcardNumber.csv:86 data user_adhar_code_number
    regex_detector_test.go:84: Expected label AdharcardNumber, got Username ([{Username 0.3} {AdharcardNumber 0.3}]), file AdharcardNumber.csv:88 data user_aadhaar_code
    regex_detector_test.go:84: Expected label AdharcardNumber, got Username ([{Username 0.3} {AdharcardNumber 0.3}]), file AdharcardNumber.csv:90 data user_aadhaar_code_id
    regex_detector_test.go:84: Expected label AdharcardNumber, got Username ([{Username 0.3} {AdharcardNumber 0.3}]), file AdharcardNumber.csv:91 data user_aadhaar_code_number
    regex_detector_test.go:84: Expected label AdharcardNumber, got Username ([{Username 0.3} {AdharcardNumber 0.3}]), file AdharcardNumber.csv:94 data user_aadharcode
    regex_detector_test.go:84: Expected label AdharcardNumber, got Username ([{Username 0.3} {AdharcardNumber 0.3}]), file AdharcardNumber.csv:99 data user_aadhaar_no_card
    regex_detector_test.go:84: Expected label AdharcardNumber, got Username ([{Username 0.3} {AdharcardNumber 0.3}]), file AdharcardNumber.csv:102 data user_aadhar_cardnum
    regex_detector_test.go:84: Expected label AdharcardNumber, got Username ([{Username 0.3} {AdharcardNumber 0.3}]), file AdharcardNumber.csv:103 data user_aadhaar_cardnum
    regex_detector_test.go:84: Expected label AdharcardNumber, got CreditCard ([{Username 0.3} {AdharcardNumber 0.3} {CreditCard 0.3}]), file AdharcardNumber.csv:108 data user_aadhar_cardnumber
    regex_detector_test.go:84: Expected label AdharcardNumber, got Username ([{Username 0.3} {AdharcardNumber 0.3} {CreditCard 0.3}]), file AdharcardNumber.csv:109 data user_aadhaar_cardnumber
    regex_detector_test.go:84: Expected label AdharcardNumber, got Username ([{Username 0.3} {AdharcardNumber 0.3} {CreditCard 0.3}]), file AdharcardNumber.csv:112 data user_aadharcardnumber_id
    regex_detector_test.go:84: Expected label AdharcardNumber, got CreditCard ([{CreditCard 0.3} {Username 0.3} {AdharcardNumber 0.3}]), file AdharcardNumber.csv:114 data user_aadharcardnumber_code
    regex_detector_test.go:84: Expected label AdharcardNumber, got CreditCard ([{AdharcardNumber 0.3} {CreditCard 0.3}]), file AdharcardNumber.csv:116 data aadharcardnumber_code
    regex_detector_test.go:84: Expected label AdharcardNumber, got Username ([{Username 0.3} {AdharcardNumber 0.3}]), file AdharcardNumber.csv:120 data user_aadharcode_id
    regex_detector_test.go:84: Expected label AdharcardNumber, got Username ([{Username 0.3} {AdharcardNumber 0.3}]), file AdharcardNumber.csv:121 data user_aadhaarcode_id
    regex_detector_test.go:84: Expected label AdharcardNumber, got Username ([{Username 0.3} {AdharcardNumber 0.3}]), file AdharcardNumber.csv:122 data user_aadharcode_number
    regex_detector_test.go:84: Expected label AdharcardNumber, got Username ([{Username 0.3} {AdharcardNumber 0.3}]), file AdharcardNumber.csv:123 data user_aadhaarcode_number
    regex_detector_test.go:84: Expected label AdharcardNumber, got Username ([{Username 0.3} {AdharcardNumber 0.3}]), file AdharcardNumber.csv:129 data user_aadhaarcardcode
    regex_detector_test.go:84: Expected label AdharcardNumber, got Username ([{Username 0.3} {AdharcardNumber 0.3}]), file AdharcardNumber.csv:133 data user_aadhaarcardcode_id
    regex_detector_test.go:84: Expected label AdharcardNumber, got Username ([{Username 0.3} {AdharcardNumber 0.3}]), file AdharcardNumber.csv:134 data user_aadharcardcode_number
    regex_detector_test.go:84: Expected label AdharcardNumber, got Username ([{Username 0.3} {AdharcardNumber 0.3}]), file AdharcardNumber.csv:135 data user_aadhaarcardcode_number
    regex_detector_test.go:84: Expected label AdharcardNumber, got Username ([{Username 0.3} {AdharcardNumber 0.3}]), file AdharcardNumber.csv:140 data user_aadhar_id_code
    regex_detector_test.go:84: Expected label AdharcardNumber, got Username ([{Username 0.3} {AdharcardNumber 0.3}]), file AdharcardNumber.csv:141 data user_aadhaar_id_code
    regex_detector_test.go:84: Expected label AdharcardNumber, got Username ([{Username 0.3} {AdharcardNumber 0.3}]), file AdharcardNumber.csv:142 data user_aadhar_id_code_number
    regex_detector_test.go:84: Expected label AdharcardNumber, got Username ([{Username 0.3} {AdharcardNumber 0.3}]), file AdharcardNumber.csv:143 data user_aadhaar_id_code_number
    regex_detector_test.go:84: Expected label AdharcardNumber, got Username ([{Username 0.3} {AdharcardNumber 0.3}]), file AdharcardNumber.csv:153 data user_aadhaaridcode_id
    regex_detector_test.go:84: Expected label AdharcardNumber, got Username ([{Username 0.3} {AdharcardNumber 0.3}]), file AdharcardNumber.csv:154 data user_aadharidcode_number
    regex_detector_test.go:84: Expected label AdharcardNumber, got Username ([{Username 0.3} {AdharcardNumber 0.3}]), file AdharcardNumber.csv:155 data user_aadhaaridcode_number
    regex_detector_test.go:84: Expected label AdharcardNumber, got Username ([{Username 0.3} {AdharcardNumber 0.3} {CreditCard 0.3}]), file AdharcardNumber.csv:158 data user_aadhar_id_cardnumber
    regex_detector_test.go:84: Expected label AdharcardNumber, got Username ([{Username 0.3} {AdharcardNumber 0.3} {CreditCard 0.3}]), file AdharcardNumber.csv:159 data user_aadhaar_id_cardnumber
    regex_detector_test.go:84: Expected label AdharcardNumber, got Username ([{AdharcardNumber 0.3} {CreditCard 0.3} {Username 0.3}]), file AdharcardNumber.csv:163 data user_aadhaaridcardnumber
    regex_detector_test.go:84: Expected label AdharcardNumber, got CreditCard ([{CreditCard 0.3} {Username 0.3} {AdharcardNumber 0.3}]), file AdharcardNumber.csv:167 data user_aadhaaridcardnumber_id
    regex_detector_test.go:84: Expected label AdharcardNumber, got Username ([{Username 0.3} {AdharcardNumber 0.3} {CreditCard 0.3}]), file AdharcardNumber.csv:168 data user_aadharidcardnumber_code
    regex_detector_test.go:84: Expected label AdharcardNumber, got CreditCard ([{CreditCard 0.3} {AdharcardNumber 0.3}]), file AdharcardNumber.csv:170 data aadharidcardnumber_code
    regex_detector_test.go:84: Expected label AdharcardNumber, got CreditCard ([{CreditCard 0.3} {Username 0.3} {AdharcardNumber 0.3}]), file AdharcardNumber.csv:174 data user_aadharidcardnumber_code_id
    regex_detector_test.go:84: Expected label AdharcardNumber, got CreditCard ([{CreditCard 0.3} {Username 0.3} {AdharcardNumber 0.3}]), file AdharcardNumber.csv:175 data user_aadhaaridcardnumber_code_id
    regex_detector_test.go:84: Expected label AdharcardNumber, got Username ([{Username 0.3} {AdharcardNumber 0.3} {CreditCard 0.3}]), file AdharcardNumber.csv:176 data user_aadharidcardnumber_code_number
    regex_detector_test.go:84: Expected label AdharcardNumber, got CreditCard ([{CreditCard 0.3} {AdharcardNumber 0.3}]), file AdharcardNumber.csv:178 data aadharidcardnumber_code_number
    regex_detector_test.go:84: Expected label BankAccountNumber, got  ([]), file BankAccountNumber.csv:9 data account#
    regex_detector_test.go:84: Expected label BankAccountNumber, got  ([]), file BankAccountNumber.csv:10 data account
    regex_detector_test.go:84: Expected label BankAccountNumber, got  ([]), file BankAccountNumber.csv:21 data account#
    regex_detector_test.go:84: Expected label BankAccountNumber, got  ([]), file BankAccountNumber.csv:22 data account
    regex_detector_test.go:84: Expected label BankAccountNumber, got  ([]), file BankAccountNumber.csv:29 data account#number
    regex_detector_test.go:84: Expected label BankAccountNumber, got  ([]), file BankAccountNumber.csv:30 data bankacnt
    regex_detector_test.go:84: Expected label BankAccountNumber, got  ([]), file BankAccountNumber.csv:31 data bank_acc
    regex_detector_test.go:84: Expected label BankAccountNumber, got  ([]), file BankAccountNumber.csv:32 data bank-acnt
    regex_detector_test.go:84: Expected label BankAccountNumber, got  ([]), file BankAccountNumber.csv:37 data acc#
    regex_detector_test.go:84: Expected label BankAccountNumber, got  ([]), file BankAccountNumber.csv:38 data acct#
    regex_detector_test.go:84: Expected label BankAccountNumber, got  ([]), file BankAccountNumber.csv:39 data bank_acnt
    regex_detector_test.go:84: Expected label BankAccountNumber, got  ([]), file BankAccountNumber.csv:44 data acc#_no
    regex_detector_test.go:84: Expected label BankAccountNumber, got  ([]), file BankAccountNumber.csv:48 data acct#
    regex_detector_test.go:84: Expected label BankAccountNumber, got  ([]), file BankAccountNumber.csv:51 data bank_ac_no
    regex_detector_test.go:84: Expected label BankAccountNumber, got  ([]), file BankAccountNumber.csv:52 data bank_accno
    regex_detector_test.go:84: Expected label BankAccountNumber, got  ([]), file BankAccountNumber.csv:53 data bank_acctno
    regex_detector_test.go:84: Expected label BankAccountNumber, got  ([]), file BankAccountNumber.csv:54 data bank_acc_num
    regex_detector_test.go:84: Expected label BankAccountNumber, got  ([]), file BankAccountNumber.csv:55 data bankac_no
    regex_detector_test.go:84: Expected label BankAccountNumber, got  ([]), file BankAccountNumber.csv:56 data bankacc#
    regex_detector_test.go:84: Expected label BankAccountNumber, got  ([]), file BankAccountNumber.csv:57 data bankacct#
    regex_detector_test.go:84: Expected label BankAccountNumber, got  ([]), file BankAccountNumber.csv:58 data accnum#
    regex_detector_test.go:84: Expected label BankAccountNumber, got  ([]), file BankAccountNumber.csv:59 data acc_no#
    regex_detector_test.go:84: Expected label BankAccountNumber, got  ([]), file BankAccountNumber.csv:61 data acct#no
    regex_detector_test.go:84: Expected label BankAccountNumber, got  ([]), file BankAccountNumber.csv:62 data accno#
    regex_detector_test.go:84: Expected label BankAccountNumber, got  ([]), file BankAccountNumber.csv:65 data bank_acc
    regex_detector_test.go:84: Expected label BankAccountNumber, got  ([]), file BankAccountNumber.csv:66 data account#_number
    regex_detector_test.go:84: Expected label BankAccountNumber, got  ([]), file BankAccountNumber.csv:67 data bank_ac_number
    regex_detector_test.go:84: Expected label BankAccountNumber, got  ([]), file BankAccountNumber.csv:68 data account#num
    regex_detector_test.go:84: Expected label BankAccountNumber, got  ([]), file BankAccountNumber.csv:75 data bank_acct#
    regex_detector_test.go:84: Expected label BankAccountNumber, got  ([]), file BankAccountNumber.csv:76 data account#_num
    regex_detector_test.go:84: Expected label BankAccountNumber, got  ([]), file BankAccountNumber.csv:81 data acc_num#
    regex_detector_test.go:84: Expected label BankAccountNumber, got  ([]), file BankAccountNumber.csv:83 data acc#no
    regex_detector_test.go:84: Expected label BankAccountNumber, got  ([]), file BankAccountNumber.csv:85 data acct#num
    regex_detector_test.go:84: Expected label BankAccountNumber, got  ([]), file BankAccountNumber.csv:90 data account#_no
    regex_detector_test.go:84: Expected label BankAccountNumber, got  ([]), file BankAccountNumber.csv:91 data acc#_num
    regex_detector_test.go:84: Expected label BankAccountNumber, got  ([]), file BankAccountNumber.csv:92 data acct#no
    regex_detector_test.go:84: Expected label BankAccountNumber, got  ([]), file BankAccountNumber.csv:93 data acc#_number
    regex_detector_test.go:84: Expected label BankAccountNumber, got  ([]), file BankAccountNumber.csv:98 data bank_acct#
    regex_detector_test.go:84: Expected label BankAccountNumber, got  ([]), file BankAccountNumber.csv:99 data bank_acc#num
    regex_detector_test.go:84: Expected label BankAccountNumber, got  ([]), file BankAccountNumber.csv:101 data bank_ac_number#
    regex_detector_test.go:84: Expected label BankAccountNumber, got  ([]), file BankAccountNumber.csv:102 data bank_accno#
    regex_detector_test.go:84: Expected label BankAccountNumber, got  ([]), file BankAccountNumber.csv:103 data bank_ac_no#
    regex_detector_test.go:84: Expected label BankAccountNumber, got  ([]), file BankAccountNumber.csv:104 data bankacc#_
    regex_detector_test.go:84: Expected label BankAccountNumber, got  ([]), file BankAccountNumber.csv:106 data acc_num#_
    regex_detector_test.go:84: Expected label BankAccountNumber, got  ([]), file BankAccountNumber.csv:107 data acc#no_
    regex_detector_test.go:84: Expected label BankAccountNumber, got  ([]), file BankAccountNumber.csv:109 data acct#num_
    regex_detector_test.go:84: Expected label BankAccountNumber, got  ([]), file BankAccountNumber.csv:110 data acc_num_#
    regex_detector_test.go:84: Expected label BankAccountNumber, got ChequeNumber ([{ChequeNumber 0.3} {BankAccountNumber 0.3}]), file BankAccountNumber.csv:114 data checking_acct_number
    regex_detector_test.go:84: Expected label BankAccountNumber, got ChequeNumber ([{ChequeNumber 0.3}]), file BankAccountNumber.csv:115 data checking_acct#
    regex_detector_test.go:84: Expected label BankAccountNumber, got ChequeNumber ([{ChequeNumber 0.3}]), file BankAccountNumber.csv:116 data checking_acct_no
    regex_detector_test.go:84: Expected label BankAccountNumber, got  ([]), file BankAccountNumber.csv:121 data bank_acct#
    regex_detector_test.go:84: Expected label BankAccountNumber, got  ([]), file BankAccountNumber.csv:122 data bank_acct_no
    regex_detector_test.go:84: Expected label BankAccountNumber, got  ([]), file BankAccountNumber.csv:128 data savings_acct#
    regex_detector_test.go:84: Expected label BankAccountNumber, got  ([]), file BankAccountNumber.csv:129 data savings_acct_no
    regex_detector_test.go:84: Expected label BankAccountNumber, got ChequeNumber ([{ChequeNumber 0.3}]), file BankAccountNumber.csv:135 data checkingacct#
    regex_detector_test.go:84: Expected label BankAccountNumber, got ChequeNumber ([{ChequeNumber 0.3}]), file BankAccountNumber.csv:136 data checkingacctno
    regex_detector_test.go:84: Expected label BankAccountNumber, got  ([]), file BankAccountNumber.csv:141 data bankacct#
    regex_detector_test.go:84: Expected label BankAccountNumber, got  ([]), file BankAccountNumber.csv:142 data bankacctno
    regex_detector_test.go:84: Expected label BankAccountNumber, got  ([]), file BankAccountNumber.csv:148 data savingsacct#
    regex_detector_test.go:84: Expected label BankAccountNumber, got  ([]), file BankAccountNumber.csv:149 data savingsacctno
    regex_detector_test.go:84: Expected label BankAccountNumber, got ChequeNumber ([{ChequeNumber 0.3}]), file BankAccountNumber.csv:155 data checking-acct#
    regex_detector_test.go:84: Expected label BankAccountNumber, got  ([]), file BankAccountNumber.csv:161 data bank-acct#
    regex_detector_test.go:84: Expected label BankAccountNumber, got  ([]), file BankAccountNumber.csv:168 data savings-acct#
    regex_detector_test.go:84: Expected label BankAccountNumber, got ChequeNumber ([{ChequeNumber 0.3}]), file BankAccountNumber.csv:174 data checkingacct#
    regex_detector_test.go:84: Expected label BankAccountNumber, got ChequeNumber ([{ChequeNumber 0.3}]), file BankAccountNumber.csv:175 data checkingacctno#
    regex_detector_test.go:84: Expected label BankAccountNumber, got ChequeNumber ([{ChequeNumber 0.3} {BankAccountNumber 0.3}]), file BankAccountNumber.csv:176 data checkingaccountno#
    regex_detector_test.go:84: Expected label BankAccountNumber, got  ([]), file BankAccountNumber.csv:180 data bankacct#
    regex_detector_test.go:84: Expected label BankAccountNumber, got  ([]), file BankAccountNumber.csv:181 data bankacctno#
    regex_detector_test.go:84: Expected label BankAccountNumber, got  ([]), file BankAccountNumber.csv:186 data savingsacct#
    regex_detector_test.go:84: Expected label BankAccountNumber, got  ([]), file BankAccountNumber.csv:187 data savingsacctno#
    regex_detector_test.go:84: Expected label BankAccountNumber, got ChequeNumber ([{ChequeNumber 0.3}]), file BankAccountNumber.csv:192 data checking-acct#
    regex_detector_test.go:84: Expected label BankAccountNumber, got  ([]), file BankAccountNumber.csv:198 data bank-acct#
    regex_detector_test.go:84: Expected label BankAccountNumber, got  ([]), file BankAccountNumber.csv:204 data savings-acct#
    regex_detector_test.go:84: Expected label CreditCard, got  ([]), file Creditcard.csv:1 data 1234-5678-1234-5678
    regex_detector_test.go:84: Expected label CreditCard, got  ([]), file Creditcard.csv:2 data 1234 5678 1234 5678
    regex_detector_test.go:84: Expected label CreditCard, got  ([]), file Creditcard.csv:3 data 1234567812345678
    regex_detector_test.go:84: Expected label CreditCard, got  ([]), file Creditcard.csv:5 data 3056 9309 0259 04
    regex_detector_test.go:84: Expected label CreditCard, got  ([]), file Creditcard.csv:7 data 3056-9309-0259-04
    regex_detector_test.go:84: Expected label CreditCard, got  ([]), file Creditcard.csv:9 data 30569309025904
    regex_detector_test.go:84: Expected label CreditCard, got  ([]), file Creditcard.csv:11 data 4929-3813-3266-4296
    regex_detector_test.go:84: Expected label CreditCard, got  ([]), file Creditcard.csv:12 data 4929-3813-3266-4297
    regex_detector_test.go:84: Expected label CreditCard, got  ([]), file Creditcard.csv:13 data 4929-3813-3266-4298
    regex_detector_test.go:84: Expected label CreditCard, got  ([]), file Creditcard.csv:14 data 4929-3813-3266-4299
    regex_detector_test.go:84: Expected label CreditCard, got  ([]), file Creditcard.csv:15 data 4929-3813-3266-4300
    regex_detector_test.go:84: Expected label CreditCard, got  ([]), file Creditcard.csv:17 data 5370-4638-8881-3021
    regex_detector_test.go:84: Expected label CreditCard, got  ([]), file Creditcard.csv:18 data 5370-4638-8881-3022
    regex_detector_test.go:84: Expected label CreditCard, got  ([]), file Creditcard.csv:19 data 5370-4638-8881-3023
    regex_detector_test.go:84: Expected label CreditCard, got  ([]), file Creditcard.csv:20 data 5370-4638-8881-3024
    regex_detector_test.go:84: Expected label CreditCard, got  ([]), file Creditcard.csv:21 data 5370-4638-8881-3025
    regex_detector_test.go:84: Expected label CreditCard, got  ([]), file Creditcard.csv:23 data 4916-4811-5814-8112
    regex_detector_test.go:84: Expected label CreditCard, got  ([]), file Creditcard.csv:24 data 4916-4811-5814-8113
    regex_detector_test.go:84: Expected label CreditCard, got  ([]), file Creditcard.csv:25 data 4916-4811-5814-8114
    regex_detector_test.go:84: Expected label CreditCard, got  ([]), file Creditcard.csv:26 data 4916-4811-5814-8115
    regex_detector_test.go:84: Expected label CreditCard, got  ([]), file Creditcard.csv:27 data 4916-4811-5814-8116
    regex_detector_test.go:84: Expected label CreditCard, got  ([]), file Creditcard.csv:29 data 4916-4034-9269-8784
    regex_detector_test.go:84: Expected label CreditCard, got  ([]), file Creditcard.csv:30 data 4916-4034-9269-8785
    regex_detector_test.go:84: Expected label CreditCard, got  ([]), file Creditcard.csv:31 data 4916-4034-9269-8786
    regex_detector_test.go:84: Expected label CreditCard, got  ([]), file Creditcard.csv:32 data 4916-4034-9269-8787
    regex_detector_test.go:84: Expected label CreditCard, got  ([]), file Creditcard.csv:33 data 4916-4034-9269-8788
    regex_detector_test.go:84: Expected label CreditCard, got  ([]), file Creditcard.csv:35 data 5299-1561-5689-1939
    regex_detector_test.go:84: Expected label CreditCard, got  ([]), file Creditcard.csv:36 data 5299-1561-5689-1940
    regex_detector_test.go:84: Expected label CreditCard, got  ([]), file Creditcard.csv:37 data 5299-1561-5689-1941
    regex_detector_test.go:84: Expected label CreditCard, got  ([]), file Creditcard.csv:38 data 5299-1561-5689-1942
    regex_detector_test.go:84: Expected label CreditCard, got  ([]), file Creditcard.csv:39 data 5299-1561-5689-1943
    regex_detector_test.go:84: Expected label CreditCard, got AdharcardNumber ([{AdharcardNumber 0.8}]), file Creditcard.csv:41 data 5293-8502-0071-3059
    regex_detector_test.go:84: Expected label CreditCard, got AdharcardNumber ([{AdharcardNumber 0.8}]), file Creditcard.csv:42 data 5293-8502-0071-3060
    regex_detector_test.go:84: Expected label CreditCard, got AdharcardNumber ([{AdharcardNumber 0.8}]), file Creditcard.csv:43 data 5293-8502-0071-3061
    regex_detector_test.go:84: Expected label CreditCard, got AdharcardNumber ([{AdharcardNumber 0.8}]), file Creditcard.csv:44 data 5293-8502-0071-3062
    regex_detector_test.go:84: Expected label CreditCard, got AdharcardNumber ([{AdharcardNumber 0.8}]), file Creditcard.csv:45 data 5293-8502-0071-3063
    regex_detector_test.go:84: Expected label CreditCard, got AdharcardNumber ([{AdharcardNumber 0.8}]), file Creditcard.csv:47 data 5548-0246-6336-5665
    regex_detector_test.go:84: Expected label CreditCard, got AdharcardNumber ([{AdharcardNumber 0.8}]), file Creditcard.csv:48 data 5548-0246-6336-5666
    regex_detector_test.go:84: Expected label CreditCard, got AdharcardNumber ([{AdharcardNumber 0.8}]), file Creditcard.csv:49 data 5548-0246-6336-5667
    regex_detector_test.go:84: Expected label CreditCard, got AdharcardNumber ([{AdharcardNumber 0.8}]), file Creditcard.csv:50 data 5548-0246-6336-5668
    regex_detector_test.go:84: Expected label CreditCard, got AdharcardNumber ([{AdharcardNumber 0.8}]), file Creditcard.csv:51 data 5548-0246-6336-5669
    regex_detector_test.go:84: Expected label CreditCard, got  ([]), file Creditcard.csv:53 data 4539-5385-7425-5826
    regex_detector_test.go:84: Expected label CreditCard, got  ([]), file Creditcard.csv:54 data 4539-5385-7425-5827
    regex_detector_test.go:84: Expected label CreditCard, got  ([]), file Creditcard.csv:55 data 4539-5385-7425-5828
    regex_detector_test.go:84: Expected label CreditCard, got  ([]), file Creditcard.csv:56 data 4539-5385-7425-5829
    regex_detector_test.go:84: Expected label CreditCard, got  ([]), file Creditcard.csv:57 data 4539-5385-7425-5830
    regex_detector_test.go:84: Expected label CreditCard, got AdharcardNumber ([{AdharcardNumber 0.8}]), file Creditcard.csv:59 data 4916-9766-5240-6148
    regex_detector_test.go:84: Expected label CreditCard, got AdharcardNumber ([{AdharcardNumber 0.8}]), file Creditcard.csv:60 data 4916-9766-5240-6149
    regex_detector_test.go:84: Expected label CreditCard, got AdharcardNumber ([{AdharcardNumber 0.8}]), file Creditcard.csv:61 data 4916-9766-5240-6150
    regex_detector_test.go:84: Expected label CreditCard, got AdharcardNumber ([{AdharcardNumber 0.8}]), file Creditcard.csv:62 data 4916-9766-5240-6151
    regex_detector_test.go:84: Expected label CreditCard, got AdharcardNumber ([{AdharcardNumber 0.8}]), file Creditcard.csv:63 data 4916-9766-5240-6152
    regex_detector_test.go:84: Expected label CreditCard, got  ([]), file Creditcard.csv:65 data 4556-0072-1294-7416
    regex_detector_test.go:84: Expected label CreditCard, got  ([]), file Creditcard.csv:66 data 4556-0072-1294-7417
    regex_detector_test.go:84: Expected label CreditCard, got  ([]), file Creditcard.csv:67 data 4556-0072-1294-7418
    regex_detector_test.go:84: Expected label CreditCard, got  ([]), file Creditcard.csv:68 data 4556-0072-1294-7419
    regex_detector_test.go:84: Expected label CreditCard, got  ([]), file Creditcard.csv:69 data 4556-0072-1294-7420
    regex_detector_test.go:84: Expected label CreditCard, got  ([]), file Creditcard.csv:71 data 4532-4220-6922-9910
    regex_detector_test.go:84: Expected label CreditCard, got  ([]), file Creditcard.csv:72 data 4532-4220-6922-9911
    regex_detector_test.go:84: Expected label CreditCard, got  ([]), file Creditcard.csv:73 data 4532-4220-6922-9912
    regex_detector_test.go:84: Expected label CreditCard, got  ([]), file Creditcard.csv:74 data 4532-4220-6922-9913
    regex_detector_test.go:84: Expected label CreditCard, got  ([]), file Creditcard.csv:75 data 4532-4220-6922-9914
    regex_detector_test.go:84: Expected label CreditCard, got  ([]), file Creditcard.csv:77 data 4916-6734-7572-5016
    regex_detector_test.go:84: Expected label CreditCard, got  ([]), file Creditcard.csv:78 data 4916-6734-7572-5017
    regex_detector_test.go:84: Expected label CreditCard, got  ([]), file Creditcard.csv:79 data 4916-6734-7572-5018
    regex_detector_test.go:84: Expected label CreditCard, got  ([]), file Creditcard.csv:80 data 4916-6734-7572-5019
    regex_detector_test.go:84: Expected label CreditCard, got  ([]), file Creditcard.csv:81 data 4916-6734-7572-5020
    regex_detector_test.go:84: Expected label CreditCard, got  ([]), file Creditcard.csv:83 data 5218-0144-2703-9267
    regex_detector_test.go:84: Expected label CreditCard, got  ([]), file Creditcard.csv:84 data 5218-0144-2703-9268
    regex_detector_test.go:84: Expected label CreditCard, got  ([]), file Creditcard.csv:85 data 5218-0144-2703-9269
    regex_detector_test.go:84: Expected label CreditCard, got  ([]), file Creditcard.csv:86 data 5218-0144-2703-9270
    regex_detector_test.go:84: Expected label CreditCard, got  ([]), file Creditcard.csv:87 data 5218-0144-2703-9271
    regex_detector_test.go:84: Expected label CreditCard, got AdharcardNumber ([{AdharcardNumber 0.8}]), file Creditcard.csv:89 data 5399-0706-4128-0179
    regex_detector_test.go:84: Expected label CreditCard, got AdharcardNumber ([{AdharcardNumber 0.8}]), file Creditcard.csv:90 data 5399-0706-4128-0180
    regex_detector_test.go:84: Expected label CreditCard, got AdharcardNumber ([{AdharcardNumber 0.8}]), file Creditcard.csv:91 data 5399-0706-4128-0181
    regex_detector_test.go:84: Expected label CreditCard, got AdharcardNumber ([{AdharcardNumber 0.8}]), file Creditcard.csv:92 data 5399-0706-4128-0182
    regex_detector_test.go:84: Expected label CreditCard, got AdharcardNumber ([{AdharcardNumber 0.8}]), file Creditcard.csv:93 data 5399-0706-4128-0183
    regex_detector_test.go:84: Expected label CreditCard, got  ([]), file Creditcard.csv:95 data 5144-8691-2776-1109
    regex_detector_test.go:84: Expected label CreditCard, got  ([]), file Creditcard.csv:96 data 5144-8691-2776-1110
    regex_detector_test.go:84: Expected label CreditCard, got  ([]), file Creditcard.csv:97 data 5144-8691-2776-1111
    regex_detector_test.go:84: Expected label CreditCard, got  ([]), file Creditcard.csv:98 data 5144-8691-2776-1112
    regex_detector_test.go:84: Expected label CreditCard, got  ([]), file Creditcard.csv:99 data 5144-8691-2776-1113
    regex_detector_test.go:84: Expected label CreditCard, got AdharcardNumber ([{AdharcardNumber 0.8}]), file Creditcard.csv:101 data 5527-1247-5046-7781
    regex_detector_test.go:84: Expected label CreditCard, got AdharcardNumber ([{AdharcardNumber 0.8}]), file Creditcard.csv:102 data 5527-1247-5046-7782
    regex_detector_test.go:84: Expected label CreditCard, got AdharcardNumber ([{AdharcardNumber 0.8}]), file Creditcard.csv:103 data 5527-1247-5046-7783
    regex_detector_test.go:84: Expected label CreditCard, got AdharcardNumber ([{AdharcardNumber 0.8}]), file Creditcard.csv:104 data 5527-1247-5046-7784
    regex_detector_test.go:84: Expected label CreditCard, got AdharcardNumber ([{AdharcardNumber 0.8}]), file Creditcard.csv:105 data 5527-1247-5046-7785
    regex_detector_test.go:84: Expected label CreditCard, got  ([]), file Creditcard.csv:107 data 4539-0031-3703-0729
    regex_detector_test.go:84: Expected label CreditCard, got  ([]), file Creditcard.csv:108 data 4539-0031-3703-0730
    regex_detector_test.go:84: Expected label CreditCard, got  ([]), file Creditcard.csv:109 data 4539-0031-3703-0731
    regex_detector_test.go:84: Expected label CreditCard, got  ([]), file Creditcard.csv:110 data 4539-0031-3703-0732
    regex_detector_test.go:84: Expected label CreditCard, got  ([]), file Creditcard.csv:111 data 4539-0031-3703-0733
    regex_detector_test.go:84: Expected label CreditCard, got  ([]), file Creditcard.csv:113 data 5180-3807-3679-8222
    regex_detector_test.go:84: Expected label CreditCard, got  ([]), file Creditcard.csv:114 data 5180-3807-3679-8223
    regex_detector_test.go:84: Expected label CreditCard, got  ([]), file Creditcard.csv:115 data 5180-3807-3679-8224
    regex_detector_test.go:84: Expected label CreditCard, got  ([]), file Creditcard.csv:116 data 5180-3807-3679-8225
    regex_detector_test.go:84: Expected label CreditCard, got  ([]), file Creditcard.csv:117 data 5180-3807-3679-8226
    regex_detector_test.go:84: Expected label CreditCard, got  ([]), file Creditcard.csv:119 data 5413-4428-0145-0037
    regex_detector_test.go:84: Expected label CreditCard, got  ([]), file Creditcard.csv:120 data 5413-4428-0145-0038
    regex_detector_test.go:84: Expected label CreditCard, got  ([]), file Creditcard.csv:121 data 5413-4428-0145-0039
    regex_detector_test.go:84: Expected label CreditCard, got  ([]), file Creditcard.csv:122 data 5413-4428-0145-0040
    regex_detector_test.go:84: Expected label CreditCard, got  ([]), file Creditcard.csv:123 data 5413-4428-0145-0041
    regex_detector_test.go:84: Expected label CreditCard, got  ([]), file Creditcard.csv:125 data 4532-9929-3036-9309
    regex_detector_test.go:84: Expected label CreditCard, got  ([]), file Creditcard.csv:126 data 4532-9929-3036-9310
    regex_detector_test.go:84: Expected label CreditCard, got  ([]), file Creditcard.csv:127 data 4532-9929-3036-9311
    regex_detector_test.go:84: Expected label CreditCard, got  ([]), file Creditcard.csv:128 data 4532-9929-3036-9312
    regex_detector_test.go:84: Expected label CreditCard, got  ([]), file Creditcard.csv:129 data 4532-9929-3036-9313
    regex_detector_test.go:84: Expected label CreditCard, got  ([]), file Creditcard.csv:131 data 5495-8602-4508-6805
    regex_detector_test.go:84: Expected label CreditCard, got  ([]), file Creditcard.csv:132 data 5495-8602-4508-6806
    regex_detector_test.go:84: Expected label CreditCard, got  ([]), file Creditcard.csv:133 data 5495-8602-4508-6807
    regex_detector_test.go:84: Expected label CreditCard, got  ([]), file Creditcard.csv:134 data 5495-8602-4508-6808
    regex_detector_test.go:84: Expected label CreditCard, got  ([]), file Creditcard.csv:135 data 5495-8602-4508-6809
    regex_detector_test.go:84: Expected label CreditCard, got  ([]), file Creditcard.csv:137 data 5325-3256-9519-6625
    regex_detector_test.go:84: Expected label CreditCard, got  ([]), file Creditcard.csv:138 data 5325-3256-9519-6626
    regex_detector_test.go:84: Expected label CreditCard, got  ([]), file Creditcard.csv:139 data 5325-3256-9519-6627
    regex_detector_test.go:84: Expected label CreditCard, got  ([]), file Creditcard.csv:140 data 5325-3256-9519-6628
    regex_detector_test.go:84: Expected label CreditCard, got  ([]), file Creditcard.csv:141 data 5325-3256-9519-6629
    regex_detector_test.go:84: Expected label CreditCard, got  ([]), file Creditcard.csv:143 data 4532-0065-1968-5603
    regex_detector_test.go:84: Expected label CreditCard, got  ([]), file Creditcard.csv:144 data 4532-0065-1968-5604
    regex_detector_test.go:84: Expected label CreditCard, got  ([]), file Creditcard.csv:145 data 4532-0065-1968-5605
    regex_detector_test.go:84: Expected label CreditCard, got  ([]), file Creditcard.csv:146 data 4532-0065-1968-5606
    regex_detector_test.go:84: Expected label CreditCard, got  ([]), file Creditcard.csv:147 data 4532-0065-1968-5607
    regex_detector_test.go:84: Expected label CreditCard, got  ([]), file Creditcard.csv:148 data 3.4539E+14
    regex_detector_test.go:84: Expected label CreditCard, got  ([]), file Creditcard.csv:150 data 4716-6984-4983-6161
    regex_detector_test.go:84: Expected label CreditCard, got  ([]), file Creditcard.csv:151 data 4716-6984-4983-6162
    regex_detector_test.go:84: Expected label CreditCard, got  ([]), file Creditcard.csv:152 data 4716-6984-4983-6163
    regex_detector_test.go:84: Expected label CreditCard, got  ([]), file Creditcard.csv:153 data 4716-6984-4983-6164
    regex_detector_test.go:84: Expected label CreditCard, got  ([]), file Creditcard.csv:154 data 4716-6984-4983-6165
    regex_detector_test.go:84: Expected label CreditCard, got  ([]), file Creditcard.csv:156 data 4539-8219-0484-7599
    regex_detector_test.go:84: Expected label CreditCard, got  ([]), file Creditcard.csv:157 data 4539-8219-0484-7600
    regex_detector_test.go:84: Expected label CreditCard, got  ([]), file Creditcard.csv:158 data 4539-8219-0484-7601
    regex_detector_test.go:84: Expected label CreditCard, got  ([]), file Creditcard.csv:159 data 4539-8219-0484-7602
    regex_detector_test.go:84: Expected label CreditCard, got  ([]), file Creditcard.csv:160 data 4539-8219-0484-7603
    regex_detector_test.go:84: Expected label CreditCard, got  ([]), file Creditcard.csv:161 data 3.02049E+13
    regex_detector_test.go:84: Expected label CreditCard, got  ([]), file Creditcard.csv:163 data 4532-1753-6071-1113
    regex_detector_test.go:84: Expected label CreditCard, got  ([]), file Creditcard.csv:164 data 4532-1753-6071-1114
    regex_detector_test.go:84: Expected label CreditCard, got  ([]), file Creditcard.csv:165 data 4532-1753-6071-1115
    regex_detector_test.go:84: Expected label CreditCard, got  ([]), file Creditcard.csv:166 data 4532-1753-6071-1116
    regex_detector_test.go:84: Expected label CreditCard, got  ([]), file Creditcard.csv:167 data 4532-1753-6071-1117
    regex_detector_test.go:84: Expected label CreditCard, got  ([]), file Creditcard.csv:169 data 5270-4267-6450-5517
    regex_detector_test.go:84: Expected label CreditCard, got  ([]), file Creditcard.csv:170 data 5270-4267-6450-5518
    regex_detector_test.go:84: Expected label CreditCard, got  ([]), file Creditcard.csv:171 data 5270-4267-6450-5519
    regex_detector_test.go:84: Expected label CreditCard, got  ([]), file Creditcard.csv:172 data 5270-4267-6450-5520
    regex_detector_test.go:84: Expected label CreditCard, got  ([]), file Creditcard.csv:173 data 5270-4267-6450-5521
    regex_detector_test.go:84: Expected label CreditCard, got  ([]), file Creditcard.csv:175 data 5252-5971-4219-4117
    regex_detector_test.go:84: Expected label CreditCard, got  ([]), file Creditcard.csv:176 data 5252-5971-4219-4118
    regex_detector_test.go:84: Expected label CreditCard, got  ([]), file Creditcard.csv:177 data 5252-5971-4219-4119
    regex_detector_test.go:84: Expected label CreditCard, got  ([]), file Creditcard.csv:178 data 5252-5971-4219-4120
    regex_detector_test.go:84: Expected label CreditCard, got  ([]), file Creditcard.csv:179 data 5252-5971-4219-4121
    regex_detector_test.go:84: Expected label CreditCard, got  ([]), file Creditcard.csv:180 data 4929-3813-3266-4301
    regex_detector_test.go:84: Expected label CreditCard, got  ([]), file Creditcard.csv:181 data 5370-4638-8881-3026
    regex_detector_test.go:84: Expected label CreditCard, got  ([]), file Creditcard.csv:182 data 4916-4811-5814-8117
    regex_detector_test.go:84: Expected label CreditCard, got  ([]), file Creditcard.csv:183 data 4916-4034-9269-8789
    regex_detector_test.go:84: Expected label CreditCard, got  ([]), file Creditcard.csv:184 data 5299-1561-5689-1944
    regex_detector_test.go:84: Expected label CreditCard, got AdharcardNumber ([{AdharcardNumber 0.8}]), file Creditcard.csv:185 data 5293-8502-0071-3064
    regex_detector_test.go:84: Expected label CreditCard, got AdharcardNumber ([{AdharcardNumber 0.8}]), file Creditcard.csv:186 data 5548-0246-6336-5670
    regex_detector_test.go:84: Expected label CreditCard, got  ([]), file Creditcard.csv:187 data 4539-5385-7425-5831
    regex_detector_test.go:84: Expected label CreditCard, got AdharcardNumber ([{AdharcardNumber 0.8}]), file Creditcard.csv:188 data 4916-9766-5240-6153
    regex_detector_test.go:84: Expected label CreditCard, got  ([]), file Creditcard.csv:189 data 4556-0072-1294-7421
    regex_detector_test.go:84: Expected label CreditCard, got  ([]), file Creditcard.csv:190 data 4532-4220-6922-9915
    regex_detector_test.go:84: Expected label CreditCard, got  ([]), file Creditcard.csv:191 data 4916-6734-7572-5021
    regex_detector_test.go:84: Expected label CreditCard, got  ([]), file Creditcard.csv:192 data 5218-0144-2703-9272
    regex_detector_test.go:84: Expected label CreditCard, got AdharcardNumber ([{AdharcardNumber 0.8}]), file Creditcard.csv:193 data 5399-0706-4128-0184
    regex_detector_test.go:84: Expected label CreditCard, got  ([]), file Creditcard.csv:194 data 5144-8691-2776-1114
    regex_detector_test.go:84: Expected label CreditCard, got AdharcardNumber ([{AdharcardNumber 0.8}]), file Creditcard.csv:195 data 5527-1247-5046-7786
    regex_detector_test.go:84: Expected label CreditCard, got  ([]), file Creditcard.csv:196 data 4539-0031-3703-0734
    regex_detector_test.go:84: Expected label CreditCard, got  ([]), file Creditcard.csv:197 data 5180-3807-3679-8227
    regex_detector_test.go:84: Expected label CreditCard, got  ([]), file Creditcard.csv:198 data 5413-4428-0145-0042
    regex_detector_test.go:84: Expected label CreditCard, got  ([]), file Creditcard.csv:199 data 4532-9929-3036-9314
    regex_detector_test.go:84: Expected label CreditCard, got  ([]), file Creditcard.csv:200 data 5495-8602-4508-6810
    regex_detector_test.go:84: Expected label CreditCard, got  ([]), file Creditcard.csv:201 data 5325-3256-9519-6630
    regex_detector_test.go:84: Expected label CreditCard, got  ([]), file Creditcard.csv:202 data 4532-0065-1968-5608
    regex_detector_test.go:84: Expected label CreditCard, got  ([]), file Creditcard.csv:203 data 4716-6984-4983-6166
    regex_detector_test.go:84: Expected label CreditCard, got  ([]), file Creditcard.csv:204 data 4539-8219-0484-7604
    regex_detector_test.go:84: Expected label CreditCard, got  ([]), file Creditcard.csv:205 data 4532-1753-6071-1118
    regex_detector_test.go:84: Expected label CreditCard, got  ([]), file Creditcard.csv:206 data 5270-4267-6450-5522
    regex_detector_test.go:84: Expected label CreditCard, got  ([]), file Creditcard.csv:207 data 5252-5971-4219-4122
    regex_detector_test.go:84: Expected label CreditCard, got  ([]), file Creditcard.csv:208 data 4929-3813-3266-4302
    regex_detector_test.go:84: Expected label CreditCard, got  ([]), file Creditcard.csv:209 data 5370-4638-8881-3027
    regex_detector_test.go:84: Expected label CreditCard, got  ([]), file Creditcard.csv:210 data 4916-4811-5814-8118
    regex_detector_test.go:84: Expected label CreditCard, got  ([]), file Creditcard.csv:211 data 4916-4034-9269-8790
    regex_detector_test.go:84: Expected label CreditCard, got  ([]), file Creditcard.csv:212 data 5299-1561-5689-1945
    regex_detector_test.go:84: Expected label CreditCard, got AdharcardNumber ([{AdharcardNumber 0.8}]), file Creditcard.csv:213 data 5293-8502-0071-3065
    regex_detector_test.go:84: Expected label CreditCard, got AdharcardNumber ([{AdharcardNumber 0.8}]), file Creditcard.csv:214 data 5548-0246-6336-5671
    regex_detector_test.go:84: Expected label CreditCard, got  ([]), file Creditcard.csv:215 data 4539-5385-7425-5832
    regex_detector_test.go:84: Expected label CreditCard, got  ([]), file Creditcard.csv:217 data 4556-0072-1294-7422
    regex_detector_test.go:84: Expected label CreditCard, got  ([]), file Creditcard.csv:218 data 4532-4220-6922-9916
    regex_detector_test.go:84: Expected label CreditCard, got  ([]), file Creditcard.csv:219 data 4916-6734-7572-5022
    regex_detector_test.go:84: Expected label CreditCard, got  ([]), file Creditcard.csv:220 data 5218-0144-2703-9273
    regex_detector_test.go:84: Expected label CreditCard, got AdharcardNumber ([{AdharcardNumber 0.8}]), file Creditcard.csv:221 data 5399-0706-4128-0185
    regex_detector_test.go:84: Expected label CreditCard, got  ([]), file Creditcard.csv:222 data 5144-8691-2776-1115
    regex_detector_test.go:84: Expected label CreditCard, got AdharcardNumber ([{AdharcardNumber 0.8}]), file Creditcard.csv:223 data 5527-1247-5046-7787
    regex_detector_test.go:84: Expected label CreditCard, got  ([]), file Creditcard.csv:224 data 4539-0031-3703-0735
    regex_detector_test.go:84: Expected label CreditCard, got  ([]), file Creditcard.csv:225 data 5180-3807-3679-8228
    regex_detector_test.go:84: Expected label CreditCard, got  ([]), file Creditcard.csv:226 data 5413-4428-0145-0043
    regex_detector_test.go:84: Expected label CreditCard, got  ([]), file Creditcard.csv:227 data 4532-9929-3036-9315
    regex_detector_test.go:84: Expected label CreditCard, got  ([]), file Creditcard.csv:228 data 5495-8602-4508-6811
    regex_detector_test.go:84: Expected label CreditCard, got  ([]), file Creditcard.csv:229 data 5325-3256-9519-6631
    regex_detector_test.go:84: Expected label CreditCard, got  ([]), file Creditcard.csv:230 data 4532-0065-1968-5609
    regex_detector_test.go:84: Expected label CreditCard, got  ([]), file Creditcard.csv:231 data 4716-6984-4983-6167
    regex_detector_test.go:84: Expected label CreditCard, got  ([]), file Creditcard.csv:232 data 4539-8219-0484-7605
    regex_detector_test.go:84: Expected label CreditCard, got  ([]), file Creditcard.csv:233 data 4532-1753-6071-1119
    regex_detector_test.go:84: Expected label CreditCard, got  ([]), file Creditcard.csv:234 data 5270-4267-6450-5523
    regex_detector_test.go:84: Expected label CreditCard, got  ([]), file Creditcard.csv:235 data 5252-5971-4219-4123
    regex_detector_test.go:84: Expected label CreditCard, got  ([]), file Creditcard.csv:237 data 5370-4638-8881-3028
    regex_detector_test.go:84: Expected label CreditCard, got  ([]), file Creditcard.csv:238 data 4916-4811-5814-8119
    regex_detector_test.go:84: Expected label CreditCard, got AdharcardNumber ([{AdharcardNumber 0.8}]), file Creditcard.csv:244 data 4916-9766-5240-6155
    regex_detector_test.go:84: Expected label CreditCard, got AdharcardNumber ([{AdharcardNumber 0.8}]), file Creditcard.csv:251 data 5527-1247-5046-7788
    regex_detector_test.go:84: Expected label CreditCard, got  ([]), file Creditcard.csv:253 data 5180-3807-3679-8229
    regex_detector_test.go:84: Expected label CreditCard, got  ([]), file Creditcard.csv:259 data 4716-6984-4983-6168
    regex_detector_test.go:84: Expected label CreditCard, got  ([]), file Creditcard.csv:264 data 4929-3813-3266-4304
    regex_detector_test.go:84: Expected label CreditCard, got  ([]), file Creditcard.csv:265 data 5370-4638-8881-3029
    regex_detector_test.go:84: Expected label CreditCard, got  ([]), file Creditcard.csv:266 data 4916-4811-5814-8120
    regex_detector_test.go:84: Expected label CreditCard, got  ([]), file Creditcard.csv:267 data 4916-4034-9269-8792
    regex_detector_test.go:84: Expected label CreditCard, got  ([]), file Creditcard.csv:268 data 5299-1561-5689-1947
    regex_detector_test.go:84: Expected label CreditCard, got AdharcardNumber ([{AdharcardNumber 0.8}]), file Creditcard.csv:269 data 5293-8502-0071-3067
    regex_detector_test.go:84: Expected label CreditCard, got AdharcardNumber ([{AdharcardNumber 0.8}]), file Creditcard.csv:270 data 5548-0246-6336-5673
    regex_detector_test.go:84: Expected label CreditCard, got  ([]), file Creditcard.csv:271 data 4539-5385-7425-5834
    regex_detector_test.go:84: Expected label CreditCard, got AdharcardNumber ([{AdharcardNumber 0.8}]), file Creditcard.csv:272 data 4916-9766-5240-6156
    regex_detector_test.go:84: Expected label CreditCard, got  ([]), file Creditcard.csv:273 data 4556-0072-1294-7424
    regex_detector_test.go:84: Expected label CreditCard, got  ([]), file Creditcard.csv:274 data 4532-4220-6922-9918
    regex_detector_test.go:84: Expected label CreditCard, got  ([]), file Creditcard.csv:275 data 4916-6734-7572-5024
    regex_detector_test.go:84: Expected label CreditCard, got  ([]), file Creditcard.csv:276 data 5218-0144-2703-9275
    regex_detector_test.go:84: Expected label CreditCard, got AdharcardNumber ([{AdharcardNumber 0.8}]), file Creditcard.csv:277 data 5399-0706-4128-0187
    regex_detector_test.go:84: Expected label CreditCard, got  ([]), file Creditcard.csv:278 data 5144-8691-2776-1117
    regex_detector_test.go:84: Expected label CreditCard, got AdharcardNumber ([{AdharcardNumber 0.8}]), file Creditcard.csv:279 data 5527-1247-5046-7789
    regex_detector_test.go:84: Expected label CreditCard, got  ([]), file Creditcard.csv:280 data 4539-0031-3703-0737
    regex_detector_test.go:84: Expected label CreditCard, got  ([]), file Creditcard.csv:281 data 5180-3807-3679-8230
    regex_detector_test.go:84: Expected label CreditCard, got  ([]), file Creditcard.csv:282 data 5413-4428-0145-0045
    regex_detector_test.go:84: Expected label CreditCard, got  ([]), file Creditcard.csv:283 data 4532-9929-3036-9317
    regex_detector_test.go:84: Expected label CreditCard, got  ([]), file Creditcard.csv:284 data 5495-8602-4508-6813
    regex_detector_test.go:84: Expected label CreditCard, got  ([]), file Creditcard.csv:285 data 5325-3256-9519-6633
    regex_detector_test.go:84: Expected label CreditCard, got  ([]), file Creditcard.csv:286 data 4532-0065-1968-5611
    regex_detector_test.go:84: Expected label CreditCard, got  ([]), file Creditcard.csv:287 data 4716-6984-4983-6169
    regex_detector_test.go:84: Expected label CreditCard, got  ([]), file Creditcard.csv:288 data 4539-8219-0484-7607
    regex_detector_test.go:84: Expected label CreditCard, got  ([]), file Creditcard.csv:289 data 4532-1753-6071-1121
    regex_detector_test.go:84: Expected label CreditCard, got  ([]), file Creditcard.csv:290 data 5270-4267-6450-5525
    regex_detector_test.go:84: Expected label CreditCard, got  ([]), file Creditcard.csv:291 data 5252-5971-4219-4125
    regex_detector_test.go:84: Expected label CreditCard, got  ([]), file Creditcard.csv:292 data 4929-3813-3266-4305
    regex_detector_test.go:84: Expected label CreditCard, got  ([]), file Creditcard.csv:293 data 5370-4638-8881-3030
    regex_detector_test.go:84: Expected label CreditCard, got  ([]), file Creditcard.csv:294 data 4916-4811-5814-8121
    regex_detector_test.go:84: Expected label CreditCard, got  ([]), file Creditcard.csv:295 data 4916-4034-9269-8793
    regex_detector_test.go:84: Expected label CreditCard, got  ([]), file Creditcard.csv:296 data 5299-1561-5689-1948
    regex_detector_test.go:84: Expected label CreditCard, got AdharcardNumber ([{AdharcardNumber 0.8}]), file Creditcard.csv:297 data 5293-8502-0071-3068
    regex_detector_test.go:84: Expected label CreditCard, got AdharcardNumber ([{AdharcardNumber 0.8}]), file Creditcard.csv:298 data 5548-0246-6336-5674
    regex_detector_test.go:84: Expected label CreditCard, got  ([]), file Creditcard.csv:299 data 4539-5385-7425-5835
    regex_detector_test.go:84: Expected label CreditCard, got AdharcardNumber ([{AdharcardNumber 0.8}]), file Creditcard.csv:300 data 4916-9766-5240-6157
    regex_detector_test.go:84: Expected label CreditCard, got  ([]), file Creditcard.csv:301 data 4556-0072-1294-7425
    regex_detector_test.go:84: Expected label CreditCard, got  ([]), file Creditcard.csv:302 data 4532-4220-6922-9919
    regex_detector_test.go:84: Expected label CreditCard, got  ([]), file Creditcard.csv:303 data 4916-6734-7572-5025
    regex_detector_test.go:84: Expected label CreditCard, got  ([]), file Creditcard.csv:304 data 5218-0144-2703-9276
    regex_detector_test.go:84: Expected label CreditCard, got AdharcardNumber ([{AdharcardNumber 0.8}]), file Creditcard.csv:305 data 5399-0706-4128-0188
    regex_detector_test.go:84: Expected label CreditCard, got  ([]), file Creditcard.csv:306 data 5144-8691-2776-1118
    regex_detector_test.go:84: Expected label CreditCard, got AdharcardNumber ([{AdharcardNumber 0.8}]), file Creditcard.csv:307 data 5527-1247-5046-7790
    regex_detector_test.go:84: Expected label CreditCard, got  ([]), file Creditcard.csv:308 data 4539-0031-3703-0738
    regex_detector_test.go:84: Expected label CreditCard, got  ([]), file Creditcard.csv:309 data 5180-3807-3679-8231
    regex_detector_test.go:84: Expected label CreditCard, got  ([]), file Creditcard.csv:310 data 5413-4428-0145-0046
    regex_detector_test.go:84: Expected label CreditCard, got  ([]), file Creditcard.csv:311 data 4532-9929-3036-9318
    regex_detector_test.go:84: Expected label CreditCard, got  ([]), file Creditcard.csv:312 data 5495-8602-4508-6814
    regex_detector_test.go:84: Expected label CreditCard, got  ([]), file Creditcard.csv:313 data 5325-3256-9519-6634
    regex_detector_test.go:84: Expected label CreditCard, got  ([]), file Creditcard.csv:314 data 4532-0065-1968-5612
    regex_detector_test.go:84: Expected label CreditCard, got  ([]), file Creditcard.csv:315 data 4716-6984-4983-6170
    regex_detector_test.go:84: Expected label CreditCard, got  ([]), file Creditcard.csv:316 data 4539-8219-0484-7608
    regex_detector_test.go:84: Expected label CreditCard, got  ([]), file Creditcard.csv:317 data 4532-1753-6071-1122
    regex_detector_test.go:84: Expected label CreditCard, got  ([]), file Creditcard.csv:318 data 5270-4267-6450-5526
    regex_detector_test.go:84: Expected label CreditCard, got  ([]), file Creditcard.csv:319 data 5252-5971-4219-4126
    regex_detector_test.go:84: Expected label CreditCard, got  ([]), file Creditcard.csv:320 data 4929-3813-3266-4306
    regex_detector_test.go:84: Expected label CreditCard, got  ([]), file Creditcard.csv:321 data 5370-4638-8881-3031
    regex_detector_test.go:84: Expected label CreditCard, got  ([]), file Creditcard.csv:322 data 4916-4811-5814-8122
    regex_detector_test.go:84: Expected label CreditCard, got  ([]), file Creditcard.csv:323 data 4916-4034-9269-8794
    regex_detector_test.go:84: Expected label CreditCard, got  ([]), file Creditcard.csv:324 data 5299-1561-5689-1949
    regex_detector_test.go:84: Expected label CreditCard, got AdharcardNumber ([{AdharcardNumber 0.8}]), file Creditcard.csv:325 data 5293-8502-0071-3069
    regex_detector_test.go:84: Expected label CreditCard, got AdharcardNumber ([{AdharcardNumber 0.8}]), file Creditcard.csv:326 data 5548-0246-6336-5675
    regex_detector_test.go:84: Expected label CreditCard, got  ([]), file Creditcard.csv:327 data 4539-5385-7425-5836
    regex_detector_test.go:84: Expected label CreditCard, got AdharcardNumber ([{AdharcardNumber 0.8}]), file Creditcard.csv:328 data 4916-9766-5240-6158
    regex_detector_test.go:84: Expected label CreditCard, got  ([]), file Creditcard.csv:329 data 4556-0072-1294-7426
    regex_detector_test.go:84: Expected label CreditCard, got  ([]), file Creditcard.csv:330 data 4532-4220-6922-9920
    regex_detector_test.go:84: Expected label CreditCard, got  ([]), file Creditcard.csv:331 data 4916-6734-7572-5026
    regex_detector_test.go:84: Expected label CreditCard, got  ([]), file Creditcard.csv:332 data 5218-0144-2703-9277
    regex_detector_test.go:84: Expected label CreditCard, got AdharcardNumber ([{AdharcardNumber 0.8}]), file Creditcard.csv:333 data 5399-0706-4128-0189
    regex_detector_test.go:84: Expected label CreditCard, got  ([]), file Creditcard.csv:334 data 5144-8691-2776-1119
    regex_detector_test.go:84: Expected label CreditCard, got AdharcardNumber ([{AdharcardNumber 0.8}]), file Creditcard.csv:335 data 5527-1247-5046-7791
    regex_detector_test.go:84: Expected label CreditCard, got  ([]), file Creditcard.csv:336 data 4539-0031-3703-0739
    regex_detector_test.go:84: Expected label CreditCard, got  ([]), file Creditcard.csv:337 data 5180-3807-3679-8232
    regex_detector_test.go:84: Expected label CreditCard, got  ([]), file Creditcard.csv:338 data 5413-4428-0145-0047
    regex_detector_test.go:84: Expected label CreditCard, got  ([]), file Creditcard.csv:339 data 4532-9929-3036-9319
    regex_detector_test.go:84: Expected label CreditCard, got  ([]), file Creditcard.csv:340 data 5495-8602-4508-6815
    regex_detector_test.go:84: Expected label CreditCard, got  ([]), file Creditcard.csv:341 data 5325-3256-9519-6635
    regex_detector_test.go:84: Expected label CreditCard, got  ([]), file Creditcard.csv:342 data 4532-0065-1968-5613
    regex_detector_test.go:84: Expected label CreditCard, got  ([]), file Creditcard.csv:343 data 4716-6984-4983-6171
    regex_detector_test.go:84: Expected label CreditCard, got  ([]), file Creditcard.csv:344 data 4539-8219-0484-7609
    regex_detector_test.go:84: Expected label CreditCard, got  ([]), file Creditcard.csv:345 data 4532-1753-6071-1123
    regex_detector_test.go:84: Expected label CreditCard, got  ([]), file Creditcard.csv:346 data 5270-4267-6450-5527
    regex_detector_test.go:84: Expected label CreditCard, got  ([]), file Creditcard.csv:347 data 5252-5971-4219-4127
    regex_detector_test.go:84: Expected label CreditCard, got  ([]), file Creditcard.csv:348 data 4929-3813-3266-4307
    regex_detector_test.go:84: Expected label CreditCard, got  ([]), file Creditcard.csv:349 data 5370-4638-8881-3032
    regex_detector_test.go:84: Expected label CreditCard, got  ([]), file Creditcard.csv:350 data 4916-4811-5814-8123
    regex_detector_test.go:84: Expected label CreditCard, got  ([]), file Creditcard.csv:351 data 4916-4034-9269-8795
    regex_detector_test.go:84: Expected label CreditCard, got  ([]), file Creditcard.csv:352 data 5299-1561-5689-1950
    regex_detector_test.go:84: Expected label CreditCard, got AdharcardNumber ([{AdharcardNumber 0.8}]), file Creditcard.csv:353 data 5293-8502-0071-3070
    regex_detector_test.go:84: Expected label CreditCard, got AdharcardNumber ([{AdharcardNumber 0.8}]), file Creditcard.csv:354 data 5548-0246-6336-5676
    regex_detector_test.go:84: Expected label CreditCard, got  ([]), file Creditcard.csv:355 data 4539-5385-7425-5837
    regex_detector_test.go:84: Expected label CreditCard, got AdharcardNumber ([{AdharcardNumber 0.8}]), file Creditcard.csv:356 data 4916-9766-5240-6159
    regex_detector_test.go:84: Expected label CreditCard, got  ([]), file Creditcard.csv:357 data 4556-0072-1294-7427
    regex_detector_test.go:84: Expected label CreditCard, got  ([]), file Creditcard.csv:358 data 4532-4220-6922-9921
    regex_detector_test.go:84: Expected label CreditCard, got  ([]), file Creditcard.csv:359 data 4916-6734-7572-5027
    regex_detector_test.go:84: Expected label CreditCard, got  ([]), file Creditcard.csv:360 data 5218-0144-2703-9278
    regex_detector_test.go:84: Expected label CreditCard, got AdharcardNumber ([{AdharcardNumber 0.8}]), file Creditcard.csv:361 data 5399-0706-4128-0190
    regex_detector_test.go:84: Expected label CreditCard, got  ([]), file Creditcard.csv:362 data 5144-8691-2776-1120
    regex_detector_test.go:84: Expected label CreditCard, got AdharcardNumber ([{AdharcardNumber 0.8}]), file Creditcard.csv:363 data 5527-1247-5046-7792
    regex_detector_test.go:84: Expected label CreditCard, got  ([]), file Creditcard.csv:364 data 4539-0031-3703-0740
    regex_detector_test.go:84: Expected label CreditCard, got  ([]), file Creditcard.csv:365 data 5180-3807-3679-8233
    regex_detector_test.go:84: Expected label CreditCard, got  ([]), file Creditcard.csv:366 data 5413-4428-0145-0048
    regex_detector_test.go:84: Expected label CreditCard, got  ([]), file Creditcard.csv:367 data 4532-9929-3036-9320
    regex_detector_test.go:84: Expected label CreditCard, got  ([]), file Creditcard.csv:368 data 5495-8602-4508-6816
    regex_detector_test.go:84: Expected label CreditCard, got  ([]), file Creditcard.csv:369 data 5325-3256-9519-6636
    regex_detector_test.go:84: Expected label CreditCard, got  ([]), file Creditcard.csv:370 data 4532-0065-1968-5614
    regex_detector_test.go:84: Expected label CreditCard, got  ([]), file Creditcard.csv:371 data 4716-6984-4983-6172
    regex_detector_test.go:84: Expected label CreditCard, got  ([]), file Creditcard.csv:372 data 4539-8219-0484-7610
    regex_detector_test.go:84: Expected label CreditCard, got  ([]), file Creditcard.csv:373 data 4532-1753-6071-1124
    regex_detector_test.go:84: Expected label CreditCard, got  ([]), file Creditcard.csv:374 data 5270-4267-6450-5528
    regex_detector_test.go:84: Expected label CreditCard, got  ([]), file Creditcard.csv:375 data 5252-5971-4219-4128
    regex_detector_test.go:84: Expected label CreditCard, got  ([]), file Creditcard.csv:376 data 4929-3813-3266-4308
    regex_detector_test.go:84: Expected label CreditCard, got  ([]), file Creditcard.csv:377 data 5370-4638-8881-3033
    regex_detector_test.go:84: Expected label CreditCard, got  ([]), file Creditcard.csv:378 data 4916-4811-5814-8124
    regex_detector_test.go:84: Expected label CreditCard, got  ([]), file Creditcard.csv:379 data 4916-4034-9269-8796
    regex_detector_test.go:84: Expected label CreditCard, got  ([]), file Creditcard.csv:380 data 5299-1561-5689-1951
    regex_detector_test.go:84: Expected label CreditCard, got AdharcardNumber ([{AdharcardNumber 0.8}]), file Creditcard.csv:381 data 5293-8502-0071-3071
    regex_detector_test.go:84: Expected label CreditCard, got AdharcardNumber ([{AdharcardNumber 0.8}]), file Creditcard.csv:382 data 5548-0246-6336-5677
    regex_detector_test.go:84: Expected label CreditCard, got  ([]), file Creditcard.csv:383 data 4539-5385-7425-5838
    regex_detector_test.go:84: Expected label CreditCard, got AdharcardNumber ([{AdharcardNumber 0.8}]), file Creditcard.csv:384 data 4916-9766-5240-6160
    regex_detector_test.go:84: Expected label CreditCard, got  ([]), file Creditcard.csv:385 data 4556-0072-1294-7428
    regex_detector_test.go:84: Expected label CreditCard, got  ([]), file Creditcard.csv:386 data 4532-4220-6922-9922
    regex_detector_test.go:84: Expected label CreditCard, got  ([]), file Creditcard.csv:387 data 4916-6734-7572-5028
    regex_detector_test.go:84: Expected label CreditCard, got  ([]), file Creditcard.csv:388 data 5218-0144-2703-9279
    regex_detector_test.go:84: Expected label CreditCard, got AdharcardNumber ([{AdharcardNumber 0.8}]), file Creditcard.csv:389 data 5399-0706-4128-0191
    regex_detector_test.go:84: Expected label CreditCard, got  ([]), file Creditcard.csv:390 data 5144-8691-2776-1121
    regex_detector_test.go:84: Expected label CreditCard, got AdharcardNumber ([{AdharcardNumber 0.8}]), file Creditcard.csv:391 data 5527-1247-5046-7793
    regex_detector_test.go:84: Expected label CreditCard, got  ([]), file Creditcard.csv:392 data 4539-0031-3703-0741
    regex_detector_test.go:84: Expected label CreditCard, got  ([]), file Creditcard.csv:393 data 5180-3807-3679-8234
    regex_detector_test.go:84: Expected label CreditCard, got  ([]), file Creditcard.csv:394 data 5413-4428-0145-0049
    regex_detector_test.go:84: Expected label CreditCard, got  ([]), file Creditcard.csv:395 data 4532-9929-3036-9321
    regex_detector_test.go:84: Expected label CreditCard, got  ([]), file Creditcard.csv:396 data 5495-8602-4508-6817
    regex_detector_test.go:84: Expected label CreditCard, got  ([]), file Creditcard.csv:397 data 5325-3256-9519-6637
    regex_detector_test.go:84: Expected label CreditCard, got  ([]), file Creditcard.csv:398 data 4532-0065-1968-5615
    regex_detector_test.go:84: Expected label CreditCard, got  ([]), file Creditcard.csv:399 data 4716-6984-4983-6173
    regex_detector_test.go:84: Expected label CreditCard, got  ([]), file Creditcard.csv:400 data 4539-8219-0484-7611
    regex_detector_test.go:84: Expected label CreditCard, got  ([]), file Creditcard.csv:401 data 4532-1753-6071-1125
    regex_detector_test.go:84: Expected label CreditCard, got  ([]), file Creditcard.csv:402 data 5270-4267-6450-5529
    regex_detector_test.go:84: Expected label CreditCard, got  ([]), file Creditcard.csv:403 data 5252-5971-4219-4129
    regex_detector_test.go:84: Expected label CreditCard, got  ([]), file Creditcard.csv:404 data 4929-3813-3266-4309
    regex_detector_test.go:84: Expected label CreditCard, got  ([]), file Creditcard.csv:405 data 5370-4638-8881-3034
    regex_detector_test.go:84: Expected label CreditCard, got  ([]), file Creditcard.csv:406 data 4916-4811-5814-8125
    regex_detector_test.go:84: Expected label CreditCard, got  ([]), file Creditcard.csv:407 data 4916-4034-9269-8797
    regex_detector_test.go:84: Expected label CreditCard, got  ([]), file Creditcard.csv:408 data 5299-1561-5689-1952
    regex_detector_test.go:84: Expected label CreditCard, got AdharcardNumber ([{AdharcardNumber 0.8}]), file Creditcard.csv:409 data 5293-8502-0071-3072
    regex_detector_test.go:84: Expected label CreditCard, got AdharcardNumber ([{AdharcardNumber 0.8}]), file Creditcard.csv:410 data 5548-0246-6336-5678
    regex_detector_test.go:84: Expected label CreditCard, got  ([]), file Creditcard.csv:411 data 4539-5385-7425-5839
    regex_detector_test.go:84: Expected label CreditCard, got AdharcardNumber ([{AdharcardNumber 0.8}]), file Creditcard.csv:412 data 4916-9766-5240-6161
    regex_detector_test.go:84: Expected label CreditCard, got  ([]), file Creditcard.csv:413 data 4556-0072-1294-7429
    regex_detector_test.go:84: Expected label CreditCard, got  ([]), file Creditcard.csv:414 data 4532-4220-6922-9923
    regex_detector_test.go:84: Expected label CreditCard, got  ([]), file Creditcard.csv:415 data 4916-6734-7572-5029
    regex_detector_test.go:84: Expected label CreditCard, got  ([]), file Creditcard.csv:416 data 5218-0144-2703-9280
    regex_detector_test.go:84: Expected label CreditCard, got AdharcardNumber ([{AdharcardNumber 0.8}]), file Creditcard.csv:417 data 5399-0706-4128-0192
    regex_detector_test.go:84: Expected label CreditCard, got  ([]), file Creditcard.csv:418 data 5144-8691-2776-1122
    regex_detector_test.go:84: Expected label CreditCard, got AdharcardNumber ([{AdharcardNumber 0.8}]), file Creditcard.csv:419 data 5527-1247-5046-7794
    regex_detector_test.go:84: Expected label CreditCard, got  ([]), file Creditcard.csv:420 data 4539-0031-3703-0742
    regex_detector_test.go:84: Expected label CreditCard, got  ([]), file Creditcard.csv:421 data 5180-3807-3679-8235
    regex_detector_test.go:84: Expected label CreditCard, got  ([]), file Creditcard.csv:422 data 5413-4428-0145-0050
    regex_detector_test.go:84: Expected label CreditCard, got  ([]), file Creditcard.csv:423 data 4532-9929-3036-9322
    regex_detector_test.go:84: Expected label CreditCard, got  ([]), file Creditcard.csv:424 data 5495-8602-4508-6818
    regex_detector_test.go:84: Expected label CreditCard, got  ([]), file Creditcard.csv:425 data 5325-3256-9519-6638
    regex_detector_test.go:84: Expected label CreditCard, got  ([]), file Creditcard.csv:426 data 4532-0065-1968-5616
    regex_detector_test.go:84: Expected label CreditCard, got  ([]), file Creditcard.csv:427 data 4716-6984-4983-6174
    regex_detector_test.go:84: Expected label CreditCard, got  ([]), file Creditcard.csv:428 data 4539-8219-0484-7612
    regex_detector_test.go:84: Expected label CreditCard, got  ([]), file Creditcard.csv:429 data 4532-1753-6071-1126
    regex_detector_test.go:84: Expected label CreditCard, got  ([]), file Creditcard.csv:430 data 5270-4267-6450-5530
    regex_detector_test.go:84: Expected label CreditCard, got  ([]), file Creditcard.csv:431 data 5252-5971-4219-4130
    regex_detector_test.go:84: Expected label CreditCard, got  ([]), file Creditcard.csv:432 data 4929-3813-3266-4310
    regex_detector_test.go:84: Expected label CreditCard, got  ([]), file Creditcard.csv:433 data 5370-4638-8881-3035
    regex_detector_test.go:84: Expected label CreditCard, got  ([]), file Creditcard.csv:434 data 4916-4811-5814-8126
    regex_detector_test.go:84: Expected label CreditCard, got  ([]), file Creditcard.csv:435 data 4916-4034-9269-8798
    regex_detector_test.go:84: Expected label CreditCard, got AdharcardNumber ([{AdharcardNumber 0.8}]), file Creditcard.csv:437 data 5293-8502-0071-3073
    regex_detector_test.go:84: Expected label CreditCard, got AdharcardNumber ([{AdharcardNumber 0.8}]), file Creditcard.csv:438 data 5548-0246-6336-5679
    regex_detector_test.go:84: Expected label CreditCard, got  ([]), file Creditcard.csv:439 data 4539-5385-7425-5840
    regex_detector_test.go:84: Expected label CreditCard, got  ([]), file Creditcard.csv:441 data 4556-0072-1294-7430
    regex_detector_test.go:84: Expected label CreditCard, got  ([]), file Creditcard.csv:442 data 4532-4220-6922-9924
    regex_detector_test.go:84: Expected label CreditCard, got  ([]), file Creditcard.csv:443 data 4916-6734-7572-5030
    regex_detector_test.go:84: Expected label CreditCard, got  ([]), file Creditcard.csv:444 data 5218-0144-2703-9281
    regex_detector_test.go:84: Expected label CreditCard, got AdharcardNumber ([{AdharcardNumber 0.8}]), file Creditcard.csv:445 data 5399-0706-4128-0193
    regex_detector_test.go:84: Expected label CreditCard, got  ([]), file Creditcard.csv:446 data 5144-8691-2776-1123
    regex_detector_test.go:84: Expected label CreditCard, got AdharcardNumber ([{AdharcardNumber 0.8}]), file Creditcard.csv:447 data 5527-1247-5046-7795
    regex_detector_test.go:84: Expected label CreditCard, got  ([]), file Creditcard.csv:448 data 4539-0031-3703-0743
    regex_detector_test.go:84: Expected label CreditCard, got  ([]), file Creditcard.csv:449 data 5180-3807-3679-8236
    regex_detector_test.go:84: Expected label CreditCard, got  ([]), file Creditcard.csv:451 data 4532-9929-3036-9323
    regex_detector_test.go:84: Expected label CreditCard, got  ([]), file Creditcard.csv:452 data 5495-8602-4508-6819
    regex_detector_test.go:84: Expected label CreditCard, got  ([]), file Creditcard.csv:453 data 5325-3256-9519-6639
    regex_detector_test.go:84: Expected label CreditCard, got  ([]), file Creditcard.csv:454 data 4532-0065-1968-5617
    regex_detector_test.go:84: Expected label CreditCard, got  ([]), file Creditcard.csv:455 data 4716-6984-4983-6175
    regex_detector_test.go:84: Expected label CreditCard, got  ([]), file Creditcard.csv:456 data 4539-8219-0484-7613
    regex_detector_test.go:84: Expected label CreditCard, got  ([]), file Creditcard.csv:457 data 4532-1753-6071-1127
    regex_detector_test.go:84: Expected label CreditCard, got  ([]), file Creditcard.csv:458 data 5270-4267-6450-5531
    regex_detector_test.go:84: Expected label CreditCard, got  ([]), file Creditcard.csv:459 data 5252-5971-4219-4131
    regex_detector_test.go:84: Expected label CreditCard, got  ([]), file Creditcard.csv:461 data 5370-4638-8881-3036
    regex_detector_test.go:84: Expected label CreditCard, got  ([]), file Creditcard.csv:462 data 4916-4811-5814-8127
    regex_detector_test.go:84: Expected label CreditCard, got  ([]), file Creditcard.csv:463 data 4916-4034-9269-8799
    regex_detector_test.go:84: Expected label CreditCard, got  ([]), file Creditcard.csv:464 data 5299-1561-5689-1954
    regex_detector_test.go:84: Expected label CreditCard, got AdharcardNumber ([{AdharcardNumber 0.8}]), file Creditcard.csv:468 data 4916-9766-5240-6163
    regex_detector_test.go:84: Expected label CreditCard, got AdharcardNumber ([{AdharcardNumber 0.8}]), file Creditcard.csv:475 data 5527-1247-5046-7796
    regex_detector_test.go:84: Expected label CreditCard, got  ([]), file Creditcard.csv:477 data 5180-3807-3679-8237
    regex_detector_test.go:84: Expected label CreditCard, got  ([]), file Creditcard.csv:478 data 5413-4428-0145-0052
    regex_detector_test.go:84: Expected label CreditCard, got  ([]), file Creditcard.csv:482 data 4532-0065-1968-5618
    regex_detector_test.go:84: Expected label CreditCard, got  ([]), file Creditcard.csv:483 data 4716-6984-4983-6176
    regex_detector_test.go:84: Expected label CreditCard, got  ([]), file Creditcard.csv:485 data 4532-1753-6071-1128
    regex_detector_test.go:84: Expected label CreditCard, got  ([]), file Creditcard.csv:488 data 4929-3813-3266-4312
    regex_detector_test.go:84: Expected label CreditCard, got  ([]), file Creditcard.csv:489 data 5370-4638-8881-3037
    regex_detector_test.go:84: Expected label CreditCard, got  ([]), file Creditcard.csv:490 data 4916-4811-5814-8128
    regex_detector_test.go:84: Expected label CreditCard, got  ([]), file Creditcard.csv:491 data 4916-4034-9269-8800
    regex_detector_test.go:84: Expected label CreditCard, got  ([]), file Creditcard.csv:492 data 5299-1561-5689-1955
    regex_detector_test.go:84: Expected label CreditCard, got AdharcardNumber ([{AdharcardNumber 0.8}]), file Creditcard.csv:493 data 5293-8502-0071-3075
    regex_detector_test.go:84: Expected label CreditCard, got AdharcardNumber ([{AdharcardNumber 0.8}]), file Creditcard.csv:494 data 5548-0246-6336-5681
    regex_detector_test.go:84: Expected label CreditCard, got  ([]), file Creditcard.csv:495 data 4539-5385-7425-5842
    regex_detector_test.go:84: Expected label CreditCard, got AdharcardNumber ([{AdharcardNumber 0.8}]), file Creditcard.csv:496 data 4916-9766-5240-6164
    regex_detector_test.go:84: Expected label CreditCard, got  ([]), file Creditcard.csv:497 data 4556-0072-1294-7432
    regex_detector_test.go:84: Expected label CreditCard, got  ([]), file Creditcard.csv:498 data 4532-4220-6922-9926
    regex_detector_test.go:84: Expected label CreditCard, got  ([]), file Creditcard.csv:499 data 4916-6734-7572-5032
    regex_detector_test.go:84: Expected label CreditCard, got  ([]), file Creditcard.csv:500 data 5218-0144-2703-9283
    regex_detector_test.go:84: Expected label CreditCard, got AdharcardNumber ([{AdharcardNumber 0.8}]), file Creditcard.csv:501 data 5399-0706-4128-0195
    regex_detector_test.go:84: Expected label CreditCard, got  ([]), file Creditcard.csv:502 data 5144-8691-2776-1125
    regex_detector_test.go:84: Expected label CreditCard, got AdharcardNumber ([{AdharcardNumber 0.8}]), file Creditcard.csv:503 data 5527-1247-5046-7797
    regex_detector_test.go:84: Expected label CreditCard, got  ([]), file Creditcard.csv:504 data 4539-0031-3703-0745
    regex_detector_test.go:84: Expected label CreditCard, got  ([]), file Creditcard.csv:505 data 5180-3807-3679-8238
    regex_detector_test.go:84: Expected label CreditCard, got  ([]), file Creditcard.csv:506 data 5413-4428-0145-0053
    regex_detector_test.go:84: Expected label CreditCard, got  ([]), file Creditcard.csv:507 data 4532-9929-3036-9325
    regex_detector_test.go:84: Expected label CreditCard, got  ([]), file Creditcard.csv:508 data 5495-8602-4508-6821
    regex_detector_test.go:84: Expected label CreditCard, got  ([]), file Creditcard.csv:509 data 5325-3256-9519-6641
    regex_detector_test.go:84: Expected label CreditCard, got  ([]), file Creditcard.csv:510 data 4532-0065-1968-5619
    regex_detector_test.go:84: Expected label CreditCard, got  ([]), file Creditcard.csv:511 data 4716-6984-4983-6177
    regex_detector_test.go:84: Expected label CreditCard, got  ([]), file Creditcard.csv:512 data 4539-8219-0484-7615
    regex_detector_test.go:84: Expected label CreditCard, got  ([]), file Creditcard.csv:513 data 4532-1753-6071-1129
    regex_detector_test.go:84: Expected label CreditCard, got  ([]), file Creditcard.csv:514 data 5270-4267-6450-5533
    regex_detector_test.go:84: Expected label CreditCard, got  ([]), file Creditcard.csv:515 data 5252-5971-4219-4133
    regex_detector_test.go:84: Expected label CreditCard, got  ([]), file Creditcard.csv:516 data 4929-3813-3266-4313
    regex_detector_test.go:84: Expected label CreditCard, got  ([]), file Creditcard.csv:519 data 4916-4034-9269-8801
    regex_detector_test.go:84: Expected label CreditCard, got  ([]), file Creditcard.csv:520 data 5299-1561-5689-1956
    regex_detector_test.go:84: Expected label CreditCard, got AdharcardNumber ([{AdharcardNumber 0.8}]), file Creditcard.csv:521 data 5293-8502-0071-3076
    regex_detector_test.go:84: Expected label CreditCard, got AdharcardNumber ([{AdharcardNumber 0.8}]), file Creditcard.csv:522 data 5548-0246-6336-5682
    regex_detector_test.go:84: Expected label CreditCard, got  ([]), file Creditcard.csv:523 data 4539-5385-7425-5843
    regex_detector_test.go:84: Expected label CreditCard, got AdharcardNumber ([{AdharcardNumber 0.8}]), file Creditcard.csv:524 data 4916-9766-5240-6165
    regex_detector_test.go:84: Expected label CreditCard, got  ([]), file Creditcard.csv:525 data 4556-0072-1294-7433
    regex_detector_test.go:84: Expected label CreditCard, got  ([]), file Creditcard.csv:526 data 4532-4220-6922-9927
    regex_detector_test.go:84: Expected label CreditCard, got  ([]), file Creditcard.csv:527 data 4916-6734-7572-5033
    regex_detector_test.go:84: Expected label CreditCard, got  ([]), file Creditcard.csv:528 data 5218-0144-2703-9284
    regex_detector_test.go:84: Expected label CreditCard, got AdharcardNumber ([{AdharcardNumber 0.8}]), file Creditcard.csv:529 data 5399-0706-4128-0196
    regex_detector_test.go:84: Expected label CreditCard, got  ([]), file Creditcard.csv:530 data 5144-8691-2776-1126
    regex_detector_test.go:84: Expected label CreditCard, got  ([]), file Creditcard.csv:532 data 4539-0031-3703-0746
    regex_detector_test.go:84: Expected label CreditCard, got  ([]), file Creditcard.csv:534 data 5413-4428-0145-0054
    regex_detector_test.go:84: Expected label CreditCard, got  ([]), file Creditcard.csv:535 data 4532-9929-3036-9326
    regex_detector_test.go:84: Expected label CreditCard, got  ([]), file Creditcard.csv:536 data 5495-8602-4508-6822
    regex_detector_test.go:84: Expected label CreditCard, got  ([]), file Creditcard.csv:537 data 5325-3256-9519-6642
    regex_detector_test.go:84: Expected label CreditCard, got  ([]), file Creditcard.csv:538 data 4532-0065-1968-5620
    regex_detector_test.go:84: Expected label CreditCard, got  ([]), file Creditcard.csv:540 data 4539-8219-0484-7616
    regex_detector_test.go:84: Expected label CreditCard, got  ([]), file Creditcard.csv:541 data 4532-1753-6071-1130
    regex_detector_test.go:84: Expected label CreditCard, got  ([]), file Creditcard.csv:542 data 5270-4267-6450-5534
    regex_detector_test.go:84: Expected label CreditCard, got  ([]), file Creditcard.csv:543 data 5252-5971-4219-4134
    regex_detector_test.go:84: Expected label CreditCard, got  ([]), file Creditcard.csv:544 data 4929-3813-3266-4314
    regex_detector_test.go:84: Expected label CreditCard, got  ([]), file Creditcard.csv:545 data 5370-4638-8881-3039
    regex_detector_test.go:84: Expected label CreditCard, got  ([]), file Creditcard.csv:546 data 4916-4811-5814-8130
    regex_detector_test.go:84: Expected label CreditCard, got  ([]), file Creditcard.csv:547 data 4916-4034-9269-8802
    regex_detector_test.go:84: Expected label CreditCard, got  ([]), file Creditcard.csv:548 data 5299-1561-5689-1957
    regex_detector_test.go:84: Expected label CreditCard, got AdharcardNumber ([{AdharcardNumber 0.8}]), file Creditcard.csv:549 data 5293-8502-0071-3077
    regex_detector_test.go:84: Expected label CreditCard, got AdharcardNumber ([{AdharcardNumber 0.8}]), file Creditcard.csv:550 data 5548-0246-6336-5683
    regex_detector_test.go:84: Expected label CreditCard, got  ([]), file Creditcard.csv:551 data 4539-5385-7425-5844
    regex_detector_test.go:84: Expected label CreditCard, got AdharcardNumber ([{AdharcardNumber 0.8}]), file Creditcard.csv:552 data 4916-9766-5240-6166
    regex_detector_test.go:84: Expected label CreditCard, got  ([]), file Creditcard.csv:553 data 4556-0072-1294-7434
    regex_detector_test.go:84: Expected label CreditCard, got  ([]), file Creditcard.csv:554 data 4532-4220-6922-9928
    regex_detector_test.go:84: Expected label CreditCard, got  ([]), file Creditcard.csv:555 data 4916-6734-7572-5034
    regex_detector_test.go:84: Expected label CreditCard, got  ([]), file Creditcard.csv:556 data 5218-0144-2703-9285
    regex_detector_test.go:84: Expected label CreditCard, got AdharcardNumber ([{AdharcardNumber 0.8}]), file Creditcard.csv:557 data 5399-0706-4128-0197
    regex_detector_test.go:84: Expected label CreditCard, got  ([]), file Creditcard.csv:558 data 5144-8691-2776-1127
    regex_detector_test.go:84: Expected label CreditCard, got AdharcardNumber ([{AdharcardNumber 0.8}]), file Creditcard.csv:559 data 5527-1247-5046-7799
    regex_detector_test.go:84: Expected label CreditCard, got  ([]), file Creditcard.csv:560 data 4539-0031-3703-0747
    regex_detector_test.go:84: Expected label CreditCard, got  ([]), file Creditcard.csv:561 data 5180-3807-3679-8240
    regex_detector_test.go:84: Expected label CreditCard, got  ([]), file Creditcard.csv:562 data 5413-4428-0145-0055
    regex_detector_test.go:84: Expected label CreditCard, got  ([]), file Creditcard.csv:563 data 4532-9929-3036-9327
    regex_detector_test.go:84: Expected label CreditCard, got  ([]), file Creditcard.csv:564 data 5495-8602-4508-6823
    regex_detector_test.go:84: Expected label CreditCard, got  ([]), file Creditcard.csv:565 data 5325-3256-9519-6643
    regex_detector_test.go:84: Expected label CreditCard, got  ([]), file Creditcard.csv:566 data 4532-0065-1968-5621
    regex_detector_test.go:84: Expected label CreditCard, got  ([]), file Creditcard.csv:567 data 4716-6984-4983-6179
    regex_detector_test.go:84: Expected label CreditCard, got  ([]), file Creditcard.csv:568 data 4539-8219-0484-7617
    regex_detector_test.go:84: Expected label CreditCard, got  ([]), file Creditcard.csv:569 data 4532-1753-6071-1131
    regex_detector_test.go:84: Expected label CreditCard, got  ([]), file Creditcard.csv:570 data 5270-4267-6450-5535
    regex_detector_test.go:84: Expected label CreditCard, got  ([]), file Creditcard.csv:571 data 5252-5971-4219-4135
    regex_detector_test.go:84: Expected label CreditCard, got  ([]), file Creditcard.csv:572 data 4929-3813-3266-4315
    regex_detector_test.go:84: Expected label CreditCard, got  ([]), file Creditcard.csv:573 data 5370-4638-8881-3040
    regex_detector_test.go:84: Expected label CreditCard, got  ([]), file Creditcard.csv:574 data 4916-4811-5814-8131
    regex_detector_test.go:84: Expected label CreditCard, got  ([]), file Creditcard.csv:575 data 4916-4034-9269-8803
    regex_detector_test.go:84: Expected label CreditCard, got  ([]), file Creditcard.csv:576 data 5299-1561-5689-1958
    regex_detector_test.go:84: Expected label CreditCard, got AdharcardNumber ([{AdharcardNumber 0.8}]), file Creditcard.csv:577 data 5293-8502-0071-3078
    regex_detector_test.go:84: Expected label CreditCard, got AdharcardNumber ([{AdharcardNumber 0.8}]), file Creditcard.csv:578 data 5548-0246-6336-5684
    regex_detector_test.go:84: Expected label CreditCard, got  ([]), file Creditcard.csv:579 data 4539-5385-7425-5845
    regex_detector_test.go:84: Expected label CreditCard, got AdharcardNumber ([{AdharcardNumber 0.8}]), file Creditcard.csv:580 data 4916-9766-5240-6167
    regex_detector_test.go:84: Expected label CreditCard, got  ([]), file Creditcard.csv:581 data 4556-0072-1294-7435
    regex_detector_test.go:84: Expected label CreditCard, got  ([]), file Creditcard.csv:582 data 4532-4220-6922-9929
    regex_detector_test.go:84: Expected label CreditCard, got  ([]), file Creditcard.csv:583 data 4916-6734-7572-5035
    regex_detector_test.go:84: Expected label CreditCard, got  ([]), file Creditcard.csv:584 data 5218-0144-2703-9286
    regex_detector_test.go:84: Expected label CreditCard, got AdharcardNumber ([{AdharcardNumber 0.8}]), file Creditcard.csv:585 data 5399-0706-4128-0198
    regex_detector_test.go:84: Expected label CreditCard, got  ([]), file Creditcard.csv:586 data 5144-8691-2776-1128
    regex_detector_test.go:84: Expected label CreditCard, got AdharcardNumber ([{AdharcardNumber 0.8}]), file Creditcard.csv:587 data 5527-1247-5046-7800
    regex_detector_test.go:84: Expected label CreditCard, got  ([]), file Creditcard.csv:588 data 4539-0031-3703-0748
    regex_detector_test.go:84: Expected label CreditCard, got  ([]), file Creditcard.csv:589 data 5180-3807-3679-8241
    regex_detector_test.go:84: Expected label CreditCard, got  ([]), file Creditcard.csv:590 data 5413-4428-0145-0056
    regex_detector_test.go:84: Expected label CreditCard, got  ([]), file Creditcard.csv:591 data 4532-9929-3036-9328
    regex_detector_test.go:84: Expected label CreditCard, got  ([]), file Creditcard.csv:592 data 5495-8602-4508-6824
    regex_detector_test.go:84: Expected label CreditCard, got  ([]), file Creditcard.csv:593 data 5325-3256-9519-6644
    regex_detector_test.go:84: Expected label CreditCard, got  ([]), file Creditcard.csv:594 data 4532-0065-1968-5622
    regex_detector_test.go:84: Expected label CreditCard, got  ([]), file Creditcard.csv:595 data 4716-6984-4983-6180
    regex_detector_test.go:84: Expected label CreditCard, got  ([]), file Creditcard.csv:596 data 4539-8219-0484-7618
    regex_detector_test.go:84: Expected label CreditCard, got  ([]), file Creditcard.csv:597 data 4532-1753-6071-1132
    regex_detector_test.go:84: Expected label CreditCard, got  ([]), file Creditcard.csv:598 data 5270-4267-6450-5536
    regex_detector_test.go:84: Expected label CreditCard, got  ([]), file Creditcard.csv:599 data 5252-5971-4219-4136
    regex_detector_test.go:84: Expected label CreditCard, got  ([]), file Creditcard.csv:600 data 4929-3813-3266-4316
    regex_detector_test.go:84: Expected label CreditCard, got  ([]), file Creditcard.csv:601 data 5370-4638-8881-3041
    regex_detector_test.go:84: Expected label CreditCard, got  ([]), file Creditcard.csv:602 data 4916-4811-5814-8132
    regex_detector_test.go:84: Expected label CreditCard, got  ([]), file Creditcard.csv:603 data 4916-4034-9269-8804
    regex_detector_test.go:84: Expected label CreditCard, got  ([]), file Creditcard.csv:604 data 5299-1561-5689-1959
    regex_detector_test.go:84: Expected label CreditCard, got AdharcardNumber ([{AdharcardNumber 0.8}]), file Creditcard.csv:605 data 5293-8502-0071-3079
    regex_detector_test.go:84: Expected label CreditCard, got AdharcardNumber ([{AdharcardNumber 0.8}]), file Creditcard.csv:606 data 5548-0246-6336-5685
    regex_detector_test.go:84: Expected label CreditCard, got  ([]), file Creditcard.csv:607 data 4539-5385-7425-5846
    regex_detector_test.go:84: Expected label CreditCard, got AdharcardNumber ([{AdharcardNumber 0.8}]), file Creditcard.csv:608 data 4916-9766-5240-6168
    regex_detector_test.go:84: Expected label CreditCard, got  ([]), file Creditcard.csv:609 data 4556-0072-1294-7436
    regex_detector_test.go:84: Expected label CreditCard, got  ([]), file Creditcard.csv:610 data 4532-4220-6922-9930
    regex_detector_test.go:84: Expected label CreditCard, got  ([]), file Creditcard.csv:611 data 4916-6734-7572-5036
    regex_detector_test.go:84: Expected label CreditCard, got  ([]), file Creditcard.csv:612 data 5218-0144-2703-9287
    regex_detector_test.go:84: Expected label CreditCard, got AdharcardNumber ([{AdharcardNumber 0.8}]), file Creditcard.csv:613 data 5399-0706-4128-0199
    regex_detector_test.go:84: Expected label CreditCard, got  ([]), file Creditcard.csv:614 data 5144-8691-2776-1129
    regex_detector_test.go:84: Expected label CreditCard, got AdharcardNumber ([{AdharcardNumber 0.8}]), file Creditcard.csv:615 data 5527-1247-5046-7801
    regex_detector_test.go:84: Expected label CreditCard, got  ([]), file Creditcard.csv:616 data 4539-0031-3703-0749
    regex_detector_test.go:84: Expected label CreditCard, got  ([]), file Creditcard.csv:617 data 5180-3807-3679-8242
    regex_detector_test.go:84: Expected label CreditCard, got  ([]), file Creditcard.csv:618 data 5413-4428-0145-0057
    regex_detector_test.go:84: Expected label CreditCard, got  ([]), file Creditcard.csv:619 data 4532-9929-3036-9329
    regex_detector_test.go:84: Expected label CreditCard, got  ([]), file Creditcard.csv:620 data 5495-8602-4508-6825
    regex_detector_test.go:84: Expected label CreditCard, got  ([]), file Creditcard.csv:621 data 5325-3256-9519-6645
    regex_detector_test.go:84: Expected label CreditCard, got  ([]), file Creditcard.csv:622 data 4532-0065-1968-5623
    regex_detector_test.go:84: Expected label CreditCard, got  ([]), file Creditcard.csv:623 data 4716-6984-4983-6181
    regex_detector_test.go:84: Expected label CreditCard, got  ([]), file Creditcard.csv:624 data 4539-8219-0484-7619
    regex_detector_test.go:84: Expected label CreditCard, got  ([]), file Creditcard.csv:625 data 4532-1753-6071-1133
    regex_detector_test.go:84: Expected label CreditCard, got  ([]), file Creditcard.csv:626 data 5270-4267-6450-5537
    regex_detector_test.go:84: Expected label CreditCard, got  ([]), file Creditcard.csv:627 data 5252-5971-4219-4137
    regex_detector_test.go:84: Expected label CreditCard, got  ([]), file Creditcard.csv:628 data 4929-3813-3266-4317
    regex_detector_test.go:84: Expected label CreditCard, got  ([]), file Creditcard.csv:629 data 5370-4638-8881-3042
    regex_detector_test.go:84: Expected label CreditCard, got  ([]), file Creditcard.csv:630 data 4916-4811-5814-8133
    regex_detector_test.go:84: Expected label CreditCard, got  ([]), file Creditcard.csv:631 data 4916-4034-9269-8805
    regex_detector_test.go:84: Expected label CreditCard, got  ([]), file Creditcard.csv:632 data 5299-1561-5689-1960
    regex_detector_test.go:84: Expected label CreditCard, got AdharcardNumber ([{AdharcardNumber 0.8}]), file Creditcard.csv:633 data 5293-8502-0071-3080
    regex_detector_test.go:84: Expected label CreditCard, got AdharcardNumber ([{AdharcardNumber 0.8}]), file Creditcard.csv:634 data 5548-0246-6336-5686
    regex_detector_test.go:84: Expected label CreditCard, got  ([]), file Creditcard.csv:635 data 4539-5385-7425-5847
    regex_detector_test.go:84: Expected label CreditCard, got AdharcardNumber ([{AdharcardNumber 0.8}]), file Creditcard.csv:636 data 4916-9766-5240-6169
    regex_detector_test.go:84: Expected label CreditCard, got  ([]), file Creditcard.csv:637 data 4556-0072-1294-7437
    regex_detector_test.go:84: Expected label CreditCard, got  ([]), file Creditcard.csv:638 data 4532-4220-6922-9931
    regex_detector_test.go:84: Expected label CreditCard, got  ([]), file Creditcard.csv:639 data 4916-6734-7572-5037
    regex_detector_test.go:84: Expected label CreditCard, got  ([]), file Creditcard.csv:640 data 5218-0144-2703-9288
    regex_detector_test.go:84: Expected label CreditCard, got AdharcardNumber ([{AdharcardNumber 0.8}]), file Creditcard.csv:641 data 5399-0706-4128-0200
    regex_detector_test.go:84: Expected label CreditCard, got  ([]), file Creditcard.csv:642 data 5144-8691-2776-1130
    regex_detector_test.go:84: Expected label CreditCard, got AdharcardNumber ([{AdharcardNumber 0.8}]), file Creditcard.csv:643 data 5527-1247-5046-7802
    regex_detector_test.go:84: Expected label CreditCard, got  ([]), file Creditcard.csv:644 data 4539-0031-3703-0750
    regex_detector_test.go:84: Expected label CreditCard, got  ([]), file Creditcard.csv:645 data 5180-3807-3679-8243
    regex_detector_test.go:84: Expected label CreditCard, got  ([]), file Creditcard.csv:646 data 5413-4428-0145-0058
    regex_detector_test.go:84: Expected label CreditCard, got  ([]), file Creditcard.csv:647 data 4532-9929-3036-9330
    regex_detector_test.go:84: Expected label CreditCard, got  ([]), file Creditcard.csv:648 data 5495-8602-4508-6826
    regex_detector_test.go:84: Expected label CreditCard, got  ([]), file Creditcard.csv:649 data 5325-3256-9519-6646
    regex_detector_test.go:84: Expected label CreditCard, got  ([]), file Creditcard.csv:650 data 4532-0065-1968-5624
    regex_detector_test.go:84: Expected label CreditCard, got  ([]), file Creditcard.csv:651 data 4716-6984-4983-6182
    regex_detector_test.go:84: Expected label CreditCard, got  ([]), file Creditcard.csv:652 data 4539-8219-0484-7620
    regex_detector_test.go:84: Expected label CreditCard, got  ([]), file Creditcard.csv:653 data 4532-1753-6071-1134
    regex_detector_test.go:84: Expected label CreditCard, got  ([]), file Creditcard.csv:654 data 5270-4267-6450-5538
    regex_detector_test.go:84: Expected label CreditCard, got  ([]), file Creditcard.csv:655 data 5252-5971-4219-4138
    regex_detector_test.go:84: Expected label CreditCard, got  ([]), file Creditcard.csv:656 data 4929-3813-3266-4318
    regex_detector_test.go:84: Expected label CreditCard, got  ([]), file Creditcard.csv:657 data 5370-4638-8881-3043
    regex_detector_test.go:84: Expected label CreditCard, got  ([]), file Creditcard.csv:658 data 4916-4811-5814-8134
    regex_detector_test.go:84: Expected label CreditCard, got  ([]), file Creditcard.csv:659 data 4916-4034-9269-8806
    regex_detector_test.go:84: Expected label CreditCard, got AdharcardNumber ([{AdharcardNumber 0.8}]), file Creditcard.csv:661 data 5293-8502-0071-3081
    regex_detector_test.go:84: Expected label CreditCard, got AdharcardNumber ([{AdharcardNumber 0.8}]), file Creditcard.csv:662 data 5548-0246-6336-5687
    regex_detector_test.go:84: Expected label CreditCard, got  ([]), file Creditcard.csv:663 data 4539-5385-7425-5848
    regex_detector_test.go:84: Expected label CreditCard, got  ([]), file Creditcard.csv:665 data 4556-0072-1294-7438
    regex_detector_test.go:84: Expected label CreditCard, got  ([]), file Creditcard.csv:666 data 4532-4220-6922-9932
    regex_detector_test.go:84: Expected label CreditCard, got  ([]), file Creditcard.csv:667 data 4916-6734-7572-5038
    regex_detector_test.go:84: Expected label CreditCard, got  ([]), file Creditcard.csv:668 data 5218-0144-2703-9289
    regex_detector_test.go:84: Expected label CreditCard, got AdharcardNumber ([{AdharcardNumber 0.8}]), file Creditcard.csv:669 data 5399-0706-4128-0201
    regex_detector_test.go:84: Expected label CreditCard, got  ([]), file Creditcard.csv:670 data 5144-8691-2776-1131
    regex_detector_test.go:84: Expected label CreditCard, got AdharcardNumber ([{AdharcardNumber 0.8}]), file Creditcard.csv:671 data 5527-1247-5046-7803
    regex_detector_test.go:84: Expected label CreditCard, got  ([]), file Creditcard.csv:673 data 5180-3807-3679-8244
    regex_detector_test.go:84: Expected label CreditCard, got  ([]), file Creditcard.csv:674 data 5413-4428-0145-0059
    regex_detector_test.go:84: Expected label CreditCard, got  ([]), file Creditcard.csv:675 data 4532-9929-3036-9331
    regex_detector_test.go:84: Expected label CreditCard, got  ([]), file Creditcard.csv:676 data 5495-8602-4508-6827
    regex_detector_test.go:84: Expected label CreditCard, got  ([]), file Creditcard.csv:677 data 5325-3256-9519-6647
    regex_detector_test.go:84: Expected label CreditCard, got  ([]), file Creditcard.csv:678 data 4532-0065-1968-5625
    regex_detector_test.go:84: Expected label CreditCard, got  ([]), file Creditcard.csv:679 data 4716-6984-4983-6183
    regex_detector_test.go:84: Expected label CreditCard, got  ([]), file Creditcard.csv:680 data 4539-8219-0484-7621
    regex_detector_test.go:84: Expected label CreditCard, got  ([]), file Creditcard.csv:681 data 4532-1753-6071-1135
    regex_detector_test.go:84: Expected label CreditCard, got  ([]), file Creditcard.csv:682 data 5270-4267-6450-5539
    regex_detector_test.go:84: Expected label CreditCard, got  ([]), file Creditcard.csv:683 data 5252-5971-4219-4139
    regex_detector_test.go:84: Expected label CreditCard, got  ([]), file Creditcard.csv:684 data 4929-3813-3266-4319
    regex_detector_test.go:84: Expected label CreditCard, got  ([]), file Creditcard.csv:685 data 5370-4638-8881-3044
    regex_detector_test.go:84: Expected label CreditCard, got  ([]), file Creditcard.csv:686 data 4916-4811-5814-8135
    regex_detector_test.go:84: Expected label CreditCard, got  ([]), file Creditcard.csv:687 data 4916-4034-9269-8807
    regex_detector_test.go:84: Expected label CreditCard, got  ([]), file Creditcard.csv:688 data 5299-1561-5689-1962
    regex_detector_test.go:84: Expected label CreditCard, got AdharcardNumber ([{AdharcardNumber 0.8}]), file Creditcard.csv:690 data 5548-0246-6336-5688
    regex_detector_test.go:84: Expected label CreditCard, got  ([]), file Creditcard.csv:691 data 4539-5385-7425-5849
    regex_detector_test.go:84: Expected label CreditCard, got AdharcardNumber ([{AdharcardNumber 0.8}]), file Creditcard.csv:692 data 4916-9766-5240-6171
    regex_detector_test.go:84: Expected label CreditCard, got  ([]), file Creditcard.csv:693 data 4556-0072-1294-7439
    regex_detector_test.go:84: Expected label CreditCard, got  ([]), file Creditcard.csv:695 data 4916-6734-7572-5039
    regex_detector_test.go:84: Expected label CreditCard, got AdharcardNumber ([{AdharcardNumber 0.8}]), file Creditcard.csv:699 data 5527-1247-5046-7804
    regex_detector_test.go:84: Expected label CreditCard, got  ([]), file Creditcard.csv:700 data 4539-0031-3703-0752
    regex_detector_test.go:84: Expected label CreditCard, got  ([]), file Creditcard.csv:701 data 5180-3807-3679-8245
    regex_detector_test.go:84: Expected label CreditCard, got  ([]), file Creditcard.csv:702 data 5413-4428-0145-0060
    regex_detector_test.go:84: Expected label CreditCard, got  ([]), file Creditcard.csv:704 data 5495-8602-4508-6828
    regex_detector_test.go:84: Expected label CreditCard, got  ([]), file Creditcard.csv:705 data 5325-3256-9519-6648
    regex_detector_test.go:84: Expected label CreditCard, got  ([]), file Creditcard.csv:706 data 4532-0065-1968-5626
    regex_detector_test.go:84: Expected label CreditCard, got  ([]), file Creditcard.csv:707 data 4716-6984-4983-6184
    regex_detector_test.go:84: Expected label CreditCard, got  ([]), file Creditcard.csv:709 data 4532-1753-6071-1136
    regex_detector_test.go:84: Expected label CreditCard, got  ([]), file Creditcard.csv:712 data 4929-3813-3266-4320
    regex_detector_test.go:84: Expected label CreditCard, got  ([]), file Creditcard.csv:713 data 5370-4638-8881-3045
    regex_detector_test.go:84: Expected label CreditCard, got  ([]), file Creditcard.csv:714 data 4916-4811-5814-8136
    regex_detector_test.go:84: Expected label CreditCard, got  ([]), file Creditcard.csv:715 data 4916-4034-9269-8808
    regex_detector_test.go:84: Expected label CreditCard, got  ([]), file Creditcard.csv:716 data 5299-1561-5689-1963
    regex_detector_test.go:84: Expected label CreditCard, got AdharcardNumber ([{AdharcardNumber 0.8}]), file Creditcard.csv:717 data 5293-8502-0071-3083
    regex_detector_test.go:84: Expected label CreditCard, got AdharcardNumber ([{AdharcardNumber 0.8}]), file Creditcard.csv:718 data 5548-0246-6336-5689
    regex_detector_test.go:84: Expected label CreditCard, got  ([]), file Creditcard.csv:719 data 4539-5385-7425-5850
    regex_detector_test.go:84: Expected label CreditCard, got AdharcardNumber ([{AdharcardNumber 0.8}]), file Creditcard.csv:720 data 4916-9766-5240-6172
    regex_detector_test.go:84: Expected label CreditCard, got  ([]), file Creditcard.csv:721 data 4556-0072-1294-7440
    regex_detector_test.go:84: Expected label CreditCard, got  ([]), file Creditcard.csv:722 data 4532-4220-6922-9934
    regex_detector_test.go:84: Expected label CreditCard, got  ([]), file Creditcard.csv:723 data 4916-6734-7572-5040
    regex_detector_test.go:84: Expected label CreditCard, got  ([]), file Creditcard.csv:724 data 5218-0144-2703-9291
    regex_detector_test.go:84: Expected label CreditCard, got AdharcardNumber ([{AdharcardNumber 0.8}]), file Creditcard.csv:725 data 5399-0706-4128-0203
    regex_detector_test.go:84: Expected label CreditCard, got  ([]), file Creditcard.csv:726 data 5144-8691-2776-1133
    regex_detector_test.go:84: Expected label CreditCard, got AdharcardNumber ([{AdharcardNumber 0.8}]), file Creditcard.csv:727 data 5527-1247-5046-7805
    regex_detector_test.go:84: Expected label CreditCard, got  ([]), file Creditcard.csv:728 data 4539-0031-3703-0753
    regex_detector_test.go:84: Expected label CreditCard, got  ([]), file Creditcard.csv:729 data 5180-3807-3679-8246
    regex_detector_test.go:84: Expected label CreditCard, got  ([]), file Creditcard.csv:730 data 5413-4428-0145-0061
    regex_detector_test.go:84: Expected label CreditCard, got  ([]), file Creditcard.csv:731 data 4532-9929-3036-9333
    regex_detector_test.go:84: Expected label CreditCard, got  ([]), file Creditcard.csv:732 data 5495-8602-4508-6829
    regex_detector_test.go:84: Expected label CreditCard, got  ([]), file Creditcard.csv:733 data 5325-3256-9519-6649
    regex_detector_test.go:84: Expected label CreditCard, got  ([]), file Creditcard.csv:734 data 4532-0065-1968-5627
    regex_detector_test.go:84: Expected label CreditCard, got  ([]), file Creditcard.csv:735 data 4716-6984-4983-6185
    regex_detector_test.go:84: Expected label CreditCard, got  ([]), file Creditcard.csv:736 data 4539-8219-0484-7623
    regex_detector_test.go:84: Expected label CreditCard, got  ([]), file Creditcard.csv:737 data 4532-1753-6071-1137
    regex_detector_test.go:84: Expected label CreditCard, got  ([]), file Creditcard.csv:738 data 5270-4267-6450-5541
    regex_detector_test.go:84: Expected label CreditCard, got  ([]), file Creditcard.csv:739 data 5252-5971-4219-4141
    regex_detector_test.go:84: Expected label CreditCard, got  ([]), file Creditcard.csv:740 data 4929-3813-3266-4321
    regex_detector_test.go:84: Expected label CreditCard, got  ([]), file Creditcard.csv:744 data 5299-1561-5689-1964
    regex_detector_test.go:84: Expected label CreditCard, got AdharcardNumber ([{AdharcardNumber 0.8}]), file Creditcard.csv:745 data 5293-8502-0071-3084
    regex_detector_test.go:84: Expected label CreditCard, got AdharcardNumber ([{AdharcardNumber 0.8}]), file Creditcard.csv:746 data 5548-0246-6336-5690
    regex_detector_test.go:84: Expected label CreditCard, got  ([]), file Creditcard.csv:747 data 4539-5385-7425-5851
    regex_detector_test.go:84: Expected label CreditCard, got AdharcardNumber ([{AdharcardNumber 0.8}]), file Creditcard.csv:748 data 4916-9766-5240-6173
    regex_detector_test.go:84: Expected label CreditCard, got  ([]), file Creditcard.csv:749 data 4556-0072-1294-7441
    regex_detector_test.go:84: Expected label CreditCard, got  ([]), file Creditcard.csv:750 data 4532-4220-6922-9935
    regex_detector_test.go:84: Expected label CreditCard, got  ([]), file Creditcard.csv:751 data 4916-6734-7572-5041
    regex_detector_test.go:84: Expected label CreditCard, got  ([]), file Creditcard.csv:752 data 5218-0144-2703-9292
    regex_detector_test.go:84: Expected label CreditCard, got AdharcardNumber ([{AdharcardNumber 0.8}]), file Creditcard.csv:753 data 5399-0706-4128-0204
    regex_detector_test.go:84: Expected label CreditCard, got  ([]), file Creditcard.csv:754 data 5144-8691-2776-1134
    regex_detector_test.go:84: Expected label CreditCard, got  ([]), file Creditcard.csv:756 data 4539-0031-3703-0754
    regex_detector_test.go:84: Expected label CreditCard, got  ([]), file Creditcard.csv:758 data 5413-4428-0145-0062
    regex_detector_test.go:84: Expected label CreditCard, got  ([]), file Creditcard.csv:759 data 4532-9929-3036-9334
    regex_detector_test.go:84: Expected label CreditCard, got  ([]), file Creditcard.csv:760 data 5495-8602-4508-6830
    regex_detector_test.go:84: Expected label CreditCard, got  ([]), file Creditcard.csv:761 data 5325-3256-9519-6650
    regex_detector_test.go:84: Expected label CreditCard, got  ([]), file Creditcard.csv:764 data 4539-8219-0484-7624
    regex_detector_test.go:84: Expected label CreditCard, got  ([]), file Creditcard.csv:766 data 5270-4267-6450-5542
    regex_detector_test.go:84: Expected label CreditCard, got  ([]), file Creditcard.csv:767 data 5252-5971-4219-4142
    regex_detector_test.go:84: Expected label CreditCard, got  ([]), file Creditcard.csv:768 data 4929-3813-3266-4322
    regex_detector_test.go:84: Expected label CreditCard, got  ([]), file Creditcard.csv:769 data 5370-4638-8881-3047
    regex_detector_test.go:84: Expected label CreditCard, got  ([]), file Creditcard.csv:770 data 4916-4811-5814-8138
    regex_detector_test.go:84: Expected label CreditCard, got  ([]), file Creditcard.csv:771 data 4916-4034-9269-8810
    regex_detector_test.go:84: Expected label CreditCard, got  ([]), file Creditcard.csv:772 data 5299-1561-5689-1965
    regex_detector_test.go:84: Expected label CreditCard, got AdharcardNumber ([{AdharcardNumber 0.8}]), file Creditcard.csv:773 data 5293-8502-0071-3085
    regex_detector_test.go:84: Expected label CreditCard, got AdharcardNumber ([{AdharcardNumber 0.8}]), file Creditcard.csv:774 data 5548-0246-6336-5691
    regex_detector_test.go:84: Expected label CreditCard, got  ([]), file Creditcard.csv:775 data 4539-5385-7425-5852
    regex_detector_test.go:84: Expected label CreditCard, got AdharcardNumber ([{AdharcardNumber 0.8}]), file Creditcard.csv:776 data 4916-9766-5240-6174
    regex_detector_test.go:84: Expected label CreditCard, got  ([]), file Creditcard.csv:777 data 4556-0072-1294-7442
    regex_detector_test.go:84: Expected label CreditCard, got  ([]), file Creditcard.csv:778 data 4532-4220-6922-9936
    regex_detector_test.go:84: Expected label CreditCard, got  ([]), file Creditcard.csv:779 data 4916-6734-7572-5042
    regex_detector_test.go:84: Expected label CreditCard, got  ([]), file Creditcard.csv:780 data 5218-0144-2703-9293
    regex_detector_test.go:84: Expected label CreditCard, got AdharcardNumber ([{AdharcardNumber 0.8}]), file Creditcard.csv:781 data 5399-0706-4128-0205
    regex_detector_test.go:84: Expected label CreditCard, got  ([]), file Creditcard.csv:782 data 5144-8691-2776-1135
    regex_detector_test.go:84: Expected label CreditCard, got AdharcardNumber ([{AdharcardNumber 0.8}]), file Creditcard.csv:783 data 5527-1247-5046-7807
    regex_detector_test.go:84: Expected label CreditCard, got  ([]), file Creditcard.csv:784 data 4539-0031-3703-0755
    regex_detector_test.go:84: Expected label CreditCard, got  ([]), file Creditcard.csv:785 data 5180-3807-3679-8248
    regex_detector_test.go:84: Expected label CreditCard, got  ([]), file Creditcard.csv:786 data 5413-4428-0145-0063
    regex_detector_test.go:84: Expected label CreditCard, got  ([]), file Creditcard.csv:787 data 4532-9929-3036-9335
    regex_detector_test.go:84: Expected label CreditCard, got  ([]), file Creditcard.csv:788 data 5495-8602-4508-6831
    regex_detector_test.go:84: Expected label CreditCard, got  ([]), file Creditcard.csv:789 data 5325-3256-9519-6651
    regex_detector_test.go:84: Expected label CreditCard, got  ([]), file Creditcard.csv:790 data 4532-0065-1968-5629
    regex_detector_test.go:84: Expected label CreditCard, got  ([]), file Creditcard.csv:791 data 4716-6984-4983-6187
    regex_detector_test.go:84: Expected label CreditCard, got  ([]), file Creditcard.csv:792 data 4539-8219-0484-7625
    regex_detector_test.go:84: Expected label CreditCard, got  ([]), file Creditcard.csv:793 data 4532-1753-6071-1139
    regex_detector_test.go:84: Expected label CreditCard, got  ([]), file Creditcard.csv:794 data 5270-4267-6450-5543
    regex_detector_test.go:84: Expected label CreditCard, got  ([]), file Creditcard.csv:795 data 5252-5971-4219-4143
    regex_detector_test.go:84: Expected label CreditCard, got  ([]), file Creditcard.csv:796 data 4929-3813-3266-4323
    regex_detector_test.go:84: Expected label CreditCard, got  ([]), file Creditcard.csv:797 data 5370-4638-8881-3048
    regex_detector_test.go:84: Expected label CreditCard, got  ([]), file Creditcard.csv:798 data 4916-4811-5814-8139
    regex_detector_test.go:84: Expected label CreditCard, got  ([]), file Creditcard.csv:799 data 4916-4034-9269-8811
    regex_detector_test.go:84: Expected label CreditCard, got  ([]), file Creditcard.csv:800 data 5299-1561-5689-1966
    regex_detector_test.go:84: Expected label CreditCard, got AdharcardNumber ([{AdharcardNumber 0.8}]), file Creditcard.csv:801 data 5293-8502-0071-3086
    regex_detector_test.go:84: Expected label CreditCard, got AdharcardNumber ([{AdharcardNumber 0.8}]), file Creditcard.csv:802 data 5548-0246-6336-5692
    regex_detector_test.go:84: Expected label CreditCard, got  ([]), file Creditcard.csv:803 data 4539-5385-7425-5853
    regex_detector_test.go:84: Expected label CreditCard, got AdharcardNumber ([{AdharcardNumber 0.8}]), file Creditcard.csv:804 data 4916-9766-5240-6175
    regex_detector_test.go:84: Expected label CreditCard, got  ([]), file Creditcard.csv:805 data 4556-0072-1294-7443
    regex_detector_test.go:84: Expected label CreditCard, got  ([]), file Creditcard.csv:806 data 4532-4220-6922-9937
    regex_detector_test.go:84: Expected label CreditCard, got  ([]), file Creditcard.csv:807 data 4916-6734-7572-5043
    regex_detector_test.go:84: Expected label CreditCard, got  ([]), file Creditcard.csv:808 data 5218-0144-2703-9294
    regex_detector_test.go:84: Expected label CreditCard, got AdharcardNumber ([{AdharcardNumber 0.8}]), file Creditcard.csv:809 data 5399-0706-4128-0206
    regex_detector_test.go:84: Expected label CreditCard, got  ([]), file Creditcard.csv:810 data 5144-8691-2776-1136
    regex_detector_test.go:84: Expected label CreditCard, got AdharcardNumber ([{AdharcardNumber 0.8}]), file Creditcard.csv:811 data 5527-1247-5046-7808
    regex_detector_test.go:84: Expected label CreditCard, got  ([]), file Creditcard.csv:812 data 4539-0031-3703-0756
    regex_detector_test.go:84: Expected label CreditCard, got  ([]), file Creditcard.csv:813 data 5180-3807-3679-8249
    regex_detector_test.go:84: Expected label CreditCard, got  ([]), file Creditcard.csv:814 data 5413-4428-0145-0064
    regex_detector_test.go:84: Expected label CreditCard, got  ([]), file Creditcard.csv:815 data 4532-9929-3036-9336
    regex_detector_test.go:84: Expected label CreditCard, got  ([]), file Creditcard.csv:816 data 5495-8602-4508-6832
    regex_detector_test.go:84: Expected label CreditCard, got  ([]), file Creditcard.csv:817 data 5325-3256-9519-6652
    regex_detector_test.go:84: Expected label CreditCard, got  ([]), file Creditcard.csv:818 data 4532-0065-1968-5630
    regex_detector_test.go:84: Expected label CreditCard, got  ([]), file Creditcard.csv:819 data 4716-6984-4983-6188
    regex_detector_test.go:84: Expected label CreditCard, got  ([]), file Creditcard.csv:820 data 4539-8219-0484-7626
    regex_detector_test.go:84: Expected label CreditCard, got  ([]), file Creditcard.csv:821 data 4532-1753-6071-1140
    regex_detector_test.go:84: Expected label CreditCard, got  ([]), file Creditcard.csv:822 data 5270-4267-6450-5544
    regex_detector_test.go:84: Expected label CreditCard, got  ([]), file Creditcard.csv:823 data 5252-5971-4219-4144
    regex_detector_test.go:84: Expected label CreditCard, got  ([]), file Creditcard.csv:824 data 4929-3813-3266-4324
    regex_detector_test.go:84: Expected label CreditCard, got  ([]), file Creditcard.csv:825 data 5370-4638-8881-3049
    regex_detector_test.go:84: Expected label CreditCard, got  ([]), file Creditcard.csv:826 data 4916-4811-5814-8140
    regex_detector_test.go:84: Expected label CreditCard, got  ([]), file Creditcard.csv:827 data 4916-4034-9269-8812
    regex_detector_test.go:84: Expected label CreditCard, got  ([]), file Creditcard.csv:828 data 5299-1561-5689-1967
    regex_detector_test.go:84: Expected label CreditCard, got AdharcardNumber ([{AdharcardNumber 0.8}]), file Creditcard.csv:829 data 5293-8502-0071-3087
    regex_detector_test.go:84: Expected label CreditCard, got AdharcardNumber ([{AdharcardNumber 0.8}]), file Creditcard.csv:830 data 5548-0246-6336-5693
    regex_detector_test.go:84: Expected label CreditCard, got  ([]), file Creditcard.csv:831 data 4539-5385-7425-5854
    regex_detector_test.go:84: Expected label CreditCard, got AdharcardNumber ([{AdharcardNumber 0.8}]), file Creditcard.csv:832 data 4916-9766-5240-6176
    regex_detector_test.go:84: Expected label CreditCard, got  ([]), file Creditcard.csv:833 data 4556-0072-1294-7444
    regex_detector_test.go:84: Expected label CreditCard, got  ([]), file Creditcard.csv:834 data 4532-4220-6922-9938
    regex_detector_test.go:84: Expected label CreditCard, got  ([]), file Creditcard.csv:835 data 4916-6734-7572-5044
    regex_detector_test.go:84: Expected label CreditCard, got  ([]), file Creditcard.csv:836 data 5218-0144-2703-9295
    regex_detector_test.go:84: Expected label CreditCard, got AdharcardNumber ([{AdharcardNumber 0.8}]), file Creditcard.csv:837 data 5399-0706-4128-0207
    regex_detector_test.go:84: Expected label CreditCard, got  ([]), file Creditcard.csv:838 data 5144-8691-2776-1137
    regex_detector_test.go:84: Expected label CreditCard, got AdharcardNumber ([{AdharcardNumber 0.8}]), file Creditcard.csv:839 data 5527-1247-5046-7809
    regex_detector_test.go:84: Expected label CreditCard, got  ([]), file Creditcard.csv:840 data 4539-0031-3703-0757
    regex_detector_test.go:84: Expected label CreditCard, got  ([]), file Creditcard.csv:841 data 5180-3807-3679-8250
    regex_detector_test.go:84: Expected label CreditCard, got  ([]), file Creditcard.csv:842 data 5413-4428-0145-0065
    regex_detector_test.go:84: Expected label CreditCard, got  ([]), file Creditcard.csv:843 data 4532-9929-3036-9337
    regex_detector_test.go:84: Expected label CreditCard, got  ([]), file Creditcard.csv:844 data 5495-8602-4508-6833
    regex_detector_test.go:84: Expected label CreditCard, got  ([]), file Creditcard.csv:845 data 5325-3256-9519-6653
    regex_detector_test.go:84: Expected label CreditCard, got  ([]), file Creditcard.csv:846 data 4532-0065-1968-5631
    regex_detector_test.go:84: Expected label CreditCard, got  ([]), file Creditcard.csv:847 data 4716-6984-4983-6189
    regex_detector_test.go:84: Expected label CreditCard, got  ([]), file Creditcard.csv:848 data 4539-8219-0484-7627
    regex_detector_test.go:84: Expected label CreditCard, got  ([]), file Creditcard.csv:849 data 4532-1753-6071-1141
    regex_detector_test.go:84: Expected label CreditCard, got  ([]), file Creditcard.csv:850 data 5270-4267-6450-5545
    regex_detector_test.go:84: Expected label CreditCard, got  ([]), file Creditcard.csv:851 data 5252-5971-4219-4145
    regex_detector_test.go:84: Expected label CreditCard, got  ([]), file Creditcard.csv:852 data 4929-3813-3266-4325
    regex_detector_test.go:84: Expected label CreditCard, got  ([]), file Creditcard.csv:853 data 5370-4638-8881-3050
    regex_detector_test.go:84: Expected label CreditCard, got  ([]), file Creditcard.csv:854 data 4916-4811-5814-8141
    regex_detector_test.go:84: Expected label CreditCard, got  ([]), file Creditcard.csv:855 data 4916-4034-9269-8813
    regex_detector_test.go:84: Expected label CreditCard, got  ([]), file Creditcard.csv:856 data 5299-1561-5689-1968
    regex_detector_test.go:84: Expected label CreditCard, got AdharcardNumber ([{AdharcardNumber 0.8}]), file Creditcard.csv:857 data 5293-8502-0071-3088
    regex_detector_test.go:84: Expected label CreditCard, got AdharcardNumber ([{AdharcardNumber 0.8}]), file Creditcard.csv:858 data 5548-0246-6336-5694
    regex_detector_test.go:84: Expected label CreditCard, got  ([]), file Creditcard.csv:859 data 4539-5385-7425-5855
    regex_detector_test.go:84: Expected label CreditCard, got AdharcardNumber ([{AdharcardNumber 0.8}]), file Creditcard.csv:860 data 4916-9766-5240-6177
    regex_detector_test.go:84: Expected label CreditCard, got  ([]), file Creditcard.csv:861 data 4556-0072-1294-7445
    regex_detector_test.go:84: Expected label CreditCard, got  ([]), file Creditcard.csv:862 data 4532-4220-6922-9939
    regex_detector_test.go:84: Expected label CreditCard, got  ([]), file Creditcard.csv:863 data 4916-6734-7572-5045
    regex_detector_test.go:84: Expected label CreditCard, got  ([]), file Creditcard.csv:864 data 5218-0144-2703-9296
    regex_detector_test.go:84: Expected label CreditCard, got AdharcardNumber ([{AdharcardNumber 0.8}]), file Creditcard.csv:865 data 5399-0706-4128-0208
    regex_detector_test.go:84: Expected label CreditCard, got  ([]), file Creditcard.csv:866 data 5144-8691-2776-1138
    regex_detector_test.go:84: Expected label CreditCard, got AdharcardNumber ([{AdharcardNumber 0.8}]), file Creditcard.csv:867 data 5527-1247-5046-7810
    regex_detector_test.go:84: Expected label CreditCard, got  ([]), file Creditcard.csv:868 data 4539-0031-3703-0758
    regex_detector_test.go:84: Expected label CreditCard, got  ([]), file Creditcard.csv:869 data 5180-3807-3679-8251
    regex_detector_test.go:84: Expected label CreditCard, got  ([]), file Creditcard.csv:870 data 5413-4428-0145-0066
    regex_detector_test.go:84: Expected label CreditCard, got  ([]), file Creditcard.csv:871 data 4532-9929-3036-9338
    regex_detector_test.go:84: Expected label CreditCard, got  ([]), file Creditcard.csv:872 data 5495-8602-4508-6834
    regex_detector_test.go:84: Expected label CreditCard, got  ([]), file Creditcard.csv:873 data 5325-3256-9519-6654
    regex_detector_test.go:84: Expected label CreditCard, got  ([]), file Creditcard.csv:874 data 4532-0065-1968-5632
    regex_detector_test.go:84: Expected label CreditCard, got  ([]), file Creditcard.csv:875 data 4716-6984-4983-6190
    regex_detector_test.go:84: Expected label CreditCard, got  ([]), file Creditcard.csv:876 data 4539-8219-0484-7628
    regex_detector_test.go:84: Expected label CreditCard, got  ([]), file Creditcard.csv:877 data 4532-1753-6071-1142
    regex_detector_test.go:84: Expected label CreditCard, got  ([]), file Creditcard.csv:878 data 5270-4267-6450-5546
    regex_detector_test.go:84: Expected label CreditCard, got  ([]), file Creditcard.csv:879 data 5252-5971-4219-4146
    regex_detector_test.go:84: Expected label CreditCard, got  ([]), file Creditcard.csv:880 data 4929-3813-3266-4326
    regex_detector_test.go:84: Expected label CreditCard, got  ([]), file Creditcard.csv:881 data 5370-4638-8881-3051
    regex_detector_test.go:84: Expected label CreditCard, got  ([]), file Creditcard.csv:882 data 4916-4811-5814-8142
    regex_detector_test.go:84: Expected label CreditCard, got  ([]), file Creditcard.csv:883 data 4916-4034-9269-8814
    regex_detector_test.go:84: Expected label CreditCard, got  ([]), file Creditcard.csv:884 data 5299-1561-5689-1969
    regex_detector_test.go:84: Expected label CreditCard, got AdharcardNumber ([{AdharcardNumber 0.8}]), file Creditcard.csv:885 data 5293-8502-0071-3089
    regex_detector_test.go:84: Expected label CreditCard, got AdharcardNumber ([{AdharcardNumber 0.8}]), file Creditcard.csv:886 data 5548-0246-6336-5695
    regex_detector_test.go:84: Expected label CreditCard, got  ([]), file Creditcard.csv:887 data 4539-5385-7425-5856
    regex_detector_test.go:84: Expected label CreditCard, got AdharcardNumber ([{AdharcardNumber 0.8}]), file Creditcard.csv:888 data 4916-9766-5240-6178
    regex_detector_test.go:84: Expected label CreditCard, got  ([]), file Creditcard.csv:889 data 4556-0072-1294-7446
    regex_detector_test.go:84: Expected label CreditCard, got  ([]), file Creditcard.csv:890 data 4532-4220-6922-9940
    regex_detector_test.go:84: Expected label CreditCard, got  ([]), file Creditcard.csv:891 data 4916-6734-7572-5046
    regex_detector_test.go:84: Expected label CreditCard, got  ([]), file Creditcard.csv:892 data 5218-0144-2703-9297
    regex_detector_test.go:84: Expected label CreditCard, got AdharcardNumber ([{AdharcardNumber 0.8}]), file Creditcard.csv:893 data 5399-0706-4128-0209
    regex_detector_test.go:84: Expected label CreditCard, got  ([]), file Creditcard.csv:894 data 5144-8691-2776-1139
    regex_detector_test.go:84: Expected label CreditCard, got AdharcardNumber ([{AdharcardNumber 0.8}]), file Creditcard.csv:895 data 5527-1247-5046-7811
    regex_detector_test.go:84: Expected label CreditCard, got  ([]), file Creditcard.csv:896 data 4539-0031-3703-0759
    regex_detector_test.go:84: Expected label CreditCard, got  ([]), file Creditcard.csv:897 data 5180-3807-3679-8252
    regex_detector_test.go:84: Expected label CreditCard, got  ([]), file Creditcard.csv:898 data 5413-4428-0145-0067
    regex_detector_test.go:84: Expected label CreditCard, got  ([]), file Creditcard.csv:899 data 4532-9929-3036-9339
    regex_detector_test.go:84: Expected label CreditCard, got  ([]), file Creditcard.csv:900 data 5495-8602-4508-6835
    regex_detector_test.go:84: Expected label CreditCard, got  ([]), file Creditcard.csv:901 data 5325-3256-9519-6655
    regex_detector_test.go:84: Expected label CreditCard, got  ([]), file Creditcard.csv:902 data 4532-0065-1968-5633
    regex_detector_test.go:84: Expected label CreditCard, got  ([]), file Creditcard.csv:903 data 4716-6984-4983-6191
    regex_detector_test.go:84: Expected label CreditCard, got  ([]), file Creditcard.csv:904 data 4539-8219-0484-7629
    regex_detector_test.go:84: Expected label CreditCard, got  ([]), file Creditcard.csv:905 data 4532-1753-6071-1143
    regex_detector_test.go:84: Expected label CreditCard, got  ([]), file Creditcard.csv:906 data 5270-4267-6450-5547
    regex_detector_test.go:84: Expected label CreditCard, got  ([]), file Creditcard.csv:907 data 5252-5971-4219-4147
    regex_detector_test.go:84: Expected label CreditCard, got  ([]), file Creditcard.csv:908 data 4929-3813-3266-4327
    regex_detector_test.go:84: Expected label CreditCard, got  ([]), file Creditcard.csv:909 data 5370-4638-8881-3052
    regex_detector_test.go:84: Expected label CreditCard, got  ([]), file Creditcard.csv:910 data 4916-4811-5814-8143
    regex_detector_test.go:84: Expected label CreditCard, got  ([]), file Creditcard.csv:911 data 4916-4034-9269-8815
    regex_detector_test.go:84: Expected label CreditCard, got  ([]), file Creditcard.csv:912 data 5299-1561-5689-1970
    regex_detector_test.go:84: Expected label CreditCard, got AdharcardNumber ([{AdharcardNumber 0.8}]), file Creditcard.csv:914 data 5548-0246-6336-5696
    regex_detector_test.go:84: Expected label CreditCard, got  ([]), file Creditcard.csv:915 data 4539-5385-7425-5857
    regex_detector_test.go:84: Expected label CreditCard, got AdharcardNumber ([{AdharcardNumber 0.8}]), file Creditcard.csv:916 data 4916-9766-5240-6179
    regex_detector_test.go:84: Expected label CreditCard, got  ([]), file Creditcard.csv:917 data 4556-0072-1294-7447
    regex_detector_test.go:84: Expected label CreditCard, got  ([]), file Creditcard.csv:919 data 4916-6734-7572-5047
    regex_detector_test.go:84: Expected label CreditCard, got  ([]), file Creditcard.csv:920 data 5218-0144-2703-9298
    regex_detector_test.go:84: Expected label CreditCard, got AdharcardNumber ([{AdharcardNumber 0.8}]), file Creditcard.csv:923 data 5527-1247-5046-7812
    regex_detector_test.go:84: Expected label CreditCard, got  ([]), file Creditcard.csv:924 data 4539-0031-3703-0760
    regex_detector_test.go:84: Expected label CreditCard, got  ([]), file Creditcard.csv:925 data 5180-3807-3679-8253
    regex_detector_test.go:84: Expected label CreditCard, got  ([]), file Creditcard.csv:926 data 5413-4428-0145-0068
    regex_detector_test.go:84: Expected label CreditCard, got  ([]), file Creditcard.csv:928 data 5495-8602-4508-6836
    regex_detector_test.go:84: Expected label CreditCard, got  ([]), file Creditcard.csv:929 data 5325-3256-9519-6656
    regex_detector_test.go:84: Expected label CreditCard, got  ([]), file Creditcard.csv:930 data 4532-0065-1968-5634
    regex_detector_test.go:84: Expected label CreditCard, got  ([]), file Creditcard.csv:931 data 4716-6984-4983-6192
    regex_detector_test.go:84: Expected label CreditCard, got  ([]), file Creditcard.csv:933 data 4532-1753-6071-1144
    regex_detector_test.go:84: Expected label CreditCard, got  ([]), file Creditcard.csv:934 data 5270-4267-6450-5548
    regex_detector_test.go:84: Expected label CreditCard, got  ([]), file Creditcard.csv:935 data 5252-5971-4219-4148
    regex_detector_test.go:84: Expected label CreditCard, got  ([]), file Creditcard.csv:936 data 4929-3813-3266-4328
    regex_detector_test.go:84: Expected label CreditCard, got  ([]), file Creditcard.csv:938 data 4916-4811-5814-8144
    regex_detector_test.go:84: Expected label CreditCard, got  ([]), file Creditcard.csv:939 data 4916-4034-9269-8816
    regex_detector_test.go:84: Expected label CreditCard, got  ([]), file Creditcard.csv:940 data 5299-1561-5689-1971
    regex_detector_test.go:84: Expected label CreditCard, got AdharcardNumber ([{AdharcardNumber 0.8}]), file Creditcard.csv:941 data 5293-8502-0071-3091
    regex_detector_test.go:84: Expected label CreditCard, got AdharcardNumber ([{AdharcardNumber 0.8}]), file Creditcard.csv:942 data 5548-0246-6336-5697
    regex_detector_test.go:84: Expected label CreditCard, got AdharcardNumber ([{AdharcardNumber 0.8}]), file Creditcard.csv:944 data 4916-9766-5240-6180
    regex_detector_test.go:84: Expected label CreditCard, got  ([]), file Creditcard.csv:945 data 4556-0072-1294-7448
    regex_detector_test.go:84: Expected label CreditCard, got  ([]), file Creditcard.csv:946 data 4532-4220-6922-9942
    regex_detector_test.go:84: Expected label CreditCard, got  ([]), file Creditcard.csv:947 data 4916-6734-7572-5048
    regex_detector_test.go:84: Expected label CreditCard, got  ([]), file Creditcard.csv:948 data 5218-0144-2703-9299
    regex_detector_test.go:84: Expected label CreditCard, got AdharcardNumber ([{AdharcardNumber 0.8}]), file Creditcard.csv:949 data 5399-0706-4128-0211
    regex_detector_test.go:84: Expected label CreditCard, got  ([]), file Creditcard.csv:950 data 5144-8691-2776-1141
    regex_detector_test.go:84: Expected label CreditCard, got AdharcardNumber ([{AdharcardNumber 0.8}]), file Creditcard.csv:951 data 5527-1247-5046-7813
    regex_detector_test.go:84: Expected label CreditCard, got  ([]), file Creditcard.csv:952 data 4539-0031-3703-0761
    regex_detector_test.go:84: Expected label CreditCard, got  ([]), file Creditcard.csv:955 data 4532-9929-3036-9341
    regex_detector_test.go:84: Expected label CreditCard, got  ([]), file Creditcard.csv:956 data 5495-8602-4508-6837
    regex_detector_test.go:84: Expected label CreditCard, got  ([]), file Creditcard.csv:958 data 4532-0065-1968-5635
    regex_detector_test.go:84: Expected label CreditCard, got  ([]), file Creditcard.csv:959 data 4716-6984-4983-6193
    regex_detector_test.go:84: Expected label CreditCard, got  ([]), file Creditcard.csv:960 data 4539-8219-0484-7631
    regex_detector_test.go:84: Expected label CreditCard, got  ([]), file Creditcard.csv:961 data 4532-1753-6071-1145
    regex_detector_test.go:84: Expected label CreditCard, got  ([]), file Creditcard.csv:962 data 5270-4267-6450-5549
    regex_detector_test.go:84: Expected label CreditCard, got  ([]), file Creditcard.csv:963 data 5252-5971-4219-4149
    regex_detector_test.go:84: Expected label CreditCard, got  ([]), file Creditcard.csv:965 data 5370-4638-8881-3054
    regex_detector_test.go:84: Expected label CreditCard, got  ([]), file Creditcard.csv:968 data 5299-1561-5689-1972
    regex_detector_test.go:84: Expected label CreditCard, got AdharcardNumber ([{AdharcardNumber 0.8}]), file Creditcard.csv:969 data 5293-8502-0071-3092
    regex_detector_test.go:84: Expected label CreditCard, got  ([]), file Creditcard.csv:971 data 4539-5385-7425-5859
    regex_detector_test.go:84: Expected label CreditCard, got AdharcardNumber ([{AdharcardNumber 0.8}]), file Creditcard.csv:972 data 4916-9766-5240-6181
    regex_detector_test.go:84: Expected label CreditCard, got  ([]), file Creditcard.csv:974 data 4532-4220-6922-9943
    regex_detector_test.go:84: Expected label CreditCard, got  ([]), file Creditcard.csv:976 data 5218-0144-2703-9300
    regex_detector_test.go:84: Expected label CreditCard, got AdharcardNumber ([{AdharcardNumber 0.8}]), file Creditcard.csv:977 data 5399-0706-4128-0212
    regex_detector_test.go:84: Expected label CreditCard, got  ([]), file Creditcard.csv:978 data 5144-8691-2776-1142
    regex_detector_test.go:84: Expected label CreditCard, got  ([]), file Creditcard.csv:980 data 4539-0031-3703-0762
    regex_detector_test.go:84: Expected label CreditCard, got  ([]), file Creditcard.csv:981 data 5180-3807-3679-8255
    regex_detector_test.go:84: Expected label CreditCard, got  ([]), file Creditcard.csv:982 data 5413-4428-0145-0070
    regex_detector_test.go:84: Expected label CreditCard, got  ([]), file Creditcard.csv:983 data 4532-9929-3036-9342
    regex_detector_test.go:84: Expected label CreditCard, got  ([]), file Creditcard.csv:985 data 5325-3256-9519-6658
    regex_detector_test.go:84: Expected label CreditCard, got  ([]), file Creditcard.csv:988 data 4539-8219-0484-7632
    regex_detector_test.go:84: Expected label CreditCard, got  ([]), file Creditcard.csv:990 data 5270-4267-6450-5550
    regex_detector_test.go:84: Expected label CreditCard, got  ([]), file Creditcard.csv:991 data 5252-5971-4219-4150
    regex_detector_test.go:84: Expected label CreditCard, got  ([]), file Creditcard.csv:992 data 4929-3813-3266-4330
    regex_detector_test.go:84: Expected label CreditCard, got  ([]), file Creditcard.csv:993 data 5370-4638-8881-3055
    regex_detector_test.go:84: Expected label CreditCard, got  ([]), file Creditcard.csv:994 data 4916-4811-5814-8146
    regex_detector_test.go:84: Expected label CreditCard, got  ([]), file Creditcard.csv:995 data 4916-4034-9269-8818
    regex_detector_test.go:84: Expected label CreditCard, got  ([]), file Creditcard.csv:996 data 5299-1561-5689-1973
    regex_detector_test.go:84: Expected label CreditCard, got AdharcardNumber ([{AdharcardNumber 0.8}]), file Creditcard.csv:997 data 5293-8502-0071-3093
    regex_detector_test.go:84: Expected label CreditCard, got AdharcardNumber ([{AdharcardNumber 0.8}]), file Creditcard.csv:998 data 5548-0246-6336-5699
    regex_detector_test.go:84: Expected label CreditCard, got  ([]), file Creditcard.csv:999 data 4539-5385-7425-5860
    regex_detector_test.go:84: Expected label CreditCard, got AdharcardNumber ([{AdharcardNumber 0.8}]), file Creditcard.csv:1000 data 4916-9766-5240-6182
    regex_detector_test.go:84: Expected label CreditCard, got  ([]), file Creditcard.csv:1001 data 4556-0072-1294-7450
    regex_detector_test.go:84: Expected label CreditCard, got  ([]), file Creditcard.csv:1002 data 4532-4220-6922-9944
    regex_detector_test.go:84: Expected label CreditCard, got  ([]), file Creditcard.csv:1003 data 4916-6734-7572-5050
    regex_detector_test.go:84: Expected label CreditCard, got  ([]), file Creditcard.csv:1004 data 5218-0144-2703-9301
    regex_detector_test.go:84: Expected label CreditCard, got AdharcardNumber ([{AdharcardNumber 0.8}]), file Creditcard.csv:1005 data 5399-0706-4128-0213
    regex_detector_test.go:84: Expected label CreditCard, got  ([]), file Creditcard.csv:1006 data 5144-8691-2776-1143
    regex_detector_test.go:84: Expected label CreditCard, got AdharcardNumber ([{AdharcardNumber 0.8}]), file Creditcard.csv:1007 data 5527-1247-5046-7815
    regex_detector_test.go:84: Expected label CreditCard, got  ([]), file Creditcard.csv:1008 data 4539-0031-3703-0763
    regex_detector_test.go:84: Expected label CreditCard, got  ([]), file Creditcard.csv:1009 data 5180-3807-3679-8256
    regex_detector_test.go:84: Expected label CreditCard, got  ([]), file Creditcard.csv:1010 data 5413-4428-0145-0071
    regex_detector_test.go:84: Expected label CreditCard, got  ([]), file Creditcard.csv:1011 data 4532-9929-3036-9343
    regex_detector_test.go:84: Expected label CreditCard, got  ([]), file Creditcard.csv:1012 data 5495-8602-4508-6839
    regex_detector_test.go:84: Expected label CreditCard, got  ([]), file Creditcard.csv:1013 data 5325-3256-9519-6659
    regex_detector_test.go:84: Expected label CreditCard, got  ([]), file Creditcard.csv:1014 data 4532-0065-1968-5637
    regex_detector_test.go:84: Expected label CreditCard, got  ([]), file Creditcard.csv:1015 data 4716-6984-4983-6195
    regex_detector_test.go:84: Expected label CreditCard, got  ([]), file Creditcard.csv:1016 data 4539-8219-0484-7633
    regex_detector_test.go:84: Expected label CreditCard, got  ([]), file Creditcard.csv:1017 data 4532-1753-6071-1147
    regex_detector_test.go:84: Expected label CreditCard, got  ([]), file Creditcard.csv:1018 data 5270-4267-6450-5551
    regex_detector_test.go:84: Expected label CreditCard, got  ([]), file Creditcard.csv:1019 data 5252-5971-4219-4151
    regex_detector_test.go:84: Expected label CreditCard, got  ([]), file Creditcard.csv:1020 data 4929-3813-3266-4331
    regex_detector_test.go:84: Expected label CreditCard, got  ([]), file Creditcard.csv:1021 data 5370-4638-8881-3056
    regex_detector_test.go:84: Expected label CreditCard, got  ([]), file Creditcard.csv:1022 data 4916-4811-5814-8147
    regex_detector_test.go:84: Expected label CreditCard, got  ([]), file Creditcard.csv:1023 data 4916-4034-9269-8819
    regex_detector_test.go:84: Expected label CreditCard, got  ([]), file Creditcard.csv:1024 data 5299-1561-5689-1974
    regex_detector_test.go:84: Expected label CreditCard, got AdharcardNumber ([{AdharcardNumber 0.8}]), file Creditcard.csv:1025 data 5293-8502-0071-3094
    regex_detector_test.go:84: Expected label CreditCard, got AdharcardNumber ([{AdharcardNumber 0.8}]), file Creditcard.csv:1026 data 5548-0246-6336-5700
    regex_detector_test.go:84: Expected label CreditCard, got  ([]), file Creditcard.csv:1027 data 4539-5385-7425-5861
    regex_detector_test.go:84: Expected label CreditCard, got AdharcardNumber ([{AdharcardNumber 0.8}]), file Creditcard.csv:1028 data 4916-9766-5240-6183
    regex_detector_test.go:84: Expected label CreditCard, got  ([]), file Creditcard.csv:1029 data 4556-0072-1294-7451
    regex_detector_test.go:84: Expected label CreditCard, got  ([]), file Creditcard.csv:1030 data 4532-4220-6922-9945
    regex_detector_test.go:84: Expected label CreditCard, got  ([]), file Creditcard.csv:1031 data 4916-6734-7572-5051
    regex_detector_test.go:84: Expected label CreditCard, got  ([]), file Creditcard.csv:1032 data 5218-0144-2703-9302
    regex_detector_test.go:84: Expected label CreditCard, got AdharcardNumber ([{AdharcardNumber 0.8}]), file Creditcard.csv:1033 data 5399-0706-4128-0214
    regex_detector_test.go:84: Expected label CreditCard, got  ([]), file Creditcard.csv:1034 data 5144-8691-2776-1144
    regex_detector_test.go:84: Expected label CreditCard, got AdharcardNumber ([{AdharcardNumber 0.8}]), file Creditcard.csv:1035 data 5527-1247-5046-7816
    regex_detector_test.go:84: Expected label CreditCard, got  ([]), file Creditcard.csv:1036 data 4539-0031-3703-0764
    regex_detector_test.go:84: Expected label CreditCard, got  ([]), file Creditcard.csv:1037 data 5180-3807-3679-8257
    regex_detector_test.go:84: Expected label CreditCard, got  ([]), file Creditcard.csv:1038 data 5413-4428-0145-0072
    regex_detector_test.go:84: Expected label CreditCard, got  ([]), file Creditcard.csv:1039 data 4532-9929-3036-9344
    regex_detector_test.go:84: Expected label CreditCard, got  ([]), file Creditcard.csv:1040 data 5495-8602-4508-6840
    regex_detector_test.go:84: Expected label CreditCard, got  ([]), file Creditcard.csv:1041 data 5325-3256-9519-6660
    regex_detector_test.go:84: Expected label CreditCard, got  ([]), file Creditcard.csv:1042 data 4532-0065-1968-5638
    regex_detector_test.go:84: Expected label CreditCard, got  ([]), file Creditcard.csv:1043 data 4716-6984-4983-6196
    regex_detector_test.go:84: Expected label CreditCard, got  ([]), file Creditcard.csv:1044 data 4539-8219-0484-7634
    regex_detector_test.go:84: Expected label CreditCard, got  ([]), file Creditcard.csv:1045 data 4532-1753-6071-1148
    regex_detector_test.go:84: Expected label CreditCard, got  ([]), file Creditcard.csv:1046 data 5270-4267-6450-5552
    regex_detector_test.go:84: Expected label CreditCard, got  ([]), file Creditcard.csv:1047 data 5252-5971-4219-4152
    regex_detector_test.go:84: Expected label CreditCard, got  ([]), file Creditcard.csv:1048 data 4929-3813-3266-4332
    regex_detector_test.go:84: Expected label CreditCard, got  ([]), file Creditcard.csv:1049 data 5370-4638-8881-3057
    regex_detector_test.go:84: Expected label CreditCard, got  ([]), file Creditcard.csv:1050 data 4916-4811-5814-8148
    regex_detector_test.go:84: Expected label CreditCard, got  ([]), file Creditcard.csv:1051 data 4916-4034-9269-8820
    regex_detector_test.go:84: Expected label CreditCard, got  ([]), file Creditcard.csv:1052 data 5299-1561-5689-1975
    regex_detector_test.go:84: Expected label CreditCard, got AdharcardNumber ([{AdharcardNumber 0.8}]), file Creditcard.csv:1053 data 5293-8502-0071-3095
    regex_detector_test.go:84: Expected label CreditCard, got AdharcardNumber ([{AdharcardNumber 0.8}]), file Creditcard.csv:1054 data 5548-0246-6336-5701
    regex_detector_test.go:84: Expected label CreditCard, got  ([]), file Creditcard.csv:1055 data 4539-5385-7425-5862
    regex_detector_test.go:84: Expected label CreditCard, got AdharcardNumber ([{AdharcardNumber 0.8}]), file Creditcard.csv:1056 data 4916-9766-5240-6184
    regex_detector_test.go:84: Expected label CreditCard, got  ([]), file Creditcard.csv:1057 data 4556-0072-1294-7452
    regex_detector_test.go:84: Expected label CreditCard, got  ([]), file Creditcard.csv:1058 data 4532-4220-6922-9946
    regex_detector_test.go:84: Expected label CreditCard, got  ([]), file Creditcard.csv:1059 data 4916-6734-7572-5052
    regex_detector_test.go:84: Expected label CreditCard, got  ([]), file Creditcard.csv:1060 data 5218-0144-2703-9303
    regex_detector_test.go:84: Expected label CreditCard, got AdharcardNumber ([{AdharcardNumber 0.8}]), file Creditcard.csv:1061 data 5399-0706-4128-0215
    regex_detector_test.go:84: Expected label CreditCard, got  ([]), file Creditcard.csv:1062 data 5144-8691-2776-1145
    regex_detector_test.go:84: Expected label CreditCard, got AdharcardNumber ([{AdharcardNumber 0.8}]), file Creditcard.csv:1063 data 5527-1247-5046-7817
    regex_detector_test.go:84: Expected label CreditCard, got  ([]), file Creditcard.csv:1064 data 4539-0031-3703-0765
    regex_detector_test.go:84: Expected label CreditCard, got  ([]), file Creditcard.csv:1065 data 5180-3807-3679-8258
    regex_detector_test.go:84: Expected label CreditCard, got  ([]), file Creditcard.csv:1066 data 5413-4428-0145-0073
    regex_detector_test.go:84: Expected label CreditCard, got  ([]), file Creditcard.csv:1067 data 4532-9929-3036-9345
    regex_detector_test.go:84: Expected label CreditCard, got  ([]), file Creditcard.csv:1068 data 5495-8602-4508-6841
    regex_detector_test.go:84: Expected label CreditCard, got  ([]), file Creditcard.csv:1069 data 5325-3256-9519-6661
    regex_detector_test.go:84: Expected label CreditCard, got  ([]), file Creditcard.csv:1070 data 4532-0065-1968-5639
    regex_detector_test.go:84: Expected label CreditCard, got  ([]), file Creditcard.csv:1071 data 4716-6984-4983-6197
    regex_detector_test.go:84: Expected label CreditCard, got  ([]), file Creditcard.csv:1072 data 4539-8219-0484-7635
    regex_detector_test.go:84: Expected label CreditCard, got  ([]), file Creditcard.csv:1073 data 4532-1753-6071-1149
    regex_detector_test.go:84: Expected label CreditCard, got  ([]), file Creditcard.csv:1074 data 5270-4267-6450-5553
    regex_detector_test.go:84: Expected label CreditCard, got  ([]), file Creditcard.csv:1075 data 5252-5971-4219-4153
    regex_detector_test.go:84: Expected label CreditCard, got  ([]), file Creditcard.csv:1076 data 4929-3813-3266-4333
    regex_detector_test.go:84: Expected label CreditCard, got  ([]), file Creditcard.csv:1077 data 5370-4638-8881-3058
    regex_detector_test.go:84: Expected label CreditCard, got  ([]), file Creditcard.csv:1078 data 4916-4811-5814-8149
    regex_detector_test.go:84: Expected label CreditCard, got  ([]), file Creditcard.csv:1079 data 4916-4034-9269-8821
    regex_detector_test.go:84: Expected label CreditCard, got  ([]), file Creditcard.csv:1080 data 5299-1561-5689-1976
    regex_detector_test.go:84: Expected label CreditCard, got AdharcardNumber ([{AdharcardNumber 0.8}]), file Creditcard.csv:1081 data 5293-8502-0071-3096
    regex_detector_test.go:84: Expected label CreditCard, got AdharcardNumber ([{AdharcardNumber 0.8}]), file Creditcard.csv:1082 data 5548-0246-6336-5702
    regex_detector_test.go:84: Expected label CreditCard, got  ([]), file Creditcard.csv:1083 data 4539-5385-7425-5863
    regex_detector_test.go:84: Expected label CreditCard, got AdharcardNumber ([{AdharcardNumber 0.8}]), file Creditcard.csv:1084 data 4916-9766-5240-6185
    regex_detector_test.go:84: Expected label CreditCard, got  ([]), file Creditcard.csv:1085 data 4556-0072-1294-7453
    regex_detector_test.go:84: Expected label CreditCard, got  ([]), file Creditcard.csv:1086 data 4532-4220-6922-9947
    regex_detector_test.go:84: Expected label CreditCard, got  ([]), file Creditcard.csv:1087 data 4916-6734-7572-5053
    regex_detector_test.go:84: Expected label CreditCard, got  ([]), file Creditcard.csv:1088 data 5218-0144-2703-9304
    regex_detector_test.go:84: Expected label CreditCard, got AdharcardNumber ([{AdharcardNumber 0.8}]), file Creditcard.csv:1089 data 5399-0706-4128-0216
    regex_detector_test.go:84: Expected label CreditCard, got  ([]), file Creditcard.csv:1090 data 5144-8691-2776-1146
    regex_detector_test.go:84: Expected label CreditCard, got AdharcardNumber ([{AdharcardNumber 0.8}]), file Creditcard.csv:1091 data 5527-1247-5046-7818
    regex_detector_test.go:84: Expected label CreditCard, got  ([]), file Creditcard.csv:1092 data 4539-0031-3703-0766
    regex_detector_test.go:84: Expected label CreditCard, got  ([]), file Creditcard.csv:1093 data 5180-3807-3679-8259
    regex_detector_test.go:84: Expected label CreditCard, got  ([]), file Creditcard.csv:1094 data 5413-4428-0145-0074
    regex_detector_test.go:84: Expected label CreditCard, got  ([]), file Creditcard.csv:1095 data 4532-9929-3036-9346
    regex_detector_test.go:84: Expected label CreditCard, got  ([]), file Creditcard.csv:1096 data 5495-8602-4508-6842
    regex_detector_test.go:84: Expected label CreditCard, got  ([]), file Creditcard.csv:1097 data 5325-3256-9519-6662
    regex_detector_test.go:84: Expected label CreditCard, got  ([]), file Creditcard.csv:1098 data 4532-0065-1968-5640
    regex_detector_test.go:84: Expected label CreditCard, got  ([]), file Creditcard.csv:1099 data 4716-6984-4983-6198
    regex_detector_test.go:84: Expected label CreditCard, got  ([]), file Creditcard.csv:1100 data 4539-8219-0484-7636
    regex_detector_test.go:84: Expected label CreditCard, got  ([]), file Creditcard.csv:1101 data 4532-1753-6071-1150
    regex_detector_test.go:84: Expected label CreditCard, got  ([]), file Creditcard.csv:1102 data 5270-4267-6450-5554
    regex_detector_test.go:84: Expected label CreditCard, got  ([]), file Creditcard.csv:1103 data 5252-5971-4219-4154
    regex_detector_test.go:84: Expected label CreditCard, got  ([]), file Creditcard.csv:1104 data 4929-3813-3266-4334
    regex_detector_test.go:84: Expected label CreditCard, got  ([]), file Creditcard.csv:1105 data 5370-4638-8881-3059
    regex_detector_test.go:84: Expected label CreditCard, got  ([]), file Creditcard.csv:1106 data 4916-4811-5814-8150
    regex_detector_test.go:84: Expected label CreditCard, got  ([]), file Creditcard.csv:1107 data 4916-4034-9269-8822
    regex_detector_test.go:84: Expected label CreditCard, got  ([]), file Creditcard.csv:1108 data 5299-1561-5689-1977
    regex_detector_test.go:84: Expected label CreditCard, got AdharcardNumber ([{AdharcardNumber 0.8}]), file Creditcard.csv:1109 data 5293-8502-0071-3097
    regex_detector_test.go:84: Expected label CreditCard, got AdharcardNumber ([{AdharcardNumber 0.8}]), file Creditcard.csv:1110 data 5548-0246-6336-5703
    regex_detector_test.go:84: Expected label CreditCard, got  ([]), file Creditcard.csv:1111 data 4539-5385-7425-5864
    regex_detector_test.go:84: Expected label CreditCard, got AdharcardNumber ([{AdharcardNumber 0.8}]), file Creditcard.csv:1112 data 4916-9766-5240-6186
    regex_detector_test.go:84: Expected label CreditCard, got  ([]), file Creditcard.csv:1113 data 4556-0072-1294-7454
    regex_detector_test.go:84: Expected label CreditCard, got  ([]), file Creditcard.csv:1114 data 4532-4220-6922-9948
    regex_detector_test.go:84: Expected label CreditCard, got  ([]), file Creditcard.csv:1115 data 4916-6734-7572-5054
    regex_detector_test.go:84: Expected label CreditCard, got  ([]), file Creditcard.csv:1116 data 5218-0144-2703-9305
    regex_detector_test.go:84: Expected label CreditCard, got AdharcardNumber ([{AdharcardNumber 0.8}]), file Creditcard.csv:1117 data 5399-0706-4128-0217
    regex_detector_test.go:84: Expected label CreditCard, got  ([]), file Creditcard.csv:1118 data 5144-8691-2776-1147
    regex_detector_test.go:84: Expected label CreditCard, got AdharcardNumber ([{AdharcardNumber 0.8}]), file Creditcard.csv:1119 data 5527-1247-5046-7819
    regex_detector_test.go:84: Expected label CreditCard, got  ([]), file Creditcard.csv:1120 data 4539-0031-3703-0767
    regex_detector_test.go:84: Expected label CreditCard, got  ([]), file Creditcard.csv:1121 data 5180-3807-3679-8260
    regex_detector_test.go:84: Expected label CreditCard, got  ([]), file Creditcard.csv:1122 data 5413-4428-0145-0075
    regex_detector_test.go:84: Expected label CreditCard, got  ([]), file Creditcard.csv:1123 data 4532-9929-3036-9347
    regex_detector_test.go:84: Expected label CreditCard, got  ([]), file Creditcard.csv:1124 data 5495-8602-4508-6843
    regex_detector_test.go:84: Expected label CreditCard, got  ([]), file Creditcard.csv:1125 data 5325-3256-9519-6663
    regex_detector_test.go:84: Expected label CreditCard, got  ([]), file Creditcard.csv:1126 data 4532-0065-1968-5641
    regex_detector_test.go:84: Expected label CreditCard, got  ([]), file Creditcard.csv:1127 data 4716-6984-4983-6199
    regex_detector_test.go:84: Expected label CreditCard, got  ([]), file Creditcard.csv:1128 data 4539-8219-0484-7637
    regex_detector_test.go:84: Expected label CreditCard, got  ([]), file Creditcard.csv:1129 data 4532-1753-6071-1151
    regex_detector_test.go:84: Expected label CreditCard, got  ([]), file Creditcard.csv:1130 data 5270-4267-6450-5555
    regex_detector_test.go:84: Expected label CreditCard, got  ([]), file Creditcard.csv:1131 data 5252-5971-4219-4155
    regex_detector_test.go:84: Expected label CreditCard, got  ([]), file Creditcard.csv:1132 data 4929-3813-3266-4335
    regex_detector_test.go:84: Expected label CreditCard, got  ([]), file Creditcard.csv:1133 data 5370-4638-8881-3060
    regex_detector_test.go:84: Expected label CreditCard, got  ([]), file Creditcard.csv:1134 data 4916-4811-5814-8151
    regex_detector_test.go:84: Expected label CreditCard, got  ([]), file Creditcard.csv:1135 data 4916-4034-9269-8823
    regex_detector_test.go:84: Expected label CreditCard, got  ([]), file Creditcard.csv:1136 data 5299-1561-5689-1978
    regex_detector_test.go:84: Expected label CreditCard, got AdharcardNumber ([{AdharcardNumber 0.8}]), file Creditcard.csv:1137 data 5293-8502-0071-3098
    regex_detector_test.go:84: Expected label CreditCard, got AdharcardNumber ([{AdharcardNumber 0.8}]), file Creditcard.csv:1138 data 5548-0246-6336-5704
    regex_detector_test.go:84: Expected label CreditCard, got  ([]), file Creditcard.csv:1139 data 4539-5385-7425-5865
    regex_detector_test.go:84: Expected label CreditCard, got AdharcardNumber ([{AdharcardNumber 0.8}]), file Creditcard.csv:1140 data 4916-9766-5240-6187
    regex_detector_test.go:84: Expected label CreditCard, got  ([]), file Creditcard.csv:1141 data 4556-0072-1294-7455
    regex_detector_test.go:84: Expected label CreditCard, got  ([]), file Creditcard.csv:1142 data 4532-4220-6922-9949
    regex_detector_test.go:84: Expected label CreditCard, got  ([]), file Creditcard.csv:1143 data 4916-6734-7572-5055
    regex_detector_test.go:84: Expected label CreditCard, got  ([]), file Creditcard.csv:1144 data 5218-0144-2703-9306
    regex_detector_test.go:84: Expected label CreditCard, got AdharcardNumber ([{AdharcardNumber 0.8}]), file Creditcard.csv:1145 data 5399-0706-4128-0218
    regex_detector_test.go:84: Expected label CreditCard, got  ([]), file Creditcard.csv:1146 data 5144-8691-2776-1148
    regex_detector_test.go:84: Expected label CreditCard, got AdharcardNumber ([{AdharcardNumber 0.8}]), file Creditcard.csv:1147 data 5527-1247-5046-7820
    regex_detector_test.go:84: Expected label CreditCard, got  ([]), file Creditcard.csv:1148 data 4539-0031-3703-0768
    regex_detector_test.go:84: Expected label CreditCard, got  ([]), file Creditcard.csv:1149 data 5180-3807-3679-8261
    regex_detector_test.go:84: Expected label CreditCard, got  ([]), file Creditcard.csv:1150 data 5413-4428-0145-0076
    regex_detector_test.go:84: Expected label CreditCard, got  ([]), file Creditcard.csv:1151 data 4532-9929-3036-9348
    regex_detector_test.go:84: Expected label CreditCard, got  ([]), file Creditcard.csv:1152 data 5495-8602-4508-6844
    regex_detector_test.go:84: Expected label CreditCard, got  ([]), file Creditcard.csv:1153 data 5325-3256-9519-6664
    regex_detector_test.go:84: Expected label CreditCard, got  ([]), file Creditcard.csv:1154 data 4532-0065-1968-5642
    regex_detector_test.go:84: Expected label CreditCard, got  ([]), file Creditcard.csv:1155 data 4716-6984-4983-6200
    regex_detector_test.go:84: Expected label CreditCard, got  ([]), file Creditcard.csv:1156 data 4539-8219-0484-7638
    regex_detector_test.go:84: Expected label CreditCard, got  ([]), file Creditcard.csv:1157 data 4532-1753-6071-1152
    regex_detector_test.go:84: Expected label CreditCard, got  ([]), file Creditcard.csv:1158 data 5270-4267-6450-5556
    regex_detector_test.go:84: Expected label CreditCard, got  ([]), file Creditcard.csv:1159 data 5252-5971-4219-4156
    regex_detector_test.go:84: Expected label CreditCard, got  ([]), file Creditcard.csv:1160 data 4929-3813-3266-4336
    regex_detector_test.go:84: Expected label CreditCard, got  ([]), file Creditcard.csv:1163 data 4916-4034-9269-8824
    regex_detector_test.go:84: Expected label CreditCard, got AdharcardNumber ([{AdharcardNumber 0.8}]), file Creditcard.csv:1165 data 5293-8502-0071-3099
    regex_detector_test.go:84: Expected label CreditCard, got AdharcardNumber ([{AdharcardNumber 0.8}]), file Creditcard.csv:1166 data 5548-0246-6336-5705
    regex_detector_test.go:84: Expected label CreditCard, got  ([]), file Creditcard.csv:1170 data 4532-4220-6922-9950
    regex_detector_test.go:84: Expected label CreditCard, got  ([]), file Creditcard.csv:1172 data 5218-0144-2703-9307
    regex_detector_test.go:84: Expected label CreditCard, got AdharcardNumber ([{AdharcardNumber 0.8}]), file Creditcard.csv:1173 data 5399-0706-4128-0219
    regex_detector_test.go:84: Expected label CreditCard, got  ([]), file Creditcard.csv:1174 data 5144-8691-2776-1149
    regex_detector_test.go:84: Expected label CreditCard, got AdharcardNumber ([{AdharcardNumber 0.8}]), file Creditcard.csv:1175 data 5527-1247-5046-7821
    regex_detector_test.go:84: Expected label CreditCard, got  ([]), file Creditcard.csv:1179 data 4532-9929-3036-9349
    regex_detector_test.go:84: Expected label CreditCard, got  ([]), file Creditcard.csv:1180 data 5495-8602-4508-6845
    regex_detector_test.go:84: Expected label CreditCard, got  ([]), file Creditcard.csv:1182 data 4532-0065-1968-5643
    regex_detector_test.go:84: Expected label CreditCard, got  ([]), file Creditcard.csv:1183 data 4716-6984-4983-6201
    regex_detector_test.go:84: Expected label CreditCard, got  ([]), file Creditcard.csv:1184 data 4539-8219-0484-7639
    regex_detector_test.go:84: Expected label CreditCard, got  ([]), file Creditcard.csv:1189 data 5370-4638-8881-3062
    regex_detector_test.go:84: Expected label CreditCard, got  ([]), file Creditcard.csv:1190 data 4916-4811-5814-8153
    regex_detector_test.go:84: Expected label CreditCard, got  ([]), file Creditcard.csv:1192 data 5299-1561-5689-1980
    regex_detector_test.go:84: Expected label CreditCard, got AdharcardNumber ([{AdharcardNumber 0.8}]), file Creditcard.csv:1193 data 5293-8502-0071-3100
    regex_detector_test.go:84: Expected label CreditCard, got  ([]), file Creditcard.csv:1195 data 4539-5385-7425-5867
    regex_detector_test.go:84: Expected label CreditCard, got AdharcardNumber ([{AdharcardNumber 0.8}]), file Creditcard.csv:1196 data 4916-9766-5240-6189
    regex_detector_test.go:84: Expected label CreditCard, got  ([]), file Creditcard.csv:1197 data 4556-0072-1294-7457
    regex_detector_test.go:84: Expected label CreditCard, got  ([]), file Creditcard.csv:1198 data 4532-4220-6922-9951
    regex_detector_test.go:84: Expected label CreditCard, got  ([]), file Creditcard.csv:1199 data 4916-6734-7572-5057
    regex_detector_test.go:84: Expected label CreditCard, got AdharcardNumber ([{AdharcardNumber 0.8}]), file Creditcard.csv:1201 data 5399-0706-4128-0220
    regex_detector_test.go:84: Expected label CreditCard, got  ([]), file Creditcard.csv:1202 data 5144-8691-2776-1150
    regex_detector_test.go:84: Expected label CreditCard, got  ([]), file Creditcard.csv:1204 data 4539-0031-3703-0770
    regex_detector_test.go:84: Expected label CreditCard, got  ([]), file Creditcard.csv:1205 data 5180-3807-3679-8263
    regex_detector_test.go:84: Expected label CreditCard, got  ([]), file Creditcard.csv:1206 data 5413-4428-0145-0078
    regex_detector_test.go:84: Expected label CreditCard, got  ([]), file Creditcard.csv:1207 data 4532-9929-3036-9350
    regex_detector_test.go:84: Expected label CreditCard, got  ([]), file Creditcard.csv:1209 data 5325-3256-9519-6666
    regex_detector_test.go:84: Expected label CreditCard, got  ([]), file Creditcard.csv:1212 data 4539-8219-0484-7640
    regex_detector_test.go:84: Expected label CreditCard, got  ([]), file Creditcard.csv:1213 data 4532-1753-6071-1154
    regex_detector_test.go:84: Expected label CreditCard, got  ([]), file Creditcard.csv:1214 data 5270-4267-6450-5558
    regex_detector_test.go:84: Expected label CreditCard, got  ([]), file Creditcard.csv:1215 data 5252-5971-4219-4158
    regex_detector_test.go:84: Expected label CreditCard, got  ([]), file Creditcard.csv:1216 data 4929-3813-3266-4338
    regex_detector_test.go:84: Expected label CreditCard, got  ([]), file Creditcard.csv:1217 data 5370-4638-8881-3063
    regex_detector_test.go:84: Expected label CreditCard, got  ([]), file Creditcard.csv:1218 data 4916-4811-5814-8154
    regex_detector_test.go:84: Expected label CreditCard, got  ([]), file Creditcard.csv:1219 data 4916-4034-9269-8826
    regex_detector_test.go:84: Expected label CreditCard, got  ([]), file Creditcard.csv:1220 data 5299-1561-5689-1981
    regex_detector_test.go:84: Expected label CreditCard, got AdharcardNumber ([{AdharcardNumber 0.8}]), file Creditcard.csv:1221 data 5293-8502-0071-3101
    regex_detector_test.go:84: Expected label CreditCard, got AdharcardNumber ([{AdharcardNumber 0.8}]), file Creditcard.csv:1222 data 5548-0246-6336-5707
    regex_detector_test.go:84: Expected label CreditCard, got  ([]), file Creditcard.csv:1223 data 4539-5385-7425-5868
    regex_detector_test.go:84: Expected label CreditCard, got AdharcardNumber ([{AdharcardNumber 0.8}]), file Creditcard.csv:1224 data 4916-9766-5240-6190
    regex_detector_test.go:84: Expected label CreditCard, got  ([]), file Creditcard.csv:1225 data 4556-0072-1294-7458
    regex_detector_test.go:84: Expected label CreditCard, got  ([]), file Creditcard.csv:1226 data 4532-4220-6922-9952
    regex_detector_test.go:84: Expected label CreditCard, got  ([]), file Creditcard.csv:1227 data 4916-6734-7572-5058
    regex_detector_test.go:84: Expected label CreditCard, got  ([]), file Creditcard.csv:1228 data 5218-0144-2703-9309
    regex_detector_test.go:84: Expected label CreditCard, got AdharcardNumber ([{AdharcardNumber 0.8}]), file Creditcard.csv:1229 data 5399-0706-4128-0221
    regex_detector_test.go:84: Expected label CreditCard, got  ([]), file Creditcard.csv:1230 data 5144-8691-2776-1151
    regex_detector_test.go:84: Expected label CreditCard, got AdharcardNumber ([{AdharcardNumber 0.8}]), file Creditcard.csv:1231 data 5527-1247-5046-7823
    regex_detector_test.go:84: Expected label CreditCard, got  ([]), file Creditcard.csv:1232 data 4539-0031-3703-0771
    regex_detector_test.go:84: Expected label CreditCard, got  ([]), file Creditcard.csv:1233 data 5180-3807-3679-8264
    regex_detector_test.go:84: Expected label CreditCard, got  ([]), file Creditcard.csv:1234 data 5413-4428-0145-0079
    regex_detector_test.go:84: Expected label CreditCard, got  ([]), file Creditcard.csv:1235 data 4532-9929-3036-9351
    regex_detector_test.go:84: Expected label CreditCard, got  ([]), file Creditcard.csv:1236 data 5495-8602-4508-6847
    regex_detector_test.go:84: Expected label CreditCard, got  ([]), file Creditcard.csv:1237 data 5325-3256-9519-6667
    regex_detector_test.go:84: Expected label CreditCard, got  ([]), file Creditcard.csv:1238 data 4532-0065-1968-5645
    regex_detector_test.go:84: Expected label CreditCard, got  ([]), file Creditcard.csv:1239 data 4716-6984-4983-6203
    regex_detector_test.go:84: Expected label CreditCard, got  ([]), file Creditcard.csv:1240 data 4539-8219-0484-7641
    regex_detector_test.go:84: Expected label CreditCard, got  ([]), file Creditcard.csv:1241 data 4532-1753-6071-1155
    regex_detector_test.go:84: Expected label CreditCard, got  ([]), file Creditcard.csv:1242 data 5270-4267-6450-5559
    regex_detector_test.go:84: Expected label CreditCard, got  ([]), file Creditcard.csv:1243 data 5252-5971-4219-4159
    regex_detector_test.go:84: Expected label CreditCard, got  ([]), file Creditcard.csv:1244 data 4929-3813-3266-4339
    regex_detector_test.go:84: Expected label CreditCard, got  ([]), file Creditcard.csv:1245 data 5370-4638-8881-3064
    regex_detector_test.go:84: Expected label CreditCard, got  ([]), file Creditcard.csv:1246 data 4916-4811-5814-8155
    regex_detector_test.go:84: Expected label CreditCard, got  ([]), file Creditcard.csv:1247 data 4916-4034-9269-8827
    regex_detector_test.go:84: Expected label CreditCard, got  ([]), file Creditcard.csv:1248 data 5299-1561-5689-1982
    regex_detector_test.go:84: Expected label CreditCard, got AdharcardNumber ([{AdharcardNumber 0.8}]), file Creditcard.csv:1249 data 5293-8502-0071-3102
    regex_detector_test.go:84: Expected label CreditCard, got AdharcardNumber ([{AdharcardNumber 0.8}]), file Creditcard.csv:1250 data 5548-0246-6336-5708
    regex_detector_test.go:84: Expected label CreditCard, got  ([]), file Creditcard.csv:1251 data 4539-5385-7425-5869
    regex_detector_test.go:84: Expected label CreditCard, got AdharcardNumber ([{AdharcardNumber 0.8}]), file Creditcard.csv:1252 data 4916-9766-5240-6191
    regex_detector_test.go:84: Expected label CreditCard, got  ([]), file Creditcard.csv:1253 data 4556-0072-1294-7459
    regex_detector_test.go:84: Expected label CreditCard, got  ([]), file Creditcard.csv:1254 data 4532-4220-6922-9953
    regex_detector_test.go:84: Expected label CreditCard, got  ([]), file Creditcard.csv:1255 data 4916-6734-7572-5059
    regex_detector_test.go:84: Expected label CreditCard, got  ([]), file Creditcard.csv:1256 data 5218-0144-2703-9310
    regex_detector_test.go:84: Expected label CreditCard, got AdharcardNumber ([{AdharcardNumber 0.8}]), file Creditcard.csv:1257 data 5399-0706-4128-0222
    regex_detector_test.go:84: Expected label CreditCard, got  ([]), file Creditcard.csv:1258 data 5144-8691-2776-1152
    regex_detector_test.go:84: Expected label CreditCard, got AdharcardNumber ([{AdharcardNumber 0.8}]), file Creditcard.csv:1259 data 5527-1247-5046-7824
    regex_detector_test.go:84: Expected label CreditCard, got  ([]), file Creditcard.csv:1260 data 4539-0031-3703-0772
    regex_detector_test.go:84: Expected label CreditCard, got  ([]), file Creditcard.csv:1261 data 5180-3807-3679-8265
    regex_detector_test.go:84: Expected label CreditCard, got  ([]), file Creditcard.csv:1262 data 5413-4428-0145-0080
    regex_detector_test.go:84: Expected label CreditCard, got  ([]), file Creditcard.csv:1263 data 4532-9929-3036-9352
    regex_detector_test.go:84: Expected label CreditCard, got  ([]), file Creditcard.csv:1264 data 5495-8602-4508-6848
    regex_detector_test.go:84: Expected label CreditCard, got  ([]), file Creditcard.csv:1265 data 5325-3256-9519-6668
    regex_detector_test.go:84: Expected label CreditCard, got  ([]), file Creditcard.csv:1266 data 4532-0065-1968-5646
    regex_detector_test.go:84: Expected label CreditCard, got  ([]), file Creditcard.csv:1267 data 4716-6984-4983-6204
    regex_detector_test.go:84: Expected label CreditCard, got  ([]), file Creditcard.csv:1268 data 4539-8219-0484-7642
    regex_detector_test.go:84: Expected label CreditCard, got  ([]), file Creditcard.csv:1269 data 4532-1753-6071-1156
    regex_detector_test.go:84: Expected label CreditCard, got  ([]), file Creditcard.csv:1270 data 5270-4267-6450-5560
    regex_detector_test.go:84: Expected label CreditCard, got  ([]), file Creditcard.csv:1271 data 5252-5971-4219-4160
    regex_detector_test.go:84: Expected label CreditCard, got  ([]), file Creditcard.csv:1272 data 4929-3813-3266-4340
    regex_detector_test.go:84: Expected label CreditCard, got  ([]), file Creditcard.csv:1273 data 5370-4638-8881-3065
    regex_detector_test.go:84: Expected label CreditCard, got  ([]), file Creditcard.csv:1274 data 4916-4811-5814-8156
    regex_detector_test.go:84: Expected label CreditCard, got  ([]), file Creditcard.csv:1275 data 4916-4034-9269-8828
    regex_detector_test.go:84: Expected label CreditCard, got  ([]), file Creditcard.csv:1276 data 5299-1561-5689-1983
    regex_detector_test.go:84: Expected label CreditCard, got AdharcardNumber ([{AdharcardNumber 0.8}]), file Creditcard.csv:1277 data 5293-8502-0071-3103
    regex_detector_test.go:84: Expected label CreditCard, got AdharcardNumber ([{AdharcardNumber 0.8}]), file Creditcard.csv:1278 data 5548-0246-6336-5709
    regex_detector_test.go:84: Expected label CreditCard, got  ([]), file Creditcard.csv:1279 data 4539-5385-7425-5870
    regex_detector_test.go:84: Expected label CreditCard, got AdharcardNumber ([{AdharcardNumber 0.8}]), file Creditcard.csv:1280 data 4916-9766-5240-6192
    regex_detector_test.go:84: Expected label CreditCard, got  ([]), file Creditcard.csv:1281 data 4556-0072-1294-7460
    regex_detector_test.go:84: Expected label CreditCard, got  ([]), file Creditcard.csv:1282 data 4532-4220-6922-9954
    regex_detector_test.go:84: Expected label CreditCard, got  ([]), file Creditcard.csv:1283 data 4916-6734-7572-5060
    regex_detector_test.go:84: Expected label CreditCard, got  ([]), file Creditcard.csv:1284 data 5218-0144-2703-9311
    regex_detector_test.go:84: Expected label CreditCard, got AdharcardNumber ([{AdharcardNumber 0.8}]), file Creditcard.csv:1285 data 5399-0706-4128-0223
    regex_detector_test.go:84: Expected label CreditCard, got  ([]), file Creditcard.csv:1286 data 5144-8691-2776-1153
    regex_detector_test.go:84: Expected label CreditCard, got AdharcardNumber ([{AdharcardNumber 0.8}]), file Creditcard.csv:1287 data 5527-1247-5046-7825
    regex_detector_test.go:84: Expected label CreditCard, got  ([]), file Creditcard.csv:1288 data 4539-0031-3703-0773
    regex_detector_test.go:84: Expected label CreditCard, got  ([]), file Creditcard.csv:1289 data 5180-3807-3679-8266
    regex_detector_test.go:84: Expected label CreditCard, got  ([]), file Creditcard.csv:1290 data 5413-4428-0145-0081
    regex_detector_test.go:84: Expected label CreditCard, got  ([]), file Creditcard.csv:1291 data 4532-9929-3036-9353
    regex_detector_test.go:84: Expected label CreditCard, got  ([]), file Creditcard.csv:1292 data 5495-8602-4508-6849
    regex_detector_test.go:84: Expected label CreditCard, got  ([]), file Creditcard.csv:1293 data 5325-3256-9519-6669
    regex_detector_test.go:84: Expected label CreditCard, got  ([]), file Creditcard.csv:1294 data 4532-0065-1968-5647
    regex_detector_test.go:84: Expected label CreditCard, got  ([]), file Creditcard.csv:1295 data 4716-6984-4983-6205
    regex_detector_test.go:84: Expected label CreditCard, got  ([]), file Creditcard.csv:1296 data 4539-8219-0484-7643
    regex_detector_test.go:84: Expected label CreditCard, got  ([]), file Creditcard.csv:1297 data 4532-1753-6071-1157
    regex_detector_test.go:84: Expected label CreditCard, got  ([]), file Creditcard.csv:1298 data 5270-4267-6450-5561
    regex_detector_test.go:84: Expected label CreditCard, got  ([]), file Creditcard.csv:1299 data 5252-5971-4219-4161
    regex_detector_test.go:84: Expected label CreditCard, got  ([]), file Creditcard.csv:1300 data 4929-3813-3266-4341
    regex_detector_test.go:84: Expected label CreditCard, got  ([]), file Creditcard.csv:1301 data 4929-3813-3266-4259
    regex_detector_test.go:84: Expected label CreditCard, got  ([]), file Creditcard.csv:1302 data 4929-3813-3266-4260
    regex_detector_test.go:84: Expected label CreditCard, got  ([]), file Creditcard.csv:1304 data 4929-3813-3266-4262
    regex_detector_test.go:84: Expected label CreditCard, got  ([]), file Creditcard.csv:1305 data 4929-3813-3266-4263
    regex_detector_test.go:84: Expected label CreditCard, got  ([]), file Creditcard.csv:1306 data 4929-3813-3266-4264
    regex_detector_test.go:84: Expected label CreditCard, got  ([]), file Creditcard.csv:1307 data 4929-3813-3266-4222
    regex_detector_test.go:84: Expected label CreditCard, got  ([]), file Creditcard.csv:1308 data 4929-3813-3266-4223
    regex_detector_test.go:84: Expected label CreditCard, got  ([]), file Creditcard.csv:1309 data 4929-3813-3266-4224
    regex_detector_test.go:84: Expected label CreditCard, got  ([]), file Creditcard.csv:1310 data 4929-3813-3266-4225
    regex_detector_test.go:84: Expected label CreditCard, got  ([]), file Creditcard.csv:1311 data 4929-3813-3266-4226
    regex_detector_test.go:84: Expected label CreditCard, got  ([]), file Creditcard.csv:1312 data 4929-3813-3266-4227
    regex_detector_test.go:84: Expected label CreditCard, got  ([]), file Creditcard.csv:1313 data 4929-3813-3266-4265
    regex_detector_test.go:84: Expected label CreditCard, got  ([]), file Creditcard.csv:1314 data 4929-3813-3266-4228
    regex_detector_test.go:84: Expected label CreditCard, got  ([]), file Creditcard.csv:1315 data 4929-3813-3266-4266
    regex_detector_test.go:84: Expected label CreditCard, got  ([]), file Creditcard.csv:1316 data 4929-3813-3266-4229
    regex_detector_test.go:84: Expected label CreditCard, got  ([]), file Creditcard.csv:1317 data 5370-4638-8881-3066
    regex_detector_test.go:84: Expected label CreditCard, got  ([]), file Creditcard.csv:1318 data 4916-4811-5814-8157
    regex_detector_test.go:84: Expected label CreditCard, got  ([]), file Creditcard.csv:1319 data 4916-4034-9269-8829
    regex_detector_test.go:84: Expected label CreditCard, got  ([]), file Creditcard.csv:1320 data 5299-1561-5689-1984
    regex_detector_test.go:84: Expected label CreditCard, got AdharcardNumber ([{AdharcardNumber 0.8}]), file Creditcard.csv:1321 data 5293-8502-0071-3104
    regex_detector_test.go:84: Expected label CreditCard, got AdharcardNumber ([{AdharcardNumber 0.8}]), file Creditcard.csv:1322 data 5548-0246-6336-5710
    regex_detector_test.go:84: Expected label CreditCard, got  ([]), file Creditcard.csv:1323 data 4539-5385-7425-5871
    regex_detector_test.go:84: Expected label CreditCard, got AdharcardNumber ([{AdharcardNumber 0.8}]), file Creditcard.csv:1324 data 4916-9766-5240-6193
    regex_detector_test.go:84: Expected label CreditCard, got  ([]), file Creditcard.csv:1325 data 4556-0072-1294-7461
    regex_detector_test.go:84: Expected label CreditCard, got  ([]), file Creditcard.csv:1326 data 4532-4220-6922-9955
    regex_detector_test.go:84: Expected label CreditCard, got  ([]), file Creditcard.csv:1327 data 4916-6734-7572-5061
    regex_detector_test.go:84: Expected label CreditCard, got  ([]), file Creditcard.csv:1328 data 5218-0144-2703-9312
    regex_detector_test.go:84: Expected label CreditCard, got AdharcardNumber ([{AdharcardNumber 0.8}]), file Creditcard.csv:1329 data 5399-0706-4128-0224
    regex_detector_test.go:84: Expected label CreditCard, got  ([]), file Creditcard.csv:1330 data 5144-8691-2776-1154
    regex_detector_test.go:84: Expected label CreditCard, got AdharcardNumber ([{AdharcardNumber 0.8}]), file Creditcard.csv:1331 data 5527-1247-5046-7826
    regex_detector_test.go:84: Expected label CreditCard, got  ([]), file Creditcard.csv:1332 data 4539-0031-3703-0774
    regex_detector_test.go:84: Expected label CreditCard, got  ([]), file Creditcard.csv:1333 data 5180-3807-3679-8267
    regex_detector_test.go:84: Expected label CreditCard, got  ([]), file Creditcard.csv:1334 data 5413-4428-0145-0082
    regex_detector_test.go:84: Expected label CreditCard, got  ([]), file Creditcard.csv:1335 data 4532-9929-3036-9354
    regex_detector_test.go:84: Expected label CreditCard, got  ([]), file Creditcard.csv:1336 data 5495-8602-4508-6850
    regex_detector_test.go:84: Expected label CreditCard, got  ([]), file Creditcard.csv:1337 data 5325-3256-9519-6670
    regex_detector_test.go:84: Expected label CreditCard, got  ([]), file Creditcard.csv:1338 data 4532-0065-1968-5648
    regex_detector_test.go:84: Expected label CreditCard, got  ([]), file Creditcard.csv:1339 data 4716-6984-4983-6206
    regex_detector_test.go:84: Expected label CreditCard, got  ([]), file Creditcard.csv:1340 data 4539-8219-0484-7644
    regex_detector_test.go:84: Expected label CreditCard, got  ([]), file Creditcard.csv:1341 data 4532-1753-6071-1158
    regex_detector_test.go:84: Expected label CreditCard, got  ([]), file Creditcard.csv:1342 data 5270-4267-6450-5562
    regex_detector_test.go:84: Expected label CreditCard, got  ([]), file Creditcard.csv:1343 data 5252-5971-4219-4162
    regex_detector_test.go:84: Expected label CreditCard, got  ([]), file Creditcard.csv:1344 data 4929-3813-3266-4267
    regex_detector_test.go:84: Expected label CreditCard, got  ([]), file Creditcard.csv:1345 data 4929-3813-3266-4230
    regex_detector_test.go:84: Expected label CreditCard, got  ([]), file Creditcard.csv:1346 data 9696 3083 1559 8901
    regex_detector_test.go:84: Expected label CreditCard, got  ([]), file Creditcard.csv:1347 data 2360 8701 6034 2161
    regex_detector_test.go:84: Expected label CreditCard, got  ([]), file Creditcard.csv:1348 data 4966 5750 8718 1020
    regex_detector_test.go:84: Expected label CreditCard, got  ([]), file Creditcard.csv:1349 data 2836 9962 6734 8266
    regex_detector_test.go:84: Expected label CreditCard, got  ([]), file Creditcard.csv:1350 data 5539 3286 0665 2179
    regex_detector_test.go:84: Expected label CreditCard, got  ([]), file Creditcard.csv:1351 data 0993 7552 3004 2035
    regex_detector_test.go:84: Expected label CreditCard, got  ([]), file Creditcard.csv:1352 data 8821 4913 1841 3200
    regex_detector_test.go:84: Expected label CreditCard, got  ([]), file Creditcard.csv:1353 data 6835 7609 0503 3599
    regex_detector_test.go:84: Expected label CreditCard, got  ([]), file Creditcard.csv:1354 data 1682 2000 0418 4550
    regex_detector_test.go:84: Expected label CreditCard, got  ([]), file Creditcard.csv:1355 data 9270 6131 2305 3208
    regex_detector_test.go:84: Expected label CreditCard, got  ([]), file Creditcard.csv:1356 data 7084 0542 4686 8173
    regex_detector_test.go:84: Expected label CreditCard, got  ([]), file Creditcard.csv:1357 data 1017 2486 8769 1189
    regex_detector_test.go:84: Expected label CreditCard, got  ([]), file Creditcard.csv:1359 data 9506 8256 7021 4673
    regex_detector_test.go:84: Expected label CreditCard, got  ([]), file Creditcard.csv:1360 data 8177 1390 7009 7008
    regex_detector_test.go:84: Expected label CreditCard, got  ([]), file Creditcard.csv:1361 data 0111 9390 1903 0396
    regex_detector_test.go:84: Expected label CreditCard, got  ([]), file Creditcard.csv:1362 data 3551 1252 1940 7465
    regex_detector_test.go:84: Expected label CreditCard, got  ([]), file Creditcard.csv:1363 data 7187 8955 5295 7649
    regex_detector_test.go:84: Expected label CreditCard, got  ([]), file Creditcard.csv:1364 data 0555 1395 2595 6284
    regex_detector_test.go:84: Expected label CreditCard, got  ([]), file Creditcard.csv:1366 data 6962 6904 9426 3524
    regex_detector_test.go:84: Expected label CreditCard, got  ([]), file Creditcard.csv:1367 data 3058 9359 7743 7353
    regex_detector_test.go:84: Expected label CreditCard, got  ([]), file Creditcard.csv:1368 data 2036 1000 1844 1482
    regex_detector_test.go:84: Expected label CreditCard, got AdharcardNumber ([{AdharcardNumber 0.8}]), file Creditcard.csv:1369 data 1728 6520 9583 2091
    regex_detector_test.go:84: Expected label CreditCard, got  ([]), file Creditcard.csv:1370 data 2768 8269 3477 9325
    regex_detector_test.go:84: Expected label CreditCard, got  ([]), file Creditcard.csv:1371 data 9977 4103 4809 2514
    regex_detector_test.go:84: Expected label CreditCard, got  ([]), file Creditcard.csv:1372 data 2360 6553 0490 1113
    regex_detector_test.go:84: Expected label CreditCard, got  ([]), file Creditcard.csv:1373 data 4294 0266 3301 7338
    regex_detector_test.go:84: Expected label CreditCard, got  ([]), file Creditcard.csv:1374 data 6158 7048 1350 8842
    regex_detector_test.go:84: Expected label CreditCard, got  ([]), file Creditcard.csv:1375 data 2042 5872 3791 9117
    regex_detector_test.go:84: Expected label CreditCard, got AdharcardNumber ([{AdharcardNumber 0.8}]), file Creditcard.csv:1376 data 1173 2160 8565 8682
    regex_detector_test.go:84: Expected label CreditCard, got  ([]), file Creditcard.csv:1377 data 6582 5372 8956 4743
    regex_detector_test.go:84: Expected label CreditCard, got  ([]), file Creditcard.csv:1378 data 7538 1595 9752 1290
    regex_detector_test.go:84: Expected label CreditCard, got  ([]), file Creditcard.csv:1379 data 1865 7979 5235 6125
    regex_detector_test.go:84: Expected label CreditCard, got  ([]), file Creditcard.csv:1380 data 9004 2070 0465 7670
    regex_detector_test.go:84: Expected label CreditCard, got  ([]), file Creditcard.csv:1381 data 4538 1842 7120 9910
    regex_detector_test.go:84: Expected label CreditCard, got  ([]), file Creditcard.csv:1382 data 7058 2061 0271 4399
    regex_detector_test.go:84: Expected label CreditCard, got  ([]), file Creditcard.csv:1383 data 0937 6482 4196 9268
    regex_detector_test.go:84: Expected label CreditCard, got  ([]), file Creditcard.csv:1384 data 2631 1129 8951 1938
    regex_detector_test.go:84: Expected label CreditCard, got  ([]), file Creditcard.csv:1385 data 0973 5224 1017 0778
    regex_detector_test.go:84: Expected label CreditCard, got  ([]), file Creditcard.csv:1386 data 5983 5858 7507 7074
    regex_detector_test.go:84: Expected label CreditCard, got  ([]), file Creditcard.csv:1387 data 7606 2797 4593 6135
    regex_detector_test.go:84: Expected label CreditCard, got  ([]), file Creditcard.csv:1388 data 8016 3772 1396 8525
    regex_detector_test.go:84: Expected label CreditCard, got  ([]), file Creditcard.csv:1389 data 7154 6473 2253 0203
    regex_detector_test.go:84: Expected label CreditCard, got  ([]), file Creditcard.csv:1390 data 6099 1896 4830 3180
    regex_detector_test.go:84: Expected label CreditCard, got  ([]), file Creditcard.csv:1391 data 8718 1706 1047 0572
    regex_detector_test.go:84: Expected label CreditCard, got  ([]), file Creditcard.csv:1392 data 8046 3530 5354 5675
    regex_detector_test.go:84: Expected label CreditCard, got  ([]), file Creditcard.csv:1393 data 2910 4600 4465 4002
    regex_detector_test.go:84: Expected label CreditCard, got  ([]), file Creditcard.csv:1394 data 1917 7540 7654 9490
    regex_detector_test.go:84: Expected label CreditCard, got  ([]), file Creditcard.csv:1395 data 0610 8368 4626 4077
    regex_detector_test.go:84: Expected label CreditCard, got  ([]), file Creditcard.csv:1396 data 6693 7417 3429 7705
    regex_detector_test.go:84: Expected label CreditCard, got  ([]), file Creditcard.csv:1397 data 6723 9048 6451 9758
    regex_detector_test.go:84: Expected label CreditCard, got  ([]), file Creditcard.csv:1398 data 1605 7215 9081 3202
    regex_detector_test.go:84: Expected label CreditCard, got AdharcardNumber ([{AdharcardNumber 0.8}]), file Creditcard.csv:1399 data 1012 6130 3867 0216
    regex_detector_test.go:84: Expected label CreditCard, got  ([]), file Creditcard.csv:1400 data 9088 6821 3950 4051
    regex_detector_test.go:84: Expected label CreditCard, got  ([]), file Creditcard.csv:1401 data 6199 2150 2099 7036
    regex_detector_test.go:84: Expected label CreditCard, got  ([]), file Creditcard.csv:1402 data 7346 8727 1968 6519
    regex_detector_test.go:84: Expected label CreditCard, got AdharcardNumber ([{AdharcardNumber 0.8}]), file Creditcard.csv:1403 data 6642 6673 7133 1202
    regex_detector_test.go:84: Expected label CreditCard, got  ([]), file Creditcard.csv:1404 data 7421 8736 8028 4792
    regex_detector_test.go:84: Expected label CreditCard, got AdharcardNumber ([{AdharcardNumber 0.8}]), file Creditcard.csv:1405 data 9630 2016 2045 0417
    regex_detector_test.go:84: Expected label CreditCard, got  ([]), file Creditcard.csv:1406 data 1664 7863 0577 9936
    regex_detector_test.go:84: Expected label CreditCard, got AdharcardNumber ([{AdharcardNumber 0.8}]), file Creditcard.csv:1407 data 9902 3759 4308 6224
    regex_detector_test.go:84: Expected label CreditCard, got  ([]), file Creditcard.csv:1409 data 6968 0299 1594 8951
    regex_detector_test.go:84: Expected label CreditCard, got  ([]), file Creditcard.csv:1410 data 1818 6019 1047 3536
    regex_detector_test.go:84: Expected label CreditCard, got  ([]), file Creditcard.csv:1411 data 0360 4403 7660 9455
    regex_detector_test.go:84: Expected label CreditCard, got  ([]), file Creditcard.csv:1412 data 3676 9215 3349 5041
    regex_detector_test.go:84: Expected label CreditCard, got  ([]), file Creditcard.csv:1413 data 9116 6770 8401 1652
    regex_detector_test.go:84: Expected label CreditCard, got  ([]), file Creditcard.csv:1414 data 6788 0521 6423 3185
    regex_detector_test.go:84: Expected label CreditCard, got  ([]), file Creditcard.csv:1415 data 8853 5202 0659 5542
    regex_detector_test.go:84: Expected label CreditCard, got  ([]), file Creditcard.csv:1416 data 2561 3215 7393 7159
    regex_detector_test.go:84: Expected label CreditCard, got  ([]), file Creditcard.csv:1417 data 1527 0934 6139 2731
    regex_detector_test.go:84: Expected label CreditCard, got  ([]), file Creditcard.csv:1419 data 4999 8760 7620 2167
    regex_detector_test.go:84: Expected label CreditCard, got AdharcardNumber ([{AdharcardNumber 0.8}]), file Creditcard.csv:1420 data 6178 5483 1835 2512
    regex_detector_test.go:84: Expected label CreditCard, got  ([]), file Creditcard.csv:1421 data 1970 3299 8595 9859
    regex_detector_test.go:84: Expected label CreditCard, got  ([]), file Creditcard.csv:1423 data 5414 7045 0975 5362
    regex_detector_test.go:84: Expected label CreditCard, got  ([]), file Creditcard.csv:1424 data 0431 8462 4375 8420
    regex_detector_test.go:84: Expected label CreditCard, got  ([]), file Creditcard.csv:1425 data 2180 3711 9933 0453
    regex_detector_test.go:84: Expected label CreditCard, got AdharcardNumber ([{AdharcardNumber 0.8}]), file Creditcard.csv:1426 data 0685 4454 6311 2521
    regex_detector_test.go:84: Expected label CreditCard, got  ([]), file Creditcard.csv:1427 data 4219 1892 1920 8438
    regex_detector_test.go:84: Expected label CreditCard, got  ([]), file Creditcard.csv:1428 data 9218 3012 8764 8167
    regex_detector_test.go:84: Expected label CreditCard, got  ([]), file Creditcard.csv:1429 data 4160 3913 6327 0148
    regex_detector_test.go:84: Expected label CreditCard, got  ([]), file Creditcard.csv:1430 data 8330 2629 2313 9226
    regex_detector_test.go:84: Expected label CreditCard, got  ([]), file Creditcard.csv:1431 data 7788 0564 1546 0131
    regex_detector_test.go:84: Expected label CreditCard, got  ([]), file Creditcard.csv:1432 data 3627 0706 5849 2205
    regex_detector_test.go:84: Expected label CreditCard, got AdharcardNumber ([{AdharcardNumber 0.8}]), file Creditcard.csv:1433 data 4546 9334 9984 0114
    regex_detector_test.go:84: Expected label CreditCard, got  ([]), file Creditcard.csv:1435 data 8125 4223 7346 5091
    regex_detector_test.go:84: Expected label CreditCard, got  ([]), file Creditcard.csv:1436 data 5643 6040 3095 7765
    regex_detector_test.go:84: Expected label CreditCard, got  ([]), file Creditcard.csv:1437 data 4129 4300 1726 1676
    regex_detector_test.go:84: Expected label CreditCard, got  ([]), file Creditcard.csv:1438 data 9586 4813 0103 3127
    regex_detector_test.go:84: Expected label CreditCard, got  ([]), file Creditcard.csv:1439 data 1921 4995 5369 9003
    regex_detector_test.go:84: Expected label CreditCard, got  ([]), file Creditcard.csv:1440 data 0761 6299 1938 5395
    regex_detector_test.go:84: Expected label CreditCard, got  ([]), file Creditcard.csv:1441 data 2967 2302 5757 6243
    regex_detector_test.go:84: Expected label CreditCard, got  ([]), file Creditcard.csv:1442 data 3901 9341 3562 6729
    regex_detector_test.go:84: Expected label CreditCard, got  ([]), file Creditcard.csv:1443 data 9404 4578 8270 4038
    regex_detector_test.go:84: Expected label CreditCard, got  ([]), file Creditcard.csv:1444 data 8094 0912 9985 2100
    regex_detector_test.go:84: Expected label CreditCard, got AdharcardNumber ([{AdharcardNumber 0.8}]), file Creditcard.csv:1445 data 4042 5463 4770 0184
    regex_detector_test.go:84: Expected label CreditCard, got AdharcardNumber ([{AdharcardNumber 0.8}]), file Creditcard.csv:1446 data 7460 8747 0606 5951
    regex_detector_test.go:84: Expected label CreditCard, got  ([]), file Creditcard.csv:1447 data 5667 5417 2939 3329
    regex_detector_test.go:84: Expected label CreditCard, got  ([]), file Creditcard.csv:1448 data 6186 2360 9222 3003
    regex_detector_test.go:84: Expected label CreditCard, got  ([]), file Creditcard.csv:1449 data 7295 6775 3274 1844
    regex_detector_test.go:84: Expected label CreditCard, got  ([]), file Creditcard.csv:1450 data 7546 7389 6352 9565
    regex_detector_test.go:84: Expected label CreditCard, got  ([]), file Creditcard.csv:1451 data 1746 6319 0702 9853
    regex_detector_test.go:84: Expected label CreditCard, got  ([]), file Creditcard.csv:1452 data 9049 6379 3152 7715
    regex_detector_test.go:84: Expected label CreditCard, got  ([]), file Creditcard.csv:1453 data 0091 1305 0372 8401
    regex_detector_test.go:84: Expected label CreditCard, got  ([]), file Creditcard.csv:1454 data 2833 4670 8130 5720
    regex_detector_test.go:84: Expected label CreditCard, got  ([]), file Creditcard.csv:1455 data 1707 5462 1614 8390
    regex_detector_test.go:84: Expected label CreditCard, got  ([]), file Creditcard.csv:1456 data 7459 2468 7962 2755
    regex_detector_test.go:84: Expected label CreditCard, got  ([]), file Creditcard.csv:1457 data 1580 0417 4978 6104
    regex_detector_test.go:84: Expected label CreditCard, got  ([]), file Creditcard.csv:1458 data 7109 1975 8735 8304
    regex_detector_test.go:84: Expected label CreditCard, got AdharcardNumber ([{AdharcardNumber 0.8}]), file Creditcard.csv:1459 data 1141 2995 0804 2134
    regex_detector_test.go:84: Expected label CreditCard, got  ([]), file Creditcard.csv:1460 data 7337 4055 5588 9374
    regex_detector_test.go:84: Expected label CreditCard, got  ([]), file Creditcard.csv:1461 data 9402 4690 8678 7992
    regex_detector_test.go:84: Expected label CreditCard, got  ([]), file Creditcard.csv:1462 data 1800 1339 6762 0118
    regex_detector_test.go:84: Expected label CreditCard, got  ([]), file Creditcard.csv:1463 data 3362 4592 2202 4619
    regex_detector_test.go:84: Expected label CreditCard, got  ([]), file Creditcard.csv:1464 data 2502 7433 5985 5670
    regex_detector_test.go:84: Expected label CreditCard, got  ([]), file Creditcard.csv:1465 data 9711 5604 1316 2378
    regex_detector_test.go:84: Expected label CreditCard, got  ([]), file Creditcard.csv:1466 data 8913 9704 1438 2134
    regex_detector_test.go:84: Expected label CreditCard, got AdharcardNumber ([{AdharcardNumber 0.8}]), file Creditcard.csv:1467 data 8046 8155 0315 4518
    regex_detector_test.go:84: Expected label CreditCard, got  ([]), file Creditcard.csv:1468 data 9749 5754 4434 9828
    regex_detector_test.go:84: Expected label CreditCard, got  ([]), file Creditcard.csv:1469 data 3084 1642 5748 2465
    regex_detector_test.go:84: Expected label CreditCard, got  ([]), file Creditcard.csv:1470 data 5571 2936 5742 6090
    regex_detector_test.go:84: Expected label CreditCard, got  ([]), file Creditcard.csv:1471 data 2372 6736 3862 9472
    regex_detector_test.go:84: Expected label CreditCard, got  ([]), file Creditcard.csv:1472 data 1660 8027 6253 5294
    regex_detector_test.go:84: Expected label CreditCard, got  ([]), file Creditcard.csv:1473 data 6371 2348 2945 4364
    regex_detector_test.go:84: Expected label CreditCard, got  ([]), file Creditcard.csv:1474 data 1097 7449 0570 0526
    regex_detector_test.go:84: Expected label CreditCard, got  ([]), file Creditcard.csv:1476 data 0837 8848 0306 6657
    regex_detector_test.go:84: Expected label CreditCard, got  ([]), file Creditcard.csv:1477 data 3129 8163 0388 1277
    regex_detector_test.go:84: Expected label CreditCard, got  ([]), file Creditcard.csv:1478 data 1014 7657 9609 6250
    regex_detector_test.go:84: Expected label CreditCard, got  ([]), file Creditcard.csv:1479 data 3200 3336 5884 6306
    regex_detector_test.go:84: Expected label CreditCard, got AdharcardNumber ([{AdharcardNumber 0.8}]), file Creditcard.csv:1480 data 0860 8031 7508 6158
    regex_detector_test.go:84: Expected label CreditCard, got  ([]), file Creditcard.csv:1481 data 5781 9170 8850 1782
    regex_detector_test.go:84: Expected label CreditCard, got  ([]), file Creditcard.csv:1482 data 3593 1969 5575 7070
    regex_detector_test.go:84: Expected label CreditCard, got  ([]), file Creditcard.csv:1483 data 9999 9926 6100 8912
    regex_detector_test.go:84: Expected label CreditCard, got  ([]), file Creditcard.csv:1484 data 8930 1791 9034 8869
    regex_detector_test.go:84: Expected label CreditCard, got  ([]), file Creditcard.csv:1485 data 0236 8049 5207 2086
    regex_detector_test.go:84: Expected label CreditCard, got  ([]), file Creditcard.csv:1486 data 2119 3059 8290 0656
    regex_detector_test.go:84: Expected label CreditCard, got  ([]), file Creditcard.csv:1487 data 0674 8747 0701 6123
    regex_detector_test.go:84: Expected label CreditCard, got  ([]), file Creditcard.csv:1488 data 7238 5951 0797 3778
    regex_detector_test.go:84: Expected label CreditCard, got  ([]), file Creditcard.csv:1489 data 3250 0336 1118 7187
    regex_detector_test.go:84: Expected label CreditCard, got  ([]), file Creditcard.csv:1490 data 0499 7443 5457 0502
    regex_detector_test.go:84: Expected label CreditCard, got AdharcardNumber ([{AdharcardNumber 0.8}]), file Creditcard.csv:1491 data 6432 0745 7281 5022
    regex_detector_test.go:84: Expected label CreditCard, got  ([]), file Creditcard.csv:1492 data 7406 1019 8466 0667
    regex_detector_test.go:84: Expected label CreditCard, got AdharcardNumber ([{AdharcardNumber 0.8}]), file Creditcard.csv:1493 data 7034 2036 2807 1972
    regex_detector_test.go:84: Expected label CreditCard, got  ([]), file Creditcard.csv:1494 data 7705 3741 8301 5944
    regex_detector_test.go:84: Expected label CreditCard, got  ([]), file Creditcard.csv:1495 data 3406 8954 8270 3426
    regex_detector_test.go:84: Expected label CreditCard, got  ([]), file Creditcard.csv:1496 data 4001 1709 1258 1538
    regex_detector_test.go:84: Expected label CreditCard, got  ([]), file Creditcard.csv:1497 data 3573 6802 3456 4453
    regex_detector_test.go:84: Expected label CreditCard, got  ([]), file Creditcard.csv:1498 data 1957 9531 6960 0108
    regex_detector_test.go:84: Expected label CreditCard, got  ([]), file Creditcard.csv:1499 data 5507 1201 4764 3891
    regex_detector_test.go:84: Expected label CreditCard, got  ([]), file Creditcard.csv:1500 data 5729 2040 7939 1067
    regex_detector_test.go:84: Expected label CreditCard, got  ([]), file Creditcard.csv:1501 data 3761 5023 3183 0052
    regex_detector_test.go:84: Expected label CreditCard, got  ([]), file Creditcard.csv:1502 data 5343 2003 9132 4013
    regex_detector_test.go:84: Expected label CreditCard, got  ([]), file Creditcard.csv:1503 data 8619 0173 3825 1100
    regex_detector_test.go:84: Expected label CreditCard, got  ([]), file Creditcard.csv:1504 data 3018 6191 8263 8695
    regex_detector_test.go:84: Expected label CreditCard, got  ([]), file Creditcard.csv:1506 data 1910 9100 0561 4388
    regex_detector_test.go:84: Expected label CreditCard, got AdharcardNumber ([{AdharcardNumber 0.8}]), file Creditcard.csv:1507 data 8538 6911 3637 4757
    regex_detector_test.go:84: Expected label CreditCard, got AdharcardNumber ([{AdharcardNumber 0.8}]), file Creditcard.csv:1508 data 6045 2500 0860 0227
    regex_detector_test.go:84: Expected label CreditCard, got  ([]), file Creditcard.csv:1510 data 6939 5960 5783 8940
    regex_detector_test.go:84: Expected label CreditCard, got  ([]), file Creditcard.csv:1511 data 4473 1540 5325 1783
    regex_detector_test.go:84: Expected label CreditCard, got  ([]), file Creditcard.csv:1512 data 9763 6570 8711 6630
    regex_detector_test.go:84: Expected label CreditCard, got  ([]), file Creditcard.csv:1513 data 9713 8215 3770 5852
    regex_detector_test.go:84: Expected label CreditCard, got AdharcardNumber ([{AdharcardNumber 0.8}]), file Creditcard.csv:1514 data 2604 4245 0909 2745
    regex_detector_test.go:84: Expected label CreditCard, got  ([]), file Creditcard.csv:1516 data 4473 1606 3674 2512
    regex_detector_test.go:84: Expected label CreditCard, got  ([]), file Creditcard.csv:1517 data 0111 3551 5302 0801
    regex_detector_test.go:84: Expected label CreditCard, got  ([]), file Creditcard.csv:1518 data 7944 2004 7764 1114
    regex_detector_test.go:84: Expected label CreditCard, got  ([]), file Creditcard.csv:1519 data 3835 1253 7778 1895
    regex_detector_test.go:84: Expected label CreditCard, got  ([]), file Creditcard.csv:1520 data 4089 2508 0409 0448
    regex_detector_test.go:84: Expected label CreditCard, got  ([]), file Creditcard.csv:1521 data 6189 9119 7820 8113
    regex_detector_test.go:84: Expected label CreditCard, got  ([]), file Creditcard.csv:1522 data 6926 0207 3539 8323
    regex_detector_test.go:84: Expected label CreditCard, got  ([]), file Creditcard.csv:1523 data 6562 7647 0561 5485
    regex_detector_test.go:84: Expected label CreditCard, got  ([]), file Creditcard.csv:1524 data 7103 7340 4869 3706
    regex_detector_test.go:84: Expected label CreditCard, got  ([]), file Creditcard.csv:1525 data 8566 5900 5273 9743
    regex_detector_test.go:84: Expected label CreditCard, got  ([]), file Creditcard.csv:1526 data 9715 0368 3557 6377
    regex_detector_test.go:84: Expected label CreditCard, got  ([]), file Creditcard.csv:1527 data 8272 2014 3193 6160
    regex_detector_test.go:84: Expected label CreditCard, got  ([]), file Creditcard.csv:1528 data 8401 6960 4635 0031
    regex_detector_test.go:84: Expected label CreditCard, got  ([]), file Creditcard.csv:1529 data 4502 1383 7606 4789
    regex_detector_test.go:84: Expected label CreditCard, got  ([]), file Creditcard.csv:1531 data 0326 1844 1767 5646
    regex_detector_test.go:84: Expected label CreditCard, got  ([]), file Creditcard.csv:1532 data 4003 5047 9087 0004
    regex_detector_test.go:84: Expected label CreditCard, got  ([]), file Creditcard.csv:1533 data 1584 5055 5120 5846
    regex_detector_test.go:84: Expected label CreditCard, got AdharcardNumber ([{AdharcardNumber 0.8}]), file Creditcard.csv:1534 data 4808 9508 6118 4392
    regex_detector_test.go:84: Expected label CreditCard, got  ([]), file Creditcard.csv:1535 data 1556 5969 5178 3386
    regex_detector_test.go:84: Expected label CreditCard, got  ([]), file Creditcard.csv:1536 data 7469 1789 8173 2533
    regex_detector_test.go:84: Expected label CreditCard, got AdharcardNumber ([{AdharcardNumber 0.8}]), file Creditcard.csv:1537 data 3835 6325 8124 3853
    regex_detector_test.go:84: Expected label CreditCard, got AdharcardNumber ([{AdharcardNumber 0.8}]), file Creditcard.csv:1538 data 0179 1607 8660 0180
    regex_detector_test.go:84: Expected label CreditCard, got  ([]), file Creditcard.csv:1539 data 2776 8126 6754 9002
    regex_detector_test.go:84: Expected label CreditCard, got  ([]), file Creditcard.csv:1540 data 8303 2952 6729 0697
    regex_detector_test.go:84: Expected label CreditCard, got  ([]), file Creditcard.csv:1541 data 4980 7205 1172 6270
    regex_detector_test.go:84: Expected label CreditCard, got  ([]), file Creditcard.csv:1542 data 2147 1932 4703 6867
    regex_detector_test.go:84: Expected label CreditCard, got  ([]), file Creditcard.csv:1543 data 7387 5424 1265 5760
    regex_detector_test.go:84: Expected label CreditCard, got  ([]), file Creditcard.csv:1544 data 4539 3013 2266 8969
    regex_detector_test.go:84: Expected label CreditCard, got  ([]), file Creditcard.csv:1545 data 0489 2289 7965 6589
    regex_detector_test.go:84: Expected label CreditCard, got  ([]), file Creditcard.csv:1546 data 7820 6153 1249 6573
    regex_detector_test.go:84: Expected label CreditCard, got  ([]), file Creditcard.csv:1547 data 2310 9403 5977 4616
    regex_detector_test.go:84: Expected label CreditCard, got  ([]), file Creditcard.csv:1548 data 9147 2106 2140 3365
    regex_detector_test.go:84: Expected label CreditCard, got  ([]), file Creditcard.csv:1549 data 0720 6597 8013 3875
    regex_detector_test.go:84: Expected label CreditCard, got  ([]), file Creditcard.csv:1550 data 0678 4805 0216 4655
    regex_detector_test.go:84: Expected label CreditCard, got  ([]), file Creditcard.csv:1551 data 6721 8202 5223 1403
    regex_detector_test.go:84: Expected label CreditCard, got  ([]), file Creditcard.csv:1552 data 3848 0369 0416 2641
    regex_detector_test.go:84: Expected label CreditCard, got  ([]), file Creditcard.csv:1553 data 2079 6564 6573 5221
    regex_detector_test.go:84: Expected label CreditCard, got  ([]), file Creditcard.csv:1554 data 6533 7682 1700 2142
    regex_detector_test.go:84: Expected label CreditCard, got  ([]), file Creditcard.csv:1555 data 1797 8943 7872 8219
    regex_detector_test.go:84: Expected label CreditCard, got  ([]), file Creditcard.csv:1556 data 3948 0602 9506 2086
    regex_detector_test.go:84: Expected label CreditCard, got  ([]), file Creditcard.csv:1557 data 6408 5680 7870 6784
    regex_detector_test.go:84: Expected label CreditCard, got  ([]), file Creditcard.csv:1558 data 5473 1805 7792 7333
    regex_detector_test.go:84: Expected label CreditCard, got  ([]), file Creditcard.csv:1559 data 4998 4976 2811 2490
    regex_detector_test.go:84: Expected label CreditCard, got  ([]), file Creditcard.csv:1560 data 0652 5854 1504 9381
    regex_detector_test.go:84: Expected label CreditCard, got  ([]), file Creditcard.csv:1562 data 8310 3308 4520 3559
    regex_detector_test.go:84: Expected label CreditCard, got  ([]), file Creditcard.csv:1563 data 6303 8820 2811 7046
    regex_detector_test.go:84: Expected label CreditCard, got  ([]), file Creditcard.csv:1564 data 1151 4095 9670 2671
    regex_detector_test.go:84: Expected label CreditCard, got  ([]), file Creditcard.csv:1565 data 4464 6087 8208 1828
    regex_detector_test.go:84: Expected label CreditCard, got  ([]), file Creditcard.csv:1566 data 9141 0539 1596 1995
    regex_detector_test.go:84: Expected label CreditCard, got  ([]), file Creditcard.csv:1567 data 2871 0010 8703 8395
    regex_detector_test.go:84: Expected label CreditCard, got  ([]), file Creditcard.csv:1568 data 9681 4930 2127 0286
    regex_detector_test.go:84: Expected label CreditCard, got  ([]), file Creditcard.csv:1569 data 9945 7741 5423 0827
    regex_detector_test.go:84: Expected label CreditCard, got  ([]), file Creditcard.csv:1570 data 1542 9142 2120 2343
    regex_detector_test.go:84: Expected label CreditCard, got  ([]), file Creditcard.csv:1571 data 6906 0227 7173 7465
    regex_detector_test.go:84: Expected label CreditCard, got  ([]), file Creditcard.csv:1572 data 5414 8858 0274 3276
    regex_detector_test.go:84: Expected label CreditCard, got  ([]), file Creditcard.csv:1574 data 7152 0198 6373 0584
    regex_detector_test.go:84: Expected label CreditCard, got  ([]), file Creditcard.csv:1575 data 5040 2513 5916 0965
    regex_detector_test.go:84: Expected label CreditCard, got  ([]), file Creditcard.csv:1576 data 9873 1667 9511 6307
    regex_detector_test.go:84: Expected label CreditCard, got  ([]), file Creditcard.csv:1577 data 4867 9047 5535 1453
    regex_detector_test.go:84: Expected label CreditCard, got  ([]), file Creditcard.csv:1578 data 9623 9418 8996 5569
    regex_detector_test.go:84: Expected label CreditCard, got  ([]), file Creditcard.csv:1579 data 2774 0416 3519 5700
    regex_detector_test.go:84: Expected label CreditCard, got  ([]), file Creditcard.csv:1580 data 1606 5177 4320 9586
    regex_detector_test.go:84: Expected label CreditCard, got  ([]), file Creditcard.csv:1581 data 1401 6947 1498 8806
    regex_detector_test.go:84: Expected label CreditCard, got AdharcardNumber ([{AdharcardNumber 0.8}]), file Creditcard.csv:1582 data 8063 5656 3141 5562
    regex_detector_test.go:84: Expected label CreditCard, got AdharcardNumber ([{AdharcardNumber 0.8}]), file Creditcard.csv:1583 data 3046 7659 6586 2534
    regex_detector_test.go:84: Expected label CreditCard, got  ([]), file Creditcard.csv:1584 data 3266 6246 8148 4472
    regex_detector_test.go:84: Expected label CreditCard, got  ([]), file Creditcard.csv:1585 data 6294 6766 4924 3926
    regex_detector_test.go:84: Expected label CreditCard, got  ([]), file Creditcard.csv:1586 data 2056 0137 0606 5177
    regex_detector_test.go:84: Expected label CreditCard, got  ([]), file Creditcard.csv:1588 data 9241 4130 4325 0342
    regex_detector_test.go:84: Expected label CreditCard, got  ([]), file Creditcard.csv:1589 data 6331 1796 3014 0383
    regex_detector_test.go:84: Expected label CreditCard, got  ([]), file Creditcard.csv:1590 data 1074 4430 1547 0119
    regex_detector_test.go:84: Expected label CreditCard, got  ([]), file Creditcard.csv:1591 data 6308 6511 5786 2419
    regex_detector_test.go:84: Expected label CreditCard, got  ([]), file Creditcard.csv:1592 data 0613 7829 6768 6240
    regex_detector_test.go:84: Expected label CreditCard, got  ([]), file Creditcard.csv:1593 data 2676 5521 8711 1186
    regex_detector_test.go:84: Expected label CreditCard, got  ([]), file Creditcard.csv:1594 data 3176 2092 0566 2922
    regex_detector_test.go:84: Expected label CreditCard, got  ([]), file Creditcard.csv:1595 data 5232 6155 7555 4718
    regex_detector_test.go:84: Expected label CreditCard, got  ([]), file Creditcard.csv:1596 data 2881 9691 6340 9991
    regex_detector_test.go:84: Expected label CreditCard, got  ([]), file Creditcard.csv:1597 data 9099 0756 0694 3755
    regex_detector_test.go:84: Expected label CreditCard, got  ([]), file Creditcard.csv:1598 data 8178 9680 4115 4765
    regex_detector_test.go:84: Expected label CreditCard, got  ([]), file Creditcard.csv:1599 data 4189 1032 2025 5572
    regex_detector_test.go:84: Expected label CreditCard, got  ([]), file Creditcard.csv:1600 data 8346 8410 0406 0506
    regex_detector_test.go:84: Expected label CreditCard, got  ([]), file Creditcard.csv:1601 data 3709 2709 4683 3034
    regex_detector_test.go:84: Expected label CreditCard, got AdharcardNumber ([{AdharcardNumber 0.8}]), file Creditcard.csv:1602 data 2121 0987 5191 2900
    regex_detector_test.go:84: Expected label CreditCard, got  ([]), file Creditcard.csv:1603 data 0401 7683 3458 4632
    regex_detector_test.go:84: Expected label CreditCard, got  ([]), file Creditcard.csv:1604 data 5787 1294 0712 8369
    regex_detector_test.go:84: Expected label CreditCard, got  ([]), file Creditcard.csv:1605 data 1451 9066 6363 9886
    regex_detector_test.go:84: Expected label CreditCard, got  ([]), file Creditcard.csv:1606 data 7089 5949 4101 4883
    regex_detector_test.go:84: Expected label CreditCard, got  ([]), file Creditcard.csv:1608 data 7933 4833 8273 3101
    regex_detector_test.go:84: Expected label CreditCard, got  ([]), file Creditcard.csv:1609 data 0297 0300 5056 3512
    regex_detector_test.go:84: Expected label CreditCard, got  ([]), file Creditcard.csv:1610 data 4427 7333 2430 6104
    regex_detector_test.go:84: Expected label CreditCard, got  ([]), file Creditcard.csv:1611 data 1273 8529 4827 0119
    regex_detector_test.go:84: Expected label CreditCard, got  ([]), file Creditcard.csv:1612 data 5111 5874 1741 6421
    regex_detector_test.go:84: Expected label CreditCard, got  ([]), file Creditcard.csv:1613 data 4609 9442 8208 9641
    regex_detector_test.go:84: Expected label CreditCard, got  ([]), file Creditcard.csv:1614 data 0414 5730 1695 5274
    regex_detector_test.go:84: Expected label CreditCard, got  ([]), file Creditcard.csv:1615 data 4070 0060 1284 0856
    regex_detector_test.go:84: Expected label CreditCard, got  ([]), file Creditcard.csv:1616 data 0392 0744 4109 4547
    regex_detector_test.go:84: Expected label CreditCard, got AdharcardNumber ([{AdharcardNumber 0.8}]), file Creditcard.csv:1617 data 5435 4302 6440 3197
    regex_detector_test.go:84: Expected label CreditCard, got  ([]), file Creditcard.csv:1618 data 4292 2131 0134 5678
    regex_detector_test.go:84: Expected label CreditCard, got  ([]), file Creditcard.csv:1619 data 0864 7210 2019 6823
    regex_detector_test.go:84: Expected label CreditCard, got  ([]), file Creditcard.csv:1620 data 0996 7622 1906 7106
    regex_detector_test.go:84: Expected label CreditCard, got  ([]), file Creditcard.csv:1621 data 4850 4701 6488 0789
    regex_detector_test.go:84: Expected label CreditCard, got  ([]), file Creditcard.csv:1623 data 0516 4563 1734 5148
    regex_detector_test.go:84: Expected label CreditCard, got  ([]), file Creditcard.csv:1624 data 5149 2055 7977 0915
    regex_detector_test.go:84: Expected label CreditCard, got  ([]), file Creditcard.csv:1625 data 5699 6453 6657 7533
    regex_detector_test.go:84: Expected label CreditCard, got AdharcardNumber ([{AdharcardNumber 0.8}]), file Creditcard.csv:1626 data 9258 2460 1939 4417
    regex_detector_test.go:84: Expected label CreditCard, got  ([]), file Creditcard.csv:1627 data 5598 9312 5438 7560
    regex_detector_test.go:84: Expected label CreditCard, got  ([]), file Creditcard.csv:1628 data 9510 8453 1708 7384
    regex_detector_test.go:84: Expected label CreditCard, got  ([]), file Creditcard.csv:1629 data 5031 8811 5752 2529
    regex_detector_test.go:84: Expected label CreditCard, got  ([]), file Creditcard.csv:1630 data 3188 8072 5629 9371
    regex_detector_test.go:84: Expected label CreditCard, got  ([]), file Creditcard.csv:1631 data 2495 1663 6367 7830
    regex_detector_test.go:84: Expected label CreditCard, got  ([]), file Creditcard.csv:1632 data 4798 2676 5734 3295
    regex_detector_test.go:84: Expected label CreditCard, got  ([]), file Creditcard.csv:1633 data 8610 4371 6346 7570
    regex_detector_test.go:84: Expected label CreditCard, got  ([]), file Creditcard.csv:1634 data 2124 9372 4345 4925
    regex_detector_test.go:84: Expected label CreditCard, got  ([]), file Creditcard.csv:1636 data 0898 4065 7710 0851
    regex_detector_test.go:84: Expected label CreditCard, got  ([]), file Creditcard.csv:1637 data 7282 5770 0827 8828
    regex_detector_test.go:84: Expected label CreditCard, got  ([]), file Creditcard.csv:1638 data 4083 4629 5085 0414
    regex_detector_test.go:84: Expected label CreditCard, got  ([]), file Creditcard.csv:1639 data 2093 4954 0885 1464
    regex_detector_test.go:84: Expected label CreditCard, got  ([]), file Creditcard.csv:1640 data 0207 3073 1819 1104
    regex_detector_test.go:84: Expected label CreditCard, got  ([]), file Creditcard.csv:1641 data 4424 9218 5421 5782
    regex_detector_test.go:84: Expected label CreditCard, got  ([]), file Creditcard.csv:1642 data 8715 2865 0609 9558
    regex_detector_test.go:84: Expected label CreditCard, got AdharcardNumber ([{AdharcardNumber 0.8}]), file Creditcard.csv:1643 data 9374 0152 3053 1346
    regex_detector_test.go:84: Expected label CreditCard, got  ([]), file Creditcard.csv:1644 data 1656 4867 4300 2317
    regex_detector_test.go:84: Expected label CreditCard, got AdharcardNumber ([{AdharcardNumber 0.8}]), file Creditcard.csv:1645 data 7110 8260 2098 5837
    regex_detector_test.go:84: Expected label CreditCard, got  ([]), file Creditcard.csv:1646 data 3614 8680 8595 9796
    regex_detector_test.go:84: Expected label CreditCard, got  ([]), file Creditcard.csv:1647 data 0614 4237 5463 9982
    regex_detector_test.go:84: Expected label CreditCard, got  ([]), file Creditcard.csv:1648 data 5072 0681 2164 7694
    regex_detector_test.go:84: Expected label CreditCard, got  ([]), file Creditcard.csv:1649 data 6037 9112 4081 8355
    regex_detector_test.go:84: Expected label CreditCard, got  ([]), file Creditcard.csv:1650 data 1387 9628 6589 2862
    regex_detector_test.go:84: Expected label CreditCard, got  ([]), file Creditcard.csv:1651 data 2095 2011 0175 0846
    regex_detector_test.go:84: Expected label CreditCard, got  ([]), file Creditcard.csv:1652 data 7958 2310 3789 9269
    regex_detector_test.go:84: Expected label CreditCard, got  ([]), file Creditcard.csv:1653 data 7195 8077 1860 9006
    regex_detector_test.go:84: Expected label CreditCard, got  ([]), file Creditcard.csv:1654 data 2466 2943 7710 6510
    regex_detector_test.go:84: Expected label CreditCard, got  ([]), file Creditcard.csv:1655 data 0093 4646 7468 0418
    regex_detector_test.go:84: Expected label CreditCard, got  ([]), file Creditcard.csv:1656 data 4601 1728 7086 1019
    regex_detector_test.go:84: Expected label CreditCard, got  ([]), file Creditcard.csv:1657 data 2259 6461 1705 4520
    regex_detector_test.go:84: Expected label CreditCard, got  ([]), file Creditcard.csv:1658 data 9699 6310 2608 4496
    regex_detector_test.go:84: Expected label CreditCard, got AdharcardNumber ([{AdharcardNumber 0.8}]), file Creditcard.csv:1659 data 8419 5811 2798 5100
    regex_detector_test.go:84: Expected label CreditCard, got  ([]), file Creditcard.csv:1660 data 9740 5887 5448 0083
    regex_detector_test.go:84: Expected label CreditCard, got  ([]), file Creditcard.csv:1661 data 6042 1309 2238 1461
    regex_detector_test.go:84: Expected label CreditCard, got  ([]), file Creditcard.csv:1662 data 4979 3065 5369 7182
    regex_detector_test.go:84: Expected label CreditCard, got  ([]), file Creditcard.csv:1663 data 0185 6492 1680 0642
    regex_detector_test.go:84: Expected label CreditCard, got  ([]), file Creditcard.csv:1664 data 5113 6376 0812 1642
    regex_detector_test.go:84: Expected label CreditCard, got  ([]), file Creditcard.csv:1665 data 5378 8410 7008 9983
    regex_detector_test.go:84: Expected label CreditCard, got  ([]), file Creditcard.csv:1666 data 3136 3151 4927 8543
    regex_detector_test.go:84: Expected label CreditCard, got  ([]), file Creditcard.csv:1667 data 0899 4640 6011 1301
    regex_detector_test.go:84: Expected label CreditCard, got  ([]), file Creditcard.csv:1668 data 1692 4102 8836 6815
    regex_detector_test.go:84: Expected label CreditCard, got  ([]), file Creditcard.csv:1669 data 9346 6494 0391 6301
    regex_detector_test.go:84: Expected label CreditCard, got  ([]), file Creditcard.csv:1670 data 7689 2416 5946 2397
    regex_detector_test.go:84: Expected label CreditCard, got  ([]), file Creditcard.csv:1671 data 1490 2159 0177 9971
    regex_detector_test.go:84: Expected label CreditCard, got  ([]), file Creditcard.csv:1672 data 0667 0903 8101 6066
    regex_detector_test.go:84: Expected label CreditCard, got  ([]), file Creditcard.csv:1673 data 7776 5004 5314 1671
    regex_detector_test.go:84: Expected label CreditCard, got  ([]), file Creditcard.csv:1674 data 6484 8406 7952 8420
    regex_detector_test.go:84: Expected label CreditCard, got  ([]), file Creditcard.csv:1675 data 9212 1357 1797 3465
    regex_detector_test.go:84: Expected label CreditCard, got  ([]), file Creditcard.csv:1676 data 2479 0678 2692 3894
    regex_detector_test.go:84: Expected label CreditCard, got  ([]), file Creditcard.csv:1677 data 9044 1655 9842 1909
    regex_detector_test.go:84: Expected label CreditCard, got  ([]), file Creditcard.csv:1678 data 7147 1932 1547 2010
    regex_detector_test.go:84: Expected label CreditCard, got  ([]), file Creditcard.csv:1679 data 6584 7990 1204 6095
    regex_detector_test.go:84: Expected label CreditCard, got  ([]), file Creditcard.csv:1680 data 5220 2031 6616 6684
    regex_detector_test.go:84: Expected label CreditCard, got  ([]), file Creditcard.csv:1681 data 4759 0162 9172 2483
    regex_detector_test.go:84: Expected label CreditCard, got AdharcardNumber ([{AdharcardNumber 0.8}]), file Creditcard.csv:1682 data 6673 6357 4127 9207
    regex_detector_test.go:84: Expected label CreditCard, got  ([]), file Creditcard.csv:1683 data 0005 1105 3009 0500
    regex_detector_test.go:84: Expected label CreditCard, got  ([]), file Creditcard.csv:1684 data 1120 0528 6011 0589
    regex_detector_test.go:84: Expected label CreditCard, got  ([]), file Creditcard.csv:1685 data 7473 0578 4322 0390
    regex_detector_test.go:84: Expected label CreditCard, got  ([]), file Creditcard.csv:1686 data 3539 8961 1214 0678
    regex_detector_test.go:84: Expected label CreditCard, got  ([]), file Creditcard.csv:1687 data 9120 9081 1454 8095
    regex_detector_test.go:84: Expected label CreditCard, got  ([]), file Creditcard.csv:1688 data 5503 1559 0201 9976
    regex_detector_test.go:84: Expected label CreditCard, got  ([]), file Creditcard.csv:1689 data 6526 1495 2077 7349
    regex_detector_test.go:84: Expected label CreditCard, got  ([]), file Creditcard.csv:1690 data 1047 3652 8827 8541
    regex_detector_test.go:84: Expected label CreditCard, got  ([]), file Creditcard.csv:1691 data 3041 1720 9000 8073
    regex_detector_test.go:84: Expected label CreditCard, got AdharcardNumber ([{AdharcardNumber 0.8}]), file Creditcard.csv:1692 data 9910 0695 6815 1310
    regex_detector_test.go:84: Expected label CreditCard, got  ([]), file Creditcard.csv:1693 data 7499 0125 3885 8505
    regex_detector_test.go:84: Expected label CreditCard, got  ([]), file Creditcard.csv:1695 data 1562 0451 1426 6816
    regex_detector_test.go:84: Expected label CreditCard, got  ([]), file Creditcard.csv:1696 data 4304 5342 2798 6835
    regex_detector_test.go:84: Expected label CreditCard, got  ([]), file Creditcard.csv:1697 data 3647 4180 6193 9706
    regex_detector_test.go:84: Expected label CreditCard, got AdharcardNumber ([{AdharcardNumber 0.8}]), file Creditcard.csv:1698 data 8189 4851 4502 4805
    regex_detector_test.go:84: Expected label CreditCard, got  ([]), file Creditcard.csv:1699 data 6029 4972 7308 9127
    regex_detector_test.go:84: Expected label CreditCard, got  ([]), file Creditcard.csv:1700 data 7943 4737 2041 5888
    regex_detector_test.go:84: Expected label CreditCard, got  ([]), file Creditcard.csv:1702 data 8880 2286 0796 3174
    regex_detector_test.go:84: Expected label CreditCard, got  ([]), file Creditcard.csv:1703 data 0577 9474 3570 1274
    regex_detector_test.go:84: Expected label CreditCard, got  ([]), file Creditcard.csv:1704 data 7071 1413 7912 1988
    regex_detector_test.go:84: Expected label CreditCard, got  ([]), file Creditcard.csv:1705 data 5443 8523 3849 5841
    regex_detector_test.go:84: Expected label CreditCard, got  ([]), file Creditcard.csv:1706 data 9004 9072 5026 7905
    regex_detector_test.go:84: Expected label CreditCard, got  ([]), file Creditcard.csv:1707 data 8729 9054 3077 7248
    regex_detector_test.go:84: Expected label CreditCard, got  ([]), file Creditcard.csv:1708 data 4999 6122 0274 4745
    regex_detector_test.go:84: Expected label CreditCard, got  ([]), file Creditcard.csv:1709 data 3142 8364 5686 8022
    regex_detector_test.go:84: Expected label CreditCard, got  ([]), file Creditcard.csv:1710 data 1103 6936 5433 6961
    regex_detector_test.go:84: Expected label CreditCard, got  ([]), file Creditcard.csv:1711 data 6735 1404 0730 7798
    regex_detector_test.go:84: Expected label CreditCard, got  ([]), file Creditcard.csv:1712 data 1522 3568 6824 2067
    regex_detector_test.go:84: Expected label CreditCard, got  ([]), file Creditcard.csv:1713 data 9215 0131 0318 5067
    regex_detector_test.go:84: Expected label CreditCard, got AdharcardNumber ([{AdharcardNumber 0.8}]), file Creditcard.csv:1714 data 0080 1667 8896 2394
    regex_detector_test.go:84: Expected label CreditCard, got  ([]), file Creditcard.csv:1715 data 5037 9070 9731 8477
    regex_detector_test.go:84: Expected label CreditCard, got  ([]), file Creditcard.csv:1716 data 6229 8141 1692 2698
    regex_detector_test.go:84: Expected label CreditCard, got  ([]), file Creditcard.csv:1717 data 0600 9927 2878 7833
    regex_detector_test.go:84: Expected label CreditCard, got  ([]), file Creditcard.csv:1719 data 9478 3100 3910 4287
    regex_detector_test.go:84: Expected label CreditCard, got  ([]), file Creditcard.csv:1720 data 6974 0367 7742 7398
    regex_detector_test.go:84: Expected label CreditCard, got  ([]), file Creditcard.csv:1722 data 0935 4372 0714 5911
    regex_detector_test.go:84: Expected label CreditCard, got  ([]), file Creditcard.csv:1723 data 5559 2498 3571 0421
    regex_detector_test.go:84: Expected label CreditCard, got  ([]), file Creditcard.csv:1724 data 6636 0250 3016 2528
    regex_detector_test.go:84: Expected label CreditCard, got  ([]), file Creditcard.csv:1725 data 4843 8017 1191 1377
    regex_detector_test.go:84: Expected label CreditCard, got  ([]), file Creditcard.csv:1727 data 3111 8756 8483 4694
    regex_detector_test.go:84: Expected label CreditCard, got  ([]), file Creditcard.csv:1728 data 2055 7439 9814 2317
    regex_detector_test.go:84: Expected label CreditCard, got  ([]), file Creditcard.csv:1729 data 6146 0201 8395 6132
    regex_detector_test.go:84: Expected label CreditCard, got  ([]), file Creditcard.csv:1730 data 1865 9402 8961 3742
    regex_detector_test.go:84: Expected label CreditCard, got  ([]), file Creditcard.csv:1731 data 7853 6855 4822 2088
    regex_detector_test.go:84: Expected label CreditCard, got  ([]), file Creditcard.csv:1732 data 5848 5178 1941 1048
    regex_detector_test.go:84: Expected label CreditCard, got  ([]), file Creditcard.csv:1733 data 2741 2028 1663 3742
    regex_detector_test.go:84: Expected label CreditCard, got  ([]), file Creditcard.csv:1734 data 7988 6409 9048 7263
    regex_detector_test.go:84: Expected label CreditCard, got  ([]), file Creditcard.csv:1735 data 9831 0893 3912 9563
    regex_detector_test.go:84: Expected label CreditCard, got  ([]), file Creditcard.csv:1736 data 6669 3558 1489 2404
    regex_detector_test.go:84: Expected label CreditCard, got  ([]), file Creditcard.csv:1738 data 2835 0702 6293 3741
    regex_detector_test.go:84: Expected label CreditCard, got  ([]), file Creditcard.csv:1739 data 3720 3158 5646 3282
    regex_detector_test.go:84: Expected label CreditCard, got  ([]), file Creditcard.csv:1740 data 7737 8543 5686 2067
    regex_detector_test.go:84: Expected label CreditCard, got  ([]), file Creditcard.csv:1741 data 4065 4725 6776 7695
    regex_detector_test.go:84: Expected label CreditCard, got AdharcardNumber ([{AdharcardNumber 0.8}]), file Creditcard.csv:1742 data 1342 5273 8869 8899
    regex_detector_test.go:84: Expected label CreditCard, got  ([]), file Creditcard.csv:1743 data 7179 1660 6045 4033
    regex_detector_test.go:84: Expected label CreditCard, got  ([]), file Creditcard.csv:1744 data 9693 7818 8717 3868
    regex_detector_test.go:84: Expected label CreditCard, got  ([]), file Creditcard.csv:1745 data 2533 5805 9591 5515
    regex_detector_test.go:84: Expected label CreditCard, got AdharcardNumber ([{AdharcardNumber 0.8}]), file Creditcard.csv:1746 data 6287 8619 8149 9008
    regex_detector_test.go:84: Expected label CreditCard, got  ([]), file Creditcard.csv:1747 data 4934 8188 8100 6490
    regex_detector_test.go:84: Expected label CreditCard, got  ([]), file Creditcard.csv:1748 data 9004 1521 5141 6126
    regex_detector_test.go:84: Expected label CreditCard, got  ([]), file Creditcard.csv:1749 data 0995 5832 6290 6681
    regex_detector_test.go:84: Expected label CreditCard, got  ([]), file Creditcard.csv:1750 data 7704 5807 7824 6123
    regex_detector_test.go:84: Expected label CreditCard, got  ([]), file Creditcard.csv:1751 data 1314 2394 4931 3176
    regex_detector_test.go:84: Expected label CreditCard, got  ([]), file Creditcard.csv:1752 data 2920 6505 0327 0267
    regex_detector_test.go:84: Expected label CreditCard, got  ([]), file Creditcard.csv:1753 data 2493 4033 5270 5120
    regex_detector_test.go:84: Expected label CreditCard, got  ([]), file Creditcard.csv:1754 data 0417 6953 7143 2542
    regex_detector_test.go:84: Expected label CreditCard, got  ([]), file Creditcard.csv:1755 data 2123 2681 6525 0328
    regex_detector_test.go:84: Expected label CreditCard, got  ([]), file Creditcard.csv:1756 data 3493 1753 7115 0098
    regex_detector_test.go:84: Expected label CreditCard, got  ([]), file Creditcard.csv:1757 data 0575 1728 2633 5214
    regex_detector_test.go:84: Expected label CreditCard, got  ([]), file Creditcard.csv:1758 data 9632 6956 3549 1587
    regex_detector_test.go:84: Expected label CreditCard, got  ([]), file Creditcard.csv:1759 data 1002 2292 1974 7336
    regex_detector_test.go:84: Expected label CreditCard, got  ([]), file Creditcard.csv:1760 data 5852 5941 8290 3192
    regex_detector_test.go:84: Expected label CreditCard, got  ([]), file Creditcard.csv:1761 data 6888 4870 2279 7071
    regex_detector_test.go:84: Expected label CreditCard, got  ([]), file Creditcard.csv:1762 data 9231 2450 0503 0090
    regex_detector_test.go:84: Expected label CreditCard, got  ([]), file Creditcard.csv:1763 data 9671 5126 6741 2550
    regex_detector_test.go:84: Expected label CreditCard, got  ([]), file Creditcard.csv:1764 data 9638 1468 1129 3081
    regex_detector_test.go:84: Expected label CreditCard, got AdharcardNumber ([{AdharcardNumber 0.8}]), file Creditcard.csv:1765 data 4631 5003 4300 1651
    regex_detector_test.go:84: Expected label CreditCard, got AdharcardNumber ([{AdharcardNumber 0.8}]), file Creditcard.csv:1766 data 1514 3069 2110 6183
    regex_detector_test.go:84: Expected label CreditCard, got  ([]), file Creditcard.csv:1767 data 8262 1033 2376 7025
    regex_detector_test.go:84: Expected label CreditCard, got  ([]), file Creditcard.csv:1768 data 6529 0081 9786 0080
    regex_detector_test.go:84: Expected label CreditCard, got  ([]), file Creditcard.csv:1769 data 9748 8401 0740 5260
    regex_detector_test.go:84: Expected label CreditCard, got  ([]), file Creditcard.csv:1770 data 5977 8028 1481 6380
    regex_detector_test.go:84: Expected label CreditCard, got  ([]), file Creditcard.csv:1771 data 3576 0744 5203 7444
    regex_detector_test.go:84: Expected label CreditCard, got AdharcardNumber ([{AdharcardNumber 0.8}]), file Creditcard.csv:1772 data 8318 8386 9529 4595
    regex_detector_test.go:84: Expected label CreditCard, got AdharcardNumber ([{AdharcardNumber 0.8}]), file Creditcard.csv:1773 data 0037 4181 4703 3459
    regex_detector_test.go:84: Expected label CreditCard, got  ([]), file Creditcard.csv:1775 data 4656 3021 0883 8988
    regex_detector_test.go:84: Expected label CreditCard, got  ([]), file Creditcard.csv:1776 data 9688 8830 5742 2253
    regex_detector_test.go:84: Expected label CreditCard, got  ([]), file Creditcard.csv:1777 data 3149 1119 0041 8112
    regex_detector_test.go:84: Expected label CreditCard, got  ([]), file Creditcard.csv:1779 data 9645 5657 3512 2854
    regex_detector_test.go:84: Expected label CreditCard, got  ([]), file Creditcard.csv:1780 data 7615 9021 6282 1834
    regex_detector_test.go:84: Expected label CreditCard, got  ([]), file Creditcard.csv:1783 data 7588 9138 1279 2718
    regex_detector_test.go:84: Expected label CreditCard, got  ([]), file Creditcard.csv:1784 data 8040 6460 5005 8886
    regex_detector_test.go:84: Expected label CreditCard, got  ([]), file Creditcard.csv:1785 data 9278 6577 0430 5641
    regex_detector_test.go:84: Expected label CreditCard, got  ([]), file Creditcard.csv:1786 data 5870 1337 9526 4685
    regex_detector_test.go:84: Expected label CreditCard, got  ([]), file Creditcard.csv:1787 data 7356 2091 9717 1778
    regex_detector_test.go:84: Expected label CreditCard, got  ([]), file Creditcard.csv:1788 data 7987 1569 8681 9517
    regex_detector_test.go:84: Expected label CreditCard, got  ([]), file Creditcard.csv:1789 data 5050 3308 7632 6110
    regex_detector_test.go:84: Expected label CreditCard, got AdharcardNumber ([{AdharcardNumber 0.8}]), file Creditcard.csv:1790 data 6926 6369 2801 7026
    regex_detector_test.go:84: Expected label CreditCard, got  ([]), file Creditcard.csv:1791 data 3717 0344 8473 5254
    regex_detector_test.go:84: Expected label CreditCard, got  ([]), file Creditcard.csv:1792 data 9167 1087 0733 7843
    regex_detector_test.go:84: Expected label CreditCard, got  ([]), file Creditcard.csv:1793 data 1015 8847 1148 0498
    regex_detector_test.go:84: Expected label CreditCard, got  ([]), file Creditcard.csv:1794 data 7915 7977 9382 7080
    regex_detector_test.go:84: Expected label CreditCard, got AdharcardNumber ([{AdharcardNumber 0.8}]), file Creditcard.csv:1795 data 9700 7375 3850 8939
    regex_detector_test.go:84: Expected label CreditCard, got  ([]), file Creditcard.csv:1796 data 1949 4063 0770 0134
    regex_detector_test.go:84: Expected label CreditCard, got  ([]), file Creditcard.csv:1797 data 1082 9422 5521 9503
    regex_detector_test.go:84: Expected label CreditCard, got  ([]), file Creditcard.csv:1799 data 2144 6980 5597 2183
    regex_detector_test.go:84: Expected label CreditCard, got  ([]), file Creditcard.csv:1800 data 5205 0313 5470 0310
    regex_detector_test.go:84: Expected label CreditCard, got  ([]), file Creditcard.csv:1801 data 3225 2893 9618 3682
    regex_detector_test.go:84: Expected label CreditCard, got  ([]), file Creditcard.csv:1802 data 2582 2014 2055 6000
    regex_detector_test.go:84: Expected label CreditCard, got  ([]), file Creditcard.csv:1803 data 9485 3860 6195 3863
    regex_detector_test.go:84: Expected label CreditCard, got  ([]), file Creditcard.csv:1804 data 0228 8037 5214 6190
    regex_detector_test.go:84: Expected label CreditCard, got AdharcardNumber ([{AdharcardNumber 0.8}]), file Creditcard.csv:1805 data 0850 7551 1411 6789
    regex_detector_test.go:84: Expected label CreditCard, got AdharcardNumber ([{AdharcardNumber 0.8}]), file Creditcard.csv:1806 data 5003 7375 1705 1035
    regex_detector_test.go:84: Expected label CreditCard, got  ([]), file Creditcard.csv:1807 data 0930 9098 3468 2197
    regex_detector_test.go:84: Expected label CreditCard, got  ([]), file Creditcard.csv:1808 data 5795 4203 2164 2783
    regex_detector_test.go:84: Expected label CreditCard, got  ([]), file Creditcard.csv:1809 data 1379 6923 0851 2253
    regex_detector_test.go:84: Expected label CreditCard, got AdharcardNumber ([{AdharcardNumber 0.8}]), file Creditcard.csv:1810 data 4670 2524 5451 4005
    regex_detector_test.go:84: Expected label CreditCard, got  ([]), file Creditcard.csv:1811 data 0831 0087 9567 9137
    regex_detector_test.go:84: Expected label CreditCard, got  ([]), file Creditcard.csv:1812 data 0847 1687 4752 9907
    regex_detector_test.go:84: Expected label CreditCard, got  ([]), file Creditcard.csv:1813 data 1446 4624 2982 2444
    regex_detector_test.go:84: Expected label CreditCard, got  ([]), file Creditcard.csv:1814 data 9210 4558 0373 1471
    regex_detector_test.go:84: Expected label CreditCard, got  ([]), file Creditcard.csv:1815 data 4398 1919 1766 1997
    regex_detector_test.go:84: Expected label CreditCard, got  ([]), file Creditcard.csv:1816 data 9465 1277 4286 9977
    regex_detector_test.go:84: Expected label CreditCard, got  ([]), file Creditcard.csv:1817 data 2187 1919 4230 1678
    regex_detector_test.go:84: Expected label CreditCard, got  ([]), file Creditcard.csv:1818 data 4147 0152 5678 0117
    regex_detector_test.go:84: Expected label CreditCard, got AdharcardNumber ([{AdharcardNumber 0.8}]), file Creditcard.csv:1820 data 8409 4361 0124 9826
    regex_detector_test.go:84: Expected label CreditCard, got  ([]), file Creditcard.csv:1821 data 9086 3540 1894 2031
    regex_detector_test.go:84: Expected label CreditCard, got  ([]), file Creditcard.csv:1822 data 8899 6716 6460 3223
    regex_detector_test.go:84: Expected label CreditCard, got  ([]), file Creditcard.csv:1823 data 0136 0086 5974 5020
    regex_detector_test.go:84: Expected label CreditCard, got  ([]), file Creditcard.csv:1824 data 9764 1931 5216 0075
    regex_detector_test.go:84: Expected label CreditCard, got  ([]), file Creditcard.csv:1825 data 0923 2095 2562 2420
    regex_detector_test.go:84: Expected label CreditCard, got AdharcardNumber ([{AdharcardNumber 0.8}]), file Creditcard.csv:1826 data 4645 1303 1951 6939
    regex_detector_test.go:84: Expected label CreditCard, got AdharcardNumber ([{AdharcardNumber 0.8}]), file Creditcard.csv:1827 data 4177 1459 4480 2740
    regex_detector_test.go:84: Expected label CreditCard, got  ([]), file Creditcard.csv:1828 data 2461 7164 9160 7101
    regex_detector_test.go:84: Expected label CreditCard, got  ([]), file Creditcard.csv:1829 data 6455 3586 8042 5924
    regex_detector_test.go:84: Expected label CreditCard, got  ([]), file Creditcard.csv:1830 data 5061 1587 8002 9215
    regex_detector_test.go:84: Expected label CreditCard, got  ([]), file Creditcard.csv:1831 data 1789 8266 4747 2698
    regex_detector_test.go:84: Expected label CreditCard, got  ([]), file Creditcard.csv:1832 data 7443 5045 1208 1128
    regex_detector_test.go:84: Expected label CreditCard, got  ([]), file Creditcard.csv:1833 data 8384 1327 5608 0160
    regex_detector_test.go:84: Expected label CreditCard, got  ([]), file Creditcard.csv:1834 data 5892 8088 8603 0049
    regex_detector_test.go:84: Expected label CreditCard, got  ([]), file Creditcard.csv:1835 data 1774 7374 5463 5735
    regex_detector_test.go:84: Expected label CreditCard, got  ([]), file Creditcard.csv:1836 data 9990 6638 9896 1542
    regex_detector_test.go:84: Expected label CreditCard, got  ([]), file Creditcard.csv:1837 data 7840 1986 8150 7935
    regex_detector_test.go:84: Expected label CreditCard, got  ([]), file Creditcard.csv:1838 data 0833 5660 9852 3022
    regex_detector_test.go:84: Expected label CreditCard, got  ([]), file Creditcard.csv:1840 data 0158 8597 9919 6711
    regex_detector_test.go:84: Expected label CreditCard, got  ([]), file Creditcard.csv:1841 data 4408 1803 9581 4057
    regex_detector_test.go:84: Expected label CreditCard, got  ([]), file Creditcard.csv:1842 data 0704 5331 9727 0527
    regex_detector_test.go:84: Expected label CreditCard, got  ([]), file Creditcard.csv:1843 data 0725 5109 0600 8524
    regex_detector_test.go:84: Expected label CreditCard, got  ([]), file Creditcard.csv:1844 data 9080 5020 5770 6965
    regex_detector_test.go:84: Expected label CreditCard, got  ([]), file Creditcard.csv:1845 data 2981 6943 1995 9224
    regex_detector_test.go:84: Expected label CreditCard, got  ([]), file Creditcard.csv:1846 data 9024 7636 2756 0577
    regex_detector_test.go:84: Expected label CreditCard, got  ([]), file Creditcard.csv:1847 data 3760 8055 0890 2728
    regex_detector_test.go:84: Expected label CreditCard, got AdharcardNumber ([{AdharcardNumber 0.8}]), file Creditcard.csv:1848 data 3003 9242 1210 3755
    regex_detector_test.go:84: Expected label CreditCard, got  ([]), file Creditcard.csv:1849 data 0877 4218 4760 7037
    regex_detector_test.go:84: Expected label CreditCard, got  ([]), file Creditcard.csv:1850 data 3330 7955 1804 6645
    regex_detector_test.go:84: Expected label CreditCard, got  ([]), file Creditcard.csv:1851 data 6707 0401 7980 1353
    regex_detector_test.go:84: Expected label CreditCard, got AdharcardNumber ([{AdharcardNumber 0.8}]), file Creditcard.csv:1852 data 2656 3164 5830 5002
    regex_detector_test.go:84: Expected label CreditCard, got  ([]), file Creditcard.csv:1853 data 7498 1222 6234 2600
    regex_detector_test.go:84: Expected label CreditCard, got AdharcardNumber ([{AdharcardNumber 0.8}]), file Creditcard.csv:1854 data 1440 7200 1834 8975
    regex_detector_test.go:84: Expected label CreditCard, got  ([]), file Creditcard.csv:1855 data 6206 6100 9444 2359
    regex_detector_test.go:84: Expected label CreditCard, got  ([]), file Creditcard.csv:1856 data 2735 3194 0023 7951
    regex_detector_test.go:84: Expected label CreditCard, got  ([]), file Creditcard.csv:1857 data 8481 2262 3324 2416
    regex_detector_test.go:84: Expected label CreditCard, got  ([]), file Creditcard.csv:1858 data 2845 2815 1926 9351
    regex_detector_test.go:84: Expected label CreditCard, got  ([]), file Creditcard.csv:1859 data 0388 2965 0956 2706
    regex_detector_test.go:84: Expected label CreditCard, got  ([]), file Creditcard.csv:1860 data 7517 5011 4153 7528
    regex_detector_test.go:84: Expected label CreditCard, got  ([]), file Creditcard.csv:1861 data 2235 3449 9551 6033
    regex_detector_test.go:84: Expected label CreditCard, got AdharcardNumber ([{AdharcardNumber 0.8}]), file Creditcard.csv:1862 data 9093 4524 4338 9965
    regex_detector_test.go:84: Expected label CreditCard, got  ([]), file Creditcard.csv:1863 data 4148 2628 0839 5664
    regex_detector_test.go:84: Expected label CreditCard, got  ([]), file Creditcard.csv:1864 data 7839 5123 3383 7490
    regex_detector_test.go:84: Expected label CreditCard, got  ([]), file Creditcard.csv:1865 data 5508 8393 9168 1539
    regex_detector_test.go:84: Expected label CreditCard, got AdharcardNumber ([{AdharcardNumber 0.8}]), file Creditcard.csv:1866 data 0062 0469 9380 9751
    regex_detector_test.go:84: Expected label CreditCard, got  ([]), file Creditcard.csv:1867 data 4030 5596 6728 7607
    regex_detector_test.go:84: Expected label CreditCard, got  ([]), file Creditcard.csv:1868 data 2997 4900 6283 4412
    regex_detector_test.go:84: Expected label CreditCard, got  ([]), file Creditcard.csv:1869 data 4351 9456 2553 3093
    regex_detector_test.go:84: Expected label CreditCard, got  ([]), file Creditcard.csv:1870 data 4535 0440 6098 1569
    regex_detector_test.go:84: Expected label CreditCard, got  ([]), file Creditcard.csv:1871 data 4058 1909 1489 3395
    regex_detector_test.go:84: Expected label CreditCard, got  ([]), file Creditcard.csv:1872 data 0439 4278 4242 9724
    regex_detector_test.go:84: Expected label CreditCard, got  ([]), file Creditcard.csv:1873 data 9633 8241 3495 2597
    regex_detector_test.go:84: Expected label CreditCard, got  ([]), file Creditcard.csv:1874 data 7067 9906 0043 5061
    regex_detector_test.go:84: Expected label CreditCard, got  ([]), file Creditcard.csv:1875 data 0493 9711 8105 9194
    regex_detector_test.go:84: Expected label CreditCard, got  ([]), file Creditcard.csv:1876 data 9414 0726 3058 8878
    regex_detector_test.go:84: Expected label CreditCard, got  ([]), file Creditcard.csv:1877 data 2221 5032 9423 5367
    regex_detector_test.go:84: Expected label CreditCard, got AdharcardNumber ([{AdharcardNumber 0.8}]), file Creditcard.csv:1878 data 5138 3659 8576 1427
    regex_detector_test.go:84: Expected label CreditCard, got  ([]), file Creditcard.csv:1879 data 5428 7499 8650 5260
    regex_detector_test.go:84: Expected label CreditCard, got  ([]), file Creditcard.csv:1880 data 0203 3711 0565 9302
    regex_detector_test.go:84: Expected label CreditCard, got  ([]), file Creditcard.csv:1881 data 9736 0202 1181 4255
    regex_detector_test.go:84: Expected label CreditCard, got AdharcardNumber ([{AdharcardNumber 0.8}]), file Creditcard.csv:1882 data 0501 8506 0906 7806
    regex_detector_test.go:84: Expected label CreditCard, got  ([]), file Creditcard.csv:1883 data 1587 0012 0797 5289
    regex_detector_test.go:84: Expected label CreditCard, got  ([]), file Creditcard.csv:1884 data 2541 8656 6228 7046
    regex_detector_test.go:84: Expected label CreditCard, got  ([]), file Creditcard.csv:1885 data 1459 3788 8185 1223
    regex_detector_test.go:84: Expected label CreditCard, got  ([]), file Creditcard.csv:1886 data 5712 4003 2236 5112
    regex_detector_test.go:84: Expected label CreditCard, got  ([]), file Creditcard.csv:1887 data 1148 1115 2957 9242
    regex_detector_test.go:84: Expected label CreditCard, got  ([]), file Creditcard.csv:1888 data 7170 0574 5686 8679
    regex_detector_test.go:84: Expected label CreditCard, got  ([]), file Creditcard.csv:1889 data 8061 0469 0339 0442
    regex_detector_test.go:84: Expected label CreditCard, got  ([]), file Creditcard.csv:1890 data 3715 1937 8011 7236
    regex_detector_test.go:84: Expected label CreditCard, got  ([]), file Creditcard.csv:1891 data 9780 2204 9572 1069
    regex_detector_test.go:84: Expected label CreditCard, got  ([]), file Creditcard.csv:1892 data 6349 3853 9556 7421
    regex_detector_test.go:84: Expected label CreditCard, got  ([]), file Creditcard.csv:1893 data 5603 8753 6013 7718
    regex_detector_test.go:84: Expected label CreditCard, got AdharcardNumber ([{AdharcardNumber 0.8}]), file Creditcard.csv:1894 data 4122 6528 2872 2417
    regex_detector_test.go:84: Expected label CreditCard, got AdharcardNumber ([{AdharcardNumber 0.8}]), file Creditcard.csv:1895 data 3825 1461 3911 3868
    regex_detector_test.go:84: Expected label CreditCard, got  ([]), file Creditcard.csv:1897 data 1971 1967 9271 8026
    regex_detector_test.go:84: Expected label CreditCard, got  ([]), file Creditcard.csv:1898 data 1322 7072 7860 7416
    regex_detector_test.go:84: Expected label CreditCard, got  ([]), file Creditcard.csv:1899 data 5059 6710 8303 8145
    regex_detector_test.go:84: Expected label CreditCard, got  ([]), file Creditcard.csv:1900 data 0585 0861 3596 3882
    regex_detector_test.go:84: Expected label CreditCard, got  ([]), file Creditcard.csv:1901 data 2591 7332 0298 1879
    regex_detector_test.go:84: Expected label CreditCard, got  ([]), file Creditcard.csv:1902 data 7091 7480 3794 7042
    regex_detector_test.go:84: Expected label CreditCard, got  ([]), file Creditcard.csv:1903 data 8342 1540 9715 2072
    regex_detector_test.go:84: Expected label CreditCard, got  ([]), file Creditcard.csv:1904 data 2498 7727 5790 7111
    regex_detector_test.go:84: Expected label CreditCard, got  ([]), file Creditcard.csv:1905 data 3352 7575 1797 5315
    regex_detector_test.go:84: Expected label CreditCard, got  ([]), file Creditcard.csv:1906 data 9804 0149 9614 9768
    regex_detector_test.go:84: Expected label CreditCard, got  ([]), file Creditcard.csv:1907 data 8193 9693 1077 1802
    regex_detector_test.go:84: Expected label CreditCard, got  ([]), file Creditcard.csv:1908 data 5963 1172 9362 3484
    regex_detector_test.go:84: Expected label CreditCard, got  ([]), file Creditcard.csv:1909 data 2915 3371 9841 3991
    regex_detector_test.go:84: Expected label CreditCard, got  ([]), file Creditcard.csv:1910 data 6314 5947 3363 1699
    regex_detector_test.go:84: Expected label CreditCard, got  ([]), file Creditcard.csv:1911 data 5336 2031 6943 7895
    regex_detector_test.go:84: Expected label CreditCard, got  ([]), file Creditcard.csv:1912 data 0991 9064 0445 8514
    regex_detector_test.go:84: Expected label CreditCard, got  ([]), file Creditcard.csv:1913 data 0530 0117 9768 5877
    regex_detector_test.go:84: Expected label CreditCard, got  ([]), file Creditcard.csv:1914 data 2902 4074 6781 8117
    regex_detector_test.go:84: Expected label CreditCard, got  ([]), file Creditcard.csv:1915 data 4263 5747 3703 5834
    regex_detector_test.go:84: Expected label CreditCard, got  ([]), file Creditcard.csv:1916 data 6031 3244 7509 1024
    regex_detector_test.go:84: Expected label CreditCard, got  ([]), file Creditcard.csv:1917 data 3476 0369 8707 0507
    regex_detector_test.go:84: Expected label CreditCard, got AdharcardNumber ([{AdharcardNumber 0.8}]), file Creditcard.csv:1918 data 8095 9902 2161 0564
    regex_detector_test.go:84: Expected label CreditCard, got  ([]), file Creditcard.csv:1919 data 4384 6687 1653 8871
    regex_detector_test.go:84: Expected label CreditCard, got  ([]), file Creditcard.csv:1920 data 6693 4311 0409 2572
    regex_detector_test.go:84: Expected label CreditCard, got  ([]), file Creditcard.csv:1923 data 4125 6102 8685 3060
    regex_detector_test.go:84: Expected label CreditCard, got  ([]), file Creditcard.csv:1924 data 8315 0683 0739 0384
    regex_detector_test.go:84: Expected label CreditCard, got  ([]), file Creditcard.csv:1925 data 8883 3171 7758 6204
    regex_detector_test.go:84: Expected label CreditCard, got  ([]), file Creditcard.csv:1926 data 9800 0471 9862 9361
    regex_detector_test.go:84: Expected label CreditCard, got  ([]), file Creditcard.csv:1927 data 8420 0902 7591 7839
    regex_detector_test.go:84: Expected label CreditCard, got  ([]), file Creditcard.csv:1929 data 4399 0114 5075 9357
    regex_detector_test.go:84: Expected label CreditCard, got  ([]), file Creditcard.csv:1930 data 5048 9077 8020 6075
    regex_detector_test.go:84: Expected label CreditCard, got  ([]), file Creditcard.csv:1931 data 4993 4583 2875 7574
    regex_detector_test.go:84: Expected label CreditCard, got AdharcardNumber ([{AdharcardNumber 0.8}]), file Creditcard.csv:1932 data 4763 7228 2070 7685
    regex_detector_test.go:84: Expected label CreditCard, got  ([]), file Creditcard.csv:1933 data 0635 7628 6670 5458
    regex_detector_test.go:84: Expected label CreditCard, got  ([]), file Creditcard.csv:1934 data 9307 4484 2908 2334
    regex_detector_test.go:84: Expected label CreditCard, got  ([]), file Creditcard.csv:1935 data 4606 0326 0542 5302
    regex_detector_test.go:84: Expected label CreditCard, got  ([]), file Creditcard.csv:1936 data 0132 9185 0720 9541
    regex_detector_test.go:84: Expected label CreditCard, got  ([]), file Creditcard.csv:1937 data 9867 2919 1160 7967
    regex_detector_test.go:84: Expected label CreditCard, got  ([]), file Creditcard.csv:1938 data 8443 9624 4977 7403
    regex_detector_test.go:84: Expected label CreditCard, got  ([]), file Creditcard.csv:1939 data 6851 4119 0971 3313
    regex_detector_test.go:84: Expected label CreditCard, got  ([]), file Creditcard.csv:1940 data 2014 3460 1315 9133
    regex_detector_test.go:84: Expected label CreditCard, got  ([]), file Creditcard.csv:1941 data 5063 1472 2368 3805
    regex_detector_test.go:84: Expected label CreditCard, got  ([]), file Creditcard.csv:1942 data 7859 2867 1282 8392
    regex_detector_test.go:84: Expected label CreditCard, got  ([]), file Creditcard.csv:1943 data 8749 4091 7413 8186
    regex_detector_test.go:84: Expected label CreditCard, got  ([]), file Creditcard.csv:1944 data 1597 2066 3329 1930
    regex_detector_test.go:84: Expected label CreditCard, got  ([]), file Creditcard.csv:1945 data 1951 2232 6115 7408
    regex_detector_test.go:84: Expected label CreditCard, got  ([]), file Creditcard.csv:1946 data 0156 6513 2619 9161
    regex_detector_test.go:84: Expected label CreditCard, got  ([]), file Creditcard.csv:1947 data 4930 2816 2595 0043
    regex_detector_test.go:84: Expected label CreditCard, got AdharcardNumber ([{AdharcardNumber 0.8}]), file Creditcard.csv:1948 data 0357 8751 2492 9375
    regex_detector_test.go:84: Expected label CreditCard, got  ([]), file Creditcard.csv:1949 data 8813 9010 7730 6436
    regex_detector_test.go:84: Expected label CreditCard, got  ([]), file Creditcard.csv:1950 data 9155 5358 0098 6938
    regex_detector_test.go:84: Expected label CreditCard, got  ([]), file Creditcard.csv:1951 data 9091 7037 4090 3676
    regex_detector_test.go:84: Expected label CreditCard, got  ([]), file Creditcard.csv:1952 data 9042 3096 0551 3153
    regex_detector_test.go:84: Expected label CreditCard, got  ([]), file Creditcard.csv:1953 data 9192 8102 7940 6414
    regex_detector_test.go:84: Expected label CreditCard, got  ([]), file Creditcard.csv:1954 data 3638 1472 4794 5074
    regex_detector_test.go:84: Expected label CreditCard, got  ([]), file Creditcard.csv:1956 data 2064 6450 1898 3901
    regex_detector_test.go:84: Expected label CreditCard, got  ([]), file Creditcard.csv:1957 data 3289 9036 9252 5649
    regex_detector_test.go:84: Expected label CreditCard, got  ([]), file Creditcard.csv:1958 data 8035 2750 0044 6166
    regex_detector_test.go:84: Expected label CreditCard, got  ([]), file Creditcard.csv:1959 data 6703 2202 8134 1337
    regex_detector_test.go:84: Expected label CreditCard, got  ([]), file Creditcard.csv:1960 data 2323 0176 1087 6025
    regex_detector_test.go:84: Expected label CreditCard, got AdharcardNumber ([{AdharcardNumber 0.8}]), file Creditcard.csv:1961 data 4713 2775 5505 2055
    regex_detector_test.go:84: Expected label CreditCard, got  ([]), file Creditcard.csv:1962 data 6361 6307 0664 4512
    regex_detector_test.go:84: Expected label CreditCard, got  ([]), file Creditcard.csv:1963 data 6975 3316 3444 1104
    regex_detector_test.go:84: Expected label CreditCard, got  ([]), file Creditcard.csv:1964 data 8996 6726 2521 4856
    regex_detector_test.go:84: Expected label CreditCard, got  ([]), file Creditcard.csv:1965 data 8950 9517 6191 4747
    regex_detector_test.go:84: Expected label CreditCard, got  ([]), file Creditcard.csv:1966 data 6112 3940 2302 1064
    regex_detector_test.go:84: Expected label CreditCard, got  ([]), file Creditcard.csv:1967 data 1852 2376 0794 1905
    regex_detector_test.go:84: Expected label CreditCard, got  ([]), file Creditcard.csv:1968 data 9063 1127 3673 5045
    regex_detector_test.go:84: Expected label CreditCard, got  ([]), file Creditcard.csv:1969 data 0782 5570 7769 6854
    regex_detector_test.go:84: Expected label CreditCard, got  ([]), file Creditcard.csv:1970 data 1582 8956 3734 2955
    regex_detector_test.go:84: Expected label CreditCard, got  ([]), file Creditcard.csv:1971 data 6693 9980 8816 7825
    regex_detector_test.go:84: Expected label CreditCard, got  ([]), file Creditcard.csv:1972 data 0532 3173 8210 5023
    regex_detector_test.go:84: Expected label CreditCard, got  ([]), file Creditcard.csv:1973 data 7883 5454 0323 2078
    regex_detector_test.go:84: Expected label CreditCard, got AdharcardNumber ([{AdharcardNumber 0.8}]), file Creditcard.csv:1974 data 9288 2512 7188 6114
    regex_detector_test.go:84: Expected label CreditCard, got  ([]), file Creditcard.csv:1975 data 5714 8908 3219 6079
    regex_detector_test.go:84: Expected label CreditCard, got  ([]), file Creditcard.csv:1976 data 8630 3841 3463 5725
    regex_detector_test.go:84: Expected label CreditCard, got  ([]), file Creditcard.csv:1978 data 8594 8743 7795 1527
    regex_detector_test.go:84: Expected label CreditCard, got  ([]), file Creditcard.csv:1979 data 2230 1965 0604 2399
    regex_detector_test.go:84: Expected label CreditCard, got  ([]), file Creditcard.csv:1980 data 2514 5186 8701 1272
    regex_detector_test.go:84: Expected label CreditCard, got  ([]), file Creditcard.csv:1981 data 2457 8797 8520 5755
    regex_detector_test.go:84: Expected label CreditCard, got  ([]), file Creditcard.csv:1982 data 2176 4075 0951 2510
    regex_detector_test.go:84: Expected label CreditCard, got  ([]), file Creditcard.csv:1983 data 8834 7718 3723 9916
    regex_detector_test.go:84: Expected label CreditCard, got  ([]), file Creditcard.csv:1984 data 0988 2541 9261 5536
    regex_detector_test.go:84: Expected label CreditCard, got  ([]), file Creditcard.csv:1985 data 9985 0411 1029 5010
    regex_detector_test.go:84: Expected label CreditCard, got  ([]), file Creditcard.csv:1986 data 5157 4143 5619 9514
    regex_detector_test.go:84: Expected label CreditCard, got AdharcardNumber ([{AdharcardNumber 0.8}]), file Creditcard.csv:1987 data 8273 0504 6983 6661
    regex_detector_test.go:84: Expected label CreditCard, got  ([]), file Creditcard.csv:1988 data 9575 3491 2935 5622
    regex_detector_test.go:84: Expected label CreditCard, got  ([]), file Creditcard.csv:1990 data 0629 6082 5568 8627
    regex_detector_test.go:84: Expected label CreditCard, got  ([]), file Creditcard.csv:1991 data 3279 0158 2976 0328
    regex_detector_test.go:84: Expected label CreditCard, got  ([]), file Creditcard.csv:1992 data 0973 4919 7111 9537
    regex_detector_test.go:84: Expected label CreditCard, got  ([]), file Creditcard.csv:1993 data 5383 0989 7693 9016
    regex_detector_test.go:84: Expected label CreditCard, got  ([]), file Creditcard.csv:1994 data 9118 9925 2488 2625
    regex_detector_test.go:84: Expected label CreditCard, got  ([]), file Creditcard.csv:1995 data 2302 4706 1476 9874
    regex_detector_test.go:84: Expected label CreditCard, got AdharcardNumber ([{AdharcardNumber 0.8}]), file Creditcard.csv:1996 data 8432 3538 3343 9581
    regex_detector_test.go:84: Expected label CreditCard, got  ([]), file Creditcard.csv:1997 data 3194 1229 4002 2023
    regex_detector_test.go:84: Expected label CreditCard, got  ([]), file Creditcard.csv:1998 data 5796 8394 6553 1082
    regex_detector_test.go:84: Expected label CreditCard, got  ([]), file Creditcard.csv:1999 data 0657 0849 9306 2390
    regex_detector_test.go:84: Expected label CreditCard, got  ([]), file Creditcard.csv:2000 data 5946 4125 0883 4680
    regex_detector_test.go:84: Expected label CreditCard, got  ([]), file Creditcard.csv:2001 data 7635 2409 1465 3228
    regex_detector_test.go:84: Expected label CreditCard, got AdharcardNumber ([{AdharcardNumber 0.8}]), file Creditcard.csv:2002 data 5883 0869 9851 7649
    regex_detector_test.go:84: Expected label CreditCard, got  ([]), file Creditcard.csv:2003 data 3349 7638 6230 3018
    regex_detector_test.go:84: Expected label CreditCard, got  ([]), file Creditcard.csv:2004 data 5097 1509 6741 4460
    regex_detector_test.go:84: Expected label CreditCard, got  ([]), file Creditcard.csv:2005 data 1958 9313 2899 5800
    regex_detector_test.go:84: Expected label CreditCard, got  ([]), file Creditcard.csv:2006 data 3691 1841 6767 0312
    regex_detector_test.go:84: Expected label CreditCard, got  ([]), file Creditcard.csv:2007 data 9264 2885 3058 2653
    regex_detector_test.go:84: Expected label CreditCard, got  ([]), file Creditcard.csv:2008 data 2121 9560 5722 2827
    regex_detector_test.go:84: Expected label CreditCard, got  ([]), file Creditcard.csv:2009 data 1673 3918 6908 1926
    regex_detector_test.go:84: Expected label CreditCard, got  ([]), file Creditcard.csv:2011 data 0898 7565 3114 8728
    regex_detector_test.go:84: Expected label CreditCard, got AdharcardNumber ([{AdharcardNumber 0.8}]), file Creditcard.csv:2012 data 7141 9635 4417 9119
    regex_detector_test.go:84: Expected label CreditCard, got  ([]), file Creditcard.csv:2013 data 0573 7266 0967 8653
    regex_detector_test.go:84: Expected label CreditCard, got  ([]), file Creditcard.csv:2014 data 2533 4778 3803 0845
    regex_detector_test.go:84: Expected label CreditCard, got  ([]), file Creditcard.csv:2015 data 0574 9751 2381 4278
    regex_detector_test.go:84: Expected label CreditCard, got  ([]), file Creditcard.csv:2016 data 2345 8334 0059 5548
    regex_detector_test.go:84: Expected label CreditCard, got  ([]), file Creditcard.csv:2017 data 4328 6620 6220 2195
    regex_detector_test.go:84: Expected label CreditCard, got  ([]), file Creditcard.csv:2018 data 5251 1167 6626 0738
    regex_detector_test.go:84: Expected label CreditCard, got  ([]), file Creditcard.csv:2020 data 2000 1376 0101 5868
    regex_detector_test.go:84: Expected label CreditCard, got  ([]), file Creditcard.csv:2021 data 4011 9064 2760 7206
    regex_detector_test.go:84: Expected label CreditCard, got  ([]), file Creditcard.csv:2022 data 5630 5262 6111 8811
    regex_detector_test.go:84: Expected label CreditCard, got  ([]), file Creditcard.csv:2023 data 6530 7212 8685 1117
    regex_detector_test.go:84: Expected label CreditCard, got  ([]), file Creditcard.csv:2024 data 7359 1324 4801 5983
    regex_detector_test.go:84: Expected label CreditCard, got  ([]), file Creditcard.csv:2025 data 1071 3012 6883 6148
    regex_detector_test.go:84: Expected label CreditCard, got  ([]), file Creditcard.csv:2026 data 8747 0168 0018 4719
    regex_detector_test.go:84: Expected label CreditCard, got  ([]), file Creditcard.csv:2027 data 3449 3613 5083 5526
    regex_detector_test.go:84: Expected label CreditCard, got  ([]), file Creditcard.csv:2028 data 4715 6758 5547 9518
    regex_detector_test.go:84: Expected label CreditCard, got  ([]), file Creditcard.csv:2029 data 2703 1081 5903 5369
    regex_detector_test.go:84: Expected label CreditCard, got  ([]), file Creditcard.csv:2030 data 1888 9870 2993 1207
    regex_detector_test.go:84: Expected label CreditCard, got  ([]), file Creditcard.csv:2031 data 3669 8164 4288 6642
    regex_detector_test.go:84: Expected label CreditCard, got  ([]), file Creditcard.csv:2032 data 1997 4428 9044 6690
    regex_detector_test.go:84: Expected label CreditCard, got  ([]), file Creditcard.csv:2033 data 1145 3162 9342 5724
    regex_detector_test.go:84: Expected label CreditCard, got  ([]), file Creditcard.csv:2034 data 0868 2565 8627 9845
    regex_detector_test.go:84: Expected label CreditCard, got  ([]), file Creditcard.csv:2035 data 4076 2408 1764 9420
    regex_detector_test.go:84: Expected label CreditCard, got  ([]), file Creditcard.csv:2036 data 3479 8380 8298 2115
    regex_detector_test.go:84: Expected label CreditCard, got  ([]), file Creditcard.csv:2037 data 7329 0710 8916 6875
    regex_detector_test.go:84: Expected label CreditCard, got  ([]), file Creditcard.csv:2038 data 6034 4225 7456 4606
    regex_detector_test.go:84: Expected label CreditCard, got  ([]), file Creditcard.csv:2039 data 7891 9134 0546 6727
    regex_detector_test.go:84: Expected label CreditCard, got  ([]), file Creditcard.csv:2040 data 7264 0496 1469 3617
    regex_detector_test.go:84: Expected label CreditCard, got AdharcardNumber ([{AdharcardNumber 0.8}]), file Creditcard.csv:2041 data 2593 4119 8946 5811
    regex_detector_test.go:84: Expected label CreditCard, got  ([]), file Creditcard.csv:2042 data 5330 6235 8079 3145
    regex_detector_test.go:84: Expected label CreditCard, got  ([]), file Creditcard.csv:2043 data 4960 8038 6758 5246
    regex_detector_test.go:84: Expected label CreditCard, got  ([]), file Creditcard.csv:2044 data 4418 0742 2503 0357
    regex_detector_test.go:84: Expected label CreditCard, got  ([]), file Creditcard.csv:2045 data 1994 9609 4849 5706
    regex_detector_test.go:84: Expected label CreditCard, got  ([]), file Creditcard.csv:2048 data 0333 4067 4347 8477
    regex_detector_test.go:84: Expected label CreditCard, got  ([]), file Creditcard.csv:2049 data 0269 0267 5299 8160
    regex_detector_test.go:84: Expected label CreditCard, got AdharcardNumber ([{AdharcardNumber 0.8}]), file Creditcard.csv:2050 data 8912 9696 3556 7378
    regex_detector_test.go:84: Expected label CreditCard, got  ([]), file Creditcard.csv:2051 data 0617 8572 6731 2081
    regex_detector_test.go:84: Expected label CreditCard, got AdharcardNumber ([{AdharcardNumber 0.8}]), file Creditcard.csv:2052 data 8521 2859 3132 5545
    regex_detector_test.go:84: Expected label CreditCard, got  ([]), file Creditcard.csv:2053 data 4015 1958 7621 5752
    regex_detector_test.go:84: Expected label CreditCard, got  ([]), file Creditcard.csv:2054 data 2175 2973 1574 9279
    regex_detector_test.go:84: Expected label CreditCard, got  ([]), file Creditcard.csv:2055 data 5333 2299 0535 6470
    regex_detector_test.go:84: Expected label CreditCard, got  ([]), file Creditcard.csv:2056 data 4196 3528 6950 2593
    regex_detector_test.go:84: Expected label CreditCard, got  ([]), file Creditcard.csv:2057 data 6900 8185 6461 0847
    regex_detector_test.go:84: Expected label CreditCard, got  ([]), file Creditcard.csv:2058 data 6361 8855 7852 6413
    regex_detector_test.go:84: Expected label CreditCard, got  ([]), file Creditcard.csv:2059 data 8721 4916 0388 9817
    regex_detector_test.go:84: Expected label CreditCard, got  ([]), file Creditcard.csv:2060 data 7571 9175 7189 2891
    regex_detector_test.go:84: Expected label CreditCard, got  ([]), file Creditcard.csv:2061 data 8688 5382 4428 2059
    regex_detector_test.go:84: Expected label CreditCard, got AdharcardNumber ([{AdharcardNumber 0.8}]), file Creditcard.csv:2062 data 0233 0052 2979 0132
    regex_detector_test.go:84: Expected label CreditCard, got  ([]), file Creditcard.csv:2063 data 7171 1508 0986 6881
    regex_detector_test.go:84: Expected label CreditCard, got  ([]), file Creditcard.csv:2064 data 6671 4413 7157 6542
    regex_detector_test.go:84: Expected label CreditCard, got  ([]), file Creditcard.csv:2065 data 5244 5342 2484 4474
    regex_detector_test.go:84: Expected label CreditCard, got  ([]), file Creditcard.csv:2066 data 5132 6081 2086 2304
    regex_detector_test.go:84: Expected label CreditCard, got  ([]), file Creditcard.csv:2067 data 3729 5611 1904 3170
    regex_detector_test.go:84: Expected label CreditCard, got  ([]), file Creditcard.csv:2068 data 3980 9443 6446 9078
    regex_detector_test.go:84: Expected label CreditCard, got  ([]), file Creditcard.csv:2069 data 8952 0351 6562 1655
    regex_detector_test.go:84: Expected label CreditCard, got  ([]), file Creditcard.csv:2070 data 5892 2716 8691 1727
    regex_detector_test.go:84: Expected label CreditCard, got  ([]), file Creditcard.csv:2072 data 9702 7754 3334 9874
    regex_detector_test.go:84: Expected label CreditCard, got  ([]), file Creditcard.csv:2073 data 0427 8236 8154 1631
    regex_detector_test.go:84: Expected label CreditCard, got  ([]), file Creditcard.csv:2074 data 2509 1204 3659 2710
    regex_detector_test.go:84: Expected label CreditCard, got  ([]), file Creditcard.csv:2075 data 4441 0157 2311 0024
    regex_detector_test.go:84: Expected label CreditCard, got  ([]), file Creditcard.csv:2076 data 3069 4909 6016 9187
    regex_detector_test.go:84: Expected label CreditCard, got AdharcardNumber ([{AdharcardNumber 0.8}]), file Creditcard.csv:2077 data 1378 8786 6430 7780
    regex_detector_test.go:84: Expected label CreditCard, got AdharcardNumber ([{AdharcardNumber 0.8}]), file Creditcard.csv:2078 data 1247 3046 8058 8504
    regex_detector_test.go:84: Expected label CreditCard, got  ([]), file Creditcard.csv:2079 data 8455 5506 1617 4259
    regex_detector_test.go:84: Expected label CreditCard, got  ([]), file Creditcard.csv:2081 data 6693 2461 5949 4100
    regex_detector_test.go:84: Expected label CreditCard, got  ([]), file Creditcard.csv:2082 data 3919 7645 4746 1267
    regex_detector_test.go:84: Expected label CreditCard, got  ([]), file Creditcard.csv:2083 data 3635 1998 5336 6264
    regex_detector_test.go:84: Expected label CreditCard, got  ([]), file Creditcard.csv:2084 data 7633 8031 2332 2454
    regex_detector_test.go:84: Expected label CreditCard, got  ([]), file Creditcard.csv:2085 data 3064 6915 6271 9168
    regex_detector_test.go:84: Expected label CreditCard, got  ([]), file Creditcard.csv:2086 data 3199 2685 0929 1683
    regex_detector_test.go:84: Expected label CreditCard, got  ([]), file Creditcard.csv:2087 data 6052 2190 7378 1503
    regex_detector_test.go:84: Expected label CreditCard, got  ([]), file Creditcard.csv:2088 data 8200 6431 9863 1716
    regex_detector_test.go:84: Expected label CreditCard, got  ([]), file Creditcard.csv:2089 data 0461 3423 4739 8945
    regex_detector_test.go:84: Expected label CreditCard, got  ([]), file Creditcard.csv:2091 data 7857 3165 2948 1981
    regex_detector_test.go:84: Expected label CreditCard, got  ([]), file Creditcard.csv:2092 data 9255 6961 0184 9179
    regex_detector_test.go:84: Expected label CreditCard, got  ([]), file Creditcard.csv:2093 data 9093 3902 3459 4290
    regex_detector_test.go:84: Expected label CreditCard, got  ([]), file Creditcard.csv:2094 data 8742 4904 9946 8375
    regex_detector_test.go:84: Expected label CreditCard, got AdharcardNumber ([{AdharcardNumber 0.8}]), file Creditcard.csv:2095 data 6262 3134 7304 5061
    regex_detector_test.go:84: Expected label CreditCard, got  ([]), file Creditcard.csv:2096 data 5009 5464 1153 7278
    regex_detector_test.go:84: Expected label CreditCard, got  ([]), file Creditcard.csv:2097 data 9658 3031 0083 9029
    regex_detector_test.go:84: Expected label CreditCard, got  ([]), file Creditcard.csv:2098 data 9992 6454 7382 6494
    regex_detector_test.go:84: Expected label CreditCard, got  ([]), file Creditcard.csv:2099 data 2633 7641 6056 5602
    regex_detector_test.go:84: Expected label CreditCard, got AdharcardNumber ([{AdharcardNumber 0.8}]), file Creditcard.csv:2100 data 2243 8889 4585 6147
    regex_detector_test.go:84: Expected label CreditCard, got  ([]), file Creditcard.csv:2101 data 6890 3112 5191 4606
    regex_detector_test.go:84: Expected label CreditCard, got  ([]), file Creditcard.csv:2102 data 6041 3983 6376 7862
    regex_detector_test.go:84: Expected label CreditCard, got  ([]), file Creditcard.csv:2104 data 9559 7876 8484 3407
    regex_detector_test.go:84: Expected label CreditCard, got  ([]), file Creditcard.csv:2105 data 4859 0693 2628 4133
    regex_detector_test.go:84: Expected label CreditCard, got  ([]), file Creditcard.csv:2106 data 5546 3213 3764 6875
    regex_detector_test.go:84: Expected label CreditCard, got  ([]), file Creditcard.csv:2107 data 2188 5953 6181 9660
    regex_detector_test.go:84: Expected label CreditCard, got  ([]), file Creditcard.csv:2108 data 5802 5332 7531 0725
    regex_detector_test.go:84: Expected label CreditCard, got  ([]), file Creditcard.csv:2109 data 4233 0510 3120 9000
    regex_detector_test.go:84: Expected label CreditCard, got  ([]), file Creditcard.csv:2110 data 5614 2868 8917 8373
    regex_detector_test.go:84: Expected label CreditCard, got  ([]), file Creditcard.csv:2111 data 1306 3001 6334 8516
    regex_detector_test.go:84: Expected label CreditCard, got  ([]), file Creditcard.csv:2112 data 6336 6834 0527 8635
    regex_detector_test.go:84: Expected label CreditCard, got  ([]), file Creditcard.csv:2113 data 5750 1894 6194 1125
    regex_detector_test.go:84: Expected label CreditCard, got  ([]), file Creditcard.csv:2114 data 0296 0864 9531 6012
    regex_detector_test.go:84: Expected label CreditCard, got  ([]), file Creditcard.csv:2115 data 7738 4645 2558 3177
    regex_detector_test.go:84: Expected label CreditCard, got  ([]), file Creditcard.csv:2116 data 9309 6173 6342 2315
    regex_detector_test.go:84: Expected label CreditCard, got  ([]), file Creditcard.csv:2117 data 8591 8022 5586 9790
    regex_detector_test.go:84: Expected label CreditCard, got  ([]), file Creditcard.csv:2119 data 2219 7740 1929 5728
    regex_detector_test.go:84: Expected label CreditCard, got  ([]), file Creditcard.csv:2120 data 9514 4494 7939 4411
    regex_detector_test.go:84: Expected label CreditCard, got  ([]), file Creditcard.csv:2121 data 8827 3204 5997 2277
    regex_detector_test.go:84: Expected label CreditCard, got  ([]), file Creditcard.csv:2122 data 0519 7485 1778 3903
    regex_detector_test.go:84: Expected label CreditCard, got  ([]), file Creditcard.csv:2123 data 1828 9282 0010 0732
    regex_detector_test.go:84: Expected label CreditCard, got  ([]), file Creditcard.csv:2124 data 6636 7891 1724 8837
    regex_detector_test.go:84: Expected label CreditCard, got AdharcardNumber ([{AdharcardNumber 0.8}]), file Creditcard.csv:2125 data 6782 4764 4178 9661
    regex_detector_test.go:84: Expected label CreditCard, got  ([]), file Creditcard.csv:2126 data 6728 0715 8107 0402
    regex_detector_test.go:84: Expected label CreditCard, got  ([]), file Creditcard.csv:2127 data 4618 7711 9020 6869
    regex_detector_test.go:84: Expected label CreditCard, got  ([]), file Creditcard.csv:2128 data 7061 6118 9305 2870
    regex_detector_test.go:84: Expected label CreditCard, got  ([]), file Creditcard.csv:2129 data 4877 3930 5435 5329
    regex_detector_test.go:84: Expected label CreditCard, got  ([]), file Creditcard.csv:2131 data 1889 6410 0482 3596
    regex_detector_test.go:84: Expected label CreditCard, got  ([]), file Creditcard.csv:2132 data 5388 7218 7920 9364
    regex_detector_test.go:84: Expected label CreditCard, got  ([]), file Creditcard.csv:2133 data 4485 5765 3601 6049
    regex_detector_test.go:84: Expected label CreditCard, got  ([]), file Creditcard.csv:2134 data 4192 5850 2733 9596
    regex_detector_test.go:84: Expected label CreditCard, got  ([]), file Creditcard.csv:2135 data 9263 9635 9167 2143
    regex_detector_test.go:84: Expected label CreditCard, got  ([]), file Creditcard.csv:2136 data 1721 1709 0841 9404
    regex_detector_test.go:84: Expected label CreditCard, got  ([]), file Creditcard.csv:2137 data 9117 3759 7604 7822
    regex_detector_test.go:84: Expected label CreditCard, got  ([]), file Creditcard.csv:2138 data 8141 9054 0129 7254
    regex_detector_test.go:84: Expected label CreditCard, got  ([]), file Creditcard.csv:2139 data 6487 9432 0048 1807
    regex_detector_test.go:84: Expected label CreditCard, got  ([]), file Creditcard.csv:2140 data 0169 4788 1109 8183
    regex_detector_test.go:84: Expected label CreditCard, got  ([]), file Creditcard.csv:2142 data 7025 4451 1516 3102
    regex_detector_test.go:84: Expected label CreditCard, got  ([]), file Creditcard.csv:2143 data 1992 7303 0075 4640
    regex_detector_test.go:84: Expected label CreditCard, got  ([]), file Creditcard.csv:2145 data 4210 3008 0360 2530
    regex_detector_test.go:84: Expected label CreditCard, got  ([]), file Creditcard.csv:2146 data 1003 8673 2761 4781
    regex_detector_test.go:84: Expected label CreditCard, got  ([]), file Creditcard.csv:2147 data 4084 0371 9427 2440
    regex_detector_test.go:84: Expected label CreditCard, got  ([]), file Creditcard.csv:2148 data 9330 2380 8873 4301
    regex_detector_test.go:84: Expected label CreditCard, got  ([]), file Creditcard.csv:2149 data 6833 7477 6185 1552
    regex_detector_test.go:84: Expected label CreditCard, got AdharcardNumber ([{AdharcardNumber 0.8}]), file Creditcard.csv:2150 data 6334 2740 7497 8197
    regex_detector_test.go:84: Expected label CreditCard, got  ([]), file Creditcard.csv:2151 data 5612 3145 9256 1046
    regex_detector_test.go:84: Expected label CreditCard, got  ([]), file Creditcard.csv:2152 data 0633 5086 1978 6595
    regex_detector_test.go:84: Expected label CreditCard, got  ([]), file Creditcard.csv:2153 data 4707 1330 7922 8384
    regex_detector_test.go:84: Expected label CreditCard, got  ([]), file Creditcard.csv:2154 data 6203 5806 8550 0948
    regex_detector_test.go:84: Expected label CreditCard, got  ([]), file Creditcard.csv:2155 data 2749 5796 8560 7773
    regex_detector_test.go:84: Expected label CreditCard, got  ([]), file Creditcard.csv:2156 data 7304 0237 0934 1814
    regex_detector_test.go:84: Expected label CreditCard, got  ([]), file Creditcard.csv:2157 data 6113 0391 9701 8181
    regex_detector_test.go:84: Expected label CreditCard, got  ([]), file Creditcard.csv:2158 data 9824 0851 6771 8605
    regex_detector_test.go:84: Expected label CreditCard, got  ([]), file Creditcard.csv:2159 data 4905 2632 6863 0006
    regex_detector_test.go:84: Expected label CreditCard, got  ([]), file Creditcard.csv:2160 data 1548 5864 8498 3055
    regex_detector_test.go:84: Expected label CreditCard, got  ([]), file Creditcard.csv:2161 data 4562 3388 1921 5283
    regex_detector_test.go:84: Expected label CreditCard, got  ([]), file Creditcard.csv:2162 data 6461 6846 8287 5120
    regex_detector_test.go:84: Expected label CreditCard, got  ([]), file Creditcard.csv:2163 data 1490 7674 8029 5963
    regex_detector_test.go:84: Expected label CreditCard, got  ([]), file Creditcard.csv:2164 data 6148 7579 7479 8407
    regex_detector_test.go:84: Expected label CreditCard, got AdharcardNumber ([{AdharcardNumber 0.8}]), file Creditcard.csv:2165 data 2690 4417 0384 1333
    regex_detector_test.go:84: Expected label CreditCard, got  ([]), file Creditcard.csv:2166 data 3215 9151 5665 1330
    regex_detector_test.go:84: Expected label CreditCard, got  ([]), file Creditcard.csv:2167 data 6825 3354 2707 6371
    regex_detector_test.go:84: Expected label CreditCard, got  ([]), file Creditcard.csv:2168 data 9042 8673 5710 5535
    regex_detector_test.go:84: Expected label CreditCard, got  ([]), file Creditcard.csv:2169 data 6610 0333 5362 5677
    regex_detector_test.go:84: Expected label CreditCard, got  ([]), file Creditcard.csv:2170 data 0412 5108 1203 5729
    regex_detector_test.go:84: Expected label CreditCard, got  ([]), file Creditcard.csv:2172 data 9574 3461 9200 6823
    regex_detector_test.go:84: Expected label CreditCard, got  ([]), file Creditcard.csv:2173 data 8012 4252 4419 8065
    regex_detector_test.go:84: Expected label CreditCard, got  ([]), file Creditcard.csv:2174 data 1741 5014 0020 7963
    regex_detector_test.go:84: Expected label CreditCard, got  ([]), file Creditcard.csv:2175 data 1356 1525 0511 8721
    regex_detector_test.go:84: Expected label CreditCard, got  ([]), file Creditcard.csv:2176 data 6053 4128 2694 3189
    regex_detector_test.go:84: Expected label CreditCard, got  ([]), file Creditcard.csv:2179 data 7901 7650 9056 7202
    regex_detector_test.go:84: Expected label CreditCard, got  ([]), file Creditcard.csv:2180 data 0672 0034 0509 6370
    regex_detector_test.go:84: Expected label CreditCard, got  ([]), file Creditcard.csv:2181 data 0206 1965 2109 7530
    regex_detector_test.go:84: Expected label CreditCard, got  ([]), file Creditcard.csv:2182 data 8211 1529 5109 1019
    regex_detector_test.go:84: Expected label CreditCard, got  ([]), file Creditcard.csv:2183 data 1100 4732 1572 8804
    regex_detector_test.go:84: Expected label CreditCard, got  ([]), file Creditcard.csv:2184 data 1604 0767 8076 1183
    regex_detector_test.go:84: Expected label CreditCard, got  ([]), file Creditcard.csv:2185 data 5030 9345 0548 4904
    regex_detector_test.go:84: Expected label CreditCard, got  ([]), file Creditcard.csv:2186 data 5041 1514 9962 7214
    regex_detector_test.go:84: Expected label CreditCard, got  ([]), file Creditcard.csv:2187 data 3248 0753 3300 3378
    regex_detector_test.go:84: Expected label CreditCard, got  ([]), file Creditcard.csv:2188 data 9750 0003 8043 9530
    regex_detector_test.go:84: Expected label CreditCard, got  ([]), file Creditcard.csv:2189 data 9421 9357 7214 0914
    regex_detector_test.go:84: Expected label CreditCard, got  ([]), file Creditcard.csv:2190 data 4953 8533 1035 7926
    regex_detector_test.go:84: Expected label CreditCard, got  ([]), file Creditcard.csv:2191 data 7849 2451 8608 2102
    regex_detector_test.go:84: Expected label CreditCard, got  ([]), file Creditcard.csv:2192 data 0545 1195 2902 8615
    regex_detector_test.go:84: Expected label CreditCard, got  ([]), file Creditcard.csv:2193 data 4964 4324 9709 9769
    regex_detector_test.go:84: Expected label CreditCard, got  ([]), file Creditcard.csv:2194 data 5672 2705 3952 4587
    regex_detector_test.go:84: Expected label CreditCard, got AdharcardNumber ([{AdharcardNumber 0.8}]), file Creditcard.csv:2195 data 7226 2735 1779 5698
    regex_detector_test.go:84: Expected label CreditCard, got  ([]), file Creditcard.csv:2196 data 2159 1721 8284 7498
    regex_detector_test.go:84: Expected label CreditCard, got  ([]), file Creditcard.csv:2197 data 2815 1701 8812 8659
    regex_detector_test.go:84: Expected label CreditCard, got  ([]), file Creditcard.csv:2198 data 2344 6106 3892 8555
    regex_detector_test.go:84: Expected label CreditCard, got  ([]), file Creditcard.csv:2199 data 7769 4377 1594 6808
    regex_detector_test.go:84: Expected label CreditCard, got  ([]), file Creditcard.csv:2201 data 0426 1886 4934 2741
    regex_detector_test.go:84: Expected label CreditCard, got AdharcardNumber ([{AdharcardNumber 0.8}]), file Creditcard.csv:2202 data 9279 5413 9786 6086
    regex_detector_test.go:84: Expected label CreditCard, got  ([]), file Creditcard.csv:2203 data 6414 3486 5622 4309
    regex_detector_test.go:84: Expected label CreditCard, got  ([]), file Creditcard.csv:2204 data 3256 5708 9548 2031
    regex_detector_test.go:84: Expected label CreditCard, got  ([]), file Creditcard.csv:2205 data 6523 9403 5954 5317
    regex_detector_test.go:84: Expected label CreditCard, got  ([]), file Creditcard.csv:2206 data 0629 2200 5443 3050
    regex_detector_test.go:84: Expected label CreditCard, got  ([]), file Creditcard.csv:2208 data 8046 2253 4867 6282
    regex_detector_test.go:84: Expected label CreditCard, got  ([]), file Creditcard.csv:2209 data 4649 8096 9844 5960
    regex_detector_test.go:84: Expected label CreditCard, got AdharcardNumber ([{AdharcardNumber 0.8}]), file Creditcard.csv:2210 data 0023 4580 4311 0703
    regex_detector_test.go:84: Expected label CreditCard, got  ([]), file Creditcard.csv:2211 data 4147 1591 5004 2169
    regex_detector_test.go:84: Expected label CreditCard, got  ([]), file Creditcard.csv:2212 data 4096 5489 7438 8086
    regex_detector_test.go:84: Expected label CreditCard, got  ([]), file Creditcard.csv:2213 data 1825 9049 6528 0246
    regex_detector_test.go:84: Expected label CreditCard, got  ([]), file Creditcard.csv:2214 data 9767 6026 5120 9546
    regex_detector_test.go:84: Expected label CreditCard, got AdharcardNumber ([{AdharcardNumber 0.8}]), file Creditcard.csv:2215 data 6240 0912 7611 0152
    regex_detector_test.go:84: Expected label CreditCard, got  ([]), file Creditcard.csv:2216 data 5622 2155 1511 8401
    regex_detector_test.go:84: Expected label CreditCard, got  ([]), file Creditcard.csv:2217 data 3148 7479 3389 7144
    regex_detector_test.go:84: Expected label CreditCard, got AdharcardNumber ([{AdharcardNumber 0.8}]), file Creditcard.csv:2218 data 3651 3557 1823 4842
    regex_detector_test.go:84: Expected label CreditCard, got  ([]), file Creditcard.csv:2219 data 9795 0664 8520 0551
    regex_detector_test.go:84: Expected label CreditCard, got  ([]), file Creditcard.csv:2220 data 9443 9960 7188 1891
    regex_detector_test.go:84: Expected label CreditCard, got  ([]), file Creditcard.csv:2221 data 0114 1669 3050 0959
    regex_detector_test.go:84: Expected label CreditCard, got  ([]), file Creditcard.csv:2222 data 0587 4761 4628 7034
    regex_detector_test.go:84: Expected label CreditCard, got  ([]), file Creditcard.csv:2223 data 0704 1626 7447 0534
    regex_detector_test.go:84: Expected label CreditCard, got  ([]), file Creditcard.csv:2224 data 8931 1283 4674 0409
    regex_detector_test.go:84: Expected label CreditCard, got AdharcardNumber ([{AdharcardNumber 0.8}]), file Creditcard.csv:2225 data 9383 4444 6883 7370
    regex_detector_test.go:84: Expected label CreditCard, got  ([]), file Creditcard.csv:2226 data 9114 9751 2149 4371
    regex_detector_test.go:84: Expected label CreditCard, got  ([]), file Creditcard.csv:2227 data 2602 2749 2206 7622
    regex_detector_test.go:84: Expected label CreditCard, got  ([]), file Creditcard.csv:2228 data 6993 5192 9817 8437
    regex_detector_test.go:84: Expected label CreditCard, got  ([]), file Creditcard.csv:2229 data 5665 0611 8371 2649
    regex_detector_test.go:84: Expected label CreditCard, got  ([]), file Creditcard.csv:2230 data 1047 7516 3304 8100
    regex_detector_test.go:84: Expected label CreditCard, got  ([]), file Creditcard.csv:2231 data 8409 0174 1641 7239
    regex_detector_test.go:84: Expected label CreditCard, got  ([]), file Creditcard.csv:2232 data 2239 8233 0560 0865
    regex_detector_test.go:84: Expected label CreditCard, got  ([]), file Creditcard.csv:2234 data 7872 5135 0503 9858
    regex_detector_test.go:84: Expected label CreditCard, got  ([]), file Creditcard.csv:2235 data 5861 4557 3865 9114
    regex_detector_test.go:84: Expected label CreditCard, got  ([]), file Creditcard.csv:2236 data 5595 1376 8465 3248
    regex_detector_test.go:84: Expected label CreditCard, got  ([]), file Creditcard.csv:2237 data 7903 7797 4905 5510
    regex_detector_test.go:84: Expected label CreditCard, got  ([]), file Creditcard.csv:2238 data 6419 3064 2912 6719
    regex_detector_test.go:84: Expected label CreditCard, got AdharcardNumber ([{AdharcardNumber 0.8}]), file Creditcard.csv:2239 data 4614 8441 2061 3615
    regex_detector_test.go:84: Expected label CreditCard, got  ([]), file Creditcard.csv:2240 data 2262 5142 1099 5785
    regex_detector_test.go:84: Expected label CreditCard, got  ([]), file Creditcard.csv:2241 data 8488 2205 3674 5743
    regex_detector_test.go:84: Expected label CreditCard, got  ([]), file Creditcard.csv:2242 data 9170 8026 1257 8727
    regex_detector_test.go:84: Expected label CreditCard, got  ([]), file Creditcard.csv:2243 data 2705 1824 2721 5812
    regex_detector_test.go:84: Expected label CreditCard, got  ([]), file Creditcard.csv:2244 data 3046 4021 1604 6163
    regex_detector_test.go:84: Expected label CreditCard, got  ([]), file Creditcard.csv:2245 data 4688 4093 8127 7729
    regex_detector_test.go:84: Expected label CreditCard, got  ([]), file Creditcard.csv:2246 data 8889 5072 4479 7665
    regex_detector_test.go:84: Expected label CreditCard, got  ([]), file Creditcard.csv:2247 data 6272 2105 8504 8834
    regex_detector_test.go:84: Expected label CreditCard, got  ([]), file Creditcard.csv:2248 data 6302 5772 6791 4276
    regex_detector_test.go:84: Expected label CreditCard, got  ([]), file Creditcard.csv:2249 data 1090 0046 9564 1100
    regex_detector_test.go:84: Expected label CreditCard, got  ([]), file Creditcard.csv:2250 data 4499 7643 2603 6869
    regex_detector_test.go:84: Expected label CreditCard, got  ([]), file Creditcard.csv:2251 data 3004 1762 3415 9518
    regex_detector_test.go:84: Expected label CreditCard, got  ([]), file Creditcard.csv:2252 data 2638 2418 4825 3751
    regex_detector_test.go:84: Expected label CreditCard, got  ([]), file Creditcard.csv:2253 data 0184 3742 8104 0174
    regex_detector_test.go:84: Expected label CreditCard, got AdharcardNumber ([{AdharcardNumber 0.8}]), file Creditcard.csv:2254 data 2724 0741 6711 6651
    regex_detector_test.go:84: Expected label CreditCard, got  ([]), file Creditcard.csv:2255 data 9577 9724 7508 3369
    regex_detector_test.go:84: Expected label CreditCard, got  ([]), file Creditcard.csv:2256 data 3097 0360 9588 7686
    regex_detector_test.go:84: Expected label CreditCard, got  ([]), file Creditcard.csv:2257 data 1147 1446 0474 4879
    regex_detector_test.go:84: Expected label CreditCard, got  ([]), file Creditcard.csv:2258 data 5500 6308 6081 5455
    regex_detector_test.go:84: Expected label CreditCard, got  ([]), file Creditcard.csv:2259 data 4272 5477 6132 1328
    regex_detector_test.go:84: Expected label CreditCard, got  ([]), file Creditcard.csv:2260 data 6363 5954 1048 4516
    regex_detector_test.go:84: Expected label CreditCard, got  ([]), file Creditcard.csv:2261 data 0164 3360 7392 9276
    regex_detector_test.go:84: Expected label CreditCard, got  ([]), file Creditcard.csv:2263 data 5578 5071 2493 4091
    regex_detector_test.go:84: Expected label CreditCard, got  ([]), file Creditcard.csv:2264 data 4656 1906 8138 7828
    regex_detector_test.go:84: Expected label CreditCard, got  ([]), file Creditcard.csv:2265 data 1747 7294 3002 1171
    regex_detector_test.go:84: Expected label CreditCard, got  ([]), file Creditcard.csv:2266 data 4321 1525 6339 6778
    regex_detector_test.go:84: Expected label CreditCard, got  ([]), file Creditcard.csv:2267 data 4857 0918 7669 6181
    regex_detector_test.go:84: Expected label CreditCard, got  ([]), file Creditcard.csv:2268 data 0954 2039 7227 2777
    regex_detector_test.go:84: Expected label CreditCard, got AdharcardNumber ([{AdharcardNumber 0.8}]), file Creditcard.csv:2269 data 6241 0993 4958 8893
    regex_detector_test.go:84: Expected label CreditCard, got  ([]), file Creditcard.csv:2270 data 4074 4778 9337 3001
    regex_detector_test.go:84: Expected label CreditCard, got  ([]), file Creditcard.csv:2271 data 8642 8766 4292 7003
    regex_detector_test.go:84: Expected label CreditCard, got  ([]), file Creditcard.csv:2272 data 9226 9404 7219 1871
    regex_detector_test.go:84: Expected label CreditCard, got  ([]), file Creditcard.csv:2273 data 7091 0016 4158 5031
    regex_detector_test.go:84: Expected label CreditCard, got  ([]), file Creditcard.csv:2274 data 1156 8189 7684 1156
    regex_detector_test.go:84: Expected label CreditCard, got  ([]), file Creditcard.csv:2275 data 2412 1322 3051 1109
    regex_detector_test.go:84: Expected label CreditCard, got  ([]), file Creditcard.csv:2276 data 3043 8277 3844 2562
    regex_detector_test.go:84: Expected label CreditCard, got  ([]), file Creditcard.csv:2277 data 4939 1631 1000 3441
    regex_detector_test.go:84: Expected label CreditCard, got AdharcardNumber ([{AdharcardNumber 0.8}]), file Creditcard.csv:2278 data 1843 7995 0690 7008
    regex_detector_test.go:84: Expected label CreditCard, got  ([]), file Creditcard.csv:2279 data 9753 4968 0591 6045
    regex_detector_test.go:84: Expected label CreditCard, got  ([]), file Creditcard.csv:2280 data 7569 5021 3106 1848
    regex_detector_test.go:84: Expected label CreditCard, got  ([]), file Creditcard.csv:2281 data 2497 1610 5871 8603
    regex_detector_test.go:84: Expected label CreditCard, got  ([]), file Creditcard.csv:2282 data 4072 2864 5644 2856
    regex_detector_test.go:84: Expected label CreditCard, got  ([]), file Creditcard.csv:2283 data 3295 0961 3531 0939
    regex_detector_test.go:84: Expected label CreditCard, got  ([]), file Creditcard.csv:2284 data 1289 2648 4628 0003
    regex_detector_test.go:84: Expected label CreditCard, got  ([]), file Creditcard.csv:2285 data 9417 9869 4465 3251
    regex_detector_test.go:84: Expected label CreditCard, got  ([]), file Creditcard.csv:2286 data 1607 1030 9415 6854
    regex_detector_test.go:84: Expected label CreditCard, got  ([]), file Creditcard.csv:2287 data 8153 6546 5003 0718
    regex_detector_test.go:84: Expected label CreditCard, got  ([]), file Creditcard.csv:2288 data 5906 6455 9916 9606
    regex_detector_test.go:84: Expected label CreditCard, got  ([]), file Creditcard.csv:2289 data 7302 5013 8981 1837
    regex_detector_test.go:84: Expected label CreditCard, got  ([]), file Creditcard.csv:2290 data 4890 7093 3196 7915
    regex_detector_test.go:84: Expected label CreditCard, got  ([]), file Creditcard.csv:2291 data 3111 6144 8870 7653
    regex_detector_test.go:84: Expected label CreditCard, got  ([]), file Creditcard.csv:2292 data 4980 1489 1211 7000
    regex_detector_test.go:84: Expected label CreditCard, got  ([]), file Creditcard.csv:2293 data 0746 1365 6816 4153
    regex_detector_test.go:84: Expected label CreditCard, got  ([]), file Creditcard.csv:2294 data 5117 8090 9336 5569
    regex_detector_test.go:84: Expected label CreditCard, got AdharcardNumber ([{AdharcardNumber 0.8}]), file Creditcard.csv:2295 data 1497 8781 4818 3996
    regex_detector_test.go:84: Expected label CreditCard, got  ([]), file Creditcard.csv:2296 data 4295 4618 0794 1529
    regex_detector_test.go:84: Expected label CreditCard, got  ([]), file Creditcard.csv:2297 data 9678 9364 7848 4757
    regex_detector_test.go:84: Expected label CreditCard, got  ([]), file Creditcard.csv:2298 data 7229 7162 1410 3532
    regex_detector_test.go:84: Expected label CreditCard, got  ([]), file Creditcard.csv:2299 data 5903 5108 0753 0706
    regex_detector_test.go:84: Expected label CreditCard, got  ([]), file Creditcard.csv:2300 data 9669 0029 9422 3725
    regex_detector_test.go:84: Expected label CreditCard, got AdharcardNumber ([{AdharcardNumber 0.8}]), file Creditcard.csv:2301 data 8639 8199 1552 6696
    regex_detector_test.go:84: Expected label CreditCard, got  ([]), file Creditcard.csv:2302 data 0571 2627 3888 7814
    regex_detector_test.go:84: Expected label CreditCard, got  ([]), file Creditcard.csv:2304 data 2884 3117 7332 8471
    regex_detector_test.go:84: Expected label CreditCard, got  ([]), file Creditcard.csv:2305 data 5115 7905 0648 3663
    regex_detector_test.go:84: Expected label CreditCard, got  ([]), file Creditcard.csv:2306 data 5389 9489 2368 7053
    regex_detector_test.go:84: Expected label CreditCard, got  ([]), file Creditcard.csv:2307 data 7016 8069 0725 2609
    regex_detector_test.go:84: Expected label CreditCard, got AdharcardNumber ([{AdharcardNumber 0.8}]), file Creditcard.csv:2308 data 4400 8200 5327 9976
    regex_detector_test.go:84: Expected label CreditCard, got  ([]), file Creditcard.csv:2309 data 9154 0531 8401 1330
    regex_detector_test.go:84: Expected label CreditCard, got  ([]), file Creditcard.csv:2310 data 0096 4757 1531 0727
    regex_detector_test.go:84: Expected label CreditCard, got AdharcardNumber ([{AdharcardNumber 0.8}]), file Creditcard.csv:2311 data 5548 7802 2376 7221
    regex_detector_test.go:84: Expected label CreditCard, got  ([]), file Creditcard.csv:2312 data 3928 4917 8305 6521
    regex_detector_test.go:84: Expected label CreditCard, got  ([]), file Creditcard.csv:2313 data 4193 8941 1694 1453
    regex_detector_test.go:84: Expected label CreditCard, got  ([]), file Creditcard.csv:2315 data 5798 5126 0406 3620
    regex_detector_test.go:84: Expected label CreditCard, got  ([]), file Creditcard.csv:2316 data 2789 3541 6021 8811
    regex_detector_test.go:84: Expected label CreditCard, got  ([]), file Creditcard.csv:2317 data 2321 7084 9155 4241
    regex_detector_test.go:84: Expected label CreditCard, got  ([]), file Creditcard.csv:2318 data 1349 0638 2414 3612
    regex_detector_test.go:84: Expected label CreditCard, got  ([]), file Creditcard.csv:2319 data 7152 5546 8091 3514
    regex_detector_test.go:84: Expected label CreditCard, got  ([]), file Creditcard.csv:2321 data 3509 2313 1069 5686
    regex_detector_test.go:84: Expected label CreditCard, got  ([]), file Creditcard.csv:2323 data 6082 2374 1625 0113
    regex_detector_test.go:84: Expected label CreditCard, got  ([]), file Creditcard.csv:2324 data 7604 4698 8021 1959
    regex_detector_test.go:84: Expected label CreditCard, got  ([]), file Creditcard.csv:2325 data 1040 2310 1319 6299
    regex_detector_test.go:84: Expected label CreditCard, got  ([]), file Creditcard.csv:2326 data 5393 4976 9072 0404
    regex_detector_test.go:84: Expected label CreditCard, got  ([]), file Creditcard.csv:2327 data 2262 4078 4778 5436
    regex_detector_test.go:84: Expected label CreditCard, got  ([]), file Creditcard.csv:2328 data 2823 2792 0730 1646
    regex_detector_test.go:84: Expected label CreditCard, got AdharcardNumber ([{AdharcardNumber 0.8}]), file Creditcard.csv:2330 data 5689 9860 0599 2633
    regex_detector_test.go:84: Expected label CreditCard, got  ([]), file Creditcard.csv:2331 data 6900 7347 5871 7747
    regex_detector_test.go:84: Expected label CreditCard, got  ([]), file Creditcard.csv:2332 data 2180 4431 0131 0752
    regex_detector_test.go:84: Expected label CreditCard, got  ([]), file Creditcard.csv:2333 data 9468 0465 0306 3472
    regex_detector_test.go:84: Expected label CreditCard, got  ([]), file Creditcard.csv:2334 data 0392 5586 1801 7770
    regex_detector_test.go:84: Expected label CreditCard, got  ([]), file Creditcard.csv:2335 data 0807 2013 9965 6976
    regex_detector_test.go:84: Expected label CreditCard, got  ([]), file Creditcard.csv:2336 data 2089 5235 1112 1219
    regex_detector_test.go:84: Expected label CreditCard, got  ([]), file Creditcard.csv:2337 data 3443 1585 0120 0504
    regex_detector_test.go:84: Expected label CreditCard, got AdharcardNumber ([{AdharcardNumber 0.8}]), file Creditcard.csv:2338 data 7616 7311 9137 4878
    regex_detector_test.go:84: Expected label CreditCard, got  ([]), file Creditcard.csv:2339 data 1073 7972 8507 9180
    regex_detector_test.go:84: Expected label CreditCard, got  ([]), file Creditcard.csv:2340 data 3966 7668 9449 4635
    regex_detector_test.go:84: Expected label CreditCard, got  ([]), file Creditcard.csv:2341 data 2893 9427 1431 0718
    regex_detector_test.go:84: Expected label CreditCard, got AdharcardNumber ([{AdharcardNumber 0.8}]), file Creditcard.csv:2342 data 9090 9175 2403 4984
    regex_detector_test.go:84: Expected label CreditCard, got  ([]), file Creditcard.csv:2343 data 5408 6355 6821 5573
    regex_detector_test.go:84: Expected label CreditCard, got  ([]), file Creditcard.csv:2345 data 4342 5468 2997 8090
    regex_detector_test.go:84: Expected label CreditCard, got  ([]), file Creditcard.csv:2346 data 8647 8628 0237 9352
    regex_detector_test.go:84: Expected label CreditCard, got  ([]), file Creditcard.csv:2388 data card
    regex_detector_test.go:84: Expected label DrivingLicenceNumber, got  ([]), file DrivingLicenceNumber.csv:9 data license_number
    regex_detector_test.go:84: Expected label DrivingLicenceNumber, got  ([]), file DrivingLicenceNumber.csv:10 data licence_number
    regex_detector_test.go:84: Expected label DrivingLicenceNumber, got Username ([{Username 0.3} {DrivingLicenceNumber 0.3}]), file DrivingLicenceNumber.csv:19 data user_drivinglicense
    regex_detector_test.go:84: Expected label DrivingLicenceNumber, got Username ([{DrivingLicenceNumber 0.3} {Username 0.3}]), file DrivingLicenceNumber.csv:20 data user_driving_license
    regex_detector_test.go:84: Expected label DrivingLicenceNumber, got Username ([{Username 0.3} {DrivingLicenceNumber 0.3}]), file DrivingLicenceNumber.csv:22 data user_driving_license_number
    regex_detector_test.go:84: Expected label DrivingLicenceNumber, got Username ([{Username 0.3}]), file DrivingLicenceNumber.csv:23 data user_license_number
    regex_detector_test.go:84: Expected label DrivingLicenceNumber, got Username ([{Username 0.3}]), file DrivingLicenceNumber.csv:24 data user_licence_number
    regex_detector_test.go:84: Expected label DrivingLicenceNumber, got Username ([{Username 0.3}]), file DrivingLicenceNumber.csv:27 data user_dl_num
    regex_detector_test.go:84: Expected label DrivingLicenceNumber, got  ([]), file DrivingLicenceNumber.csv:33 data license_no
    regex_detector_test.go:84: Expected label DrivingLicenceNumber, got  ([]), file DrivingLicenceNumber.csv:34 data licence_no
    regex_detector_test.go:84: Expected label DrivingLicenceNumber, got  ([]), file DrivingLicenceNumber.csv:42 data license_id
    regex_detector_test.go:84: Expected label DrivingLicenceNumber, got  ([]), file DrivingLicenceNumber.csv:43 data licence_id
    regex_detector_test.go:84: Expected label DrivingLicenceNumber, got  ([]), file DrivingLicenceNumber.csv:44 data dlnum_id
    regex_detector_test.go:84: Expected label DrivingLicenceNumber, got Username ([{Username 0.3} {DrivingLicenceNumber 0.3}]), file DrivingLicenceNumber.csv:46 data user_driving_licence_no
    regex_detector_test.go:84: Expected label DrivingLicenceNumber, got Username ([{DrivingLicenceNumber 0.3} {Username 0.3}]), file DrivingLicenceNumber.csv:47 data user_driving_license_no
    regex_detector_test.go:84: Expected label DrivingLicenceNumber, got Username ([{Username 0.3} {DrivingLicenceNumber 0.3}]), file DrivingLicenceNumber.csv:49 data user_drivinglicenseno
    regex_detector_test.go:84: Expected label DrivingLicenceNumber, got Username ([{Username 0.3} {DrivingLicenceNumber 0.3}]), file DrivingLicenceNumber.csv:50 data user_dl_no
    regex_detector_test.go:84: Expected label DrivingLicenceNumber, got Username ([{Username 0.3}]), file DrivingLicenceNumber.csv:51 data user_license_no
    regex_detector_test.go:84: Expected label DrivingLicenceNumber, got Username ([{Username 0.3}]), file DrivingLicenceNumber.csv:52 data user_licence_no
    regex_detector_test.go:84: Expected label DrivingLicenceNumber, got Username ([{Username 0.3}]), file DrivingLicenceNumber.csv:53 data user_dlnum
    regex_detector_test.go:84: Expected label DrivingLicenceNumber, got  ([]), file DrivingLicenceNumber.csv:59 data dl_code
    regex_detector_test.go:84: Expected label DrivingLicenceNumber, got  ([]), file DrivingLicenceNumber.csv:60 data license_code
    regex_detector_test.go:84: Expected label DrivingLicenceNumber, got  ([]), file DrivingLicenceNumber.csv:61 data licence_code
    regex_detector_test.go:84: Expected label DrivingLicenceNumber, got  ([]), file DrivingLicenceNumber.csv:62 data dlnum_code
    regex_detector_test.go:84: Expected label DrivingLicenceNumber, got Username ([{Username 0.3}]), file DrivingLicenceNumber.csv:68 data user_dl_code
    regex_detector_test.go:84: Expected label DrivingLicenceNumber, got Username ([{Username 0.3}]), file DrivingLicenceNumber.csv:69 data user_license_code
    regex_detector_test.go:84: Expected label DrivingLicenceNumber, got Username ([{Username 0.3}]), file DrivingLicenceNumber.csv:70 data user_licence_code
    regex_detector_test.go:84: Expected label DrivingLicenceNumber, got Username ([{Username 0.3}]), file DrivingLicenceNumber.csv:71 data user_dlnum_code
    regex_detector_test.go:84: Expected label DrivingLicenceNumber, got Username ([{Username 0.3} {DrivingLicenceNumber 0.3}]), file DrivingLicenceNumber.csv:72 data user_dlno_code
    regex_detector_test.go:84: Expected label DrivingLicenceNumber, got Username ([{DrivingLicenceNumber 0.3} {Username 0.3}]), file DrivingLicenceNumber.csv:73 data user_driving_licence_id
    regex_detector_test.go:84: Expected label DrivingLicenceNumber, got Username ([{Username 0.3} {DrivingLicenceNumber 0.3}]), file DrivingLicenceNumber.csv:74 data user_driving_license_id
    regex_detector_test.go:84: Expected label DrivingLicenceNumber, got Username ([{Username 0.3}]), file DrivingLicenceNumber.csv:77 data user_dl_id
    regex_detector_test.go:84: Expected label DrivingLicenceNumber, got Username ([{Username 0.3}]), file DrivingLicenceNumber.csv:78 data user_license_id
    regex_detector_test.go:84: Expected label DrivingLicenceNumber, got Username ([{Username 0.3}]), file DrivingLicenceNumber.csv:79 data user_licence_id
    regex_detector_test.go:84: Expected label DrivingLicenceNumber, got Username ([{Username 0.3}]), file DrivingLicenceNumber.csv:80 data user_dlnum_id
    regex_detector_test.go:84: Expected label DrivingLicenceNumber, got Username ([{Username 0.3} {DrivingLicenceNumber 0.3}]), file DrivingLicenceNumber.csv:94 data user_driver_license
    regex_detector_test.go:84: Expected label DrivingLicenceNumber, got Username ([{DrivingLicenceNumber 0.3} {Username 0.3}]), file DrivingLicenceNumber.csv:96 data user_driverlicense
    regex_detector_test.go:84: Expected label DrivingLicenceNumber, got Username ([{DrivingLicenceNumber 0.3} {Username 0.3}]), file DrivingLicenceNumber.csv:97 data user_driverlicence
    regex_detector_test.go:84: Expected label DrivingLicenceNumber, got Username ([{Username 0.3} {DrivingLicenceNumber 0.3}]), file DrivingLicenceNumber.csv:99 data user_driver_licence_number
    regex_detector_test.go:84: Expected label DrivingLicenceNumber, got Username ([{Username 0.3} {DrivingLicenceNumber 0.3}]), file DrivingLicenceNumber.csv:101 data user_driver_licence_no
    regex_detector_test.go:84: Expected label DrivingLicenceNumber, got Username ([{Username 0.3} {DrivingLicenceNumber 0.3}]), file DrivingLicenceNumber.csv:105 data user_driver_licence_code
    regex_detector_test.go:84: Expected label DrivingLicenceNumber, got Username ([{Username 0.3} {DrivingLicenceNumber 0.3}]), file DrivingLicenceNumber.csv:114 data user_driver_licence_num
    regex_detector_test.go:84: Expected label DrivingLicenceNumber, got Username ([{Username 0.3} {DrivingLicenceNumber 0.3}]), file DrivingLicenceNumber.csv:115 data user_driver_license_num
    regex_detector_test.go:84: Expected label DrivingLicenceNumber, got Username ([{Username 0.3} {DrivingLicenceNumber 0.3}]), file DrivingLicenceNumber.csv:119 data user_driver_licenseid
    regex_detector_test.go:84: Expected label DrivingLicenceNumber, got Username ([{DrivingLicenceNumber 0.3} {Username 0.3}]), file DrivingLicenceNumber.csv:121 data user_driver_license_code
    regex_detector_test.go:84: Expected label DrivingLicenceNumber, got Username ([{Username 0.3} {DrivingLicenceNumber 0.3}]), file DrivingLicenceNumber.csv:124 data user_driverlicensecode
    regex_detector_test.go:84: Expected label DrivingLicenceNumber, got Username ([{Username 0.3} {DrivingLicenceNumber 0.3}]), file DrivingLicenceNumber.csv:138 data user_driverlicense_number_id
    regex_detector_test.go:84: Expected label DrivingLicenceNumber, got Username ([{DrivingLicenceNumber 0.3} {Username 0.3}]), file DrivingLicenceNumber.csv:142 data user_driverlicense_number_code
    regex_detector_test.go:84: Expected label DrivingLicenceNumber, got Username ([{DrivingLicenceNumber 0.3} {Username 0.3}]), file DrivingLicenceNumber.csv:143 data user_driverlicence_number_code
    regex_detector_test.go:84: Expected label DrivingLicenceNumber, got Username ([{DrivingLicenceNumber 0.3} {Username 0.3}]), file DrivingLicenceNumber.csv:149 data user_driverlicence_num_code
    regex_detector_test.go:84: Expected label DrivingLicenceNumber, got Username ([{Username 0.3} {DrivingLicenceNumber 0.3}]), file DrivingLicenceNumber.csv:154 data user_drivinglicensecode
    regex_detector_test.go:84: Expected label DrivingLicenceNumber, got Username ([{Username 0.3} {DrivingLicenceNumber 0.3}]), file DrivingLicenceNumber.csv:159 data user_drivinglicencecode_id
    regex_detector_test.go:84: Expected label DrivingLicenceNumber, got Username ([{DrivingLicenceNumber 0.3} {Username 0.3}]), file DrivingLicenceNumber.csv:162 data user_drivinglicensecode_num
    regex_detector_test.go:84: Expected label DrivingLicenceNumber, got Username ([{Username 0.3} {DrivingLicenceNumber 0.3}]), file DrivingLicenceNumber.csv:166 data user_drivinglicense_id_num
    regex_detector_test.go:84: Expected label DrivingLicenceNumber, got Username ([{Username 0.3} {DrivingLicenceNumber 0.3}]), file DrivingLicenceNumber.csv:171 data user_drivinglicence_num_code
    regex_detector_test.go:84: Expected label DrivingLicenceNumber, got Username ([{DrivingLicenceNumber 0.3} {Username 0.3}]), file DrivingLicenceNumber.csv:176 data user_drivinglicense_number_code_id
    regex_detector_test.go:84: Expected label DrivingLicenceNumber, got Username ([{Username 0.3} {DrivingLicenceNumber 0.3}]), file DrivingLicenceNumber.csv:177 data user_drivinglicence_number_code_id
    regex_detector_test.go:84: Expected label DrivingLicenceNumber, got Username ([{Username 0.3} {DrivingLicenceNumber 0.3}]), file DrivingLicenceNumber.csv:178 data user_drivinglicense_id_code
    regex_detector_test.go:84: Expected label DrivingLicenceNumber, got  ([]), file DrivingLicenceNumber.csv:192 data OR-21-2013-2109876
    regex_detector_test.go:84: Expected label DrivingLicenceNumber, got  ([]), file DrivingLicenceNumber.csv:225 data OR-01-2011-8765432
    regex_detector_test.go:84: Expected label DrivingLicenceNumber, got  ([]), file DrivingLicenceNumber.csv:258 data OR-22-2007-5432109
    regex_detector_test.go:84: Expected label DrivingLicenceNumber, got  ([]), file DrivingLicenceNumber.csv:291 data OR-23-2007-2109876
    regex_detector_test.go:84: Expected label DrivingLicenceNumber, got  ([]), file DrivingLicenceNumber.csv:324 data OR-24-2007-9876543
    regex_detector_test.go:84: Expected label DrivingLicenceNumber, got  ([]), file DrivingLicenceNumber.csv:357 data OR-25-2007-6543210
    regex_detector_test.go:84: Expected label DrivingLicenceNumber, got  ([]), file DrivingLicenceNumber.csv:390 data OR-26-2007-3210987
    regex_detector_test.go:84: Expected label DrivingLicenceNumber, got  ([]), file DrivingLicenceNumber.csv:425 data OR-27-2007-0987654
    regex_detector_test.go:84: Expected label DrivingLicenceNumber, got  ([]), file DrivingLicenceNumber.csv:435 data OR_27_2007_0987654
    regex_detector_test.go:84: Expected label DrivingLicenceNumber, got  ([]), file DrivingLicenceNumber.csv:445 data OR 27 2007 0987654
    regex_detector_test.go:84: Expected label DrivingLicenceNumber, got  ([]), file DrivingLicenceNumber.csv:454 data OR2720070987654
    regex_detector_test.go:84: Expected label DrivingLicenceNumber, got  ([]), file DrivingLicenceNumber.csv:457 data 97204831
    regex_detector_test.go:84: Expected label DrivingLicenceNumber, got  ([]), file DrivingLicenceNumber.csv:458 data 44101073
    regex_detector_test.go:84: Expected label DrivingLicenceNumber, got  ([]), file DrivingLicenceNumber.csv:459 data 23464488
    regex_detector_test.go:84: Expected label DrivingLicenceNumber, got  ([]), file DrivingLicenceNumber.csv:460 data 86055639
    regex_detector_test.go:84: Expected label DrivingLicenceNumber, got  ([]), file DrivingLicenceNumber.csv:461 data 90914933
    regex_detector_test.go:84: Expected label DrivingLicenceNumber, got  ([]), file DrivingLicenceNumber.csv:462 data 26431609
    regex_detector_test.go:84: Expected label DrivingLicenceNumber, got  ([]), file DrivingLicenceNumber.csv:463 data 63461852
    regex_detector_test.go:84: Expected label DrivingLicenceNumber, got  ([]), file DrivingLicenceNumber.csv:464 data 61531946
    regex_detector_test.go:84: Expected label DrivingLicenceNumber, got  ([]), file DrivingLicenceNumber.csv:465 data 71301716
    regex_detector_test.go:84: Expected label DrivingLicenceNumber, got  ([]), file DrivingLicenceNumber.csv:466 data 13099508
    regex_detector_test.go:84: Expected label DrivingLicenceNumber, got  ([]), file DrivingLicenceNumber.csv:467 data 83783889
    regex_detector_test.go:84: Expected label DrivingLicenceNumber, got  ([]), file DrivingLicenceNumber.csv:468 data 36499795
    regex_detector_test.go:84: Expected label DrivingLicenceNumber, got  ([]), file DrivingLicenceNumber.csv:469 data 86494751
    regex_detector_test.go:84: Expected label DrivingLicenceNumber, got  ([]), file DrivingLicenceNumber.csv:470 data 94922937
    regex_detector_test.go:84: Expected label DrivingLicenceNumber, got  ([]), file DrivingLicenceNumber.csv:471 data 36059751
    regex_detector_test.go:84: Expected label DrivingLicenceNumber, got  ([]), file DrivingLicenceNumber.csv:472 data 14991808
    regex_detector_test.go:84: Expected label DrivingLicenceNumber, got  ([]), file DrivingLicenceNumber.csv:473 data 32307528
    regex_detector_test.go:84: Expected label DrivingLicenceNumber, got  ([]), file DrivingLicenceNumber.csv:474 data 37447087
    regex_detector_test.go:84: Expected label DrivingLicenceNumber, got  ([]), file DrivingLicenceNumber.csv:475 data 63199395
    regex_detector_test.go:84: Expected label DrivingLicenceNumber, got  ([]), file DrivingLicenceNumber.csv:476 data 62944246
    regex_detector_test.go:84: Expected label DrivingLicenceNumber, got  ([]), file DrivingLicenceNumber.csv:477 data 55688441
    regex_detector_test.go:84: Expected label DrivingLicenceNumber, got  ([]), file DrivingLicenceNumber.csv:478 data 68186490
    regex_detector_test.go:84: Expected label DrivingLicenceNumber, got  ([]), file DrivingLicenceNumber.csv:479 data 93523829
    regex_detector_test.go:84: Expected label DrivingLicenceNumber, got  ([]), file DrivingLicenceNumber.csv:480 data 24503759
    regex_detector_test.go:84: Expected label DrivingLicenceNumber, got  ([]), file DrivingLicenceNumber.csv:481 data 64222705
    regex_detector_test.go:84: Expected label DrivingLicenceNumber, got  ([]), file DrivingLicenceNumber.csv:482 data 67915991
    regex_detector_test.go:84: Expected label DrivingLicenceNumber, got  ([]), file DrivingLicenceNumber.csv:483 data 84736925
    regex_detector_test.go:84: Expected label DrivingLicenceNumber, got  ([]), file DrivingLicenceNumber.csv:484 data 12552436
    regex_detector_test.go:84: Expected label DrivingLicenceNumber, got  ([]), file DrivingLicenceNumber.csv:485 data 36784226
    regex_detector_test.go:84: Expected label DrivingLicenceNumber, got  ([]), file DrivingLicenceNumber.csv:486 data 18793997
    regex_detector_test.go:84: Expected label DrivingLicenceNumber, got  ([]), file DrivingLicenceNumber.csv:487 data 23739738
    regex_detector_test.go:84: Expected label DrivingLicenceNumber, got  ([]), file DrivingLicenceNumber.csv:488 data 90416062
    regex_detector_test.go:84: Expected label DrivingLicenceNumber, got  ([]), file DrivingLicenceNumber.csv:489 data 49690441
    regex_detector_test.go:84: Expected label DrivingLicenceNumber, got  ([]), file DrivingLicenceNumber.csv:490 data 19036116
    regex_detector_test.go:84: Expected label DrivingLicenceNumber, got  ([]), file DrivingLicenceNumber.csv:491 data 47032899
    regex_detector_test.go:84: Expected label DrivingLicenceNumber, got  ([]), file DrivingLicenceNumber.csv:492 data 80765455
    regex_detector_test.go:84: Expected label DrivingLicenceNumber, got  ([]), file DrivingLicenceNumber.csv:493 data 37109773
    regex_detector_test.go:84: Expected label DrivingLicenceNumber, got  ([]), file DrivingLicenceNumber.csv:494 data 99009499
    regex_detector_test.go:84: Expected label DrivingLicenceNumber, got  ([]), file DrivingLicenceNumber.csv:495 data 71160924
    regex_detector_test.go:84: Expected label DrivingLicenceNumber, got  ([]), file DrivingLicenceNumber.csv:496 data 55324807
    regex_detector_test.go:84: Expected label DrivingLicenceNumber, got  ([]), file DrivingLicenceNumber.csv:497 data 16466308
    regex_detector_test.go:84: Expected label DrivingLicenceNumber, got  ([]), file DrivingLicenceNumber.csv:498 data 81408357
    regex_detector_test.go:84: Expected label DrivingLicenceNumber, got  ([]), file DrivingLicenceNumber.csv:499 data 18807800
    regex_detector_test.go:84: Expected label DrivingLicenceNumber, got  ([]), file DrivingLicenceNumber.csv:500 data 52725550
    regex_detector_test.go:84: Expected label DrivingLicenceNumber, got  ([]), file DrivingLicenceNumber.csv:501 data 21112402
    regex_detector_test.go:84: Expected label DrivingLicenceNumber, got  ([]), file DrivingLicenceNumber.csv:502 data 18595542
    regex_detector_test.go:84: Expected label DrivingLicenceNumber, got  ([]), file DrivingLicenceNumber.csv:503 data 30419241
    regex_detector_test.go:84: Expected label DrivingLicenceNumber, got  ([]), file DrivingLicenceNumber.csv:504 data 65064344
    regex_detector_test.go:84: Expected label DrivingLicenceNumber, got  ([]), file DrivingLicenceNumber.csv:505 data 20930518
    regex_detector_test.go:84: Expected label DrivingLicenceNumber, got  ([]), file DrivingLicenceNumber.csv:506 data 18704425
    regex_detector_test.go:84: Expected label DrivingLicenceNumber, got  ([]), file DrivingLicenceNumber.csv:507 data 15736908
    regex_detector_test.go:84: Expected label DrivingLicenceNumber, got  ([]), file DrivingLicenceNumber.csv:508 data 18605437
    regex_detector_test.go:84: Expected label DrivingLicenceNumber, got  ([]), file DrivingLicenceNumber.csv:509 data 59809274
    regex_detector_test.go:84: Expected label DrivingLicenceNumber, got  ([]), file DrivingLicenceNumber.csv:510 data 44109430
    regex_detector_test.go:84: Expected label DrivingLicenceNumber, got  ([]), file DrivingLicenceNumber.csv:511 data 75470045
    regex_detector_test.go:84: Expected label DrivingLicenceNumber, got  ([]), file DrivingLicenceNumber.csv:512 data 12937502
    regex_detector_test.go:84: Expected label DrivingLicenceNumber, got  ([]), file DrivingLicenceNumber.csv:513 data 25994584
    regex_detector_test.go:84: Expected label DrivingLicenceNumber, got  ([]), file DrivingLicenceNumber.csv:514 data 50774172
    regex_detector_test.go:84: Expected label DrivingLicenceNumber, got  ([]), file DrivingLicenceNumber.csv:515 data 43274754
    regex_detector_test.go:84: Expected label DrivingLicenceNumber, got  ([]), file DrivingLicenceNumber.csv:516 data 29502202
    regex_detector_test.go:84: Expected label DrivingLicenceNumber, got  ([]), file DrivingLicenceNumber.csv:517 data 79958601
    regex_detector_test.go:84: Expected label DrivingLicenceNumber, got  ([]), file DrivingLicenceNumber.csv:518 data 12109432
    regex_detector_test.go:84: Expected label DrivingLicenceNumber, got  ([]), file DrivingLicenceNumber.csv:519 data 25064868
    regex_detector_test.go:84: Expected label DrivingLicenceNumber, got  ([]), file DrivingLicenceNumber.csv:520 data 90690949
    regex_detector_test.go:84: Expected label DrivingLicenceNumber, got  ([]), file DrivingLicenceNumber.csv:521 data 30480007
    regex_detector_test.go:84: Expected label DrivingLicenceNumber, got  ([]), file DrivingLicenceNumber.csv:522 data 21921415
    regex_detector_test.go:84: Expected label DrivingLicenceNumber, got  ([]), file DrivingLicenceNumber.csv:523 data 34866873
    regex_detector_test.go:84: Expected label DrivingLicenceNumber, got  ([]), file DrivingLicenceNumber.csv:524 data 32253455
    regex_detector_test.go:84: Expected label DrivingLicenceNumber, got  ([]), file DrivingLicenceNumber.csv:525 data 30708351
    regex_detector_test.go:84: Expected label DrivingLicenceNumber, got  ([]), file DrivingLicenceNumber.csv:526 data 67919399
    regex_detector_test.go:84: Expected label DrivingLicenceNumber, got  ([]), file DrivingLicenceNumber.csv:527 data 29790022
    regex_detector_test.go:84: Expected label DrivingLicenceNumber, got  ([]), file DrivingLicenceNumber.csv:528 data 78883871
    regex_detector_test.go:84: Expected label DrivingLicenceNumber, got  ([]), file DrivingLicenceNumber.csv:529 data 17696473
    regex_detector_test.go:84: Expected label DrivingLicenceNumber, got  ([]), file DrivingLicenceNumber.csv:530 data 15168474
    regex_detector_test.go:84: Expected label DrivingLicenceNumber, got  ([]), file DrivingLicenceNumber.csv:531 data 90741920
    regex_detector_test.go:84: Expected label DrivingLicenceNumber, got  ([]), file DrivingLicenceNumber.csv:532 data 88758083
    regex_detector_test.go:84: Expected label DrivingLicenceNumber, got  ([]), file DrivingLicenceNumber.csv:533 data 50481308
    regex_detector_test.go:84: Expected label DrivingLicenceNumber, got  ([]), file DrivingLicenceNumber.csv:534 data 65057322
    regex_detector_test.go:84: Expected label DrivingLicenceNumber, got  ([]), file DrivingLicenceNumber.csv:535 data 77217381
    regex_detector_test.go:84: Expected label DrivingLicenceNumber, got  ([]), file DrivingLicenceNumber.csv:536 data 30463719
    regex_detector_test.go:84: Expected label DrivingLicenceNumber, got  ([]), file DrivingLicenceNumber.csv:537 data 37484333
    regex_detector_test.go:84: Expected label DrivingLicenceNumber, got  ([]), file DrivingLicenceNumber.csv:538 data 38010116
    regex_detector_test.go:84: Expected label DrivingLicenceNumber, got  ([]), file DrivingLicenceNumber.csv:539 data 84524699
    regex_detector_test.go:84: Expected label DrivingLicenceNumber, got  ([]), file DrivingLicenceNumber.csv:540 data 39269571
    regex_detector_test.go:84: Expected label DrivingLicenceNumber, got  ([]), file DrivingLicenceNumber.csv:541 data 63647261
    regex_detector_test.go:84: Expected label DrivingLicenceNumber, got  ([]), file DrivingLicenceNumber.csv:542 data 79691053
    regex_detector_test.go:84: Expected label DrivingLicenceNumber, got  ([]), file DrivingLicenceNumber.csv:543 data 71013741
    regex_detector_test.go:84: Expected label DrivingLicenceNumber, got  ([]), file DrivingLicenceNumber.csv:544 data 59114330
    regex_detector_test.go:84: Expected label DrivingLicenceNumber, got  ([]), file DrivingLicenceNumber.csv:545 data 94823358
    regex_detector_test.go:84: Expected label DrivingLicenceNumber, got  ([]), file DrivingLicenceNumber.csv:546 data 83208400
    regex_detector_test.go:84: Expected label DrivingLicenceNumber, got  ([]), file DrivingLicenceNumber.csv:547 data 49806444
    regex_detector_test.go:84: Expected label DrivingLicenceNumber, got  ([]), file DrivingLicenceNumber.csv:548 data 73610235
    regex_detector_test.go:84: Expected label DrivingLicenceNumber, got  ([]), file DrivingLicenceNumber.csv:549 data 54119289
    regex_detector_test.go:84: Expected label DrivingLicenceNumber, got  ([]), file DrivingLicenceNumber.csv:550 data 33235348
    regex_detector_test.go:84: Expected label DrivingLicenceNumber, got  ([]), file DrivingLicenceNumber.csv:551 data 30241290
    regex_detector_test.go:84: Expected label DrivingLicenceNumber, got  ([]), file DrivingLicenceNumber.csv:552 data 65814315
    regex_detector_test.go:84: Expected label DrivingLicenceNumber, got  ([]), file DrivingLicenceNumber.csv:553 data 68517979
    regex_detector_test.go:84: Expected label DrivingLicenceNumber, got  ([]), file DrivingLicenceNumber.csv:554 data 66411018
    regex_detector_test.go:84: Expected label DrivingLicenceNumber, got  ([]), file DrivingLicenceNumber.csv:555 data 74932519
    regex_detector_test.go:84: Expected label DrivingLicenceNumber, got  ([]), file DrivingLicenceNumber.csv:556 data 10410848
    regex_detector_test.go:84: Expected label DrivingLicenceNumber, got  ([]), file DrivingLicenceNumber.csv:557 data 15288497
    regex_detector_test.go:84: Expected label DrivingLicenceNumber, got  ([]), file DrivingLicenceNumber.csv:558 data 60899237
    regex_detector_test.go:84: Expected label DrivingLicenceNumber, got  ([]), file DrivingLicenceNumber.csv:559 data 80688873
    regex_detector_test.go:84: Expected label DrivingLicenceNumber, got  ([]), file DrivingLicenceNumber.csv:560 data 21058644
    regex_detector_test.go:84: Expected label DrivingLicenceNumber, got  ([]), file DrivingLicenceNumber.csv:561 data 55081085
    regex_detector_test.go:84: Expected label DrivingLicenceNumber, got  ([]), file DrivingLicenceNumber.csv:562 data 14207219
    regex_detector_test.go:84: Expected label DrivingLicenceNumber, got  ([]), file DrivingLicenceNumber.csv:563 data 13413367
    regex_detector_test.go:84: Expected label DrivingLicenceNumber, got  ([]), file DrivingLicenceNumber.csv:564 data 31155328
    regex_detector_test.go:84: Expected label DrivingLicenceNumber, got  ([]), file DrivingLicenceNumber.csv:565 data 42951460
    regex_detector_test.go:84: Expected label DrivingLicenceNumber, got  ([]), file DrivingLicenceNumber.csv:566 data 58785206
    regex_detector_test.go:84: Expected label DrivingLicenceNumber, got  ([]), file DrivingLicenceNumber.csv:567 data 55199818
    regex_detector_test.go:84: Expected label DrivingLicenceNumber, got  ([]), file DrivingLicenceNumber.csv:568 data 40228327
    regex_detector_test.go:84: Expected label DrivingLicenceNumber, got  ([]), file DrivingLicenceNumber.csv:569 data 31562418
    regex_detector_test.go:84: Expected label DrivingLicenceNumber, got  ([]), file DrivingLicenceNumber.csv:570 data 35811820
    regex_detector_test.go:84: Expected label DrivingLicenceNumber, got  ([]), file DrivingLicenceNumber.csv:571 data 97133930
    regex_detector_test.go:84: Expected label DrivingLicenceNumber, got  ([]), file DrivingLicenceNumber.csv:572 data 33002861
    regex_detector_test.go:84: Expected label DrivingLicenceNumber, got  ([]), file DrivingLicenceNumber.csv:573 data 40707830
    regex_detector_test.go:84: Expected label DrivingLicenceNumber, got  ([]), file DrivingLicenceNumber.csv:574 data 67916103
    regex_detector_test.go:84: Expected label DrivingLicenceNumber, got  ([]), file DrivingLicenceNumber.csv:575 data 49587441
    regex_detector_test.go:84: Expected label DrivingLicenceNumber, got  ([]), file DrivingLicenceNumber.csv:576 data 42224741
    regex_detector_test.go:84: Expected label DrivingLicenceNumber, got  ([]), file DrivingLicenceNumber.csv:577 data 89116721
    regex_detector_test.go:84: Expected label DrivingLicenceNumber, got  ([]), file DrivingLicenceNumber.csv:578 data 31163580
    regex_detector_test.go:84: Expected label DrivingLicenceNumber, got  ([]), file DrivingLicenceNumber.csv:579 data 28263416
    regex_detector_test.go:84: Expected label DrivingLicenceNumber, got  ([]), file DrivingLicenceNumber.csv:580 data 28753761
    regex_detector_test.go:84: Expected label DrivingLicenceNumber, got  ([]), file DrivingLicenceNumber.csv:581 data 60330277
    regex_detector_test.go:84: Expected label DrivingLicenceNumber, got  ([]), file DrivingLicenceNumber.csv:582 data 60258276
    regex_detector_test.go:84: Expected label DrivingLicenceNumber, got  ([]), file DrivingLicenceNumber.csv:583 data 21471775
    regex_detector_test.go:84: Expected label DrivingLicenceNumber, got  ([]), file DrivingLicenceNumber.csv:584 data 87701225
    regex_detector_test.go:84: Expected label DrivingLicenceNumber, got  ([]), file DrivingLicenceNumber.csv:585 data 71679738
    regex_detector_test.go:84: Expected label DrivingLicenceNumber, got  ([]), file DrivingLicenceNumber.csv:586 data 38975164
    regex_detector_test.go:84: Expected label DrivingLicenceNumber, got  ([]), file DrivingLicenceNumber.csv:587 data 64850528
    regex_detector_test.go:84: Expected label DrivingLicenceNumber, got  ([]), file DrivingLicenceNumber.csv:588 data 98210323
    regex_detector_test.go:84: Expected label DrivingLicenceNumber, got  ([]), file DrivingLicenceNumber.csv:589 data 53609089
    regex_detector_test.go:84: Expected label DrivingLicenceNumber, got  ([]), file DrivingLicenceNumber.csv:590 data 86236458
    regex_detector_test.go:84: Expected label DrivingLicenceNumber, got  ([]), file DrivingLicenceNumber.csv:591 data 53896068
    regex_detector_test.go:84: Expected label DrivingLicenceNumber, got  ([]), file DrivingLicenceNumber.csv:592 data 10927590
    regex_detector_test.go:84: Expected label DrivingLicenceNumber, got  ([]), file DrivingLicenceNumber.csv:593 data 61545394
    regex_detector_test.go:84: Expected label DrivingLicenceNumber, got  ([]), file DrivingLicenceNumber.csv:594 data 87309423
    regex_detector_test.go:84: Expected label DrivingLicenceNumber, got  ([]), file DrivingLicenceNumber.csv:595 data 42445261
    regex_detector_test.go:84: Expected label DrivingLicenceNumber, got  ([]), file DrivingLicenceNumber.csv:596 data 35332853
    regex_detector_test.go:84: Expected label DrivingLicenceNumber, got  ([]), file DrivingLicenceNumber.csv:597 data 18532511
    regex_detector_test.go:84: Expected label DrivingLicenceNumber, got  ([]), file DrivingLicenceNumber.csv:598 data 32905722
    regex_detector_test.go:84: Expected label DrivingLicenceNumber, got  ([]), file DrivingLicenceNumber.csv:599 data 88085229
    regex_detector_test.go:84: Expected label DrivingLicenceNumber, got  ([]), file DrivingLicenceNumber.csv:600 data 33971385
    regex_detector_test.go:84: Expected label DrivingLicenceNumber, got  ([]), file DrivingLicenceNumber.csv:601 data 59150673
    regex_detector_test.go:84: Expected label DrivingLicenceNumber, got  ([]), file DrivingLicenceNumber.csv:602 data 43401037
    regex_detector_test.go:84: Expected label DrivingLicenceNumber, got  ([]), file DrivingLicenceNumber.csv:603 data 22177961
    regex_detector_test.go:84: Expected label DrivingLicenceNumber, got  ([]), file DrivingLicenceNumber.csv:604 data 17442609
    regex_detector_test.go:84: Expected label DrivingLicenceNumber, got  ([]), file DrivingLicenceNumber.csv:605 data 74120023
    regex_detector_test.go:84: Expected label DrivingLicenceNumber, got  ([]), file DrivingLicenceNumber.csv:606 data 57117298
    regex_detector_test.go:84: Expected label DrivingLicenceNumber, got  ([]), file DrivingLicenceNumber.csv:607 data 13848148
    regex_detector_test.go:84: Expected label DrivingLicenceNumber, got  ([]), file DrivingLicenceNumber.csv:608 data 74480714
    regex_detector_test.go:84: Expected label DrivingLicenceNumber, got  ([]), file DrivingLicenceNumber.csv:609 data 16767191
    regex_detector_test.go:84: Expected label DrivingLicenceNumber, got  ([]), file DrivingLicenceNumber.csv:610 data 29197500
    regex_detector_test.go:84: Expected label DrivingLicenceNumber, got  ([]), file DrivingLicenceNumber.csv:611 data 66224485
    regex_detector_test.go:84: Expected label DrivingLicenceNumber, got  ([]), file DrivingLicenceNumber.csv:612 data 98754520
    regex_detector_test.go:84: Expected label DrivingLicenceNumber, got  ([]), file DrivingLicenceNumber.csv:613 data 83320146
    regex_detector_test.go:84: Expected label DrivingLicenceNumber, got  ([]), file DrivingLicenceNumber.csv:614 data 50376166
    regex_detector_test.go:84: Expected label DrivingLicenceNumber, got  ([]), file DrivingLicenceNumber.csv:615 data 24492263
    regex_detector_test.go:84: Expected label DrivingLicenceNumber, got  ([]), file DrivingLicenceNumber.csv:616 data 47607614
    regex_detector_test.go:84: Expected label DrivingLicenceNumber, got  ([]), file DrivingLicenceNumber.csv:617 data 86676936
    regex_detector_test.go:84: Expected label DrivingLicenceNumber, got  ([]), file DrivingLicenceNumber.csv:618 data 31995008
    regex_detector_test.go:84: Expected label DrivingLicenceNumber, got  ([]), file DrivingLicenceNumber.csv:619 data 28190073
    regex_detector_test.go:84: Expected label DrivingLicenceNumber, got  ([]), file DrivingLicenceNumber.csv:620 data 95864226
    regex_detector_test.go:84: Expected label DrivingLicenceNumber, got  ([]), file DrivingLicenceNumber.csv:621 data 25510977
    regex_detector_test.go:84: Expected label DrivingLicenceNumber, got  ([]), file DrivingLicenceNumber.csv:622 data 36861183
    regex_detector_test.go:84: Expected label DrivingLicenceNumber, got  ([]), file DrivingLicenceNumber.csv:623 data 10686307
    regex_detector_test.go:84: Expected label DrivingLicenceNumber, got  ([]), file DrivingLicenceNumber.csv:624 data 14003344
    regex_detector_test.go:84: Expected label DrivingLicenceNumber, got  ([]), file DrivingLicenceNumber.csv:625 data 75718409
    regex_detector_test.go:84: Expected label DrivingLicenceNumber, got  ([]), file DrivingLicenceNumber.csv:626 data 99016545
    regex_detector_test.go:84: Expected label DrivingLicenceNumber, got  ([]), file DrivingLicenceNumber.csv:627 data 39509005
    regex_detector_test.go:84: Expected label DrivingLicenceNumber, got  ([]), file DrivingLicenceNumber.csv:628 data 24611580
    regex_detector_test.go:84: Expected label DrivingLicenceNumber, got  ([]), file DrivingLicenceNumber.csv:629 data 33513572
    regex_detector_test.go:84: Expected label DrivingLicenceNumber, got  ([]), file DrivingLicenceNumber.csv:630 data 66554321
    regex_detector_test.go:84: Expected label DrivingLicenceNumber, got  ([]), file DrivingLicenceNumber.csv:631 data 55090830
    regex_detector_test.go:84: Expected label DrivingLicenceNumber, got  ([]), file DrivingLicenceNumber.csv:632 data 73075016
    regex_detector_test.go:84: Expected label DrivingLicenceNumber, got  ([]), file DrivingLicenceNumber.csv:633 data 25800284
    regex_detector_test.go:84: Expected label DrivingLicenceNumber, got  ([]), file DrivingLicenceNumber.csv:634 data 37113750
    regex_detector_test.go:84: Expected label DrivingLicenceNumber, got  ([]), file DrivingLicenceNumber.csv:635 data 19303070
    regex_detector_test.go:84: Expected label DrivingLicenceNumber, got  ([]), file DrivingLicenceNumber.csv:636 data 30286228
    regex_detector_test.go:84: Expected label DrivingLicenceNumber, got  ([]), file DrivingLicenceNumber.csv:637 data 80898409
    regex_detector_test.go:84: Expected label DrivingLicenceNumber, got  ([]), file DrivingLicenceNumber.csv:638 data 68573586
    regex_detector_test.go:84: Expected label DrivingLicenceNumber, got  ([]), file DrivingLicenceNumber.csv:639 data 22666630
    regex_detector_test.go:84: Expected label DrivingLicenceNumber, got  ([]), file DrivingLicenceNumber.csv:640 data 19891050
    regex_detector_test.go:84: Expected label DrivingLicenceNumber, got  ([]), file DrivingLicenceNumber.csv:641 data 52501256
    regex_detector_test.go:84: Expected label DrivingLicenceNumber, got  ([]), file DrivingLicenceNumber.csv:642 data 23173581
    regex_detector_test.go:84: Expected label DrivingLicenceNumber, got  ([]), file DrivingLicenceNumber.csv:643 data 62085098
    regex_detector_test.go:84: Expected label DrivingLicenceNumber, got  ([]), file DrivingLicenceNumber.csv:644 data 87739172
    regex_detector_test.go:84: Expected label DrivingLicenceNumber, got  ([]), file DrivingLicenceNumber.csv:645 data 46348754
    regex_detector_test.go:84: Expected label DrivingLicenceNumber, got  ([]), file DrivingLicenceNumber.csv:646 data 70889219
    regex_detector_test.go:84: Expected label DrivingLicenceNumber, got  ([]), file DrivingLicenceNumber.csv:647 data 23048882
    regex_detector_test.go:84: Expected label DrivingLicenceNumber, got  ([]), file DrivingLicenceNumber.csv:648 data 38679061
    regex_detector_test.go:84: Expected label DrivingLicenceNumber, got  ([]), file DrivingLicenceNumber.csv:649 data 66034745
    regex_detector_test.go:84: Expected label DrivingLicenceNumber, got  ([]), file DrivingLicenceNumber.csv:650 data 18824313
    regex_detector_test.go:84: Expected label DrivingLicenceNumber, got  ([]), file DrivingLicenceNumber.csv:651 data 19901878
    regex_detector_test.go:84: Expected label DrivingLicenceNumber, got  ([]), file DrivingLicenceNumber.csv:652 data 11641541
    regex_detector_test.go:84: Expected label DrivingLicenceNumber, got  ([]), file DrivingLicenceNumber.csv:653 data 14398544
    regex_detector_test.go:84: Expected label DrivingLicenceNumber, got  ([]), file DrivingLicenceNumber.csv:654 data 89155705
    regex_detector_test.go:84: Expected label DrivingLicenceNumber, got  ([]), file DrivingLicenceNumber.csv:655 data 90204411
    regex_detector_test.go:84: Expected label DrivingLicenceNumber, got  ([]), file DrivingLicenceNumber.csv:656 data 27908673
    regex_detector_test.go:84: Expected label DrivingLicenceNumber, got  ([]), file DrivingLicenceNumber.csv:657 data 53858518
    regex_detector_test.go:84: Expected label DrivingLicenceNumber, got  ([]), file DrivingLicenceNumber.csv:658 data 78594917
    regex_detector_test.go:84: Expected label DrivingLicenceNumber, got  ([]), file DrivingLicenceNumber.csv:659 data 96226106
    regex_detector_test.go:84: Expected label DrivingLicenceNumber, got  ([]), file DrivingLicenceNumber.csv:660 data 79479849
    regex_detector_test.go:84: Expected label DrivingLicenceNumber, got  ([]), file DrivingLicenceNumber.csv:661 data 40351527
    regex_detector_test.go:84: Expected label DrivingLicenceNumber, got  ([]), file DrivingLicenceNumber.csv:662 data 12651501
    regex_detector_test.go:84: Expected label DrivingLicenceNumber, got  ([]), file DrivingLicenceNumber.csv:663 data 36478673
    regex_detector_test.go:84: Expected label DrivingLicenceNumber, got  ([]), file DrivingLicenceNumber.csv:664 data 35189201
    regex_detector_test.go:84: Expected label DrivingLicenceNumber, got  ([]), file DrivingLicenceNumber.csv:665 data 54445019
    regex_detector_test.go:84: Expected label DrivingLicenceNumber, got  ([]), file DrivingLicenceNumber.csv:666 data 43849449
    regex_detector_test.go:84: Expected label DrivingLicenceNumber, got  ([]), file DrivingLicenceNumber.csv:667 data 35677652
    regex_detector_test.go:84: Expected label DrivingLicenceNumber, got  ([]), file DrivingLicenceNumber.csv:668 data 28289193
    regex_detector_test.go:84: Expected label DrivingLicenceNumber, got  ([]), file DrivingLicenceNumber.csv:669 data 75271566
    regex_detector_test.go:84: Expected label DrivingLicenceNumber, got  ([]), file DrivingLicenceNumber.csv:670 data 92539989
    regex_detector_test.go:84: Expected label DrivingLicenceNumber, got  ([]), file DrivingLicenceNumber.csv:671 data 32089011
    regex_detector_test.go:84: Expected label DrivingLicenceNumber, got  ([]), file DrivingLicenceNumber.csv:672 data 30917030
    regex_detector_test.go:84: Expected label DrivingLicenceNumber, got  ([]), file DrivingLicenceNumber.csv:673 data 13041153
    regex_detector_test.go:84: Expected label DrivingLicenceNumber, got  ([]), file DrivingLicenceNumber.csv:674 data 42267034
    regex_detector_test.go:84: Expected label DrivingLicenceNumber, got  ([]), file DrivingLicenceNumber.csv:675 data 62110969
    regex_detector_test.go:84: Expected label DrivingLicenceNumber, got  ([]), file DrivingLicenceNumber.csv:676 data 58079851
    regex_detector_test.go:84: Expected label DrivingLicenceNumber, got  ([]), file DrivingLicenceNumber.csv:677 data 14404794
    regex_detector_test.go:84: Expected label DrivingLicenceNumber, got  ([]), file DrivingLicenceNumber.csv:678 data 99166716
    regex_detector_test.go:84: Expected label DrivingLicenceNumber, got  ([]), file DrivingLicenceNumber.csv:679 data 87232236
    regex_detector_test.go:84: Expected label DrivingLicenceNumber, got  ([]), file DrivingLicenceNumber.csv:680 data 57255758
    regex_detector_test.go:84: Expected label DrivingLicenceNumber, got  ([]), file DrivingLicenceNumber.csv:681 data 56557735
    regex_detector_test.go:84: Expected label DrivingLicenceNumber, got  ([]), file DrivingLicenceNumber.csv:682 data 16791964
    regex_detector_test.go:84: Expected label DrivingLicenceNumber, got  ([]), file DrivingLicenceNumber.csv:683 data 48779462
    regex_detector_test.go:84: Expected label DrivingLicenceNumber, got  ([]), file DrivingLicenceNumber.csv:684 data 70451701
    regex_detector_test.go:84: Expected label DrivingLicenceNumber, got  ([]), file DrivingLicenceNumber.csv:685 data 30070123
    regex_detector_test.go:84: Expected label DrivingLicenceNumber, got  ([]), file DrivingLicenceNumber.csv:686 data 52675134
    regex_detector_test.go:84: Expected label DrivingLicenceNumber, got  ([]), file DrivingLicenceNumber.csv:687 data 70260262
    regex_detector_test.go:84: Expected label DrivingLicenceNumber, got  ([]), file DrivingLicenceNumber.csv:688 data 89304752
    regex_detector_test.go:84: Expected label DrivingLicenceNumber, got  ([]), file DrivingLicenceNumber.csv:689 data 38054628
    regex_detector_test.go:84: Expected label DrivingLicenceNumber, got  ([]), file DrivingLicenceNumber.csv:690 data 77842196
    regex_detector_test.go:84: Expected label DrivingLicenceNumber, got  ([]), file DrivingLicenceNumber.csv:691 data 37369834
    regex_detector_test.go:84: Expected label DrivingLicenceNumber, got  ([]), file DrivingLicenceNumber.csv:692 data 22059600
    regex_detector_test.go:84: Expected label DrivingLicenceNumber, got  ([]), file DrivingLicenceNumber.csv:693 data 62011277
    regex_detector_test.go:84: Expected label DrivingLicenceNumber, got  ([]), file DrivingLicenceNumber.csv:694 data 51023018
    regex_detector_test.go:84: Expected label DrivingLicenceNumber, got  ([]), file DrivingLicenceNumber.csv:695 data 95670060
    regex_detector_test.go:84: Expected label DrivingLicenceNumber, got  ([]), file DrivingLicenceNumber.csv:696 data 87702132
    regex_detector_test.go:84: Expected label DrivingLicenceNumber, got  ([]), file DrivingLicenceNumber.csv:697 data 72649505
    regex_detector_test.go:84: Expected label DrivingLicenceNumber, got  ([]), file DrivingLicenceNumber.csv:698 data 88915523
    regex_detector_test.go:84: Expected label DrivingLicenceNumber, got  ([]), file DrivingLicenceNumber.csv:699 data 55522321
    regex_detector_test.go:84: Expected label DrivingLicenceNumber, got  ([]), file DrivingLicenceNumber.csv:700 data 65267787
    regex_detector_test.go:84: Expected label DrivingLicenceNumber, got  ([]), file DrivingLicenceNumber.csv:701 data 14720139
    regex_detector_test.go:84: Expected label DrivingLicenceNumber, got  ([]), file DrivingLicenceNumber.csv:702 data 78094871
    regex_detector_test.go:84: Expected label DrivingLicenceNumber, got  ([]), file DrivingLicenceNumber.csv:703 data 16842728
    regex_detector_test.go:84: Expected label DrivingLicenceNumber, got  ([]), file DrivingLicenceNumber.csv:704 data 88336727
    regex_detector_test.go:84: Expected label DrivingLicenceNumber, got  ([]), file DrivingLicenceNumber.csv:705 data 38016244
    regex_detector_test.go:84: Expected label DrivingLicenceNumber, got  ([]), file DrivingLicenceNumber.csv:706 data 98255572
    regex_detector_test.go:84: Expected label DrivingLicenceNumber, got  ([]), file DrivingLicenceNumber.csv:707 data 85236234
    regex_detector_test.go:84: Expected label DrivingLicenceNumber, got  ([]), file DrivingLicenceNumber.csv:708 data 76017394
    regex_detector_test.go:84: Expected label DrivingLicenceNumber, got  ([]), file DrivingLicenceNumber.csv:709 data 65831047
    regex_detector_test.go:84: Expected label DrivingLicenceNumber, got  ([]), file DrivingLicenceNumber.csv:710 data 76312041
    regex_detector_test.go:84: Expected label DrivingLicenceNumber, got  ([]), file DrivingLicenceNumber.csv:711 data 56887284
    regex_detector_test.go:84: Expected label DrivingLicenceNumber, got  ([]), file DrivingLicenceNumber.csv:712 data 18050292
    regex_detector_test.go:84: Expected label DrivingLicenceNumber, got  ([]), file DrivingLicenceNumber.csv:713 data 63591985
    regex_detector_test.go:84: Expected label DrivingLicenceNumber, got  ([]), file DrivingLicenceNumber.csv:714 data 22108311
    regex_detector_test.go:84: Expected label DrivingLicenceNumber, got  ([]), file DrivingLicenceNumber.csv:715 data 84139013
    regex_detector_test.go:84: Expected label DrivingLicenceNumber, got  ([]), file DrivingLicenceNumber.csv:716 data 96279653
    regex_detector_test.go:84: Expected label DrivingLicenceNumber, got  ([]), file DrivingLicenceNumber.csv:717 data 67388389
    regex_detector_test.go:84: Expected label DrivingLicenceNumber, got  ([]), file DrivingLicenceNumber.csv:718 data 66029011
    regex_detector_test.go:84: Expected label DrivingLicenceNumber, got  ([]), file DrivingLicenceNumber.csv:719 data 40338512
    regex_detector_test.go:84: Expected label DrivingLicenceNumber, got  ([]), file DrivingLicenceNumber.csv:720 data 32425007
    regex_detector_test.go:84: Expected label DrivingLicenceNumber, got  ([]), file DrivingLicenceNumber.csv:721 data 35375050
    regex_detector_test.go:84: Expected label DrivingLicenceNumber, got  ([]), file DrivingLicenceNumber.csv:722 data 21967873
    regex_detector_test.go:84: Expected label DrivingLicenceNumber, got  ([]), file DrivingLicenceNumber.csv:723 data 45920610
    regex_detector_test.go:84: Expected label DrivingLicenceNumber, got  ([]), file DrivingLicenceNumber.csv:724 data 26214885
    regex_detector_test.go:84: Expected label DrivingLicenceNumber, got  ([]), file DrivingLicenceNumber.csv:725 data 15170580
    regex_detector_test.go:84: Expected label DrivingLicenceNumber, got  ([]), file DrivingLicenceNumber.csv:726 data 75672764
    regex_detector_test.go:84: Expected label DrivingLicenceNumber, got  ([]), file DrivingLicenceNumber.csv:727 data 64480145
    regex_detector_test.go:84: Expected label DrivingLicenceNumber, got  ([]), file DrivingLicenceNumber.csv:728 data 69498645
    regex_detector_test.go:84: Expected label DrivingLicenceNumber, got  ([]), file DrivingLicenceNumber.csv:729 data 28928881
    regex_detector_test.go:84: Expected label DrivingLicenceNumber, got  ([]), file DrivingLicenceNumber.csv:730 data 92229788
    regex_detector_test.go:84: Expected label DrivingLicenceNumber, got  ([]), file DrivingLicenceNumber.csv:731 data 84168123
    regex_detector_test.go:84: Expected label DrivingLicenceNumber, got  ([]), file DrivingLicenceNumber.csv:732 data 93802378
    regex_detector_test.go:84: Expected label DrivingLicenceNumber, got  ([]), file DrivingLicenceNumber.csv:733 data 61907518
    regex_detector_test.go:84: Expected label DrivingLicenceNumber, got  ([]), file DrivingLicenceNumber.csv:734 data 85904784
    regex_detector_test.go:84: Expected label DrivingLicenceNumber, got  ([]), file DrivingLicenceNumber.csv:735 data 16929989
    regex_detector_test.go:84: Expected label DrivingLicenceNumber, got  ([]), file DrivingLicenceNumber.csv:736 data 52931911
    regex_detector_test.go:84: Expected label DrivingLicenceNumber, got  ([]), file DrivingLicenceNumber.csv:737 data 27547248
    regex_detector_test.go:84: Expected label DrivingLicenceNumber, got  ([]), file DrivingLicenceNumber.csv:738 data 96977406
    regex_detector_test.go:84: Expected label DrivingLicenceNumber, got  ([]), file DrivingLicenceNumber.csv:739 data 67284816
    regex_detector_test.go:84: Expected label DrivingLicenceNumber, got  ([]), file DrivingLicenceNumber.csv:740 data 87801609
    regex_detector_test.go:84: Expected label DrivingLicenceNumber, got  ([]), file DrivingLicenceNumber.csv:741 data 89220442
    regex_detector_test.go:84: Expected label DrivingLicenceNumber, got  ([]), file DrivingLicenceNumber.csv:742 data 28244944
    regex_detector_test.go:84: Expected label DrivingLicenceNumber, got  ([]), file DrivingLicenceNumber.csv:743 data 25815546
    regex_detector_test.go:84: Expected label DrivingLicenceNumber, got  ([]), file DrivingLicenceNumber.csv:744 data 80869337
    regex_detector_test.go:84: Expected label DrivingLicenceNumber, got  ([]), file DrivingLicenceNumber.csv:745 data 48670460
    regex_detector_test.go:84: Expected label DrivingLicenceNumber, got  ([]), file DrivingLicenceNumber.csv:746 data 22145518
    regex_detector_test.go:84: Expected label DrivingLicenceNumber, got  ([]), file DrivingLicenceNumber.csv:747 data 55717802
    regex_detector_test.go:84: Expected label DrivingLicenceNumber, got  ([]), file DrivingLicenceNumber.csv:748 data 22189959
    regex_detector_test.go:84: Expected label DrivingLicenceNumber, got  ([]), file DrivingLicenceNumber.csv:749 data 17486892
    regex_detector_test.go:84: Expected label DrivingLicenceNumber, got  ([]), file DrivingLicenceNumber.csv:750 data 11230111
    regex_detector_test.go:84: Expected label DrivingLicenceNumber, got  ([]), file DrivingLicenceNumber.csv:751 data 83626170
    regex_detector_test.go:84: Expected label DrivingLicenceNumber, got  ([]), file DrivingLicenceNumber.csv:752 data 49523635
    regex_detector_test.go:84: Expected label DrivingLicenceNumber, got  ([]), file DrivingLicenceNumber.csv:753 data 60014994
    regex_detector_test.go:84: Expected label DrivingLicenceNumber, got  ([]), file DrivingLicenceNumber.csv:754 data 11543064
    regex_detector_test.go:84: Expected label DrivingLicenceNumber, got  ([]), file DrivingLicenceNumber.csv:755 data 83659650
    regex_detector_test.go:84: Expected label DrivingLicenceNumber, got  ([]), file DrivingLicenceNumber.csv:756 data 10285494
    regex_detector_test.go:84: Expected label DrivingLicenceNumber, got  ([]), file DrivingLicenceNumber.csv:757 data 15709701
    regex_detector_test.go:84: Expected label DrivingLicenceNumber, got  ([]), file DrivingLicenceNumber.csv:758 data 32116150
    regex_detector_test.go:84: Expected label DrivingLicenceNumber, got  ([]), file DrivingLicenceNumber.csv:759 data 73986945
    regex_detector_test.go:84: Expected label DrivingLicenceNumber, got  ([]), file DrivingLicenceNumber.csv:760 data 88869415
    regex_detector_test.go:84: Expected label DrivingLicenceNumber, got  ([]), file DrivingLicenceNumber.csv:761 data 40535634
    regex_detector_test.go:84: Expected label DrivingLicenceNumber, got  ([]), file DrivingLicenceNumber.csv:762 data 68182049
    regex_detector_test.go:84: Expected label DrivingLicenceNumber, got  ([]), file DrivingLicenceNumber.csv:763 data 68453678
    regex_detector_test.go:84: Expected label DrivingLicenceNumber, got  ([]), file DrivingLicenceNumber.csv:764 data 66690418
    regex_detector_test.go:84: Expected label DrivingLicenceNumber, got  ([]), file DrivingLicenceNumber.csv:765 data 49743008
    regex_detector_test.go:84: Expected label DrivingLicenceNumber, got  ([]), file DrivingLicenceNumber.csv:766 data 35608831
    regex_detector_test.go:84: Expected label DrivingLicenceNumber, got  ([]), file DrivingLicenceNumber.csv:767 data 36096619
    regex_detector_test.go:84: Expected label DrivingLicenceNumber, got  ([]), file DrivingLicenceNumber.csv:768 data 11837866
    regex_detector_test.go:84: Expected label DrivingLicenceNumber, got  ([]), file DrivingLicenceNumber.csv:769 data 69589555
    regex_detector_test.go:84: Expected label DrivingLicenceNumber, got  ([]), file DrivingLicenceNumber.csv:770 data 49780341
    regex_detector_test.go:84: Expected label DrivingLicenceNumber, got  ([]), file DrivingLicenceNumber.csv:771 data 55969280
    regex_detector_test.go:84: Expected label DrivingLicenceNumber, got  ([]), file DrivingLicenceNumber.csv:772 data 84272155
    regex_detector_test.go:84: Expected label DrivingLicenceNumber, got  ([]), file DrivingLicenceNumber.csv:773 data 79028441
    regex_detector_test.go:84: Expected label DrivingLicenceNumber, got  ([]), file DrivingLicenceNumber.csv:774 data 81821627
    regex_detector_test.go:84: Expected label DrivingLicenceNumber, got  ([]), file DrivingLicenceNumber.csv:775 data 91057321
    regex_detector_test.go:84: Expected label DrivingLicenceNumber, got  ([]), file DrivingLicenceNumber.csv:776 data 94299326
    regex_detector_test.go:84: Expected label DrivingLicenceNumber, got  ([]), file DrivingLicenceNumber.csv:777 data 68580761
    regex_detector_test.go:84: Expected label DrivingLicenceNumber, got  ([]), file DrivingLicenceNumber.csv:778 data 22633354
    regex_detector_test.go:84: Expected label DrivingLicenceNumber, got  ([]), file DrivingLicenceNumber.csv:779 data 32330873
    regex_detector_test.go:84: Expected label DrivingLicenceNumber, got  ([]), file DrivingLicenceNumber.csv:780 data 28235548
    regex_detector_test.go:84: Expected label DrivingLicenceNumber, got  ([]), file DrivingLicenceNumber.csv:781 data 69334916
    regex_detector_test.go:84: Expected label DrivingLicenceNumber, got  ([]), file DrivingLicenceNumber.csv:782 data 37882836
    regex_detector_test.go:84: Expected label DrivingLicenceNumber, got  ([]), file DrivingLicenceNumber.csv:783 data 31427522
    regex_detector_test.go:84: Expected label DrivingLicenceNumber, got  ([]), file DrivingLicenceNumber.csv:784 data 45880694
    regex_detector_test.go:84: Expected label DrivingLicenceNumber, got  ([]), file DrivingLicenceNumber.csv:785 data 54320713
    regex_detector_test.go:84: Expected label DrivingLicenceNumber, got  ([]), file DrivingLicenceNumber.csv:786 data 65885118
    regex_detector_test.go:84: Expected label DrivingLicenceNumber, got  ([]), file DrivingLicenceNumber.csv:787 data 57135738
    regex_detector_test.go:84: Expected label DrivingLicenceNumber, got  ([]), file DrivingLicenceNumber.csv:788 data 25766279
    regex_detector_test.go:84: Expected label DrivingLicenceNumber, got  ([]), file DrivingLicenceNumber.csv:789 data 80124574
    regex_detector_test.go:84: Expected label DrivingLicenceNumber, got  ([]), file DrivingLicenceNumber.csv:790 data 17111964
    regex_detector_test.go:84: Expected label DrivingLicenceNumber, got  ([]), file DrivingLicenceNumber.csv:791 data 93137186
    regex_detector_test.go:84: Expected label DrivingLicenceNumber, got  ([]), file DrivingLicenceNumber.csv:792 data 72601415
    regex_detector_test.go:84: Expected label DrivingLicenceNumber, got  ([]), file DrivingLicenceNumber.csv:793 data 52282401
    regex_detector_test.go:84: Expected label DrivingLicenceNumber, got  ([]), file DrivingLicenceNumber.csv:794 data 27187522
    regex_detector_test.go:84: Expected label DrivingLicenceNumber, got  ([]), file DrivingLicenceNumber.csv:795 data 57222765
    regex_detector_test.go:84: Expected label DrivingLicenceNumber, got  ([]), file DrivingLicenceNumber.csv:796 data 98587469
    regex_detector_test.go:84: Expected label DrivingLicenceNumber, got  ([]), file DrivingLicenceNumber.csv:797 data 94626770
    regex_detector_test.go:84: Expected label DrivingLicenceNumber, got  ([]), file DrivingLicenceNumber.csv:798 data 58987379
    regex_detector_test.go:84: Expected label DrivingLicenceNumber, got  ([]), file DrivingLicenceNumber.csv:799 data 55814990
    regex_detector_test.go:84: Expected label DrivingLicenceNumber, got  ([]), file DrivingLicenceNumber.csv:800 data 18462073
    regex_detector_test.go:84: Expected label DrivingLicenceNumber, got  ([]), file DrivingLicenceNumber.csv:801 data 90608054
    regex_detector_test.go:84: Expected label DrivingLicenceNumber, got  ([]), file DrivingLicenceNumber.csv:802 data 62374570
    regex_detector_test.go:84: Expected label DrivingLicenceNumber, got  ([]), file DrivingLicenceNumber.csv:803 data 81846079
    regex_detector_test.go:84: Expected label DrivingLicenceNumber, got  ([]), file DrivingLicenceNumber.csv:804 data 31704484
    regex_detector_test.go:84: Expected label DrivingLicenceNumber, got  ([]), file DrivingLicenceNumber.csv:805 data 25175228
    regex_detector_test.go:84: Expected label DrivingLicenceNumber, got  ([]), file DrivingLicenceNumber.csv:806 data 34385622
    regex_detector_test.go:84: Expected label DrivingLicenceNumber, got  ([]), file DrivingLicenceNumber.csv:807 data 12849970
    regex_detector_test.go:84: Expected label DrivingLicenceNumber, got  ([]), file DrivingLicenceNumber.csv:808 data 58625463
    regex_detector_test.go:84: Expected label DrivingLicenceNumber, got  ([]), file DrivingLicenceNumber.csv:809 data 79097684
    regex_detector_test.go:84: Expected label DrivingLicenceNumber, got  ([]), file DrivingLicenceNumber.csv:810 data 30167509
    regex_detector_test.go:84: Expected label DrivingLicenceNumber, got  ([]), file DrivingLicenceNumber.csv:811 data 95765733
    regex_detector_test.go:84: Expected label DrivingLicenceNumber, got  ([]), file DrivingLicenceNumber.csv:812 data 69029524
    regex_detector_test.go:84: Expected label DrivingLicenceNumber, got  ([]), file DrivingLicenceNumber.csv:813 data 19665715
    regex_detector_test.go:84: Expected label DrivingLicenceNumber, got  ([]), file DrivingLicenceNumber.csv:814 data 20281927
    regex_detector_test.go:84: Expected label DrivingLicenceNumber, got  ([]), file DrivingLicenceNumber.csv:815 data 21726574
    regex_detector_test.go:84: Expected label DrivingLicenceNumber, got  ([]), file DrivingLicenceNumber.csv:816 data 50310618
    regex_detector_test.go:84: Expected label DrivingLicenceNumber, got  ([]), file DrivingLicenceNumber.csv:817 data 67291868
    regex_detector_test.go:84: Expected label DrivingLicenceNumber, got  ([]), file DrivingLicenceNumber.csv:818 data 52249944
    regex_detector_test.go:84: Expected label DrivingLicenceNumber, got  ([]), file DrivingLicenceNumber.csv:819 data 76624839
    regex_detector_test.go:84: Expected label DrivingLicenceNumber, got  ([]), file DrivingLicenceNumber.csv:820 data 85438221
    regex_detector_test.go:84: Expected label DrivingLicenceNumber, got  ([]), file DrivingLicenceNumber.csv:821 data 30990993
    regex_detector_test.go:84: Expected label DrivingLicenceNumber, got  ([]), file DrivingLicenceNumber.csv:822 data 68264801
    regex_detector_test.go:84: Expected label DrivingLicenceNumber, got  ([]), file DrivingLicenceNumber.csv:823 data 24583031
    regex_detector_test.go:84: Expected label DrivingLicenceNumber, got  ([]), file DrivingLicenceNumber.csv:824 data 63159307
    regex_detector_test.go:84: Expected label DrivingLicenceNumber, got  ([]), file DrivingLicenceNumber.csv:825 data 85437577
    regex_detector_test.go:84: Expected label DrivingLicenceNumber, got  ([]), file DrivingLicenceNumber.csv:826 data 63018748
    regex_detector_test.go:84: Expected label DrivingLicenceNumber, got  ([]), file DrivingLicenceNumber.csv:827 data 54251374
    regex_detector_test.go:84: Expected label DrivingLicenceNumber, got  ([]), file DrivingLicenceNumber.csv:828 data 22294027
    regex_detector_test.go:84: Expected label DrivingLicenceNumber, got  ([]), file DrivingLicenceNumber.csv:829 data 27526764
    regex_detector_test.go:84: Expected label DrivingLicenceNumber, got  ([]), file DrivingLicenceNumber.csv:830 data 31989127
    regex_detector_test.go:84: Expected label DrivingLicenceNumber, got  ([]), file DrivingLicenceNumber.csv:831 data 80749037
    regex_detector_test.go:84: Expected label DrivingLicenceNumber, got  ([]), file DrivingLicenceNumber.csv:832 data 41022267
    regex_detector_test.go:84: Expected label DrivingLicenceNumber, got  ([]), file DrivingLicenceNumber.csv:833 data 17163843
    regex_detector_test.go:84: Expected label DrivingLicenceNumber, got  ([]), file DrivingLicenceNumber.csv:834 data 31965971
    regex_detector_test.go:84: Expected label DrivingLicenceNumber, got  ([]), file DrivingLicenceNumber.csv:835 data 17378358
    regex_detector_test.go:84: Expected label DrivingLicenceNumber, got  ([]), file DrivingLicenceNumber.csv:836 data 82928365
    regex_detector_test.go:84: Expected label DrivingLicenceNumber, got  ([]), file DrivingLicenceNumber.csv:837 data 85747936
    regex_detector_test.go:84: Expected label DrivingLicenceNumber, got  ([]), file DrivingLicenceNumber.csv:838 data 83804080
    regex_detector_test.go:84: Expected label DrivingLicenceNumber, got  ([]), file DrivingLicenceNumber.csv:839 data 30501808
    regex_detector_test.go:84: Expected label DrivingLicenceNumber, got  ([]), file DrivingLicenceNumber.csv:840 data 82735278
    regex_detector_test.go:84: Expected label DrivingLicenceNumber, got  ([]), file DrivingLicenceNumber.csv:841 data 55147127
    regex_detector_test.go:84: Expected label DrivingLicenceNumber, got  ([]), file DrivingLicenceNumber.csv:842 data 64807660
    regex_detector_test.go:84: Expected label DrivingLicenceNumber, got  ([]), file DrivingLicenceNumber.csv:843 data 19804280
    regex_detector_test.go:84: Expected label DrivingLicenceNumber, got  ([]), file DrivingLicenceNumber.csv:844 data 66087335
    regex_detector_test.go:84: Expected label DrivingLicenceNumber, got  ([]), file DrivingLicenceNumber.csv:845 data 15463208
    regex_detector_test.go:84: Expected label DrivingLicenceNumber, got  ([]), file DrivingLicenceNumber.csv:846 data 31975341
    regex_detector_test.go:84: Expected label DrivingLicenceNumber, got  ([]), file DrivingLicenceNumber.csv:847 data 83546602
    regex_detector_test.go:84: Expected label DrivingLicenceNumber, got  ([]), file DrivingLicenceNumber.csv:848 data 67386470
    regex_detector_test.go:84: Expected label DrivingLicenceNumber, got  ([]), file DrivingLicenceNumber.csv:849 data 84058226
    regex_detector_test.go:84: Expected label DrivingLicenceNumber, got  ([]), file DrivingLicenceNumber.csv:850 data 25692085
    regex_detector_test.go:84: Expected label DrivingLicenceNumber, got  ([]), file DrivingLicenceNumber.csv:851 data 47155015
    regex_detector_test.go:84: Expected label DrivingLicenceNumber, got  ([]), file DrivingLicenceNumber.csv:852 data 44714312
    regex_detector_test.go:84: Expected label DrivingLicenceNumber, got  ([]), file DrivingLicenceNumber.csv:853 data 96820563
    regex_detector_test.go:84: Expected label DrivingLicenceNumber, got  ([]), file DrivingLicenceNumber.csv:854 data 19132170
    regex_detector_test.go:84: Expected label DrivingLicenceNumber, got  ([]), file DrivingLicenceNumber.csv:855 data 57612290
    regex_detector_test.go:84: Expected label DrivingLicenceNumber, got  ([]), file DrivingLicenceNumber.csv:856 data 65628975
    regex_detector_test.go:84: Expected label DrivingLicenceNumber, got  ([]), file DrivingLicenceNumber.csv:857 data 97442246
    regex_detector_test.go:84: Expected label DrivingLicenceNumber, got  ([]), file DrivingLicenceNumber.csv:858 data 54209903
    regex_detector_test.go:84: Expected label DrivingLicenceNumber, got  ([]), file DrivingLicenceNumber.csv:859 data 45605488
    regex_detector_test.go:84: Expected label DrivingLicenceNumber, got  ([]), file DrivingLicenceNumber.csv:860 data 45053767
    regex_detector_test.go:84: Expected label DrivingLicenceNumber, got  ([]), file DrivingLicenceNumber.csv:861 data 59878655
    regex_detector_test.go:84: Expected label DrivingLicenceNumber, got  ([]), file DrivingLicenceNumber.csv:862 data 60730033
    regex_detector_test.go:84: Expected label DrivingLicenceNumber, got  ([]), file DrivingLicenceNumber.csv:863 data 15461228
    regex_detector_test.go:84: Expected label DrivingLicenceNumber, got  ([]), file DrivingLicenceNumber.csv:864 data 76671969
    regex_detector_test.go:84: Expected label DrivingLicenceNumber, got  ([]), file DrivingLicenceNumber.csv:865 data 55921330
    regex_detector_test.go:84: Expected label DrivingLicenceNumber, got  ([]), file DrivingLicenceNumber.csv:866 data 52746096
    regex_detector_test.go:84: Expected label DrivingLicenceNumber, got  ([]), file DrivingLicenceNumber.csv:867 data 48477396
    regex_detector_test.go:84: Expected label DrivingLicenceNumber, got  ([]), file DrivingLicenceNumber.csv:868 data 49916436
    regex_detector_test.go:84: Expected label DrivingLicenceNumber, got  ([]), file DrivingLicenceNumber.csv:869 data 43588696
    regex_detector_test.go:84: Expected label DrivingLicenceNumber, got  ([]), file DrivingLicenceNumber.csv:870 data 44761771
    regex_detector_test.go:84: Expected label DrivingLicenceNumber, got  ([]), file DrivingLicenceNumber.csv:871 data 77046322
    regex_detector_test.go:84: Expected label DrivingLicenceNumber, got  ([]), file DrivingLicenceNumber.csv:872 data 98226615
    regex_detector_test.go:84: Expected label DrivingLicenceNumber, got  ([]), file DrivingLicenceNumber.csv:873 data 96773418
    regex_detector_test.go:84: Expected label DrivingLicenceNumber, got  ([]), file DrivingLicenceNumber.csv:874 data 54410693
    regex_detector_test.go:84: Expected label DrivingLicenceNumber, got  ([]), file DrivingLicenceNumber.csv:875 data 93757204
    regex_detector_test.go:84: Expected label DrivingLicenceNumber, got  ([]), file DrivingLicenceNumber.csv:876 data 59025450
    regex_detector_test.go:84: Expected label DrivingLicenceNumber, got  ([]), file DrivingLicenceNumber.csv:877 data 30396492
    regex_detector_test.go:84: Expected label DrivingLicenceNumber, got  ([]), file DrivingLicenceNumber.csv:878 data 57415679
    regex_detector_test.go:84: Expected label DrivingLicenceNumber, got  ([]), file DrivingLicenceNumber.csv:879 data 62512829
    regex_detector_test.go:84: Expected label DrivingLicenceNumber, got  ([]), file DrivingLicenceNumber.csv:880 data 83435803
    regex_detector_test.go:84: Expected label DrivingLicenceNumber, got  ([]), file DrivingLicenceNumber.csv:881 data 99757426
    regex_detector_test.go:84: Expected label DrivingLicenceNumber, got  ([]), file DrivingLicenceNumber.csv:882 data 67610813
    regex_detector_test.go:84: Expected label DrivingLicenceNumber, got  ([]), file DrivingLicenceNumber.csv:883 data 33426326
    regex_detector_test.go:84: Expected label DrivingLicenceNumber, got  ([]), file DrivingLicenceNumber.csv:884 data 22551602
    regex_detector_test.go:84: Expected label DrivingLicenceNumber, got  ([]), file DrivingLicenceNumber.csv:885 data 88240148
    regex_detector_test.go:84: Expected label DrivingLicenceNumber, got  ([]), file DrivingLicenceNumber.csv:886 data 34084763
    regex_detector_test.go:84: Expected label DrivingLicenceNumber, got  ([]), file DrivingLicenceNumber.csv:887 data 98714432
    regex_detector_test.go:84: Expected label DrivingLicenceNumber, got  ([]), file DrivingLicenceNumber.csv:888 data 58930119
    regex_detector_test.go:84: Expected label DrivingLicenceNumber, got  ([]), file DrivingLicenceNumber.csv:889 data 79587292
    regex_detector_test.go:84: Expected label DrivingLicenceNumber, got  ([]), file DrivingLicenceNumber.csv:890 data 54800084
    regex_detector_test.go:84: Expected label DrivingLicenceNumber, got  ([]), file DrivingLicenceNumber.csv:891 data 29587426
    regex_detector_test.go:84: Expected label DrivingLicenceNumber, got  ([]), file DrivingLicenceNumber.csv:892 data 65212651
    regex_detector_test.go:84: Expected label DrivingLicenceNumber, got  ([]), file DrivingLicenceNumber.csv:893 data 46762607
    regex_detector_test.go:84: Expected label DrivingLicenceNumber, got  ([]), file DrivingLicenceNumber.csv:894 data 67629276
    regex_detector_test.go:84: Expected label DrivingLicenceNumber, got  ([]), file DrivingLicenceNumber.csv:895 data 25419524
    regex_detector_test.go:84: Expected label DrivingLicenceNumber, got  ([]), file DrivingLicenceNumber.csv:896 data 60318964
    regex_detector_test.go:84: Expected label DrivingLicenceNumber, got  ([]), file DrivingLicenceNumber.csv:897 data 49305840
    regex_detector_test.go:84: Expected label DrivingLicenceNumber, got  ([]), file DrivingLicenceNumber.csv:898 data 99434062
    regex_detector_test.go:84: Expected label DrivingLicenceNumber, got  ([]), file DrivingLicenceNumber.csv:899 data 13252786
    regex_detector_test.go:84: Expected label DrivingLicenceNumber, got  ([]), file DrivingLicenceNumber.csv:900 data 80001491
    regex_detector_test.go:84: Expected label DrivingLicenceNumber, got  ([]), file DrivingLicenceNumber.csv:901 data 27552446
    regex_detector_test.go:84: Expected label DrivingLicenceNumber, got  ([]), file DrivingLicenceNumber.csv:902 data 41770502
    regex_detector_test.go:84: Expected label DrivingLicenceNumber, got  ([]), file DrivingLicenceNumber.csv:903 data 28629889
    regex_detector_test.go:84: Expected label DrivingLicenceNumber, got  ([]), file DrivingLicenceNumber.csv:904 data 29560991
    regex_detector_test.go:84: Expected label DrivingLicenceNumber, got  ([]), file DrivingLicenceNumber.csv:905 data 84137988
    regex_detector_test.go:84: Expected label DrivingLicenceNumber, got  ([]), file DrivingLicenceNumber.csv:906 data 40855471
    regex_detector_test.go:84: Expected label DrivingLicenceNumber, got  ([]), file DrivingLicenceNumber.csv:907 data 12225726
    regex_detector_test.go:84: Expected label DrivingLicenceNumber, got  ([]), file DrivingLicenceNumber.csv:908 data 79920181
    regex_detector_test.go:84: Expected label DrivingLicenceNumber, got  ([]), file DrivingLicenceNumber.csv:909 data 19973789
    regex_detector_test.go:84: Expected label DrivingLicenceNumber, got  ([]), file DrivingLicenceNumber.csv:910 data 75660405
    regex_detector_test.go:84: Expected label DrivingLicenceNumber, got  ([]), file DrivingLicenceNumber.csv:911 data 89920251
    regex_detector_test.go:84: Expected label DrivingLicenceNumber, got  ([]), file DrivingLicenceNumber.csv:912 data 56705186
    regex_detector_test.go:84: Expected label DrivingLicenceNumber, got  ([]), file DrivingLicenceNumber.csv:913 data 71666909
    regex_detector_test.go:84: Expected label DrivingLicenceNumber, got  ([]), file DrivingLicenceNumber.csv:914 data 50857828
    regex_detector_test.go:84: Expected label DrivingLicenceNumber, got  ([]), file DrivingLicenceNumber.csv:915 data 98870695
    regex_detector_test.go:84: Expected label DrivingLicenceNumber, got  ([]), file DrivingLicenceNumber.csv:916 data 22206054
    regex_detector_test.go:84: Expected label DrivingLicenceNumber, got  ([]), file DrivingLicenceNumber.csv:917 data 66504513
    regex_detector_test.go:84: Expected label DrivingLicenceNumber, got  ([]), file DrivingLicenceNumber.csv:918 data 71327068
    regex_detector_test.go:84: Expected label DrivingLicenceNumber, got  ([]), file DrivingLicenceNumber.csv:919 data 52786806
    regex_detector_test.go:84: Expected label DrivingLicenceNumber, got  ([]), file DrivingLicenceNumber.csv:920 data 68257271
    regex_detector_test.go:84: Expected label DrivingLicenceNumber, got  ([]), file DrivingLicenceNumber.csv:921 data 42114698
    regex_detector_test.go:84: Expected label DrivingLicenceNumber, got  ([]), file DrivingLicenceNumber.csv:922 data 56190796
    regex_detector_test.go:84: Expected label DrivingLicenceNumber, got  ([]), file DrivingLicenceNumber.csv:923 data 84400494
    regex_detector_test.go:84: Expected label DrivingLicenceNumber, got  ([]), file DrivingLicenceNumber.csv:924 data 57766782
    regex_detector_test.go:84: Expected label DrivingLicenceNumber, got  ([]), file DrivingLicenceNumber.csv:925 data 23535463
    regex_detector_test.go:84: Expected label DrivingLicenceNumber, got  ([]), file DrivingLicenceNumber.csv:926 data 47750860
    regex_detector_test.go:84: Expected label DrivingLicenceNumber, got  ([]), file DrivingLicenceNumber.csv:927 data 45749536
    regex_detector_test.go:84: Expected label DrivingLicenceNumber, got  ([]), file DrivingLicenceNumber.csv:928 data 26612999
    regex_detector_test.go:84: Expected label DrivingLicenceNumber, got  ([]), file DrivingLicenceNumber.csv:929 data 17747966
    regex_detector_test.go:84: Expected label DrivingLicenceNumber, got  ([]), file DrivingLicenceNumber.csv:930 data 74370406
    regex_detector_test.go:84: Expected label DrivingLicenceNumber, got  ([]), file DrivingLicenceNumber.csv:931 data 69222380
    regex_detector_test.go:84: Expected label DrivingLicenceNumber, got  ([]), file DrivingLicenceNumber.csv:932 data 56649173
    regex_detector_test.go:84: Expected label DrivingLicenceNumber, got  ([]), file DrivingLicenceNumber.csv:933 data 69010981
    regex_detector_test.go:84: Expected label DrivingLicenceNumber, got  ([]), file DrivingLicenceNumber.csv:934 data 74286112
    regex_detector_test.go:84: Expected label DrivingLicenceNumber, got  ([]), file DrivingLicenceNumber.csv:935 data 55483812
    regex_detector_test.go:84: Expected label DrivingLicenceNumber, got  ([]), file DrivingLicenceNumber.csv:936 data 26352822
    regex_detector_test.go:84: Expected label DrivingLicenceNumber, got  ([]), file DrivingLicenceNumber.csv:937 data 55047462
    regex_detector_test.go:84: Expected label DrivingLicenceNumber, got  ([]), file DrivingLicenceNumber.csv:938 data 28912610
    regex_detector_test.go:84: Expected label DrivingLicenceNumber, got  ([]), file DrivingLicenceNumber.csv:939 data 64684603
    regex_detector_test.go:84: Expected label DrivingLicenceNumber, got  ([]), file DrivingLicenceNumber.csv:940 data 33475500
    regex_detector_test.go:84: Expected label DrivingLicenceNumber, got  ([]), file DrivingLicenceNumber.csv:941 data 65524584
    regex_detector_test.go:84: Expected label DrivingLicenceNumber, got  ([]), file DrivingLicenceNumber.csv:942 data 92981058
    regex_detector_test.go:84: Expected label DrivingLicenceNumber, got  ([]), file DrivingLicenceNumber.csv:943 data 52187406
    regex_detector_test.go:84: Expected label DrivingLicenceNumber, got  ([]), file DrivingLicenceNumber.csv:944 data 77174130
    regex_detector_test.go:84: Expected label DrivingLicenceNumber, got  ([]), file DrivingLicenceNumber.csv:945 data 50175149
    regex_detector_test.go:84: Expected label DrivingLicenceNumber, got  ([]), file DrivingLicenceNumber.csv:946 data 86823859
    regex_detector_test.go:84: Expected label DrivingLicenceNumber, got  ([]), file DrivingLicenceNumber.csv:947 data 96621797
    regex_detector_test.go:84: Expected label DrivingLicenceNumber, got  ([]), file DrivingLicenceNumber.csv:948 data 19004293
    regex_detector_test.go:84: Expected label DrivingLicenceNumber, got  ([]), file DrivingLicenceNumber.csv:949 data 41005435
    regex_detector_test.go:84: Expected label DrivingLicenceNumber, got  ([]), file DrivingLicenceNumber.csv:950 data 89256802
    regex_detector_test.go:84: Expected label DrivingLicenceNumber, got  ([]), file DrivingLicenceNumber.csv:951 data 55080172
    regex_detector_test.go:84: Expected label DrivingLicenceNumber, got  ([]), file DrivingLicenceNumber.csv:952 data 35759672
    regex_detector_test.go:84: Expected label DrivingLicenceNumber, got  ([]), file DrivingLicenceNumber.csv:953 data 41016803
    regex_detector_test.go:84: Expected label DrivingLicenceNumber, got  ([]), file DrivingLicenceNumber.csv:954 data 98721834
    regex_detector_test.go:84: Expected label DrivingLicenceNumber, got  ([]), file DrivingLicenceNumber.csv:955 data 77192328
    regex_detector_test.go:84: Expected label DrivingLicenceNumber, got  ([]), file DrivingLicenceNumber.csv:956 data 11814468
    regex_detector_test.go:84: Expected label DrivingLicenceNumber, got  ([]), file DrivingLicenceNumber.csv:957 data 27471775
    regex_detector_test.go:84: Expected label DrivingLicenceNumber, got  ([]), file DrivingLicenceNumber.csv:958 data 17727339
    regex_detector_test.go:84: Expected label DrivingLicenceNumber, got  ([]), file DrivingLicenceNumber.csv:959 data 10538913
    regex_detector_test.go:84: Expected label DrivingLicenceNumber, got  ([]), file DrivingLicenceNumber.csv:960 data 91417758
    regex_detector_test.go:84: Expected label DrivingLicenceNumber, got  ([]), file DrivingLicenceNumber.csv:961 data 16627462
    regex_detector_test.go:84: Expected label DrivingLicenceNumber, got  ([]), file DrivingLicenceNumber.csv:962 data 18130378
    regex_detector_test.go:84: Expected label DrivingLicenceNumber, got  ([]), file DrivingLicenceNumber.csv:963 data 36810583
    regex_detector_test.go:84: Expected label DrivingLicenceNumber, got  ([]), file DrivingLicenceNumber.csv:964 data 22274747
    regex_detector_test.go:84: Expected label DrivingLicenceNumber, got  ([]), file DrivingLicenceNumber.csv:965 data 13565695
    regex_detector_test.go:84: Expected label DrivingLicenceNumber, got  ([]), file DrivingLicenceNumber.csv:966 data 87090511
    regex_detector_test.go:84: Expected label DrivingLicenceNumber, got  ([]), file DrivingLicenceNumber.csv:967 data 19801050
    regex_detector_test.go:84: Expected label DrivingLicenceNumber, got  ([]), file DrivingLicenceNumber.csv:968 data 76152289
    regex_detector_test.go:84: Expected label DrivingLicenceNumber, got  ([]), file DrivingLicenceNumber.csv:969 data 32291967
    regex_detector_test.go:84: Expected label DrivingLicenceNumber, got  ([]), file DrivingLicenceNumber.csv:970 data 54495432
    regex_detector_test.go:84: Expected label DrivingLicenceNumber, got  ([]), file DrivingLicenceNumber.csv:971 data 80335484
    regex_detector_test.go:84: Expected label DrivingLicenceNumber, got  ([]), file DrivingLicenceNumber.csv:972 data 68110158
    regex_detector_test.go:84: Expected label DrivingLicenceNumber, got  ([]), file DrivingLicenceNumber.csv:973 data 55092960
    regex_detector_test.go:84: Expected label DrivingLicenceNumber, got  ([]), file DrivingLicenceNumber.csv:974 data 73842694
    regex_detector_test.go:84: Expected label DrivingLicenceNumber, got  ([]), file DrivingLicenceNumber.csv:975 data 34340154
    regex_detector_test.go:84: Expected label DrivingLicenceNumber, got  ([]), file DrivingLicenceNumber.csv:976 data 10415279
    regex_detector_test.go:84: Expected label DrivingLicenceNumber, got  ([]), file DrivingLicenceNumber.csv:977 data 31060851
    regex_detector_test.go:84: Expected label DrivingLicenceNumber, got  ([]), file DrivingLicenceNumber.csv:978 data 26504076
    regex_detector_test.go:84: Expected label DrivingLicenceNumber, got  ([]), file DrivingLicenceNumber.csv:979 data 96362018
    regex_detector_test.go:84: Expected label DrivingLicenceNumber, got  ([]), file DrivingLicenceNumber.csv:980 data 81326311
    regex_detector_test.go:84: Expected label DrivingLicenceNumber, got  ([]), file DrivingLicenceNumber.csv:981 data 72926652
    regex_detector_test.go:84: Expected label DrivingLicenceNumber, got  ([]), file DrivingLicenceNumber.csv:982 data 36294500
    regex_detector_test.go:84: Expected label DrivingLicenceNumber, got  ([]), file DrivingLicenceNumber.csv:983 data 84630160
    regex_detector_test.go:84: Expected label DrivingLicenceNumber, got  ([]), file DrivingLicenceNumber.csv:984 data 53972280
    regex_detector_test.go:84: Expected label DrivingLicenceNumber, got  ([]), file DrivingLicenceNumber.csv:985 data 75882467
    regex_detector_test.go:84: Expected label DrivingLicenceNumber, got  ([]), file DrivingLicenceNumber.csv:986 data 40878289
    regex_detector_test.go:84: Expected label DrivingLicenceNumber, got  ([]), file DrivingLicenceNumber.csv:987 data 51854343
    regex_detector_test.go:84: Expected label DrivingLicenceNumber, got  ([]), file DrivingLicenceNumber.csv:988 data 57805730
    regex_detector_test.go:84: Expected label DrivingLicenceNumber, got  ([]), file DrivingLicenceNumber.csv:989 data 84671628
    regex_detector_test.go:84: Expected label DrivingLicenceNumber, got  ([]), file DrivingLicenceNumber.csv:990 data 63566039
    regex_detector_test.go:84: Expected label DrivingLicenceNumber, got  ([]), file DrivingLicenceNumber.csv:991 data 59118826
    regex_detector_test.go:84: Expected label DrivingLicenceNumber, got  ([]), file DrivingLicenceNumber.csv:992 data 26149664
    regex_detector_test.go:84: Expected label DrivingLicenceNumber, got  ([]), file DrivingLicenceNumber.csv:993 data 99771930
    regex_detector_test.go:84: Expected label DrivingLicenceNumber, got  ([]), file DrivingLicenceNumber.csv:994 data 86828911
    regex_detector_test.go:84: Expected label DrivingLicenceNumber, got  ([]), file DrivingLicenceNumber.csv:995 data 56211053
    regex_detector_test.go:84: Expected label DrivingLicenceNumber, got  ([]), file DrivingLicenceNumber.csv:996 data 38837841
    regex_detector_test.go:84: Expected label DrivingLicenceNumber, got  ([]), file DrivingLicenceNumber.csv:997 data 16626011
    regex_detector_test.go:84: Expected label DrivingLicenceNumber, got  ([]), file DrivingLicenceNumber.csv:998 data 97021449
    regex_detector_test.go:84: Expected label DrivingLicenceNumber, got  ([]), file DrivingLicenceNumber.csv:999 data 22710105
    regex_detector_test.go:84: Expected label DrivingLicenceNumber, got  ([]), file DrivingLicenceNumber.csv:1000 data 54777264
    regex_detector_test.go:84: Expected label DrivingLicenceNumber, got  ([]), file DrivingLicenceNumber.csv:1001 data 89985740
    regex_detector_test.go:84: Expected label DrivingLicenceNumber, got  ([]), file DrivingLicenceNumber.csv:1002 data 83131309
    regex_detector_test.go:84: Expected label DrivingLicenceNumber, got  ([]), file DrivingLicenceNumber.csv:1003 data 10088463
    regex_detector_test.go:84: Expected label DrivingLicenceNumber, got  ([]), file DrivingLicenceNumber.csv:1004 data 77486111
    regex_detector_test.go:84: Expected label DrivingLicenceNumber, got  ([]), file DrivingLicenceNumber.csv:1005 data 10276068
    regex_detector_test.go:84: Expected label DrivingLicenceNumber, got  ([]), file DrivingLicenceNumber.csv:1006 data 70379342
    regex_detector_test.go:84: Expected label DrivingLicenceNumber, got  ([]), file DrivingLicenceNumber.csv:1007 data 48146301
    regex_detector_test.go:84: Expected label DrivingLicenceNumber, got  ([]), file DrivingLicenceNumber.csv:1008 data 54105613
    regex_detector_test.go:84: Expected label DrivingLicenceNumber, got  ([]), file DrivingLicenceNumber.csv:1009 data 17341590
    regex_detector_test.go:84: Expected label DrivingLicenceNumber, got  ([]), file DrivingLicenceNumber.csv:1010 data 40133274
    regex_detector_test.go:84: Expected label DrivingLicenceNumber, got  ([]), file DrivingLicenceNumber.csv:1011 data 36901427
    regex_detector_test.go:84: Expected label DrivingLicenceNumber, got  ([]), file DrivingLicenceNumber.csv:1012 data 63033112
    regex_detector_test.go:84: Expected label DrivingLicenceNumber, got  ([]), file DrivingLicenceNumber.csv:1013 data 87298682
    regex_detector_test.go:84: Expected label DrivingLicenceNumber, got  ([]), file DrivingLicenceNumber.csv:1014 data 67877032
    regex_detector_test.go:84: Expected label DrivingLicenceNumber, got  ([]), file DrivingLicenceNumber.csv:1015 data 86043754
    regex_detector_test.go:84: Expected label DrivingLicenceNumber, got  ([]), file DrivingLicenceNumber.csv:1016 data 78494018
    regex_detector_test.go:84: Expected label DrivingLicenceNumber, got  ([]), file DrivingLicenceNumber.csv:1017 data 94208819
    regex_detector_test.go:84: Expected label DrivingLicenceNumber, got  ([]), file DrivingLicenceNumber.csv:1018 data 29993188
    regex_detector_test.go:84: Expected label DrivingLicenceNumber, got  ([]), file DrivingLicenceNumber.csv:1019 data 20031634
    regex_detector_test.go:84: Expected label DrivingLicenceNumber, got  ([]), file DrivingLicenceNumber.csv:1020 data 45700893
    regex_detector_test.go:84: Expected label DrivingLicenceNumber, got  ([]), file DrivingLicenceNumber.csv:1021 data 16935194
    regex_detector_test.go:84: Expected label DrivingLicenceNumber, got  ([]), file DrivingLicenceNumber.csv:1022 data 16030146
    regex_detector_test.go:84: Expected label DrivingLicenceNumber, got  ([]), file DrivingLicenceNumber.csv:1023 data 75488920
    regex_detector_test.go:84: Expected label DrivingLicenceNumber, got  ([]), file DrivingLicenceNumber.csv:1024 data 31733816
    regex_detector_test.go:84: Expected label DrivingLicenceNumber, got  ([]), file DrivingLicenceNumber.csv:1025 data 43849508
    regex_detector_test.go:84: Expected label DrivingLicenceNumber, got  ([]), file DrivingLicenceNumber.csv:1026 data 86268067
    regex_detector_test.go:84: Expected label DrivingLicenceNumber, got  ([]), file DrivingLicenceNumber.csv:1027 data 74166660
    regex_detector_test.go:84: Expected label DrivingLicenceNumber, got  ([]), file DrivingLicenceNumber.csv:1028 data 65534559
    regex_detector_test.go:84: Expected label DrivingLicenceNumber, got  ([]), file DrivingLicenceNumber.csv:1029 data 94543503
    regex_detector_test.go:84: Expected label DrivingLicenceNumber, got  ([]), file DrivingLicenceNumber.csv:1030 data 33306454
    regex_detector_test.go:84: Expected label DrivingLicenceNumber, got  ([]), file DrivingLicenceNumber.csv:1031 data 87298126
    regex_detector_test.go:84: Expected label DrivingLicenceNumber, got  ([]), file DrivingLicenceNumber.csv:1032 data 14518559
    regex_detector_test.go:84: Expected label DrivingLicenceNumber, got  ([]), file DrivingLicenceNumber.csv:1033 data 97755751
    regex_detector_test.go:84: Expected label DrivingLicenceNumber, got  ([]), file DrivingLicenceNumber.csv:1034 data 74381811
    regex_detector_test.go:84: Expected label DrivingLicenceNumber, got  ([]), file DrivingLicenceNumber.csv:1035 data 53467224
    regex_detector_test.go:84: Expected label DrivingLicenceNumber, got  ([]), file DrivingLicenceNumber.csv:1036 data 48164362
    regex_detector_test.go:84: Expected label DrivingLicenceNumber, got  ([]), file DrivingLicenceNumber.csv:1037 data 54316500
    regex_detector_test.go:84: Expected label DrivingLicenceNumber, got  ([]), file DrivingLicenceNumber.csv:1038 data 94269652
    regex_detector_test.go:84: Expected label DrivingLicenceNumber, got  ([]), file DrivingLicenceNumber.csv:1039 data 63696338
    regex_detector_test.go:84: Expected label DrivingLicenceNumber, got  ([]), file DrivingLicenceNumber.csv:1040 data 83929773
    regex_detector_test.go:84: Expected label DrivingLicenceNumber, got  ([]), file DrivingLicenceNumber.csv:1041 data 80092699
    regex_detector_test.go:84: Expected label DrivingLicenceNumber, got  ([]), file DrivingLicenceNumber.csv:1042 data 70437904
    regex_detector_test.go:84: Expected label DrivingLicenceNumber, got  ([]), file DrivingLicenceNumber.csv:1043 data 47413874
    regex_detector_test.go:84: Expected label DrivingLicenceNumber, got  ([]), file DrivingLicenceNumber.csv:1044 data 60999267
    regex_detector_test.go:84: Expected label DrivingLicenceNumber, got  ([]), file DrivingLicenceNumber.csv:1045 data 97050585
    regex_detector_test.go:84: Expected label DrivingLicenceNumber, got  ([]), file DrivingLicenceNumber.csv:1046 data 69316879
    regex_detector_test.go:84: Expected label DrivingLicenceNumber, got  ([]), file DrivingLicenceNumber.csv:1047 data 70700292
    regex_detector_test.go:84: Expected label DrivingLicenceNumber, got  ([]), file DrivingLicenceNumber.csv:1048 data 84988725
    regex_detector_test.go:84: Expected label DrivingLicenceNumber, got  ([]), file DrivingLicenceNumber.csv:1049 data 71636330
    regex_detector_test.go:84: Expected label DrivingLicenceNumber, got  ([]), file DrivingLicenceNumber.csv:1050 data 42866847
    regex_detector_test.go:84: Expected label DrivingLicenceNumber, got  ([]), file DrivingLicenceNumber.csv:1051 data 72814511
    regex_detector_test.go:84: Expected label DrivingLicenceNumber, got  ([]), file DrivingLicenceNumber.csv:1052 data 22547031
    regex_detector_test.go:84: Expected label DrivingLicenceNumber, got  ([]), file DrivingLicenceNumber.csv:1053 data 53257856
    regex_detector_test.go:84: Expected label DrivingLicenceNumber, got  ([]), file DrivingLicenceNumber.csv:1054 data 50223787
    regex_detector_test.go:84: Expected label DrivingLicenceNumber, got  ([]), file DrivingLicenceNumber.csv:1055 data 87237799
    regex_detector_test.go:84: Expected label DrivingLicenceNumber, got  ([]), file DrivingLicenceNumber.csv:1056 data 68369555
    regex_detector_test.go:84: Expected label DrivingLicenceNumber, got  ([]), file DrivingLicenceNumber.csv:1057 data 76464171
    regex_detector_test.go:84: Expected label DrivingLicenceNumber, got  ([]), file DrivingLicenceNumber.csv:1058 data 54504873
    regex_detector_test.go:84: Expected label DrivingLicenceNumber, got  ([]), file DrivingLicenceNumber.csv:1059 data 18905117
    regex_detector_test.go:84: Expected label DrivingLicenceNumber, got  ([]), file DrivingLicenceNumber.csv:1060 data 48158128
    regex_detector_test.go:84: Expected label DrivingLicenceNumber, got  ([]), file DrivingLicenceNumber.csv:1061 data 40730018
    regex_detector_test.go:84: Expected label DrivingLicenceNumber, got  ([]), file DrivingLicenceNumber.csv:1062 data 27357654
    regex_detector_test.go:84: Expected label DrivingLicenceNumber, got  ([]), file DrivingLicenceNumber.csv:1063 data 87563557
    regex_detector_test.go:84: Expected label DrivingLicenceNumber, got  ([]), file DrivingLicenceNumber.csv:1064 data 75216305
    regex_detector_test.go:84: Expected label DrivingLicenceNumber, got  ([]), file DrivingLicenceNumber.csv:1065 data 62272519
    regex_detector_test.go:84: Expected label DrivingLicenceNumber, got  ([]), file DrivingLicenceNumber.csv:1066 data 55294679
    regex_detector_test.go:84: Expected label DrivingLicenceNumber, got  ([]), file DrivingLicenceNumber.csv:1067 data 20855154
    regex_detector_test.go:84: Expected label DrivingLicenceNumber, got  ([]), file DrivingLicenceNumber.csv:1068 data 20058654
    regex_detector_test.go:84: Expected label DrivingLicenceNumber, got  ([]), file DrivingLicenceNumber.csv:1069 data 49746715
    regex_detector_test.go:84: Expected label DrivingLicenceNumber, got  ([]), file DrivingLicenceNumber.csv:1070 data 57728937
    regex_detector_test.go:84: Expected label DrivingLicenceNumber, got  ([]), file DrivingLicenceNumber.csv:1071 data 71993368
    regex_detector_test.go:84: Expected label DrivingLicenceNumber, got  ([]), file DrivingLicenceNumber.csv:1072 data 35666283
    regex_detector_test.go:84: Expected label DrivingLicenceNumber, got  ([]), file DrivingLicenceNumber.csv:1073 data 58822409
    regex_detector_test.go:84: Expected label DrivingLicenceNumber, got  ([]), file DrivingLicenceNumber.csv:1074 data 32479274
    regex_detector_test.go:84: Expected label DrivingLicenceNumber, got  ([]), file DrivingLicenceNumber.csv:1075 data 44582672
    regex_detector_test.go:84: Expected label DrivingLicenceNumber, got  ([]), file DrivingLicenceNumber.csv:1076 data 27088819
    regex_detector_test.go:84: Expected label DrivingLicenceNumber, got  ([]), file DrivingLicenceNumber.csv:1077 data 65154914
    regex_detector_test.go:84: Expected label DrivingLicenceNumber, got  ([]), file DrivingLicenceNumber.csv:1078 data 39321168
    regex_detector_test.go:84: Expected label DrivingLicenceNumber, got  ([]), file DrivingLicenceNumber.csv:1079 data 10484798
    regex_detector_test.go:84: Expected label DrivingLicenceNumber, got  ([]), file DrivingLicenceNumber.csv:1080 data 92410427
    regex_detector_test.go:84: Expected label DrivingLicenceNumber, got  ([]), file DrivingLicenceNumber.csv:1081 data 11454550
    regex_detector_test.go:84: Expected label DrivingLicenceNumber, got  ([]), file DrivingLicenceNumber.csv:1082 data 66201280
    regex_detector_test.go:84: Expected label DrivingLicenceNumber, got  ([]), file DrivingLicenceNumber.csv:1083 data 65309752
    regex_detector_test.go:84: Expected label DrivingLicenceNumber, got  ([]), file DrivingLicenceNumber.csv:1084 data 56666629
    regex_detector_test.go:84: Expected label DrivingLicenceNumber, got  ([]), file DrivingLicenceNumber.csv:1085 data 75048123
    regex_detector_test.go:84: Expected label DrivingLicenceNumber, got  ([]), file DrivingLicenceNumber.csv:1086 data 11322066
    regex_detector_test.go:84: Expected label DrivingLicenceNumber, got  ([]), file DrivingLicenceNumber.csv:1087 data 66964767
    regex_detector_test.go:84: Expected label DrivingLicenceNumber, got  ([]), file DrivingLicenceNumber.csv:1088 data 75025687
    regex_detector_test.go:84: Expected label DrivingLicenceNumber, got  ([]), file DrivingLicenceNumber.csv:1089 data 25275381
    regex_detector_test.go:84: Expected label DrivingLicenceNumber, got  ([]), file DrivingLicenceNumber.csv:1090 data 89581287
    regex_detector_test.go:84: Expected label DrivingLicenceNumber, got  ([]), file DrivingLicenceNumber.csv:1091 data 42227995
    regex_detector_test.go:84: Expected label DrivingLicenceNumber, got  ([]), file DrivingLicenceNumber.csv:1092 data 90382353
    regex_detector_test.go:84: Expected label DrivingLicenceNumber, got  ([]), file DrivingLicenceNumber.csv:1093 data 33086597
    regex_detector_test.go:84: Expected label DrivingLicenceNumber, got  ([]), file DrivingLicenceNumber.csv:1094 data 85150397
    regex_detector_test.go:84: Expected label DrivingLicenceNumber, got  ([]), file DrivingLicenceNumber.csv:1095 data 65067377
    regex_detector_test.go:84: Expected label DrivingLicenceNumber, got  ([]), file DrivingLicenceNumber.csv:1096 data 21673541
    regex_detector_test.go:84: Expected label DrivingLicenceNumber, got  ([]), file DrivingLicenceNumber.csv:1097 data 96040391
    regex_detector_test.go:84: Expected label DrivingLicenceNumber, got  ([]), file DrivingLicenceNumber.csv:1098 data 33790673
    regex_detector_test.go:84: Expected label DrivingLicenceNumber, got  ([]), file DrivingLicenceNumber.csv:1099 data 60940824
    regex_detector_test.go:84: Expected label DrivingLicenceNumber, got  ([]), file DrivingLicenceNumber.csv:1100 data 47590126
    regex_detector_test.go:84: Expected label DrivingLicenceNumber, got  ([]), file DrivingLicenceNumber.csv:1101 data 65499039
    regex_detector_test.go:84: Expected label DrivingLicenceNumber, got  ([]), file DrivingLicenceNumber.csv:1102 data 33420222
    regex_detector_test.go:84: Expected label DrivingLicenceNumber, got  ([]), file DrivingLicenceNumber.csv:1103 data 58934059
    regex_detector_test.go:84: Expected label DrivingLicenceNumber, got  ([]), file DrivingLicenceNumber.csv:1104 data 26888201
    regex_detector_test.go:84: Expected label DrivingLicenceNumber, got  ([]), file DrivingLicenceNumber.csv:1105 data 39127610
    regex_detector_test.go:84: Expected label DrivingLicenceNumber, got  ([]), file DrivingLicenceNumber.csv:1106 data 36416830
    regex_detector_test.go:84: Expected label DrivingLicenceNumber, got  ([]), file DrivingLicenceNumber.csv:1107 data 69353743
    regex_detector_test.go:84: Expected label DrivingLicenceNumber, got  ([]), file DrivingLicenceNumber.csv:1108 data 33020089
    regex_detector_test.go:84: Expected label DrivingLicenceNumber, got  ([]), file DrivingLicenceNumber.csv:1109 data 88034513
    regex_detector_test.go:84: Expected label DrivingLicenceNumber, got  ([]), file DrivingLicenceNumber.csv:1110 data 67376503
    regex_detector_test.go:84: Expected label DrivingLicenceNumber, got  ([]), file DrivingLicenceNumber.csv:1111 data 38095849
    regex_detector_test.go:84: Expected label DrivingLicenceNumber, got  ([]), file DrivingLicenceNumber.csv:1112 data 64659397
    regex_detector_test.go:84: Expected label DrivingLicenceNumber, got  ([]), file DrivingLicenceNumber.csv:1113 data 50498666
    regex_detector_test.go:84: Expected label DrivingLicenceNumber, got  ([]), file DrivingLicenceNumber.csv:1114 data 32706186
    regex_detector_test.go:84: Expected label DrivingLicenceNumber, got  ([]), file DrivingLicenceNumber.csv:1115 data 55735340
    regex_detector_test.go:84: Expected label DrivingLicenceNumber, got  ([]), file DrivingLicenceNumber.csv:1116 data 18003816
    regex_detector_test.go:84: Expected label DrivingLicenceNumber, got  ([]), file DrivingLicenceNumber.csv:1117 data 51879450
    regex_detector_test.go:84: Expected label DrivingLicenceNumber, got  ([]), file DrivingLicenceNumber.csv:1118 data 45016303
    regex_detector_test.go:84: Expected label DrivingLicenceNumber, got  ([]), file DrivingLicenceNumber.csv:1119 data 41878363
    regex_detector_test.go:84: Expected label DrivingLicenceNumber, got  ([]), file DrivingLicenceNumber.csv:1120 data 85966915
    regex_detector_test.go:84: Expected label DrivingLicenceNumber, got  ([]), file DrivingLicenceNumber.csv:1121 data 39637945
    regex_detector_test.go:84: Expected label DrivingLicenceNumber, got  ([]), file DrivingLicenceNumber.csv:1122 data 79177300
    regex_detector_test.go:84: Expected label DrivingLicenceNumber, got  ([]), file DrivingLicenceNumber.csv:1123 data 75137966
    regex_detector_test.go:84: Expected label DrivingLicenceNumber, got  ([]), file DrivingLicenceNumber.csv:1124 data 60956177
    regex_detector_test.go:84: Expected label DrivingLicenceNumber, got  ([]), file DrivingLicenceNumber.csv:1125 data 39875799
    regex_detector_test.go:84: Expected label DrivingLicenceNumber, got  ([]), file DrivingLicenceNumber.csv:1126 data 89390846
    regex_detector_test.go:84: Expected label DrivingLicenceNumber, got  ([]), file DrivingLicenceNumber.csv:1127 data 85936020
    regex_detector_test.go:84: Expected label DrivingLicenceNumber, got  ([]), file DrivingLicenceNumber.csv:1128 data 10329207
    regex_detector_test.go:84: Expected label DrivingLicenceNumber, got  ([]), file DrivingLicenceNumber.csv:1129 data 87429200
    regex_detector_test.go:84: Expected label DrivingLicenceNumber, got  ([]), file DrivingLicenceNumber.csv:1130 data 91697416
    regex_detector_test.go:84: Expected label DrivingLicenceNumber, got  ([]), file DrivingLicenceNumber.csv:1131 data 35613876
    regex_detector_test.go:84: Expected label DrivingLicenceNumber, got  ([]), file DrivingLicenceNumber.csv:1132 data 80650609
    regex_detector_test.go:84: Expected label DrivingLicenceNumber, got  ([]), file DrivingLicenceNumber.csv:1133 data 12387641
    regex_detector_test.go:84: Expected label DrivingLicenceNumber, got  ([]), file DrivingLicenceNumber.csv:1134 data 38116171
    regex_detector_test.go:84: Expected label DrivingLicenceNumber, got  ([]), file DrivingLicenceNumber.csv:1135 data 84060660
    regex_detector_test.go:84: Expected label DrivingLicenceNumber, got  ([]), file DrivingLicenceNumber.csv:1136 data 49287656
    regex_detector_test.go:84: Expected label DrivingLicenceNumber, got  ([]), file DrivingLicenceNumber.csv:1137 data 40605504
    regex_detector_test.go:84: Expected label DrivingLicenceNumber, got  ([]), file DrivingLicenceNumber.csv:1138 data 75002790
    regex_detector_test.go:84: Expected label DrivingLicenceNumber, got  ([]), file DrivingLicenceNumber.csv:1139 data 54284021
    regex_detector_test.go:84: Expected label DrivingLicenceNumber, got  ([]), file DrivingLicenceNumber.csv:1140 data 87990900
    regex_detector_test.go:84: Expected label DrivingLicenceNumber, got  ([]), file DrivingLicenceNumber.csv:1141 data 27606126
    regex_detector_test.go:84: Expected label DrivingLicenceNumber, got  ([]), file DrivingLicenceNumber.csv:1142 data 33682924
    regex_detector_test.go:84: Expected label DrivingLicenceNumber, got  ([]), file DrivingLicenceNumber.csv:1143 data 16036341
    regex_detector_test.go:84: Expected label DrivingLicenceNumber, got  ([]), file DrivingLicenceNumber.csv:1144 data 61522111
    regex_detector_test.go:84: Expected label DrivingLicenceNumber, got  ([]), file DrivingLicenceNumber.csv:1145 data 73373758
    regex_detector_test.go:84: Expected label DrivingLicenceNumber, got  ([]), file DrivingLicenceNumber.csv:1146 data 65222318
    regex_detector_test.go:84: Expected label DrivingLicenceNumber, got  ([]), file DrivingLicenceNumber.csv:1147 data 44525302
    regex_detector_test.go:84: Expected label DrivingLicenceNumber, got  ([]), file DrivingLicenceNumber.csv:1148 data 90495678
    regex_detector_test.go:84: Expected label DrivingLicenceNumber, got  ([]), file DrivingLicenceNumber.csv:1149 data 75172428
    regex_detector_test.go:84: Expected label DrivingLicenceNumber, got  ([]), file DrivingLicenceNumber.csv:1150 data 68420306
    regex_detector_test.go:84: Expected label DrivingLicenceNumber, got  ([]), file DrivingLicenceNumber.csv:1151 data 34602407
    regex_detector_test.go:84: Expected label DrivingLicenceNumber, got  ([]), file DrivingLicenceNumber.csv:1152 data 66736159
    regex_detector_test.go:84: Expected label DrivingLicenceNumber, got  ([]), file DrivingLicenceNumber.csv:1153 data 71436085
    regex_detector_test.go:84: Expected label DrivingLicenceNumber, got  ([]), file DrivingLicenceNumber.csv:1154 data 63151846
    regex_detector_test.go:84: Expected label DrivingLicenceNumber, got  ([]), file DrivingLicenceNumber.csv:1155 data 39243130
    regex_detector_test.go:84: Expected label DrivingLicenceNumber, got  ([]), file DrivingLicenceNumber.csv:1156 data 49227101
    regex_detector_test.go:84: Expected label DrivingLicenceNumber, got  ([]), file DrivingLicenceNumber.csv:1157 data 43800686
    regex_detector_test.go:84: Expected label DrivingLicenceNumber, got  ([]), file DrivingLicenceNumber.csv:1158 data 31294554
    regex_detector_test.go:84: Expected label DrivingLicenceNumber, got  ([]), file DrivingLicenceNumber.csv:1159 data 48499954
    regex_detector_test.go:84: Expected label DrivingLicenceNumber, got  ([]), file DrivingLicenceNumber.csv:1160 data 87108734
    regex_detector_test.go:84: Expected label DrivingLicenceNumber, got  ([]), file DrivingLicenceNumber.csv:1161 data 89292224
    regex_detector_test.go:84: Expected label DrivingLicenceNumber, got  ([]), file DrivingLicenceNumber.csv:1162 data 95141583
    regex_detector_test.go:84: Expected label DrivingLicenceNumber, got  ([]), file DrivingLicenceNumber.csv:1163 data 56073973
    regex_detector_test.go:84: Expected label DrivingLicenceNumber, got  ([]), file DrivingLicenceNumber.csv:1164 data 13135153
    regex_detector_test.go:84: Expected label DrivingLicenceNumber, got  ([]), file DrivingLicenceNumber.csv:1165 data 69809569
    regex_detector_test.go:84: Expected label DrivingLicenceNumber, got  ([]), file DrivingLicenceNumber.csv:1166 data 6873031
    regex_detector_test.go:84: Expected label DrivingLicenceNumber, got  ([]), file DrivingLicenceNumber.csv:1167 data 11139583
    regex_detector_test.go:84: Expected label DrivingLicenceNumber, got  ([]), file DrivingLicenceNumber.csv:1168 data 42883326
    regex_detector_test.go:84: Expected label DrivingLicenceNumber, got  ([]), file DrivingLicenceNumber.csv:1169 data 34179812
    regex_detector_test.go:84: Expected label DrivingLicenceNumber, got  ([]), file DrivingLicenceNumber.csv:1170 data 91574847
    regex_detector_test.go:84: Expected label DrivingLicenceNumber, got  ([]), file DrivingLicenceNumber.csv:1171 data 22586964
    regex_detector_test.go:84: Expected label DrivingLicenceNumber, got  ([]), file DrivingLicenceNumber.csv:1172 data 67165289
    regex_detector_test.go:84: Expected label DrivingLicenceNumber, got  ([]), file DrivingLicenceNumber.csv:1173 data 89960231
    regex_detector_test.go:84: Expected label DrivingLicenceNumber, got  ([]), file DrivingLicenceNumber.csv:1174 data 59489202
    regex_detector_test.go:84: Expected label DrivingLicenceNumber, got  ([]), file DrivingLicenceNumber.csv:1175 data 73948973
    regex_detector_test.go:84: Expected label DrivingLicenceNumber, got  ([]), file DrivingLicenceNumber.csv:1176 data 13013371
    regex_detector_test.go:84: Expected label DrivingLicenceNumber, got  ([]), file DrivingLicenceNumber.csv:1177 data 10911686
    regex_detector_test.go:84: Expected label DrivingLicenceNumber, got  ([]), file DrivingLicenceNumber.csv:1178 data 17769406
    regex_detector_test.go:84: Expected label DrivingLicenceNumber, got  ([]), file DrivingLicenceNumber.csv:1179 data 17136740
    regex_detector_test.go:84: Expected label DrivingLicenceNumber, got  ([]), file DrivingLicenceNumber.csv:1180 data 63747474
    regex_detector_test.go:84: Expected label DrivingLicenceNumber, got  ([]), file DrivingLicenceNumber.csv:1181 data 76952913
    regex_detector_test.go:84: Expected label DrivingLicenceNumber, got  ([]), file DrivingLicenceNumber.csv:1182 data 82502896
    regex_detector_test.go:84: Expected label DrivingLicenceNumber, got  ([]), file DrivingLicenceNumber.csv:1183 data 82628422
    regex_detector_test.go:84: Expected label DrivingLicenceNumber, got  ([]), file DrivingLicenceNumber.csv:1184 data 18086105
    regex_detector_test.go:84: Expected label DrivingLicenceNumber, got  ([]), file DrivingLicenceNumber.csv:1185 data 31503717
    regex_detector_test.go:84: Expected label DrivingLicenceNumber, got  ([]), file DrivingLicenceNumber.csv:1186 data 45547121
    regex_detector_test.go:84: Expected label DrivingLicenceNumber, got  ([]), file DrivingLicenceNumber.csv:1187 data 98294329
    regex_detector_test.go:84: Expected label DrivingLicenceNumber, got  ([]), file DrivingLicenceNumber.csv:1188 data 16500810
    regex_detector_test.go:84: Expected label DrivingLicenceNumber, got  ([]), file DrivingLicenceNumber.csv:1189 data 46849310
    regex_detector_test.go:84: Expected label DrivingLicenceNumber, got  ([]), file DrivingLicenceNumber.csv:1190 data 20291637
    regex_detector_test.go:84: Expected label DrivingLicenceNumber, got  ([]), file DrivingLicenceNumber.csv:1191 data 17715760
    regex_detector_test.go:84: Expected label DrivingLicenceNumber, got  ([]), file DrivingLicenceNumber.csv:1192 data 95366964
    regex_detector_test.go:84: Expected label DrivingLicenceNumber, got  ([]), file DrivingLicenceNumber.csv:1193 data 99182418
    regex_detector_test.go:84: Expected label DrivingLicenceNumber, got  ([]), file DrivingLicenceNumber.csv:1194 data 62070962
    regex_detector_test.go:84: Expected label DrivingLicenceNumber, got  ([]), file DrivingLicenceNumber.csv:1195 data 14635150
    regex_detector_test.go:84: Expected label DrivingLicenceNumber, got  ([]), file DrivingLicenceNumber.csv:1196 data 78319718
    regex_detector_test.go:84: Expected label DrivingLicenceNumber, got  ([]), file DrivingLicenceNumber.csv:1197 data 15161282
    regex_detector_test.go:84: Expected label DrivingLicenceNumber, got  ([]), file DrivingLicenceNumber.csv:1198 data 37485454
    regex_detector_test.go:84: Expected label DrivingLicenceNumber, got  ([]), file DrivingLicenceNumber.csv:1199 data 68577381
    regex_detector_test.go:84: Expected label DrivingLicenceNumber, got  ([]), file DrivingLicenceNumber.csv:1200 data 58322480
    regex_detector_test.go:84: Expected label DrivingLicenceNumber, got  ([]), file DrivingLicenceNumber.csv:1201 data 88115469
    regex_detector_test.go:84: Expected label DrivingLicenceNumber, got  ([]), file DrivingLicenceNumber.csv:1202 data 30053142
    regex_detector_test.go:84: Expected label DrivingLicenceNumber, got  ([]), file DrivingLicenceNumber.csv:1203 data 43052734
    regex_detector_test.go:84: Expected label DrivingLicenceNumber, got  ([]), file DrivingLicenceNumber.csv:1204 data 73200827
    regex_detector_test.go:84: Expected label DrivingLicenceNumber, got  ([]), file DrivingLicenceNumber.csv:1205 data 41898811
    regex_detector_test.go:84: Expected label DrivingLicenceNumber, got  ([]), file DrivingLicenceNumber.csv:1206 data 67764218
    regex_detector_test.go:84: Expected label DrivingLicenceNumber, got  ([]), file DrivingLicenceNumber.csv:1207 data 11958612
    regex_detector_test.go:84: Expected label DrivingLicenceNumber, got  ([]), file DrivingLicenceNumber.csv:1208 data 71452987
    regex_detector_test.go:84: Expected label DrivingLicenceNumber, got  ([]), file DrivingLicenceNumber.csv:1209 data 71494651
    regex_detector_test.go:84: Expected label DrivingLicenceNumber, got  ([]), file DrivingLicenceNumber.csv:1210 data 15357506
    regex_detector_test.go:84: Expected label DrivingLicenceNumber, got  ([]), file DrivingLicenceNumber.csv:1211 data 89994070
    regex_detector_test.go:84: Expected label DrivingLicenceNumber, got  ([]), file DrivingLicenceNumber.csv:1212 data 94937616
    regex_detector_test.go:84: Expected label DrivingLicenceNumber, got  ([]), file DrivingLicenceNumber.csv:1213 data 60712370
    regex_detector_test.go:84: Expected label DrivingLicenceNumber, got  ([]), file DrivingLicenceNumber.csv:1214 data 63637673
    regex_detector_test.go:84: Expected label DrivingLicenceNumber, got  ([]), file DrivingLicenceNumber.csv:1215 data 62989937
    regex_detector_test.go:84: Expected label DrivingLicenceNumber, got  ([]), file DrivingLicenceNumber.csv:1216 data 23273557
    regex_detector_test.go:84: Expected label DrivingLicenceNumber, got  ([]), file DrivingLicenceNumber.csv:1217 data 11232150
    regex_detector_test.go:84: Expected label DrivingLicenceNumber, got  ([]), file DrivingLicenceNumber.csv:1218 data 54541961
    regex_detector_test.go:84: Expected label DrivingLicenceNumber, got  ([]), file DrivingLicenceNumber.csv:1219 data 77999391
    regex_detector_test.go:84: Expected label DrivingLicenceNumber, got  ([]), file DrivingLicenceNumber.csv:1220 data 81462871
    regex_detector_test.go:84: Expected label DrivingLicenceNumber, got  ([]), file DrivingLicenceNumber.csv:1221 data 13331245
    regex_detector_test.go:84: Expected label DrivingLicenceNumber, got  ([]), file DrivingLicenceNumber.csv:1222 data 43676253
    regex_detector_test.go:84: Expected label DrivingLicenceNumber, got  ([]), file DrivingLicenceNumber.csv:1223 data 39563151
    regex_detector_test.go:84: Expected label DrivingLicenceNumber, got  ([]), file DrivingLicenceNumber.csv:1224 data 88441053
    regex_detector_test.go:84: Expected label DrivingLicenceNumber, got  ([]), file DrivingLicenceNumber.csv:1225 data 76892023
    regex_detector_test.go:84: Expected label DrivingLicenceNumber, got  ([]), file DrivingLicenceNumber.csv:1226 data 27713610
    regex_detector_test.go:84: Expected label DrivingLicenceNumber, got  ([]), file DrivingLicenceNumber.csv:1227 data 18868081
    regex_detector_test.go:84: Expected label DrivingLicenceNumber, got  ([]), file DrivingLicenceNumber.csv:1228 data 90855050
    regex_detector_test.go:84: Expected label DrivingLicenceNumber, got  ([]), file DrivingLicenceNumber.csv:1229 data 75222055
    regex_detector_test.go:84: Expected label DrivingLicenceNumber, got  ([]), file DrivingLicenceNumber.csv:1230 data 14248344
    regex_detector_test.go:84: Expected label DrivingLicenceNumber, got  ([]), file DrivingLicenceNumber.csv:1231 data 51752997
    regex_detector_test.go:84: Expected label DrivingLicenceNumber, got  ([]), file DrivingLicenceNumber.csv:1232 data 40068620
    regex_detector_test.go:84: Expected label DrivingLicenceNumber, got  ([]), file DrivingLicenceNumber.csv:1233 data 88925512
    regex_detector_test.go:84: Expected label DrivingLicenceNumber, got  ([]), file DrivingLicenceNumber.csv:1234 data 27431054
    regex_detector_test.go:84: Expected label DrivingLicenceNumber, got  ([]), file DrivingLicenceNumber.csv:1235 data 80629302
    regex_detector_test.go:84: Expected label DrivingLicenceNumber, got  ([]), file DrivingLicenceNumber.csv:1236 data 88830106
    regex_detector_test.go:84: Expected label DrivingLicenceNumber, got  ([]), file DrivingLicenceNumber.csv:1237 data 97047186
    regex_detector_test.go:84: Expected label DrivingLicenceNumber, got  ([]), file DrivingLicenceNumber.csv:1238 data 34430427
    regex_detector_test.go:84: Expected label DrivingLicenceNumber, got  ([]), file DrivingLicenceNumber.csv:1239 data 50625038
    regex_detector_test.go:84: Expected label DrivingLicenceNumber, got  ([]), file DrivingLicenceNumber.csv:1240 data 25542674
    regex_detector_test.go:84: Expected label DrivingLicenceNumber, got  ([]), file DrivingLicenceNumber.csv:1241 data 16858896
    regex_detector_test.go:84: Expected label DrivingLicenceNumber, got  ([]), file DrivingLicenceNumber.csv:1242 data 39401113
    regex_detector_test.go:84: Expected label DrivingLicenceNumber, got  ([]), file DrivingLicenceNumber.csv:1243 data 12594063
    regex_detector_test.go:84: Expected label DrivingLicenceNumber, got  ([]), file DrivingLicenceNumber.csv:1244 data 48421090
    regex_detector_test.go:84: Expected label DrivingLicenceNumber, got  ([]), file DrivingLicenceNumber.csv:1245 data 37018546
    regex_detector_test.go:84: Expected label DrivingLicenceNumber, got  ([]), file DrivingLicenceNumber.csv:1246 data 16587410
    regex_detector_test.go:84: Expected label DrivingLicenceNumber, got  ([]), file DrivingLicenceNumber.csv:1247 data 28876406
    regex_detector_test.go:84: Expected label DrivingLicenceNumber, got  ([]), file DrivingLicenceNumber.csv:1248 data 19673490
    regex_detector_test.go:84: Expected label DrivingLicenceNumber, got  ([]), file DrivingLicenceNumber.csv:1249 data 87033433
    regex_detector_test.go:84: Expected label DrivingLicenceNumber, got  ([]), file DrivingLicenceNumber.csv:1250 data 90556796
    regex_detector_test.go:84: Expected label DrivingLicenceNumber, got  ([]), file DrivingLicenceNumber.csv:1251 data 91564699
    regex_detector_test.go:84: Expected label DrivingLicenceNumber, got  ([]), file DrivingLicenceNumber.csv:1252 data 54702243
    regex_detector_test.go:84: Expected label DrivingLicenceNumber, got  ([]), file DrivingLicenceNumber.csv:1253 data 64122562
    regex_detector_test.go:84: Expected label DrivingLicenceNumber, got  ([]), file DrivingLicenceNumber.csv:1254 data 67814619
    regex_detector_test.go:84: Expected label DrivingLicenceNumber, got  ([]), file DrivingLicenceNumber.csv:1255 data 69290392
    regex_detector_test.go:84: Expected label DrivingLicenceNumber, got  ([]), file DrivingLicenceNumber.csv:1256 data 85473801
    regex_detector_test.go:84: Expected label DrivingLicenceNumber, got  ([]), file DrivingLicenceNumber.csv:1257 data 44038410
    regex_detector_test.go:84: Expected label DrivingLicenceNumber, got  ([]), file DrivingLicenceNumber.csv:1258 data 66360914
    regex_detector_test.go:84: Expected label DrivingLicenceNumber, got  ([]), file DrivingLicenceNumber.csv:1259 data 60766896
    regex_detector_test.go:84: Expected label DrivingLicenceNumber, got  ([]), file DrivingLicenceNumber.csv:1260 data 60130139
    regex_detector_test.go:84: Expected label DrivingLicenceNumber, got  ([]), file DrivingLicenceNumber.csv:1261 data 59301917
    regex_detector_test.go:84: Expected label DrivingLicenceNumber, got  ([]), file DrivingLicenceNumber.csv:1262 data 31573272
    regex_detector_test.go:84: Expected label DrivingLicenceNumber, got  ([]), file DrivingLicenceNumber.csv:1263 data 53099382
    regex_detector_test.go:84: Expected label DrivingLicenceNumber, got  ([]), file DrivingLicenceNumber.csv:1264 data 54982598
    regex_detector_test.go:84: Expected label DrivingLicenceNumber, got  ([]), file DrivingLicenceNumber.csv:1265 data 89950903
    regex_detector_test.go:84: Expected label DrivingLicenceNumber, got  ([]), file DrivingLicenceNumber.csv:1266 data 71580856
    regex_detector_test.go:84: Expected label DrivingLicenceNumber, got  ([]), file DrivingLicenceNumber.csv:1267 data 97080809
    regex_detector_test.go:84: Expected label DrivingLicenceNumber, got  ([]), file DrivingLicenceNumber.csv:1268 data 17605036
    regex_detector_test.go:84: Expected label DrivingLicenceNumber, got  ([]), file DrivingLicenceNumber.csv:1269 data 87260081
    regex_detector_test.go:84: Expected label DrivingLicenceNumber, got  ([]), file DrivingLicenceNumber.csv:1270 data 68268272
    regex_detector_test.go:84: Expected label DrivingLicenceNumber, got  ([]), file DrivingLicenceNumber.csv:1271 data 90123246
    regex_detector_test.go:84: Expected label DrivingLicenceNumber, got  ([]), file DrivingLicenceNumber.csv:1272 data 22713972
    regex_detector_test.go:84: Expected label DrivingLicenceNumber, got  ([]), file DrivingLicenceNumber.csv:1273 data 58266035
    regex_detector_test.go:84: Expected label DrivingLicenceNumber, got  ([]), file DrivingLicenceNumber.csv:1274 data 21366102
    regex_detector_test.go:84: Expected label DrivingLicenceNumber, got  ([]), file DrivingLicenceNumber.csv:1275 data 19140718
    regex_detector_test.go:84: Expected label DrivingLicenceNumber, got  ([]), file DrivingLicenceNumber.csv:1276 data 53136169
    regex_detector_test.go:84: Expected label DrivingLicenceNumber, got  ([]), file DrivingLicenceNumber.csv:1277 data 47190681
    regex_detector_test.go:84: Expected label DrivingLicenceNumber, got  ([]), file DrivingLicenceNumber.csv:1278 data 77641197
    regex_detector_test.go:84: Expected label DrivingLicenceNumber, got  ([]), file DrivingLicenceNumber.csv:1279 data 40110832
    regex_detector_test.go:84: Expected label DrivingLicenceNumber, got  ([]), file DrivingLicenceNumber.csv:1280 data 89752039
    regex_detector_test.go:84: Expected label DrivingLicenceNumber, got  ([]), file DrivingLicenceNumber.csv:1281 data 13372090
    regex_detector_test.go:84: Expected label DrivingLicenceNumber, got  ([]), file DrivingLicenceNumber.csv:1282 data 91255047
    regex_detector_test.go:84: Expected label DrivingLicenceNumber, got  ([]), file DrivingLicenceNumber.csv:1283 data 38048647
    regex_detector_test.go:84: Expected label DrivingLicenceNumber, got  ([]), file DrivingLicenceNumber.csv:1284 data 58853097
    regex_detector_test.go:84: Expected label DrivingLicenceNumber, got  ([]), file DrivingLicenceNumber.csv:1285 data 13015429
    regex_detector_test.go:84: Expected label DrivingLicenceNumber, got  ([]), file DrivingLicenceNumber.csv:1286 data 11124727
    regex_detector_test.go:84: Expected label DrivingLicenceNumber, got  ([]), file DrivingLicenceNumber.csv:1287 data 79168201
    regex_detector_test.go:84: Expected label DrivingLicenceNumber, got  ([]), file DrivingLicenceNumber.csv:1288 data 36674568
    regex_detector_test.go:84: Expected label DrivingLicenceNumber, got  ([]), file DrivingLicenceNumber.csv:1289 data 25447128
    regex_detector_test.go:84: Expected label DrivingLicenceNumber, got  ([]), file DrivingLicenceNumber.csv:1290 data 31178246
    regex_detector_test.go:84: Expected label DrivingLicenceNumber, got  ([]), file DrivingLicenceNumber.csv:1291 data 87265896
    regex_detector_test.go:84: Expected label DrivingLicenceNumber, got  ([]), file DrivingLicenceNumber.csv:1292 data 77843488
    regex_detector_test.go:84: Expected label DrivingLicenceNumber, got  ([]), file DrivingLicenceNumber.csv:1293 data 28264100
    regex_detector_test.go:84: Expected label DrivingLicenceNumber, got  ([]), file DrivingLicenceNumber.csv:1294 data 21524440
    regex_detector_test.go:84: Expected label DrivingLicenceNumber, got  ([]), file DrivingLicenceNumber.csv:1295 data 98818753
    regex_detector_test.go:84: Expected label DrivingLicenceNumber, got  ([]), file DrivingLicenceNumber.csv:1296 data 55982742
    regex_detector_test.go:84: Expected label DrivingLicenceNumber, got  ([]), file DrivingLicenceNumber.csv:1297 data 82573603
    regex_detector_test.go:84: Expected label DrivingLicenceNumber, got  ([]), file DrivingLicenceNumber.csv:1298 data 94069964
    regex_detector_test.go:84: Expected label DrivingLicenceNumber, got  ([]), file DrivingLicenceNumber.csv:1299 data 28982551
    regex_detector_test.go:84: Expected label DrivingLicenceNumber, got  ([]), file DrivingLicenceNumber.csv:1300 data 70790140
    regex_detector_test.go:84: Expected label DrivingLicenceNumber, got  ([]), file DrivingLicenceNumber.csv:1301 data 95721870
    regex_detector_test.go:84: Expected label DrivingLicenceNumber, got  ([]), file DrivingLicenceNumber.csv:1302 data 35301792
    regex_detector_test.go:84: Expected label DrivingLicenceNumber, got  ([]), file DrivingLicenceNumber.csv:1303 data 41922110
    regex_detector_test.go:84: Expected label DrivingLicenceNumber, got  ([]), file DrivingLicenceNumber.csv:1304 data 17243061
    regex_detector_test.go:84: Expected label DrivingLicenceNumber, got  ([]), file DrivingLicenceNumber.csv:1305 data 31851738
    regex_detector_test.go:84: Expected label DrivingLicenceNumber, got  ([]), file DrivingLicenceNumber.csv:1306 data 55603950
    regex_detector_test.go:84: Expected label DrivingLicenceNumber, got  ([]), file DrivingLicenceNumber.csv:1307 data 17526728
    regex_detector_test.go:84: Expected label DrivingLicenceNumber, got  ([]), file DrivingLicenceNumber.csv:1308 data 31286787
    regex_detector_test.go:84: Expected label DrivingLicenceNumber, got  ([]), file DrivingLicenceNumber.csv:1309 data 91900193
    regex_detector_test.go:84: Expected label DrivingLicenceNumber, got  ([]), file DrivingLicenceNumber.csv:1310 data 21915999
    regex_detector_test.go:84: Expected label DrivingLicenceNumber, got  ([]), file DrivingLicenceNumber.csv:1311 data 42783286
    regex_detector_test.go:84: Expected label DrivingLicenceNumber, got  ([]), file DrivingLicenceNumber.csv:1312 data 27185659
    regex_detector_test.go:84: Expected label DrivingLicenceNumber, got  ([]), file DrivingLicenceNumber.csv:1313 data 48802023
    regex_detector_test.go:84: Expected label DrivingLicenceNumber, got  ([]), file DrivingLicenceNumber.csv:1314 data 41734351
    regex_detector_test.go:84: Expected label DrivingLicenceNumber, got  ([]), file DrivingLicenceNumber.csv:1315 data 64728420
    regex_detector_test.go:84: Expected label DrivingLicenceNumber, got  ([]), file DrivingLicenceNumber.csv:1316 data 28977790
    regex_detector_test.go:84: Expected label DrivingLicenceNumber, got  ([]), file DrivingLicenceNumber.csv:1317 data 58414800
    regex_detector_test.go:84: Expected label DrivingLicenceNumber, got  ([]), file DrivingLicenceNumber.csv:1318 data 77283013
    regex_detector_test.go:84: Expected label DrivingLicenceNumber, got  ([]), file DrivingLicenceNumber.csv:1319 data 77976770
    regex_detector_test.go:84: Expected label DrivingLicenceNumber, got  ([]), file DrivingLicenceNumber.csv:1320 data 63804121
    regex_detector_test.go:84: Expected label DrivingLicenceNumber, got  ([]), file DrivingLicenceNumber.csv:1321 data 71886598
    regex_detector_test.go:84: Expected label DrivingLicenceNumber, got  ([]), file DrivingLicenceNumber.csv:1322 data 61132483
    regex_detector_test.go:84: Expected label DrivingLicenceNumber, got  ([]), file DrivingLicenceNumber.csv:1323 data 87521595
    regex_detector_test.go:84: Expected label DrivingLicenceNumber, got  ([]), file DrivingLicenceNumber.csv:1324 data 17066381
    regex_detector_test.go:84: Expected label DrivingLicenceNumber, got  ([]), file DrivingLicenceNumber.csv:1325 data 45769063
    regex_detector_test.go:84: Expected label DrivingLicenceNumber, got  ([]), file DrivingLicenceNumber.csv:1326 data 89131198
    regex_detector_test.go:84: Expected label DrivingLicenceNumber, got  ([]), file DrivingLicenceNumber.csv:1327 data 93050003
    regex_detector_test.go:84: Expected label DrivingLicenceNumber, got  ([]), file DrivingLicenceNumber.csv:1328 data 92804179
    regex_detector_test.go:84: Expected label DrivingLicenceNumber, got  ([]), file DrivingLicenceNumber.csv:1329 data 28364003
    regex_detector_test.go:84: Expected label DrivingLicenceNumber, got  ([]), file DrivingLicenceNumber.csv:1330 data 86052654
    regex_detector_test.go:84: Expected label DrivingLicenceNumber, got  ([]), file DrivingLicenceNumber.csv:1331 data 23307040
    regex_detector_test.go:84: Expected label DrivingLicenceNumber, got  ([]), file DrivingLicenceNumber.csv:1332 data 52546913
    regex_detector_test.go:84: Expected label DrivingLicenceNumber, got  ([]), file DrivingLicenceNumber.csv:1333 data 20550007
    regex_detector_test.go:84: Expected label DrivingLicenceNumber, got  ([]), file DrivingLicenceNumber.csv:1334 data 55868113
    regex_detector_test.go:84: Expected label DrivingLicenceNumber, got  ([]), file DrivingLicenceNumber.csv:1335 data 27549104
    regex_detector_test.go:84: Expected label DrivingLicenceNumber, got  ([]), file DrivingLicenceNumber.csv:1336 data 96388115
    regex_detector_test.go:84: Expected label DrivingLicenceNumber, got  ([]), file DrivingLicenceNumber.csv:1337 data 94610460
    regex_detector_test.go:84: Expected label DrivingLicenceNumber, got  ([]), file DrivingLicenceNumber.csv:1338 data 78838232
    regex_detector_test.go:84: Expected label DrivingLicenceNumber, got  ([]), file DrivingLicenceNumber.csv:1339 data 75112001
    regex_detector_test.go:84: Expected label DrivingLicenceNumber, got  ([]), file DrivingLicenceNumber.csv:1340 data 14386381
    regex_detector_test.go:84: Expected label DrivingLicenceNumber, got  ([]), file DrivingLicenceNumber.csv:1341 data 11722022
    regex_detector_test.go:84: Expected label DrivingLicenceNumber, got  ([]), file DrivingLicenceNumber.csv:1342 data 32515468
    regex_detector_test.go:84: Expected label DrivingLicenceNumber, got  ([]), file DrivingLicenceNumber.csv:1343 data 85595370
    regex_detector_test.go:84: Expected label DrivingLicenceNumber, got  ([]), file DrivingLicenceNumber.csv:1344 data 31274056
    regex_detector_test.go:84: Expected label DrivingLicenceNumber, got  ([]), file DrivingLicenceNumber.csv:1345 data 96497383
    regex_detector_test.go:84: Expected label DrivingLicenceNumber, got  ([]), file DrivingLicenceNumber.csv:1346 data 11044122
    regex_detector_test.go:84: Expected label DrivingLicenceNumber, got  ([]), file DrivingLicenceNumber.csv:1347 data 26585148
    regex_detector_test.go:84: Expected label DrivingLicenceNumber, got  ([]), file DrivingLicenceNumber.csv:1348 data 90073148
    regex_detector_test.go:84: Expected label DrivingLicenceNumber, got  ([]), file DrivingLicenceNumber.csv:1349 data 90549006
    regex_detector_test.go:84: Expected label DrivingLicenceNumber, got  ([]), file DrivingLicenceNumber.csv:1350 data 70683267
    regex_detector_test.go:84: Expected label DrivingLicenceNumber, got  ([]), file DrivingLicenceNumber.csv:1351 data 46277583
    regex_detector_test.go:84: Expected label DrivingLicenceNumber, got  ([]), file DrivingLicenceNumber.csv:1352 data 94572871
    regex_detector_test.go:84: Expected label DrivingLicenceNumber, got  ([]), file DrivingLicenceNumber.csv:1353 data 11747103
    regex_detector_test.go:84: Expected label DrivingLicenceNumber, got  ([]), file DrivingLicenceNumber.csv:1354 data 49805732
    regex_detector_test.go:84: Expected label DrivingLicenceNumber, got  ([]), file DrivingLicenceNumber.csv:1355 data 71658158
    regex_detector_test.go:84: Expected label DrivingLicenceNumber, got  ([]), file DrivingLicenceNumber.csv:1356 data 20002478
    regex_detector_test.go:84: Expected label DrivingLicenceNumber, got  ([]), file DrivingLicenceNumber.csv:1357 data 52811181
    regex_detector_test.go:84: Expected label DrivingLicenceNumber, got  ([]), file DrivingLicenceNumber.csv:1358 data 90087422
    regex_detector_test.go:84: Expected label DrivingLicenceNumber, got  ([]), file DrivingLicenceNumber.csv:1359 data 20302661
    regex_detector_test.go:84: Expected label DrivingLicenceNumber, got  ([]), file DrivingLicenceNumber.csv:1360 data 33844095
    regex_detector_test.go:84: Expected label DrivingLicenceNumber, got  ([]), file DrivingLicenceNumber.csv:1361 data 59781157
    regex_detector_test.go:84: Expected label DrivingLicenceNumber, got  ([]), file DrivingLicenceNumber.csv:1362 data 81118875
    regex_detector_test.go:84: Expected label DrivingLicenceNumber, got  ([]), file DrivingLicenceNumber.csv:1363 data 20420561
    regex_detector_test.go:84: Expected label DrivingLicenceNumber, got  ([]), file DrivingLicenceNumber.csv:1364 data 15036931
    regex_detector_test.go:84: Expected label DrivingLicenceNumber, got  ([]), file DrivingLicenceNumber.csv:1365 data 71545788
    regex_detector_test.go:84: Expected label DrivingLicenceNumber, got  ([]), file DrivingLicenceNumber.csv:1366 data 73775579
    regex_detector_test.go:84: Expected label DrivingLicenceNumber, got  ([]), file DrivingLicenceNumber.csv:1367 data 89646681
    regex_detector_test.go:84: Expected label DrivingLicenceNumber, got  ([]), file DrivingLicenceNumber.csv:1368 data 93974504
    regex_detector_test.go:84: Expected label DrivingLicenceNumber, got  ([]), file DrivingLicenceNumber.csv:1369 data 66316919
    regex_detector_test.go:84: Expected label DrivingLicenceNumber, got  ([]), file DrivingLicenceNumber.csv:1370 data 29576567
    regex_detector_test.go:84: Expected label DrivingLicenceNumber, got  ([]), file DrivingLicenceNumber.csv:1371 data 89981364
    regex_detector_test.go:84: Expected label DrivingLicenceNumber, got  ([]), file DrivingLicenceNumber.csv:1372 data 86636913
    regex_detector_test.go:84: Expected label DrivingLicenceNumber, got  ([]), file DrivingLicenceNumber.csv:1373 data 22421202
    regex_detector_test.go:84: Expected label DrivingLicenceNumber, got  ([]), file DrivingLicenceNumber.csv:1374 data 67088220
    regex_detector_test.go:84: Expected label DrivingLicenceNumber, got  ([]), file DrivingLicenceNumber.csv:1375 data 31747984
    regex_detector_test.go:84: Expected label DrivingLicenceNumber, got  ([]), file DrivingLicenceNumber.csv:1376 data 59164667
    regex_detector_test.go:84: Expected label DrivingLicenceNumber, got  ([]), file DrivingLicenceNumber.csv:1377 data 60687015
    regex_detector_test.go:84: Expected label DrivingLicenceNumber, got  ([]), file DrivingLicenceNumber.csv:1378 data 57676332
    regex_detector_test.go:84: Expected label DrivingLicenceNumber, got  ([]), file DrivingLicenceNumber.csv:1379 data 77383282
    regex_detector_test.go:84: Expected label DrivingLicenceNumber, got  ([]), file DrivingLicenceNumber.csv:1380 data 77695417
    regex_detector_test.go:84: Expected label DrivingLicenceNumber, got  ([]), file DrivingLicenceNumber.csv:1381 data 36280353
    regex_detector_test.go:84: Expected label DrivingLicenceNumber, got  ([]), file DrivingLicenceNumber.csv:1382 data 52587229
    regex_detector_test.go:84: Expected label DrivingLicenceNumber, got  ([]), file DrivingLicenceNumber.csv:1383 data 20577173
    regex_detector_test.go:84: Expected label DrivingLicenceNumber, got  ([]), file DrivingLicenceNumber.csv:1384 data 11897298
    regex_detector_test.go:84: Expected label DrivingLicenceNumber, got  ([]), file DrivingLicenceNumber.csv:1385 data 69865992
    regex_detector_test.go:84: Expected label DrivingLicenceNumber, got  ([]), file DrivingLicenceNumber.csv:1386 data 28666042
    regex_detector_test.go:84: Expected label DrivingLicenceNumber, got  ([]), file DrivingLicenceNumber.csv:1387 data 74373608
    regex_detector_test.go:84: Expected label DrivingLicenceNumber, got  ([]), file DrivingLicenceNumber.csv:1388 data 83474606
    regex_detector_test.go:84: Expected label DrivingLicenceNumber, got  ([]), file DrivingLicenceNumber.csv:1389 data 39842166
    regex_detector_test.go:84: Expected label DrivingLicenceNumber, got  ([]), file DrivingLicenceNumber.csv:1390 data 83108333
    regex_detector_test.go:84: Expected label DrivingLicenceNumber, got  ([]), file DrivingLicenceNumber.csv:1391 data 98600821
    regex_detector_test.go:84: Expected label DrivingLicenceNumber, got  ([]), file DrivingLicenceNumber.csv:1392 data 30483803
    regex_detector_test.go:84: Expected label DrivingLicenceNumber, got  ([]), file DrivingLicenceNumber.csv:1393 data 55394003
    regex_detector_test.go:84: Expected label DrivingLicenceNumber, got  ([]), file DrivingLicenceNumber.csv:1394 data 27534602
    regex_detector_test.go:84: Expected label DrivingLicenceNumber, got  ([]), file DrivingLicenceNumber.csv:1395 data 98440012
    regex_detector_test.go:84: Expected label DrivingLicenceNumber, got  ([]), file DrivingLicenceNumber.csv:1396 data 85460793
    regex_detector_test.go:84: Expected label DrivingLicenceNumber, got  ([]), file DrivingLicenceNumber.csv:1397 data 48776171
    regex_detector_test.go:84: Expected label DrivingLicenceNumber, got  ([]), file DrivingLicenceNumber.csv:1398 data 92559308
    regex_detector_test.go:84: Expected label DrivingLicenceNumber, got  ([]), file DrivingLicenceNumber.csv:1399 data 55072036
    regex_detector_test.go:84: Expected label DrivingLicenceNumber, got  ([]), file DrivingLicenceNumber.csv:1400 data 60386189
    regex_detector_test.go:84: Expected label DrivingLicenceNumber, got  ([]), file DrivingLicenceNumber.csv:1401 data 66530713
    regex_detector_test.go:84: Expected label DrivingLicenceNumber, got  ([]), file DrivingLicenceNumber.csv:1402 data 99007194
    regex_detector_test.go:84: Expected label DrivingLicenceNumber, got  ([]), file DrivingLicenceNumber.csv:1403 data 93254962
    regex_detector_test.go:84: Expected label DrivingLicenceNumber, got  ([]), file DrivingLicenceNumber.csv:1404 data 25267489
    regex_detector_test.go:84: Expected label DrivingLicenceNumber, got  ([]), file DrivingLicenceNumber.csv:1405 data 79599438
    regex_detector_test.go:84: Expected label DrivingLicenceNumber, got  ([]), file DrivingLicenceNumber.csv:1406 data 90010404
    regex_detector_test.go:84: Expected label DrivingLicenceNumber, got  ([]), file DrivingLicenceNumber.csv:1407 data 12288424
    regex_detector_test.go:84: Expected label DrivingLicenceNumber, got  ([]), file DrivingLicenceNumber.csv:1408 data 73220499
    regex_detector_test.go:84: Expected label DrivingLicenceNumber, got  ([]), file DrivingLicenceNumber.csv:1409 data 17711200
    regex_detector_test.go:84: Expected label DrivingLicenceNumber, got  ([]), file DrivingLicenceNumber.csv:1410 data 97737065
    regex_detector_test.go:84: Expected label DrivingLicenceNumber, got  ([]), file DrivingLicenceNumber.csv:1411 data 49322409
    regex_detector_test.go:84: Expected label DrivingLicenceNumber, got  ([]), file DrivingLicenceNumber.csv:1412 data 98941712
    regex_detector_test.go:84: Expected label DrivingLicenceNumber, got  ([]), file DrivingLicenceNumber.csv:1413 data 96290142
    regex_detector_test.go:84: Expected label DrivingLicenceNumber, got  ([]), file DrivingLicenceNumber.csv:1414 data 10690617
    regex_detector_test.go:84: Expected label DrivingLicenceNumber, got  ([]), file DrivingLicenceNumber.csv:1415 data 92033178
    regex_detector_test.go:84: Expected label DrivingLicenceNumber, got  ([]), file DrivingLicenceNumber.csv:1416 data 72535920
    regex_detector_test.go:84: Expected label DrivingLicenceNumber, got  ([]), file DrivingLicenceNumber.csv:1417 data 23350870
    regex_detector_test.go:84: Expected label DrivingLicenceNumber, got  ([]), file DrivingLicenceNumber.csv:1418 data 52998640
    regex_detector_test.go:84: Expected label DrivingLicenceNumber, got  ([]), file DrivingLicenceNumber.csv:1419 data 85259211
    regex_detector_test.go:84: Expected label DrivingLicenceNumber, got  ([]), file DrivingLicenceNumber.csv:1420 data 14188154
    regex_detector_test.go:84: Expected label DrivingLicenceNumber, got  ([]), file DrivingLicenceNumber.csv:1421 data 88626651
    regex_detector_test.go:84: Expected label DrivingLicenceNumber, got  ([]), file DrivingLicenceNumber.csv:1422 data 11100052
    regex_detector_test.go:84: Expected label DrivingLicenceNumber, got  ([]), file DrivingLicenceNumber.csv:1423 data 69885255
    regex_detector_test.go:84: Expected label DrivingLicenceNumber, got  ([]), file DrivingLicenceNumber.csv:1424 data 98214409
    regex_detector_test.go:84: Expected label DrivingLicenceNumber, got  ([]), file DrivingLicenceNumber.csv:1425 data 11586096
    regex_detector_test.go:84: Expected label DrivingLicenceNumber, got  ([]), file DrivingLicenceNumber.csv:1426 data 33559670
    regex_detector_test.go:84: Expected label DrivingLicenceNumber, got  ([]), file DrivingLicenceNumber.csv:1427 data 93126371
    regex_detector_test.go:84: Expected label DrivingLicenceNumber, got  ([]), file DrivingLicenceNumber.csv:1428 data 10597771
    regex_detector_test.go:84: Expected label DrivingLicenceNumber, got  ([]), file DrivingLicenceNumber.csv:1429 data 34090511
    regex_detector_test.go:84: Expected label DrivingLicenceNumber, got  ([]), file DrivingLicenceNumber.csv:1430 data 54612435
    regex_detector_test.go:84: Expected label DrivingLicenceNumber, got  ([]), file DrivingLicenceNumber.csv:1431 data 69988439
    regex_detector_test.go:84: Expected label DrivingLicenceNumber, got  ([]), file DrivingLicenceNumber.csv:1432 data 67629228
    regex_detector_test.go:84: Expected label DrivingLicenceNumber, got  ([]), file DrivingLicenceNumber.csv:1433 data 40643727
    regex_detector_test.go:84: Expected label DrivingLicenceNumber, got  ([]), file DrivingLicenceNumber.csv:1434 data 66387011
    regex_detector_test.go:84: Expected label DrivingLicenceNumber, got  ([]), file DrivingLicenceNumber.csv:1435 data 14455391
    regex_detector_test.go:84: Expected label DrivingLicenceNumber, got  ([]), file DrivingLicenceNumber.csv:1436 data 49743560
    regex_detector_test.go:84: Expected label DrivingLicenceNumber, got  ([]), file DrivingLicenceNumber.csv:1437 data 60027369
    regex_detector_test.go:84: Expected label DrivingLicenceNumber, got  ([]), file DrivingLicenceNumber.csv:1438 data 21595815
    regex_detector_test.go:84: Expected label DrivingLicenceNumber, got  ([]), file DrivingLicenceNumber.csv:1439 data 63780077
    regex_detector_test.go:84: Expected label DrivingLicenceNumber, got  ([]), file DrivingLicenceNumber.csv:1440 data 82312368
    regex_detector_test.go:84: Expected label DrivingLicenceNumber, got  ([]), file DrivingLicenceNumber.csv:1441 data 26979610
    regex_detector_test.go:84: Expected label DrivingLicenceNumber, got  ([]), file DrivingLicenceNumber.csv:1442 data 43956228
    regex_detector_test.go:84: Expected label DrivingLicenceNumber, got  ([]), file DrivingLicenceNumber.csv:1443 data 99210657
    regex_detector_test.go:84: Expected label DrivingLicenceNumber, got  ([]), file DrivingLicenceNumber.csv:1444 data 22609042
    regex_detector_test.go:84: Expected label DrivingLicenceNumber, got  ([]), file DrivingLicenceNumber.csv:1445 data 64771701
    regex_detector_test.go:84: Expected label DrivingLicenceNumber, got  ([]), file DrivingLicenceNumber.csv:1446 data 22868848
    regex_detector_test.go:84: Expected label DrivingLicenceNumber, got  ([]), file DrivingLicenceNumber.csv:1447 data 69921100
    regex_detector_test.go:84: Expected label DrivingLicenceNumber, got  ([]), file DrivingLicenceNumber.csv:1448 data 50987909
    regex_detector_test.go:84: Expected label DrivingLicenceNumber, got  ([]), file DrivingLicenceNumber.csv:1449 data 19238225
    regex_detector_test.go:84: Expected label DrivingLicenceNumber, got  ([]), file DrivingLicenceNumber.csv:1450 data 34672152
    regex_detector_test.go:84: Expected label DrivingLicenceNumber, got  ([]), file DrivingLicenceNumber.csv:1451 data 12474724
    regex_detector_test.go:84: Expected label DrivingLicenceNumber, got  ([]), file DrivingLicenceNumber.csv:1452 data 18433607
    regex_detector_test.go:84: Expected label DrivingLicenceNumber, got  ([]), file DrivingLicenceNumber.csv:1453 data 76473746
    regex_detector_test.go:84: Expected label DrivingLicenceNumber, got  ([]), file DrivingLicenceNumber.csv:1454 data 62951206
    regex_detector_test.go:84: Expected label DrivingLicenceNumber, got  ([]), file DrivingLicenceNumber.csv:1455 data 62547553
    regex_detector_test.go:84: Expected label DrivingLicenceNumber, got  ([]), file DrivingLicenceNumber.csv:1456 data 75131363
    regex_detector_test.go:84: Expected label DrivingLicenceNumber, got  ([]), file DrivingLicenceNumber.csv:1457 data 43851047
    regex_detector_test.go:84: Expected label DrivingLicenceNumber, got  ([]), file DrivingLicenceNumber.csv:1458 data T0819-03448-88323
    regex_detector_test.go:84: Expected label DrivingLicenceNumber, got  ([]), file DrivingLicenceNumber.csv:1459 data I2811-44696-42241
    regex_detector_test.go:84: Expected label DrivingLicenceNumber, got  ([]), file DrivingLicenceNumber.csv:1460 data J1674-58554-92420
    regex_detector_test.go:84: Expected label DrivingLicenceNumber, got  ([]), file DrivingLicenceNumber.csv:1461 data B7102-21937-33857
    regex_detector_test.go:84: Expected label DrivingLicenceNumber, got  ([]), file DrivingLicenceNumber.csv:1462 data Y6960-01012-30511
    regex_detector_test.go:84: Expected label DrivingLicenceNumber, got  ([]), file DrivingLicenceNumber.csv:1463 data I2436-09513-59353
    regex_detector_test.go:84: Expected label DrivingLicenceNumber, got  ([]), file DrivingLicenceNumber.csv:1464 data A5820-71458-21330
    regex_detector_test.go:84: Expected label DrivingLicenceNumber, got  ([]), file DrivingLicenceNumber.csv:1465 data S9970-03066-08119
    regex_detector_test.go:84: Expected label DrivingLicenceNumber, got  ([]), file DrivingLicenceNumber.csv:1466 data U1618-80018-28632
    regex_detector_test.go:84: Expected label DrivingLicenceNumber, got  ([]), file DrivingLicenceNumber.csv:1467 data A5608-03566-78379
    regex_detector_test.go:84: Expected label DrivingLicenceNumber, got  ([]), file DrivingLicenceNumber.csv:1468 data M7373-84007-11599
    regex_detector_test.go:84: Expected label DrivingLicenceNumber, got  ([]), file DrivingLicenceNumber.csv:1469 data P7019-64546-11166
    regex_detector_test.go:84: Expected label DrivingLicenceNumber, got  ([]), file DrivingLicenceNumber.csv:1470 data T9742-27016-95626
    regex_detector_test.go:84: Expected label DrivingLicenceNumber, got  ([]), file DrivingLicenceNumber.csv:1471 data O6058-08317-02749
    regex_detector_test.go:84: Expected label DrivingLicenceNumber, got  ([]), file DrivingLicenceNumber.csv:1472 data M4579-60261-57193
    regex_detector_test.go:84: Expected label DrivingLicenceNumber, got  ([]), file DrivingLicenceNumber.csv:1473 data Y9610-01255-92504
    regex_detector_test.go:84: Expected label DrivingLicenceNumber, got  ([]), file DrivingLicenceNumber.csv:1474 data P9769-36936-83466
    regex_detector_test.go:84: Expected label DrivingLicenceNumber, got  ([]), file DrivingLicenceNumber.csv:1475 data G0921-17670-75414
    regex_detector_test.go:84: Expected label DrivingLicenceNumber, got  ([]), file DrivingLicenceNumber.csv:1476 data R1756-51585-15051
    regex_detector_test.go:84: Expected label DrivingLicenceNumber, got  ([]), file DrivingLicenceNumber.csv:1477 data R3933-65729-03608
    regex_detector_test.go:84: Expected label DrivingLicenceNumber, got  ([]), file DrivingLicenceNumber.csv:1478 data W5623-89655-50250
    regex_detector_test.go:84: Expected label DrivingLicenceNumber, got  ([]), file DrivingLicenceNumber.csv:1479 data S3518-40905-10249
    regex_detector_test.go:84: Expected label DrivingLicenceNumber, got  ([]), file DrivingLicenceNumber.csv:1480 data L2896-07672-44625
    regex_detector_test.go:84: Expected label DrivingLicenceNumber, got  ([]), file DrivingLicenceNumber.csv:1481 data U1685-99178-41444
    regex_detector_test.go:84: Expected label DrivingLicenceNumber, got  ([]), file DrivingLicenceNumber.csv:1482 data Z1392-43988-20204
    regex_detector_test.go:84: Expected label DrivingLicenceNumber, got  ([]), file DrivingLicenceNumber.csv:1483 data A6921-40265-60207
    regex_detector_test.go:84: Expected label DrivingLicenceNumber, got  ([]), file DrivingLicenceNumber.csv:1484 data N9178-07561-74333
    regex_detector_test.go:84: Expected label DrivingLicenceNumber, got  ([]), file DrivingLicenceNumber.csv:1485 data R4141-04331-65800
    regex_detector_test.go:84: Expected label DrivingLicenceNumber, got  ([]), file DrivingLicenceNumber.csv:1486 data U1928-05347-70576
    regex_detector_test.go:84: Expected label DrivingLicenceNumber, got  ([]), file DrivingLicenceNumber.csv:1487 data O7773-91429-31801
    regex_detector_test.go:84: Expected label DrivingLicenceNumber, got  ([]), file DrivingLicenceNumber.csv:1488 data V2566-15964-81991
    regex_detector_test.go:84: Expected label DrivingLicenceNumber, got  ([]), file DrivingLicenceNumber.csv:1489 data T0408-54399-05173
    regex_detector_test.go:84: Expected label DrivingLicenceNumber, got  ([]), file DrivingLicenceNumber.csv:1490 data K2083-45013-73433
    regex_detector_test.go:84: Expected label DrivingLicenceNumber, got  ([]), file DrivingLicenceNumber.csv:1491 data S6163-37778-01054
    regex_detector_test.go:84: Expected label DrivingLicenceNumber, got  ([]), file DrivingLicenceNumber.csv:1492 data M0354-51473-57141
    regex_detector_test.go:84: Expected label DrivingLicenceNumber, got  ([]), file DrivingLicenceNumber.csv:1493 data K5748-45616-94056
    regex_detector_test.go:84: Expected label DrivingLicenceNumber, got  ([]), file DrivingLicenceNumber.csv:1494 data I4551-81534-80065
    regex_detector_test.go:84: Expected label DrivingLicenceNumber, got  ([]), file DrivingLicenceNumber.csv:1495 data H6272-63075-60271
    regex_detector_test.go:84: Expected label DrivingLicenceNumber, got  ([]), file DrivingLicenceNumber.csv:1496 data W4967-49301-83905
    regex_detector_test.go:84: Expected label DrivingLicenceNumber, got  ([]), file DrivingLicenceNumber.csv:1497 data W9769-95381-24025
    regex_detector_test.go:84: Expected label DrivingLicenceNumber, got  ([]), file DrivingLicenceNumber.csv:1498 data F1531-00043-53810
    regex_detector_test.go:84: Expected label DrivingLicenceNumber, got  ([]), file DrivingLicenceNumber.csv:1499 data F8894-39884-26030
    regex_detector_test.go:84: Expected label DrivingLicenceNumber, got  ([]), file DrivingLicenceNumber.csv:1500 data X7844-63624-87297
    regex_detector_test.go:84: Expected label DrivingLicenceNumber, got  ([]), file DrivingLicenceNumber.csv:1501 data Z1148-54121-69158
    regex_detector_test.go:84: Expected label DrivingLicenceNumber, got  ([]), file DrivingLicenceNumber.csv:1502 data K5362-63198-67073
    regex_detector_test.go:84: Expected label DrivingLicenceNumber, got  ([]), file DrivingLicenceNumber.csv:1503 data T8796-94611-90021
    regex_detector_test.go:84: Expected label DrivingLicenceNumber, got  ([]), file DrivingLicenceNumber.csv:1504 data V1804-90890-63901
    regex_detector_test.go:84: Expected label DrivingLicenceNumber, got  ([]), file DrivingLicenceNumber.csv:1505 data O0795-96582-36046
    regex_detector_test.go:84: Expected label DrivingLicenceNumber, got  ([]), file DrivingLicenceNumber.csv:1506 data M9491-75792-17614
    regex_detector_test.go:84: Expected label DrivingLicenceNumber, got  ([]), file DrivingLicenceNumber.csv:1507 data N5562-84426-69552
    regex_detector_test.go:84: Expected label DrivingLicenceNumber, got  ([]), file DrivingLicenceNumber.csv:1508 data D0601-13431-02577
    regex_detector_test.go:84: Expected label DrivingLicenceNumber, got  ([]), file DrivingLicenceNumber.csv:1509 data V2361-55969-63848
    regex_detector_test.go:84: Expected label DrivingLicenceNumber, got  ([]), file DrivingLicenceNumber.csv:1510 data B9382-37049-22779
    regex_detector_test.go:84: Expected label DrivingLicenceNumber, got  ([]), file DrivingLicenceNumber.csv:1511 data R6010-10546-49370
    regex_detector_test.go:84: Expected label DrivingLicenceNumber, got  ([]), file DrivingLicenceNumber.csv:1512 data A1120-22344-43219
    regex_detector_test.go:84: Expected label DrivingLicenceNumber, got  ([]), file DrivingLicenceNumber.csv:1513 data P6166-11598-88990
    regex_detector_test.go:84: Expected label DrivingLicenceNumber, got  ([]), file DrivingLicenceNumber.csv:1514 data C9020-03019-45137
    regex_detector_test.go:84: Expected label DrivingLicenceNumber, got  ([]), file DrivingLicenceNumber.csv:1515 data R1897-30517-67865
    regex_detector_test.go:84: Expected label DrivingLicenceNumber, got  ([]), file DrivingLicenceNumber.csv:1516 data M4035-92373-59521
    regex_detector_test.go:84: Expected label DrivingLicenceNumber, got  ([]), file DrivingLicenceNumber.csv:1517 data O6364-71509-27893
    regex_detector_test.go:84: Expected label DrivingLicenceNumber, got  ([]), file DrivingLicenceNumber.csv:1518 data C3118-59414-71355
    regex_detector_test.go:84: Expected label DrivingLicenceNumber, got  ([]), file DrivingLicenceNumber.csv:1519 data V7117-08818-15940
    regex_detector_test.go:84: Expected label DrivingLicenceNumber, got  ([]), file DrivingLicenceNumber.csv:1520 data V0536-30117-88951
    regex_detector_test.go:84: Expected label DrivingLicenceNumber, got  ([]), file DrivingLicenceNumber.csv:1521 data P9309-08654-51673
    regex_detector_test.go:84: Expected label DrivingLicenceNumber, got  ([]), file DrivingLicenceNumber.csv:1522 data H4164-21078-04168
    regex_detector_test.go:84: Expected label DrivingLicenceNumber, got  ([]), file DrivingLicenceNumber.csv:1523 data K4254-37587-95080
    regex_detector_test.go:84: Expected label DrivingLicenceNumber, got  ([]), file DrivingLicenceNumber.csv:1524 data B7128-75705-47596
    regex_detector_test.go:84: Expected label DrivingLicenceNumber, got  ([]), file DrivingLicenceNumber.csv:1525 data B6571-84436-73140
    regex_detector_test.go:84: Expected label DrivingLicenceNumber, got  ([]), file DrivingLicenceNumber.csv:1526 data O6464-06017-42906
    regex_detector_test.go:84: Expected label DrivingLicenceNumber, got  ([]), file DrivingLicenceNumber.csv:1527 data R7948-06835-99878
    regex_detector_test.go:84: Expected label DrivingLicenceNumber, got  ([]), file DrivingLicenceNumber.csv:1528 data U0065-51965-60760
    regex_detector_test.go:84: Expected label DrivingLicenceNumber, got  ([]), file DrivingLicenceNumber.csv:1529 data T4052-91865-20055
    regex_detector_test.go:84: Expected label DrivingLicenceNumber, got  ([]), file DrivingLicenceNumber.csv:1530 data J0515-24158-98061
    regex_detector_test.go:84: Expected label DrivingLicenceNumber, got  ([]), file DrivingLicenceNumber.csv:1531 data T2400-96263-38461
    regex_detector_test.go:84: Expected label DrivingLicenceNumber, got  ([]), file DrivingLicenceNumber.csv:1532 data F0643-22380-65437
    regex_detector_test.go:84: Expected label DrivingLicenceNumber, got  ([]), file DrivingLicenceNumber.csv:1533 data H0296-61669-72782
    regex_detector_test.go:84: Expected label DrivingLicenceNumber, got  ([]), file DrivingLicenceNumber.csv:1534 data E8852-57278-51549
    regex_detector_test.go:84: Expected label DrivingLicenceNumber, got  ([]), file DrivingLicenceNumber.csv:1535 data Z2761-32632-07049
    regex_detector_test.go:84: Expected label DrivingLicenceNumber, got  ([]), file DrivingLicenceNumber.csv:1536 data T9685-33500-48773
    regex_detector_test.go:84: Expected label DrivingLicenceNumber, got  ([]), file DrivingLicenceNumber.csv:1537 data H1176-40971-25842
    regex_detector_test.go:84: Expected label DrivingLicenceNumber, got  ([]), file DrivingLicenceNumber.csv:1538 data X1928-07528-20909
    regex_detector_test.go:84: Expected label DrivingLicenceNumber, got  ([]), file DrivingLicenceNumber.csv:1539 data Y2759-56240-39263
    regex_detector_test.go:84: Expected label DrivingLicenceNumber, got  ([]), file DrivingLicenceNumber.csv:1540 data U2708-11427-28040
    regex_detector_test.go:84: Expected label DrivingLicenceNumber, got  ([]), file DrivingLicenceNumber.csv:1541 data M7975-71443-40111
    regex_detector_test.go:84: Expected label DrivingLicenceNumber, got  ([]), file DrivingLicenceNumber.csv:1542 data X5200-95732-50812
    regex_detector_test.go:84: Expected label DrivingLicenceNumber, got  ([]), file DrivingLicenceNumber.csv:1543 data G0873-51422-59000
    regex_detector_test.go:84: Expected label DrivingLicenceNumber, got  ([]), file DrivingLicenceNumber.csv:1544 data V1811-93034-43030
    regex_detector_test.go:84: Expected label DrivingLicenceNumber, got  ([]), file DrivingLicenceNumber.csv:1545 data Y7718-14972-74186
    regex_detector_test.go:84: Expected label DrivingLicenceNumber, got  ([]), file DrivingLicenceNumber.csv:1546 data U5990-78451-29328
    regex_detector_test.go:84: Expected label DrivingLicenceNumber, got  ([]), file DrivingLicenceNumber.csv:1547 data X8179-08673-60938
    regex_detector_test.go:84: Expected label DrivingLicenceNumber, got  ([]), file DrivingLicenceNumber.csv:1548 data W9060-38736-20261
    regex_detector_test.go:84: Expected label DrivingLicenceNumber, got  ([]), file DrivingLicenceNumber.csv:1549 data A3778-24753-57093
    regex_detector_test.go:84: Expected label DrivingLicenceNumber, got  ([]), file DrivingLicenceNumber.csv:1550 data J3705-90421-26693
    regex_detector_test.go:84: Expected label DrivingLicenceNumber, got  ([]), file DrivingLicenceNumber.csv:1551 data H1328-23147-85244
    regex_detector_test.go:84: Expected label DrivingLicenceNumber, got  ([]), file DrivingLicenceNumber.csv:1552 data S5517-71901-72676
    regex_detector_test.go:84: Expected label DrivingLicenceNumber, got  ([]), file DrivingLicenceNumber.csv:1553 data V2011-29881-47136
    regex_detector_test.go:84: Expected label DrivingLicenceNumber, got  ([]), file DrivingLicenceNumber.csv:1554 data C6210-67607-98782
    regex_detector_test.go:84: Expected label DrivingLicenceNumber, got  ([]), file DrivingLicenceNumber.csv:1555 data Z0593-04280-57280
    regex_detector_test.go:84: Expected label DrivingLicenceNumber, got  ([]), file DrivingLicenceNumber.csv:1556 data R8876-29576-08552
    regex_detector_test.go:84: Expected label DrivingLicenceNumber, got  ([]), file DrivingLicenceNumber.csv:1557 data L6693-91198-34921
    regex_detector_test.go:84: Expected label DrivingLicenceNumber, got  ([]), file DrivingLicenceNumber.csv:1558 data S6785-66200-78310
    regex_detector_test.go:84: Expected label DrivingLicenceNumber, got  ([]), file DrivingLicenceNumber.csv:1559 data V9513-33772-47675
    regex_detector_test.go:84: Expected label DrivingLicenceNumber, got  ([]), file DrivingLicenceNumber.csv:1560 data Y3941-66775-91431
    regex_detector_test.go:84: Expected label DrivingLicenceNumber, got  ([]), file DrivingLicenceNumber.csv:1561 data R1081-20895-46374
    regex_detector_test.go:84: Expected label DrivingLicenceNumber, got  ([]), file DrivingLicenceNumber.csv:1562 data Q8071-76790-65728
    regex_detector_test.go:84: Expected label DrivingLicenceNumber, got  ([]), file DrivingLicenceNumber.csv:1563 data O0200-64904-94463
    regex_detector_test.go:84: Expected label DrivingLicenceNumber, got  ([]), file DrivingLicenceNumber.csv:1564 data H0536-35765-40441
    regex_detector_test.go:84: Expected label DrivingLicenceNumber, got  ([]), file DrivingLicenceNumber.csv:1565 data W2124-53459-03635
    regex_detector_test.go:84: Expected label DrivingLicenceNumber, got  ([]), file DrivingLicenceNumber.csv:1566 data N4015-48168-64537
    regex_detector_test.go:84: Expected label DrivingLicenceNumber, got  ([]), file DrivingLicenceNumber.csv:1567 data K5314-13699-46826
    regex_detector_test.go:84: Expected label DrivingLicenceNumber, got  ([]), file DrivingLicenceNumber.csv:1568 data O9948-17000-55159
    regex_detector_test.go:84: Expected label DrivingLicenceNumber, got  ([]), file DrivingLicenceNumber.csv:1569 data D3826-90564-70104
    regex_detector_test.go:84: Expected label DrivingLicenceNumber, got  ([]), file DrivingLicenceNumber.csv:1570 data F0465-63269-06047
    regex_detector_test.go:84: Expected label DrivingLicenceNumber, got  ([]), file DrivingLicenceNumber.csv:1571 data I5757-82864-45398
    regex_detector_test.go:84: Expected label DrivingLicenceNumber, got  ([]), file DrivingLicenceNumber.csv:1572 data R4390-40592-86401
    regex_detector_test.go:84: Expected label DrivingLicenceNumber, got  ([]), file DrivingLicenceNumber.csv:1573 data M5570-29187-01519
    regex_detector_test.go:84: Expected label DrivingLicenceNumber, got  ([]), file DrivingLicenceNumber.csv:1574 data B2538-53594-80939
    regex_detector_test.go:84: Expected label DrivingLicenceNumber, got  ([]), file DrivingLicenceNumber.csv:1575 data M1519-93289-83521
    regex_detector_test.go:84: Expected label DrivingLicenceNumber, got  ([]), file DrivingLicenceNumber.csv:1576 data V8908-62612-12462
    regex_detector_test.go:84: Expected label DrivingLicenceNumber, got  ([]), file DrivingLicenceNumber.csv:1577 data X9362-30009-37440
    regex_detector_test.go:84: Expected label DrivingLicenceNumber, got  ([]), file DrivingLicenceNumber.csv:1578 data I9225-65015-54300
    regex_detector_test.go:84: Expected label DrivingLicenceNumber, got  ([]), file DrivingLicenceNumber.csv:1579 data F0065-67934-52775
    regex_detector_test.go:84: Expected label DrivingLicenceNumber, got  ([]), file DrivingLicenceNumber.csv:1580 data Z2410-12481-72821
    regex_detector_test.go:84: Expected label DrivingLicenceNumber, got  ([]), file DrivingLicenceNumber.csv:1581 data J9741-16791-15342
    regex_detector_test.go:84: Expected label DrivingLicenceNumber, got  ([]), file DrivingLicenceNumber.csv:1582 data E4391-29882-86490
    regex_detector_test.go:84: Expected label DrivingLicenceNumber, got  ([]), file DrivingLicenceNumber.csv:1583 data J5613-22797-72500
    regex_detector_test.go:84: Expected label DrivingLicenceNumber, got  ([]), file DrivingLicenceNumber.csv:1584 data Y0010-18199-92368
    regex_detector_test.go:84: Expected label DrivingLicenceNumber, got  ([]), file DrivingLicenceNumber.csv:1585 data L7584-48884-81414
    regex_detector_test.go:84: Expected label DrivingLicenceNumber, got  ([]), file DrivingLicenceNumber.csv:1586 data X0612-78748-63886
    regex_detector_test.go:84: Expected label DrivingLicenceNumber, got  ([]), file DrivingLicenceNumber.csv:1587 data D2985-33540-04672
    regex_detector_test.go:84: Expected label DrivingLicenceNumber, got  ([]), file DrivingLicenceNumber.csv:1588 data B5384-22692-78858
    regex_detector_test.go:84: Expected label DrivingLicenceNumber, got  ([]), file DrivingLicenceNumber.csv:1589 data O9420-67453-51381
    regex_detector_test.go:84: Expected label DrivingLicenceNumber, got  ([]), file DrivingLicenceNumber.csv:1590 data N7176-97351-15302
    regex_detector_test.go:84: Expected label DrivingLicenceNumber, got  ([]), file DrivingLicenceNumber.csv:1591 data Z9300-90323-39605
    regex_detector_test.go:84: Expected label DrivingLicenceNumber, got  ([]), file DrivingLicenceNumber.csv:1592 data V9601-62470-73745
    regex_detector_test.go:84: Expected label DrivingLicenceNumber, got  ([]), file DrivingLicenceNumber.csv:1593 data K7423-51621-85567
    regex_detector_test.go:84: Expected label DrivingLicenceNumber, got  ([]), file DrivingLicenceNumber.csv:1594 data B1711-45271-11679
    regex_detector_test.go:84: Expected label DrivingLicenceNumber, got  ([]), file DrivingLicenceNumber.csv:1595 data I7905-32297-72097
    regex_detector_test.go:84: Expected label DrivingLicenceNumber, got  ([]), file DrivingLicenceNumber.csv:1596 data R5031-55172-89698
    regex_detector_test.go:84: Expected label DrivingLicenceNumber, got  ([]), file DrivingLicenceNumber.csv:1597 data Y4088-82820-60914
    regex_detector_test.go:84: Expected label DrivingLicenceNumber, got  ([]), file DrivingLicenceNumber.csv:1598 data X9605-39234-52150
    regex_detector_test.go:84: Expected label DrivingLicenceNumber, got  ([]), file DrivingLicenceNumber.csv:1599 data L2877-53180-59130
    regex_detector_test.go:84: Expected label DrivingLicenceNumber, got  ([]), file DrivingLicenceNumber.csv:1600 data H5861-25602-33054
    regex_detector_test.go:84: Expected label DrivingLicenceNumber, got  ([]), file DrivingLicenceNumber.csv:1601 data B6928-54749-17362
    regex_detector_test.go:84: Expected label DrivingLicenceNumber, got  ([]), file DrivingLicenceNumber.csv:1602 data F1870-43414-91070
    regex_detector_test.go:84: Expected label DrivingLicenceNumber, got  ([]), file DrivingLicenceNumber.csv:1603 data O9771-55519-55670
    regex_detector_test.go:84: Expected label DrivingLicenceNumber, got  ([]), file DrivingLicenceNumber.csv:1604 data N4413-88150-40611
    regex_detector_test.go:84: Expected label DrivingLicenceNumber, got  ([]), file DrivingLicenceNumber.csv:1605 data I9784-21041-56762
    regex_detector_test.go:84: Expected label DrivingLicenceNumber, got  ([]), file DrivingLicenceNumber.csv:1606 data B7026-85212-82908
    regex_detector_test.go:84: Expected label DrivingLicenceNumber, got  ([]), file DrivingLicenceNumber.csv:1607 data S3519-79211-56635
    regex_detector_test.go:84: Expected label DrivingLicenceNumber, got  ([]), file DrivingLicenceNumber.csv:1608 data E4135-74090-23605
    regex_detector_test.go:84: Expected label DrivingLicenceNumber, got  ([]), file DrivingLicenceNumber.csv:1609 data O2944-27098-22773
    regex_detector_test.go:84: Expected label DrivingLicenceNumber, got  ([]), file DrivingLicenceNumber.csv:1610 data L2902-29517-26957
    regex_detector_test.go:84: Expected label DrivingLicenceNumber, got  ([]), file DrivingLicenceNumber.csv:1611 data Z7289-17092-27801
    regex_detector_test.go:84: Expected label DrivingLicenceNumber, got  ([]), file DrivingLicenceNumber.csv:1612 data I1098-59145-54102
    regex_detector_test.go:84: Expected label DrivingLicenceNumber, got  ([]), file DrivingLicenceNumber.csv:1613 data M6477-34255-36191
    regex_detector_test.go:84: Expected label DrivingLicenceNumber, got  ([]), file DrivingLicenceNumber.csv:1614 data C7902-45634-83204
    regex_detector_test.go:84: Expected label DrivingLicenceNumber, got  ([]), file DrivingLicenceNumber.csv:1615 data B2011-30711-18005
    regex_detector_test.go:84: Expected label DrivingLicenceNumber, got  ([]), file DrivingLicenceNumber.csv:1616 data Q1418-31157-20969
    regex_detector_test.go:84: Expected label DrivingLicenceNumber, got  ([]), file DrivingLicenceNumber.csv:1617 data A9267-57079-07270
    regex_detector_test.go:84: Expected label DrivingLicenceNumber, got  ([]), file DrivingLicenceNumber.csv:1618 data A1986-05667-77898
    regex_detector_test.go:84: Expected label DrivingLicenceNumber, got  ([]), file DrivingLicenceNumber.csv:1619 data Q0604-12500-44215
    regex_detector_test.go:84: Expected label DrivingLicenceNumber, got  ([]), file DrivingLicenceNumber.csv:1620 data Q4760-96590-55242
    regex_detector_test.go:84: Expected label DrivingLicenceNumber, got  ([]), file DrivingLicenceNumber.csv:1621 data D6928-29767-12404
    regex_detector_test.go:84: Expected label DrivingLicenceNumber, got  ([]), file DrivingLicenceNumber.csv:1622 data M3763-76166-36871
    regex_detector_test.go:84: Expected label DrivingLicenceNumber, got  ([]), file DrivingLicenceNumber.csv:1623 data N2325-51005-19484
    regex_detector_test.go:84: Expected label DrivingLicenceNumber, got  ([]), file DrivingLicenceNumber.csv:1624 data M6291-13031-44641
    regex_detector_test.go:84: Expected label DrivingLicenceNumber, got  ([]), file DrivingLicenceNumber.csv:1625 data U1297-42548-08141
    regex_detector_test.go:84: Expected label DrivingLicenceNumber, got  ([]), file DrivingLicenceNumber.csv:1626 data J7040-47745-81239
    regex_detector_test.go:84: Expected label DrivingLicenceNumber, got  ([]), file DrivingLicenceNumber.csv:1627 data A4569-54923-35219
    regex_detector_test.go:84: Expected label DrivingLicenceNumber, got  ([]), file DrivingLicenceNumber.csv:1628 data M9308-32001-36894
    regex_detector_test.go:84: Expected label DrivingLicenceNumber, got  ([]), file DrivingLicenceNumber.csv:1629 data S4895-14300-67151
    regex_detector_test.go:84: Expected label DrivingLicenceNumber, got  ([]), file DrivingLicenceNumber.csv:1630 data U2099-39190-40447
    regex_detector_test.go:84: Expected label DrivingLicenceNumber, got  ([]), file DrivingLicenceNumber.csv:1631 data M9141-90447-66833
    regex_detector_test.go:84: Expected label DrivingLicenceNumber, got  ([]), file DrivingLicenceNumber.csv:1632 data T3867-52995-13302
    regex_detector_test.go:84: Expected label DrivingLicenceNumber, got  ([]), file DrivingLicenceNumber.csv:1633 data H6421-20226-19220
    regex_detector_test.go:84: Expected label DrivingLicenceNumber, got  ([]), file DrivingLicenceNumber.csv:1634 data I5208-35135-03600
    regex_detector_test.go:84: Expected label DrivingLicenceNumber, got  ([]), file DrivingLicenceNumber.csv:1635 data R8151-03363-92067
    regex_detector_test.go:84: Expected label DrivingLicenceNumber, got  ([]), file DrivingLicenceNumber.csv:1636 data N4989-40030-04442
    regex_detector_test.go:84: Expected label DrivingLicenceNumber, got  ([]), file DrivingLicenceNumber.csv:1637 data C2013-55974-74134
    regex_detector_test.go:84: Expected label DrivingLicenceNumber, got  ([]), file DrivingLicenceNumber.csv:1638 data Y4254-35645-16814
    regex_detector_test.go:84: Expected label DrivingLicenceNumber, got  ([]), file DrivingLicenceNumber.csv:1639 data M9757-35676-98384
    regex_detector_test.go:84: Expected label DrivingLicenceNumber, got  ([]), file DrivingLicenceNumber.csv:1640 data E0312-37529-16106
    regex_detector_test.go:84: Expected label DrivingLicenceNumber, got  ([]), file DrivingLicenceNumber.csv:1641 data X5508-12243-34125
    regex_detector_test.go:84: Expected label DrivingLicenceNumber, got  ([]), file DrivingLicenceNumber.csv:1642 data S9218-27486-23000
    regex_detector_test.go:84: Expected label DrivingLicenceNumber, got  ([]), file DrivingLicenceNumber.csv:1643 data I8128-45499-26491
    regex_detector_test.go:84: Expected label DrivingLicenceNumber, got  ([]), file DrivingLicenceNumber.csv:1644 data X7483-60005-06972
    regex_detector_test.go:84: Expected label DrivingLicenceNumber, got  ([]), file DrivingLicenceNumber.csv:1645 data Q1302-67299-71158
    regex_detector_test.go:84: Expected label DrivingLicenceNumber, got  ([]), file DrivingLicenceNumber.csv:1646 data B8334-96775-70430
    regex_detector_test.go:84: Expected label DrivingLicenceNumber, got  ([]), file DrivingLicenceNumber.csv:1647 data E3034-01320-62092
    regex_detector_test.go:84: Expected label DrivingLicenceNumber, got  ([]), file DrivingLicenceNumber.csv:1648 data X2534-16453-13132
    regex_detector_test.go:84: Expected label DrivingLicenceNumber, got  ([]), file DrivingLicenceNumber.csv:1649 data P0802-43793-45762
    regex_detector_test.go:84: Expected label DrivingLicenceNumber, got  ([]), file DrivingLicenceNumber.csv:1650 data O9160-48298-35238
    regex_detector_test.go:84: Expected label DrivingLicenceNumber, got  ([]), file DrivingLicenceNumber.csv:1651 data O1676-58857-48095
    regex_detector_test.go:84: Expected label DrivingLicenceNumber, got  ([]), file DrivingLicenceNumber.csv:1652 data H1091-78868-11424
    regex_detector_test.go:84: Expected label DrivingLicenceNumber, got  ([]), file DrivingLicenceNumber.csv:1653 data N4338-91385-31838
    regex_detector_test.go:84: Expected label DrivingLicenceNumber, got  ([]), file DrivingLicenceNumber.csv:1654 data Q6747-73615-21045
    regex_detector_test.go:84: Expected label DrivingLicenceNumber, got  ([]), file DrivingLicenceNumber.csv:1655 data F9683-67167-73777
    regex_detector_test.go:84: Expected label DrivingLicenceNumber, got  ([]), file DrivingLicenceNumber.csv:1656 data O3085-25780-03418
    regex_detector_test.go:84: Expected label DrivingLicenceNumber, got  ([]), file DrivingLicenceNumber.csv:1657 data D6236-05194-77208
    regex_detector_test.go:84: Expected label DrivingLicenceNumber, got  ([]), file DrivingLicenceNumber.csv:1658 data G2541-95760-27309
    regex_detector_test.go:84: Expected label DrivingLicenceNumber, got  ([]), file DrivingLicenceNumber.csv:1659 data W5521-70096-16032
    regex_detector_test.go:84: Expected label DrivingLicenceNumber, got  ([]), file DrivingLicenceNumber.csv:1660 data K1599-70699-72260
    regex_detector_test.go:84: Expected label DrivingLicenceNumber, got  ([]), file DrivingLicenceNumber.csv:1661 data M6443-53454-47062
    regex_detector_test.go:84: Expected label DrivingLicenceNumber, got  ([]), file DrivingLicenceNumber.csv:1662 data R8822-96362-83267
    regex_detector_test.go:84: Expected label DrivingLicenceNumber, got  ([]), file DrivingLicenceNumber.csv:1663 data V1730-83320-00495
    regex_detector_test.go:84: Expected label DrivingLicenceNumber, got  ([]), file DrivingLicenceNumber.csv:1664 data P7618-03547-41248
    regex_detector_test.go:84: Expected label DrivingLicenceNumber, got  ([]), file DrivingLicenceNumber.csv:1665 data J0086-07427-72170
    regex_detector_test.go:84: Expected label DrivingLicenceNumber, got  ([]), file DrivingLicenceNumber.csv:1666 data T3706-19990-48227
    regex_detector_test.go:84: Expected label DrivingLicenceNumber, got  ([]), file DrivingLicenceNumber.csv:1667 data S1389-23010-21737
    regex_detector_test.go:84: Expected label DrivingLicenceNumber, got  ([]), file DrivingLicenceNumber.csv:1668 data Y4182-45615-01318
    regex_detector_test.go:84: Expected label DrivingLicenceNumber, got  ([]), file DrivingLicenceNumber.csv:1669 data M2500-11684-44748
    regex_detector_test.go:84: Expected label DrivingLicenceNumber, got  ([]), file DrivingLicenceNumber.csv:1670 data A4828-13809-97134
    regex_detector_test.go:84: Expected label DrivingLicenceNumber, got  ([]), file DrivingLicenceNumber.csv:1671 data C4957-70624-62786
    regex_detector_test.go:84: Expected label DrivingLicenceNumber, got  ([]), file DrivingLicenceNumber.csv:1672 data Q6599-40414-52836
    regex_detector_test.go:84: Expected label DrivingLicenceNumber, got  ([]), file DrivingLicenceNumber.csv:1673 data R4726-62419-99589
    regex_detector_test.go:84: Expected label DrivingLicenceNumber, got  ([]), file DrivingLicenceNumber.csv:1674 data L1768-78990-69111
    regex_detector_test.go:84: Expected label DrivingLicenceNumber, got  ([]), file DrivingLicenceNumber.csv:1675 data H7512-89101-38345
    regex_detector_test.go:84: Expected label DrivingLicenceNumber, got  ([]), file DrivingLicenceNumber.csv:1676 data S8209-97215-46316
    regex_detector_test.go:84: Expected label DrivingLicenceNumber, got  ([]), file DrivingLicenceNumber.csv:1677 data U2946-05171-30184
    regex_detector_test.go:84: Expected label DrivingLicenceNumber, got  ([]), file DrivingLicenceNumber.csv:1678 data N2423-95210-26795
    regex_detector_test.go:84: Expected label DrivingLicenceNumber, got  ([]), file DrivingLicenceNumber.csv:1679 data V5775-92151-40260
    regex_detector_test.go:84: Expected label DrivingLicenceNumber, got  ([]), file DrivingLicenceNumber.csv:1680 data E5148-61430-75599
    regex_detector_test.go:84: Expected label DrivingLicenceNumber, got  ([]), file DrivingLicenceNumber.csv:1681 data J7311-41043-04902
    regex_detector_test.go:84: Expected label DrivingLicenceNumber, got  ([]), file DrivingLicenceNumber.csv:1682 data C4750-09154-48262
    regex_detector_test.go:84: Expected label DrivingLicenceNumber, got  ([]), file DrivingLicenceNumber.csv:1683 data S2706-80219-08902
    regex_detector_test.go:84: Expected label DrivingLicenceNumber, got  ([]), file DrivingLicenceNumber.csv:1684 data C5194-80818-63991
    regex_detector_test.go:84: Expected label DrivingLicenceNumber, got  ([]), file DrivingLicenceNumber.csv:1685 data D0981-13628-70260
    regex_detector_test.go:84: Expected label DrivingLicenceNumber, got  ([]), file DrivingLicenceNumber.csv:1686 data C1749-59540-25116
    regex_detector_test.go:84: Expected label DrivingLicenceNumber, got  ([]), file DrivingLicenceNumber.csv:1687 data L0563-14351-20748
    regex_detector_test.go:84: Expected label DrivingLicenceNumber, got  ([]), file DrivingLicenceNumber.csv:1688 data Q7111-05200-44132
    regex_detector_test.go:84: Expected label DrivingLicenceNumber, got  ([]), file DrivingLicenceNumber.csv:1689 data L8487-40534-29907
    regex_detector_test.go:84: Expected label DrivingLicenceNumber, got  ([]), file DrivingLicenceNumber.csv:1690 data Q0954-46099-92040
    regex_detector_test.go:84: Expected label DrivingLicenceNumber, got  ([]), file DrivingLicenceNumber.csv:1691 data M7811-76781-26059
    regex_detector_test.go:84: Expected label DrivingLicenceNumber, got  ([]), file DrivingLicenceNumber.csv:1692 data S7132-99130-46612
    regex_detector_test.go:84: Expected label DrivingLicenceNumber, got  ([]), file DrivingLicenceNumber.csv:1693 data Q1033-93852-86470
    regex_detector_test.go:84: Expected label DrivingLicenceNumber, got  ([]), file DrivingLicenceNumber.csv:1694 data D7203-33451-61460
    regex_detector_test.go:84: Expected label DrivingLicenceNumber, got  ([]), file DrivingLicenceNumber.csv:1695 data I2442-83093-90701
    regex_detector_test.go:84: Expected label DrivingLicenceNumber, got  ([]), file DrivingLicenceNumber.csv:1696 data X4652-14938-42483
    regex_detector_test.go:84: Expected label DrivingLicenceNumber, got  ([]), file DrivingLicenceNumber.csv:1697 data D5581-11955-23701
    regex_detector_test.go:84: Expected label DrivingLicenceNumber, got  ([]), file DrivingLicenceNumber.csv:1698 data K0181-02050-33510
    regex_detector_test.go:84: Expected label DrivingLicenceNumber, got  ([]), file DrivingLicenceNumber.csv:1699 data B5051-34520-65774
    regex_detector_test.go:84: Expected label DrivingLicenceNumber, got  ([]), file DrivingLicenceNumber.csv:1700 data E0537-01604-39805
    regex_detector_test.go:84: Expected label DrivingLicenceNumber, got  ([]), file DrivingLicenceNumber.csv:1701 data Q1512-55233-91796
    regex_detector_test.go:84: Expected label DrivingLicenceNumber, got  ([]), file DrivingLicenceNumber.csv:1702 data D3576-94090-29191
    regex_detector_test.go:84: Expected label DrivingLicenceNumber, got  ([]), file DrivingLicenceNumber.csv:1703 data Q0736-69257-11791
    regex_detector_test.go:84: Expected label DrivingLicenceNumber, got  ([]), file DrivingLicenceNumber.csv:1704 data N8538-60807-57072
    regex_detector_test.go:84: Expected label DrivingLicenceNumber, got  ([]), file DrivingLicenceNumber.csv:1705 data Y4916-74271-70399
    regex_detector_test.go:84: Expected label DrivingLicenceNumber, got  ([]), file DrivingLicenceNumber.csv:1706 data P1516-15974-65799
    regex_detector_test.go:84: Expected label DrivingLicenceNumber, got  ([]), file DrivingLicenceNumber.csv:1707 data D6686-65173-87933
    regex_detector_test.go:84: Expected label DrivingLicenceNumber, got  ([]), file DrivingLicenceNumber.csv:1708 data H0149-13067-85922
    regex_detector_test.go:84: Expected label DrivingLicenceNumber, got  ([]), file DrivingLicenceNumber.csv:1709 data T7043-09366-90656
    regex_detector_test.go:84: Expected label DrivingLicenceNumber, got  ([]), file DrivingLicenceNumber.csv:1710 data I9623-79704-94038
    regex_detector_test.go:84: Expected label DrivingLicenceNumber, got  ([]), file DrivingLicenceNumber.csv:1711 data E9888-37414-76324
    regex_detector_test.go:84: Expected label DrivingLicenceNumber, got  ([]), file DrivingLicenceNumber.csv:1712 data Z0281-70898-58425
    regex_detector_test.go:84: Expected label DrivingLicenceNumber, got  ([]), file DrivingLicenceNumber.csv:1713 data W4420-54415-59740
    regex_detector_test.go:84: Expected label DrivingLicenceNumber, got  ([]), file DrivingLicenceNumber.csv:1714 data M6112-98612-43746
    regex_detector_test.go:84: Expected label DrivingLicenceNumber, got  ([]), file DrivingLicenceNumber.csv:1715 data F5903-78130-87166
    regex_detector_test.go:84: Expected label DrivingLicenceNumber, got  ([]), file DrivingLicenceNumber.csv:1716 data Y5348-27722-42470
    regex_detector_test.go:84: Expected label DrivingLicenceNumber, got  ([]), file DrivingLicenceNumber.csv:1717 data K1252-55442-04711
    regex_detector_test.go:84: Expected label DrivingLicenceNumber, got  ([]), file DrivingLicenceNumber.csv:1718 data L3779-47242-56565
    regex_detector_test.go:84: Expected label DrivingLicenceNumber, got  ([]), file DrivingLicenceNumber.csv:1719 data N0739-64770-18230
    regex_detector_test.go:84: Expected label DrivingLicenceNumber, got  ([]), file DrivingLicenceNumber.csv:1720 data L3218-06739-91372
    regex_detector_test.go:84: Expected label DrivingLicenceNumber, got  ([]), file DrivingLicenceNumber.csv:1721 data K4423-37006-49819
    regex_detector_test.go:84: Expected label DrivingLicenceNumber, got  ([]), file DrivingLicenceNumber.csv:1722 data O1814-08618-66321
    regex_detector_test.go:84: Expected label DrivingLicenceNumber, got  ([]), file DrivingLicenceNumber.csv:1723 data O7373-21284-91832
    regex_detector_test.go:84: Expected label DrivingLicenceNumber, got  ([]), file DrivingLicenceNumber.csv:1724 data C7277-68031-92703
    regex_detector_test.go:84: Expected label DrivingLicenceNumber, got  ([]), file DrivingLicenceNumber.csv:1725 data D0978-49070-04053
    regex_detector_test.go:84: Expected label DrivingLicenceNumber, got  ([]), file DrivingLicenceNumber.csv:1726 data Y6987-53343-75438
    regex_detector_test.go:84: Expected label DrivingLicenceNumber, got  ([]), file DrivingLicenceNumber.csv:1727 data X1135-98971-14745
    regex_detector_test.go:84: Expected label DrivingLicenceNumber, got  ([]), file DrivingLicenceNumber.csv:1728 data T9375-46537-17450
    regex_detector_test.go:84: Expected label DrivingLicenceNumber, got  ([]), file DrivingLicenceNumber.csv:1729 data S2303-15800-65024
    regex_detector_test.go:84: Expected label DrivingLicenceNumber, got  ([]), file DrivingLicenceNumber.csv:1730 data G1777-13257-13412
    regex_detector_test.go:84: Expected label DrivingLicenceNumber, got  ([]), file DrivingLicenceNumber.csv:1731 data F8579-25811-41611
    regex_detector_test.go:84: Expected label DrivingLicenceNumber, got  ([]), file DrivingLicenceNumber.csv:1732 data E5850-66042-78581
    regex_detector_test.go:84: Expected label DrivingLicenceNumber, got  ([]), file DrivingLicenceNumber.csv:1733 data H6551-54725-80179
    regex_detector_test.go:84: Expected label DrivingLicenceNumber, got  ([]), file DrivingLicenceNumber.csv:1734 data B9600-27508-62368
    regex_detector_test.go:84: Expected label DrivingLicenceNumber, got  ([]), file DrivingLicenceNumber.csv:1735 data T2381-24206-16372
    regex_detector_test.go:84: Expected label DrivingLicenceNumber, got  ([]), file DrivingLicenceNumber.csv:1736 data R5361-05518-70120
    regex_detector_test.go:84: Expected label DrivingLicenceNumber, got  ([]), file DrivingLicenceNumber.csv:1737 data S0785-04725-46789
    regex_detector_test.go:84: Expected label DrivingLicenceNumber, got  ([]), file DrivingLicenceNumber.csv:1738 data H2849-50513-01802
    regex_detector_test.go:84: Expected label DrivingLicenceNumber, got  ([]), file DrivingLicenceNumber.csv:1739 data B2557-93871-82301
    regex_detector_test.go:84: Expected label DrivingLicenceNumber, got  ([]), file DrivingLicenceNumber.csv:1740 data A2576-63636-92978
    regex_detector_test.go:84: Expected label DrivingLicenceNumber, got  ([]), file DrivingLicenceNumber.csv:1741 data B0594-41959-09527
    regex_detector_test.go:84: Expected label DrivingLicenceNumber, got  ([]), file DrivingLicenceNumber.csv:1742 data I5234-40921-11630
    regex_detector_test.go:84: Expected label DrivingLicenceNumber, got  ([]), file DrivingLicenceNumber.csv:1743 data U6866-68548-06146
    regex_detector_test.go:84: Expected label DrivingLicenceNumber, got  ([]), file DrivingLicenceNumber.csv:1744 data W8923-97531-15541
    regex_detector_test.go:84: Expected label DrivingLicenceNumber, got  ([]), file DrivingLicenceNumber.csv:1745 data N1320-60118-51848
    regex_detector_test.go:84: Expected label DrivingLicenceNumber, got  ([]), file DrivingLicenceNumber.csv:1746 data A7758-57415-33141
    regex_detector_test.go:84: Expected label DrivingLicenceNumber, got  ([]), file DrivingLicenceNumber.csv:1747 data Q2438-52409-95600
    regex_detector_test.go:84: Expected label DrivingLicenceNumber, got  ([]), file DrivingLicenceNumber.csv:1748 data K3340-82722-56082
    regex_detector_test.go:84: Expected label DrivingLicenceNumber, got  ([]), file DrivingLicenceNumber.csv:1749 data F4550-02049-86347
    regex_detector_test.go:84: Expected label DrivingLicenceNumber, got  ([]), file DrivingLicenceNumber.csv:1750 data G3215-10377-13191
    regex_detector_test.go:84: Expected label DrivingLicenceNumber, got  ([]), file DrivingLicenceNumber.csv:1751 data V1279-18269-38859
    regex_detector_test.go:84: Expected label DrivingLicenceNumber, got  ([]), file DrivingLicenceNumber.csv:1752 data G2055-67054-49939
    regex_detector_test.go:84: Expected label DrivingLicenceNumber, got  ([]), file DrivingLicenceNumber.csv:1753 data S4522-39575-79711
    regex_detector_test.go:84: Expected label DrivingLicenceNumber, got  ([]), file DrivingLicenceNumber.csv:1754 data C2036-85984-41477
    regex_detector_test.go:84: Expected label DrivingLicenceNumber, got  ([]), file DrivingLicenceNumber.csv:1755 data N7623-92608-34760
    regex_detector_test.go:84: Expected label DrivingLicenceNumber, got  ([]), file DrivingLicenceNumber.csv:1756 data I8528-97384-68006
    regex_detector_test.go:84: Expected label DrivingLicenceNumber, got  ([]), file DrivingLicenceNumber.csv:1757 data Z9971-20061-16368
    regex_detector_test.go:84: Expected label DrivingLicenceNumber, got  ([]), file DrivingLicenceNumber.csv:1758 data K0301-59861-55205
    regex_detector_test.go:84: Expected label DrivingLicenceNumber, got  ([]), file DrivingLicenceNumber.csv:1759 data K8014-37294-09031
    regex_detector_test.go:84: Expected label DrivingLicenceNumber, got  ([]), file DrivingLicenceNumber.csv:1760 data I8363-96769-05734
    regex_detector_test.go:84: Expected label DrivingLicenceNumber, got  ([]), file DrivingLicenceNumber.csv:1761 data R0850-03389-19318
    regex_detector_test.go:84: Expected label DrivingLicenceNumber, got  ([]), file DrivingLicenceNumber.csv:1762 data Y1042-15191-03311
    regex_detector_test.go:84: Expected label DrivingLicenceNumber, got  ([]), file DrivingLicenceNumber.csv:1763 data U4017-63884-53404
    regex_detector_test.go:84: Expected label DrivingLicenceNumber, got  ([]), file DrivingLicenceNumber.csv:1764 data C9146-34399-08547
    regex_detector_test.go:84: Expected label DrivingLicenceNumber, got  ([]), file DrivingLicenceNumber.csv:1765 data Q8303-08472-86388
    regex_detector_test.go:84: Expected label DrivingLicenceNumber, got  ([]), file DrivingLicenceNumber.csv:1766 data M7089-19881-65746
    regex_detector_test.go:84: Expected label DrivingLicenceNumber, got  ([]), file DrivingLicenceNumber.csv:1767 data A8405-49954-67064
    regex_detector_test.go:84: Expected label DrivingLicenceNumber, got  ([]), file DrivingLicenceNumber.csv:1768 data G5157-38484-63410
    regex_detector_test.go:84: Expected label DrivingLicenceNumber, got  ([]), file DrivingLicenceNumber.csv:1769 data T0582-28060-53519
    regex_detector_test.go:84: Expected label DrivingLicenceNumber, got  ([]), file DrivingLicenceNumber.csv:1770 data V6632-48029-91345
    regex_detector_test.go:84: Expected label DrivingLicenceNumber, got  ([]), file DrivingLicenceNumber.csv:1771 data F8933-23584-71507
    regex_detector_test.go:84: Expected label DrivingLicenceNumber, got  ([]), file DrivingLicenceNumber.csv:1772 data R5289-17694-51419
    regex_detector_test.go:84: Expected label DrivingLicenceNumber, got  ([]), file DrivingLicenceNumber.csv:1773 data H3159-63313-12214
    regex_detector_test.go:84: Expected label DrivingLicenceNumber, got  ([]), file DrivingLicenceNumber.csv:1774 data O3388-06963-68696
    regex_detector_test.go:84: Expected label DrivingLicenceNumber, got  ([]), file DrivingLicenceNumber.csv:1775 data P6661-69598-40403
    regex_detector_test.go:84: Expected label DrivingLicenceNumber, got  ([]), file DrivingLicenceNumber.csv:1776 data U3827-28673-20588
    regex_detector_test.go:84: Expected label DrivingLicenceNumber, got  ([]), file DrivingLicenceNumber.csv:1777 data O6626-46083-71966
    regex_detector_test.go:84: Expected label DrivingLicenceNumber, got  ([]), file DrivingLicenceNumber.csv:1778 data J1233-54403-05508
    regex_detector_test.go:84: Expected label DrivingLicenceNumber, got  ([]), file DrivingLicenceNumber.csv:1779 data I5648-33715-63510
    regex_detector_test.go:84: Expected label DrivingLicenceNumber, got  ([]), file DrivingLicenceNumber.csv:1780 data T3918-47369-43912
    regex_detector_test.go:84: Expected label DrivingLicenceNumber, got  ([]), file DrivingLicenceNumber.csv:1781 data Z2227-74573-86364
    regex_detector_test.go:84: Expected label DrivingLicenceNumber, got  ([]), file DrivingLicenceNumber.csv:1782 data J9258-98866-18598
    regex_detector_test.go:84: Expected label DrivingLicenceNumber, got  ([]), file DrivingLicenceNumber.csv:1783 data P2601-68604-96648
    regex_detector_test.go:84: Expected label DrivingLicenceNumber, got  ([]), file DrivingLicenceNumber.csv:1784 data Y9851-59583-77850
    regex_detector_test.go:84: Expected label DrivingLicenceNumber, got  ([]), file DrivingLicenceNumber.csv:1785 data A3656-75184-37753
    regex_detector_test.go:84: Expected label DrivingLicenceNumber, got  ([]), file DrivingLicenceNumber.csv:1786 data D3361-91851-11110
    regex_detector_test.go:84: Expected label DrivingLicenceNumber, got  ([]), file DrivingLicenceNumber.csv:1787 data G5618-87221-02682
    regex_detector_test.go:84: Expected label DrivingLicenceNumber, got  ([]), file DrivingLicenceNumber.csv:1788 data O6745-19054-66847
    regex_detector_test.go:84: Expected label DrivingLicenceNumber, got  ([]), file DrivingLicenceNumber.csv:1789 data O6409-45811-77010
    regex_detector_test.go:84: Expected label DrivingLicenceNumber, got  ([]), file DrivingLicenceNumber.csv:1790 data H2495-30109-83832
    regex_detector_test.go:84: Expected label DrivingLicenceNumber, got  ([]), file DrivingLicenceNumber.csv:1791 data N3140-20261-51029
    regex_detector_test.go:84: Expected label DrivingLicenceNumber, got  ([]), file DrivingLicenceNumber.csv:1792 data I3461-52390-24314
    regex_detector_test.go:84: Expected label DrivingLicenceNumber, got  ([]), file DrivingLicenceNumber.csv:1793 data L4709-45819-93634
    regex_detector_test.go:84: Expected label DrivingLicenceNumber, got  ([]), file DrivingLicenceNumber.csv:1794 data M0159-16885-51922
    regex_detector_test.go:84: Expected label DrivingLicenceNumber, got  ([]), file DrivingLicenceNumber.csv:1795 data T3652-10442-05104
    regex_detector_test.go:84: Expected label DrivingLicenceNumber, got  ([]), file DrivingLicenceNumber.csv:1796 data O3107-95920-79047
    regex_detector_test.go:84: Expected label DrivingLicenceNumber, got  ([]), file DrivingLicenceNumber.csv:1797 data Z6794-01871-59199
    regex_detector_test.go:84: Expected label DrivingLicenceNumber, got  ([]), file DrivingLicenceNumber.csv:1798 data X9199-01465-19410
    regex_detector_test.go:84: Expected label DrivingLicenceNumber, got  ([]), file DrivingLicenceNumber.csv:1799 data O8501-52531-93390
    regex_detector_test.go:84: Expected label DrivingLicenceNumber, got  ([]), file DrivingLicenceNumber.csv:1800 data J7810-96631-81585
    regex_detector_test.go:84: Expected label DrivingLicenceNumber, got  ([]), file DrivingLicenceNumber.csv:1801 data U0527-28391-18816
    regex_detector_test.go:84: Expected label DrivingLicenceNumber, got  ([]), file DrivingLicenceNumber.csv:1802 data M6686-00709-30815
    regex_detector_test.go:84: Expected label DrivingLicenceNumber, got  ([]), file DrivingLicenceNumber.csv:1803 data E5791-21401-31957
    regex_detector_test.go:84: Expected label DrivingLicenceNumber, got  ([]), file DrivingLicenceNumber.csv:1804 data Z6028-37521-66505
    regex_detector_test.go:84: Expected label DrivingLicenceNumber, got  ([]), file DrivingLicenceNumber.csv:1805 data Y0532-05259-67522
    regex_detector_test.go:84: Expected label DrivingLicenceNumber, got  ([]), file DrivingLicenceNumber.csv:1806 data T8611-56834-88118
    regex_detector_test.go:84: Expected label DrivingLicenceNumber, got  ([]), file DrivingLicenceNumber.csv:1807 data O2738-92081-40020
    regex_detector_test.go:84: Expected label DrivingLicenceNumber, got  ([]), file DrivingLicenceNumber.csv:1808 data W6043-17404-41593
    regex_detector_test.go:84: Expected label DrivingLicenceNumber, got  ([]), file DrivingLicenceNumber.csv:1809 data O7417-22922-46728
    regex_detector_test.go:84: Expected label DrivingLicenceNumber, got  ([]), file DrivingLicenceNumber.csv:1810 data K1788-09833-53605
    regex_detector_test.go:84: Expected label DrivingLicenceNumber, got  ([]), file DrivingLicenceNumber.csv:1811 data C5223-99662-04800
    regex_detector_test.go:84: Expected label DrivingLicenceNumber, got  ([]), file DrivingLicenceNumber.csv:1812 data H2672-56234-59830
    regex_detector_test.go:84: Expected label DrivingLicenceNumber, got  ([]), file DrivingLicenceNumber.csv:1813 data B2330-41281-99252
    regex_detector_test.go:84: Expected label DrivingLicenceNumber, got  ([]), file DrivingLicenceNumber.csv:1814 data M0142-74417-38506
    regex_detector_test.go:84: Expected label DrivingLicenceNumber, got  ([]), file DrivingLicenceNumber.csv:1815 data O5698-02271-65723
    regex_detector_test.go:84: Expected label DrivingLicenceNumber, got  ([]), file DrivingLicenceNumber.csv:1816 data I1609-86667-50710
    regex_detector_test.go:84: Expected label DrivingLicenceNumber, got  ([]), file DrivingLicenceNumber.csv:1817 data T0689-71506-09430
    regex_detector_test.go:84: Expected label DrivingLicenceNumber, got  ([]), file DrivingLicenceNumber.csv:1818 data X5935-19081-53530
    regex_detector_test.go:84: Expected label DrivingLicenceNumber, got  ([]), file DrivingLicenceNumber.csv:1819 data T5686-11842-39416
    regex_detector_test.go:84: Expected label DrivingLicenceNumber, got  ([]), file DrivingLicenceNumber.csv:1820 data P3101-89329-11937
    regex_detector_test.go:84: Expected label DrivingLicenceNumber, got  ([]), file DrivingLicenceNumber.csv:1821 data B0922-20712-43204
    regex_detector_test.go:84: Expected label DrivingLicenceNumber, got  ([]), file DrivingLicenceNumber.csv:1822 data N5072-12391-31125
    regex_detector_test.go:84: Expected label DrivingLicenceNumber, got  ([]), file DrivingLicenceNumber.csv:1823 data U0222-91504-81276
    regex_detector_test.go:84: Expected label DrivingLicenceNumber, got  ([]), file DrivingLicenceNumber.csv:1824 data S4154-38025-90577
    regex_detector_test.go:84: Expected label DrivingLicenceNumber, got  ([]), file DrivingLicenceNumber.csv:1825 data G2244-16068-33482
    regex_detector_test.go:84: Expected label DrivingLicenceNumber, got  ([]), file DrivingLicenceNumber.csv:1826 data T4475-13987-05103
    regex_detector_test.go:84: Expected label DrivingLicenceNumber, got  ([]), file DrivingLicenceNumber.csv:1827 data Y4249-61007-45437
    regex_detector_test.go:84: Expected label DrivingLicenceNumber, got  ([]), file DrivingLicenceNumber.csv:1828 data L2646-28405-89931
    regex_detector_test.go:84: Expected label DrivingLicenceNumber, got  ([]), file DrivingLicenceNumber.csv:1829 data M7051-41200-62929
    regex_detector_test.go:84: Expected label DrivingLicenceNumber, got  ([]), file DrivingLicenceNumber.csv:1830 data Y4727-88421-90330
    regex_detector_test.go:84: Expected label DrivingLicenceNumber, got  ([]), file DrivingLicenceNumber.csv:1831 data L0606-98544-36904
    regex_detector_test.go:84: Expected label DrivingLicenceNumber, got  ([]), file DrivingLicenceNumber.csv:1832 data M7908-66152-52647
    regex_detector_test.go:84: Expected label DrivingLicenceNumber, got  ([]), file DrivingLicenceNumber.csv:1833 data H6476-23495-06140
    regex_detector_test.go:84: Expected label DrivingLicenceNumber, got  ([]), file DrivingLicenceNumber.csv:1834 data O2516-06282-64276
    regex_detector_test.go:84: Expected label DrivingLicenceNumber, got  ([]), file DrivingLicenceNumber.csv:1835 data A8988-30510-24341
    regex_detector_test.go:84: Expected label DrivingLicenceNumber, got  ([]), file DrivingLicenceNumber.csv:1836 data V1529-11200-79111
    regex_detector_test.go:84: Expected label DrivingLicenceNumber, got  ([]), file DrivingLicenceNumber.csv:1837 data D9171-56827-37456
    regex_detector_test.go:84: Expected label DrivingLicenceNumber, got  ([]), file DrivingLicenceNumber.csv:1838 data R1104-17684-23454
    regex_detector_test.go:84: Expected label DrivingLicenceNumber, got  ([]), file DrivingLicenceNumber.csv:1839 data R0056-67988-33265
    regex_detector_test.go:84: Expected label DrivingLicenceNumber, got  ([]), file DrivingLicenceNumber.csv:1840 data N6339-06908-23714
    regex_detector_test.go:84: Expected label DrivingLicenceNumber, got  ([]), file DrivingLicenceNumber.csv:1841 data T7030-52164-60150
    regex_detector_test.go:84: Expected label DrivingLicenceNumber, got  ([]), file DrivingLicenceNumber.csv:1842 data B1673-79973-50763
    regex_detector_test.go:84: Expected label DrivingLicenceNumber, got  ([]), file DrivingLicenceNumber.csv:1843 data L6820-76643-69543
    regex_detector_test.go:84: Expected label DrivingLicenceNumber, got  ([]), file DrivingLicenceNumber.csv:1844 data V0132-21370-64401
    regex_detector_test.go:84: Expected label DrivingLicenceNumber, got  ([]), file DrivingLicenceNumber.csv:1845 data S1578-70894-37706
    regex_detector_test.go:84: Expected label DrivingLicenceNumber, got  ([]), file DrivingLicenceNumber.csv:1846 data W3135-89033-42649
    regex_detector_test.go:84: Expected label DrivingLicenceNumber, got  ([]), file DrivingLicenceNumber.csv:1847 data H0565-21448-79079
    regex_detector_test.go:84: Expected label DrivingLicenceNumber, got  ([]), file DrivingLicenceNumber.csv:1848 data W1014-50168-81389
    regex_detector_test.go:84: Expected label DrivingLicenceNumber, got  ([]), file DrivingLicenceNumber.csv:1849 data I4854-44272-05707
    regex_detector_test.go:84: Expected label DrivingLicenceNumber, got  ([]), file DrivingLicenceNumber.csv:1850 data K8455-02924-80666
    regex_detector_test.go:84: Expected label DrivingLicenceNumber, got  ([]), file DrivingLicenceNumber.csv:1851 data B3350-93609-47930
    regex_detector_test.go:84: Expected label DrivingLicenceNumber, got  ([]), file DrivingLicenceNumber.csv:1852 data G6598-62371-49125
    regex_detector_test.go:84: Expected label DrivingLicenceNumber, got  ([]), file DrivingLicenceNumber.csv:1853 data K0498-39668-16434
    regex_detector_test.go:84: Expected label DrivingLicenceNumber, got  ([]), file DrivingLicenceNumber.csv:1854 data S3939-92858-44025
    regex_detector_test.go:84: Expected label DrivingLicenceNumber, got  ([]), file DrivingLicenceNumber.csv:1855 data P9907-60877-16351
    regex_detector_test.go:84: Expected label DrivingLicenceNumber, got  ([]), file DrivingLicenceNumber.csv:1856 data B9667-60568-20312
    regex_detector_test.go:84: Expected label DrivingLicenceNumber, got  ([]), file DrivingLicenceNumber.csv:1857 data P3712-04337-28197
    regex_detector_test.go:84: Expected label DrivingLicenceNumber, got  ([]), file DrivingLicenceNumber.csv:1858 data E8145-24671-02572
    regex_detector_test.go:84: Expected label DrivingLicenceNumber, got  ([]), file DrivingLicenceNumber.csv:1859 data N9920-94777-95899
    regex_detector_test.go:84: Expected label DrivingLicenceNumber, got  ([]), file DrivingLicenceNumber.csv:1860 data A9518-18640-87060
    regex_detector_test.go:84: Expected label DrivingLicenceNumber, got  ([]), file DrivingLicenceNumber.csv:1861 data Y0075-06474-94006
    regex_detector_test.go:84: Expected label DrivingLicenceNumber, got  ([]), file DrivingLicenceNumber.csv:1862 data N9159-16767-12399
    regex_detector_test.go:84: Expected label DrivingLicenceNumber, got  ([]), file DrivingLicenceNumber.csv:1863 data S4907-91042-13405
    regex_detector_test.go:84: Expected label DrivingLicenceNumber, got  ([]), file DrivingLicenceNumber.csv:1864 data A2039-26018-19434
    regex_detector_test.go:84: Expected label DrivingLicenceNumber, got  ([]), file DrivingLicenceNumber.csv:1865 data X9612-22590-43178
    regex_detector_test.go:84: Expected label DrivingLicenceNumber, got  ([]), file DrivingLicenceNumber.csv:1866 data W2959-49249-57311
    regex_detector_test.go:84: Expected label DrivingLicenceNumber, got  ([]), file DrivingLicenceNumber.csv:1867 data R6527-14233-79314
    regex_detector_test.go:84: Expected label DrivingLicenceNumber, got  ([]), file DrivingLicenceNumber.csv:1868 data H1240-48373-13359
    regex_detector_test.go:84: Expected label DrivingLicenceNumber, got  ([]), file DrivingLicenceNumber.csv:1869 data Y5966-11767-92559
    regex_detector_test.go:84: Expected label DrivingLicenceNumber, got  ([]), file DrivingLicenceNumber.csv:1870 data V8920-06750-90599
    regex_detector_test.go:84: Expected label DrivingLicenceNumber, got  ([]), file DrivingLicenceNumber.csv:1871 data B7192-53519-00631
    regex_detector_test.go:84: Expected label DrivingLicenceNumber, got  ([]), file DrivingLicenceNumber.csv:1872 data Y6040-94545-43870
    regex_detector_test.go:84: Expected label DrivingLicenceNumber, got  ([]), file DrivingLicenceNumber.csv:1873 data D1416-36097-89557
    regex_detector_test.go:84: Expected label DrivingLicenceNumber, got  ([]), file DrivingLicenceNumber.csv:1874 data P5730-88417-93001
    regex_detector_test.go:84: Expected label DrivingLicenceNumber, got  ([]), file DrivingLicenceNumber.csv:1875 data J7741-57251-62724
    regex_detector_test.go:84: Expected label DrivingLicenceNumber, got  ([]), file DrivingLicenceNumber.csv:1876 data P7290-33721-94598
    regex_detector_test.go:84: Expected label DrivingLicenceNumber, got  ([]), file DrivingLicenceNumber.csv:1877 data J0733-68967-56928
    regex_detector_test.go:84: Expected label DrivingLicenceNumber, got  ([]), file DrivingLicenceNumber.csv:1878 data F3649-16369-61418
    regex_detector_test.go:84: Expected label DrivingLicenceNumber, got  ([]), file DrivingLicenceNumber.csv:1879 data J9861-56061-79032
    regex_detector_test.go:84: Expected label DrivingLicenceNumber, got  ([]), file DrivingLicenceNumber.csv:1880 data Z1434-15356-78551
    regex_detector_test.go:84: Expected label DrivingLicenceNumber, got  ([]), file DrivingLicenceNumber.csv:1881 data C2316-47070-26103
    regex_detector_test.go:84: Expected label DrivingLicenceNumber, got  ([]), file DrivingLicenceNumber.csv:1882 data I2128-93703-48042
    regex_detector_test.go:84: Expected label DrivingLicenceNumber, got  ([]), file DrivingLicenceNumber.csv:1883 data C8186-45542-15366
    regex_detector_test.go:84: Expected label DrivingLicenceNumber, got  ([]), file DrivingLicenceNumber.csv:1884 data R2867-37040-86877
    regex_detector_test.go:84: Expected label DrivingLicenceNumber, got  ([]), file DrivingLicenceNumber.csv:1885 data O8890-43607-28415
    regex_detector_test.go:84: Expected label DrivingLicenceNumber, got  ([]), file DrivingLicenceNumber.csv:1886 data O9404-32895-08111
    regex_detector_test.go:84: Expected label DrivingLicenceNumber, got  ([]), file DrivingLicenceNumber.csv:1887 data J5664-57595-80292
    regex_detector_test.go:84: Expected label DrivingLicenceNumber, got  ([]), file DrivingLicenceNumber.csv:1888 data X0979-63321-76839
    regex_detector_test.go:84: Expected label DrivingLicenceNumber, got  ([]), file DrivingLicenceNumber.csv:1889 data Y8687-51234-29678
    regex_detector_test.go:84: Expected label DrivingLicenceNumber, got  ([]), file DrivingLicenceNumber.csv:1890 data N7581-97771-75241
    regex_detector_test.go:84: Expected label DrivingLicenceNumber, got  ([]), file DrivingLicenceNumber.csv:1891 data V4751-75882-65545
    regex_detector_test.go:84: Expected label DrivingLicenceNumber, got  ([]), file DrivingLicenceNumber.csv:1892 data X6887-26639-08958
    regex_detector_test.go:84: Expected label DrivingLicenceNumber, got  ([]), file DrivingLicenceNumber.csv:1893 data D9594-95266-15218
    regex_detector_test.go:84: Expected label DrivingLicenceNumber, got  ([]), file DrivingLicenceNumber.csv:1894 data V0247-16077-91097
    regex_detector_test.go:84: Expected label DrivingLicenceNumber, got  ([]), file DrivingLicenceNumber.csv:1895 data M2060-92213-12432
    regex_detector_test.go:84: Expected label DrivingLicenceNumber, got  ([]), file DrivingLicenceNumber.csv:1896 data N0116-79131-93363
    regex_detector_test.go:84: Expected label DrivingLicenceNumber, got  ([]), file DrivingLicenceNumber.csv:1897 data U1035-93444-96978
    regex_detector_test.go:84: Expected label DrivingLicenceNumber, got  ([]), file DrivingLicenceNumber.csv:1898 data U5131-56262-01721
    regex_detector_test.go:84: Expected label DrivingLicenceNumber, got  ([]), file DrivingLicenceNumber.csv:1899 data N8814-96614-91755
    regex_detector_test.go:84: Expected label DrivingLicenceNumber, got  ([]), file DrivingLicenceNumber.csv:1900 data K9573-57669-70344
    regex_detector_test.go:84: Expected label DrivingLicenceNumber, got  ([]), file DrivingLicenceNumber.csv:1901 data Q1708-48649-76413
    regex_detector_test.go:84: Expected label DrivingLicenceNumber, got  ([]), file DrivingLicenceNumber.csv:1902 data U9844-39604-31598
    regex_detector_test.go:84: Expected label DrivingLicenceNumber, got  ([]), file DrivingLicenceNumber.csv:1903 data P3809-32180-77609
    regex_detector_test.go:84: Expected label DrivingLicenceNumber, got  ([]), file DrivingLicenceNumber.csv:1904 data R6997-26473-86421
    regex_detector_test.go:84: Expected label DrivingLicenceNumber, got  ([]), file DrivingLicenceNumber.csv:1905 data F9274-61855-95115
    regex_detector_test.go:84: Expected label DrivingLicenceNumber, got  ([]), file DrivingLicenceNumber.csv:1906 data N8892-89896-65344
    regex_detector_test.go:84: Expected label DrivingLicenceNumber, got  ([]), file DrivingLicenceNumber.csv:1907 data B2786-13013-82296
    regex_detector_test.go:84: Expected label DrivingLicenceNumber, got  ([]), file DrivingLicenceNumber.csv:1908 data S0504-07894-36102
    regex_detector_test.go:84: Expected label DrivingLicenceNumber, got  ([]), file DrivingLicenceNumber.csv:1909 data Y0540-80524-19385
    regex_detector_test.go:84: Expected label DrivingLicenceNumber, got  ([]), file DrivingLicenceNumber.csv:1910 data R7935-62195-10259
    regex_detector_test.go:84: Expected label DrivingLicenceNumber, got  ([]), file DrivingLicenceNumber.csv:1911 data Z7532-45792-77438
    regex_detector_test.go:84: Expected label DrivingLicenceNumber, got  ([]), file DrivingLicenceNumber.csv:1912 data L6115-17206-12521
    regex_detector_test.go:84: Expected label DrivingLicenceNumber, got  ([]), file DrivingLicenceNumber.csv:1913 data Z9053-27717-63406
    regex_detector_test.go:84: Expected label DrivingLicenceNumber, got  ([]), file DrivingLicenceNumber.csv:1914 data X7989-80436-79426
    regex_detector_test.go:84: Expected label DrivingLicenceNumber, got  ([]), file DrivingLicenceNumber.csv:1915 data M8775-62558-58782
    regex_detector_test.go:84: Expected label DrivingLicenceNumber, got  ([]), file DrivingLicenceNumber.csv:1916 data K6991-43980-10383
    regex_detector_test.go:84: Expected label DrivingLicenceNumber, got  ([]), file DrivingLicenceNumber.csv:1917 data Y5864-37284-12281
    regex_detector_test.go:84: Expected label DrivingLicenceNumber, got  ([]), file DrivingLicenceNumber.csv:1918 data W0083-72496-16617
    regex_detector_test.go:84: Expected label DrivingLicenceNumber, got  ([]), file DrivingLicenceNumber.csv:1919 data B0724-78090-13920
    regex_detector_test.go:84: Expected label DrivingLicenceNumber, got  ([]), file DrivingLicenceNumber.csv:1920 data Q4332-35331-71351
    regex_detector_test.go:84: Expected label DrivingLicenceNumber, got  ([]), file DrivingLicenceNumber.csv:1921 data L6593-22131-52583
    regex_detector_test.go:84: Expected label DrivingLicenceNumber, got  ([]), file DrivingLicenceNumber.csv:1922 data J6310-22173-93577
    regex_detector_test.go:84: Expected label DrivingLicenceNumber, got  ([]), file DrivingLicenceNumber.csv:1923 data Q8759-93020-81704
    regex_detector_test.go:84: Expected label DrivingLicenceNumber, got  ([]), file DrivingLicenceNumber.csv:1924 data G1843-85133-99364
    regex_detector_test.go:84: Expected label DrivingLicenceNumber, got  ([]), file DrivingLicenceNumber.csv:1925 data O4421-05496-29438
    regex_detector_test.go:84: Expected label DrivingLicenceNumber, got  ([]), file DrivingLicenceNumber.csv:1926 data X0499-69187-29653
    regex_detector_test.go:84: Expected label DrivingLicenceNumber, got  ([]), file DrivingLicenceNumber.csv:1927 data W8050-11453-18918
    regex_detector_test.go:84: Expected label DrivingLicenceNumber, got  ([]), file DrivingLicenceNumber.csv:1928 data W0278-31990-20740
    regex_detector_test.go:84: Expected label DrivingLicenceNumber, got  ([]), file DrivingLicenceNumber.csv:1929 data Q5889-21667-51368
    regex_detector_test.go:84: Expected label DrivingLicenceNumber, got  ([]), file DrivingLicenceNumber.csv:1930 data N6891-57833-65480
    regex_detector_test.go:84: Expected label DrivingLicenceNumber, got  ([]), file DrivingLicenceNumber.csv:1931 data G3073-77540-23423
    regex_detector_test.go:84: Expected label DrivingLicenceNumber, got  ([]), file DrivingLicenceNumber.csv:1932 data J3510-82196-48360
    regex_detector_test.go:84: Expected label DrivingLicenceNumber, got  ([]), file DrivingLicenceNumber.csv:1933 data W4997-61572-96911
    regex_detector_test.go:84: Expected label DrivingLicenceNumber, got  ([]), file DrivingLicenceNumber.csv:1934 data Q3513-16091-49989
    regex_detector_test.go:84: Expected label DrivingLicenceNumber, got  ([]), file DrivingLicenceNumber.csv:1935 data W7256-91072-87498
    regex_detector_test.go:84: Expected label DrivingLicenceNumber, got  ([]), file DrivingLicenceNumber.csv:1936 data J6118-33899-60702
    regex_detector_test.go:84: Expected label DrivingLicenceNumber, got  ([]), file DrivingLicenceNumber.csv:1937 data I9999-02041-55811
    regex_detector_test.go:84: Expected label DrivingLicenceNumber, got  ([]), file DrivingLicenceNumber.csv:1938 data E1868-80485-75268
    regex_detector_test.go:84: Expected label DrivingLicenceNumber, got  ([]), file DrivingLicenceNumber.csv:1939 data S5855-60233-82747
    regex_detector_test.go:84: Expected label DrivingLicenceNumber, got  ([]), file DrivingLicenceNumber.csv:1940 data B5718-97987-29579
    regex_detector_test.go:84: Expected label DrivingLicenceNumber, got  ([]), file DrivingLicenceNumber.csv:1941 data C4733-26578-05901
    regex_detector_test.go:84: Expected label DrivingLicenceNumber, got  ([]), file DrivingLicenceNumber.csv:1942 data H5204-22415-91612
    regex_detector_test.go:84: Expected label DrivingLicenceNumber, got  ([]), file DrivingLicenceNumber.csv:1943 data M0475-13959-84405
    regex_detector_test.go:84: Expected label DrivingLicenceNumber, got  ([]), file DrivingLicenceNumber.csv:1944 data P6701-74713-96843
    regex_detector_test.go:84: Expected label DrivingLicenceNumber, got  ([]), file DrivingLicenceNumber.csv:1945 data S9769-31293-23555
    regex_detector_test.go:84: Expected label DrivingLicenceNumber, got  ([]), file DrivingLicenceNumber.csv:1946 data Q4802-42001-91504
    regex_detector_test.go:84: Expected label DrivingLicenceNumber, got  ([]), file DrivingLicenceNumber.csv:1947 data G1224-78833-31012
    regex_detector_test.go:84: Expected label DrivingLicenceNumber, got  ([]), file DrivingLicenceNumber.csv:1948 data T5100-40252-54938
    regex_detector_test.go:84: Expected label DrivingLicenceNumber, got  ([]), file DrivingLicenceNumber.csv:1949 data P2793-51005-26906
    regex_detector_test.go:84: Expected label DrivingLicenceNumber, got  ([]), file DrivingLicenceNumber.csv:1950 data Z2778-31799-02348
    regex_detector_test.go:84: Expected label DrivingLicenceNumber, got  ([]), file DrivingLicenceNumber.csv:1951 data X2827-45031-68020
    regex_detector_test.go:84: Expected label DrivingLicenceNumber, got  ([]), file DrivingLicenceNumber.csv:1952 data Y8182-52065-90201
    regex_detector_test.go:84: Expected label DrivingLicenceNumber, got  ([]), file DrivingLicenceNumber.csv:1953 data X6798-54517-54543
    regex_detector_test.go:84: Expected label DrivingLicenceNumber, got  ([]), file DrivingLicenceNumber.csv:1954 data E5091-31488-96303
    regex_detector_test.go:84: Expected label DrivingLicenceNumber, got  ([]), file DrivingLicenceNumber.csv:1955 data Z5592-59148-47688
    regex_detector_test.go:84: Expected label DrivingLicenceNumber, got  ([]), file DrivingLicenceNumber.csv:1956 data K7720-75398-16741
    regex_detector_test.go:84: Expected label DrivingLicenceNumber, got  ([]), file DrivingLicenceNumber.csv:1957 data X5821-05282-42761
    regex_detector_test.go:84: Expected label DrivingLicenceNumber, got  ([]), file DrivingLicenceNumber.csv:1958 data G5800-07012-16511
    regex_detector_test.go:84: Expected label DrivingLicenceNumber, got  ([]), file DrivingLicenceNumber.csv:1959 data B6195-92643-99195
    regex_detector_test.go:84: Expected label DrivingLicenceNumber, got  ([]), file DrivingLicenceNumber.csv:1960 data M3026-22697-42620
    regex_detector_test.go:84: Expected label DrivingLicenceNumber, got  ([]), file DrivingLicenceNumber.csv:1961 data X9189-27758-54137
    regex_detector_test.go:84: Expected label DrivingLicenceNumber, got  ([]), file DrivingLicenceNumber.csv:1962 data R7015-06938-18235
    regex_detector_test.go:84: Expected label DrivingLicenceNumber, got  ([]), file DrivingLicenceNumber.csv:1963 data Y0626-85055-90798
    regex_detector_test.go:84: Expected label DrivingLicenceNumber, got  ([]), file DrivingLicenceNumber.csv:1964 data V0275-70672-27582
    regex_detector_test.go:84: Expected label DrivingLicenceNumber, got  ([]), file DrivingLicenceNumber.csv:1965 data R1013-37530-52125
    regex_detector_test.go:84: Expected label DrivingLicenceNumber, got  ([]), file DrivingLicenceNumber.csv:1966 data A4626-97306-88075
    regex_detector_test.go:84: Expected label DrivingLicenceNumber, got  ([]), file DrivingLicenceNumber.csv:1967 data M5645-59853-05668
    regex_detector_test.go:84: Expected label DrivingLicenceNumber, got  ([]), file DrivingLicenceNumber.csv:1968 data W9864-18404-22094
    regex_detector_test.go:84: Expected label DrivingLicenceNumber, got  ([]), file DrivingLicenceNumber.csv:1969 data Z6640-62452-52023
    regex_detector_test.go:84: Expected label DrivingLicenceNumber, got  ([]), file DrivingLicenceNumber.csv:1970 data V6551-14624-91109
    regex_detector_test.go:84: Expected label DrivingLicenceNumber, got  ([]), file DrivingLicenceNumber.csv:1971 data F5293-17777-56222
    regex_detector_test.go:84: Expected label DrivingLicenceNumber, got  ([]), file DrivingLicenceNumber.csv:1972 data S0643-67768-69528
    regex_detector_test.go:84: Expected label DrivingLicenceNumber, got  ([]), file DrivingLicenceNumber.csv:1973 data S1927-40416-30567
    regex_detector_test.go:84: Expected label DrivingLicenceNumber, got  ([]), file DrivingLicenceNumber.csv:1974 data K3944-70159-28114
    regex_detector_test.go:84: Expected label DrivingLicenceNumber, got  ([]), file DrivingLicenceNumber.csv:1975 data A1549-78595-39585
    regex_detector_test.go:84: Expected label DrivingLicenceNumber, got  ([]), file DrivingLicenceNumber.csv:1976 data A8985-25338-58159
    regex_detector_test.go:84: Expected label DrivingLicenceNumber, got  ([]), file DrivingLicenceNumber.csv:1977 data P0491-32676-41757
    regex_detector_test.go:84: Expected label DrivingLicenceNumber, got  ([]), file DrivingLicenceNumber.csv:1978 data R8428-31504-13965
    regex_detector_test.go:84: Expected label DrivingLicenceNumber, got  ([]), file DrivingLicenceNumber.csv:1979 data O6011-68017-27773
    regex_detector_test.go:84: Expected label DrivingLicenceNumber, got  ([]), file DrivingLicenceNumber.csv:1980 data G9897-58212-24662
    regex_detector_test.go:84: Expected label DrivingLicenceNumber, got  ([]), file DrivingLicenceNumber.csv:1981 data M7716-65601-27979
    regex_detector_test.go:84: Expected label DrivingLicenceNumber, got  ([]), file DrivingLicenceNumber.csv:1982 data H1745-14080-21607
    regex_detector_test.go:84: Expected label DrivingLicenceNumber, got  ([]), file DrivingLicenceNumber.csv:1983 data R4358-57949-40932
    regex_detector_test.go:84: Expected label DrivingLicenceNumber, got  ([]), file DrivingLicenceNumber.csv:1984 data K5300-35105-10316
    regex_detector_test.go:84: Expected label DrivingLicenceNumber, got  ([]), file DrivingLicenceNumber.csv:1985 data H3364-85740-45013
    regex_detector_test.go:84: Expected label DrivingLicenceNumber, got  ([]), file DrivingLicenceNumber.csv:1986 data S3806-37318-29793
    regex_detector_test.go:84: Expected label DrivingLicenceNumber, got  ([]), file DrivingLicenceNumber.csv:1987 data X3908-38306-50577
    regex_detector_test.go:84: Expected label DrivingLicenceNumber, got  ([]), file DrivingLicenceNumber.csv:1988 data P7285-95750-34533
    regex_detector_test.go:84: Expected label DrivingLicenceNumber, got  ([]), file DrivingLicenceNumber.csv:1989 data Q3649-22200-10217
    regex_detector_test.go:84: Expected label DrivingLicenceNumber, got  ([]), file DrivingLicenceNumber.csv:1990 data H1596-36127-42990
    regex_detector_test.go:84: Expected label DrivingLicenceNumber, got  ([]), file DrivingLicenceNumber.csv:1991 data Y9953-03537-69745
    regex_detector_test.go:84: Expected label DrivingLicenceNumber, got  ([]), file DrivingLicenceNumber.csv:1992 data M1173-29160-16174
    regex_detector_test.go:84: Expected label DrivingLicenceNumber, got  ([]), file DrivingLicenceNumber.csv:1993 data D4851-67218-10940
    regex_detector_test.go:84: Expected label DrivingLicenceNumber, got  ([]), file DrivingLicenceNumber.csv:1994 data R9569-50923-18339
    regex_detector_test.go:84: Expected label DrivingLicenceNumber, got  ([]), file DrivingLicenceNumber.csv:1995 data I0746-87018-97464
    regex_detector_test.go:84: Expected label DrivingLicenceNumber, got  ([]), file DrivingLicenceNumber.csv:1996 data Y0562-38154-48969
    regex_detector_test.go:84: Expected label DrivingLicenceNumber, got  ([]), file DrivingLicenceNumber.csv:1997 data Q3478-48496-42415
    regex_detector_test.go:84: Expected label DrivingLicenceNumber, got  ([]), file DrivingLicenceNumber.csv:1998 data K0879-56069-69252
    regex_detector_test.go:84: Expected label DrivingLicenceNumber, got  ([]), file DrivingLicenceNumber.csv:1999 data T6365-95011-55366
    regex_detector_test.go:84: Expected label DrivingLicenceNumber, got  ([]), file DrivingLicenceNumber.csv:2000 data F6196-97859-15596
    regex_detector_test.go:84: Expected label DrivingLicenceNumber, got  ([]), file DrivingLicenceNumber.csv:2001 data V1147-30911-85720
    regex_detector_test.go:84: Expected label DrivingLicenceNumber, got  ([]), file DrivingLicenceNumber.csv:2002 data R8989-78084-28795
    regex_detector_test.go:84: Expected label DrivingLicenceNumber, got  ([]), file DrivingLicenceNumber.csv:2003 data V0904-46018-76941
    regex_detector_test.go:84: Expected label DrivingLicenceNumber, got  ([]), file DrivingLicenceNumber.csv:2004 data S6589-39347-85828
    regex_detector_test.go:84: Expected label DrivingLicenceNumber, got  ([]), file DrivingLicenceNumber.csv:2005 data L6334-71792-37265
    regex_detector_test.go:84: Expected label DrivingLicenceNumber, got  ([]), file DrivingLicenceNumber.csv:2006 data K0775-87051-37550
    regex_detector_test.go:84: Expected label DrivingLicenceNumber, got  ([]), file DrivingLicenceNumber.csv:2007 data V2085-90929-88011
    regex_detector_test.go:84: Expected label DrivingLicenceNumber, got  ([]), file DrivingLicenceNumber.csv:2008 data I6947-46970-86178
    regex_detector_test.go:84: Expected label DrivingLicenceNumber, got  ([]), file DrivingLicenceNumber.csv:2009 data N2497-19433-21080
    regex_detector_test.go:84: Expected label DrivingLicenceNumber, got  ([]), file DrivingLicenceNumber.csv:2010 data P4423-67625-01460
    regex_detector_test.go:84: Expected label DrivingLicenceNumber, got  ([]), file DrivingLicenceNumber.csv:2011 data G7078-04351-24240
    regex_detector_test.go:84: Expected label DrivingLicenceNumber, got  ([]), file DrivingLicenceNumber.csv:2012 data Z1185-69155-28533
    regex_detector_test.go:84: Expected label DrivingLicenceNumber, got  ([]), file DrivingLicenceNumber.csv:2013 data H7182-59175-78941
    regex_detector_test.go:84: Expected label DrivingLicenceNumber, got  ([]), file DrivingLicenceNumber.csv:2014 data H0670-04593-74010
    regex_detector_test.go:84: Expected label DrivingLicenceNumber, got  ([]), file DrivingLicenceNumber.csv:2015 data I1040-08413-19084
    regex_detector_test.go:84: Expected label DrivingLicenceNumber, got  ([]), file DrivingLicenceNumber.csv:2016 data V0720-10964-74973
    regex_detector_test.go:84: Expected label DrivingLicenceNumber, got  ([]), file DrivingLicenceNumber.csv:2017 data L8018-64302-32559
    regex_detector_test.go:84: Expected label DrivingLicenceNumber, got  ([]), file DrivingLicenceNumber.csv:2018 data Z9103-65521-86466
    regex_detector_test.go:84: Expected label DrivingLicenceNumber, got  ([]), file DrivingLicenceNumber.csv:2019 data C6947-68490-62975
    regex_detector_test.go:84: Expected label DrivingLicenceNumber, got  ([]), file DrivingLicenceNumber.csv:2020 data E6545-98501-62668
    regex_detector_test.go:84: Expected label DrivingLicenceNumber, got  ([]), file DrivingLicenceNumber.csv:2021 data W9934-52096-80166
    regex_detector_test.go:84: Expected label DrivingLicenceNumber, got  ([]), file DrivingLicenceNumber.csv:2022 data Z0470-54720-69071
    regex_detector_test.go:84: Expected label DrivingLicenceNumber, got  ([]), file DrivingLicenceNumber.csv:2023 data J3834-05001-09933
    regex_detector_test.go:84: Expected label DrivingLicenceNumber, got  ([]), file DrivingLicenceNumber.csv:2024 data O9681-19346-76159
    regex_detector_test.go:84: Expected label DrivingLicenceNumber, got  ([]), file DrivingLicenceNumber.csv:2025 data A0096-75896-64893
    regex_detector_test.go:84: Expected label DrivingLicenceNumber, got  ([]), file DrivingLicenceNumber.csv:2026 data R5807-05883-73263
    regex_detector_test.go:84: Expected label DrivingLicenceNumber, got  ([]), file DrivingLicenceNumber.csv:2027 data H8763-07260-78895
    regex_detector_test.go:84: Expected label DrivingLicenceNumber, got  ([]), file DrivingLicenceNumber.csv:2028 data W1159-19737-93916
    regex_detector_test.go:84: Expected label DrivingLicenceNumber, got  ([]), file DrivingLicenceNumber.csv:2029 data O9296-62806-16133
    regex_detector_test.go:84: Expected label DrivingLicenceNumber, got  ([]), file DrivingLicenceNumber.csv:2030 data X0929-66180-17232
    regex_detector_test.go:84: Expected label DrivingLicenceNumber, got  ([]), file DrivingLicenceNumber.csv:2031 data I6111-94158-63816
    regex_detector_test.go:84: Expected label DrivingLicenceNumber, got  ([]), file DrivingLicenceNumber.csv:2032 data N8410-89607-98764
    regex_detector_test.go:84: Expected label DrivingLicenceNumber, got  ([]), file DrivingLicenceNumber.csv:2033 data E8123-05735-96021
    regex_detector_test.go:84: Expected label DrivingLicenceNumber, got  ([]), file DrivingLicenceNumber.csv:2034 data K3820-69937-28154
    regex_detector_test.go:84: Expected label DrivingLicenceNumber, got  ([]), file DrivingLicenceNumber.csv:2035 data H7702-69712-93067
    regex_detector_test.go:84: Expected label DrivingLicenceNumber, got  ([]), file DrivingLicenceNumber.csv:2036 data H3116-15388-42205
    regex_detector_test.go:84: Expected label DrivingLicenceNumber, got  ([]), file DrivingLicenceNumber.csv:2037 data F4712-24987-26221
    regex_detector_test.go:84: Expected label DrivingLicenceNumber, got  ([]), file DrivingLicenceNumber.csv:2038 data N8956-68870-07934
    regex_detector_test.go:84: Expected label DrivingLicenceNumber, got  ([]), file DrivingLicenceNumber.csv:2039 data E2228-25133-95553
    regex_detector_test.go:84: Expected label DrivingLicenceNumber, got  ([]), file DrivingLicenceNumber.csv:2040 data H4170-69070-97141
    regex_detector_test.go:84: Expected label DrivingLicenceNumber, got  ([]), file DrivingLicenceNumber.csv:2041 data G2966-63915-30116
    regex_detector_test.go:84: Expected label DrivingLicenceNumber, got  ([]), file DrivingLicenceNumber.csv:2042 data W7106-79517-16388
    regex_detector_test.go:84: Expected label DrivingLicenceNumber, got  ([]), file DrivingLicenceNumber.csv:2043 data M8737-39581-47002
    regex_detector_test.go:84: Expected label DrivingLicenceNumber, got  ([]), file DrivingLicenceNumber.csv:2044 data X9885-20971-63026
    regex_detector_test.go:84: Expected label DrivingLicenceNumber, got  ([]), file DrivingLicenceNumber.csv:2045 data Y4379-07169-19324
    regex_detector_test.go:84: Expected label DrivingLicenceNumber, got  ([]), file DrivingLicenceNumber.csv:2046 data S7936-45581-03295
    regex_detector_test.go:84: Expected label DrivingLicenceNumber, got  ([]), file DrivingLicenceNumber.csv:2047 data C0565-13840-24895
    regex_detector_test.go:84: Expected label DrivingLicenceNumber, got  ([]), file DrivingLicenceNumber.csv:2048 data C1962-45207-54081
    regex_detector_test.go:84: Expected label DrivingLicenceNumber, got  ([]), file DrivingLicenceNumber.csv:2049 data Q2559-70743-04338
    regex_detector_test.go:84: Expected label DrivingLicenceNumber, got  ([]), file DrivingLicenceNumber.csv:2050 data A7896-85213-50341
    regex_detector_test.go:84: Expected label DrivingLicenceNumber, got  ([]), file DrivingLicenceNumber.csv:2051 data K6095-86149-22113
    regex_detector_test.go:84: Expected label DrivingLicenceNumber, got  ([]), file DrivingLicenceNumber.csv:2052 data C7573-41653-96110
    regex_detector_test.go:84: Expected label DrivingLicenceNumber, got  ([]), file DrivingLicenceNumber.csv:2053 data D7979-18992-01722
    regex_detector_test.go:84: Expected label DrivingLicenceNumber, got  ([]), file DrivingLicenceNumber.csv:2054 data Z4271-58001-43561
    regex_detector_test.go:84: Expected label DrivingLicenceNumber, got  ([]), file DrivingLicenceNumber.csv:2055 data J7105-53555-47833
    regex_detector_test.go:84: Expected label DrivingLicenceNumber, got  ([]), file DrivingLicenceNumber.csv:2056 data K7379-67722-89324
    regex_detector_test.go:84: Expected label DrivingLicenceNumber, got  ([]), file DrivingLicenceNumber.csv:2057 data J1692-91520-03726
    regex_detector_test.go:84: Expected label DrivingLicenceNumber, got  ([]), file DrivingLicenceNumber.csv:2058 data I2061-78023-10096
    regex_detector_test.go:84: Expected label DrivingLicenceNumber, got  ([]), file DrivingLicenceNumber.csv:2059 data I4764-58923-42230
    regex_detector_test.go:84: Expected label DrivingLicenceNumber, got  ([]), file DrivingLicenceNumber.csv:2060 data W1189-09697-02605
    regex_detector_test.go:84: Expected label DrivingLicenceNumber, got  ([]), file DrivingLicenceNumber.csv:2061 data E6401-40558-07239
    regex_detector_test.go:84: Expected label DrivingLicenceNumber, got  ([]), file DrivingLicenceNumber.csv:2062 data R3324-56771-30053
    regex_detector_test.go:84: Expected label DrivingLicenceNumber, got  ([]), file DrivingLicenceNumber.csv:2063 data Q6565-03040-21996
    regex_detector_test.go:84: Expected label DrivingLicenceNumber, got  ([]), file DrivingLicenceNumber.csv:2064 data V7162-20608-70910
    regex_detector_test.go:84: Expected label DrivingLicenceNumber, got  ([]), file DrivingLicenceNumber.csv:2065 data A3423-80010-72917
    regex_detector_test.go:84: Expected label DrivingLicenceNumber, got  ([]), file DrivingLicenceNumber.csv:2066 data E4547-96310-95250
    regex_detector_test.go:84: Expected label DrivingLicenceNumber, got  ([]), file DrivingLicenceNumber.csv:2067 data Q9382-25305-65534
    regex_detector_test.go:84: Expected label DrivingLicenceNumber, got  ([]), file DrivingLicenceNumber.csv:2068 data O5738-86749-13196
    regex_detector_test.go:84: Expected label DrivingLicenceNumber, got  ([]), file DrivingLicenceNumber.csv:2069 data X1298-19664-69727
    regex_detector_test.go:84: Expected label DrivingLicenceNumber, got  ([]), file DrivingLicenceNumber.csv:2070 data S4478-53884-05300
    regex_detector_test.go:84: Expected label DrivingLicenceNumber, got  ([]), file DrivingLicenceNumber.csv:2071 data L4996-48415-46271
    regex_detector_test.go:84: Expected label DrivingLicenceNumber, got  ([]), file DrivingLicenceNumber.csv:2072 data S4099-82024-21073
    regex_detector_test.go:84: Expected label DrivingLicenceNumber, got  ([]), file DrivingLicenceNumber.csv:2073 data S8454-46835-89476
    regex_detector_test.go:84: Expected label DrivingLicenceNumber, got  ([]), file DrivingLicenceNumber.csv:2074 data J5307-72118-16321
    regex_detector_test.go:84: Expected label DrivingLicenceNumber, got  ([]), file DrivingLicenceNumber.csv:2075 data J5954-35502-46454
    regex_detector_test.go:84: Expected label DrivingLicenceNumber, got  ([]), file DrivingLicenceNumber.csv:2076 data W0932-09659-05295
    regex_detector_test.go:84: Expected label DrivingLicenceNumber, got  ([]), file DrivingLicenceNumber.csv:2077 data U5614-82209-61359
    regex_detector_test.go:84: Expected label DrivingLicenceNumber, got  ([]), file DrivingLicenceNumber.csv:2078 data O6561-65847-54409
    regex_detector_test.go:84: Expected label DrivingLicenceNumber, got  ([]), file DrivingLicenceNumber.csv:2079 data P5946-81403-60535
    regex_detector_test.go:84: Expected label DrivingLicenceNumber, got  ([]), file DrivingLicenceNumber.csv:2080 data W5085-20987-41819
    regex_detector_test.go:84: Expected label DrivingLicenceNumber, got  ([]), file DrivingLicenceNumber.csv:2081 data J2312-19062-25833
    regex_detector_test.go:84: Expected label DrivingLicenceNumber, got  ([]), file DrivingLicenceNumber.csv:2082 data O0859-97190-04681
    regex_detector_test.go:84: Expected label DrivingLicenceNumber, got  ([]), file DrivingLicenceNumber.csv:2083 data D3860-03041-18962
    regex_detector_test.go:84: Expected label DrivingLicenceNumber, got  ([]), file DrivingLicenceNumber.csv:2084 data X4082-80920-72290
    regex_detector_test.go:84: Expected label DrivingLicenceNumber, got  ([]), file DrivingLicenceNumber.csv:2085 data L2441-95792-55489
    regex_detector_test.go:84: Expected label DrivingLicenceNumber, got  ([]), file DrivingLicenceNumber.csv:2086 data V0733-68075-34016
    regex_detector_test.go:84: Expected label DrivingLicenceNumber, got  ([]), file DrivingLicenceNumber.csv:2087 data Y8435-52384-43933
    regex_detector_test.go:84: Expected label DrivingLicenceNumber, got  ([]), file DrivingLicenceNumber.csv:2088 data N4268-24295-60551
    regex_detector_test.go:84: Expected label DrivingLicenceNumber, got  ([]), file DrivingLicenceNumber.csv:2089 data E0419-52546-84634
    regex_detector_test.go:84: Expected label DrivingLicenceNumber, got  ([]), file DrivingLicenceNumber.csv:2090 data A2943-32082-87442
    regex_detector_test.go:84: Expected label DrivingLicenceNumber, got  ([]), file DrivingLicenceNumber.csv:2091 data A0873-55222-60396
    regex_detector_test.go:84: Expected label DrivingLicenceNumber, got  ([]), file DrivingLicenceNumber.csv:2092 data X9183-01074-06937
    regex_detector_test.go:84: Expected label DrivingLicenceNumber, got  ([]), file DrivingLicenceNumber.csv:2093 data F6380-20973-68497
    regex_detector_test.go:84: Expected label DrivingLicenceNumber, got  ([]), file DrivingLicenceNumber.csv:2094 data C0193-65968-42826
    regex_detector_test.go:84: Expected label DrivingLicenceNumber, got  ([]), file DrivingLicenceNumber.csv:2095 data E7853-93038-37738
    regex_detector_test.go:84: Expected label DrivingLicenceNumber, got  ([]), file DrivingLicenceNumber.csv:2096 data N3657-92120-71886
    regex_detector_test.go:84: Expected label DrivingLicenceNumber, got  ([]), file DrivingLicenceNumber.csv:2097 data T2159-43392-29973
    regex_detector_test.go:84: Expected label DrivingLicenceNumber, got  ([]), file DrivingLicenceNumber.csv:2098 data X3413-73456-61234
    regex_detector_test.go:84: Expected label DrivingLicenceNumber, got  ([]), file DrivingLicenceNumber.csv:2099 data B1566-43580-43633
    regex_detector_test.go:84: Expected label DrivingLicenceNumber, got  ([]), file DrivingLicenceNumber.csv:2100 data N1387-96582-51703
    regex_detector_test.go:84: Expected label DrivingLicenceNumber, got  ([]), file DrivingLicenceNumber.csv:2101 data F0281-09335-05185
    regex_detector_test.go:84: Expected label DrivingLicenceNumber, got  ([]), file DrivingLicenceNumber.csv:2102 data B0310-34956-91099
    regex_detector_test.go:84: Expected label DrivingLicenceNumber, got  ([]), file DrivingLicenceNumber.csv:2103 data Z9108-90590-42260
    regex_detector_test.go:84: Expected label DrivingLicenceNumber, got  ([]), file DrivingLicenceNumber.csv:2104 data V1503-70242-08135
    regex_detector_test.go:84: Expected label DrivingLicenceNumber, got  ([]), file DrivingLicenceNumber.csv:2105 data F5370-05988-31553
    regex_detector_test.go:84: Expected label DrivingLicenceNumber, got  ([]), file DrivingLicenceNumber.csv:2106 data P8887-89589-03986
    regex_detector_test.go:84: Expected label DrivingLicenceNumber, got  ([]), file DrivingLicenceNumber.csv:2107 data Z4333-35251-30005
    regex_detector_test.go:84: Expected label DrivingLicenceNumber, got  ([]), file DrivingLicenceNumber.csv:2108 data P6578-33629-00508
    regex_detector_test.go:84: Expected label DrivingLicenceNumber, got  ([]), file DrivingLicenceNumber.csv:2109 data P5687-43847-90280
    regex_detector_test.go:84: Expected label DrivingLicenceNumber, got  ([]), file DrivingLicenceNumber.csv:2110 data J7008-55769-44338
    regex_detector_test.go:84: Expected label DrivingLicenceNumber, got  ([]), file DrivingLicenceNumber.csv:2111 data M3102-47425-20159
    regex_detector_test.go:84: Expected label DrivingLicenceNumber, got  ([]), file DrivingLicenceNumber.csv:2112 data S4149-09149-55501
    regex_detector_test.go:84: Expected label DrivingLicenceNumber, got  ([]), file DrivingLicenceNumber.csv:2113 data K9760-83960-88951
    regex_detector_test.go:84: Expected label DrivingLicenceNumber, got  ([]), file DrivingLicenceNumber.csv:2114 data Y3232-83796-51961
    regex_detector_test.go:84: Expected label DrivingLicenceNumber, got  ([]), file DrivingLicenceNumber.csv:2115 data E0728-48246-64325
    regex_detector_test.go:84: Expected label DrivingLicenceNumber, got  ([]), file DrivingLicenceNumber.csv:2116 data C2148-90974-32102
    regex_detector_test.go:84: Expected label DrivingLicenceNumber, got  ([]), file DrivingLicenceNumber.csv:2117 data T9307-88182-14288
    regex_detector_test.go:84: Expected label DrivingLicenceNumber, got  ([]), file DrivingLicenceNumber.csv:2118 data Z4451-91260-11137
    regex_detector_test.go:84: Expected label DrivingLicenceNumber, got  ([]), file DrivingLicenceNumber.csv:2119 data V6942-95139-60806
    regex_detector_test.go:84: Expected label DrivingLicenceNumber, got  ([]), file DrivingLicenceNumber.csv:2120 data L3990-36215-96736
    regex_detector_test.go:84: Expected label DrivingLicenceNumber, got  ([]), file DrivingLicenceNumber.csv:2121 data N1381-35315-10872
    regex_detector_test.go:84: Expected label DrivingLicenceNumber, got  ([]), file DrivingLicenceNumber.csv:2122 data V3375-51282-33765
    regex_detector_test.go:84: Expected label DrivingLicenceNumber, got  ([]), file DrivingLicenceNumber.csv:2123 data R6210-44699-01383
    regex_detector_test.go:84: Expected label DrivingLicenceNumber, got  ([]), file DrivingLicenceNumber.csv:2124 data O0735-99662-82147
    regex_detector_test.go:84: Expected label DrivingLicenceNumber, got  ([]), file DrivingLicenceNumber.csv:2125 data H1960-80134-87495
    regex_detector_test.go:84: Expected label DrivingLicenceNumber, got  ([]), file DrivingLicenceNumber.csv:2126 data T3503-80111-54925
    regex_detector_test.go:84: Expected label DrivingLicenceNumber, got  ([]), file DrivingLicenceNumber.csv:2127 data Q8246-38088-06705
    regex_detector_test.go:84: Expected label DrivingLicenceNumber, got  ([]), file DrivingLicenceNumber.csv:2128 data F4187-46371-43654
    regex_detector_test.go:84: Expected label DrivingLicenceNumber, got  ([]), file DrivingLicenceNumber.csv:2129 data A7491-79186-43507
    regex_detector_test.go:84: Expected label DrivingLicenceNumber, got  ([]), file DrivingLicenceNumber.csv:2130 data V1283-05073-56604
    regex_detector_test.go:84: Expected label DrivingLicenceNumber, got  ([]), file DrivingLicenceNumber.csv:2131 data G3975-04840-99458
    regex_detector_test.go:84: Expected label DrivingLicenceNumber, got  ([]), file DrivingLicenceNumber.csv:2132 data N5659-89020-09855
    regex_detector_test.go:84: Expected label DrivingLicenceNumber, got  ([]), file DrivingLicenceNumber.csv:2133 data O7328-96375-65785
    regex_detector_test.go:84: Expected label DrivingLicenceNumber, got  ([]), file DrivingLicenceNumber.csv:2134 data M8760-08505-42338
    regex_detector_test.go:84: Expected label DrivingLicenceNumber, got  ([]), file DrivingLicenceNumber.csv:2135 data Y2202-12280-80612
    regex_detector_test.go:84: Expected label DrivingLicenceNumber, got  ([]), file DrivingLicenceNumber.csv:2136 data Z4928-31434-04649
    regex_detector_test.go:84: Expected label DrivingLicenceNumber, got  ([]), file DrivingLicenceNumber.csv:2137 data G6743-93918-01324
    regex_detector_test.go:84: Expected label DrivingLicenceNumber, got  ([]), file DrivingLicenceNumber.csv:2138 data M4590-26953-64992
    regex_detector_test.go:84: Expected label DrivingLicenceNumber, got  ([]), file DrivingLicenceNumber.csv:2139 data A1126-06736-32659
    regex_detector_test.go:84: Expected label DrivingLicenceNumber, got  ([]), file DrivingLicenceNumber.csv:2140 data M0890-17948-10786
    regex_detector_test.go:84: Expected label DrivingLicenceNumber, got  ([]), file DrivingLicenceNumber.csv:2141 data N0316-87721-84391
    regex_detector_test.go:84: Expected label DrivingLicenceNumber, got  ([]), file DrivingLicenceNumber.csv:2142 data Q9697-21058-28870
    regex_detector_test.go:84: Expected label DrivingLicenceNumber, got  ([]), file DrivingLicenceNumber.csv:2143 data A6421-80907-57882
    regex_detector_test.go:84: Expected label DrivingLicenceNumber, got  ([]), file DrivingLicenceNumber.csv:2144 data Z7213-73337-02262
    regex_detector_test.go:84: Expected label DrivingLicenceNumber, got  ([]), file DrivingLicenceNumber.csv:2145 data V4548-92581-86451
    regex_detector_test.go:84: Expected label DrivingLicenceNumber, got  ([]), file DrivingLicenceNumber.csv:2146 data E7235-53484-94513
    regex_detector_test.go:84: Expected label DrivingLicenceNumber, got  ([]), file DrivingLicenceNumber.csv:2147 data R6460-45906-07229
    regex_detector_test.go:84: Expected label DrivingLicenceNumber, got  ([]), file DrivingLicenceNumber.csv:2148 data Q8835-81884-96807
    regex_detector_test.go:84: Expected label DrivingLicenceNumber, got  ([]), file DrivingLicenceNumber.csv:2149 data Z1449-66764-15421
    regex_detector_test.go:84: Expected label DrivingLicenceNumber, got  ([]), file DrivingLicenceNumber.csv:2150 data T1846-73159-41886
    regex_detector_test.go:84: Expected label DrivingLicenceNumber, got  ([]), file DrivingLicenceNumber.csv:2151 data C2813-35033-51152
    regex_detector_test.go:84: Expected label DrivingLicenceNumber, got  ([]), file DrivingLicenceNumber.csv:2152 data Y2841-58026-10058
    regex_detector_test.go:84: Expected label DrivingLicenceNumber, got  ([]), file DrivingLicenceNumber.csv:2153 data I5302-02711-02271
    regex_detector_test.go:84: Expected label DrivingLicenceNumber, got  ([]), file DrivingLicenceNumber.csv:2154 data G5878-06085-21481
    regex_detector_test.go:84: Expected label DrivingLicenceNumber, got  ([]), file DrivingLicenceNumber.csv:2155 data I7901-16397-36635
    regex_detector_test.go:84: Expected label DrivingLicenceNumber, got  ([]), file DrivingLicenceNumber.csv:2156 data C4066-98620-02126
    regex_detector_test.go:84: Expected label DrivingLicenceNumber, got  ([]), file DrivingLicenceNumber.csv:2157 data L8107-18093-70076
    regex_detector_test.go:84: Expected label DrivingLicenceNumber, got  ([]), file DrivingLicenceNumber.csv:2158 data Q1144-91249-54124
    regex_detector_test.go:84: Expected label DrivingLicenceNumber, got  ([]), file DrivingLicenceNumber.csv:2159 data G2136-27368-93973
    regex_detector_test.go:84: Expected label DrivingLicenceNumber, got  ([]), file DrivingLicenceNumber.csv:2160 data V7601-31976-38801
    regex_detector_test.go:84: Expected label DrivingLicenceNumber, got  ([]), file DrivingLicenceNumber.csv:2161 data O2899-86464-29044
    regex_detector_test.go:84: Expected label DrivingLicenceNumber, got  ([]), file DrivingLicenceNumber.csv:2162 data J1518-28971-64767
    regex_detector_test.go:84: Expected label DrivingLicenceNumber, got  ([]), file DrivingLicenceNumber.csv:2163 data B7976-22781-43079
    regex_detector_test.go:84: Expected label DrivingLicenceNumber, got  ([]), file DrivingLicenceNumber.csv:2164 data K4885-40121-61937
    regex_detector_test.go:84: Expected label DrivingLicenceNumber, got  ([]), file DrivingLicenceNumber.csv:2165 data R3562-34678-91596
    regex_detector_test.go:84: Expected label DrivingLicenceNumber, got  ([]), file DrivingLicenceNumber.csv:2166 data L0361-66901-85010
    regex_detector_test.go:84: Expected label DrivingLicenceNumber, got  ([]), file DrivingLicenceNumber.csv:2167 data W3319-19844-05874
    regex_detector_test.go:84: Expected label DrivingLicenceNumber, got  ([]), file DrivingLicenceNumber.csv:2168 data V3797-79606-27858
    regex_detector_test.go:84: Expected label DrivingLicenceNumber, got  ([]), file DrivingLicenceNumber.csv:2169 data W1870-53676-27207
    regex_detector_test.go:84: Expected label DrivingLicenceNumber, got  ([]), file DrivingLicenceNumber.csv:2170 data U5139-87265-11973
    regex_detector_test.go:84: Expected label DrivingLicenceNumber, got  ([]), file DrivingLicenceNumber.csv:2171 data V4018-02759-66302
    regex_detector_test.go:84: Expected label DrivingLicenceNumber, got  ([]), file DrivingLicenceNumber.csv:2172 data H1935-40010-32750
    regex_detector_test.go:84: Expected label DrivingLicenceNumber, got  ([]), file DrivingLicenceNumber.csv:2173 data O5610-08601-51513
    regex_detector_test.go:84: Expected label DrivingLicenceNumber, got  ([]), file DrivingLicenceNumber.csv:2174 data W9607-86458-79341
    regex_detector_test.go:84: Expected label DrivingLicenceNumber, got  ([]), file DrivingLicenceNumber.csv:2175 data G3011-76214-98931
    regex_detector_test.go:84: Expected label DrivingLicenceNumber, got  ([]), file DrivingLicenceNumber.csv:2176 data B2051-54920-10976
    regex_detector_test.go:84: Expected label DrivingLicenceNumber, got  ([]), file DrivingLicenceNumber.csv:2177 data K1379-70366-51203
    regex_detector_test.go:84: Expected label DrivingLicenceNumber, got  ([]), file DrivingLicenceNumber.csv:2178 data W0470-01001-55804
    regex_detector_test.go:84: Expected label DrivingLicenceNumber, got  ([]), file DrivingLicenceNumber.csv:2179 data B1874-16527-95727
    regex_detector_test.go:84: Expected label DrivingLicenceNumber, got  ([]), file DrivingLicenceNumber.csv:2180 data T6131-43099-83083
    regex_detector_test.go:84: Expected label DrivingLicenceNumber, got  ([]), file DrivingLicenceNumber.csv:2181 data R8941-05245-40570
    regex_detector_test.go:84: Expected label DrivingLicenceNumber, got  ([]), file DrivingLicenceNumber.csv:2182 data V7071-67905-60807
    regex_detector_test.go:84: Expected label DrivingLicenceNumber, got  ([]), file DrivingLicenceNumber.csv:2183 data Q1627-68177-71507
    regex_detector_test.go:84: Expected label DrivingLicenceNumber, got  ([]), file DrivingLicenceNumber.csv:2184 data X6411-58448-04719
    regex_detector_test.go:84: Expected label DrivingLicenceNumber, got  ([]), file DrivingLicenceNumber.csv:2185 data Q7515-95464-45977
    regex_detector_test.go:84: Expected label DrivingLicenceNumber, got  ([]), file DrivingLicenceNumber.csv:2186 data X1180-50738-53076
    regex_detector_test.go:84: Expected label DrivingLicenceNumber, got  ([]), file DrivingLicenceNumber.csv:2187 data V1405-04307-59829
    regex_detector_test.go:84: Expected label DrivingLicenceNumber, got  ([]), file DrivingLicenceNumber.csv:2188 data N1901-84113-12143
    regex_detector_test.go:84: Expected label DrivingLicenceNumber, got  ([]), file DrivingLicenceNumber.csv:2189 data Z6344-59668-48460
    regex_detector_test.go:84: Expected label DrivingLicenceNumber, got  ([]), file DrivingLicenceNumber.csv:2190 data E5617-29243-86398
    regex_detector_test.go:84: Expected label DrivingLicenceNumber, got  ([]), file DrivingLicenceNumber.csv:2191 data E4956-74287-62887
    regex_detector_test.go:84: Expected label DrivingLicenceNumber, got  ([]), file DrivingLicenceNumber.csv:2192 data B8877-53398-89705
    regex_detector_test.go:84: Expected label DrivingLicenceNumber, got  ([]), file DrivingLicenceNumber.csv:2193 data P5009-18153-47819
    regex_detector_test.go:84: Expected label DrivingLicenceNumber, got  ([]), file DrivingLicenceNumber.csv:2194 data N1714-92079-25643
    regex_detector_test.go:84: Expected label DrivingLicenceNumber, got  ([]), file DrivingLicenceNumber.csv:2195 data W7390-96406-65731
    regex_detector_test.go:84: Expected label DrivingLicenceNumber, got  ([]), file DrivingLicenceNumber.csv:2196 data H3868-49025-92811
    regex_detector_test.go:84: Expected label DrivingLicenceNumber, got  ([]), file DrivingLicenceNumber.csv:2197 data Z0814-14567-49801
    regex_detector_test.go:84: Expected label DrivingLicenceNumber, got  ([]), file DrivingLicenceNumber.csv:2198 data A2718-96146-61195
    regex_detector_test.go:84: Expected label DrivingLicenceNumber, got  ([]), file DrivingLicenceNumber.csv:2199 data T8411-00586-48164
    regex_detector_test.go:84: Expected label DrivingLicenceNumber, got  ([]), file DrivingLicenceNumber.csv:2200 data I8404-94167-53796
    regex_detector_test.go:84: Expected label DrivingLicenceNumber, got  ([]), file DrivingLicenceNumber.csv:2201 data A4978-16372-10265
    regex_detector_test.go:84: Expected label DrivingLicenceNumber, got  ([]), file DrivingLicenceNumber.csv:2202 data I1828-25349-07066
    regex_detector_test.go:84: Expected label DrivingLicenceNumber, got  ([]), file DrivingLicenceNumber.csv:2203 data U8817-03667-87061
    regex_detector_test.go:84: Expected label DrivingLicenceNumber, got  ([]), file DrivingLicenceNumber.csv:2204 data C6051-09342-39643
    regex_detector_test.go:84: Expected label DrivingLicenceNumber, got  ([]), file DrivingLicenceNumber.csv:2205 data E0212-24023-32968
    regex_detector_test.go:84: Expected label DrivingLicenceNumber, got  ([]), file DrivingLicenceNumber.csv:2206 data K4031-08528-92033
    regex_detector_test.go:84: Expected label DrivingLicenceNumber, got  ([]), file DrivingLicenceNumber.csv:2207 data V7957-02674-93103
    regex_detector_test.go:84: Expected label DrivingLicenceNumber, got  ([]), file DrivingLicenceNumber.csv:2208 data M3223-52634-09688
    regex_detector_test.go:84: Expected label DrivingLicenceNumber, got  ([]), file DrivingLicenceNumber.csv:2209 data P2925-11327-75827
    regex_detector_test.go:84: Expected label DrivingLicenceNumber, got  ([]), file DrivingLicenceNumber.csv:2210 data J7500-54261-73706
    regex_detector_test.go:84: Expected label DrivingLicenceNumber, got  ([]), file DrivingLicenceNumber.csv:2211 data L7038-15814-88653
    regex_detector_test.go:84: Expected label DrivingLicenceNumber, got  ([]), file DrivingLicenceNumber.csv:2212 data W8149-11546-45765
    regex_detector_test.go:84: Expected label DrivingLicenceNumber, got  ([]), file DrivingLicenceNumber.csv:2213 data Z6233-18048-36500
    regex_detector_test.go:84: Expected label DrivingLicenceNumber, got  ([]), file DrivingLicenceNumber.csv:2214 data G5863-14351-69877
    regex_detector_test.go:84: Expected label DrivingLicenceNumber, got  ([]), file DrivingLicenceNumber.csv:2215 data J7968-03100-86461
    regex_detector_test.go:84: Expected label DrivingLicenceNumber, got  ([]), file DrivingLicenceNumber.csv:2216 data I7084-39095-09991
    regex_detector_test.go:84: Expected label DrivingLicenceNumber, got  ([]), file DrivingLicenceNumber.csv:2217 data Z9483-62809-92630
    regex_detector_test.go:84: Expected label DrivingLicenceNumber, got  ([]), file DrivingLicenceNumber.csv:2218 data J0812-68591-44314
    regex_detector_test.go:84: Expected label DrivingLicenceNumber, got  ([]), file DrivingLicenceNumber.csv:2219 data A1299-90911-43068
    regex_detector_test.go:84: Expected label DrivingLicenceNumber, got  ([]), file DrivingLicenceNumber.csv:2220 data G1331-63323-60773
    regex_detector_test.go:84: Expected label DrivingLicenceNumber, got  ([]), file DrivingLicenceNumber.csv:2221 data W9975-45216-31477
    regex_detector_test.go:84: Expected label DrivingLicenceNumber, got  ([]), file DrivingLicenceNumber.csv:2222 data E1629-87328-13865
    regex_detector_test.go:84: Expected label DrivingLicenceNumber, got  ([]), file DrivingLicenceNumber.csv:2223 data X0447-67930-04805
    regex_detector_test.go:84: Expected label DrivingLicenceNumber, got  ([]), file DrivingLicenceNumber.csv:2224 data G4611-13229-03324
    regex_detector_test.go:84: Expected label DrivingLicenceNumber, got  ([]), file DrivingLicenceNumber.csv:2225 data E3254-93348-74500
    regex_detector_test.go:84: Expected label DrivingLicenceNumber, got  ([]), file DrivingLicenceNumber.csv:2226 data U0008-68649-44306
    regex_detector_test.go:84: Expected label DrivingLicenceNumber, got  ([]), file DrivingLicenceNumber.csv:2227 data M3137-72999-58090
    regex_detector_test.go:84: Expected label DrivingLicenceNumber, got  ([]), file DrivingLicenceNumber.csv:2228 data A5580-61146-23407
    regex_detector_test.go:84: Expected label DrivingLicenceNumber, got  ([]), file DrivingLicenceNumber.csv:2229 data U1494-08590-19382
    regex_detector_test.go:84: Expected label DrivingLicenceNumber, got  ([]), file DrivingLicenceNumber.csv:2230 data U5859-79317-61535
    regex_detector_test.go:84: Expected label DrivingLicenceNumber, got  ([]), file DrivingLicenceNumber.csv:2231 data A4788-19739-08368
    regex_detector_test.go:84: Expected label DrivingLicenceNumber, got  ([]), file DrivingLicenceNumber.csv:2232 data N9057-76733-68939
    regex_detector_test.go:84: Expected label DrivingLicenceNumber, got  ([]), file DrivingLicenceNumber.csv:2233 data J3082-77181-26224
    regex_detector_test.go:84: Expected label DrivingLicenceNumber, got  ([]), file DrivingLicenceNumber.csv:2234 data N9307-56043-26615
    regex_detector_test.go:84: Expected label DrivingLicenceNumber, got  ([]), file DrivingLicenceNumber.csv:2235 data B6210-04793-84296
    regex_detector_test.go:84: Expected label DrivingLicenceNumber, got  ([]), file DrivingLicenceNumber.csv:2236 data I0886-78950-25083
    regex_detector_test.go:84: Expected label DrivingLicenceNumber, got  ([]), file DrivingLicenceNumber.csv:2237 data Z9091-62683-04833
    regex_detector_test.go:84: Expected label DrivingLicenceNumber, got  ([]), file DrivingLicenceNumber.csv:2238 data C8676-66331-33911
    regex_detector_test.go:84: Expected label DrivingLicenceNumber, got  ([]), file DrivingLicenceNumber.csv:2239 data P8550-14650-38266
    regex_detector_test.go:84: Expected label DrivingLicenceNumber, got  ([]), file DrivingLicenceNumber.csv:2240 data I2137-70591-94638
    regex_detector_test.go:84: Expected label DrivingLicenceNumber, got  ([]), file DrivingLicenceNumber.csv:2241 data R4695-26633-92328
    regex_detector_test.go:84: Expected label DrivingLicenceNumber, got  ([]), file DrivingLicenceNumber.csv:2242 data M5210-35101-78722
    regex_detector_test.go:84: Expected label DrivingLicenceNumber, got  ([]), file DrivingLicenceNumber.csv:2243 data F6713-79440-51244
    regex_detector_test.go:84: Expected label DrivingLicenceNumber, got  ([]), file DrivingLicenceNumber.csv:2244 data O2706-28576-59437
    regex_detector_test.go:84: Expected label DrivingLicenceNumber, got  ([]), file DrivingLicenceNumber.csv:2245 data Q8647-03362-76183
    regex_detector_test.go:84: Expected label DrivingLicenceNumber, got  ([]), file DrivingLicenceNumber.csv:2246 data Y0597-81564-65586
    regex_detector_test.go:84: Expected label DrivingLicenceNumber, got  ([]), file DrivingLicenceNumber.csv:2247 data J3250-41559-97493
    regex_detector_test.go:84: Expected label DrivingLicenceNumber, got  ([]), file DrivingLicenceNumber.csv:2248 data D7494-62275-13648
    regex_detector_test.go:84: Expected label DrivingLicenceNumber, got  ([]), file DrivingLicenceNumber.csv:2249 data Z2061-27204-56678
    regex_detector_test.go:84: Expected label DrivingLicenceNumber, got  ([]), file DrivingLicenceNumber.csv:2250 data N7046-37984-78497
    regex_detector_test.go:84: Expected label DrivingLicenceNumber, got  ([]), file DrivingLicenceNumber.csv:2251 data F8176-85637-42741
    regex_detector_test.go:84: Expected label DrivingLicenceNumber, got  ([]), file DrivingLicenceNumber.csv:2252 data P2394-56237-12865
    regex_detector_test.go:84: Expected label DrivingLicenceNumber, got  ([]), file DrivingLicenceNumber.csv:2253 data T0841-40457-19025
    regex_detector_test.go:84: Expected label DrivingLicenceNumber, got  ([]), file DrivingLicenceNumber.csv:2254 data L2872-50209-14028
    regex_detector_test.go:84: Expected label DrivingLicenceNumber, got  ([]), file DrivingLicenceNumber.csv:2255 data N7293-11022-74122
    regex_detector_test.go:84: Expected label DrivingLicenceNumber, got  ([]), file DrivingLicenceNumber.csv:2256 data F5742-14207-00140
    regex_detector_test.go:84: Expected label DrivingLicenceNumber, got  ([]), file DrivingLicenceNumber.csv:2257 data L1678-16495-25605
    regex_detector_test.go:84: Expected label DrivingLicenceNumber, got  ([]), file DrivingLicenceNumber.csv:2258 data K6019-69886-65684
    regex_detector_test.go:84: Expected label DrivingLicenceNumber, got  ([]), file DrivingLicenceNumber.csv:2259 data W7736-41010-00320
    regex_detector_test.go:84: Expected label DrivingLicenceNumber, got  ([]), file DrivingLicenceNumber.csv:2260 data E2837-57489-65094
    regex_detector_test.go:84: Expected label DrivingLicenceNumber, got  ([]), file DrivingLicenceNumber.csv:2261 data I0108-02806-96620
    regex_detector_test.go:84: Expected label DrivingLicenceNumber, got  ([]), file DrivingLicenceNumber.csv:2262 data W6043-16018-89071
    regex_detector_test.go:84: Expected label DrivingLicenceNumber, got  ([]), file DrivingLicenceNumber.csv:2263 data I3538-00101-52381
    regex_detector_test.go:84: Expected label DrivingLicenceNumber, got  ([]), file DrivingLicenceNumber.csv:2264 data T7940-00964-83197
    regex_detector_test.go:84: Expected label DrivingLicenceNumber, got  ([]), file DrivingLicenceNumber.csv:2265 data R0758-23998-23405
    regex_detector_test.go:84: Expected label DrivingLicenceNumber, got  ([]), file DrivingLicenceNumber.csv:2266 data N1472-10637-41467
    regex_detector_test.go:84: Expected label DrivingLicenceNumber, got  ([]), file DrivingLicenceNumber.csv:2267 data Z9248-97141-05666
    regex_detector_test.go:84: Expected label DrivingLicenceNumber, got  ([]), file DrivingLicenceNumber.csv:2268 data U9128-72614-48012
    regex_detector_test.go:84: Expected label DrivingLicenceNumber, got  ([]), file DrivingLicenceNumber.csv:2269 data M4182-38308-37584
    regex_detector_test.go:84: Expected label DrivingLicenceNumber, got  ([]), file DrivingLicenceNumber.csv:2270 data Y9561-30697-71610
    regex_detector_test.go:84: Expected label DrivingLicenceNumber, got  ([]), file DrivingLicenceNumber.csv:2271 data I8892-71813-50960
    regex_detector_test.go:84: Expected label DrivingLicenceNumber, got  ([]), file DrivingLicenceNumber.csv:2272 data W0131-90242-00116
    regex_detector_test.go:84: Expected label DrivingLicenceNumber, got  ([]), file DrivingLicenceNumber.csv:2273 data Q6345-43382-67898
    regex_detector_test.go:84: Expected label DrivingLicenceNumber, got  ([]), file DrivingLicenceNumber.csv:2274 data G2381-86862-57791
    regex_detector_test.go:84: Expected label DrivingLicenceNumber, got  ([]), file DrivingLicenceNumber.csv:2275 data O0060-67612-78606
    regex_detector_test.go:84: Expected label DrivingLicenceNumber, got  ([]), file DrivingLicenceNumber.csv:2276 data E4040-52457-79682
    regex_detector_test.go:84: Expected label DrivingLicenceNumber, got  ([]), file DrivingLicenceNumber.csv:2277 data H8386-01168-94215
    regex_detector_test.go:84: Expected label DrivingLicenceNumber, got  ([]), file DrivingLicenceNumber.csv:2278 data T5027-90008-84181
    regex_detector_test.go:84: Expected label DrivingLicenceNumber, got  ([]), file DrivingLicenceNumber.csv:2279 data S5238-58827-99259
    regex_detector_test.go:84: Expected label DrivingLicenceNumber, got  ([]), file DrivingLicenceNumber.csv:2280 data I7851-23328-93530
    regex_detector_test.go:84: Expected label DrivingLicenceNumber, got  ([]), file DrivingLicenceNumber.csv:2281 data Z5268-88290-21216
    regex_detector_test.go:84: Expected label DrivingLicenceNumber, got  ([]), file DrivingLicenceNumber.csv:2282 data V7235-81264-96398
    regex_detector_test.go:84: Expected label DrivingLicenceNumber, got  ([]), file DrivingLicenceNumber.csv:2283 data O0093-86563-94587
    regex_detector_test.go:84: Expected label DrivingLicenceNumber, got  ([]), file DrivingLicenceNumber.csv:2284 data C0510-62803-31907
    regex_detector_test.go:84: Expected label DrivingLicenceNumber, got  ([]), file DrivingLicenceNumber.csv:2285 data F8082-75095-80210
    regex_detector_test.go:84: Expected label DrivingLicenceNumber, got  ([]), file DrivingLicenceNumber.csv:2286 data B7526-31268-17718
    regex_detector_test.go:84: Expected label DrivingLicenceNumber, got  ([]), file DrivingLicenceNumber.csv:2287 data W0150-37186-78916
    regex_detector_test.go:84: Expected label DrivingLicenceNumber, got  ([]), file DrivingLicenceNumber.csv:2288 data P0252-77299-46268
    regex_detector_test.go:84: Expected label DrivingLicenceNumber, got  ([]), file DrivingLicenceNumber.csv:2289 data N3157-64461-60114
    regex_detector_test.go:84: Expected label DrivingLicenceNumber, got  ([]), file DrivingLicenceNumber.csv:2290 data M4177-24999-67387
    regex_detector_test.go:84: Expected label DrivingLicenceNumber, got  ([]), file DrivingLicenceNumber.csv:2291 data G8768-35476-21688
    regex_detector_test.go:84: Expected label DrivingLicenceNumber, got  ([]), file DrivingLicenceNumber.csv:2292 data J8040-71412-82821
    regex_detector_test.go:84: Expected label DrivingLicenceNumber, got  ([]), file DrivingLicenceNumber.csv:2293 data W0863-95258-59931
    regex_detector_test.go:84: Expected label DrivingLicenceNumber, got  ([]), file DrivingLicenceNumber.csv:2294 data G1840-33924-16009
    regex_detector_test.go:84: Expected label DrivingLicenceNumber, got  ([]), file DrivingLicenceNumber.csv:2295 data O4630-77758-44031
    regex_detector_test.go:84: Expected label DrivingLicenceNumber, got  ([]), file DrivingLicenceNumber.csv:2296 data F1962-44208-63570
    regex_detector_test.go:84: Expected label DrivingLicenceNumber, got  ([]), file DrivingLicenceNumber.csv:2297 data W1195-21520-94576
    regex_detector_test.go:84: Expected label DrivingLicenceNumber, got  ([]), file DrivingLicenceNumber.csv:2298 data V4487-48792-20359
    regex_detector_test.go:84: Expected label DrivingLicenceNumber, got  ([]), file DrivingLicenceNumber.csv:2299 data G6115-81769-14581
    regex_detector_test.go:84: Expected label DrivingLicenceNumber, got  ([]), file DrivingLicenceNumber.csv:2300 data K8808-08308-69616
    regex_detector_test.go:84: Expected label DrivingLicenceNumber, got  ([]), file DrivingLicenceNumber.csv:2301 data T0988-37315-46387
    regex_detector_test.go:84: Expected label DrivingLicenceNumber, got  ([]), file DrivingLicenceNumber.csv:2302 data Q6615-34448-79057
    regex_detector_test.go:84: Expected label DrivingLicenceNumber, got  ([]), file DrivingLicenceNumber.csv:2303 data C6662-79656-77375
    regex_detector_test.go:84: Expected label DrivingLicenceNumber, got  ([]), file DrivingLicenceNumber.csv:2304 data D3080-87834-44866
    regex_detector_test.go:84: Expected label DrivingLicenceNumber, got  ([]), file DrivingLicenceNumber.csv:2305 data E7239-68640-11137
    regex_detector_test.go:84: Expected label DrivingLicenceNumber, got  ([]), file DrivingLicenceNumber.csv:2306 data U8023-59892-01433
    regex_detector_test.go:84: Expected label DrivingLicenceNumber, got  ([]), file DrivingLicenceNumber.csv:2307 data F5733-55077-47409
    regex_detector_test.go:84: Expected label DrivingLicenceNumber, got  ([]), file DrivingLicenceNumber.csv:2308 data R5948-35399-52150
    regex_detector_test.go:84: Expected label DrivingLicenceNumber, got  ([]), file DrivingLicenceNumber.csv:2309 data I4972-60458-04201
    regex_detector_test.go:84: Expected label DrivingLicenceNumber, got  ([]), file DrivingLicenceNumber.csv:2310 data H5515-19233-65026
    regex_detector_test.go:84: Expected label DrivingLicenceNumber, got  ([]), file DrivingLicenceNumber.csv:2311 data X7763-29389-02516
    regex_detector_test.go:84: Expected label DrivingLicenceNumber, got  ([]), file DrivingLicenceNumber.csv:2312 data N4085-24641-20860
    regex_detector_test.go:84: Expected label DrivingLicenceNumber, got  ([]), file DrivingLicenceNumber.csv:2313 data N8404-35282-41303
    regex_detector_test.go:84: Expected label DrivingLicenceNumber, got  ([]), file DrivingLicenceNumber.csv:2314 data D0416-89860-13508
    regex_detector_test.go:84: Expected label DrivingLicenceNumber, got  ([]), file DrivingLicenceNumber.csv:2315 data O1591-42988-39142
    regex_detector_test.go:84: Expected label DrivingLicenceNumber, got  ([]), file DrivingLicenceNumber.csv:2316 data P4037-91259-94608
    regex_detector_test.go:84: Expected label DrivingLicenceNumber, got  ([]), file DrivingLicenceNumber.csv:2317 data H0375-53584-45161
    regex_detector_test.go:84: Expected label DrivingLicenceNumber, got  ([]), file DrivingLicenceNumber.csv:2318 data F3627-20193-02902
    regex_detector_test.go:84: Expected label DrivingLicenceNumber, got  ([]), file DrivingLicenceNumber.csv:2319 data L9891-78509-52873
    regex_detector_test.go:84: Expected label DrivingLicenceNumber, got  ([]), file DrivingLicenceNumber.csv:2320 data U8872-82638-62632
    regex_detector_test.go:84: Expected label DrivingLicenceNumber, got  ([]), file DrivingLicenceNumber.csv:2321 data C7806-55204-27001
    regex_detector_test.go:84: Expected label DrivingLicenceNumber, got  ([]), file DrivingLicenceNumber.csv:2322 data L0276-74581-87806
    regex_detector_test.go:84: Expected label DrivingLicenceNumber, got  ([]), file DrivingLicenceNumber.csv:2323 data O3103-10963-27393
    regex_detector_test.go:84: Expected label DrivingLicenceNumber, got  ([]), file DrivingLicenceNumber.csv:2324 data M2277-65586-82100
    regex_detector_test.go:84: Expected label DrivingLicenceNumber, got  ([]), file DrivingLicenceNumber.csv:2325 data V9612-01639-42022
    regex_detector_test.go:84: Expected label DrivingLicenceNumber, got  ([]), file DrivingLicenceNumber.csv:2326 data C0812-12816-63781
    regex_detector_test.go:84: Expected label DrivingLicenceNumber, got  ([]), file DrivingLicenceNumber.csv:2327 data M1022-71649-69001
    regex_detector_test.go:84: Expected label DrivingLicenceNumber, got  ([]), file DrivingLicenceNumber.csv:2328 data H5885-97614-42271
    regex_detector_test.go:84: Expected label DrivingLicenceNumber, got  ([]), file DrivingLicenceNumber.csv:2329 data G2093-68078-50631
    regex_detector_test.go:84: Expected label DrivingLicenceNumber, got  ([]), file DrivingLicenceNumber.csv:2330 data A0602-36459-82319
    regex_detector_test.go:84: Expected label DrivingLicenceNumber, got  ([]), file DrivingLicenceNumber.csv:2331 data Y1647-18721-70170
    regex_detector_test.go:84: Expected label DrivingLicenceNumber, got  ([]), file DrivingLicenceNumber.csv:2332 data U8941-05940-31552
    regex_detector_test.go:84: Expected label DrivingLicenceNumber, got  ([]), file DrivingLicenceNumber.csv:2333 data K1170-59994-18514
    regex_detector_test.go:84: Expected label DrivingLicenceNumber, got  ([]), file DrivingLicenceNumber.csv:2334 data U2084-12382-02500
    regex_detector_test.go:84: Expected label DrivingLicenceNumber, got  ([]), file DrivingLicenceNumber.csv:2335 data I9987-18233-32191
    regex_detector_test.go:84: Expected label DrivingLicenceNumber, got  ([]), file DrivingLicenceNumber.csv:2336 data Z8737-27826-09277
    regex_detector_test.go:84: Expected label DrivingLicenceNumber, got  ([]), file DrivingLicenceNumber.csv:2337 data G1665-56469-02604
    regex_detector_test.go:84: Expected label DrivingLicenceNumber, got  ([]), file DrivingLicenceNumber.csv:2338 data A4584-95346-43121
    regex_detector_test.go:84: Expected label DrivingLicenceNumber, got  ([]), file DrivingLicenceNumber.csv:2339 data M7151-28082-75925
    regex_detector_test.go:84: Expected label DrivingLicenceNumber, got  ([]), file DrivingLicenceNumber.csv:2340 data P8808-75382-85642
    regex_detector_test.go:84: Expected label DrivingLicenceNumber, got  ([]), file DrivingLicenceNumber.csv:2341 data Z5649-03225-07608
    regex_detector_test.go:84: Expected label DrivingLicenceNumber, got  ([]), file DrivingLicenceNumber.csv:2342 data Q0334-70867-60540
    regex_detector_test.go:84: Expected label DrivingLicenceNumber, got  ([]), file DrivingLicenceNumber.csv:2343 data Q1085-79819-57616
    regex_detector_test.go:84: Expected label DrivingLicenceNumber, got  ([]), file DrivingLicenceNumber.csv:2344 data G3780-29642-88359
    regex_detector_test.go:84: Expected label DrivingLicenceNumber, got  ([]), file DrivingLicenceNumber.csv:2345 data T9757-65070-53230
    regex_detector_test.go:84: Expected label DrivingLicenceNumber, got  ([]), file DrivingLicenceNumber.csv:2346 data O9459-61022-18079
    regex_detector_test.go:84: Expected label DrivingLicenceNumber, got  ([]), file DrivingLicenceNumber.csv:2347 data V1500-25742-65287
    regex_detector_test.go:84: Expected label DrivingLicenceNumber, got  ([]), file DrivingLicenceNumber.csv:2348 data H4689-38579-29256
    regex_detector_test.go:84: Expected label DrivingLicenceNumber, got  ([]), file DrivingLicenceNumber.csv:2349 data Q7468-02336-60378
    regex_detector_test.go:84: Expected label DrivingLicenceNumber, got  ([]), file DrivingLicenceNumber.csv:2350 data Y1915-66261-14084
    regex_detector_test.go:84: Expected label DrivingLicenceNumber, got  ([]), file DrivingLicenceNumber.csv:2351 data Y7407-71550-40819
    regex_detector_test.go:84: Expected label DrivingLicenceNumber, got  ([]), file DrivingLicenceNumber.csv:2352 data I4854-03512-96517
    regex_detector_test.go:84: Expected label DrivingLicenceNumber, got  ([]), file DrivingLicenceNumber.csv:2353 data Q1010-29913-84023
    regex_detector_test.go:84: Expected label DrivingLicenceNumber, got  ([]), file DrivingLicenceNumber.csv:2354 data M8955-95756-07518
    regex_detector_test.go:84: Expected label DrivingLicenceNumber, got  ([]), file DrivingLicenceNumber.csv:2355 data S8892-15248-51225
    regex_detector_test.go:84: Expected label DrivingLicenceNumber, got  ([]), file DrivingLicenceNumber.csv:2356 data W8509-00791-17027
    regex_detector_test.go:84: Expected label DrivingLicenceNumber, got  ([]), file DrivingLicenceNumber.csv:2357 data A0481-19619-08129
    regex_detector_test.go:84: Expected label DrivingLicenceNumber, got  ([]), file DrivingLicenceNumber.csv:2358 data S6341-71419-45172
    regex_detector_test.go:84: Expected label DrivingLicenceNumber, got  ([]), file DrivingLicenceNumber.csv:2359 data D9261-71063-04862
    regex_detector_test.go:84: Expected label DrivingLicenceNumber, got  ([]), file DrivingLicenceNumber.csv:2360 data C5099-54126-63151
    regex_detector_test.go:84: Expected label DrivingLicenceNumber, got  ([]), file DrivingLicenceNumber.csv:2361 data H1748-76203-12167
    regex_detector_test.go:84: Expected label DrivingLicenceNumber, got  ([]), file DrivingLicenceNumber.csv:2362 data O7001-17010-06460
    regex_detector_test.go:84: Expected label DrivingLicenceNumber, got  ([]), file DrivingLicenceNumber.csv:2363 data M1166-76257-63632
    regex_detector_test.go:84: Expected label DrivingLicenceNumber, got  ([]), file DrivingLicenceNumber.csv:2364 data A1328-34143-09022
    regex_detector_test.go:84: Expected label DrivingLicenceNumber, got  ([]), file DrivingLicenceNumber.csv:2365 data F1659-78369-15220
    regex_detector_test.go:84: Expected label DrivingLicenceNumber, got  ([]), file DrivingLicenceNumber.csv:2366 data C3029-79258-38677
    regex_detector_test.go:84: Expected label DrivingLicenceNumber, got  ([]), file DrivingLicenceNumber.csv:2367 data I4829-43786-67559
    regex_detector_test.go:84: Expected label DrivingLicenceNumber, got  ([]), file DrivingLicenceNumber.csv:2368 data O3172-68861-91643
    regex_detector_test.go:84: Expected label DrivingLicenceNumber, got  ([]), file DrivingLicenceNumber.csv:2369 data N9083-49009-22877
    regex_detector_test.go:84: Expected label DrivingLicenceNumber, got  ([]), file DrivingLicenceNumber.csv:2370 data V5498-06062-97358
    regex_detector_test.go:84: Expected label DrivingLicenceNumber, got  ([]), file DrivingLicenceNumber.csv:2371 data A0989-40086-21895
    regex_detector_test.go:84: Expected label DrivingLicenceNumber, got  ([]), file DrivingLicenceNumber.csv:2372 data P2019-16895-67892
    regex_detector_test.go:84: Expected label DrivingLicenceNumber, got  ([]), file DrivingLicenceNumber.csv:2373 data C4415-71208-69820
    regex_detector_test.go:84: Expected label DrivingLicenceNumber, got  ([]), file DrivingLicenceNumber.csv:2374 data T4227-88204-09016
    regex_detector_test.go:84: Expected label DrivingLicenceNumber, got  ([]), file DrivingLicenceNumber.csv:2375 data U0011-69468-71545
    regex_detector_test.go:84: Expected label DrivingLicenceNumber, got  ([]), file DrivingLicenceNumber.csv:2376 data V6024-40651-30847
    regex_detector_test.go:84: Expected label DrivingLicenceNumber, got  ([]), file DrivingLicenceNumber.csv:2377 data Z0337-40011-36801
    regex_detector_test.go:84: Expected label DrivingLicenceNumber, got  ([]), file DrivingLicenceNumber.csv:2378 data S2292-80168-60631
    regex_detector_test.go:84: Expected label DrivingLicenceNumber, got  ([]), file DrivingLicenceNumber.csv:2379 data N8134-12111-64410
    regex_detector_test.go:84: Expected label DrivingLicenceNumber, got  ([]), file DrivingLicenceNumber.csv:2380 data S7816-91169-18477
    regex_detector_test.go:84: Expected label DrivingLicenceNumber, got  ([]), file DrivingLicenceNumber.csv:2381 data C5096-14885-64471
    regex_detector_test.go:84: Expected label DrivingLicenceNumber, got  ([]), file DrivingLicenceNumber.csv:2382 data P2859-24651-46143
    regex_detector_test.go:84: Expected label DrivingLicenceNumber, got  ([]), file DrivingLicenceNumber.csv:2383 data T6936-08044-78550
    regex_detector_test.go:84: Expected label DrivingLicenceNumber, got  ([]), file DrivingLicenceNumber.csv:2384 data R8982-03120-62314
    regex_detector_test.go:84: Expected label DrivingLicenceNumber, got  ([]), file DrivingLicenceNumber.csv:2385 data J8908-57125-79022
    regex_detector_test.go:84: Expected label DrivingLicenceNumber, got  ([]), file DrivingLicenceNumber.csv:2386 data I9627-09069-93019
    regex_detector_test.go:84: Expected label DrivingLicenceNumber, got  ([]), file DrivingLicenceNumber.csv:2387 data D4599-23463-57217
    regex_detector_test.go:84: Expected label DrivingLicenceNumber, got  ([]), file DrivingLicenceNumber.csv:2388 data K5437-36904-62699
    regex_detector_test.go:84: Expected label DrivingLicenceNumber, got  ([]), file DrivingLicenceNumber.csv:2389 data F6360-76102-43944
    regex_detector_test.go:84: Expected label DrivingLicenceNumber, got  ([]), file DrivingLicenceNumber.csv:2390 data P9262-31310-55800
    regex_detector_test.go:84: Expected label DrivingLicenceNumber, got  ([]), file DrivingLicenceNumber.csv:2391 data U9025-15062-01700
    regex_detector_test.go:84: Expected label DrivingLicenceNumber, got  ([]), file DrivingLicenceNumber.csv:2392 data Z0930-04094-31614
    regex_detector_test.go:84: Expected label DrivingLicenceNumber, got  ([]), file DrivingLicenceNumber.csv:2393 data M7444-05398-21059
    regex_detector_test.go:84: Expected label DrivingLicenceNumber, got  ([]), file DrivingLicenceNumber.csv:2394 data W5104-70737-20361
    regex_detector_test.go:84: Expected label DrivingLicenceNumber, got  ([]), file DrivingLicenceNumber.csv:2395 data R0112-14873-51198
    regex_detector_test.go:84: Expected label DrivingLicenceNumber, got  ([]), file DrivingLicenceNumber.csv:2396 data O8907-69435-25428
    regex_detector_test.go:84: Expected label DrivingLicenceNumber, got  ([]), file DrivingLicenceNumber.csv:2397 data Q3093-67620-01265
    regex_detector_test.go:84: Expected label DrivingLicenceNumber, got  ([]), file DrivingLicenceNumber.csv:2398 data M7454-84165-16323
    regex_detector_test.go:84: Expected label DrivingLicenceNumber, got  ([]), file DrivingLicenceNumber.csv:2399 data E4856-68558-44402
    regex_detector_test.go:84: Expected label DrivingLicenceNumber, got  ([]), file DrivingLicenceNumber.csv:2400 data H5422-08441-07912
    regex_detector_test.go:84: Expected label DrivingLicenceNumber, got  ([]), file DrivingLicenceNumber.csv:2401 data P3479-44721-82540
    regex_detector_test.go:84: Expected label DrivingLicenceNumber, got  ([]), file DrivingLicenceNumber.csv:2402 data U1307-36322-29462
    regex_detector_test.go:84: Expected label DrivingLicenceNumber, got  ([]), file DrivingLicenceNumber.csv:2403 data C3754-49954-32894
    regex_detector_test.go:84: Expected label DrivingLicenceNumber, got  ([]), file DrivingLicenceNumber.csv:2404 data H9113-12729-35729
    regex_detector_test.go:84: Expected label DrivingLicenceNumber, got  ([]), file DrivingLicenceNumber.csv:2405 data Q8512-61359-69970
    regex_detector_test.go:84: Expected label DrivingLicenceNumber, got  ([]), file DrivingLicenceNumber.csv:2406 data I6977-55718-81241
    regex_detector_test.go:84: Expected label DrivingLicenceNumber, got  ([]), file DrivingLicenceNumber.csv:2407 data D0486-62390-15823
    regex_detector_test.go:84: Expected label DrivingLicenceNumber, got  ([]), file DrivingLicenceNumber.csv:2408 data I6820-24864-15840
    regex_detector_test.go:84: Expected label DrivingLicenceNumber, got  ([]), file DrivingLicenceNumber.csv:2409 data N8378-65045-69782
    regex_detector_test.go:84: Expected label DrivingLicenceNumber, got  ([]), file DrivingLicenceNumber.csv:2410 data W9288-07980-20278
    regex_detector_test.go:84: Expected label DrivingLicenceNumber, got  ([]), file DrivingLicenceNumber.csv:2411 data F3163-92741-29372
    regex_detector_test.go:84: Expected label DrivingLicenceNumber, got  ([]), file DrivingLicenceNumber.csv:2412 data P2855-47396-78592
    regex_detector_test.go:84: Expected label DrivingLicenceNumber, got  ([]), file DrivingLicenceNumber.csv:2413 data V8237-99907-87349
    regex_detector_test.go:84: Expected label DrivingLicenceNumber, got  ([]), file DrivingLicenceNumber.csv:2414 data G0943-27309-46503
    regex_detector_test.go:84: Expected label DrivingLicenceNumber, got  ([]), file DrivingLicenceNumber.csv:2415 data F3548-54805-47895
    regex_detector_test.go:84: Expected label DrivingLicenceNumber, got  ([]), file DrivingLicenceNumber.csv:2416 data Z3861-53538-97861
    regex_detector_test.go:84: Expected label DrivingLicenceNumber, got  ([]), file DrivingLicenceNumber.csv:2417 data V9797-01373-51314
    regex_detector_test.go:84: Expected label DrivingLicenceNumber, got  ([]), file DrivingLicenceNumber.csv:2418 data K5955-80176-18707
    regex_detector_test.go:84: Expected label DrivingLicenceNumber, got  ([]), file DrivingLicenceNumber.csv:2419 data H1941-89307-58637
    regex_detector_test.go:84: Expected label DrivingLicenceNumber, got  ([]), file DrivingLicenceNumber.csv:2420 data X7091-48663-14427
    regex_detector_test.go:84: Expected label DrivingLicenceNumber, got  ([]), file DrivingLicenceNumber.csv:2421 data J7558-00321-42809
    regex_detector_test.go:84: Expected label DrivingLicenceNumber, got  ([]), file DrivingLicenceNumber.csv:2422 data H3123-74537-11324
    regex_detector_test.go:84: Expected label DrivingLicenceNumber, got  ([]), file DrivingLicenceNumber.csv:2423 data V0747-38719-33136
    regex_detector_test.go:84: Expected label DrivingLicenceNumber, got  ([]), file DrivingLicenceNumber.csv:2424 data Q7991-66668-05331
    regex_detector_test.go:84: Expected label DrivingLicenceNumber, got  ([]), file DrivingLicenceNumber.csv:2425 data C2433-70155-53060
    regex_detector_test.go:84: Expected label DrivingLicenceNumber, got  ([]), file DrivingLicenceNumber.csv:2426 data B0291-99011-76157
    regex_detector_test.go:84: Expected label DrivingLicenceNumber, got  ([]), file DrivingLicenceNumber.csv:2427 data Q4027-00810-10270
    regex_detector_test.go:84: Expected label DrivingLicenceNumber, got  ([]), file DrivingLicenceNumber.csv:2428 data W5018-03659-11737
    regex_detector_test.go:84: Expected label DrivingLicenceNumber, got  ([]), file DrivingLicenceNumber.csv:2429 data Q2621-38207-10183
    regex_detector_test.go:84: Expected label DrivingLicenceNumber, got  ([]), file DrivingLicenceNumber.csv:2430 data H7305-93619-73025
    regex_detector_test.go:84: Expected label DrivingLicenceNumber, got  ([]), file DrivingLicenceNumber.csv:2431 data B1949-14476-90538
    regex_detector_test.go:84: Expected label DrivingLicenceNumber, got  ([]), file DrivingLicenceNumber.csv:2432 data M9147-19055-82040
    regex_detector_test.go:84: Expected label DrivingLicenceNumber, got  ([]), file DrivingLicenceNumber.csv:2433 data V6536-33261-00017
    regex_detector_test.go:84: Expected label DrivingLicenceNumber, got  ([]), file DrivingLicenceNumber.csv:2434 data A4107-68904-50001
    regex_detector_test.go:84: Expected label DrivingLicenceNumber, got  ([]), file DrivingLicenceNumber.csv:2435 data Q4756-81216-19683
    regex_detector_test.go:84: Expected label DrivingLicenceNumber, got  ([]), file DrivingLicenceNumber.csv:2436 data Y3081-94416-96840
    regex_detector_test.go:84: Expected label DrivingLicenceNumber, got  ([]), file DrivingLicenceNumber.csv:2437 data F6776-63484-88020
    regex_detector_test.go:84: Expected label DrivingLicenceNumber, got  ([]), file DrivingLicenceNumber.csv:2438 data C6578-41843-78105
    regex_detector_test.go:84: Expected label DrivingLicenceNumber, got  ([]), file DrivingLicenceNumber.csv:2439 data L5047-45994-58942
    regex_detector_test.go:84: Expected label DrivingLicenceNumber, got  ([]), file DrivingLicenceNumber.csv:2440 data Y0715-45403-83734
    regex_detector_test.go:84: Expected label DrivingLicenceNumber, got  ([]), file DrivingLicenceNumber.csv:2441 data C4021-73101-98793
    regex_detector_test.go:84: Expected label DrivingLicenceNumber, got  ([]), file DrivingLicenceNumber.csv:2442 data F1969-75581-02909
    regex_detector_test.go:84: Expected label DrivingLicenceNumber, got  ([]), file DrivingLicenceNumber.csv:2443 data V4133-80148-15506
    regex_detector_test.go:84: Expected label DrivingLicenceNumber, got  ([]), file DrivingLicenceNumber.csv:2444 data I0913-34736-81151
    regex_detector_test.go:84: Expected label DrivingLicenceNumber, got  ([]), file DrivingLicenceNumber.csv:2445 data L7020-40441-56500
    regex_detector_test.go:84: Expected label DrivingLicenceNumber, got  ([]), file DrivingLicenceNumber.csv:2446 data X5345-84052-48489
    regex_detector_test.go:84: Expected label DrivingLicenceNumber, got  ([]), file DrivingLicenceNumber.csv:2447 data X4374-40707-44847
    regex_detector_test.go:84: Expected label DrivingLicenceNumber, got  ([]), file DrivingLicenceNumber.csv:2448 data H4580-90991-19837
    regex_detector_test.go:84: Expected label DrivingLicenceNumber, got  ([]), file DrivingLicenceNumber.csv:2449 data R1103-35651-86571
    regex_detector_test.go:84: Expected label DrivingLicenceNumber, got  ([]), file DrivingLicenceNumber.csv:2450 data G9764-12696-51331
    regex_detector_test.go:84: Expected label DrivingLicenceNumber, got  ([]), file DrivingLicenceNumber.csv:2451 data L3858-12863-67576
    regex_detector_test.go:84: Expected label DrivingLicenceNumber, got  ([]), file DrivingLicenceNumber.csv:2452 data X0956-73254-98060
    regex_detector_test.go:84: Expected label DrivingLicenceNumber, got  ([]), file DrivingLicenceNumber.csv:2453 data S5502-18173-42030
    regex_detector_test.go:84: Expected label DrivingLicenceNumber, got  ([]), file DrivingLicenceNumber.csv:2454 data E8743-15165-13509
    regex_detector_test.go:84: Expected label DrivingLicenceNumber, got  ([]), file DrivingLicenceNumber.csv:2455 data G0722-91846-64875
    regex_detector_test.go:84: Expected label DrivingLicenceNumber, got  ([]), file DrivingLicenceNumber.csv:2456 data H6396-22337-87025
    regex_detector_test.go:84: Expected label DrivingLicenceNumber, got  ([]), file DrivingLicenceNumber.csv:2457 data W8152-37007-78720
    regex_detector_test.go:84: Expected label DrivingLicenceNumber, got  ([]), file DrivingLicenceNumber.csv:2458 data P0904-28711-46558
    regex_detector_test.go:84: Expected label ITIN, got  ([]), file ITIN.csv:1 data 927 70 5828
    regex_detector_test.go:84: Expected label ITIN, got  ([]), file ITIN.csv:2 data 993-77 0690
    regex_detector_test.go:84: Expected label ITIN, got  ([]), file ITIN.csv:3 data 954 75-1743
    regex_detector_test.go:84: Expected label ITIN, got  ([]), file ITIN.csv:4 data 902 75-1124
    regex_detector_test.go:84: Expected label ITIN, got  ([]), file ITIN.csv:5 data 948 75-2457
    regex_detector_test.go:84: Expected label ITIN, got  ([]), file ITIN.csv:6 data 933 81 8741
    regex_detector_test.go:84: Expected label ITIN, got  ([]), file ITIN.csv:7 data 951-86 4199
    regex_detector_test.go:84: Expected label ITIN, got  ([]), file ITIN.csv:8 data 938 80 6194
    regex_detector_test.go:84: Expected label ITIN, got  ([]), file ITIN.csv:9 data 986-85-4164
    regex_detector_test.go:84: Expected label ITIN, got  ([]), file ITIN.csv:10 data 993 81-2525
    regex_detector_test.go:84: Expected label ITIN, got  ([]), file ITIN.csv:11 data 975-86-5809
    regex_detector_test.go:84: Expected label ITIN, got  ([]), file ITIN.csv:12 data 923 86-5944
    regex_detector_test.go:84: Expected label ITIN, got  ([]), file ITIN.csv:13 data 911-80-0742
    regex_detector_test.go:84: Expected label ITIN, got  ([]), file ITIN.csv:14 data 997-73 6460
    regex_detector_test.go:84: Expected label ITIN, got  ([]), file ITIN.csv:15 data 907 70 9443
    regex_detector_test.go:84: Expected label ITIN, got  ([]), file ITIN.csv:16 data 901 73-5896
    regex_detector_test.go:84: Expected label ITIN, got  ([]), file ITIN.csv:17 data 901-88-4901
    regex_detector_test.go:84: Expected label ITIN, got  ([]), file ITIN.csv:18 data 974 70 5209
    regex_detector_test.go:84: Expected label ITIN, got  ([]), file ITIN.csv:19 data 955-77-0263
    regex_detector_test.go:84: Expected label ITIN, got  ([]), file ITIN.csv:20 data 981-81 1909
    regex_detector_test.go:84: Expected label ITIN, got  ([]), file ITIN.csv:21 data 955 74 3188
    regex_detector_test.go:84: Expected label ITIN, got  ([]), file ITIN.csv:22 data 975 81 8207
    regex_detector_test.go:84: Expected label ITIN, got  ([]), file ITIN.csv:23 data 998-84 1425
    regex_detector_test.go:84: Expected label ITIN, got  ([]), file ITIN.csv:24 data 960-72-9494
    regex_detector_test.go:84: Expected label ITIN, got  ([]), file ITIN.csv:25 data 969-70 1026
    regex_detector_test.go:84: Expected label ITIN, got  ([]), file ITIN.csv:26 data 932 82 0999
    regex_detector_test.go:84: Expected label ITIN, got  ([]), file ITIN.csv:27 data 906-75 5128
    regex_detector_test.go:84: Expected label ITIN, got  ([]), file ITIN.csv:28 data 910 80 6381
    regex_detector_test.go:84: Expected label ITIN, got  ([]), file ITIN.csv:29 data 968-73 7326
    regex_detector_test.go:84: Expected label ITIN, got  ([]), file ITIN.csv:30 data 909-84-8535
    regex_detector_test.go:84: Expected label ITIN, got  ([]), file ITIN.csv:31 data 984-81 5966
    regex_detector_test.go:84: Expected label ITIN, got  ([]), file ITIN.csv:32 data 961 75-4996
    regex_detector_test.go:84: Expected label ITIN, got  ([]), file ITIN.csv:33 data 932 84 1422
    regex_detector_test.go:84: Expected label ITIN, got  ([]), file ITIN.csv:34 data 948 78 8838
    regex_detector_test.go:84: Expected label ITIN, got  ([]), file ITIN.csv:35 data 914-82 5440
    regex_detector_test.go:84: Expected label ITIN, got  ([]), file ITIN.csv:36 data 920-75-7019
    regex_detector_test.go:84: Expected label ITIN, got  ([]), file ITIN.csv:37 data 909-80 4811
    regex_detector_test.go:84: Expected label ITIN, got  ([]), file ITIN.csv:38 data 948-88 9511
    regex_detector_test.go:84: Expected label ITIN, got  ([]), file ITIN.csv:39 data 961 86 2955
    regex_detector_test.go:84: Expected label ITIN, got  ([]), file ITIN.csv:40 data 954 80-0598
    regex_detector_test.go:84: Expected label ITIN, got  ([]), file ITIN.csv:41 data 923-81-6529
    regex_detector_test.go:84: Expected label ITIN, got  ([]), file ITIN.csv:42 data 969 78 7993
    regex_detector_test.go:84: Expected label ITIN, got  ([]), file ITIN.csv:43 data 957 73 1446
    regex_detector_test.go:84: Expected label ITIN, got  ([]), file ITIN.csv:44 data 949-70-2757
    regex_detector_test.go:84: Expected label ITIN, got  ([]), file ITIN.csv:45 data 984 83-7917
    regex_detector_test.go:84: Expected label ITIN, got  ([]), file ITIN.csv:46 data 907-79-3072
    regex_detector_test.go:84: Expected label ITIN, got  ([]), file ITIN.csv:47 data 961-85-2013
    regex_detector_test.go:84: Expected label ITIN, got  ([]), file ITIN.csv:48 data 939-70-6086
    regex_detector_test.go:84: Expected label ITIN, got  ([]), file ITIN.csv:49 data 997 80-6297
    regex_detector_test.go:84: Expected label ITIN, got  ([]), file ITIN.csv:50 data 983-86-8624
    regex_detector_test.go:84: Expected label ITIN, got  ([]), file ITIN.csv:51 data 992-79 6080
    regex_detector_test.go:84: Expected label ITIN, got  ([]), file ITIN.csv:52 data 970-79-6669
    regex_detector_test.go:84: Expected label ITIN, got  ([]), file ITIN.csv:53 data 960-77 9691
    regex_detector_test.go:84: Expected label ITIN, got  ([]), file ITIN.csv:54 data 989 80 6285
    regex_detector_test.go:84: Expected label ITIN, got  ([]), file ITIN.csv:55 data 978-78 0236
    regex_detector_test.go:84: Expected label ITIN, got  ([]), file ITIN.csv:56 data 987-85-9872
    regex_detector_test.go:84: Expected label ITIN, got  ([]), file ITIN.csv:57 data 984-81 4359
    regex_detector_test.go:84: Expected label ITIN, got  ([]), file ITIN.csv:58 data 937-81-6459
    regex_detector_test.go:84: Expected label ITIN, got  ([]), file ITIN.csv:59 data 917-80-1379
    regex_detector_test.go:84: Expected label ITIN, got  ([]), file ITIN.csv:60 data 979 77 6191
    regex_detector_test.go:84: Expected label ITIN, got  ([]), file ITIN.csv:61 data 933-70-9445
    regex_detector_test.go:84: Expected label ITIN, got  ([]), file ITIN.csv:62 data 971-86 0093
    regex_detector_test.go:84: Expected label ITIN, got  ([]), file ITIN.csv:63 data 981-71-0023
    regex_detector_test.go:84: Expected label ITIN, got  ([]), file ITIN.csv:64 data 983 83 0112
    regex_detector_test.go:84: Expected label ITIN, got  ([]), file ITIN.csv:65 data 915-74-2750
    regex_detector_test.go:84: Expected label ITIN, got  ([]), file ITIN.csv:66 data 944-77 4219
    regex_detector_test.go:84: Expected label ITIN, got  ([]), file ITIN.csv:67 data 919-71-3993
    regex_detector_test.go:84: Expected label ITIN, got  ([]), file ITIN.csv:68 data 960 84-2147
    regex_detector_test.go:84: Expected label ITIN, got  ([]), file ITIN.csv:69 data 903 80 8447
    regex_detector_test.go:84: Expected label ITIN, got  ([]), file ITIN.csv:70 data 968-72 9983
    regex_detector_test.go:84: Expected label ITIN, got  ([]), file ITIN.csv:71 data 908 71 9432
    regex_detector_test.go:84: Expected label ITIN, got  ([]), file ITIN.csv:72 data 952-88-0402
    regex_detector_test.go:84: Expected label ITIN, got  ([]), file ITIN.csv:73 data 996-70 5007
    regex_detector_test.go:84: Expected label ITIN, got  ([]), file ITIN.csv:74 data 999-70 3369
    regex_detector_test.go:84: Expected label ITIN, got  ([]), file ITIN.csv:75 data 911-84 3636
    regex_detector_test.go:84: Expected label ITIN, got  ([]), file ITIN.csv:76 data 981 71-8454
    regex_detector_test.go:84: Expected label ITIN, got  ([]), file ITIN.csv:77 data 948-88 6035
    regex_detector_test.go:84: Expected label ITIN, got  ([]), file ITIN.csv:78 data 936-82 9887
    regex_detector_test.go:84: Expected label ITIN, got  ([]), file ITIN.csv:79 data 921-75 9935
    regex_detector_test.go:84: Expected label ITIN, got  ([]), file ITIN.csv:80 data 921 76 0507
    regex_detector_test.go:84: Expected label ITIN, got  ([]), file ITIN.csv:81 data 975-73 6913
    regex_detector_test.go:84: Expected label ITIN, got  ([]), file ITIN.csv:82 data 920 73 7303
    regex_detector_test.go:84: Expected label ITIN, got  ([]), file ITIN.csv:83 data 955-81-4644
    regex_detector_test.go:84: Expected label ITIN, got  ([]), file ITIN.csv:84 data 939 74 4197
    regex_detector_test.go:84: Expected label ITIN, got  ([]), file ITIN.csv:85 data 998-88-1016
    regex_detector_test.go:84: Expected label ITIN, got  ([]), file ITIN.csv:86 data 948-74 5252
    regex_detector_test.go:84: Expected label ITIN, got  ([]), file ITIN.csv:87 data 947 82 4105
    regex_detector_test.go:84: Expected label ITIN, got  ([]), file ITIN.csv:88 data 931-82 5584
    regex_detector_test.go:84: Expected label ITIN, got  ([]), file ITIN.csv:89 data 935 76 3274
    regex_detector_test.go:84: Expected label ITIN, got  ([]), file ITIN.csv:90 data 975-86 0058
    regex_detector_test.go:84: Expected label ITIN, got  ([]), file ITIN.csv:91 data 977-82 6086
    regex_detector_test.go:84: Expected label ITIN, got  ([]), file ITIN.csv:92 data 979 88-0536
    regex_detector_test.go:84: Expected label ITIN, got  ([]), file ITIN.csv:93 data 988-81 1651
    regex_detector_test.go:84: Expected label ITIN, got  ([]), file ITIN.csv:94 data 998-82 2558
    regex_detector_test.go:84: Expected label ITIN, got  ([]), file ITIN.csv:95 data 907-88-0751
    regex_detector_test.go:84: Expected label ITIN, got  ([]), file ITIN.csv:96 data 912 79-9267
    regex_detector_test.go:84: Expected label ITIN, got  ([]), file ITIN.csv:97 data 985 76 1236
    regex_detector_test.go:84: Expected label ITIN, got  ([]), file ITIN.csv:98 data 919-81-1894
    regex_detector_test.go:84: Expected label ITIN, got  ([]), file ITIN.csv:99 data 974 85-6233
    regex_detector_test.go:84: Expected label ITIN, got  ([]), file ITIN.csv:100 data 969-83-9143
    regex_detector_test.go:84: Expected label ITIN, got  ([]), file ITIN.csv:101 data 910-81 4845
    regex_detector_test.go:84: Expected label ITIN, got  ([]), file ITIN.csv:102 data 989 76-6299
    regex_detector_test.go:84: Expected label ITIN, got  ([]), file ITIN.csv:103 data 958-72 2750
    regex_detector_test.go:84: Expected label ITIN, got  ([]), file ITIN.csv:104 data 906-82 7049
    regex_detector_test.go:84: Expected label ITIN, got  ([]), file ITIN.csv:105 data 945-88 6818
    regex_detector_test.go:84: Expected label ITIN, got  ([]), file ITIN.csv:106 data 907 71-6272
    regex_detector_test.go:84: Expected label ITIN, got  ([]), file ITIN.csv:107 data 973-88 1698
    regex_detector_test.go:84: Expected label ITIN, got  ([]), file ITIN.csv:108 data 946 81-9939
    regex_detector_test.go:84: Expected label ITIN, got  ([]), file ITIN.csv:109 data 974 70-3419
    regex_detector_test.go:84: Expected label ITIN, got  ([]), file ITIN.csv:110 data 903 85 5009
    regex_detector_test.go:84: Expected label ITIN, got  ([]), file ITIN.csv:111 data 994 83-5692
    regex_detector_test.go:84: Expected label ITIN, got  ([]), file ITIN.csv:112 data 965 71 7491
    regex_detector_test.go:84: Expected label ITIN, got  ([]), file ITIN.csv:113 data 928 81 3409
    regex_detector_test.go:84: Expected label ITIN, got  ([]), file ITIN.csv:114 data 987 85 7686
    regex_detector_test.go:84: Expected label ITIN, got  ([]), file ITIN.csv:115 data 981 86-7311
    regex_detector_test.go:84: Expected label ITIN, got  ([]), file ITIN.csv:116 data 934 79-4667
    regex_detector_test.go:84: Expected label ITIN, got  ([]), file ITIN.csv:117 data 954 79 9509
    regex_detector_test.go:84: Expected label ITIN, got  ([]), file ITIN.csv:118 data 908-85 0023
    regex_detector_test.go:84: Expected label ITIN, got  ([]), file ITIN.csv:119 data 984-71-7425
    regex_detector_test.go:84: Expected label ITIN, got  ([]), file ITIN.csv:120 data 902-71-1441
    regex_detector_test.go:84: Expected label ITIN, got  ([]), file ITIN.csv:121 data 949 79 0564
    regex_detector_test.go:84: Expected label ITIN, got  ([]), file ITIN.csv:122 data 950-72 2030
    regex_detector_test.go:84: Expected label ITIN, got  ([]), file ITIN.csv:123 data 960-71 8319
    regex_detector_test.go:84: Expected label ITIN, got  ([]), file ITIN.csv:124 data 966-77 4669
    regex_detector_test.go:84: Expected label ITIN, got  ([]), file ITIN.csv:125 data 949 72 7580
    regex_detector_test.go:84: Expected label ITIN, got  ([]), file ITIN.csv:126 data 903 88 6927
    regex_detector_test.go:84: Expected label ITIN, got  ([]), file ITIN.csv:127 data 994-73 1774
    regex_detector_test.go:84: Expected label ITIN, got  ([]), file ITIN.csv:128 data 941 81 8844
    regex_detector_test.go:84: Expected label ITIN, got  ([]), file ITIN.csv:129 data 933 83-3697
    regex_detector_test.go:84: Expected label ITIN, got  ([]), file ITIN.csv:130 data 981-85-1038
    regex_detector_test.go:84: Expected label ITIN, got  ([]), file ITIN.csv:131 data 968 74-9501
    regex_detector_test.go:84: Expected label ITIN, got  ([]), file ITIN.csv:132 data 900-77-7790
    regex_detector_test.go:84: Expected label ITIN, got  ([]), file ITIN.csv:133 data 954-79 2611
    regex_detector_test.go:84: Expected label ITIN, got  ([]), file ITIN.csv:134 data 981-72 6471
    regex_detector_test.go:84: Expected label ITIN, got  ([]), file ITIN.csv:135 data 985-75 7901
    regex_detector_test.go:84: Expected label ITIN, got  ([]), file ITIN.csv:136 data 967-81 4667
    regex_detector_test.go:84: Expected label ITIN, got  ([]), file ITIN.csv:137 data 900 78-3001
    regex_detector_test.go:84: Expected label ITIN, got  ([]), file ITIN.csv:138 data 995 88-0050
    regex_detector_test.go:84: Expected label ITIN, got  ([]), file ITIN.csv:139 data 944-81-5465
    regex_detector_test.go:84: Expected label ITIN, got  ([]), file ITIN.csv:140 data 947 78 5918
    regex_detector_test.go:84: Expected label ITIN, got  ([]), file ITIN.csv:141 data 974-82 7620
    regex_detector_test.go:84: Expected label ITIN, got  ([]), file ITIN.csv:142 data 903-82 0048
    regex_detector_test.go:84: Expected label ITIN, got  ([]), file ITIN.csv:143 data 984 73-4243
    regex_detector_test.go:84: Expected label ITIN, got  ([]), file ITIN.csv:144 data 947-78-3570
    regex_detector_test.go:84: Expected label ITIN, got  ([]), file ITIN.csv:145 data 932-85-2883
    regex_detector_test.go:84: Expected label ITIN, got  ([]), file ITIN.csv:146 data 933 87-7894
    regex_detector_test.go:84: Expected label ITIN, got  ([]), file ITIN.csv:147 data 925 73-5528
    regex_detector_test.go:84: Expected label ITIN, got  ([]), file ITIN.csv:148 data 972 88-4691
    regex_detector_test.go:84: Expected label ITIN, got  ([]), file ITIN.csv:149 data 914-87 1072
    regex_detector_test.go:84: Expected label ITIN, got  ([]), file ITIN.csv:150 data 941 88-5292
    regex_detector_test.go:84: Expected label ITIN, got  ([]), file ITIN.csv:151 data 948-75 6953
    regex_detector_test.go:84: Expected label ITIN, got  ([]), file ITIN.csv:152 data 903-71-8617
    regex_detector_test.go:84: Expected label ITIN, got  ([]), file ITIN.csv:153 data 970 74 6284
    regex_detector_test.go:84: Expected label ITIN, got  ([]), file ITIN.csv:154 data 965 79 8991
    regex_detector_test.go:84: Expected label ITIN, got  ([]), file ITIN.csv:155 data 945-88 3892
    regex_detector_test.go:84: Expected label ITIN, got  ([]), file ITIN.csv:156 data 918 79 7135
    regex_detector_test.go:84: Expected label ITIN, got  ([]), file ITIN.csv:157 data 937-84 8746
    regex_detector_test.go:84: Expected label ITIN, got  ([]), file ITIN.csv:158 data 908 70 8669
    regex_detector_test.go:84: Expected label ITIN, got  ([]), file ITIN.csv:159 data 928 73 3876
    regex_detector_test.go:84: Expected label ITIN, got  ([]), file ITIN.csv:160 data 989 72 1757
    regex_detector_test.go:84: Expected label ITIN, got  ([]), file ITIN.csv:161 data 940-88-8010
    regex_detector_test.go:84: Expected label ITIN, got  ([]), file ITIN.csv:162 data 957 76-3453
    regex_detector_test.go:84: Expected label ITIN, got  ([]), file ITIN.csv:163 data 905 72-0018
    regex_detector_test.go:84: Expected label ITIN, got  ([]), file ITIN.csv:164 data 976 80 8285
    regex_detector_test.go:84: Expected label ITIN, got  ([]), file ITIN.csv:165 data 914 85-2419
    regex_detector_test.go:84: Expected label ITIN, got  ([]), file ITIN.csv:166 data 984-86 6204
    regex_detector_test.go:84: Expected label ITIN, got  ([]), file ITIN.csv:167 data 997 83-9836
    regex_detector_test.go:84: Expected label ITIN, got  ([]), file ITIN.csv:168 data 958 80 0804
    regex_detector_test.go:84: Expected label ITIN, got  ([]), file ITIN.csv:169 data 916-71 1325
    regex_detector_test.go:84: Expected label ITIN, got  ([]), file ITIN.csv:170 data 910 87 2831
    regex_detector_test.go:84: Expected label ITIN, got  ([]), file ITIN.csv:171 data 996-81-9965
    regex_detector_test.go:84: Expected label ITIN, got  ([]), file ITIN.csv:172 data 912 83-2052
    regex_detector_test.go:84: Expected label ITIN, got  ([]), file ITIN.csv:173 data 960 70 2443
    regex_detector_test.go:84: Expected label ITIN, got  ([]), file ITIN.csv:174 data 973 80 8130
    regex_detector_test.go:84: Expected label ITIN, got  ([]), file ITIN.csv:175 data 950-75 9701
    regex_detector_test.go:84: Expected label ITIN, got  ([]), file ITIN.csv:176 data 924 75 1382
    regex_detector_test.go:84: Expected label ITIN, got  ([]), file ITIN.csv:177 data 941-74 7688
    regex_detector_test.go:84: Expected label ITIN, got  ([]), file ITIN.csv:178 data 912 77-1066
    regex_detector_test.go:84: Expected label ITIN, got  ([]), file ITIN.csv:179 data 953 79 6929
    regex_detector_test.go:84: Expected label ITIN, got  ([]), file ITIN.csv:180 data 941 70-1643
    regex_detector_test.go:84: Expected label ITIN, got  ([]), file ITIN.csv:181 data 920 81-7521
    regex_detector_test.go:84: Expected label ITIN, got  ([]), file ITIN.csv:182 data 986 74 3108
    regex_detector_test.go:84: Expected label ITIN, got  ([]), file ITIN.csv:183 data 956 71 5603
    regex_detector_test.go:84: Expected label ITIN, got  ([]), file ITIN.csv:184 data 928-76 9919
    regex_detector_test.go:84: Expected label ITIN, got  ([]), file ITIN.csv:185 data 945-73 8900
    regex_detector_test.go:84: Expected label ITIN, got  ([]), file ITIN.csv:186 data 925 74 3169
    regex_detector_test.go:84: Expected label ITIN, got  ([]), file ITIN.csv:187 data 906-72-3513
    regex_detector_test.go:84: Expected label ITIN, got  ([]), file ITIN.csv:188 data 921 87-0671
    regex_detector_test.go:84: Expected label ITIN, got  ([]), file ITIN.csv:189 data 959 79-0989
    regex_detector_test.go:84: Expected label ITIN, got  ([]), file ITIN.csv:190 data 922-84-2529
    regex_detector_test.go:84: Expected label ITIN, got  ([]), file ITIN.csv:191 data 997 72-7452
    regex_detector_test.go:84: Expected label ITIN, got  ([]), file ITIN.csv:192 data 993 85 0314
    regex_detector_test.go:84: Expected label ITIN, got  ([]), file ITIN.csv:193 data 918 85-6214
    regex_detector_test.go:84: Expected label ITIN, got  ([]), file ITIN.csv:194 data 901 86 7084
    regex_detector_test.go:84: Expected label ITIN, got  ([]), file ITIN.csv:195 data 937 87 9792
    regex_detector_test.go:84: Expected label ITIN, got  ([]), file ITIN.csv:196 data 941 88-3895
    regex_detector_test.go:84: Expected label ITIN, got  ([]), file ITIN.csv:197 data 972 75 0563
    regex_detector_test.go:84: Expected label ITIN, got  ([]), file ITIN.csv:198 data 901 70 1208
    regex_detector_test.go:84: Expected label ITIN, got  ([]), file ITIN.csv:199 data 917 74 8361
    regex_detector_test.go:84: Expected label ITIN, got  ([]), file ITIN.csv:200 data 965 72-1005
    regex_detector_test.go:84: Expected label ITIN, got  ([]), file ITIN.csv:201 data 984 76-3977
    regex_detector_test.go:84: Expected label ITIN, got  ([]), file ITIN.csv:202 data 947 74-7985
    regex_detector_test.go:84: Expected label ITIN, got  ([]), file ITIN.csv:203 data 986 84-6669
    regex_detector_test.go:84: Expected label ITIN, got  ([]), file ITIN.csv:204 data 909 80-5051
    regex_detector_test.go:84: Expected label ITIN, got  ([]), file ITIN.csv:205 data 983 70-6744
    regex_detector_test.go:84: Expected label ITIN, got  ([]), file ITIN.csv:206 data 931 82-9608
    regex_detector_test.go:84: Expected label ITIN, got  ([]), file ITIN.csv:207 data 908 87 4645
    regex_detector_test.go:84: Expected label ITIN, got  ([]), file ITIN.csv:208 data 915 87 0241
    regex_detector_test.go:84: Expected label ITIN, got  ([]), file ITIN.csv:209 data 964-86 5237
    regex_detector_test.go:84: Expected label ITIN, got  ([]), file ITIN.csv:210 data 999 72 0257
    regex_detector_test.go:84: Expected label ITIN, got  ([]), file ITIN.csv:211 data 928 84-4239
    regex_detector_test.go:84: Expected label ITIN, got  ([]), file ITIN.csv:212 data 944-70-8083
    regex_detector_test.go:84: Expected label ITIN, got  ([]), file ITIN.csv:213 data 901-85 8600
    regex_detector_test.go:84: Expected label ITIN, got  ([]), file ITIN.csv:214 data 984-79-7452
    regex_detector_test.go:84: Expected label ITIN, got  ([]), file ITIN.csv:215 data 972-84 5463
    regex_detector_test.go:84: Expected label ITIN, got  ([]), file ITIN.csv:216 data 924-86 3000
    regex_detector_test.go:84: Expected label ITIN, got  ([]), file ITIN.csv:217 data 976 87 2918
    regex_detector_test.go:84: Expected label ITIN, got  ([]), file ITIN.csv:218 data 984-74-1360
    regex_detector_test.go:84: Expected label ITIN, got  ([]), file ITIN.csv:219 data 946-73-1845
    regex_detector_test.go:84: Expected label ITIN, got  ([]), file ITIN.csv:220 data 992 71 4151
    regex_detector_test.go:84: Expected label ITIN, got  ([]), file ITIN.csv:221 data 998 76 2667
    regex_detector_test.go:84: Expected label ITIN, got  ([]), file ITIN.csv:222 data 955 85 1287
    regex_detector_test.go:84: Expected label ITIN, got  ([]), file ITIN.csv:223 data 912-85-7513
    regex_detector_test.go:84: Expected label ITIN, got  ([]), file ITIN.csv:224 data 901-85-7011
    regex_detector_test.go:84: Expected label ITIN, got  ([]), file ITIN.csv:225 data 910 75 7900
    regex_detector_test.go:84: Expected label ITIN, got  ([]), file ITIN.csv:226 data 937 82 3393
    regex_detector_test.go:84: Expected label ITIN, got  ([]), file ITIN.csv:227 data 971-83-3906
    regex_detector_test.go:84: Expected label ITIN, got  ([]), file ITIN.csv:228 data 900-84 9734
    regex_detector_test.go:84: Expected label ITIN, got  ([]), file ITIN.csv:229 data 910 80-2681
    regex_detector_test.go:84: Expected label ITIN, got  ([]), file ITIN.csv:230 data 913-82 2208
    regex_detector_test.go:84: Expected label ITIN, got  ([]), file ITIN.csv:231 data 982-70 2711
    regex_detector_test.go:84: Expected label ITIN, got  ([]), file ITIN.csv:232 data 954 88 6739
    regex_detector_test.go:84: Expected label ITIN, got  ([]), file ITIN.csv:233 data 945-79 0120
    regex_detector_test.go:84: Expected label ITIN, got  ([]), file ITIN.csv:234 data 985-73 6080
    regex_detector_test.go:84: Expected label ITIN, got  ([]), file ITIN.csv:235 data 901-88 9561
    regex_detector_test.go:84: Expected label ITIN, got  ([]), file ITIN.csv:236 data 961-82 9813
    regex_detector_test.go:84: Expected label ITIN, got  ([]), file ITIN.csv:237 data 903 76 0461
    regex_detector_test.go:84: Expected label ITIN, got  ([]), file ITIN.csv:238 data 970 87 3219
    regex_detector_test.go:84: Expected label ITIN, got  ([]), file ITIN.csv:239 data 923-88 8410
    regex_detector_test.go:84: Expected label ITIN, got  ([]), file ITIN.csv:240 data 987 80-6036
    regex_detector_test.go:84: Expected label ITIN, got  ([]), file ITIN.csv:241 data 908 78-3808
    regex_detector_test.go:84: Expected label ITIN, got  ([]), file ITIN.csv:242 data 908 88-5306
    regex_detector_test.go:84: Expected label ITIN, got  ([]), file ITIN.csv:243 data 925-77 5314
    regex_detector_test.go:84: Expected label ITIN, got  ([]), file ITIN.csv:244 data 988 88 2433
    regex_detector_test.go:84: Expected label ITIN, got  ([]), file ITIN.csv:245 data 927 71-2150
    regex_detector_test.go:84: Expected label ITIN, got  ([]), file ITIN.csv:246 data 958 72 4176
    regex_detector_test.go:84: Expected label ITIN, got  ([]), file ITIN.csv:247 data 938 88-4397
    regex_detector_test.go:84: Expected label ITIN, got  ([]), file ITIN.csv:248 data 902 82 7435
    regex_detector_test.go:84: Expected label ITIN, got  ([]), file ITIN.csv:249 data 983-85-9651
    regex_detector_test.go:84: Expected label ITIN, got  ([]), file ITIN.csv:250 data 956-74 2961
    regex_detector_test.go:84: Expected label ITIN, got  ([]), file ITIN.csv:251 data 948-75-8474
    regex_detector_test.go:84: Expected label ITIN, got  ([]), file ITIN.csv:252 data 931 80 9644
    regex_detector_test.go:84: Expected label ITIN, got  ([]), file ITIN.csv:253 data 953 88-5529
    regex_detector_test.go:84: Expected label ITIN, got  ([]), file ITIN.csv:254 data 942-84-5615
    regex_detector_test.go:84: Expected label ITIN, got  ([]), file ITIN.csv:255 data 920 81 5705
    regex_detector_test.go:84: Expected label ITIN, got  ([]), file ITIN.csv:256 data 992-72 4646
    regex_detector_test.go:84: Expected label ITIN, got  ([]), file ITIN.csv:257 data 971 85-4375
    regex_detector_test.go:84: Expected label ITIN, got  ([]), file ITIN.csv:258 data 904-79 1947
    regex_detector_test.go:84: Expected label ITIN, got  ([]), file ITIN.csv:259 data 939-88-0763
    regex_detector_test.go:84: Expected label ITIN, got  ([]), file ITIN.csv:260 data 960 70-1182
    regex_detector_test.go:84: Expected label ITIN, got  ([]), file ITIN.csv:261 data 984 87 1424
    regex_detector_test.go:84: Expected label ITIN, got  ([]), file ITIN.csv:262 data 935-74 7727
    regex_detector_test.go:84: Expected label ITIN, got  ([]), file ITIN.csv:263 data 964-81 0288
    regex_detector_test.go:84: Expected label ITIN, got  ([]), file ITIN.csv:264 data 913 78 6698
    regex_detector_test.go:84: Expected label ITIN, got  ([]), file ITIN.csv:265 data 988 79-8628
    regex_detector_test.go:84: Expected label ITIN, got  ([]), file ITIN.csv:266 data 903-71-4145
    regex_detector_test.go:84: Expected label ITIN, got  ([]), file ITIN.csv:267 data 946-85-5090
    regex_detector_test.go:84: Expected label ITIN, got  ([]), file ITIN.csv:268 data 954 78-5318
    regex_detector_test.go:84: Expected label ITIN, got  ([]), file ITIN.csv:269 data 935-74 8911
    regex_detector_test.go:84: Expected label ITIN, got  ([]), file ITIN.csv:270 data 994 76-7079
    regex_detector_test.go:84: Expected label ITIN, got  ([]), file ITIN.csv:271 data 989-77-5921
    regex_detector_test.go:84: Expected label ITIN, got  ([]), file ITIN.csv:272 data 935-79 5295
    regex_detector_test.go:84: Expected label ITIN, got  ([]), file ITIN.csv:273 data 994 78-7720
    regex_detector_test.go:84: Expected label ITIN, got  ([]), file ITIN.csv:274 data 915 77-8412
    regex_detector_test.go:84: Expected label ITIN, got  ([]), file ITIN.csv:275 data 940-76 9491
    regex_detector_test.go:84: Expected label ITIN, got  ([]), file ITIN.csv:276 data 911 82-1312
    regex_detector_test.go:84: Expected label ITIN, got  ([]), file ITIN.csv:277 data 915-75-4883
    regex_detector_test.go:84: Expected label ITIN, got  ([]), file ITIN.csv:278 data 977-73-7086
    regex_detector_test.go:84: Expected label ITIN, got  ([]), file ITIN.csv:279 data 965-74-5462
    regex_detector_test.go:84: Expected label ITIN, got  ([]), file ITIN.csv:280 data 930 70-6105
    regex_detector_test.go:84: Expected label ITIN, got  ([]), file ITIN.csv:281 data 999 81 6540
    regex_detector_test.go:84: Expected label ITIN, got  ([]), file ITIN.csv:282 data 973 71 0903
    regex_detector_test.go:84: Expected label ITIN, got  ([]), file ITIN.csv:283 data 972-88 4952
    regex_detector_test.go:84: Expected label ITIN, got  ([]), file ITIN.csv:284 data 993 87 5746
    regex_detector_test.go:84: Expected label ITIN, got  ([]), file ITIN.csv:285 data 995-85 9801
    regex_detector_test.go:84: Expected label ITIN, got  ([]), file ITIN.csv:286 data 908 79-7006
    regex_detector_test.go:84: Expected label ITIN, got  ([]), file ITIN.csv:287 data 961-85-1291
    regex_detector_test.go:84: Expected label ITIN, got  ([]), file ITIN.csv:288 data 943-82-3307
    regex_detector_test.go:84: Expected label ITIN, got  ([]), file ITIN.csv:289 data 912 75 2253
    regex_detector_test.go:84: Expected label ITIN, got  ([]), file ITIN.csv:290 data 991 71-0812
    regex_detector_test.go:84: Expected label ITIN, got  ([]), file ITIN.csv:291 data 934-77 4756
    regex_detector_test.go:84: Expected label ITIN, got  ([]), file ITIN.csv:292 data 931-84-3700
    regex_detector_test.go:84: Expected label ITIN, got  ([]), file ITIN.csv:293 data 929-88-3567
    regex_detector_test.go:84: Expected label ITIN, got  ([]), file ITIN.csv:294 data 959-86-1978
    regex_detector_test.go:84: Expected label ITIN, got  ([]), file ITIN.csv:295 data 907 88 5259
    regex_detector_test.go:84: Expected label ITIN, got  ([]), file ITIN.csv:296 data 997-88 6944
    regex_detector_test.go:84: Expected label ITIN, got  ([]), file ITIN.csv:297 data 940-80-0979
    regex_detector_test.go:84: Expected label ITIN, got  ([]), file ITIN.csv:298 data 920-82 8056
    regex_detector_test.go:84: Expected label ITIN, got  ([]), file ITIN.csv:299 data 966-84 8157
    regex_detector_test.go:84: Expected label ITIN, got  ([]), file ITIN.csv:300 data 977-87 0233
    regex_detector_test.go:84: Expected label ITIN, got  ([]), file ITIN.csv:301 data 964 72 7696
    regex_detector_test.go:84: Expected label ITIN, got  ([]), file ITIN.csv:302 data 936 71-7157
    regex_detector_test.go:84: Expected label ITIN, got  ([]), file ITIN.csv:303 data 989 82-1875
    regex_detector_test.go:84: Expected label ITIN, got  ([]), file ITIN.csv:304 data 936 76-7224
    regex_detector_test.go:84: Expected label ITIN, got  ([]), file ITIN.csv:305 data 934 76-3125
    regex_detector_test.go:84: Expected label ITIN, got  ([]), file ITIN.csv:306 data 980 87-4069
    regex_detector_test.go:84: Expected label ITIN, got  ([]), file ITIN.csv:307 data 986 73-6728
    regex_detector_test.go:84: Expected label ITIN, got  ([]), file ITIN.csv:308 data 950-76 2305
    regex_detector_test.go:84: Expected label ITIN, got  ([]), file ITIN.csv:309 data 930 85-6523
    regex_detector_test.go:84: Expected label ITIN, got  ([]), file ITIN.csv:310 data 951 80-1470
    regex_detector_test.go:84: Expected label ITIN, got  ([]), file ITIN.csv:311 data 926-84 0512
    regex_detector_test.go:84: Expected label ITIN, got  ([]), file ITIN.csv:312 data 991-71-5613
    regex_detector_test.go:84: Expected label ITIN, got  ([]), file ITIN.csv:313 data 963 77 8685
    regex_detector_test.go:84: Expected label ITIN, got  ([]), file ITIN.csv:314 data 996-83 5633
    regex_detector_test.go:84: Expected label ITIN, got  ([]), file ITIN.csv:315 data 946 83-6304
    regex_detector_test.go:84: Expected label ITIN, got  ([]), file ITIN.csv:316 data 974 78 1211
    regex_detector_test.go:84: Expected label ITIN, got  ([]), file ITIN.csv:317 data 990-74-2448
    regex_detector_test.go:84: Expected label ITIN, got  ([]), file ITIN.csv:318 data 975-78-5152
    regex_detector_test.go:84: Expected label ITIN, got  ([]), file ITIN.csv:319 data 934-70-0764
    regex_detector_test.go:84: Expected label ITIN, got  ([]), file ITIN.csv:320 data 931 72-1478
    regex_detector_test.go:84: Expected label ITIN, got  ([]), file ITIN.csv:321 data 947-88 6696
    regex_detector_test.go:84: Expected label ITIN, got  ([]), file ITIN.csv:322 data 989 71 5155
    regex_detector_test.go:84: Expected label ITIN, got  ([]), file ITIN.csv:323 data 981-84 2841
    regex_detector_test.go:84: Expected label ITIN, got  ([]), file ITIN.csv:324 data 927 80-6442
    regex_detector_test.go:84: Expected label ITIN, got  ([]), file ITIN.csv:325 data 925 70 7058
    regex_detector_test.go:84: Expected label ITIN, got  ([]), file ITIN.csv:326 data 981 78-2256
    regex_detector_test.go:84: Expected label ITIN, got  ([]), file ITIN.csv:327 data 988-85 4011
    regex_detector_test.go:84: Expected label ITIN, got  ([]), file ITIN.csv:328 data 921-86-9808
    regex_detector_test.go:84: Expected label ITIN, got  ([]), file ITIN.csv:329 data 921 87-6290
    regex_detector_test.go:84: Expected label ITIN, got  ([]), file ITIN.csv:330 data 991 77 2472
    regex_detector_test.go:84: Expected label ITIN, got  ([]), file ITIN.csv:331 data 972-79-1082
    regex_detector_test.go:84: Expected label ITIN, got  ([]), file ITIN.csv:332 data 993-77-6359
    regex_detector_test.go:84: Expected label ITIN, got  ([]), file ITIN.csv:333 data 981-76-3995
    regex_detector_test.go:84: Expected label ITIN, got  ([]), file ITIN.csv:334 data 900 78-5768
    regex_detector_test.go:84: Expected label ITIN, got  ([]), file ITIN.csv:335 data 901-71-1141
    regex_detector_test.go:84: Expected label ITIN, got  ([]), file ITIN.csv:336 data 962 71 5065
    regex_detector_test.go:84: Expected label ITIN, got  ([]), file ITIN.csv:337 data 903 78-3118
    regex_detector_test.go:84: Expected label ITIN, got  ([]), file ITIN.csv:338 data 980-75-6744
    regex_detector_test.go:84: Expected label ITIN, got  ([]), file ITIN.csv:339 data 931-81-5461
    regex_detector_test.go:84: Expected label ITIN, got  ([]), file ITIN.csv:340 data 930 71-4753
    regex_detector_test.go:84: Expected label ITIN, got  ([]), file ITIN.csv:341 data 920-71 2539
    regex_detector_test.go:84: Expected label ITIN, got  ([]), file ITIN.csv:342 data 988 78 4983
    regex_detector_test.go:84: Expected label ITIN, got  ([]), file ITIN.csv:343 data 998 80 5280
    regex_detector_test.go:84: Expected label ITIN, got  ([]), file ITIN.csv:344 data 997 86-3145
    regex_detector_test.go:84: Expected label ITIN, got  ([]), file ITIN.csv:345 data 929-72 6135
    regex_detector_test.go:84: Expected label ITIN, got  ([]), file ITIN.csv:346 data 991-82 4067
    regex_detector_test.go:84: Expected label ITIN, got  ([]), file ITIN.csv:347 data 998-74 2335
    regex_detector_test.go:84: Expected label ITIN, got  ([]), file ITIN.csv:348 data 944-71-4337
    regex_detector_test.go:84: Expected label ITIN, got  ([]), file ITIN.csv:349 data 936-79-4767
    regex_detector_test.go:84: Expected label ITIN, got  ([]), file ITIN.csv:350 data 908-72 8355
    regex_detector_test.go:84: Expected label ITIN, got  ([]), file ITIN.csv:351 data 932 75 4266
    regex_detector_test.go:84: Expected label ITIN, got  ([]), file ITIN.csv:352 data 905 76-6884
    regex_detector_test.go:84: Expected label ITIN, got  ([]), file ITIN.csv:353 data 996 80-6852
    regex_detector_test.go:84: Expected label ITIN, got  ([]), file ITIN.csv:354 data 991 88 7569
    regex_detector_test.go:84: Expected label ITIN, got  ([]), file ITIN.csv:355 data 990 79 0160
    regex_detector_test.go:84: Expected label ITIN, got  ([]), file ITIN.csv:356 data 931 72 8561
    regex_detector_test.go:84: Expected label ITIN, got  ([]), file ITIN.csv:357 data 971-74 0750
    regex_detector_test.go:84: Expected label ITIN, got  ([]), file ITIN.csv:358 data 945-84 2784
    regex_detector_test.go:84: Expected label ITIN, got  ([]), file ITIN.csv:359 data 918-82 9985
    regex_detector_test.go:84: Expected label ITIN, got  ([]), file ITIN.csv:360 data 912 73 6229
    regex_detector_test.go:84: Expected label ITIN, got  ([]), file ITIN.csv:361 data 906-85-9262
    regex_detector_test.go:84: Expected label ITIN, got  ([]), file ITIN.csv:362 data 954 81-0118
    regex_detector_test.go:84: Expected label ITIN, got  ([]), file ITIN.csv:363 data 920 84-8239
    regex_detector_test.go:84: Expected label ITIN, got  ([]), file ITIN.csv:364 data 935-71 6528
    regex_detector_test.go:84: Expected label ITIN, got  ([]), file ITIN.csv:365 data 993 78 8033
    regex_detector_test.go:84: Expected label ITIN, got  ([]), file ITIN.csv:366 data 979 77-6598
    regex_detector_test.go:84: Expected label ITIN, got  ([]), file ITIN.csv:367 data 922-83 5699
    regex_detector_test.go:84: Expected label ITIN, got  ([]), file ITIN.csv:368 data 981 83 5278
    regex_detector_test.go:84: Expected label ITIN, got  ([]), file ITIN.csv:369 data 911 74-1766
    regex_detector_test.go:84: Expected label ITIN, got  ([]), file ITIN.csv:370 data 952-81 9584
    regex_detector_test.go:84: Expected label ITIN, got  ([]), file ITIN.csv:371 data 974 80 1129
    regex_detector_test.go:84: Expected label ITIN, got  ([]), file ITIN.csv:372 data 945 71 0558
    regex_detector_test.go:84: Expected label ITIN, got  ([]), file ITIN.csv:373 data 991-77-4508
    regex_detector_test.go:84: Expected label ITIN, got  ([]), file ITIN.csv:374 data 924-88-3134
    regex_detector_test.go:84: Expected label ITIN, got  ([]), file ITIN.csv:375 data 935 77 7176
    regex_detector_test.go:84: Expected label ITIN, got  ([]), file ITIN.csv:376 data 947-82 1916
    regex_detector_test.go:84: Expected label ITIN, got  ([]), file ITIN.csv:377 data 957-79-0638
    regex_detector_test.go:84: Expected label ITIN, got  ([]), file ITIN.csv:378 data 975-75 8067
    regex_detector_test.go:84: Expected label ITIN, got  ([]), file ITIN.csv:379 data 951-83 6760
    regex_detector_test.go:84: Expected label ITIN, got  ([]), file ITIN.csv:380 data 917 83 0260
    regex_detector_test.go:84: Expected label ITIN, got  ([]), file ITIN.csv:381 data 928 76 5168
    regex_detector_test.go:84: Expected label ITIN, got  ([]), file ITIN.csv:382 data 910 83 1123
    regex_detector_test.go:84: Expected label ITIN, got  ([]), file ITIN.csv:383 data 905 79-4833
    regex_detector_test.go:84: Expected label ITIN, got  ([]), file ITIN.csv:384 data 910-72-7998
    regex_detector_test.go:84: Expected label ITIN, got  ([]), file ITIN.csv:385 data 984 71-8685
    regex_detector_test.go:84: Expected label ITIN, got  ([]), file ITIN.csv:386 data 983-78-4943
    regex_detector_test.go:84: Expected label ITIN, got  ([]), file ITIN.csv:387 data 950 84-4007
    regex_detector_test.go:84: Expected label ITIN, got  ([]), file ITIN.csv:388 data 909-81 1754
    regex_detector_test.go:84: Expected label ITIN, got  ([]), file ITIN.csv:389 data 931 87-3803
    regex_detector_test.go:84: Expected label ITIN, got  ([]), file ITIN.csv:390 data 948 70 5276
    regex_detector_test.go:84: Expected label ITIN, got  ([]), file ITIN.csv:391 data 938 88-4337
    regex_detector_test.go:84: Expected label ITIN, got  ([]), file ITIN.csv:392 data 966 79-5273
    regex_detector_test.go:84: Expected label ITIN, got  ([]), file ITIN.csv:393 data 906-87 5277
    regex_detector_test.go:84: Expected label ITIN, got  ([]), file ITIN.csv:394 data 951 88 1803
    regex_detector_test.go:84: Expected label ITIN, got  ([]), file ITIN.csv:395 data 998 73 6548
    regex_detector_test.go:84: Expected label ITIN, got  ([]), file ITIN.csv:396 data 903 73 4770
    regex_detector_test.go:84: Expected label ITIN, got  ([]), file ITIN.csv:397 data 958 79-9151
    regex_detector_test.go:84: Expected label ITIN, got  ([]), file ITIN.csv:398 data 997-81 5588
    regex_detector_test.go:84: Expected label ITIN, got  ([]), file ITIN.csv:399 data 995 80 1587
    regex_detector_test.go:84: Expected label ITIN, got  ([]), file ITIN.csv:400 data 902-72-7916
    regex_detector_test.go:84: Expected label ITIN, got  ([]), file ITIN.csv:401 data 925-82-0586
    regex_detector_test.go:84: Expected label ITIN, got  ([]), file ITIN.csv:402 data 914-83-0042
    regex_detector_test.go:84: Expected label ITIN, got  ([]), file ITIN.csv:403 data 970-88 5948
    regex_detector_test.go:84: Expected label ITIN, got  ([]), file ITIN.csv:404 data 913 80-6361
    regex_detector_test.go:84: Expected label ITIN, got  ([]), file ITIN.csv:405 data 993-83 3590
    regex_detector_test.go:84: Expected label ITIN, got  ([]), file ITIN.csv:406 data 909-83 9658
    regex_detector_test.go:84: Expected label ITIN, got  ([]), file ITIN.csv:407 data 906 74-5523
    regex_detector_test.go:84: Expected label ITIN, got  ([]), file ITIN.csv:408 data 996-74-7544
    regex_detector_test.go:84: Expected label ITIN, got  ([]), file ITIN.csv:409 data 908-82 2164
    regex_detector_test.go:84: Expected label ITIN, got  ([]), file ITIN.csv:410 data 952-84 0304
    regex_detector_test.go:84: Expected label ITIN, got  ([]), file ITIN.csv:411 data 983-71-1760
    regex_detector_test.go:84: Expected label ITIN, got  ([]), file ITIN.csv:412 data 961 85 4622
    regex_detector_test.go:84: Expected label ITIN, got  ([]), file ITIN.csv:413 data 914-73-7644
    regex_detector_test.go:84: Expected label ITIN, got  ([]), file ITIN.csv:414 data 984-87-6179
    regex_detector_test.go:84: Expected label ITIN, got  ([]), file ITIN.csv:415 data 994 74 4556
    regex_detector_test.go:84: Expected label ITIN, got  ([]), file ITIN.csv:416 data 907 77 6096
    regex_detector_test.go:84: Expected label ITIN, got  ([]), file ITIN.csv:417 data 941 76 0200
    regex_detector_test.go:84: Expected label ITIN, got  ([]), file ITIN.csv:418 data 992 81-5791
    regex_detector_test.go:84: Expected label ITIN, got  ([]), file ITIN.csv:419 data 958-81 8351
    regex_detector_test.go:84: Expected label ITIN, got  ([]), file ITIN.csv:420 data 922 79-1413
    regex_detector_test.go:84: Expected label ITIN, got  ([]), file ITIN.csv:421 data 903 77 9719
    regex_detector_test.go:84: Expected label ITIN, got  ([]), file ITIN.csv:422 data 979 72 8689
    regex_detector_test.go:84: Expected label ITIN, got  ([]), file ITIN.csv:423 data 911 80-6665
    regex_detector_test.go:84: Expected label ITIN, got  ([]), file ITIN.csv:424 data 989-78-0019
    regex_detector_test.go:84: Expected label ITIN, got  ([]), file ITIN.csv:425 data 916-77-8197
    regex_detector_test.go:84: Expected label ITIN, got  ([]), file ITIN.csv:426 data 936-79-3732
    regex_detector_test.go:84: Expected label ITIN, got  ([]), file ITIN.csv:427 data 935 88-8238
    regex_detector_test.go:84: Expected label ITIN, got  ([]), file ITIN.csv:428 data 905-75-0598
    regex_detector_test.go:84: Expected label ITIN, got  ([]), file ITIN.csv:429 data 981 72-6300
    regex_detector_test.go:84: Expected label ITIN, got  ([]), file ITIN.csv:430 data 918 86 4615
    regex_detector_test.go:84: Expected label ITIN, got  ([]), file ITIN.csv:431 data 943 75-1349
    regex_detector_test.go:84: Expected label ITIN, got  ([]), file ITIN.csv:432 data 981 85 3509
    regex_detector_test.go:84: Expected label ITIN, got  ([]), file ITIN.csv:433 data 903-82-3004
    regex_detector_test.go:84: Expected label ITIN, got  ([]), file ITIN.csv:434 data 998-77-3954
    regex_detector_test.go:84: Expected label ITIN, got  ([]), file ITIN.csv:435 data 950-75 6335
    regex_detector_test.go:84: Expected label ITIN, got  ([]), file ITIN.csv:436 data 997 86-8523
    regex_detector_test.go:84: Expected label ITIN, got  ([]), file ITIN.csv:437 data 934-74 2594
    regex_detector_test.go:84: Expected label ITIN, got  ([]), file ITIN.csv:438 data 911 74-1694
    regex_detector_test.go:84: Expected label ITIN, got  ([]), file ITIN.csv:439 data 948 74 7296
    regex_detector_test.go:84: Expected label ITIN, got  ([]), file ITIN.csv:440 data 972-80 6763
    regex_detector_test.go:84: Expected label ITIN, got  ([]), file ITIN.csv:441 data 947-78 6382
    regex_detector_test.go:84: Expected label ITIN, got  ([]), file ITIN.csv:442 data 948 85-6702
    regex_detector_test.go:84: Expected label ITIN, got  ([]), file ITIN.csv:443 data 966 74 2071
    regex_detector_test.go:84: Expected label ITIN, got  ([]), file ITIN.csv:444 data 998-74-3432
    regex_detector_test.go:84: Expected label ITIN, got  ([]), file ITIN.csv:445 data 925 84 5724
    regex_detector_test.go:84: Expected label ITIN, got  ([]), file ITIN.csv:446 data 937-71-0218
    regex_detector_test.go:84: Expected label ITIN, got  ([]), file ITIN.csv:447 data 971-78 8421
    regex_detector_test.go:84: Expected label ITIN, got  ([]), file ITIN.csv:448 data 926 80-8944
    regex_detector_test.go:84: Expected label ITIN, got  ([]), file ITIN.csv:449 data 981 74-4592
    regex_detector_test.go:84: Expected label ITIN, got  ([]), file ITIN.csv:450 data 980 80-7782
    regex_detector_test.go:84: Expected label ITIN, got  ([]), file ITIN.csv:451 data 922 76-4493
    regex_detector_test.go:84: Expected label ITIN, got  ([]), file ITIN.csv:452 data 940-70 6286
    regex_detector_test.go:84: Expected label ITIN, got  ([]), file ITIN.csv:453 data 953 77 0002
    regex_detector_test.go:84: Expected label ITIN, got  ([]), file ITIN.csv:454 data 908 88-8866
    regex_detector_test.go:84: Expected label ITIN, got  ([]), file ITIN.csv:455 data 941-75-6648
    regex_detector_test.go:84: Expected label ITIN, got  ([]), file ITIN.csv:456 data 989-79 1488
    regex_detector_test.go:84: Expected label ITIN, got  ([]), file ITIN.csv:457 data 967 79 2130
    regex_detector_test.go:84: Expected label ITIN, got  ([]), file ITIN.csv:458 data 957-71-1184
    regex_detector_test.go:84: Expected label ITIN, got  ([]), file ITIN.csv:459 data 984 80 5061
    regex_detector_test.go:84: Expected label ITIN, got  ([]), file ITIN.csv:460 data 992-88-1789
    regex_detector_test.go:84: Expected label ITIN, got  ([]), file ITIN.csv:461 data 921 82-0586
    regex_detector_test.go:84: Expected label ITIN, got  ([]), file ITIN.csv:462 data 904-71-0976
    regex_detector_test.go:84: Expected label ITIN, got  ([]), file ITIN.csv:463 data 934 88 1296
    regex_detector_test.go:84: Expected label ITIN, got  ([]), file ITIN.csv:464 data 930 74 8983
    regex_detector_test.go:84: Expected label ITIN, got  ([]), file ITIN.csv:465 data 974-82 1104
    regex_detector_test.go:84: Expected label ITIN, got  ([]), file ITIN.csv:466 data 966-77 3549
    regex_detector_test.go:84: Expected label ITIN, got  ([]), file ITIN.csv:467 data 955-70 6948
    regex_detector_test.go:84: Expected label ITIN, got  ([]), file ITIN.csv:468 data 940 82 0532
    regex_detector_test.go:84: Expected label ITIN, got  ([]), file ITIN.csv:469 data 900-79 6355
    regex_detector_test.go:84: Expected label ITIN, got  ([]), file ITIN.csv:470 data 954-72 8657
    regex_detector_test.go:84: Expected label ITIN, got  ([]), file ITIN.csv:471 data 945 73 3645
    regex_detector_test.go:84: Expected label ITIN, got  ([]), file ITIN.csv:472 data 917-77 8108
    regex_detector_test.go:84: Expected label ITIN, got  ([]), file ITIN.csv:473 data 917 81-0843
    regex_detector_test.go:84: Expected label ITIN, got  ([]), file ITIN.csv:474 data 935-72 4122
    regex_detector_test.go:84: Expected label ITIN, got  ([]), file ITIN.csv:475 data 963-75-1394
    regex_detector_test.go:84: Expected label ITIN, got  ([]), file ITIN.csv:476 data 930 81-7008
    regex_detector_test.go:84: Expected label ITIN, got  ([]), file ITIN.csv:477 data 970 78-4748
    regex_detector_test.go:84: Expected label ITIN, got  ([]), file ITIN.csv:478 data 931 80-0115
    regex_detector_test.go:84: Expected label ITIN, got  ([]), file ITIN.csv:479 data 954-72-6375
    regex_detector_test.go:84: Expected label ITIN, got  ([]), file ITIN.csv:480 data 944 83 3118
    regex_detector_test.go:84: Expected label ITIN, got  ([]), file ITIN.csv:481 data 928-88 3474
    regex_detector_test.go:84: Expected label ITIN, got  ([]), file ITIN.csv:482 data 988-74-3364
    regex_detector_test.go:84: Expected label ITIN, got  ([]), file ITIN.csv:483 data 954 88-4374
    regex_detector_test.go:84: Expected label ITIN, got  ([]), file ITIN.csv:484 data 946 70-7049
    regex_detector_test.go:84: Expected label ITIN, got  ([]), file ITIN.csv:485 data 985-86-7090
    regex_detector_test.go:84: Expected label ITIN, got  ([]), file ITIN.csv:486 data 904-71-1849
    regex_detector_test.go:84: Expected label ITIN, got  ([]), file ITIN.csv:487 data 955-70-4717
    regex_detector_test.go:84: Expected label ITIN, got  ([]), file ITIN.csv:488 data 995-88-2333
    regex_detector_test.go:84: Expected label ITIN, got  ([]), file ITIN.csv:489 data 990-88-9864
    regex_detector_test.go:84: Expected label ITIN, got  ([]), file ITIN.csv:490 data 999 86 4310
    regex_detector_test.go:84: Expected label ITIN, got  ([]), file ITIN.csv:491 data 986-71 2542
    regex_detector_test.go:84: Expected label ITIN, got  ([]), file ITIN.csv:492 data 900 79-2070
    regex_detector_test.go:84: Expected label ITIN, got  ([]), file ITIN.csv:493 data 989 85-4663
    regex_detector_test.go:84: Expected label ITIN, got  ([]), file ITIN.csv:494 data 930 81-2370
    regex_detector_test.go:84: Expected label ITIN, got  ([]), file ITIN.csv:495 data 969 75 5076
    regex_detector_test.go:84: Expected label ITIN, got  ([]), file ITIN.csv:496 data 916-70-0151
    regex_detector_test.go:84: Expected label ITIN, got  ([]), file ITIN.csv:497 data 906-70 2641
    regex_detector_test.go:84: Expected label ITIN, got  ([]), file ITIN.csv:498 data 904 80 0365
    regex_detector_test.go:84: Expected label ITIN, got  ([]), file ITIN.csv:499 data 940 83 6349
    regex_detector_test.go:84: Expected label ITIN, got  ([]), file ITIN.csv:500 data 958-73-4070
    regex_detector_test.go:84: Expected label ITIN, got  ([]), file ITIN.csv:501 data 996 77 0001
    regex_detector_test.go:84: Expected label ITIN, got  ([]), file ITIN.csv:502 data 942-73-0600
    regex_detector_test.go:84: Expected label ITIN, got  ([]), file ITIN.csv:503 data 929-76 7220
    regex_detector_test.go:84: Expected label ITIN, got  ([]), file ITIN.csv:504 data 901 80 0450
    regex_detector_test.go:84: Expected label ITIN, got  ([]), file ITIN.csv:505 data 902-70 6306
    regex_detector_test.go:84: Expected label ITIN, got  ([]), file ITIN.csv:506 data 928-73-1132
    regex_detector_test.go:84: Expected label ITIN, got  ([]), file ITIN.csv:507 data 958-88 3894
    regex_detector_test.go:84: Expected label ITIN, got  ([]), file ITIN.csv:508 data 973 76 6421
    regex_detector_test.go:84: Expected label ITIN, got  ([]), file ITIN.csv:509 data 904 84-4634
    regex_detector_test.go:84: Expected label ITIN, got  ([]), file ITIN.csv:510 data 960 80-7142
    regex_detector_test.go:84: Expected label ITIN, got  ([]), file ITIN.csv:511 data 956-77 4418
    regex_detector_test.go:84: Expected label ITIN, got  ([]), file ITIN.csv:512 data 948 75 8966
    regex_detector_test.go:84: Expected label ITIN, got  ([]), file ITIN.csv:513 data 948 82 0361
    regex_detector_test.go:84: Expected label ITIN, got  ([]), file ITIN.csv:514 data 907-72 4129
    regex_detector_test.go:84: Expected label ITIN, got  ([]), file ITIN.csv:515 data 948 75 9219
    regex_detector_test.go:84: Expected label ITIN, got  ([]), file ITIN.csv:516 data 924 79-6373
    regex_detector_test.go:84: Expected label ITIN, got  ([]), file ITIN.csv:517 data 957-85 0062
    regex_detector_test.go:84: Expected label ITIN, got  ([]), file ITIN.csv:518 data 991-70 1660
    regex_detector_test.go:84: Expected label ITIN, got  ([]), file ITIN.csv:519 data 984 71 3039
    regex_detector_test.go:84: Expected label ITIN, got  ([]), file ITIN.csv:520 data 933-77 9141
    regex_detector_test.go:84: Expected label ITIN, got  ([]), file ITIN.csv:521 data 958-85 7945
    regex_detector_test.go:84: Expected label ITIN, got  ([]), file ITIN.csv:522 data 947-78 7090
    regex_detector_test.go:84: Expected label ITIN, got  ([]), file ITIN.csv:523 data 969 86-8606
    regex_detector_test.go:84: Expected label ITIN, got  ([]), file ITIN.csv:524 data 997 82 2197
    regex_detector_test.go:84: Expected label ITIN, got  ([]), file ITIN.csv:525 data 900-78 7130
    regex_detector_test.go:84: Expected label ITIN, got  ([]), file ITIN.csv:526 data 900-80-1527
    regex_detector_test.go:84: Expected label ITIN, got  ([]), file ITIN.csv:527 data 954-74-9533
    regex_detector_test.go:84: Expected label ITIN, got  ([]), file ITIN.csv:528 data 910 88-1008
    regex_detector_test.go:84: Expected label ITIN, got  ([]), file ITIN.csv:529 data 951 85-7231
    regex_detector_test.go:84: Expected label ITIN, got  ([]), file ITIN.csv:530 data 904 79-3572
    regex_detector_test.go:84: Expected label ITIN, got  ([]), file ITIN.csv:531 data 930-80 7240
    regex_detector_test.go:84: Expected label ITIN, got  ([]), file ITIN.csv:532 data 960-72-8075
    regex_detector_test.go:84: Expected label ITIN, got  ([]), file ITIN.csv:533 data 900-87 9047
    regex_detector_test.go:84: Expected label ITIN, got  ([]), file ITIN.csv:534 data 904 88 0431
    regex_detector_test.go:84: Expected label ITIN, got  ([]), file ITIN.csv:535 data 992 70 3362
    regex_detector_test.go:84: Expected label ITIN, got  ([]), file ITIN.csv:536 data 946-84 5435
    regex_detector_test.go:84: Expected label ITIN, got  ([]), file ITIN.csv:537 data 979-72 8038
    regex_detector_test.go:84: Expected label ITIN, got  ([]), file ITIN.csv:538 data 994 73 4136
    regex_detector_test.go:84: Expected label ITIN, got  ([]), file ITIN.csv:539 data 912-75 0121
    regex_detector_test.go:84: Expected label ITIN, got  ([]), file ITIN.csv:540 data 961 75 2897
    regex_detector_test.go:84: Expected label ITIN, got  ([]), file ITIN.csv:541 data 910 81-1014
    regex_detector_test.go:84: Expected label ITIN, got  ([]), file ITIN.csv:542 data 973 79 3980
    regex_detector_test.go:84: Expected label ITIN, got  ([]), file ITIN.csv:543 data 935-72 0706
    regex_detector_test.go:84: Expected label ITIN, got  ([]), file ITIN.csv:544 data 982-70-1034
    regex_detector_test.go:84: Expected label ITIN, got  ([]), file ITIN.csv:545 data 940-88 7615
    regex_detector_test.go:84: Expected label ITIN, got  ([]), file ITIN.csv:546 data 927 79-8029
    regex_detector_test.go:84: Expected label ITIN, got  ([]), file ITIN.csv:547 data 955 70 3638
    regex_detector_test.go:84: Expected label ITIN, got  ([]), file ITIN.csv:548 data 990 76-5761
    regex_detector_test.go:84: Expected label ITIN, got  ([]), file ITIN.csv:549 data 938 88 2002
    regex_detector_test.go:84: Expected label ITIN, got  ([]), file ITIN.csv:550 data 983 72 5181
    regex_detector_test.go:84: Expected label ITIN, got  ([]), file ITIN.csv:551 data 904 81 0676
    regex_detector_test.go:84: Expected label ITIN, got  ([]), file ITIN.csv:552 data 962-80-0241
    regex_detector_test.go:84: Expected label ITIN, got  ([]), file ITIN.csv:553 data 915-85-3090
    regex_detector_test.go:84: Expected label ITIN, got  ([]), file ITIN.csv:554 data 940-78 7457
    regex_detector_test.go:84: Expected label ITIN, got  ([]), file ITIN.csv:555 data 901 77 2630
    regex_detector_test.go:84: Expected label ITIN, got  ([]), file ITIN.csv:556 data 985-73-5060
    regex_detector_test.go:84: Expected label ITIN, got  ([]), file ITIN.csv:557 data 931 85 6107
    regex_detector_test.go:84: Expected label ITIN, got  ([]), file ITIN.csv:558 data 922-71-9068
    regex_detector_test.go:84: Expected label ITIN, got  ([]), file ITIN.csv:559 data 902-88 9584
    regex_detector_test.go:84: Expected label ITIN, got  ([]), file ITIN.csv:560 data 937-76-9982
    regex_detector_test.go:84: Expected label ITIN, got  ([]), file ITIN.csv:561 data 910 71-7090
    regex_detector_test.go:84: Expected label ITIN, got  ([]), file ITIN.csv:562 data 912 88 7465
    regex_detector_test.go:84: Expected label ITIN, got  ([]), file ITIN.csv:563 data 996-71-0837
    regex_detector_test.go:84: Expected label ITIN, got  ([]), file ITIN.csv:564 data 933-71-3292
    regex_detector_test.go:84: Expected label ITIN, got  ([]), file ITIN.csv:565 data 991 72 5719
    regex_detector_test.go:84: Expected label ITIN, got  ([]), file ITIN.csv:566 data 937 78 4204
    regex_detector_test.go:84: Expected label ITIN, got  ([]), file ITIN.csv:567 data 969 82 3036
    regex_detector_test.go:84: Expected label ITIN, got  ([]), file ITIN.csv:568 data 930 71-9873
    regex_detector_test.go:84: Expected label ITIN, got  ([]), file ITIN.csv:569 data 954 82 9710
    regex_detector_test.go:84: Expected label ITIN, got  ([]), file ITIN.csv:570 data 901 71 9066
    regex_detector_test.go:84: Expected label ITIN, got  ([]), file ITIN.csv:571 data 959 71-3851
    regex_detector_test.go:84: Expected label ITIN, got  ([]), file ITIN.csv:572 data 922 83 4006
    regex_detector_test.go:84: Expected label ITIN, got  ([]), file ITIN.csv:573 data 984 70-1030
    regex_detector_test.go:84: Expected label ITIN, got  ([]), file ITIN.csv:574 data 925-86-0563
    regex_detector_test.go:84: Expected label ITIN, got  ([]), file ITIN.csv:575 data 978-80-8796
    regex_detector_test.go:84: Expected label ITIN, got  ([]), file ITIN.csv:576 data 981 88-8986
    regex_detector_test.go:84: Expected label ITIN, got  ([]), file ITIN.csv:577 data 905 76-6090
    regex_detector_test.go:84: Expected label ITIN, got  ([]), file ITIN.csv:578 data 969-70 1427
    regex_detector_test.go:84: Expected label ITIN, got  ([]), file ITIN.csv:579 data 973 71 8748
    regex_detector_test.go:84: Expected label ITIN, got  ([]), file ITIN.csv:580 data 959 86-7460
    regex_detector_test.go:84: Expected label ITIN, got  ([]), file ITIN.csv:581 data 919-79 1709
    regex_detector_test.go:84: Expected label ITIN, got  ([]), file ITIN.csv:582 data 901 88-4163
    regex_detector_test.go:84: Expected label ITIN, got  ([]), file ITIN.csv:583 data 979 76 5300
    regex_detector_test.go:84: Expected label ITIN, got  ([]), file ITIN.csv:584 data 912-77-2163
    regex_detector_test.go:84: Expected label ITIN, got  ([]), file ITIN.csv:585 data 938 78 9016
    regex_detector_test.go:84: Expected label ITIN, got  ([]), file ITIN.csv:586 data 977-87-9315
    regex_detector_test.go:84: Expected label ITIN, got  ([]), file ITIN.csv:587 data 924 70 4929
    regex_detector_test.go:84: Expected label ITIN, got  ([]), file ITIN.csv:588 data 989-79-0140
    regex_detector_test.go:84: Expected label ITIN, got  ([]), file ITIN.csv:589 data 937-72-0775
    regex_detector_test.go:84: Expected label ITIN, got  ([]), file ITIN.csv:590 data 942-81 4653
    regex_detector_test.go:84: Expected label ITIN, got  ([]), file ITIN.csv:591 data 906-88 9408
    regex_detector_test.go:84: Expected label ITIN, got  ([]), file ITIN.csv:592 data 928 70-6350
    regex_detector_test.go:84: Expected label ITIN, got  ([]), file ITIN.csv:593 data 953 81-4623
    regex_detector_test.go:84: Expected label ITIN, got  ([]), file ITIN.csv:594 data 948-87-2450
    regex_detector_test.go:84: Expected label ITIN, got  ([]), file ITIN.csv:595 data 914 71-4318
    regex_detector_test.go:84: Expected label ITIN, got  ([]), file ITIN.csv:596 data 926 84-3649
    regex_detector_test.go:84: Expected label ITIN, got  ([]), file ITIN.csv:597 data 992-73-0416
    regex_detector_test.go:84: Expected label ITIN, got  ([]), file ITIN.csv:598 data 939 74 9934
    regex_detector_test.go:84: Expected label ITIN, got  ([]), file ITIN.csv:599 data 901 71 6538
    regex_detector_test.go:84: Expected label ITIN, got  ([]), file ITIN.csv:600 data 936 86 8495
    regex_detector_test.go:84: Expected label ITIN, got  ([]), file ITIN.csv:601 data 998 71-5480
    regex_detector_test.go:84: Expected label ITIN, got  ([]), file ITIN.csv:602 data 947-78-7385
    regex_detector_test.go:84: Expected label ITIN, got  ([]), file ITIN.csv:603 data 999 88-8326
    regex_detector_test.go:84: Expected label ITIN, got  ([]), file ITIN.csv:604 data 928-85-7926
    regex_detector_test.go:84: Expected label ITIN, got  ([]), file ITIN.csv:605 data 920-77 0384
    regex_detector_test.go:84: Expected label ITIN, got  ([]), file ITIN.csv:606 data 929-88 0560
    regex_detector_test.go:84: Expected label ITIN, got  ([]), file ITIN.csv:607 data 987 87 3372
    regex_detector_test.go:84: Expected label ITIN, got  ([]), file ITIN.csv:608 data 976 85-2345
    regex_detector_test.go:84: Expected label ITIN, got  ([]), file ITIN.csv:609 data 990 79 1609
    regex_detector_test.go:84: Expected label ITIN, got  ([]), file ITIN.csv:610 data 908 86 9706
    regex_detector_test.go:84: Expected label ITIN, got  ([]), file ITIN.csv:611 data 950-73 2433
    regex_detector_test.go:84: Expected label ITIN, got  ([]), file ITIN.csv:612 data 936-71 7255
    regex_detector_test.go:84: Expected label ITIN, got  ([]), file ITIN.csv:613 data 957-88-3182
    regex_detector_test.go:84: Expected label ITIN, got  ([]), file ITIN.csv:614 data 999 82 0624
    regex_detector_test.go:84: Expected label ITIN, got  ([]), file ITIN.csv:615 data 977 88 0833
    regex_detector_test.go:84: Expected label ITIN, got  ([]), file ITIN.csv:616 data 911 79 8222
    regex_detector_test.go:84: Expected label ITIN, got  ([]), file ITIN.csv:617 data 978 79 1801
    regex_detector_test.go:84: Expected label ITIN, got  ([]), file ITIN.csv:618 data 990 85-8996
    regex_detector_test.go:84: Expected label ITIN, got  ([]), file ITIN.csv:619 data 998 73-0763
    regex_detector_test.go:84: Expected label ITIN, got  ([]), file ITIN.csv:620 data 978-75 9019
    regex_detector_test.go:84: Expected label ITIN, got  ([]), file ITIN.csv:621 data 989-78 8079
    regex_detector_test.go:84: Expected label ITIN, got  ([]), file ITIN.csv:622 data 988 83-1188
    regex_detector_test.go:84: Expected label ITIN, got  ([]), file ITIN.csv:623 data 993-70-0134
    regex_detector_test.go:84: Expected label ITIN, got  ([]), file ITIN.csv:624 data 923 85 9692
    regex_detector_test.go:84: Expected label ITIN, got  ([]), file ITIN.csv:625 data 924 77 8516
    regex_detector_test.go:84: Expected label ITIN, got  ([]), file ITIN.csv:626 data 955-85-0264
    regex_detector_test.go:84: Expected label ITIN, got  ([]), file ITIN.csv:627 data 910 85 1371
    regex_detector_test.go:84: Expected label ITIN, got  ([]), file ITIN.csv:628 data 914-78 2579
    regex_detector_test.go:84: Expected label ITIN, got  ([]), file ITIN.csv:629 data 948 71-7316
    regex_detector_test.go:84: Expected label ITIN, got  ([]), file ITIN.csv:630 data 977-75-7049
    regex_detector_test.go:84: Expected label ITIN, got  ([]), file ITIN.csv:631 data 983-74 4930
    regex_detector_test.go:84: Expected label ITIN, got  ([]), file ITIN.csv:632 data 955 88 3168
    regex_detector_test.go:84: Expected label ITIN, got  ([]), file ITIN.csv:633 data 919 72 5543
    regex_detector_test.go:84: Expected label ITIN, got  ([]), file ITIN.csv:634 data 962-75-3529
    regex_detector_test.go:84: Expected label ITIN, got  ([]), file ITIN.csv:635 data 959-84 7158
    regex_detector_test.go:84: Expected label ITIN, got  ([]), file ITIN.csv:636 data 961 83 6578
    regex_detector_test.go:84: Expected label ITIN, got  ([]), file ITIN.csv:637 data 994 71 3119
    regex_detector_test.go:84: Expected label ITIN, got  ([]), file ITIN.csv:638 data 923-71 1536
    regex_detector_test.go:84: Expected label ITIN, got  ([]), file ITIN.csv:639 data 920 73-1013
    regex_detector_test.go:84: Expected label ITIN, got  ([]), file ITIN.csv:640 data 932-74-4992
    regex_detector_test.go:84: Expected label ITIN, got  ([]), file ITIN.csv:641 data 944 88-3170
    regex_detector_test.go:84: Expected label ITIN, got  ([]), file ITIN.csv:642 data 962 80-6586
    regex_detector_test.go:84: Expected label ITIN, got  ([]), file ITIN.csv:643 data 944 77 1064
    regex_detector_test.go:84: Expected label ITIN, got  ([]), file ITIN.csv:644 data 994-76 1112
    regex_detector_test.go:84: Expected label ITIN, got  ([]), file ITIN.csv:645 data 988-80 2150
    regex_detector_test.go:84: Expected label ITIN, got  ([]), file ITIN.csv:646 data 926 86-9084
    regex_detector_test.go:84: Expected label ITIN, got  ([]), file ITIN.csv:647 data 954 81-1939
    regex_detector_test.go:84: Expected label ITIN, got  ([]), file ITIN.csv:648 data 924 71-0875
    regex_detector_test.go:84: Expected label ITIN, got  ([]), file ITIN.csv:649 data 945-77 1619
    regex_detector_test.go:84: Expected label ITIN, got  ([]), file ITIN.csv:650 data 906 77-6610
    regex_detector_test.go:84: Expected label ITIN, got  ([]), file ITIN.csv:651 data 999-88 0710
    regex_detector_test.go:84: Expected label ITIN, got  ([]), file ITIN.csv:652 data 936 84-4216
    regex_detector_test.go:84: Expected label ITIN, got  ([]), file ITIN.csv:653 data 915 75-1664
    regex_detector_test.go:84: Expected label ITIN, got  ([]), file ITIN.csv:654 data 938 74-9309
    regex_detector_test.go:84: Expected label ITIN, got  ([]), file ITIN.csv:655 data 906-71-6026
    regex_detector_test.go:84: Expected label ITIN, got  ([]), file ITIN.csv:656 data 940 74-3454
    regex_detector_test.go:84: Expected label ITIN, got  ([]), file ITIN.csv:657 data 937 74 2987
    regex_detector_test.go:84: Expected label ITIN, got  ([]), file ITIN.csv:658 data 916-79 3317
    regex_detector_test.go:84: Expected label ITIN, got  ([]), file ITIN.csv:659 data 919-71-5565
    regex_detector_test.go:84: Expected label ITIN, got  ([]), file ITIN.csv:660 data 919-75-4889
    regex_detector_test.go:84: Expected label ITIN, got  ([]), file ITIN.csv:661 data 936-73 9288
    regex_detector_test.go:84: Expected label ITIN, got  ([]), file ITIN.csv:662 data 960-82 0268
    regex_detector_test.go:84: Expected label ITIN, got  ([]), file ITIN.csv:663 data 931 78-6259
    regex_detector_test.go:84: Expected label ITIN, got  ([]), file ITIN.csv:664 data 928 88 2672
    regex_detector_test.go:84: Expected label ITIN, got  ([]), file ITIN.csv:665 data 999 77-9504
    regex_detector_test.go:84: Expected label ITIN, got  ([]), file ITIN.csv:666 data 913 83 5601
    regex_detector_test.go:84: Expected label ITIN, got  ([]), file ITIN.csv:667 data 966 86-0726
    regex_detector_test.go:84: Expected label ITIN, got  ([]), file ITIN.csv:668 data 933-81 9566
    regex_detector_test.go:84: Expected label ITIN, got  ([]), file ITIN.csv:669 data 988 76-6751
    regex_detector_test.go:84: Expected label ITIN, got  ([]), file ITIN.csv:670 data 923-86 5963
    regex_detector_test.go:84: Expected label ITIN, got  ([]), file ITIN.csv:671 data 952-75-8944
    regex_detector_test.go:84: Expected label ITIN, got  ([]), file ITIN.csv:672 data 952 70-6678
    regex_detector_test.go:84: Expected label ITIN, got  ([]), file ITIN.csv:673 data 999-80 4226
    regex_detector_test.go:84: Expected label ITIN, got  ([]), file ITIN.csv:674 data 968 73-7735
    regex_detector_test.go:84: Expected label ITIN, got  ([]), file ITIN.csv:675 data 968-88-9360
    regex_detector_test.go:84: Expected label ITIN, got  ([]), file ITIN.csv:676 data 905 84 0808
    regex_detector_test.go:84: Expected label ITIN, got  ([]), file ITIN.csv:677 data 949 88-4089
    regex_detector_test.go:84: Expected label ITIN, got  ([]), file ITIN.csv:678 data 931 81 5612
    regex_detector_test.go:84: Expected label ITIN, got  ([]), file ITIN.csv:679 data 981-84-3470
    regex_detector_test.go:84: Expected label ITIN, got  ([]), file ITIN.csv:680 data 916 87 8599
    regex_detector_test.go:84: Expected label ITIN, got  ([]), file ITIN.csv:681 data 950-77-1706
    regex_detector_test.go:84: Expected label ITIN, got  ([]), file ITIN.csv:682 data 952 80 1057
    regex_detector_test.go:84: Expected label ITIN, got  ([]), file ITIN.csv:683 data 901-75-2502
    regex_detector_test.go:84: Expected label ITIN, got  ([]), file ITIN.csv:684 data 942-88-7873
    regex_detector_test.go:84: Expected label ITIN, got  ([]), file ITIN.csv:685 data 954-77-5089
    regex_detector_test.go:84: Expected label ITIN, got  ([]), file ITIN.csv:686 data 985-73 0363
    regex_detector_test.go:84: Expected label ITIN, got  ([]), file ITIN.csv:687 data 973 71-8787
    regex_detector_test.go:84: Expected label ITIN, got  ([]), file ITIN.csv:688 data 959 85 3014
    regex_detector_test.go:84: Expected label ITIN, got  ([]), file ITIN.csv:689 data 902 88 8664
    regex_detector_test.go:84: Expected label ITIN, got  ([]), file ITIN.csv:690 data 961-88-4931
    regex_detector_test.go:84: Expected label ITIN, got  ([]), file ITIN.csv:691 data 959-78-0661
    regex_detector_test.go:84: Expected label ITIN, got  ([]), file ITIN.csv:692 data 934 83-2080
    regex_detector_test.go:84: Expected label ITIN, got  ([]), file ITIN.csv:693 data 919-88-1176
    regex_detector_test.go:84: Expected label ITIN, got  ([]), file ITIN.csv:694 data 918-80-2782
    regex_detector_test.go:84: Expected label ITIN, got  ([]), file ITIN.csv:695 data 908 88 8489
    regex_detector_test.go:84: Expected label ITIN, got  ([]), file ITIN.csv:696 data 921-87-7930
    regex_detector_test.go:84: Expected label ITIN, got  ([]), file ITIN.csv:697 data 923 78-3133
    regex_detector_test.go:84: Expected label ITIN, got  ([]), file ITIN.csv:698 data 908 88-5646
    regex_detector_test.go:84: Expected label ITIN, got  ([]), file ITIN.csv:699 data 900-84-8889
    regex_detector_test.go:84: Expected label ITIN, got  ([]), file ITIN.csv:700 data 938-85 2512
    regex_detector_test.go:84: Expected label ITIN, got  ([]), file ITIN.csv:701 data 907 80-8673
    regex_detector_test.go:84: Expected label ITIN, got  ([]), file ITIN.csv:702 data 965 77-8180
    regex_detector_test.go:84: Expected label ITIN, got  ([]), file ITIN.csv:703 data 982 80 2510
    regex_detector_test.go:84: Expected label ITIN, got  ([]), file ITIN.csv:704 data 972 88 7345
    regex_detector_test.go:84: Expected label ITIN, got  ([]), file ITIN.csv:705 data 903-88 5721
    regex_detector_test.go:84: Expected label ITIN, got  ([]), file ITIN.csv:706 data 933 85-5261
    regex_detector_test.go:84: Expected label ITIN, got  ([]), file ITIN.csv:707 data 972-81-0936
    regex_detector_test.go:84: Expected label ITIN, got  ([]), file ITIN.csv:708 data 989 87 5113
    regex_detector_test.go:84: Expected label ITIN, got  ([]), file ITIN.csv:709 data 914 71-0041
    regex_detector_test.go:84: Expected label ITIN, got  ([]), file ITIN.csv:710 data 924 82-4768
    regex_detector_test.go:84: Expected label ITIN, got  ([]), file ITIN.csv:711 data 905-76 5900
    regex_detector_test.go:84: Expected label ITIN, got  ([]), file ITIN.csv:712 data 944-80 0696
    regex_detector_test.go:84: Expected label ITIN, got  ([]), file ITIN.csv:713 data 943 71 0899
    regex_detector_test.go:84: Expected label ITIN, got  ([]), file ITIN.csv:714 data 979-85 9114
    regex_detector_test.go:84: Expected label ITIN, got  ([]), file ITIN.csv:715 data 981-83 9548
    regex_detector_test.go:84: Expected label ITIN, got  ([]), file ITIN.csv:716 data 992 78-3835
    regex_detector_test.go:84: Expected label ITIN, got  ([]), file ITIN.csv:717 data 905 70 5124
    regex_detector_test.go:84: Expected label ITIN, got  ([]), file ITIN.csv:718 data 989-81 5576
    regex_detector_test.go:84: Expected label ITIN, got  ([]), file ITIN.csv:719 data 933 84 4475
    regex_detector_test.go:84: Expected label ITIN, got  ([]), file ITIN.csv:720 data 938-73-1606
    regex_detector_test.go:84: Expected label ITIN, got  ([]), file ITIN.csv:721 data 990 72 3723
    regex_detector_test.go:84: Expected label ITIN, got  ([]), file ITIN.csv:722 data 966 73 5181
    regex_detector_test.go:84: Expected label ITIN, got  ([]), file ITIN.csv:723 data 913 75 6651
    regex_detector_test.go:84: Expected label ITIN, got  ([]), file ITIN.csv:724 data 912 78 2145
    regex_detector_test.go:84: Expected label ITIN, got  ([]), file ITIN.csv:725 data 985-71 1080
    regex_detector_test.go:84: Expected label ITIN, got  ([]), file ITIN.csv:726 data 946-86 0097
    regex_detector_test.go:84: Expected label ITIN, got  ([]), file ITIN.csv:727 data 914 82-5730
    regex_detector_test.go:84: Expected label ITIN, got  ([]), file ITIN.csv:728 data 979 78-0044
    regex_detector_test.go:84: Expected label ITIN, got  ([]), file ITIN.csv:729 data 944-88 5259
    regex_detector_test.go:84: Expected label ITIN, got  ([]), file ITIN.csv:730 data 951 83-5330
    regex_detector_test.go:84: Expected label ITIN, got  ([]), file ITIN.csv:731 data 906-79-8889
    regex_detector_test.go:84: Expected label ITIN, got  ([]), file ITIN.csv:732 data 993 85 3953
    regex_detector_test.go:84: Expected label ITIN, got  ([]), file ITIN.csv:733 data 980-81 3421
    regex_detector_test.go:84: Expected label ITIN, got  ([]), file ITIN.csv:734 data 959-83-6480
    regex_detector_test.go:84: Expected label ITIN, got  ([]), file ITIN.csv:735 data 901 72-1363
    regex_detector_test.go:84: Expected label ITIN, got  ([]), file ITIN.csv:736 data 964-81-6775
    regex_detector_test.go:84: Expected label ITIN, got  ([]), file ITIN.csv:737 data 926 87 7095
    regex_detector_test.go:84: Expected label ITIN, got  ([]), file ITIN.csv:738 data 980 75-4351
    regex_detector_test.go:84: Expected label ITIN, got  ([]), file ITIN.csv:739 data 921-77 2667
    regex_detector_test.go:84: Expected label ITIN, got  ([]), file ITIN.csv:740 data 941 80-5418
    regex_detector_test.go:84: Expected label ITIN, got  ([]), file ITIN.csv:741 data 981-75-3064
    regex_detector_test.go:84: Expected label ITIN, got  ([]), file ITIN.csv:742 data 917-87 8631
    regex_detector_test.go:84: Expected label ITIN, got  ([]), file ITIN.csv:743 data 961-88-7443
    regex_detector_test.go:84: Expected label ITIN, got  ([]), file ITIN.csv:744 data 925 82 5393
    regex_detector_test.go:84: Expected label ITIN, got  ([]), file ITIN.csv:745 data 950 87 3146
    regex_detector_test.go:84: Expected label ITIN, got  ([]), file ITIN.csv:746 data 980-81-3390
    regex_detector_test.go:84: Expected label ITIN, got  ([]), file ITIN.csv:747 data 940-77-5064
    regex_detector_test.go:84: Expected label ITIN, got  ([]), file ITIN.csv:748 data 968 87 6632
    regex_detector_test.go:84: Expected label ITIN, got  ([]), file ITIN.csv:749 data 925-81-5129
    regex_detector_test.go:84: Expected label ITIN, got  ([]), file ITIN.csv:750 data 901 83 2636
    regex_detector_test.go:84: Expected label ITIN, got  ([]), file ITIN.csv:751 data 974 81-0309
    regex_detector_test.go:84: Expected label ITIN, got  ([]), file ITIN.csv:752 data 997 84-4626
    regex_detector_test.go:84: Expected label ITIN, got  ([]), file ITIN.csv:753 data 971 85 7947
    regex_detector_test.go:84: Expected label ITIN, got  ([]), file ITIN.csv:754 data 986 81 6462
    regex_detector_test.go:84: Expected label ITIN, got  ([]), file ITIN.csv:755 data 939 74-6960
    regex_detector_test.go:84: Expected label ITIN, got  ([]), file ITIN.csv:756 data 901 70-9627
    regex_detector_test.go:84: Expected label ITIN, got  ([]), file ITIN.csv:757 data 951-84-0906
    regex_detector_test.go:84: Expected label ITIN, got  ([]), file ITIN.csv:758 data 951-88-7215
    regex_detector_test.go:84: Expected label ITIN, got  ([]), file ITIN.csv:759 data 941 88-0653
    regex_detector_test.go:84: Expected label ITIN, got  ([]), file ITIN.csv:760 data 949 71 2245
    regex_detector_test.go:84: Expected label ITIN, got  ([]), file ITIN.csv:761 data 969 81 8116
    regex_detector_test.go:84: Expected label ITIN, got  ([]), file ITIN.csv:762 data 970 81 9910
    regex_detector_test.go:84: Expected label ITIN, got  ([]), file ITIN.csv:763 data 935 82 5085
    regex_detector_test.go:84: Expected label ITIN, got  ([]), file ITIN.csv:764 data 993-70 9895
    regex_detector_test.go:84: Expected label ITIN, got  ([]), file ITIN.csv:765 data 930-74-5079
    regex_detector_test.go:84: Expected label ITIN, got  ([]), file ITIN.csv:766 data 917-70-3473
    regex_detector_test.go:84: Expected label ITIN, got  ([]), file ITIN.csv:767 data 903 75 2517
    regex_detector_test.go:84: Expected label ITIN, got  ([]), file ITIN.csv:768 data 904 74 4289
    regex_detector_test.go:84: Expected label ITIN, got  ([]), file ITIN.csv:769 data 984 76-6682
    regex_detector_test.go:84: Expected label ITIN, got  ([]), file ITIN.csv:770 data 990 87-2133
    regex_detector_test.go:84: Expected label ITIN, got  ([]), file ITIN.csv:771 data 943 84-9976
    regex_detector_test.go:84: Expected label ITIN, got  ([]), file ITIN.csv:772 data 955-81 0048
    regex_detector_test.go:84: Expected label ITIN, got  ([]), file ITIN.csv:773 data 976 78 0563
    regex_detector_test.go:84: Expected label ITIN, got  ([]), file ITIN.csv:774 data 939-83-7111
    regex_detector_test.go:84: Expected label ITIN, got  ([]), file ITIN.csv:775 data 986-73 1635
    regex_detector_test.go:84: Expected label ITIN, got  ([]), file ITIN.csv:776 data 928 88-9081
    regex_detector_test.go:84: Expected label ITIN, got  ([]), file ITIN.csv:777 data 954 73 0515
    regex_detector_test.go:84: Expected label ITIN, got  ([]), file ITIN.csv:778 data 939-71-7533
    regex_detector_test.go:84: Expected label ITIN, got  ([]), file ITIN.csv:779 data 921-79 4483
    regex_detector_test.go:84: Expected label ITIN, got  ([]), file ITIN.csv:780 data 973 83-6932
    regex_detector_test.go:84: Expected label ITIN, got  ([]), file ITIN.csv:781 data 951 79-4831
    regex_detector_test.go:84: Expected label ITIN, got  ([]), file ITIN.csv:782 data 993 80 7653
    regex_detector_test.go:84: Expected label ITIN, got  ([]), file ITIN.csv:783 data 913-76-5014
    regex_detector_test.go:84: Expected label ITIN, got  ([]), file ITIN.csv:784 data 958 82-2407
    regex_detector_test.go:84: Expected label ITIN, got  ([]), file ITIN.csv:785 data 968-74-9647
    regex_detector_test.go:84: Expected label ITIN, got  ([]), file ITIN.csv:786 data 997 73-8651
    regex_detector_test.go:84: Expected label ITIN, got  ([]), file ITIN.csv:787 data 940 78 9781
    regex_detector_test.go:84: Expected label ITIN, got  ([]), file ITIN.csv:788 data 920 74 8132
    regex_detector_test.go:84: Expected label ITIN, got  ([]), file ITIN.csv:789 data 950-70 9246
    regex_detector_test.go:84: Expected label ITIN, got  ([]), file ITIN.csv:790 data 961-73 5088
    regex_detector_test.go:84: Expected label ITIN, got  ([]), file ITIN.csv:791 data 917 71-0991
    regex_detector_test.go:84: Expected label ITIN, got  ([]), file ITIN.csv:792 data 924-79-5107
    regex_detector_test.go:84: Expected label ITIN, got  ([]), file ITIN.csv:793 data 961 85-3214
    regex_detector_test.go:84: Expected label ITIN, got  ([]), file ITIN.csv:794 data 934 86 0564
    regex_detector_test.go:84: Expected label ITIN, got  ([]), file ITIN.csv:795 data 911 88-4747
    regex_detector_test.go:84: Expected label ITIN, got  ([]), file ITIN.csv:796 data 929-71-0498
    regex_detector_test.go:84: Expected label ITIN, got  ([]), file ITIN.csv:797 data 986-84-8571
    regex_detector_test.go:84: Expected label ITIN, got  ([]), file ITIN.csv:798 data 981-85-4913
    regex_detector_test.go:84: Expected label ITIN, got  ([]), file ITIN.csv:799 data 981 88-9304
    regex_detector_test.go:84: Expected label ITIN, got  ([]), file ITIN.csv:800 data 990 87 7122
    regex_detector_test.go:84: Expected label ITIN, got  ([]), file ITIN.csv:801 data 984 71-2437
    regex_detector_test.go:84: Expected label ITIN, got  ([]), file ITIN.csv:802 data 927-84 3637
    regex_detector_test.go:84: Expected label ITIN, got  ([]), file ITIN.csv:803 data 905 70 3581
    regex_detector_test.go:84: Expected label ITIN, got  ([]), file ITIN.csv:804 data 920-74-8559
    regex_detector_test.go:84: Expected label ITIN, got  ([]), file ITIN.csv:805 data 963 80-7378
    regex_detector_test.go:84: Expected label ITIN, got  ([]), file ITIN.csv:806 data 921-76-6933
    regex_detector_test.go:84: Expected label ITIN, got  ([]), file ITIN.csv:807 data 940 78-6706
    regex_detector_test.go:84: Expected label ITIN, got  ([]), file ITIN.csv:808 data 917 86 8994
    regex_detector_test.go:84: Expected label ITIN, got  ([]), file ITIN.csv:809 data 902 87-5065
    regex_detector_test.go:84: Expected label ITIN, got  ([]), file ITIN.csv:810 data 994-82 0390
    regex_detector_test.go:84: Expected label ITIN, got  ([]), file ITIN.csv:811 data 901 86 6139
    regex_detector_test.go:84: Expected label ITIN, got  ([]), file ITIN.csv:812 data 989 88 5242
    regex_detector_test.go:84: Expected label ITIN, got  ([]), file ITIN.csv:813 data 989 83-1884
    regex_detector_test.go:84: Expected label ITIN, got  ([]), file ITIN.csv:814 data 907 70-0454
    regex_detector_test.go:84: Expected label ITIN, got  ([]), file ITIN.csv:815 data 912 73-3342
    regex_detector_test.go:84: Expected label ITIN, got  ([]), file ITIN.csv:816 data 958-88-3933
    regex_detector_test.go:84: Expected label ITIN, got  ([]), file ITIN.csv:817 data 981 78 0169
    regex_detector_test.go:84: Expected label ITIN, got  ([]), file ITIN.csv:818 data 915-75 4503
    regex_detector_test.go:84: Expected label ITIN, got  ([]), file ITIN.csv:819 data 978-87-3463
    regex_detector_test.go:84: Expected label ITIN, got  ([]), file ITIN.csv:820 data 911-87 4030
    regex_detector_test.go:84: Expected label ITIN, got  ([]), file ITIN.csv:821 data 945-86 1518
    regex_detector_test.go:84: Expected label ITIN, got  ([]), file ITIN.csv:822 data 905-84 7242
    regex_detector_test.go:84: Expected label ITIN, got  ([]), file ITIN.csv:823 data 915 75 2119
    regex_detector_test.go:84: Expected label ITIN, got  ([]), file ITIN.csv:824 data 948-70 5279
    regex_detector_test.go:84: Expected label ITIN, got  ([]), file ITIN.csv:825 data 959 75-9556
    regex_detector_test.go:84: Expected label ITIN, got  ([]), file ITIN.csv:826 data 960-84-2928
    regex_detector_test.go:84: Expected label ITIN, got  ([]), file ITIN.csv:827 data 920-81 0359
    regex_detector_test.go:84: Expected label ITIN, got  ([]), file ITIN.csv:828 data 944 77-0550
    regex_detector_test.go:84: Expected label ITIN, got  ([]), file ITIN.csv:829 data 980 83 8880
    regex_detector_test.go:84: Expected label ITIN, got  ([]), file ITIN.csv:830 data 985 80-4639
    regex_detector_test.go:84: Expected label ITIN, got  ([]), file ITIN.csv:831 data 970-80-2689
    regex_detector_test.go:84: Expected label ITIN, got  ([]), file ITIN.csv:832 data 952-81-5808
    regex_detector_test.go:84: Expected label ITIN, got  ([]), file ITIN.csv:833 data 994 85-9998
    regex_detector_test.go:84: Expected label ITIN, got  ([]), file ITIN.csv:834 data 907-71 2710
    regex_detector_test.go:84: Expected label ITIN, got  ([]), file ITIN.csv:835 data 968 73 3726
    regex_detector_test.go:84: Expected label ITIN, got  ([]), file ITIN.csv:836 data 908 72 5172
    regex_detector_test.go:84: Expected label ITIN, got  ([]), file ITIN.csv:837 data 901-87 3901
    regex_detector_test.go:84: Expected label ITIN, got  ([]), file ITIN.csv:838 data 901-76-1464
    regex_detector_test.go:84: Expected label ITIN, got  ([]), file ITIN.csv:839 data 928 75-0308
    regex_detector_test.go:84: Expected label ITIN, got  ([]), file ITIN.csv:840 data 906 84-4850
    regex_detector_test.go:84: Expected label ITIN, got  ([]), file ITIN.csv:841 data 929 81 3555
    regex_detector_test.go:84: Expected label ITIN, got  ([]), file ITIN.csv:842 data 904 71-1983
    regex_detector_test.go:84: Expected label ITIN, got  ([]), file ITIN.csv:843 data 983 79-3417
    regex_detector_test.go:84: Expected label ITIN, got  ([]), file ITIN.csv:844 data 937-85 2880
    regex_detector_test.go:84: Expected label ITIN, got  ([]), file ITIN.csv:845 data 913-74-7721
    regex_detector_test.go:84: Expected label ITIN, got  ([]), file ITIN.csv:846 data 923 72-3798
    regex_detector_test.go:84: Expected label ITIN, got  ([]), file ITIN.csv:847 data 958 76-7261
    regex_detector_test.go:84: Expected label ITIN, got  ([]), file ITIN.csv:848 data 945 85 0030
    regex_detector_test.go:84: Expected label ITIN, got  ([]), file ITIN.csv:849 data 978-78 9416
    regex_detector_test.go:84: Expected label ITIN, got  ([]), file ITIN.csv:850 data 976-86 4750
    regex_detector_test.go:84: Expected label ITIN, got  ([]), file ITIN.csv:851 data 915-74-2795
    regex_detector_test.go:84: Expected label ITIN, got  ([]), file ITIN.csv:852 data 917 72 6494
    regex_detector_test.go:84: Expected label ITIN, got  ([]), file ITIN.csv:853 data 901 81 6114
    regex_detector_test.go:84: Expected label ITIN, got  ([]), file ITIN.csv:854 data 998 79 7401
    regex_detector_test.go:84: Expected label ITIN, got  ([]), file ITIN.csv:855 data 901-88-7414
    regex_detector_test.go:84: Expected label ITIN, got  ([]), file ITIN.csv:856 data 957 86-0986
    regex_detector_test.go:84: Expected label ITIN, got  ([]), file ITIN.csv:857 data 979 75 1028
    regex_detector_test.go:84: Expected label ITIN, got  ([]), file ITIN.csv:858 data 991-73 3059
    regex_detector_test.go:84: Expected label ITIN, got  ([]), file ITIN.csv:859 data 952-70 5786
    regex_detector_test.go:84: Expected label ITIN, got  ([]), file ITIN.csv:860 data 921-70 6092
    regex_detector_test.go:84: Expected label ITIN, got  ([]), file ITIN.csv:861 data 991-85-9899
    regex_detector_test.go:84: Expected label ITIN, got  ([]), file ITIN.csv:862 data 953-78-1742
    regex_detector_test.go:84: Expected label ITIN, got  ([]), file ITIN.csv:863 data 985 85 3346
    regex_detector_test.go:84: Expected label ITIN, got  ([]), file ITIN.csv:864 data 927 74-4081
    regex_detector_test.go:84: Expected label ITIN, got  ([]), file ITIN.csv:865 data 947-79 8376
    regex_detector_test.go:84: Expected label ITIN, got  ([]), file ITIN.csv:866 data 902-76-2108
    regex_detector_test.go:84: Expected label ITIN, got  ([]), file ITIN.csv:867 data 978-70 7667
    regex_detector_test.go:84: Expected label ITIN, got  ([]), file ITIN.csv:868 data 900-85-7403
    regex_detector_test.go:84: Expected label ITIN, got  ([]), file ITIN.csv:869 data 924 81-3600
    regex_detector_test.go:84: Expected label ITIN, got  ([]), file ITIN.csv:870 data 904 73-8048
    regex_detector_test.go:84: Expected label ITIN, got  ([]), file ITIN.csv:871 data 987-88-7632
    regex_detector_test.go:84: Expected label ITIN, got  ([]), file ITIN.csv:872 data 949-72-9802
    regex_detector_test.go:84: Expected label ITIN, got  ([]), file ITIN.csv:873 data 951 72 5697
    regex_detector_test.go:84: Expected label ITIN, got  ([]), file ITIN.csv:874 data 951 82 8451
    regex_detector_test.go:84: Expected label ITIN, got  ([]), file ITIN.csv:875 data 932 74 4161
    regex_detector_test.go:84: Expected label ITIN, got  ([]), file ITIN.csv:876 data 914-72-8735
    regex_detector_test.go:84: Expected label ITIN, got  ([]), file ITIN.csv:877 data 990 80 8792
    regex_detector_test.go:84: Expected label ITIN, got  ([]), file ITIN.csv:878 data 961-80-5555
    regex_detector_test.go:84: Expected label ITIN, got  ([]), file ITIN.csv:879 data 991-85-5890
    regex_detector_test.go:84: Expected label ITIN, got  ([]), file ITIN.csv:880 data 970 70-4024
    regex_detector_test.go:84: Expected label ITIN, got  ([]), file ITIN.csv:881 data 908 79-0898
    regex_detector_test.go:84: Expected label ITIN, got  ([]), file ITIN.csv:882 data 973-86 8944
    regex_detector_test.go:84: Expected label ITIN, got  ([]), file ITIN.csv:883 data 918 76-0787
    regex_detector_test.go:84: Expected label ITIN, got  ([]), file ITIN.csv:884 data 936-88 9050
    regex_detector_test.go:84: Expected label ITIN, got  ([]), file ITIN.csv:885 data 925 88-9767
    regex_detector_test.go:84: Expected label ITIN, got  ([]), file ITIN.csv:886 data 925-86-1279
    regex_detector_test.go:84: Expected label ITIN, got  ([]), file ITIN.csv:887 data 979-73-5938
    regex_detector_test.go:84: Expected label ITIN, got  ([]), file ITIN.csv:888 data 919-84 4829
    regex_detector_test.go:84: Expected label ITIN, got  ([]), file ITIN.csv:889 data 949 72-5934
    regex_detector_test.go:84: Expected label ITIN, got  ([]), file ITIN.csv:890 data 927-79 5642
    regex_detector_test.go:84: Expected label ITIN, got  ([]), file ITIN.csv:891 data 981 86 9975
    regex_detector_test.go:84: Expected label ITIN, got  ([]), file ITIN.csv:892 data 906 88 2782
    regex_detector_test.go:84: Expected label ITIN, got  ([]), file ITIN.csv:893 data 995-76 4261
    regex_detector_test.go:84: Expected label ITIN, got  ([]), file ITIN.csv:894 data 909 85 6633
    regex_detector_test.go:84: Expected label ITIN, got  ([]), file ITIN.csv:895 data 982-73-8904
    regex_detector_test.go:84: Expected label ITIN, got  ([]), file ITIN.csv:896 data 931 86-5105
    regex_detector_test.go:84: Expected label ITIN, got  ([]), file ITIN.csv:897 data 919-70-3347
    regex_detector_test.go:84: Expected label ITIN, got  ([]), file ITIN.csv:898 data 962 82-1395
    regex_detector_test.go:84: Expected label ITIN, got  ([]), file ITIN.csv:899 data 948-87 9636
    regex_detector_test.go:84: Expected label ITIN, got  ([]), file ITIN.csv:900 data 951-71-5343
    regex_detector_test.go:84: Expected label ITIN, got  ([]), file ITIN.csv:901 data 973 71-7872
    regex_detector_test.go:84: Expected label ITIN, got  ([]), file ITIN.csv:902 data 986 79-7781
    regex_detector_test.go:84: Expected label ITIN, got  ([]), file ITIN.csv:903 data 943 86-7606
    regex_detector_test.go:84: Expected label ITIN, got  ([]), file ITIN.csv:904 data 911 76 4145
    regex_detector_test.go:84: Expected label ITIN, got  ([]), file ITIN.csv:905 data 930-87 3692
    regex_detector_test.go:84: Expected label ITIN, got  ([]), file ITIN.csv:906 data 964-79 7431
    regex_detector_test.go:84: Expected label ITIN, got  ([]), file ITIN.csv:907 data 999 85 6658
    regex_detector_test.go:84: Expected label ITIN, got  ([]), file ITIN.csv:908 data 945 81 8866
    regex_detector_test.go:84: Expected label ITIN, got  ([]), file ITIN.csv:909 data 963 72-1774
    regex_detector_test.go:84: Expected label ITIN, got  ([]), file ITIN.csv:910 data 976 84 0494
    regex_detector_test.go:84: Expected label ITIN, got  ([]), file ITIN.csv:911 data 962 82 9167
    regex_detector_test.go:84: Expected label ITIN, got  ([]), file ITIN.csv:912 data 998 83-5035
    regex_detector_test.go:84: Expected label ITIN, got  ([]), file ITIN.csv:913 data 970 82 7629
    regex_detector_test.go:84: Expected label ITIN, got  ([]), file ITIN.csv:914 data 926-70-7136
    regex_detector_test.go:84: Expected label ITIN, got  ([]), file ITIN.csv:915 data 910-70 3237
    regex_detector_test.go:84: Expected label ITIN, got  ([]), file ITIN.csv:916 data 970-79 5828
    regex_detector_test.go:84: Expected label ITIN, got  ([]), file ITIN.csv:917 data 906-82 6875
    regex_detector_test.go:84: Expected label ITIN, got  ([]), file ITIN.csv:918 data 913 85 0555
    regex_detector_test.go:84: Expected label ITIN, got  ([]), file ITIN.csv:919 data 989-78-5119
    regex_detector_test.go:84: Expected label ITIN, got  ([]), file ITIN.csv:920 data 981 80-0498
    regex_detector_test.go:84: Expected label ITIN, got  ([]), file ITIN.csv:921 data 918 84 9170
    regex_detector_test.go:84: Expected label ITIN, got  ([]), file ITIN.csv:922 data 960 81-4599
    regex_detector_test.go:84: Expected label ITIN, got  ([]), file ITIN.csv:923 data 988 81 7523
    regex_detector_test.go:84: Expected label ITIN, got  ([]), file ITIN.csv:924 data 954 80 5795
    regex_detector_test.go:84: Expected label ITIN, got  ([]), file ITIN.csv:925 data 962 76 8306
    regex_detector_test.go:84: Expected label ITIN, got  ([]), file ITIN.csv:926 data 963-88-9759
    regex_detector_test.go:84: Expected label ITIN, got  ([]), file ITIN.csv:927 data 955-85-6010
    regex_detector_test.go:84: Expected label ITIN, got  ([]), file ITIN.csv:928 data 973-82 0681
    regex_detector_test.go:84: Expected label ITIN, got  ([]), file ITIN.csv:929 data 968-74 3548
    regex_detector_test.go:84: Expected label ITIN, got  ([]), file ITIN.csv:930 data 902-71 1351
    regex_detector_test.go:84: Expected label ITIN, got  ([]), file ITIN.csv:931 data 964 76 2100
    regex_detector_test.go:84: Expected label ITIN, got  ([]), file ITIN.csv:932 data 953-84 8704
    regex_detector_test.go:84: Expected label ITIN, got  ([]), file ITIN.csv:933 data 952 76 6215
    regex_detector_test.go:84: Expected label ITIN, got  ([]), file ITIN.csv:934 data 977 79 2041
    regex_detector_test.go:84: Expected label ITIN, got  ([]), file ITIN.csv:935 data 967 70-1091
    regex_detector_test.go:84: Expected label ITIN, got  ([]), file ITIN.csv:936 data 931 80-2449
    regex_detector_test.go:84: Expected label ITIN, got  ([]), file ITIN.csv:937 data 915-70-1530
    regex_detector_test.go:84: Expected label ITIN, got  ([]), file ITIN.csv:938 data 927 75-8813
    regex_detector_test.go:84: Expected label ITIN, got  ([]), file ITIN.csv:939 data 915-74-6900
    regex_detector_test.go:84: Expected label ITIN, got  ([]), file ITIN.csv:940 data 963 73-1113
    regex_detector_test.go:84: Expected label ITIN, got  ([]), file ITIN.csv:941 data 944-74 3858
    regex_detector_test.go:84: Expected label ITIN, got  ([]), file ITIN.csv:942 data 970-74 0821
    regex_detector_test.go:84: Expected label ITIN, got  ([]), file ITIN.csv:943 data 928-77 1125
    regex_detector_test.go:84: Expected label ITIN, got  ([]), file ITIN.csv:944 data 925 80 8744
    regex_detector_test.go:84: Expected label ITIN, got  ([]), file ITIN.csv:945 data 972 75-7442
    regex_detector_test.go:84: Expected label ITIN, got  ([]), file ITIN.csv:946 data 927-73 9343
    regex_detector_test.go:84: Expected label ITIN, got  ([]), file ITIN.csv:947 data 908 86 8519
    regex_detector_test.go:84: Expected label ITIN, got  ([]), file ITIN.csv:948 data 967-86 6743
    regex_detector_test.go:84: Expected label ITIN, got  ([]), file ITIN.csv:949 data 966-87-9217
    regex_detector_test.go:84: Expected label ITIN, got  ([]), file ITIN.csv:950 data 951 79-2921
    regex_detector_test.go:84: Expected label ITIN, got  ([]), file ITIN.csv:951 data 938 88 4464
    regex_detector_test.go:84: Expected label ITIN, got  ([]), file ITIN.csv:952 data 951 88-8421
    regex_detector_test.go:84: Expected label ITIN, got  ([]), file ITIN.csv:953 data 920-73-9063
    regex_detector_test.go:84: Expected label ITIN, got  ([]), file ITIN.csv:954 data 954-70-4864
    regex_detector_test.go:84: Expected label ITIN, got  ([]), file ITIN.csv:955 data 923-73-8934
    regex_detector_test.go:84: Expected label ITIN, got  ([]), file ITIN.csv:956 data 963-88-2118
    regex_detector_test.go:84: Expected label ITIN, got  ([]), file ITIN.csv:957 data 915-84 6388
    regex_detector_test.go:84: Expected label ITIN, got  ([]), file ITIN.csv:958 data 958-73-0432
    regex_detector_test.go:84: Expected label ITIN, got  ([]), file ITIN.csv:959 data 968-83 8773
    regex_detector_test.go:84: Expected label ITIN, got  ([]), file ITIN.csv:960 data 985-80-9338
    regex_detector_test.go:84: Expected label ITIN, got  ([]), file ITIN.csv:961 data 975-72-9441
    regex_detector_test.go:84: Expected label ITIN, got  ([]), file ITIN.csv:962 data 994-86-1690
    regex_detector_test.go:84: Expected label ITIN, got  ([]), file ITIN.csv:963 data 987 80-1830
    regex_detector_test.go:84: Expected label ITIN, got  ([]), file ITIN.csv:964 data 913-80-4564
    regex_detector_test.go:84: Expected label ITIN, got  ([]), file ITIN.csv:965 data 991 76-1729
    regex_detector_test.go:84: Expected label ITIN, got  ([]), file ITIN.csv:966 data 929 82 9232
    regex_detector_test.go:84: Expected label ITIN, got  ([]), file ITIN.csv:967 data 988-77-0021
    regex_detector_test.go:84: Expected label ITIN, got  ([]), file ITIN.csv:968 data 921 88-4145
    regex_detector_test.go:84: Expected label ITIN, got  ([]), file ITIN.csv:969 data 990-75 1642
    regex_detector_test.go:84: Expected label ITIN, got  ([]), file ITIN.csv:970 data 984-86 9207
    regex_detector_test.go:84: Expected label ITIN, got  ([]), file ITIN.csv:971 data 912-85 6146
    regex_detector_test.go:84: Expected label ITIN, got  ([]), file ITIN.csv:972 data 960 75 2886
    regex_detector_test.go:84: Expected label ITIN, got  ([]), file ITIN.csv:973 data 924 75 0433
    regex_detector_test.go:84: Expected label ITIN, got  ([]), file ITIN.csv:974 data 969-71 3059
    regex_detector_test.go:84: Expected label ITIN, got  ([]), file ITIN.csv:975 data 958-75-2495
    regex_detector_test.go:84: Expected label ITIN, got  ([]), file ITIN.csv:976 data 947 71-7815
    regex_detector_test.go:84: Expected label ITIN, got  ([]), file ITIN.csv:977 data 969-78-1148
    regex_detector_test.go:84: Expected label ITIN, got  ([]), file ITIN.csv:978 data 963 73 4080
    regex_detector_test.go:84: Expected label ITIN, got  ([]), file ITIN.csv:979 data 983-80-4265
    regex_detector_test.go:84: Expected label ITIN, got  ([]), file ITIN.csv:980 data 969-79 1247
    regex_detector_test.go:84: Expected label ITIN, got  ([]), file ITIN.csv:981 data 900-76 9265
    regex_detector_test.go:84: Expected label ITIN, got  ([]), file ITIN.csv:982 data 981-76-4307
    regex_detector_test.go:84: Expected label ITIN, got  ([]), file ITIN.csv:983 data 972-73 0636
    regex_detector_test.go:84: Expected label ITIN, got  ([]), file ITIN.csv:984 data 982-74 9986
    regex_detector_test.go:84: Expected label ITIN, got  ([]), file ITIN.csv:985 data 900-71 6619
    regex_detector_test.go:84: Expected label ITIN, got  ([]), file ITIN.csv:986 data 928 85 6032
    regex_detector_test.go:84: Expected label ITIN, got  ([]), file ITIN.csv:987 data 913-86 4024
    regex_detector_test.go:84: Expected label ITIN, got  ([]), file ITIN.csv:988 data 920 72 4537
    regex_detector_test.go:84: Expected label ITIN, got  ([]), file ITIN.csv:989 data 924-83 8247
    regex_detector_test.go:84: Expected label ITIN, got  ([]), file ITIN.csv:990 data 976 87 1719
    regex_detector_test.go:84: Expected label ITIN, got  ([]), file ITIN.csv:991 data 911-75-8355
    regex_detector_test.go:84: Expected label ITIN, got  ([]), file ITIN.csv:992 data 964 81-1202
    regex_detector_test.go:84: Expected label ITIN, got  ([]), file ITIN.csv:993 data 906 81 9587
    regex_detector_test.go:84: Expected label ITIN, got  ([]), file ITIN.csv:994 data 994 77-8892
    regex_detector_test.go:84: Expected label ITIN, got  ([]), file ITIN.csv:995 data 929-82-7077
    regex_detector_test.go:84: Expected label ITIN, got  ([]), file ITIN.csv:996 data 950-73-8994
    regex_detector_test.go:84: Expected label ITIN, got  ([]), file ITIN.csv:997 data 963 73-0611
    regex_detector_test.go:84: Expected label ITIN, got  ([]), file ITIN.csv:998 data 965-85-2342
    regex_detector_test.go:84: Expected label ITIN, got  ([]), file ITIN.csv:999 data 956-81 1131
    regex_detector_test.go:84: Expected label ITIN, got  ([]), file ITIN.csv:1000 data 970 74-1695
    regex_detector_test.go:84: Expected label ITIN, got  ([]), file ITIN.csv:1001 data 979 83-9257
    regex_detector_test.go:84: Expected label NHSNumber, got  ([]), file NHSNumber.csv:1 data NHSNumber
    regex_detector_test.go:84: Expected label NHSNumber, got  ([]), file NHSNumber.csv:2 data nhsnumber
    regex_detector_test.go:84: Expected label NHSNumber, got  ([]), file NHSNumber.csv:3 data NHS Number
    regex_detector_test.go:84: Expected label NHSNumber, got  ([]), file NHSNumber.csv:4 data nhs number
    regex_detector_test.go:84: Expected label NHSNumber, got  ([]), file NHSNumber.csv:5 data NHS_Number
    regex_detector_test.go:84: Expected label NHSNumber, got  ([]), file NHSNumber.csv:6 data nhs_number
    regex_detector_test.go:84: Expected label NHSNumber, got  ([]), file NHSNumber.csv:7 data NHSNum
    regex_detector_test.go:84: Expected label NHSNumber, got  ([]), file NHSNumber.csv:8 data nhsnum
    regex_detector_test.go:84: Expected label NHSNumber, got  ([]), file NHSNumber.csv:9 data NHS_Num
    regex_detector_test.go:84: Expected label NHSNumber, got  ([]), file NHSNumber.csv:10 data nhs_num
    regex_detector_test.go:84: Expected label NHSNumber, got  ([]), file NHSNumber.csv:11 data NHS_ID
    regex_detector_test.go:84: Expected label NHSNumber, got  ([]), file NHSNumber.csv:12 data nhs_id
    regex_detector_test.go:84: Expected label NHSNumber, got  ([]), file NHSNumber.csv:13 data NHS ID
    regex_detector_test.go:84: Expected label NHSNumber, got  ([]), file NHSNumber.csv:14 data nhs id
    regex_detector_test.go:84: Expected label NHSNumber, got  ([]), file NHSNumber.csv:15 data NHS_Identification
    regex_detector_test.go:84: Expected label NHSNumber, got  ([]), file NHSNumber.csv:16 data nhs_identification
    regex_detector_test.go:84: Expected label NHSNumber, got  ([]), file NHSNumber.csv:17 data NHS Identification
    regex_detector_test.go:84: Expected label NHSNumber, got  ([]), file NHSNumber.csv:18 data nhs identification
    regex_detector_test.go:84: Expected label NHSNumber, got  ([]), file NHSNumber.csv:19 data NationalHealthServiceNumber
    regex_detector_test.go:84: Expected label NHSNumber, got  ([]), file NHSNumber.csv:20 data nationalhealthservicenumber
    regex_detector_test.go:84: Expected label NHSNumber, got  ([]), file NHSNumber.csv:21 data National_Health_Service_Number
    regex_detector_test.go:84: Expected label NHSNumber, got  ([]), file NHSNumber.csv:22 data national_health_service_number
    regex_detector_test.go:84: Expected label NHSNumber, got  ([]), file NHSNumber.csv:23 data National Health Service Number
    regex_detector_test.go:84: Expected label NHSNumber, got  ([]), file NHSNumber.csv:24 data national health service number
    regex_detector_test.go:84: Expected label NHSNumber, got  ([]), file NHSNumber.csv:25 data NHSRegNumber
    regex_detector_test.go:84: Expected label NHSNumber, got  ([]), file NHSNumber.csv:26 data nhsregnumber
    regex_detector_test.go:84: Expected label NHSNumber, got  ([]), file NHSNumber.csv:27 data NHS_Reg_Number
    regex_detector_test.go:84: Expected label NHSNumber, got  ([]), file NHSNumber.csv:28 data nhs_reg_number
    regex_detector_test.go:84: Expected label NHSNumber, got  ([]), file NHSNumber.csv:29 data NHS Reg Number
    regex_detector_test.go:84: Expected label NHSNumber, got  ([]), file NHSNumber.csv:30 data nhs reg number
    regex_detector_test.go:84: Expected label NHSNumber, got  ([]), file NHSNumber.csv:31 data NHSPatientNumber
    regex_detector_test.go:84: Expected label NHSNumber, got  ([]), file NHSNumber.csv:32 data nhspatientnumber
    regex_detector_test.go:84: Expected label NHSNumber, got  ([]), file NHSNumber.csv:33 data NHS_Patient_Number
    regex_detector_test.go:84: Expected label NHSNumber, got  ([]), file NHSNumber.csv:34 data nhs_patient_number
    regex_detector_test.go:84: Expected label NHSNumber, got  ([]), file NHSNumber.csv:35 data NHS Patient Number
    regex_detector_test.go:84: Expected label NHSNumber, got  ([]), file NHSNumber.csv:36 data nhs patient number
    regex_detector_test.go:84: Expected label NHSNumber, got  ([]), file NHSNumber.csv:37 data NHS_Record_Number
    regex_detector_test.go:84: Expected label NHSNumber, got  ([]), file NHSNumber.csv:38 data nhs_record_number
    regex_detector_test.go:84: Expected label NHSNumber, got  ([]), file NHSNumber.csv:39 data NHS Record Number
    regex_detector_test.go:84: Expected label NHSNumber, got  ([]), file NHSNumber.csv:40 data nhs record number
    regex_detector_test.go:84: Expected label NHSNumber, got  ([]), file NHSNumber.csv:41 data HealthServiceNumber
    regex_detector_test.go:84: Expected label NHSNumber, got  ([]), file NHSNumber.csv:42 data healthservicenumber
    regex_detector_test.go:84: Expected label NHSNumber, got  ([]), file NHSNumber.csv:43 data Health_Service_Number
    regex_detector_test.go:84: Expected label NHSNumber, got  ([]), file NHSNumber.csv:44 data health_service_number
    regex_detector_test.go:84: Expected label NHSNumber, got  ([]), file NHSNumber.csv:45 data Health Service Number
    regex_detector_test.go:84: Expected label NHSNumber, got  ([]), file NHSNumber.csv:46 data health service number
    regex_detector_test.go:84: Expected label NHSNumber, got  ([]), file NHSNumber.csv:47 data NHS_Healthcare_Number
    regex_detector_test.go:84: Expected label NHSNumber, got  ([]), file NHSNumber.csv:48 data nhs_healthcare_number
    regex_detector_test.go:84: Expected label NHSNumber, got  ([]), file NHSNumber.csv:49 data NHS Healthcare Number
    regex_detector_test.go:84: Expected label NHSNumber, got  ([]), file NHSNumber.csv:50 data nhs healthcare number
    regex_detector_test.go:84: Expected label NHSNumber, got  ([]), file NHSNumber.csv:51 data NHS_Reference_Number
    regex_detector_test.go:84: Expected label NHSNumber, got  ([]), file NHSNumber.csv:52 data nhs_reference_number
    regex_detector_test.go:84: Expected label NHSNumber, got  ([]), file NHSNumber.csv:53 data NHS Reference Number
    regex_detector_test.go:84: Expected label NHSNumber, got  ([]), file NHSNumber.csv:54 data nhs reference number
    regex_detector_test.go:84: Expected label NHSNumber, got  ([]), file NHSNumber.csv:55 data NHS_ID_Number
    regex_detector_test.go:84: Expected label NHSNumber, got  ([]), file NHSNumber.csv:56 data nhs_id_number
    regex_detector_test.go:84: Expected label NHSNumber, got  ([]), file NHSNumber.csv:57 data NHS ID Number
    regex_detector_test.go:84: Expected label NHSNumber, got  ([]), file NHSNumber.csv:58 data nhs id number
    regex_detector_test.go:84: Expected label NHSNumber, got  ([]), file NHSNumber.csv:59 data NHServiceNumber
    regex_detector_test.go:84: Expected label NHSNumber, got  ([]), file NHSNumber.csv:60 data nhservicenumber
    regex_detector_test.go:84: Expected label NHSNumber, got  ([]), file NHSNumber.csv:61 data NH_Service_Number
    regex_detector_test.go:84: Expected label NHSNumber, got  ([]), file NHSNumber.csv:62 data nh_service_number
    regex_detector_test.go:84: Expected label NHSNumber, got  ([]), file NHSNumber.csv:63 data NH Service Number
    regex_detector_test.go:84: Expected label NHSNumber, got  ([]), file NHSNumber.csv:64 data nh service number
    regex_detector_test.go:84: Expected label NHSNumber, got  ([]), file NHSNumber.csv:65 data Health_Service_ID
    regex_detector_test.go:84: Expected label NHSNumber, got  ([]), file NHSNumber.csv:66 data health_service_id
    regex_detector_test.go:84: Expected label NHSNumber, got  ([]), file NHSNumber.csv:67 data Health Service ID
    regex_detector_test.go:84: Expected label NHSNumber, got  ([]), file NHSNumber.csv:68 data health service id
    regex_detector_test.go:84: Expected label NHSNumber, got  ([]), file NHSNumber.csv:69 data National_Health_Number
    regex_detector_test.go:84: Expected label NHSNumber, got  ([]), file NHSNumber.csv:70 data national_health_number
    regex_detector_test.go:84: Expected label NHSNumber, got  ([]), file NHSNumber.csv:71 data National Health Number
    regex_detector_test.go:84: Expected label NHSNumber, got  ([]), file NHSNumber.csv:72 data national health number
    regex_detector_test.go:84: Expected label NHSNumber, got  ([]), file NHSNumber.csv:73 data NHS_Healthcare_ID
    regex_detector_test.go:84: Expected label NHSNumber, got  ([]), file NHSNumber.csv:74 data nhs_healthcare_id
    regex_detector_test.go:84: Expected label NHSNumber, got  ([]), file NHSNumber.csv:75 data NHS Healthcare ID
    regex_detector_test.go:84: Expected label NHSNumber, got  ([]), file NHSNumber.csv:76 data nhs healthcare id
    regex_detector_test.go:84: Expected label NHSNumber, got  ([]), file NHSNumber.csv:77 data Healthcare_Number
    regex_detector_test.go:84: Expected label NHSNumber, got  ([]), file NHSNumber.csv:78 data healthcare_number
    regex_detector_test.go:84: Expected label NHSNumber, got  ([]), file NHSNumber.csv:79 data Healthcare Number
    regex_detector_test.go:84: Expected label NHSNumber, got  ([]), file NHSNumber.csv:80 data healthcare number
    regex_detector_test.go:84: Expected label NHSNumber, got  ([]), file NHSNumber.csv:81 data Patient_NHS_Number
    regex_detector_test.go:84: Expected label NHSNumber, got  ([]), file NHSNumber.csv:82 data patient_nhs_number
    regex_detector_test.go:84: Expected label NHSNumber, got  ([]), file NHSNumber.csv:83 data Patient NHS Number
    regex_detector_test.go:84: Expected label NHSNumber, got  ([]), file NHSNumber.csv:84 data patient nhs number
    regex_detector_test.go:84: Expected label NHSNumber, got  ([]), file NHSNumber.csv:85 data National_Health_Service_ID
    regex_detector_test.go:84: Expected label NHSNumber, got  ([]), file NHSNumber.csv:86 data national_health_service_id
    regex_detector_test.go:84: Expected label NHSNumber, got  ([]), file NHSNumber.csv:87 data National Health Service ID
    regex_detector_test.go:84: Expected label NHSNumber, got  ([]), file NHSNumber.csv:88 data national health service id
    regex_detector_test.go:84: Expected label NHSNumber, got  ([]), file NHSNumber.csv:89 data NHS_Healthcare_Identification
    regex_detector_test.go:84: Expected label NHSNumber, got  ([]), file NHSNumber.csv:90 data nhs_healthcare_identification
    regex_detector_test.go:84: Expected label NHSNumber, got  ([]), file NHSNumber.csv:91 data NHS Healthcare Identification
    regex_detector_test.go:84: Expected label NHSNumber, got  ([]), file NHSNumber.csv:92 data nhs healthcare identification
    regex_detector_test.go:84: Expected label NHSNumber, got  ([]), file NHSNumber.csv:93 data NationalHealthServiceID
    regex_detector_test.go:84: Expected label NHSNumber, got  ([]), file NHSNumber.csv:94 data nationalhealthserviceid
    regex_detector_test.go:84: Expected label NHSNumber, got  ([]), file NHSNumber.csv:95 data National_Health_Service_ID
    regex_detector_test.go:84: Expected label NHSNumber, got  ([]), file NHSNumber.csv:96 data national_health_service_id
    regex_detector_test.go:84: Expected label NHSNumber, got  ([]), file NHSNumber.csv:97 data National Health Service ID
    regex_detector_test.go:84: Expected label NHSNumber, got  ([]), file NHSNumber.csv:98 data national health service id
    regex_detector_test.go:84: Expected label NHSNumber, got  ([]), file NHSNumber.csv:99 data NHSPatientID
    regex_detector_test.go:84: Expected label NHSNumber, got  ([]), file NHSNumber.csv:100 data nhspatientid
    regex_detector_test.go:84: Expected label NHSNumber, got  ([]), file NHSNumber.csv:101 data NHS_Patient_ID
    regex_detector_test.go:84: Expected label NHSNumber, got  ([]), file NHSNumber.csv:102 data nhs_patient_id
    regex_detector_test.go:84: Expected label NHSNumber, got  ([]), file NHSNumber.csv:103 data NHS Patient ID
    regex_detector_test.go:84: Expected label NHSNumber, got  ([]), file NHSNumber.csv:104 data nhs patient id
    regex_detector_test.go:84: Expected label NHSNumber, got  ([]), file NHSNumber.csv:105 data NHS_ID_Identification
    regex_detector_test.go:84: Expected label NHSNumber, got  ([]), file NHSNumber.csv:106 data nhs_id_identification
    regex_detector_test.go:84: Expected label NHSNumber, got  ([]), file NHSNumber.csv:107 data NHS ID Identification
    regex_detector_test.go:84: Expected label NHSNumber, got  ([]), file NHSNumber.csv:108 data nhs id identification
    regex_detector_test.go:84: Expected label NHSNumber, got  ([]), file NHSNumber.csv:109 data NHSRecordNumber
    regex_detector_test.go:84: Expected label NHSNumber, got  ([]), file NHSNumber.csv:110 data nhsrecordnumber
    regex_detector_test.go:84: Expected label NHSNumber, got  ([]), file NHSNumber.csv:111 data NHS_Record_Number
    regex_detector_test.go:84: Expected label NHSNumber, got  ([]), file NHSNumber.csv:112 data nhs_record_number
    regex_detector_test.go:84: Expected label NHSNumber, got  ([]), file NHSNumber.csv:113 data NHS Record Number
    regex_detector_test.go:84: Expected label NHSNumber, got  ([]), file NHSNumber.csv:114 data nhs record number
    regex_detector_test.go:84: Expected label NHSNumber, got  ([]), file NHSNumber.csv:115 data NHS_Healthcare_Record
    regex_detector_test.go:84: Expected label NHSNumber, got  ([]), file NHSNumber.csv:116 data nhs_healthcare_record
    regex_detector_test.go:84: Expected label NHSNumber, got  ([]), file NHSNumber.csv:117 data NHS Healthcare Record
    regex_detector_test.go:84: Expected label NHSNumber, got  ([]), file NHSNumber.csv:118 data nhs healthcare record
    regex_detector_test.go:84: Expected label NHSNumber, got  ([]), file NHSNumber.csv:119 data HealthcareRecordNumber
    regex_detector_test.go:84: Expected label NHSNumber, got  ([]), file NHSNumber.csv:120 data healthcarerecordnumber
    regex_detector_test.go:84: Expected label NHSNumber, got  ([]), file NHSNumber.csv:121 data Healthcare_Record_Number
    regex_detector_test.go:84: Expected label NHSNumber, got  ([]), file NHSNumber.csv:122 data healthcare_record_number
    regex_detector_test.go:84: Expected label NHSNumber, got  ([]), file NHSNumber.csv:123 data Healthcare Record Number
    regex_detector_test.go:84: Expected label NHSNumber, got  ([]), file NHSNumber.csv:124 data healthcare record number
    regex_detector_test.go:84: Expected label PANNumber, got  ([]), file PANNumber.csv:4 data pan#
    regex_detector_test.go:84: Expected label PANNumber, got  ([]), file PANNumber.csv:8 data PAN#
    regex_detector_test.go:84: Expected label PANNumber, got  ([]), file PANNumber.csv:12 data Pan#
    regex_detector_test.go:84: Expected label PANNumber, got  ([]), file PANNumber.csv:16 data permanent#account#number
    regex_detector_test.go:84: Expected label PANNumber, got  ([]), file PANNumber.csv:20 data PERMANENT#ACCOUNT#NUMBER
    regex_detector_test.go:84: Expected label PANNumber, got BankAccountNumber ([{BankAccountNumber 0.5}]), file PANNumber.csv:23 data account number PAN
    regex_detector_test.go:84: Expected label PANNumber, got BankAccountNumber ([{BankAccountNumber 0.3}]), file PANNumber.csv:24 data account_number_PAN
    regex_detector_test.go:84: Expected label PANNumber, got BankAccountNumber ([{BankAccountNumber 0.5}]), file PANNumber.csv:25 data account-number-PAN
    regex_detector_test.go:84: Expected label PANNumber, got  ([]), file PANNumber.csv:26 data account#number#PAN
    regex_detector_test.go:84: Expected label PANNumber, got BankAccountNumber ([{BankAccountNumber 0.3}]), file PANNumber.csv:27 data AccountNumberPAN
    regex_detector_test.go:84: Expected label PANNumber, got BankAccountNumber ([{BankAccountNumber 0.3}]), file PANNumber.csv:28 data ACCOUNT_NUMBER_PAN
    regex_detector_test.go:84: Expected label PANNumber, got BankAccountNumber ([{BankAccountNumber 0.5}]), file PANNumber.csv:29 data ACCOUNT-NUMBER-PAN
    regex_detector_test.go:84: Expected label PANNumber, got  ([]), file PANNumber.csv:30 data ACCOUNT#NUMBER#PAN
    regex_detector_test.go:84: Expected label PANNumber, got BankAccountNumber ([{BankAccountNumber 0.3}]), file PANNumber.csv:31 data Account_Number_PAN
    regex_detector_test.go:84: Expected label PANNumber, got BankAccountNumber ([{BankAccountNumber 0.5}]), file PANNumber.csv:32 data Account-Number-PAN
    regex_detector_test.go:84: Expected label PANNumber, got  ([]), file PANNumber.csv:33 data Account#Number#PAN
    regex_detector_test.go:84: Expected label PANNumber, got BankAccountNumber ([{BankAccountNumber 0.5}]), file PANNumber.csv:34 data PAN account number
    regex_detector_test.go:84: Expected label PANNumber, got BankAccountNumber ([{BankAccountNumber 0.3}]), file PANNumber.csv:35 data PAN_account_number
    regex_detector_test.go:84: Expected label PANNumber, got BankAccountNumber ([{BankAccountNumber 0.5}]), file PANNumber.csv:36 data PAN-account-number
    regex_detector_test.go:84: Expected label PANNumber, got  ([]), file PANNumber.csv:37 data PAN#account#number
    regex_detector_test.go:84: Expected label PANNumber, got BankAccountNumber ([{BankAccountNumber 0.3}]), file PANNumber.csv:38 data PANAccountNumber
    regex_detector_test.go:84: Expected label PANNumber, got BankAccountNumber ([{BankAccountNumber 0.3}]), file PANNumber.csv:39 data PAN_ACCOUNT_NUMBER
    regex_detector_test.go:84: Expected label PANNumber, got BankAccountNumber ([{BankAccountNumber 0.5}]), file PANNumber.csv:40 data PAN-ACCOUNT-NUMBER
    regex_detector_test.go:84: Expected label PANNumber, got  ([]), file PANNumber.csv:41 data PAN#ACCOUNT#NUMBER
    regex_detector_test.go:84: Expected label PANNumber, got BankAccountNumber ([{BankAccountNumber 0.3}]), file PANNumber.csv:42 data PAN_Account_Number
    regex_detector_test.go:84: Expected label PANNumber, got BankAccountNumber ([{BankAccountNumber 0.5}]), file PANNumber.csv:43 data PAN-Account-Number
    regex_detector_test.go:84: Expected label PANNumber, got  ([]), file PANNumber.csv:44 data PAN#Account#Number
    regex_detector_test.go:84: Expected label PANNumber, got  ([]), file PANNumber.csv:45 data number PAN
    regex_detector_test.go:84: Expected label PANNumber, got  ([]), file PANNumber.csv:46 data number_PAN
    regex_detector_test.go:84: Expected label PANNumber, got  ([]), file PANNumber.csv:47 data number-PAN
    regex_detector_test.go:84: Expected label PANNumber, got  ([]), file PANNumber.csv:48 data number#PAN
    regex_detector_test.go:84: Expected label PANNumber, got  ([]), file PANNumber.csv:49 data NumberPAN
    regex_detector_test.go:84: Expected label PANNumber, got  ([]), file PANNumber.csv:50 data NUMBER_PAN
    regex_detector_test.go:84: Expected label PANNumber, got  ([]), file PANNumber.csv:51 data NUMBER-PAN
    regex_detector_test.go:84: Expected label PANNumber, got  ([]), file PANNumber.csv:52 data NUMBER#PAN
    regex_detector_test.go:84: Expected label PANNumber, got  ([]), file PANNumber.csv:53 data Number_PAN
    regex_detector_test.go:84: Expected label PANNumber, got  ([]), file PANNumber.csv:54 data Number-PAN
    regex_detector_test.go:84: Expected label PANNumber, got  ([]), file PANNumber.csv:55 data Number#PAN
    regex_detector_test.go:84: Expected label PANNumber, got  ([]), file PANNumber.csv:57 data tax_ID_number
    regex_detector_test.go:84: Expected label PANNumber, got  ([]), file PANNumber.csv:59 data tax#ID#number
    regex_detector_test.go:84: Expected label PANNumber, got  ([]), file PANNumber.csv:60 data TaxIDNumber
    regex_detector_test.go:84: Expected label PANNumber, got  ([]), file PANNumber.csv:61 data TAX_ID_NUMBER
    regex_detector_test.go:84: Expected label PANNumber, got  ([]), file PANNumber.csv:63 data TAX#ID#NUMBER
    regex_detector_test.go:84: Expected label PANNumber, got  ([]), file PANNumber.csv:64 data Tax_ID_Number
    regex_detector_test.go:84: Expected label PANNumber, got  ([]), file PANNumber.csv:66 data Tax#ID#Number
    regex_detector_test.go:84: Expected label PANNumber, got  ([]), file PANNumber.csv:70 data Indian#tax#number
    regex_detector_test.go:84: Expected label PANNumber, got  ([]), file PANNumber.csv:74 data INDIAN#TAX#NUMBER
    regex_detector_test.go:84: Expected label PANNumber, got  ([]), file PANNumber.csv:77 data Indian#Tax#Number
    regex_detector_test.go:84: Expected label PANNumber, got  ([]), file PANNumber.csv:78 data national ID PAN
    regex_detector_test.go:84: Expected label PANNumber, got  ([]), file PANNumber.csv:79 data national_ID_PAN
    regex_detector_test.go:84: Expected label PANNumber, got  ([]), file PANNumber.csv:80 data national-ID-PAN
    regex_detector_test.go:84: Expected label PANNumber, got  ([]), file PANNumber.csv:81 data national#ID#PAN
    regex_detector_test.go:84: Expected label PANNumber, got  ([]), file PANNumber.csv:82 data NationalIDPAN
    regex_detector_test.go:84: Expected label PANNumber, got  ([]), file PANNumber.csv:83 data NATIONAL_ID_PAN
    regex_detector_test.go:84: Expected label PANNumber, got  ([]), file PANNumber.csv:84 data NATIONAL-ID-PAN
    regex_detector_test.go:84: Expected label PANNumber, got  ([]), file PANNumber.csv:85 data NATIONAL#ID#PAN
    regex_detector_test.go:84: Expected label PANNumber, got  ([]), file PANNumber.csv:86 data National_ID_PAN
    regex_detector_test.go:84: Expected label PANNumber, got  ([]), file PANNumber.csv:87 data National-ID-PAN
    regex_detector_test.go:84: Expected label PANNumber, got  ([]), file PANNumber.csv:88 data National#ID#PAN
    regex_detector_test.go:84: Expected label PANNumber, got  ([]), file PANNumber.csv:89 data identity number PAN
    regex_detector_test.go:84: Expected label PANNumber, got  ([]), file PANNumber.csv:90 data identity_number_PAN
    regex_detector_test.go:84: Expected label PANNumber, got  ([]), file PANNumber.csv:91 data identity-number-PAN
    regex_detector_test.go:84: Expected label PANNumber, got  ([]), file PANNumber.csv:92 data identity#number#PAN
    regex_detector_test.go:84: Expected label PANNumber, got  ([]), file PANNumber.csv:93 data IdentityNumberPAN
    regex_detector_test.go:84: Expected label PANNumber, got  ([]), file PANNumber.csv:94 data IDENTITY_NUMBER_PAN
    regex_detector_test.go:84: Expected label PANNumber, got  ([]), file PANNumber.csv:95 data IDENTITY-NUMBER-PAN
    regex_detector_test.go:84: Expected label PANNumber, got  ([]), file PANNumber.csv:96 data IDENTITY#NUMBER#PAN
    regex_detector_test.go:84: Expected label PANNumber, got  ([]), file PANNumber.csv:97 data Identity_Number_PAN
    regex_detector_test.go:84: Expected label PANNumber, got  ([]), file PANNumber.csv:98 data Identity-Number-PAN
    regex_detector_test.go:84: Expected label PANNumber, got  ([]), file PANNumber.csv:99 data Identity#Number#PAN
    regex_detector_test.go:84: Expected label PANNumber, got  ([]), file PANNumber.csv:100 data unique ID PAN
    regex_detector_test.go:84: Expected label PANNumber, got  ([]), file PANNumber.csv:101 data unique_ID_PAN
    regex_detector_test.go:84: Expected label PANNumber, got  ([]), file PANNumber.csv:102 data unique-ID-PAN
    regex_detector_test.go:84: Expected label PANNumber, got  ([]), file PANNumber.csv:103 data unique#ID#PAN
    regex_detector_test.go:84: Expected label PANNumber, got  ([]), file PANNumber.csv:104 data UniqueIDPAN
    regex_detector_test.go:84: Expected label PANNumber, got  ([]), file PANNumber.csv:105 data UNIQUE_ID_PAN
    regex_detector_test.go:84: Expected label PANNumber, got  ([]), file PANNumber.csv:106 data UNIQUE-ID-PAN
    regex_detector_test.go:84: Expected label PANNumber, got  ([]), file PANNumber.csv:107 data UNIQUE#ID#PAN
    regex_detector_test.go:84: Expected label PANNumber, got  ([]), file PANNumber.csv:108 data Unique_ID_PAN
    regex_detector_test.go:84: Expected label PANNumber, got  ([]), file PANNumber.csv:109 data Unique-ID-PAN
    regex_detector_test.go:84: Expected label PANNumber, got  ([]), file PANNumber.csv:110 data Unique#ID#PAN
    regex_detector_test.go:84: Expected label PANNumber, got  ([]), file PANNumber.csv:113 data PAN#code
    regex_detector_test.go:84: Expected label PANNumber, got CreditCard ([{CreditCard 0.3} {PANNumber 0.3}]), file PANNumber.csv:114 data pancard_number
    regex_detector_test.go:84: Expected label PANNumber, got CreditCard ([{CreditCard 0.3} {PANNumber 0.3}]), file PANNumber.csv:118 data PANCARD_NUMBER
    regex_detector_test.go:84: Expected label PANNumber, got CreditCard ([{CreditCard 0.3} {PANNumber 0.3}]), file PANNumber.csv:121 data Pancard_Number
    regex_detector_test.go:84: Expected label PANNumber, got  ([]), file PANNumber.csv:127 data tax#number#PAN
    regex_detector_test.go:84: Expected label PANNumber, got  ([]), file PANNumber.csv:131 data TAX#NUMBER#PAN
    regex_detector_test.go:84: Expected label PANNumber, got  ([]), file PANNumber.csv:134 data Tax#Number#PAN
    regex_detector_test.go:84: Expected label PANNumber, got  ([]), file PANNumber.csv:138 data pan#number#id
    regex_detector_test.go:84: Expected label PANNumber, got  ([]), file PANNumber.csv:142 data PAN#NUMBER#ID
    regex_detector_test.go:84: Expected label PANNumber, got  ([]), file PANNumber.csv:145 data Pan#Number#ID
    regex_detector_test.go:84: Expected label PANNumber, got  ([]), file PANNumber.csv:157 data personal identification number PAN
    regex_detector_test.go:84: Expected label PANNumber, got  ([]), file PANNumber.csv:158 data personal_identification_number_PAN
    regex_detector_test.go:84: Expected label PANNumber, got  ([]), file PANNumber.csv:159 data personal-identification-number-PAN
    regex_detector_test.go:84: Expected label PANNumber, got  ([]), file PANNumber.csv:160 data personal#identification#number#PAN
    regex_detector_test.go:84: Expected label PANNumber, got  ([]), file PANNumber.csv:161 data PersonalIdentificationNumberPAN
    regex_detector_test.go:84: Expected label PANNumber, got  ([]), file PANNumber.csv:162 data PERSONAL_IDENTIFICATION_NUMBER_PAN
    regex_detector_test.go:84: Expected label PANNumber, got  ([]), file PANNumber.csv:163 data PERSONAL-IDENTIFICATION-NUMBER-PAN
    regex_detector_test.go:84: Expected label PANNumber, got  ([]), file PANNumber.csv:164 data PERSONAL#IDENTIFICATION#NUMBER#PAN
    regex_detector_test.go:84: Expected label PANNumber, got  ([]), file PANNumber.csv:165 data Personal_Identification_Number_PAN
    regex_detector_test.go:84: Expected label PANNumber, got  ([]), file PANNumber.csv:166 data Personal-Identification-Number-PAN
    regex_detector_test.go:84: Expected label PANNumber, got  ([]), file PANNumber.csv:167 data Personal#Identification#Number#PAN
    regex_detector_test.go:84: Expected label Phone, got  ([]), file Phone.csv:2 data +911234567890
    regex_detector_test.go:84: Expected label Phone, got  ([]), file Phone.csv:3 data 1234567890
    regex_detector_test.go:84: Expected label Phone, got  ([]), file Phone.csv:4 data 12345 67890
    regex_detector_test.go:84: Expected label Phone, got  ([]), file Phone.csv:5 data 12345-67890
    regex_detector_test.go:84: Expected label Phone, got  ([]), file Phone.csv:6 data 123-456-7890
    regex_detector_test.go:84: Expected label Phone, got  ([]), file Phone.csv:7 data (123)456 7890
    regex_detector_test.go:84: Expected label Phone, got  ([]), file Phone.csv:8 data (123)-456-7890
    regex_detector_test.go:84: Expected label Phone, got  ([]), file Phone.csv:9 data 123 456 7890
    regex_detector_test.go:84: Expected label Phone, got  ([]), file Phone.csv:10 data +91 1234567890
    regex_detector_test.go:84: Expected label Phone, got  ([]), file Phone.csv:11 data +91 12345 67890
    regex_detector_test.go:84: Expected label Phone, got  ([]), file Phone.csv:12 data +91 12345-67890
    regex_detector_test.go:84: Expected label Phone, got  ([]), file Phone.csv:13 data +91 123-456-7890
    regex_detector_test.go:84: Expected label Phone, got  ([]), file Phone.csv:14 data +91-123-456-7890
    regex_detector_test.go:84: Expected label Phone, got  ([]), file Phone.csv:15 data +91-(123)-456-7890
    regex_detector_test.go:84: Expected label Phone, got  ([]), file Phone.csv:16 data +91 (123) 456-7890
    regex_detector_test.go:84: Expected label Phone, got  ([]), file Phone.csv:17 data +91 (123) 456 7890
    regex_detector_test.go:84: Expected label Phone, got  ([]), file Phone.csv:18 data +3251234567890
    regex_detector_test.go:84: Expected label Phone, got  ([]), file Phone.csv:19 data +325-1234567890
    regex_detector_test.go:84: Expected label Phone, got  ([]), file Phone.csv:20 data +325-123-456-7890
    regex_detector_test.go:84: Expected label Phone, got  ([]), file Phone.csv:21 data +325-(123)-456-7890
    regex_detector_test.go:84: Expected label Phone, got  ([]), file Phone.csv:22 data +325 (123) 456-7890
    regex_detector_test.go:84: Expected label Phone, got  ([]), file Phone.csv:23 data 0286 369852
    regex_detector_test.go:84: Expected label Phone, got  ([]), file Phone.csv:24 data 0286-369852
    regex_detector_test.go:84: Expected label Phone, got  ([]), file Phone.csv:25 data 01234567890
    regex_detector_test.go:84: Expected label Phone, got  ([]), file Phone.csv:26 data 01234 567890
    regex_detector_test.go:84: Expected label Phone, got  ([]), file Phone.csv:27 data 01234-567890
    regex_detector_test.go:84: Expected label Phone, got  ([]), file Phone.csv:28 data 01234-567-890
    regex_detector_test.go:84: Expected label Phone, got  ([]), file Phone.csv:29 data 504-621-8927
    regex_detector_test.go:84: Expected label Phone, got  ([]), file Phone.csv:30 data 504-845-1427
    regex_detector_test.go:84: Expected label Phone, got  ([]), file Phone.csv:31 data 810-292-9388
    regex_detector_test.go:84: Expected label Phone, got  ([]), file Phone.csv:32 data 810-374-9840
    regex_detector_test.go:84: Expected label Phone, got  ([]), file Phone.csv:33 data 856-636-8749
    regex_detector_test.go:84: Expected label Phone, got  ([]), file Phone.csv:34 data 856-264-4130
    regex_detector_test.go:84: Expected label Phone, got  ([]), file Phone.csv:35 data 907-385-4412
    regex_detector_test.go:84: Expected label Phone, got  ([]), file Phone.csv:36 data 907-921-2010
    regex_detector_test.go:84: Expected label Phone, got  ([]), file Phone.csv:37 data 513-570-1893
    regex_detector_test.go:84: Expected label Phone, got  ([]), file Phone.csv:38 data 513-549-4561
    regex_detector_test.go:84: Expected label Phone, got  ([]), file Phone.csv:39 data 419-503-2484
    regex_detector_test.go:84: Expected label Phone, got  ([]), file Phone.csv:40 data 419-800-6759
    regex_detector_test.go:84: Expected label Phone, got  ([]), file Phone.csv:41 data 773-573-6914
    regex_detector_test.go:84: Expected label Phone, got  ([]), file Phone.csv:42 data 773-924-8565
    regex_detector_test.go:84: Expected label Phone, got  ([]), file Phone.csv:43 data 408-752-3500
    regex_detector_test.go:84: Expected label Phone, got  ([]), file Phone.csv:44 data 408-813-1105
    regex_detector_test.go:84: Expected label Phone, got  ([]), file Phone.csv:45 data 605-414-2147
    regex_detector_test.go:84: Expected label Phone, got  ([]), file Phone.csv:46 data 605-794-4895
    regex_detector_test.go:84: Expected label Phone, got  ([]), file Phone.csv:47 data 410-655-8723
    regex_detector_test.go:84: Expected label Phone, got  ([]), file Phone.csv:48 data 410-804-4694
    regex_detector_test.go:84: Expected label Phone, got  ([]), file Phone.csv:49 data 215-874-1229
    regex_detector_test.go:84: Expected label Phone, got  ([]), file Phone.csv:50 data 215-422-8694
    regex_detector_test.go:84: Expected label Phone, got  ([]), file Phone.csv:51 data 631-335-3414
    regex_detector_test.go:84: Expected label Phone, got  ([]), file Phone.csv:52 data 631-677-3675
    regex_detector_test.go:84: Expected label Phone, got  ([]), file Phone.csv:53 data 310-498-5651
    regex_detector_test.go:84: Expected label Phone, got  ([]), file Phone.csv:54 data 310-254-3084
    regex_detector_test.go:84: Expected label Phone, got  ([]), file Phone.csv:55 data 440-780-8425
    regex_detector_test.go:84: Expected label Phone, got  ([]), file Phone.csv:56 data 440-579-7763
    regex_detector_test.go:84: Expected label Phone, got  ([]), file Phone.csv:57 data 956-537-6195
    regex_detector_test.go:84: Expected label Phone, got  ([]), file Phone.csv:58 data 956-841-7216
    regex_detector_test.go:84: Expected label Phone, got  ([]), file Phone.csv:59 data 602-277-4385
    regex_detector_test.go:84: Expected label Phone, got  ([]), file Phone.csv:60 data 602-953-6360
    regex_detector_test.go:84: Expected label Phone, got  ([]), file Phone.csv:61 data 931-313-9635
    regex_detector_test.go:84: Expected label Phone, got  ([]), file Phone.csv:62 data 931-235-7959
    regex_detector_test.go:84: Expected label Phone, got  ([]), file Phone.csv:63 data 414-661-9598
    regex_detector_test.go:84: Expected label Phone, got  ([]), file Phone.csv:64 data 414-377-2880
    regex_detector_test.go:84: Expected label Phone, got  ([]), file Phone.csv:65 data 313-288-7937
    regex_detector_test.go:84: Expected label Phone, got  ([]), file Phone.csv:66 data 313-341-4470
    regex_detector_test.go:84: Expected label Phone, got  ([]), file Phone.csv:67 data 815-828-2147
    regex_detector_test.go:84: Expected label Phone, got  ([]), file Phone.csv:68 data 815-426-5657
    regex_detector_test.go:84: Expected label Phone, got  ([]), file Phone.csv:69 data 610-545-3615
    regex_detector_test.go:84: Expected label Phone, got  ([]), file Phone.csv:70 data 610-492-4643
    regex_detector_test.go:84: Expected label Phone, got  ([]), file Phone.csv:71 data 408-540-1785
    regex_detector_test.go:84: Expected label Phone, got  ([]), file Phone.csv:72 data 408-813-4592
    regex_detector_test.go:84: Expected label Phone, got  ([]), file Phone.csv:73 data 972-303-9197
    regex_detector_test.go:84: Expected label Phone, got  ([]), file Phone.csv:74 data 972-896-4882
    regex_detector_test.go:84: Expected label Phone, got  ([]), file Phone.csv:75 data 518-966-7987
    regex_detector_test.go:84: Expected label Phone, got  ([]), file Phone.csv:76 data 518-448-8982
    regex_detector_test.go:84: Expected label Phone, got  ([]), file Phone.csv:77 data 732-658-3154
    regex_detector_test.go:84: Expected label Phone, got  ([]), file Phone.csv:78 data 732-635-3453
    regex_detector_test.go:84: Expected label Phone, got  ([]), file Phone.csv:79 data 715-662-6764
    regex_detector_test.go:84: Expected label Phone, got  ([]), file Phone.csv:80 data 715-530-9863
    regex_detector_test.go:84: Expected label Phone, got  ([]), file Phone.csv:81 data 913-388-2079
    regex_detector_test.go:84: Expected label Phone, got  ([]), file Phone.csv:82 data 913-899-1103
    regex_detector_test.go:84: Expected label Phone, got  ([]), file Phone.csv:83 data 410-669-1642
    regex_detector_test.go:84: Expected label Phone, got  ([]), file Phone.csv:84 data 410-235-8738
    regex_detector_test.go:84: Expected label Phone, got  ([]), file Phone.csv:85 data 212-582-4976
    regex_detector_test.go:84: Expected label Phone, got  ([]), file Phone.csv:86 data 212-934-5167
    regex_detector_test.go:84: Expected label Phone, got  ([]), file Phone.csv:87 data 936-336-3951
    regex_detector_test.go:84: Expected label Phone, got  ([]), file Phone.csv:88 data 936-597-3614
    regex_detector_test.go:84: Expected label Phone, got  ([]), file Phone.csv:89 data 614-801-9788
    regex_detector_test.go:84: Expected label Phone, got  ([]), file Phone.csv:90 data 614-648-3265
    regex_detector_test.go:84: Expected label Phone, got  ([]), file Phone.csv:91 data 505-977-3911
    regex_detector_test.go:84: Expected label Phone, got  ([]), file Phone.csv:92 data 505-335-5293
    regex_detector_test.go:84: Expected label Phone, got  ([]), file Phone.csv:93 data 201-709-6245
    regex_detector_test.go:84: Expected label Phone, got  ([]), file Phone.csv:94 data 201-387-9093
    regex_detector_test.go:84: Expected label Phone, got  ([]), file Phone.csv:95 data 732-924-7882
    regex_detector_test.go:84: Expected label Phone, got  ([]), file Phone.csv:96 data 732-782-6701
    regex_detector_test.go:84: Expected label Phone, got  ([]), file Phone.csv:97 data 212-860-1579
    regex_detector_test.go:84: Expected label Phone, got  ([]), file Phone.csv:98 data 212-753-2740
    regex_detector_test.go:84: Expected label Phone, got  ([]), file Phone.csv:99 data 504-979-9175
    regex_detector_test.go:84: Expected label Phone, got  ([]), file Phone.csv:100 data 504-265-8174
    regex_detector_test.go:84: Expected label Phone, got  ([]), file Phone.csv:101 data 212-675-8570
    regex_detector_test.go:84: Expected label Phone, got  ([]), file Phone.csv:102 data 212-569-4233
    regex_detector_test.go:84: Expected label Phone, got  ([]), file Phone.csv:103 data 805-832-6163
    regex_detector_test.go:84: Expected label Phone, got  ([]), file Phone.csv:104 data 805-609-1531
    regex_detector_test.go:84: Expected label Phone, got  ([]), file Phone.csv:105 data 210-812-9597
    regex_detector_test.go:84: Expected label Phone, got  ([]), file Phone.csv:106 data 210-300-6244
    regex_detector_test.go:84: Expected label Phone, got  ([]), file Phone.csv:107 data 785-463-7829
    regex_detector_test.go:84: Expected label Phone, got  ([]), file Phone.csv:108 data 785-219-7724
    regex_detector_test.go:84: Expected label Phone, got  ([]), file Phone.csv:109 data 541-548-8197
    regex_detector_test.go:84: Expected label Phone, got  ([]), file Phone.csv:110 data 541-993-2611
    regex_detector_test.go:84: Expected label Phone, got  ([]), file Phone.csv:111 data 913-413-4604
    regex_detector_test.go:84: Expected label Phone, got  ([]), file Phone.csv:112 data 913-645-8918
    regex_detector_test.go:84: Expected label Phone, got  ([]), file Phone.csv:113 data 907-231-4722
    regex_detector_test.go:84: Expected label Phone, got  ([]), file Phone.csv:114 data 907-335-6568
    regex_detector_test.go:84: Expected label Phone, got  ([]), file Phone.csv:115 data 305-606-7291
    regex_detector_test.go:84: Expected label Phone, got  ([]), file Phone.csv:116 data 305-995-2078
    regex_detector_test.go:84: Expected label Phone, got  ([]), file Phone.csv:117 data 907-741-1044
    regex_detector_test.go:84: Expected label Phone, got  ([]), file Phone.csv:118 data 907-227-6777
    regex_detector_test.go:84: Expected label Phone, got  ([]), file Phone.csv:119 data 952-768-2416
    regex_detector_test.go:84: Expected label Phone, got  ([]), file Phone.csv:120 data 952-479-2375
    regex_detector_test.go:84: Expected label Phone, got  ([]), file Phone.csv:121 data 617-399-5124
    regex_detector_test.go:84: Expected label Phone, got  ([]), file Phone.csv:122 data 617-997-5771
    regex_detector_test.go:84: Expected label Phone, got  ([]), file Phone.csv:123 data 323-453-2780
    regex_detector_test.go:84: Expected label Phone, got  ([]), file Phone.csv:124 data 323-315-7314
    regex_detector_test.go:84: Expected label Phone, got  ([]), file Phone.csv:125 data 608-336-7444
    regex_detector_test.go:84: Expected label Phone, got  ([]), file Phone.csv:126 data 608-658-7940
    regex_detector_test.go:84: Expected label Phone, got  ([]), file Phone.csv:127 data 215-907-9111
    regex_detector_test.go:84: Expected label Phone, got  ([]), file Phone.csv:128 data 215-794-4519
    regex_detector_test.go:84: Expected label Phone, got  ([]), file Phone.csv:129 data 212-402-9216
    regex_detector_test.go:84: Expected label Phone, got  ([]), file Phone.csv:130 data 212-617-5063
    regex_detector_test.go:84: Expected label Phone, got  ([]), file Phone.csv:131 data 931-875-6644
    regex_detector_test.go:84: Expected label Phone, got  ([]), file Phone.csv:132 data 931-303-6041
    regex_detector_test.go:84: Expected label Phone, got  ([]), file Phone.csv:133 data 803-925-5213
    regex_detector_test.go:84: Expected label Phone, got  ([]), file Phone.csv:134 data 803-681-3678
    regex_detector_test.go:84: Expected label Phone, got  ([]), file Phone.csv:135 data 610-814-5533
    regex_detector_test.go:84: Expected label Phone, got  ([]), file Phone.csv:136 data 610-379-7125
    regex_detector_test.go:84: Expected label Phone, got  ([]), file Phone.csv:137 data 908-877-6135
    regex_detector_test.go:84: Expected label Phone, got  ([]), file Phone.csv:138 data 908-470-4661
    regex_detector_test.go:84: Expected label Phone, got  ([]), file Phone.csv:139 data 516-968-6051
    regex_detector_test.go:84: Expected label Phone, got  ([]), file Phone.csv:140 data 516-333-4861
    regex_detector_test.go:84: Expected label Phone, got  ([]), file Phone.csv:141 data 215-934-8655
    regex_detector_test.go:84: Expected label Phone, got  ([]), file Phone.csv:142 data 215-329-6386
    regex_detector_test.go:84: Expected label Phone, got  ([]), file Phone.csv:143 data 818-423-4007
    regex_detector_test.go:84: Expected label Phone, got  ([]), file Phone.csv:144 data 818-749-8650
    regex_detector_test.go:84: Expected label Phone, got  ([]), file Phone.csv:145 data 401-458-2547
    regex_detector_test.go:84: Expected label Phone, got  ([]), file Phone.csv:146 data 401-559-8961
    regex_detector_test.go:84: Expected label Phone, got  ([]), file Phone.csv:147 data 215-211-9589
    regex_detector_test.go:84: Expected label Phone, got  ([]), file Phone.csv:148 data 215-417-9563
    regex_detector_test.go:84: Expected label Phone, got  ([]), file Phone.csv:149 data 401-960-8259
    regex_detector_test.go:84: Expected label Phone, got  ([]), file Phone.csv:150 data 401-300-8122
    regex_detector_test.go:84: Expected label Phone, got  ([]), file Phone.csv:151 data 732-234-1546
    regex_detector_test.go:84: Expected label Phone, got  ([]), file Phone.csv:152 data 732-904-2931
    regex_detector_test.go:84: Expected label Phone, got  ([]), file Phone.csv:153 data 512-486-3817
    regex_detector_test.go:84: Expected label Phone, got  ([]), file Phone.csv:154 data 512-861-3814
    regex_detector_test.go:84: Expected label Phone, got  ([]), file Phone.csv:155 data 303-724-7371
    regex_detector_test.go:84: Expected label Phone, got  ([]), file Phone.csv:156 data 303-874-5160
    regex_detector_test.go:84: Expected label Phone, got  ([]), file Phone.csv:157 data 414-748-1374
    regex_detector_test.go:84: Expected label Phone, got  ([]), file Phone.csv:158 data 414-573-7719
    regex_detector_test.go:84: Expected label Phone, got  ([]), file Phone.csv:159 data 212-674-9610
    regex_detector_test.go:84: Expected label Phone, got  ([]), file Phone.csv:160 data 212-462-9157
    regex_detector_test.go:84: Expected label Phone, got  ([]), file Phone.csv:161 data 907-797-9628
    regex_detector_test.go:84: Expected label Phone, got  ([]), file Phone.csv:162 data 907-873-2882
    regex_detector_test.go:84: Expected label Phone, got  ([]), file Phone.csv:163 data 814-393-5571
    regex_detector_test.go:84: Expected label Phone, got  ([]), file Phone.csv:164 data 814-420-3553
    regex_detector_test.go:84: Expected label Phone, got  ([]), file Phone.csv:165 data 410-914-9018
    regex_detector_test.go:84: Expected label Phone, got  ([]), file Phone.csv:166 data 410-937-4543
    regex_detector_test.go:84: Expected label Phone, got  ([]), file Phone.csv:167 data 208-862-5339
    regex_detector_test.go:84: Expected label Phone, got  ([]), file Phone.csv:168 data 208-737-8439
    regex_detector_test.go:84: Expected label Phone, got  ([]), file Phone.csv:169 data 415-315-2761
    regex_detector_test.go:84: Expected label Phone, got  ([]), file Phone.csv:170 data 415-604-7609
    regex_detector_test.go:84: Expected label Phone, got  ([]), file Phone.csv:171 data 919-225-9345
    regex_detector_test.go:84: Expected label Phone, got  ([]), file Phone.csv:172 data 919-715-3791
    regex_detector_test.go:84: Expected label Phone, got  ([]), file Phone.csv:173 data 650-528-5783
    regex_detector_test.go:84: Expected label Phone, got  ([]), file Phone.csv:174 data 650-811-9032
    regex_detector_test.go:84: Expected label Phone, got  ([]), file Phone.csv:175 data 925-647-3298
    regex_detector_test.go:84: Expected label Phone, got  ([]), file Phone.csv:176 data 925-522-7798
    regex_detector_test.go:84: Expected label Phone, got  ([]), file Phone.csv:177 data 740-343-8575
    regex_detector_test.go:84: Expected label Phone, got  ([]), file Phone.csv:178 data 740-526-5410
    regex_detector_test.go:84: Expected label Phone, got  ([]), file Phone.csv:179 data 585-866-8313
    regex_detector_test.go:84: Expected label Phone, got  ([]), file Phone.csv:180 data 585-498-4278
    regex_detector_test.go:84: Expected label Phone, got  ([]), file Phone.csv:181 data 410-520-4832
    regex_detector_test.go:84: Expected label Phone, got  ([]), file Phone.csv:182 data 410-957-6903
    regex_detector_test.go:84: Expected label Phone, got  ([]), file Phone.csv:183 data 973-354-2040
    regex_detector_test.go:84: Expected label Phone, got  ([]), file Phone.csv:184 data 973-847-9611
    regex_detector_test.go:84: Expected label Phone, got  ([]), file Phone.csv:185 data 773-446-5569
    regex_detector_test.go:84: Expected label Phone, got  ([]), file Phone.csv:186 data 773-352-3437
    regex_detector_test.go:84: Expected label Phone, got  ([]), file Phone.csv:187 data 973-927-3447
    regex_detector_test.go:84: Expected label Phone, got  ([]), file Phone.csv:188 data 973-796-3667
    regex_detector_test.go:84: Expected label Phone, got  ([]), file Phone.csv:189 data 505-975-8559
    regex_detector_test.go:84: Expected label Phone, got  ([]), file Phone.csv:190 data 505-950-1763
    regex_detector_test.go:84: Expected label Phone, got  ([]), file Phone.csv:191 data 718-332-6527
    regex_detector_test.go:84: Expected label Phone, got  ([]), file Phone.csv:192 data 718-654-7063
    regex_detector_test.go:84: Expected label Phone, got  ([]), file Phone.csv:193 data 904-775-4480
    regex_detector_test.go:84: Expected label Phone, got  ([]), file Phone.csv:194 data 904-514-9918
    regex_detector_test.go:84: Expected label Phone, got  ([]), file Phone.csv:195 data 510-993-3758
    regex_detector_test.go:84: Expected label Phone, got  ([]), file Phone.csv:196 data 510-901-7640
    regex_detector_test.go:84: Expected label Phone, got  ([]), file Phone.csv:197 data 216-657-7668
    regex_detector_test.go:84: Expected label Phone, got  ([]), file Phone.csv:198 data 216-733-8494
    regex_detector_test.go:84: Expected label Phone, got  ([]), file Phone.csv:199 data 817-914-7518
    regex_detector_test.go:84: Expected label Phone, got  ([]), file Phone.csv:200 data 817-451-3518
    regex_detector_test.go:84: Expected label Phone, got  ([]), file Phone.csv:201 data 310-774-7643
    regex_detector_test.go:84: Expected label Phone, got  ([]), file Phone.csv:202 data 310-968-1219
    regex_detector_test.go:84: Expected label Phone, got  ([]), file Phone.csv:203 data 847-728-7286
    regex_detector_test.go:84: Expected label Phone, got  ([]), file Phone.csv:204 data 847-957-4614
    regex_detector_test.go:84: Expected label Phone, got  ([]), file Phone.csv:205 data 330-537-5358
    regex_detector_test.go:84: Expected label Phone, got  ([]), file Phone.csv:206 data 330-700-2312
    regex_detector_test.go:84: Expected label Phone, got  ([]), file Phone.csv:207 data 215-255-1641
    regex_detector_test.go:84: Expected label Phone, got  ([]), file Phone.csv:208 data 215-228-8264
    regex_detector_test.go:84: Expected label Phone, got  ([]), file Phone.csv:209 data 650-803-1936
    regex_detector_test.go:84: Expected label Phone, got  ([]), file Phone.csv:210 data 650-216-5075
    regex_detector_test.go:84: Expected label Phone, got  ([]), file Phone.csv:211 data 626-572-1096
    regex_detector_test.go:84: Expected label Phone, got  ([]), file Phone.csv:212 data 626-696-2777
    regex_detector_test.go:84: Expected label Phone, got  ([]), file Phone.csv:213 data 254-782-8569
    regex_detector_test.go:84: Expected label Phone, got  ([]), file Phone.csv:214 data 254-205-1422
    regex_detector_test.go:84: Expected label Phone, got  ([]), file Phone.csv:215 data 907-870-5536
    regex_detector_test.go:84: Expected label Phone, got  ([]), file Phone.csv:216 data 907-914-9482
    regex_detector_test.go:84: Expected label Phone, got  ([]), file Phone.csv:217 data 408-703-8505
    regex_detector_test.go:84: Expected label Phone, got  ([]), file Phone.csv:218 data 408-440-8447
    regex_detector_test.go:84: Expected label Phone, got  ([]), file Phone.csv:219 data 510-503-7169
    regex_detector_test.go:84: Expected label Phone, got  ([]), file Phone.csv:220 data 510-452-4835
    regex_detector_test.go:84: Expected label Phone, got  ([]), file Phone.csv:221 data 317-722-5066
    regex_detector_test.go:84: Expected label Phone, got  ([]), file Phone.csv:222 data 317-472-2412
    regex_detector_test.go:84: Expected label Phone, got  ([]), file Phone.csv:223 data 307-704-8713
    regex_detector_test.go:84: Expected label Phone, got  ([]), file Phone.csv:224 data 307-279-3793
    regex_detector_test.go:84: Expected label Phone, got  ([]), file Phone.csv:225 data 703-235-3937
    regex_detector_test.go:84: Expected label Phone, got  ([]), file Phone.csv:226 data 703-475-7568
    regex_detector_test.go:84: Expected label SSN, got  ([]), file SSN.csv:1 data SSN
    regex_detector_test.go:84: Expected label SSN, got  ([]), file SSN.csv:2 data SocialSecurityNumber
    regex_detector_test.go:84: Expected label SSN, got  ([]), file SSN.csv:3 data SSN_Number
    regex_detector_test.go:84: Expected label SSN, got  ([]), file SSN.csv:4 data SSNCode
    regex_detector_test.go:84: Expected label SSN, got  ([]), file SSN.csv:5 data SocialSecNum
    regex_detector_test.go:84: Expected label SSN, got  ([]), file SSN.csv:6 data SSN_ID
    regex_detector_test.go:84: Expected label SSN, got  ([]), file SSN.csv:7 data Social_Security_Num
    regex_detector_test.go:84: Expected label SSN, got  ([]), file SSN.csv:8 data SSNValue
    regex_detector_test.go:84: Expected label SSN, got  ([]), file SSN.csv:9 data SSNField
    regex_detector_test.go:84: Expected label SSN, got  ([]), file SSN.csv:10 data SocialSecNumber
    regex_detector_test.go:84: Expected label SSN, got Name ([{Name 0.3}]), file SSN.csv:11 data SSNFieldName
    regex_detector_test.go:84: Expected label SSN, got  ([]), file SSN.csv:12 data SSN_Field
    regex_detector_test.go:84: Expected label SSN, got CVV ([{CVV 0.3}]), file SSN.csv:13 data SocialSecID
    regex_detector_test.go:84: Expected label SSN, got  ([]), file SSN.csv:14 data Social_Security_Number
    regex_detector_test.go:84: Expected label SSN, got  ([]), file SSN.csv:15 data SSNData
    regex_detector_test.go:84: Expected label SSN, got  ([]), file SSN.csv:16 data SSN_Col
    regex_detector_test.go:84: Expected label SSN, got  ([]), file SSN.csv:17 data SocialSecCode
    regex_detector_test.go:84: Expected label SSN, got  ([]), file SSN.csv:18 data SSNColumn
    regex_detector_test.go:84: Expected label SSN, got  ([]), file SSN.csv:19 data SSNInfo
    regex_detector_test.go:84: Expected label SSN, got  ([]), file SSN.csv:20 data SSN_Details
    regex_detector_test.go:84: Expected label SSN, got  ([]), file SSN.csv:21 data SSNDetail
    regex_detector_test.go:84: Expected label SSN, got  ([]), file SSN.csv:22 data Social_Sec_Num
    regex_detector_test.go:84: Expected label SSN, got  ([]), file SSN.csv:23 data SSNEntry
    regex_detector_test.go:84: Expected label SSN, got  ([]), file SSN.csv:24 data SSN_Identifier
    regex_detector_test.go:84: Expected label SSN, got  ([]), file SSN.csv:25 data SSNRecord
    regex_detector_test.go:84: Expected label SSN, got  ([]), file SSN.csv:26 data SocialSecurityID
    regex_detector_test.go:84: Expected label SSN, got  ([]), file SSN.csv:27 data SSN_Identification
    regex_detector_test.go:84: Expected label SSN, got  ([]), file SSN.csv:28 data SSN_Record
    regex_detector_test.go:84: Expected label SSN, got  ([]), file SSN.csv:29 data SSN_Entry
    regex_detector_test.go:84: Expected label SSN, got  ([]), file SSN.csv:30 data SSN_Info
    regex_detector_test.go:84: Expected label SSN, got  ([]), file SSN.csv:31 data SSN_Code
    regex_detector_test.go:84: Expected label SSN, got  ([]), file SSN.csv:32 data SSN_Column
    regex_detector_test.go:84: Expected label SSN, got  ([]), file SSN.csv:33 data SSNNumber
    regex_detector_test.go:84: Expected label SSN, got  ([]), file SSN.csv:34 data SSN_Index
    regex_detector_test.go:84: Expected label SSN, got  ([]), file SSN.csv:35 data SSN_Num
    regex_detector_test.go:84: Expected label SSN, got  ([]), file SSN.csv:36 data SocialSecurity_Num
    regex_detector_test.go:84: Expected label SSN, got  ([]), file SSN.csv:37 data SSNIdentifier
    regex_detector_test.go:84: Expected label SSN, got  ([]), file SSN.csv:38 data SocialSecurityCode
    regex_detector_test.go:84: Expected label SSN, got  ([]), file SSN.csv:39 data SSN_Index
    regex_detector_test.go:84: Expected label SSN, got  ([]), file SSN.csv:40 data SSN_Identity
    regex_detector_test.go:84: Expected label SSN, got  ([]), file SSN.csv:41 data SSN_Data
    regex_detector_test.go:84: Expected label SSN, got  ([]), file SSN.csv:42 data SocialSecurityDetail
    regex_detector_test.go:84: Expected label SSN, got  ([]), file SSN.csv:43 data SSNNumberField
    regex_detector_test.go:84: Expected label SSN, got  ([]), file SSN.csv:44 data Social_Security_Ident
    regex_detector_test.go:84: Expected label SSN, got  ([]), file SSN.csv:45 data SSN_Number_Field
    regex_detector_test.go:84: Expected label SSN, got  ([]), file SSN.csv:46 data SSN_Num_Field
    regex_detector_test.go:84: Expected label SSN, got  ([]), file SSN.csv:47 data SocialSecNumField
    regex_detector_test.go:84: Expected label SSN, got  ([]), file SSN.csv:48 data SSN_ID_Field
    regex_detector_test.go:84: Expected label SSN, got  ([]), file SSN.csv:49 data SSN_Col_Field
    regex_detector_test.go:84: Expected label SSN, got  ([]), file SSN.csv:50 data SSNCodeField
    regex_detector_test.go:84: Expected label SSN, got  ([]), file SSN.csv:51 data Social_Security_Col
    regex_detector_test.go:84: Expected label SSN, got  ([]), file SSN.csv:52 data SSNCodeInfo
    regex_detector_test.go:84: Expected label SSN, got  ([]), file SSN.csv:53 data SSN_Col_Info
    regex_detector_test.go:84: Expected label SSN, got  ([]), file SSN.csv:54 data SocialSec_Num_Field
    regex_detector_test.go:84: Expected label SSN, got  ([]), file SSN.csv:55 data SSN_Detail_Field
    regex_detector_test.go:84: Expected label SSN, got  ([]), file SSN.csv:56 data SSN_Field_Info
    regex_detector_test.go:84: Expected label SSN, got  ([]), file SSN.csv:57 data SSNEntryField
    regex_detector_test.go:84: Expected label SSN, got Name ([{Name 0.3}]), file SSN.csv:58 data SSN_Field_Name
    regex_detector_test.go:84: Expected label SSN, got  ([]), file SSN.csv:59 data SocialSec_Code_Field
    regex_detector_test.go:84: Expected label SSN, got  ([]), file SSN.csv:60 data SSN_ID_Info
    regex_detector_test.go:84: Expected label SSN, got  ([]), file SSN.csv:61 data Social_Security_Field
    regex_detector_test.go:84: Expected label SSN, got  ([]), file SSN.csv:62 data SSN_Record_Info
    regex_detector_test.go:84: Expected label SSN, got  ([]), file SSN.csv:63 data SSN_Record_Field
    regex_detector_test.go:84: Expected label SSN, got  ([]), file SSN.csv:64 data SocialSecurity_Field
    regex_detector_test.go:84: Expected label SSN, got  ([]), file SSN.csv:65 data SSN_Detail_Info
    regex_detector_test.go:84: Expected label SSN, got  ([]), file SSN.csv:66 data SSN_Detail_Record
    regex_detector_test.go:84: Expected label SSN, got  ([]), file SSN.csv:67 data SocialSecurity_Record
    regex_detector_test.go:84: Expected label SSN, got  ([]), file SSN.csv:68 data SSN_Identifier_Field
    regex_detector_test.go:84: Expected label SSN, got  ([]), file SSN.csv:69 data SSN_Identification_Field
    regex_detector_test.go:84: Expected label SSN, got  ([]), file SSN.csv:70 data SocialSecurity_Identifier
    regex_detector_test.go:84: Expected label SSN, got  ([]), file SSN.csv:71 data SSN_Identity_Field
    regex_detector_test.go:84: Expected label SSN, got  ([]), file SSN.csv:72 data SSN_Info_Field
    regex_detector_test.go:84: Expected label SSN, got  ([]), file SSN.csv:73 data SocialSecurity_Info
    regex_detector_test.go:84: Expected label SSN, got  ([]), file SSN.csv:74 data SSN_Info_Record
    regex_detector_test.go:84: Expected label SSN, got  ([]), file SSN.csv:75 data SSN_Identification_Info
    regex_detector_test.go:84: Expected label SSN, got  ([]), file SSN.csv:76 data SSN_Record_ID
    regex_detector_test.go:84: Expected label SSN, got  ([]), file SSN.csv:77 data Social_Security_ID
    regex_detector_test.go:84: Expected label SSN, got  ([]), file SSN.csv:78 data SSN_Identity_Info
    regex_detector_test.go:84: Expected label SSN, got  ([]), file SSN.csv:79 data SSN_Identity_Record
    regex_detector_test.go:84: Expected label SSN, got  ([]), file SSN.csv:80 data SSN_Info_Entry
    regex_detector_test.go:84: Expected label SSN, got  ([]), file SSN.csv:81 data SocialSecurity_Entry
    regex_detector_test.go:84: Expected label SSN, got  ([]), file SSN.csv:82 data SSN_Entry_Info
    regex_detector_test.go:84: Expected label SSN, got  ([]), file SSN.csv:83 data SocialSecurity_Info_Field
    regex_detector_test.go:84: Expected label SSN, got  ([]), file SSN.csv:84 data SSN_Info_Col
    regex_detector_test.go:84: Expected label SSN, got  ([]), file SSN.csv:85 data Social_Security_Info_Col
    regex_detector_test.go:84: Expected label SSN, got  ([]), file SSN.csv:86 data SSN_Entry_Field
    regex_detector_test.go:84: Expected label SSN, got  ([]), file SSN.csv:87 data SSN_Entry_Record
    regex_detector_test.go:84: Expected label SSN, got  ([]), file SSN.csv:88 data SocialSecurity_Col_Field
    regex_detector_test.go:84: Expected label SSN, got  ([]), file SSN.csv:89 data SSN_Col_Info
    regex_detector_test.go:84: Expected label SSN, got  ([]), file SSN.csv:90 data Social_Security_Entry
    regex_detector_test.go:84: Expected label SSN, got  ([]), file SSN.csv:91 data SSN_Col_Entry
    regex_detector_test.go:84: Expected label SSN, got  ([]), file SSN.csv:92 data Social_Security_Record_Field
    regex_detector_test.go:84: Expected label SSN, got  ([]), file SSN.csv:93 data SSN_Record_Col
    regex_detector_test.go:84: Expected label SSN, got  ([]), file SSN.csv:94 data Social_Security_Col_Info
    regex_detector_test.go:84: Expected label SSN, got  ([]), file SSN.csv:95 data SSN_Col_Detail
    regex_detector_test.go:84: Expected label SSN, got  ([]), file SSN.csv:96 data Social_Security_Detail
    regex_detector_test.go:84: Expected label SSN, got  ([]), file SSN.csv:97 data SSN_Col_Identifier
    regex_detector_test.go:84: Expected label SSN, got  ([]), file SSN.csv:98 data SSN_Col_Identification
    regex_detector_test.go:84: Expected label SSN, got  ([]), file SSN.csv:99 data Social_Security_Col_ID
    regex_detector_test.go:84: Expected label SSN, got  ([]), file SSN.csv:100 data SSN_Col_ID
    regex_detector_test.go:84: Expected label SSN, got  ([]), file SSN.csv:101 data SSN_Col_Identity
    regex_detector_test.go:84: Expected label SSN, got  ([]), file SSN.csv:102 data SSN_Col_Data
    regex_detector_test.go:84: Expected label SSN, got  ([]), file SSN.csv:103 data SSN_Col_Record
    regex_detector_test.go:84: Expected label SSN, got  ([]), file SSN.csv:104 data Social_Security_Data
    regex_detector_test.go:84: Expected label SSN, got  ([]), file SSN.csv:105 data SSN_Col_Field_Data
    regex_detector_test.go:84: Expected label SSN, got  ([]), file SSN.csv:106 data Social_Security_Field_Data
    regex_detector_test.go:84: Expected label SSN, got  ([]), file SSN.csv:107 data SSN_Col_Info_Data
    regex_detector_test.go:84: Expected label SSN, got  ([]), file SSN.csv:108 data SSN_Field_Data
    regex_detector_test.go:84: Expected label SSN, got  ([]), file SSN.csv:109 data SSN_Record_Data
    regex_detector_test.go:84: Expected label SSN, got  ([]), file SSN.csv:110 data Social_Security_Data_Field
    regex_detector_test.go:84: Expected label SSN, got  ([]), file SSN.csv:111 data SSN_Record_Data_Field
    regex_detector_test.go:84: Expected label SSN, got  ([]), file SSN.csv:112 data SSN_Entry_Data
    regex_detector_test.go:84: Expected label SSN, got  ([]), file SSN.csv:113 data SSN_Field_Data_Record
    regex_detector_test.go:84: Expected label SSN, got  ([]), file SSN.csv:114 data SSN_Data_Record
    regex_detector_test.go:84: Expected label SSN, got  ([]), file SSN.csv:115 data SSN_Info_Data
    regex_detector_test.go:84: Expected label SSN, got  ([]), file SSN.csv:116 data SSN_Data_Entry
    regex_detector_test.go:84: Expected label SSN, got  ([]), file SSN.csv:117 data Social_Security_Record_Data
    regex_detector_test.go:84: Expected label SSN, got  ([]), file SSN.csv:118 data SSN_Data_Col
    regex_detector_test.go:84: Expected label SSN, got  ([]), file SSN.csv:119 data SSN_Entry_Data_Field
    regex_detector_test.go:84: Expected label SSN, got  ([]), file SSN.csv:120 data SSN_Data_Col_Field
    regex_detector_test.go:84: Expected label SSN, got  ([]), file SSN.csv:121 data SSN_Data_Col_Record
    regex_detector_test.go:84: Expected label SSN, got  ([]), file SSN.csv:122 data Social_Security_Info_Data
    regex_detector_test.go:84: Expected label SSN, got  ([]), file SSN.csv:123 data SSN_Col_Info_Record
    regex_detector_test.go:84: Expected label SSN, got  ([]), file SSN.csv:124 data SSN_Col_Data_Info
    regex_detector_test.go:84: Expected label SSN, got  ([]), file SSN.csv:125 data SSN_Field_Info_Data
    regex_detector_test.go:84: Expected label SSN, got  ([]), file SSN.csv:126 data SSN_Data_Info
    regex_detector_test.go:84: Expected label SSN, got  ([]), file SSN.csv:127 data SSN_Record_Info_Data
    regex_detector_test.go:84: Expected label SSN, got  ([]), file SSN.csv:128 data Social_Security_Data_Info
    regex_detector_test.go:84: Expected label SSN, got  ([]), file SSN.csv:129 data SSN_Col_Entry_Data
    regex_detector_test.go:84: Expected label SSN, got  ([]), file SSN.csv:130 data SSN_Data_Col_Info
    regex_detector_test.go:84: Expected label SSN, got  ([]), file SSN.csv:131 data SSN_Col_Info_Entry
    regex_detector_test.go:84: Expected label SSN, got  ([]), file SSN.csv:132 data SSN_Col_Data_Entry
    regex_detector_test.go:84: Expected label SSN, got  ([]), file SSN.csv:133 data SSN_Data_Entry_Info
    regex_detector_test.go:84: Expected label SSN, got  ([]), file SSN.csv:134 data SSN_Data_Field_Info
    regex_detector_test.go:84: Expected label SSN, got  ([]), file SSN.csv:135 data Social_Security_Data_Entry
    regex_detector_test.go:84: Expected label SSN, got  ([]), file SSN.csv:136 data SSN_Data_Field_Entry
    regex_detector_test.go:84: Expected label SSN, got  ([]), file SSN.csv:137 data SSN_Info_Col_Data
    regex_detector_test.go:84: Expected label SSN, got  ([]), file SSN.csv:138 data Social_Security_Info_Data_Entry
    regex_detector_test.go:84: Expected label SSN, got  ([]), file SSN.csv:139 data SSN_Data_Field_Col
    regex_detector_test.go:84: Expected label SSN, got  ([]), file SSN.csv:140 data SSN_Data_Record_Col
    regex_detector_test.go:84: Expected label SSN, got  ([]), file SSN.csv:141 data Social_Security_Info_Col_Data
    regex_detector_test.go:84: Expected label SSN, got  ([]), file SSN.csv:142 data SSN_Entry_Info_Data
    regex_detector_test.go:84: Expected label SSN, got  ([]), file SSN.csv:143 data SSN_Data_Col_Entry
    regex_detector_test.go:84: Expected label SSN, got  ([]), file SSN.csv:144 data SSN_Col_Entry_Info
    regex_detector_test.go:84: Expected label SSN, got  ([]), file SSN.csv:145 data Social_Security_Col_Info_Data
    regex_detector_test.go:84: Expected label SSN, got  ([]), file SSN.csv:146 data SSN_Field_Data_Col
    regex_detector_test.go:84: Expected label SSN, got  ([]), file SSN.csv:147 data SSN_Record_Data_Info
    regex_detector_test.go:84: Expected label SSN, got  ([]), file SSN.csv:148 data SSN_Info_Field_Data
    regex_detector_test.go:84: Expected label SSN, got  ([]), file SSN.csv:149 data Social_Security_Entry_Data
    regex_detector_test.go:84: Expected label SSN, got  ([]), file SSN.csv:150 data SSN_Data_Info_Entry
    regex_detector_test.go:84: Expected label SSN, got  ([]), file SSN.csv:151 data SSN_Col_Data_Field
    regex_detector_test.go:84: Expected label SSN, got  ([]), file SSN.csv:152 data SSN_Entry_Field_Data
    regex_detector_test.go:84: Expected label SSN, got  ([]), file SSN.csv:153 data SSN_Field_Entry_Data
    regex_detector_test.go:84: Expected label SSN, got  ([]), file SSN.csv:154 data SSN_Entry_Data_Info
    regex_detector_test.go:84: Expected label SSN, got  ([]), file SSN.csv:155 data Social_Security_Data_Record
    regex_detector_test.go:84: Expected label SSN, got  ([]), file SSN.csv:156 data SSN_Record_Info_Entry
    regex_detector_test.go:84: Expected label SSN, got  ([]), file SSN.csv:157 data SSN_Data_Info_Field
    regex_detector_test.go:84: Expected label SSN, got  ([]), file SSN.csv:158 data Social_Security_Field_Data_Entry
    regex_detector_test.go:84: Expected label SSN, got  ([]), file SSN.csv:159 data SSN_Info_Entry_Data_Field
    regex_detector_test.go:84: Expected label SSN, got  ([]), file SSN.csv:160 data SSN_Entry_Data_Col
    regex_detector_test.go:84: Expected label SSN, got  ([]), file SSN.csv:161 data Social_Security_Info_Entry_Data
    regex_detector_test.go:84: Expected label SSN, got  ([]), file SSN.csv:162 data SSN_Info_Data_Col
    regex_detector_test.go:84: Expected label SSN, got  ([]), file SSN.csv:163 data SSN_Col_Data_Info_Field
    regex_detector_test.go:84: Expected label SSN, got  ([]), file SSN.csv:164 data SSN_Record_Col_Info
    regex_detector_test.go:84: Expected label SSN, got  ([]), file SSN.csv:165 data SSN_Info_Col_Entry
    regex_detector_test.go:84: Expected label SSN, got  ([]), file SSN.csv:166 data SSN_Entry_Col_Data
    regex_detector_test.go:84: Expected label SSN, got  ([]), file SSN.csv:167 data 778-62-8144
    regex_detector_test.go:84: Expected label SSN, got  ([]), file SSN.csv:168 data 030 72 7381
    regex_detector_test.go:84: Expected label SSN, got  ([]), file SSN.csv:169 data 70906649
    regex_detector_test.go:84: Expected label SSN, got  ([]), file SSN.csv:170 data 16325404
    regex_detector_test.go:84: Expected label SSN, got  ([]), file SSN.csv:171 data 757-85-7495
    regex_detector_test.go:84: Expected label SSN, got  ([]), file SSN.csv:172 data 149-13-7317
    regex_detector_test.go:84: Expected label SSN, got  ([]), file SSN.csv:173 data 909-03-4642
    regex_detector_test.go:84: Expected label SSN, got  ([]), file SSN.csv:174 data 401318448
    regex_detector_test.go:84: Expected label SSN, got  ([]), file SSN.csv:175 data 003 06 8815
    regex_detector_test.go:84: Expected label SSN, got  ([]), file SSN.csv:176 data 790714615
    regex_detector_test.go:84: Expected label SSN, got  ([]), file SSN.csv:177 data 805 14 1893
    regex_detector_test.go:84: Expected label SSN, got  ([]), file SSN.csv:178 data 338031274
    regex_detector_test.go:84: Expected label SSN, got  ([]), file SSN.csv:179 data 373425778
    regex_detector_test.go:84: Expected label SSN, got  ([]), file SSN.csv:180 data 781-70-8498
    regex_detector_test.go:84: Expected label SSN, got  ([]), file SSN.csv:181 data 749 25 3016
    regex_detector_test.go:84: Expected label SSN, got  ([]), file SSN.csv:182 data 789-21-8631
    regex_detector_test.go:84: Expected label SSN, got  ([]), file SSN.csv:183 data 182-73-1694
    regex_detector_test.go:84: Expected label SSN, got  ([]), file SSN.csv:184 data 303-81-0470
    regex_detector_test.go:84: Expected label SSN, got  ([]), file SSN.csv:185 data 758 13 4820
    regex_detector_test.go:84: Expected label SSN, got  ([]), file SSN.csv:186 data 554410938
    regex_detector_test.go:84: Expected label SSN, got  ([]), file SSN.csv:187 data 270 34 7884
    regex_detector_test.go:84: Expected label SSN, got  ([]), file SSN.csv:188 data 389-86-6919
    regex_detector_test.go:84: Expected label SSN, got  ([]), file SSN.csv:189 data 805-74-0240
    regex_detector_test.go:84: Expected label SSN, got  ([]), file SSN.csv:190 data 985 69 5114
    regex_detector_test.go:84: Expected label SSN, got  ([]), file SSN.csv:191 data 675376852
    regex_detector_test.go:84: Expected label SSN, got  ([]), file SSN.csv:192 data 92385358
    regex_detector_test.go:84: Expected label SSN, got  ([]), file SSN.csv:193 data 805-07-0576
    regex_detector_test.go:84: Expected label SSN, got  ([]), file SSN.csv:194 data 054-14-2964
    regex_detector_test.go:84: Expected label SSN, got  ([]), file SSN.csv:195 data 113-85-9381
    regex_detector_test.go:84: Expected label SSN, got  ([]), file SSN.csv:196 data 121380249
    regex_detector_test.go:84: Expected label SSN, got  ([]), file SSN.csv:197 data 167-19-2705
    regex_detector_test.go:84: Expected label SSN, got  ([]), file SSN.csv:198 data 393-76-1361
    regex_detector_test.go:84: Expected label SSN, got  ([]), file SSN.csv:199 data 426 77 1465
    regex_detector_test.go:84: Expected label SSN, got  ([]), file SSN.csv:200 data 356-14-5193
    regex_detector_test.go:84: Expected label SSN, got  ([]), file SSN.csv:201 data 974 23 5915
    regex_detector_test.go:84: Expected label SSN, got  ([]), file SSN.csv:202 data 535-18-0426
    regex_detector_test.go:84: Expected label SSN, got  ([]), file SSN.csv:203 data 491580488
    regex_detector_test.go:84: Expected label SSN, got  ([]), file SSN.csv:204 data 686756477
    regex_detector_test.go:84: Expected label SSN, got  ([]), file SSN.csv:205 data 355-02-7481
    regex_detector_test.go:84: Expected label SSN, got  ([]), file SSN.csv:206 data 748-77-6018
    regex_detector_test.go:84: Expected label SSN, got  ([]), file SSN.csv:207 data 701 39 4563
    regex_detector_test.go:84: Expected label SSN, got  ([]), file SSN.csv:208 data 357-50-5755
    regex_detector_test.go:84: Expected label SSN, got  ([]), file SSN.csv:209 data 874 30 8004
    regex_detector_test.go:84: Expected label SSN, got  ([]), file SSN.csv:210 data 424 08 3008
    regex_detector_test.go:84: Expected label SSN, got  ([]), file SSN.csv:211 data 111-69-8921
    regex_detector_test.go:84: Expected label SSN, got  ([]), file SSN.csv:212 data 737 52 3646
    regex_detector_test.go:84: Expected label SSN, got  ([]), file SSN.csv:213 data 169-28-1513
    regex_detector_test.go:84: Expected label SSN, got  ([]), file SSN.csv:214 data 903 41 8442
    regex_detector_test.go:84: Expected label SSN, got  ([]), file SSN.csv:215 data 782008416
    regex_detector_test.go:84: Expected label SSN, got  ([]), file SSN.csv:216 data 779-25-1494
    regex_detector_test.go:84: Expected label SSN, got  ([]), file SSN.csv:217 data 957 40 0389
    regex_detector_test.go:84: Expected label SSN, got  ([]), file SSN.csv:218 data 693-88-0982
    regex_detector_test.go:84: Expected label SSN, got  ([]), file SSN.csv:219 data 22363918
    regex_detector_test.go:84: Expected label SSN, got  ([]), file SSN.csv:220 data 946419185
    regex_detector_test.go:84: Expected label SSN, got  ([]), file SSN.csv:221 data 837-19-3842
    regex_detector_test.go:84: Expected label SSN, got  ([]), file SSN.csv:222 data 864-23-8071
    regex_detector_test.go:84: Expected label SSN, got  ([]), file SSN.csv:223 data 217 01 6193
    regex_detector_test.go:84: Expected label SSN, got  ([]), file SSN.csv:224 data 769 53 7558
    regex_detector_test.go:84: Expected label SSN, got  ([]), file SSN.csv:225 data 642 86 9167
    regex_detector_test.go:84: Expected label SSN, got  ([]), file SSN.csv:226 data 542-50-9281
    regex_detector_test.go:84: Expected label SSN, got  ([]), file SSN.csv:227 data 058 89 1259
    regex_detector_test.go:84: Expected label SSN, got  ([]), file SSN.csv:228 data 528-55-0602
    regex_detector_test.go:84: Expected label SSN, got  ([]), file SSN.csv:229 data 961 90 6882
    regex_detector_test.go:84: Expected label SSN, got  ([]), file SSN.csv:230 data 495-00-2870
    regex_detector_test.go:84: Expected label SSN, got  ([]), file SSN.csv:231 data 516 52 6439
    regex_detector_test.go:84: Expected label SSN, got  ([]), file SSN.csv:232 data 089-95-2067
    regex_detector_test.go:84: Expected label SSN, got  ([]), file SSN.csv:233 data 099-52-2802
    regex_detector_test.go:84: Expected label SSN, got  ([]), file SSN.csv:234 data 028-71-7779
    regex_detector_test.go:84: Expected label SSN, got  ([]), file SSN.csv:235 data 726 33 5471
    regex_detector_test.go:84: Expected label SSN, got  ([]), file SSN.csv:236 data 788 21 0177
    regex_detector_test.go:84: Expected label SSN, got  ([]), file SSN.csv:237 data 458950282
    regex_detector_test.go:84: Expected label SSN, got  ([]), file SSN.csv:238 data 98377945
    regex_detector_test.go:84: Expected label SSN, got  ([]), file SSN.csv:239 data 633-70-2532
    regex_detector_test.go:84: Expected label SSN, got  ([]), file SSN.csv:240 data 713 76 2879
    regex_detector_test.go:84: Expected label SSN, got  ([]), file SSN.csv:241 data 301627889
    regex_detector_test.go:84: Expected label SSN, got  ([]), file SSN.csv:242 data 678 64 4989
    regex_detector_test.go:84: Expected label SSN, got  ([]), file SSN.csv:243 data 001-14-2521
    regex_detector_test.go:84: Expected label SSN, got  ([]), file SSN.csv:244 data 359-03-9546
    regex_detector_test.go:84: Expected label SSN, got  ([]), file SSN.csv:245 data 078 07 9232
    regex_detector_test.go:84: Expected label SSN, got  ([]), file SSN.csv:246 data 684 46 2130
    regex_detector_test.go:84: Expected label SSN, got  ([]), file SSN.csv:247 data 312 75 2332
    regex_detector_test.go:84: Expected label SSN, got  ([]), file SSN.csv:248 data 742198079
    regex_detector_test.go:84: Expected label SSN, got  ([]), file SSN.csv:249 data 882 74 9062
    regex_detector_test.go:84: Expected label SSN, got  ([]), file SSN.csv:250 data 229-97-7831
    regex_detector_test.go:84: Expected label SSN, got  ([]), file SSN.csv:251 data 030-96-2007
    regex_detector_test.go:84: Expected label SSN, got  ([]), file SSN.csv:252 data 316 20 1718
    regex_detector_test.go:84: Expected label SSN, got  ([]), file SSN.csv:253 data 042-14-1069
    regex_detector_test.go:84: Expected label SSN, got  ([]), file SSN.csv:254 data 828 70 3471
    regex_detector_test.go:84: Expected label SSN, got  ([]), file SSN.csv:255 data 529735020
    regex_detector_test.go:84: Expected label SSN, got  ([]), file SSN.csv:256 data 113 70 1432
    regex_detector_test.go:84: Expected label SSN, got  ([]), file SSN.csv:257 data 060-09-4578
    regex_detector_test.go:84: Expected label SSN, got  ([]), file SSN.csv:258 data 959-93-1430
    regex_detector_test.go:84: Expected label SSN, got  ([]), file SSN.csv:259 data 086 47 3551
    regex_detector_test.go:84: Expected label SSN, got  ([]), file SSN.csv:260 data 106-95-0469
    regex_detector_test.go:84: Expected label SSN, got  ([]), file SSN.csv:261 data 142421107
    regex_detector_test.go:84: Expected label SSN, got  ([]), file SSN.csv:262 data 974-55-0135
    regex_detector_test.go:84: Expected label SSN, got  ([]), file SSN.csv:263 data 191 07 3733
    regex_detector_test.go:84: Expected label SSN, got  ([]), file SSN.csv:264 data 442-77-5880
    regex_detector_test.go:84: Expected label SSN, got  ([]), file SSN.csv:265 data 82131868
    regex_detector_test.go:84: Expected label SSN, got  ([]), file SSN.csv:266 data 851-48-4165
    regex_detector_test.go:84: Expected label SSN, got  ([]), file SSN.csv:267 data 381-06-1296
    regex_detector_test.go:84: Expected label SSN, got  ([]), file SSN.csv:268 data 946-79-9278
    regex_detector_test.go:84: Expected label SSN, got  ([]), file SSN.csv:269 data 079-76-1445
    regex_detector_test.go:84: Expected label SSN, got  ([]), file SSN.csv:270 data 464-42-7555
    regex_detector_test.go:84: Expected label SSN, got  ([]), file SSN.csv:271 data 240 94 6011
    regex_detector_test.go:84: Expected label SSN, got  ([]), file SSN.csv:272 data 764-89-0110
    regex_detector_test.go:84: Expected label SSN, got  ([]), file SSN.csv:273 data 621390941
    regex_detector_test.go:84: Expected label SSN, got  ([]), file SSN.csv:274 data 563 08 3936
    regex_detector_test.go:84: Expected label SSN, got  ([]), file SSN.csv:275 data 126-84-5100
    regex_detector_test.go:84: Expected label SSN, got  ([]), file SSN.csv:276 data 149 06 9832
    regex_detector_test.go:84: Expected label SSN, got  ([]), file SSN.csv:277 data 971-41-7040
    regex_detector_test.go:84: Expected label SSN, got  ([]), file SSN.csv:278 data 129-47-3345
    regex_detector_test.go:84: Expected label SSN, got  ([]), file SSN.csv:279 data 763-81-7843
    regex_detector_test.go:84: Expected label SSN, got  ([]), file SSN.csv:280 data 154-11-4723
    regex_detector_test.go:84: Expected label SSN, got  ([]), file SSN.csv:281 data 092 39 4878
    regex_detector_test.go:84: Expected label SSN, got  ([]), file SSN.csv:282 data 931-10-5499
    regex_detector_test.go:84: Expected label SSN, got  ([]), file SSN.csv:283 data 431690665
    regex_detector_test.go:84: Expected label SSN, got  ([]), file SSN.csv:284 data 585-47-2136
    regex_detector_test.go:84: Expected label SSN, got  ([]), file SSN.csv:285 data 737-20-6065
    regex_detector_test.go:84: Expected label SSN, got  ([]), file SSN.csv:286 data 173-11-2014
    regex_detector_test.go:84: Expected label SSN, got  ([]), file SSN.csv:287 data 345-39-2010
    regex_detector_test.go:84: Expected label SSN, got  ([]), file SSN.csv:288 data 800294985
    regex_detector_test.go:84: Expected label SSN, got  ([]), file SSN.csv:289 data 316 19 4759
    regex_detector_test.go:84: Expected label SSN, got  ([]), file SSN.csv:290 data 663-90-1907
    regex_detector_test.go:84: Expected label SSN, got  ([]), file SSN.csv:291 data 056 38 6733
    regex_detector_test.go:84: Expected label SSN, got  ([]), file SSN.csv:292 data 927-81-3532
    regex_detector_test.go:84: Expected label SSN, got  ([]), file SSN.csv:293 data 071-04-1044
    regex_detector_test.go:84: Expected label SSN, got  ([]), file SSN.csv:294 data 398-22-2305
    regex_detector_test.go:84: Expected label SSN, got  ([]), file SSN.csv:295 data 922-60-6670
    regex_detector_test.go:84: Expected label SSN, got  ([]), file SSN.csv:296 data 178 45 8095
    regex_detector_test.go:84: Expected label SSN, got  ([]), file SSN.csv:297 data 277-06-2642
    regex_detector_test.go:84: Expected label SSN, got  ([]), file SSN.csv:298 data 317-19-0104
    regex_detector_test.go:84: Expected label SSN, got  ([]), file SSN.csv:299 data 549-42-6330
    regex_detector_test.go:84: Expected label SSN, got  ([]), file SSN.csv:300 data 224-90-4475
    regex_detector_test.go:84: Expected label SSN, got  ([]), file SSN.csv:301 data 695 50 0911
    regex_detector_test.go:84: Expected label SSN, got  ([]), file SSN.csv:302 data 180-43-1610
    regex_detector_test.go:84: Expected label SSN, got  ([]), file SSN.csv:303 data 847-93-9502
    regex_detector_test.go:84: Expected label SSN, got  ([]), file SSN.csv:304 data 093-18-5162
    regex_detector_test.go:84: Expected label SSN, got  ([]), file SSN.csv:305 data 503-02-6200
    regex_detector_test.go:84: Expected label SSN, got  ([]), file SSN.csv:306 data 523-22-7123
    regex_detector_test.go:84: Expected label SSN, got  ([]), file SSN.csv:307 data 256-70-6017
    regex_detector_test.go:84: Expected label SSN, got  ([]), file SSN.csv:308 data 158-57-7524
    regex_detector_test.go:84: Expected label SSN, got  ([]), file SSN.csv:309 data 675-03-6467
    regex_detector_test.go:84: Expected label SSN, got  ([]), file SSN.csv:310 data 606-39-0483
    regex_detector_test.go:84: Expected label SSN, got  ([]), file SSN.csv:311 data 002-59-9246
    regex_detector_test.go:84: Expected label SSN, got  ([]), file SSN.csv:312 data 707 48 2465
    regex_detector_test.go:84: Expected label SSN, got  ([]), file SSN.csv:313 data 786-57-7145
    regex_detector_test.go:84: Expected label SSN, got  ([]), file SSN.csv:314 data 526-53-3387
    regex_detector_test.go:84: Expected label SSN, got  ([]), file SSN.csv:315 data 488-33-9378
    regex_detector_test.go:84: Expected label SSN, got  ([]), file SSN.csv:316 data 262-06-9411
    regex_detector_test.go:84: Expected label SSN, got  ([]), file SSN.csv:317 data 293 19 3101
    regex_detector_test.go:84: Expected label SSN, got  ([]), file SSN.csv:318 data 220 33 5701
    regex_detector_test.go:84: Expected label SSN, got  ([]), file SSN.csv:319 data 676-62-0107
    regex_detector_test.go:84: Expected label SSN, got  ([]), file SSN.csv:320 data 313-03-8480
    regex_detector_test.go:84: Expected label SSN, got  ([]), file SSN.csv:321 data 040-75-8170
    regex_detector_test.go:84: Expected label SSN, got  ([]), file SSN.csv:322 data 356-16-6280
    regex_detector_test.go:84: Expected label SSN, got  ([]), file SSN.csv:323 data 718 13 6191
    regex_detector_test.go:84: Expected label SSN, got  ([]), file SSN.csv:324 data 675-87-6980
    regex_detector_test.go:84: Expected label SSN, got  ([]), file SSN.csv:325 data 787701022
    regex_detector_test.go:84: Expected label SSN, got  ([]), file SSN.csv:326 data 237-60-9776
    regex_detector_test.go:84: Expected label SSN, got  ([]), file SSN.csv:327 data 646-87-7980
    regex_detector_test.go:84: Expected label SSN, got  ([]), file SSN.csv:328 data 446-60-1849
    regex_detector_test.go:84: Expected label SSN, got  ([]), file SSN.csv:329 data 250-00-7610
    regex_detector_test.go:84: Expected label SSN, got  ([]), file SSN.csv:330 data 877-67-0699
    regex_detector_test.go:84: Expected label SSN, got  ([]), file SSN.csv:331 data 057-00-0504
    regex_detector_test.go:84: Expected label SSN, got  ([]), file SSN.csv:332 data 641-31-0776
    regex_detector_test.go:84: Expected label SSN, got  ([]), file SSN.csv:333 data 668-92-8617
    regex_detector_test.go:84: Expected label SSN, got  ([]), file SSN.csv:334 data 827-03-2769
    regex_detector_test.go:84: Expected label SSN, got  ([]), file SSN.csv:335 data 325 04 8029
    regex_detector_test.go:84: Expected label SSN, got  ([]), file SSN.csv:336 data 650520592
    regex_detector_test.go:84: Expected label SSN, got  ([]), file SSN.csv:337 data 107-81-5172
    regex_detector_test.go:84: Expected label SSN, got  ([]), file SSN.csv:338 data 827-65-6880
    regex_detector_test.go:84: Expected label SSN, got  ([]), file SSN.csv:339 data 347-55-4563
    regex_detector_test.go:84: Expected label SSN, got  ([]), file SSN.csv:340 data 841683946
    regex_detector_test.go:84: Expected label SSN, got  ([]), file SSN.csv:341 data 363-65-1135
    regex_detector_test.go:84: Expected label SSN, got  ([]), file SSN.csv:342 data 182 31 7580
    regex_detector_test.go:84: Expected label SSN, got  ([]), file SSN.csv:343 data 419-56-1339
    regex_detector_test.go:84: Expected label SSN, got  ([]), file SSN.csv:344 data 676321349
    regex_detector_test.go:84: Expected label SSN, got  ([]), file SSN.csv:345 data 055-26-5589
    regex_detector_test.go:84: Expected label SSN, got  ([]), file SSN.csv:346 data 451-81-8832
    regex_detector_test.go:84: Expected label SSN, got  ([]), file SSN.csv:347 data 449-61-5230
    regex_detector_test.go:84: Expected label SSN, got  ([]), file SSN.csv:348 data 411-46-9277
    regex_detector_test.go:84: Expected label SSN, got  ([]), file SSN.csv:349 data 746073353
    regex_detector_test.go:84: Expected label SSN, got  ([]), file SSN.csv:350 data 502-42-5955
    regex_detector_test.go:84: Expected label SSN, got  ([]), file SSN.csv:351 data 522-10-8731
    regex_detector_test.go:84: Expected label SSN, got  ([]), file SSN.csv:352 data 383 02 7668
    regex_detector_test.go:84: Expected label SSN, got  ([]), file SSN.csv:353 data 93638324
    regex_detector_test.go:84: Expected label SSN, got  ([]), file SSN.csv:354 data 304-76-6334
    regex_detector_test.go:84: Expected label SSN, got  ([]), file SSN.csv:355 data 345-23-7666
    regex_detector_test.go:84: Expected label SSN, got  ([]), file SSN.csv:356 data 377 84 1214
    regex_detector_test.go:84: Expected label SSN, got  ([]), file SSN.csv:357 data 571-71-0286
    regex_detector_test.go:84: Expected label SSN, got  ([]), file SSN.csv:358 data 620-56-6636
    regex_detector_test.go:84: Expected label SSN, got  ([]), file SSN.csv:359 data 491 02 5177
    regex_detector_test.go:84: Expected label SSN, got  ([]), file SSN.csv:360 data 611-39-2152
    regex_detector_test.go:84: Expected label SSN, got  ([]), file SSN.csv:361 data 411 18 0871
    regex_detector_test.go:84: Expected label SSN, got  ([]), file SSN.csv:362 data 472-65-1552
    regex_detector_test.go:84: Expected label SSN, got  ([]), file SSN.csv:363 data 117 86 3714
    regex_detector_test.go:84: Expected label SSN, got  ([]), file SSN.csv:364 data 920049104
    regex_detector_test.go:84: Expected label SSN, got  ([]), file SSN.csv:365 data 869-79-1470
    regex_detector_test.go:84: Expected label SSN, got  ([]), file SSN.csv:366 data 414-44-3190
    regex_detector_test.go:84: Expected label SSN, got  ([]), file SSN.csv:367 data 911572252
    regex_detector_test.go:84: Expected label SSN, got  ([]), file SSN.csv:368 data 458-92-0258
    regex_detector_test.go:84: Expected label SSN, got  ([]), file SSN.csv:369 data 216-05-3219
    regex_detector_test.go:84: Expected label SSN, got  ([]), file SSN.csv:370 data 112 67 3681
    regex_detector_test.go:84: Expected label SSN, got  ([]), file SSN.csv:371 data 817515215
    regex_detector_test.go:84: Expected label SSN, got  ([]), file SSN.csv:372 data 017-76-4258
    regex_detector_test.go:84: Expected label SSN, got  ([]), file SSN.csv:373 data 959-75-6410
    regex_detector_test.go:84: Expected label SSN, got  ([]), file SSN.csv:374 data 599278828
    regex_detector_test.go:84: Expected label SSN, got  ([]), file SSN.csv:375 data 788-85-9060
    regex_detector_test.go:84: Expected label SSN, got  ([]), file SSN.csv:376 data 633-28-4210
    regex_detector_test.go:84: Expected label SSN, got  ([]), file SSN.csv:377 data 504293456
    regex_detector_test.go:84: Expected label SSN, got  ([]), file SSN.csv:378 data 325-77-3206
    regex_detector_test.go:84: Expected label SSN, got  ([]), file SSN.csv:379 data 788928225
    regex_detector_test.go:84: Expected label SSN, got  ([]), file SSN.csv:380 data 26774684
    regex_detector_test.go:84: Expected label SSN, got  ([]), file SSN.csv:381 data 515 23 9351
    regex_detector_test.go:84: Expected label SSN, got  ([]), file SSN.csv:382 data 554-09-4107
    regex_detector_test.go:84: Expected label SSN, got  ([]), file SSN.csv:383 data 264 10 6620
    regex_detector_test.go:84: Expected label SSN, got  ([]), file SSN.csv:384 data 459612303
    regex_detector_test.go:84: Expected label SSN, got  ([]), file SSN.csv:385 data 451-98-1854
    regex_detector_test.go:84: Expected label SSN, got  ([]), file SSN.csv:386 data 351-03-5266
    regex_detector_test.go:84: Expected label SSN, got  ([]), file SSN.csv:387 data 600 41 5631
    regex_detector_test.go:84: Expected label SSN, got  ([]), file SSN.csv:388 data 043-07-6518
    regex_detector_test.go:84: Expected label SSN, got  ([]), file SSN.csv:389 data 49705801
    regex_detector_test.go:84: Expected label SSN, got  ([]), file SSN.csv:390 data 003-53-0038
    regex_detector_test.go:84: Expected label SSN, got  ([]), file SSN.csv:391 data 123-70-0604
    regex_detector_test.go:84: Expected label SSN, got  ([]), file SSN.csv:392 data 614118864
    regex_detector_test.go:84: Expected label SSN, got  ([]), file SSN.csv:393 data 778-30-1004
    regex_detector_test.go:84: Expected label SSN, got  ([]), file SSN.csv:394 data 601-87-0731
    regex_detector_test.go:84: Expected label SSN, got  ([]), file SSN.csv:395 data 789-56-1509
    regex_detector_test.go:84: Expected label SSN, got  ([]), file SSN.csv:396 data 600 59 1145
    regex_detector_test.go:84: Expected label SSN, got  ([]), file SSN.csv:397 data 671 51 6659
    regex_detector_test.go:84: Expected label SSN, got  ([]), file SSN.csv:398 data 151248803
    regex_detector_test.go:84: Expected label SSN, got  ([]), file SSN.csv:399 data 468-06-8602
    regex_detector_test.go:84: Expected label SSN, got  ([]), file SSN.csv:400 data 425-79-2145
    regex_detector_test.go:84: Expected label SSN, got  ([]), file SSN.csv:401 data 605-81-3269
    regex_detector_test.go:84: Expected label SSN, got  ([]), file SSN.csv:402 data 783-35-7601
    regex_detector_test.go:84: Expected label SSN, got  ([]), file SSN.csv:403 data 291-54-0945
    regex_detector_test.go:84: Expected label SSN, got  ([]), file SSN.csv:404 data 337-83-8358
    regex_detector_test.go:84: Expected label SSN, got  ([]), file SSN.csv:405 data 372-44-9095
    regex_detector_test.go:84: Expected label SSN, got  ([]), file SSN.csv:406 data 977 91 1039
    regex_detector_test.go:84: Expected label SSN, got  ([]), file SSN.csv:407 data 276 37 0107
    regex_detector_test.go:84: Expected label SSN, got  ([]), file SSN.csv:408 data 34189831
    regex_detector_test.go:84: Expected label SSN, got  ([]), file SSN.csv:409 data 774-74-0548
    regex_detector_test.go:84: Expected label SSN, got  ([]), file SSN.csv:410 data 810-78-3542
    regex_detector_test.go:84: Expected label SSN, got  ([]), file SSN.csv:411 data 318-09-9172
    regex_detector_test.go:84: Expected label SSN, got  ([]), file SSN.csv:412 data 682 99 3675
    regex_detector_test.go:84: Expected label SSN, got  ([]), file SSN.csv:413 data 974-93-7153
    regex_detector_test.go:84: Expected label SSN, got  ([]), file SSN.csv:414 data 721-45-7158
    regex_detector_test.go:84: Expected label SSN, got  ([]), file SSN.csv:415 data 363-70-9361
    regex_detector_test.go:84: Expected label SSN, got  ([]), file SSN.csv:416 data 890-72-3470
    regex_detector_test.go:84: Expected label SSN, got  ([]), file SSN.csv:417 data 881419223
    regex_detector_test.go:84: Expected label SSN, got  ([]), file SSN.csv:418 data 950-99-3494
    regex_detector_test.go:84: Expected label SSN, got  ([]), file SSN.csv:419 data 220-76-7515
    regex_detector_test.go:84: Expected label SSN, got  ([]), file SSN.csv:420 data 244-05-1268
    regex_detector_test.go:84: Expected label SSN, got  ([]), file SSN.csv:421 data 553-53-6370
    regex_detector_test.go:84: Expected label SSN, got  ([]), file SSN.csv:422 data 863-17-9679
    regex_detector_test.go:84: Expected label SSN, got  ([]), file SSN.csv:423 data 906-27-3216
    regex_detector_test.go:84: Expected label SSN, got  ([]), file SSN.csv:424 data 526-78-8784
    regex_detector_test.go:84: Expected label SSN, got  ([]), file SSN.csv:425 data 911-82-5670
    regex_detector_test.go:84: Expected label SSN, got  ([]), file SSN.csv:426 data 357214808
    regex_detector_test.go:84: Expected label SSN, got  ([]), file SSN.csv:427 data 538042815
    regex_detector_test.go:84: Expected label SSN, got  ([]), file SSN.csv:428 data 769 51 8177
    regex_detector_test.go:84: Expected label SSN, got  ([]), file SSN.csv:429 data 267108870
    regex_detector_test.go:84: Expected label SSN, got  ([]), file SSN.csv:430 data 846-71-0053
    regex_detector_test.go:84: Expected label SSN, got  ([]), file SSN.csv:431 data 557 67 1547
    regex_detector_test.go:84: Expected label SSN, got  ([]), file SSN.csv:432 data 560-73-1667
    regex_detector_test.go:84: Expected label SSN, got  ([]), file SSN.csv:433 data 841 06 8793
    regex_detector_test.go:84: Expected label SSN, got  ([]), file SSN.csv:434 data 908-88-5498
    regex_detector_test.go:84: Expected label SSN, got  ([]), file SSN.csv:435 data 006-94-3426
    regex_detector_test.go:84: Expected label SSN, got  ([]), file SSN.csv:436 data 609-82-3292
    regex_detector_test.go:84: Expected label SSN, got  ([]), file SSN.csv:437 data 328378593
    regex_detector_test.go:84: Expected label SSN, got  ([]), file SSN.csv:438 data 525 11 9100
    regex_detector_test.go:84: Expected label SSN, got  ([]), file SSN.csv:439 data 852752418
    regex_detector_test.go:84: Expected label SSN, got  ([]), file SSN.csv:440 data 734 26 9611
    regex_detector_test.go:84: Expected label SSN, got  ([]), file SSN.csv:441 data 517-49-4574
    regex_detector_test.go:84: Expected label SSN, got  ([]), file SSN.csv:442 data 83654832
    regex_detector_test.go:84: Expected label SSN, got  ([]), file SSN.csv:443 data 600-83-0643
    regex_detector_test.go:84: Expected label SSN, got  ([]), file SSN.csv:444 data 761-12-0238
    regex_detector_test.go:84: Expected label SSN, got  ([]), file SSN.csv:445 data 603-20-0408
    regex_detector_test.go:84: Expected label SSN, got  ([]), file SSN.csv:446 data 322 27 1988
    regex_detector_test.go:84: Expected label SSN, got  ([]), file SSN.csv:447 data 395896483
    regex_detector_test.go:84: Expected label SSN, got  ([]), file SSN.csv:448 data 80853502
    regex_detector_test.go:84: Expected label SSN, got  ([]), file SSN.csv:449 data 072 36 3049
    regex_detector_test.go:84: Expected label SSN, got  ([]), file SSN.csv:450 data 438-84-2852
    regex_detector_test.go:84: Expected label SSN, got  ([]), file SSN.csv:451 data 751-67-9417
    regex_detector_test.go:84: Expected label SSN, got  ([]), file SSN.csv:452 data 552-90-3600
    regex_detector_test.go:84: Expected label SSN, got  ([]), file SSN.csv:453 data 204-60-8143
    regex_detector_test.go:84: Expected label SSN, got  ([]), file SSN.csv:454 data 687 55 6557
    regex_detector_test.go:84: Expected label SSN, got  ([]), file SSN.csv:455 data 879-02-8012
    regex_detector_test.go:84: Expected label SSN, got  ([]), file SSN.csv:456 data 829 53 7947
    regex_detector_test.go:84: Expected label SSN, got  ([]), file SSN.csv:457 data 394-71-6147
    regex_detector_test.go:84: Expected label SSN, got  ([]), file SSN.csv:458 data 193-95-8411
    regex_detector_test.go:84: Expected label SSN, got  ([]), file SSN.csv:459 data 464 21 3161
    regex_detector_test.go:84: Expected label SSN, got  ([]), file SSN.csv:460 data 960-38-7872
    regex_detector_test.go:84: Expected label SSN, got  ([]), file SSN.csv:461 data 671-51-9797
    regex_detector_test.go:84: Expected label SSN, got  ([]), file SSN.csv:462 data 843 92 5773
    regex_detector_test.go:84: Expected label SSN, got  ([]), file SSN.csv:463 data 607282881
    regex_detector_test.go:84: Expected label SSN, got  ([]), file SSN.csv:464 data 11069610
    regex_detector_test.go:84: Expected label SSN, got  ([]), file SSN.csv:465 data 710277483
    regex_detector_test.go:84: Expected label SSN, got  ([]), file SSN.csv:466 data 945 06 4564
    regex_detector_test.go:84: Expected label SSN, got  ([]), file SSN.csv:467 data 954 72 0205
    regex_detector_test.go:84: Expected label SSN, got  ([]), file SSN.csv:468 data 609-37-4979
    regex_detector_test.go:84: Expected label SSN, got  ([]), file SSN.csv:469 data 118-03-8417
    regex_detector_test.go:84: Expected label SSN, got  ([]), file SSN.csv:470 data 171 79 3018
    regex_detector_test.go:84: Expected label SSN, got  ([]), file SSN.csv:471 data 662535636
    regex_detector_test.go:84: Expected label SSN, got  ([]), file SSN.csv:472 data 030-36-8560
    regex_detector_test.go:84: Expected label SSN, got  ([]), file SSN.csv:473 data 761 63 6386
    regex_detector_test.go:84: Expected label SSN, got  ([]), file SSN.csv:474 data 356 52 8654
    regex_detector_test.go:84: Expected label SSN, got  ([]), file SSN.csv:475 data 574-60-6196
    regex_detector_test.go:84: Expected label SSN, got  ([]), file SSN.csv:476 data 638214375
    regex_detector_test.go:84: Expected label SSN, got  ([]), file SSN.csv:477 data 418621716
    regex_detector_test.go:84: Expected label SSN, got  ([]), file SSN.csv:478 data 731-25-8093
    regex_detector_test.go:84: Expected label SSN, got  ([]), file SSN.csv:479 data 622 10 1220
    regex_detector_test.go:84: Expected label SSN, got  ([]), file SSN.csv:480 data 748-47-6736
    regex_detector_test.go:84: Expected label SSN, got  ([]), file SSN.csv:481 data 141-75-4454
    regex_detector_test.go:84: Expected label SSN, got  ([]), file SSN.csv:482 data 822-45-1142
    regex_detector_test.go:84: Expected label SSN, got  ([]), file SSN.csv:483 data 948-17-5684
    regex_detector_test.go:84: Expected label SSN, got  ([]), file SSN.csv:484 data 567-76-5295
    regex_detector_test.go:84: Expected label SSN, got  ([]), file SSN.csv:485 data 142-27-4745
    regex_detector_test.go:84: Expected label SSN, got  ([]), file SSN.csv:486 data 133456290
    regex_detector_test.go:84: Expected label SSN, got  ([]), file SSN.csv:487 data 417822186
    regex_detector_test.go:84: Expected label SSN, got  ([]), file SSN.csv:488 data 319-33-2019
    regex_detector_test.go:84: Expected label SSN, got  ([]), file SSN.csv:489 data 347-90-5677
    regex_detector_test.go:84: Expected label SSN, got  ([]), file SSN.csv:490 data 910-64-6605
    regex_detector_test.go:84: Expected label SSN, got  ([]), file SSN.csv:491 data 604-20-2721
    regex_detector_test.go:84: Expected label SSN, got  ([]), file SSN.csv:492 data 950-90-9958
    regex_detector_test.go:84: Expected label SSN, got  ([]), file SSN.csv:493 data 684-89-6832
    regex_detector_test.go:84: Expected label SSN, got  ([]), file SSN.csv:494 data 342 86 2336
    regex_detector_test.go:84: Expected label SSN, got  ([]), file SSN.csv:495 data 710-95-0062
    regex_detector_test.go:84: Expected label SSN, got  ([]), file SSN.csv:496 data 168516708
    regex_detector_test.go:84: Expected label SSN, got  ([]), file SSN.csv:497 data 363-78-4900
    regex_detector_test.go:84: Expected label SSN, got  ([]), file SSN.csv:498 data 224-02-1630
    regex_detector_test.go:84: Expected label SSN, got  ([]), file SSN.csv:499 data 462-26-3900
    regex_detector_test.go:84: Expected label SSN, got  ([]), file SSN.csv:500 data 422 58 2333
    regex_detector_test.go:84: Expected label SSN, got  ([]), file SSN.csv:501 data 421997210
    regex_detector_test.go:84: Expected label SSN, got  ([]), file SSN.csv:502 data 210061576
    regex_detector_test.go:84: Expected label SSN, got  ([]), file SSN.csv:503 data 763-02-2029
    regex_detector_test.go:84: Expected label SSN, got  ([]), file SSN.csv:504 data 055 10 3288
    regex_detector_test.go:84: Expected label SSN, got  ([]), file SSN.csv:505 data 432-10-3167
    regex_detector_test.go:84: Expected label SSN, got  ([]), file SSN.csv:506 data 784 49 7137
    regex_detector_test.go:84: Expected label SSN, got  ([]), file SSN.csv:507 data 070-97-7566
    regex_detector_test.go:84: Expected label SSN, got  ([]), file SSN.csv:508 data 067-53-0438
    regex_detector_test.go:84: Expected label SSN, got  ([]), file SSN.csv:509 data 761-13-3975
    regex_detector_test.go:84: Expected label SSN, got  ([]), file SSN.csv:510 data 431-64-7786
    regex_detector_test.go:84: Expected label SSN, got  ([]), file SSN.csv:511 data 785-11-6579
    regex_detector_test.go:84: Expected label SSN, got  ([]), file SSN.csv:512 data 400-13-1541
    regex_detector_test.go:84: Expected label SSN, got  ([]), file SSN.csv:513 data 559-54-0931
    regex_detector_test.go:84: Expected label SSN, got  ([]), file SSN.csv:514 data 238 09 8948
    regex_detector_test.go:84: Expected label SSN, got  ([]), file SSN.csv:515 data 72080716
    regex_detector_test.go:84: Expected label SSN, got  ([]), file SSN.csv:516 data 148-13-2694
    regex_detector_test.go:84: Expected label SSN, got  ([]), file SSN.csv:517 data 498-67-4358
    regex_detector_test.go:84: Expected label SSN, got  ([]), file SSN.csv:518 data 054-49-3703
    regex_detector_test.go:84: Expected label SSN, got  ([]), file SSN.csv:519 data 404-23-1572
    regex_detector_test.go:84: Expected label SSN, got  ([]), file SSN.csv:520 data 794 90 9007
    regex_detector_test.go:84: Expected label SSN, got  ([]), file SSN.csv:521 data 915684828
    regex_detector_test.go:84: Expected label SSN, got  ([]), file SSN.csv:522 data 627701119
    regex_detector_test.go:84: Expected label SSN, got  ([]), file SSN.csv:523 data 832 35 7853
    regex_detector_test.go:84: Expected label SSN, got  ([]), file SSN.csv:524 data 462-62-3594
    regex_detector_test.go:84: Expected label SSN, got  ([]), file SSN.csv:525 data 054 04 8913
    regex_detector_test.go:84: Expected label SSN, got  ([]), file SSN.csv:526 data 708395096
    regex_detector_test.go:84: Expected label SSN, got  ([]), file SSN.csv:527 data 475 18 2320
    regex_detector_test.go:84: Expected label SSN, got  ([]), file SSN.csv:528 data 418832860
    regex_detector_test.go:84: Expected label SSN, got  ([]), file SSN.csv:529 data 327-07-2154
    regex_detector_test.go:84: Expected label SSN, got  ([]), file SSN.csv:530 data 032-27-2481
    regex_detector_test.go:84: Expected label SSN, got  ([]), file SSN.csv:531 data 933073173
    regex_detector_test.go:84: Expected label SSN, got  ([]), file SSN.csv:532 data 045-92-4063
    regex_detector_test.go:84: Expected label SSN, got  ([]), file SSN.csv:533 data 558 51 2014
    regex_detector_test.go:84: Expected label SSN, got  ([]), file SSN.csv:534 data 500-56-0085
    regex_detector_test.go:84: Expected label SSN, got  ([]), file SSN.csv:535 data 117-31-6218
    regex_detector_test.go:84: Expected label SSN, got  ([]), file SSN.csv:536 data 066 18 2759
    regex_detector_test.go:84: Expected label SSN, got  ([]), file SSN.csv:537 data 228-16-0604
    regex_detector_test.go:84: Expected label SSN, got  ([]), file SSN.csv:538 data 592-09-5401
    regex_detector_test.go:84: Expected label SSN, got  ([]), file SSN.csv:539 data 596 91 1501
    regex_detector_test.go:84: Expected label SSN, got  ([]), file SSN.csv:540 data 039-28-9698
    regex_detector_test.go:84: Expected label SSN, got  ([]), file SSN.csv:541 data 583-51-4718
    regex_detector_test.go:84: Expected label SSN, got  ([]), file SSN.csv:542 data 100-98-7828
    regex_detector_test.go:84: Expected label SSN, got  ([]), file SSN.csv:543 data 976-45-3085
    regex_detector_test.go:84: Expected label SSN, got  ([]), file SSN.csv:544 data 553-81-9123
    regex_detector_test.go:84: Expected label SSN, got  ([]), file SSN.csv:545 data 995-54-5053
    regex_detector_test.go:84: Expected label SSN, got  ([]), file SSN.csv:546 data 054 54 7670
    regex_detector_test.go:84: Expected label SSN, got  ([]), file SSN.csv:547 data 167810273
    regex_detector_test.go:84: Expected label SSN, got  ([]), file SSN.csv:548 data 007 14 2789
    regex_detector_test.go:84: Expected label SSN, got  ([]), file SSN.csv:549 data 878709679
    regex_detector_test.go:84: Expected label SSN, got  ([]), file SSN.csv:550 data 307 43 9063
    regex_detector_test.go:84: Expected label SSN, got  ([]), file SSN.csv:551 data 670-68-4545
    regex_detector_test.go:84: Expected label SSN, got  ([]), file SSN.csv:552 data 689-10-4833
    regex_detector_test.go:84: Expected label SSN, got  ([]), file SSN.csv:553 data 724-44-4280
    regex_detector_test.go:84: Expected label SSN, got  ([]), file SSN.csv:554 data 442 09 7319
    regex_detector_test.go:84: Expected label SSN, got  ([]), file SSN.csv:555 data 041-83-5231
    regex_detector_test.go:84: Expected label SSN, got  ([]), file SSN.csv:556 data 166-64-1904
    regex_detector_test.go:84: Expected label SSN, got  ([]), file SSN.csv:557 data 102 95 4445
    regex_detector_test.go:84: Expected label SSN, got  ([]), file SSN.csv:558 data 802-58-6517
    regex_detector_test.go:84: Expected label SSN, got  ([]), file SSN.csv:559 data 571185293
    regex_detector_test.go:84: Expected label SSN, got  ([]), file SSN.csv:560 data 221-79-2294
    regex_detector_test.go:84: Expected label SSN, got  ([]), file SSN.csv:561 data 019-90-4546
    regex_detector_test.go:84: Expected label SSN, got  ([]), file SSN.csv:562 data 066-36-5454
    regex_detector_test.go:84: Expected label SSN, got  ([]), file SSN.csv:563 data 732-77-4076
    regex_detector_test.go:84: Expected label SSN, got  ([]), file SSN.csv:564 data 908-97-8508
    regex_detector_test.go:84: Expected label SSN, got  ([]), file SSN.csv:565 data 409594900
    regex_detector_test.go:84: Expected label SSN, got  ([]), file SSN.csv:566 data 170-39-5932
    regex_detector_test.go:84: Expected label SSN, got  ([]), file SSN.csv:567 data 291-18-5747
    regex_detector_test.go:84: Expected label SSN, got  ([]), file SSN.csv:568 data 788889344
    regex_detector_test.go:84: Expected label SSN, got  ([]), file SSN.csv:569 data 411-01-5215
    regex_detector_test.go:84: Expected label SSN, got  ([]), file SSN.csv:570 data 602203821
    regex_detector_test.go:84: Expected label SSN, got  ([]), file SSN.csv:571 data 597-59-1907
    regex_detector_test.go:84: Expected label SSN, got  ([]), file SSN.csv:572 data 089-92-9643
    regex_detector_test.go:84: Expected label SSN, got  ([]), file SSN.csv:573 data 436-57-4447
    regex_detector_test.go:84: Expected label SSN, got  ([]), file SSN.csv:574 data 102-31-4845
    regex_detector_test.go:84: Expected label SSN, got  ([]), file SSN.csv:575 data 310-31-6006
    regex_detector_test.go:84: Expected label SSN, got  ([]), file SSN.csv:576 data 999-63-5578
    regex_detector_test.go:84: Expected label SSN, got  ([]), file SSN.csv:577 data 5106503
    regex_detector_test.go:84: Expected label SSN, got  ([]), file SSN.csv:578 data 551-42-9419
    regex_detector_test.go:84: Expected label SSN, got  ([]), file SSN.csv:579 data 778 31 1106
    regex_detector_test.go:84: Expected label SSN, got  ([]), file SSN.csv:580 data 212550571
    regex_detector_test.go:84: Expected label SSN, got  ([]), file SSN.csv:581 data 704-85-7128
    regex_detector_test.go:84: Expected label SSN, got  ([]), file SSN.csv:582 data 631-28-5851
    regex_detector_test.go:84: Expected label SSN, got  ([]), file SSN.csv:583 data 979-21-9439
    regex_detector_test.go:84: Expected label SSN, got  ([]), file SSN.csv:584 data 322 84 2745
    regex_detector_test.go:84: Expected label SSN, got  ([]), file SSN.csv:585 data 362-85-5311
    regex_detector_test.go:84: Expected label SSN, got  ([]), file SSN.csv:586 data 580625321
    regex_detector_test.go:84: Expected label SSN, got  ([]), file SSN.csv:587 data 701-33-5976
    regex_detector_test.go:84: Expected label SSN, got  ([]), file SSN.csv:588 data 591-78-9046
    regex_detector_test.go:84: Expected label SSN, got  ([]), file SSN.csv:589 data 81178409
    regex_detector_test.go:84: Expected label SSN, got  ([]), file SSN.csv:590 data 627-20-3611
    regex_detector_test.go:84: Expected label SSN, got  ([]), file SSN.csv:591 data 708-90-6135
    regex_detector_test.go:84: Expected label SSN, got  ([]), file SSN.csv:592 data 755-81-0259
    regex_detector_test.go:84: Expected label SSN, got  ([]), file SSN.csv:593 data 162-64-1581
    regex_detector_test.go:84: Expected label SSN, got  ([]), file SSN.csv:594 data 832-72-1671
    regex_detector_test.go:84: Expected label SSN, got  ([]), file SSN.csv:595 data 740-39-7665
    regex_detector_test.go:84: Expected label SSN, got  ([]), file SSN.csv:596 data 147 15 6466
    regex_detector_test.go:84: Expected label SSN, got  ([]), file SSN.csv:597 data 806-16-0436
    regex_detector_test.go:84: Expected label SSN, got  ([]), file SSN.csv:598 data 030 01 2292
    regex_detector_test.go:84: Expected label SSN, got  ([]), file SSN.csv:599 data 217-42-9108
    regex_detector_test.go:84: Expected label SSN, got  ([]), file SSN.csv:600 data 861372482
    regex_detector_test.go:84: Expected label SSN, got  ([]), file SSN.csv:601 data 230803837
    regex_detector_test.go:84: Expected label SSN, got  ([]), file SSN.csv:602 data 361 74 5997
    regex_detector_test.go:84: Expected label SSN, got  ([]), file SSN.csv:603 data 941-98-2491
    regex_detector_test.go:84: Expected label SSN, got  ([]), file SSN.csv:604 data 294-14-2018
    regex_detector_test.go:84: Expected label SSN, got  ([]), file SSN.csv:605 data 800-90-9393
    regex_detector_test.go:84: Expected label SSN, got  ([]), file SSN.csv:606 data 169426187
    regex_detector_test.go:84: Expected label SSN, got  ([]), file SSN.csv:607 data 241 99 5499
    regex_detector_test.go:84: Expected label SSN, got  ([]), file SSN.csv:608 data 925-63-6705
    regex_detector_test.go:84: Expected label SSN, got  ([]), file SSN.csv:609 data 384-70-9458
    regex_detector_test.go:84: Expected label SSN, got  ([]), file SSN.csv:610 data 196-99-1520
    regex_detector_test.go:84: Expected label SSN, got  ([]), file SSN.csv:611 data 280-76-7778
    regex_detector_test.go:84: Expected label SSN, got  ([]), file SSN.csv:612 data 474-40-1172
    regex_detector_test.go:84: Expected label SSN, got  ([]), file SSN.csv:613 data 547-29-1282
    regex_detector_test.go:84: Expected label SSN, got  ([]), file SSN.csv:614 data 703-64-0123
    regex_detector_test.go:84: Expected label SSN, got  ([]), file SSN.csv:615 data 353-62-0841
    regex_detector_test.go:84: Expected label SSN, got  ([]), file SSN.csv:616 data 668085190
    regex_detector_test.go:84: Expected label SSN, got  ([]), file SSN.csv:617 data 844-26-8067
    regex_detector_test.go:84: Expected label SSN, got  ([]), file SSN.csv:618 data 602-21-3156
    regex_detector_test.go:84: Expected label SSN, got  ([]), file SSN.csv:619 data 773-34-3473
    regex_detector_test.go:84: Expected label SSN, got  ([]), file SSN.csv:620 data 220-31-4175
    regex_detector_test.go:84: Expected label SSN, got  ([]), file SSN.csv:621 data 200061149
    regex_detector_test.go:84: Expected label SSN, got  ([]), file SSN.csv:622 data 732-21-5861
    regex_detector_test.go:84: Expected label SSN, got  ([]), file SSN.csv:623 data 735 06 8963
    regex_detector_test.go:84: Expected label SSN, got  ([]), file SSN.csv:624 data 106-89-5797
    regex_detector_test.go:84: Expected label SSN, got  ([]), file SSN.csv:625 data 714406118
    regex_detector_test.go:84: Expected label SSN, got  ([]), file SSN.csv:626 data 522-53-9565
    regex_detector_test.go:84: Expected label SSN, got  ([]), file SSN.csv:627 data 753718768
    regex_detector_test.go:84: Expected label SSN, got  ([]), file SSN.csv:628 data 504803566
    regex_detector_test.go:84: Expected label SSN, got  ([]), file SSN.csv:629 data 847782649
    regex_detector_test.go:84: Expected label SSN, got  ([]), file SSN.csv:630 data 626-77-3126
    regex_detector_test.go:84: Expected label SSN, got  ([]), file SSN.csv:631 data 510-11-1095
    regex_detector_test.go:84: Expected label SSN, got  ([]), file SSN.csv:632 data 110-14-4987
    regex_detector_test.go:84: Expected label SSN, got  ([]), file SSN.csv:633 data 742-65-1447
    regex_detector_test.go:84: Expected label SSN, got  ([]), file SSN.csv:634 data 128 15 8246
    regex_detector_test.go:84: Expected label SSN, got  ([]), file SSN.csv:635 data 592 54 7467
    regex_detector_test.go:84: Expected label SSN, got  ([]), file SSN.csv:636 data 424-62-6063
    regex_detector_test.go:84: Expected label SSN, got  ([]), file SSN.csv:637 data 479 95 6799
    regex_detector_test.go:84: Expected label SSN, got  ([]), file SSN.csv:638 data 883-09-3339
    regex_detector_test.go:84: Expected label SSN, got  ([]), file SSN.csv:639 data 976-00-8462
    regex_detector_test.go:84: Expected label SSN, got  ([]), file SSN.csv:640 data 543 72 3063
    regex_detector_test.go:84: Expected label SSN, got  ([]), file SSN.csv:641 data 886955560
    regex_detector_test.go:84: Expected label SSN, got  ([]), file SSN.csv:642 data 616-12-6402
    regex_detector_test.go:84: Expected label SSN, got  ([]), file SSN.csv:643 data 428 73 2810
    regex_detector_test.go:84: Expected label SSN, got  ([]), file SSN.csv:644 data 54660829
    regex_detector_test.go:84: Expected label SSN, got  ([]), file SSN.csv:645 data 562062828
    regex_detector_test.go:84: Expected label SSN, got  ([]), file SSN.csv:646 data 777 21 1924
    regex_detector_test.go:84: Expected label SSN, got  ([]), file SSN.csv:647 data 521 24 0680
    regex_detector_test.go:84: Expected label SSN, got  ([]), file SSN.csv:648 data 782-71-5117
    regex_detector_test.go:84: Expected label SSN, got  ([]), file SSN.csv:649 data 717-37-0495
    regex_detector_test.go:84: Expected label SSN, got  ([]), file SSN.csv:650 data 209572294
    regex_detector_test.go:84: Expected label SSN, got  ([]), file SSN.csv:651 data 437-62-4772
    regex_detector_test.go:84: Expected label SSN, got  ([]), file SSN.csv:652 data 265-35-8827
    regex_detector_test.go:84: Expected label SSN, got  ([]), file SSN.csv:653 data 526-58-9116
    regex_detector_test.go:84: Expected label SSN, got  ([]), file SSN.csv:654 data 885 20 5078
    regex_detector_test.go:84: Expected label SSN, got  ([]), file SSN.csv:655 data 217-29-3465
    regex_detector_test.go:84: Expected label SSN, got  ([]), file SSN.csv:656 data 291-98-1719
    regex_detector_test.go:84: Expected label SSN, got  ([]), file SSN.csv:657 data 205-18-8035
    regex_detector_test.go:84: Expected label SSN, got  ([]), file SSN.csv:658 data 894 18 5590
    regex_detector_test.go:84: Expected label SSN, got  ([]), file SSN.csv:659 data 252 93 5923
    regex_detector_test.go:84: Expected label SSN, got  ([]), file SSN.csv:660 data 952 63 6377
    regex_detector_test.go:84: Expected label SSN, got  ([]), file SSN.csv:661 data 523277710
    regex_detector_test.go:84: Expected label SSN, got  ([]), file SSN.csv:662 data 394-70-3947
    regex_detector_test.go:84: Expected label SSN, got  ([]), file SSN.csv:663 data 135-09-8234
    regex_detector_test.go:84: Expected label SSN, got  ([]), file SSN.csv:664 data 587908817
    regex_detector_test.go:84: Expected label SSN, got  ([]), file SSN.csv:665 data 176-53-1125
    regex_detector_test.go:84: Expected label SSN, got  ([]), file SSN.csv:666 data 010 40 0049
    regex_detector_test.go:84: Expected label SSN, got  ([]), file SSN.csv:667 data 264-31-9378
    regex_detector_test.go:84: Expected label SSN, got  ([]), file SSN.csv:668 data 452-19-6759
    regex_detector_test.go:84: Expected label SSN, got  ([]), file SSN.csv:669 data 605-59-1520
    regex_detector_test.go:84: Expected label SSN, got  ([]), file SSN.csv:670 data 823612087
    regex_detector_test.go:84: Expected label SSN, got  ([]), file SSN.csv:671 data 737 12 8737
    regex_detector_test.go:84: Expected label SSN, got  ([]), file SSN.csv:672 data 335 98 1811
    regex_detector_test.go:84: Expected label SSN, got  ([]), file SSN.csv:673 data 599 01 7129
    regex_detector_test.go:84: Expected label SSN, got  ([]), file SSN.csv:674 data 93778982
    regex_detector_test.go:84: Expected label SSN, got  ([]), file SSN.csv:675 data 764-58-6885
    regex_detector_test.go:84: Expected label SSN, got  ([]), file SSN.csv:676 data 014-79-0564
    regex_detector_test.go:84: Expected label SSN, got  ([]), file SSN.csv:677 data 866 10 9812
    regex_detector_test.go:84: Expected label SSN, got  ([]), file SSN.csv:678 data 378-38-1025
    regex_detector_test.go:84: Expected label SSN, got  ([]), file SSN.csv:679 data 607-60-1921
    regex_detector_test.go:84: Expected label SSN, got  ([]), file SSN.csv:680 data 977-56-1384
    regex_detector_test.go:84: Expected label SSN, got  ([]), file SSN.csv:681 data 771-32-9873
    regex_detector_test.go:84: Expected label SSN, got  ([]), file SSN.csv:682 data 445-18-7713
    regex_detector_test.go:84: Expected label SSN, got  ([]), file SSN.csv:683 data 724817071
    regex_detector_test.go:84: Expected label SSN, got  ([]), file SSN.csv:684 data 584-54-9061
    regex_detector_test.go:84: Expected label SSN, got  ([]), file SSN.csv:685 data 272 41 5621
    regex_detector_test.go:84: Expected label SSN, got  ([]), file SSN.csv:686 data 811-76-6689
    regex_detector_test.go:84: Expected label SSN, got  ([]), file SSN.csv:687 data 379 04 5699
    regex_detector_test.go:84: Expected label SSN, got  ([]), file SSN.csv:688 data 752292723
    regex_detector_test.go:84: Expected label SSN, got  ([]), file SSN.csv:689 data 839957798
    regex_detector_test.go:84: Expected label SSN, got  ([]), file SSN.csv:690 data 189-70-7851
    regex_detector_test.go:84: Expected label SSN, got  ([]), file SSN.csv:691 data 516-43-7102
    regex_detector_test.go:84: Expected label SSN, got  ([]), file SSN.csv:692 data 349-18-8141
    regex_detector_test.go:84: Expected label SSN, got  ([]), file SSN.csv:693 data 700-25-5384
    regex_detector_test.go:84: Expected label SSN, got  ([]), file SSN.csv:694 data 291-44-1579
    regex_detector_test.go:84: Expected label SSN, got  ([]), file SSN.csv:695 data 200721094
    regex_detector_test.go:84: Expected label SSN, got  ([]), file SSN.csv:696 data 941-41-8343
    regex_detector_test.go:84: Expected label SSN, got  ([]), file SSN.csv:697 data 468-10-8994
    regex_detector_test.go:84: Expected label SSN, got  ([]), file SSN.csv:698 data 796-55-9838
    regex_detector_test.go:84: Expected label SSN, got  ([]), file SSN.csv:699 data 309 67 9740
    regex_detector_test.go:84: Expected label SSN, got  ([]), file SSN.csv:700 data 157-91-1488
    regex_detector_test.go:84: Expected label SSN, got  ([]), file SSN.csv:701 data 011-84-0148
    regex_detector_test.go:84: Expected label SSN, got  ([]), file SSN.csv:702 data 548-63-7089
    regex_detector_test.go:84: Expected label SSN, got  ([]), file SSN.csv:703 data 851664984
    regex_detector_test.go:84: Expected label SSN, got  ([]), file SSN.csv:704 data 227-87-3496
    regex_detector_test.go:84: Expected label SSN, got  ([]), file SSN.csv:705 data 625-89-1375
    regex_detector_test.go:84: Expected label SSN, got  ([]), file SSN.csv:706 data 524-91-8615
    regex_detector_test.go:84: Expected label SSN, got  ([]), file SSN.csv:707 data 565-80-1080
    regex_detector_test.go:84: Expected label SSN, got  ([]), file SSN.csv:708 data 162-62-4973
    regex_detector_test.go:84: Expected label SSN, got  ([]), file SSN.csv:709 data 700312849
    regex_detector_test.go:84: Expected label SSN, got  ([]), file SSN.csv:710 data 850 71 0818
    regex_detector_test.go:84: Expected label SSN, got  ([]), file SSN.csv:711 data 226 78 0657
    regex_detector_test.go:84: Expected label SSN, got  ([]), file SSN.csv:712 data 247-87-5271
    regex_detector_test.go:84: Expected label SSN, got  ([]), file SSN.csv:713 data 592-10-9383
    regex_detector_test.go:84: Expected label SSN, got  ([]), file SSN.csv:714 data 452046996
    regex_detector_test.go:84: Expected label SSN, got  ([]), file SSN.csv:715 data 490-69-6696
    regex_detector_test.go:84: Expected label SSN, got  ([]), file SSN.csv:716 data 292769860
    regex_detector_test.go:84: Expected label SSN, got  ([]), file SSN.csv:717 data 233-92-9216
    regex_detector_test.go:84: Expected label SSN, got  ([]), file SSN.csv:718 data 256-17-1089
    regex_detector_test.go:84: Expected label SSN, got  ([]), file SSN.csv:719 data 411-57-1638
    regex_detector_test.go:84: Expected label SSN, got  ([]), file SSN.csv:720 data 494-40-8252
    regex_detector_test.go:84: Expected label SSN, got  ([]), file SSN.csv:721 data 309-61-6608
    regex_detector_test.go:84: Expected label SSN, got  ([]), file SSN.csv:722 data 029-54-2185
    regex_detector_test.go:84: Expected label SSN, got  ([]), file SSN.csv:723 data 513939780
    regex_detector_test.go:84: Expected label SSN, got  ([]), file SSN.csv:724 data 580550617
    regex_detector_test.go:84: Expected label SSN, got  ([]), file SSN.csv:725 data 900-06-1973
    regex_detector_test.go:84: Expected label SSN, got  ([]), file SSN.csv:726 data 872-64-2311
    regex_detector_test.go:84: Expected label SSN, got  ([]), file SSN.csv:727 data 829020451
    regex_detector_test.go:84: Expected label SSN, got  ([]), file SSN.csv:728 data 865-27-0965
    regex_detector_test.go:84: Expected label SSN, got  ([]), file SSN.csv:729 data 35551556
    regex_detector_test.go:84: Expected label SSN, got  ([]), file SSN.csv:730 data 222-65-1753
    regex_detector_test.go:84: Expected label SSN, got  ([]), file SSN.csv:731 data 302-20-8159
    regex_detector_test.go:84: Expected label SSN, got  ([]), file SSN.csv:732 data 776685539
    regex_detector_test.go:84: Expected label SSN, got  ([]), file SSN.csv:733 data 606703447
    regex_detector_test.go:84: Expected label SSN, got  ([]), file SSN.csv:734 data 867-52-8187
    regex_detector_test.go:84: Expected label SSN, got  ([]), file SSN.csv:735 data 426 67 3834
    regex_detector_test.go:84: Expected label SSN, got  ([]), file SSN.csv:736 data 231-54-4296
    regex_detector_test.go:84: Expected label SSN, got  ([]), file SSN.csv:737 data 631-88-3671
    regex_detector_test.go:84: Expected label SSN, got  ([]), file SSN.csv:738 data 147-39-0707
    regex_detector_test.go:84: Expected label SSN, got  ([]), file SSN.csv:739 data 387-07-2282
    regex_detector_test.go:84: Expected label SSN, got  ([]), file SSN.csv:740 data 655-00-3420
    regex_detector_test.go:84: Expected label SSN, got  ([]), file SSN.csv:741 data 118-64-3378
    regex_detector_test.go:84: Expected label SSN, got  ([]), file SSN.csv:742 data 909-89-7242
    regex_detector_test.go:84: Expected label SSN, got  ([]), file SSN.csv:743 data 902-86-4051
    regex_detector_test.go:84: Expected label SSN, got  ([]), file SSN.csv:744 data 695-18-1945
    regex_detector_test.go:84: Expected label SSN, got  ([]), file SSN.csv:745 data 780-59-2518
    regex_detector_test.go:84: Expected label SSN, got  ([]), file SSN.csv:746 data 920004828
    regex_detector_test.go:84: Expected label SSN, got  ([]), file SSN.csv:747 data 731-72-7059
    regex_detector_test.go:84: Expected label SSN, got  ([]), file SSN.csv:748 data 560-41-6122
    regex_detector_test.go:84: Expected label SSN, got  ([]), file SSN.csv:749 data 615-44-2702
    regex_detector_test.go:84: Expected label SSN, got  ([]), file SSN.csv:750 data 919524793
    regex_detector_test.go:84: Expected label SSN, got  ([]), file SSN.csv:751 data 152-92-4398
    regex_detector_test.go:84: Expected label SSN, got  ([]), file SSN.csv:752 data 391-48-6917
    regex_detector_test.go:84: Expected label SSN, got  ([]), file SSN.csv:753 data 933-28-4541
    regex_detector_test.go:84: Expected label SSN, got  ([]), file SSN.csv:754 data 763-07-7002
    regex_detector_test.go:84: Expected label SSN, got  ([]), file SSN.csv:755 data 031-63-3324
    regex_detector_test.go:84: Expected label SSN, got  ([]), file SSN.csv:756 data 642-96-6079
    regex_detector_test.go:84: Expected label SSN, got  ([]), file SSN.csv:757 data 500 34 0609
    regex_detector_test.go:84: Expected label SSN, got  ([]), file SSN.csv:758 data 929 96 9150
    regex_detector_test.go:84: Expected label SSN, got  ([]), file SSN.csv:759 data 417-74-5347
    regex_detector_test.go:84: Expected label SSN, got  ([]), file SSN.csv:760 data 288-10-3606
    regex_detector_test.go:84: Expected label SSN, got  ([]), file SSN.csv:761 data 876-39-1463
    regex_detector_test.go:84: Expected label SSN, got  ([]), file SSN.csv:762 data 794-27-0578
    regex_detector_test.go:84: Expected label SSN, got  ([]), file SSN.csv:763 data 523 39 5310
    regex_detector_test.go:84: Expected label SSN, got  ([]), file SSN.csv:764 data 881-01-4270
    regex_detector_test.go:84: Expected label SSN, got  ([]), file SSN.csv:765 data 266-93-0853
    regex_detector_test.go:84: Expected label SSN, got  ([]), file SSN.csv:766 data 893 89 7153
    regex_detector_test.go:84: Expected label SSN, got  ([]), file SSN.csv:767 data 167779223
    regex_detector_test.go:84: Expected label SSN, got  ([]), file SSN.csv:768 data 776-83-1147
    regex_detector_test.go:84: Expected label SSN, got  ([]), file SSN.csv:769 data 375-18-8539
    regex_detector_test.go:84: Expected label SSN, got  ([]), file SSN.csv:770 data 026 08 0434
    regex_detector_test.go:84: Expected label SSN, got  ([]), file SSN.csv:771 data 952-01-3984
    regex_detector_test.go:84: Expected label SSN, got  ([]), file SSN.csv:772 data 804 01 6518
    regex_detector_test.go:84: Expected label SSN, got  ([]), file SSN.csv:773 data 317539299
    regex_detector_test.go:84: Expected label SSN, got  ([]), file SSN.csv:774 data 587-12-6635
    regex_detector_test.go:84: Expected label SSN, got  ([]), file SSN.csv:775 data 377930595
    regex_detector_test.go:84: Expected label SSN, got  ([]), file SSN.csv:776 data 156-92-7874
    regex_detector_test.go:84: Expected label SSN, got  ([]), file SSN.csv:777 data 635-03-0931
    regex_detector_test.go:84: Expected label SSN, got  ([]), file SSN.csv:778 data 743-24-6126
    regex_detector_test.go:84: Expected label SSN, got  ([]), file SSN.csv:779 data 361-97-5960
    regex_detector_test.go:84: Expected label SSN, got  ([]), file SSN.csv:780 data 189 08 6021
    regex_detector_test.go:84: Expected label SSN, got  ([]), file SSN.csv:781 data 152931475
    regex_detector_test.go:84: Expected label SSN, got  ([]), file SSN.csv:782 data 413590903
    regex_detector_test.go:84: Expected label SSN, got  ([]), file SSN.csv:783 data 503-21-4143
    regex_detector_test.go:84: Expected label SSN, got  ([]), file SSN.csv:784 data 696-30-8459
    regex_detector_test.go:84: Expected label SSN, got  ([]), file SSN.csv:785 data 217-65-5942
    regex_detector_test.go:84: Expected label SSN, got  ([]), file SSN.csv:786 data 863961164
    regex_detector_test.go:84: Expected label SSN, got  ([]), file SSN.csv:787 data 165-25-9672
    regex_detector_test.go:84: Expected label SSN, got  ([]), file SSN.csv:788 data 381-81-9000
    regex_detector_test.go:84: Expected label SSN, got  ([]), file SSN.csv:789 data 316-76-9000
    regex_detector_test.go:84: Expected label SSN, got  ([]), file SSN.csv:790 data 239-39-8066
    regex_detector_test.go:84: Expected label SSN, got  ([]), file SSN.csv:791 data 403061905
    regex_detector_test.go:84: Expected label SSN, got  ([]), file SSN.csv:792 data 650-60-0680
    regex_detector_test.go:84: Expected label SSN, got  ([]), file SSN.csv:793 data 647 47 3795
    regex_detector_test.go:84: Expected label SSN, got  ([]), file SSN.csv:794 data 529-10-4420
    regex_detector_test.go:84: Expected label SSN, got  ([]), file SSN.csv:795 data 248-77-1361
    regex_detector_test.go:84: Expected label SSN, got  ([]), file SSN.csv:796 data 700-28-0136
    regex_detector_test.go:84: Expected label SSN, got  ([]), file SSN.csv:797 data 220 61 6283
    regex_detector_test.go:84: Expected label SSN, got  ([]), file SSN.csv:798 data 065-18-7132
    regex_detector_test.go:84: Expected label SSN, got  ([]), file SSN.csv:799 data 007-82-6493
    regex_detector_test.go:84: Expected label SSN, got  ([]), file SSN.csv:800 data 863822217
    regex_detector_test.go:84: Expected label SSN, got  ([]), file SSN.csv:801 data 780 46 6236
    regex_detector_test.go:84: Expected label SSN, got  ([]), file SSN.csv:802 data 057-20-0027
    regex_detector_test.go:84: Expected label SSN, got  ([]), file SSN.csv:803 data 822-85-4147
    regex_detector_test.go:84: Expected label SSN, got  ([]), file SSN.csv:804 data 755 06 1079
    regex_detector_test.go:84: Expected label SSN, got  ([]), file SSN.csv:805 data 229 63 5084
    regex_detector_test.go:84: Expected label SSN, got  ([]), file SSN.csv:806 data 897 11 4240
    regex_detector_test.go:84: Expected label SSN, got  ([]), file SSN.csv:807 data 872-91-7436
    regex_detector_test.go:84: Expected label SSN, got  ([]), file SSN.csv:808 data 886-24-6814
    regex_detector_test.go:84: Expected label SSN, got  ([]), file SSN.csv:809 data 865-25-8411
    regex_detector_test.go:84: Expected label SSN, got  ([]), file SSN.csv:810 data 957-04-3735
    regex_detector_test.go:84: Expected label SSN, got  ([]), file SSN.csv:811 data 928930357
    regex_detector_test.go:84: Expected label SSN, got  ([]), file SSN.csv:812 data 305-29-3415
    regex_detector_test.go:84: Expected label SSN, got  ([]), file SSN.csv:813 data 307 14 2329
    regex_detector_test.go:84: Expected label SSN, got  ([]), file SSN.csv:814 data 645-90-3022
    regex_detector_test.go:84: Expected label SSN, got  ([]), file SSN.csv:815 data 510-53-8317
    regex_detector_test.go:84: Expected label SSN, got  ([]), file SSN.csv:816 data 008 19 8810
    regex_detector_test.go:84: Expected label SSN, got  ([]), file SSN.csv:817 data 717-36-4687
    regex_detector_test.go:84: Expected label SSN, got  ([]), file SSN.csv:818 data 364-38-4803
    regex_detector_test.go:84: Expected label SSN, got  ([]), file SSN.csv:819 data 524445796
    regex_detector_test.go:84: Expected label SSN, got  ([]), file SSN.csv:820 data 482-30-5002
    regex_detector_test.go:84: Expected label SSN, got  ([]), file SSN.csv:821 data 301-51-9909
    regex_detector_test.go:84: Expected label SSN, got  ([]), file SSN.csv:822 data 433058581
    regex_detector_test.go:84: Expected label SSN, got  ([]), file SSN.csv:823 data 923-49-9374
    regex_detector_test.go:84: Expected label SSN, got  ([]), file SSN.csv:824 data 995086015
    regex_detector_test.go:84: Expected label SSN, got  ([]), file SSN.csv:825 data 289 42 8509
    regex_detector_test.go:84: Expected label SSN, got  ([]), file SSN.csv:826 data 719-78-1908
    regex_detector_test.go:84: Expected label SSN, got  ([]), file SSN.csv:827 data 888-95-1141
    regex_detector_test.go:84: Expected label SSN, got  ([]), file SSN.csv:828 data 918-19-0675
    regex_detector_test.go:84: Expected label SSN, got  ([]), file SSN.csv:829 data 329-46-1265
    regex_detector_test.go:84: Expected label SSN, got  ([]), file SSN.csv:830 data 964-83-0538
    regex_detector_test.go:84: Expected label SSN, got  ([]), file SSN.csv:831 data 075-62-2275
    regex_detector_test.go:84: Expected label SSN, got  ([]), file SSN.csv:832 data 048-46-0846
    regex_detector_test.go:84: Expected label SSN, got  ([]), file SSN.csv:833 data 411-68-1235
    regex_detector_test.go:84: Expected label SSN, got  ([]), file SSN.csv:834 data 540-94-5477
    regex_detector_test.go:84: Expected label SSN, got  ([]), file SSN.csv:835 data 941-73-7683
    regex_detector_test.go:84: Expected label SSN, got  ([]), file SSN.csv:836 data 815 63 9245
    regex_detector_test.go:84: Expected label SSN, got  ([]), file SSN.csv:837 data 224005538
    regex_detector_test.go:84: Expected label SSN, got  ([]), file SSN.csv:838 data 042-79-8612
    regex_detector_test.go:84: Expected label SSN, got  ([]), file SSN.csv:839 data 530 95 2357
    regex_detector_test.go:84: Expected label SSN, got  ([]), file SSN.csv:840 data 739-17-5105
    regex_detector_test.go:84: Expected label SSN, got  ([]), file SSN.csv:841 data 627562746
    regex_detector_test.go:84: Expected label SSN, got  ([]), file SSN.csv:842 data 845 79 0453
    regex_detector_test.go:84: Expected label SSN, got  ([]), file SSN.csv:843 data 657 36 7453
    regex_detector_test.go:84: Expected label SSN, got  ([]), file SSN.csv:844 data 531-04-4270
    regex_detector_test.go:84: Expected label SSN, got  ([]), file SSN.csv:845 data 903-78-2150
    regex_detector_test.go:84: Expected label SSN, got  ([]), file SSN.csv:846 data 621-80-8899
    regex_detector_test.go:84: Expected label SSN, got  ([]), file SSN.csv:847 data 297-04-5249
    regex_detector_test.go:84: Expected label SSN, got  ([]), file SSN.csv:848 data 460 39 3934
    regex_detector_test.go:84: Expected label SSN, got  ([]), file SSN.csv:849 data 557-27-8923
    regex_detector_test.go:84: Expected label SSN, got  ([]), file SSN.csv:850 data 750-75-3088
    regex_detector_test.go:84: Expected label SSN, got  ([]), file SSN.csv:851 data 318-41-0731
    regex_detector_test.go:84: Expected label SSN, got  ([]), file SSN.csv:852 data 917-23-6639
    regex_detector_test.go:84: Expected label SSN, got  ([]), file SSN.csv:853 data 348 77 3339
    regex_detector_test.go:84: Expected label SSN, got  ([]), file SSN.csv:854 data 985-32-5181
    regex_detector_test.go:84: Expected label SSN, got  ([]), file SSN.csv:855 data 603-81-5270
    regex_detector_test.go:84: Expected label SSN, got  ([]), file SSN.csv:856 data 343-92-8001
    regex_detector_test.go:84: Expected label SSN, got  ([]), file SSN.csv:857 data 699 09 5299
    regex_detector_test.go:84: Expected label SSN, got  ([]), file SSN.csv:858 data 402-87-4000
    regex_detector_test.go:84: Expected label SSN, got  ([]), file SSN.csv:859 data 280-00-9303
    regex_detector_test.go:84: Expected label SSN, got  ([]), file SSN.csv:860 data 060 39 6291
    regex_detector_test.go:84: Expected label SSN, got  ([]), file SSN.csv:861 data 486-36-0806
    regex_detector_test.go:84: Expected label SSN, got  ([]), file SSN.csv:862 data 304317347
    regex_detector_test.go:84: Expected label SSN, got  ([]), file SSN.csv:863 data 575-26-0148
    regex_detector_test.go:84: Expected label SSN, got  ([]), file SSN.csv:864 data 824-09-7573
    regex_detector_test.go:84: Expected label SSN, got  ([]), file SSN.csv:865 data 711-18-7634
    regex_detector_test.go:84: Expected label SSN, got  ([]), file SSN.csv:866 data 272-24-8943
    regex_detector_test.go:84: Expected label SSN, got  ([]), file SSN.csv:867 data 344 81 7908
    regex_detector_test.go:84: Expected label SSN, got  ([]), file SSN.csv:868 data 443-49-1018
    regex_detector_test.go:84: Expected label SSN, got  ([]), file SSN.csv:869 data 368-00-1455
    regex_detector_test.go:84: Expected label SSN, got  ([]), file SSN.csv:870 data 097 13 7874
    regex_detector_test.go:84: Expected label SSN, got  ([]), file SSN.csv:871 data 982 07 7108
    regex_detector_test.go:84: Expected label SSN, got  ([]), file SSN.csv:872 data 611206525
    regex_detector_test.go:84: Expected label SSN, got  ([]), file SSN.csv:873 data 424336119
    regex_detector_test.go:84: Expected label SSN, got  ([]), file SSN.csv:874 data 574 70 2517
    regex_detector_test.go:84: Expected label SSN, got  ([]), file SSN.csv:875 data 538 32 7746
    regex_detector_test.go:84: Expected label SSN, got  ([]), file SSN.csv:876 data 863-47-2932
    regex_detector_test.go:84: Expected label SSN, got  ([]), file SSN.csv:877 data 697-02-1324
    regex_detector_test.go:84: Expected label SSN, got  ([]), file SSN.csv:878 data 438046120
    regex_detector_test.go:84: Expected label SSN, got  ([]), file SSN.csv:879 data 977-56-4275
    regex_detector_test.go:84: Expected label SSN, got  ([]), file SSN.csv:880 data 236-76-1873
    regex_detector_test.go:84: Expected label SSN, got  ([]), file SSN.csv:881 data 233 19 2000
    regex_detector_test.go:84: Expected label SSN, got  ([]), file SSN.csv:882 data 230-30-4111
    regex_detector_test.go:84: Expected label SSN, got  ([]), file SSN.csv:883 data 9111219
    regex_detector_test.go:84: Expected label SSN, got  ([]), file SSN.csv:884 data 607677360
    regex_detector_test.go:84: Expected label SSN, got  ([]), file SSN.csv:885 data 761-10-4646
    regex_detector_test.go:84: Expected label SSN, got  ([]), file SSN.csv:886 data 662-37-8344
    regex_detector_test.go:84: Expected label SSN, got  ([]), file SSN.csv:887 data 611 49 3168
    regex_detector_test.go:84: Expected label SSN, got  ([]), file SSN.csv:888 data 291-59-4699
    regex_detector_test.go:84: Expected label SSN, got  ([]), file SSN.csv:889 data 576-25-8772
    regex_detector_test.go:84: Expected label SSN, got  ([]), file SSN.csv:890 data 603-09-4238
    regex_detector_test.go:84: Expected label SSN, got  ([]), file SSN.csv:891 data 219-16-0020
    regex_detector_test.go:84: Expected label SSN, got  ([]), file SSN.csv:892 data 835-44-5950
    regex_detector_test.go:84: Expected label SSN, got  ([]), file SSN.csv:893 data 640 61 5355
    regex_detector_test.go:84: Expected label SSN, got  ([]), file SSN.csv:894 data 337-49-2623
    regex_detector_test.go:84: Expected label SSN, got  ([]), file SSN.csv:895 data 280-16-7572
    regex_detector_test.go:84: Expected label SSN, got  ([]), file SSN.csv:896 data 84229021
    regex_detector_test.go:84: Expected label SSN, got  ([]), file SSN.csv:897 data 846534087
    regex_detector_test.go:84: Expected label SSN, got  ([]), file SSN.csv:898 data 933 56 1518
    regex_detector_test.go:84: Expected label SSN, got  ([]), file SSN.csv:899 data 25151222
    regex_detector_test.go:84: Expected label SSN, got  ([]), file SSN.csv:900 data 698-10-4299
    regex_detector_test.go:84: Expected label SSN, got  ([]), file SSN.csv:901 data 459 10 1081
    regex_detector_test.go:84: Expected label SSN, got  ([]), file SSN.csv:902 data 85196519
    regex_detector_test.go:84: Expected label SSN, got  ([]), file SSN.csv:903 data 001-99-0532
    regex_detector_test.go:84: Expected label SSN, got  ([]), file SSN.csv:904 data 863 36 7311
    regex_detector_test.go:84: Expected label SSN, got  ([]), file SSN.csv:905 data 207-08-4155
    regex_detector_test.go:84: Expected label SSN, got  ([]), file SSN.csv:906 data 774-44-7381
    regex_detector_test.go:84: Expected label SSN, got  ([]), file SSN.csv:907 data 673907112
    regex_detector_test.go:84: Expected label SSN, got  ([]), file SSN.csv:908 data 450 97 0316
    regex_detector_test.go:84: Expected label SSN, got  ([]), file SSN.csv:909 data 88406413
    regex_detector_test.go:84: Expected label SSN, got  ([]), file SSN.csv:910 data 195-46-3828
    regex_detector_test.go:84: Expected label SSN, got  ([]), file SSN.csv:911 data 396 79 9678
    regex_detector_test.go:84: Expected label SSN, got  ([]), file SSN.csv:912 data 575-70-2645
    regex_detector_test.go:84: Expected label SSN, got  ([]), file SSN.csv:913 data 532-52-2843
    regex_detector_test.go:84: Expected label SSN, got  ([]), file SSN.csv:914 data 341-24-7570
    regex_detector_test.go:84: Expected label SSN, got  ([]), file SSN.csv:915 data 148558008
    regex_detector_test.go:84: Expected label SSN, got  ([]), file SSN.csv:916 data 514-61-4518
    regex_detector_test.go:84: Expected label SSN, got  ([]), file SSN.csv:917 data 488211639
    regex_detector_test.go:84: Expected label SSN, got  ([]), file SSN.csv:918 data 630 53 2959
    regex_detector_test.go:84: Expected label SSN, got  ([]), file SSN.csv:919 data 022 84 8544
    regex_detector_test.go:84: Expected label SSN, got  ([]), file SSN.csv:920 data 613141219
    regex_detector_test.go:84: Expected label SSN, got  ([]), file SSN.csv:921 data 684-11-5454
    regex_detector_test.go:84: Expected label SSN, got  ([]), file SSN.csv:922 data 599-42-5805
    regex_detector_test.go:84: Expected label SSN, got  ([]), file SSN.csv:923 data 925-72-3382
    regex_detector_test.go:84: Expected label SSN, got  ([]), file SSN.csv:924 data 287 19 6001
    regex_detector_test.go:84: Expected label SSN, got  ([]), file SSN.csv:925 data 004-58-0251
    regex_detector_test.go:84: Expected label SSN, got  ([]), file SSN.csv:926 data 383-98-7322
    regex_detector_test.go:84: Expected label SSN, got  ([]), file SSN.csv:927 data 148-85-7881
    regex_detector_test.go:84: Expected label SSN, got  ([]), file SSN.csv:928 data 344-51-0522
    regex_detector_test.go:84: Expected label SSN, got  ([]), file SSN.csv:929 data 504-39-1204
    regex_detector_test.go:84: Expected label SSN, got  ([]), file SSN.csv:930 data 582193841
    regex_detector_test.go:84: Expected label SSN, got  ([]), file SSN.csv:931 data 560-36-2079
    regex_detector_test.go:84: Expected label SSN, got  ([]), file SSN.csv:932 data 925-64-0363
    regex_detector_test.go:84: Expected label SSN, got  ([]), file SSN.csv:933 data 393-69-9800
    regex_detector_test.go:84: Expected label SSN, got  ([]), file SSN.csv:934 data 569-14-4894
    regex_detector_test.go:84: Expected label SSN, got  ([]), file SSN.csv:935 data 775 09 7416
    regex_detector_test.go:84: Expected label SSN, got  ([]), file SSN.csv:936 data 401-09-1877
    regex_detector_test.go:84: Expected label SSN, got  ([]), file SSN.csv:937 data 30723409
    regex_detector_test.go:84: Expected label SSN, got  ([]), file SSN.csv:938 data 638-74-4058
    regex_detector_test.go:84: Expected label SSN, got  ([]), file SSN.csv:939 data 279-65-1153
    regex_detector_test.go:84: Expected label SSN, got  ([]), file SSN.csv:940 data 138-35-1154
    regex_detector_test.go:84: Expected label SSN, got  ([]), file SSN.csv:941 data 979-14-2659
    regex_detector_test.go:84: Expected label SSN, got  ([]), file SSN.csv:942 data 941-15-4979
    regex_detector_test.go:84: Expected label SSN, got  ([]), file SSN.csv:943 data 021 24 9841
    regex_detector_test.go:84: Expected label SSN, got  ([]), file SSN.csv:944 data 044-44-4294
    regex_detector_test.go:84: Expected label SSN, got  ([]), file SSN.csv:945 data 824653553
    regex_detector_test.go:84: Expected label SSN, got  ([]), file SSN.csv:946 data 703-77-1589
    regex_detector_test.go:84: Expected label SSN, got  ([]), file SSN.csv:947 data 530 52 4029
    regex_detector_test.go:84: Expected label SSN, got  ([]), file SSN.csv:948 data 281 10 3305
    regex_detector_test.go:84: Expected label SSN, got  ([]), file SSN.csv:949 data 238636258
    regex_detector_test.go:84: Expected label SSN, got  ([]), file SSN.csv:950 data 121-11-0129
    regex_detector_test.go:84: Expected label SSN, got  ([]), file SSN.csv:951 data 610-11-2176
    regex_detector_test.go:84: Expected label SSN, got  ([]), file SSN.csv:952 data 464 97 2588
    regex_detector_test.go:84: Expected label SSN, got  ([]), file SSN.csv:953 data 812-71-6544
    regex_detector_test.go:84: Expected label SSN, got  ([]), file SSN.csv:954 data 516 49 7216
    regex_detector_test.go:84: Expected label SSN, got  ([]), file SSN.csv:955 data 581 93 2362
    regex_detector_test.go:84: Expected label SSN, got  ([]), file SSN.csv:956 data 511 41 9484
    regex_detector_test.go:84: Expected label SSN, got  ([]), file SSN.csv:957 data 148-04-3775
    regex_detector_test.go:84: Expected label SSN, got  ([]), file SSN.csv:958 data 117 97 4715
    regex_detector_test.go:84: Expected label SSN, got  ([]), file SSN.csv:959 data 838-10-0474
    regex_detector_test.go:84: Expected label SSN, got  ([]), file SSN.csv:960 data 518-29-4601
    regex_detector_test.go:84: Expected label SSN, got  ([]), file SSN.csv:961 data 843-40-3310
    regex_detector_test.go:84: Expected label SSN, got  ([]), file SSN.csv:962 data 445 33 6371
    regex_detector_test.go:84: Expected label SSN, got  ([]), file SSN.csv:963 data 318-35-7827
    regex_detector_test.go:84: Expected label SSN, got  ([]), file SSN.csv:964 data 459-55-1758
    regex_detector_test.go:84: Expected label SSN, got  ([]), file SSN.csv:965 data 303-21-3409
    regex_detector_test.go:84: Expected label SSN, got  ([]), file SSN.csv:966 data 465382886
    regex_detector_test.go:84: Expected label SSN, got  ([]), file SSN.csv:967 data 879-41-6659
    regex_detector_test.go:84: Expected label SSN, got  ([]), file SSN.csv:968 data 540-64-5340
    regex_detector_test.go:84: Expected label SSN, got  ([]), file SSN.csv:969 data 666860442
    regex_detector_test.go:84: Expected label SSN, got  ([]), file SSN.csv:970 data 998 08 9753
    regex_detector_test.go:84: Expected label SSN, got  ([]), file SSN.csv:971 data 851-16-7384
    regex_detector_test.go:84: Expected label SSN, got  ([]), file SSN.csv:972 data 918429073
    regex_detector_test.go:84: Expected label SSN, got  ([]), file SSN.csv:973 data 274-03-6644
    regex_detector_test.go:84: Expected label SSN, got  ([]), file SSN.csv:974 data 403689878
    regex_detector_test.go:84: Expected label SSN, got  ([]), file SSN.csv:975 data 955 82 9449
    regex_detector_test.go:84: Expected label SSN, got  ([]), file SSN.csv:976 data 478-07-7853
    regex_detector_test.go:84: Expected label SSN, got  ([]), file SSN.csv:977 data 470050817
    regex_detector_test.go:84: Expected label SSN, got  ([]), file SSN.csv:978 data 761 24 6130
    regex_detector_test.go:84: Expected label SSN, got  ([]), file SSN.csv:979 data 031-39-2629
    regex_detector_test.go:84: Expected label SSN, got  ([]), file SSN.csv:980 data 387 51 6705
    regex_detector_test.go:84: Expected label SSN, got  ([]), file SSN.csv:981 data 414-46-0708
    regex_detector_test.go:84: Expected label SSN, got  ([]), file SSN.csv:982 data 469-26-4211
    regex_detector_test.go:84: Expected label SSN, got  ([]), file SSN.csv:983 data 222-63-8782
    regex_detector_test.go:84: Expected label SSN, got  ([]), file SSN.csv:984 data 162-81-8713
    regex_detector_test.go:84: Expected label SSN, got  ([]), file SSN.csv:985 data 926 16 6218
    regex_detector_test.go:84: Expected label SSN, got  ([]), file SSN.csv:986 data 495 12 6887
    regex_detector_test.go:84: Expected label SSN, got  ([]), file SSN.csv:987 data 849 04 9255
    regex_detector_test.go:84: Expected label SSN, got  ([]), file SSN.csv:988 data 646 45 7455
    regex_detector_test.go:84: Expected label SSN, got  ([]), file SSN.csv:989 data 265 96 0851
    regex_detector_test.go:84: Expected label SSN, got  ([]), file SSN.csv:990 data 124-64-0220
    regex_detector_test.go:84: Expected label SSN, got  ([]), file SSN.csv:991 data 711619667
    regex_detector_test.go:84: Expected label SSN, got  ([]), file SSN.csv:992 data 262-51-9482
    regex_detector_test.go:84: Expected label SSN, got  ([]), file SSN.csv:993 data 644-16-3068
    regex_detector_test.go:84: Expected label SSN, got  ([]), file SSN.csv:994 data 663 03 2490
    regex_detector_test.go:84: Expected label SSN, got  ([]), file SSN.csv:995 data 206-30-3242
    regex_detector_test.go:84: Expected label SSN, got  ([]), file SSN.csv:996 data 813-06-5337
    regex_detector_test.go:84: Expected label SSN, got  ([]), file SSN.csv:997 data 735-76-9793
    regex_detector_test.go:84: Expected label SSN, got  ([]), file SSN.csv:998 data 459681213
    regex_detector_test.go:84: Expected label SSN, got  ([]), file SSN.csv:999 data 356-86-0760
    regex_detector_test.go:84: Expected label SSN, got  ([]), file SSN.csv:1000 data 571-50-1538
    regex_detector_test.go:84: Expected label SSN, got  ([]), file SSN.csv:1001 data 103-24-3309
    regex_detector_test.go:84: Expected label SSN, got  ([]), file SSN.csv:1002 data 842-50-9711
    regex_detector_test.go:84: Expected label SSN, got  ([]), file SSN.csv:1003 data 212 37 1423
    regex_detector_test.go:84: Expected label SSN, got  ([]), file SSN.csv:1004 data 603-03-8544
    regex_detector_test.go:84: Expected label SSN, got  ([]), file SSN.csv:1005 data 213-95-0330
    regex_detector_test.go:84: Expected label SSN, got  ([]), file SSN.csv:1006 data 337 21 1021
    regex_detector_test.go:84: Expected label SSN, got  ([]), file SSN.csv:1007 data 085-06-2380
    regex_detector_test.go:84: Expected label SSN, got  ([]), file SSN.csv:1008 data 352-23-8224
    regex_detector_test.go:84: Expected label SSN, got  ([]), file SSN.csv:1009 data 019 70 8600
    regex_detector_test.go:84: Expected label SSN, got  ([]), file SSN.csv:1010 data 483-44-0029
    regex_detector_test.go:84: Expected label SSN, got  ([]), file SSN.csv:1011 data 612-43-5824
    regex_detector_test.go:84: Expected label SSN, got  ([]), file SSN.csv:1012 data 58019561
    regex_detector_test.go:84: Expected label SSN, got  ([]), file SSN.csv:1013 data 499 62 9570
    regex_detector_test.go:84: Expected label SSN, got  ([]), file SSN.csv:1014 data 212-19-7198
    regex_detector_test.go:84: Expected label SSN, got  ([]), file SSN.csv:1015 data 784738264
    regex_detector_test.go:84: Expected label SSN, got  ([]), file SSN.csv:1016 data 540-27-3403
    regex_detector_test.go:84: Expected label SSN, got  ([]), file SSN.csv:1017 data 144 03 4327
    regex_detector_test.go:84: Expected label SSN, got  ([]), file SSN.csv:1018 data 099-76-0157
    regex_detector_test.go:84: Expected label SSN, got  ([]), file SSN.csv:1019 data 310 11 7011
    regex_detector_test.go:84: Expected label SSN, got  ([]), file SSN.csv:1020 data 617-53-3886
    regex_detector_test.go:84: Expected label SSN, got  ([]), file SSN.csv:1021 data 266-30-2698
    regex_detector_test.go:84: Expected label SSN, got  ([]), file SSN.csv:1022 data 998461990
    regex_detector_test.go:84: Expected label SSN, got  ([]), file SSN.csv:1023 data 698 59 7386
    regex_detector_test.go:84: Expected label SSN, got  ([]), file SSN.csv:1024 data 618 06 6600
    regex_detector_test.go:84: Expected label SSN, got  ([]), file SSN.csv:1025 data 261802746
    regex_detector_test.go:84: Expected label SSN, got  ([]), file SSN.csv:1026 data 430-13-6141
    regex_detector_test.go:84: Expected label SSN, got  ([]), file SSN.csv:1027 data 642-75-3078
    regex_detector_test.go:84: Expected label SSN, got  ([]), file SSN.csv:1028 data 663-30-8781
    regex_detector_test.go:84: Expected label SSN, got  ([]), file SSN.csv:1029 data 251-23-6092
    regex_detector_test.go:84: Expected label SSN, got  ([]), file SSN.csv:1030 data 124-78-0188
    regex_detector_test.go:84: Expected label SSN, got  ([]), file SSN.csv:1031 data 4163836
    regex_detector_test.go:84: Expected label SSN, got  ([]), file SSN.csv:1032 data 743-51-9978
    regex_detector_test.go:84: Expected label SSN, got  ([]), file SSN.csv:1033 data 910 75 1303
    regex_detector_test.go:84: Expected label SSN, got  ([]), file SSN.csv:1034 data 572-77-6578
    regex_detector_test.go:84: Expected label SSN, got  ([]), file SSN.csv:1035 data 332-06-5023
    regex_detector_test.go:84: Expected label SSN, got  ([]), file SSN.csv:1036 data 534 94 2450
    regex_detector_test.go:84: Expected label SSN, got  ([]), file SSN.csv:1037 data 153205409
    regex_detector_test.go:84: Expected label SSN, got  ([]), file SSN.csv:1038 data 711-06-1183
    regex_detector_test.go:84: Expected label SSN, got  ([]), file SSN.csv:1039 data 610802843
    regex_detector_test.go:84: Expected label SSN, got  ([]), file SSN.csv:1040 data 419-78-1051
    regex_detector_test.go:84: Expected label SSN, got  ([]), file SSN.csv:1041 data 282-41-4685
    regex_detector_test.go:84: Expected label SSN, got  ([]), file SSN.csv:1042 data 930 23 0024
    regex_detector_test.go:84: Expected label SSN, got  ([]), file SSN.csv:1043 data 467118474
    regex_detector_test.go:84: Expected label SSN, got  ([]), file SSN.csv:1044 data 888-90-4936
    regex_detector_test.go:84: Expected label SSN, got  ([]), file SSN.csv:1045 data 728-58-9206
    regex_detector_test.go:84: Expected label SSN, got  ([]), file SSN.csv:1046 data 718015188
    regex_detector_test.go:84: Expected label SSN, got  ([]), file SSN.csv:1047 data 178-60-1956
    regex_detector_test.go:84: Expected label SSN, got  ([]), file SSN.csv:1048 data 582-08-8098
    regex_detector_test.go:84: Expected label SSN, got  ([]), file SSN.csv:1049 data 164 69 4009
    regex_detector_test.go:84: Expected label SSN, got  ([]), file SSN.csv:1050 data 105-13-1734
    regex_detector_test.go:84: Expected label SSN, got  ([]), file SSN.csv:1051 data 503 18 9393
    regex_detector_test.go:84: Expected label SSN, got  ([]), file SSN.csv:1052 data 764-07-6985
    regex_detector_test.go:84: Expected label SSN, got  ([]), file SSN.csv:1053 data 334-15-3349
    regex_detector_test.go:84: Expected label SSN, got  ([]), file SSN.csv:1054 data 15432400
    regex_detector_test.go:84: Expected label SSN, got  ([]), file SSN.csv:1055 data 802-92-6159
    regex_detector_test.go:84: Expected label SSN, got  ([]), file SSN.csv:1056 data 188 15 6091
    regex_detector_test.go:84: Expected label SSN, got  ([]), file SSN.csv:1057 data 595-28-6031
    regex_detector_test.go:84: Expected label SSN, got  ([]), file SSN.csv:1058 data 261-72-7030
    regex_detector_test.go:84: Expected label SSN, got  ([]), file SSN.csv:1059 data 605-53-1998
    regex_detector_test.go:84: Expected label SSN, got  ([]), file SSN.csv:1060 data 1497824
    regex_detector_test.go:84: Expected label SSN, got  ([]), file SSN.csv:1061 data 930-02-8884
    regex_detector_test.go:84: Expected label SSN, got  ([]), file SSN.csv:1062 data 156 43 1325
    regex_detector_test.go:84: Expected label SSN, got  ([]), file SSN.csv:1063 data 640054656
    regex_detector_test.go:84: Expected label SSN, got  ([]), file SSN.csv:1064 data 668 75 0039
    regex_detector_test.go:84: Expected label SSN, got  ([]), file SSN.csv:1065 data 934-33-8453
    regex_detector_test.go:84: Expected label SSN, got  ([]), file SSN.csv:1066 data 159428090
    regex_detector_test.go:84: Expected label SSN, got  ([]), file SSN.csv:1067 data 358-89-8065
    regex_detector_test.go:84: Expected label SSN, got  ([]), file SSN.csv:1068 data 473-37-0245
    regex_detector_test.go:84: Expected label SSN, got  ([]), file SSN.csv:1069 data 466-07-0248
    regex_detector_test.go:84: Expected label SSN, got  ([]), file SSN.csv:1070 data 101-16-5694
    regex_detector_test.go:84: Expected label SSN, got  ([]), file SSN.csv:1071 data 838-61-3657
    regex_detector_test.go:84: Expected label SSN, got  ([]), file SSN.csv:1072 data 215706154
    regex_detector_test.go:84: Expected label SSN, got  ([]), file SSN.csv:1073 data 746-57-8033
    regex_detector_test.go:84: Expected label SSN, got  ([]), file SSN.csv:1074 data 324-54-6785
    regex_detector_test.go:84: Expected label SSN, got  ([]), file SSN.csv:1075 data 592-94-8289
    regex_detector_test.go:84: Expected label SSN, got  ([]), file SSN.csv:1076 data 519008436
    regex_detector_test.go:84: Expected label SSN, got  ([]), file SSN.csv:1077 data 867-09-5271
    regex_detector_test.go:84: Expected label SSN, got  ([]), file SSN.csv:1078 data 788-20-7475
    regex_detector_test.go:84: Expected label SSN, got  ([]), file SSN.csv:1079 data 282-12-0915
    regex_detector_test.go:84: Expected label SSN, got  ([]), file SSN.csv:1080 data 722-17-8697
    regex_detector_test.go:84: Expected label SSN, got  ([]), file SSN.csv:1081 data 86162041
    regex_detector_test.go:84: Expected label SSN, got  ([]), file SSN.csv:1082 data 445-59-1776
    regex_detector_test.go:84: Expected label SSN, got  ([]), file SSN.csv:1083 data 782-03-4700
    regex_detector_test.go:84: Expected label SSN, got  ([]), file SSN.csv:1084 data 314 53 4596
    regex_detector_test.go:84: Expected label SSN, got  ([]), file SSN.csv:1085 data 988341297
    regex_detector_test.go:84: Expected label SSN, got  ([]), file SSN.csv:1086 data 783-53-6839
    regex_detector_test.go:84: Expected label SSN, got  ([]), file SSN.csv:1087 data 309-17-1774
    regex_detector_test.go:84: Expected label SSN, got  ([]), file SSN.csv:1088 data 271-35-8450
    regex_detector_test.go:84: Expected label SSN, got  ([]), file SSN.csv:1089 data 626-86-4622
    regex_detector_test.go:84: Expected label SSN, got  ([]), file SSN.csv:1090 data 650137011
    regex_detector_test.go:84: Expected label SSN, got  ([]), file SSN.csv:1091 data 468-90-6088
    regex_detector_test.go:84: Expected label SSN, got  ([]), file SSN.csv:1092 data 885-54-9781
    regex_detector_test.go:84: Expected label SSN, got  ([]), file SSN.csv:1093 data 676275970
    regex_detector_test.go:84: Expected label SSN, got  ([]), file SSN.csv:1094 data 254-18-4205
    regex_detector_test.go:84: Expected label SSN, got  ([]), file SSN.csv:1095 data 390-93-2334
    regex_detector_test.go:84: Expected label SSN, got  ([]), file SSN.csv:1096 data 042-38-6169
    regex_detector_test.go:84: Expected label SSN, got  ([]), file SSN.csv:1097 data 417-15-0068
    regex_detector_test.go:84: Expected label SSN, got  ([]), file SSN.csv:1098 data 034-23-4833
    regex_detector_test.go:84: Expected label SSN, got  ([]), file SSN.csv:1099 data 176972998
    regex_detector_test.go:84: Expected label SSN, got  ([]), file SSN.csv:1100 data 091-71-5497
    regex_detector_test.go:84: Expected label SSN, got  ([]), file SSN.csv:1101 data 249 52 4024
    regex_detector_test.go:84: Expected label SSN, got  ([]), file SSN.csv:1102 data 357-10-7658
    regex_detector_test.go:84: Expected label SSN, got  ([]), file SSN.csv:1103 data 620-75-3954
    regex_detector_test.go:84: Expected label SSN, got  ([]), file SSN.csv:1104 data 340 39 8264
    regex_detector_test.go:84: Expected label SSN, got  ([]), file SSN.csv:1105 data 099-52-9339
    regex_detector_test.go:84: Expected label SSN, got  ([]), file SSN.csv:1106 data 254 71 3316
    regex_detector_test.go:84: Expected label SSN, got  ([]), file SSN.csv:1107 data 993 38 9431
    regex_detector_test.go:84: Expected label SSN, got  ([]), file SSN.csv:1108 data 855505084
    regex_detector_test.go:84: Expected label SSN, got  ([]), file SSN.csv:1109 data 855 32 7037
    regex_detector_test.go:84: Expected label SSN, got  ([]), file SSN.csv:1110 data 594-46-1987
    regex_detector_test.go:84: Expected label SSN, got  ([]), file SSN.csv:1111 data 008 05 4742
    regex_detector_test.go:84: Expected label SSN, got  ([]), file SSN.csv:1112 data 137-31-2110
    regex_detector_test.go:84: Expected label SSN, got  ([]), file SSN.csv:1113 data 702-88-1664
    regex_detector_test.go:84: Expected label SSN, got  ([]), file SSN.csv:1114 data 329-91-8508
    regex_detector_test.go:84: Expected label SSN, got  ([]), file SSN.csv:1115 data 466731900
    regex_detector_test.go:84: Expected label SSN, got  ([]), file SSN.csv:1116 data 726-15-4096
    regex_detector_test.go:84: Expected label SSN, got  ([]), file SSN.csv:1117 data 788-50-9345
    regex_detector_test.go:84: Expected label SSN, got  ([]), file SSN.csv:1118 data 828-88-6697
    regex_detector_test.go:84: Expected label SSN, got  ([]), file SSN.csv:1119 data 515-15-5418
    regex_detector_test.go:84: Expected label SSN, got  ([]), file SSN.csv:1120 data 721-21-3363
    regex_detector_test.go:84: Expected label SSN, got  ([]), file SSN.csv:1121 data 611687854
    regex_detector_test.go:84: Expected label SSN, got  ([]), file SSN.csv:1122 data 406 82 4666
    regex_detector_test.go:84: Expected label SSN, got  ([]), file SSN.csv:1123 data 503-71-8582
    regex_detector_test.go:84: Expected label SSN, got  ([]), file SSN.csv:1124 data 067-30-5720
    regex_detector_test.go:84: Expected label SSN, got  ([]), file SSN.csv:1125 data 118-97-8909
    regex_detector_test.go:84: Expected label SSN, got  ([]), file SSN.csv:1126 data 496-17-1360
    regex_detector_test.go:84: Expected label SSN, got  ([]), file SSN.csv:1127 data 710 74 2923
    regex_detector_test.go:84: Expected label SSN, got  ([]), file SSN.csv:1128 data 748 28 8583
    regex_detector_test.go:84: Expected label SSN, got  ([]), file SSN.csv:1129 data 909-48-0635
    regex_detector_test.go:84: Expected label SSN, got  ([]), file SSN.csv:1130 data 540-65-8520
    regex_detector_test.go:84: Expected label SSN, got  ([]), file SSN.csv:1131 data 457-06-6497
    regex_detector_test.go:84: Expected label SSN, got  ([]), file SSN.csv:1132 data 100-18-1862
    regex_detector_test.go:84: Expected label SSN, got  ([]), file SSN.csv:1133 data 497-66-0942
    regex_detector_test.go:84: Expected label SSN, got  ([]), file SSN.csv:1134 data 943-31-7160
    regex_detector_test.go:84: Expected label SSN, got  ([]), file SSN.csv:1135 data 267-43-8823
    regex_detector_test.go:84: Expected label SSN, got  ([]), file SSN.csv:1136 data 574 14 9940
    regex_detector_test.go:84: Expected label SSN, got  ([]), file SSN.csv:1137 data 731 50 6942
    regex_detector_test.go:84: Expected label SSN, got  ([]), file SSN.csv:1138 data 763-32-2720
    regex_detector_test.go:84: Expected label SSN, got  ([]), file SSN.csv:1139 data 575-94-5361
    regex_detector_test.go:84: Expected label SSN, got  ([]), file SSN.csv:1140 data 708-34-6395
    regex_detector_test.go:84: Expected label SSN, got  ([]), file SSN.csv:1141 data 182-87-9837
    regex_detector_test.go:84: Expected label SSN, got  ([]), file SSN.csv:1142 data 063-13-8003
    regex_detector_test.go:84: Expected label SSN, got  ([]), file SSN.csv:1143 data 213 18 5932
    regex_detector_test.go:84: Expected label SSN, got  ([]), file SSN.csv:1144 data 100-80-6113
    regex_detector_test.go:84: Expected label SSN, got  ([]), file SSN.csv:1145 data 913 29 5822
    regex_detector_test.go:84: Expected label SSN, got  ([]), file SSN.csv:1146 data 802917576
    regex_detector_test.go:84: Expected label SSN, got  ([]), file SSN.csv:1147 data 802-46-0641
    regex_detector_test.go:84: Expected label SSN, got  ([]), file SSN.csv:1148 data 136-31-8040
    regex_detector_test.go:84: Expected label SSN, got  ([]), file SSN.csv:1149 data 474-96-8926
    regex_detector_test.go:84: Expected label SSN, got  ([]), file SSN.csv:1150 data 486 66 5129
    regex_detector_test.go:84: Expected label SSN, got  ([]), file SSN.csv:1151 data 856211174
    regex_detector_test.go:84: Expected label SSN, got  ([]), file SSN.csv:1152 data 352611948
    regex_detector_test.go:84: Expected label SSN, got  ([]), file SSN.csv:1153 data 187 69 1909
    regex_detector_test.go:84: Expected label SSN, got  ([]), file SSN.csv:1154 data 518-01-9530
    regex_detector_test.go:84: Expected label SSN, got  ([]), file SSN.csv:1155 data 355-56-0529
    regex_detector_test.go:84: Expected label SSN, got  ([]), file SSN.csv:1156 data 847-93-7077
    regex_detector_test.go:84: Expected label SSN, got  ([]), file SSN.csv:1157 data 129 13 3336
    regex_detector_test.go:84: Expected label SSN, got  ([]), file SSN.csv:1158 data 807-13-9017
    regex_detector_test.go:84: Expected label SSN, got  ([]), file SSN.csv:1159 data 752-05-3696
    regex_detector_test.go:84: Expected label SSN, got  ([]), file SSN.csv:1160 data 422-85-0475
    regex_detector_test.go:84: Expected label SSN, got  ([]), file SSN.csv:1161 data 296-94-8125
    regex_detector_test.go:84: Expected label SSN, got  ([]), file SSN.csv:1162 data 825-31-8454
    regex_detector_test.go:84: Expected label SSN, got  ([]), file SSN.csv:1163 data 184 48 2887
    regex_detector_test.go:84: Expected label SSN, got  ([]), file SSN.csv:1164 data 991-58-3877
    regex_detector_test.go:84: Expected label SSN, got  ([]), file SSN.csv:1165 data 279 67 3405
    regex_detector_test.go:84: Expected label SSN, got  ([]), file SSN.csv:1166 data 921800040
    regex_detector_test.go:84: Expected label SSN, got  ([]), file SSN.csv:1167 data 040 76 9557
    regex_detector_test.go:84: Expected label SSN, got  ([]), file SSN.csv:1168 data 489-36-8350
    regex_detector_test.go:84: Expected label SSN, got  ([]), file SSN.csv:1169 data 489-36-8351
    regex_detector_test.go:84: Expected label SSN, got  ([]), file SSN.csv:1170 data 489-36-8352
    regex_detector_test.go:84: Expected label SSN, got  ([]), file SSN.csv:1171 data 489-36-8353
    regex_detector_test.go:84: Expected label SSN, got  ([]), file SSN.csv:1172 data 489-36-8354
    regex_detector_test.go:84: Expected label SSN, got  ([]), file SSN.csv:1173 data 489-36-8355
    regex_detector_test.go:84: Expected label SSN, got  ([]), file SSN.csv:1174 data 514-14-8905
    regex_detector_test.go:84: Expected label SSN, got  ([]), file SSN.csv:1175 data 514-14-8906
    regex_detector_test.go:84: Expected label SSN, got  ([]), file SSN.csv:1176 data 514-14-8907
    regex_detector_test.go:84: Expected label SSN, got  ([]), file SSN.csv:1177 data 514-14-8908
    regex_detector_test.go:84: Expected label SSN, got  ([]), file SSN.csv:1178 data 514-14-8909
    regex_detector_test.go:84: Expected label SSN, got  ([]), file SSN.csv:1179 data 514-14-8910
    regex_detector_test.go:84: Expected label SSN, got  ([]), file SSN.csv:1180 data 690-05-5315
    regex_detector_test.go:84: Expected label SSN, got  ([]), file SSN.csv:1181 data 690-05-5316
    regex_detector_test.go:84: Expected label SSN, got  ([]), file SSN.csv:1182 data 690-05-5317
    regex_detector_test.go:84: Expected label SSN, got  ([]), file SSN.csv:1183 data 690-05-5318
    regex_detector_test.go:84: Expected label SSN, got  ([]), file SSN.csv:1184 data 690-05-5319
    regex_detector_test.go:84: Expected label SSN, got  ([]), file SSN.csv:1185 data 690-05-5320
    regex_detector_test.go:84: Expected label SSN, got  ([]), file SSN.csv:1186 data 421-37-1396
    regex_detector_test.go:84: Expected label SSN, got  ([]), file SSN.csv:1187 data 421-37-1397
    regex_detector_test.go:84: Expected label SSN, got  ([]), file SSN.csv:1188 data 421-37-1398
    regex_detector_test.go:84: Expected label SSN, got  ([]), file SSN.csv:1189 data 421-37-1399
    regex_detector_test.go:84: Expected label SSN, got  ([]), file SSN.csv:1190 data 421-37-1400
    regex_detector_test.go:84: Expected label SSN, got  ([]), file SSN.csv:1191 data 421-37-1401
    regex_detector_test.go:84: Expected label SSN, got  ([]), file SSN.csv:1192 data 458-02-6124
    regex_detector_test.go:84: Expected label SSN, got  ([]), file SSN.csv:1193 data 458-02-6125
    regex_detector_test.go:84: Expected label SSN, got  ([]), file SSN.csv:1194 data 458-02-6126
    regex_detector_test.go:84: Expected label SSN, got  ([]), file SSN.csv:1195 data 458-02-6127
    regex_detector_test.go:84: Expected label SSN, got  ([]), file SSN.csv:1196 data 458-02-6128
    regex_detector_test.go:84: Expected label SSN, got  ([]), file SSN.csv:1197 data 458-02-6129
    regex_detector_test.go:84: Expected label SSN, got  ([]), file SSN.csv:1198 data 612-20-6832
    regex_detector_test.go:84: Expected label SSN, got  ([]), file SSN.csv:1199 data 612-20-6833
    regex_detector_test.go:84: Expected label SSN, got  ([]), file SSN.csv:1200 data 612-20-6834
    regex_detector_test.go:84: Expected label SSN, got  ([]), file SSN.csv:1201 data 612-20-6835
    regex_detector_test.go:84: Expected label SSN, got  ([]), file SSN.csv:1202 data 612-20-6836
    regex_detector_test.go:84: Expected label SSN, got  ([]), file SSN.csv:1203 data 612-20-6837
    regex_detector_test.go:84: Expected label SSN, got  ([]), file SSN.csv:1204 data 300-62-3266
    regex_detector_test.go:84: Expected label SSN, got  ([]), file SSN.csv:1205 data 300-62-3267
    regex_detector_test.go:84: Expected label SSN, got  ([]), file SSN.csv:1206 data 300-62-3268
    regex_detector_test.go:84: Expected label SSN, got  ([]), file SSN.csv:1207 data 300-62-3269
    regex_detector_test.go:84: Expected label SSN, got  ([]), file SSN.csv:1208 data 300-62-3270
    regex_detector_test.go:84: Expected label SSN, got  ([]), file SSN.csv:1209 data 300-62-3271
    regex_detector_test.go:84: Expected label SSN, got  ([]), file SSN.csv:1210 data 660-03-8360
    regex_detector_test.go:84: Expected label SSN, got  ([]), file SSN.csv:1211 data 660-03-8361
    regex_detector_test.go:84: Expected label SSN, got  ([]), file SSN.csv:1212 data 660-03-8362
    regex_detector_test.go:84: Expected label SSN, got  ([]), file SSN.csv:1213 data 660-03-8363
    regex_detector_test.go:84: Expected label SSN, got  ([]), file SSN.csv:1214 data 660-03-8364
    regex_detector_test.go:84: Expected label SSN, got  ([]), file SSN.csv:1215 data 660-03-8365
    regex_detector_test.go:84: Expected label SSN, got  ([]), file SSN.csv:1216 data 213-46-8915
    regex_detector_test.go:84: Expected label SSN, got  ([]), file SSN.csv:1217 data 213-46-8916
    regex_detector_test.go:84: Expected label SSN, got  ([]), file SSN.csv:1218 data 213-46-8917
    regex_detector_test.go:84: Expected label SSN, got  ([]), file SSN.csv:1219 data 213-46-8918
    regex_detector_test.go:84: Expected label SSN, got  ([]), file SSN.csv:1220 data 213-46-8919
    regex_detector_test.go:84: Expected label SSN, got  ([]), file SSN.csv:1221 data 213-46-8920
    regex_detector_test.go:84: Expected label SSN, got  ([]), file SSN.csv:1222 data 449-48-3135
    regex_detector_test.go:84: Expected label SSN, got  ([]), file SSN.csv:1223 data 449-48-3136
    regex_detector_test.go:84: Expected label SSN, got  ([]), file SSN.csv:1224 data 449-48-3137
    regex_detector_test.go:84: Expected label SSN, got  ([]), file SSN.csv:1225 data 449-48-3138
    regex_detector_test.go:84: Expected label SSN, got  ([]), file SSN.csv:1226 data 449-48-3139
    regex_detector_test.go:84: Expected label SSN, got  ([]), file SSN.csv:1227 data 449-48-3140
    regex_detector_test.go:84: Expected label SSN, got  ([]), file SSN.csv:1228 data 559-81-1301
    regex_detector_test.go:84: Expected label SSN, got  ([]), file SSN.csv:1229 data 559-81-1302
    regex_detector_test.go:84: Expected label SSN, got  ([]), file SSN.csv:1230 data 559-81-1303
    regex_detector_test.go:84: Expected label SSN, got  ([]), file SSN.csv:1231 data 559-81-1304
    regex_detector_test.go:84: Expected label SSN, got  ([]), file SSN.csv:1232 data 559-81-1305
    regex_detector_test.go:84: Expected label SSN, got  ([]), file SSN.csv:1233 data 559-81-1306
    regex_detector_test.go:84: Expected label SSN, got  ([]), file SSN.csv:1234 data 322-84-2281
    regex_detector_test.go:84: Expected label SSN, got  ([]), file SSN.csv:1235 data 322-84-2282
    regex_detector_test.go:84: Expected label SSN, got  ([]), file SSN.csv:1236 data 322-84-2283
    regex_detector_test.go:84: Expected label SSN, got  ([]), file SSN.csv:1237 data 322-84-2284
    regex_detector_test.go:84: Expected label SSN, got  ([]), file SSN.csv:1238 data 322-84-2285
    regex_detector_test.go:84: Expected label SSN, got  ([]), file SSN.csv:1239 data 322-84-2286
    regex_detector_test.go:84: Expected label SSN, got  ([]), file SSN.csv:1240 data 646-44-9061
    regex_detector_test.go:84: Expected label SSN, got  ([]), file SSN.csv:1241 data 646-44-9062
    regex_detector_test.go:84: Expected label SSN, got  ([]), file SSN.csv:1242 data 646-44-9063
    regex_detector_test.go:84: Expected label SSN, got  ([]), file SSN.csv:1243 data 646-44-9064
    regex_detector_test.go:84: Expected label SSN, got  ([]), file SSN.csv:1244 data 646-44-9065
    regex_detector_test.go:84: Expected label SSN, got  ([]), file SSN.csv:1245 data 646-44-9066
    regex_detector_test.go:84: Expected label SSN, got  ([]), file SSN.csv:1246 data 465-73-5022
    regex_detector_test.go:84: Expected label SSN, got  ([]), file SSN.csv:1247 data 465-73-5023
    regex_detector_test.go:84: Expected label SSN, got  ([]), file SSN.csv:1248 data 465-73-5024
    regex_detector_test.go:84: Expected label SSN, got  ([]), file SSN.csv:1249 data 465-73-5025
    regex_detector_test.go:84: Expected label SSN, got  ([]), file SSN.csv:1250 data 465-73-5026
    regex_detector_test.go:84: Expected label SSN, got  ([]), file SSN.csv:1251 data 465-73-5027
    regex_detector_test.go:84: Expected label SSN, got  ([]), file SSN.csv:1252 data 044-34-6954
    regex_detector_test.go:84: Expected label SSN, got  ([]), file SSN.csv:1253 data 044-34-6955
    regex_detector_test.go:84: Expected label SSN, got  ([]), file SSN.csv:1254 data 044-34-6956
    regex_detector_test.go:84: Expected label SSN, got  ([]), file SSN.csv:1255 data 044-34-6957
    regex_detector_test.go:84: Expected label SSN, got  ([]), file SSN.csv:1256 data 044-34-6958
    regex_detector_test.go:84: Expected label SSN, got  ([]), file SSN.csv:1257 data 044-34-6959
    regex_detector_test.go:84: Expected label SSN, got  ([]), file SSN.csv:1258 data 477-36-0282
    regex_detector_test.go:84: Expected label SSN, got  ([]), file SSN.csv:1259 data 477-36-0283
    regex_detector_test.go:84: Expected label SSN, got  ([]), file SSN.csv:1260 data 477-36-0284
    regex_detector_test.go:84: Expected label SSN, got  ([]), file SSN.csv:1261 data 477-36-0285
    regex_detector_test.go:84: Expected label SSN, got  ([]), file SSN.csv:1262 data 477-36-0286
    regex_detector_test.go:84: Expected label SSN, got  ([]), file SSN.csv:1263 data 477-36-0287
    regex_detector_test.go:84: Expected label SSN, got  ([]), file SSN.csv:1264 data 421-90-3440
    regex_detector_test.go:84: Expected label SSN, got  ([]), file SSN.csv:1265 data 421-90-3441
    regex_detector_test.go:84: Expected label SSN, got  ([]), file SSN.csv:1266 data 421-90-3442
    regex_detector_test.go:84: Expected label SSN, got  ([]), file SSN.csv:1267 data 421-90-3443
    regex_detector_test.go:84: Expected label SSN, got  ([]), file SSN.csv:1268 data 421-90-3444
    regex_detector_test.go:84: Expected label SSN, got  ([]), file SSN.csv:1269 data 421-90-3445
    regex_detector_test.go:84: Expected label SSN, got  ([]), file SSN.csv:1270 data 524-02-7657
    regex_detector_test.go:84: Expected label SSN, got  ([]), file SSN.csv:1271 data 524-02-7658
    regex_detector_test.go:84: Expected label SSN, got  ([]), file SSN.csv:1272 data 524-02-7659
    regex_detector_test.go:84: Expected label SSN, got  ([]), file SSN.csv:1273 data 524-02-7660
    regex_detector_test.go:84: Expected label SSN, got  ([]), file SSN.csv:1274 data 524-02-7661
    regex_detector_test.go:84: Expected label SSN, got  ([]), file SSN.csv:1275 data 524-02-7662
    regex_detector_test.go:84: Expected label SSN, got  ([]), file SSN.csv:1276 data 205-52-0027
    regex_detector_test.go:84: Expected label SSN, got  ([]), file SSN.csv:1277 data 205-52-0028
    regex_detector_test.go:84: Expected label SSN, got  ([]), file SSN.csv:1278 data 205-52-0029
    regex_detector_test.go:84: Expected label SSN, got  ([]), file SSN.csv:1279 data 205-52-0030
    regex_detector_test.go:84: Expected label SSN, got  ([]), file SSN.csv:1280 data 205-52-0031
    regex_detector_test.go:84: Expected label SSN, got  ([]), file SSN.csv:1281 data 205-52-0032
    regex_detector_test.go:84: Expected label SSN, got  ([]), file SSN.csv:1282 data 587-03-2682
    regex_detector_test.go:84: Expected label SSN, got  ([]), file SSN.csv:1283 data 587-03-2683
    regex_detector_test.go:84: Expected label SSN, got  ([]), file SSN.csv:1284 data 587-03-2684
    regex_detector_test.go:84: Expected label SSN, got  ([]), file SSN.csv:1285 data 587-03-2685
    regex_detector_test.go:84: Expected label SSN, got  ([]), file SSN.csv:1286 data 587-03-2686
    regex_detector_test.go:84: Expected label SSN, got  ([]), file SSN.csv:1287 data 587-03-2687
    regex_detector_test.go:84: Expected label SSN, got  ([]), file SSN.csv:1288 data 687-05-8365
    regex_detector_test.go:84: Expected label SSN, got  ([]), file SSN.csv:1289 data 687-05-8366
    regex_detector_test.go:84: Expected label SSN, got  ([]), file SSN.csv:1290 data 687-05-8367
    regex_detector_test.go:84: Expected label SSN, got  ([]), file SSN.csv:1291 data 687-05-8368
    regex_detector_test.go:84: Expected label SSN, got  ([]), file SSN.csv:1292 data 687-05-8369
    regex_detector_test.go:84: Expected label SSN, got  ([]), file SSN.csv:1293 data 687-05-8370
    regex_detector_test.go:84: Expected label SSN, got  ([]), file SSN.csv:1294 data 751-01-2327
    regex_detector_test.go:84: Expected label SSN, got  ([]), file SSN.csv:1295 data 751-01-2328
    regex_detector_test.go:84: Expected label SSN, got  ([]), file SSN.csv:1296 data 751-01-2329
    regex_detector_test.go:84: Expected label SSN, got  ([]), file SSN.csv:1297 data 751-01-2330
    regex_detector_test.go:84: Expected label SSN, got  ([]), file SSN.csv:1298 data 751-01-2331
    regex_detector_test.go:84: Expected label SSN, got  ([]), file SSN.csv:1299 data 751-01-2332
    regex_detector_test.go:84: Expected label SSN, got  ([]), file SSN.csv:1300 data 624-84-9181
    regex_detector_test.go:84: Expected label SSN, got  ([]), file SSN.csv:1301 data 624-84-9182
    regex_detector_test.go:84: Expected label SSN, got  ([]), file SSN.csv:1302 data 624-84-9183
    regex_detector_test.go:84: Expected label SSN, got  ([]), file SSN.csv:1303 data 624-84-9184
    regex_detector_test.go:84: Expected label SSN, got  ([]), file SSN.csv:1304 data 624-84-9185
    regex_detector_test.go:84: Expected label SSN, got  ([]), file SSN.csv:1305 data 624-84-9186
    regex_detector_test.go:84: Expected label SSN, got  ([]), file SSN.csv:1306 data 514-30-2668
    regex_detector_test.go:84: Expected label SSN, got  ([]), file SSN.csv:1307 data 514-30-2669
    regex_detector_test.go:84: Expected label SSN, got  ([]), file SSN.csv:1308 data 514-30-2670
    regex_detector_test.go:84: Expected label SSN, got  ([]), file SSN.csv:1309 data 514-30-2671
    regex_detector_test.go:84: Expected label SSN, got  ([]), file SSN.csv:1310 data 514-30-2672
    regex_detector_test.go:84: Expected label SSN, got  ([]), file SSN.csv:1311 data 514-30-2673
    regex_detector_test.go:84: Expected label SSN, got  ([]), file SSN.csv:1312 data 451-80-3526
    regex_detector_test.go:84: Expected label SSN, got  ([]), file SSN.csv:1313 data 451-80-3527
    regex_detector_test.go:84: Expected label SSN, got  ([]), file SSN.csv:1314 data 451-80-3528
    regex_detector_test.go:84: Expected label SSN, got  ([]), file SSN.csv:1315 data 451-80-3529
    regex_detector_test.go:84: Expected label SSN, got  ([]), file SSN.csv:1316 data 451-80-3530
    regex_detector_test.go:84: Expected label SSN, got  ([]), file SSN.csv:1317 data 451-80-3531
    regex_detector_test.go:84: Expected label SSN, got  ([]), file SSN.csv:1318 data 404-12-2154
    regex_detector_test.go:84: Expected label SSN, got  ([]), file SSN.csv:1319 data 404-12-2155
    regex_detector_test.go:84: Expected label SSN, got  ([]), file SSN.csv:1320 data 404-12-2156
    regex_detector_test.go:84: Expected label SSN, got  ([]), file SSN.csv:1321 data 404-12-2157
    regex_detector_test.go:84: Expected label SSN, got  ([]), file SSN.csv:1322 data 404-12-2158
    regex_detector_test.go:84: Expected label SSN, got  ([]), file SSN.csv:1323 data 404-12-2159
    regex_detector_test.go:84: Expected label SSN, got  ([]), file SSN.csv:1324 data 505-88-5714
    regex_detector_test.go:84: Expected label SSN, got  ([]), file SSN.csv:1325 data 505-88-5715
    regex_detector_test.go:84: Expected label SSN, got  ([]), file SSN.csv:1326 data 505-88-5716
    regex_detector_test.go:84: Expected label SSN, got  ([]), file SSN.csv:1327 data 505-88-5717
    regex_detector_test.go:84: Expected label SSN, got  ([]), file SSN.csv:1328 data 505-88-5718
    regex_detector_test.go:84: Expected label SSN, got  ([]), file SSN.csv:1329 data 505-88-5719
    regex_detector_test.go:84: Expected label SSN, got  ([]), file SSN.csv:1330 data 461-97-5660
    regex_detector_test.go:84: Expected label SSN, got  ([]), file SSN.csv:1331 data 461-97-5661
    regex_detector_test.go:84: Expected label SSN, got  ([]), file SSN.csv:1332 data 461-97-5662
    regex_detector_test.go:84: Expected label SSN, got  ([]), file SSN.csv:1333 data 461-97-5663
    regex_detector_test.go:84: Expected label SSN, got  ([]), file SSN.csv:1334 data 461-97-5664
    regex_detector_test.go:84: Expected label SSN, got  ([]), file SSN.csv:1335 data 461-97-5665
    regex_detector_test.go:84: Expected label SSN, got  ([]), file SSN.csv:1336 data 172-32-1176
    regex_detector_test.go:84: Expected label SSN, got  ([]), file SSN.csv:1337 data 172-32-1177
    regex_detector_test.go:84: Expected label SSN, got  ([]), file SSN.csv:1338 data 172-32-1178
    regex_detector_test.go:84: Expected label SSN, got  ([]), file SSN.csv:1339 data 172-32-1179
    regex_detector_test.go:84: Expected label SSN, got  ([]), file SSN.csv:1340 data 172-32-1180
    regex_detector_test.go:84: Expected label SSN, got  ([]), file SSN.csv:1341 data 172-32-1181
    regex_detector_test.go:84: Expected label SSN, got  ([]), file SSN.csv:1342 data 151-32-2558
    regex_detector_test.go:84: Expected label SSN, got  ([]), file SSN.csv:1343 data 151-32-2559
    regex_detector_test.go:84: Expected label SSN, got  ([]), file SSN.csv:1344 data 151-32-2560
    regex_detector_test.go:84: Expected label SSN, got  ([]), file SSN.csv:1345 data 151-32-2561
    regex_detector_test.go:84: Expected label SSN, got  ([]), file SSN.csv:1346 data 151-32-2562
    regex_detector_test.go:84: Expected label SSN, got  ([]), file SSN.csv:1347 data 151-32-2563
    regex_detector_test.go:84: Expected label SSN, got  ([]), file SSN.csv:1348 data 489-36-8356
    regex_detector_test.go:84: Expected label SSN, got  ([]), file SSN.csv:1349 data 514-14-8911
    regex_detector_test.go:84: Expected label SSN, got  ([]), file SSN.csv:1350 data 690-05-5321
    regex_detector_test.go:84: Expected label SSN, got  ([]), file SSN.csv:1351 data 421-37-1402
    regex_detector_test.go:84: Expected label SSN, got  ([]), file SSN.csv:1352 data 458-02-6130
    regex_detector_test.go:84: Expected label SSN, got  ([]), file SSN.csv:1353 data 612-20-6838
    regex_detector_test.go:84: Expected label SSN, got  ([]), file SSN.csv:1354 data 300-62-3272
    regex_detector_test.go:84: Expected label SSN, got  ([]), file SSN.csv:1355 data 660-03-8366
    regex_detector_test.go:84: Expected label SSN, got  ([]), file SSN.csv:1356 data 213-46-8921
    regex_detector_test.go:84: Expected label SSN, got  ([]), file SSN.csv:1357 data 449-48-3141
    regex_detector_test.go:84: Expected label SSN, got  ([]), file SSN.csv:1358 data 559-81-1307
    regex_detector_test.go:84: Expected label SSN, got  ([]), file SSN.csv:1359 data 322-84-2287
    regex_detector_test.go:84: Expected label SSN, got  ([]), file SSN.csv:1360 data 646-44-9067
    regex_detector_test.go:84: Expected label SSN, got  ([]), file SSN.csv:1361 data 465-73-5028
    regex_detector_test.go:84: Expected label SSN, got  ([]), file SSN.csv:1362 data 044-34-6960
    regex_detector_test.go:84: Expected label SSN, got  ([]), file SSN.csv:1363 data 477-36-0288
    regex_detector_test.go:84: Expected label SSN, got  ([]), file SSN.csv:1364 data 421-90-3446
    regex_detector_test.go:84: Expected label SSN, got  ([]), file SSN.csv:1365 data 524-02-7663
    regex_detector_test.go:84: Expected label SSN, got  ([]), file SSN.csv:1366 data 205-52-0033
    regex_detector_test.go:84: Expected label SSN, got  ([]), file SSN.csv:1367 data 587-03-2688
    regex_detector_test.go:84: Expected label SSN, got  ([]), file SSN.csv:1368 data 687-05-8371
    regex_detector_test.go:84: Expected label SSN, got  ([]), file SSN.csv:1369 data 751-01-2333
    regex_detector_test.go:84: Expected label SSN, got  ([]), file SSN.csv:1370 data 624-84-9187
    regex_detector_test.go:84: Expected label SSN, got  ([]), file SSN.csv:1371 data 514-30-2674
    regex_detector_test.go:84: Expected label SSN, got  ([]), file SSN.csv:1372 data 451-80-3532
    regex_detector_test.go:84: Expected label SSN, got  ([]), file SSN.csv:1373 data 404-12-2160
    regex_detector_test.go:84: Expected label SSN, got  ([]), file SSN.csv:1374 data 505-88-5720
    regex_detector_test.go:84: Expected label SSN, got  ([]), file SSN.csv:1375 data 461-97-5666
    regex_detector_test.go:84: Expected label SSN, got  ([]), file SSN.csv:1376 data 172-32-1182
    regex_detector_test.go:84: Expected label SSN, got  ([]), file SSN.csv:1377 data 151-32-2564
    regex_detector_test.go:84: Expected label SSN, got  ([]), file SSN.csv:1378 data 489-36-8357
    regex_detector_test.go:84: Expected label SSN, got  ([]), file SSN.csv:1379 data 514-14-8912
    regex_detector_test.go:84: Expected label SSN, got  ([]), file SSN.csv:1380 data 690-05-5322
    regex_detector_test.go:84: Expected label SSN, got  ([]), file SSN.csv:1381 data 421-37-1403
    regex_detector_test.go:84: Expected label SSN, got  ([]), file SSN.csv:1382 data 458-02-6131
    regex_detector_test.go:84: Expected label SSN, got  ([]), file SSN.csv:1383 data 612-20-6839
    regex_detector_test.go:84: Expected label SSN, got  ([]), file SSN.csv:1384 data 300-62-3273
    regex_detector_test.go:84: Expected label SSN, got  ([]), file SSN.csv:1385 data 660-03-8367
    regex_detector_test.go:84: Expected label SSN, got  ([]), file SSN.csv:1386 data 213-46-8922
    regex_detector_test.go:84: Expected label SSN, got  ([]), file SSN.csv:1387 data 449-48-3142
    regex_detector_test.go:84: Expected label SSN, got  ([]), file SSN.csv:1388 data 559-81-1308
    regex_detector_test.go:84: Expected label SSN, got  ([]), file SSN.csv:1389 data 322-84-2288
    regex_detector_test.go:84: Expected label SSN, got  ([]), file SSN.csv:1390 data 646-44-9068
    regex_detector_test.go:84: Expected label SSN, got  ([]), file SSN.csv:1391 data 465-73-5029
    regex_detector_test.go:84: Expected label SSN, got  ([]), file SSN.csv:1392 data 044-34-6961
    regex_detector_test.go:84: Expected label SSN, got  ([]), file SSN.csv:1393 data 477-36-0289
    regex_detector_test.go:84: Expected label SSN, got  ([]), file SSN.csv:1394 data 421-90-3447
    regex_detector_test.go:84: Expected label SSN, got  ([]), file SSN.csv:1395 data 524-02-7664
    regex_detector_test.go:84: Expected label SSN, got  ([]), file SSN.csv:1396 data 205-52-0034
    regex_detector_test.go:84: Expected label SSN, got  ([]), file SSN.csv:1397 data 587-03-2689
    regex_detector_test.go:84: Expected label SSN, got  ([]), file SSN.csv:1398 data 687-05-8372
    regex_detector_test.go:84: Expected label SSN, got  ([]), file SSN.csv:1399 data 751-01-2334
    regex_detector_test.go:84: Expected label SSN, got  ([]), file SSN.csv:1400 data 624-84-9188
    regex_detector_test.go:84: Expected label SSN, got  ([]), file SSN.csv:1401 data 514-30-2675
    regex_detector_test.go:84: Expected label SSN, got  ([]), file SSN.csv:1402 data 451-80-3533
    regex_detector_test.go:84: Expected label SSN, got  ([]), file SSN.csv:1403 data 404-12-2161
    regex_detector_test.go:84: Expected label SSN, got  ([]), file SSN.csv:1404 data 505-88-5721
    regex_detector_test.go:84: Expected label SSN, got  ([]), file SSN.csv:1405 data 461-97-5667
    regex_detector_test.go:84: Expected label SSN, got  ([]), file SSN.csv:1406 data 172-32-1183
    regex_detector_test.go:84: Expected label SSN, got  ([]), file SSN.csv:1407 data 151-32-2565
    regex_detector_test.go:84: Expected label SSN, got  ([]), file SSN.csv:1408 data 489-36-8358
    regex_detector_test.go:84: Expected label SSN, got  ([]), file SSN.csv:1409 data 514-14-8913
    regex_detector_test.go:84: Expected label SSN, got  ([]), file SSN.csv:1410 data 690-05-5323
    regex_detector_test.go:84: Expected label SSN, got  ([]), file SSN.csv:1411 data 421-37-1404
    regex_detector_test.go:84: Expected label SSN, got  ([]), file SSN.csv:1412 data 458-02-6132
    regex_detector_test.go:84: Expected label SSN, got  ([]), file SSN.csv:1413 data 612-20-6840
    regex_detector_test.go:84: Expected label SSN, got  ([]), file SSN.csv:1414 data 300-62-3274
    regex_detector_test.go:84: Expected label SSN, got  ([]), file SSN.csv:1415 data 660-03-8368
    regex_detector_test.go:84: Expected label SSN, got  ([]), file SSN.csv:1416 data 213-46-8923
    regex_detector_test.go:84: Expected label SSN, got  ([]), file SSN.csv:1417 data 449-48-3143
    regex_detector_test.go:84: Expected label SSN, got  ([]), file SSN.csv:1418 data 559-81-1309
    regex_detector_test.go:84: Expected label SSN, got  ([]), file SSN.csv:1419 data 322-84-2289
    regex_detector_test.go:84: Expected label SSN, got  ([]), file SSN.csv:1420 data 646-44-9069
    regex_detector_test.go:84: Expected label SSN, got  ([]), file SSN.csv:1421 data 465-73-5030
    regex_detector_test.go:84: Expected label SSN, got  ([]), file SSN.csv:1422 data 044-34-6962
    regex_detector_test.go:84: Expected label SSN, got  ([]), file SSN.csv:1423 data 477-36-0290
    regex_detector_test.go:84: Expected label SSN, got  ([]), file SSN.csv:1424 data 421-90-3448
    regex_detector_test.go:84: Expected label SSN, got  ([]), file SSN.csv:1425 data 524-02-7665
    regex_detector_test.go:84: Expected label SSN, got  ([]), file SSN.csv:1426 data 205-52-0035
    regex_detector_test.go:84: Expected label SSN, got  ([]), file SSN.csv:1427 data 587-03-2690
    regex_detector_test.go:84: Expected label SSN, got  ([]), file SSN.csv:1428 data 687-05-8373
    regex_detector_test.go:84: Expected label SSN, got  ([]), file SSN.csv:1429 data 751-01-2335
    regex_detector_test.go:84: Expected label SSN, got  ([]), file SSN.csv:1430 data 624-84-9189
    regex_detector_test.go:84: Expected label SSN, got  ([]), file SSN.csv:1431 data 514-30-2676
    regex_detector_test.go:84: Expected label SSN, got  ([]), file SSN.csv:1432 data 451-80-3534
    regex_detector_test.go:84: Expected label SSN, got  ([]), file SSN.csv:1433 data 404-12-2162
    regex_detector_test.go:84: Expected label SSN, got  ([]), file SSN.csv:1434 data 505-88-5722
    regex_detector_test.go:84: Expected label SSN, got  ([]), file SSN.csv:1435 data 461-97-5668
    regex_detector_test.go:84: Expected label SSN, got  ([]), file SSN.csv:1436 data 172-32-1184
    regex_detector_test.go:84: Expected label SSN, got  ([]), file SSN.csv:1437 data 151-32-2566
    regex_detector_test.go:84: Expected label SSN, got  ([]), file SSN.csv:1438 data 489-36-8359
    regex_detector_test.go:84: Expected label SSN, got  ([]), file SSN.csv:1439 data 514-14-8914
    regex_detector_test.go:84: Expected label SSN, got  ([]), file SSN.csv:1440 data 690-05-5324
    regex_detector_test.go:84: Expected label SSN, got  ([]), file SSN.csv:1441 data 421-37-1405
    regex_detector_test.go:84: Expected label SSN, got  ([]), file SSN.csv:1442 data 458-02-6133
    regex_detector_test.go:84: Expected label SSN, got  ([]), file SSN.csv:1443 data 612-20-6841
    regex_detector_test.go:84: Expected label SSN, got  ([]), file SSN.csv:1444 data 300-62-3275
    regex_detector_test.go:84: Expected label SSN, got  ([]), file SSN.csv:1445 data 660-03-8369
    regex_detector_test.go:84: Expected label SSN, got  ([]), file SSN.csv:1446 data 213-46-8924
    regex_detector_test.go:84: Expected label SSN, got  ([]), file SSN.csv:1447 data 449-48-3144
    regex_detector_test.go:84: Expected label SSN, got  ([]), file SSN.csv:1448 data 559-81-1310
    regex_detector_test.go:84: Expected label SSN, got  ([]), file SSN.csv:1449 data 322-84-2290
    regex_detector_test.go:84: Expected label SSN, got  ([]), file SSN.csv:1450 data 646-44-9070
    regex_detector_test.go:84: Expected label SSN, got  ([]), file SSN.csv:1451 data 465-73-5031
    regex_detector_test.go:84: Expected label SSN, got  ([]), file SSN.csv:1452 data 044-34-6963
    regex_detector_test.go:84: Expected label SSN, got  ([]), file SSN.csv:1453 data 477-36-0291
    regex_detector_test.go:84: Expected label SSN, got  ([]), file SSN.csv:1454 data 421-90-3449
    regex_detector_test.go:84: Expected label SSN, got  ([]), file SSN.csv:1455 data 524-02-7666
    regex_detector_test.go:84: Expected label SSN, got  ([]), file SSN.csv:1456 data 205-52-0036
    regex_detector_test.go:84: Expected label SSN, got  ([]), file SSN.csv:1457 data 587-03-2691
    regex_detector_test.go:84: Expected label SSN, got  ([]), file SSN.csv:1458 data 687-05-8374
    regex_detector_test.go:84: Expected label SSN, got  ([]), file SSN.csv:1459 data 751-01-2336
    regex_detector_test.go:84: Expected label SSN, got  ([]), file SSN.csv:1460 data 624-84-9190
    regex_detector_test.go:84: Expected label SSN, got  ([]), file SSN.csv:1461 data 514-30-2677
    regex_detector_test.go:84: Expected label SSN, got  ([]), file SSN.csv:1462 data 451-80-3535
    regex_detector_test.go:84: Expected label SSN, got  ([]), file SSN.csv:1463 data 404-12-2163
    regex_detector_test.go:84: Expected label SSN, got  ([]), file SSN.csv:1464 data 505-88-5723
    regex_detector_test.go:84: Expected label SSN, got  ([]), file SSN.csv:1465 data 461-97-5669
    regex_detector_test.go:84: Expected label SSN, got  ([]), file SSN.csv:1466 data 172-32-1185
    regex_detector_test.go:84: Expected label SSN, got  ([]), file SSN.csv:1467 data 151-32-2567
    regex_detector_test.go:84: Expected label SSN, got  ([]), file SSN.csv:1468 data 489-36-8360
    regex_detector_test.go:84: Expected label SSN, got  ([]), file SSN.csv:1469 data 514-14-8915
    regex_detector_test.go:84: Expected label SSN, got  ([]), file SSN.csv:1470 data 690-05-5325
    regex_detector_test.go:84: Expected label SSN, got  ([]), file SSN.csv:1471 data 421-37-1406
    regex_detector_test.go:84: Expected label SSN, got  ([]), file SSN.csv:1472 data 458-02-6134
    regex_detector_test.go:84: Expected label SSN, got  ([]), file SSN.csv:1473 data 612-20-6842
    regex_detector_test.go:84: Expected label SSN, got  ([]), file SSN.csv:1474 data 300-62-3276
    regex_detector_test.go:84: Expected label SSN, got  ([]), file SSN.csv:1475 data 660-03-8370
    regex_detector_test.go:84: Expected label SSN, got  ([]), file SSN.csv:1476 data 213-46-8925
    regex_detector_test.go:84: Expected label SSN, got  ([]), file SSN.csv:1477 data 449-48-3145
    regex_detector_test.go:84: Expected label SSN, got  ([]), file SSN.csv:1478 data 559-81-1311
    regex_detector_test.go:84: Expected label SSN, got  ([]), file SSN.csv:1479 data 322-84-2291
    regex_detector_test.go:84: Expected label SSN, got  ([]), file SSN.csv:1480 data 646-44-9071
    regex_detector_test.go:84: Expected label SSN, got  ([]), file SSN.csv:1481 data 465-73-5032
    regex_detector_test.go:84: Expected label SSN, got  ([]), file SSN.csv:1482 data 044-34-6964
    regex_detector_test.go:84: Expected label SSN, got  ([]), file SSN.csv:1483 data 477-36-0292
    regex_detector_test.go:84: Expected label SSN, got  ([]), file SSN.csv:1484 data 421-90-3450
    regex_detector_test.go:84: Expected label SSN, got  ([]), file SSN.csv:1485 data 524-02-7667
    regex_detector_test.go:84: Expected label SSN, got  ([]), file SSN.csv:1486 data 205-52-0037
    regex_detector_test.go:84: Expected label SSN, got  ([]), file SSN.csv:1487 data 587-03-2692
    regex_detector_test.go:84: Expected label SSN, got  ([]), file SSN.csv:1488 data 687-05-8375
    regex_detector_test.go:84: Expected label SSN, got  ([]), file SSN.csv:1489 data 751-01-2337
    regex_detector_test.go:84: Expected label SSN, got  ([]), file SSN.csv:1490 data 624-84-9191
    regex_detector_test.go:84: Expected label SSN, got  ([]), file SSN.csv:1491 data 514-30-2678
    regex_detector_test.go:84: Expected label SSN, got  ([]), file SSN.csv:1492 data 451-80-3536
    regex_detector_test.go:84: Expected label SSN, got  ([]), file SSN.csv:1493 data 404-12-2164
    regex_detector_test.go:84: Expected label SSN, got  ([]), file SSN.csv:1494 data 505-88-5724
    regex_detector_test.go:84: Expected label SSN, got  ([]), file SSN.csv:1495 data 461-97-5670
    regex_detector_test.go:84: Expected label SSN, got  ([]), file SSN.csv:1496 data 172-32-1186
    regex_detector_test.go:84: Expected label SSN, got  ([]), file SSN.csv:1497 data 151-32-2568
    regex_detector_test.go:84: Expected label SSN, got  ([]), file SSN.csv:1498 data 489-36-8361
    regex_detector_test.go:84: Expected label SSN, got  ([]), file SSN.csv:1499 data 514-14-8916
    regex_detector_test.go:84: Expected label SSN, got  ([]), file SSN.csv:1500 data 690-05-5326
    regex_detector_test.go:84: Expected label SSN, got  ([]), file SSN.csv:1501 data 421-37-1407
    regex_detector_test.go:84: Expected label SSN, got  ([]), file SSN.csv:1502 data 458-02-6135
    regex_detector_test.go:84: Expected label SSN, got  ([]), file SSN.csv:1503 data 612-20-6843
    regex_detector_test.go:84: Expected label SSN, got  ([]), file SSN.csv:1504 data 300-62-3277
    regex_detector_test.go:84: Expected label SSN, got  ([]), file SSN.csv:1505 data 660-03-8371
    regex_detector_test.go:84: Expected label SSN, got  ([]), file SSN.csv:1506 data 213-46-8926
    regex_detector_test.go:84: Expected label SSN, got  ([]), file SSN.csv:1507 data 449-48-3146
    regex_detector_test.go:84: Expected label SSN, got  ([]), file SSN.csv:1508 data 559-81-1312
    regex_detector_test.go:84: Expected label SSN, got  ([]), file SSN.csv:1509 data 322-84-2292
    regex_detector_test.go:84: Expected label SSN, got  ([]), file SSN.csv:1510 data 646-44-9072
    regex_detector_test.go:84: Expected label SSN, got  ([]), file SSN.csv:1511 data 465-73-5033
    regex_detector_test.go:84: Expected label SSN, got  ([]), file SSN.csv:1512 data 044-34-6965
    regex_detector_test.go:84: Expected label SSN, got  ([]), file SSN.csv:1513 data 477-36-0293
    regex_detector_test.go:84: Expected label SSN, got  ([]), file SSN.csv:1514 data 421-90-3451
    regex_detector_test.go:84: Expected label SSN, got  ([]), file SSN.csv:1515 data 524-02-7668
    regex_detector_test.go:84: Expected label SSN, got  ([]), file SSN.csv:1516 data 205-52-0038
    regex_detector_test.go:84: Expected label SSN, got  ([]), file SSN.csv:1517 data 587-03-2693
    regex_detector_test.go:84: Expected label SSN, got  ([]), file SSN.csv:1518 data 687-05-8376
    regex_detector_test.go:84: Expected label SSN, got  ([]), file SSN.csv:1519 data 751-01-2338
    regex_detector_test.go:84: Expected label SSN, got  ([]), file SSN.csv:1520 data 624-84-9192
    regex_detector_test.go:84: Expected label SSN, got  ([]), file SSN.csv:1521 data 514-30-2679
    regex_detector_test.go:84: Expected label SSN, got  ([]), file SSN.csv:1522 data 451-80-3537
    regex_detector_test.go:84: Expected label SSN, got  ([]), file SSN.csv:1523 data 404-12-2165
    regex_detector_test.go:84: Expected label SSN, got  ([]), file SSN.csv:1524 data 505-88-5725
    regex_detector_test.go:84: Expected label SSN, got  ([]), file SSN.csv:1525 data 461-97-5671
    regex_detector_test.go:84: Expected label SSN, got  ([]), file SSN.csv:1526 data 172-32-1187
    regex_detector_test.go:84: Expected label SSN, got  ([]), file SSN.csv:1527 data 151-32-2569
    regex_detector_test.go:84: Expected label SSN, got  ([]), file SSN.csv:1528 data 489-36-8362
    regex_detector_test.go:84: Expected label SSN, got  ([]), file SSN.csv:1529 data 514-14-8917
    regex_detector_test.go:84: Expected label SSN, got  ([]), file SSN.csv:1530 data 690-05-5327
    regex_detector_test.go:84: Expected label SSN, got  ([]), file SSN.csv:1531 data 421-37-1408
    regex_detector_test.go:84: Expected label SSN, got  ([]), file SSN.csv:1532 data 458-02-6136
    regex_detector_test.go:84: Expected label SSN, got  ([]), file SSN.csv:1533 data 612-20-6844
    regex_detector_test.go:84: Expected label SSN, got  ([]), file SSN.csv:1534 data 300-62-3278
    regex_detector_test.go:84: Expected label SSN, got  ([]), file SSN.csv:1535 data 660-03-8372
    regex_detector_test.go:84: Expected label SSN, got  ([]), file SSN.csv:1536 data 213-46-8927
    regex_detector_test.go:84: Expected label SSN, got  ([]), file SSN.csv:1537 data 449-48-3147
    regex_detector_test.go:84: Expected label SSN, got  ([]), file SSN.csv:1538 data 559-81-1313
    regex_detector_test.go:84: Expected label SSN, got  ([]), file SSN.csv:1539 data 322-84-2293
    regex_detector_test.go:84: Expected label SSN, got  ([]), file SSN.csv:1540 data 646-44-9073
    regex_detector_test.go:84: Expected label SSN, got  ([]), file SSN.csv:1541 data 465-73-5034
    regex_detector_test.go:84: Expected label SSN, got  ([]), file SSN.csv:1542 data 044-34-6966
    regex_detector_test.go:84: Expected label SSN, got  ([]), file SSN.csv:1543 data 477-36-0294
    regex_detector_test.go:84: Expected label SSN, got  ([]), file SSN.csv:1544 data 421-90-3452
    regex_detector_test.go:84: Expected label SSN, got  ([]), file SSN.csv:1545 data 524-02-7669
    regex_detector_test.go:84: Expected label SSN, got  ([]), file SSN.csv:1546 data 205-52-0039
    regex_detector_test.go:84: Expected label SSN, got  ([]), file SSN.csv:1547 data 587-03-2694
    regex_detector_test.go:84: Expected label SSN, got  ([]), file SSN.csv:1548 data 687-05-8377
    regex_detector_test.go:84: Expected label SSN, got  ([]), file SSN.csv:1549 data 751-01-2339
    regex_detector_test.go:84: Expected label SSN, got  ([]), file SSN.csv:1550 data 624-84-9193
    regex_detector_test.go:84: Expected label SSN, got  ([]), file SSN.csv:1551 data 514-30-2680
    regex_detector_test.go:84: Expected label SSN, got  ([]), file SSN.csv:1552 data 451-80-3538
    regex_detector_test.go:84: Expected label SSN, got  ([]), file SSN.csv:1553 data 404-12-2166
    regex_detector_test.go:84: Expected label SSN, got  ([]), file SSN.csv:1554 data 505-88-5726
    regex_detector_test.go:84: Expected label SSN, got  ([]), file SSN.csv:1555 data 461-97-5672
    regex_detector_test.go:84: Expected label SSN, got  ([]), file SSN.csv:1556 data 172-32-1188
    regex_detector_test.go:84: Expected label SSN, got  ([]), file SSN.csv:1557 data 151-32-2570
    regex_detector_test.go:84: Expected label SSN, got  ([]), file SSN.csv:1558 data 489-36-8363
    regex_detector_test.go:84: Expected label SSN, got  ([]), file SSN.csv:1559 data 514-14-8918
    regex_detector_test.go:84: Expected label SSN, got  ([]), file SSN.csv:1560 data 690-05-5328
    regex_detector_test.go:84: Expected label SSN, got  ([]), file SSN.csv:1561 data 421-37-1409
    regex_detector_test.go:84: Expected label SSN, got  ([]), file SSN.csv:1562 data 458-02-6137
    regex_detector_test.go:84: Expected label SSN, got  ([]), file SSN.csv:1563 data 612-20-6845
    regex_detector_test.go:84: Expected label SSN, got  ([]), file SSN.csv:1564 data 300-62-3279
    regex_detector_test.go:84: Expected label SSN, got  ([]), file SSN.csv:1565 data 660-03-8373
    regex_detector_test.go:84: Expected label SSN, got  ([]), file SSN.csv:1566 data 213-46-8928
    regex_detector_test.go:84: Expected label SSN, got  ([]), file SSN.csv:1567 data 449-48-3148
    regex_detector_test.go:84: Expected label SSN, got  ([]), file SSN.csv:1568 data 559-81-1314
    regex_detector_test.go:84: Expected label SSN, got  ([]), file SSN.csv:1569 data 322-84-2294
    regex_detector_test.go:84: Expected label SSN, got  ([]), file SSN.csv:1570 data 646-44-9074
    regex_detector_test.go:84: Expected label SSN, got  ([]), file SSN.csv:1571 data 465-73-5035
    regex_detector_test.go:84: Expected label SSN, got  ([]), file SSN.csv:1572 data 044-34-6967
    regex_detector_test.go:84: Expected label SSN, got  ([]), file SSN.csv:1573 data 477-36-0295
    regex_detector_test.go:84: Expected label SSN, got  ([]), file SSN.csv:1574 data 421-90-3453
    regex_detector_test.go:84: Expected label SSN, got  ([]), file SSN.csv:1575 data 524-02-7670
    regex_detector_test.go:84: Expected label SSN, got  ([]), file SSN.csv:1576 data 205-52-0040
    regex_detector_test.go:84: Expected label SSN, got  ([]), file SSN.csv:1577 data 587-03-2695
    regex_detector_test.go:84: Expected label SSN, got  ([]), file SSN.csv:1578 data 687-05-8378
    regex_detector_test.go:84: Expected label SSN, got  ([]), file SSN.csv:1579 data 751-01-2340
    regex_detector_test.go:84: Expected label SSN, got  ([]), file SSN.csv:1580 data 624-84-9194
    regex_detector_test.go:84: Expected label SSN, got  ([]), file SSN.csv:1581 data 514-30-2681
    regex_detector_test.go:84: Expected label SSN, got  ([]), file SSN.csv:1582 data 451-80-3539
    regex_detector_test.go:84: Expected label SSN, got  ([]), file SSN.csv:1583 data 404-12-2167
    regex_detector_test.go:84: Expected label SSN, got  ([]), file SSN.csv:1584 data 505-88-5727
    regex_detector_test.go:84: Expected label SSN, got  ([]), file SSN.csv:1585 data 461-97-5673
    regex_detector_test.go:84: Expected label SSN, got  ([]), file SSN.csv:1586 data 172-32-1189
    regex_detector_test.go:84: Expected label SSN, got  ([]), file SSN.csv:1587 data 151-32-2571
    regex_detector_test.go:84: Expected label SSN, got  ([]), file SSN.csv:1588 data 489-36-8364
    regex_detector_test.go:84: Expected label SSN, got  ([]), file SSN.csv:1589 data 514-14-8919
    regex_detector_test.go:84: Expected label SSN, got  ([]), file SSN.csv:1590 data 690-05-5329
    regex_detector_test.go:84: Expected label SSN, got  ([]), file SSN.csv:1591 data 421-37-1410
    regex_detector_test.go:84: Expected label SSN, got  ([]), file SSN.csv:1592 data 458-02-6138
    regex_detector_test.go:84: Expected label SSN, got  ([]), file SSN.csv:1593 data 612-20-6846
    regex_detector_test.go:84: Expected label SSN, got  ([]), file SSN.csv:1594 data 300-62-3280
    regex_detector_test.go:84: Expected label SSN, got  ([]), file SSN.csv:1595 data 660-03-8374
    regex_detector_test.go:84: Expected label SSN, got  ([]), file SSN.csv:1596 data 213-46-8929
    regex_detector_test.go:84: Expected label SSN, got  ([]), file SSN.csv:1597 data 449-48-3149
    regex_detector_test.go:84: Expected label SSN, got  ([]), file SSN.csv:1598 data 559-81-1315
    regex_detector_test.go:84: Expected label SSN, got  ([]), file SSN.csv:1599 data 322-84-2295
    regex_detector_test.go:84: Expected label SSN, got  ([]), file SSN.csv:1600 data 646-44-9075
    regex_detector_test.go:84: Expected label SSN, got  ([]), file SSN.csv:1601 data 465-73-5036
    regex_detector_test.go:84: Expected label SSN, got  ([]), file SSN.csv:1602 data 044-34-6968
    regex_detector_test.go:84: Expected label SSN, got  ([]), file SSN.csv:1603 data 477-36-0296
    regex_detector_test.go:84: Expected label SSN, got  ([]), file SSN.csv:1604 data 421-90-3454
    regex_detector_test.go:84: Expected label SSN, got  ([]), file SSN.csv:1605 data 524-02-7671
    regex_detector_test.go:84: Expected label SSN, got  ([]), file SSN.csv:1606 data 205-52-0041
    regex_detector_test.go:84: Expected label SSN, got  ([]), file SSN.csv:1607 data 587-03-2696
    regex_detector_test.go:84: Expected label SSN, got  ([]), file SSN.csv:1608 data 687-05-8379
    regex_detector_test.go:84: Expected label SSN, got  ([]), file SSN.csv:1609 data 751-01-2341
    regex_detector_test.go:84: Expected label SSN, got  ([]), file SSN.csv:1610 data 624-84-9195
    regex_detector_test.go:84: Expected label SSN, got  ([]), file SSN.csv:1611 data 514-30-2682
    regex_detector_test.go:84: Expected label SSN, got  ([]), file SSN.csv:1612 data 451-80-3540
    regex_detector_test.go:84: Expected label SSN, got  ([]), file SSN.csv:1613 data 404-12-2168
    regex_detector_test.go:84: Expected label SSN, got  ([]), file SSN.csv:1614 data 505-88-5728
    regex_detector_test.go:84: Expected label SSN, got  ([]), file SSN.csv:1615 data 461-97-5674
    regex_detector_test.go:84: Expected label SSN, got  ([]), file SSN.csv:1616 data 172-32-1190
    regex_detector_test.go:84: Expected label SSN, got  ([]), file SSN.csv:1617 data 151-32-2572
    regex_detector_test.go:84: Expected label SSN, got  ([]), file SSN.csv:1618 data 489-36-8365
    regex_detector_test.go:84: Expected label SSN, got  ([]), file SSN.csv:1619 data 514-14-8920
    regex_detector_test.go:84: Expected label SSN, got  ([]), file SSN.csv:1620 data 690-05-5330
    regex_detector_test.go:84: Expected label SSN, got  ([]), file SSN.csv:1621 data 421-37-1411
    regex_detector_test.go:84: Expected label SSN, got  ([]), file SSN.csv:1622 data 458-02-6139
    regex_detector_test.go:84: Expected label SSN, got  ([]), file SSN.csv:1623 data 612-20-6847
    regex_detector_test.go:84: Expected label SSN, got  ([]), file SSN.csv:1624 data 300-62-3281
    regex_detector_test.go:84: Expected label SSN, got  ([]), file SSN.csv:1625 data 660-03-8375
    regex_detector_test.go:84: Expected label SSN, got  ([]), file SSN.csv:1626 data 213-46-8930
    regex_detector_test.go:84: Expected label SSN, got  ([]), file SSN.csv:1627 data 449-48-3150
    regex_detector_test.go:84: Expected label SSN, got  ([]), file SSN.csv:1628 data 559-81-1316
    regex_detector_test.go:84: Expected label SSN, got  ([]), file SSN.csv:1629 data 322-84-2296
    regex_detector_test.go:84: Expected label SSN, got  ([]), file SSN.csv:1630 data 646-44-9076
    regex_detector_test.go:84: Expected label SSN, got  ([]), file SSN.csv:1631 data 465-73-5037
    regex_detector_test.go:84: Expected label SSN, got  ([]), file SSN.csv:1632 data 044-34-6969
    regex_detector_test.go:84: Expected label SSN, got  ([]), file SSN.csv:1633 data 477-36-0297
    regex_detector_test.go:84: Expected label SSN, got  ([]), file SSN.csv:1634 data 421-90-3455
    regex_detector_test.go:84: Expected label SSN, got  ([]), file SSN.csv:1635 data 524-02-7672
    regex_detector_test.go:84: Expected label SSN, got  ([]), file SSN.csv:1636 data 205-52-0042
    regex_detector_test.go:84: Expected label SSN, got  ([]), file SSN.csv:1637 data 587-03-2697
    regex_detector_test.go:84: Expected label SSN, got  ([]), file SSN.csv:1638 data 687-05-8380
    regex_detector_test.go:84: Expected label SSN, got  ([]), file SSN.csv:1639 data 751-01-2342
    regex_detector_test.go:84: Expected label SSN, got  ([]), file SSN.csv:1640 data 624-84-9196
    regex_detector_test.go:84: Expected label SSN, got  ([]), file SSN.csv:1641 data 514-30-2683
    regex_detector_test.go:84: Expected label SSN, got  ([]), file SSN.csv:1642 data 451-80-3541
    regex_detector_test.go:84: Expected label SSN, got  ([]), file SSN.csv:1643 data 404-12-2169
    regex_detector_test.go:84: Expected label SSN, got  ([]), file SSN.csv:1644 data 505-88-5729
    regex_detector_test.go:84: Expected label SSN, got  ([]), file SSN.csv:1645 data 461-97-5675
    regex_detector_test.go:84: Expected label SSN, got  ([]), file SSN.csv:1646 data 172-32-1191
    regex_detector_test.go:84: Expected label SSN, got  ([]), file SSN.csv:1647 data 151-32-2573
    regex_detector_test.go:84: Expected label SSN, got  ([]), file SSN.csv:1648 data 489-36-8366
    regex_detector_test.go:84: Expected label SSN, got  ([]), file SSN.csv:1649 data 514-14-8921
    regex_detector_test.go:84: Expected label SSN, got  ([]), file SSN.csv:1650 data 690-05-5331
    regex_detector_test.go:84: Expected label SSN, got  ([]), file SSN.csv:1651 data 421-37-1412
    regex_detector_test.go:84: Expected label SSN, got  ([]), file SSN.csv:1652 data 458-02-6140
    regex_detector_test.go:84: Expected label SSN, got  ([]), file SSN.csv:1653 data 612-20-6848
    regex_detector_test.go:84: Expected label SSN, got  ([]), file SSN.csv:1654 data 300-62-3282
    regex_detector_test.go:84: Expected label SSN, got  ([]), file SSN.csv:1655 data 660-03-8376
    regex_detector_test.go:84: Expected label SSN, got  ([]), file SSN.csv:1656 data 213-46-8931
    regex_detector_test.go:84: Expected label SSN, got  ([]), file SSN.csv:1657 data 449-48-3151
    regex_detector_test.go:84: Expected label SSN, got  ([]), file SSN.csv:1658 data 559-81-1317
    regex_detector_test.go:84: Expected label SSN, got  ([]), file SSN.csv:1659 data 322-84-2297
    regex_detector_test.go:84: Expected label SSN, got  ([]), file SSN.csv:1660 data 646-44-9077
    regex_detector_test.go:84: Expected label SSN, got  ([]), file SSN.csv:1661 data 465-73-5038
    regex_detector_test.go:84: Expected label SSN, got  ([]), file SSN.csv:1662 data 044-34-6970
    regex_detector_test.go:84: Expected label SSN, got  ([]), file SSN.csv:1663 data 477-36-0298
    regex_detector_test.go:84: Expected label SSN, got  ([]), file SSN.csv:1664 data 421-90-3456
    regex_detector_test.go:84: Expected label SSN, got  ([]), file SSN.csv:1665 data 524-02-7673
    regex_detector_test.go:84: Expected label SSN, got  ([]), file SSN.csv:1666 data 205-52-0043
    regex_detector_test.go:84: Expected label SSN, got  ([]), file SSN.csv:1667 data 587-03-2698
    regex_detector_test.go:84: Expected label SSN, got  ([]), file SSN.csv:1668 data 687-05-8381
    regex_detector_test.go:84: Expected label SSN, got  ([]), file SSN.csv:1669 data 751-01-2343
    regex_detector_test.go:84: Expected label SSN, got  ([]), file SSN.csv:1670 data 624-84-9197
    regex_detector_test.go:84: Expected label SSN, got  ([]), file SSN.csv:1671 data 514-30-2684
    regex_detector_test.go:84: Expected label SSN, got  ([]), file SSN.csv:1672 data 451-80-3542
    regex_detector_test.go:84: Expected label SSN, got  ([]), file SSN.csv:1673 data 404-12-2170
    regex_detector_test.go:84: Expected label SSN, got  ([]), file SSN.csv:1674 data 505-88-5730
    regex_detector_test.go:84: Expected label SSN, got  ([]), file SSN.csv:1675 data 461-97-5676
    regex_detector_test.go:84: Expected label SSN, got  ([]), file SSN.csv:1676 data 172-32-1192
    regex_detector_test.go:84: Expected label SSN, got  ([]), file SSN.csv:1677 data 151-32-2574
    regex_detector_test.go:84: Expected label SSN, got  ([]), file SSN.csv:1678 data 489-36-8367
    regex_detector_test.go:84: Expected label SSN, got  ([]), file SSN.csv:1679 data 514-14-8922
    regex_detector_test.go:84: Expected label SSN, got  ([]), file SSN.csv:1680 data 690-05-5332
    regex_detector_test.go:84: Expected label SSN, got  ([]), file SSN.csv:1681 data 421-37-1413
    regex_detector_test.go:84: Expected label SSN, got  ([]), file SSN.csv:1682 data 458-02-6141
    regex_detector_test.go:84: Expected label SSN, got  ([]), file SSN.csv:1683 data 612-20-6849
    regex_detector_test.go:84: Expected label SSN, got  ([]), file SSN.csv:1684 data 300-62-3283
    regex_detector_test.go:84: Expected label SSN, got  ([]), file SSN.csv:1685 data 660-03-8377
    regex_detector_test.go:84: Expected label SSN, got  ([]), file SSN.csv:1686 data 213-46-8932
    regex_detector_test.go:84: Expected label SSN, got  ([]), file SSN.csv:1687 data 449-48-3152
    regex_detector_test.go:84: Expected label SSN, got  ([]), file SSN.csv:1688 data 559-81-1318
    regex_detector_test.go:84: Expected label SSN, got  ([]), file SSN.csv:1689 data 322-84-2298
    regex_detector_test.go:84: Expected label SSN, got  ([]), file SSN.csv:1690 data 646-44-9078
    regex_detector_test.go:84: Expected label SSN, got  ([]), file SSN.csv:1691 data 465-73-5039
    regex_detector_test.go:84: Expected label SSN, got  ([]), file SSN.csv:1692 data 044-34-6971
    regex_detector_test.go:84: Expected label SSN, got  ([]), file SSN.csv:1693 data 477-36-0299
    regex_detector_test.go:84: Expected label SSN, got  ([]), file SSN.csv:1694 data 421-90-3457
    regex_detector_test.go:84: Expected label SSN, got  ([]), file SSN.csv:1695 data 524-02-7674
    regex_detector_test.go:84: Expected label SSN, got  ([]), file SSN.csv:1696 data 205-52-0044
    regex_detector_test.go:84: Expected label SSN, got  ([]), file SSN.csv:1697 data 587-03-2699
    regex_detector_test.go:84: Expected label SSN, got  ([]), file SSN.csv:1698 data 687-05-8382
    regex_detector_test.go:84: Expected label SSN, got  ([]), file SSN.csv:1699 data 751-01-2344
    regex_detector_test.go:84: Expected label SSN, got  ([]), file SSN.csv:1700 data 624-84-9198
    regex_detector_test.go:84: Expected label SSN, got  ([]), file SSN.csv:1701 data 514-30-2685
    regex_detector_test.go:84: Expected label SSN, got  ([]), file SSN.csv:1702 data 451-80-3543
    regex_detector_test.go:84: Expected label SSN, got  ([]), file SSN.csv:1703 data 404-12-2171
    regex_detector_test.go:84: Expected label SSN, got  ([]), file SSN.csv:1704 data 505-88-5731
    regex_detector_test.go:84: Expected label SSN, got  ([]), file SSN.csv:1705 data 461-97-5677
    regex_detector_test.go:84: Expected label SSN, got  ([]), file SSN.csv:1706 data 172-32-1193
    regex_detector_test.go:84: Expected label SSN, got  ([]), file SSN.csv:1707 data 151-32-2575
    regex_detector_test.go:84: Expected label SSN, got  ([]), file SSN.csv:1708 data 489-36-8368
    regex_detector_test.go:84: Expected label SSN, got  ([]), file SSN.csv:1709 data 514-14-8923
    regex_detector_test.go:84: Expected label SSN, got  ([]), file SSN.csv:1710 data 690-05-5333
    regex_detector_test.go:84: Expected label SSN, got  ([]), file SSN.csv:1711 data 421-37-1414
    regex_detector_test.go:84: Expected label SSN, got  ([]), file SSN.csv:1712 data 458-02-6142
    regex_detector_test.go:84: Expected label SSN, got  ([]), file SSN.csv:1713 data 612-20-6850
    regex_detector_test.go:84: Expected label SSN, got  ([]), file SSN.csv:1714 data 300-62-3284
    regex_detector_test.go:84: Expected label SSN, got  ([]), file SSN.csv:1715 data 660-03-8378
    regex_detector_test.go:84: Expected label SSN, got  ([]), file SSN.csv:1716 data 213-46-8933
    regex_detector_test.go:84: Expected label SSN, got  ([]), file SSN.csv:1717 data 449-48-3153
    regex_detector_test.go:84: Expected label SSN, got  ([]), file SSN.csv:1718 data 559-81-1319
    regex_detector_test.go:84: Expected label SSN, got  ([]), file SSN.csv:1719 data 322-84-2299
    regex_detector_test.go:84: Expected label SSN, got  ([]), file SSN.csv:1720 data 646-44-9079
    regex_detector_test.go:84: Expected label SSN, got  ([]), file SSN.csv:1721 data 465-73-5040
    regex_detector_test.go:84: Expected label SSN, got  ([]), file SSN.csv:1722 data 044-34-6972
    regex_detector_test.go:84: Expected label SSN, got  ([]), file SSN.csv:1723 data 477-36-0300
    regex_detector_test.go:84: Expected label SSN, got  ([]), file SSN.csv:1724 data 421-90-3458
    regex_detector_test.go:84: Expected label SSN, got  ([]), file SSN.csv:1725 data 524-02-7675
    regex_detector_test.go:84: Expected label SSN, got  ([]), file SSN.csv:1726 data 205-52-0045
    regex_detector_test.go:84: Expected label SSN, got  ([]), file SSN.csv:1727 data 587-03-2700
    regex_detector_test.go:84: Expected label SSN, got  ([]), file SSN.csv:1728 data 687-05-8383
    regex_detector_test.go:84: Expected label SSN, got  ([]), file SSN.csv:1729 data 751-01-2345
    regex_detector_test.go:84: Expected label SSN, got  ([]), file SSN.csv:1730 data 624-84-9199
    regex_detector_test.go:84: Expected label SSN, got  ([]), file SSN.csv:1731 data 514-30-2686
    regex_detector_test.go:84: Expected label SSN, got  ([]), file SSN.csv:1732 data 451-80-3544
    regex_detector_test.go:84: Expected label SSN, got  ([]), file SSN.csv:1733 data 404-12-2172
    regex_detector_test.go:84: Expected label SSN, got  ([]), file SSN.csv:1734 data 505-88-5732
    regex_detector_test.go:84: Expected label SSN, got  ([]), file SSN.csv:1735 data 461-97-5678
    regex_detector_test.go:84: Expected label SSN, got  ([]), file SSN.csv:1736 data 172-32-1194
    regex_detector_test.go:84: Expected label SSN, got  ([]), file SSN.csv:1737 data 151-32-2576
    regex_detector_test.go:84: Expected label SSN, got  ([]), file SSN.csv:1738 data 489-36-8369
    regex_detector_test.go:84: Expected label SSN, got  ([]), file SSN.csv:1739 data 514-14-8924
    regex_detector_test.go:84: Expected label SSN, got  ([]), file SSN.csv:1740 data 690-05-5334
    regex_detector_test.go:84: Expected label SSN, got  ([]), file SSN.csv:1741 data 421-37-1415
    regex_detector_test.go:84: Expected label SSN, got  ([]), file SSN.csv:1742 data 458-02-6143
    regex_detector_test.go:84: Expected label SSN, got  ([]), file SSN.csv:1743 data 612-20-6851
    regex_detector_test.go:84: Expected label SSN, got  ([]), file SSN.csv:1744 data 300-62-3285
    regex_detector_test.go:84: Expected label SSN, got  ([]), file SSN.csv:1745 data 660-03-8379
    regex_detector_test.go:84: Expected label SSN, got  ([]), file SSN.csv:1746 data 213-46-8934
    regex_detector_test.go:84: Expected label SSN, got  ([]), file SSN.csv:1747 data 449-48-3154
    regex_detector_test.go:84: Expected label SSN, got  ([]), file SSN.csv:1748 data 559-81-1320
    regex_detector_test.go:84: Expected label SSN, got  ([]), file SSN.csv:1749 data 322-84-2300
    regex_detector_test.go:84: Expected label SSN, got  ([]), file SSN.csv:1750 data 646-44-9080
    regex_detector_test.go:84: Expected label SSN, got  ([]), file SSN.csv:1751 data 465-73-5041
    regex_detector_test.go:84: Expected label SSN, got  ([]), file SSN.csv:1752 data 044-34-6973
    regex_detector_test.go:84: Expected label SSN, got  ([]), file SSN.csv:1753 data 477-36-0301
    regex_detector_test.go:84: Expected label SSN, got  ([]), file SSN.csv:1754 data 421-90-3459
    regex_detector_test.go:84: Expected label SSN, got  ([]), file SSN.csv:1755 data 524-02-7676
    regex_detector_test.go:84: Expected label SSN, got  ([]), file SSN.csv:1756 data 205-52-0046
    regex_detector_test.go:84: Expected label SSN, got  ([]), file SSN.csv:1757 data 587-03-2701
    regex_detector_test.go:84: Expected label SSN, got  ([]), file SSN.csv:1758 data 687-05-8384
    regex_detector_test.go:84: Expected label SSN, got  ([]), file SSN.csv:1759 data 751-01-2346
    regex_detector_test.go:84: Expected label SSN, got  ([]), file SSN.csv:1760 data 624-84-9200
    regex_detector_test.go:84: Expected label SSN, got  ([]), file SSN.csv:1761 data 514-30-2687
    regex_detector_test.go:84: Expected label SSN, got  ([]), file SSN.csv:1762 data 451-80-3545
    regex_detector_test.go:84: Expected label SSN, got  ([]), file SSN.csv:1763 data 404-12-2173
    regex_detector_test.go:84: Expected label SSN, got  ([]), file SSN.csv:1764 data 505-88-5733
    regex_detector_test.go:84: Expected label SSN, got  ([]), file SSN.csv:1765 data 461-97-5679
    regex_detector_test.go:84: Expected label SSN, got  ([]), file SSN.csv:1766 data 172-32-1195
    regex_detector_test.go:84: Expected label SSN, got  ([]), file SSN.csv:1767 data 151-32-2577
    regex_detector_test.go:84: Expected label SSN, got  ([]), file SSN.csv:1768 data 489-36-8370
    regex_detector_test.go:84: Expected label SSN, got  ([]), file SSN.csv:1769 data 514-14-8925
    regex_detector_test.go:84: Expected label SSN, got  ([]), file SSN.csv:1770 data 690-05-5335
    regex_detector_test.go:84: Expected label SSN, got  ([]), file SSN.csv:1771 data 421-37-1416
    regex_detector_test.go:84: Expected label SSN, got  ([]), file SSN.csv:1772 data 458-02-6144
    regex_detector_test.go:84: Expected label SSN, got  ([]), file SSN.csv:1773 data 612-20-6852
    regex_detector_test.go:84: Expected label SSN, got  ([]), file SSN.csv:1774 data 300-62-3286
    regex_detector_test.go:84: Expected label SSN, got  ([]), file SSN.csv:1775 data 660-03-8380
    regex_detector_test.go:84: Expected label SSN, got  ([]), file SSN.csv:1776 data 213-46-8935
    regex_detector_test.go:84: Expected label SSN, got  ([]), file SSN.csv:1777 data 449-48-3155
    regex_detector_test.go:84: Expected label SSN, got  ([]), file SSN.csv:1778 data 559-81-1321
    regex_detector_test.go:84: Expected label SSN, got  ([]), file SSN.csv:1779 data 322-84-2301
    regex_detector_test.go:84: Expected label SSN, got  ([]), file SSN.csv:1780 data 646-44-9081
    regex_detector_test.go:84: Expected label SSN, got  ([]), file SSN.csv:1781 data 465-73-5042
    regex_detector_test.go:84: Expected label SSN, got  ([]), file SSN.csv:1782 data 044-34-6974
    regex_detector_test.go:84: Expected label SSN, got  ([]), file SSN.csv:1783 data 477-36-0302
    regex_detector_test.go:84: Expected label SSN, got  ([]), file SSN.csv:1784 data 421-90-3460
    regex_detector_test.go:84: Expected label SSN, got  ([]), file SSN.csv:1785 data 524-02-7677
    regex_detector_test.go:84: Expected label SSN, got  ([]), file SSN.csv:1786 data 205-52-0047
    regex_detector_test.go:84: Expected label SSN, got  ([]), file SSN.csv:1787 data 587-03-2702
    regex_detector_test.go:84: Expected label SSN, got  ([]), file SSN.csv:1788 data 687-05-8385
    regex_detector_test.go:84: Expected label SSN, got  ([]), file SSN.csv:1789 data 751-01-2347
    regex_detector_test.go:84: Expected label SSN, got  ([]), file SSN.csv:1790 data 624-84-9201
    regex_detector_test.go:84: Expected label SSN, got  ([]), file SSN.csv:1791 data 514-30-2688
    regex_detector_test.go:84: Expected label SSN, got  ([]), file SSN.csv:1792 data 451-80-3546
    regex_detector_test.go:84: Expected label SSN, got  ([]), file SSN.csv:1793 data 404-12-2174
    regex_detector_test.go:84: Expected label SSN, got  ([]), file SSN.csv:1794 data 505-88-5734
    regex_detector_test.go:84: Expected label SSN, got  ([]), file SSN.csv:1795 data 461-97-5680
    regex_detector_test.go:84: Expected label SSN, got  ([]), file SSN.csv:1796 data 172-32-1196
    regex_detector_test.go:84: Expected label SSN, got  ([]), file SSN.csv:1797 data 151-32-2578
    regex_detector_test.go:84: Expected label SSN, got  ([]), file SSN.csv:1798 data 489-36-8371
    regex_detector_test.go:84: Expected label SSN, got  ([]), file SSN.csv:1799 data 514-14-8926
    regex_detector_test.go:84: Expected label SSN, got  ([]), file SSN.csv:1800 data 690-05-5336
    regex_detector_test.go:84: Expected label SSN, got  ([]), file SSN.csv:1801 data 421-37-1417
    regex_detector_test.go:84: Expected label SSN, got  ([]), file SSN.csv:1802 data 458-02-6145
    regex_detector_test.go:84: Expected label SSN, got  ([]), file SSN.csv:1803 data 612-20-6853
    regex_detector_test.go:84: Expected label SSN, got  ([]), file SSN.csv:1804 data 300-62-3287
    regex_detector_test.go:84: Expected label SSN, got  ([]), file SSN.csv:1805 data 660-03-8381
    regex_detector_test.go:84: Expected label SSN, got  ([]), file SSN.csv:1806 data 213-46-8936
    regex_detector_test.go:84: Expected label SSN, got  ([]), file SSN.csv:1807 data 449-48-3156
    regex_detector_test.go:84: Expected label SSN, got  ([]), file SSN.csv:1808 data 559-81-1322
    regex_detector_test.go:84: Expected label SSN, got  ([]), file SSN.csv:1809 data 322-84-2302
    regex_detector_test.go:84: Expected label SSN, got  ([]), file SSN.csv:1810 data 646-44-9082
    regex_detector_test.go:84: Expected label SSN, got  ([]), file SSN.csv:1811 data 465-73-5043
    regex_detector_test.go:84: Expected label SSN, got  ([]), file SSN.csv:1812 data 044-34-6975
    regex_detector_test.go:84: Expected label SSN, got  ([]), file SSN.csv:1813 data 477-36-0303
    regex_detector_test.go:84: Expected label SSN, got  ([]), file SSN.csv:1814 data 421-90-3461
    regex_detector_test.go:84: Expected label SSN, got  ([]), file SSN.csv:1815 data 524-02-7678
    regex_detector_test.go:84: Expected label SSN, got  ([]), file SSN.csv:1816 data 205-52-0048
    regex_detector_test.go:84: Expected label SSN, got  ([]), file SSN.csv:1817 data 587-03-2703
    regex_detector_test.go:84: Expected label SSN, got  ([]), file SSN.csv:1818 data 687-05-8386
    regex_detector_test.go:84: Expected label SSN, got  ([]), file SSN.csv:1819 data 751-01-2348
    regex_detector_test.go:84: Expected label SSN, got  ([]), file SSN.csv:1820 data 624-84-9202
    regex_detector_test.go:84: Expected label SSN, got  ([]), file SSN.csv:1821 data 514-30-2689
    regex_detector_test.go:84: Expected label SSN, got  ([]), file SSN.csv:1822 data 451-80-3547
    regex_detector_test.go:84: Expected label SSN, got  ([]), file SSN.csv:1823 data 404-12-2175
    regex_detector_test.go:84: Expected label SSN, got  ([]), file SSN.csv:1824 data 505-88-5735
    regex_detector_test.go:84: Expected label SSN, got  ([]), file SSN.csv:1825 data 461-97-5681
    regex_detector_test.go:84: Expected label SSN, got  ([]), file SSN.csv:1826 data 172-32-1197
    regex_detector_test.go:84: Expected label SSN, got  ([]), file SSN.csv:1827 data 151-32-2579
    regex_detector_test.go:84: Expected label SSN, got  ([]), file SSN.csv:1828 data 489-36-8372
    regex_detector_test.go:84: Expected label SSN, got  ([]), file SSN.csv:1829 data 514-14-8927
    regex_detector_test.go:84: Expected label SSN, got  ([]), file SSN.csv:1830 data 690-05-5337
    regex_detector_test.go:84: Expected label SSN, got  ([]), file SSN.csv:1831 data 421-37-1418
    regex_detector_test.go:84: Expected label SSN, got  ([]), file SSN.csv:1832 data 458-02-6146
    regex_detector_test.go:84: Expected label SSN, got  ([]), file SSN.csv:1833 data 612-20-6854
    regex_detector_test.go:84: Expected label SSN, got  ([]), file SSN.csv:1834 data 300-62-3288
    regex_detector_test.go:84: Expected label SSN, got  ([]), file SSN.csv:1835 data 660-03-8382
    regex_detector_test.go:84: Expected label SSN, got  ([]), file SSN.csv:1836 data 213-46-8937
    regex_detector_test.go:84: Expected label SSN, got  ([]), file SSN.csv:1837 data 449-48-3157
    regex_detector_test.go:84: Expected label SSN, got  ([]), file SSN.csv:1838 data 559-81-1323
    regex_detector_test.go:84: Expected label SSN, got  ([]), file SSN.csv:1839 data 322-84-2303
    regex_detector_test.go:84: Expected label SSN, got  ([]), file SSN.csv:1840 data 646-44-9083
    regex_detector_test.go:84: Expected label SSN, got  ([]), file SSN.csv:1841 data 465-73-5044
    regex_detector_test.go:84: Expected label SSN, got  ([]), file SSN.csv:1842 data 044-34-6976
    regex_detector_test.go:84: Expected label SSN, got  ([]), file SSN.csv:1843 data 477-36-0304
    regex_detector_test.go:84: Expected label SSN, got  ([]), file SSN.csv:1844 data 421-90-3462
    regex_detector_test.go:84: Expected label SSN, got  ([]), file SSN.csv:1845 data 524-02-7679
    regex_detector_test.go:84: Expected label SSN, got  ([]), file SSN.csv:1846 data 205-52-0049
    regex_detector_test.go:84: Expected label SSN, got  ([]), file SSN.csv:1847 data 587-03-2704
    regex_detector_test.go:84: Expected label SSN, got  ([]), file SSN.csv:1848 data 687-05-8387
    regex_detector_test.go:84: Expected label SSN, got  ([]), file SSN.csv:1849 data 751-01-2349
    regex_detector_test.go:84: Expected label SSN, got  ([]), file SSN.csv:1850 data 624-84-9203
    regex_detector_test.go:84: Expected label SSN, got  ([]), file SSN.csv:1851 data 514-30-2690
    regex_detector_test.go:84: Expected label SSN, got  ([]), file SSN.csv:1852 data 451-80-3548
    regex_detector_test.go:84: Expected label SSN, got  ([]), file SSN.csv:1853 data 404-12-2176
    regex_detector_test.go:84: Expected label SSN, got  ([]), file SSN.csv:1854 data 505-88-5736
    regex_detector_test.go:84: Expected label SSN, got  ([]), file SSN.csv:1855 data 461-97-5682
    regex_detector_test.go:84: Expected label SSN, got  ([]), file SSN.csv:1856 data 172-32-1198
    regex_detector_test.go:84: Expected label SSN, got  ([]), file SSN.csv:1857 data 151-32-2580
    regex_detector_test.go:84: Expected label SSN, got  ([]), file SSN.csv:1858 data 489-36-8373
    regex_detector_test.go:84: Expected label SSN, got  ([]), file SSN.csv:1859 data 514-14-8928
    regex_detector_test.go:84: Expected label SSN, got  ([]), file SSN.csv:1860 data 690-05-5338
    regex_detector_test.go:84: Expected label SSN, got  ([]), file SSN.csv:1861 data 421-37-1419
    regex_detector_test.go:84: Expected label SSN, got  ([]), file SSN.csv:1862 data 458-02-6147
    regex_detector_test.go:84: Expected label SSN, got  ([]), file SSN.csv:1863 data 612-20-6855
    regex_detector_test.go:84: Expected label SSN, got  ([]), file SSN.csv:1864 data 300-62-3289
    regex_detector_test.go:84: Expected label SSN, got  ([]), file SSN.csv:1865 data 660-03-8383
    regex_detector_test.go:84: Expected label SSN, got  ([]), file SSN.csv:1866 data 213-46-8938
    regex_detector_test.go:84: Expected label SSN, got  ([]), file SSN.csv:1867 data 449-48-3158
    regex_detector_test.go:84: Expected label SSN, got  ([]), file SSN.csv:1868 data 559-81-1324
    regex_detector_test.go:84: Expected label SSN, got  ([]), file SSN.csv:1869 data 322-84-2304
    regex_detector_test.go:84: Expected label SSN, got  ([]), file SSN.csv:1870 data 646-44-9084
    regex_detector_test.go:84: Expected label SSN, got  ([]), file SSN.csv:1871 data 465-73-5045
    regex_detector_test.go:84: Expected label SSN, got  ([]), file SSN.csv:1872 data 044-34-6977
    regex_detector_test.go:84: Expected label SSN, got  ([]), file SSN.csv:1873 data 477-36-0305
    regex_detector_test.go:84: Expected label SSN, got  ([]), file SSN.csv:1874 data 421-90-3463
    regex_detector_test.go:84: Expected label SSN, got  ([]), file SSN.csv:1875 data 524-02-7680
    regex_detector_test.go:84: Expected label SSN, got  ([]), file SSN.csv:1876 data 205-52-0050
    regex_detector_test.go:84: Expected label SSN, got  ([]), file SSN.csv:1877 data 587-03-2705
    regex_detector_test.go:84: Expected label SSN, got  ([]), file SSN.csv:1878 data 687-05-8388
    regex_detector_test.go:84: Expected label SSN, got  ([]), file SSN.csv:1879 data 751-01-2350
    regex_detector_test.go:84: Expected label SSN, got  ([]), file SSN.csv:1880 data 624-84-9204
    regex_detector_test.go:84: Expected label SSN, got  ([]), file SSN.csv:1881 data 514-30-2691
    regex_detector_test.go:84: Expected label SSN, got  ([]), file SSN.csv:1882 data 451-80-3549
    regex_detector_test.go:84: Expected label SSN, got  ([]), file SSN.csv:1883 data 404-12-2177
    regex_detector_test.go:84: Expected label SSN, got  ([]), file SSN.csv:1884 data 505-88-5737
    regex_detector_test.go:84: Expected label SSN, got  ([]), file SSN.csv:1885 data 461-97-5683
    regex_detector_test.go:84: Expected label SSN, got  ([]), file SSN.csv:1886 data 172-32-1199
    regex_detector_test.go:84: Expected label SSN, got  ([]), file SSN.csv:1887 data 151-32-2581
    regex_detector_test.go:84: Expected label SSN, got  ([]), file SSN.csv:1888 data 489-36-8374
    regex_detector_test.go:84: Expected label SSN, got  ([]), file SSN.csv:1889 data 514-14-8929
    regex_detector_test.go:84: Expected label SSN, got  ([]), file SSN.csv:1890 data 690-05-5339
    regex_detector_test.go:84: Expected label SSN, got  ([]), file SSN.csv:1891 data 421-37-1420
    regex_detector_test.go:84: Expected label SSN, got  ([]), file SSN.csv:1892 data 458-02-6148
    regex_detector_test.go:84: Expected label SSN, got  ([]), file SSN.csv:1893 data 612-20-6856
    regex_detector_test.go:84: Expected label SSN, got  ([]), file SSN.csv:1894 data 300-62-3290
    regex_detector_test.go:84: Expected label SSN, got  ([]), file SSN.csv:1895 data 660-03-8384
    regex_detector_test.go:84: Expected label SSN, got  ([]), file SSN.csv:1896 data 213-46-8939
    regex_detector_test.go:84: Expected label SSN, got  ([]), file SSN.csv:1897 data 449-48-3159
    regex_detector_test.go:84: Expected label SSN, got  ([]), file SSN.csv:1898 data 559-81-1325
    regex_detector_test.go:84: Expected label SSN, got  ([]), file SSN.csv:1899 data 322-84-2305
    regex_detector_test.go:84: Expected label SSN, got  ([]), file SSN.csv:1900 data 646-44-9085
    regex_detector_test.go:84: Expected label SSN, got  ([]), file SSN.csv:1901 data 465-73-5046
    regex_detector_test.go:84: Expected label SSN, got  ([]), file SSN.csv:1902 data 044-34-6978
    regex_detector_test.go:84: Expected label SSN, got  ([]), file SSN.csv:1903 data 477-36-0306
    regex_detector_test.go:84: Expected label SSN, got  ([]), file SSN.csv:1904 data 421-90-3464
    regex_detector_test.go:84: Expected label SSN, got  ([]), file SSN.csv:1905 data 524-02-7681
    regex_detector_test.go:84: Expected label SSN, got  ([]), file SSN.csv:1906 data 205-52-0051
    regex_detector_test.go:84: Expected label SSN, got  ([]), file SSN.csv:1907 data 587-03-2706
    regex_detector_test.go:84: Expected label SSN, got  ([]), file SSN.csv:1908 data 687-05-8389
    regex_detector_test.go:84: Expected label SSN, got  ([]), file SSN.csv:1909 data 751-01-2351
    regex_detector_test.go:84: Expected label SSN, got  ([]), file SSN.csv:1910 data 624-84-9205
    regex_detector_test.go:84: Expected label SSN, got  ([]), file SSN.csv:1911 data 514-30-2692
    regex_detector_test.go:84: Expected label SSN, got  ([]), file SSN.csv:1912 data 451-80-3550
    regex_detector_test.go:84: Expected label SSN, got  ([]), file SSN.csv:1913 data 404-12-2178
    regex_detector_test.go:84: Expected label SSN, got  ([]), file SSN.csv:1914 data 505-88-5738
    regex_detector_test.go:84: Expected label SSN, got  ([]), file SSN.csv:1915 data 461-97-5684
    regex_detector_test.go:84: Expected label SSN, got  ([]), file SSN.csv:1916 data 172-32-1200
    regex_detector_test.go:84: Expected label SSN, got  ([]), file SSN.csv:1917 data 151-32-2582
    regex_detector_test.go:84: Expected label SSN, got  ([]), file SSN.csv:1918 data 489-36-8375
    regex_detector_test.go:84: Expected label SSN, got  ([]), file SSN.csv:1919 data 514-14-8930
    regex_detector_test.go:84: Expected label SSN, got  ([]), file SSN.csv:1920 data 690-05-5340
    regex_detector_test.go:84: Expected label SSN, got  ([]), file SSN.csv:1921 data 421-37-1421
    regex_detector_test.go:84: Expected label SSN, got  ([]), file SSN.csv:1922 data 458-02-6149
    regex_detector_test.go:84: Expected label SSN, got  ([]), file SSN.csv:1923 data 612-20-6857
    regex_detector_test.go:84: Expected label SSN, got  ([]), file SSN.csv:1924 data 300-62-3291
    regex_detector_test.go:84: Expected label SSN, got  ([]), file SSN.csv:1925 data 660-03-8385
    regex_detector_test.go:84: Expected label SSN, got  ([]), file SSN.csv:1926 data 213-46-8940
    regex_detector_test.go:84: Expected label SSN, got  ([]), file SSN.csv:1927 data 449-48-3160
    regex_detector_test.go:84: Expected label SSN, got  ([]), file SSN.csv:1928 data 559-81-1326
    regex_detector_test.go:84: Expected label SSN, got  ([]), file SSN.csv:1929 data 322-84-2306
    regex_detector_test.go:84: Expected label SSN, got  ([]), file SSN.csv:1930 data 646-44-9086
    regex_detector_test.go:84: Expected label SSN, got  ([]), file SSN.csv:1931 data 465-73-5047
    regex_detector_test.go:84: Expected label SSN, got  ([]), file SSN.csv:1932 data 044-34-6979
    regex_detector_test.go:84: Expected label SSN, got  ([]), file SSN.csv:1933 data 477-36-0307
    regex_detector_test.go:84: Expected label SSN, got  ([]), file SSN.csv:1934 data 421-90-3465
    regex_detector_test.go:84: Expected label SSN, got  ([]), file SSN.csv:1935 data 524-02-7682
    regex_detector_test.go:84: Expected label SSN, got  ([]), file SSN.csv:1936 data 205-52-0052
    regex_detector_test.go:84: Expected label SSN, got  ([]), file SSN.csv:1937 data 587-03-2707
    regex_detector_test.go:84: Expected label SSN, got  ([]), file SSN.csv:1938 data 687-05-8390
    regex_detector_test.go:84: Expected label SSN, got  ([]), file SSN.csv:1939 data 751-01-2352
    regex_detector_test.go:84: Expected label SSN, got  ([]), file SSN.csv:1940 data 624-84-9206
    regex_detector_test.go:84: Expected label SSN, got  ([]), file SSN.csv:1941 data 514-30-2693
    regex_detector_test.go:84: Expected label SSN, got  ([]), file SSN.csv:1942 data 451-80-3551
    regex_detector_test.go:84: Expected label SSN, got  ([]), file SSN.csv:1943 data 404-12-2179
    regex_detector_test.go:84: Expected label SSN, got  ([]), file SSN.csv:1944 data 505-88-5739
    regex_detector_test.go:84: Expected label SSN, got  ([]), file SSN.csv:1945 data 461-97-5685
    regex_detector_test.go:84: Expected label SSN, got  ([]), file SSN.csv:1946 data 172-32-1201
    regex_detector_test.go:84: Expected label SSN, got  ([]), file SSN.csv:1947 data 151-32-2583
    regex_detector_test.go:84: Expected label SSN, got  ([]), file SSN.csv:1948 data 489-36-8376
    regex_detector_test.go:84: Expected label SSN, got  ([]), file SSN.csv:1949 data 514-14-8931
    regex_detector_test.go:84: Expected label SSN, got  ([]), file SSN.csv:1950 data 690-05-5341
    regex_detector_test.go:84: Expected label SSN, got  ([]), file SSN.csv:1951 data 421-37-1422
    regex_detector_test.go:84: Expected label SSN, got  ([]), file SSN.csv:1952 data 458-02-6150
    regex_detector_test.go:84: Expected label SSN, got  ([]), file SSN.csv:1953 data 612-20-6858
    regex_detector_test.go:84: Expected label SSN, got  ([]), file SSN.csv:1954 data 300-62-3292
    regex_detector_test.go:84: Expected label SSN, got  ([]), file SSN.csv:1955 data 660-03-8386
    regex_detector_test.go:84: Expected label SSN, got  ([]), file SSN.csv:1956 data 213-46-8941
    regex_detector_test.go:84: Expected label SSN, got  ([]), file SSN.csv:1957 data 449-48-3161
    regex_detector_test.go:84: Expected label SSN, got  ([]), file SSN.csv:1958 data 559-81-1327
    regex_detector_test.go:84: Expected label SSN, got  ([]), file SSN.csv:1959 data 322-84-2307
    regex_detector_test.go:84: Expected label SSN, got  ([]), file SSN.csv:1960 data 646-44-9087
    regex_detector_test.go:84: Expected label SSN, got  ([]), file SSN.csv:1961 data 465-73-5048
    regex_detector_test.go:84: Expected label SSN, got  ([]), file SSN.csv:1962 data 044-34-6980
    regex_detector_test.go:84: Expected label SSN, got  ([]), file SSN.csv:1963 data 477-36-0308
    regex_detector_test.go:84: Expected label SSN, got  ([]), file SSN.csv:1964 data 421-90-3466
    regex_detector_test.go:84: Expected label SSN, got  ([]), file SSN.csv:1965 data 524-02-7683
    regex_detector_test.go:84: Expected label SSN, got  ([]), file SSN.csv:1966 data 205-52-0053
    regex_detector_test.go:84: Expected label SSN, got  ([]), file SSN.csv:1967 data 587-03-2708
    regex_detector_test.go:84: Expected label SSN, got  ([]), file SSN.csv:1968 data 687-05-8391
    regex_detector_test.go:84: Expected label SSN, got  ([]), file SSN.csv:1969 data 751-01-2353
    regex_detector_test.go:84: Expected label SSN, got  ([]), file SSN.csv:1970 data 624-84-9207
    regex_detector_test.go:84: Expected label SSN, got  ([]), file SSN.csv:1971 data 514-30-2694
    regex_detector_test.go:84: Expected label SSN, got  ([]), file SSN.csv:1972 data 451-80-3552
    regex_detector_test.go:84: Expected label SSN, got  ([]), file SSN.csv:1973 data 404-12-2180
    regex_detector_test.go:84: Expected label SSN, got  ([]), file SSN.csv:1974 data 505-88-5740
    regex_detector_test.go:84: Expected label SSN, got  ([]), file SSN.csv:1975 data 461-97-5686
    regex_detector_test.go:84: Expected label SSN, got  ([]), file SSN.csv:1976 data 172-32-1202
    regex_detector_test.go:84: Expected label SSN, got  ([]), file SSN.csv:1977 data 151-32-2584
    regex_detector_test.go:84: Expected label SSN, got  ([]), file SSN.csv:1978 data 489-36-8377
    regex_detector_test.go:84: Expected label SSN, got  ([]), file SSN.csv:1979 data 514-14-8932
    regex_detector_test.go:84: Expected label SSN, got  ([]), file SSN.csv:1980 data 690-05-5342
    regex_detector_test.go:84: Expected label SSN, got  ([]), file SSN.csv:1981 data 421-37-1423
    regex_detector_test.go:84: Expected label SSN, got  ([]), file SSN.csv:1982 data 458-02-6151
    regex_detector_test.go:84: Expected label SSN, got  ([]), file SSN.csv:1983 data 612-20-6859
    regex_detector_test.go:84: Expected label SSN, got  ([]), file SSN.csv:1984 data 300-62-3293
    regex_detector_test.go:84: Expected label SSN, got  ([]), file SSN.csv:1985 data 660-03-8387
    regex_detector_test.go:84: Expected label SSN, got  ([]), file SSN.csv:1986 data 213-46-8942
    regex_detector_test.go:84: Expected label SSN, got  ([]), file SSN.csv:1987 data 449-48-3162
    regex_detector_test.go:84: Expected label SSN, got  ([]), file SSN.csv:1988 data 559-81-1328
    regex_detector_test.go:84: Expected label SSN, got  ([]), file SSN.csv:1989 data 322-84-2308
    regex_detector_test.go:84: Expected label SSN, got  ([]), file SSN.csv:1990 data 646-44-9088
    regex_detector_test.go:84: Expected label SSN, got  ([]), file SSN.csv:1991 data 465-73-5049
    regex_detector_test.go:84: Expected label SSN, got  ([]), file SSN.csv:1992 data 044-34-6981
    regex_detector_test.go:84: Expected label SSN, got  ([]), file SSN.csv:1993 data 477-36-0309
    regex_detector_test.go:84: Expected label SSN, got  ([]), file SSN.csv:1994 data 421-90-3467
    regex_detector_test.go:84: Expected label SSN, got  ([]), file SSN.csv:1995 data 524-02-7684
    regex_detector_test.go:84: Expected label SSN, got  ([]), file SSN.csv:1996 data 205-52-0054
    regex_detector_test.go:84: Expected label SSN, got  ([]), file SSN.csv:1997 data 587-03-2709
    regex_detector_test.go:84: Expected label SSN, got  ([]), file SSN.csv:1998 data 687-05-8392
    regex_detector_test.go:84: Expected label SSN, got  ([]), file SSN.csv:1999 data 751-01-2354
    regex_detector_test.go:84: Expected label SSN, got  ([]), file SSN.csv:2000 data 624-84-9208
    regex_detector_test.go:84: Expected label SSN, got  ([]), file SSN.csv:2001 data 514-30-2695
    regex_detector_test.go:84: Expected label SSN, got  ([]), file SSN.csv:2002 data 451-80-3553
    regex_detector_test.go:84: Expected label SSN, got  ([]), file SSN.csv:2003 data 404-12-2181
    regex_detector_test.go:84: Expected label SSN, got  ([]), file SSN.csv:2004 data 505-88-5741
    regex_detector_test.go:84: Expected label SSN, got  ([]), file SSN.csv:2005 data 461-97-5687
    regex_detector_test.go:84: Expected label SSN, got  ([]), file SSN.csv:2006 data 172-32-1203
    regex_detector_test.go:84: Expected label SSN, got  ([]), file SSN.csv:2007 data 151-32-2585
    regex_detector_test.go:84: Expected label SSN, got  ([]), file SSN.csv:2008 data 489-36-8378
    regex_detector_test.go:84: Expected label SSN, got  ([]), file SSN.csv:2009 data 514-14-8933
    regex_detector_test.go:84: Expected label SSN, got  ([]), file SSN.csv:2010 data 690-05-5343
    regex_detector_test.go:84: Expected label SSN, got  ([]), file SSN.csv:2011 data 421-37-1424
    regex_detector_test.go:84: Expected label SSN, got  ([]), file SSN.csv:2012 data 458-02-6152
    regex_detector_test.go:84: Expected label SSN, got  ([]), file SSN.csv:2013 data 612-20-6860
    regex_detector_test.go:84: Expected label SSN, got  ([]), file SSN.csv:2014 data 300-62-3294
    regex_detector_test.go:84: Expected label SSN, got  ([]), file SSN.csv:2015 data 660-03-8388
    regex_detector_test.go:84: Expected label SSN, got  ([]), file SSN.csv:2016 data 213-46-8943
    regex_detector_test.go:84: Expected label SSN, got  ([]), file SSN.csv:2017 data 449-48-3163
    regex_detector_test.go:84: Expected label SSN, got  ([]), file SSN.csv:2018 data 559-81-1329
    regex_detector_test.go:84: Expected label SSN, got  ([]), file SSN.csv:2019 data 322-84-2309
    regex_detector_test.go:84: Expected label SSN, got  ([]), file SSN.csv:2020 data 646-44-9089
    regex_detector_test.go:84: Expected label SSN, got  ([]), file SSN.csv:2021 data 465-73-5050
    regex_detector_test.go:84: Expected label SSN, got  ([]), file SSN.csv:2022 data 044-34-6982
    regex_detector_test.go:84: Expected label SSN, got  ([]), file SSN.csv:2023 data 477-36-0310
    regex_detector_test.go:84: Expected label SSN, got  ([]), file SSN.csv:2024 data 421-90-3468
    regex_detector_test.go:84: Expected label SSN, got  ([]), file SSN.csv:2025 data 524-02-7685
    regex_detector_test.go:84: Expected label SSN, got  ([]), file SSN.csv:2026 data 205-52-0055
    regex_detector_test.go:84: Expected label SSN, got  ([]), file SSN.csv:2027 data 587-03-2710
    regex_detector_test.go:84: Expected label SSN, got  ([]), file SSN.csv:2028 data 687-05-8393
    regex_detector_test.go:84: Expected label SSN, got  ([]), file SSN.csv:2029 data 751-01-2355
    regex_detector_test.go:84: Expected label SSN, got  ([]), file SSN.csv:2030 data 624-84-9209
    regex_detector_test.go:84: Expected label SSN, got  ([]), file SSN.csv:2031 data 514-30-2696
    regex_detector_test.go:84: Expected label SSN, got  ([]), file SSN.csv:2032 data 451-80-3554
    regex_detector_test.go:84: Expected label SSN, got  ([]), file SSN.csv:2033 data 404-12-2182
    regex_detector_test.go:84: Expected label SSN, got  ([]), file SSN.csv:2034 data 505-88-5742
    regex_detector_test.go:84: Expected label SSN, got  ([]), file SSN.csv:2035 data 461-97-5688
    regex_detector_test.go:84: Expected label SSN, got  ([]), file SSN.csv:2036 data 172-32-1204
    regex_detector_test.go:84: Expected label SSN, got  ([]), file SSN.csv:2037 data 151-32-2586
    regex_detector_test.go:84: Expected label SSN, got  ([]), file SSN.csv:2038 data 489-36-8379
    regex_detector_test.go:84: Expected label SSN, got  ([]), file SSN.csv:2039 data 514-14-8934
    regex_detector_test.go:84: Expected label SSN, got  ([]), file SSN.csv:2040 data 690-05-5344
    regex_detector_test.go:84: Expected label SSN, got  ([]), file SSN.csv:2041 data 421-37-1425
    regex_detector_test.go:84: Expected label SSN, got  ([]), file SSN.csv:2042 data 458-02-6153
    regex_detector_test.go:84: Expected label SSN, got  ([]), file SSN.csv:2043 data 612-20-6861
    regex_detector_test.go:84: Expected label SSN, got  ([]), file SSN.csv:2044 data 300-62-3295
    regex_detector_test.go:84: Expected label SSN, got  ([]), file SSN.csv:2045 data 660-03-8389
    regex_detector_test.go:84: Expected label SSN, got  ([]), file SSN.csv:2046 data 213-46-8944
    regex_detector_test.go:84: Expected label SSN, got  ([]), file SSN.csv:2047 data 449-48-3164
    regex_detector_test.go:84: Expected label SSN, got  ([]), file SSN.csv:2048 data 559-81-1330
    regex_detector_test.go:84: Expected label SSN, got  ([]), file SSN.csv:2049 data 322-84-2310
    regex_detector_test.go:84: Expected label SSN, got  ([]), file SSN.csv:2050 data 646-44-9090
    regex_detector_test.go:84: Expected label SSN, got  ([]), file SSN.csv:2051 data 465-73-5051
    regex_detector_test.go:84: Expected label SSN, got  ([]), file SSN.csv:2052 data 044-34-6983
    regex_detector_test.go:84: Expected label SSN, got  ([]), file SSN.csv:2053 data 477-36-0311
    regex_detector_test.go:84: Expected label SSN, got  ([]), file SSN.csv:2054 data 421-90-3469
    regex_detector_test.go:84: Expected label SSN, got  ([]), file SSN.csv:2055 data 524-02-7686
    regex_detector_test.go:84: Expected label SSN, got  ([]), file SSN.csv:2056 data 205-52-0056
    regex_detector_test.go:84: Expected label SSN, got  ([]), file SSN.csv:2057 data 587-03-2711
    regex_detector_test.go:84: Expected label SSN, got  ([]), file SSN.csv:2058 data 687-05-8394
    regex_detector_test.go:84: Expected label SSN, got  ([]), file SSN.csv:2059 data 751-01-2356
    regex_detector_test.go:84: Expected label SSN, got  ([]), file SSN.csv:2060 data 624-84-9210
    regex_detector_test.go:84: Expected label SSN, got  ([]), file SSN.csv:2061 data 514-30-2697
    regex_detector_test.go:84: Expected label SSN, got  ([]), file SSN.csv:2062 data 451-80-3555
    regex_detector_test.go:84: Expected label SSN, got  ([]), file SSN.csv:2063 data 404-12-2183
    regex_detector_test.go:84: Expected label SSN, got  ([]), file SSN.csv:2064 data 505-88-5743
    regex_detector_test.go:84: Expected label SSN, got  ([]), file SSN.csv:2065 data 461-97-5689
    regex_detector_test.go:84: Expected label SSN, got  ([]), file SSN.csv:2066 data 172-32-1205
    regex_detector_test.go:84: Expected label SSN, got  ([]), file SSN.csv:2067 data 151-32-2587
    regex_detector_test.go:84: Expected label SSN, got  ([]), file SSN.csv:2068 data 489-36-8380
    regex_detector_test.go:84: Expected label SSN, got  ([]), file SSN.csv:2069 data 514-14-8935
    regex_detector_test.go:84: Expected label SSN, got  ([]), file SSN.csv:2070 data 690-05-5345
    regex_detector_test.go:84: Expected label SSN, got  ([]), file SSN.csv:2071 data 421-37-1426
    regex_detector_test.go:84: Expected label SSN, got  ([]), file SSN.csv:2072 data 458-02-6154
    regex_detector_test.go:84: Expected label SSN, got  ([]), file SSN.csv:2073 data 612-20-6862
    regex_detector_test.go:84: Expected label SSN, got  ([]), file SSN.csv:2074 data 300-62-3296
    regex_detector_test.go:84: Expected label SSN, got  ([]), file SSN.csv:2075 data 660-03-8390
    regex_detector_test.go:84: Expected label SSN, got  ([]), file SSN.csv:2076 data 213-46-8945
    regex_detector_test.go:84: Expected label SSN, got  ([]), file SSN.csv:2077 data 449-48-3165
    regex_detector_test.go:84: Expected label SSN, got  ([]), file SSN.csv:2078 data 559-81-1331
    regex_detector_test.go:84: Expected label SSN, got  ([]), file SSN.csv:2079 data 322-84-2311
    regex_detector_test.go:84: Expected label SSN, got  ([]), file SSN.csv:2080 data 646-44-9091
    regex_detector_test.go:84: Expected label SSN, got  ([]), file SSN.csv:2081 data 465-73-5052
    regex_detector_test.go:84: Expected label SSN, got  ([]), file SSN.csv:2082 data 044-34-6984
    regex_detector_test.go:84: Expected label SSN, got  ([]), file SSN.csv:2083 data 477-36-0312
    regex_detector_test.go:84: Expected label SSN, got  ([]), file SSN.csv:2084 data 421-90-3470
    regex_detector_test.go:84: Expected label SSN, got  ([]), file SSN.csv:2085 data 524-02-7687
    regex_detector_test.go:84: Expected label SSN, got  ([]), file SSN.csv:2086 data 205-52-0057
    regex_detector_test.go:84: Expected label SSN, got  ([]), file SSN.csv:2087 data 587-03-2712
    regex_detector_test.go:84: Expected label SSN, got  ([]), file SSN.csv:2088 data 687-05-8395
    regex_detector_test.go:84: Expected label SSN, got  ([]), file SSN.csv:2089 data 751-01-2357
    regex_detector_test.go:84: Expected label SSN, got  ([]), file SSN.csv:2090 data 624-84-9211
    regex_detector_test.go:84: Expected label SSN, got  ([]), file SSN.csv:2091 data 514-30-2698
    regex_detector_test.go:84: Expected label SSN, got  ([]), file SSN.csv:2092 data 451-80-3556
    regex_detector_test.go:84: Expected label SSN, got  ([]), file SSN.csv:2093 data 404-12-2184
    regex_detector_test.go:84: Expected label SSN, got  ([]), file SSN.csv:2094 data 505-88-5744
    regex_detector_test.go:84: Expected label SSN, got  ([]), file SSN.csv:2095 data 461-97-5690
    regex_detector_test.go:84: Expected label SSN, got  ([]), file SSN.csv:2096 data 172-32-1206
    regex_detector_test.go:84: Expected label SSN, got  ([]), file SSN.csv:2097 data 151-32-2588
    regex_detector_test.go:84: Expected label SSN, got  ([]), file SSN.csv:2098 data 489-36-8381
    regex_detector_test.go:84: Expected label SSN, got  ([]), file SSN.csv:2099 data 514-14-8936
    regex_detector_test.go:84: Expected label SSN, got  ([]), file SSN.csv:2100 data 690-05-5346
    regex_detector_test.go:84: Expected label SSN, got  ([]), file SSN.csv:2101 data 421-37-1427
    regex_detector_test.go:84: Expected label SSN, got  ([]), file SSN.csv:2102 data 458-02-6155
    regex_detector_test.go:84: Expected label SSN, got  ([]), file SSN.csv:2103 data 612-20-6863
    regex_detector_test.go:84: Expected label SSN, got  ([]), file SSN.csv:2104 data 300-62-3297
    regex_detector_test.go:84: Expected label SSN, got  ([]), file SSN.csv:2105 data 660-03-8391
    regex_detector_test.go:84: Expected label SSN, got  ([]), file SSN.csv:2106 data 213-46-8946
    regex_detector_test.go:84: Expected label SSN, got  ([]), file SSN.csv:2107 data 449-48-3166
    regex_detector_test.go:84: Expected label SSN, got  ([]), file SSN.csv:2108 data 559-81-1332
    regex_detector_test.go:84: Expected label SSN, got  ([]), file SSN.csv:2109 data 322-84-2312
    regex_detector_test.go:84: Expected label SSN, got  ([]), file SSN.csv:2110 data 646-44-9092
    regex_detector_test.go:84: Expected label SSN, got  ([]), file SSN.csv:2111 data 465-73-5053
    regex_detector_test.go:84: Expected label SSN, got  ([]), file SSN.csv:2112 data 044-34-6985
    regex_detector_test.go:84: Expected label SSN, got  ([]), file SSN.csv:2113 data 477-36-0313
    regex_detector_test.go:84: Expected label SSN, got  ([]), file SSN.csv:2114 data 421-90-3471
    regex_detector_test.go:84: Expected label SSN, got  ([]), file SSN.csv:2115 data 524-02-7688
    regex_detector_test.go:84: Expected label SSN, got  ([]), file SSN.csv:2116 data 205-52-0058
    regex_detector_test.go:84: Expected label SSN, got  ([]), file SSN.csv:2117 data 587-03-2713
    regex_detector_test.go:84: Expected label SSN, got  ([]), file SSN.csv:2118 data 687-05-8396
    regex_detector_test.go:84: Expected label SSN, got  ([]), file SSN.csv:2119 data 751-01-2358
    regex_detector_test.go:84: Expected label SSN, got  ([]), file SSN.csv:2120 data 624-84-9212
    regex_detector_test.go:84: Expected label SSN, got  ([]), file SSN.csv:2121 data 514-30-2699
    regex_detector_test.go:84: Expected label SSN, got  ([]), file SSN.csv:2122 data 451-80-3557
    regex_detector_test.go:84: Expected label SSN, got  ([]), file SSN.csv:2123 data 404-12-2185
    regex_detector_test.go:84: Expected label SSN, got  ([]), file SSN.csv:2124 data 505-88-5745
    regex_detector_test.go:84: Expected label SSN, got  ([]), file SSN.csv:2125 data 461-97-5691
    regex_detector_test.go:84: Expected label SSN, got  ([]), file SSN.csv:2126 data 172-32-1207
    regex_detector_test.go:84: Expected label SSN, got  ([]), file SSN.csv:2127 data 151-32-2589
    regex_detector_test.go:84: Expected label SSN, got  ([]), file SSN.csv:2128 data 489-36-8382
    regex_detector_test.go:84: Expected label SSN, got  ([]), file SSN.csv:2129 data 514-14-8937
    regex_detector_test.go:84: Expected label SSN, got  ([]), file SSN.csv:2130 data 690-05-5347
    regex_detector_test.go:84: Expected label SSN, got  ([]), file SSN.csv:2131 data 421-37-1428
    regex_detector_test.go:84: Expected label SSN, got  ([]), file SSN.csv:2132 data 458-02-6156
    regex_detector_test.go:84: Expected label SSN, got  ([]), file SSN.csv:2133 data 612-20-6864
    regex_detector_test.go:84: Expected label SSN, got  ([]), file SSN.csv:2134 data 300-62-3298
    regex_detector_test.go:84: Expected label SSN, got  ([]), file SSN.csv:2135 data 660-03-8392
    regex_detector_test.go:84: Expected label SSN, got  ([]), file SSN.csv:2136 data 213-46-8947
    regex_detector_test.go:84: Expected label SSN, got  ([]), file SSN.csv:2137 data 449-48-3167
    regex_detector_test.go:84: Expected label SSN, got  ([]), file SSN.csv:2138 data 559-81-1333
    regex_detector_test.go:84: Expected label SSN, got  ([]), file SSN.csv:2139 data 322-84-2313
    regex_detector_test.go:84: Expected label SSN, got  ([]), file SSN.csv:2140 data 646-44-9093
    regex_detector_test.go:84: Expected label SSN, got  ([]), file SSN.csv:2141 data 465-73-5054
    regex_detector_test.go:84: Expected label SSN, got  ([]), file SSN.csv:2142 data 044-34-6986
    regex_detector_test.go:84: Expected label SSN, got  ([]), file SSN.csv:2143 data 477-36-0314
    regex_detector_test.go:84: Expected label SSN, got  ([]), file SSN.csv:2144 data 421-90-3472
    regex_detector_test.go:84: Expected label SSN, got  ([]), file SSN.csv:2145 data 524-02-7689
    regex_detector_test.go:84: Expected label SSN, got  ([]), file SSN.csv:2146 data 205-52-0059
    regex_detector_test.go:84: Expected label SSN, got  ([]), file SSN.csv:2147 data 587-03-2714
    regex_detector_test.go:84: Expected label SSN, got  ([]), file SSN.csv:2148 data 687-05-8397
    regex_detector_test.go:84: Expected label SSN, got  ([]), file SSN.csv:2149 data 751-01-2359
    regex_detector_test.go:84: Expected label SSN, got  ([]), file SSN.csv:2150 data 624-84-9213
    regex_detector_test.go:84: Expected label SSN, got  ([]), file SSN.csv:2151 data 514-30-2700
    regex_detector_test.go:84: Expected label SSN, got  ([]), file SSN.csv:2152 data 451-80-3558
    regex_detector_test.go:84: Expected label SSN, got  ([]), file SSN.csv:2153 data 404-12-2186
    regex_detector_test.go:84: Expected label SSN, got  ([]), file SSN.csv:2154 data 505-88-5746
    regex_detector_test.go:84: Expected label SSN, got  ([]), file SSN.csv:2155 data 461-97-5692
    regex_detector_test.go:84: Expected label SSN, got  ([]), file SSN.csv:2156 data 172-32-1208
    regex_detector_test.go:84: Expected label SSN, got  ([]), file SSN.csv:2157 data 151-32-2590
    regex_detector_test.go:84: Expected label SSN, got  ([]), file SSN.csv:2158 data 489-36-8383
    regex_detector_test.go:84: Expected label SSN, got  ([]), file SSN.csv:2159 data 514-14-8938
    regex_detector_test.go:84: Expected label SSN, got  ([]), file SSN.csv:2160 data 690-05-5348
    regex_detector_test.go:84: Expected label SSN, got  ([]), file SSN.csv:2161 data 421-37-1429
    regex_detector_test.go:84: Expected label SSN, got  ([]), file SSN.csv:2162 data 458-02-6157
    regex_detector_test.go:84: Expected label SSN, got  ([]), file SSN.csv:2163 data 612-20-6865
    regex_detector_test.go:84: Expected label SSN, got  ([]), file SSN.csv:2164 data 300-62-3299
    regex_detector_test.go:84: Expected label SSN, got  ([]), file SSN.csv:2165 data 660-03-8393
    regex_detector_test.go:84: Expected label SSN, got  ([]), file SSN.csv:2166 data 213-46-8948
    regex_detector_test.go:84: Expected label SSN, got  ([]), file SSN.csv:2167 data 449-48-3168
    regex_detector_test.go:84: Expected label SSN, got  ([]), file SSN.csv:2168 data 559-81-1334
    regex_detector_test.go:84: Expected label SSN, got  ([]), file SSN.csv:2169 data 322-84-2314
    regex_detector_test.go:84: Expected label SSN, got  ([]), file SSN.csv:2170 data 646-44-9094
    regex_detector_test.go:84: Expected label SSN, got  ([]), file SSN.csv:2171 data 465-73-5055
    regex_detector_test.go:84: Expected label SSN, got  ([]), file SSN.csv:2172 data 044-34-6987
    regex_detector_test.go:84: Expected label SSN, got  ([]), file SSN.csv:2173 data 477-36-0315
    regex_detector_test.go:84: Expected label SSN, got  ([]), file SSN.csv:2174 data 421-90-3473
    regex_detector_test.go:84: Expected label SSN, got  ([]), file SSN.csv:2175 data 524-02-7690
    regex_detector_test.go:84: Expected label SSN, got  ([]), file SSN.csv:2176 data 205-52-0060
    regex_detector_test.go:84: Expected label SSN, got  ([]), file SSN.csv:2177 data 587-03-2715
    regex_detector_test.go:84: Expected label SSN, got  ([]), file SSN.csv:2178 data 687-05-8398
    regex_detector_test.go:84: Expected label SSN, got  ([]), file SSN.csv:2179 data 751-01-2360
    regex_detector_test.go:84: Expected label SSN, got  ([]), file SSN.csv:2180 data 624-84-9214
    regex_detector_test.go:84: Expected label SSN, got  ([]), file SSN.csv:2181 data 514-30-2701
    regex_detector_test.go:84: Expected label SSN, got  ([]), file SSN.csv:2182 data 451-80-3559
    regex_detector_test.go:84: Expected label SSN, got  ([]), file SSN.csv:2183 data 404-12-2187
    regex_detector_test.go:84: Expected label SSN, got  ([]), file SSN.csv:2184 data 505-88-5747
    regex_detector_test.go:84: Expected label SSN, got  ([]), file SSN.csv:2185 data 461-97-5693
    regex_detector_test.go:84: Expected label SSN, got  ([]), file SSN.csv:2186 data 172-32-1209
    regex_detector_test.go:84: Expected label SSN, got  ([]), file SSN.csv:2187 data 151-32-2591
    regex_detector_test.go:84: Expected label SSN, got  ([]), file SSN.csv:2188 data 489-36-8384
    regex_detector_test.go:84: Expected label SSN, got  ([]), file SSN.csv:2189 data 514-14-8939
    regex_detector_test.go:84: Expected label SSN, got  ([]), file SSN.csv:2190 data 690-05-5349
    regex_detector_test.go:84: Expected label SSN, got  ([]), file SSN.csv:2191 data 421-37-1430
    regex_detector_test.go:84: Expected label SSN, got  ([]), file SSN.csv:2192 data 458-02-6158
    regex_detector_test.go:84: Expected label SSN, got  ([]), file SSN.csv:2193 data 612-20-6866
    regex_detector_test.go:84: Expected label SSN, got  ([]), file SSN.csv:2194 data 300-62-3300
    regex_detector_test.go:84: Expected label SSN, got  ([]), file SSN.csv:2195 data 660-03-8394
    regex_detector_test.go:84: Expected label SSN, got  ([]), file SSN.csv:2196 data 213-46-8949
    regex_detector_test.go:84: Expected label SSN, got  ([]), file SSN.csv:2197 data 449-48-3169
    regex_detector_test.go:84: Expected label SSN, got  ([]), file SSN.csv:2198 data 559-81-1335
    regex_detector_test.go:84: Expected label SSN, got  ([]), file SSN.csv:2199 data 322-84-2315
    regex_detector_test.go:84: Expected label SSN, got  ([]), file SSN.csv:2200 data 646-44-9095
    regex_detector_test.go:84: Expected label SSN, got  ([]), file SSN.csv:2201 data 465-73-5056
    regex_detector_test.go:84: Expected label SSN, got  ([]), file SSN.csv:2202 data 044-34-6988
    regex_detector_test.go:84: Expected label SSN, got  ([]), file SSN.csv:2203 data 477-36-0316
    regex_detector_test.go:84: Expected label SSN, got  ([]), file SSN.csv:2204 data 421-90-3474
    regex_detector_test.go:84: Expected label SSN, got  ([]), file SSN.csv:2205 data 524-02-7691
    regex_detector_test.go:84: Expected label SSN, got  ([]), file SSN.csv:2206 data 205-52-0061
    regex_detector_test.go:84: Expected label SSN, got  ([]), file SSN.csv:2207 data 587-03-2716
    regex_detector_test.go:84: Expected label SSN, got  ([]), file SSN.csv:2208 data 687-05-8399
    regex_detector_test.go:84: Expected label SSN, got  ([]), file SSN.csv:2209 data 751-01-2361
    regex_detector_test.go:84: Expected label SSN, got  ([]), file SSN.csv:2210 data 624-84-9215
    regex_detector_test.go:84: Expected label SSN, got  ([]), file SSN.csv:2211 data 514-30-2702
    regex_detector_test.go:84: Expected label SSN, got  ([]), file SSN.csv:2212 data 451-80-3560
    regex_detector_test.go:84: Expected label SSN, got  ([]), file SSN.csv:2213 data 404-12-2188
    regex_detector_test.go:84: Expected label SSN, got  ([]), file SSN.csv:2214 data 505-88-5748
    regex_detector_test.go:84: Expected label SSN, got  ([]), file SSN.csv:2215 data 461-97-5694
    regex_detector_test.go:84: Expected label SSN, got  ([]), file SSN.csv:2216 data 172-32-1210
    regex_detector_test.go:84: Expected label SSN, got  ([]), file SSN.csv:2217 data 151-32-2592
    regex_detector_test.go:84: Expected label SSN, got  ([]), file SSN.csv:2218 data 489-36-8385
    regex_detector_test.go:84: Expected label SSN, got  ([]), file SSN.csv:2219 data 514-14-8940
    regex_detector_test.go:84: Expected label SSN, got  ([]), file SSN.csv:2220 data 690-05-5350
    regex_detector_test.go:84: Expected label SSN, got  ([]), file SSN.csv:2221 data 421-37-1431
    regex_detector_test.go:84: Expected label SSN, got  ([]), file SSN.csv:2222 data 458-02-6159
    regex_detector_test.go:84: Expected label SSN, got  ([]), file SSN.csv:2223 data 612-20-6867
    regex_detector_test.go:84: Expected label SSN, got  ([]), file SSN.csv:2224 data 300-62-3301
    regex_detector_test.go:84: Expected label SSN, got  ([]), file SSN.csv:2225 data 660-03-8395
    regex_detector_test.go:84: Expected label SSN, got  ([]), file SSN.csv:2226 data 213-46-8950
    regex_detector_test.go:84: Expected label SSN, got  ([]), file SSN.csv:2227 data 449-48-3170
    regex_detector_test.go:84: Expected label SSN, got  ([]), file SSN.csv:2228 data 559-81-1336
    regex_detector_test.go:84: Expected label SSN, got  ([]), file SSN.csv:2229 data 322-84-2316
    regex_detector_test.go:84: Expected label SSN, got  ([]), file SSN.csv:2230 data 646-44-9096
    regex_detector_test.go:84: Expected label SSN, got  ([]), file SSN.csv:2231 data 465-73-5057
    regex_detector_test.go:84: Expected label SSN, got  ([]), file SSN.csv:2232 data 044-34-6989
    regex_detector_test.go:84: Expected label SSN, got  ([]), file SSN.csv:2233 data 477-36-0317
    regex_detector_test.go:84: Expected label SSN, got  ([]), file SSN.csv:2234 data 421-90-3475
    regex_detector_test.go:84: Expected label SSN, got  ([]), file SSN.csv:2235 data 524-02-7692
    regex_detector_test.go:84: Expected label SSN, got  ([]), file SSN.csv:2236 data 205-52-0062
    regex_detector_test.go:84: Expected label SSN, got  ([]), file SSN.csv:2237 data 587-03-2717
    regex_detector_test.go:84: Expected label SSN, got  ([]), file SSN.csv:2238 data 687-05-8400
    regex_detector_test.go:84: Expected label SSN, got  ([]), file SSN.csv:2239 data 751-01-2362
    regex_detector_test.go:84: Expected label SSN, got  ([]), file SSN.csv:2240 data 624-84-9216
    regex_detector_test.go:84: Expected label SSN, got  ([]), file SSN.csv:2241 data 514-30-2703
    regex_detector_test.go:84: Expected label SSN, got  ([]), file SSN.csv:2242 data 451-80-3561
    regex_detector_test.go:84: Expected label SSN, got  ([]), file SSN.csv:2243 data 404-12-2189
    regex_detector_test.go:84: Expected label SSN, got  ([]), file SSN.csv:2244 data 505-88-5749
    regex_detector_test.go:84: Expected label SSN, got  ([]), file SSN.csv:2245 data 461-97-5695
    regex_detector_test.go:84: Expected label SSN, got  ([]), file SSN.csv:2246 data 172-32-1211
    regex_detector_test.go:84: Expected label SSN, got  ([]), file SSN.csv:2247 data 151-32-2593
    regex_detector_test.go:84: Expected label SSN, got  ([]), file SSN.csv:2248 data 489-36-8386
    regex_detector_test.go:84: Expected label SSN, got  ([]), file SSN.csv:2249 data 514-14-8941
    regex_detector_test.go:84: Expected label SSN, got  ([]), file SSN.csv:2250 data 690-05-5351
    regex_detector_test.go:84: Expected label SSN, got  ([]), file SSN.csv:2251 data 421-37-1432
    regex_detector_test.go:84: Expected label SSN, got  ([]), file SSN.csv:2252 data 458-02-6160
    regex_detector_test.go:84: Expected label SSN, got  ([]), file SSN.csv:2253 data 612-20-6868
    regex_detector_test.go:84: Expected label SSN, got  ([]), file SSN.csv:2254 data 300-62-3302
    regex_detector_test.go:84: Expected label SSN, got  ([]), file SSN.csv:2255 data 660-03-8396
    regex_detector_test.go:84: Expected label SSN, got  ([]), file SSN.csv:2256 data 213-46-8951
    regex_detector_test.go:84: Expected label SSN, got  ([]), file SSN.csv:2257 data 449-48-3171
    regex_detector_test.go:84: Expected label SSN, got  ([]), file SSN.csv:2258 data 559-81-1337
    regex_detector_test.go:84: Expected label SSN, got  ([]), file SSN.csv:2259 data 322-84-2317
    regex_detector_test.go:84: Expected label SSN, got  ([]), file SSN.csv:2260 data 646-44-9097
    regex_detector_test.go:84: Expected label SSN, got  ([]), file SSN.csv:2261 data 465-73-5058
    regex_detector_test.go:84: Expected label SSN, got  ([]), file SSN.csv:2262 data 044-34-6990
    regex_detector_test.go:84: Expected label SSN, got  ([]), file SSN.csv:2263 data 477-36-0318
    regex_detector_test.go:84: Expected label SSN, got  ([]), file SSN.csv:2264 data 421-90-3476
    regex_detector_test.go:84: Expected label SSN, got  ([]), file SSN.csv:2265 data 524-02-7693
    regex_detector_test.go:84: Expected label SSN, got  ([]), file SSN.csv:2266 data 205-52-0063
    regex_detector_test.go:84: Expected label SSN, got  ([]), file SSN.csv:2267 data 587-03-2718
    regex_detector_test.go:84: Expected label SSN, got  ([]), file SSN.csv:2268 data 687-05-8401
    regex_detector_test.go:84: Expected label SSN, got  ([]), file SSN.csv:2269 data 751-01-2363
    regex_detector_test.go:84: Expected label SSN, got  ([]), file SSN.csv:2270 data 624-84-9217
    regex_detector_test.go:84: Expected label SSN, got  ([]), file SSN.csv:2271 data 514-30-2704
    regex_detector_test.go:84: Expected label SSN, got  ([]), file SSN.csv:2272 data 451-80-3562
    regex_detector_test.go:84: Expected label SSN, got  ([]), file SSN.csv:2273 data 404-12-2190
    regex_detector_test.go:84: Expected label SSN, got  ([]), file SSN.csv:2274 data 505-88-5750
    regex_detector_test.go:84: Expected label SSN, got  ([]), file SSN.csv:2275 data 461-97-5696
    regex_detector_test.go:84: Expected label SSN, got  ([]), file SSN.csv:2276 data 172-32-1212
    regex_detector_test.go:84: Expected label SSN, got  ([]), file SSN.csv:2277 data 151-32-2594
    regex_detector_test.go:84: Expected label SSN, got  ([]), file SSN.csv:2278 data 489-36-8387
    regex_detector_test.go:84: Expected label SSN, got  ([]), file SSN.csv:2279 data 514-14-8942
    regex_detector_test.go:84: Expected label SSN, got  ([]), file SSN.csv:2280 data 690-05-5352
    regex_detector_test.go:84: Expected label SSN, got  ([]), file SSN.csv:2281 data 421-37-1433
    regex_detector_test.go:84: Expected label SSN, got  ([]), file SSN.csv:2282 data 458-02-6161
    regex_detector_test.go:84: Expected label SSN, got  ([]), file SSN.csv:2283 data 612-20-6869
    regex_detector_test.go:84: Expected label SSN, got  ([]), file SSN.csv:2284 data 300-62-3303
    regex_detector_test.go:84: Expected label SSN, got  ([]), file SSN.csv:2285 data 660-03-8397
    regex_detector_test.go:84: Expected label SSN, got  ([]), file SSN.csv:2286 data 213-46-8952
    regex_detector_test.go:84: Expected label SSN, got  ([]), file SSN.csv:2287 data 449-48-3172
    regex_detector_test.go:84: Expected label SSN, got  ([]), file SSN.csv:2288 data 559-81-1338
    regex_detector_test.go:84: Expected label SSN, got  ([]), file SSN.csv:2289 data 322-84-2318
    regex_detector_test.go:84: Expected label SSN, got  ([]), file SSN.csv:2290 data 646-44-9098
    regex_detector_test.go:84: Expected label SSN, got  ([]), file SSN.csv:2291 data 465-73-5059
    regex_detector_test.go:84: Expected label SSN, got  ([]), file SSN.csv:2292 data 044-34-6991
    regex_detector_test.go:84: Expected label SSN, got  ([]), file SSN.csv:2293 data 477-36-0319
    regex_detector_test.go:84: Expected label SSN, got  ([]), file SSN.csv:2294 data 421-90-3477
    regex_detector_test.go:84: Expected label SSN, got  ([]), file SSN.csv:2295 data 524-02-7694
    regex_detector_test.go:84: Expected label SSN, got  ([]), file SSN.csv:2296 data 205-52-0064
    regex_detector_test.go:84: Expected label SSN, got  ([]), file SSN.csv:2297 data 587-03-2719
    regex_detector_test.go:84: Expected label SSN, got  ([]), file SSN.csv:2298 data 687-05-8402
    regex_detector_test.go:84: Expected label SSN, got  ([]), file SSN.csv:2299 data 751-01-2364
    regex_detector_test.go:84: Expected label SSN, got  ([]), file SSN.csv:2300 data 624-84-9218
    regex_detector_test.go:84: Expected label SSN, got  ([]), file SSN.csv:2301 data 514-30-2705
    regex_detector_test.go:84: Expected label SSN, got  ([]), file SSN.csv:2302 data 451-80-3563
    regex_detector_test.go:84: Expected label SSN, got  ([]), file SSN.csv:2303 data 404-12-2191
    regex_detector_test.go:84: Expected label SSN, got  ([]), file SSN.csv:2304 data 505-88-5751
    regex_detector_test.go:84: Expected label SSN, got  ([]), file SSN.csv:2305 data 461-97-5697
    regex_detector_test.go:84: Expected label SSN, got  ([]), file SSN.csv:2306 data 172-32-1213
    regex_detector_test.go:84: Expected label SSN, got  ([]), file SSN.csv:2307 data 151-32-2595
    regex_detector_test.go:84: Expected label SSN, got  ([]), file SSN.csv:2308 data 489-36-8388
    regex_detector_test.go:84: Expected label SSN, got  ([]), file SSN.csv:2309 data 514-14-8943
    regex_detector_test.go:84: Expected label SSN, got  ([]), file SSN.csv:2310 data 690-05-5353
    regex_detector_test.go:84: Expected label SSN, got  ([]), file SSN.csv:2311 data 421-37-1434
    regex_detector_test.go:84: Expected label SSN, got  ([]), file SSN.csv:2312 data 458-02-6162
    regex_detector_test.go:84: Expected label SSN, got  ([]), file SSN.csv:2313 data 612-20-6870
    regex_detector_test.go:84: Expected label SSN, got  ([]), file SSN.csv:2314 data 300-62-3304
    regex_detector_test.go:84: Expected label SSN, got  ([]), file SSN.csv:2315 data 660-03-8398
    regex_detector_test.go:84: Expected label SSN, got  ([]), file SSN.csv:2316 data 213-46-8953
    regex_detector_test.go:84: Expected label SSN, got  ([]), file SSN.csv:2317 data 449-48-3173
    regex_detector_test.go:84: Expected label SSN, got  ([]), file SSN.csv:2318 data 559-81-1339
    regex_detector_test.go:84: Expected label SSN, got  ([]), file SSN.csv:2319 data 322-84-2319
    regex_detector_test.go:84: Expected label SSN, got  ([]), file SSN.csv:2320 data 646-44-9099
    regex_detector_test.go:84: Expected label SSN, got  ([]), file SSN.csv:2321 data 465-73-5060
    regex_detector_test.go:84: Expected label SSN, got  ([]), file SSN.csv:2322 data 044-34-6992
    regex_detector_test.go:84: Expected label SSN, got  ([]), file SSN.csv:2323 data 477-36-0320
    regex_detector_test.go:84: Expected label SSN, got  ([]), file SSN.csv:2324 data 421-90-3478
    regex_detector_test.go:84: Expected label SSN, got  ([]), file SSN.csv:2325 data 524-02-7695
    regex_detector_test.go:84: Expected label SSN, got  ([]), file SSN.csv:2326 data 205-52-0065
    regex_detector_test.go:84: Expected label SSN, got  ([]), file SSN.csv:2327 data 587-03-2720
    regex_detector_test.go:84: Expected label SSN, got  ([]), file SSN.csv:2328 data 687-05-8403
    regex_detector_test.go:84: Expected label SSN, got  ([]), file SSN.csv:2329 data 751-01-2365
    regex_detector_test.go:84: Expected label SSN, got  ([]), file SSN.csv:2330 data 624-84-9219
    regex_detector_test.go:84: Expected label SSN, got  ([]), file SSN.csv:2331 data 514-30-2706
    regex_detector_test.go:84: Expected label SSN, got  ([]), file SSN.csv:2332 data 451-80-3564
    regex_detector_test.go:84: Expected label SSN, got  ([]), file SSN.csv:2333 data 404-12-2192
    regex_detector_test.go:84: Expected label SSN, got  ([]), file SSN.csv:2334 data 505-88-5752
    regex_detector_test.go:84: Expected label SSN, got  ([]), file SSN.csv:2335 data 461-97-5698
    regex_detector_test.go:84: Expected label SSN, got  ([]), file SSN.csv:2336 data 172-32-1214
    regex_detector_test.go:84: Expected label SSN, got  ([]), file SSN.csv:2337 data 151-32-2596
    regex_detector_test.go:84: Expected label SSN, got  ([]), file SSN.csv:2338 data 489-36-8389
    regex_detector_test.go:84: Expected label SSN, got  ([]), file SSN.csv:2339 data 514-14-8944
    regex_detector_test.go:84: Expected label SSN, got  ([]), file SSN.csv:2340 data 690-05-5354
    regex_detector_test.go:84: Expected label SSN, got  ([]), file SSN.csv:2341 data 421-37-1435
    regex_detector_test.go:84: Expected label SSN, got  ([]), file SSN.csv:2342 data 458-02-6163
    regex_detector_test.go:84: Expected label SSN, got  ([]), file SSN.csv:2343 data 612-20-6871
    regex_detector_test.go:84: Expected label SSN, got  ([]), file SSN.csv:2344 data 300-62-3305
    regex_detector_test.go:84: Expected label SSN, got  ([]), file SSN.csv:2345 data 660-03-8399
    regex_detector_test.go:84: Expected label SSN, got  ([]), file SSN.csv:2346 data 213-46-8954
    regex_detector_test.go:84: Expected label SSN, got  ([]), file SSN.csv:2347 data 449-48-3174
    regex_detector_test.go:84: Expected label SSN, got  ([]), file SSN.csv:2348 data 559-81-1340
    regex_detector_test.go:84: Expected label SSN, got  ([]), file SSN.csv:2349 data 322-84-2320
    regex_detector_test.go:84: Expected label SSN, got  ([]), file SSN.csv:2350 data 646-44-9100
    regex_detector_test.go:84: Expected label SSN, got  ([]), file SSN.csv:2351 data 465-73-5061
    regex_detector_test.go:84: Expected label SSN, got  ([]), file SSN.csv:2352 data 044-34-6993
    regex_detector_test.go:84: Expected label SSN, got  ([]), file SSN.csv:2353 data 477-36-0321
    regex_detector_test.go:84: Expected label SSN, got  ([]), file SSN.csv:2354 data 421-90-3479
    regex_detector_test.go:84: Expected label SSN, got  ([]), file SSN.csv:2355 data 524-02-7696
    regex_detector_test.go:84: Expected label SSN, got  ([]), file SSN.csv:2356 data 205-52-0066
    regex_detector_test.go:84: Expected label SSN, got  ([]), file SSN.csv:2357 data 587-03-2721
    regex_detector_test.go:84: Expected label SSN, got  ([]), file SSN.csv:2358 data 687-05-8404
    regex_detector_test.go:84: Expected label SSN, got  ([]), file SSN.csv:2359 data 751-01-2366
    regex_detector_test.go:84: Expected label SSN, got  ([]), file SSN.csv:2360 data 624-84-9220
    regex_detector_test.go:84: Expected label SSN, got  ([]), file SSN.csv:2361 data 514-30-2707
    regex_detector_test.go:84: Expected label SSN, got  ([]), file SSN.csv:2362 data 451-80-3565
    regex_detector_test.go:84: Expected label SSN, got  ([]), file SSN.csv:2363 data 404-12-2193
    regex_detector_test.go:84: Expected label SSN, got  ([]), file SSN.csv:2364 data 505-88-5753
    regex_detector_test.go:84: Expected label SSN, got  ([]), file SSN.csv:2365 data 461-97-5699
    regex_detector_test.go:84: Expected label SSN, got  ([]), file SSN.csv:2366 data 172-32-1215
    regex_detector_test.go:84: Expected label SSN, got  ([]), file SSN.csv:2367 data 151-32-2597
    regex_detector_test.go:84: Expected label SSN, got  ([]), file SSN.csv:2368 data 489-36-8390
    regex_detector_test.go:84: Expected label SSN, got  ([]), file SSN.csv:2369 data 514-14-8945
    regex_detector_test.go:84: Expected label SSN, got  ([]), file SSN.csv:2370 data 690-05-5355
    regex_detector_test.go:84: Expected label SSN, got  ([]), file SSN.csv:2371 data 421-37-1436
    regex_detector_test.go:84: Expected label SSN, got  ([]), file SSN.csv:2372 data 458-02-6164
    regex_detector_test.go:84: Expected label SSN, got  ([]), file SSN.csv:2373 data 612-20-6872
    regex_detector_test.go:84: Expected label SSN, got  ([]), file SSN.csv:2374 data 300-62-3306
    regex_detector_test.go:84: Expected label SSN, got  ([]), file SSN.csv:2375 data 660-03-8400
    regex_detector_test.go:84: Expected label SSN, got  ([]), file SSN.csv:2376 data 213-46-8955
    regex_detector_test.go:84: Expected label SSN, got  ([]), file SSN.csv:2377 data 449-48-3175
    regex_detector_test.go:84: Expected label SSN, got  ([]), file SSN.csv:2378 data 559-81-1341
    regex_detector_test.go:84: Expected label SSN, got  ([]), file SSN.csv:2379 data 322-84-2321
    regex_detector_test.go:84: Expected label SSN, got  ([]), file SSN.csv:2380 data 646-44-9101
    regex_detector_test.go:84: Expected label SSN, got  ([]), file SSN.csv:2381 data 465-73-5062
    regex_detector_test.go:84: Expected label SSN, got  ([]), file SSN.csv:2382 data 044-34-6994
    regex_detector_test.go:84: Expected label SSN, got  ([]), file SSN.csv:2383 data 477-36-0322
    regex_detector_test.go:84: Expected label SSN, got  ([]), file SSN.csv:2384 data 421-90-3480
    regex_detector_test.go:84: Expected label SSN, got  ([]), file SSN.csv:2385 data 524-02-7697
    regex_detector_test.go:84: Expected label SSN, got  ([]), file SSN.csv:2386 data 205-52-0067
    regex_detector_test.go:84: Expected label SSN, got  ([]), file SSN.csv:2387 data 587-03-2722
    regex_detector_test.go:84: Expected label SSN, got  ([]), file SSN.csv:2388 data 687-05-8405
    regex_detector_test.go:84: Expected label SSN, got  ([]), file SSN.csv:2389 data 751-01-2367
    regex_detector_test.go:84: Expected label SSN, got  ([]), file SSN.csv:2390 data 624-84-9221
    regex_detector_test.go:84: Expected label SSN, got  ([]), file SSN.csv:2391 data 514-30-2708
    regex_detector_test.go:84: Expected label SSN, got  ([]), file SSN.csv:2392 data 451-80-3566
    regex_detector_test.go:84: Expected label SSN, got  ([]), file SSN.csv:2393 data 404-12-2194
    regex_detector_test.go:84: Expected label SSN, got  ([]), file SSN.csv:2394 data 505-88-5754
    regex_detector_test.go:84: Expected label SSN, got  ([]), file SSN.csv:2395 data 461-97-5700
    regex_detector_test.go:84: Expected label SSN, got  ([]), file SSN.csv:2396 data 172-32-1216
    regex_detector_test.go:84: Expected label SSN, got  ([]), file SSN.csv:2397 data 151-32-2598
    regex_detector_test.go:84: Expected label SSN, got  ([]), file SSN.csv:2398 data 489-36-8391
    regex_detector_test.go:84: Expected label SSN, got  ([]), file SSN.csv:2399 data 514-14-8946
    regex_detector_test.go:84: Expected label SSN, got  ([]), file SSN.csv:2400 data 690-05-5356
    regex_detector_test.go:84: Expected label SSN, got  ([]), file SSN.csv:2401 data 421-37-1437
    regex_detector_test.go:84: Expected label SSN, got  ([]), file SSN.csv:2402 data 458-02-6165
    regex_detector_test.go:84: Expected label SSN, got  ([]), file SSN.csv:2403 data 612-20-6873
    regex_detector_test.go:84: Expected label SSN, got  ([]), file SSN.csv:2404 data 300-62-3307
    regex_detector_test.go:84: Expected label SSN, got  ([]), file SSN.csv:2405 data 660-03-8401
    regex_detector_test.go:84: Expected label SSN, got  ([]), file SSN.csv:2406 data 213-46-8956
    regex_detector_test.go:84: Expected label SSN, got  ([]), file SSN.csv:2407 data 449-48-3176
    regex_detector_test.go:84: Expected label SSN, got  ([]), file SSN.csv:2408 data 559-81-1342
    regex_detector_test.go:84: Expected label SSN, got  ([]), file SSN.csv:2409 data 322-84-2322
    regex_detector_test.go:84: Expected label SSN, got  ([]), file SSN.csv:2410 data 646-44-9102
    regex_detector_test.go:84: Expected label SSN, got  ([]), file SSN.csv:2411 data 465-73-5063
    regex_detector_test.go:84: Expected label SSN, got  ([]), file SSN.csv:2412 data 044-34-6995
    regex_detector_test.go:84: Expected label SSN, got  ([]), file SSN.csv:2413 data 477-36-0323
    regex_detector_test.go:84: Expected label SSN, got  ([]), file SSN.csv:2414 data 421-90-3481
    regex_detector_test.go:84: Expected label SSN, got  ([]), file SSN.csv:2415 data 524-02-7698
    regex_detector_test.go:84: Expected label SSN, got  ([]), file SSN.csv:2416 data 205-52-0068
    regex_detector_test.go:84: Expected label SSN, got  ([]), file SSN.csv:2417 data 587-03-2723
    regex_detector_test.go:84: Expected label SSN, got  ([]), file SSN.csv:2418 data 687-05-8406
    regex_detector_test.go:84: Expected label SSN, got  ([]), file SSN.csv:2419 data 751-01-2368
    regex_detector_test.go:84: Expected label SSN, got  ([]), file SSN.csv:2420 data 624-84-9222
    regex_detector_test.go:84: Expected label SSN, got  ([]), file SSN.csv:2421 data 514-30-2709
    regex_detector_test.go:84: Expected label SSN, got  ([]), file SSN.csv:2422 data 451-80-3567
    regex_detector_test.go:84: Expected label SSN, got  ([]), file SSN.csv:2423 data 404-12-2195
    regex_detector_test.go:84: Expected label SSN, got  ([]), file SSN.csv:2424 data 505-88-5755
    regex_detector_test.go:84: Expected label SSN, got  ([]), file SSN.csv:2425 data 461-97-5701
    regex_detector_test.go:84: Expected label SSN, got  ([]), file SSN.csv:2426 data 172-32-1217
    regex_detector_test.go:84: Expected label SSN, got  ([]), file SSN.csv:2427 data 151-32-2599
    regex_detector_test.go:84: Expected label SSN, got  ([]), file SSN.csv:2428 data 489-36-8392
    regex_detector_test.go:84: Expected label SSN, got  ([]), file SSN.csv:2429 data 514-14-8947
    regex_detector_test.go:84: Expected label SSN, got  ([]), file SSN.csv:2430 data 690-05-5357
    regex_detector_test.go:84: Expected label SSN, got  ([]), file SSN.csv:2431 data 421-37-1438
    regex_detector_test.go:84: Expected label SSN, got  ([]), file SSN.csv:2432 data 458-02-6166
    regex_detector_test.go:84: Expected label SSN, got  ([]), file SSN.csv:2433 data 612-20-6874
    regex_detector_test.go:84: Expected label SSN, got  ([]), file SSN.csv:2434 data 300-62-3308
    regex_detector_test.go:84: Expected label SSN, got  ([]), file SSN.csv:2435 data 660-03-8402
    regex_detector_test.go:84: Expected label SSN, got  ([]), file SSN.csv:2436 data 213-46-8957
    regex_detector_test.go:84: Expected label SSN, got  ([]), file SSN.csv:2437 data 449-48-3177
    regex_detector_test.go:84: Expected label SSN, got  ([]), file SSN.csv:2438 data 559-81-1343
    regex_detector_test.go:84: Expected label SSN, got  ([]), file SSN.csv:2439 data 322-84-2323
    regex_detector_test.go:84: Expected label SSN, got  ([]), file SSN.csv:2440 data 646-44-9103
    regex_detector_test.go:84: Expected label SSN, got  ([]), file SSN.csv:2441 data 465-73-5064
    regex_detector_test.go:84: Expected label SSN, got  ([]), file SSN.csv:2442 data 044-34-6996
    regex_detector_test.go:84: Expected label SSN, got  ([]), file SSN.csv:2443 data 477-36-0324
    regex_detector_test.go:84: Expected label SSN, got  ([]), file SSN.csv:2444 data 421-90-3482
    regex_detector_test.go:84: Expected label SSN, got  ([]), file SSN.csv:2445 data 524-02-7699
    regex_detector_test.go:84: Expected label SSN, got  ([]), file SSN.csv:2446 data 205-52-0069
    regex_detector_test.go:84: Expected label SSN, got  ([]), file SSN.csv:2447 data 587-03-2724
    regex_detector_test.go:84: Expected label SSN, got  ([]), file SSN.csv:2448 data 687-05-8407
    regex_detector_test.go:84: Expected label SSN, got  ([]), file SSN.csv:2449 data 751-01-2369
    regex_detector_test.go:84: Expected label SSN, got  ([]), file SSN.csv:2450 data 624-84-9223
    regex_detector_test.go:84: Expected label SSN, got  ([]), file SSN.csv:2451 data 514-30-2710
    regex_detector_test.go:84: Expected label SSN, got  ([]), file SSN.csv:2452 data 451-80-3568
    regex_detector_test.go:84: Expected label SSN, got  ([]), file SSN.csv:2453 data 404-12-2196
    regex_detector_test.go:84: Expected label SSN, got  ([]), file SSN.csv:2454 data 505-88-5756
    regex_detector_test.go:84: Expected label SSN, got  ([]), file SSN.csv:2455 data 461-97-5702
    regex_detector_test.go:84: Expected label SSN, got  ([]), file SSN.csv:2456 data 172-32-1218
    regex_detector_test.go:84: Expected label SSN, got  ([]), file SSN.csv:2457 data 151-32-2600
    regex_detector_test.go:84: Expected label SSN, got  ([]), file SSN.csv:2458 data 489-36-8393
    regex_detector_test.go:84: Expected label SSN, got  ([]), file SSN.csv:2459 data 514-14-8948
    regex_detector_test.go:84: Expected label SSN, got  ([]), file SSN.csv:2460 data 690-05-5358
    regex_detector_test.go:84: Expected label SSN, got  ([]), file SSN.csv:2461 data 421-37-1439
    regex_detector_test.go:84: Expected label SSN, got  ([]), file SSN.csv:2462 data 458-02-6167
    regex_detector_test.go:84: Expected label SSN, got  ([]), file SSN.csv:2463 data 612-20-6875
    regex_detector_test.go:84: Expected label SSN, got  ([]), file SSN.csv:2464 data 300-62-3309
    regex_detector_test.go:84: Expected label SSN, got  ([]), file SSN.csv:2465 data 660-03-8403
    regex_detector_test.go:84: Expected label SSN, got  ([]), file SSN.csv:2466 data 213-46-8958
    regex_detector_test.go:84: Expected label SSN, got  ([]), file SSN.csv:2467 data 449-48-3178
    regex_detector_test.go:84: Expected label SSN, got  ([]), file SSN.csv:2468 data 559-81-1344
    regex_detector_test.go:84: Expected label SSN, got  ([]), file SSN.csv:2469 data 322-84-2324
    regex_detector_test.go:84: Expected label SSN, got  ([]), file SSN.csv:2470 data 646-44-9104
    regex_detector_test.go:84: Expected label SSN, got  ([]), file SSN.csv:2471 data 465-73-5065
    regex_detector_test.go:84: Expected label SSN, got  ([]), file SSN.csv:2472 data 044-34-6997
    regex_detector_test.go:84: Expected label SSN, got  ([]), file SSN.csv:2473 data 477-36-0325
    regex_detector_test.go:84: Expected label SSN, got  ([]), file SSN.csv:2474 data 421-90-3483
    regex_detector_test.go:84: Expected label SSN, got  ([]), file SSN.csv:2475 data 524-02-7700
    regex_detector_test.go:84: Expected label SSN, got  ([]), file SSN.csv:2476 data 205-52-0070
    regex_detector_test.go:84: Expected label SSN, got  ([]), file SSN.csv:2477 data 587-03-2725
    regex_detector_test.go:84: Expected label SSN, got  ([]), file SSN.csv:2478 data 687-05-8408
    regex_detector_test.go:84: Expected label SSN, got  ([]), file SSN.csv:2479 data 751-01-2370
    regex_detector_test.go:84: Expected label SSN, got  ([]), file SSN.csv:2480 data 624-84-9224
    regex_detector_test.go:84: Expected label SSN, got  ([]), file SSN.csv:2481 data 514-30-2711
    regex_detector_test.go:84: Expected label SSN, got  ([]), file SSN.csv:2482 data 451-80-3569
    regex_detector_test.go:84: Expected label SSN, got  ([]), file SSN.csv:2483 data 404-12-2197
    regex_detector_test.go:84: Expected label SSN, got  ([]), file SSN.csv:2484 data 505-88-5757
    regex_detector_test.go:84: Expected label SSN, got  ([]), file SSN.csv:2485 data 461-97-5703
    regex_detector_test.go:84: Expected label SSN, got  ([]), file SSN.csv:2486 data 172-32-1219
    regex_detector_test.go:84: Expected label SSN, got  ([]), file SSN.csv:2487 data 151-32-2601
    regex_detector_test.go:84: Expected label SSN, got  ([]), file SSN.csv:2488 data 489-36-8394
    regex_detector_test.go:84: Expected label SSN, got  ([]), file SSN.csv:2489 data 514-14-8949
    regex_detector_test.go:84: Expected label SSN, got  ([]), file SSN.csv:2490 data 690-05-5359
    regex_detector_test.go:84: Expected label SSN, got  ([]), file SSN.csv:2491 data 421-37-1440
    regex_detector_test.go:84: Expected label SSN, got  ([]), file SSN.csv:2492 data 458-02-6168
    regex_detector_test.go:84: Expected label SSN, got  ([]), file SSN.csv:2493 data 612-20-6876
    regex_detector_test.go:84: Expected label SSN, got  ([]), file SSN.csv:2494 data 300-62-3310
    regex_detector_test.go:84: Expected label SSN, got  ([]), file SSN.csv:2495 data 660-03-8404
    regex_detector_test.go:84: Expected label SSN, got  ([]), file SSN.csv:2496 data 213-46-8959
    regex_detector_test.go:84: Expected label SSN, got  ([]), file SSN.csv:2497 data 449-48-3179
    regex_detector_test.go:84: Expected label SSN, got  ([]), file SSN.csv:2498 data 559-81-1345
    regex_detector_test.go:84: Expected label SSN, got  ([]), file SSN.csv:2499 data 322-84-2325
    regex_detector_test.go:84: Expected label SSN, got  ([]), file SSN.csv:2500 data 646-44-9105
    regex_detector_test.go:84: Expected label SSN, got  ([]), file SSN.csv:2501 data 465-73-5066
    regex_detector_test.go:84: Expected label SSN, got  ([]), file SSN.csv:2502 data 044-34-6998
    regex_detector_test.go:84: Expected label SSN, got  ([]), file SSN.csv:2503 data 477-36-0326
    regex_detector_test.go:84: Expected label SSN, got  ([]), file SSN.csv:2504 data 421-90-3484
    regex_detector_test.go:84: Expected label SSN, got  ([]), file SSN.csv:2505 data 524-02-7701
    regex_detector_test.go:84: Expected label SSN, got  ([]), file SSN.csv:2506 data 205-52-0071
    regex_detector_test.go:84: Expected label SSN, got  ([]), file SSN.csv:2507 data 587-03-2726
    regex_detector_test.go:84: Expected label SSN, got  ([]), file SSN.csv:2508 data 687-05-8409
    regex_detector_test.go:84: Expected label SSN, got  ([]), file SSN.csv:2509 data 751-01-2371
    regex_detector_test.go:84: Expected label SSN, got  ([]), file SSN.csv:2510 data 624-84-9225
    regex_detector_test.go:84: Expected label SSN, got  ([]), file SSN.csv:2511 data 514-30-2712
    regex_detector_test.go:84: Expected label SSN, got  ([]), file SSN.csv:2512 data 451-80-3570
    regex_detector_test.go:84: Expected label SSN, got  ([]), file SSN.csv:2513 data 404-12-2198
    regex_detector_test.go:84: Expected label SSN, got  ([]), file SSN.csv:2514 data 505-88-5758
    regex_detector_test.go:84: Expected label SSN, got  ([]), file SSN.csv:2515 data 461-97-5704
    regex_detector_test.go:84: Expected label SSN, got  ([]), file SSN.csv:2516 data 172-32-1220
    regex_detector_test.go:84: Expected label SSN, got  ([]), file SSN.csv:2517 data 151-32-2602
    regex_detector_test.go:84: Expected label SSN, got  ([]), file SSN.csv:2518 data 489-36-8395
    regex_detector_test.go:84: Expected label SSN, got  ([]), file SSN.csv:2519 data 514-14-8950
    regex_detector_test.go:84: Expected label SSN, got  ([]), file SSN.csv:2520 data 690-05-5360
    regex_detector_test.go:84: Expected label SSN, got  ([]), file SSN.csv:2521 data 421-37-1441
    regex_detector_test.go:84: Expected label SSN, got  ([]), file SSN.csv:2522 data 458-02-6169
    regex_detector_test.go:84: Expected label SSN, got  ([]), file SSN.csv:2523 data 612-20-6877
    regex_detector_test.go:84: Expected label SSN, got  ([]), file SSN.csv:2524 data 300-62-3311
    regex_detector_test.go:84: Expected label SSN, got  ([]), file SSN.csv:2525 data 660-03-8405
    regex_detector_test.go:84: Expected label SSN, got  ([]), file SSN.csv:2526 data 213-46-8960
    regex_detector_test.go:84: Expected label SSN, got  ([]), file SSN.csv:2527 data 449-48-3180
    regex_detector_test.go:84: Expected label SSN, got  ([]), file SSN.csv:2528 data 559-81-1346
    regex_detector_test.go:84: Expected label SSN, got  ([]), file SSN.csv:2529 data 322-84-2326
    regex_detector_test.go:84: Expected label SSN, got  ([]), file SSN.csv:2530 data 646-44-9106
    regex_detector_test.go:84: Expected label SSN, got  ([]), file SSN.csv:2531 data 465-73-5067
    regex_detector_test.go:84: Expected label SSN, got  ([]), file SSN.csv:2532 data 044-34-6999
    regex_detector_test.go:84: Expected label SSN, got  ([]), file SSN.csv:2533 data 477-36-0327
    regex_detector_test.go:84: Expected label SSN, got  ([]), file SSN.csv:2534 data 421-90-3485
    regex_detector_test.go:84: Expected label SSN, got  ([]), file SSN.csv:2535 data 524-02-7702
    regex_detector_test.go:84: Expected label SSN, got  ([]), file SSN.csv:2536 data 205-52-0072
    regex_detector_test.go:84: Expected label SSN, got  ([]), file SSN.csv:2537 data 587-03-2727
    regex_detector_test.go:84: Expected label SSN, got  ([]), file SSN.csv:2538 data 687-05-8410
    regex_detector_test.go:84: Expected label SSN, got  ([]), file SSN.csv:2539 data 751-01-2372
    regex_detector_test.go:84: Expected label SSN, got  ([]), file SSN.csv:2540 data 624-84-9226
    regex_detector_test.go:84: Expected label SSN, got  ([]), file SSN.csv:2541 data 514-30-2713
    regex_detector_test.go:84: Expected label SSN, got  ([]), file SSN.csv:2542 data 451-80-3571
    regex_detector_test.go:84: Expected label SSN, got  ([]), file SSN.csv:2543 data 404-12-2199
    regex_detector_test.go:84: Expected label SSN, got  ([]), file SSN.csv:2544 data 505-88-5759
    regex_detector_test.go:84: Expected label SSN, got  ([]), file SSN.csv:2545 data 461-97-5705
    regex_detector_test.go:84: Expected label SSN, got  ([]), file SSN.csv:2546 data 172-32-1221
    regex_detector_test.go:84: Expected label SSN, got  ([]), file SSN.csv:2547 data 151-32-2603
    regex_detector_test.go:84: Expected label SSN, got  ([]), file SSN.csv:2548 data 489-36-8396
    regex_detector_test.go:84: Expected label SSN, got  ([]), file SSN.csv:2549 data 489-36-8314
    regex_detector_test.go:84: Expected label SSN, got  ([]), file SSN.csv:2550 data 489-36-8315
    regex_detector_test.go:84: Expected label SSN, got  ([]), file SSN.csv:2551 data 489-36-8316
    regex_detector_test.go:84: Expected label SSN, got  ([]), file SSN.csv:2552 data 489-36-8317
    regex_detector_test.go:84: Expected label SSN, got  ([]), file SSN.csv:2553 data 489-36-8318
    regex_detector_test.go:84: Expected label SSN, got  ([]), file SSN.csv:2554 data 489-36-8319
    regex_detector_test.go:84: Expected label SSN, got  ([]), file SSN.csv:2555 data 489-36-8277
    regex_detector_test.go:84: Expected label SSN, got  ([]), file SSN.csv:2556 data 489-36-8278
    regex_detector_test.go:84: Expected label SSN, got  ([]), file SSN.csv:2557 data 489-36-8279
    regex_detector_test.go:84: Expected label SSN, got  ([]), file SSN.csv:2558 data 489-36-8280
    regex_detector_test.go:84: Expected label SSN, got  ([]), file SSN.csv:2559 data 489-36-8281
    regex_detector_test.go:84: Expected label SSN, got  ([]), file SSN.csv:2560 data 489-36-8282
    regex_detector_test.go:84: Expected label SSN, got  ([]), file SSN.csv:2561 data 489-36-8320
    regex_detector_test.go:84: Expected label SSN, got  ([]), file SSN.csv:2562 data 489-36-8283
    regex_detector_test.go:84: Expected label SSN, got  ([]), file SSN.csv:2563 data 489-36-8321
    regex_detector_test.go:84: Expected label SSN, got  ([]), file SSN.csv:2564 data 489-36-8284
    regex_detector_test.go:84: Expected label SSN, got  ([]), file SSN.csv:2565 data 514-14-8951
    regex_detector_test.go:84: Expected label SSN, got  ([]), file SSN.csv:2566 data 690-05-5361
    regex_detector_test.go:84: Expected label SSN, got  ([]), file SSN.csv:2567 data 421-37-1442
    regex_detector_test.go:84: Expected label SSN, got  ([]), file SSN.csv:2568 data 458-02-6170
    regex_detector_test.go:84: Expected label SSN, got  ([]), file SSN.csv:2569 data 612-20-6878
    regex_detector_test.go:84: Expected label SSN, got  ([]), file SSN.csv:2570 data 300-62-3312
    regex_detector_test.go:84: Expected label SSN, got  ([]), file SSN.csv:2571 data 660-03-8406
    regex_detector_test.go:84: Expected label SSN, got  ([]), file SSN.csv:2572 data 213-46-8961
    regex_detector_test.go:84: Expected label SSN, got  ([]), file SSN.csv:2573 data 449-48-3181
    regex_detector_test.go:84: Expected label SSN, got  ([]), file SSN.csv:2574 data 559-81-1347
    regex_detector_test.go:84: Expected label SSN, got  ([]), file SSN.csv:2575 data 322-84-2327
    regex_detector_test.go:84: Expected label SSN, got  ([]), file SSN.csv:2576 data 646-44-9107
    regex_detector_test.go:84: Expected label SSN, got  ([]), file SSN.csv:2577 data 465-73-5068
    regex_detector_test.go:84: Expected label SSN, got  ([]), file SSN.csv:2578 data 044-34-7000
    regex_detector_test.go:84: Expected label SSN, got  ([]), file SSN.csv:2579 data 477-36-0328
    regex_detector_test.go:84: Expected label SSN, got  ([]), file SSN.csv:2580 data 421-90-3486
    regex_detector_test.go:84: Expected label SSN, got  ([]), file SSN.csv:2581 data 524-02-7703
    regex_detector_test.go:84: Expected label SSN, got  ([]), file SSN.csv:2582 data 205-52-0073
    regex_detector_test.go:84: Expected label SSN, got  ([]), file SSN.csv:2583 data 587-03-2728
    regex_detector_test.go:84: Expected label SSN, got  ([]), file SSN.csv:2584 data 687-05-8411
    regex_detector_test.go:84: Expected label SSN, got  ([]), file SSN.csv:2585 data 751-01-2373
    regex_detector_test.go:84: Expected label SSN, got  ([]), file SSN.csv:2586 data 624-84-9227
    regex_detector_test.go:84: Expected label SSN, got  ([]), file SSN.csv:2587 data 514-30-2714
    regex_detector_test.go:84: Expected label SSN, got  ([]), file SSN.csv:2588 data 451-80-3572
    regex_detector_test.go:84: Expected label SSN, got  ([]), file SSN.csv:2589 data 404-12-2200
    regex_detector_test.go:84: Expected label SSN, got  ([]), file SSN.csv:2590 data 505-88-5760
    regex_detector_test.go:84: Expected label SSN, got  ([]), file SSN.csv:2591 data 461-97-5706
    regex_detector_test.go:84: Expected label SSN, got  ([]), file SSN.csv:2592 data 172-32-1222
    regex_detector_test.go:84: Expected label SSN, got  ([]), file SSN.csv:2593 data 151-32-2604
    regex_detector_test.go:84: Expected label SSN, got  ([]), file SSN.csv:2594 data 489-36-8322
    regex_detector_test.go:84: Expected label SSN, got  ([]), file SSN.csv:2595 data 489-36-8285
    regex_detector_test.go:84: Expected label ZipCode, got  ([]), file ZipCode.csv:1 data 00601
    regex_detector_test.go:84: Expected label ZipCode, got  ([]), file ZipCode.csv:2 data 00602
    regex_detector_test.go:84: Expected label ZipCode, got  ([]), file ZipCode.csv:3 data 00603
    regex_detector_test.go:84: Expected label ZipCode, got  ([]), file ZipCode.csv:4 data 00606
    regex_detector_test.go:84: Expected label ZipCode, got  ([]), file ZipCode.csv:5 data 00610
    regex_detector_test.go:84: Expected label ZipCode, got  ([]), file ZipCode.csv:6 data 00611
    regex_detector_test.go:84: Expected label ZipCode, got  ([]), file ZipCode.csv:7 data 00612
    regex_detector_test.go:84: Expected label ZipCode, got  ([]), file ZipCode.csv:8 data 00616
    regex_detector_test.go:84: Expected label ZipCode, got  ([]), file ZipCode.csv:9 data 00617
    regex_detector_test.go:84: Expected label ZipCode, got  ([]), file ZipCode.csv:10 data 00622
    regex_detector_test.go:84: Expected label ZipCode, got  ([]), file ZipCode.csv:11 data 00623
    regex_detector_test.go:84: Expected label ZipCode, got  ([]), file ZipCode.csv:12 data 00624
    regex_detector_test.go:84: Expected label ZipCode, got  ([]), file ZipCode.csv:13 data 00627
    regex_detector_test.go:84: Expected label ZipCode, got  ([]), file ZipCode.csv:14 data 00631
    regex_detector_test.go:84: Expected label ZipCode, got  ([]), file ZipCode.csv:15 data 00637
    regex_detector_test.go:84: Expected label ZipCode, got  ([]), file ZipCode.csv:16 data 00638
    regex_detector_test.go:84: Expected label ZipCode, got  ([]), file ZipCode.csv:17 data 00641
    regex_detector_test.go:84: Expected label ZipCode, got  ([]), file ZipCode.csv:18 data 00646
    regex_detector_test.go:84: Expected label ZipCode, got  ([]), file ZipCode.csv:19 data 00647
    regex_detector_test.go:84: Expected label ZipCode, got  ([]), file ZipCode.csv:20 data 00650
    regex_detector_test.go:84: Expected label ZipCode, got  ([]), file ZipCode.csv:21 data 00652
    regex_detector_test.go:84: Expected label ZipCode, got  ([]), file ZipCode.csv:22 data 00653
    regex_detector_test.go:84: Expected label ZipCode, got  ([]), file ZipCode.csv:23 data 00656
    regex_detector_test.go:84: Expected label ZipCode, got  ([]), file ZipCode.csv:24 data 00659
    regex_detector_test.go:84: Expected label ZipCode, got  ([]), file ZipCode.csv:25 data 00660
    regex_detector_test.go:84: Expected label ZipCode, got  ([]), file ZipCode.csv:26 data 00662
    regex_detector_test.go:84: Expected label ZipCode, got  ([]), file ZipCode.csv:27 data 00664
    regex_detector_test.go:84: Expected label ZipCode, got  ([]), file ZipCode.csv:28 data 00667
    regex_detector_test.go:84: Expected label ZipCode, got  ([]), file ZipCode.csv:29 data 00669
    regex_detector_test.go:84: Expected label ZipCode, got  ([]), file ZipCode.csv:30 data 00670
    regex_detector_test.go:84: Expected label ZipCode, got  ([]), file ZipCode.csv:31 data 00674
    regex_detector_test.go:84: Expected label ZipCode, got  ([]), file ZipCode.csv:32 data 00676
    regex_detector_test.go:84: Expected label ZipCode, got  ([]), file ZipCode.csv:33 data 00677
    regex_detector_test.go:84: Expected label ZipCode, got  ([]), file ZipCode.csv:34 data 00678
    regex_detector_test.go:84: Expected label ZipCode, got  ([]), file ZipCode.csv:35 data 00680
    regex_detector_test.go:84: Expected label ZipCode, got  ([]), file ZipCode.csv:36 data 00682
    regex_detector_test.go:84: Expected label ZipCode, got  ([]), file ZipCode.csv:37 data 00683
    regex_detector_test.go:84: Expected label ZipCode, got  ([]), file ZipCode.csv:38 data 00685
    regex_detector_test.go:84: Expected label ZipCode, got  ([]), file ZipCode.csv:39 data 00687
    regex_detector_test.go:84: Expected label ZipCode, got  ([]), file ZipCode.csv:40 data 00688
    regex_detector_test.go:84: Expected label ZipCode, got  ([]), file ZipCode.csv:41 data 00690
    regex_detector_test.go:84: Expected label ZipCode, got  ([]), file ZipCode.csv:42 data 00692
    regex_detector_test.go:84: Expected label ZipCode, got  ([]), file ZipCode.csv:43 data 00693
    regex_detector_test.go:84: Expected label ZipCode, got  ([]), file ZipCode.csv:44 data 00694
    regex_detector_test.go:84: Expected label ZipCode, got  ([]), file ZipCode.csv:45 data 00698
    regex_detector_test.go:84: Expected label ZipCode, got  ([]), file ZipCode.csv:46 data 00703
    regex_detector_test.go:84: Expected label ZipCode, got  ([]), file ZipCode.csv:47 data 00704
    regex_detector_test.go:84: Expected label ZipCode, got  ([]), file ZipCode.csv:48 data 00705
    regex_detector_test.go:84: Expected label ZipCode, got  ([]), file ZipCode.csv:49 data 00707
    regex_detector_test.go:84: Expected label ZipCode, got  ([]), file ZipCode.csv:50 data 00714
    regex_detector_test.go:84: Expected label ZipCode, got  ([]), file ZipCode.csv:51 data 00715
    regex_detector_test.go:84: Expected label ZipCode, got  ([]), file ZipCode.csv:52 data 00716
    regex_detector_test.go:84: Expected label ZipCode, got  ([]), file ZipCode.csv:53 data 00717
    regex_detector_test.go:84: Expected label ZipCode, got  ([]), file ZipCode.csv:54 data 00718
    regex_detector_test.go:84: Expected label ZipCode, got  ([]), file ZipCode.csv:55 data 00719
    regex_detector_test.go:84: Expected label ZipCode, got  ([]), file ZipCode.csv:56 data 00720
    regex_detector_test.go:84: Expected label ZipCode, got  ([]), file ZipCode.csv:57 data 00723
    regex_detector_test.go:84: Expected label ZipCode, got  ([]), file ZipCode.csv:58 data 00725
    regex_detector_test.go:84: Expected label ZipCode, got  ([]), file ZipCode.csv:59 data 00727
    regex_detector_test.go:84: Expected label ZipCode, got  ([]), file ZipCode.csv:60 data 00728
    regex_detector_test.go:84: Expected label ZipCode, got  ([]), file ZipCode.csv:61 data 00729
    regex_detector_test.go:84: Expected label ZipCode, got  ([]), file ZipCode.csv:62 data 00730
    regex_detector_test.go:84: Expected label ZipCode, got  ([]), file ZipCode.csv:63 data 00731
    regex_detector_test.go:84: Expected label ZipCode, got  ([]), file ZipCode.csv:64 data 00735
    regex_detector_test.go:84: Expected label ZipCode, got  ([]), file ZipCode.csv:65 data 00736
    regex_detector_test.go:84: Expected label ZipCode, got  ([]), file ZipCode.csv:66 data 00738
    regex_detector_test.go:84: Expected label ZipCode, got  ([]), file ZipCode.csv:67 data 00739
    regex_detector_test.go:84: Expected label ZipCode, got  ([]), file ZipCode.csv:68 data 00740
    regex_detector_test.go:84: Expected label ZipCode, got  ([]), file ZipCode.csv:69 data 00741
    regex_detector_test.go:84: Expected label ZipCode, got  ([]), file ZipCode.csv:70 data 00745
    regex_detector_test.go:84: Expected label ZipCode, got  ([]), file ZipCode.csv:71 data 00751
    regex_detector_test.go:84: Expected label ZipCode, got  ([]), file ZipCode.csv:72 data 00754
    regex_detector_test.go:84: Expected label ZipCode, got  ([]), file ZipCode.csv:73 data 00757
    regex_detector_test.go:84: Expected label ZipCode, got  ([]), file ZipCode.csv:74 data 00765
    regex_detector_test.go:84: Expected label ZipCode, got  ([]), file ZipCode.csv:75 data 00766
    regex_detector_test.go:84: Expected label ZipCode, got  ([]), file ZipCode.csv:76 data 00767
    regex_detector_test.go:84: Expected label ZipCode, got  ([]), file ZipCode.csv:77 data 00769
    regex_detector_test.go:84: Expected label ZipCode, got  ([]), file ZipCode.csv:78 data 00771
    regex_detector_test.go:84: Expected label ZipCode, got  ([]), file ZipCode.csv:79 data 00772
    regex_detector_test.go:84: Expected label ZipCode, got  ([]), file ZipCode.csv:80 data 00773
    regex_detector_test.go:84: Expected label ZipCode, got  ([]), file ZipCode.csv:81 data 00775
    regex_detector_test.go:84: Expected label ZipCode, got  ([]), file ZipCode.csv:82 data 00777
    regex_detector_test.go:84: Expected label ZipCode, got  ([]), file ZipCode.csv:83 data 00778
    regex_detector_test.go:84: Expected label ZipCode, got  ([]), file ZipCode.csv:84 data 00780
    regex_detector_test.go:84: Expected label ZipCode, got  ([]), file ZipCode.csv:85 data 00782
    regex_detector_test.go:84: Expected label ZipCode, got  ([]), file ZipCode.csv:86 data 00783
    regex_detector_test.go:84: Expected label ZipCode, got  ([]), file ZipCode.csv:87 data 00784
    regex_detector_test.go:84: Expected label ZipCode, got  ([]), file ZipCode.csv:88 data 00786
    regex_detector_test.go:84: Expected label ZipCode, got  ([]), file ZipCode.csv:89 data 00791
    regex_detector_test.go:84: Expected label ZipCode, got  ([]), file ZipCode.csv:90 data 00794
    regex_detector_test.go:84: Expected label ZipCode, got  ([]), file ZipCode.csv:91 data 00795
    regex_detector_test.go:84: Expected label ZipCode, got  ([]), file ZipCode.csv:92 data 00802
    regex_detector_test.go:84: Expected label ZipCode, got  ([]), file ZipCode.csv:93 data 00820
    regex_detector_test.go:84: Expected label ZipCode, got  ([]), file ZipCode.csv:94 data 00830
    regex_detector_test.go:84: Expected label ZipCode, got  ([]), file ZipCode.csv:95 data 00840
    regex_detector_test.go:84: Expected label ZipCode, got  ([]), file ZipCode.csv:96 data 00850
    regex_detector_test.go:84: Expected label ZipCode, got  ([]), file ZipCode.csv:97 data 00851
    regex_detector_test.go:84: Expected label ZipCode, got  ([]), file ZipCode.csv:98 data 00901
    regex_detector_test.go:84: Expected label ZipCode, got  ([]), file ZipCode.csv:99 data 00906
    regex_detector_test.go:84: Expected label ZipCode, got  ([]), file ZipCode.csv:100 data 00907
    regex_detector_test.go:84: Expected label ZipCode, got  ([]), file ZipCode.csv:101 data 00909
    regex_detector_test.go:84: Expected label ZipCode, got  ([]), file ZipCode.csv:102 data 00911
    regex_detector_test.go:84: Expected label ZipCode, got  ([]), file ZipCode.csv:103 data 00912
    regex_detector_test.go:84: Expected label ZipCode, got  ([]), file ZipCode.csv:104 data 00913
    regex_detector_test.go:84: Expected label ZipCode, got  ([]), file ZipCode.csv:105 data 00915
    regex_detector_test.go:84: Expected label ZipCode, got  ([]), file ZipCode.csv:106 data 00917
    regex_detector_test.go:84: Expected label ZipCode, got  ([]), file ZipCode.csv:107 data 00918
    regex_detector_test.go:84: Expected label ZipCode, got  ([]), file ZipCode.csv:108 data 00920
    regex_detector_test.go:84: Expected label ZipCode, got  ([]), file ZipCode.csv:109 data 00921
    regex_detector_test.go:84: Expected label ZipCode, got  ([]), file ZipCode.csv:110 data 00923
    regex_detector_test.go:84: Expected label ZipCode, got  ([]), file ZipCode.csv:111 data 00924
    regex_detector_test.go:84: Expected label ZipCode, got  ([]), file ZipCode.csv:112 data 00925
    regex_detector_test.go:84: Expected label ZipCode, got  ([]), file ZipCode.csv:113 data 00926
    regex_detector_test.go:84: Expected label ZipCode, got  ([]), file ZipCode.csv:114 data 00927
    regex_detector_test.go:84: Expected label ZipCode, got  ([]), file ZipCode.csv:115 data 00934
    regex_detector_test.go:84: Expected label ZipCode, got  ([]), file ZipCode.csv:116 data 00949
    regex_detector_test.go:84: Expected label ZipCode, got  ([]), file ZipCode.csv:117 data 00950
    regex_detector_test.go:84: Expected label ZipCode, got  ([]), file ZipCode.csv:118 data 00951
    regex_detector_test.go:84: Expected label ZipCode, got  ([]), file ZipCode.csv:119 data 00952
    regex_detector_test.go:84: Expected label ZipCode, got  ([]), file ZipCode.csv:120 data 00953
    regex_detector_test.go:84: Expected label ZipCode, got  ([]), file ZipCode.csv:121 data 00956
    regex_detector_test.go:84: Expected label ZipCode, got  ([]), file ZipCode.csv:122 data 00957
    regex_detector_test.go:84: Expected label ZipCode, got  ([]), file ZipCode.csv:123 data 00959
    regex_detector_test.go:84: Expected label ZipCode, got  ([]), file ZipCode.csv:124 data 00960
    regex_detector_test.go:84: Expected label ZipCode, got  ([]), file ZipCode.csv:125 data 00961
    regex_detector_test.go:84: Expected label ZipCode, got  ([]), file ZipCode.csv:126 data 00962
    regex_detector_test.go:84: Expected label ZipCode, got  ([]), file ZipCode.csv:127 data 00965
    regex_detector_test.go:84: Expected label ZipCode, got  ([]), file ZipCode.csv:128 data 00966
    regex_detector_test.go:84: Expected label ZipCode, got  ([]), file ZipCode.csv:129 data 00968
    regex_detector_test.go:84: Expected label ZipCode, got  ([]), file ZipCode.csv:130 data 00969
    regex_detector_test.go:84: Expected label ZipCode, got  ([]), file ZipCode.csv:131 data 00971
    regex_detector_test.go:84: Expected label ZipCode, got  ([]), file ZipCode.csv:132 data 00976
    regex_detector_test.go:84: Expected label ZipCode, got  ([]), file ZipCode.csv:133 data 00979
    regex_detector_test.go:84: Expected label ZipCode, got  ([]), file ZipCode.csv:134 data 00982
    regex_detector_test.go:84: Expected label ZipCode, got  ([]), file ZipCode.csv:135 data 00983
    regex_detector_test.go:84: Expected label ZipCode, got  ([]), file ZipCode.csv:136 data 00985
    regex_detector_test.go:84: Expected label ZipCode, got  ([]), file ZipCode.csv:137 data 00987
    regex_detector_test.go:84: Expected label ZipCode, got  ([]), file ZipCode.csv:138 data 01001
    regex_detector_test.go:84: Expected label ZipCode, got  ([]), file ZipCode.csv:139 data 01002
    regex_detector_test.go:84: Expected label ZipCode, got  ([]), file ZipCode.csv:140 data 01003
    regex_detector_test.go:84: Expected label ZipCode, got  ([]), file ZipCode.csv:141 data 01005
    regex_detector_test.go:84: Expected label ZipCode, got  ([]), file ZipCode.csv:142 data 01007
    regex_detector_test.go:84: Expected label ZipCode, got  ([]), file ZipCode.csv:143 data 01008
    regex_detector_test.go:84: Expected label ZipCode, got  ([]), file ZipCode.csv:144 data 01009
    regex_detector_test.go:84: Expected label ZipCode, got  ([]), file ZipCode.csv:145 data 01010
    regex_detector_test.go:84: Expected label ZipCode, got  ([]), file ZipCode.csv:146 data 01011
    regex_detector_test.go:84: Expected label ZipCode, got  ([]), file ZipCode.csv:147 data 01012
    regex_detector_test.go:84: Expected label ZipCode, got  ([]), file ZipCode.csv:148 data 01013
    regex_detector_test.go:84: Expected label ZipCode, got  ([]), file ZipCode.csv:149 data 01020
    regex_detector_test.go:84: Expected label ZipCode, got  ([]), file ZipCode.csv:150 data 01022
    regex_detector_test.go:84: Expected label ZipCode, got  ([]), file ZipCode.csv:151 data 01026
    regex_detector_test.go:84: Expected label ZipCode, got  ([]), file ZipCode.csv:152 data 01027
    regex_detector_test.go:84: Expected label ZipCode, got  ([]), file ZipCode.csv:153 data 01028
    regex_detector_test.go:84: Expected label ZipCode, got  ([]), file ZipCode.csv:154 data 01029
    regex_detector_test.go:84: Expected label ZipCode, got  ([]), file ZipCode.csv:155 data 01030
    regex_detector_test.go:84: Expected label ZipCode, got  ([]), file ZipCode.csv:156 data 01031
    regex_detector_test.go:84: Expected label ZipCode, got  ([]), file ZipCode.csv:157 data 01032
    regex_detector_test.go:84: Expected label ZipCode, got  ([]), file ZipCode.csv:158 data 01033
    regex_detector_test.go:84: Expected label ZipCode, got  ([]), file ZipCode.csv:159 data 01034
    regex_detector_test.go:84: Expected label ZipCode, got  ([]), file ZipCode.csv:160 data 01035
    regex_detector_test.go:84: Expected label ZipCode, got  ([]), file ZipCode.csv:161 data 01036
    regex_detector_test.go:84: Expected label ZipCode, got  ([]), file ZipCode.csv:162 data 01037
    regex_detector_test.go:84: Expected label ZipCode, got  ([]), file ZipCode.csv:163 data 01038
    regex_detector_test.go:84: Expected label ZipCode, got  ([]), file ZipCode.csv:164 data 01039
    regex_detector_test.go:84: Expected label ZipCode, got  ([]), file ZipCode.csv:165 data 01040
    regex_detector_test.go:84: Expected label ZipCode, got  ([]), file ZipCode.csv:166 data 01050
    regex_detector_test.go:84: Expected label ZipCode, got  ([]), file ZipCode.csv:167 data 01053
    regex_detector_test.go:84: Expected label ZipCode, got  ([]), file ZipCode.csv:168 data 01054
    regex_detector_test.go:84: Expected label ZipCode, got  ([]), file ZipCode.csv:169 data 01056
    regex_detector_test.go:84: Expected label ZipCode, got  ([]), file ZipCode.csv:170 data 01057
    regex_detector_test.go:84: Expected label ZipCode, got  ([]), file ZipCode.csv:171 data 01060
    regex_detector_test.go:84: Expected label ZipCode, got  ([]), file ZipCode.csv:172 data 01062
    regex_detector_test.go:84: Expected label ZipCode, got  ([]), file ZipCode.csv:173 data 01063
    regex_detector_test.go:84: Expected label ZipCode, got  ([]), file ZipCode.csv:174 data 01066
    regex_detector_test.go:84: Expected label ZipCode, got  ([]), file ZipCode.csv:175 data 01068
    regex_detector_test.go:84: Expected label ZipCode, got  ([]), file ZipCode.csv:176 data 01069
    regex_detector_test.go:84: Expected label ZipCode, got  ([]), file ZipCode.csv:177 data 01070
    regex_detector_test.go:84: Expected label ZipCode, got  ([]), file ZipCode.csv:178 data 01071
    regex_detector_test.go:84: Expected label ZipCode, got  ([]), file ZipCode.csv:179 data 01072
    regex_detector_test.go:84: Expected label ZipCode, got  ([]), file ZipCode.csv:180 data 01073
    regex_detector_test.go:84: Expected label ZipCode, got  ([]), file ZipCode.csv:181 data 01074
    regex_detector_test.go:84: Expected label ZipCode, got  ([]), file ZipCode.csv:182 data 01075
    regex_detector_test.go:84: Expected label ZipCode, got  ([]), file ZipCode.csv:183 data 01077
    regex_detector_test.go:84: Expected label ZipCode, got  ([]), file ZipCode.csv:184 data 01079
    regex_detector_test.go:84: Expected label ZipCode, got  ([]), file ZipCode.csv:185 data 01080
    regex_detector_test.go:84: Expected label ZipCode, got  ([]), file ZipCode.csv:186 data 01081
    regex_detector_test.go:84: Expected label ZipCode, got  ([]), file ZipCode.csv:187 data 01082
    regex_detector_test.go:84: Expected label ZipCode, got  ([]), file ZipCode.csv:188 data 01083
    regex_detector_test.go:84: Expected label ZipCode, got  ([]), file ZipCode.csv:189 data 01084
    regex_detector_test.go:84: Expected label ZipCode, got  ([]), file ZipCode.csv:190 data 01085
    regex_detector_test.go:84: Expected label ZipCode, got  ([]), file ZipCode.csv:191 data 01088
    regex_detector_test.go:84: Expected label ZipCode, got  ([]), file ZipCode.csv:192 data 01089
    regex_detector_test.go:84: Expected label ZipCode, got  ([]), file ZipCode.csv:193 data 01092
    regex_detector_test.go:84: Expected label ZipCode, got  ([]), file ZipCode.csv:194 data 01093
    regex_detector_test.go:84: Expected label ZipCode, got  ([]), file ZipCode.csv:195 data 01094
    regex_detector_test.go:84: Expected label ZipCode, got  ([]), file ZipCode.csv:196 data 01095
    regex_detector_test.go:84: Expected label ZipCode, got  ([]), file ZipCode.csv:197 data 01096
    regex_detector_test.go:84: Expected label ZipCode, got  ([]), file ZipCode.csv:198 data 01097
    regex_detector_test.go:84: Expected label ZipCode, got  ([]), file ZipCode.csv:199 data 01098
    regex_detector_test.go:84: Expected label ZipCode, got  ([]), file ZipCode.csv:200 data 01103
    regex_detector_test.go:84: Expected label ZipCode, got  ([]), file ZipCode.csv:201 data 01104
    regex_detector_test.go:84: Expected label ZipCode, got  ([]), file ZipCode.csv:202 data 01105
    regex_detector_test.go:84: Expected label ZipCode, got  ([]), file ZipCode.csv:203 data 01106
    regex_detector_test.go:84: Expected label ZipCode, got  ([]), file ZipCode.csv:204 data 01107
    regex_detector_test.go:84: Expected label ZipCode, got  ([]), file ZipCode.csv:205 data 01108
    regex_detector_test.go:84: Expected label ZipCode, got  ([]), file ZipCode.csv:206 data 01109
    regex_detector_test.go:84: Expected label ZipCode, got  ([]), file ZipCode.csv:207 data 01118
    regex_detector_test.go:84: Expected label ZipCode, got  ([]), file ZipCode.csv:208 data 01119
    regex_detector_test.go:84: Expected label ZipCode, got  ([]), file ZipCode.csv:209 data 01128
    regex_detector_test.go:84: Expected label ZipCode, got  ([]), file ZipCode.csv:210 data 01129
    regex_detector_test.go:84: Expected label ZipCode, got  ([]), file ZipCode.csv:211 data 01144
    regex_detector_test.go:84: Expected label ZipCode, got  ([]), file ZipCode.csv:212 data 01151
    regex_detector_test.go:84: Expected label ZipCode, got  ([]), file ZipCode.csv:213 data 01201
    regex_detector_test.go:84: Expected label ZipCode, got  ([]), file ZipCode.csv:214 data 01220
    regex_detector_test.go:84: Expected label ZipCode, got  ([]), file ZipCode.csv:215 data 01222
    regex_detector_test.go:84: Expected label ZipCode, got  ([]), file ZipCode.csv:216 data 01223
    regex_detector_test.go:84: Expected label ZipCode, got  ([]), file ZipCode.csv:217 data 01224
    regex_detector_test.go:84: Expected label ZipCode, got  ([]), file ZipCode.csv:218 data 01225
    regex_detector_test.go:84: Expected label ZipCode, got  ([]), file ZipCode.csv:219 data 01226
    regex_detector_test.go:84: Expected label ZipCode, got  ([]), file ZipCode.csv:220 data 01229
    regex_detector_test.go:84: Expected label ZipCode, got  ([]), file ZipCode.csv:221 data 01230
    regex_detector_test.go:84: Expected label ZipCode, got  ([]), file ZipCode.csv:222 data 01235
    regex_detector_test.go:84: Expected label ZipCode, got  ([]), file ZipCode.csv:223 data 01236
    regex_detector_test.go:84: Expected label ZipCode, got  ([]), file ZipCode.csv:224 data 01237
    regex_detector_test.go:84: Expected label ZipCode, got  ([]), file ZipCode.csv:225 data 01238
    regex_detector_test.go:84: Expected label ZipCode, got  ([]), file ZipCode.csv:226 data 01240
    regex_detector_test.go:84: Expected label ZipCode, got  ([]), file ZipCode.csv:227 data 01242
    regex_detector_test.go:84: Expected label ZipCode, got  ([]), file ZipCode.csv:228 data 01243
    regex_detector_test.go:84: Expected label ZipCode, got  ([]), file ZipCode.csv:229 data 01244
    regex_detector_test.go:84: Expected label ZipCode, got  ([]), file ZipCode.csv:230 data 01245
    regex_detector_test.go:84: Expected label ZipCode, got  ([]), file ZipCode.csv:231 data 01247
    regex_detector_test.go:84: Expected label ZipCode, got  ([]), file ZipCode.csv:232 data 01253
    regex_detector_test.go:84: Expected label ZipCode, got  ([]), file ZipCode.csv:233 data 01254
    regex_detector_test.go:84: Expected label ZipCode, got  ([]), file ZipCode.csv:234 data 01255
    regex_detector_test.go:84: Expected label ZipCode, got  ([]), file ZipCode.csv:235 data 01256
    regex_detector_test.go:84: Expected label ZipCode, got  ([]), file ZipCode.csv:236 data 01257
    regex_detector_test.go:84: Expected label ZipCode, got  ([]), file ZipCode.csv:237 data 01258
    regex_detector_test.go:84: Expected label ZipCode, got  ([]), file ZipCode.csv:238 data 01259
    regex_detector_test.go:84: Expected label ZipCode, got  ([]), file ZipCode.csv:239 data 01260
    regex_detector_test.go:84: Expected label ZipCode, got  ([]), file ZipCode.csv:240 data 01262
    regex_detector_test.go:84: Expected label ZipCode, got  ([]), file ZipCode.csv:241 data 01264
    regex_detector_test.go:84: Expected label ZipCode, got  ([]), file ZipCode.csv:242 data 01266
    regex_detector_test.go:84: Expected label ZipCode, got  ([]), file ZipCode.csv:243 data 01267
    regex_detector_test.go:84: Expected label ZipCode, got  ([]), file ZipCode.csv:244 data 01270
    regex_detector_test.go:84: Expected label ZipCode, got  ([]), file ZipCode.csv:245 data 01301
    regex_detector_test.go:84: Expected label ZipCode, got  ([]), file ZipCode.csv:246 data 01330
    regex_detector_test.go:84: Expected label ZipCode, got  ([]), file ZipCode.csv:247 data 01331
    regex_detector_test.go:84: Expected label ZipCode, got  ([]), file ZipCode.csv:248 data 01337
    regex_detector_test.go:84: Expected label ZipCode, got  ([]), file ZipCode.csv:249 data 01338
    regex_detector_test.go:84: Expected label ZipCode, got  ([]), file ZipCode.csv:250 data 01339
    regex_detector_test.go:84: Expected label ZipCode, got  ([]), file ZipCode.csv:251 data 01340
    regex_detector_test.go:84: Expected label ZipCode, got  ([]), file ZipCode.csv:252 data 01341
    regex_detector_test.go:84: Expected label ZipCode, got  ([]), file ZipCode.csv:253 data 01342
    regex_detector_test.go:84: Expected label ZipCode, got  ([]), file ZipCode.csv:254 data 01343
    regex_detector_test.go:84: Expected label ZipCode, got  ([]), file ZipCode.csv:255 data 01344
    regex_detector_test.go:84: Expected label ZipCode, got  ([]), file ZipCode.csv:256 data 01346
    regex_detector_test.go:84: Expected label ZipCode, got  ([]), file ZipCode.csv:257 data 01347
    regex_detector_test.go:84: Expected label ZipCode, got  ([]), file ZipCode.csv:258 data 01349
    regex_detector_test.go:84: Expected label ZipCode, got  ([]), file ZipCode.csv:259 data 01350
    regex_detector_test.go:84: Expected label ZipCode, got  ([]), file ZipCode.csv:260 data 01351
    regex_detector_test.go:84: Expected label ZipCode, got  ([]), file ZipCode.csv:261 data 01354
    regex_detector_test.go:84: Expected label ZipCode, got  ([]), file ZipCode.csv:262 data 01355
    regex_detector_test.go:84: Expected label ZipCode, got  ([]), file ZipCode.csv:263 data 01360
    regex_detector_test.go:84: Expected label ZipCode, got  ([]), file ZipCode.csv:264 data 01364
    regex_detector_test.go:84: Expected label ZipCode, got  ([]), file ZipCode.csv:265 data 01366
    regex_detector_test.go:84: Expected label ZipCode, got  ([]), file ZipCode.csv:266 data 01367
    regex_detector_test.go:84: Expected label ZipCode, got  ([]), file ZipCode.csv:267 data 01368
    regex_detector_test.go:84: Expected label ZipCode, got  ([]), file ZipCode.csv:268 data 01370
    regex_detector_test.go:84: Expected label ZipCode, got  ([]), file ZipCode.csv:269 data 01373
    regex_detector_test.go:84: Expected label ZipCode, got  ([]), file ZipCode.csv:270 data 01375
    regex_detector_test.go:84: Expected label ZipCode, got  ([]), file ZipCode.csv:271 data 01376
    regex_detector_test.go:84: Expected label ZipCode, got  ([]), file ZipCode.csv:272 data 01378
    regex_detector_test.go:84: Expected label ZipCode, got  ([]), file ZipCode.csv:273 data 01379
    regex_detector_test.go:84: Expected label ZipCode, got  ([]), file ZipCode.csv:274 data 01380
    regex_detector_test.go:84: Expected label ZipCode, got  ([]), file ZipCode.csv:275 data 01420
    regex_detector_test.go:84: Expected label ZipCode, got  ([]), file ZipCode.csv:276 data 01430
    regex_detector_test.go:84: Expected label ZipCode, got  ([]), file ZipCode.csv:277 data 01431
    regex_detector_test.go:84: Expected label ZipCode, got  ([]), file ZipCode.csv:278 data 01432
    regex_detector_test.go:84: Expected label ZipCode, got  ([]), file ZipCode.csv:279 data 01434
    regex_detector_test.go:84: Expected label ZipCode, got  ([]), file ZipCode.csv:280 data 01436
    regex_detector_test.go:84: Expected label ZipCode, got  ([]), file ZipCode.csv:281 data 01438
    regex_detector_test.go:84: Expected label ZipCode, got  ([]), file ZipCode.csv:282 data 01440
    regex_detector_test.go:84: Expected label ZipCode, got  ([]), file ZipCode.csv:283 data 01450
    regex_detector_test.go:84: Expected label ZipCode, got  ([]), file ZipCode.csv:284 data 01451
    regex_detector_test.go:84: Expected label ZipCode, got  ([]), file ZipCode.csv:285 data 01452
    regex_detector_test.go:84: Expected label ZipCode, got  ([]), file ZipCode.csv:286 data 01453
    regex_detector_test.go:84: Expected label ZipCode, got  ([]), file ZipCode.csv:287 data 01460
    regex_detector_test.go:84: Expected label ZipCode, got  ([]), file ZipCode.csv:288 data 01462
    regex_detector_test.go:84: Expected label ZipCode, got  ([]), file ZipCode.csv:289 data 01463
    regex_detector_test.go:84: Expected label ZipCode, got  ([]), file ZipCode.csv:290 data 01464
    regex_detector_test.go:84: Expected label ZipCode, got  ([]), file ZipCode.csv:291 data 01468
    regex_detector_test.go:84: Expected label ZipCode, got  ([]), file ZipCode.csv:292 data 01469
    regex_detector_test.go:84: Expected label ZipCode, got  ([]), file ZipCode.csv:293 data 01473
    regex_detector_test.go:84: Expected label ZipCode, got  ([]), file ZipCode.csv:294 data 01474
    regex_detector_test.go:84: Expected label ZipCode, got  ([]), file ZipCode.csv:295 data 01475
    regex_detector_test.go:84: Expected label ZipCode, got  ([]), file ZipCode.csv:296 data 01501
    regex_detector_test.go:84: Expected label ZipCode, got  ([]), file ZipCode.csv:297 data 01503
    regex_detector_test.go:84: Expected label ZipCode, got  ([]), file ZipCode.csv:298 data 01504
    regex_detector_test.go:84: Expected label ZipCode, got  ([]), file ZipCode.csv:299 data 01505
    regex_detector_test.go:84: Expected label ZipCode, got  ([]), file ZipCode.csv:300 data 01506
    regex_detector_test.go:84: Expected label ZipCode, got  ([]), file ZipCode.csv:301 data 01507
    regex_detector_test.go:84: Expected label ZipCode, got  ([]), file ZipCode.csv:302 data 01510
    regex_detector_test.go:84: Expected label ZipCode, got  ([]), file ZipCode.csv:303 data 01515
    regex_detector_test.go:84: Expected label ZipCode, got  ([]), file ZipCode.csv:304 data 01516
    regex_detector_test.go:84: Expected label ZipCode, got  ([]), file ZipCode.csv:305 data 01518
    regex_detector_test.go:84: Expected label ZipCode, got  ([]), file ZipCode.csv:306 data 01519
    regex_detector_test.go:84: Expected label ZipCode, got  ([]), file ZipCode.csv:307 data 01520
    regex_detector_test.go:84: Expected label ZipCode, got  ([]), file ZipCode.csv:308 data 01521
    regex_detector_test.go:84: Expected label ZipCode, got  ([]), file ZipCode.csv:309 data 01522
    regex_detector_test.go:84: Expected label ZipCode, got  ([]), file ZipCode.csv:310 data 01523
    regex_detector_test.go:84: Expected label ZipCode, got  ([]), file ZipCode.csv:311 data 01524
    regex_detector_test.go:84: Expected label ZipCode, got  ([]), file ZipCode.csv:312 data 01525
    regex_detector_test.go:84: Expected label ZipCode, got  ([]), file ZipCode.csv:313 data 01527
    regex_detector_test.go:84: Expected label ZipCode, got  ([]), file ZipCode.csv:314 data 01529
    regex_detector_test.go:84: Expected label ZipCode, got  ([]), file ZipCode.csv:315 data 01531
    regex_detector_test.go:84: Expected label ZipCode, got  ([]), file ZipCode.csv:316 data 01532
    regex_detector_test.go:84: Expected label ZipCode, got  ([]), file ZipCode.csv:317 data 01534
    regex_detector_test.go:84: Expected label ZipCode, got  ([]), file ZipCode.csv:318 data 01535
    regex_detector_test.go:84: Expected label ZipCode, got  ([]), file ZipCode.csv:319 data 01536
    regex_detector_test.go:84: Expected label ZipCode, got  ([]), file ZipCode.csv:320 data 01537
    regex_detector_test.go:84: Expected label ZipCode, got  ([]), file ZipCode.csv:321 data 01540
    regex_detector_test.go:84: Expected label ZipCode, got  ([]), file ZipCode.csv:322 data 01541
    regex_detector_test.go:84: Expected label ZipCode, got  ([]), file ZipCode.csv:323 data 01542
    regex_detector_test.go:84: Expected label ZipCode, got  ([]), file ZipCode.csv:324 data 01543
    regex_detector_test.go:84: Expected label ZipCode, got  ([]), file ZipCode.csv:325 data 01545
    regex_detector_test.go:84: Expected label ZipCode, got  ([]), file ZipCode.csv:326 data 01550
    regex_detector_test.go:84: Expected label ZipCode, got  ([]), file ZipCode.csv:327 data 01560
    regex_detector_test.go:84: Expected label ZipCode, got  ([]), file ZipCode.csv:328 data 01561
    regex_detector_test.go:84: Expected label ZipCode, got  ([]), file ZipCode.csv:329 data 01562
    regex_detector_test.go:84: Expected label ZipCode, got  ([]), file ZipCode.csv:330 data 01564
    regex_detector_test.go:84: Expected label ZipCode, got  ([]), file ZipCode.csv:331 data 01566
    regex_detector_test.go:84: Expected label ZipCode, got  ([]), file ZipCode.csv:332 data 01568
    regex_detector_test.go:84: Expected label ZipCode, got  ([]), file ZipCode.csv:333 data 01569
    regex_detector_test.go:84: Expected label ZipCode, got  ([]), file ZipCode.csv:334 data 01570
    regex_detector_test.go:84: Expected label ZipCode, got  ([]), file ZipCode.csv:335 data 01571
    regex_detector_test.go:84: Expected label ZipCode, got  ([]), file ZipCode.csv:336 data 01581
    regex_detector_test.go:84: Expected label ZipCode, got  ([]), file ZipCode.csv:337 data 01583
    regex_detector_test.go:84: Expected label ZipCode, got  ([]), file ZipCode.csv:338 data 01585
    regex_detector_test.go:84: Expected label ZipCode, got  ([]), file ZipCode.csv:339 data 01588
    regex_detector_test.go:84: Expected label ZipCode, got  ([]), file ZipCode.csv:340 data 01590
    regex_detector_test.go:84: Expected label ZipCode, got  ([]), file ZipCode.csv:341 data 01602
    regex_detector_test.go:84: Expected label ZipCode, got  ([]), file ZipCode.csv:342 data 01603
    regex_detector_test.go:84: Expected label ZipCode, got  ([]), file ZipCode.csv:343 data 01604
    regex_detector_test.go:84: Expected label ZipCode, got  ([]), file ZipCode.csv:344 data 01605
    regex_detector_test.go:84: Expected label ZipCode, got  ([]), file ZipCode.csv:345 data 01606
    regex_detector_test.go:84: Expected label ZipCode, got  ([]), file ZipCode.csv:346 data 01607
    regex_detector_test.go:84: Expected label ZipCode, got  ([]), file ZipCode.csv:347 data 01608
    regex_detector_test.go:84: Expected label ZipCode, got  ([]), file ZipCode.csv:348 data 01609
    regex_detector_test.go:84: Expected label ZipCode, got  ([]), file ZipCode.csv:349 data 01610
    regex_detector_test.go:84: Expected label ZipCode, got  ([]), file ZipCode.csv:350 data 01611
    regex_detector_test.go:84: Expected label ZipCode, got  ([]), file ZipCode.csv:351 data 01612
    regex_detector_test.go:84: Expected label ZipCode, got  ([]), file ZipCode.csv:352 data 01701
    regex_detector_test.go:84: Expected label ZipCode, got  ([]), file ZipCode.csv:353 data 01702
    regex_detector_test.go:84: Expected label ZipCode, got  ([]), file ZipCode.csv:354 data 01718
    regex_detector_test.go:84: Expected label ZipCode, got  ([]), file ZipCode.csv:355 data 01719
    regex_detector_test.go:84: Expected label ZipCode, got  ([]), file ZipCode.csv:356 data 01720
    regex_detector_test.go:84: Expected label ZipCode, got  ([]), file ZipCode.csv:357 data 01721
    regex_detector_test.go:84: Expected label ZipCode, got  ([]), file ZipCode.csv:358 data 01730
    regex_detector_test.go:84: Expected label ZipCode, got  ([]), file ZipCode.csv:359 data 01731
    regex_detector_test.go:84: Expected label ZipCode, got  ([]), file ZipCode.csv:360 data 01740
    regex_detector_test.go:84: Expected label ZipCode, got  ([]), file ZipCode.csv:361 data 01741
    regex_detector_test.go:84: Expected label ZipCode, got  ([]), file ZipCode.csv:362 data 01742
    regex_detector_test.go:84: Expected label ZipCode, got  ([]), file ZipCode.csv:363 data 01745
    regex_detector_test.go:84: Expected label ZipCode, got  ([]), file ZipCode.csv:364 data 01746
    regex_detector_test.go:84: Expected label ZipCode, got  ([]), file ZipCode.csv:365 data 01747
    regex_detector_test.go:84: Expected label ZipCode, got  ([]), file ZipCode.csv:366 data 01748
    regex_detector_test.go:84: Expected label ZipCode, got  ([]), file ZipCode.csv:367 data 01749
    regex_detector_test.go:84: Expected label ZipCode, got  ([]), file ZipCode.csv:368 data 01752
    regex_detector_test.go:84: Expected label ZipCode, got  ([]), file ZipCode.csv:369 data 01754
    regex_detector_test.go:84: Expected label ZipCode, got  ([]), file ZipCode.csv:370 data 01756
    regex_detector_test.go:84: Expected label ZipCode, got  ([]), file ZipCode.csv:371 data 01757
    regex_detector_test.go:84: Expected label ZipCode, got  ([]), file ZipCode.csv:372 data 01760
    regex_detector_test.go:84: Expected label ZipCode, got  ([]), file ZipCode.csv:373 data 01770
    regex_detector_test.go:84: Expected label ZipCode, got  ([]), file ZipCode.csv:374 data 01772
    regex_detector_test.go:84: Expected label ZipCode, got  ([]), file ZipCode.csv:375 data 01773
    regex_detector_test.go:84: Expected label ZipCode, got  ([]), file ZipCode.csv:376 data 01775
    regex_detector_test.go:84: Expected label ZipCode, got  ([]), file ZipCode.csv:377 data 01776
    regex_detector_test.go:84: Expected label ZipCode, got  ([]), file ZipCode.csv:378 data 01778
    regex_detector_test.go:84: Expected label ZipCode, got  ([]), file ZipCode.csv:379 data 01801
    regex_detector_test.go:84: Expected label ZipCode, got  ([]), file ZipCode.csv:380 data 01803
    regex_detector_test.go:84: Expected label ZipCode, got  ([]), file ZipCode.csv:381 data 01810
    regex_detector_test.go:84: Expected label ZipCode, got  ([]), file ZipCode.csv:382 data 01821
    regex_detector_test.go:84: Expected label ZipCode, got  ([]), file ZipCode.csv:383 data 01824
    regex_detector_test.go:84: Expected label ZipCode, got  ([]), file ZipCode.csv:384 data 01826
    regex_detector_test.go:84: Expected label ZipCode, got  ([]), file ZipCode.csv:385 data 01827
    regex_detector_test.go:84: Expected label ZipCode, got  ([]), file ZipCode.csv:386 data 01830
    regex_detector_test.go:84: Expected label ZipCode, got  ([]), file ZipCode.csv:387 data 01832
    regex_detector_test.go:84: Expected label ZipCode, got  ([]), file ZipCode.csv:388 data 01833
    regex_detector_test.go:84: Expected label ZipCode, got  ([]), file ZipCode.csv:389 data 01834
    regex_detector_test.go:84: Expected label ZipCode, got  ([]), file ZipCode.csv:390 data 01835
    regex_detector_test.go:84: Expected label ZipCode, got  ([]), file ZipCode.csv:391 data 01840
    regex_detector_test.go:84: Expected label ZipCode, got  ([]), file ZipCode.csv:392 data 01841
    regex_detector_test.go:84: Expected label ZipCode, got  ([]), file ZipCode.csv:393 data 01843
    regex_detector_test.go:84: Expected label ZipCode, got  ([]), file ZipCode.csv:394 data 01844
    regex_detector_test.go:84: Expected label ZipCode, got  ([]), file ZipCode.csv:395 data 01845
    regex_detector_test.go:84: Expected label ZipCode, got  ([]), file ZipCode.csv:396 data 01850
    regex_detector_test.go:84: Expected label ZipCode, got  ([]), file ZipCode.csv:397 data 01851
    regex_detector_test.go:84: Expected label ZipCode, got  ([]), file ZipCode.csv:398 data 01852
    regex_detector_test.go:84: Expected label ZipCode, got  ([]), file ZipCode.csv:399 data 01854
    regex_detector_test.go:84: Expected label ZipCode, got  ([]), file ZipCode.csv:400 data 01860
    regex_detector_test.go:84: Expected label ZipCode, got  ([]), file ZipCode.csv:401 data 01862
    regex_detector_test.go:84: Expected label ZipCode, got  ([]), file ZipCode.csv:402 data 01863
    regex_detector_test.go:84: Expected label ZipCode, got  ([]), file ZipCode.csv:403 data 01864
    regex_detector_test.go:84: Expected label ZipCode, got  ([]), file ZipCode.csv:404 data 01867
    regex_detector_test.go:84: Expected label ZipCode, got  ([]), file ZipCode.csv:405 data 01876
    regex_detector_test.go:84: Expected label ZipCode, got  ([]), file ZipCode.csv:406 data 01879
    regex_detector_test.go:84: Expected label ZipCode, got  ([]), file ZipCode.csv:407 data 01880
    regex_detector_test.go:84: Expected label ZipCode, got  ([]), file ZipCode.csv:408 data 01886
    regex_detector_test.go:84: Expected label ZipCode, got  ([]), file ZipCode.csv:409 data 01887
    regex_detector_test.go:84: Expected label ZipCode, got  ([]), file ZipCode.csv:410 data 01890
    regex_detector_test.go:84: Expected label ZipCode, got  ([]), file ZipCode.csv:411 data 01901
    regex_detector_test.go:84: Expected label ZipCode, got  ([]), file ZipCode.csv:412 data 01902
    regex_detector_test.go:84: Expected label ZipCode, got  ([]), file ZipCode.csv:413 data 01904
    regex_detector_test.go:84: Expected label ZipCode, got  ([]), file ZipCode.csv:414 data 01905
    regex_detector_test.go:84: Expected label ZipCode, got  ([]), file ZipCode.csv:415 data 01906
    regex_detector_test.go:84: Expected label ZipCode, got  ([]), file ZipCode.csv:416 data 01907
    regex_detector_test.go:84: Expected label ZipCode, got  ([]), file ZipCode.csv:417 data 01908
    regex_detector_test.go:84: Expected label ZipCode, got  ([]), file ZipCode.csv:418 data 01913
    regex_detector_test.go:84: Expected label ZipCode, got  ([]), file ZipCode.csv:419 data 01915
    regex_detector_test.go:84: Expected label ZipCode, got  ([]), file ZipCode.csv:420 data 01921
    regex_detector_test.go:84: Expected label ZipCode, got  ([]), file ZipCode.csv:421 data 01922
    regex_detector_test.go:84: Expected label ZipCode, got  ([]), file ZipCode.csv:422 data 01923
    regex_detector_test.go:84: Expected label ZipCode, got  ([]), file ZipCode.csv:423 data 01929
    regex_detector_test.go:84: Expected label ZipCode, got  ([]), file ZipCode.csv:424 data 01930
    regex_detector_test.go:84: Expected label ZipCode, got  ([]), file ZipCode.csv:425 data 01937
    regex_detector_test.go:84: Expected label ZipCode, got  ([]), file ZipCode.csv:426 data 01938
    regex_detector_test.go:84: Expected label ZipCode, got  ([]), file ZipCode.csv:427 data 01940
    regex_detector_test.go:84: Expected label ZipCode, got  ([]), file ZipCode.csv:428 data 01944
    regex_detector_test.go:84: Expected label ZipCode, got  ([]), file ZipCode.csv:429 data 01945
    regex_detector_test.go:84: Expected label ZipCode, got  ([]), file ZipCode.csv:430 data 01949
    regex_detector_test.go:84: Expected label ZipCode, got  ([]), file ZipCode.csv:431 data 01950
    regex_detector_test.go:84: Expected label ZipCode, got  ([]), file ZipCode.csv:432 data 01951
    regex_detector_test.go:84: Expected label ZipCode, got  ([]), file ZipCode.csv:433 data 01952
    regex_detector_test.go:84: Expected label ZipCode, got  ([]), file ZipCode.csv:434 data 01960
    regex_detector_test.go:84: Expected label ZipCode, got  ([]), file ZipCode.csv:435 data 01965
    regex_detector_test.go:84: Expected label ZipCode, got  ([]), file ZipCode.csv:436 data 01966
    regex_detector_test.go:84: Expected label ZipCode, got  ([]), file ZipCode.csv:437 data 01969
    regex_detector_test.go:84: Expected label ZipCode, got  ([]), file ZipCode.csv:438 data 01970
    regex_detector_test.go:84: Expected label ZipCode, got  ([]), file ZipCode.csv:439 data 01982
    regex_detector_test.go:84: Expected label ZipCode, got  ([]), file ZipCode.csv:440 data 01983
    regex_detector_test.go:84: Expected label ZipCode, got  ([]), file ZipCode.csv:441 data 01984
    regex_detector_test.go:84: Expected label ZipCode, got  ([]), file ZipCode.csv:442 data 01985
    regex_detector_test.go:84: Expected label ZipCode, got  ([]), file ZipCode.csv:443 data 02019
    regex_detector_test.go:84: Expected label ZipCode, got  ([]), file ZipCode.csv:444 data 02021
    regex_detector_test.go:84: Expected label ZipCode, got  ([]), file ZipCode.csv:445 data 02025
    regex_detector_test.go:84: Expected label ZipCode, got  ([]), file ZipCode.csv:446 data 02026
    regex_detector_test.go:84: Expected label ZipCode, got  ([]), file ZipCode.csv:447 data 02030
    regex_detector_test.go:84: Expected label ZipCode, got  ([]), file ZipCode.csv:448 data 02032
    regex_detector_test.go:84: Expected label ZipCode, got  ([]), file ZipCode.csv:449 data 02035
    regex_detector_test.go:84: Expected label ZipCode, got  ([]), file ZipCode.csv:450 data 02038
    regex_detector_test.go:84: Expected label ZipCode, got  ([]), file ZipCode.csv:451 data 02043
    regex_detector_test.go:84: Expected label ZipCode, got  ([]), file ZipCode.csv:452 data 02045
    regex_detector_test.go:84: Expected label ZipCode, got  ([]), file ZipCode.csv:453 data 02047
    regex_detector_test.go:84: Expected label ZipCode, got  ([]), file ZipCode.csv:454 data 02048
    regex_detector_test.go:84: Expected label ZipCode, got  ([]), file ZipCode.csv:455 data 02050
    regex_detector_test.go:84: Expected label ZipCode, got  ([]), file ZipCode.csv:456 data 02052
    regex_detector_test.go:84: Expected label ZipCode, got  ([]), file ZipCode.csv:457 data 02053
    regex_detector_test.go:84: Expected label ZipCode, got  ([]), file ZipCode.csv:458 data 02054
    regex_detector_test.go:84: Expected label ZipCode, got  ([]), file ZipCode.csv:459 data 02056
    regex_detector_test.go:84: Expected label ZipCode, got  ([]), file ZipCode.csv:460 data 02061
    regex_detector_test.go:84: Expected label ZipCode, got  ([]), file ZipCode.csv:461 data 02062
    regex_detector_test.go:84: Expected label ZipCode, got  ([]), file ZipCode.csv:462 data 02066
    regex_detector_test.go:84: Expected label ZipCode, got  ([]), file ZipCode.csv:463 data 02067
    regex_detector_test.go:84: Expected label ZipCode, got  ([]), file ZipCode.csv:464 data 02071
    regex_detector_test.go:84: Expected label ZipCode, got  ([]), file ZipCode.csv:465 data 02072
    regex_detector_test.go:84: Expected label ZipCode, got  ([]), file ZipCode.csv:466 data 02081
    regex_detector_test.go:84: Expected label ZipCode, got  ([]), file ZipCode.csv:467 data 02090
    regex_detector_test.go:84: Expected label ZipCode, got  ([]), file ZipCode.csv:468 data 02093
    regex_detector_test.go:84: Expected label ZipCode, got  ([]), file ZipCode.csv:469 data 02108
    regex_detector_test.go:84: Expected label ZipCode, got  ([]), file ZipCode.csv:470 data 02109
    regex_detector_test.go:84: Expected label ZipCode, got  ([]), file ZipCode.csv:471 data 02110
    regex_detector_test.go:84: Expected label ZipCode, got  ([]), file ZipCode.csv:472 data 02111
    regex_detector_test.go:84: Expected label ZipCode, got  ([]), file ZipCode.csv:473 data 02113
    regex_detector_test.go:84: Expected label ZipCode, got  ([]), file ZipCode.csv:474 data 02114
    regex_detector_test.go:84: Expected label ZipCode, got  ([]), file ZipCode.csv:475 data 02115
    regex_detector_test.go:84: Expected label ZipCode, got  ([]), file ZipCode.csv:476 data 02116
    regex_detector_test.go:84: Expected label ZipCode, got  ([]), file ZipCode.csv:477 data 02118
    regex_detector_test.go:84: Expected label ZipCode, got  ([]), file ZipCode.csv:478 data 02119
    regex_detector_test.go:84: Expected label ZipCode, got  ([]), file ZipCode.csv:479 data 02120
    regex_detector_test.go:84: Expected label ZipCode, got  ([]), file ZipCode.csv:480 data 02121
    regex_detector_test.go:84: Expected label ZipCode, got  ([]), file ZipCode.csv:481 data 02122
    regex_detector_test.go:84: Expected label ZipCode, got  ([]), file ZipCode.csv:482 data 02124
    regex_detector_test.go:84: Expected label ZipCode, got  ([]), file ZipCode.csv:483 data 02125
    regex_detector_test.go:84: Expected label ZipCode, got  ([]), file ZipCode.csv:484 data 02126
    regex_detector_test.go:84: Expected label ZipCode, got  ([]), file ZipCode.csv:485 data 02127
    regex_detector_test.go:84: Expected label ZipCode, got  ([]), file ZipCode.csv:486 data 02128
    regex_detector_test.go:84: Expected label ZipCode, got  ([]), file ZipCode.csv:487 data 02129
    regex_detector_test.go:84: Expected label ZipCode, got  ([]), file ZipCode.csv:488 data 02130
    regex_detector_test.go:84: Expected label ZipCode, got  ([]), file ZipCode.csv:489 data 02131
    regex_detector_test.go:84: Expected label ZipCode, got  ([]), file ZipCode.csv:490 data 02132
    regex_detector_test.go:84: Expected label ZipCode, got  ([]), file ZipCode.csv:491 data 02133
    regex_detector_test.go:84: Expected label ZipCode, got  ([]), file ZipCode.csv:492 data 02134
    regex_detector_test.go:84: Expected label ZipCode, got  ([]), file ZipCode.csv:493 data 02135
    regex_detector_test.go:84: Expected label ZipCode, got  ([]), file ZipCode.csv:494 data 02136
    regex_detector_test.go:84: Expected label ZipCode, got  ([]), file ZipCode.csv:495 data 02138
    regex_detector_test.go:84: Expected label ZipCode, got  ([]), file ZipCode.csv:496 data 02139
    regex_detector_test.go:84: Expected label ZipCode, got  ([]), file ZipCode.csv:497 data 02140
    regex_detector_test.go:84: Expected label ZipCode, got  ([]), file ZipCode.csv:498 data 02141
    regex_detector_test.go:84: Expected label ZipCode, got  ([]), file ZipCode.csv:499 data 02142
    regex_detector_test.go:84: Expected label ZipCode, got  ([]), file ZipCode.csv:500 data 02143
    regex_detector_test.go:84: Expected label ZipCode, got  ([]), file ZipCode.csv:501 data 02144
    regex_detector_test.go:84: Expected label ZipCode, got  ([]), file ZipCode.csv:502 data 02145
    regex_detector_test.go:84: Expected label ZipCode, got  ([]), file ZipCode.csv:503 data 02148
    regex_detector_test.go:84: Expected label ZipCode, got  ([]), file ZipCode.csv:504 data 02149
    regex_detector_test.go:84: Expected label ZipCode, got  ([]), file ZipCode.csv:505 data 02150
    regex_detector_test.go:84: Expected label ZipCode, got  ([]), file ZipCode.csv:506 data 02151
    regex_detector_test.go:84: Expected label ZipCode, got  ([]), file ZipCode.csv:507 data 02152
    regex_detector_test.go:84: Expected label ZipCode, got  ([]), file ZipCode.csv:508 data 02155
    regex_detector_test.go:84: Expected label ZipCode, got  ([]), file ZipCode.csv:509 data 02163
    regex_detector_test.go:84: Expected label ZipCode, got  ([]), file ZipCode.csv:510 data 02169
    regex_detector_test.go:84: Expected label ZipCode, got  ([]), file ZipCode.csv:511 data 02170
    regex_detector_test.go:84: Expected label ZipCode, got  ([]), file ZipCode.csv:512 data 02171
    regex_detector_test.go:84: Expected label ZipCode, got  ([]), file ZipCode.csv:513 data 02176
    regex_detector_test.go:84: Expected label ZipCode, got  ([]), file ZipCode.csv:514 data 02180
    regex_detector_test.go:84: Expected label ZipCode, got  ([]), file ZipCode.csv:515 data 02184
    regex_detector_test.go:84: Expected label ZipCode, got  ([]), file ZipCode.csv:516 data 02186
    regex_detector_test.go:84: Expected label ZipCode, got  ([]), file ZipCode.csv:517 data 02188
    regex_detector_test.go:84: Expected label ZipCode, got  ([]), file ZipCode.csv:518 data 02189
    regex_detector_test.go:84: Expected label ZipCode, got  ([]), file ZipCode.csv:519 data 02190
    regex_detector_test.go:84: Expected label ZipCode, got  ([]), file ZipCode.csv:520 data 02191
    regex_detector_test.go:84: Expected label ZipCode, got  ([]), file ZipCode.csv:521 data 02199
    regex_detector_test.go:84: Expected label ZipCode, got  ([]), file ZipCode.csv:522 data 02203
    regex_detector_test.go:84: Expected label ZipCode, got  ([]), file ZipCode.csv:523 data 02205
    regex_detector_test.go:84: Expected label ZipCode, got  ([]), file ZipCode.csv:524 data 02210
    regex_detector_test.go:84: Expected label ZipCode, got  ([]), file ZipCode.csv:525 data 02215
    regex_detector_test.go:84: Expected label ZipCode, got  ([]), file ZipCode.csv:526 data 02301
    regex_detector_test.go:84: Expected label ZipCode, got  ([]), file ZipCode.csv:527 data 02302
    regex_detector_test.go:84: Expected label ZipCode, got  ([]), file ZipCode.csv:528 data 02322
    regex_detector_test.go:84: Expected label ZipCode, got  ([]), file ZipCode.csv:529 data 02324
    regex_detector_test.go:84: Expected label ZipCode, got  ([]), file ZipCode.csv:530 data 02325
    regex_detector_test.go:84: Expected label ZipCode, got  ([]), file ZipCode.csv:531 data 02330
    regex_detector_test.go:84: Expected label ZipCode, got  ([]), file ZipCode.csv:532 data 02332
    regex_detector_test.go:84: Expected label ZipCode, got  ([]), file ZipCode.csv:533 data 02333
    regex_detector_test.go:84: Expected label ZipCode, got  ([]), file ZipCode.csv:534 data 02338
    regex_detector_test.go:84: Expected label ZipCode, got  ([]), file ZipCode.csv:535 data 02339
    regex_detector_test.go:84: Expected label ZipCode, got  ([]), file ZipCode.csv:536 data 02341
    regex_detector_test.go:84: Expected label ZipCode, got  ([]), file ZipCode.csv:537 data 02343
    regex_detector_test.go:84: Expected label ZipCode, got  ([]), file ZipCode.csv:538 data 02346
    regex_detector_test.go:84: Expected label ZipCode, got  ([]), file ZipCode.csv:539 data 02347
    regex_detector_test.go:84: Expected label ZipCode, got  ([]), file ZipCode.csv:540 data 02350
    regex_detector_test.go:84: Expected label ZipCode, got  ([]), file ZipCode.csv:541 data 02351
    regex_detector_test.go:84: Expected label ZipCode, got  ([]), file ZipCode.csv:542 data 02356
    regex_detector_test.go:84: Expected label ZipCode, got  ([]), file ZipCode.csv:543 data 02357
    regex_detector_test.go:84: Expected label ZipCode, got  ([]), file ZipCode.csv:544 data 02359
    regex_detector_test.go:84: Expected label ZipCode, got  ([]), file ZipCode.csv:545 data 02360
    regex_detector_test.go:84: Expected label ZipCode, got  ([]), file ZipCode.csv:546 data 02364
    regex_detector_test.go:84: Expected label ZipCode, got  ([]), file ZipCode.csv:547 data 02366
    regex_detector_test.go:84: Expected label ZipCode, got  ([]), file ZipCode.csv:548 data 02367
    regex_detector_test.go:84: Expected label ZipCode, got  ([]), file ZipCode.csv:549 data 02368
    regex_detector_test.go:84: Expected label ZipCode, got  ([]), file ZipCode.csv:550 data 02370
    regex_detector_test.go:84: Expected label ZipCode, got  ([]), file ZipCode.csv:551 data 02375
    regex_detector_test.go:84: Expected label ZipCode, got  ([]), file ZipCode.csv:552 data 02379
    regex_detector_test.go:84: Expected label ZipCode, got  ([]), file ZipCode.csv:553 data 02382
    regex_detector_test.go:84: Expected label ZipCode, got  ([]), file ZipCode.csv:554 data 02420
    regex_detector_test.go:84: Expected label ZipCode, got  ([]), file ZipCode.csv:555 data 02421
    regex_detector_test.go:84: Expected label ZipCode, got  ([]), file ZipCode.csv:556 data 02445
    regex_detector_test.go:84: Expected label ZipCode, got  ([]), file ZipCode.csv:557 data 02446
    regex_detector_test.go:84: Expected label ZipCode, got  ([]), file ZipCode.csv:558 data 02451
    regex_detector_test.go:84: Expected label ZipCode, got  ([]), file ZipCode.csv:559 data 02452
    regex_detector_test.go:84: Expected label ZipCode, got  ([]), file ZipCode.csv:560 data 02453
    regex_detector_test.go:84: Expected label ZipCode, got  ([]), file ZipCode.csv:561 data 02457
    regex_detector_test.go:84: Expected label ZipCode, got  ([]), file ZipCode.csv:562 data 02458
    regex_detector_test.go:84: Expected label ZipCode, got  ([]), file ZipCode.csv:563 data 02459
    regex_detector_test.go:84: Expected label ZipCode, got  ([]), file ZipCode.csv:564 data 02460
    regex_detector_test.go:84: Expected label ZipCode, got  ([]), file ZipCode.csv:565 data 02461
    regex_detector_test.go:84: Expected label ZipCode, got  ([]), file ZipCode.csv:566 data 02462
    regex_detector_test.go:84: Expected label ZipCode, got  ([]), file ZipCode.csv:567 data 02464
    regex_detector_test.go:84: Expected label ZipCode, got  ([]), file ZipCode.csv:568 data 02465
    regex_detector_test.go:84: Expected label ZipCode, got  ([]), file ZipCode.csv:569 data 02466
    regex_detector_test.go:84: Expected label ZipCode, got  ([]), file ZipCode.csv:570 data 02467
    regex_detector_test.go:84: Expected label ZipCode, got  ([]), file ZipCode.csv:571 data 02468
    regex_detector_test.go:84: Expected label ZipCode, got  ([]), file ZipCode.csv:572 data 02472
    regex_detector_test.go:84: Expected label ZipCode, got  ([]), file ZipCode.csv:573 data 02474
    regex_detector_test.go:84: Expected label ZipCode, got  ([]), file ZipCode.csv:574 data 02476
    regex_detector_test.go:84: Expected label ZipCode, got  ([]), file ZipCode.csv:575 data 02478
    regex_detector_test.go:84: Expected label ZipCode, got  ([]), file ZipCode.csv:576 data 02481
    regex_detector_test.go:84: Expected label ZipCode, got  ([]), file ZipCode.csv:577 data 02482
    regex_detector_test.go:84: Expected label ZipCode, got  ([]), file ZipCode.csv:578 data 02492
    regex_detector_test.go:84: Expected label ZipCode, got  ([]), file ZipCode.csv:579 data 02493
    regex_detector_test.go:84: Expected label ZipCode, got  ([]), file ZipCode.csv:580 data 02494
    regex_detector_test.go:84: Expected label ZipCode, got  ([]), file ZipCode.csv:581 data 02532
    regex_detector_test.go:84: Expected label ZipCode, got  ([]), file ZipCode.csv:582 data 02534
    regex_detector_test.go:84: Expected label ZipCode, got  ([]), file ZipCode.csv:583 data 02535
    regex_detector_test.go:84: Expected label ZipCode, got  ([]), file ZipCode.csv:584 data 02536
    regex_detector_test.go:84: Expected label ZipCode, got  ([]), file ZipCode.csv:585 data 02537
    regex_detector_test.go:84: Expected label ZipCode, got  ([]), file ZipCode.csv:586 data 02538
    regex_detector_test.go:84: Expected label ZipCode, got  ([]), file ZipCode.csv:587 data 02539
    regex_detector_test.go:84: Expected label ZipCode, got  ([]), file ZipCode.csv:588 data 02540
    regex_detector_test.go:84: Expected label ZipCode, got  ([]), file ZipCode.csv:589 data 02542
    regex_detector_test.go:84: Expected label ZipCode, got  ([]), file ZipCode.csv:590 data 02543
    regex_detector_test.go:84: Expected label ZipCode, got  ([]), file ZipCode.csv:591 data 02553
    regex_detector_test.go:84: Expected label ZipCode, got  ([]), file ZipCode.csv:592 data 02554
    regex_detector_test.go:84: Expected label ZipCode, got  ([]), file ZipCode.csv:593 data 02556
    regex_detector_test.go:84: Expected label ZipCode, got  ([]), file ZipCode.csv:594 data 02557
    regex_detector_test.go:84: Expected label ZipCode, got  ([]), file ZipCode.csv:595 data 02558
    regex_detector_test.go:84: Expected label ZipCode, got  ([]), file ZipCode.csv:596 data 02559
    regex_detector_test.go:84: Expected label ZipCode, got  ([]), file ZipCode.csv:597 data 02561
    regex_detector_test.go:84: Expected label ZipCode, got  ([]), file ZipCode.csv:598 data 02562
    regex_detector_test.go:84: Expected label ZipCode, got  ([]), file ZipCode.csv:599 data 02563
    regex_detector_test.go:84: Expected label ZipCode, got  ([]), file ZipCode.csv:600 data 02564
    regex_detector_test.go:84: Expected label ZipCode, got  ([]), file ZipCode.csv:601 data 02568
    regex_detector_test.go:84: Expected label ZipCode, got  ([]), file ZipCode.csv:602 data 02571
    regex_detector_test.go:84: Expected label ZipCode, got  ([]), file ZipCode.csv:603 data 02575
    regex_detector_test.go:84: Expected label ZipCode, got  ([]), file ZipCode.csv:604 data 02576
    regex_detector_test.go:84: Expected label ZipCode, got  ([]), file ZipCode.csv:605 data 02584
    regex_detector_test.go:84: Expected label ZipCode, got  ([]), file ZipCode.csv:606 data 02601
    regex_detector_test.go:84: Expected label ZipCode, got  ([]), file ZipCode.csv:607 data 02630
    regex_detector_test.go:84: Expected label ZipCode, got  ([]), file ZipCode.csv:608 data 02631
    regex_detector_test.go:84: Expected label ZipCode, got  ([]), file ZipCode.csv:609 data 02632
    regex_detector_test.go:84: Expected label ZipCode, got  ([]), file ZipCode.csv:610 data 02633
    regex_detector_test.go:84: Expected label ZipCode, got  ([]), file ZipCode.csv:611 data 02635
    regex_detector_test.go:84: Expected label ZipCode, got  ([]), file ZipCode.csv:612 data 02637
    regex_detector_test.go:84: Expected label ZipCode, got  ([]), file ZipCode.csv:613 data 02638
    regex_detector_test.go:84: Expected label ZipCode, got  ([]), file ZipCode.csv:614 data 02639
    regex_detector_test.go:84: Expected label ZipCode, got  ([]), file ZipCode.csv:615 data 02641
    regex_detector_test.go:84: Expected label ZipCode, got  ([]), file ZipCode.csv:616 data 02642
    regex_detector_test.go:84: Expected label ZipCode, got  ([]), file ZipCode.csv:617 data 02643
    regex_detector_test.go:84: Expected label ZipCode, got  ([]), file ZipCode.csv:618 data 02644
    regex_detector_test.go:84: Expected label ZipCode, got  ([]), file ZipCode.csv:619 data 02645
    regex_detector_test.go:84: Expected label ZipCode, got  ([]), file ZipCode.csv:620 data 02646
    regex_detector_test.go:84: Expected label ZipCode, got  ([]), file ZipCode.csv:621 data 02647
    regex_detector_test.go:84: Expected label ZipCode, got  ([]), file ZipCode.csv:622 data 02648
    regex_detector_test.go:84: Expected label ZipCode, got  ([]), file ZipCode.csv:623 data 02649
    regex_detector_test.go:84: Expected label ZipCode, got  ([]), file ZipCode.csv:624 data 02650
    regex_detector_test.go:84: Expected label ZipCode, got  ([]), file ZipCode.csv:625 data 02652
    regex_detector_test.go:84: Expected label ZipCode, got  ([]), file ZipCode.csv:626 data 02653
    regex_detector_test.go:84: Expected label ZipCode, got  ([]), file ZipCode.csv:627 data 02655
    regex_detector_test.go:84: Expected label ZipCode, got  ([]), file ZipCode.csv:628 data 02657
    regex_detector_test.go:84: Expected label ZipCode, got  ([]), file ZipCode.csv:629 data 02659
    regex_detector_test.go:84: Expected label ZipCode, got  ([]), file ZipCode.csv:630 data 02660
    regex_detector_test.go:84: Expected label ZipCode, got  ([]), file ZipCode.csv:631 data 02663
    regex_detector_test.go:84: Expected label ZipCode, got  ([]), file ZipCode.csv:632 data 02664
    regex_detector_test.go:84: Expected label ZipCode, got  ([]), file ZipCode.csv:633 data 02666
    regex_detector_test.go:84: Expected label ZipCode, got  ([]), file ZipCode.csv:634 data 02667
    regex_detector_test.go:84: Expected label ZipCode, got  ([]), file ZipCode.csv:635 data 02668
    regex_detector_test.go:84: Expected label ZipCode, got  ([]), file ZipCode.csv:636 data 02670
    regex_detector_test.go:84: Expected label ZipCode, got  ([]), file ZipCode.csv:637 data 02671
    regex_detector_test.go:84: Expected label ZipCode, got  ([]), file ZipCode.csv:638 data 02672
    regex_detector_test.go:84: Expected label ZipCode, got  ([]), file ZipCode.csv:639 data 02673
    regex_detector_test.go:84: Expected label ZipCode, got  ([]), file ZipCode.csv:640 data 02675
    regex_detector_test.go:84: Expected label ZipCode, got  ([]), file ZipCode.csv:641 data 02702
    regex_detector_test.go:84: Expected label ZipCode, got  ([]), file ZipCode.csv:642 data 02703
    regex_detector_test.go:84: Expected label ZipCode, got  ([]), file ZipCode.csv:643 data 02713
    regex_detector_test.go:84: Expected label ZipCode, got  ([]), file ZipCode.csv:644 data 02715
    regex_detector_test.go:84: Expected label ZipCode, got  ([]), file ZipCode.csv:645 data 02717
    regex_detector_test.go:84: Expected label ZipCode, got  ([]), file ZipCode.csv:646 data 02718
    regex_detector_test.go:84: Expected label ZipCode, got  ([]), file ZipCode.csv:647 data 02719
    regex_detector_test.go:84: Expected label ZipCode, got  ([]), file ZipCode.csv:648 data 02720
    regex_detector_test.go:84: Expected label ZipCode, got  ([]), file ZipCode.csv:649 data 02721
    regex_detector_test.go:84: Expected label ZipCode, got  ([]), file ZipCode.csv:650 data 02723
    regex_detector_test.go:84: Expected label ZipCode, got  ([]), file ZipCode.csv:651 data 02724
    regex_detector_test.go:84: Expected label ZipCode, got  ([]), file ZipCode.csv:652 data 02725
    regex_detector_test.go:84: Expected label ZipCode, got  ([]), file ZipCode.csv:653 data 02726
    regex_detector_test.go:84: Expected label ZipCode, got  ([]), file ZipCode.csv:654 data 02738
    regex_detector_test.go:84: Expected label ZipCode, got  ([]), file ZipCode.csv:655 data 02739
    regex_detector_test.go:84: Expected label ZipCode, got  ([]), file ZipCode.csv:656 data 02740
    regex_detector_test.go:84: Expected label ZipCode, got  ([]), file ZipCode.csv:657 data 02743
    regex_detector_test.go:84: Expected label ZipCode, got  ([]), file ZipCode.csv:658 data 02744
    regex_detector_test.go:84: Expected label ZipCode, got  ([]), file ZipCode.csv:659 data 02745
    regex_detector_test.go:84: Expected label ZipCode, got  ([]), file ZipCode.csv:660 data 02746
    regex_detector_test.go:84: Expected label ZipCode, got  ([]), file ZipCode.csv:661 data 02747
    regex_detector_test.go:84: Expected label ZipCode, got  ([]), file ZipCode.csv:662 data 02748
    regex_detector_test.go:84: Expected label ZipCode, got  ([]), file ZipCode.csv:663 data 02760
    regex_detector_test.go:84: Expected label ZipCode, got  ([]), file ZipCode.csv:664 data 02762
    regex_detector_test.go:84: Expected label ZipCode, got  ([]), file ZipCode.csv:665 data 02763
    regex_detector_test.go:84: Expected label ZipCode, got  ([]), file ZipCode.csv:666 data 02764
    regex_detector_test.go:84: Expected label ZipCode, got  ([]), file ZipCode.csv:667 data 02766
    regex_detector_test.go:84: Expected label ZipCode, got  ([]), file ZipCode.csv:668 data 02767
    regex_detector_test.go:84: Expected label ZipCode, got  ([]), file ZipCode.csv:669 data 02769
    regex_detector_test.go:84: Expected label ZipCode, got  ([]), file ZipCode.csv:670 data 02770
    regex_detector_test.go:84: Expected label ZipCode, got  ([]), file ZipCode.csv:671 data 02771
    regex_detector_test.go:84: Expected label ZipCode, got  ([]), file ZipCode.csv:672 data 02777
    regex_detector_test.go:84: Expected label ZipCode, got  ([]), file ZipCode.csv:673 data 02779
    regex_detector_test.go:84: Expected label ZipCode, got  ([]), file ZipCode.csv:674 data 02780
    regex_detector_test.go:84: Expected label ZipCode, got  ([]), file ZipCode.csv:675 data 02790
    regex_detector_test.go:84: Expected label ZipCode, got  ([]), file ZipCode.csv:676 data 02791
    regex_detector_test.go:84: Expected label ZipCode, got  ([]), file ZipCode.csv:677 data 02802
    regex_detector_test.go:84: Expected label ZipCode, got  ([]), file ZipCode.csv:678 data 02804
    regex_detector_test.go:84: Expected label ZipCode, got  ([]), file ZipCode.csv:679 data 02806
    regex_detector_test.go:84: Expected label ZipCode, got  ([]), file ZipCode.csv:680 data 02807
    regex_detector_test.go:84: Expected label ZipCode, got  ([]), file ZipCode.csv:681 data 02808
    regex_detector_test.go:84: Expected label ZipCode, got  ([]), file ZipCode.csv:682 data 02809
    regex_detector_test.go:84: Expected label ZipCode, got  ([]), file ZipCode.csv:683 data 02812
    regex_detector_test.go:84: Expected label ZipCode, got  ([]), file ZipCode.csv:684 data 02813
    regex_detector_test.go:84: Expected label ZipCode, got  ([]), file ZipCode.csv:685 data 02814
    regex_detector_test.go:84: Expected label ZipCode, got  ([]), file ZipCode.csv:686 data 02815
    regex_detector_test.go:84: Expected label ZipCode, got  ([]), file ZipCode.csv:687 data 02816
    regex_detector_test.go:84: Expected label ZipCode, got  ([]), file ZipCode.csv:688 data 02817
    regex_detector_test.go:84: Expected label ZipCode, got  ([]), file ZipCode.csv:689 data 02818
    regex_detector_test.go:84: Expected label ZipCode, got  ([]), file ZipCode.csv:690 data 02822
    regex_detector_test.go:84: Expected label ZipCode, got  ([]), file ZipCode.csv:691 data 02823
    regex_detector_test.go:84: Expected label ZipCode, got  ([]), file ZipCode.csv:692 data 02824
    regex_detector_test.go:84: Expected label ZipCode, got  ([]), file ZipCode.csv:693 data 02825
    regex_detector_test.go:84: Expected label ZipCode, got  ([]), file ZipCode.csv:694 data 02826
    regex_detector_test.go:84: Expected label ZipCode, got  ([]), file ZipCode.csv:695 data 02827
    regex_detector_test.go:84: Expected label ZipCode, got  ([]), file ZipCode.csv:696 data 02828
    regex_detector_test.go:84: Expected label ZipCode, got  ([]), file ZipCode.csv:697 data 02829
    regex_detector_test.go:84: Expected label ZipCode, got  ([]), file ZipCode.csv:698 data 02830
    regex_detector_test.go:84: Expected label ZipCode, got  ([]), file ZipCode.csv:699 data 02831
    regex_detector_test.go:84: Expected label ZipCode, got  ([]), file ZipCode.csv:700 data 02832
    regex_detector_test.go:84: Expected label ZipCode, got  ([]), file ZipCode.csv:701 data 02833
    regex_detector_test.go:84: Expected label ZipCode, got  ([]), file ZipCode.csv:702 data 02835
    regex_detector_test.go:84: Expected label ZipCode, got  ([]), file ZipCode.csv:703 data 02836
    regex_detector_test.go:84: Expected label ZipCode, got  ([]), file ZipCode.csv:704 data 02837
    regex_detector_test.go:84: Expected label ZipCode, got  ([]), file ZipCode.csv:705 data 02838
    regex_detector_test.go:84: Expected label ZipCode, got  ([]), file ZipCode.csv:706 data 02839
    regex_detector_test.go:84: Expected label ZipCode, got  ([]), file ZipCode.csv:707 data 02840
    regex_detector_test.go:84: Expected label ZipCode, got  ([]), file ZipCode.csv:708 data 02841
    regex_detector_test.go:84: Expected label ZipCode, got  ([]), file ZipCode.csv:709 data 02842
    regex_detector_test.go:84: Expected label ZipCode, got  ([]), file ZipCode.csv:710 data 02852
    regex_detector_test.go:84: Expected label ZipCode, got  ([]), file ZipCode.csv:711 data 02857
    regex_detector_test.go:84: Expected label ZipCode, got  ([]), file ZipCode.csv:712 data 02858
    regex_detector_test.go:84: Expected label ZipCode, got  ([]), file ZipCode.csv:713 data 02859
    regex_detector_test.go:84: Expected label ZipCode, got  ([]), file ZipCode.csv:714 data 02860
    regex_detector_test.go:84: Expected label ZipCode, got  ([]), file ZipCode.csv:715 data 02861
    regex_detector_test.go:84: Expected label ZipCode, got  ([]), file ZipCode.csv:716 data 02863
    regex_detector_test.go:84: Expected label ZipCode, got  ([]), file ZipCode.csv:717 data 02864
    regex_detector_test.go:84: Expected label ZipCode, got  ([]), file ZipCode.csv:718 data 02865
    regex_detector_test.go:84: Expected label ZipCode, got  ([]), file ZipCode.csv:719 data 02871
    regex_detector_test.go:84: Expected label ZipCode, got  ([]), file ZipCode.csv:720 data 02872
    regex_detector_test.go:84: Expected label ZipCode, got  ([]), file ZipCode.csv:721 data 02873
    regex_detector_test.go:84: Expected label ZipCode, got  ([]), file ZipCode.csv:722 data 02874
    regex_detector_test.go:84: Expected label ZipCode, got  ([]), file ZipCode.csv:723 data 02875
    regex_detector_test.go:84: Expected label ZipCode, got  ([]), file ZipCode.csv:724 data 02876
    regex_detector_test.go:84: Expected label ZipCode, got  ([]), file ZipCode.csv:725 data 02878
    regex_detector_test.go:84: Expected label ZipCode, got  ([]), file ZipCode.csv:726 data 02879
    regex_detector_test.go:84: Expected label ZipCode, got  ([]), file ZipCode.csv:727 data 02881
    regex_detector_test.go:84: Expected label ZipCode, got  ([]), file ZipCode.csv:728 data 02882
    regex_detector_test.go:84: Expected label ZipCode, got  ([]), file ZipCode.csv:729 data 02885
    regex_detector_test.go:84: Expected label ZipCode, got  ([]), file ZipCode.csv:730 data 02886
    regex_detector_test.go:84: Expected label ZipCode, got  ([]), file ZipCode.csv:731 data 02888
    regex_detector_test.go:84: Expected label ZipCode, got  ([]), file ZipCode.csv:732 data 02889
    regex_detector_test.go:84: Expected label ZipCode, got  ([]), file ZipCode.csv:733 data 02891
    regex_detector_test.go:84: Expected label ZipCode, got  ([]), file ZipCode.csv:734 data 02892
    regex_detector_test.go:84: Expected label ZipCode, got  ([]), file ZipCode.csv:735 data 02893
    regex_detector_test.go:84: Expected label ZipCode, got  ([]), file ZipCode.csv:736 data 02894
    regex_detector_test.go:84: Expected label ZipCode, got  ([]), file ZipCode.csv:737 data 02895
    regex_detector_test.go:84: Expected label ZipCode, got  ([]), file ZipCode.csv:738 data 02896
    regex_detector_test.go:84: Expected label ZipCode, got  ([]), file ZipCode.csv:739 data 02898
    regex_detector_test.go:84: Expected label ZipCode, got  ([]), file ZipCode.csv:740 data 02903
    regex_detector_test.go:84: Expected label ZipCode, got  ([]), file ZipCode.csv:741 data 02904
    regex_detector_test.go:84: Expected label ZipCode, got  ([]), file ZipCode.csv:742 data 02905
    regex_detector_test.go:84: Expected label ZipCode, got  ([]), file ZipCode.csv:743 data 02906
    regex_detector_test.go:84: Expected label ZipCode, got  ([]), file ZipCode.csv:744 data 02907
    regex_detector_test.go:84: Expected label ZipCode, got  ([]), file ZipCode.csv:745 data 02908
    regex_detector_test.go:84: Expected label ZipCode, got  ([]), file ZipCode.csv:746 data 02909
    regex_detector_test.go:84: Expected label ZipCode, got  ([]), file ZipCode.csv:747 data 02910
    regex_detector_test.go:84: Expected label ZipCode, got  ([]), file ZipCode.csv:748 data 02911
    regex_detector_test.go:84: Expected label ZipCode, got  ([]), file ZipCode.csv:749 data 02912
    regex_detector_test.go:84: Expected label ZipCode, got  ([]), file ZipCode.csv:750 data 02914
    regex_detector_test.go:84: Expected label ZipCode, got  ([]), file ZipCode.csv:751 data 02915
    regex_detector_test.go:84: Expected label ZipCode, got  ([]), file ZipCode.csv:752 data 02916
    regex_detector_test.go:84: Expected label ZipCode, got  ([]), file ZipCode.csv:753 data 02917
    regex_detector_test.go:84: Expected label ZipCode, got  ([]), file ZipCode.csv:754 data 02918
    regex_detector_test.go:84: Expected label ZipCode, got  ([]), file ZipCode.csv:755 data 02919
    regex_detector_test.go:84: Expected label ZipCode, got  ([]), file ZipCode.csv:756 data 02920
    regex_detector_test.go:84: Expected label ZipCode, got  ([]), file ZipCode.csv:757 data 02921
    regex_detector_test.go:84: Expected label ZipCode, got  ([]), file ZipCode.csv:758 data 03031
    regex_detector_test.go:84: Expected label ZipCode, got  ([]), file ZipCode.csv:759 data 03032
    regex_detector_test.go:84: Expected label ZipCode, got  ([]), file ZipCode.csv:760 data 03033
    regex_detector_test.go:84: Expected label ZipCode, got  ([]), file ZipCode.csv:761 data 03034
    regex_detector_test.go:84: Expected label ZipCode, got  ([]), file ZipCode.csv:762 data 03036
    regex_detector_test.go:84: Expected label ZipCode, got  ([]), file ZipCode.csv:763 data 03037
    regex_detector_test.go:84: Expected label ZipCode, got  ([]), file ZipCode.csv:764 data 03038
    regex_detector_test.go:84: Expected label ZipCode, got  ([]), file ZipCode.csv:765 data 03042
    regex_detector_test.go:84: Expected label ZipCode, got  ([]), file ZipCode.csv:766 data 03043
    regex_detector_test.go:84: Expected label ZipCode, got  ([]), file ZipCode.csv:767 data 03044
    regex_detector_test.go:84: Expected label ZipCode, got  ([]), file ZipCode.csv:768 data 03045
    regex_detector_test.go:84: Expected label ZipCode, got  ([]), file ZipCode.csv:769 data 03046
    regex_detector_test.go:84: Expected label ZipCode, got  ([]), file ZipCode.csv:770 data 03047
    regex_detector_test.go:84: Expected label ZipCode, got  ([]), file ZipCode.csv:771 data 03048
    regex_detector_test.go:84: Expected label ZipCode, got  ([]), file ZipCode.csv:772 data 03049
    regex_detector_test.go:84: Expected label ZipCode, got  ([]), file ZipCode.csv:773 data 03051
    regex_detector_test.go:84: Expected label ZipCode, got  ([]), file ZipCode.csv:774 data 03052
    regex_detector_test.go:84: Expected label ZipCode, got  ([]), file ZipCode.csv:775 data 03053
    regex_detector_test.go:84: Expected label ZipCode, got  ([]), file ZipCode.csv:776 data 03054
    regex_detector_test.go:84: Expected label ZipCode, got  ([]), file ZipCode.csv:777 data 03055
    regex_detector_test.go:84: Expected label ZipCode, got  ([]), file ZipCode.csv:778 data 03057
    regex_detector_test.go:84: Expected label ZipCode, got  ([]), file ZipCode.csv:779 data 03060
    regex_detector_test.go:84: Expected label ZipCode, got  ([]), file ZipCode.csv:780 data 03062
    regex_detector_test.go:84: Expected label ZipCode, got  ([]), file ZipCode.csv:781 data 03063
    regex_detector_test.go:84: Expected label ZipCode, got  ([]), file ZipCode.csv:782 data 03064
    regex_detector_test.go:84: Expected label ZipCode, got  ([]), file ZipCode.csv:783 data 03070
    regex_detector_test.go:84: Expected label ZipCode, got  ([]), file ZipCode.csv:784 data 03071
    regex_detector_test.go:84: Expected label ZipCode, got  ([]), file ZipCode.csv:785 data 03076
    regex_detector_test.go:84: Expected label ZipCode, got  ([]), file ZipCode.csv:786 data 03077
    regex_detector_test.go:84: Expected label ZipCode, got  ([]), file ZipCode.csv:787 data 03079
    regex_detector_test.go:84: Expected label ZipCode, got  ([]), file ZipCode.csv:788 data 03082
    regex_detector_test.go:84: Expected label ZipCode, got  ([]), file ZipCode.csv:789 data 03084
    regex_detector_test.go:84: Expected label ZipCode, got  ([]), file ZipCode.csv:790 data 03086
    regex_detector_test.go:84: Expected label ZipCode, got  ([]), file ZipCode.csv:791 data 03087
    regex_detector_test.go:84: Expected label ZipCode, got  ([]), file ZipCode.csv:792 data 03101
    regex_detector_test.go:84: Expected label ZipCode, got  ([]), file ZipCode.csv:793 data 03102
    regex_detector_test.go:84: Expected label ZipCode, got  ([]), file ZipCode.csv:794 data 03103
    regex_detector_test.go:84: Expected label ZipCode, got  ([]), file ZipCode.csv:795 data 03104
    regex_detector_test.go:84: Expected label ZipCode, got  ([]), file ZipCode.csv:796 data 03106
    regex_detector_test.go:84: Expected label ZipCode, got  ([]), file ZipCode.csv:797 data 03109
    regex_detector_test.go:84: Expected label ZipCode, got  ([]), file ZipCode.csv:798 data 03110
    regex_detector_test.go:84: Expected label ZipCode, got  ([]), file ZipCode.csv:799 data 03215
    regex_detector_test.go:84: Expected label ZipCode, got  ([]), file ZipCode.csv:800 data 03216
    regex_detector_test.go:84: Expected label ZipCode, got  ([]), file ZipCode.csv:801 data 03217
    regex_detector_test.go:84: Expected label ZipCode, got  ([]), file ZipCode.csv:802 data 03218
    regex_detector_test.go:84: Expected label ZipCode, got  ([]), file ZipCode.csv:803 data 03220
    regex_detector_test.go:84: Expected label ZipCode, got  ([]), file ZipCode.csv:804 data 03221
    regex_detector_test.go:84: Expected label ZipCode, got  ([]), file ZipCode.csv:805 data 03222
    regex_detector_test.go:84: Expected label ZipCode, got  ([]), file ZipCode.csv:806 data 03223
    regex_detector_test.go:84: Expected label ZipCode, got  ([]), file ZipCode.csv:807 data 03224
    regex_detector_test.go:84: Expected label ZipCode, got  ([]), file ZipCode.csv:808 data 03225
    regex_detector_test.go:84: Expected label ZipCode, got  ([]), file ZipCode.csv:809 data 03226
    regex_detector_test.go:84: Expected label ZipCode, got  ([]), file ZipCode.csv:810 data 03227
    regex_detector_test.go:84: Expected label ZipCode, got  ([]), file ZipCode.csv:811 data 03229
    regex_detector_test.go:84: Expected label ZipCode, got  ([]), file ZipCode.csv:812 data 03230
    regex_detector_test.go:84: Expected label ZipCode, got  ([]), file ZipCode.csv:813 data 03231
    regex_detector_test.go:84: Expected label ZipCode, got  ([]), file ZipCode.csv:814 data 03233
    regex_detector_test.go:84: Expected label ZipCode, got  ([]), file ZipCode.csv:815 data 03234
    regex_detector_test.go:84: Expected label ZipCode, got  ([]), file ZipCode.csv:816 data 03235
    regex_detector_test.go:84: Expected label ZipCode, got  ([]), file ZipCode.csv:817 data 03237
    regex_detector_test.go:84: Expected label ZipCode, got  ([]), file ZipCode.csv:818 data 03238
    regex_detector_test.go:84: Expected label ZipCode, got  ([]), file ZipCode.csv:819 data 03240
    regex_detector_test.go:84: Expected label ZipCode, got  ([]), file ZipCode.csv:820 data 03241
    regex_detector_test.go:84: Expected label ZipCode, got  ([]), file ZipCode.csv:821 data 03242
    regex_detector_test.go:84: Expected label ZipCode, got  ([]), file ZipCode.csv:822 data 03243
    regex_detector_test.go:84: Expected label ZipCode, got  ([]), file ZipCode.csv:823 data 03244
    regex_detector_test.go:84: Expected label ZipCode, got  ([]), file ZipCode.csv:824 data 03245
    regex_detector_test.go:84: Expected label ZipCode, got  ([]), file ZipCode.csv:825 data 03246
    regex_detector_test.go:84: Expected label ZipCode, got  ([]), file ZipCode.csv:826 data 03249
    regex_detector_test.go:84: Expected label ZipCode, got  ([]), file ZipCode.csv:827 data 03251
    regex_detector_test.go:84: Expected label ZipCode, got  ([]), file ZipCode.csv:828 data 03253
    regex_detector_test.go:84: Expected label ZipCode, got  ([]), file ZipCode.csv:829 data 03254
    regex_detector_test.go:84: Expected label ZipCode, got  ([]), file ZipCode.csv:830 data 03255
    regex_detector_test.go:84: Expected label ZipCode, got  ([]), file ZipCode.csv:831 data 03256
    regex_detector_test.go:84: Expected label ZipCode, got  ([]), file ZipCode.csv:832 data 03257
    regex_detector_test.go:84: Expected label ZipCode, got  ([]), file ZipCode.csv:833 data 03258
    regex_detector_test.go:84: Expected label ZipCode, got  ([]), file ZipCode.csv:834 data 03259
    regex_detector_test.go:84: Expected label ZipCode, got  ([]), file ZipCode.csv:835 data 03260
    regex_detector_test.go:84: Expected label ZipCode, got  ([]), file ZipCode.csv:836 data 03261
    regex_detector_test.go:84: Expected label ZipCode, got  ([]), file ZipCode.csv:837 data 03262
    regex_detector_test.go:84: Expected label ZipCode, got  ([]), file ZipCode.csv:838 data 03263
    regex_detector_test.go:84: Expected label ZipCode, got  ([]), file ZipCode.csv:839 data 03264
    regex_detector_test.go:84: Expected label ZipCode, got  ([]), file ZipCode.csv:840 data 03266
    regex_detector_test.go:84: Expected label ZipCode, got  ([]), file ZipCode.csv:841 data 03268
    regex_detector_test.go:84: Expected label ZipCode, got  ([]), file ZipCode.csv:842 data 03269
    regex_detector_test.go:84: Expected label ZipCode, got  ([]), file ZipCode.csv:843 data 03273
    regex_detector_test.go:84: Expected label ZipCode, got  ([]), file ZipCode.csv:844 data 03275
    regex_detector_test.go:84: Expected label ZipCode, got  ([]), file ZipCode.csv:845 data 03276
    regex_detector_test.go:84: Expected label ZipCode, got  ([]), file ZipCode.csv:846 data 03278
    regex_detector_test.go:84: Expected label ZipCode, got  ([]), file ZipCode.csv:847 data 03279
    regex_detector_test.go:84: Expected label ZipCode, got  ([]), file ZipCode.csv:848 data 03280
    regex_detector_test.go:84: Expected label ZipCode, got  ([]), file ZipCode.csv:849 data 03281
    regex_detector_test.go:84: Expected label ZipCode, got  ([]), file ZipCode.csv:850 data 03282
    regex_detector_test.go:84: Expected label ZipCode, got  ([]), file ZipCode.csv:851 data 03284
    regex_detector_test.go:84: Expected label ZipCode, got  ([]), file ZipCode.csv:852 data 03285
    regex_detector_test.go:84: Expected label ZipCode, got  ([]), file ZipCode.csv:853 data 03287
    regex_detector_test.go:84: Expected label ZipCode, got  ([]), file ZipCode.csv:854 data 03290
    regex_detector_test.go:84: Expected label ZipCode, got  ([]), file ZipCode.csv:855 data 03291
    regex_detector_test.go:84: Expected label ZipCode, got  ([]), file ZipCode.csv:856 data 03293
    regex_detector_test.go:84: Expected label ZipCode, got  ([]), file ZipCode.csv:857 data 03301
    regex_detector_test.go:84: Expected label ZipCode, got  ([]), file ZipCode.csv:858 data 03303
    regex_detector_test.go:84: Expected label ZipCode, got  ([]), file ZipCode.csv:859 data 03304
    regex_detector_test.go:84: Expected label ZipCode, got  ([]), file ZipCode.csv:860 data 03307
    regex_detector_test.go:84: Expected label ZipCode, got  ([]), file ZipCode.csv:861 data 03431
    regex_detector_test.go:84: Expected label ZipCode, got  ([]), file ZipCode.csv:862 data 03440
    regex_detector_test.go:84: Expected label ZipCode, got  ([]), file ZipCode.csv:863 data 03441
    regex_detector_test.go:84: Expected label ZipCode, got  ([]), file ZipCode.csv:864 data 03442
    regex_detector_test.go:84: Expected label ZipCode, got  ([]), file ZipCode.csv:865 data 03443
    regex_detector_test.go:84: Expected label ZipCode, got  ([]), file ZipCode.csv:866 data 03444
    regex_detector_test.go:84: Expected label ZipCode, got  ([]), file ZipCode.csv:867 data 03445
    regex_detector_test.go:84: Expected label ZipCode, got  ([]), file ZipCode.csv:868 data 03446
    regex_detector_test.go:84: Expected label ZipCode, got  ([]), file ZipCode.csv:869 data 03447
    regex_detector_test.go:84: Expected label ZipCode, got  ([]), file ZipCode.csv:870 data 03448
    regex_detector_test.go:84: Expected label ZipCode, got  ([]), file ZipCode.csv:871 data 03449
    regex_detector_test.go:84: Expected label ZipCode, got  ([]), file ZipCode.csv:872 data 03450
    regex_detector_test.go:84: Expected label ZipCode, got  ([]), file ZipCode.csv:873 data 03451
    regex_detector_test.go:84: Expected label ZipCode, got  ([]), file ZipCode.csv:874 data 03452
    regex_detector_test.go:84: Expected label ZipCode, got  ([]), file ZipCode.csv:875 data 03455
    regex_detector_test.go:84: Expected label ZipCode, got  ([]), file ZipCode.csv:876 data 03456
    regex_detector_test.go:84: Expected label ZipCode, got  ([]), file ZipCode.csv:877 data 03457
    regex_detector_test.go:84: Expected label ZipCode, got  ([]), file ZipCode.csv:878 data 03458
    regex_detector_test.go:84: Expected label ZipCode, got  ([]), file ZipCode.csv:879 data 03461
    regex_detector_test.go:84: Expected label ZipCode, got  ([]), file ZipCode.csv:880 data 03462
    regex_detector_test.go:84: Expected label ZipCode, got  ([]), file ZipCode.csv:881 data 03464
    regex_detector_test.go:84: Expected label ZipCode, got  ([]), file ZipCode.csv:882 data 03465
    regex_detector_test.go:84: Expected label ZipCode, got  ([]), file ZipCode.csv:883 data 03466
    regex_detector_test.go:84: Expected label ZipCode, got  ([]), file ZipCode.csv:884 data 03467
    regex_detector_test.go:84: Expected label ZipCode, got  ([]), file ZipCode.csv:885 data 03470
    regex_detector_test.go:84: Expected label ZipCode, got  ([]), file ZipCode.csv:886 data 03561
    regex_detector_test.go:84: Expected label ZipCode, got  ([]), file ZipCode.csv:887 data 03570
    regex_detector_test.go:84: Expected label ZipCode, got  ([]), file ZipCode.csv:888 data 03574
    regex_detector_test.go:84: Expected label ZipCode, got  ([]), file ZipCode.csv:889 data 03575
    regex_detector_test.go:84: Expected label ZipCode, got  ([]), file ZipCode.csv:890 data 03576
    regex_detector_test.go:84: Expected label ZipCode, got  ([]), file ZipCode.csv:891 data 03579
    regex_detector_test.go:84: Expected label ZipCode, got  ([]), file ZipCode.csv:892 data 03580
    regex_detector_test.go:84: Expected label ZipCode, got  ([]), file ZipCode.csv:893 data 03581
    regex_detector_test.go:84: Expected label ZipCode, got  ([]), file ZipCode.csv:894 data 03582
    regex_detector_test.go:84: Expected label ZipCode, got  ([]), file ZipCode.csv:895 data 03583
    regex_detector_test.go:84: Expected label ZipCode, got  ([]), file ZipCode.csv:896 data 03584
    regex_detector_test.go:84: Expected label ZipCode, got  ([]), file ZipCode.csv:897 data 03585
    regex_detector_test.go:84: Expected label ZipCode, got  ([]), file ZipCode.csv:898 data 03586
    regex_detector_test.go:84: Expected label ZipCode, got  ([]), file ZipCode.csv:899 data 03588
    regex_detector_test.go:84: Expected label ZipCode, got  ([]), file ZipCode.csv:900 data 03590
    regex_detector_test.go:84: Expected label ZipCode, got  ([]), file ZipCode.csv:901 data 03592
    regex_detector_test.go:84: Expected label ZipCode, got  ([]), file ZipCode.csv:902 data 03593
    regex_detector_test.go:84: Expected label ZipCode, got  ([]), file ZipCode.csv:903 data 03595
    regex_detector_test.go:84: Expected label ZipCode, got  ([]), file ZipCode.csv:904 data 03597
    regex_detector_test.go:84: Expected label ZipCode, got  ([]), file ZipCode.csv:905 data 03598
    regex_detector_test.go:84: Expected label ZipCode, got  ([]), file ZipCode.csv:906 data 03601
    regex_detector_test.go:84: Expected label ZipCode, got  ([]), file ZipCode.csv:907 data 03602
    regex_detector_test.go:84: Expected label ZipCode, got  ([]), file ZipCode.csv:908 data 03603
    regex_detector_test.go:84: Expected label ZipCode, got  ([]), file ZipCode.csv:909 data 03604
    regex_detector_test.go:84: Expected label ZipCode, got  ([]), file ZipCode.csv:910 data 03605
    regex_detector_test.go:84: Expected label ZipCode, got  ([]), file ZipCode.csv:911 data 03607
    regex_detector_test.go:84: Expected label ZipCode, got  ([]), file ZipCode.csv:912 data 03608
    regex_detector_test.go:84: Expected label ZipCode, got  ([]), file ZipCode.csv:913 data 03609
    regex_detector_test.go:84: Expected label ZipCode, got  ([]), file ZipCode.csv:914 data 03740
    regex_detector_test.go:84: Expected label ZipCode, got  ([]), file ZipCode.csv:915 data 03741
    regex_detector_test.go:84: Expected label ZipCode, got  ([]), file ZipCode.csv:916 data 03743
    regex_detector_test.go:84: Expected label ZipCode, got  ([]), file ZipCode.csv:917 data 03745
    regex_detector_test.go:84: Expected label ZipCode, got  ([]), file ZipCode.csv:918 data 03748
    regex_detector_test.go:84: Expected label ZipCode, got  ([]), file ZipCode.csv:919 data 03750
    regex_detector_test.go:84: Expected label ZipCode, got  ([]), file ZipCode.csv:920 data 03751
    regex_detector_test.go:84: Expected label ZipCode, got  ([]), file ZipCode.csv:921 data 03752
    regex_detector_test.go:84: Expected label ZipCode, got  ([]), file ZipCode.csv:922 data 03753
    regex_detector_test.go:84: Expected label ZipCode, got  ([]), file ZipCode.csv:923 data 03755
    regex_detector_test.go:84: Expected label ZipCode, got  ([]), file ZipCode.csv:924 data 03765
    regex_detector_test.go:84: Expected label ZipCode, got  ([]), file ZipCode.csv:925 data 03766
    regex_detector_test.go:84: Expected label ZipCode, got  ([]), file ZipCode.csv:926 data 03768
    regex_detector_test.go:84: Expected label ZipCode, got  ([]), file ZipCode.csv:927 data 03770
    regex_detector_test.go:84: Expected label ZipCode, got  ([]), file ZipCode.csv:928 data 03771
    regex_detector_test.go:84: Expected label ZipCode, got  ([]), file ZipCode.csv:929 data 03773
    regex_detector_test.go:84: Expected label ZipCode, got  ([]), file ZipCode.csv:930 data 03774
    regex_detector_test.go:84: Expected label ZipCode, got  ([]), file ZipCode.csv:931 data 03777
    regex_detector_test.go:84: Expected label ZipCode, got  ([]), file ZipCode.csv:932 data 03779
    regex_detector_test.go:84: Expected label ZipCode, got  ([]), file ZipCode.csv:933 data 03780
    regex_detector_test.go:84: Expected label ZipCode, got  ([]), file ZipCode.csv:934 data 03781
    regex_detector_test.go:84: Expected label ZipCode, got  ([]), file ZipCode.csv:935 data 03782
    regex_detector_test.go:84: Expected label ZipCode, got  ([]), file ZipCode.csv:936 data 03784
    regex_detector_test.go:84: Expected label ZipCode, got  ([]), file ZipCode.csv:937 data 03785
    regex_detector_test.go:84: Expected label ZipCode, got  ([]), file ZipCode.csv:938 data 03801
    regex_detector_test.go:84: Expected label ZipCode, got  ([]), file ZipCode.csv:939 data 03809
    regex_detector_test.go:84: Expected label ZipCode, got  ([]), file ZipCode.csv:940 data 03810
    regex_detector_test.go:84: Expected label ZipCode, got  ([]), file ZipCode.csv:941 data 03811
    regex_detector_test.go:84: Expected label ZipCode, got  ([]), file ZipCode.csv:942 data 03812
    regex_detector_test.go:84: Expected label ZipCode, got  ([]), file ZipCode.csv:943 data 03813
    regex_detector_test.go:84: Expected label ZipCode, got  ([]), file ZipCode.csv:944 data 03814
    regex_detector_test.go:84: Expected label ZipCode, got  ([]), file ZipCode.csv:945 data 03816
    regex_detector_test.go:84: Expected label ZipCode, got  ([]), file ZipCode.csv:946 data 03817
    regex_detector_test.go:84: Expected label ZipCode, got  ([]), file ZipCode.csv:947 data 03818
    regex_detector_test.go:84: Expected label ZipCode, got  ([]), file ZipCode.csv:948 data 03819
    regex_detector_test.go:84: Expected label ZipCode, got  ([]), file ZipCode.csv:949 data 03820
    regex_detector_test.go:84: Expected label ZipCode, got  ([]), file ZipCode.csv:950 data 03823
    regex_detector_test.go:84: Expected label ZipCode, got  ([]), file ZipCode.csv:951 data 03824
    regex_detector_test.go:84: Expected label ZipCode, got  ([]), file ZipCode.csv:952 data 03825
    regex_detector_test.go:84: Expected label ZipCode, got  ([]), file ZipCode.csv:953 data 03826
    regex_detector_test.go:84: Expected label ZipCode, got  ([]), file ZipCode.csv:954 data 03827
    regex_detector_test.go:84: Expected label ZipCode, got  ([]), file ZipCode.csv:955 data 03830
    regex_detector_test.go:84: Expected label ZipCode, got  ([]), file ZipCode.csv:956 data 03832
    regex_detector_test.go:84: Expected label ZipCode, got  ([]), file ZipCode.csv:957 data 03833
    regex_detector_test.go:84: Expected label ZipCode, got  ([]), file ZipCode.csv:958 data 03835
    regex_detector_test.go:84: Expected label ZipCode, got  ([]), file ZipCode.csv:959 data 03836
    regex_detector_test.go:84: Expected label ZipCode, got  ([]), file ZipCode.csv:960 data 03837
    regex_detector_test.go:84: Expected label ZipCode, got  ([]), file ZipCode.csv:961 data 03838
    regex_detector_test.go:84: Expected label ZipCode, got  ([]), file ZipCode.csv:962 data 03839
    regex_detector_test.go:84: Expected label ZipCode, got  ([]), file ZipCode.csv:963 data 03840
    regex_detector_test.go:84: Expected label ZipCode, got  ([]), file ZipCode.csv:964 data 03841
    regex_detector_test.go:84: Expected label ZipCode, got  ([]), file ZipCode.csv:965 data 03842
    regex_detector_test.go:84: Expected label ZipCode, got  ([]), file ZipCode.csv:966 data 03844
    regex_detector_test.go:84: Expected label ZipCode, got  ([]), file ZipCode.csv:967 data 03845
    regex_detector_test.go:84: Expected label ZipCode, got  ([]), file ZipCode.csv:968 data 03846
    regex_detector_test.go:84: Expected label ZipCode, got  ([]), file ZipCode.csv:969 data 03847
    regex_detector_test.go:84: Expected label ZipCode, got  ([]), file ZipCode.csv:970 data 03848
    regex_detector_test.go:84: Expected label ZipCode, got  ([]), file ZipCode.csv:971 data 03849
    regex_detector_test.go:84: Expected label ZipCode, got  ([]), file ZipCode.csv:972 data 03850
    regex_detector_test.go:84: Expected label ZipCode, got  ([]), file ZipCode.csv:973 data 03851
    regex_detector_test.go:84: Expected label ZipCode, got  ([]), file ZipCode.csv:974 data 03852
    regex_detector_test.go:84: Expected label ZipCode, got  ([]), file ZipCode.csv:975 data 03853
    regex_detector_test.go:84: Expected label ZipCode, got  ([]), file ZipCode.csv:976 data 03854
    regex_detector_test.go:84: Expected label ZipCode, got  ([]), file ZipCode.csv:977 data 03855
    regex_detector_test.go:84: Expected label ZipCode, got  ([]), file ZipCode.csv:978 data 03856
    regex_detector_test.go:84: Expected label ZipCode, got  ([]), file ZipCode.csv:979 data 03857
    regex_detector_test.go:84: Expected label ZipCode, got  ([]), file ZipCode.csv:980 data 03858
    regex_detector_test.go:84: Expected label ZipCode, got  ([]), file ZipCode.csv:981 data 03860
    regex_detector_test.go:84: Expected label ZipCode, got  ([]), file ZipCode.csv:982 data 03861
    regex_detector_test.go:84: Expected label ZipCode, got  ([]), file ZipCode.csv:983 data 03862
    regex_detector_test.go:84: Expected label ZipCode, got  ([]), file ZipCode.csv:984 data 03864
    regex_detector_test.go:84: Expected label ZipCode, got  ([]), file ZipCode.csv:985 data 03865
    regex_detector_test.go:84: Expected label ZipCode, got  ([]), file ZipCode.csv:986 data 03867
    regex_detector_test.go:84: Expected label ZipCode, got  ([]), file ZipCode.csv:987 data 03868
    regex_detector_test.go:84: Expected label ZipCode, got  ([]), file ZipCode.csv:988 data 03869
    regex_detector_test.go:84: Expected label ZipCode, got  ([]), file ZipCode.csv:989 data 03870
    regex_detector_test.go:84: Expected label ZipCode, got  ([]), file ZipCode.csv:990 data 03871
    regex_detector_test.go:84: Expected label ZipCode, got  ([]), file ZipCode.csv:991 data 03872
    regex_detector_test.go:84: Expected label ZipCode, got  ([]), file ZipCode.csv:992 data 03873
    regex_detector_test.go:84: Expected label ZipCode, got  ([]), file ZipCode.csv:993 data 03874
    regex_detector_test.go:84: Expected label ZipCode, got  ([]), file ZipCode.csv:994 data 03875
    regex_detector_test.go:84: Expected label ZipCode, got  ([]), file ZipCode.csv:995 data 03878
    regex_detector_test.go:84: Expected label ZipCode, got  ([]), file ZipCode.csv:996 data 03882
    regex_detector_test.go:84: Expected label ZipCode, got  ([]), file ZipCode.csv:997 data 03883
    regex_detector_test.go:84: Expected label ZipCode, got  ([]), file ZipCode.csv:998 data 03884
    regex_detector_test.go:84: Expected label ZipCode, got  ([]), file ZipCode.csv:999 data 03885
    regex_detector_test.go:84: Expected label ZipCode, got  ([]), file ZipCode.csv:1000 data 03886
    regex_detector_test.go:84: Expected label ZipCode, got  ([]), file ZipCode.csv:1001 data 03887
    regex_detector_test.go:84: Expected label ZipCode, got  ([]), file ZipCode.csv:1002 data 03890
    regex_detector_test.go:84: Expected label ZipCode, got  ([]), file ZipCode.csv:1003 data 03894
    regex_detector_test.go:84: Expected label ZipCode, got  ([]), file ZipCode.csv:1004 data 03897
    regex_detector_test.go:84: Expected label ZipCode, got  ([]), file ZipCode.csv:1005 data 03901
    regex_detector_test.go:84: Expected label ZipCode, got  ([]), file ZipCode.csv:1006 data 03902
    regex_detector_test.go:84: Expected label ZipCode, got  ([]), file ZipCode.csv:1007 data 03903
    regex_detector_test.go:84: Expected label ZipCode, got  ([]), file ZipCode.csv:1008 data 03904
    regex_detector_test.go:84: Expected label ZipCode, got  ([]), file ZipCode.csv:1009 data 03905
    regex_detector_test.go:84: Expected label ZipCode, got  ([]), file ZipCode.csv:1010 data 03906
    regex_detector_test.go:84: Expected label ZipCode, got  ([]), file ZipCode.csv:1011 data 03907
    regex_detector_test.go:84: Expected label ZipCode, got  ([]), file ZipCode.csv:1012 data 03908
    regex_detector_test.go:84: Expected label ZipCode, got  ([]), file ZipCode.csv:1013 data 03909
    regex_detector_test.go:84: Expected label ZipCode, got  ([]), file ZipCode.csv:1014 data 03910
    regex_detector_test.go:84: Expected label ZipCode, got  ([]), file ZipCode.csv:1015 data 03911
    regex_detector_test.go:84: Expected label ZipCode, got  ([]), file ZipCode.csv:1016 data 04001
    regex_detector_test.go:84: Expected label ZipCode, got  ([]), file ZipCode.csv:1017 data 04002
    regex_detector_test.go:84: Expected label ZipCode, got  ([]), file ZipCode.csv:1018 data 04003
    regex_detector_test.go:84: Expected label ZipCode, got  ([]), file ZipCode.csv:1019 data 04005
    regex_detector_test.go:84: Expected label ZipCode, got  ([]), file ZipCode.csv:1020 data 04006
    regex_detector_test.go:84: Expected label ZipCode, got  ([]), file ZipCode.csv:1021 data 04008
    regex_detector_test.go:84: Expected label ZipCode, got  ([]), file ZipCode.csv:1022 data 04009
    regex_detector_test.go:84: Expected label ZipCode, got  ([]), file ZipCode.csv:1023 data 04010
    regex_detector_test.go:84: Expected label ZipCode, got  ([]), file ZipCode.csv:1024 data 04011
    regex_detector_test.go:84: Expected label ZipCode, got  ([]), file ZipCode.csv:1025 data 04015
    regex_detector_test.go:84: Expected label ZipCode, got  ([]), file ZipCode.csv:1026 data 04017
    regex_detector_test.go:84: Expected label ZipCode, got  ([]), file ZipCode.csv:1027 data 04019
    regex_detector_test.go:84: Expected label ZipCode, got  ([]), file ZipCode.csv:1028 data 04020
    regex_detector_test.go:84: Expected label ZipCode, got  ([]), file ZipCode.csv:1029 data 04021
    regex_detector_test.go:84: Expected label ZipCode, got  ([]), file ZipCode.csv:1030 data 04022
    regex_detector_test.go:84: Expected label ZipCode, got  ([]), file ZipCode.csv:1031 data 04024
    regex_detector_test.go:84: Expected label ZipCode, got  ([]), file ZipCode.csv:1032 data 04027
    regex_detector_test.go:84: Expected label ZipCode, got  ([]), file ZipCode.csv:1033 data 04029
    regex_detector_test.go:84: Expected label ZipCode, got  ([]), file ZipCode.csv:1034 data 04030
    regex_detector_test.go:84: Expected label ZipCode, got  ([]), file ZipCode.csv:1035 data 04032
    regex_detector_test.go:84: Expected label ZipCode, got  ([]), file ZipCode.csv:1036 data 04037
    regex_detector_test.go:84: Expected label ZipCode, got  ([]), file ZipCode.csv:1037 data 04038
    regex_detector_test.go:84: Expected label ZipCode, got  ([]), file ZipCode.csv:1038 data 04039
    regex_detector_test.go:84: Expected label ZipCode, got  ([]), file ZipCode.csv:1039 data 04040
    regex_detector_test.go:84: Expected label ZipCode, got  ([]), file ZipCode.csv:1040 data 04041
    regex_detector_test.go:84: Expected label ZipCode, got  ([]), file ZipCode.csv:1041 data 04042
    regex_detector_test.go:84: Expected label ZipCode, got  ([]), file ZipCode.csv:1042 data 04043
    regex_detector_test.go:84: Expected label ZipCode, got  ([]), file ZipCode.csv:1043 data 04046
    regex_detector_test.go:84: Expected label ZipCode, got  ([]), file ZipCode.csv:1044 data 04047
    regex_detector_test.go:84: Expected label ZipCode, got  ([]), file ZipCode.csv:1045 data 04048
    regex_detector_test.go:84: Expected label ZipCode, got  ([]), file ZipCode.csv:1046 data 04049
    regex_detector_test.go:84: Expected label ZipCode, got  ([]), file ZipCode.csv:1047 data 04050
    regex_detector_test.go:84: Expected label ZipCode, got  ([]), file ZipCode.csv:1048 data 04051
    regex_detector_test.go:84: Expected label ZipCode, got  ([]), file ZipCode.csv:1049 data 04055
    regex_detector_test.go:84: Expected label ZipCode, got  ([]), file ZipCode.csv:1050 data 04056
    regex_detector_test.go:84: Expected label ZipCode, got  ([]), file ZipCode.csv:1051 data 04057
    regex_detector_test.go:84: Expected label ZipCode, got  ([]), file ZipCode.csv:1052 data 04061
    regex_detector_test.go:84: Expected label ZipCode, got  ([]), file ZipCode.csv:1053 data 04062
    regex_detector_test.go:84: Expected label ZipCode, got  ([]), file ZipCode.csv:1054 data 04063
    regex_detector_test.go:84: Expected label ZipCode, got  ([]), file ZipCode.csv:1055 data 04064
    regex_detector_test.go:84: Expected label ZipCode, got  ([]), file ZipCode.csv:1056 data 04066
    regex_detector_test.go:84: Expected label ZipCode, got  ([]), file ZipCode.csv:1057 data 04068
    regex_detector_test.go:84: Expected label ZipCode, got  ([]), file ZipCode.csv:1058 data 04069
    regex_detector_test.go:84: Expected label ZipCode, got  ([]), file ZipCode.csv:1059 data 04071
    regex_detector_test.go:84: Expected label ZipCode, got  ([]), file ZipCode.csv:1060 data 04072
    regex_detector_test.go:84: Expected label ZipCode, got  ([]), file ZipCode.csv:1061 data 04073
    regex_detector_test.go:84: Expected label ZipCode, got  ([]), file ZipCode.csv:1062 data 04074
    regex_detector_test.go:84: Expected label ZipCode, got  ([]), file ZipCode.csv:1063 data 04076
    regex_detector_test.go:84: Expected label ZipCode, got  ([]), file ZipCode.csv:1064 data 04079
    regex_detector_test.go:84: Expected label ZipCode, got  ([]), file ZipCode.csv:1065 data 04083
    regex_detector_test.go:84: Expected label ZipCode, got  ([]), file ZipCode.csv:1066 data 04084
    regex_detector_test.go:84: Expected label ZipCode, got  ([]), file ZipCode.csv:1067 data 04085
    regex_detector_test.go:84: Expected label ZipCode, got  ([]), file ZipCode.csv:1068 data 04086
    regex_detector_test.go:84: Expected label ZipCode, got  ([]), file ZipCode.csv:1069 data 04087
    regex_detector_test.go:84: Expected label ZipCode, got  ([]), file ZipCode.csv:1070 data 04088
    regex_detector_test.go:84: Expected label ZipCode, got  ([]), file ZipCode.csv:1071 data 04090
    regex_detector_test.go:84: Expected label ZipCode, got  ([]), file ZipCode.csv:1072 data 04091
    regex_detector_test.go:84: Expected label ZipCode, got  ([]), file ZipCode.csv:1073 data 04092
    regex_detector_test.go:84: Expected label ZipCode, got  ([]), file ZipCode.csv:1074 data 04093
    regex_detector_test.go:84: Expected label ZipCode, got  ([]), file ZipCode.csv:1075 data 04095
    regex_detector_test.go:84: Expected label ZipCode, got  ([]), file ZipCode.csv:1076 data 04096
    regex_detector_test.go:84: Expected label ZipCode, got  ([]), file ZipCode.csv:1077 data 04097
    regex_detector_test.go:84: Expected label ZipCode, got  ([]), file ZipCode.csv:1078 data 04101
    regex_detector_test.go:84: Expected label ZipCode, got  ([]), file ZipCode.csv:1079 data 04102
    regex_detector_test.go:84: Expected label ZipCode, got  ([]), file ZipCode.csv:1080 data 04103
    regex_detector_test.go:84: Expected label ZipCode, got  ([]), file ZipCode.csv:1081 data 04105
    regex_detector_test.go:84: Expected label ZipCode, got  ([]), file ZipCode.csv:1082 data 04106
    regex_detector_test.go:84: Expected label ZipCode, got  ([]), file ZipCode.csv:1083 data 04107
    regex_detector_test.go:84: Expected label ZipCode, got  ([]), file ZipCode.csv:1084 data 04108
    regex_detector_test.go:84: Expected label ZipCode, got  ([]), file ZipCode.csv:1085 data 04109
    regex_detector_test.go:84: Expected label ZipCode, got  ([]), file ZipCode.csv:1086 data 04110
    regex_detector_test.go:84: Expected label ZipCode, got  ([]), file ZipCode.csv:1087 data 04210
    regex_detector_test.go:84: Expected label ZipCode, got  ([]), file ZipCode.csv:1088 data 04216
    regex_detector_test.go:84: Expected label ZipCode, got  ([]), file ZipCode.csv:1089 data 04217
    regex_detector_test.go:84: Expected label ZipCode, got  ([]), file ZipCode.csv:1090 data 04219
    regex_detector_test.go:84: Expected label ZipCode, got  ([]), file ZipCode.csv:1091 data 04220
    regex_detector_test.go:84: Expected label ZipCode, got  ([]), file ZipCode.csv:1092 data 04221
    regex_detector_test.go:84: Expected label ZipCode, got  ([]), file ZipCode.csv:1093 data 04222
    regex_detector_test.go:84: Expected label ZipCode, got  ([]), file ZipCode.csv:1094 data 04224
    regex_detector_test.go:84: Expected label ZipCode, got  ([]), file ZipCode.csv:1095 data 04226
    regex_detector_test.go:84: Expected label ZipCode, got  ([]), file ZipCode.csv:1096 data 04227
    regex_detector_test.go:84: Expected label ZipCode, got  ([]), file ZipCode.csv:1097 data 04231
    regex_detector_test.go:84: Expected label ZipCode, got  ([]), file ZipCode.csv:1098 data 04234
    regex_detector_test.go:84: Expected label ZipCode, got  ([]), file ZipCode.csv:1099 data 04236
    regex_detector_test.go:84: Expected label ZipCode, got  ([]), file ZipCode.csv:1100 data 04237
    regex_detector_test.go:84: Expected label ZipCode, got  ([]), file ZipCode.csv:1101 data 04238
    regex_detector_test.go:84: Expected label ZipCode, got  ([]), file ZipCode.csv:1102 data 04239
    regex_detector_test.go:84: Expected label ZipCode, got  ([]), file ZipCode.csv:1103 data 04240
    regex_detector_test.go:84: Expected label ZipCode, got  ([]), file ZipCode.csv:1104 data 04250
    regex_detector_test.go:84: Expected label ZipCode, got  ([]), file ZipCode.csv:1105 data 04252
    regex_detector_test.go:84: Expected label ZipCode, got  ([]), file ZipCode.csv:1106 data 04253
    regex_detector_test.go:84: Expected label ZipCode, got  ([]), file ZipCode.csv:1107 data 04254
    regex_detector_test.go:84: Expected label ZipCode, got  ([]), file ZipCode.csv:1108 data 04255
    regex_detector_test.go:84: Expected label ZipCode, got  ([]), file ZipCode.csv:1109 data 04256
    regex_detector_test.go:84: Expected label ZipCode, got  ([]), file ZipCode.csv:1110 data 04257
    regex_detector_test.go:84: Expected label ZipCode, got  ([]), file ZipCode.csv:1111 data 04258
    regex_detector_test.go:84: Expected label ZipCode, got  ([]), file ZipCode.csv:1112 data 04259
    regex_detector_test.go:84: Expected label ZipCode, got  ([]), file ZipCode.csv:1113 data 04260
    regex_detector_test.go:84: Expected label ZipCode, got  ([]), file ZipCode.csv:1114 data 04261
    regex_detector_test.go:84: Expected label ZipCode, got  ([]), file ZipCode.csv:1115 data 04263
    regex_detector_test.go:84: Expected label ZipCode, got  ([]), file ZipCode.csv:1116 data 04265
    regex_detector_test.go:84: Expected label ZipCode, got  ([]), file ZipCode.csv:1117 data 04267
    regex_detector_test.go:84: Expected label ZipCode, got  ([]), file ZipCode.csv:1118 data 04268
    regex_detector_test.go:84: Expected label ZipCode, got  ([]), file ZipCode.csv:1119 data 04270
    regex_detector_test.go:84: Expected label ZipCode, got  ([]), file ZipCode.csv:1120 data 04271
    regex_detector_test.go:84: Expected label ZipCode, got  ([]), file ZipCode.csv:1121 data 04274
    regex_detector_test.go:84: Expected label ZipCode, got  ([]), file ZipCode.csv:1122 data 04275
    regex_detector_test.go:84: Expected label ZipCode, got  ([]), file ZipCode.csv:1123 data 04276
    regex_detector_test.go:84: Expected label ZipCode, got  ([]), file ZipCode.csv:1124 data 04280
    regex_detector_test.go:84: Expected label ZipCode, got  ([]), file ZipCode.csv:1125 data 04281
    regex_detector_test.go:84: Expected label ZipCode, got  ([]), file ZipCode.csv:1126 data 04282
    regex_detector_test.go:84: Expected label ZipCode, got  ([]), file ZipCode.csv:1127 data 04284
    regex_detector_test.go:84: Expected label ZipCode, got  ([]), file ZipCode.csv:1128 data 04285
    regex_detector_test.go:84: Expected label ZipCode, got  ([]), file ZipCode.csv:1129 data 04286
    regex_detector_test.go:84: Expected label ZipCode, got  ([]), file ZipCode.csv:1130 data 04287
    regex_detector_test.go:84: Expected label ZipCode, got  ([]), file ZipCode.csv:1131 data 04289
    regex_detector_test.go:84: Expected label ZipCode, got  ([]), file ZipCode.csv:1132 data 04290
    regex_detector_test.go:84: Expected label ZipCode, got  ([]), file ZipCode.csv:1133 data 04292
    regex_detector_test.go:84: Expected label ZipCode, got  ([]), file ZipCode.csv:1134 data 04294
    regex_detector_test.go:84: Expected label ZipCode, got  ([]), file ZipCode.csv:1135 data 04330
    regex_detector_test.go:84: Expected label ZipCode, got  ([]), file ZipCode.csv:1136 data 04341
    regex_detector_test.go:84: Expected label ZipCode, got  ([]), file ZipCode.csv:1137 data 04342
    regex_detector_test.go:84: Expected label ZipCode, got  ([]), file ZipCode.csv:1138 data 04344
    regex_detector_test.go:84: Expected label ZipCode, got  ([]), file ZipCode.csv:1139 data 04345
    regex_detector_test.go:84: Expected label ZipCode, got  ([]), file ZipCode.csv:1140 data 04346
    regex_detector_test.go:84: Expected label ZipCode, got  ([]), file ZipCode.csv:1141 data 04347
    regex_detector_test.go:84: Expected label ZipCode, got  ([]), file ZipCode.csv:1142 data 04348
    regex_detector_test.go:84: Expected label ZipCode, got  ([]), file ZipCode.csv:1143 data 04349
    regex_detector_test.go:84: Expected label ZipCode, got  ([]), file ZipCode.csv:1144 data 04350
    regex_detector_test.go:84: Expected label ZipCode, got  ([]), file ZipCode.csv:1145 data 04351
    regex_detector_test.go:84: Expected label ZipCode, got  ([]), file ZipCode.csv:1146 data 04352
    regex_detector_test.go:84: Expected label ZipCode, got  ([]), file ZipCode.csv:1147 data 04353
    regex_detector_test.go:84: Expected label ZipCode, got  ([]), file ZipCode.csv:1148 data 04354
    regex_detector_test.go:84: Expected label ZipCode, got  ([]), file ZipCode.csv:1149 data 04355
    regex_detector_test.go:84: Expected label ZipCode, got  ([]), file ZipCode.csv:1150 data 04357
    regex_detector_test.go:84: Expected label ZipCode, got  ([]), file ZipCode.csv:1151 data 04358
    regex_detector_test.go:84: Expected label ZipCode, got  ([]), file ZipCode.csv:1152 data 04359
    regex_detector_test.go:84: Expected label ZipCode, got  ([]), file ZipCode.csv:1153 data 04360
    regex_detector_test.go:84: Expected label ZipCode, got  ([]), file ZipCode.csv:1154 data 04363
    regex_detector_test.go:84: Expected label ZipCode, got  ([]), file ZipCode.csv:1155 data 04364
    regex_detector_test.go:84: Expected label ZipCode, got  ([]), file ZipCode.csv:1156 data 04401
    regex_detector_test.go:84: Expected label ZipCode, got  ([]), file ZipCode.csv:1157 data 04406
    regex_detector_test.go:84: Expected label ZipCode, got  ([]), file ZipCode.csv:1158 data 04408
    regex_detector_test.go:84: Expected label ZipCode, got  ([]), file ZipCode.csv:1159 data 04410
    regex_detector_test.go:84: Expected label ZipCode, got  ([]), file ZipCode.csv:1160 data 04411
    regex_detector_test.go:84: Expected label ZipCode, got  ([]), file ZipCode.csv:1161 data 04412
    regex_detector_test.go:84: Expected label ZipCode, got  ([]), file ZipCode.csv:1162 data 04413
    regex_detector_test.go:84: Expected label ZipCode, got  ([]), file ZipCode.csv:1163 data 04414
    regex_detector_test.go:84: Expected label ZipCode, got  ([]), file ZipCode.csv:1164 data 04415
    regex_detector_test.go:84: Expected label ZipCode, got  ([]), file ZipCode.csv:1165 data 04416
    regex_detector_test.go:84: Expected label ZipCode, got  ([]), file ZipCode.csv:1166 data 04417
    regex_detector_test.go:84: Expected label ZipCode, got  ([]), file ZipCode.csv:1167 data 04418
    regex_detector_test.go:84: Expected label ZipCode, got  ([]), file ZipCode.csv:1168 data 04419
    regex_detector_test.go:84: Expected label ZipCode, got  ([]), file ZipCode.csv:1169 data 04421
    regex_detector_test.go:84: Expected label ZipCode, got  ([]), file ZipCode.csv:1170 data 04422
    regex_detector_test.go:84: Expected label ZipCode, got  ([]), file ZipCode.csv:1171 data 04424
    regex_detector_test.go:84: Expected label ZipCode, got  ([]), file ZipCode.csv:1172 data 04426
    regex_detector_test.go:84: Expected label ZipCode, got  ([]), file ZipCode.csv:1173 data 04427
    regex_detector_test.go:84: Expected label ZipCode, got  ([]), file ZipCode.csv:1174 data 04428
    regex_detector_test.go:84: Expected label ZipCode, got  ([]), file ZipCode.csv:1175 data 04429
    regex_detector_test.go:84: Expected label ZipCode, got  ([]), file ZipCode.csv:1176 data 04430
    regex_detector_test.go:84: Expected label ZipCode, got  ([]), file ZipCode.csv:1177 data 04431
    regex_detector_test.go:84: Expected label ZipCode, got  ([]), file ZipCode.csv:1178 data 04434
    regex_detector_test.go:84: Expected label ZipCode, got  ([]), file ZipCode.csv:1179 data 04435
    regex_detector_test.go:84: Expected label ZipCode, got  ([]), file ZipCode.csv:1180 data 04438
    regex_detector_test.go:84: Expected label ZipCode, got  ([]), file ZipCode.csv:1181 data 04441
    regex_detector_test.go:84: Expected label ZipCode, got  ([]), file ZipCode.csv:1182 data 04442
    regex_detector_test.go:84: Expected label ZipCode, got  ([]), file ZipCode.csv:1183 data 04443
    regex_detector_test.go:84: Expected label ZipCode, got  ([]), file ZipCode.csv:1184 data 04444
    regex_detector_test.go:84: Expected label ZipCode, got  ([]), file ZipCode.csv:1185 data 04448
    regex_detector_test.go:84: Expected label ZipCode, got  ([]), file ZipCode.csv:1186 data 04449
    regex_detector_test.go:84: Expected label ZipCode, got  ([]), file ZipCode.csv:1187 data 04450
    regex_detector_test.go:84: Expected label ZipCode, got  ([]), file ZipCode.csv:1188 data 04451
    regex_detector_test.go:84: Expected label ZipCode, got  ([]), file ZipCode.csv:1189 data 04453
    regex_detector_test.go:84: Expected label ZipCode, got  ([]), file ZipCode.csv:1190 data 04454
    regex_detector_test.go:84: Expected label ZipCode, got  ([]), file ZipCode.csv:1191 data 04455
    regex_detector_test.go:84: Expected label ZipCode, got  ([]), file ZipCode.csv:1192 data 04456
    regex_detector_test.go:84: Expected label ZipCode, got  ([]), file ZipCode.csv:1193 data 04457
    regex_detector_test.go:84: Expected label ZipCode, got  ([]), file ZipCode.csv:1194 data 04459
    regex_detector_test.go:84: Expected label ZipCode, got  ([]), file ZipCode.csv:1195 data 04460
    regex_detector_test.go:84: Expected label ZipCode, got  ([]), file ZipCode.csv:1196 data 04461
    regex_detector_test.go:84: Expected label ZipCode, got  ([]), file ZipCode.csv:1197 data 04462
    regex_detector_test.go:84: Expected label ZipCode, got  ([]), file ZipCode.csv:1198 data 04463
    regex_detector_test.go:84: Expected label ZipCode, got  ([]), file ZipCode.csv:1199 data 04464
    regex_detector_test.go:84: Expected label ZipCode, got  ([]), file ZipCode.csv:1200 data 04468
    regex_detector_test.go:84: Expected label ZipCode, got  ([]), file ZipCode.csv:1201 data 04469
    regex_detector_test.go:84: Expected label ZipCode, got  ([]), file ZipCode.csv:1202 data 04471
    regex_detector_test.go:84: Expected label ZipCode, got  ([]), file ZipCode.csv:1203 data 04472
    regex_detector_test.go:84: Expected label ZipCode, got  ([]), file ZipCode.csv:1204 data 04473
    regex_detector_test.go:84: Expected label ZipCode, got  ([]), file ZipCode.csv:1205 data 04474
    regex_detector_test.go:84: Expected label ZipCode, got  ([]), file ZipCode.csv:1206 data 04475
    regex_detector_test.go:84: Expected label ZipCode, got  ([]), file ZipCode.csv:1207 data 04476
    regex_detector_test.go:84: Expected label ZipCode, got  ([]), file ZipCode.csv:1208 data 04478
    regex_detector_test.go:84: Expected label ZipCode, got  ([]), file ZipCode.csv:1209 data 04479
    regex_detector_test.go:84: Expected label ZipCode, got  ([]), file ZipCode.csv:1210 data 04481
    regex_detector_test.go:84: Expected label ZipCode, got  ([]), file ZipCode.csv:1211 data 04485
    regex_detector_test.go:84: Expected label ZipCode, got  ([]), file ZipCode.csv:1212 data 04487
    regex_detector_test.go:84: Expected label ZipCode, got  ([]), file ZipCode.csv:1213 data 04488
    regex_detector_test.go:84: Expected label ZipCode, got  ([]), file ZipCode.csv:1214 data 04489
    regex_detector_test.go:84: Expected label ZipCode, got  ([]), file ZipCode.csv:1215 data 04490
    regex_detector_test.go:84: Expected label ZipCode, got  ([]), file ZipCode.csv:1216 data 04491
    regex_detector_test.go:84: Expected label ZipCode, got  ([]), file ZipCode.csv:1217 data 04492
    regex_detector_test.go:84: Expected label ZipCode, got  ([]), file ZipCode.csv:1218 data 04493
    regex_detector_test.go:84: Expected label ZipCode, got  ([]), file ZipCode.csv:1219 data 04495
    regex_detector_test.go:84: Expected label ZipCode, got  ([]), file ZipCode.csv:1220 data 04496
    regex_detector_test.go:84: Expected label ZipCode, got  ([]), file ZipCode.csv:1221 data 04497
    regex_detector_test.go:84: Expected label ZipCode, got  ([]), file ZipCode.csv:1222 data 04530
    regex_detector_test.go:84: Expected label ZipCode, got  ([]), file ZipCode.csv:1223 data 04535
    regex_detector_test.go:84: Expected label ZipCode, got  ([]), file ZipCode.csv:1224 data 04537
    regex_detector_test.go:84: Expected label ZipCode, got  ([]), file ZipCode.csv:1225 data 04538
    regex_detector_test.go:84: Expected label ZipCode, got  ([]), file ZipCode.csv:1226 data 04539
    regex_detector_test.go:84: Expected label ZipCode, got  ([]), file ZipCode.csv:1227 data 04541
    regex_detector_test.go:84: Expected label ZipCode, got  ([]), file ZipCode.csv:1228 data 04543
    regex_detector_test.go:84: Expected label ZipCode, got  ([]), file ZipCode.csv:1229 data 04544
    regex_detector_test.go:84: Expected label ZipCode, got  ([]), file ZipCode.csv:1230 data 04547
    regex_detector_test.go:84: Expected label ZipCode, got  ([]), file ZipCode.csv:1231 data 04548
    regex_detector_test.go:84: Expected label ZipCode, got  ([]), file ZipCode.csv:1232 data 04551
    regex_detector_test.go:84: Expected label ZipCode, got  ([]), file ZipCode.csv:1233 data 04553
    regex_detector_test.go:84: Expected label ZipCode, got  ([]), file ZipCode.csv:1234 data 04554
    regex_detector_test.go:84: Expected label ZipCode, got  ([]), file ZipCode.csv:1235 data 04555
    regex_detector_test.go:84: Expected label ZipCode, got  ([]), file ZipCode.csv:1236 data 04556
    regex_detector_test.go:84: Expected label ZipCode, got  ([]), file ZipCode.csv:1237 data 04558
    regex_detector_test.go:84: Expected label ZipCode, got  ([]), file ZipCode.csv:1238 data 04562
    regex_detector_test.go:84: Expected label ZipCode, got  ([]), file ZipCode.csv:1239 data 04563
    regex_detector_test.go:84: Expected label ZipCode, got  ([]), file ZipCode.csv:1240 data 04564
    regex_detector_test.go:84: Expected label ZipCode, got  ([]), file ZipCode.csv:1241 data 04568
    regex_detector_test.go:84: Expected label ZipCode, got  ([]), file ZipCode.csv:1242 data 04570
    regex_detector_test.go:84: Expected label ZipCode, got  ([]), file ZipCode.csv:1243 data 04571
    regex_detector_test.go:84: Expected label ZipCode, got  ([]), file ZipCode.csv:1244 data 04572
    regex_detector_test.go:84: Expected label ZipCode, got  ([]), file ZipCode.csv:1245 data 04573
    regex_detector_test.go:84: Expected label ZipCode, got  ([]), file ZipCode.csv:1246 data 04574
    regex_detector_test.go:84: Expected label ZipCode, got  ([]), file ZipCode.csv:1247 data 04575
    regex_detector_test.go:84: Expected label ZipCode, got  ([]), file ZipCode.csv:1248 data 04576
    regex_detector_test.go:84: Expected label ZipCode, got  ([]), file ZipCode.csv:1249 data 04578
    regex_detector_test.go:84: Expected label ZipCode, got  ([]), file ZipCode.csv:1250 data 04579
    regex_detector_test.go:84: Expected label ZipCode, got  ([]), file ZipCode.csv:1251 data 04605
    regex_detector_test.go:84: Expected label ZipCode, got  ([]), file ZipCode.csv:1252 data 04606
    regex_detector_test.go:84: Expected label ZipCode, got  ([]), file ZipCode.csv:1253 data 04607
    regex_detector_test.go:84: Expected label ZipCode, got  ([]), file ZipCode.csv:1254 data 04609
    regex_detector_test.go:84: Expected label ZipCode, got  ([]), file ZipCode.csv:1255 data 04611
    regex_detector_test.go:84: Expected label ZipCode, got  ([]), file ZipCode.csv:1256 data 04612
    regex_detector_test.go:84: Expected label ZipCode, got  ([]), file ZipCode.csv:1257 data 04613
    regex_detector_test.go:84: Expected label ZipCode, got  ([]), file ZipCode.csv:1258 data 04614
    regex_detector_test.go:84: Expected label ZipCode, got  ([]), file ZipCode.csv:1259 data 04616
    regex_detector_test.go:84: Expected label ZipCode, got  ([]), file ZipCode.csv:1260 data 04617
    regex_detector_test.go:84: Expected label ZipCode, got  ([]), file ZipCode.csv:1261 data 04619
    regex_detector_test.go:84: Expected label ZipCode, got  ([]), file ZipCode.csv:1262 data 04622
    regex_detector_test.go:84: Expected label ZipCode, got  ([]), file ZipCode.csv:1263 data 04623
    regex_detector_test.go:84: Expected label ZipCode, got  ([]), file ZipCode.csv:1264 data 04624
    regex_detector_test.go:84: Expected label ZipCode, got  ([]), file ZipCode.csv:1265 data 04625
    regex_detector_test.go:84: Expected label ZipCode, got  ([]), file ZipCode.csv:1266 data 04626
    regex_detector_test.go:84: Expected label ZipCode, got  ([]), file ZipCode.csv:1267 data 04627
    regex_detector_test.go:84: Expected label ZipCode, got  ([]), file ZipCode.csv:1268 data 04628
    regex_detector_test.go:84: Expected label ZipCode, got  ([]), file ZipCode.csv:1269 data 04630
    regex_detector_test.go:84: Expected label ZipCode, got  ([]), file ZipCode.csv:1270 data 04631
    regex_detector_test.go:84: Expected label ZipCode, got  ([]), file ZipCode.csv:1271 data 04634
    regex_detector_test.go:84: Expected label ZipCode, got  ([]), file ZipCode.csv:1272 data 04635
    regex_detector_test.go:84: Expected label ZipCode, got  ([]), file ZipCode.csv:1273 data 04640
    regex_detector_test.go:84: Expected label ZipCode, got  ([]), file ZipCode.csv:1274 data 04642
    regex_detector_test.go:84: Expected label ZipCode, got  ([]), file ZipCode.csv:1275 data 04643
    regex_detector_test.go:84: Expected label ZipCode, got  ([]), file ZipCode.csv:1276 data 04645
    regex_detector_test.go:84: Expected label ZipCode, got  ([]), file ZipCode.csv:1277 data 04646
    regex_detector_test.go:84: Expected label ZipCode, got  ([]), file ZipCode.csv:1278 data 04648
    regex_detector_test.go:84: Expected label ZipCode, got  ([]), file ZipCode.csv:1279 data 04649
    regex_detector_test.go:84: Expected label ZipCode, got  ([]), file ZipCode.csv:1280 data 04650
    regex_detector_test.go:84: Expected label ZipCode, got  ([]), file ZipCode.csv:1281 data 04652
    regex_detector_test.go:84: Expected label ZipCode, got  ([]), file ZipCode.csv:1282 data 04653
    regex_detector_test.go:84: Expected label ZipCode, got  ([]), file ZipCode.csv:1283 data 04654
    regex_detector_test.go:84: Expected label ZipCode, got  ([]), file ZipCode.csv:1284 data 04655
    regex_detector_test.go:84: Expected label ZipCode, got  ([]), file ZipCode.csv:1285 data 04657
    regex_detector_test.go:84: Expected label ZipCode, got  ([]), file ZipCode.csv:1286 data 04658
    regex_detector_test.go:84: Expected label ZipCode, got  ([]), file ZipCode.csv:1287 data 04660
    regex_detector_test.go:84: Expected label ZipCode, got  ([]), file ZipCode.csv:1288 data 04662
    regex_detector_test.go:84: Expected label ZipCode, got  ([]), file ZipCode.csv:1289 data 04664
    regex_detector_test.go:84: Expected label ZipCode, got  ([]), file ZipCode.csv:1290 data 04666
    regex_detector_test.go:84: Expected label ZipCode, got  ([]), file ZipCode.csv:1291 data 04667
    regex_detector_test.go:84: Expected label ZipCode, got  ([]), file ZipCode.csv:1292 data 04668
    regex_detector_test.go:84: Expected label ZipCode, got  ([]), file ZipCode.csv:1293 data 04669
    regex_detector_test.go:84: Expected label ZipCode, got  ([]), file ZipCode.csv:1294 data 04671
    regex_detector_test.go:84: Expected label ZipCode, got  ([]), file ZipCode.csv:1295 data 04673
    regex_detector_test.go:84: Expected label ZipCode, got  ([]), file ZipCode.csv:1296 data 04674
    regex_detector_test.go:84: Expected label ZipCode, got  ([]), file ZipCode.csv:1297 data 04675
    regex_detector_test.go:84: Expected label ZipCode, got  ([]), file ZipCode.csv:1298 data 04676
    regex_detector_test.go:84: Expected label ZipCode, got  ([]), file ZipCode.csv:1299 data 04677
    regex_detector_test.go:84: Expected label ZipCode, got  ([]), file ZipCode.csv:1300 data 04679
    regex_detector_test.go:84: Expected label ZipCode, got  ([]), file ZipCode.csv:1301 data 04680
    regex_detector_test.go:84: Expected label ZipCode, got  ([]), file ZipCode.csv:1302 data 04681
    regex_detector_test.go:84: Expected label ZipCode, got  ([]), file ZipCode.csv:1303 data 04683
    regex_detector_test.go:84: Expected label ZipCode, got  ([]), file ZipCode.csv:1304 data 04684
    regex_detector_test.go:84: Expected label ZipCode, got  ([]), file ZipCode.csv:1305 data 04685
    regex_detector_test.go:84: Expected label ZipCode, got  ([]), file ZipCode.csv:1306 data 04686
    regex_detector_test.go:84: Expected label ZipCode, got  ([]), file ZipCode.csv:1307 data 04691
    regex_detector_test.go:84: Expected label ZipCode, got  ([]), file ZipCode.csv:1308 data 04693
    regex_detector_test.go:84: Expected label ZipCode, got  ([]), file ZipCode.csv:1309 data 04694
    regex_detector_test.go:84: Expected label ZipCode, got  ([]), file ZipCode.csv:1310 data 04730
    regex_detector_test.go:84: Expected label ZipCode, got  ([]), file ZipCode.csv:1311 data 04732
    regex_detector_test.go:84: Expected label ZipCode, got  ([]), file ZipCode.csv:1312 data 04733
    regex_detector_test.go:84: Expected label ZipCode, got  ([]), file ZipCode.csv:1313 data 04734
    regex_detector_test.go:84: Expected label ZipCode, got  ([]), file ZipCode.csv:1314 data 04735
    regex_detector_test.go:84: Expected label ZipCode, got  ([]), file ZipCode.csv:1315 data 04736
    regex_detector_test.go:84: Expected label ZipCode, got  ([]), file ZipCode.csv:1316 data 04737
    regex_detector_test.go:84: Expected label ZipCode, got  ([]), file ZipCode.csv:1317 data 04739
    regex_detector_test.go:84: Expected label ZipCode, got  ([]), file ZipCode.csv:1318 data 04740
    regex_detector_test.go:84: Expected label ZipCode, got  ([]), file ZipCode.csv:1319 data 04742
    regex_detector_test.go:84: Expected label ZipCode, got  ([]), file ZipCode.csv:1320 data 04743
    regex_detector_test.go:84: Expected label ZipCode, got  ([]), file ZipCode.csv:1321 data 04745
    regex_detector_test.go:84: Expected label ZipCode, got  ([]), file ZipCode.csv:1322 data 04746
    regex_detector_test.go:84: Expected label ZipCode, got  ([]), file ZipCode.csv:1323 data 04747
    regex_detector_test.go:84: Expected label ZipCode, got  ([]), file ZipCode.csv:1324 data 04750
    regex_detector_test.go:84: Expected label ZipCode, got  ([]), file ZipCode.csv:1325 data 04756
    regex_detector_test.go:84: Expected label ZipCode, got  ([]), file ZipCode.csv:1326 data 04757
    regex_detector_test.go:84: Expected label ZipCode, got  ([]), file ZipCode.csv:1327 data 04758
    regex_detector_test.go:84: Expected label ZipCode, got  ([]), file ZipCode.csv:1328 data 04760
    regex_detector_test.go:84: Expected label ZipCode, got  ([]), file ZipCode.csv:1329 data 04761
    regex_detector_test.go:84: Expected label ZipCode, got  ([]), file ZipCode.csv:1330 data 04762
    regex_detector_test.go:84: Expected label ZipCode, got  ([]), file ZipCode.csv:1331 data 04763
    regex_detector_test.go:84: Expected label ZipCode, got  ([]), file ZipCode.csv:1332 data 04764
    regex_detector_test.go:84: Expected label ZipCode, got  ([]), file ZipCode.csv:1333 data 04765
    regex_detector_test.go:84: Expected label ZipCode, got  ([]), file ZipCode.csv:1334 data 04766
    regex_detector_test.go:84: Expected label ZipCode, got  ([]), file ZipCode.csv:1335 data 04768
    regex_detector_test.go:84: Expected label ZipCode, got  ([]), file ZipCode.csv:1336 data 04769
    regex_detector_test.go:84: Expected label ZipCode, got  ([]), file ZipCode.csv:1337 data 04772
    regex_detector_test.go:84: Expected label ZipCode, got  ([]), file ZipCode.csv:1338 data 04773
    regex_detector_test.go:84: Expected label ZipCode, got  ([]), file ZipCode.csv:1339 data 04774
    regex_detector_test.go:84: Expected label ZipCode, got  ([]), file ZipCode.csv:1340 data 04776
    regex_detector_test.go:84: Expected label ZipCode, got  ([]), file ZipCode.csv:1341 data 04777
    regex_detector_test.go:84: Expected label ZipCode, got  ([]), file ZipCode.csv:1342 data 04779
    regex_detector_test.go:84: Expected label ZipCode, got  ([]), file ZipCode.csv:1343 data 04780
    regex_detector_test.go:84: Expected label ZipCode, got  ([]), file ZipCode.csv:1344 data 04781
    regex_detector_test.go:84: Expected label ZipCode, got  ([]), file ZipCode.csv:1345 data 04783
    regex_detector_test.go:84: Expected label ZipCode, got  ([]), file ZipCode.csv:1346 data 04785
    regex_detector_test.go:84: Expected label ZipCode, got  ([]), file ZipCode.csv:1347 data 04786
    regex_detector_test.go:84: Expected label ZipCode, got  ([]), file ZipCode.csv:1348 data 04787
    regex_detector_test.go:84: Expected label ZipCode, got  ([]), file ZipCode.csv:1349 data 04841
    regex_detector_test.go:84: Expected label ZipCode, got  ([]), file ZipCode.csv:1350 data 04843
    regex_detector_test.go:84: Expected label ZipCode, got  ([]), file ZipCode.csv:1351 data 04847
    regex_detector_test.go:84: Expected label ZipCode, got  ([]), file ZipCode.csv:1352 data 04848
    regex_detector_test.go:84: Expected label ZipCode, got  ([]), file ZipCode.csv:1353 data 04849
    regex_detector_test.go:84: Expected label ZipCode, got  ([]), file ZipCode.csv:1354 data 04851
    regex_detector_test.go:84: Expected label ZipCode, got  ([]), file ZipCode.csv:1355 data 04852
    regex_detector_test.go:84: Expected label ZipCode, got  ([]), file ZipCode.csv:1356 data 04853
    regex_detector_test.go:84: Expected label ZipCode, got  ([]), file ZipCode.csv:1357 data 04854
    regex_detector_test.go:84: Expected label ZipCode, got  ([]), file ZipCode.csv:1358 data 04855
    regex_detector_test.go:84: Expected label ZipCode, got  ([]), file ZipCode.csv:1359 data 04856
    regex_detector_test.go:84: Expected label ZipCode, got  ([]), file ZipCode.csv:1360 data 04858
    regex_detector_test.go:84: Expected label ZipCode, got  ([]), file ZipCode.csv:1361 data 04859
    regex_detector_test.go:84: Expected label ZipCode, got  ([]), file ZipCode.csv:1362 data 04860
    regex_detector_test.go:84: Expected label ZipCode, got  ([]), file ZipCode.csv:1363 data 04861
    regex_detector_test.go:84: Expected label ZipCode, got  ([]), file ZipCode.csv:1364 data 04862
    regex_detector_test.go:84: Expected label ZipCode, got  ([]), file ZipCode.csv:1365 data 04863
    regex_detector_test.go:84: Expected label ZipCode, got  ([]), file ZipCode.csv:1366 data 04864
    regex_detector_test.go:84: Expected label ZipCode, got  ([]), file ZipCode.csv:1367 data 04901
    regex_detector_test.go:84: Expected label ZipCode, got  ([]), file ZipCode.csv:1368 data 04910
    regex_detector_test.go:84: Expected label ZipCode, got  ([]), file ZipCode.csv:1369 data 04911
    regex_detector_test.go:84: Expected label ZipCode, got  ([]), file ZipCode.csv:1370 data 04912
    regex_detector_test.go:84: Expected label ZipCode, got  ([]), file ZipCode.csv:1371 data 04915
    regex_detector_test.go:84: Expected label ZipCode, got  ([]), file ZipCode.csv:1372 data 04917
    regex_detector_test.go:84: Expected label ZipCode, got  ([]), file ZipCode.csv:1373 data 04918
    regex_detector_test.go:84: Expected label ZipCode, got  ([]), file ZipCode.csv:1374 data 04920
    regex_detector_test.go:84: Expected label ZipCode, got  ([]), file ZipCode.csv:1375 data 04921
    regex_detector_test.go:84: Expected label ZipCode, got  ([]), file ZipCode.csv:1376 data 04922
    regex_detector_test.go:84: Expected label ZipCode, got  ([]), file ZipCode.csv:1377 data 04923
    regex_detector_test.go:84: Expected label ZipCode, got  ([]), file ZipCode.csv:1378 data 04924
    regex_detector_test.go:84: Expected label ZipCode, got  ([]), file ZipCode.csv:1379 data 04925
    regex_detector_test.go:84: Expected label ZipCode, got  ([]), file ZipCode.csv:1380 data 04926
    regex_detector_test.go:84: Expected label ZipCode, got  ([]), file ZipCode.csv:1381 data 04927
    regex_detector_test.go:84: Expected label ZipCode, got  ([]), file ZipCode.csv:1382 data 04928
    regex_detector_test.go:84: Expected label ZipCode, got  ([]), file ZipCode.csv:1383 data 04929
    regex_detector_test.go:84: Expected label ZipCode, got  ([]), file ZipCode.csv:1384 data 04930
    regex_detector_test.go:84: Expected label ZipCode, got  ([]), file ZipCode.csv:1385 data 04932
    regex_detector_test.go:84: Expected label ZipCode, got  ([]), file ZipCode.csv:1386 data 04936
    regex_detector_test.go:84: Expected label ZipCode, got  ([]), file ZipCode.csv:1387 data 04937
    regex_detector_test.go:84: Expected label ZipCode, got  ([]), file ZipCode.csv:1388 data 04938
    regex_detector_test.go:84: Expected label ZipCode, got  ([]), file ZipCode.csv:1389 data 04939
    regex_detector_test.go:84: Expected label ZipCode, got  ([]), file ZipCode.csv:1390 data 04940
    regex_detector_test.go:84: Expected label ZipCode, got  ([]), file ZipCode.csv:1391 data 04941
    regex_detector_test.go:84: Expected label ZipCode, got  ([]), file ZipCode.csv:1392 data 04942
    regex_detector_test.go:84: Expected label ZipCode, got  ([]), file ZipCode.csv:1393 data 04943
    regex_detector_test.go:84: Expected label ZipCode, got  ([]), file ZipCode.csv:1394 data 04944
    regex_detector_test.go:84: Expected label ZipCode, got  ([]), file ZipCode.csv:1395 data 04945
    regex_detector_test.go:84: Expected label ZipCode, got  ([]), file ZipCode.csv:1396 data 04947
    regex_detector_test.go:84: Expected label ZipCode, got  ([]), file ZipCode.csv:1397 data 04949
    regex_detector_test.go:84: Expected label ZipCode, got  ([]), file ZipCode.csv:1398 data 04950
    regex_detector_test.go:84: Expected label ZipCode, got  ([]), file ZipCode.csv:1399 data 04951
    regex_detector_test.go:84: Expected label ZipCode, got  ([]), file ZipCode.csv:1400 data 04952
    regex_detector_test.go:84: Expected label ZipCode, got  ([]), file ZipCode.csv:1401 data 04953
    regex_detector_test.go:84: Expected label ZipCode, got  ([]), file ZipCode.csv:1402 data 04955
    regex_detector_test.go:84: Expected label ZipCode, got  ([]), file ZipCode.csv:1403 data 04956
    regex_detector_test.go:84: Expected label ZipCode, got  ([]), file ZipCode.csv:1404 data 04957
    regex_detector_test.go:84: Expected label ZipCode, got  ([]), file ZipCode.csv:1405 data 04958
    regex_detector_test.go:84: Expected label ZipCode, got  ([]), file ZipCode.csv:1406 data 04961
    regex_detector_test.go:84: Expected label ZipCode, got  ([]), file ZipCode.csv:1407 data 04963
    regex_detector_test.go:84: Expected label ZipCode, got  ([]), file ZipCode.csv:1408 data 04964
    regex_detector_test.go:84: Expected label ZipCode, got  ([]), file ZipCode.csv:1409 data 04965
    regex_detector_test.go:84: Expected label ZipCode, got  ([]), file ZipCode.csv:1410 data 04966
    regex_detector_test.go:84: Expected label ZipCode, got  ([]), file ZipCode.csv:1411 data 04967
    regex_detector_test.go:84: Expected label ZipCode, got  ([]), file ZipCode.csv:1412 data 04969
    regex_detector_test.go:84: Expected label ZipCode, got  ([]), file ZipCode.csv:1413 data 04970
    regex_detector_test.go:84: Expected label ZipCode, got  ([]), file ZipCode.csv:1414 data 04971
    regex_detector_test.go:84: Expected label ZipCode, got  ([]), file ZipCode.csv:1415 data 04973
    regex_detector_test.go:84: Expected label ZipCode, got  ([]), file ZipCode.csv:1416 data 04974
    regex_detector_test.go:84: Expected label ZipCode, got  ([]), file ZipCode.csv:1417 data 04975
    regex_detector_test.go:84: Expected label ZipCode, got  ([]), file ZipCode.csv:1418 data 04976
    regex_detector_test.go:84: Expected label ZipCode, got  ([]), file ZipCode.csv:1419 data 04978
    regex_detector_test.go:84: Expected label ZipCode, got  ([]), file ZipCode.csv:1420 data 04979
    regex_detector_test.go:84: Expected label ZipCode, got  ([]), file ZipCode.csv:1421 data 04981
    regex_detector_test.go:84: Expected label ZipCode, got  ([]), file ZipCode.csv:1422 data 04982
    regex_detector_test.go:84: Expected label ZipCode, got  ([]), file ZipCode.csv:1423 data 04983
    regex_detector_test.go:84: Expected label ZipCode, got  ([]), file ZipCode.csv:1424 data 04984
    regex_detector_test.go:84: Expected label ZipCode, got  ([]), file ZipCode.csv:1425 data 04985
    regex_detector_test.go:84: Expected label ZipCode, got  ([]), file ZipCode.csv:1426 data 04986
    regex_detector_test.go:84: Expected label ZipCode, got  ([]), file ZipCode.csv:1427 data 04987
    regex_detector_test.go:84: Expected label ZipCode, got  ([]), file ZipCode.csv:1428 data 04988
    regex_detector_test.go:84: Expected label ZipCode, got  ([]), file ZipCode.csv:1429 data 04989
    regex_detector_test.go:84: Expected label ZipCode, got  ([]), file ZipCode.csv:1430 data 04992
    regex_detector_test.go:84: Expected label ZipCode, got  ([]), file ZipCode.csv:1431 data 05001
    regex_detector_test.go:84: Expected label ZipCode, got  ([]), file ZipCode.csv:1432 data 05009
    regex_detector_test.go:84: Expected label ZipCode, got  ([]), file ZipCode.csv:1433 data 05030
    regex_detector_test.go:84: Expected label ZipCode, got  ([]), file ZipCode.csv:1434 data 05031
    regex_detector_test.go:84: Expected label ZipCode, got  ([]), file ZipCode.csv:1435 data 05032
    regex_detector_test.go:84: Expected label ZipCode, got  ([]), file ZipCode.csv:1436 data 05033
    regex_detector_test.go:84: Expected label ZipCode, got  ([]), file ZipCode.csv:1437 data 05034
    regex_detector_test.go:84: Expected label ZipCode, got  ([]), file ZipCode.csv:1438 data 05035
    regex_detector_test.go:84: Expected label ZipCode, got  ([]), file ZipCode.csv:1439 data 05036
    regex_detector_test.go:84: Expected label ZipCode, got  ([]), file ZipCode.csv:1440 data 05037
    regex_detector_test.go:84: Expected label ZipCode, got  ([]), file ZipCode.csv:1441 data 05038
    regex_detector_test.go:84: Expected label ZipCode, got  ([]), file ZipCode.csv:1442 data 05039
    regex_detector_test.go:84: Expected label ZipCode, got  ([]), file ZipCode.csv:1443 data 05040
    regex_detector_test.go:84: Expected label ZipCode, got  ([]), file ZipCode.csv:1444 data 05041
    regex_detector_test.go:84: Expected label ZipCode, got  ([]), file ZipCode.csv:1445 data 05042
    regex_detector_test.go:84: Expected label ZipCode, got  ([]), file ZipCode.csv:1446 data 05043
    regex_detector_test.go:84: Expected label ZipCode, got  ([]), file ZipCode.csv:1447 data 05045
    regex_detector_test.go:84: Expected label ZipCode, got  ([]), file ZipCode.csv:1448 data 05046
    regex_detector_test.go:84: Expected label ZipCode, got  ([]), file ZipCode.csv:1449 data 05048
    regex_detector_test.go:84: Expected label ZipCode, got  ([]), file ZipCode.csv:1450 data 05050
    regex_detector_test.go:84: Expected label ZipCode, got  ([]), file ZipCode.csv:1451 data 05051
    regex_detector_test.go:84: Expected label ZipCode, got  ([]), file ZipCode.csv:1452 data 05052
    regex_detector_test.go:84: Expected label ZipCode, got  ([]), file ZipCode.csv:1453 data 05053
    regex_detector_test.go:84: Expected label ZipCode, got  ([]), file ZipCode.csv:1454 data 05055
    regex_detector_test.go:84: Expected label ZipCode, got  ([]), file ZipCode.csv:1455 data 05056
    regex_detector_test.go:84: Expected label ZipCode, got  ([]), file ZipCode.csv:1456 data 05058
    regex_detector_test.go:84: Expected label ZipCode, got  ([]), file ZipCode.csv:1457 data 05059
    regex_detector_test.go:84: Expected label ZipCode, got  ([]), file ZipCode.csv:1458 data 05060
    regex_detector_test.go:84: Expected label ZipCode, got  ([]), file ZipCode.csv:1459 data 05061
    regex_detector_test.go:84: Expected label ZipCode, got  ([]), file ZipCode.csv:1460 data 05062
    regex_detector_test.go:84: Expected label ZipCode, got  ([]), file ZipCode.csv:1461 data 05065
    regex_detector_test.go:84: Expected label ZipCode, got  ([]), file ZipCode.csv:1462 data 05067
    regex_detector_test.go:84: Expected label ZipCode, got  ([]), file ZipCode.csv:1463 data 05068
    regex_detector_test.go:84: Expected label ZipCode, got  ([]), file ZipCode.csv:1464 data 05069
    regex_detector_test.go:84: Expected label ZipCode, got  ([]), file ZipCode.csv:1465 data 05070
    regex_detector_test.go:84: Expected label ZipCode, got  ([]), file ZipCode.csv:1466 data 05071
    regex_detector_test.go:84: Expected label ZipCode, got  ([]), file ZipCode.csv:1467 data 05072
    regex_detector_test.go:84: Expected label ZipCode, got  ([]), file ZipCode.csv:1468 data 05073
    regex_detector_test.go:84: Expected label ZipCode, got  ([]), file ZipCode.csv:1469 data 05075
    regex_detector_test.go:84: Expected label ZipCode, got  ([]), file ZipCode.csv:1470 data 05076
    regex_detector_test.go:84: Expected label ZipCode, got  ([]), file ZipCode.csv:1471 data 05077
    regex_detector_test.go:84: Expected label ZipCode, got  ([]), file ZipCode.csv:1472 data 05079
    regex_detector_test.go:84: Expected label ZipCode, got  ([]), file ZipCode.csv:1473 data 05081
    regex_detector_test.go:84: Expected label ZipCode, got  ([]), file ZipCode.csv:1474 data 05083
    regex_detector_test.go:84: Expected label ZipCode, got  ([]), file ZipCode.csv:1475 data 05084
    regex_detector_test.go:84: Expected label ZipCode, got  ([]), file ZipCode.csv:1476 data 05086
    regex_detector_test.go:84: Expected label ZipCode, got  ([]), file ZipCode.csv:1477 data 05088
    regex_detector_test.go:84: Expected label ZipCode, got  ([]), file ZipCode.csv:1478 data 05089
    regex_detector_test.go:84: Expected label ZipCode, got  ([]), file ZipCode.csv:1479 data 05091
    regex_detector_test.go:84: Expected label ZipCode, got  ([]), file ZipCode.csv:1480 data 05101
    regex_detector_test.go:84: Expected label ZipCode, got  ([]), file ZipCode.csv:1481 data 05141
    regex_detector_test.go:84: Expected label ZipCode, got  ([]), file ZipCode.csv:1482 data 05142
    regex_detector_test.go:84: Expected label ZipCode, got  ([]), file ZipCode.csv:1483 data 05143
    regex_detector_test.go:84: Expected label ZipCode, got  ([]), file ZipCode.csv:1484 data 05146
    regex_detector_test.go:84: Expected label ZipCode, got  ([]), file ZipCode.csv:1485 data 05148
    regex_detector_test.go:84: Expected label ZipCode, got  ([]), file ZipCode.csv:1486 data 05149
    regex_detector_test.go:84: Expected label ZipCode, got  ([]), file ZipCode.csv:1487 data 05150
    regex_detector_test.go:84: Expected label ZipCode, got  ([]), file ZipCode.csv:1488 data 05151
    regex_detector_test.go:84: Expected label ZipCode, got  ([]), file ZipCode.csv:1489 data 05152
    regex_detector_test.go:84: Expected label ZipCode, got  ([]), file ZipCode.csv:1490 data 05153
    regex_detector_test.go:84: Expected label ZipCode, got  ([]), file ZipCode.csv:1491 data 05154
    regex_detector_test.go:84: Expected label ZipCode, got  ([]), file ZipCode.csv:1492 data 05155
    regex_detector_test.go:84: Expected label ZipCode, got  ([]), file ZipCode.csv:1493 data 05156
    regex_detector_test.go:84: Expected label ZipCode, got  ([]), file ZipCode.csv:1494 data 05158
    regex_detector_test.go:84: Expected label ZipCode, got  ([]), file ZipCode.csv:1495 data 05161
    regex_detector_test.go:84: Expected label ZipCode, got  ([]), file ZipCode.csv:1496 data 05201
    regex_detector_test.go:84: Expected label ZipCode, got  ([]), file ZipCode.csv:1497 data 05250
    regex_detector_test.go:84: Expected label ZipCode, got  ([]), file ZipCode.csv:1498 data 05251
    regex_detector_test.go:84: Expected label ZipCode, got  ([]), file ZipCode.csv:1499 data 05252
    regex_detector_test.go:84: Expected label ZipCode, got  ([]), file ZipCode.csv:1500 data 05253
    regex_detector_test.go:84: Expected label ZipCode, got  ([]), file ZipCode.csv:1501 data 05254
    regex_detector_test.go:84: Expected label ZipCode, got  ([]), file ZipCode.csv:1502 data 05255
    regex_detector_test.go:84: Expected label ZipCode, got  ([]), file ZipCode.csv:1503 data 05257
    regex_detector_test.go:84: Expected label ZipCode, got  ([]), file ZipCode.csv:1504 data 05260
    regex_detector_test.go:84: Expected label ZipCode, got  ([]), file ZipCode.csv:1505 data 05261
    regex_detector_test.go:84: Expected label ZipCode, got  ([]), file ZipCode.csv:1506 data 05262
    regex_detector_test.go:84: Expected label ZipCode, got  ([]), file ZipCode.csv:1507 data 05301
    regex_detector_test.go:84: Expected label ZipCode, got  ([]), file ZipCode.csv:1508 data 05340
    regex_detector_test.go:84: Expected label ZipCode, got  ([]), file ZipCode.csv:1509 data 05341
    regex_detector_test.go:84: Expected label ZipCode, got  ([]), file ZipCode.csv:1510 data 05342
    regex_detector_test.go:84: Expected label ZipCode, got  ([]), file ZipCode.csv:1511 data 05343
    regex_detector_test.go:84: Expected label ZipCode, got  ([]), file ZipCode.csv:1512 data 05344
    regex_detector_test.go:84: Expected label ZipCode, got  ([]), file ZipCode.csv:1513 data 05345
    regex_detector_test.go:84: Expected label ZipCode, got  ([]), file ZipCode.csv:1514 data 05346
    regex_detector_test.go:84: Expected label ZipCode, got  ([]), file ZipCode.csv:1515 data 05350
    regex_detector_test.go:84: Expected label ZipCode, got  ([]), file ZipCode.csv:1516 data 05351
    regex_detector_test.go:84: Expected label ZipCode, got  ([]), file ZipCode.csv:1517 data 05352
    regex_detector_test.go:84: Expected label ZipCode, got  ([]), file ZipCode.csv:1518 data 05353
    regex_detector_test.go:84: Expected label ZipCode, got  ([]), file ZipCode.csv:1519 data 05354
    regex_detector_test.go:84: Expected label ZipCode, got  ([]), file ZipCode.csv:1520 data 05355
    regex_detector_test.go:84: Expected label ZipCode, got  ([]), file ZipCode.csv:1521 data 05356
    regex_detector_test.go:84: Expected label ZipCode, got  ([]), file ZipCode.csv:1522 data 05358
    regex_detector_test.go:84: Expected label ZipCode, got  ([]), file ZipCode.csv:1523 data 05359
    regex_detector_test.go:84: Expected label ZipCode, got  ([]), file ZipCode.csv:1524 data 05360
    regex_detector_test.go:84: Expected label ZipCode, got  ([]), file ZipCode.csv:1525 data 05361
    regex_detector_test.go:84: Expected label ZipCode, got  ([]), file ZipCode.csv:1526 data 05362
    regex_detector_test.go:84: Expected label ZipCode, got  ([]), file ZipCode.csv:1527 data 05363
    regex_detector_test.go:84: Expected label ZipCode, got  ([]), file ZipCode.csv:1528 data 05401
    regex_detector_test.go:84: Expected label ZipCode, got  ([]), file ZipCode.csv:1529 data 05403
    regex_detector_test.go:84: Expected label ZipCode, got  ([]), file ZipCode.csv:1530 data 05404
    regex_detector_test.go:84: Expected label ZipCode, got  ([]), file ZipCode.csv:1531 data 05405
    regex_detector_test.go:84: Expected label ZipCode, got  ([]), file ZipCode.csv:1532 data 05408
    regex_detector_test.go:84: Expected label ZipCode, got  ([]), file ZipCode.csv:1533 data 05439
    regex_detector_test.go:84: Expected label ZipCode, got  ([]), file ZipCode.csv:1534 data 05440
    regex_detector_test.go:84: Expected label ZipCode, got  ([]), file ZipCode.csv:1535 data 05441
    regex_detector_test.go:84: Expected label ZipCode, got  ([]), file ZipCode.csv:1536 data 05442
    regex_detector_test.go:84: Expected label ZipCode, got  ([]), file ZipCode.csv:1537 data 05443
    regex_detector_test.go:84: Expected label ZipCode, got  ([]), file ZipCode.csv:1538 data 05444
    regex_detector_test.go:84: Expected label ZipCode, got  ([]), file ZipCode.csv:1539 data 05445
    regex_detector_test.go:84: Expected label ZipCode, got  ([]), file ZipCode.csv:1540 data 05446
    regex_detector_test.go:84: Expected label ZipCode, got  ([]), file ZipCode.csv:1541 data 05447
    regex_detector_test.go:84: Expected label ZipCode, got  ([]), file ZipCode.csv:1542 data 05448
    regex_detector_test.go:84: Expected label ZipCode, got  ([]), file ZipCode.csv:1543 data 05450
    regex_detector_test.go:84: Expected label ZipCode, got  ([]), file ZipCode.csv:1544 data 05452
    regex_detector_test.go:84: Expected label ZipCode, got  ([]), file ZipCode.csv:1545 data 05454
    regex_detector_test.go:84: Expected label ZipCode, got  ([]), file ZipCode.csv:1546 data 05455
    regex_detector_test.go:84: Expected label ZipCode, got  ([]), file ZipCode.csv:1547 data 05456
    regex_detector_test.go:84: Expected label ZipCode, got  ([]), file ZipCode.csv:1548 data 05457
    regex_detector_test.go:84: Expected label ZipCode, got  ([]), file ZipCode.csv:1549 data 05458
    regex_detector_test.go:84: Expected label ZipCode, got  ([]), file ZipCode.csv:1550 data 05459
    regex_detector_test.go:84: Expected label ZipCode, got  ([]), file ZipCode.csv:1551 data 05461
    regex_detector_test.go:84: Expected label ZipCode, got  ([]), file ZipCode.csv:1552 data 05462
    regex_detector_test.go:84: Expected label ZipCode, got  ([]), file ZipCode.csv:1553 data 05463
    regex_detector_test.go:84: Expected label ZipCode, got  ([]), file ZipCode.csv:1554 data 05464
    regex_detector_test.go:84: Expected label ZipCode, got  ([]), file ZipCode.csv:1555 data 05465
    regex_detector_test.go:84: Expected label ZipCode, got  ([]), file ZipCode.csv:1556 data 05468
    regex_detector_test.go:84: Expected label ZipCode, got  ([]), file ZipCode.csv:1557 data 05471
    regex_detector_test.go:84: Expected label ZipCode, got  ([]), file ZipCode.csv:1558 data 05472
    regex_detector_test.go:84: Expected label ZipCode, got  ([]), file ZipCode.csv:1559 data 05473
    regex_detector_test.go:84: Expected label ZipCode, got  ([]), file ZipCode.csv:1560 data 05474
    regex_detector_test.go:84: Expected label ZipCode, got  ([]), file ZipCode.csv:1561 data 05476
    regex_detector_test.go:84: Expected label ZipCode, got  ([]), file ZipCode.csv:1562 data 05477
    regex_detector_test.go:84: Expected label ZipCode, got  ([]), file ZipCode.csv:1563 data 05478
    regex_detector_test.go:84: Expected label ZipCode, got  ([]), file ZipCode.csv:1564 data 05481
    regex_detector_test.go:84: Expected label ZipCode, got  ([]), file ZipCode.csv:1565 data 05482
    regex_detector_test.go:84: Expected label ZipCode, got  ([]), file ZipCode.csv:1566 data 05483
    regex_detector_test.go:84: Expected label ZipCode, got  ([]), file ZipCode.csv:1567 data 05485
    regex_detector_test.go:84: Expected label ZipCode, got  ([]), file ZipCode.csv:1568 data 05486
    regex_detector_test.go:84: Expected label ZipCode, got  ([]), file ZipCode.csv:1569 data 05487
    regex_detector_test.go:84: Expected label ZipCode, got  ([]), file ZipCode.csv:1570 data 05488
    regex_detector_test.go:84: Expected label ZipCode, got  ([]), file ZipCode.csv:1571 data 05489
    regex_detector_test.go:84: Expected label ZipCode, got  ([]), file ZipCode.csv:1572 data 05491
    regex_detector_test.go:84: Expected label ZipCode, got  ([]), file ZipCode.csv:1573 data 05492
    regex_detector_test.go:84: Expected label ZipCode, got  ([]), file ZipCode.csv:1574 data 05494
    regex_detector_test.go:84: Expected label ZipCode, got  ([]), file ZipCode.csv:1575 data 05495
    regex_detector_test.go:84: Expected label ZipCode, got  ([]), file ZipCode.csv:1576 data 05602
    regex_detector_test.go:84: Expected label ZipCode, got  ([]), file ZipCode.csv:1577 data 05640
    regex_detector_test.go:84: Expected label ZipCode, got  ([]), file ZipCode.csv:1578 data 05641
    regex_detector_test.go:84: Expected label ZipCode, got  ([]), file ZipCode.csv:1579 data 05647
    regex_detector_test.go:84: Expected label ZipCode, got  ([]), file ZipCode.csv:1580 data 05648
    regex_detector_test.go:84: Expected label ZipCode, got  ([]), file ZipCode.csv:1581 data 05649
    regex_detector_test.go:84: Expected label ZipCode, got  ([]), file ZipCode.csv:1582 data 05650
    regex_detector_test.go:84: Expected label ZipCode, got  ([]), file ZipCode.csv:1583 data 05651
    regex_detector_test.go:84: Expected label ZipCode, got  ([]), file ZipCode.csv:1584 data 05652
    regex_detector_test.go:84: Expected label ZipCode, got  ([]), file ZipCode.csv:1585 data 05653
    regex_detector_test.go:84: Expected label ZipCode, got  ([]), file ZipCode.csv:1586 data 05654
    regex_detector_test.go:84: Expected label ZipCode, got  ([]), file ZipCode.csv:1587 data 05655
    regex_detector_test.go:84: Expected label ZipCode, got  ([]), file ZipCode.csv:1588 data 05656
    regex_detector_test.go:84: Expected label ZipCode, got  ([]), file ZipCode.csv:1589 data 05658
    regex_detector_test.go:84: Expected label ZipCode, got  ([]), file ZipCode.csv:1590 data 05660
    regex_detector_test.go:84: Expected label ZipCode, got  ([]), file ZipCode.csv:1591 data 05661
    regex_detector_test.go:84: Expected label ZipCode, got  ([]), file ZipCode.csv:1592 data 05663
    regex_detector_test.go:84: Expected label ZipCode, got  ([]), file ZipCode.csv:1593 data 05664
    regex_detector_test.go:84: Expected label ZipCode, got  ([]), file ZipCode.csv:1594 data 05666
    regex_detector_test.go:84: Expected label ZipCode, got  ([]), file ZipCode.csv:1595 data 05667
    regex_detector_test.go:84: Expected label ZipCode, got  ([]), file ZipCode.csv:1596 data 05669
    regex_detector_test.go:84: Expected label ZipCode, got  ([]), file ZipCode.csv:1597 data 05670
    regex_detector_test.go:84: Expected label ZipCode, got  ([]), file ZipCode.csv:1598 data 05672
    regex_detector_test.go:84: Expected label ZipCode, got  ([]), file ZipCode.csv:1599 data 05673
    regex_detector_test.go:84: Expected label ZipCode, got  ([]), file ZipCode.csv:1600 data 05674
    regex_detector_test.go:84: Expected label ZipCode, got  ([]), file ZipCode.csv:1601 data 05675
    regex_detector_test.go:84: Expected label ZipCode, got  ([]), file ZipCode.csv:1602 data 05676
    regex_detector_test.go:84: Expected label ZipCode, got  ([]), file ZipCode.csv:1603 data 05677
    regex_detector_test.go:84: Expected label ZipCode, got  ([]), file ZipCode.csv:1604 data 05678
    regex_detector_test.go:84: Expected label ZipCode, got  ([]), file ZipCode.csv:1605 data 05679
    regex_detector_test.go:84: Expected label ZipCode, got  ([]), file ZipCode.csv:1606 data 05680
    regex_detector_test.go:84: Expected label ZipCode, got  ([]), file ZipCode.csv:1607 data 05681
    regex_detector_test.go:84: Expected label ZipCode, got  ([]), file ZipCode.csv:1608 data 05682
    regex_detector_test.go:84: Expected label ZipCode, got  ([]), file ZipCode.csv:1609 data 05701
    regex_detector_test.go:84: Expected label ZipCode, got  ([]), file ZipCode.csv:1610 data 05730
    regex_detector_test.go:84: Expected label ZipCode, got  ([]), file ZipCode.csv:1611 data 05731
    regex_detector_test.go:84: Expected label ZipCode, got  ([]), file ZipCode.csv:1612 data 05732
    regex_detector_test.go:84: Expected label ZipCode, got  ([]), file ZipCode.csv:1613 data 05733
    regex_detector_test.go:84: Expected label ZipCode, got  ([]), file ZipCode.csv:1614 data 05734
    regex_detector_test.go:84: Expected label ZipCode, got  ([]), file ZipCode.csv:1615 data 05735
    regex_detector_test.go:84: Expected label ZipCode, got  ([]), file ZipCode.csv:1616 data 05736
    regex_detector_test.go:84: Expected label ZipCode, got  ([]), file ZipCode.csv:1617 data 05737
    regex_detector_test.go:84: Expected label ZipCode, got  ([]), file ZipCode.csv:1618 data 05738
    regex_detector_test.go:84: Expected label ZipCode, got  ([]), file ZipCode.csv:1619 data 05739
    regex_detector_test.go:84: Expected label ZipCode, got  ([]), file ZipCode.csv:1620 data 05742
    regex_detector_test.go:84: Expected label ZipCode, got  ([]), file ZipCode.csv:1621 data 05743
    regex_detector_test.go:84: Expected label ZipCode, got  ([]), file ZipCode.csv:1622 data 05744
    regex_detector_test.go:84: Expected label ZipCode, got  ([]), file ZipCode.csv:1623 data 05746
    regex_detector_test.go:84: Expected label ZipCode, got  ([]), file ZipCode.csv:1624 data 05747
    regex_detector_test.go:84: Expected label ZipCode, got  ([]), file ZipCode.csv:1625 data 05748
    regex_detector_test.go:84: Expected label ZipCode, got  ([]), file ZipCode.csv:1626 data 05751
    regex_detector_test.go:84: Expected label ZipCode, got  ([]), file ZipCode.csv:1627 data 05753
    regex_detector_test.go:84: Expected label ZipCode, got  ([]), file ZipCode.csv:1628 data 05757
    regex_detector_test.go:84: Expected label ZipCode, got  ([]), file ZipCode.csv:1629 data 05758
    regex_detector_test.go:84: Expected label ZipCode, got  ([]), file ZipCode.csv:1630 data 05759
    regex_detector_test.go:84: Expected label ZipCode, got  ([]), file ZipCode.csv:1631 data 05760
    regex_detector_test.go:84: Expected label ZipCode, got  ([]), file ZipCode.csv:1632 data 05761
    regex_detector_test.go:84: Expected label ZipCode, got  ([]), file ZipCode.csv:1633 data 05762
    regex_detector_test.go:84: Expected label ZipCode, got  ([]), file ZipCode.csv:1634 data 05763
    regex_detector_test.go:84: Expected label ZipCode, got  ([]), file ZipCode.csv:1635 data 05764
    regex_detector_test.go:84: Expected label ZipCode, got  ([]), file ZipCode.csv:1636 data 05765
    regex_detector_test.go:84: Expected label ZipCode, got  ([]), file ZipCode.csv:1637 data 05766
    regex_detector_test.go:84: Expected label ZipCode, got  ([]), file ZipCode.csv:1638 data 05767
    regex_detector_test.go:84: Expected label ZipCode, got  ([]), file ZipCode.csv:1639 data 05768
    regex_detector_test.go:84: Expected label ZipCode, got  ([]), file ZipCode.csv:1640 data 05769
    regex_detector_test.go:84: Expected label ZipCode, got  ([]), file ZipCode.csv:1641 data 05770
    regex_detector_test.go:84: Expected label ZipCode, got  ([]), file ZipCode.csv:1642 data 05772
    regex_detector_test.go:84: Expected label ZipCode, got  ([]), file ZipCode.csv:1643 data 05773
    regex_detector_test.go:84: Expected label ZipCode, got  ([]), file ZipCode.csv:1644 data 05774
    regex_detector_test.go:84: Expected label ZipCode, got  ([]), file ZipCode.csv:1645 data 05775
    regex_detector_test.go:84: Expected label ZipCode, got  ([]), file ZipCode.csv:1646 data 05776
    regex_detector_test.go:84: Expected label ZipCode, got  ([]), file ZipCode.csv:1647 data 05777
    regex_detector_test.go:84: Expected label ZipCode, got  ([]), file ZipCode.csv:1648 data 05778
    regex_detector_test.go:84: Expected label ZipCode, got  ([]), file ZipCode.csv:1649 data 05819
    regex_detector_test.go:84: Expected label ZipCode, got  ([]), file ZipCode.csv:1650 data 05820
    regex_detector_test.go:84: Expected label ZipCode, got  ([]), file ZipCode.csv:1651 data 05821
    regex_detector_test.go:84: Expected label ZipCode, got  ([]), file ZipCode.csv:1652 data 05822
    regex_detector_test.go:84: Expected label ZipCode, got  ([]), file ZipCode.csv:1653 data 05824
    regex_detector_test.go:84: Expected label ZipCode, got  ([]), file ZipCode.csv:1654 data 05825
    regex_detector_test.go:84: Expected label ZipCode, got  ([]), file ZipCode.csv:1655 data 05826
    regex_detector_test.go:84: Expected label ZipCode, got  ([]), file ZipCode.csv:1656 data 05827
    regex_detector_test.go:84: Expected label ZipCode, got  ([]), file ZipCode.csv:1657 data 05828
    regex_detector_test.go:84: Expected label ZipCode, got  ([]), file ZipCode.csv:1658 data 05829
    regex_detector_test.go:84: Expected label ZipCode, got  ([]), file ZipCode.csv:1659 data 05830
    regex_detector_test.go:84: Expected label ZipCode, got  ([]), file ZipCode.csv:1660 data 05832
    regex_detector_test.go:84: Expected label ZipCode, got  ([]), file ZipCode.csv:1661 data 05833
    regex_detector_test.go:84: Expected label ZipCode, got  ([]), file ZipCode.csv:1662 data 05836
    regex_detector_test.go:84: Expected label ZipCode, got  ([]), file ZipCode.csv:1663 data 05837
    regex_detector_test.go:84: Expected label ZipCode, got  ([]), file ZipCode.csv:1664 data 05839
    regex_detector_test.go:84: Expected label ZipCode, got  ([]), file ZipCode.csv:1665 data 05840
    regex_detector_test.go:84: Expected label ZipCode, got  ([]), file ZipCode.csv:1666 data 05841
    regex_detector_test.go:84: Expected label ZipCode, got  ([]), file ZipCode.csv:1667 data 05842
    regex_detector_test.go:84: Expected label ZipCode, got  ([]), file ZipCode.csv:1668 data 05843
    regex_detector_test.go:84: Expected label ZipCode, got  ([]), file ZipCode.csv:1669 data 05845
    regex_detector_test.go:84: Expected label ZipCode, got  ([]), file ZipCode.csv:1670 data 05846
    regex_detector_test.go:84: Expected label ZipCode, got  ([]), file ZipCode.csv:1671 data 05847
    regex_detector_test.go:84: Expected label ZipCode, got  ([]), file ZipCode.csv:1672 data 05850
    regex_detector_test.go:84: Expected label ZipCode, got  ([]), file ZipCode.csv:1673 data 05851
    regex_detector_test.go:84: Expected label ZipCode, got  ([]), file ZipCode.csv:1674 data 05853
    regex_detector_test.go:84: Expected label ZipCode, got  ([]), file ZipCode.csv:1675 data 05855
    regex_detector_test.go:84: Expected label ZipCode, got  ([]), file ZipCode.csv:1676 data 05857
    regex_detector_test.go:84: Expected label ZipCode, got  ([]), file ZipCode.csv:1677 data 05858
    regex_detector_test.go:84: Expected label ZipCode, got  ([]), file ZipCode.csv:1678 data 05859
    regex_detector_test.go:84: Expected label ZipCode, got  ([]), file ZipCode.csv:1679 data 05860
    regex_detector_test.go:84: Expected label ZipCode, got  ([]), file ZipCode.csv:1680 data 05862
    regex_detector_test.go:84: Expected label ZipCode, got  ([]), file ZipCode.csv:1681 data 05866
    regex_detector_test.go:84: Expected label ZipCode, got  ([]), file ZipCode.csv:1682 data 05867
    regex_detector_test.go:84: Expected label ZipCode, got  ([]), file ZipCode.csv:1683 data 05868
    regex_detector_test.go:84: Expected label ZipCode, got  ([]), file ZipCode.csv:1684 data 05871
    regex_detector_test.go:84: Expected label ZipCode, got  ([]), file ZipCode.csv:1685 data 05872
    regex_detector_test.go:84: Expected label ZipCode, got  ([]), file ZipCode.csv:1686 data 05873
    regex_detector_test.go:84: Expected label ZipCode, got  ([]), file ZipCode.csv:1687 data 05874
    regex_detector_test.go:84: Expected label ZipCode, got  ([]), file ZipCode.csv:1688 data 05875
    regex_detector_test.go:84: Expected label ZipCode, got  ([]), file ZipCode.csv:1689 data 05901
    regex_detector_test.go:84: Expected label ZipCode, got  ([]), file ZipCode.csv:1690 data 05902
    regex_detector_test.go:84: Expected label ZipCode, got  ([]), file ZipCode.csv:1691 data 05903
    regex_detector_test.go:84: Expected label ZipCode, got  ([]), file ZipCode.csv:1692 data 05904
    regex_detector_test.go:84: Expected label ZipCode, got  ([]), file ZipCode.csv:1693 data 05905
    regex_detector_test.go:84: Expected label ZipCode, got  ([]), file ZipCode.csv:1694 data 05906
    regex_detector_test.go:84: Expected label ZipCode, got  ([]), file ZipCode.csv:1695 data 05907
    regex_detector_test.go:84: Expected label ZipCode, got  ([]), file ZipCode.csv:1696 data 06001
    regex_detector_test.go:84: Expected label ZipCode, got  ([]), file ZipCode.csv:1697 data 06002
    regex_detector_test.go:84: Expected label ZipCode, got  ([]), file ZipCode.csv:1698 data 06010
    regex_detector_test.go:84: Expected label ZipCode, got  ([]), file ZipCode.csv:1699 data 06013
    regex_detector_test.go:84: Expected label ZipCode, got  ([]), file ZipCode.csv:1700 data 06016
    regex_detector_test.go:84: Expected label ZipCode, got  ([]), file ZipCode.csv:1701 data 06018
    regex_detector_test.go:84: Expected label ZipCode, got  ([]), file ZipCode.csv:1702 data 06019
    regex_detector_test.go:84: Expected label ZipCode, got  ([]), file ZipCode.csv:1703 data 06020
    regex_detector_test.go:84: Expected label ZipCode, got  ([]), file ZipCode.csv:1704 data 06021
    regex_detector_test.go:84: Expected label ZipCode, got  ([]), file ZipCode.csv:1705 data 06022
    regex_detector_test.go:84: Expected label ZipCode, got  ([]), file ZipCode.csv:1706 data 06023
    regex_detector_test.go:84: Expected label ZipCode, got  ([]), file ZipCode.csv:1707 data 06024
    regex_detector_test.go:84: Expected label ZipCode, got  ([]), file ZipCode.csv:1708 data 06026
    regex_detector_test.go:84: Expected label ZipCode, got  ([]), file ZipCode.csv:1709 data 06027
    regex_detector_test.go:84: Expected label ZipCode, got  ([]), file ZipCode.csv:1710 data 06029
    regex_detector_test.go:84: Expected label ZipCode, got  ([]), file ZipCode.csv:1711 data 06031
    regex_detector_test.go:84: Expected label ZipCode, got  ([]), file ZipCode.csv:1712 data 06032
    regex_detector_test.go:84: Expected label ZipCode, got  ([]), file ZipCode.csv:1713 data 06033
    regex_detector_test.go:84: Expected label ZipCode, got  ([]), file ZipCode.csv:1714 data 06035
    regex_detector_test.go:84: Expected label ZipCode, got  ([]), file ZipCode.csv:1715 data 06037
    regex_detector_test.go:84: Expected label ZipCode, got  ([]), file ZipCode.csv:1716 data 06039
    regex_detector_test.go:84: Expected label ZipCode, got  ([]), file ZipCode.csv:1717 data 06040
    regex_detector_test.go:84: Expected label ZipCode, got  ([]), file ZipCode.csv:1718 data 06042
    regex_detector_test.go:84: Expected label ZipCode, got  ([]), file ZipCode.csv:1719 data 06043
    regex_detector_test.go:84: Expected label ZipCode, got  ([]), file ZipCode.csv:1720 data 06051
    regex_detector_test.go:84: Expected label ZipCode, got  ([]), file ZipCode.csv:1721 data 06052
    regex_detector_test.go:84: Expected label ZipCode, got  ([]), file ZipCode.csv:1722 data 06053
    regex_detector_test.go:84: Expected label ZipCode, got  ([]), file ZipCode.csv:1723 data 06057
    regex_detector_test.go:84: Expected label ZipCode, got  ([]), file ZipCode.csv:1724 data 06058
    regex_detector_test.go:84: Expected label ZipCode, got  ([]), file ZipCode.csv:1725 data 06059
    regex_detector_test.go:84: Expected label ZipCode, got  ([]), file ZipCode.csv:1726 data 06060
    regex_detector_test.go:84: Expected label ZipCode, got  ([]), file ZipCode.csv:1727 data 06061
    regex_detector_test.go:84: Expected label ZipCode, got  ([]), file ZipCode.csv:1728 data 06062
    regex_detector_test.go:84: Expected label ZipCode, got  ([]), file ZipCode.csv:1729 data 06063
    regex_detector_test.go:84: Expected label ZipCode, got  ([]), file ZipCode.csv:1730 data 06065
    regex_detector_test.go:84: Expected label ZipCode, got  ([]), file ZipCode.csv:1731 data 06066
    regex_detector_test.go:84: Expected label ZipCode, got  ([]), file ZipCode.csv:1732 data 06067
    regex_detector_test.go:84: Expected label ZipCode, got  ([]), file ZipCode.csv:1733 data 06068
    regex_detector_test.go:84: Expected label ZipCode, got  ([]), file ZipCode.csv:1734 data 06069
    regex_detector_test.go:84: Expected label ZipCode, got  ([]), file ZipCode.csv:1735 data 06070
    regex_detector_test.go:84: Expected label ZipCode, got  ([]), file ZipCode.csv:1736 data 06071
    regex_detector_test.go:84: Expected label ZipCode, got  ([]), file ZipCode.csv:1737 data 06072
    regex_detector_test.go:84: Expected label ZipCode, got  ([]), file ZipCode.csv:1738 data 06073
    regex_detector_test.go:84: Expected label ZipCode, got  ([]), file ZipCode.csv:1739 data 06074
    regex_detector_test.go:84: Expected label ZipCode, got  ([]), file ZipCode.csv:1740 data 06076
    regex_detector_test.go:84: Expected label ZipCode, got  ([]), file ZipCode.csv:1741 data 06078
    regex_detector_test.go:84: Expected label ZipCode, got  ([]), file ZipCode.csv:1742 data 06079
    regex_detector_test.go:84: Expected label ZipCode, got  ([]), file ZipCode.csv:1743 data 06080
    regex_detector_test.go:84: Expected label ZipCode, got  ([]), file ZipCode.csv:1744 data 06081
    regex_detector_test.go:84: Expected label ZipCode, got  ([]), file ZipCode.csv:1745 data 06082
    regex_detector_test.go:84: Expected label ZipCode, got  ([]), file ZipCode.csv:1746 data 06084
    regex_detector_test.go:84: Expected label ZipCode, got  ([]), file ZipCode.csv:1747 data 06085
    regex_detector_test.go:84: Expected label ZipCode, got  ([]), file ZipCode.csv:1748 data 06088
    regex_detector_test.go:84: Expected label ZipCode, got  ([]), file ZipCode.csv:1749 data 06089
    regex_detector_test.go:84: Expected label ZipCode, got  ([]), file ZipCode.csv:1750 data 06090
    regex_detector_test.go:84: Expected label ZipCode, got  ([]), file ZipCode.csv:1751 data 06091
    regex_detector_test.go:84: Expected label ZipCode, got  ([]), file ZipCode.csv:1752 data 06092
    regex_detector_test.go:84: Expected label ZipCode, got  ([]), file ZipCode.csv:1753 data 06093
    regex_detector_test.go:84: Expected label ZipCode, got  ([]), file ZipCode.csv:1754 data 06095
    regex_detector_test.go:84: Expected label ZipCode, got  ([]), file ZipCode.csv:1755 data 06096
    regex_detector_test.go:84: Expected label ZipCode, got  ([]), file ZipCode.csv:1756 data 06098
    regex_detector_test.go:84: Expected label ZipCode, got  ([]), file ZipCode.csv:1757 data 06103
    regex_detector_test.go:84: Expected label ZipCode, got  ([]), file ZipCode.csv:1758 data 06105
    regex_detector_test.go:84: Expected label ZipCode, got  ([]), file ZipCode.csv:1759 data 06106
    regex_detector_test.go:84: Expected label ZipCode, got  ([]), file ZipCode.csv:1760 data 06107
    regex_detector_test.go:84: Expected label ZipCode, got  ([]), file ZipCode.csv:1761 data 06108
    regex_detector_test.go:84: Expected label ZipCode, got  ([]), file ZipCode.csv:1762 data 06109
    regex_detector_test.go:84: Expected label ZipCode, got  ([]), file ZipCode.csv:1763 data 06110
    regex_detector_test.go:84: Expected label ZipCode, got  ([]), file ZipCode.csv:1764 data 06111
    regex_detector_test.go:84: Expected label ZipCode, got  ([]), file ZipCode.csv:1765 data 06112
    regex_detector_test.go:84: Expected label ZipCode, got  ([]), file ZipCode.csv:1766 data 06114
    regex_detector_test.go:84: Expected label ZipCode, got  ([]), file ZipCode.csv:1767 data 06117
    regex_detector_test.go:84: Expected label ZipCode, got  ([]), file ZipCode.csv:1768 data 06118
    regex_detector_test.go:84: Expected label ZipCode, got  ([]), file ZipCode.csv:1769 data 06119
    regex_detector_test.go:84: Expected label ZipCode, got  ([]), file ZipCode.csv:1770 data 06120
    regex_detector_test.go:84: Expected label ZipCode, got  ([]), file ZipCode.csv:1771 data 06226
    regex_detector_test.go:84: Expected label ZipCode, got  ([]), file ZipCode.csv:1772 data 06231
    regex_detector_test.go:84: Expected label ZipCode, got  ([]), file ZipCode.csv:1773 data 06232
    regex_detector_test.go:84: Expected label ZipCode, got  ([]), file ZipCode.csv:1774 data 06234
    regex_detector_test.go:84: Expected label ZipCode, got  ([]), file ZipCode.csv:1775 data 06235
    regex_detector_test.go:84: Expected label ZipCode, got  ([]), file ZipCode.csv:1776 data 06237
    regex_detector_test.go:84: Expected label ZipCode, got  ([]), file ZipCode.csv:1777 data 06238
    regex_detector_test.go:84: Expected label ZipCode, got  ([]), file ZipCode.csv:1778 data 06239
    regex_detector_test.go:84: Expected label ZipCode, got  ([]), file ZipCode.csv:1779 data 06241
    regex_detector_test.go:84: Expected label ZipCode, got  ([]), file ZipCode.csv:1780 data 06242
    regex_detector_test.go:84: Expected label ZipCode, got  ([]), file ZipCode.csv:1781 data 06243
    regex_detector_test.go:84: Expected label ZipCode, got  ([]), file ZipCode.csv:1782 data 06247
    regex_detector_test.go:84: Expected label ZipCode, got  ([]), file ZipCode.csv:1783 data 06248
    regex_detector_test.go:84: Expected label ZipCode, got  ([]), file ZipCode.csv:1784 data 06249
    regex_detector_test.go:84: Expected label ZipCode, got  ([]), file ZipCode.csv:1785 data 06250
    regex_detector_test.go:84: Expected label ZipCode, got  ([]), file ZipCode.csv:1786 data 06254
    regex_detector_test.go:84: Expected label ZipCode, got  ([]), file ZipCode.csv:1787 data 06255
    regex_detector_test.go:84: Expected label ZipCode, got  ([]), file ZipCode.csv:1788 data 06256
    regex_detector_test.go:84: Expected label ZipCode, got  ([]), file ZipCode.csv:1789 data 06258
    regex_detector_test.go:84: Expected label ZipCode, got  ([]), file ZipCode.csv:1790 data 06259
    regex_detector_test.go:84: Expected label ZipCode, got  ([]), file ZipCode.csv:1791 data 06260
    regex_detector_test.go:84: Expected label ZipCode, got  ([]), file ZipCode.csv:1792 data 06262
    regex_detector_test.go:84: Expected label ZipCode, got  ([]), file ZipCode.csv:1793 data 06263
    regex_detector_test.go:84: Expected label ZipCode, got  ([]), file ZipCode.csv:1794 data 06264
    regex_detector_test.go:84: Expected label ZipCode, got  ([]), file ZipCode.csv:1795 data 06266
    regex_detector_test.go:84: Expected label ZipCode, got  ([]), file ZipCode.csv:1796 data 06268
    regex_detector_test.go:84: Expected label ZipCode, got  ([]), file ZipCode.csv:1797 data 06269
    regex_detector_test.go:84: Expected label ZipCode, got  ([]), file ZipCode.csv:1798 data 06277
    regex_detector_test.go:84: Expected label ZipCode, got  ([]), file ZipCode.csv:1799 data 06278
    regex_detector_test.go:84: Expected label ZipCode, got  ([]), file ZipCode.csv:1800 data 06279
    regex_detector_test.go:84: Expected label ZipCode, got  ([]), file ZipCode.csv:1801 data 06280
    regex_detector_test.go:84: Expected label ZipCode, got  ([]), file ZipCode.csv:1802 data 06281
    regex_detector_test.go:84: Expected label ZipCode, got  ([]), file ZipCode.csv:1803 data 06282
    regex_detector_test.go:84: Expected label ZipCode, got  ([]), file ZipCode.csv:1804 data 06320
    regex_detector_test.go:84: Expected label ZipCode, got  ([]), file ZipCode.csv:1805 data 06330
    regex_detector_test.go:84: Expected label ZipCode, got  ([]), file ZipCode.csv:1806 data 06331
    regex_detector_test.go:84: Expected label ZipCode, got  ([]), file ZipCode.csv:1807 data 06332
    regex_detector_test.go:84: Expected label ZipCode, got  ([]), file ZipCode.csv:1808 data 06333
    regex_detector_test.go:84: Expected label ZipCode, got  ([]), file ZipCode.csv:1809 data 06334
    regex_detector_test.go:84: Expected label ZipCode, got  ([]), file ZipCode.csv:1810 data 06335
    regex_detector_test.go:84: Expected label ZipCode, got  ([]), file ZipCode.csv:1811 data 06336
    regex_detector_test.go:84: Expected label ZipCode, got  ([]), file ZipCode.csv:1812 data 06338
    regex_detector_test.go:84: Expected label ZipCode, got  ([]), file ZipCode.csv:1813 data 06339
    regex_detector_test.go:84: Expected label ZipCode, got  ([]), file ZipCode.csv:1814 data 06340
    regex_detector_test.go:84: Expected label ZipCode, got  ([]), file ZipCode.csv:1815 data 06350
    regex_detector_test.go:84: Expected label ZipCode, got  ([]), file ZipCode.csv:1816 data 06351
    regex_detector_test.go:84: Expected label ZipCode, got  ([]), file ZipCode.csv:1817 data 06353
    regex_detector_test.go:84: Expected label ZipCode, got  ([]), file ZipCode.csv:1818 data 06354
    regex_detector_test.go:84: Expected label ZipCode, got  ([]), file ZipCode.csv:1819 data 06355
    regex_detector_test.go:84: Expected label ZipCode, got  ([]), file ZipCode.csv:1820 data 06357
    regex_detector_test.go:84: Expected label ZipCode, got  ([]), file ZipCode.csv:1821 data 06359
    regex_detector_test.go:84: Expected label ZipCode, got  ([]), file ZipCode.csv:1822 data 06360
    regex_detector_test.go:84: Expected label ZipCode, got  ([]), file ZipCode.csv:1823 data 06365
    regex_detector_test.go:84: Expected label ZipCode, got  ([]), file ZipCode.csv:1824 data 06370
    regex_detector_test.go:84: Expected label ZipCode, got  ([]), file ZipCode.csv:1825 data 06371
    regex_detector_test.go:84: Expected label ZipCode, got  ([]), file ZipCode.csv:1826 data 06373
    regex_detector_test.go:84: Expected label ZipCode, got  ([]), file ZipCode.csv:1827 data 06374
    regex_detector_test.go:84: Expected label ZipCode, got  ([]), file ZipCode.csv:1828 data 06375
    regex_detector_test.go:84: Expected label ZipCode, got  ([]), file ZipCode.csv:1829 data 06376
    regex_detector_test.go:84: Expected label ZipCode, got  ([]), file ZipCode.csv:1830 data 06377
    regex_detector_test.go:84: Expected label ZipCode, got  ([]), file ZipCode.csv:1831 data 06378
    regex_detector_test.go:84: Expected label ZipCode, got  ([]), file ZipCode.csv:1832 data 06379
    regex_detector_test.go:84: Expected label ZipCode, got  ([]), file ZipCode.csv:1833 data 06380
    regex_detector_test.go:84: Expected label ZipCode, got  ([]), file ZipCode.csv:1834 data 06382
    regex_detector_test.go:84: Expected label ZipCode, got  ([]), file ZipCode.csv:1835 data 06384
    regex_detector_test.go:84: Expected label ZipCode, got  ([]), file ZipCode.csv:1836 data 06385
    regex_detector_test.go:84: Expected label ZipCode, got  ([]), file ZipCode.csv:1837 data 06387
    regex_detector_test.go:84: Expected label ZipCode, got  ([]), file ZipCode.csv:1838 data 06389
    regex_detector_test.go:84: Expected label ZipCode, got  ([]), file ZipCode.csv:1839 data 06390
    regex_detector_test.go:84: Expected label ZipCode, got  ([]), file ZipCode.csv:1840 data 06401
    regex_detector_test.go:84: Expected label ZipCode, got  ([]), file ZipCode.csv:1841 data 06403
    regex_detector_test.go:84: Expected label ZipCode, got  ([]), file ZipCode.csv:1842 data 06405
    regex_detector_test.go:84: Expected label ZipCode, got  ([]), file ZipCode.csv:1843 data 06409
    regex_detector_test.go:84: Expected label ZipCode, got  ([]), file ZipCode.csv:1844 data 06410
    regex_detector_test.go:84: Expected label ZipCode, got  ([]), file ZipCode.csv:1845 data 06412
    regex_detector_test.go:84: Expected label ZipCode, got  ([]), file ZipCode.csv:1846 data 06413
    regex_detector_test.go:84: Expected label ZipCode, got  ([]), file ZipCode.csv:1847 data 06414
    regex_detector_test.go:84: Expected label ZipCode, got  ([]), file ZipCode.csv:1848 data 06415
    regex_detector_test.go:84: Expected label ZipCode, got  ([]), file ZipCode.csv:1849 data 06416
    regex_detector_test.go:84: Expected label ZipCode, got  ([]), file ZipCode.csv:1850 data 06417
    regex_detector_test.go:84: Expected label ZipCode, got  ([]), file ZipCode.csv:1851 data 06418
    regex_detector_test.go:84: Expected label ZipCode, got  ([]), file ZipCode.csv:1852 data 06419
    regex_detector_test.go:84: Expected label ZipCode, got  ([]), file ZipCode.csv:1853 data 06420
    regex_detector_test.go:84: Expected label ZipCode, got  ([]), file ZipCode.csv:1854 data 06422
    regex_detector_test.go:84: Expected label ZipCode, got  ([]), file ZipCode.csv:1855 data 06423
    regex_detector_test.go:84: Expected label ZipCode, got  ([]), file ZipCode.csv:1856 data 06424
    regex_detector_test.go:84: Expected label ZipCode, got  ([]), file ZipCode.csv:1857 data 06426
    regex_detector_test.go:84: Expected label ZipCode, got  ([]), file ZipCode.csv:1858 data 06437
    regex_detector_test.go:84: Expected label ZipCode, got  ([]), file ZipCode.csv:1859 data 06438
    regex_detector_test.go:84: Expected label ZipCode, got  ([]), file ZipCode.csv:1860 data 06439
    regex_detector_test.go:84: Expected label ZipCode, got  ([]), file ZipCode.csv:1861 data 06441
    regex_detector_test.go:84: Expected label ZipCode, got  ([]), file ZipCode.csv:1862 data 06442
    regex_detector_test.go:84: Expected label ZipCode, got  ([]), file ZipCode.csv:1863 data 06443
    regex_detector_test.go:84: Expected label ZipCode, got  ([]), file ZipCode.csv:1864 data 06444
    regex_detector_test.go:84: Expected label ZipCode, got  ([]), file ZipCode.csv:1865 data 06447
    regex_detector_test.go:84: Expected label ZipCode, got  ([]), file ZipCode.csv:1866 data 06450
    regex_detector_test.go:84: Expected label ZipCode, got  ([]), file ZipCode.csv:1867 data 06451
    regex_detector_test.go:84: Expected label ZipCode, got  ([]), file ZipCode.csv:1868 data 06455
    regex_detector_test.go:84: Expected label ZipCode, got  ([]), file ZipCode.csv:1869 data 06456
    regex_detector_test.go:84: Expected label ZipCode, got  ([]), file ZipCode.csv:1870 data 06457
    regex_detector_test.go:84: Expected label ZipCode, got  ([]), file ZipCode.csv:1871 data 06459
    regex_detector_test.go:84: Expected label ZipCode, got  ([]), file ZipCode.csv:1872 data 06460
    regex_detector_test.go:84: Expected label ZipCode, got  ([]), file ZipCode.csv:1873 data 06461
    regex_detector_test.go:84: Expected label ZipCode, got  ([]), file ZipCode.csv:1874 data 06467
    regex_detector_test.go:84: Expected label ZipCode, got  ([]), file ZipCode.csv:1875 data 06468
    regex_detector_test.go:84: Expected label ZipCode, got  ([]), file ZipCode.csv:1876 data 06469
    regex_detector_test.go:84: Expected label ZipCode, got  ([]), file ZipCode.csv:1877 data 06470
    regex_detector_test.go:84: Expected label ZipCode, got  ([]), file ZipCode.csv:1878 data 06471
    regex_detector_test.go:84: Expected label ZipCode, got  ([]), file ZipCode.csv:1879 data 06472
    regex_detector_test.go:84: Expected label ZipCode, got  ([]), file ZipCode.csv:1880 data 06473
    regex_detector_test.go:84: Expected label ZipCode, got  ([]), file ZipCode.csv:1881 data 06475
    regex_detector_test.go:84: Expected label ZipCode, got  ([]), file ZipCode.csv:1882 data 06477
    regex_detector_test.go:84: Expected label ZipCode, got  ([]), file ZipCode.csv:1883 data 06478
    regex_detector_test.go:84: Expected label ZipCode, got  ([]), file ZipCode.csv:1884 data 06479
    regex_detector_test.go:84: Expected label ZipCode, got  ([]), file ZipCode.csv:1885 data 06480
    regex_detector_test.go:84: Expected label ZipCode, got  ([]), file ZipCode.csv:1886 data 06481
    regex_detector_test.go:84: Expected label ZipCode, got  ([]), file ZipCode.csv:1887 data 06482
    regex_detector_test.go:84: Expected label ZipCode, got  ([]), file ZipCode.csv:1888 data 06483
    regex_detector_test.go:84: Expected label ZipCode, got  ([]), file ZipCode.csv:1889 data 06484
    regex_detector_test.go:84: Expected label ZipCode, got  ([]), file ZipCode.csv:1890 data 06488
    regex_detector_test.go:84: Expected label ZipCode, got  ([]), file ZipCode.csv:1891 data 06489
    regex_detector_test.go:84: Expected label ZipCode, got  ([]), file ZipCode.csv:1892 data 06492
    regex_detector_test.go:84: Expected label ZipCode, got  ([]), file ZipCode.csv:1893 data 06498
    regex_detector_test.go:84: Expected label ZipCode, got  ([]), file ZipCode.csv:1894 data 06510
    regex_detector_test.go:84: Expected label ZipCode, got  ([]), file ZipCode.csv:1895 data 06511
    regex_detector_test.go:84: Expected label ZipCode, got  ([]), file ZipCode.csv:1896 data 06512
    regex_detector_test.go:84: Expected label ZipCode, got  ([]), file ZipCode.csv:1897 data 06513
    regex_detector_test.go:84: Expected label ZipCode, got  ([]), file ZipCode.csv:1898 data 06514
    regex_detector_test.go:84: Expected label ZipCode, got  ([]), file ZipCode.csv:1899 data 06515
    regex_detector_test.go:84: Expected label ZipCode, got  ([]), file ZipCode.csv:1900 data 06516
    regex_detector_test.go:84: Expected label ZipCode, got  ([]), file ZipCode.csv:1901 data 06517
    regex_detector_test.go:84: Expected label ZipCode, got  ([]), file ZipCode.csv:1902 data 06518
    regex_detector_test.go:84: Expected label ZipCode, got  ([]), file ZipCode.csv:1903 data 06519
    regex_detector_test.go:84: Expected label ZipCode, got  ([]), file ZipCode.csv:1904 data 06524
    regex_detector_test.go:84: Expected label ZipCode, got  ([]), file ZipCode.csv:1905 data 06525
    regex_detector_test.go:84: Expected label ZipCode, got  ([]), file ZipCode.csv:1906 data 06604
    regex_detector_test.go:84: Expected label ZipCode, got  ([]), file ZipCode.csv:1907 data 06605
    regex_detector_test.go:84: Expected label ZipCode, got  ([]), file ZipCode.csv:1908 data 06606
    regex_detector_test.go:84: Expected label ZipCode, got  ([]), file ZipCode.csv:1909 data 06607
    regex_detector_test.go:84: Expected label ZipCode, got  ([]), file ZipCode.csv:1910 data 06608
    regex_detector_test.go:84: Expected label ZipCode, got  ([]), file ZipCode.csv:1911 data 06610
    regex_detector_test.go:84: Expected label ZipCode, got  ([]), file ZipCode.csv:1912 data 06611
    regex_detector_test.go:84: Expected label ZipCode, got  ([]), file ZipCode.csv:1913 data 06612
    regex_detector_test.go:84: Expected label ZipCode, got  ([]), file ZipCode.csv:1914 data 06614
    regex_detector_test.go:84: Expected label ZipCode, got  ([]), file ZipCode.csv:1915 data 06615
    regex_detector_test.go:84: Expected label ZipCode, got  ([]), file ZipCode.csv:1916 data 06702
    regex_detector_test.go:84: Expected label ZipCode, got  ([]), file ZipCode.csv:1917 data 06704
    regex_detector_test.go:84: Expected label ZipCode, got  ([]), file ZipCode.csv:1918 data 06705
    regex_detector_test.go:84: Expected label ZipCode, got  ([]), file ZipCode.csv:1919 data 06706
    regex_detector_test.go:84: Expected label ZipCode, got  ([]), file ZipCode.csv:1920 data 06708
    regex_detector_test.go:84: Expected label ZipCode, got  ([]), file ZipCode.csv:1921 data 06710
    regex_detector_test.go:84: Expected label ZipCode, got  ([]), file ZipCode.csv:1922 data 06712
    regex_detector_test.go:84: Expected label ZipCode, got  ([]), file ZipCode.csv:1923 data 06716
    regex_detector_test.go:84: Expected label ZipCode, got  ([]), file ZipCode.csv:1924 data 06750
    regex_detector_test.go:84: Expected label ZipCode, got  ([]), file ZipCode.csv:1925 data 06751
    regex_detector_test.go:84: Expected label ZipCode, got  ([]), file ZipCode.csv:1926 data 06752
    regex_detector_test.go:84: Expected label ZipCode, got  ([]), file ZipCode.csv:1927 data 06753
    regex_detector_test.go:84: Expected label ZipCode, got  ([]), file ZipCode.csv:1928 data 06754
    regex_detector_test.go:84: Expected label ZipCode, got  ([]), file ZipCode.csv:1929 data 06755
    regex_detector_test.go:84: Expected label ZipCode, got  ([]), file ZipCode.csv:1930 data 06756
    regex_detector_test.go:84: Expected label ZipCode, got  ([]), file ZipCode.csv:1931 data 06757
    regex_detector_test.go:84: Expected label ZipCode, got  ([]), file ZipCode.csv:1932 data 06758
    regex_detector_test.go:84: Expected label ZipCode, got  ([]), file ZipCode.csv:1933 data 06759
    regex_detector_test.go:84: Expected label ZipCode, got  ([]), file ZipCode.csv:1934 data 06762
    regex_detector_test.go:84: Expected label ZipCode, got  ([]), file ZipCode.csv:1935 data 06763
    regex_detector_test.go:84: Expected label ZipCode, got  ([]), file ZipCode.csv:1936 data 06770
    regex_detector_test.go:84: Expected label ZipCode, got  ([]), file ZipCode.csv:1937 data 06776
    regex_detector_test.go:84: Expected label ZipCode, got  ([]), file ZipCode.csv:1938 data 06777
    regex_detector_test.go:84: Expected label ZipCode, got  ([]), file ZipCode.csv:1939 data 06778
    regex_detector_test.go:84: Expected label ZipCode, got  ([]), file ZipCode.csv:1940 data 06779
    regex_detector_test.go:84: Expected label ZipCode, got  ([]), file ZipCode.csv:1941 data 06782
    regex_detector_test.go:84: Expected label ZipCode, got  ([]), file ZipCode.csv:1942 data 06783
    regex_detector_test.go:84: Expected label ZipCode, got  ([]), file ZipCode.csv:1943 data 06784
    regex_detector_test.go:84: Expected label ZipCode, got  ([]), file ZipCode.csv:1944 data 06785
    regex_detector_test.go:84: Expected label ZipCode, got  ([]), file ZipCode.csv:1945 data 06786
    regex_detector_test.go:84: Expected label ZipCode, got  ([]), file ZipCode.csv:1946 data 06787
    regex_detector_test.go:84: Expected label ZipCode, got  ([]), file ZipCode.csv:1947 data 06790
    regex_detector_test.go:84: Expected label ZipCode, got  ([]), file ZipCode.csv:1948 data 06791
    regex_detector_test.go:84: Expected label ZipCode, got  ([]), file ZipCode.csv:1949 data 06793
    regex_detector_test.go:84: Expected label ZipCode, got  ([]), file ZipCode.csv:1950 data 06794
    regex_detector_test.go:84: Expected label ZipCode, got  ([]), file ZipCode.csv:1951 data 06795
    regex_detector_test.go:84: Expected label ZipCode, got  ([]), file ZipCode.csv:1952 data 06796
    regex_detector_test.go:84: Expected label ZipCode, got  ([]), file ZipCode.csv:1953 data 06798
    regex_detector_test.go:84: Expected label ZipCode, got  ([]), file ZipCode.csv:1954 data 06801
    regex_detector_test.go:84: Expected label ZipCode, got  ([]), file ZipCode.csv:1955 data 06804
    regex_detector_test.go:84: Expected label ZipCode, got  ([]), file ZipCode.csv:1956 data 06807
    regex_detector_test.go:84: Expected label ZipCode, got  ([]), file ZipCode.csv:1957 data 06810
    regex_detector_test.go:84: Expected label ZipCode, got  ([]), file ZipCode.csv:1958 data 06811
    regex_detector_test.go:84: Expected label ZipCode, got  ([]), file ZipCode.csv:1959 data 06812
    regex_detector_test.go:84: Expected label ZipCode, got  ([]), file ZipCode.csv:1960 data 06820
    regex_detector_test.go:84: Expected label ZipCode, got  ([]), file ZipCode.csv:1961 data 06824
    regex_detector_test.go:84: Expected label ZipCode, got  ([]), file ZipCode.csv:1962 data 06825
    regex_detector_test.go:84: Expected label ZipCode, got  ([]), file ZipCode.csv:1963 data 06830
    regex_detector_test.go:84: Expected label ZipCode, got  ([]), file ZipCode.csv:1964 data 06831
    regex_detector_test.go:84: Expected label ZipCode, got  ([]), file ZipCode.csv:1965 data 06840
    regex_detector_test.go:84: Expected label ZipCode, got  ([]), file ZipCode.csv:1966 data 06850
    regex_detector_test.go:84: Expected label ZipCode, got  ([]), file ZipCode.csv:1967 data 06851
    regex_detector_test.go:84: Expected label ZipCode, got  ([]), file ZipCode.csv:1968 data 06853
    regex_detector_test.go:84: Expected label ZipCode, got  ([]), file ZipCode.csv:1969 data 06854
    regex_detector_test.go:84: Expected label ZipCode, got  ([]), file ZipCode.csv:1970 data 06855
    regex_detector_test.go:84: Expected label ZipCode, got  ([]), file ZipCode.csv:1971 data 06870
    regex_detector_test.go:84: Expected label ZipCode, got  ([]), file ZipCode.csv:1972 data 06877
    regex_detector_test.go:84: Expected label ZipCode, got  ([]), file ZipCode.csv:1973 data 06878
    regex_detector_test.go:84: Expected label ZipCode, got  ([]), file ZipCode.csv:1974 data 06880
    regex_detector_test.go:84: Expected label ZipCode, got  ([]), file ZipCode.csv:1975 data 06883
    regex_detector_test.go:84: Expected label ZipCode, got  ([]), file ZipCode.csv:1976 data 06890
    regex_detector_test.go:84: Expected label ZipCode, got  ([]), file ZipCode.csv:1977 data 06896
    regex_detector_test.go:84: Expected label ZipCode, got  ([]), file ZipCode.csv:1978 data 06897
    regex_detector_test.go:84: Expected label ZipCode, got  ([]), file ZipCode.csv:1979 data 06901
    regex_detector_test.go:84: Expected label ZipCode, got  ([]), file ZipCode.csv:1980 data 06902
    regex_detector_test.go:84: Expected label ZipCode, got  ([]), file ZipCode.csv:1981 data 06903
    regex_detector_test.go:84: Expected label ZipCode, got  ([]), file ZipCode.csv:1982 data 06905
    regex_detector_test.go:84: Expected label ZipCode, got  ([]), file ZipCode.csv:1983 data 06906
    regex_detector_test.go:84: Expected label ZipCode, got  ([]), file ZipCode.csv:1984 data 06907
    regex_detector_test.go:84: Expected label ZipCode, got  ([]), file ZipCode.csv:1985 data 07001
    regex_detector_test.go:84: Expected label ZipCode, got  ([]), file ZipCode.csv:1986 data 07002
    regex_detector_test.go:84: Expected label ZipCode, got  ([]), file ZipCode.csv:1987 data 07003
    regex_detector_test.go:84: Expected label ZipCode, got  ([]), file ZipCode.csv:1988 data 07004
    regex_detector_test.go:84: Expected label ZipCode, got  ([]), file ZipCode.csv:1989 data 07005
    regex_detector_test.go:84: Expected label ZipCode, got  ([]), file ZipCode.csv:1990 data 07006
    regex_detector_test.go:84: Expected label ZipCode, got  ([]), file ZipCode.csv:1991 data 07008
    regex_detector_test.go:84: Expected label ZipCode, got  ([]), file ZipCode.csv:1992 data 07009
    regex_detector_test.go:84: Expected label ZipCode, got  ([]), file ZipCode.csv:1993 data 07010
    regex_detector_test.go:84: Expected label ZipCode, got  ([]), file ZipCode.csv:1994 data 07011
    regex_detector_test.go:84: Expected label ZipCode, got  ([]), file ZipCode.csv:1995 data 07012
    regex_detector_test.go:84: Expected label ZipCode, got  ([]), file ZipCode.csv:1996 data 07013
    regex_detector_test.go:84: Expected label ZipCode, got  ([]), file ZipCode.csv:1997 data 07014
    regex_detector_test.go:84: Expected label ZipCode, got  ([]), file ZipCode.csv:1998 data 07016
    regex_detector_test.go:84: Expected label ZipCode, got  ([]), file ZipCode.csv:1999 data 07017
    regex_detector_test.go:84: Expected label ZipCode, got  ([]), file ZipCode.csv:2000 data 07018
    regex_detector_test.go:84: Expected label ZipCode, got  ([]), file ZipCode.csv:2001 data 07020
    regex_detector_test.go:84: Expected label ZipCode, got  ([]), file ZipCode.csv:2002 data 07021
    regex_detector_test.go:84: Expected label ZipCode, got  ([]), file ZipCode.csv:2003 data 07022
    regex_detector_test.go:84: Expected label ZipCode, got  ([]), file ZipCode.csv:2004 data 07023
    regex_detector_test.go:84: Expected label ZipCode, got  ([]), file ZipCode.csv:2005 data 07024
    regex_detector_test.go:84: Expected label ZipCode, got  ([]), file ZipCode.csv:2006 data 07026
    regex_detector_test.go:84: Expected label ZipCode, got  ([]), file ZipCode.csv:2007 data 07027
    regex_detector_test.go:84: Expected label ZipCode, got  ([]), file ZipCode.csv:2008 data 07028
    regex_detector_test.go:84: Expected label ZipCode, got  ([]), file ZipCode.csv:2009 data 07029
    regex_detector_test.go:84: Expected label ZipCode, got  ([]), file ZipCode.csv:2010 data 07030
    regex_detector_test.go:84: Expected label ZipCode, got  ([]), file ZipCode.csv:2011 data 07031
    regex_detector_test.go:84: Expected label ZipCode, got  ([]), file ZipCode.csv:2012 data 07032
    regex_detector_test.go:84: Expected label ZipCode, got  ([]), file ZipCode.csv:2013 data 07033
    regex_detector_test.go:84: Expected label ZipCode, got  ([]), file ZipCode.csv:2014 data 07034
    regex_detector_test.go:84: Expected label ZipCode, got  ([]), file ZipCode.csv:2015 data 07035
    regex_detector_test.go:84: Expected label ZipCode, got  ([]), file ZipCode.csv:2016 data 07036
    regex_detector_test.go:84: Expected label ZipCode, got  ([]), file ZipCode.csv:2017 data 07039
    regex_detector_test.go:84: Expected label ZipCode, got  ([]), file ZipCode.csv:2018 data 07040
    regex_detector_test.go:84: Expected label ZipCode, got  ([]), file ZipCode.csv:2019 data 07041
    regex_detector_test.go:84: Expected label ZipCode, got  ([]), file ZipCode.csv:2020 data 07042
    regex_detector_test.go:84: Expected label ZipCode, got  ([]), file ZipCode.csv:2021 data 07043
    regex_detector_test.go:84: Expected label ZipCode, got  ([]), file ZipCode.csv:2022 data 07044
    regex_detector_test.go:84: Expected label ZipCode, got  ([]), file ZipCode.csv:2023 data 07045
    regex_detector_test.go:84: Expected label ZipCode, got  ([]), file ZipCode.csv:2024 data 07046
    regex_detector_test.go:84: Expected label ZipCode, got  ([]), file ZipCode.csv:2025 data 07047
    regex_detector_test.go:84: Expected label ZipCode, got  ([]), file ZipCode.csv:2026 data 07050
    regex_detector_test.go:84: Expected label ZipCode, got  ([]), file ZipCode.csv:2027 data 07052
    regex_detector_test.go:84: Expected label ZipCode, got  ([]), file ZipCode.csv:2028 data 07054
    regex_detector_test.go:84: Expected label ZipCode, got  ([]), file ZipCode.csv:2029 data 07055
    regex_detector_test.go:84: Expected label ZipCode, got  ([]), file ZipCode.csv:2030 data 07057
    regex_detector_test.go:84: Expected label ZipCode, got  ([]), file ZipCode.csv:2031 data 07058
    regex_detector_test.go:84: Expected label ZipCode, got  ([]), file ZipCode.csv:2032 data 07059
    regex_detector_test.go:84: Expected label ZipCode, got  ([]), file ZipCode.csv:2033 data 07060
    regex_detector_test.go:84: Expected label ZipCode, got  ([]), file ZipCode.csv:2034 data 07062
    regex_detector_test.go:84: Expected label ZipCode, got  ([]), file ZipCode.csv:2035 data 07063
    regex_detector_test.go:84: Expected label ZipCode, got  ([]), file ZipCode.csv:2036 data 07064
    regex_detector_test.go:84: Expected label ZipCode, got  ([]), file ZipCode.csv:2037 data 07065
    regex_detector_test.go:84: Expected label ZipCode, got  ([]), file ZipCode.csv:2038 data 07066
    regex_detector_test.go:84: Expected label ZipCode, got  ([]), file ZipCode.csv:2039 data 07067
    regex_detector_test.go:84: Expected label ZipCode, got  ([]), file ZipCode.csv:2040 data 07068
    regex_detector_test.go:84: Expected label ZipCode, got  ([]), file ZipCode.csv:2041 data 07069
    regex_detector_test.go:84: Expected label ZipCode, got  ([]), file ZipCode.csv:2042 data 07070
    regex_detector_test.go:84: Expected label ZipCode, got  ([]), file ZipCode.csv:2043 data 07071
    regex_detector_test.go:84: Expected label ZipCode, got  ([]), file ZipCode.csv:2044 data 07072
    regex_detector_test.go:84: Expected label ZipCode, got  ([]), file ZipCode.csv:2045 data 07073
    regex_detector_test.go:84: Expected label ZipCode, got  ([]), file ZipCode.csv:2046 data 07074
    regex_detector_test.go:84: Expected label ZipCode, got  ([]), file ZipCode.csv:2047 data 07075
    regex_detector_test.go:84: Expected label ZipCode, got  ([]), file ZipCode.csv:2048 data 07076
    regex_detector_test.go:84: Expected label ZipCode, got  ([]), file ZipCode.csv:2049 data 07077
    regex_detector_test.go:84: Expected label ZipCode, got  ([]), file ZipCode.csv:2050 data 07078
    regex_detector_test.go:84: Expected label ZipCode, got  ([]), file ZipCode.csv:2051 data 07079
    regex_detector_test.go:84: Expected label ZipCode, got  ([]), file ZipCode.csv:2052 data 07080
    regex_detector_test.go:84: Expected label ZipCode, got  ([]), file ZipCode.csv:2053 data 07081
    regex_detector_test.go:84: Expected label ZipCode, got  ([]), file ZipCode.csv:2054 data 07082
    regex_detector_test.go:84: Expected label ZipCode, got  ([]), file ZipCode.csv:2055 data 07083
    regex_detector_test.go:84: Expected label ZipCode, got  ([]), file ZipCode.csv:2056 data 07086
    regex_detector_test.go:84: Expected label ZipCode, got  ([]), file ZipCode.csv:2057 data 07087
    regex_detector_test.go:84: Expected label ZipCode, got  ([]), file ZipCode.csv:2058 data 07088
    regex_detector_test.go:84: Expected label ZipCode, got  ([]), file ZipCode.csv:2059 data 07090
    regex_detector_test.go:84: Expected label ZipCode, got  ([]), file ZipCode.csv:2060 data 07092
    regex_detector_test.go:84: Expected label ZipCode, got  ([]), file ZipCode.csv:2061 data 07093
    regex_detector_test.go:84: Expected label ZipCode, got  ([]), file ZipCode.csv:2062 data 07094
    regex_detector_test.go:84: Expected label ZipCode, got  ([]), file ZipCode.csv:2063 data 07095
    regex_detector_test.go:84: Expected label ZipCode, got  ([]), file ZipCode.csv:2064 data 07102
    regex_detector_test.go:84: Expected label ZipCode, got  ([]), file ZipCode.csv:2065 data 07103
    regex_detector_test.go:84: Expected label ZipCode, got  ([]), file ZipCode.csv:2066 data 07104
    regex_detector_test.go:84: Expected label ZipCode, got  ([]), file ZipCode.csv:2067 data 07105
    regex_detector_test.go:84: Expected label ZipCode, got  ([]), file ZipCode.csv:2068 data 07106
    regex_detector_test.go:84: Expected label ZipCode, got  ([]), file ZipCode.csv:2069 data 07107
    regex_detector_test.go:84: Expected label ZipCode, got  ([]), file ZipCode.csv:2070 data 07108
    regex_detector_test.go:84: Expected label ZipCode, got  ([]), file ZipCode.csv:2071 data 07109
    regex_detector_test.go:84: Expected label ZipCode, got  ([]), file ZipCode.csv:2072 data 07110
    regex_detector_test.go:84: Expected label ZipCode, got  ([]), file ZipCode.csv:2073 data 07111
    regex_detector_test.go:84: Expected label ZipCode, got  ([]), file ZipCode.csv:2074 data 07112
    regex_detector_test.go:84: Expected label ZipCode, got  ([]), file ZipCode.csv:2075 data 07114
    regex_detector_test.go:84: Expected label ZipCode, got  ([]), file ZipCode.csv:2076 data 07201
    regex_detector_test.go:84: Expected label ZipCode, got  ([]), file ZipCode.csv:2077 data 07202
    regex_detector_test.go:84: Expected label ZipCode, got  ([]), file ZipCode.csv:2078 data 07203
    regex_detector_test.go:84: Expected label ZipCode, got  ([]), file ZipCode.csv:2079 data 07204
    regex_detector_test.go:84: Expected label ZipCode, got  ([]), file ZipCode.csv:2080 data 07205
    regex_detector_test.go:84: Expected label ZipCode, got  ([]), file ZipCode.csv:2081 data 07206
    regex_detector_test.go:84: Expected label ZipCode, got  ([]), file ZipCode.csv:2082 data 07208
    regex_detector_test.go:84: Expected label ZipCode, got  ([]), file ZipCode.csv:2083 data 07302
    regex_detector_test.go:84: Expected label ZipCode, got  ([]), file ZipCode.csv:2084 data 07304
    regex_detector_test.go:84: Expected label ZipCode, got  ([]), file ZipCode.csv:2085 data 07305
    regex_detector_test.go:84: Expected label ZipCode, got  ([]), file ZipCode.csv:2086 data 07306
    regex_detector_test.go:84: Expected label ZipCode, got  ([]), file ZipCode.csv:2087 data 07307
    regex_detector_test.go:84: Expected label ZipCode, got  ([]), file ZipCode.csv:2088 data 07310
    regex_detector_test.go:84: Expected label ZipCode, got  ([]), file ZipCode.csv:2089 data 07311
    regex_detector_test.go:84: Expected label ZipCode, got  ([]), file ZipCode.csv:2090 data 07401
    regex_detector_test.go:84: Expected label ZipCode, got  ([]), file ZipCode.csv:2091 data 07403
    regex_detector_test.go:84: Expected label ZipCode, got  ([]), file ZipCode.csv:2092 data 07405
    regex_detector_test.go:84: Expected label ZipCode, got  ([]), file ZipCode.csv:2093 data 07407
    regex_detector_test.go:84: Expected label ZipCode, got  ([]), file ZipCode.csv:2094 data 07410
    regex_detector_test.go:84: Expected label ZipCode, got  ([]), file ZipCode.csv:2095 data 07416
    regex_detector_test.go:84: Expected label ZipCode, got  ([]), file ZipCode.csv:2096 data 07417
    regex_detector_test.go:84: Expected label ZipCode, got  ([]), file ZipCode.csv:2097 data 07418
    regex_detector_test.go:84: Expected label ZipCode, got  ([]), file ZipCode.csv:2098 data 07419
    regex_detector_test.go:84: Expected label ZipCode, got  ([]), file ZipCode.csv:2099 data 07420
    regex_detector_test.go:84: Expected label ZipCode, got  ([]), file ZipCode.csv:2100 data 07421
    regex_detector_test.go:84: Expected label ZipCode, got  ([]), file ZipCode.csv:2101 data 07422
    regex_detector_test.go:84: Expected label ZipCode, got  ([]), file ZipCode.csv:2102 data 07423
    regex_detector_test.go:84: Expected label ZipCode, got  ([]), file ZipCode.csv:2103 data 07424
    regex_detector_test.go:84: Expected label ZipCode, got  ([]), file ZipCode.csv:2104 data 07430
    regex_detector_test.go:84: Expected label ZipCode, got  ([]), file ZipCode.csv:2105 data 07432
    regex_detector_test.go:84: Expected label ZipCode, got  ([]), file ZipCode.csv:2106 data 07435
    regex_detector_test.go:84: Expected label ZipCode, got  ([]), file ZipCode.csv:2107 data 07436
    regex_detector_test.go:84: Expected label ZipCode, got  ([]), file ZipCode.csv:2108 data 07438
    regex_detector_test.go:84: Expected label ZipCode, got  ([]), file ZipCode.csv:2109 data 07439
    regex_detector_test.go:84: Expected label ZipCode, got  ([]), file ZipCode.csv:2110 data 07440
    regex_detector_test.go:84: Expected label ZipCode, got  ([]), file ZipCode.csv:2111 data 07442
    regex_detector_test.go:84: Expected label ZipCode, got  ([]), file ZipCode.csv:2112 data 07444
    regex_detector_test.go:84: Expected label ZipCode, got  ([]), file ZipCode.csv:2113 data 07446
    regex_detector_test.go:84: Expected label ZipCode, got  ([]), file ZipCode.csv:2114 data 07450
    regex_detector_test.go:84: Expected label ZipCode, got  ([]), file ZipCode.csv:2115 data 07452
    regex_detector_test.go:84: Expected label ZipCode, got  ([]), file ZipCode.csv:2116 data 07456
    regex_detector_test.go:84: Expected label ZipCode, got  ([]), file ZipCode.csv:2117 data 07457
    regex_detector_test.go:84: Expected label ZipCode, got  ([]), file ZipCode.csv:2118 data 07458
    regex_detector_test.go:84: Expected label ZipCode, got  ([]), file ZipCode.csv:2119 data 07460
    regex_detector_test.go:84: Expected label ZipCode, got  ([]), file ZipCode.csv:2120 data 07461
    regex_detector_test.go:84: Expected label ZipCode, got  ([]), file ZipCode.csv:2121 data 07462
    regex_detector_test.go:84: Expected label ZipCode, got  ([]), file ZipCode.csv:2122 data 07463
    regex_detector_test.go:84: Expected label ZipCode, got  ([]), file ZipCode.csv:2123 data 07465
    regex_detector_test.go:84: Expected label ZipCode, got  ([]), file ZipCode.csv:2124 data 07470
    regex_detector_test.go:84: Expected label ZipCode, got  ([]), file ZipCode.csv:2125 data 07480
    regex_detector_test.go:84: Expected label ZipCode, got  ([]), file ZipCode.csv:2126 data 07481
    regex_detector_test.go:84: Expected label ZipCode, got  ([]), file ZipCode.csv:2127 data 07501
    regex_detector_test.go:84: Expected label ZipCode, got  ([]), file ZipCode.csv:2128 data 07502
    regex_detector_test.go:84: Expected label ZipCode, got  ([]), file ZipCode.csv:2129 data 07503
    regex_detector_test.go:84: Expected label ZipCode, got  ([]), file ZipCode.csv:2130 data 07504
    regex_detector_test.go:84: Expected label ZipCode, got  ([]), file ZipCode.csv:2131 data 07505
    regex_detector_test.go:84: Expected label ZipCode, got  ([]), file ZipCode.csv:2132 data 07506
    regex_detector_test.go:84: Expected label ZipCode, got  ([]), file ZipCode.csv:2133 data 07508
    regex_detector_test.go:84: Expected label ZipCode, got  ([]), file ZipCode.csv:2134 data 07512
    regex_detector_test.go:84: Expected label ZipCode, got  ([]), file ZipCode.csv:2135 data 07513
    regex_detector_test.go:84: Expected label ZipCode, got  ([]), file ZipCode.csv:2136 data 07514
    regex_detector_test.go:84: Expected label ZipCode, got  ([]), file ZipCode.csv:2137 data 07522
    regex_detector_test.go:84: Expected label ZipCode, got  ([]), file ZipCode.csv:2138 data 07524
    regex_detector_test.go:84: Expected label ZipCode, got  ([]), file ZipCode.csv:2139 data 07601
    regex_detector_test.go:84: Expected label ZipCode, got  ([]), file ZipCode.csv:2140 data 07603
    regex_detector_test.go:84: Expected label ZipCode, got  ([]), file ZipCode.csv:2141 data 07604
    regex_detector_test.go:84: Expected label ZipCode, got  ([]), file ZipCode.csv:2142 data 07605
    regex_detector_test.go:84: Expected label ZipCode, got  ([]), file ZipCode.csv:2143 data 07606
    regex_detector_test.go:84: Expected label ZipCode, got  ([]), file ZipCode.csv:2144 data 07607
    regex_detector_test.go:84: Expected label ZipCode, got  ([]), file ZipCode.csv:2145 data 07608
    regex_detector_test.go:84: Expected label ZipCode, got  ([]), file ZipCode.csv:2146 data 07620
    regex_detector_test.go:84: Expected label ZipCode, got  ([]), file ZipCode.csv:2147 data 07621
    regex_detector_test.go:84: Expected label ZipCode, got  ([]), file ZipCode.csv:2148 data 07624
    regex_detector_test.go:84: Expected label ZipCode, got  ([]), file ZipCode.csv:2149 data 07626
    regex_detector_test.go:84: Expected label ZipCode, got  ([]), file ZipCode.csv:2150 data 07627
    regex_detector_test.go:84: Expected label ZipCode, got  ([]), file ZipCode.csv:2151 data 07628
    regex_detector_test.go:84: Expected label ZipCode, got  ([]), file ZipCode.csv:2152 data 07630
    regex_detector_test.go:84: Expected label ZipCode, got  ([]), file ZipCode.csv:2153 data 07631
    regex_detector_test.go:84: Expected label ZipCode, got  ([]), file ZipCode.csv:2154 data 07632
    regex_detector_test.go:84: Expected label ZipCode, got  ([]), file ZipCode.csv:2155 data 07640
    regex_detector_test.go:84: Expected label ZipCode, got  ([]), file ZipCode.csv:2156 data 07641
    regex_detector_test.go:84: Expected label ZipCode, got  ([]), file ZipCode.csv:2157 data 07642
    regex_detector_test.go:84: Expected label ZipCode, got  ([]), file ZipCode.csv:2158 data 07643
    regex_detector_test.go:84: Expected label ZipCode, got  ([]), file ZipCode.csv:2159 data 07644
    regex_detector_test.go:84: Expected label ZipCode, got  ([]), file ZipCode.csv:2160 data 07645
    regex_detector_test.go:84: Expected label ZipCode, got  ([]), file ZipCode.csv:2161 data 07646
    regex_detector_test.go:84: Expected label ZipCode, got  ([]), file ZipCode.csv:2162 data 07647
    regex_detector_test.go:84: Expected label ZipCode, got  ([]), file ZipCode.csv:2163 data 07648
    regex_detector_test.go:84: Expected label ZipCode, got  ([]), file ZipCode.csv:2164 data 07649
    regex_detector_test.go:84: Expected label ZipCode, got  ([]), file ZipCode.csv:2165 data 07650
    regex_detector_test.go:84: Expected label ZipCode, got  ([]), file ZipCode.csv:2166 data 07652
    regex_detector_test.go:84: Expected label ZipCode, got  ([]), file ZipCode.csv:2167 data 07656
    regex_detector_test.go:84: Expected label ZipCode, got  ([]), file ZipCode.csv:2168 data 07657
    regex_detector_test.go:84: Expected label ZipCode, got  ([]), file ZipCode.csv:2169 data 07660
    regex_detector_test.go:84: Expected label ZipCode, got  ([]), file ZipCode.csv:2170 data 07661
    regex_detector_test.go:84: Expected label ZipCode, got  ([]), file ZipCode.csv:2171 data 07662
    regex_detector_test.go:84: Expected label ZipCode, got  ([]), file ZipCode.csv:2172 data 07663
    regex_detector_test.go:84: Expected label ZipCode, got  ([]), file ZipCode.csv:2173 data 07666
    regex_detector_test.go:84: Expected label ZipCode, got  ([]), file ZipCode.csv:2174 data 07670
    regex_detector_test.go:84: Expected label ZipCode, got  ([]), file ZipCode.csv:2175 data 07675
    regex_detector_test.go:84: Expected label ZipCode, got  ([]), file ZipCode.csv:2176 data 07676
    regex_detector_test.go:84: Expected label ZipCode, got  ([]), file ZipCode.csv:2177 data 07677
    regex_detector_test.go:84: Expected label ZipCode, got  ([]), file ZipCode.csv:2178 data 07701
    regex_detector_test.go:84: Expected label ZipCode, got  ([]), file ZipCode.csv:2179 data 07702
    regex_detector_test.go:84: Expected label ZipCode, got  ([]), file ZipCode.csv:2180 data 07703
    regex_detector_test.go:84: Expected label ZipCode, got  ([]), file ZipCode.csv:2181 data 07704
    regex_detector_test.go:84: Expected label ZipCode, got  ([]), file ZipCode.csv:2182 data 07711
    regex_detector_test.go:84: Expected label ZipCode, got  ([]), file ZipCode.csv:2183 data 07712
    regex_detector_test.go:84: Expected label ZipCode, got  ([]), file ZipCode.csv:2184 data 07716
    regex_detector_test.go:84: Expected label ZipCode, got  ([]), file ZipCode.csv:2185 data 07717
    regex_detector_test.go:84: Expected label ZipCode, got  ([]), file ZipCode.csv:2186 data 07718
    regex_detector_test.go:84: Expected label ZipCode, got  ([]), file ZipCode.csv:2187 data 07719
    regex_detector_test.go:84: Expected label ZipCode, got  ([]), file ZipCode.csv:2188 data 07720
    regex_detector_test.go:84: Expected label ZipCode, got  ([]), file ZipCode.csv:2189 data 07721
    regex_detector_test.go:84: Expected label ZipCode, got  ([]), file ZipCode.csv:2190 data 07722
    regex_detector_test.go:84: Expected label ZipCode, got  ([]), file ZipCode.csv:2191 data 07723
    regex_detector_test.go:84: Expected label ZipCode, got  ([]), file ZipCode.csv:2192 data 07724
    regex_detector_test.go:84: Expected label ZipCode, got  ([]), file ZipCode.csv:2193 data 07726
    regex_detector_test.go:84: Expected label ZipCode, got  ([]), file ZipCode.csv:2194 data 07727
    regex_detector_test.go:84: Expected label ZipCode, got  ([]), file ZipCode.csv:2195 data 07728
    regex_detector_test.go:84: Expected label ZipCode, got  ([]), file ZipCode.csv:2196 data 07730
    regex_detector_test.go:84: Expected label ZipCode, got  ([]), file ZipCode.csv:2197 data 07731
    regex_detector_test.go:84: Expected label ZipCode, got  ([]), file ZipCode.csv:2198 data 07732
    regex_detector_test.go:84: Expected label ZipCode, got  ([]), file ZipCode.csv:2199 data 07733
    regex_detector_test.go:84: Expected label ZipCode, got  ([]), file ZipCode.csv:2200 data 07734
    regex_detector_test.go:84: Expected label ZipCode, got  ([]), file ZipCode.csv:2201 data 07735
    regex_detector_test.go:84: Expected label ZipCode, got  ([]), file ZipCode.csv:2202 data 07737
    regex_detector_test.go:84: Expected label ZipCode, got  ([]), file ZipCode.csv:2203 data 07738
    regex_detector_test.go:84: Expected label ZipCode, got  ([]), file ZipCode.csv:2204 data 07739
    regex_detector_test.go:84: Expected label ZipCode, got  ([]), file ZipCode.csv:2205 data 07740
    regex_detector_test.go:84: Expected label ZipCode, got  ([]), file ZipCode.csv:2206 data 07746
    regex_detector_test.go:84: Expected label ZipCode, got  ([]), file ZipCode.csv:2207 data 07747
    regex_detector_test.go:84: Expected label ZipCode, got  ([]), file ZipCode.csv:2208 data 07748
    regex_detector_test.go:84: Expected label ZipCode, got  ([]), file ZipCode.csv:2209 data 07750
    regex_detector_test.go:84: Expected label ZipCode, got  ([]), file ZipCode.csv:2210 data 07751
    regex_detector_test.go:84: Expected label ZipCode, got  ([]), file ZipCode.csv:2211 data 07753
    regex_detector_test.go:84: Expected label ZipCode, got  ([]), file ZipCode.csv:2212 data 07755
    regex_detector_test.go:84: Expected label ZipCode, got  ([]), file ZipCode.csv:2213 data 07756
    regex_detector_test.go:84: Expected label ZipCode, got  ([]), file ZipCode.csv:2214 data 07757
    regex_detector_test.go:84: Expected label ZipCode, got  ([]), file ZipCode.csv:2215 data 07758
    regex_detector_test.go:84: Expected label ZipCode, got  ([]), file ZipCode.csv:2216 data 07760
    regex_detector_test.go:84: Expected label ZipCode, got  ([]), file ZipCode.csv:2217 data 07762
    regex_detector_test.go:84: Expected label ZipCode, got  ([]), file ZipCode.csv:2218 data 07764
    regex_detector_test.go:84: Expected label ZipCode, got  ([]), file ZipCode.csv:2219 data 07801
    regex_detector_test.go:84: Expected label ZipCode, got  ([]), file ZipCode.csv:2220 data 07803
    regex_detector_test.go:84: Expected label ZipCode, got  ([]), file ZipCode.csv:2221 data 07820
    regex_detector_test.go:84: Expected label ZipCode, got  ([]), file ZipCode.csv:2222 data 07821
    regex_detector_test.go:84: Expected label ZipCode, got  ([]), file ZipCode.csv:2223 data 07822
    regex_detector_test.go:84: Expected label ZipCode, got  ([]), file ZipCode.csv:2224 data 07823
    regex_detector_test.go:84: Expected label ZipCode, got  ([]), file ZipCode.csv:2225 data 07825
    regex_detector_test.go:84: Expected label ZipCode, got  ([]), file ZipCode.csv:2226 data 07826
    regex_detector_test.go:84: Expected label ZipCode, got  ([]), file ZipCode.csv:2227 data 07827
    regex_detector_test.go:84: Expected label ZipCode, got  ([]), file ZipCode.csv:2228 data 07828
    regex_detector_test.go:84: Expected label ZipCode, got  ([]), file ZipCode.csv:2229 data 07830
    regex_detector_test.go:84: Expected label ZipCode, got  ([]), file ZipCode.csv:2230 data 07831
    regex_detector_test.go:84: Expected label ZipCode, got  ([]), file ZipCode.csv:2231 data 07832
    regex_detector_test.go:84: Expected label ZipCode, got  ([]), file ZipCode.csv:2232 data 07833
    regex_detector_test.go:84: Expected label ZipCode, got  ([]), file ZipCode.csv:2233 data 07834
    regex_detector_test.go:84: Expected label ZipCode, got  ([]), file ZipCode.csv:2234 data 07836
    regex_detector_test.go:84: Expected label ZipCode, got  ([]), file ZipCode.csv:2235 data 07838
    regex_detector_test.go:84: Expected label ZipCode, got  ([]), file ZipCode.csv:2236 data 07840
    regex_detector_test.go:84: Expected label ZipCode, got  ([]), file ZipCode.csv:2237 data 07842
    regex_detector_test.go:84: Expected label ZipCode, got  ([]), file ZipCode.csv:2238 data 07843
    regex_detector_test.go:84: Expected label ZipCode, got  ([]), file ZipCode.csv:2239 data 07844
    regex_detector_test.go:84: Expected label ZipCode, got  ([]), file ZipCode.csv:2240 data 07846
    regex_detector_test.go:84: Expected label ZipCode, got  ([]), file ZipCode.csv:2241 data 07847
    regex_detector_test.go:84: Expected label ZipCode, got  ([]), file ZipCode.csv:2242 data 07848
    regex_detector_test.go:84: Expected label ZipCode, got  ([]), file ZipCode.csv:2243 data 07849
    regex_detector_test.go:84: Expected label ZipCode, got  ([]), file ZipCode.csv:2244 data 07850
    regex_detector_test.go:84: Expected label ZipCode, got  ([]), file ZipCode.csv:2245 data 07851
    regex_detector_test.go:84: Expected label ZipCode, got  ([]), file ZipCode.csv:2246 data 07852
    regex_detector_test.go:84: Expected label ZipCode, got  ([]), file ZipCode.csv:2247 data 07853
    regex_detector_test.go:84: Expected label ZipCode, got  ([]), file ZipCode.csv:2248 data 07856
    regex_detector_test.go:84: Expected label ZipCode, got  ([]), file ZipCode.csv:2249 data 07857
    regex_detector_test.go:84: Expected label ZipCode, got  ([]), file ZipCode.csv:2250 data 07860
    regex_detector_test.go:84: Expected label ZipCode, got  ([]), file ZipCode.csv:2251 data 07863
    regex_detector_test.go:84: Expected label ZipCode, got  ([]), file ZipCode.csv:2252 data 07865
    regex_detector_test.go:84: Expected label ZipCode, got  ([]), file ZipCode.csv:2253 data 07866
    regex_detector_test.go:84: Expected label ZipCode, got  ([]), file ZipCode.csv:2254 data 07869
    regex_detector_test.go:84: Expected label ZipCode, got  ([]), file ZipCode.csv:2255 data 07870
    regex_detector_test.go:84: Expected label ZipCode, got  ([]), file ZipCode.csv:2256 data 07871
    regex_detector_test.go:84: Expected label ZipCode, got  ([]), file ZipCode.csv:2257 data 07874
    regex_detector_test.go:84: Expected label ZipCode, got  ([]), file ZipCode.csv:2258 data 07876
    regex_detector_test.go:84: Expected label ZipCode, got  ([]), file ZipCode.csv:2259 data 07878
    regex_detector_test.go:84: Expected label ZipCode, got  ([]), file ZipCode.csv:2260 data 07880
    regex_detector_test.go:84: Expected label ZipCode, got  ([]), file ZipCode.csv:2261 data 07881
    regex_detector_test.go:84: Expected label ZipCode, got  ([]), file ZipCode.csv:2262 data 07882
    regex_detector_test.go:84: Expected label ZipCode, got  ([]), file ZipCode.csv:2263 data 07885
    regex_detector_test.go:84: Expected label ZipCode, got  ([]), file ZipCode.csv:2264 data 07901
    regex_detector_test.go:84: Expected label ZipCode, got  ([]), file ZipCode.csv:2265 data 07920
    regex_detector_test.go:84: Expected label ZipCode, got  ([]), file ZipCode.csv:2266 data 07921
    regex_detector_test.go:84: Expected label ZipCode, got  ([]), file ZipCode.csv:2267 data 07922
    regex_detector_test.go:84: Expected label ZipCode, got  ([]), file ZipCode.csv:2268 data 07924
    regex_detector_test.go:84: Expected label ZipCode, got  ([]), file ZipCode.csv:2269 data 07926
    regex_detector_test.go:84: Expected label ZipCode, got  ([]), file ZipCode.csv:2270 data 07927
    regex_detector_test.go:84: Expected label ZipCode, got  ([]), file ZipCode.csv:2271 data 07928
    regex_detector_test.go:84: Expected label ZipCode, got  ([]), file ZipCode.csv:2272 data 07930
    regex_detector_test.go:84: Expected label ZipCode, got  ([]), file ZipCode.csv:2273 data 07931
    regex_detector_test.go:84: Expected label ZipCode, got  ([]), file ZipCode.csv:2274 data 07932
    regex_detector_test.go:84: Expected label ZipCode, got  ([]), file ZipCode.csv:2275 data 07933
    regex_detector_test.go:84: Expected label ZipCode, got  ([]), file ZipCode.csv:2276 data 07934
    regex_detector_test.go:84: Expected label ZipCode, got  ([]), file ZipCode.csv:2277 data 07935
    regex_detector_test.go:84: Expected label ZipCode, got  ([]), file ZipCode.csv:2278 data 07936
    regex_detector_test.go:84: Expected label ZipCode, got  ([]), file ZipCode.csv:2279 data 07939
    regex_detector_test.go:84: Expected label ZipCode, got  ([]), file ZipCode.csv:2280 data 07940
    regex_detector_test.go:84: Expected label ZipCode, got  ([]), file ZipCode.csv:2281 data 07945
    regex_detector_test.go:84: Expected label ZipCode, got  ([]), file ZipCode.csv:2282 data 07946
    regex_detector_test.go:84: Expected label ZipCode, got  ([]), file ZipCode.csv:2283 data 07950
    regex_detector_test.go:84: Expected label ZipCode, got  ([]), file ZipCode.csv:2284 data 07960
    regex_detector_test.go:84: Expected label ZipCode, got  ([]), file ZipCode.csv:2285 data 07961
    regex_detector_test.go:84: Expected label ZipCode, got  ([]), file ZipCode.csv:2286 data 07970
    regex_detector_test.go:84: Expected label ZipCode, got  ([]), file ZipCode.csv:2287 data 07974
    regex_detector_test.go:84: Expected label ZipCode, got  ([]), file ZipCode.csv:2288 data 07976
    regex_detector_test.go:84: Expected label ZipCode, got  ([]), file ZipCode.csv:2289 data 07977
    regex_detector_test.go:84: Expected label ZipCode, got  ([]), file ZipCode.csv:2290 data 07979
    regex_detector_test.go:84: Expected label ZipCode, got  ([]), file ZipCode.csv:2291 data 07980
    regex_detector_test.go:84: Expected label ZipCode, got  ([]), file ZipCode.csv:2292 data 07981
    regex_detector_test.go:84: Expected label ZipCode, got  ([]), file ZipCode.csv:2293 data 08001
    regex_detector_test.go:84: Expected label ZipCode, got  ([]), file ZipCode.csv:2294 data 08002
    regex_detector_test.go:84: Expected label ZipCode, got  ([]), file ZipCode.csv:2295 data 08003
    regex_detector_test.go:84: Expected label ZipCode, got  ([]), file ZipCode.csv:2296 data 08004
    regex_detector_test.go:84: Expected label ZipCode, got  ([]), file ZipCode.csv:2297 data 08005
    regex_detector_test.go:84: Expected label ZipCode, got  ([]), file ZipCode.csv:2298 data 08006
    regex_detector_test.go:84: Expected label ZipCode, got  ([]), file ZipCode.csv:2299 data 08007
    regex_detector_test.go:84: Expected label ZipCode, got  ([]), file ZipCode.csv:2300 data 08008
    regex_detector_test.go:84: Expected label ZipCode, got  ([]), file ZipCode.csv:2301 data 08009
    regex_detector_test.go:84: Expected label ZipCode, got  ([]), file ZipCode.csv:2302 data 08010
    regex_detector_test.go:84: Expected label ZipCode, got  ([]), file ZipCode.csv:2303 data 08011
    regex_detector_test.go:84: Expected label ZipCode, got  ([]), file ZipCode.csv:2304 data 08012
    regex_detector_test.go:84: Expected label ZipCode, got  ([]), file ZipCode.csv:2305 data 08014
    regex_detector_test.go:84: Expected label ZipCode, got  ([]), file ZipCode.csv:2306 data 08015
    regex_detector_test.go:84: Expected label ZipCode, got  ([]), file ZipCode.csv:2307 data 08016
    regex_detector_test.go:84: Expected label ZipCode, got  ([]), file ZipCode.csv:2308 data 08019
    regex_detector_test.go:84: Expected label ZipCode, got  ([]), file ZipCode.csv:2309 data 08020
    regex_detector_test.go:84: Expected label ZipCode, got  ([]), file ZipCode.csv:2310 data 08021
    regex_detector_test.go:84: Expected label ZipCode, got  ([]), file ZipCode.csv:2311 data 08022
    regex_detector_test.go:84: Expected label ZipCode, got  ([]), file ZipCode.csv:2312 data 08023
    regex_detector_test.go:84: Expected label ZipCode, got  ([]), file ZipCode.csv:2313 data 08026
    regex_detector_test.go:84: Expected label ZipCode, got  ([]), file ZipCode.csv:2314 data 08027
    regex_detector_test.go:84: Expected label ZipCode, got  ([]), file ZipCode.csv:2315 data 08028
    regex_detector_test.go:84: Expected label ZipCode, got  ([]), file ZipCode.csv:2316 data 08029
    regex_detector_test.go:84: Expected label ZipCode, got  ([]), file ZipCode.csv:2317 data 08030
    regex_detector_test.go:84: Expected label ZipCode, got  ([]), file ZipCode.csv:2318 data 08031
    regex_detector_test.go:84: Expected label ZipCode, got  ([]), file ZipCode.csv:2319 data 08032
    regex_detector_test.go:84: Expected label ZipCode, got  ([]), file ZipCode.csv:2320 data 08033
    regex_detector_test.go:84: Expected label ZipCode, got  ([]), file ZipCode.csv:2321 data 08034
    regex_detector_test.go:84: Expected label ZipCode, got  ([]), file ZipCode.csv:2322 data 08035
    regex_detector_test.go:84: Expected label ZipCode, got  ([]), file ZipCode.csv:2323 data 08036
    regex_detector_test.go:84: Expected label ZipCode, got  ([]), file ZipCode.csv:2324 data 08037
    regex_detector_test.go:84: Expected label ZipCode, got  ([]), file ZipCode.csv:2325 data 08038
    regex_detector_test.go:84: Expected label ZipCode, got  ([]), file ZipCode.csv:2326 data 08039
    regex_detector_test.go:84: Expected label ZipCode, got  ([]), file ZipCode.csv:2327 data 08041
    regex_detector_test.go:84: Expected label ZipCode, got  ([]), file ZipCode.csv:2328 data 08042
    regex_detector_test.go:84: Expected label ZipCode, got  ([]), file ZipCode.csv:2329 data 08043
    regex_detector_test.go:84: Expected label ZipCode, got  ([]), file ZipCode.csv:2330 data 08045
    regex_detector_test.go:84: Expected label ZipCode, got  ([]), file ZipCode.csv:2331 data 08046
    regex_detector_test.go:84: Expected label ZipCode, got  ([]), file ZipCode.csv:2332 data 08048
    regex_detector_test.go:84: Expected label ZipCode, got  ([]), file ZipCode.csv:2333 data 08049
    regex_detector_test.go:84: Expected label ZipCode, got  ([]), file ZipCode.csv:2334 data 08050
    regex_detector_test.go:84: Expected label ZipCode, got  ([]), file ZipCode.csv:2335 data 08051
    regex_detector_test.go:84: Expected label ZipCode, got  ([]), file ZipCode.csv:2336 data 08052
    regex_detector_test.go:84: Expected label ZipCode, got  ([]), file ZipCode.csv:2337 data 08053
    regex_detector_test.go:84: Expected label ZipCode, got  ([]), file ZipCode.csv:2338 data 08054
    regex_detector_test.go:84: Expected label ZipCode, got  ([]), file ZipCode.csv:2339 data 08055
    regex_detector_test.go:84: Expected label ZipCode, got  ([]), file ZipCode.csv:2340 data 08056
    regex_detector_test.go:84: Expected label ZipCode, got  ([]), file ZipCode.csv:2341 data 08057
    regex_detector_test.go:84: Expected label ZipCode, got  ([]), file ZipCode.csv:2342 data 08059
    regex_detector_test.go:84: Expected label ZipCode, got  ([]), file ZipCode.csv:2343 data 08060
    regex_detector_test.go:84: Expected label ZipCode, got  ([]), file ZipCode.csv:2344 data 08061
    regex_detector_test.go:84: Expected label ZipCode, got  ([]), file ZipCode.csv:2345 data 08062
    regex_detector_test.go:84: Expected label ZipCode, got  ([]), file ZipCode.csv:2346 data 08063
    regex_detector_test.go:84: Expected label ZipCode, got  ([]), file ZipCode.csv:2347 data 08064
    regex_detector_test.go:84: Expected label ZipCode, got  ([]), file ZipCode.csv:2348 data 08065
    regex_detector_test.go:84: Expected label ZipCode, got  ([]), file ZipCode.csv:2349 data 08066
    regex_detector_test.go:84: Expected label ZipCode, got  ([]), file ZipCode.csv:2350 data 08067
    regex_detector_test.go:84: Expected label ZipCode, got  ([]), file ZipCode.csv:2351 data 08068
    regex_detector_test.go:84: Expected label ZipCode, got  ([]), file ZipCode.csv:2352 data 08069
    regex_detector_test.go:84: Expected label ZipCode, got  ([]), file ZipCode.csv:2353 data 08070
    regex_detector_test.go:84: Expected label ZipCode, got  ([]), file ZipCode.csv:2354 data 08071
    regex_detector_test.go:84: Expected label ZipCode, got  ([]), file ZipCode.csv:2355 data 08072
    regex_detector_test.go:84: Expected label ZipCode, got  ([]), file ZipCode.csv:2356 data 08073
    regex_detector_test.go:84: Expected label ZipCode, got  ([]), file ZipCode.csv:2357 data 08074
    regex_detector_test.go:84: Expected label ZipCode, got  ([]), file ZipCode.csv:2358 data 08075
    regex_detector_test.go:84: Expected label ZipCode, got  ([]), file ZipCode.csv:2359 data 08077
    regex_detector_test.go:84: Expected label ZipCode, got  ([]), file ZipCode.csv:2360 data 08078
    regex_detector_test.go:84: Expected label ZipCode, got  ([]), file ZipCode.csv:2361 data 08079
    regex_detector_test.go:84: Expected label ZipCode, got  ([]), file ZipCode.csv:2362 data 08080
    regex_detector_test.go:84: Expected label ZipCode, got  ([]), file ZipCode.csv:2363 data 08081
    regex_detector_test.go:84: Expected label ZipCode, got  ([]), file ZipCode.csv:2364 data 08083
    regex_detector_test.go:84: Expected label ZipCode, got  ([]), file ZipCode.csv:2365 data 08084
    regex_detector_test.go:84: Expected label ZipCode, got  ([]), file ZipCode.csv:2366 data 08085
    regex_detector_test.go:84: Expected label ZipCode, got  ([]), file ZipCode.csv:2367 data 08086
    regex_detector_test.go:84: Expected label ZipCode, got  ([]), file ZipCode.csv:2368 data 08087
    regex_detector_test.go:84: Expected label ZipCode, got  ([]), file ZipCode.csv:2369 data 08088
    regex_detector_test.go:84: Expected label ZipCode, got  ([]), file ZipCode.csv:2370 data 08089
    regex_detector_test.go:84: Expected label ZipCode, got  ([]), file ZipCode.csv:2371 data 08090
    regex_detector_test.go:84: Expected label ZipCode, got  ([]), file ZipCode.csv:2372 data 08091
    regex_detector_test.go:84: Expected label ZipCode, got  ([]), file ZipCode.csv:2373 data 08092
    regex_detector_test.go:84: Expected label ZipCode, got  ([]), file ZipCode.csv:2374 data 08093
    regex_detector_test.go:84: Expected label ZipCode, got  ([]), file ZipCode.csv:2375 data 08094
    regex_detector_test.go:84: Expected label ZipCode, got  ([]), file ZipCode.csv:2376 data 08095
    regex_detector_test.go:84: Expected label ZipCode, got  ([]), file ZipCode.csv:2377 data 08096
    regex_detector_test.go:84: Expected label ZipCode, got  ([]), file ZipCode.csv:2378 data 08097
    regex_detector_test.go:84: Expected label ZipCode, got  ([]), file ZipCode.csv:2379 data 08098
    regex_detector_test.go:84: Expected label ZipCode, got  ([]), file ZipCode.csv:2380 data 08102
    regex_detector_test.go:84: Expected label ZipCode, got  ([]), file ZipCode.csv:2381 data 08103
    regex_detector_test.go:84: Expected label ZipCode, got  ([]), file ZipCode.csv:2382 data 08104
    regex_detector_test.go:84: Expected label ZipCode, got  ([]), file ZipCode.csv:2383 data 08105
    regex_detector_test.go:84: Expected label ZipCode, got  ([]), file ZipCode.csv:2384 data 08106
    regex_detector_test.go:84: Expected label ZipCode, got  ([]), file ZipCode.csv:2385 data 08107
    regex_detector_test.go:84: Expected label ZipCode, got  ([]), file ZipCode.csv:2386 data 08108
    regex_detector_test.go:84: Expected label ZipCode, got  ([]), file ZipCode.csv:2387 data 08109
    regex_detector_test.go:84: Expected label ZipCode, got  ([]), file ZipCode.csv:2388 data 08110
    regex_detector_test.go:84: Expected label ZipCode, got  ([]), file ZipCode.csv:2389 data 08201
    regex_detector_test.go:84: Expected label ZipCode, got  ([]), file ZipCode.csv:2390 data 08202
    regex_detector_test.go:84: Expected label ZipCode, got  ([]), file ZipCode.csv:2391 data 08203
    regex_detector_test.go:84: Expected label ZipCode, got  ([]), file ZipCode.csv:2392 data 08204
    regex_detector_test.go:84: Expected label ZipCode, got  ([]), file ZipCode.csv:2393 data 08205
    regex_detector_test.go:84: Expected label ZipCode, got  ([]), file ZipCode.csv:2394 data 08210
    regex_detector_test.go:84: Expected label ZipCode, got  ([]), file ZipCode.csv:2395 data 08212
    regex_detector_test.go:84: Expected label ZipCode, got  ([]), file ZipCode.csv:2396 data 08215
    regex_detector_test.go:84: Expected label ZipCode, got  ([]), file ZipCode.csv:2397 data 08217
    regex_detector_test.go:84: Expected label ZipCode, got  ([]), file ZipCode.csv:2398 data 08221
    regex_detector_test.go:84: Expected label ZipCode, got  ([]), file ZipCode.csv:2399 data 08223
    regex_detector_test.go:84: Expected label ZipCode, got  ([]), file ZipCode.csv:2400 data 08224
    regex_detector_test.go:84: Expected label ZipCode, got  ([]), file ZipCode.csv:2401 data 08225
    regex_detector_test.go:84: Expected label ZipCode, got  ([]), file ZipCode.csv:2402 data 08226
    regex_detector_test.go:84: Expected label ZipCode, got  ([]), file ZipCode.csv:2403 data 08230
    regex_detector_test.go:84: Expected label ZipCode, got  ([]), file ZipCode.csv:2404 data 08232
    regex_detector_test.go:84: Expected label ZipCode, got  ([]), file ZipCode.csv:2405 data 08234
    regex_detector_test.go:84: Expected label ZipCode, got  ([]), file ZipCode.csv:2406 data 08240
    regex_detector_test.go:84: Expected label ZipCode, got  ([]), file ZipCode.csv:2407 data 08241
    regex_detector_test.go:84: Expected label ZipCode, got  ([]), file ZipCode.csv:2408 data 08242
    regex_detector_test.go:84: Expected label ZipCode, got  ([]), file ZipCode.csv:2409 data 08243
    regex_detector_test.go:84: Expected label ZipCode, got  ([]), file ZipCode.csv:2410 data 08244
    regex_detector_test.go:84: Expected label ZipCode, got  ([]), file ZipCode.csv:2411 data 08245
    regex_detector_test.go:84: Expected label ZipCode, got  ([]), file ZipCode.csv:2412 data 08246
    regex_detector_test.go:84: Expected label ZipCode, got  ([]), file ZipCode.csv:2413 data 08247
    regex_detector_test.go:84: Expected label ZipCode, got  ([]), file ZipCode.csv:2414 data 08248
    regex_detector_test.go:84: Expected label ZipCode, got  ([]), file ZipCode.csv:2415 data 08251
    regex_detector_test.go:84: Expected label ZipCode, got  ([]), file ZipCode.csv:2416 data 08260
    regex_detector_test.go:84: Expected label ZipCode, got  ([]), file ZipCode.csv:2417 data 08270
    regex_detector_test.go:84: Expected label ZipCode, got  ([]), file ZipCode.csv:2418 data 08302
    regex_detector_test.go:84: Expected label ZipCode, got  ([]), file ZipCode.csv:2419 data 08310
    regex_detector_test.go:84: Expected label ZipCode, got  ([]), file ZipCode.csv:2420 data 08311
    regex_detector_test.go:84: Expected label ZipCode, got  ([]), file ZipCode.csv:2421 data 08312
    regex_detector_test.go:84: Expected label ZipCode, got  ([]), file ZipCode.csv:2422 data 08314
    regex_detector_test.go:84: Expected label ZipCode, got  ([]), file ZipCode.csv:2423 data 08316
    regex_detector_test.go:84: Expected label ZipCode, got  ([]), file ZipCode.csv:2424 data 08317
    regex_detector_test.go:84: Expected label ZipCode, got  ([]), file ZipCode.csv:2425 data 08318
    regex_detector_test.go:84: Expected label ZipCode, got  ([]), file ZipCode.csv:2426 data 08319
    regex_detector_test.go:84: Expected label ZipCode, got  ([]), file ZipCode.csv:2427 data 08320
    regex_detector_test.go:84: Expected label ZipCode, got  ([]), file ZipCode.csv:2428 data 08321
    regex_detector_test.go:84: Expected label ZipCode, got  ([]), file ZipCode.csv:2429 data 08322
    regex_detector_test.go:84: Expected label ZipCode, got  ([]), file ZipCode.csv:2430 data 08323
    regex_detector_test.go:84: Expected label ZipCode, got  ([]), file ZipCode.csv:2431 data 08324
    regex_detector_test.go:84: Expected label ZipCode, got  ([]), file ZipCode.csv:2432 data 08326
    regex_detector_test.go:84: Expected label ZipCode, got  ([]), file ZipCode.csv:2433 data 08327
    regex_detector_test.go:84: Expected label ZipCode, got  ([]), file ZipCode.csv:2434 data 08328
    regex_detector_test.go:84: Expected label ZipCode, got  ([]), file ZipCode.csv:2435 data 08329
    regex_detector_test.go:84: Expected label ZipCode, got  ([]), file ZipCode.csv:2436 data 08330
    regex_detector_test.go:84: Expected label ZipCode, got  ([]), file ZipCode.csv:2437 data 08332
    regex_detector_test.go:84: Expected label ZipCode, got  ([]), file ZipCode.csv:2438 data 08340
    regex_detector_test.go:84: Expected label ZipCode, got  ([]), file ZipCode.csv:2439 data 08341
    regex_detector_test.go:84: Expected label ZipCode, got  ([]), file ZipCode.csv:2440 data 08343
    regex_detector_test.go:84: Expected label ZipCode, got  ([]), file ZipCode.csv:2441 data 08344
    regex_detector_test.go:84: Expected label ZipCode, got  ([]), file ZipCode.csv:2442 data 08345
    regex_detector_test.go:84: Expected label ZipCode, got  ([]), file ZipCode.csv:2443 data 08346
    regex_detector_test.go:84: Expected label ZipCode, got  ([]), file ZipCode.csv:2444 data 08348
    regex_detector_test.go:84: Expected label ZipCode, got  ([]), file ZipCode.csv:2445 data 08349
    regex_detector_test.go:84: Expected label ZipCode, got  ([]), file ZipCode.csv:2446 data 08350
    regex_detector_test.go:84: Expected label ZipCode, got  ([]), file ZipCode.csv:2447 data 08352
    regex_detector_test.go:84: Expected label ZipCode, got  ([]), file ZipCode.csv:2448 data 08353
    regex_detector_test.go:84: Expected label ZipCode, got  ([]), file ZipCode.csv:2449 data 08360
    regex_detector_test.go:84: Expected label ZipCode, got  ([]), file ZipCode.csv:2450 data 08361
    regex_detector_test.go:84: Expected label ZipCode, got  ([]), file ZipCode.csv:2451 data 08401
    regex_detector_test.go:84: Expected label ZipCode, got  ([]), file ZipCode.csv:2452 data 08402
    regex_detector_test.go:84: Expected label ZipCode, got  ([]), file ZipCode.csv:2453 data 08403
    regex_detector_test.go:84: Expected label ZipCode, got  ([]), file ZipCode.csv:2454 data 08406
    regex_detector_test.go:84: Expected label ZipCode, got  ([]), file ZipCode.csv:2455 data 08501
    regex_detector_test.go:84: Expected label ZipCode, got  ([]), file ZipCode.csv:2456 data 08502
    regex_detector_test.go:84: Expected label ZipCode, got  ([]), file ZipCode.csv:2457 data 08505
    regex_detector_test.go:84: Expected label ZipCode, got  ([]), file ZipCode.csv:2458 data 08510
    regex_detector_test.go:84: Expected label ZipCode, got  ([]), file ZipCode.csv:2459 data 08511
    regex_detector_test.go:84: Expected label ZipCode, got  ([]), file ZipCode.csv:2460 data 08512
    regex_detector_test.go:84: Expected label ZipCode, got  ([]), file ZipCode.csv:2461 data 08514
    regex_detector_test.go:84: Expected label ZipCode, got  ([]), file ZipCode.csv:2462 data 08515
    regex_detector_test.go:84: Expected label ZipCode, got  ([]), file ZipCode.csv:2463 data 08518
    regex_detector_test.go:84: Expected label ZipCode, got  ([]), file ZipCode.csv:2464 data 08520
    regex_detector_test.go:84: Expected label ZipCode, got  ([]), file ZipCode.csv:2465 data 08525
    regex_detector_test.go:84: Expected label ZipCode, got  ([]), file ZipCode.csv:2466 data 08527
    regex_detector_test.go:84: Expected label ZipCode, got  ([]), file ZipCode.csv:2467 data 08528
    regex_detector_test.go:84: Expected label ZipCode, got  ([]), file ZipCode.csv:2468 data 08530
    regex_detector_test.go:84: Expected label ZipCode, got  ([]), file ZipCode.csv:2469 data 08533
    regex_detector_test.go:84: Expected label ZipCode, got  ([]), file ZipCode.csv:2470 data 08534
    regex_detector_test.go:84: Expected label ZipCode, got  ([]), file ZipCode.csv:2471 data 08535
    regex_detector_test.go:84: Expected label ZipCode, got  ([]), file ZipCode.csv:2472 data 08536
    regex_detector_test.go:84: Expected label ZipCode, got  ([]), file ZipCode.csv:2473 data 08540
    regex_detector_test.go:84: Expected label ZipCode, got  ([]), file ZipCode.csv:2474 data 08542
    regex_detector_test.go:84: Expected label ZipCode, got  ([]), file ZipCode.csv:2475 data 08544
    regex_detector_test.go:84: Expected label ZipCode, got  ([]), file ZipCode.csv:2476 data 08550
    regex_detector_test.go:84: Expected label ZipCode, got  ([]), file ZipCode.csv:2477 data 08551
    regex_detector_test.go:84: Expected label ZipCode, got  ([]), file ZipCode.csv:2478 data 08553
    regex_detector_test.go:84: Expected label ZipCode, got  ([]), file ZipCode.csv:2479 data 08554
    regex_detector_test.go:84: Expected label ZipCode, got  ([]), file ZipCode.csv:2480 data 08555
    regex_detector_test.go:84: Expected label ZipCode, got  ([]), file ZipCode.csv:2481 data 08558
    regex_detector_test.go:84: Expected label ZipCode, got  ([]), file ZipCode.csv:2482 data 08559
    regex_detector_test.go:84: Expected label ZipCode, got  ([]), file ZipCode.csv:2483 data 08560
    regex_detector_test.go:84: Expected label ZipCode, got  ([]), file ZipCode.csv:2484 data 08561
    regex_detector_test.go:84: Expected label ZipCode, got  ([]), file ZipCode.csv:2485 data 08562
    regex_detector_test.go:84: Expected label ZipCode, got  ([]), file ZipCode.csv:2486 data 08608
    regex_detector_test.go:84: Expected label ZipCode, got  ([]), file ZipCode.csv:2487 data 08609
    regex_detector_test.go:84: Expected label ZipCode, got  ([]), file ZipCode.csv:2488 data 08610
    regex_detector_test.go:84: Expected label ZipCode, got  ([]), file ZipCode.csv:2489 data 08611
    regex_detector_test.go:84: Expected label ZipCode, got  ([]), file ZipCode.csv:2490 data 08618
    regex_detector_test.go:84: Expected label ZipCode, got  ([]), file ZipCode.csv:2491 data 08619
    regex_detector_test.go:84: Expected label ZipCode, got  ([]), file ZipCode.csv:2492 data 08620
    regex_detector_test.go:84: Expected label ZipCode, got  ([]), file ZipCode.csv:2493 data 08628
    regex_detector_test.go:84: Expected label ZipCode, got  ([]), file ZipCode.csv:2494 data 08629
    regex_detector_test.go:84: Expected label ZipCode, got  ([]), file ZipCode.csv:2495 data 08638
    regex_detector_test.go:84: Expected label ZipCode, got  ([]), file ZipCode.csv:2496 data 08640
    regex_detector_test.go:84: Expected label ZipCode, got  ([]), file ZipCode.csv:2497 data 08641
    regex_detector_test.go:84: Expected label ZipCode, got  ([]), file ZipCode.csv:2498 data 08648
    regex_detector_test.go:84: Expected label ZipCode, got  ([]), file ZipCode.csv:2499 data 08690
    regex_detector_test.go:84: Expected label ZipCode, got  ([]), file ZipCode.csv:2500 data 08691
    regex_detector_test.go:84: Expected label ZipCode, got  ([]), file ZipCode.csv:2501 data 08701
    regex_detector_test.go:84: Expected label ZipCode, got  ([]), file ZipCode.csv:2502 data 08720
    regex_detector_test.go:84: Expected label ZipCode, got  ([]), file ZipCode.csv:2503 data 08721
    regex_detector_test.go:84: Expected label ZipCode, got  ([]), file ZipCode.csv:2504 data 08722
    regex_detector_test.go:84: Expected label ZipCode, got  ([]), file ZipCode.csv:2505 data 08723
    regex_detector_test.go:84: Expected label ZipCode, got  ([]), file ZipCode.csv:2506 data 08724
    regex_detector_test.go:84: Expected label ZipCode, got  ([]), file ZipCode.csv:2507 data 08730
    regex_detector_test.go:84: Expected label ZipCode, got  ([]), file ZipCode.csv:2508 data 08731
    regex_detector_test.go:84: Expected label ZipCode, got  ([]), file ZipCode.csv:2509 data 08732
    regex_detector_test.go:84: Expected label ZipCode, got  ([]), file ZipCode.csv:2510 data 08733
    regex_detector_test.go:84: Expected label ZipCode, got  ([]), file ZipCode.csv:2511 data 08734
    regex_detector_test.go:84: Expected label ZipCode, got  ([]), file ZipCode.csv:2512 data 08735
    regex_detector_test.go:84: Expected label ZipCode, got  ([]), file ZipCode.csv:2513 data 08736
    regex_detector_test.go:84: Expected label ZipCode, got  ([]), file ZipCode.csv:2514 data 08738
    regex_detector_test.go:84: Expected label ZipCode, got  ([]), file ZipCode.csv:2515 data 08740
    regex_detector_test.go:84: Expected label ZipCode, got  ([]), file ZipCode.csv:2516 data 08741
    regex_detector_test.go:84: Expected label ZipCode, got  ([]), file ZipCode.csv:2517 data 08742
    regex_detector_test.go:84: Expected label ZipCode, got  ([]), file ZipCode.csv:2518 data 08750
    regex_detector_test.go:84: Expected label ZipCode, got  ([]), file ZipCode.csv:2519 data 08751
    regex_detector_test.go:84: Expected label ZipCode, got  ([]), file ZipCode.csv:2520 data 08752
    regex_detector_test.go:84: Expected label ZipCode, got  ([]), file ZipCode.csv:2521 data 08753
    regex_detector_test.go:84: Expected label ZipCode, got  ([]), file ZipCode.csv:2522 data 08755
    regex_detector_test.go:84: Expected label ZipCode, got  ([]), file ZipCode.csv:2523 data 08757
    regex_detector_test.go:84: Expected label ZipCode, got  ([]), file ZipCode.csv:2524 data 08758
    regex_detector_test.go:84: Expected label ZipCode, got  ([]), file ZipCode.csv:2525 data 08759
    regex_detector_test.go:84: Expected label ZipCode, got  ([]), file ZipCode.csv:2526 data 08801
    regex_detector_test.go:84: Expected label ZipCode, got  ([]), file ZipCode.csv:2527 data 08802
    regex_detector_test.go:84: Expected label ZipCode, got  ([]), file ZipCode.csv:2528 data 08804
    regex_detector_test.go:84: Expected label ZipCode, got  ([]), file ZipCode.csv:2529 data 08805
    regex_detector_test.go:84: Expected label ZipCode, got  ([]), file ZipCode.csv:2530 data 08807
    regex_detector_test.go:84: Expected label ZipCode, got  ([]), file ZipCode.csv:2531 data 08809
    regex_detector_test.go:84: Expected label ZipCode, got  ([]), file ZipCode.csv:2532 data 08810
    regex_detector_test.go:84: Expected label ZipCode, got  ([]), file ZipCode.csv:2533 data 08812
    regex_detector_test.go:84: Expected label ZipCode, got  ([]), file ZipCode.csv:2534 data 08816
    regex_detector_test.go:84: Expected label ZipCode, got  ([]), file ZipCode.csv:2535 data 08817
    regex_detector_test.go:84: Expected label ZipCode, got  ([]), file ZipCode.csv:2536 data 08820
    regex_detector_test.go:84: Expected label ZipCode, got  ([]), file ZipCode.csv:2537 data 08821
    regex_detector_test.go:84: Expected label ZipCode, got  ([]), file ZipCode.csv:2538 data 08822
    regex_detector_test.go:84: Expected label ZipCode, got  ([]), file ZipCode.csv:2539 data 08823
    regex_detector_test.go:84: Expected label ZipCode, got  ([]), file ZipCode.csv:2540 data 08824
    regex_detector_test.go:84: Expected label ZipCode, got  ([]), file ZipCode.csv:2541 data 08825
    regex_detector_test.go:84: Expected label ZipCode, got  ([]), file ZipCode.csv:2542 data 08826
    regex_detector_test.go:84: Expected label ZipCode, got  ([]), file ZipCode.csv:2543 data 08827
    regex_detector_test.go:84: Expected label ZipCode, got  ([]), file ZipCode.csv:2544 data 08828
    regex_detector_test.go:84: Expected label ZipCode, got  ([]), file ZipCode.csv:2545 data 08829
    regex_detector_test.go:84: Expected label ZipCode, got  ([]), file ZipCode.csv:2546 data 08830
    regex_detector_test.go:84: Expected label ZipCode, got  ([]), file ZipCode.csv:2547 data 08831
    regex_detector_test.go:84: Expected label ZipCode, got  ([]), file ZipCode.csv:2548 data 08832
    regex_detector_test.go:84: Expected label ZipCode, got  ([]), file ZipCode.csv:2549 data 08833
    regex_detector_test.go:84: Expected label ZipCode, got  ([]), file ZipCode.csv:2550 data 08835
    regex_detector_test.go:84: Expected label ZipCode, got  ([]), file ZipCode.csv:2551 data 08836
    regex_detector_test.go:84: Expected label ZipCode, got  ([]), file ZipCode.csv:2552 data 08837
    regex_detector_test.go:84: Expected label ZipCode, got  ([]), file ZipCode.csv:2553 data 08840
    regex_detector_test.go:84: Expected label ZipCode, got  ([]), file ZipCode.csv:2554 data 08844
    regex_detector_test.go:84: Expected label ZipCode, got  ([]), file ZipCode.csv:2555 data 08846
    regex_detector_test.go:84: Expected label ZipCode, got  ([]), file ZipCode.csv:2556 data 08848
    regex_detector_test.go:84: Expected label ZipCode, got  ([]), file ZipCode.csv:2557 data 08850
    regex_detector_test.go:84: Expected label ZipCode, got  ([]), file ZipCode.csv:2558 data 08852
    regex_detector_test.go:84: Expected label ZipCode, got  ([]), file ZipCode.csv:2559 data 08853
    regex_detector_test.go:84: Expected label ZipCode, got  ([]), file ZipCode.csv:2560 data 08854
    regex_detector_test.go:84: Expected label ZipCode, got  ([]), file ZipCode.csv:2561 data 08857
    regex_detector_test.go:84: Expected label ZipCode, got  ([]), file ZipCode.csv:2562 data 08858
    regex_detector_test.go:84: Expected label ZipCode, got  ([]), file ZipCode.csv:2563 data 08859
    regex_detector_test.go:84: Expected label ZipCode, got  ([]), file ZipCode.csv:2564 data 08861
    regex_detector_test.go:84: Expected label ZipCode, got  ([]), file ZipCode.csv:2565 data 08863
    regex_detector_test.go:84: Expected label ZipCode, got  ([]), file ZipCode.csv:2566 data 08865
    regex_detector_test.go:84: Expected label ZipCode, got  ([]), file ZipCode.csv:2567 data 08867
    regex_detector_test.go:84: Expected label ZipCode, got  ([]), file ZipCode.csv:2568 data 08869
    regex_detector_test.go:84: Expected label ZipCode, got  ([]), file ZipCode.csv:2569 data 08872
    regex_detector_test.go:84: Expected label ZipCode, got  ([]), file ZipCode.csv:2570 data 08873
    regex_detector_test.go:84: Expected label ZipCode, got  ([]), file ZipCode.csv:2571 data 08876
    regex_detector_test.go:84: Expected label ZipCode, got  ([]), file ZipCode.csv:2572 data 08879
    regex_detector_test.go:84: Expected label ZipCode, got  ([]), file ZipCode.csv:2573 data 08880
    regex_detector_test.go:84: Expected label ZipCode, got  ([]), file ZipCode.csv:2574 data 08882
    regex_detector_test.go:84: Expected label ZipCode, got  ([]), file ZipCode.csv:2575 data 08884
    regex_detector_test.go:84: Expected label ZipCode, got  ([]), file ZipCode.csv:2576 data 08886
    regex_detector_test.go:84: Expected label ZipCode, got  ([]), file ZipCode.csv:2577 data 08887
    regex_detector_test.go:84: Expected label ZipCode, got  ([]), file ZipCode.csv:2578 data 08889
    regex_detector_test.go:84: Expected label ZipCode, got  ([]), file ZipCode.csv:2579 data 08890
    regex_detector_test.go:84: Expected label ZipCode, got  ([]), file ZipCode.csv:2580 data 08901
    regex_detector_test.go:84: Expected label ZipCode, got  ([]), file ZipCode.csv:2581 data 08902
    regex_detector_test.go:84: Expected label ZipCode, got  ([]), file ZipCode.csv:2582 data 08904
    regex_detector_test.go:84: Expected label ZipCode, got  ([]), file ZipCode.csv:2583 data 10001
    regex_detector_test.go:84: Expected label ZipCode, got  ([]), file ZipCode.csv:2584 data 10002
    regex_detector_test.go:84: Expected label ZipCode, got  ([]), file ZipCode.csv:2585 data 10003
    regex_detector_test.go:84: Expected label ZipCode, got  ([]), file ZipCode.csv:2586 data 10004
    regex_detector_test.go:84: Expected label ZipCode, got  ([]), file ZipCode.csv:2587 data 10005
    regex_detector_test.go:84: Expected label ZipCode, got  ([]), file ZipCode.csv:2588 data 10006
    regex_detector_test.go:84: Expected label ZipCode, got  ([]), file ZipCode.csv:2589 data 10007
    regex_detector_test.go:84: Expected label ZipCode, got  ([]), file ZipCode.csv:2590 data 10009
    regex_detector_test.go:84: Expected label ZipCode, got  ([]), file ZipCode.csv:2591 data 10010
    regex_detector_test.go:84: Expected label ZipCode, got  ([]), file ZipCode.csv:2592 data 10011
    regex_detector_test.go:84: Expected label ZipCode, got  ([]), file ZipCode.csv:2593 data 10012
    regex_detector_test.go:84: Expected label ZipCode, got  ([]), file ZipCode.csv:2594 data 10013
    regex_detector_test.go:84: Expected label ZipCode, got  ([]), file ZipCode.csv:2595 data 10014
    regex_detector_test.go:84: Expected label ZipCode, got  ([]), file ZipCode.csv:2596 data 10016
    regex_detector_test.go:84: Expected label ZipCode, got  ([]), file ZipCode.csv:2597 data 10017
    regex_detector_test.go:84: Expected label ZipCode, got  ([]), file ZipCode.csv:2598 data 10018
    regex_detector_test.go:84: Expected label ZipCode, got  ([]), file ZipCode.csv:2599 data 10019
    regex_detector_test.go:84: Expected label ZipCode, got  ([]), file ZipCode.csv:2600 data 10020
    regex_detector_test.go:84: Expected label ZipCode, got  ([]), file ZipCode.csv:2601 data 10021
    regex_detector_test.go:84: Expected label ZipCode, got  ([]), file ZipCode.csv:2602 data 10022
    regex_detector_test.go:84: Expected label ZipCode, got  ([]), file ZipCode.csv:2603 data 10023
    regex_detector_test.go:84: Expected label ZipCode, got  ([]), file ZipCode.csv:2604 data 10024
    regex_detector_test.go:84: Expected label ZipCode, got  ([]), file ZipCode.csv:2605 data 10025
    regex_detector_test.go:84: Expected label ZipCode, got  ([]), file ZipCode.csv:2606 data 10026
    regex_detector_test.go:84: Expected label ZipCode, got  ([]), file ZipCode.csv:2607 data 10027
    regex_detector_test.go:84: Expected label ZipCode, got  ([]), file ZipCode.csv:2608 data 10028
    regex_detector_test.go:84: Expected label ZipCode, got  ([]), file ZipCode.csv:2609 data 10029
    regex_detector_test.go:84: Expected label ZipCode, got  ([]), file ZipCode.csv:2610 data 10030
    regex_detector_test.go:84: Expected label ZipCode, got  ([]), file ZipCode.csv:2611 data 10031
    regex_detector_test.go:84: Expected label ZipCode, got  ([]), file ZipCode.csv:2612 data 10032
    regex_detector_test.go:84: Expected label ZipCode, got  ([]), file ZipCode.csv:2613 data 10033
    regex_detector_test.go:84: Expected label ZipCode, got  ([]), file ZipCode.csv:2614 data 10034
    regex_detector_test.go:84: Expected label ZipCode, got  ([]), file ZipCode.csv:2615 data 10035
    regex_detector_test.go:84: Expected label ZipCode, got  ([]), file ZipCode.csv:2616 data 10036
    regex_detector_test.go:84: Expected label ZipCode, got  ([]), file ZipCode.csv:2617 data 10037
    regex_detector_test.go:84: Expected label ZipCode, got  ([]), file ZipCode.csv:2618 data 10038
    regex_detector_test.go:84: Expected label ZipCode, got  ([]), file ZipCode.csv:2619 data 10039
    regex_detector_test.go:84: Expected label ZipCode, got  ([]), file ZipCode.csv:2620 data 10040
    regex_detector_test.go:84: Expected label ZipCode, got  ([]), file ZipCode.csv:2621 data 10044
    regex_detector_test.go:84: Expected label ZipCode, got  ([]), file ZipCode.csv:2622 data 10065
    regex_detector_test.go:84: Expected label ZipCode, got  ([]), file ZipCode.csv:2623 data 10069
    regex_detector_test.go:84: Expected label ZipCode, got  ([]), file ZipCode.csv:2624 data 10075
    regex_detector_test.go:84: Expected label ZipCode, got  ([]), file ZipCode.csv:2625 data 10103
    regex_detector_test.go:84: Expected label ZipCode, got  ([]), file ZipCode.csv:2626 data 10110
    regex_detector_test.go:84: Expected label ZipCode, got  ([]), file ZipCode.csv:2627 data 10111
    regex_detector_test.go:84: Expected label ZipCode, got  ([]), file ZipCode.csv:2628 data 10112
    regex_detector_test.go:84: Expected label ZipCode, got  ([]), file ZipCode.csv:2629 data 10115
    regex_detector_test.go:84: Expected label ZipCode, got  ([]), file ZipCode.csv:2630 data 10119
    regex_detector_test.go:84: Expected label ZipCode, got  ([]), file ZipCode.csv:2631 data 10128
    regex_detector_test.go:84: Expected label ZipCode, got  ([]), file ZipCode.csv:2632 data 10152
    regex_detector_test.go:84: Expected label ZipCode, got  ([]), file ZipCode.csv:2633 data 10153
    regex_detector_test.go:84: Expected label ZipCode, got  ([]), file ZipCode.csv:2634 data 10154
    regex_detector_test.go:84: Expected label ZipCode, got  ([]), file ZipCode.csv:2635 data 10162
    regex_detector_test.go:84: Expected label ZipCode, got  ([]), file ZipCode.csv:2636 data 10165
    regex_detector_test.go:84: Expected label ZipCode, got  ([]), file ZipCode.csv:2637 data 10167
    regex_detector_test.go:84: Expected label ZipCode, got  ([]), file ZipCode.csv:2638 data 10168
    regex_detector_test.go:84: Expected label ZipCode, got  ([]), file ZipCode.csv:2639 data 10169
    regex_detector_test.go:84: Expected label ZipCode, got  ([]), file ZipCode.csv:2640 data 10170
    regex_detector_test.go:84: Expected label ZipCode, got  ([]), file ZipCode.csv:2641 data 10171
    regex_detector_test.go:84: Expected label ZipCode, got  ([]), file ZipCode.csv:2642 data 10172
    regex_detector_test.go:84: Expected label ZipCode, got  ([]), file ZipCode.csv:2643 data 10173
    regex_detector_test.go:84: Expected label ZipCode, got  ([]), file ZipCode.csv:2644 data 10174
    regex_detector_test.go:84: Expected label ZipCode, got  ([]), file ZipCode.csv:2645 data 10177
    regex_detector_test.go:84: Expected label ZipCode, got  ([]), file ZipCode.csv:2646 data 10199
    regex_detector_test.go:84: Expected label ZipCode, got  ([]), file ZipCode.csv:2647 data 10271
    regex_detector_test.go:84: Expected label ZipCode, got  ([]), file ZipCode.csv:2648 data 10278
    regex_detector_test.go:84: Expected label ZipCode, got  ([]), file ZipCode.csv:2649 data 10279
    regex_detector_test.go:84: Expected label ZipCode, got  ([]), file ZipCode.csv:2650 data 10280
    regex_detector_test.go:84: Expected label ZipCode, got  ([]), file ZipCode.csv:2651 data 10282
    regex_detector_test.go:84: Expected label ZipCode, got  ([]), file ZipCode.csv:2652 data 10301
    regex_detector_test.go:84: Expected label ZipCode, got  ([]), file ZipCode.csv:2653 data 10302
    regex_detector_test.go:84: Expected label ZipCode, got  ([]), file ZipCode.csv:2654 data 10303
    regex_detector_test.go:84: Expected label ZipCode, got  ([]), file ZipCode.csv:2655 data 10304
    regex_detector_test.go:84: Expected label ZipCode, got  ([]), file ZipCode.csv:2656 data 10305
    regex_detector_test.go:84: Expected label ZipCode, got  ([]), file ZipCode.csv:2657 data 10306
    regex_detector_test.go:84: Expected label ZipCode, got  ([]), file ZipCode.csv:2658 data 10307
    regex_detector_test.go:84: Expected label ZipCode, got  ([]), file ZipCode.csv:2659 data 10308
    regex_detector_test.go:84: Expected label ZipCode, got  ([]), file ZipCode.csv:2660 data 10309
    regex_detector_test.go:84: Expected label ZipCode, got  ([]), file ZipCode.csv:2661 data 10310
    regex_detector_test.go:84: Expected label ZipCode, got  ([]), file ZipCode.csv:2662 data 10311
    regex_detector_test.go:84: Expected label ZipCode, got  ([]), file ZipCode.csv:2663 data 10312
    regex_detector_test.go:84: Expected label ZipCode, got  ([]), file ZipCode.csv:2664 data 10314
    regex_detector_test.go:84: Expected label ZipCode, got  ([]), file ZipCode.csv:2665 data 10451
    regex_detector_test.go:84: Expected label ZipCode, got  ([]), file ZipCode.csv:2666 data 10452
    regex_detector_test.go:84: Expected label ZipCode, got  ([]), file ZipCode.csv:2667 data 10453
    regex_detector_test.go:84: Expected label ZipCode, got  ([]), file ZipCode.csv:2668 data 10454
    regex_detector_test.go:84: Expected label ZipCode, got  ([]), file ZipCode.csv:2669 data 10455
    regex_detector_test.go:84: Expected label ZipCode, got  ([]), file ZipCode.csv:2670 data 10456
    regex_detector_test.go:84: Expected label ZipCode, got  ([]), file ZipCode.csv:2671 data 10457
    regex_detector_test.go:84: Expected label ZipCode, got  ([]), file ZipCode.csv:2672 data 10458
    regex_detector_test.go:84: Expected label ZipCode, got  ([]), file ZipCode.csv:2673 data 10459
    regex_detector_test.go:84: Expected label ZipCode, got  ([]), file ZipCode.csv:2674 data 10460
    regex_detector_test.go:84: Expected label ZipCode, got  ([]), file ZipCode.csv:2675 data 10461
    regex_detector_test.go:84: Expected label ZipCode, got  ([]), file ZipCode.csv:2676 data 10462
    regex_detector_test.go:84: Expected label ZipCode, got  ([]), file ZipCode.csv:2677 data 10463
    regex_detector_test.go:84: Expected label ZipCode, got  ([]), file ZipCode.csv:2678 data 10464
    regex_detector_test.go:84: Expected label ZipCode, got  ([]), file ZipCode.csv:2679 data 10465
    regex_detector_test.go:84: Expected label ZipCode, got  ([]), file ZipCode.csv:2680 data 10466
    regex_detector_test.go:84: Expected label ZipCode, got  ([]), file ZipCode.csv:2681 data 10467
    regex_detector_test.go:84: Expected label ZipCode, got  ([]), file ZipCode.csv:2682 data 10468
    regex_detector_test.go:84: Expected label ZipCode, got  ([]), file ZipCode.csv:2683 data 10469
    regex_detector_test.go:84: Expected label ZipCode, got  ([]), file ZipCode.csv:2684 data 10470
    regex_detector_test.go:84: Expected label ZipCode, got  ([]), file ZipCode.csv:2685 data 10471
    regex_detector_test.go:84: Expected label ZipCode, got  ([]), file ZipCode.csv:2686 data 10472
    regex_detector_test.go:84: Expected label ZipCode, got  ([]), file ZipCode.csv:2687 data 10473
    regex_detector_test.go:84: Expected label ZipCode, got  ([]), file ZipCode.csv:2688 data 10474
    regex_detector_test.go:84: Expected label ZipCode, got  ([]), file ZipCode.csv:2689 data 10475
    regex_detector_test.go:84: Expected label ZipCode, got  ([]), file ZipCode.csv:2690 data 10501
    regex_detector_test.go:84: Expected label ZipCode, got  ([]), file ZipCode.csv:2691 data 10502
    regex_detector_test.go:84: Expected label ZipCode, got  ([]), file ZipCode.csv:2692 data 10503
    regex_detector_test.go:84: Expected label ZipCode, got  ([]), file ZipCode.csv:2693 data 10504
    regex_detector_test.go:84: Expected label ZipCode, got  ([]), file ZipCode.csv:2694 data 10505
    regex_detector_test.go:84: Expected label ZipCode, got  ([]), file ZipCode.csv:2695 data 10506
    regex_detector_test.go:84: Expected label ZipCode, got  ([]), file ZipCode.csv:2696 data 10507
    regex_detector_test.go:84: Expected label ZipCode, got  ([]), file ZipCode.csv:2697 data 10509
    regex_detector_test.go:84: Expected label ZipCode, got  ([]), file ZipCode.csv:2698 data 10510
    regex_detector_test.go:84: Expected label ZipCode, got  ([]), file ZipCode.csv:2699 data 10511
    regex_detector_test.go:84: Expected label ZipCode, got  ([]), file ZipCode.csv:2700 data 10512
    regex_detector_test.go:84: Expected label ZipCode, got  ([]), file ZipCode.csv:2701 data 10514
    regex_detector_test.go:84: Expected label ZipCode, got  ([]), file ZipCode.csv:2702 data 10516
    regex_detector_test.go:84: Expected label ZipCode, got  ([]), file ZipCode.csv:2703 data 10517
    regex_detector_test.go:84: Expected label ZipCode, got  ([]), file ZipCode.csv:2704 data 10518
    regex_detector_test.go:84: Expected label ZipCode, got  ([]), file ZipCode.csv:2705 data 10519
    regex_detector_test.go:84: Expected label ZipCode, got  ([]), file ZipCode.csv:2706 data 10520
    regex_detector_test.go:84: Expected label ZipCode, got  ([]), file ZipCode.csv:2707 data 10522
    regex_detector_test.go:84: Expected label ZipCode, got  ([]), file ZipCode.csv:2708 data 10523
    regex_detector_test.go:84: Expected label ZipCode, got  ([]), file ZipCode.csv:2709 data 10524
    regex_detector_test.go:84: Expected label ZipCode, got  ([]), file ZipCode.csv:2710 data 10526
    regex_detector_test.go:84: Expected label ZipCode, got  ([]), file ZipCode.csv:2711 data 10527
    regex_detector_test.go:84: Expected label ZipCode, got  ([]), file ZipCode.csv:2712 data 10528
    regex_detector_test.go:84: Expected label ZipCode, got  ([]), file ZipCode.csv:2713 data 10530
    regex_detector_test.go:84: Expected label ZipCode, got  ([]), file ZipCode.csv:2714 data 10532
    regex_detector_test.go:84: Expected label ZipCode, got  ([]), file ZipCode.csv:2715 data 10533
    regex_detector_test.go:84: Expected label ZipCode, got  ([]), file ZipCode.csv:2716 data 10535
    regex_detector_test.go:84: Expected label ZipCode, got  ([]), file ZipCode.csv:2717 data 10536
    regex_detector_test.go:84: Expected label ZipCode, got  ([]), file ZipCode.csv:2718 data 10537
    regex_detector_test.go:84: Expected label ZipCode, got  ([]), file ZipCode.csv:2719 data 10538
    regex_detector_test.go:84: Expected label ZipCode, got  ([]), file ZipCode.csv:2720 data 10540
    regex_detector_test.go:84: Expected label ZipCode, got  ([]), file ZipCode.csv:2721 data 10541
    regex_detector_test.go:84: Expected label ZipCode, got  ([]), file ZipCode.csv:2722 data 10542
    regex_detector_test.go:84: Expected label ZipCode, got  ([]), file ZipCode.csv:2723 data 10543
    regex_detector_test.go:84: Expected label ZipCode, got  ([]), file ZipCode.csv:2724 data 10545
    regex_detector_test.go:84: Expected label ZipCode, got  ([]), file ZipCode.csv:2725 data 10546
    regex_detector_test.go:84: Expected label ZipCode, got  ([]), file ZipCode.csv:2726 data 10547
    regex_detector_test.go:84: Expected label ZipCode, got  ([]), file ZipCode.csv:2727 data 10548
    regex_detector_test.go:84: Expected label ZipCode, got  ([]), file ZipCode.csv:2728 data 10549
    regex_detector_test.go:84: Expected label ZipCode, got  ([]), file ZipCode.csv:2729 data 10550
    regex_detector_test.go:84: Expected label ZipCode, got  ([]), file ZipCode.csv:2730 data 10552
    regex_detector_test.go:84: Expected label ZipCode, got  ([]), file ZipCode.csv:2731 data 10553
    regex_detector_test.go:84: Expected label ZipCode, got  ([]), file ZipCode.csv:2732 data 10560
    regex_detector_test.go:84: Expected label ZipCode, got  ([]), file ZipCode.csv:2733 data 10562
    regex_detector_test.go:84: Expected label ZipCode, got  ([]), file ZipCode.csv:2734 data 10566
    regex_detector_test.go:84: Expected label ZipCode, got  ([]), file ZipCode.csv:2735 data 10567
    regex_detector_test.go:84: Expected label ZipCode, got  ([]), file ZipCode.csv:2736 data 10570
    regex_detector_test.go:84: Expected label ZipCode, got  ([]), file ZipCode.csv:2737 data 10573
    regex_detector_test.go:84: Expected label ZipCode, got  ([]), file ZipCode.csv:2738 data 10576
    regex_detector_test.go:84: Expected label ZipCode, got  ([]), file ZipCode.csv:2739 data 10577
    regex_detector_test.go:84: Expected label ZipCode, got  ([]), file ZipCode.csv:2740 data 10578
    regex_detector_test.go:84: Expected label ZipCode, got  ([]), file ZipCode.csv:2741 data 10579
    regex_detector_test.go:84: Expected label ZipCode, got  ([]), file ZipCode.csv:2742 data 10580
    regex_detector_test.go:84: Expected label ZipCode, got  ([]), file ZipCode.csv:2743 data 10583
    regex_detector_test.go:84: Expected label ZipCode, got  ([]), file ZipCode.csv:2744 data 10588
    regex_detector_test.go:84: Expected label ZipCode, got  ([]), file ZipCode.csv:2745 data 10589
    regex_detector_test.go:84: Expected label ZipCode, got  ([]), file ZipCode.csv:2746 data 10590
    regex_detector_test.go:84: Expected label ZipCode, got  ([]), file ZipCode.csv:2747 data 10591
    regex_detector_test.go:84: Expected label ZipCode, got  ([]), file ZipCode.csv:2748 data 10594
    regex_detector_test.go:84: Expected label ZipCode, got  ([]), file ZipCode.csv:2749 data 10595
    regex_detector_test.go:84: Expected label ZipCode, got  ([]), file ZipCode.csv:2750 data 10596
    regex_detector_test.go:84: Expected label ZipCode, got  ([]), file ZipCode.csv:2751 data 10597
    regex_detector_test.go:84: Expected label ZipCode, got  ([]), file ZipCode.csv:2752 data 10598
    regex_detector_test.go:84: Expected label ZipCode, got  ([]), file ZipCode.csv:2753 data 10601
    regex_detector_test.go:84: Expected label ZipCode, got  ([]), file ZipCode.csv:2754 data 10603
    regex_detector_test.go:84: Expected label ZipCode, got  ([]), file ZipCode.csv:2755 data 10604
    regex_detector_test.go:84: Expected label ZipCode, got  ([]), file ZipCode.csv:2756 data 10605
    regex_detector_test.go:84: Expected label ZipCode, got  ([]), file ZipCode.csv:2757 data 10606
    regex_detector_test.go:84: Expected label ZipCode, got  ([]), file ZipCode.csv:2758 data 10607
    regex_detector_test.go:84: Expected label ZipCode, got  ([]), file ZipCode.csv:2759 data 10701
    regex_detector_test.go:84: Expected label ZipCode, got  ([]), file ZipCode.csv:2760 data 10703
    regex_detector_test.go:84: Expected label ZipCode, got  ([]), file ZipCode.csv:2761 data 10704
    regex_detector_test.go:84: Expected label ZipCode, got  ([]), file ZipCode.csv:2762 data 10705
    regex_detector_test.go:84: Expected label ZipCode, got  ([]), file ZipCode.csv:2763 data 10706
    regex_detector_test.go:84: Expected label ZipCode, got  ([]), file ZipCode.csv:2764 data 10707
    regex_detector_test.go:84: Expected label ZipCode, got  ([]), file ZipCode.csv:2765 data 10708
    regex_detector_test.go:84: Expected label ZipCode, got  ([]), file ZipCode.csv:2766 data 10709
    regex_detector_test.go:84: Expected label ZipCode, got  ([]), file ZipCode.csv:2767 data 10710
    regex_detector_test.go:84: Expected label ZipCode, got  ([]), file ZipCode.csv:2768 data 10801
    regex_detector_test.go:84: Expected label ZipCode, got  ([]), file ZipCode.csv:2769 data 10803
    regex_detector_test.go:84: Expected label ZipCode, got  ([]), file ZipCode.csv:2770 data 10804
    regex_detector_test.go:84: Expected label ZipCode, got  ([]), file ZipCode.csv:2771 data 10805
    regex_detector_test.go:84: Expected label ZipCode, got  ([]), file ZipCode.csv:2772 data 10901
    regex_detector_test.go:84: Expected label ZipCode, got  ([]), file ZipCode.csv:2773 data 10910
    regex_detector_test.go:84: Expected label ZipCode, got  ([]), file ZipCode.csv:2774 data 10911
    regex_detector_test.go:84: Expected label ZipCode, got  ([]), file ZipCode.csv:2775 data 10913
    regex_detector_test.go:84: Expected label ZipCode, got  ([]), file ZipCode.csv:2776 data 10914
    regex_detector_test.go:84: Expected label ZipCode, got  ([]), file ZipCode.csv:2777 data 10915
    regex_detector_test.go:84: Expected label ZipCode, got  ([]), file ZipCode.csv:2778 data 10916
    regex_detector_test.go:84: Expected label ZipCode, got  ([]), file ZipCode.csv:2779 data 10917
    regex_detector_test.go:84: Expected label ZipCode, got  ([]), file ZipCode.csv:2780 data 10918
    regex_detector_test.go:84: Expected label ZipCode, got  ([]), file ZipCode.csv:2781 data 10919
    regex_detector_test.go:84: Expected label ZipCode, got  ([]), file ZipCode.csv:2782 data 10920
    regex_detector_test.go:84: Expected label ZipCode, got  ([]), file ZipCode.csv:2783 data 10921
    regex_detector_test.go:84: Expected label ZipCode, got  ([]), file ZipCode.csv:2784 data 10922
    regex_detector_test.go:84: Expected label ZipCode, got  ([]), file ZipCode.csv:2785 data 10923
    regex_detector_test.go:84: Expected label ZipCode, got  ([]), file ZipCode.csv:2786 data 10924
    regex_detector_test.go:84: Expected label ZipCode, got  ([]), file ZipCode.csv:2787 data 10925
    regex_detector_test.go:84: Expected label ZipCode, got  ([]), file ZipCode.csv:2788 data 10926
    regex_detector_test.go:84: Expected label ZipCode, got  ([]), file ZipCode.csv:2789 data 10927
    regex_detector_test.go:84: Expected label ZipCode, got  ([]), file ZipCode.csv:2790 data 10928
    regex_detector_test.go:84: Expected label ZipCode, got  ([]), file ZipCode.csv:2791 data 10930
    regex_detector_test.go:84: Expected label ZipCode, got  ([]), file ZipCode.csv:2792 data 10931
    regex_detector_test.go:84: Expected label ZipCode, got  ([]), file ZipCode.csv:2793 data 10932
    regex_detector_test.go:84: Expected label ZipCode, got  ([]), file ZipCode.csv:2794 data 10933
    regex_detector_test.go:84: Expected label ZipCode, got  ([]), file ZipCode.csv:2795 data 10940
    regex_detector_test.go:84: Expected label ZipCode, got  ([]), file ZipCode.csv:2796 data 10941
    regex_detector_test.go:84: Expected label ZipCode, got  ([]), file ZipCode.csv:2797 data 10950
    regex_detector_test.go:84: Expected label ZipCode, got  ([]), file ZipCode.csv:2798 data 10952
    regex_detector_test.go:84: Expected label ZipCode, got  ([]), file ZipCode.csv:2799 data 10953
    regex_detector_test.go:84: Expected label ZipCode, got  ([]), file ZipCode.csv:2800 data 10954
    regex_detector_test.go:84: Expected label ZipCode, got  ([]), file ZipCode.csv:2801 data 10956
    regex_detector_test.go:84: Expected label ZipCode, got  ([]), file ZipCode.csv:2802 data 10958
    regex_detector_test.go:84: Expected label ZipCode, got  ([]), file ZipCode.csv:2803 data 10960
    regex_detector_test.go:84: Expected label ZipCode, got  ([]), file ZipCode.csv:2804 data 10962
    regex_detector_test.go:84: Expected label ZipCode, got  ([]), file ZipCode.csv:2805 data 10963
    regex_detector_test.go:84: Expected label ZipCode, got  ([]), file ZipCode.csv:2806 data 10964
    regex_detector_test.go:84: Expected label ZipCode, got  ([]), file ZipCode.csv:2807 data 10965
    regex_detector_test.go:84: Expected label ZipCode, got  ([]), file ZipCode.csv:2808 data 10968
    regex_detector_test.go:84: Expected label ZipCode, got  ([]), file ZipCode.csv:2809 data 10969
    regex_detector_test.go:84: Expected label ZipCode, got  ([]), file ZipCode.csv:2810 data 10970
    regex_detector_test.go:84: Expected label ZipCode, got  ([]), file ZipCode.csv:2811 data 10973
    regex_detector_test.go:84: Expected label ZipCode, got  ([]), file ZipCode.csv:2812 data 10974
    regex_detector_test.go:84: Expected label ZipCode, got  ([]), file ZipCode.csv:2813 data 10975
    regex_detector_test.go:84: Expected label ZipCode, got  ([]), file ZipCode.csv:2814 data 10976
    regex_detector_test.go:84: Expected label ZipCode, got  ([]), file ZipCode.csv:2815 data 10977
    regex_detector_test.go:84: Expected label ZipCode, got  ([]), file ZipCode.csv:2816 data 10979
    regex_detector_test.go:84: Expected label ZipCode, got  ([]), file ZipCode.csv:2817 data 10980
    regex_detector_test.go:84: Expected label ZipCode, got  ([]), file ZipCode.csv:2818 data 10983
    regex_detector_test.go:84: Expected label ZipCode, got  ([]), file ZipCode.csv:2819 data 10984
    regex_detector_test.go:84: Expected label ZipCode, got  ([]), file ZipCode.csv:2820 data 10985
    regex_detector_test.go:84: Expected label ZipCode, got  ([]), file ZipCode.csv:2821 data 10986
    regex_detector_test.go:84: Expected label ZipCode, got  ([]), file ZipCode.csv:2822 data 10987
    regex_detector_test.go:84: Expected label ZipCode, got  ([]), file ZipCode.csv:2823 data 10988
    regex_detector_test.go:84: Expected label ZipCode, got  ([]), file ZipCode.csv:2824 data 10989
    regex_detector_test.go:84: Expected label ZipCode, got  ([]), file ZipCode.csv:2825 data 10990
    regex_detector_test.go:84: Expected label ZipCode, got  ([]), file ZipCode.csv:2826 data 10992
    regex_detector_test.go:84: Expected label ZipCode, got  ([]), file ZipCode.csv:2827 data 10993
    regex_detector_test.go:84: Expected label ZipCode, got  ([]), file ZipCode.csv:2828 data 10994
    regex_detector_test.go:84: Expected label ZipCode, got  ([]), file ZipCode.csv:2829 data 10996
    regex_detector_test.go:84: Expected label ZipCode, got  ([]), file ZipCode.csv:2830 data 10998
    regex_detector_test.go:84: Expected label ZipCode, got  ([]), file ZipCode.csv:2831 data 11001
    regex_detector_test.go:84: Expected label ZipCode, got  ([]), file ZipCode.csv:2832 data 11003
    regex_detector_test.go:84: Expected label ZipCode, got  ([]), file ZipCode.csv:2833 data 11004
    regex_detector_test.go:84: Expected label ZipCode, got  ([]), file ZipCode.csv:2834 data 11005
    regex_detector_test.go:84: Expected label ZipCode, got  ([]), file ZipCode.csv:2835 data 11010
    regex_detector_test.go:84: Expected label ZipCode, got  ([]), file ZipCode.csv:2836 data 11020
    regex_detector_test.go:84: Expected label ZipCode, got  ([]), file ZipCode.csv:2837 data 11021
    regex_detector_test.go:84: Expected label ZipCode, got  ([]), file ZipCode.csv:2838 data 11023
    regex_detector_test.go:84: Expected label ZipCode, got  ([]), file ZipCode.csv:2839 data 11024
    regex_detector_test.go:84: Expected label ZipCode, got  ([]), file ZipCode.csv:2840 data 11030
    regex_detector_test.go:84: Expected label ZipCode, got  ([]), file ZipCode.csv:2841 data 11040
    regex_detector_test.go:84: Expected label ZipCode, got  ([]), file ZipCode.csv:2842 data 11042
    regex_detector_test.go:84: Expected label ZipCode, got  ([]), file ZipCode.csv:2843 data 11050
    regex_detector_test.go:84: Expected label ZipCode, got  ([]), file ZipCode.csv:2844 data 11096
    regex_detector_test.go:84: Expected label ZipCode, got  ([]), file ZipCode.csv:2845 data 11101
    regex_detector_test.go:84: Expected label ZipCode, got  ([]), file ZipCode.csv:2846 data 11102
    regex_detector_test.go:84: Expected label ZipCode, got  ([]), file ZipCode.csv:2847 data 11103
    regex_detector_test.go:84: Expected label ZipCode, got  ([]), file ZipCode.csv:2848 data 11104
    regex_detector_test.go:84: Expected label ZipCode, got  ([]), file ZipCode.csv:2849 data 11105
    regex_detector_test.go:84: Expected label ZipCode, got  ([]), file ZipCode.csv:2850 data 11106
    regex_detector_test.go:84: Expected label ZipCode, got  ([]), file ZipCode.csv:2851 data 11109
    regex_detector_test.go:84: Expected label ZipCode, got  ([]), file ZipCode.csv:2852 data 11201
    regex_detector_test.go:84: Expected label ZipCode, got  ([]), file ZipCode.csv:2853 data 11203
    regex_detector_test.go:84: Expected label ZipCode, got  ([]), file ZipCode.csv:2854 data 11204
    regex_detector_test.go:84: Expected label ZipCode, got  ([]), file ZipCode.csv:2855 data 11205
    regex_detector_test.go:84: Expected label ZipCode, got  ([]), file ZipCode.csv:2856 data 11206
    regex_detector_test.go:84: Expected label ZipCode, got  ([]), file ZipCode.csv:2857 data 11207
    regex_detector_test.go:84: Expected label ZipCode, got  ([]), file ZipCode.csv:2858 data 11208
    regex_detector_test.go:84: Expected label ZipCode, got  ([]), file ZipCode.csv:2859 data 11209
    regex_detector_test.go:84: Expected label ZipCode, got  ([]), file ZipCode.csv:2860 data 11210
    regex_detector_test.go:84: Expected label ZipCode, got  ([]), file ZipCode.csv:2861 data 11211
    regex_detector_test.go:84: Expected label ZipCode, got  ([]), file ZipCode.csv:2862 data 11212
    regex_detector_test.go:84: Expected label ZipCode, got  ([]), file ZipCode.csv:2863 data 11213
    regex_detector_test.go:84: Expected label ZipCode, got  ([]), file ZipCode.csv:2864 data 11214
    regex_detector_test.go:84: Expected label ZipCode, got  ([]), file ZipCode.csv:2865 data 11215
    regex_detector_test.go:84: Expected label ZipCode, got  ([]), file ZipCode.csv:2866 data 11216
    regex_detector_test.go:84: Expected label ZipCode, got  ([]), file ZipCode.csv:2867 data 11217
    regex_detector_test.go:84: Expected label ZipCode, got  ([]), file ZipCode.csv:2868 data 11218
    regex_detector_test.go:84: Expected label ZipCode, got  ([]), file ZipCode.csv:2869 data 11219
    regex_detector_test.go:84: Expected label ZipCode, got  ([]), file ZipCode.csv:2870 data 11220
    regex_detector_test.go:84: Expected label ZipCode, got  ([]), file ZipCode.csv:2871 data 11221
    regex_detector_test.go:84: Expected label ZipCode, got  ([]), file ZipCode.csv:2872 data 11222
    regex_detector_test.go:84: Expected label ZipCode, got  ([]), file ZipCode.csv:2873 data 11223
    regex_detector_test.go:84: Expected label ZipCode, got  ([]), file ZipCode.csv:2874 data 11224
    regex_detector_test.go:84: Expected label ZipCode, got  ([]), file ZipCode.csv:2875 data 11225
    regex_detector_test.go:84: Expected label ZipCode, got  ([]), file ZipCode.csv:2876 data 11226
    regex_detector_test.go:84: Expected label ZipCode, got  ([]), file ZipCode.csv:2877 data 11228
    regex_detector_test.go:84: Expected label ZipCode, got  ([]), file ZipCode.csv:2878 data 11229
    regex_detector_test.go:84: Expected label ZipCode, got  ([]), file ZipCode.csv:2879 data 11230
    regex_detector_test.go:84: Expected label ZipCode, got  ([]), file ZipCode.csv:2880 data 11231
    regex_detector_test.go:84: Expected label ZipCode, got  ([]), file ZipCode.csv:2881 data 11232
    regex_detector_test.go:84: Expected label ZipCode, got  ([]), file ZipCode.csv:2882 data 11233
    regex_detector_test.go:84: Expected label ZipCode, got  ([]), file ZipCode.csv:2883 data 11234
    regex_detector_test.go:84: Expected label ZipCode, got  ([]), file ZipCode.csv:2884 data 11235
    regex_detector_test.go:84: Expected label ZipCode, got  ([]), file ZipCode.csv:2885 data 11236
    regex_detector_test.go:84: Expected label ZipCode, got  ([]), file ZipCode.csv:2886 data 11237
    regex_detector_test.go:84: Expected label ZipCode, got  ([]), file ZipCode.csv:2887 data 11238
    regex_detector_test.go:84: Expected label ZipCode, got  ([]), file ZipCode.csv:2888 data 11239
    regex_detector_test.go:84: Expected label ZipCode, got  ([]), file ZipCode.csv:2889 data 11249
    regex_detector_test.go:84: Expected label ZipCode, got  ([]), file ZipCode.csv:2890 data 11354
    regex_detector_test.go:84: Expected label ZipCode, got  ([]), file ZipCode.csv:2891 data 11355
    regex_detector_test.go:84: Expected label ZipCode, got  ([]), file ZipCode.csv:2892 data 11356
    regex_detector_test.go:84: Expected label ZipCode, got  ([]), file ZipCode.csv:2893 data 11357
    regex_detector_test.go:84: Expected label ZipCode, got  ([]), file ZipCode.csv:2894 data 11358
    regex_detector_test.go:84: Expected label ZipCode, got  ([]), file ZipCode.csv:2895 data 11359
    regex_detector_test.go:84: Expected label ZipCode, got  ([]), file ZipCode.csv:2896 data 11360
    regex_detector_test.go:84: Expected label ZipCode, got  ([]), file ZipCode.csv:2897 data 11361
    regex_detector_test.go:84: Expected label ZipCode, got  ([]), file ZipCode.csv:2898 data 11362
    regex_detector_test.go:84: Expected label ZipCode, got  ([]), file ZipCode.csv:2899 data 11363
    regex_detector_test.go:84: Expected label ZipCode, got  ([]), file ZipCode.csv:2900 data 11364
    regex_detector_test.go:84: Expected label ZipCode, got  ([]), file ZipCode.csv:2901 data 11365
    regex_detector_test.go:84: Expected label ZipCode, got  ([]), file ZipCode.csv:2902 data 11366
    regex_detector_test.go:84: Expected label ZipCode, got  ([]), file ZipCode.csv:2903 data 11367
    regex_detector_test.go:84: Expected label ZipCode, got  ([]), file ZipCode.csv:2904 data 11368
    regex_detector_test.go:84: Expected label ZipCode, got  ([]), file ZipCode.csv:2905 data 11369
    regex_detector_test.go:84: Expected label ZipCode, got  ([]), file ZipCode.csv:2906 data 11370
    regex_detector_test.go:84: Expected label ZipCode, got  ([]), file ZipCode.csv:2907 data 11371
    regex_detector_test.go:84: Expected label ZipCode, got  ([]), file ZipCode.csv:2908 data 11372
    regex_detector_test.go:84: Expected label ZipCode, got  ([]), file ZipCode.csv:2909 data 11373
    regex_detector_test.go:84: Expected label ZipCode, got  ([]), file ZipCode.csv:2910 data 11374
    regex_detector_test.go:84: Expected label ZipCode, got  ([]), file ZipCode.csv:2911 data 11375
    regex_detector_test.go:84: Expected label ZipCode, got  ([]), file ZipCode.csv:2912 data 11377
    regex_detector_test.go:84: Expected label ZipCode, got  ([]), file ZipCode.csv:2913 data 11378
    regex_detector_test.go:84: Expected label ZipCode, got  ([]), file ZipCode.csv:2914 data 11379
    regex_detector_test.go:84: Expected label ZipCode, got  ([]), file ZipCode.csv:2915 data 11385
    regex_detector_test.go:84: Expected label ZipCode, got  ([]), file ZipCode.csv:2916 data 11411
    regex_detector_test.go:84: Expected label ZipCode, got  ([]), file ZipCode.csv:2917 data 11412
    regex_detector_test.go:84: Expected label ZipCode, got  ([]), file ZipCode.csv:2918 data 11413
    regex_detector_test.go:84: Expected label ZipCode, got  ([]), file ZipCode.csv:2919 data 11414
    regex_detector_test.go:84: Expected label ZipCode, got  ([]), file ZipCode.csv:2920 data 11415
    regex_detector_test.go:84: Expected label ZipCode, got  ([]), file ZipCode.csv:2921 data 11416
    regex_detector_test.go:84: Expected label ZipCode, got  ([]), file ZipCode.csv:2922 data 11417
    regex_detector_test.go:84: Expected label ZipCode, got  ([]), file ZipCode.csv:2923 data 11418
    regex_detector_test.go:84: Expected label ZipCode, got  ([]), file ZipCode.csv:2924 data 11419
    regex_detector_test.go:84: Expected label ZipCode, got  ([]), file ZipCode.csv:2925 data 11420
    regex_detector_test.go:84: Expected label ZipCode, got  ([]), file ZipCode.csv:2926 data 11421
    regex_detector_test.go:84: Expected label ZipCode, got  ([]), file ZipCode.csv:2927 data 11422
    regex_detector_test.go:84: Expected label ZipCode, got  ([]), file ZipCode.csv:2928 data 11423
    regex_detector_test.go:84: Expected label ZipCode, got  ([]), file ZipCode.csv:2929 data 11424
    regex_detector_test.go:84: Expected label ZipCode, got  ([]), file ZipCode.csv:2930 data 11426
    regex_detector_test.go:84: Expected label ZipCode, got  ([]), file ZipCode.csv:2931 data 11427
    regex_detector_test.go:84: Expected label ZipCode, got  ([]), file ZipCode.csv:2932 data 11428
    regex_detector_test.go:84: Expected label ZipCode, got  ([]), file ZipCode.csv:2933 data 11429
    regex_detector_test.go:84: Expected label ZipCode, got  ([]), file ZipCode.csv:2934 data 11430
    regex_detector_test.go:84: Expected label ZipCode, got  ([]), file ZipCode.csv:2935 data 11432
    regex_detector_test.go:84: Expected label ZipCode, got  ([]), file ZipCode.csv:2936 data 11433
    regex_detector_test.go:84: Expected label ZipCode, got  ([]), file ZipCode.csv:2937 data 11434
    regex_detector_test.go:84: Expected label ZipCode, got  ([]), file ZipCode.csv:2938 data 11435
    regex_detector_test.go:84: Expected label ZipCode, got  ([]), file ZipCode.csv:2939 data 11436
    regex_detector_test.go:84: Expected label ZipCode, got  ([]), file ZipCode.csv:2940 data 11439
    regex_detector_test.go:84: Expected label ZipCode, got  ([]), file ZipCode.csv:2941 data 11451
    regex_detector_test.go:84: Expected label ZipCode, got  ([]), file ZipCode.csv:2942 data 11501
    regex_detector_test.go:84: Expected label ZipCode, got  ([]), file ZipCode.csv:2943 data 11507
    regex_detector_test.go:84: Expected label ZipCode, got  ([]), file ZipCode.csv:2944 data 11509
    regex_detector_test.go:84: Expected label ZipCode, got  ([]), file ZipCode.csv:2945 data 11510
    regex_detector_test.go:84: Expected label ZipCode, got  ([]), file ZipCode.csv:2946 data 11514
    regex_detector_test.go:84: Expected label ZipCode, got  ([]), file ZipCode.csv:2947 data 11516
    regex_detector_test.go:84: Expected label ZipCode, got  ([]), file ZipCode.csv:2948 data 11518
    regex_detector_test.go:84: Expected label ZipCode, got  ([]), file ZipCode.csv:2949 data 11520
    regex_detector_test.go:84: Expected label ZipCode, got  ([]), file ZipCode.csv:2950 data 11530
    regex_detector_test.go:84: Expected label ZipCode, got  ([]), file ZipCode.csv:2951 data 11542
    regex_detector_test.go:84: Expected label ZipCode, got  ([]), file ZipCode.csv:2952 data 11545
    regex_detector_test.go:84: Expected label ZipCode, got  ([]), file ZipCode.csv:2953 data 11547
    regex_detector_test.go:84: Expected label ZipCode, got  ([]), file ZipCode.csv:2954 data 11548
    regex_detector_test.go:84: Expected label ZipCode, got  ([]), file ZipCode.csv:2955 data 11549
    regex_detector_test.go:84: Expected label ZipCode, got  ([]), file ZipCode.csv:2956 data 11550
    regex_detector_test.go:84: Expected label ZipCode, got  ([]), file ZipCode.csv:2957 data 11552
    regex_detector_test.go:84: Expected label ZipCode, got  ([]), file ZipCode.csv:2958 data 11553
    regex_detector_test.go:84: Expected label ZipCode, got  ([]), file ZipCode.csv:2959 data 11554
    regex_detector_test.go:84: Expected label ZipCode, got  ([]), file ZipCode.csv:2960 data 11556
    regex_detector_test.go:84: Expected label ZipCode, got  ([]), file ZipCode.csv:2961 data 11557
    regex_detector_test.go:84: Expected label ZipCode, got  ([]), file ZipCode.csv:2962 data 11558
    regex_detector_test.go:84: Expected label ZipCode, got  ([]), file ZipCode.csv:2963 data 11559
    regex_detector_test.go:84: Expected label ZipCode, got  ([]), file ZipCode.csv:2964 data 11560
    regex_detector_test.go:84: Expected label ZipCode, got  ([]), file ZipCode.csv:2965 data 11561
    regex_detector_test.go:84: Expected label ZipCode, got  ([]), file ZipCode.csv:2966 data 11563
    regex_detector_test.go:84: Expected label ZipCode, got  ([]), file ZipCode.csv:2967 data 11565
    regex_detector_test.go:84: Expected label ZipCode, got  ([]), file ZipCode.csv:2968 data 11566
    regex_detector_test.go:84: Expected label ZipCode, got  ([]), file ZipCode.csv:2969 data 11568
    regex_detector_test.go:84: Expected label ZipCode, got  ([]), file ZipCode.csv:2970 data 11569
    regex_detector_test.go:84: Expected label ZipCode, got  ([]), file ZipCode.csv:2971 data 11570
    regex_detector_test.go:84: Expected label ZipCode, got  ([]), file ZipCode.csv:2972 data 11572
    regex_detector_test.go:84: Expected label ZipCode, got  ([]), file ZipCode.csv:2973 data 11575
    regex_detector_test.go:84: Expected label ZipCode, got  ([]), file ZipCode.csv:2974 data 11576
    regex_detector_test.go:84: Expected label ZipCode, got  ([]), file ZipCode.csv:2975 data 11577
    regex_detector_test.go:84: Expected label ZipCode, got  ([]), file ZipCode.csv:2976 data 11579
    regex_detector_test.go:84: Expected label ZipCode, got  ([]), file ZipCode.csv:2977 data 11580
    regex_detector_test.go:84: Expected label ZipCode, got  ([]), file ZipCode.csv:2978 data 11581
    regex_detector_test.go:84: Expected label ZipCode, got  ([]), file ZipCode.csv:2979 data 11590
    regex_detector_test.go:84: Expected label ZipCode, got  ([]), file ZipCode.csv:2980 data 11596
    regex_detector_test.go:84: Expected label ZipCode, got  ([]), file ZipCode.csv:2981 data 11598
    regex_detector_test.go:84: Expected label ZipCode, got  ([]), file ZipCode.csv:2982 data 11691
    regex_detector_test.go:84: Expected label ZipCode, got  ([]), file ZipCode.csv:2983 data 11692
    regex_detector_test.go:84: Expected label ZipCode, got  ([]), file ZipCode.csv:2984 data 11693
    regex_detector_test.go:84: Expected label ZipCode, got  ([]), file ZipCode.csv:2985 data 11694
    regex_detector_test.go:84: Expected label ZipCode, got  ([]), file ZipCode.csv:2986 data 11697
    regex_detector_test.go:84: Expected label ZipCode, got  ([]), file ZipCode.csv:2987 data 11701
    regex_detector_test.go:84: Expected label ZipCode, got  ([]), file ZipCode.csv:2988 data 11702
    regex_detector_test.go:84: Expected label ZipCode, got  ([]), file ZipCode.csv:2989 data 11703
    regex_detector_test.go:84: Expected label ZipCode, got  ([]), file ZipCode.csv:2990 data 11704
    regex_detector_test.go:84: Expected label ZipCode, got  ([]), file ZipCode.csv:2991 data 11705
    regex_detector_test.go:84: Expected label ZipCode, got  ([]), file ZipCode.csv:2992 data 11706
    regex_detector_test.go:84: Expected label ZipCode, got  ([]), file ZipCode.csv:2993 data 11709
    regex_detector_test.go:84: Expected label ZipCode, got  ([]), file ZipCode.csv:2994 data 11710
    regex_detector_test.go:84: Expected label ZipCode, got  ([]), file ZipCode.csv:2995 data 11713
    regex_detector_test.go:84: Expected label ZipCode, got  ([]), file ZipCode.csv:2996 data 11714
    regex_detector_test.go:84: Expected label ZipCode, got  ([]), file ZipCode.csv:2997 data 11715
    regex_detector_test.go:84: Expected label ZipCode, got  ([]), file ZipCode.csv:2998 data 11716
    regex_detector_test.go:84: Expected label ZipCode, got  ([]), file ZipCode.csv:2999 data 11717
    regex_detector_test.go:84: Expected label ZipCode, got  ([]), file ZipCode.csv:3000 data 11718
    regex_detector_test.go:84: Expected label ZipCode, got  ([]), file ZipCode.csv:3001 data 11719
    regex_detector_test.go:84: Expected label ZipCode, got  ([]), file ZipCode.csv:3002 data 11720
    regex_detector_test.go:84: Expected label ZipCode, got  ([]), file ZipCode.csv:3003 data 11721
    regex_detector_test.go:84: Expected label ZipCode, got  ([]), file ZipCode.csv:3004 data 11722
    regex_detector_test.go:84: Expected label ZipCode, got  ([]), file ZipCode.csv:3005 data 11724
    regex_detector_test.go:84: Expected label ZipCode, got  ([]), file ZipCode.csv:3006 data 11725
    regex_detector_test.go:84: Expected label ZipCode, got  ([]), file ZipCode.csv:3007 data 11726
    regex_detector_test.go:84: Expected label ZipCode, got  ([]), file ZipCode.csv:3008 data 11727
    regex_detector_test.go:84: Expected label ZipCode, got  ([]), file ZipCode.csv:3009 data 11729
    regex_detector_test.go:84: Expected label ZipCode, got  ([]), file ZipCode.csv:3010 data 11730
    regex_detector_test.go:84: Expected label ZipCode, got  ([]), file ZipCode.csv:3011 data 11731
    regex_detector_test.go:84: Expected label ZipCode, got  ([]), file ZipCode.csv:3012 data 11732
    regex_detector_test.go:84: Expected label ZipCode, got  ([]), file ZipCode.csv:3013 data 11733
    regex_detector_test.go:84: Expected label ZipCode, got  ([]), file ZipCode.csv:3014 data 11735
    regex_detector_test.go:84: Expected label ZipCode, got  ([]), file ZipCode.csv:3015 data 11738
    regex_detector_test.go:84: Expected label ZipCode, got  ([]), file ZipCode.csv:3016 data 11739
    regex_detector_test.go:84: Expected label ZipCode, got  ([]), file ZipCode.csv:3017 data 11740
    regex_detector_test.go:84: Expected label ZipCode, got  ([]), file ZipCode.csv:3018 data 11741
    regex_detector_test.go:84: Expected label ZipCode, got  ([]), file ZipCode.csv:3019 data 11742
    regex_detector_test.go:84: Expected label ZipCode, got  ([]), file ZipCode.csv:3020 data 11743
    regex_detector_test.go:84: Expected label ZipCode, got  ([]), file ZipCode.csv:3021 data 11746
    regex_detector_test.go:84: Expected label ZipCode, got  ([]), file ZipCode.csv:3022 data 11747
    regex_detector_test.go:84: Expected label ZipCode, got  ([]), file ZipCode.csv:3023 data 11749
    regex_detector_test.go:84: Expected label ZipCode, got  ([]), file ZipCode.csv:3024 data 11751
    regex_detector_test.go:84: Expected label ZipCode, got  ([]), file ZipCode.csv:3025 data 11752
    regex_detector_test.go:84: Expected label ZipCode, got  ([]), file ZipCode.csv:3026 data 11753
    regex_detector_test.go:84: Expected label ZipCode, got  ([]), file ZipCode.csv:3027 data 11754
    regex_detector_test.go:84: Expected label ZipCode, got  ([]), file ZipCode.csv:3028 data 11755
    regex_detector_test.go:84: Expected label ZipCode, got  ([]), file ZipCode.csv:3029 data 11756
    regex_detector_test.go:84: Expected label ZipCode, got  ([]), file ZipCode.csv:3030 data 11757
    regex_detector_test.go:84: Expected label ZipCode, got  ([]), file ZipCode.csv:3031 data 11758
    regex_detector_test.go:84: Expected label ZipCode, got  ([]), file ZipCode.csv:3032 data 11762
    regex_detector_test.go:84: Expected label ZipCode, got  ([]), file ZipCode.csv:3033 data 11763
    regex_detector_test.go:84: Expected label ZipCode, got  ([]), file ZipCode.csv:3034 data 11764
    regex_detector_test.go:84: Expected label ZipCode, got  ([]), file ZipCode.csv:3035 data 11765
    regex_detector_test.go:84: Expected label ZipCode, got  ([]), file ZipCode.csv:3036 data 11766
    regex_detector_test.go:84: Expected label ZipCode, got  ([]), file ZipCode.csv:3037 data 11767
    regex_detector_test.go:84: Expected label ZipCode, got  ([]), file ZipCode.csv:3038 data 11768
    regex_detector_test.go:84: Expected label ZipCode, got  ([]), file ZipCode.csv:3039 data 11769
    regex_detector_test.go:84: Expected label ZipCode, got  ([]), file ZipCode.csv:3040 data 11770
    regex_detector_test.go:84: Expected label ZipCode, got  ([]), file ZipCode.csv:3041 data 11771
    regex_detector_test.go:84: Expected label ZipCode, got  ([]), file ZipCode.csv:3042 data 11772
    regex_detector_test.go:84: Expected label ZipCode, got  ([]), file ZipCode.csv:3043 data 11776
    regex_detector_test.go:84: Expected label ZipCode, got  ([]), file ZipCode.csv:3044 data 11777
    regex_detector_test.go:84: Expected label ZipCode, got  ([]), file ZipCode.csv:3045 data 11778
    regex_detector_test.go:84: Expected label ZipCode, got  ([]), file ZipCode.csv:3046 data 11779
    regex_detector_test.go:84: Expected label ZipCode, got  ([]), file ZipCode.csv:3047 data 11780
    regex_detector_test.go:84: Expected label ZipCode, got  ([]), file ZipCode.csv:3048 data 11782
    regex_detector_test.go:84: Expected label ZipCode, got  ([]), file ZipCode.csv:3049 data 11783
    regex_detector_test.go:84: Expected label ZipCode, got  ([]), file ZipCode.csv:3050 data 11784
    regex_detector_test.go:84: Expected label ZipCode, got  ([]), file ZipCode.csv:3051 data 11786
    regex_detector_test.go:84: Expected label ZipCode, got  ([]), file ZipCode.csv:3052 data 11787
    regex_detector_test.go:84: Expected label ZipCode, got  ([]), file ZipCode.csv:3053 data 11788
    regex_detector_test.go:84: Expected label ZipCode, got  ([]), file ZipCode.csv:3054 data 11789
    regex_detector_test.go:84: Expected label ZipCode, got  ([]), file ZipCode.csv:3055 data 11790
    regex_detector_test.go:84: Expected label ZipCode, got  ([]), file ZipCode.csv:3056 data 11791
    regex_detector_test.go:84: Expected label ZipCode, got  ([]), file ZipCode.csv:3057 data 11792
    regex_detector_test.go:84: Expected label ZipCode, got  ([]), file ZipCode.csv:3058 data 11793
    regex_detector_test.go:84: Expected label ZipCode, got  ([]), file ZipCode.csv:3059 data 11794
    regex_detector_test.go:84: Expected label ZipCode, got  ([]), file ZipCode.csv:3060 data 11795
    regex_detector_test.go:84: Expected label ZipCode, got  ([]), file ZipCode.csv:3061 data 11796
    regex_detector_test.go:84: Expected label ZipCode, got  ([]), file ZipCode.csv:3062 data 11797
    regex_detector_test.go:84: Expected label ZipCode, got  ([]), file ZipCode.csv:3063 data 11798
    regex_detector_test.go:84: Expected label ZipCode, got  ([]), file ZipCode.csv:3064 data 11801
    regex_detector_test.go:84: Expected label ZipCode, got  ([]), file ZipCode.csv:3065 data 11803
    regex_detector_test.go:84: Expected label ZipCode, got  ([]), file ZipCode.csv:3066 data 11804
    regex_detector_test.go:84: Expected label ZipCode, got  ([]), file ZipCode.csv:3067 data 11901
    regex_detector_test.go:84: Expected label ZipCode, got  ([]), file ZipCode.csv:3068 data 11930
    regex_detector_test.go:84: Expected label ZipCode, got  ([]), file ZipCode.csv:3069 data 11931
    regex_detector_test.go:84: Expected label ZipCode, got  ([]), file ZipCode.csv:3070 data 11932
    regex_detector_test.go:84: Expected label ZipCode, got  ([]), file ZipCode.csv:3071 data 11933
    regex_detector_test.go:84: Expected label ZipCode, got  ([]), file ZipCode.csv:3072 data 11934
    regex_detector_test.go:84: Expected label ZipCode, got  ([]), file ZipCode.csv:3073 data 11935
    regex_detector_test.go:84: Expected label ZipCode, got  ([]), file ZipCode.csv:3074 data 11937
    regex_detector_test.go:84: Expected label ZipCode, got  ([]), file ZipCode.csv:3075 data 11939
    regex_detector_test.go:84: Expected label ZipCode, got  ([]), file ZipCode.csv:3076 data 11940
    regex_detector_test.go:84: Expected label ZipCode, got  ([]), file ZipCode.csv:3077 data 11941
    regex_detector_test.go:84: Expected label ZipCode, got  ([]), file ZipCode.csv:3078 data 11942
    regex_detector_test.go:84: Expected label ZipCode, got  ([]), file ZipCode.csv:3079 data 11944
    regex_detector_test.go:84: Expected label ZipCode, got  ([]), file ZipCode.csv:3080 data 11946
    regex_detector_test.go:84: Expected label ZipCode, got  ([]), file ZipCode.csv:3081 data 11947
    regex_detector_test.go:84: Expected label ZipCode, got  ([]), file ZipCode.csv:3082 data 11948
    regex_detector_test.go:84: Expected label ZipCode, got  ([]), file ZipCode.csv:3083 data 11949
    regex_detector_test.go:84: Expected label ZipCode, got  ([]), file ZipCode.csv:3084 data 11950
    regex_detector_test.go:84: Expected label ZipCode, got  ([]), file ZipCode.csv:3085 data 11951
    regex_detector_test.go:84: Expected label ZipCode, got  ([]), file ZipCode.csv:3086 data 11952
    regex_detector_test.go:84: Expected label ZipCode, got  ([]), file ZipCode.csv:3087 data 11953
    regex_detector_test.go:84: Expected label ZipCode, got  ([]), file ZipCode.csv:3088 data 11954
    regex_detector_test.go:84: Expected label ZipCode, got  ([]), file ZipCode.csv:3089 data 11955
    regex_detector_test.go:84: Expected label ZipCode, got  ([]), file ZipCode.csv:3090 data 11956
    regex_detector_test.go:84: Expected label ZipCode, got  ([]), file ZipCode.csv:3091 data 11957
    regex_detector_test.go:84: Expected label ZipCode, got  ([]), file ZipCode.csv:3092 data 11958
    regex_detector_test.go:84: Expected label ZipCode, got  ([]), file ZipCode.csv:3093 data 11959
    regex_detector_test.go:84: Expected label ZipCode, got  ([]), file ZipCode.csv:3094 data 11960
    regex_detector_test.go:84: Expected label ZipCode, got  ([]), file ZipCode.csv:3095 data 11961
    regex_detector_test.go:84: Expected label ZipCode, got  ([]), file ZipCode.csv:3096 data 11962
    regex_detector_test.go:84: Expected label ZipCode, got  ([]), file ZipCode.csv:3097 data 11963
    regex_detector_test.go:84: Expected label ZipCode, got  ([]), file ZipCode.csv:3098 data 11964
    regex_detector_test.go:84: Expected label ZipCode, got  ([]), file ZipCode.csv:3099 data 11965
    regex_detector_test.go:84: Expected label ZipCode, got  ([]), file ZipCode.csv:3100 data 11967
    regex_detector_test.go:84: Expected label ZipCode, got  ([]), file ZipCode.csv:3101 data 11968
    regex_detector_test.go:84: Expected label ZipCode, got  ([]), file ZipCode.csv:3102 data 11970
    regex_detector_test.go:84: Expected label ZipCode, got  ([]), file ZipCode.csv:3103 data 11971
    regex_detector_test.go:84: Expected label ZipCode, got  ([]), file ZipCode.csv:3104 data 11972
    regex_detector_test.go:84: Expected label ZipCode, got  ([]), file ZipCode.csv:3105 data 11973
    regex_detector_test.go:84: Expected label ZipCode, got  ([]), file ZipCode.csv:3106 data 11975
    regex_detector_test.go:84: Expected label ZipCode, got  ([]), file ZipCode.csv:3107 data 11976
    regex_detector_test.go:84: Expected label ZipCode, got  ([]), file ZipCode.csv:3108 data 11977
    regex_detector_test.go:84: Expected label ZipCode, got  ([]), file ZipCode.csv:3109 data 11978
    regex_detector_test.go:84: Expected label ZipCode, got  ([]), file ZipCode.csv:3110 data 11980
    regex_detector_test.go:84: Expected label ZipCode, got  ([]), file ZipCode.csv:3111 data 12007
    regex_detector_test.go:84: Expected label ZipCode, got  ([]), file ZipCode.csv:3112 data 12008
    regex_detector_test.go:84: Expected label ZipCode, got  ([]), file ZipCode.csv:3113 data 12009
    regex_detector_test.go:84: Expected label ZipCode, got  ([]), file ZipCode.csv:3114 data 12010
    regex_detector_test.go:84: Expected label ZipCode, got  ([]), file ZipCode.csv:3115 data 12015
    regex_detector_test.go:84: Expected label ZipCode, got  ([]), file ZipCode.csv:3116 data 12017
    regex_detector_test.go:84: Expected label ZipCode, got  ([]), file ZipCode.csv:3117 data 12018
    regex_detector_test.go:84: Expected label ZipCode, got  ([]), file ZipCode.csv:3118 data 12019
    regex_detector_test.go:84: Expected label ZipCode, got  ([]), file ZipCode.csv:3119 data 12020
    regex_detector_test.go:84: Expected label ZipCode, got  ([]), file ZipCode.csv:3120 data 12022
    regex_detector_test.go:84: Expected label ZipCode, got  ([]), file ZipCode.csv:3121 data 12023
    regex_detector_test.go:84: Expected label ZipCode, got  ([]), file ZipCode.csv:3122 data 12024
    regex_detector_test.go:84: Expected label ZipCode, got  ([]), file ZipCode.csv:3123 data 12025
    regex_detector_test.go:84: Expected label ZipCode, got  ([]), file ZipCode.csv:3124 data 12027
    regex_detector_test.go:84: Expected label ZipCode, got  ([]), file ZipCode.csv:3125 data 12028
    regex_detector_test.go:84: Expected label ZipCode, got  ([]), file ZipCode.csv:3126 data 12029
    regex_detector_test.go:84: Expected label ZipCode, got  ([]), file ZipCode.csv:3127 data 12031
    regex_detector_test.go:84: Expected label ZipCode, got  ([]), file ZipCode.csv:3128 data 12032
    regex_detector_test.go:84: Expected label ZipCode, got  ([]), file ZipCode.csv:3129 data 12033
    regex_detector_test.go:84: Expected label ZipCode, got  ([]), file ZipCode.csv:3130 data 12035
    regex_detector_test.go:84: Expected label ZipCode, got  ([]), file ZipCode.csv:3131 data 12036
    regex_detector_test.go:84: Expected label ZipCode, got  ([]), file ZipCode.csv:3132 data 12037
    regex_detector_test.go:84: Expected label ZipCode, got  ([]), file ZipCode.csv:3133 data 12040
    regex_detector_test.go:84: Expected label ZipCode, got  ([]), file ZipCode.csv:3134 data 12041
    regex_detector_test.go:84: Expected label ZipCode, got  ([]), file ZipCode.csv:3135 data 12042
    regex_detector_test.go:84: Expected label ZipCode, got  ([]), file ZipCode.csv:3136 data 12043
    regex_detector_test.go:84: Expected label ZipCode, got  ([]), file ZipCode.csv:3137 data 12045
    regex_detector_test.go:84: Expected label ZipCode, got  ([]), file ZipCode.csv:3138 data 12046
    regex_detector_test.go:84: Expected label ZipCode, got  ([]), file ZipCode.csv:3139 data 12047
    regex_detector_test.go:84: Expected label ZipCode, got  ([]), file ZipCode.csv:3140 data 12051
    regex_detector_test.go:84: Expected label ZipCode, got  ([]), file ZipCode.csv:3141 data 12052
    regex_detector_test.go:84: Expected label ZipCode, got  ([]), file ZipCode.csv:3142 data 12053
    regex_detector_test.go:84: Expected label ZipCode, got  ([]), file ZipCode.csv:3143 data 12054
    regex_detector_test.go:84: Expected label ZipCode, got  ([]), file ZipCode.csv:3144 data 12056
    regex_detector_test.go:84: Expected label ZipCode, got  ([]), file ZipCode.csv:3145 data 12057
    regex_detector_test.go:84: Expected label ZipCode, got  ([]), file ZipCode.csv:3146 data 12058
    regex_detector_test.go:84: Expected label ZipCode, got  ([]), file ZipCode.csv:3147 data 12059
    regex_detector_test.go:84: Expected label ZipCode, got  ([]), file ZipCode.csv:3148 data 12060
    regex_detector_test.go:84: Expected label ZipCode, got  ([]), file ZipCode.csv:3149 data 12061
    regex_detector_test.go:84: Expected label ZipCode, got  ([]), file ZipCode.csv:3150 data 12062
    regex_detector_test.go:84: Expected label ZipCode, got  ([]), file ZipCode.csv:3151 data 12063
    regex_detector_test.go:84: Expected label ZipCode, got  ([]), file ZipCode.csv:3152 data 12064
    regex_detector_test.go:84: Expected label ZipCode, got  ([]), file ZipCode.csv:3153 data 12065
    regex_detector_test.go:84: Expected label ZipCode, got  ([]), file ZipCode.csv:3154 data 12066
    regex_detector_test.go:84: Expected label ZipCode, got  ([]), file ZipCode.csv:3155 data 12067
    regex_detector_test.go:84: Expected label ZipCode, got  ([]), file ZipCode.csv:3156 data 12068
    regex_detector_test.go:84: Expected label ZipCode, got  ([]), file ZipCode.csv:3157 data 12069
    regex_detector_test.go:84: Expected label ZipCode, got  ([]), file ZipCode.csv:3158 data 12070
    regex_detector_test.go:84: Expected label ZipCode, got  ([]), file ZipCode.csv:3159 data 12071
    regex_detector_test.go:84: Expected label ZipCode, got  ([]), file ZipCode.csv:3160 data 12072
    regex_detector_test.go:84: Expected label ZipCode, got  ([]), file ZipCode.csv:3161 data 12074
    regex_detector_test.go:84: Expected label ZipCode, got  ([]), file ZipCode.csv:3162 data 12075
    regex_detector_test.go:84: Expected label ZipCode, got  ([]), file ZipCode.csv:3163 data 12076
    regex_detector_test.go:84: Expected label ZipCode, got  ([]), file ZipCode.csv:3164 data 12077
    regex_detector_test.go:84: Expected label ZipCode, got  ([]), file ZipCode.csv:3165 data 12078
    regex_detector_test.go:84: Expected label ZipCode, got  ([]), file ZipCode.csv:3166 data 12082
    regex_detector_test.go:84: Expected label ZipCode, got  ([]), file ZipCode.csv:3167 data 12083
    regex_detector_test.go:84: Expected label ZipCode, got  ([]), file ZipCode.csv:3168 data 12084
    regex_detector_test.go:84: Expected label ZipCode, got  ([]), file ZipCode.csv:3169 data 12085
    regex_detector_test.go:84: Expected label ZipCode, got  ([]), file ZipCode.csv:3170 data 12086
    regex_detector_test.go:84: Expected label ZipCode, got  ([]), file ZipCode.csv:3171 data 12087
    regex_detector_test.go:84: Expected label ZipCode, got  ([]), file ZipCode.csv:3172 data 12090
    regex_detector_test.go:84: Expected label ZipCode, got  ([]), file ZipCode.csv:3173 data 12092
    regex_detector_test.go:84: Expected label ZipCode, got  ([]), file ZipCode.csv:3174 data 12093
    regex_detector_test.go:84: Expected label ZipCode, got  ([]), file ZipCode.csv:3175 data 12094
    regex_detector_test.go:84: Expected label ZipCode, got  ([]), file ZipCode.csv:3176 data 12095
    regex_detector_test.go:84: Expected label ZipCode, got  ([]), file ZipCode.csv:3177 data 12106
    regex_detector_test.go:84: Expected label ZipCode, got  ([]), file ZipCode.csv:3178 data 12108
    regex_detector_test.go:84: Expected label ZipCode, got  ([]), file ZipCode.csv:3179 data 12110
    regex_detector_test.go:84: Expected label ZipCode, got  ([]), file ZipCode.csv:3180 data 12115
    regex_detector_test.go:84: Expected label ZipCode, got  ([]), file ZipCode.csv:3181 data 12116
    regex_detector_test.go:84: Expected label ZipCode, got  ([]), file ZipCode.csv:3182 data 12117
    regex_detector_test.go:84: Expected label ZipCode, got  ([]), file ZipCode.csv:3183 data 12118
    regex_detector_test.go:84: Expected label ZipCode, got  ([]), file ZipCode.csv:3184 data 12120
    regex_detector_test.go:84: Expected label ZipCode, got  ([]), file ZipCode.csv:3185 data 12121
    regex_detector_test.go:84: Expected label ZipCode, got  ([]), file ZipCode.csv:3186 data 12122
    regex_detector_test.go:84: Expected label ZipCode, got  ([]), file ZipCode.csv:3187 data 12123
    regex_detector_test.go:84: Expected label ZipCode, got  ([]), file ZipCode.csv:3188 data 12124
    regex_detector_test.go:84: Expected label ZipCode, got  ([]), file ZipCode.csv:3189 data 12125
    regex_detector_test.go:84: Expected label ZipCode, got  ([]), file ZipCode.csv:3190 data 12130
    regex_detector_test.go:84: Expected label ZipCode, got  ([]), file ZipCode.csv:3191 data 12131
    regex_detector_test.go:84: Expected label ZipCode, got  ([]), file ZipCode.csv:3192 data 12132
    regex_detector_test.go:84: Expected label ZipCode, got  ([]), file ZipCode.csv:3193 data 12134
    regex_detector_test.go:84: Expected label ZipCode, got  ([]), file ZipCode.csv:3194 data 12136
    regex_detector_test.go:84: Expected label ZipCode, got  ([]), file ZipCode.csv:3195 data 12137
    regex_detector_test.go:84: Expected label ZipCode, got  ([]), file ZipCode.csv:3196 data 12138
    regex_detector_test.go:84: Expected label ZipCode, got  ([]), file ZipCode.csv:3197 data 12139
    regex_detector_test.go:84: Expected label ZipCode, got  ([]), file ZipCode.csv:3198 data 12140
    regex_detector_test.go:84: Expected label ZipCode, got  ([]), file ZipCode.csv:3199 data 12143
    regex_detector_test.go:84: Expected label ZipCode, got  ([]), file ZipCode.csv:3200 data 12144
    regex_detector_test.go:84: Expected label ZipCode, got  ([]), file ZipCode.csv:3201 data 12147
    regex_detector_test.go:84: Expected label ZipCode, got  ([]), file ZipCode.csv:3202 data 12148
    regex_detector_test.go:84: Expected label ZipCode, got  ([]), file ZipCode.csv:3203 data 12149
    regex_detector_test.go:84: Expected label ZipCode, got  ([]), file ZipCode.csv:3204 data 12150
    regex_detector_test.go:84: Expected label ZipCode, got  ([]), file ZipCode.csv:3205 data 12151
    regex_detector_test.go:84: Expected label ZipCode, got  ([]), file ZipCode.csv:3206 data 12153
    regex_detector_test.go:84: Expected label ZipCode, got  ([]), file ZipCode.csv:3207 data 12154
    regex_detector_test.go:84: Expected label ZipCode, got  ([]), file ZipCode.csv:3208 data 12155
    regex_detector_test.go:84: Expected label ZipCode, got  ([]), file ZipCode.csv:3209 data 12156
    regex_detector_test.go:84: Expected label ZipCode, got  ([]), file ZipCode.csv:3210 data 12157
    regex_detector_test.go:84: Expected label ZipCode, got  ([]), file ZipCode.csv:3211 data 12158
    regex_detector_test.go:84: Expected label ZipCode, got  ([]), file ZipCode.csv:3212 data 12159
    regex_detector_test.go:84: Expected label ZipCode, got  ([]), file ZipCode.csv:3213 data 12160
    regex_detector_test.go:84: Expected label ZipCode, got  ([]), file ZipCode.csv:3214 data 12161
    regex_detector_test.go:84: Expected label ZipCode, got  ([]), file ZipCode.csv:3215 data 12164
    regex_detector_test.go:84: Expected label ZipCode, got  ([]), file ZipCode.csv:3216 data 12165
    regex_detector_test.go:84: Expected label ZipCode, got  ([]), file ZipCode.csv:3217 data 12166
    regex_detector_test.go:84: Expected label ZipCode, got  ([]), file ZipCode.csv:3218 data 12167
    regex_detector_test.go:84: Expected label ZipCode, got  ([]), file ZipCode.csv:3219 data 12168
    regex_detector_test.go:84: Expected label ZipCode, got  ([]), file ZipCode.csv:3220 data 12169
    regex_detector_test.go:84: Expected label ZipCode, got  ([]), file ZipCode.csv:3221 data 12170
    regex_detector_test.go:84: Expected label ZipCode, got  ([]), file ZipCode.csv:3222 data 12172
    regex_detector_test.go:84: Expected label ZipCode, got  ([]), file ZipCode.csv:3223 data 12173
    regex_detector_test.go:84: Expected label ZipCode, got  ([]), file ZipCode.csv:3224 data 12174
    regex_detector_test.go:84: Expected label ZipCode, got  ([]), file ZipCode.csv:3225 data 12175
    regex_detector_test.go:84: Expected label ZipCode, got  ([]), file ZipCode.csv:3226 data 12176
    regex_detector_test.go:84: Expected label ZipCode, got  ([]), file ZipCode.csv:3227 data 12177
    regex_detector_test.go:84: Expected label ZipCode, got  ([]), file ZipCode.csv:3228 data 12180
    regex_detector_test.go:84: Expected label ZipCode, got  ([]), file ZipCode.csv:3229 data 12182
    regex_detector_test.go:84: Expected label ZipCode, got  ([]), file ZipCode.csv:3230 data 12183
    regex_detector_test.go:84: Expected label ZipCode, got  ([]), file ZipCode.csv:3231 data 12184
    regex_detector_test.go:84: Expected label ZipCode, got  ([]), file ZipCode.csv:3232 data 12185
    regex_detector_test.go:84: Expected label ZipCode, got  ([]), file ZipCode.csv:3233 data 12186
    regex_detector_test.go:84: Expected label ZipCode, got  ([]), file ZipCode.csv:3234 data 12187
    regex_detector_test.go:84: Expected label ZipCode, got  ([]), file ZipCode.csv:3235 data 12188
    regex_detector_test.go:84: Expected label ZipCode, got  ([]), file ZipCode.csv:3236 data 12189
    regex_detector_test.go:84: Expected label ZipCode, got  ([]), file ZipCode.csv:3237 data 12190
    regex_detector_test.go:84: Expected label ZipCode, got  ([]), file ZipCode.csv:3238 data 12192
    regex_detector_test.go:84: Expected label ZipCode, got  ([]), file ZipCode.csv:3239 data 12193
    regex_detector_test.go:84: Expected label ZipCode, got  ([]), file ZipCode.csv:3240 data 12194
    regex_detector_test.go:84: Expected label ZipCode, got  ([]), file ZipCode.csv:3241 data 12195
    regex_detector_test.go:84: Expected label ZipCode, got  ([]), file ZipCode.csv:3242 data 12196
    regex_detector_test.go:84: Expected label ZipCode, got  ([]), file ZipCode.csv:3243 data 12197
    regex_detector_test.go:84: Expected label ZipCode, got  ([]), file ZipCode.csv:3244 data 12198
    regex_detector_test.go:84: Expected label ZipCode, got  ([]), file ZipCode.csv:3245 data 12202
    regex_detector_test.go:84: Expected label ZipCode, got  ([]), file ZipCode.csv:3246 data 12203
    regex_detector_test.go:84: Expected label ZipCode, got  ([]), file ZipCode.csv:3247 data 12204
    regex_detector_test.go:84: Expected label ZipCode, got  ([]), file ZipCode.csv:3248 data 12205
    regex_detector_test.go:84: Expected label ZipCode, got  ([]), file ZipCode.csv:3249 data 12206
    regex_detector_test.go:84: Expected label ZipCode, got  ([]), file ZipCode.csv:3250 data 12207
    regex_detector_test.go:84: Expected label ZipCode, got  ([]), file ZipCode.csv:3251 data 12208
    regex_detector_test.go:84: Expected label ZipCode, got  ([]), file ZipCode.csv:3252 data 12209
    regex_detector_test.go:84: Expected label ZipCode, got  ([]), file ZipCode.csv:3253 data 12210
    regex_detector_test.go:84: Expected label ZipCode, got  ([]), file ZipCode.csv:3254 data 12211
    regex_detector_test.go:84: Expected label ZipCode, got  ([]), file ZipCode.csv:3255 data 12222
    regex_detector_test.go:84: Expected label ZipCode, got  ([]), file ZipCode.csv:3256 data 12226
    regex_detector_test.go:84: Expected label ZipCode, got  ([]), file ZipCode.csv:3257 data 12302
    regex_detector_test.go:84: Expected label ZipCode, got  ([]), file ZipCode.csv:3258 data 12303
    regex_detector_test.go:84: Expected label ZipCode, got  ([]), file ZipCode.csv:3259 data 12304
    regex_detector_test.go:84: Expected label ZipCode, got  ([]), file ZipCode.csv:3260 data 12305
    regex_detector_test.go:84: Expected label ZipCode, got  ([]), file ZipCode.csv:3261 data 12306
    regex_detector_test.go:84: Expected label ZipCode, got  ([]), file ZipCode.csv:3262 data 12307
    regex_detector_test.go:84: Expected label ZipCode, got  ([]), file ZipCode.csv:3263 data 12308
    regex_detector_test.go:84: Expected label ZipCode, got  ([]), file ZipCode.csv:3264 data 12309
    regex_detector_test.go:84: Expected label ZipCode, got  ([]), file ZipCode.csv:3265 data 12401
    regex_detector_test.go:84: Expected label ZipCode, got  ([]), file ZipCode.csv:3266 data 12404
    regex_detector_test.go:84: Expected label ZipCode, got  ([]), file ZipCode.csv:3267 data 12405
    regex_detector_test.go:84: Expected label ZipCode, got  ([]), file ZipCode.csv:3268 data 12406
    regex_detector_test.go:84: Expected label ZipCode, got  ([]), file ZipCode.csv:3269 data 12407
    regex_detector_test.go:84: Expected label ZipCode, got  ([]), file ZipCode.csv:3270 data 12409
    regex_detector_test.go:84: Expected label ZipCode, got  ([]), file ZipCode.csv:3271 data 12410
    regex_detector_test.go:84: Expected label ZipCode, got  ([]), file ZipCode.csv:3272 data 12411
    regex_detector_test.go:84: Expected label ZipCode, got  ([]), file ZipCode.csv:3273 data 12412
    regex_detector_test.go:84: Expected label ZipCode, got  ([]), file ZipCode.csv:3274 data 12413
    regex_detector_test.go:84: Expected label ZipCode, got  ([]), file ZipCode.csv:3275 data 12414
    regex_detector_test.go:84: Expected label ZipCode, got  ([]), file ZipCode.csv:3276 data 12416
    regex_detector_test.go:84: Expected label ZipCode, got  ([]), file ZipCode.csv:3277 data 12417
    regex_detector_test.go:84: Expected label ZipCode, got  ([]), file ZipCode.csv:3278 data 12418
    regex_detector_test.go:84: Expected label ZipCode, got  ([]), file ZipCode.csv:3279 data 12419
    regex_detector_test.go:84: Expected label ZipCode, got  ([]), file ZipCode.csv:3280 data 12420
    regex_detector_test.go:84: Expected label ZipCode, got  ([]), file ZipCode.csv:3281 data 12421
    regex_detector_test.go:84: Expected label ZipCode, got  ([]), file ZipCode.csv:3282 data 12422
    regex_detector_test.go:84: Expected label ZipCode, got  ([]), file ZipCode.csv:3283 data 12423
    regex_detector_test.go:84: Expected label ZipCode, got  ([]), file ZipCode.csv:3284 data 12424
    regex_detector_test.go:84: Expected label ZipCode, got  ([]), file ZipCode.csv:3285 data 12427
    regex_detector_test.go:84: Expected label ZipCode, got  ([]), file ZipCode.csv:3286 data 12428
    regex_detector_test.go:84: Expected label ZipCode, got  ([]), file ZipCode.csv:3287 data 12429
    regex_detector_test.go:84: Expected label ZipCode, got  ([]), file ZipCode.csv:3288 data 12430
    regex_detector_test.go:84: Expected label ZipCode, got  ([]), file ZipCode.csv:3289 data 12431
    regex_detector_test.go:84: Expected label ZipCode, got  ([]), file ZipCode.csv:3290 data 12432
    regex_detector_test.go:84: Expected label ZipCode, got  ([]), file ZipCode.csv:3291 data 12433
    regex_detector_test.go:84: Expected label ZipCode, got  ([]), file ZipCode.csv:3292 data 12434
    regex_detector_test.go:84: Expected label ZipCode, got  ([]), file ZipCode.csv:3293 data 12435
    regex_detector_test.go:84: Expected label ZipCode, got  ([]), file ZipCode.csv:3294 data 12436
    regex_detector_test.go:84: Expected label ZipCode, got  ([]), file ZipCode.csv:3295 data 12438
    regex_detector_test.go:84: Expected label ZipCode, got  ([]), file ZipCode.csv:3296 data 12439
    regex_detector_test.go:84: Expected label ZipCode, got  ([]), file ZipCode.csv:3297 data 12440
    regex_detector_test.go:84: Expected label ZipCode, got  ([]), file ZipCode.csv:3298 data 12441
    regex_detector_test.go:84: Expected label ZipCode, got  ([]), file ZipCode.csv:3299 data 12442
    regex_detector_test.go:84: Expected label ZipCode, got  ([]), file ZipCode.csv:3300 data 12443
    regex_detector_test.go:84: Expected label ZipCode, got  ([]), file ZipCode.csv:3301 data 12444
    regex_detector_test.go:84: Expected label ZipCode, got  ([]), file ZipCode.csv:3302 data 12446
    regex_detector_test.go:84: Expected label ZipCode, got  ([]), file ZipCode.csv:3303 data 12448
    regex_detector_test.go:84: Expected label ZipCode, got  ([]), file ZipCode.csv:3304 data 12449
    regex_detector_test.go:84: Expected label ZipCode, got  ([]), file ZipCode.csv:3305 data 12450
    regex_detector_test.go:84: Expected label ZipCode, got  ([]), file ZipCode.csv:3306 data 12451
    regex_detector_test.go:84: Expected label ZipCode, got  ([]), file ZipCode.csv:3307 data 12452
    regex_detector_test.go:84: Expected label ZipCode, got  ([]), file ZipCode.csv:3308 data 12453
    regex_detector_test.go:84: Expected label ZipCode, got  ([]), file ZipCode.csv:3309 data 12454
    regex_detector_test.go:84: Expected label ZipCode, got  ([]), file ZipCode.csv:3310 data 12455
    regex_detector_test.go:84: Expected label ZipCode, got  ([]), file ZipCode.csv:3311 data 12456
    regex_detector_test.go:84: Expected label ZipCode, got  ([]), file ZipCode.csv:3312 data 12457
    regex_detector_test.go:84: Expected label ZipCode, got  ([]), file ZipCode.csv:3313 data 12458
    regex_detector_test.go:84: Expected label ZipCode, got  ([]), file ZipCode.csv:3314 data 12459
    regex_detector_test.go:84: Expected label ZipCode, got  ([]), file ZipCode.csv:3315 data 12460
    regex_detector_test.go:84: Expected label ZipCode, got  ([]), file ZipCode.csv:3316 data 12461
    regex_detector_test.go:84: Expected label ZipCode, got  ([]), file ZipCode.csv:3317 data 12463
    regex_detector_test.go:84: Expected label ZipCode, got  ([]), file ZipCode.csv:3318 data 12464
    regex_detector_test.go:84: Expected label ZipCode, got  ([]), file ZipCode.csv:3319 data 12465
    regex_detector_test.go:84: Expected label ZipCode, got  ([]), file ZipCode.csv:3320 data 12466
    regex_detector_test.go:84: Expected label ZipCode, got  ([]), file ZipCode.csv:3321 data 12468
    regex_detector_test.go:84: Expected label ZipCode, got  ([]), file ZipCode.csv:3322 data 12469
    regex_detector_test.go:84: Expected label ZipCode, got  ([]), file ZipCode.csv:3323 data 12470
    regex_detector_test.go:84: Expected label ZipCode, got  ([]), file ZipCode.csv:3324 data 12471
    regex_detector_test.go:84: Expected label ZipCode, got  ([]), file ZipCode.csv:3325 data 12472
    regex_detector_test.go:84: Expected label ZipCode, got  ([]), file ZipCode.csv:3326 data 12473
    regex_detector_test.go:84: Expected label ZipCode, got  ([]), file ZipCode.csv:3327 data 12474
    regex_detector_test.go:84: Expected label ZipCode, got  ([]), file ZipCode.csv:3328 data 12475
    regex_detector_test.go:84: Expected label ZipCode, got  ([]), file ZipCode.csv:3329 data 12477
    regex_detector_test.go:84: Expected label ZipCode, got  ([]), file ZipCode.csv:3330 data 12480
    regex_detector_test.go:84: Expected label ZipCode, got  ([]), file ZipCode.csv:3331 data 12481
    regex_detector_test.go:84: Expected label ZipCode, got  ([]), file ZipCode.csv:3332 data 12482
    regex_detector_test.go:84: Expected label ZipCode, got  ([]), file ZipCode.csv:3333 data 12483
    regex_detector_test.go:84: Expected label ZipCode, got  ([]), file ZipCode.csv:3334 data 12484
    regex_detector_test.go:84: Expected label ZipCode, got  ([]), file ZipCode.csv:3335 data 12485
    regex_detector_test.go:84: Expected label ZipCode, got  ([]), file ZipCode.csv:3336 data 12486
    regex_detector_test.go:84: Expected label ZipCode, got  ([]), file ZipCode.csv:3337 data 12487
    regex_detector_test.go:84: Expected label ZipCode, got  ([]), file ZipCode.csv:3338 data 12489
    regex_detector_test.go:84: Expected label ZipCode, got  ([]), file ZipCode.csv:3339 data 12490
    regex_detector_test.go:84: Expected label ZipCode, got  ([]), file ZipCode.csv:3340 data 12491
    regex_detector_test.go:84: Expected label ZipCode, got  ([]), file ZipCode.csv:3341 data 12492
    regex_detector_test.go:84: Expected label ZipCode, got  ([]), file ZipCode.csv:3342 data 12493
    regex_detector_test.go:84: Expected label ZipCode, got  ([]), file ZipCode.csv:3343 data 12494
    regex_detector_test.go:84: Expected label ZipCode, got  ([]), file ZipCode.csv:3344 data 12495
    regex_detector_test.go:84: Expected label ZipCode, got  ([]), file ZipCode.csv:3345 data 12496
    regex_detector_test.go:84: Expected label ZipCode, got  ([]), file ZipCode.csv:3346 data 12498
    regex_detector_test.go:84: Expected label ZipCode, got  ([]), file ZipCode.csv:3347 data 12501
    regex_detector_test.go:84: Expected label ZipCode, got  ([]), file ZipCode.csv:3348 data 12502
    regex_detector_test.go:84: Expected label ZipCode, got  ([]), file ZipCode.csv:3349 data 12503
    regex_detector_test.go:84: Expected label ZipCode, got  ([]), file ZipCode.csv:3350 data 12504
    regex_detector_test.go:84: Expected label ZipCode, got  ([]), file ZipCode.csv:3351 data 12507
    regex_detector_test.go:84: Expected label ZipCode, got  ([]), file ZipCode.csv:3352 data 12508
    regex_detector_test.go:84: Expected label ZipCode, got  ([]), file ZipCode.csv:3353 data 12512
    regex_detector_test.go:84: Expected label ZipCode, got  ([]), file ZipCode.csv:3354 data 12513
    regex_detector_test.go:84: Expected label ZipCode, got  ([]), file ZipCode.csv:3355 data 12514
    regex_detector_test.go:84: Expected label ZipCode, got  ([]), file ZipCode.csv:3356 data 12515
    regex_detector_test.go:84: Expected label ZipCode, got  ([]), file ZipCode.csv:3357 data 12516
    regex_detector_test.go:84: Expected label ZipCode, got  ([]), file ZipCode.csv:3358 data 12517
    regex_detector_test.go:84: Expected label ZipCode, got  ([]), file ZipCode.csv:3359 data 12518
    regex_detector_test.go:84: Expected label ZipCode, got  ([]), file ZipCode.csv:3360 data 12520
    regex_detector_test.go:84: Expected label ZipCode, got  ([]), file ZipCode.csv:3361 data 12521
    regex_detector_test.go:84: Expected label ZipCode, got  ([]), file ZipCode.csv:3362 data 12522
    regex_detector_test.go:84: Expected label ZipCode, got  ([]), file ZipCode.csv:3363 data 12523
    regex_detector_test.go:84: Expected label ZipCode, got  ([]), file ZipCode.csv:3364 data 12524
    regex_detector_test.go:84: Expected label ZipCode, got  ([]), file ZipCode.csv:3365 data 12525
    regex_detector_test.go:84: Expected label ZipCode, got  ([]), file ZipCode.csv:3366 data 12526
    regex_detector_test.go:84: Expected label ZipCode, got  ([]), file ZipCode.csv:3367 data 12527
    regex_detector_test.go:84: Expected label ZipCode, got  ([]), file ZipCode.csv:3368 data 12528
    regex_detector_test.go:84: Expected label ZipCode, got  ([]), file ZipCode.csv:3369 data 12529
    regex_detector_test.go:84: Expected label ZipCode, got  ([]), file ZipCode.csv:3370 data 12530
    regex_detector_test.go:84: Expected label ZipCode, got  ([]), file ZipCode.csv:3371 data 12531
    regex_detector_test.go:84: Expected label ZipCode, got  ([]), file ZipCode.csv:3372 data 12533
    regex_detector_test.go:84: Expected label ZipCode, got  ([]), file ZipCode.csv:3373 data 12534
    regex_detector_test.go:84: Expected label ZipCode, got  ([]), file ZipCode.csv:3374 data 12538
    regex_detector_test.go:84: Expected label ZipCode, got  ([]), file ZipCode.csv:3375 data 12540
    regex_detector_test.go:84: Expected label ZipCode, got  ([]), file ZipCode.csv:3376 data 12542
    regex_detector_test.go:84: Expected label ZipCode, got  ([]), file ZipCode.csv:3377 data 12543
    regex_detector_test.go:84: Expected label ZipCode, got  ([]), file ZipCode.csv:3378 data 12544
    regex_detector_test.go:84: Expected label ZipCode, got  ([]), file ZipCode.csv:3379 data 12545
    regex_detector_test.go:84: Expected label ZipCode, got  ([]), file ZipCode.csv:3380 data 12546
    regex_detector_test.go:84: Expected label ZipCode, got  ([]), file ZipCode.csv:3381 data 12547
    regex_detector_test.go:84: Expected label ZipCode, got  ([]), file ZipCode.csv:3382 data 12548
    regex_detector_test.go:84: Expected label ZipCode, got  ([]), file ZipCode.csv:3383 data 12549
    regex_detector_test.go:84: Expected label ZipCode, got  ([]), file ZipCode.csv:3384 data 12550
    regex_detector_test.go:84: Expected label ZipCode, got  ([]), file ZipCode.csv:3385 data 12553
    regex_detector_test.go:84: Expected label ZipCode, got  ([]), file ZipCode.csv:3386 data 12561
    regex_detector_test.go:84: Expected label ZipCode, got  ([]), file ZipCode.csv:3387 data 12563
    regex_detector_test.go:84: Expected label ZipCode, got  ([]), file ZipCode.csv:3388 data 12564
    regex_detector_test.go:84: Expected label ZipCode, got  ([]), file ZipCode.csv:3389 data 12565
    regex_detector_test.go:84: Expected label ZipCode, got  ([]), file ZipCode.csv:3390 data 12566
    regex_detector_test.go:84: Expected label ZipCode, got  ([]), file ZipCode.csv:3391 data 12567
    regex_detector_test.go:84: Expected label ZipCode, got  ([]), file ZipCode.csv:3392 data 12569
    regex_detector_test.go:84: Expected label ZipCode, got  ([]), file ZipCode.csv:3393 data 12570
    regex_detector_test.go:84: Expected label ZipCode, got  ([]), file ZipCode.csv:3394 data 12571
    regex_detector_test.go:84: Expected label ZipCode, got  ([]), file ZipCode.csv:3395 data 12572
    regex_detector_test.go:84: Expected label ZipCode, got  ([]), file ZipCode.csv:3396 data 12574
    regex_detector_test.go:84: Expected label ZipCode, got  ([]), file ZipCode.csv:3397 data 12575
    regex_detector_test.go:84: Expected label ZipCode, got  ([]), file ZipCode.csv:3398 data 12577
    regex_detector_test.go:84: Expected label ZipCode, got  ([]), file ZipCode.csv:3399 data 12578
    regex_detector_test.go:84: Expected label ZipCode, got  ([]), file ZipCode.csv:3400 data 12580
    regex_detector_test.go:84: Expected label ZipCode, got  ([]), file ZipCode.csv:3401 data 12581
    regex_detector_test.go:84: Expected label ZipCode, got  ([]), file ZipCode.csv:3402 data 12582
    regex_detector_test.go:84: Expected label ZipCode, got  ([]), file ZipCode.csv:3403 data 12583
    regex_detector_test.go:84: Expected label ZipCode, got  ([]), file ZipCode.csv:3404 data 12585
    regex_detector_test.go:84: Expected label ZipCode, got  ([]), file ZipCode.csv:3405 data 12586
    regex_detector_test.go:84: Expected label ZipCode, got  ([]), file ZipCode.csv:3406 data 12589
    regex_detector_test.go:84: Expected label ZipCode, got  ([]), file ZipCode.csv:3407 data 12590
    regex_detector_test.go:84: Expected label ZipCode, got  ([]), file ZipCode.csv:3408 data 12592
    regex_detector_test.go:84: Expected label ZipCode, got  ([]), file ZipCode.csv:3409 data 12594
    regex_detector_test.go:84: Expected label ZipCode, got  ([]), file ZipCode.csv:3410 data 12601
    regex_detector_test.go:84: Expected label ZipCode, got  ([]), file ZipCode.csv:3411 data 12603
    regex_detector_test.go:84: Expected label ZipCode, got  ([]), file ZipCode.csv:3412 data 12604
    regex_detector_test.go:84: Expected label ZipCode, got  ([]), file ZipCode.csv:3413 data 12701
    regex_detector_test.go:84: Expected label ZipCode, got  ([]), file ZipCode.csv:3414 data 12719
    regex_detector_test.go:84: Expected label ZipCode, got  ([]), file ZipCode.csv:3415 data 12720
    regex_detector_test.go:84: Expected label ZipCode, got  ([]), file ZipCode.csv:3416 data 12721
    regex_detector_test.go:84: Expected label ZipCode, got  ([]), file ZipCode.csv:3417 data 12722
    regex_detector_test.go:84: Expected label ZipCode, got  ([]), file ZipCode.csv:3418 data 12723
    regex_detector_test.go:84: Expected label ZipCode, got  ([]), file ZipCode.csv:3419 data 12724
    regex_detector_test.go:84: Expected label ZipCode, got  ([]), file ZipCode.csv:3420 data 12725
    regex_detector_test.go:84: Expected label ZipCode, got  ([]), file ZipCode.csv:3421 data 12726
    regex_detector_test.go:84: Expected label ZipCode, got  ([]), file ZipCode.csv:3422 data 12729
    regex_detector_test.go:84: Expected label ZipCode, got  ([]), file ZipCode.csv:3423 data 12732
    regex_detector_test.go:84: Expected label ZipCode, got  ([]), file ZipCode.csv:3424 data 12733
    regex_detector_test.go:84: Expected label ZipCode, got  ([]), file ZipCode.csv:3425 data 12734
    regex_detector_test.go:84: Expected label ZipCode, got  ([]), file ZipCode.csv:3426 data 12736
    regex_detector_test.go:84: Expected label ZipCode, got  ([]), file ZipCode.csv:3427 data 12737
    regex_detector_test.go:84: Expected label ZipCode, got  ([]), file ZipCode.csv:3428 data 12738
    regex_detector_test.go:84: Expected label ZipCode, got  ([]), file ZipCode.csv:3429 data 12740
    regex_detector_test.go:84: Expected label ZipCode, got  ([]), file ZipCode.csv:3430 data 12741
    regex_detector_test.go:84: Expected label ZipCode, got  ([]), file ZipCode.csv:3431 data 12742
    regex_detector_test.go:84: Expected label ZipCode, got  ([]), file ZipCode.csv:3432 data 12743
    regex_detector_test.go:84: Expected label ZipCode, got  ([]), file ZipCode.csv:3433 data 12745
    regex_detector_test.go:84: Expected label ZipCode, got  ([]), file ZipCode.csv:3434 data 12746
    regex_detector_test.go:84: Expected label ZipCode, got  ([]), file ZipCode.csv:3435 data 12747
    regex_detector_test.go:84: Expected label ZipCode, got  ([]), file ZipCode.csv:3436 data 12748
    regex_detector_test.go:84: Expected label ZipCode, got  ([]), file ZipCode.csv:3437 data 12749
    regex_detector_test.go:84: Expected label ZipCode, got  ([]), file ZipCode.csv:3438 data 12750
    regex_detector_test.go:84: Expected label ZipCode, got  ([]), file ZipCode.csv:3439 data 12751
    regex_detector_test.go:84: Expected label ZipCode, got  ([]), file ZipCode.csv:3440 data 12752
    regex_detector_test.go:84: Expected label ZipCode, got  ([]), file ZipCode.csv:3441 data 12754
    regex_detector_test.go:84: Expected label ZipCode, got  ([]), file ZipCode.csv:3442 data 12758
    regex_detector_test.go:84: Expected label ZipCode, got  ([]), file ZipCode.csv:3443 data 12759
    regex_detector_test.go:84: Expected label ZipCode, got  ([]), file ZipCode.csv:3444 data 12760
    regex_detector_test.go:84: Expected label ZipCode, got  ([]), file ZipCode.csv:3445 data 12762
    regex_detector_test.go:84: Expected label ZipCode, got  ([]), file ZipCode.csv:3446 data 12763
    regex_detector_test.go:84: Expected label ZipCode, got  ([]), file ZipCode.csv:3447 data 12764
    regex_detector_test.go:84: Expected label ZipCode, got  ([]), file ZipCode.csv:3448 data 12765
    regex_detector_test.go:84: Expected label ZipCode, got  ([]), file ZipCode.csv:3449 data 12766
    regex_detector_test.go:84: Expected label ZipCode, got  ([]), file ZipCode.csv:3450 data 12767
    regex_detector_test.go:84: Expected label ZipCode, got  ([]), file ZipCode.csv:3451 data 12768
    regex_detector_test.go:84: Expected label ZipCode, got  ([]), file ZipCode.csv:3452 data 12769
    regex_detector_test.go:84: Expected label ZipCode, got  ([]), file ZipCode.csv:3453 data 12770
    regex_detector_test.go:84: Expected label ZipCode, got  ([]), file ZipCode.csv:3454 data 12771
    regex_detector_test.go:84: Expected label ZipCode, got  ([]), file ZipCode.csv:3455 data 12775
    regex_detector_test.go:84: Expected label ZipCode, got  ([]), file ZipCode.csv:3456 data 12776
    regex_detector_test.go:84: Expected label ZipCode, got  ([]), file ZipCode.csv:3457 data 12777
    regex_detector_test.go:84: Expected label ZipCode, got  ([]), file ZipCode.csv:3458 data 12778
    regex_detector_test.go:84: Expected label ZipCode, got  ([]), file ZipCode.csv:3459 data 12779
    regex_detector_test.go:84: Expected label ZipCode, got  ([]), file ZipCode.csv:3460 data 12780
    regex_detector_test.go:84: Expected label ZipCode, got  ([]), file ZipCode.csv:3461 data 12781
    regex_detector_test.go:84: Expected label ZipCode, got  ([]), file ZipCode.csv:3462 data 12783
    regex_detector_test.go:84: Expected label ZipCode, got  ([]), file ZipCode.csv:3463 data 12784
    regex_detector_test.go:84: Expected label ZipCode, got  ([]), file ZipCode.csv:3464 data 12785
    regex_detector_test.go:84: Expected label ZipCode, got  ([]), file ZipCode.csv:3465 data 12786
    regex_detector_test.go:84: Expected label ZipCode, got  ([]), file ZipCode.csv:3466 data 12787
    regex_detector_test.go:84: Expected label ZipCode, got  ([]), file ZipCode.csv:3467 data 12788
    regex_detector_test.go:84: Expected label ZipCode, got  ([]), file ZipCode.csv:3468 data 12789
    regex_detector_test.go:84: Expected label ZipCode, got  ([]), file ZipCode.csv:3469 data 12790
    regex_detector_test.go:84: Expected label ZipCode, got  ([]), file ZipCode.csv:3470 data 12791
    regex_detector_test.go:84: Expected label ZipCode, got  ([]), file ZipCode.csv:3471 data 12792
    regex_detector_test.go:84: Expected label ZipCode, got  ([]), file ZipCode.csv:3472 data 12801
    regex_detector_test.go:84: Expected label ZipCode, got  ([]), file ZipCode.csv:3473 data 12803
    regex_detector_test.go:84: Expected label ZipCode, got  ([]), file ZipCode.csv:3474 data 12804
    regex_detector_test.go:84: Expected label ZipCode, got  ([]), file ZipCode.csv:3475 data 12808
    regex_detector_test.go:84: Expected label ZipCode, got  ([]), file ZipCode.csv:3476 data 12809
    regex_detector_test.go:84: Expected label ZipCode, got  ([]), file ZipCode.csv:3477 data 12810
    regex_detector_test.go:84: Expected label ZipCode, got  ([]), file ZipCode.csv:3478 data 12811
    regex_detector_test.go:84: Expected label ZipCode, got  ([]), file ZipCode.csv:3479 data 12812
    regex_detector_test.go:84: Expected label ZipCode, got  ([]), file ZipCode.csv:3480 data 12814
    regex_detector_test.go:84: Expected label ZipCode, got  ([]), file ZipCode.csv:3481 data 12815
    regex_detector_test.go:84: Expected label ZipCode, got  ([]), file ZipCode.csv:3482 data 12816
    regex_detector_test.go:84: Expected label ZipCode, got  ([]), file ZipCode.csv:3483 data 12817
    regex_detector_test.go:84: Expected label ZipCode, got  ([]), file ZipCode.csv:3484 data 12819
    regex_detector_test.go:84: Expected label ZipCode, got  ([]), file ZipCode.csv:3485 data 12820
    regex_detector_test.go:84: Expected label ZipCode, got  ([]), file ZipCode.csv:3486 data 12821
    regex_detector_test.go:84: Expected label ZipCode, got  ([]), file ZipCode.csv:3487 data 12822
    regex_detector_test.go:84: Expected label ZipCode, got  ([]), file ZipCode.csv:3488 data 12823
    regex_detector_test.go:84: Expected label ZipCode, got  ([]), file ZipCode.csv:3489 data 12824
    regex_detector_test.go:84: Expected label ZipCode, got  ([]), file ZipCode.csv:3490 data 12827
    regex_detector_test.go:84: Expected label ZipCode, got  ([]), file ZipCode.csv:3491 data 12828
    regex_detector_test.go:84: Expected label ZipCode, got  ([]), file ZipCode.csv:3492 data 12831
    regex_detector_test.go:84: Expected label ZipCode, got  ([]), file ZipCode.csv:3493 data 12832
    regex_detector_test.go:84: Expected label ZipCode, got  ([]), file ZipCode.csv:3494 data 12833
    regex_detector_test.go:84: Expected label ZipCode, got  ([]), file ZipCode.csv:3495 data 12834
    regex_detector_test.go:84: Expected label ZipCode, got  ([]), file ZipCode.csv:3496 data 12835
    regex_detector_test.go:84: Expected label ZipCode, got  ([]), file ZipCode.csv:3497 data 12836
    regex_detector_test.go:84: Expected label ZipCode, got  ([]), file ZipCode.csv:3498 data 12837
    regex_detector_test.go:84: Expected label ZipCode, got  ([]), file ZipCode.csv:3499 data 12838
    regex_detector_test.go:84: Expected label ZipCode, got  ([]), file ZipCode.csv:3500 data 12839
    regex_detector_test.go:84: Expected label ZipCode, got  ([]), file ZipCode.csv:3501 data 12841
    regex_detector_test.go:84: Expected label ZipCode, got  ([]), file ZipCode.csv:3502 data 12842
    regex_detector_test.go:84: Expected label ZipCode, got  ([]), file ZipCode.csv:3503 data 12843
    regex_detector_test.go:84: Expected label ZipCode, got  ([]), file ZipCode.csv:3504 data 12844
    regex_detector_test.go:84: Expected label ZipCode, got  ([]), file ZipCode.csv:3505 data 12845
    regex_detector_test.go:84: Expected label ZipCode, got  ([]), file ZipCode.csv:3506 data 12846
    regex_detector_test.go:84: Expected label ZipCode, got  ([]), file ZipCode.csv:3507 data 12847
    regex_detector_test.go:84: Expected label ZipCode, got  ([]), file ZipCode.csv:3508 data 12849
    regex_detector_test.go:84: Expected label ZipCode, got  ([]), file ZipCode.csv:3509 data 12850
    regex_detector_test.go:84: Expected label ZipCode, got  ([]), file ZipCode.csv:3510 data 12851
    regex_detector_test.go:84: Expected label ZipCode, got  ([]), file ZipCode.csv:3511 data 12852
    regex_detector_test.go:84: Expected label ZipCode, got  ([]), file ZipCode.csv:3512 data 12853
    regex_detector_test.go:84: Expected label ZipCode, got  ([]), file ZipCode.csv:3513 data 12854
    regex_detector_test.go:84: Expected label ZipCode, got  ([]), file ZipCode.csv:3514 data 12855
    regex_detector_test.go:84: Expected label ZipCode, got  ([]), file ZipCode.csv:3515 data 12856
    regex_detector_test.go:84: Expected label ZipCode, got  ([]), file ZipCode.csv:3516 data 12857
    regex_detector_test.go:84: Expected label ZipCode, got  ([]), file ZipCode.csv:3517 data 12858
    regex_detector_test.go:84: Expected label ZipCode, got  ([]), file ZipCode.csv:3518 data 12859
    regex_detector_test.go:84: Expected label ZipCode, got  ([]), file ZipCode.csv:3519 data 12860
    regex_detector_test.go:84: Expected label ZipCode, got  ([]), file ZipCode.csv:3520 data 12861
    regex_detector_test.go:84: Expected label ZipCode, got  ([]), file ZipCode.csv:3521 data 12862
    regex_detector_test.go:84: Expected label ZipCode, got  ([]), file ZipCode.csv:3522 data 12863
    regex_detector_test.go:84: Expected label ZipCode, got  ([]), file ZipCode.csv:3523 data 12864
    regex_detector_test.go:84: Expected label ZipCode, got  ([]), file ZipCode.csv:3524 data 12865
    regex_detector_test.go:84: Expected label ZipCode, got  ([]), file ZipCode.csv:3525 data 12866
    regex_detector_test.go:84: Expected label ZipCode, got  ([]), file ZipCode.csv:3526 data 12870
    regex_detector_test.go:84: Expected label ZipCode, got  ([]), file ZipCode.csv:3527 data 12871
    regex_detector_test.go:84: Expected label ZipCode, got  ([]), file ZipCode.csv:3528 data 12872
    regex_detector_test.go:84: Expected label ZipCode, got  ([]), file ZipCode.csv:3529 data 12873
    regex_detector_test.go:84: Expected label ZipCode, got  ([]), file ZipCode.csv:3530 data 12874
    regex_detector_test.go:84: Expected label ZipCode, got  ([]), file ZipCode.csv:3531 data 12878
    regex_detector_test.go:84: Expected label ZipCode, got  ([]), file ZipCode.csv:3532 data 12883
    regex_detector_test.go:84: Expected label ZipCode, got  ([]), file ZipCode.csv:3533 data 12884
    regex_detector_test.go:84: Expected label ZipCode, got  ([]), file ZipCode.csv:3534 data 12885
    regex_detector_test.go:84: Expected label ZipCode, got  ([]), file ZipCode.csv:3535 data 12886
    regex_detector_test.go:84: Expected label ZipCode, got  ([]), file ZipCode.csv:3536 data 12887
    regex_detector_test.go:84: Expected label ZipCode, got  ([]), file ZipCode.csv:3537 data 12901
    regex_detector_test.go:84: Expected label ZipCode, got  ([]), file ZipCode.csv:3538 data 12903
    regex_detector_test.go:84: Expected label ZipCode, got  ([]), file ZipCode.csv:3539 data 12910
    regex_detector_test.go:84: Expected label ZipCode, got  ([]), file ZipCode.csv:3540 data 12911
    regex_detector_test.go:84: Expected label ZipCode, got  ([]), file ZipCode.csv:3541 data 12912
    regex_detector_test.go:84: Expected label ZipCode, got  ([]), file ZipCode.csv:3542 data 12913
    regex_detector_test.go:84: Expected label ZipCode, got  ([]), file ZipCode.csv:3543 data 12914
    regex_detector_test.go:84: Expected label ZipCode, got  ([]), file ZipCode.csv:3544 data 12915
    regex_detector_test.go:84: Expected label ZipCode, got  ([]), file ZipCode.csv:3545 data 12916
    regex_detector_test.go:84: Expected label ZipCode, got  ([]), file ZipCode.csv:3546 data 12917
    regex_detector_test.go:84: Expected label ZipCode, got  ([]), file ZipCode.csv:3547 data 12918
    regex_detector_test.go:84: Expected label ZipCode, got  ([]), file ZipCode.csv:3548 data 12919
    regex_detector_test.go:84: Expected label ZipCode, got  ([]), file ZipCode.csv:3549 data 12920
    regex_detector_test.go:84: Expected label ZipCode, got  ([]), file ZipCode.csv:3550 data 12921
    regex_detector_test.go:84: Expected label ZipCode, got  ([]), file ZipCode.csv:3551 data 12922
    regex_detector_test.go:84: Expected label ZipCode, got  ([]), file ZipCode.csv:3552 data 12923
    regex_detector_test.go:84: Expected label ZipCode, got  ([]), file ZipCode.csv:3553 data 12924
    regex_detector_test.go:84: Expected label ZipCode, got  ([]), file ZipCode.csv:3554 data 12926
    regex_detector_test.go:84: Expected label ZipCode, got  ([]), file ZipCode.csv:3555 data 12927
    regex_detector_test.go:84: Expected label ZipCode, got  ([]), file ZipCode.csv:3556 data 12928
    regex_detector_test.go:84: Expected label ZipCode, got  ([]), file ZipCode.csv:3557 data 12929
    regex_detector_test.go:84: Expected label ZipCode, got  ([]), file ZipCode.csv:3558 data 12930
    regex_detector_test.go:84: Expected label ZipCode, got  ([]), file ZipCode.csv:3559 data 12932
    regex_detector_test.go:84: Expected label ZipCode, got  ([]), file ZipCode.csv:3560 data 12933
    regex_detector_test.go:84: Expected label ZipCode, got  ([]), file ZipCode.csv:3561 data 12934
    regex_detector_test.go:84: Expected label ZipCode, got  ([]), file ZipCode.csv:3562 data 12935
    regex_detector_test.go:84: Expected label ZipCode, got  ([]), file ZipCode.csv:3563 data 12936
    regex_detector_test.go:84: Expected label ZipCode, got  ([]), file ZipCode.csv:3564 data 12937
    regex_detector_test.go:84: Expected label ZipCode, got  ([]), file ZipCode.csv:3565 data 12939
    regex_detector_test.go:84: Expected label ZipCode, got  ([]), file ZipCode.csv:3566 data 12941
    regex_detector_test.go:84: Expected label ZipCode, got  ([]), file ZipCode.csv:3567 data 12942
    regex_detector_test.go:84: Expected label ZipCode, got  ([]), file ZipCode.csv:3568 data 12943
    regex_detector_test.go:84: Expected label ZipCode, got  ([]), file ZipCode.csv:3569 data 12944
    regex_detector_test.go:84: Expected label ZipCode, got  ([]), file ZipCode.csv:3570 data 12945
    regex_detector_test.go:84: Expected label ZipCode, got  ([]), file ZipCode.csv:3571 data 12946
    regex_detector_test.go:84: Expected label ZipCode, got  ([]), file ZipCode.csv:3572 data 12950
    regex_detector_test.go:84: Expected label ZipCode, got  ([]), file ZipCode.csv:3573 data 12952
    regex_detector_test.go:84: Expected label ZipCode, got  ([]), file ZipCode.csv:3574 data 12953
    regex_detector_test.go:84: Expected label ZipCode, got  ([]), file ZipCode.csv:3575 data 12955
    regex_detector_test.go:84: Expected label ZipCode, got  ([]), file ZipCode.csv:3576 data 12956
    regex_detector_test.go:84: Expected label ZipCode, got  ([]), file ZipCode.csv:3577 data 12957
    regex_detector_test.go:84: Expected label ZipCode, got  ([]), file ZipCode.csv:3578 data 12958
    regex_detector_test.go:84: Expected label ZipCode, got  ([]), file ZipCode.csv:3579 data 12959
    regex_detector_test.go:84: Expected label ZipCode, got  ([]), file ZipCode.csv:3580 data 12960
    regex_detector_test.go:84: Expected label ZipCode, got  ([]), file ZipCode.csv:3581 data 12961
    regex_detector_test.go:84: Expected label ZipCode, got  ([]), file ZipCode.csv:3582 data 12962
    regex_detector_test.go:84: Expected label ZipCode, got  ([]), file ZipCode.csv:3583 data 12964
    regex_detector_test.go:84: Expected label ZipCode, got  ([]), file ZipCode.csv:3584 data 12965
    regex_detector_test.go:84: Expected label ZipCode, got  ([]), file ZipCode.csv:3585 data 12966
    regex_detector_test.go:84: Expected label ZipCode, got  ([]), file ZipCode.csv:3586 data 12967
    regex_detector_test.go:84: Expected label ZipCode, got  ([]), file ZipCode.csv:3587 data 12969
    regex_detector_test.go:84: Expected label ZipCode, got  ([]), file ZipCode.csv:3588 data 12970
    regex_detector_test.go:84: Expected label ZipCode, got  ([]), file ZipCode.csv:3589 data 12972
    regex_detector_test.go:84: Expected label ZipCode, got  ([]), file ZipCode.csv:3590 data 12973
    regex_detector_test.go:84: Expected label ZipCode, got  ([]), file ZipCode.csv:3591 data 12974
    regex_detector_test.go:84: Expected label ZipCode, got  ([]), file ZipCode.csv:3592 data 12975
    regex_detector_test.go:84: Expected label ZipCode, got  ([]), file ZipCode.csv:3593 data 12976
    regex_detector_test.go:84: Expected label ZipCode, got  ([]), file ZipCode.csv:3594 data 12977
    regex_detector_test.go:84: Expected label ZipCode, got  ([]), file ZipCode.csv:3595 data 12978
    regex_detector_test.go:84: Expected label ZipCode, got  ([]), file ZipCode.csv:3596 data 12979
    regex_detector_test.go:84: Expected label ZipCode, got  ([]), file ZipCode.csv:3597 data 12980
    regex_detector_test.go:84: Expected label ZipCode, got  ([]), file ZipCode.csv:3598 data 12981
    regex_detector_test.go:84: Expected label ZipCode, got  ([]), file ZipCode.csv:3599 data 12983
    regex_detector_test.go:84: Expected label ZipCode, got  ([]), file ZipCode.csv:3600 data 12985
    regex_detector_test.go:84: Expected label ZipCode, got  ([]), file ZipCode.csv:3601 data 12986
    regex_detector_test.go:84: Expected label ZipCode, got  ([]), file ZipCode.csv:3602 data 12987
    regex_detector_test.go:84: Expected label ZipCode, got  ([]), file ZipCode.csv:3603 data 12989
    regex_detector_test.go:84: Expected label ZipCode, got  ([]), file ZipCode.csv:3604 data 12992
    regex_detector_test.go:84: Expected label ZipCode, got  ([]), file ZipCode.csv:3605 data 12993
    regex_detector_test.go:84: Expected label ZipCode, got  ([]), file ZipCode.csv:3606 data 12996
    regex_detector_test.go:84: Expected label ZipCode, got  ([]), file ZipCode.csv:3607 data 12997
    regex_detector_test.go:84: Expected label ZipCode, got  ([]), file ZipCode.csv:3608 data 12998
    regex_detector_test.go:84: Expected label ZipCode, got  ([]), file ZipCode.csv:3609 data 13020
    regex_detector_test.go:84: Expected label ZipCode, got  ([]), file ZipCode.csv:3610 data 13021
    regex_detector_test.go:84: Expected label ZipCode, got  ([]), file ZipCode.csv:3611 data 13024
    regex_detector_test.go:84: Expected label ZipCode, got  ([]), file ZipCode.csv:3612 data 13026
    regex_detector_test.go:84: Expected label ZipCode, got  ([]), file ZipCode.csv:3613 data 13027
    regex_detector_test.go:84: Expected label ZipCode, got  ([]), file ZipCode.csv:3614 data 13028
    regex_detector_test.go:84: Expected label ZipCode, got  ([]), file ZipCode.csv:3615 data 13029
    regex_detector_test.go:84: Expected label ZipCode, got  ([]), file ZipCode.csv:3616 data 13030
    regex_detector_test.go:84: Expected label ZipCode, got  ([]), file ZipCode.csv:3617 data 13031
    regex_detector_test.go:84: Expected label ZipCode, got  ([]), file ZipCode.csv:3618 data 13032
    regex_detector_test.go:84: Expected label ZipCode, got  ([]), file ZipCode.csv:3619 data 13033
    regex_detector_test.go:84: Expected label ZipCode, got  ([]), file ZipCode.csv:3620 data 13034
    regex_detector_test.go:84: Expected label ZipCode, got  ([]), file ZipCode.csv:3621 data 13035
    regex_detector_test.go:84: Expected label ZipCode, got  ([]), file ZipCode.csv:3622 data 13036
    regex_detector_test.go:84: Expected label ZipCode, got  ([]), file ZipCode.csv:3623 data 13037
    regex_detector_test.go:84: Expected label ZipCode, got  ([]), file ZipCode.csv:3624 data 13039
    regex_detector_test.go:84: Expected label ZipCode, got  ([]), file ZipCode.csv:3625 data 13040
    regex_detector_test.go:84: Expected label ZipCode, got  ([]), file ZipCode.csv:3626 data 13041
    regex_detector_test.go:84: Expected label ZipCode, got  ([]), file ZipCode.csv:3627 data 13042
    regex_detector_test.go:84: Expected label ZipCode, got  ([]), file ZipCode.csv:3628 data 13044
    regex_detector_test.go:84: Expected label ZipCode, got  ([]), file ZipCode.csv:3629 data 13045
    regex_detector_test.go:84: Expected label ZipCode, got  ([]), file ZipCode.csv:3630 data 13051
    regex_detector_test.go:84: Expected label ZipCode, got  ([]), file ZipCode.csv:3631 data 13052
    regex_detector_test.go:84: Expected label ZipCode, got  ([]), file ZipCode.csv:3632 data 13053
    regex_detector_test.go:84: Expected label ZipCode, got  ([]), file ZipCode.csv:3633 data 13054
    regex_detector_test.go:84: Expected label ZipCode, got  ([]), file ZipCode.csv:3634 data 13057
    regex_detector_test.go:84: Expected label ZipCode, got  ([]), file ZipCode.csv:3635 data 13060
    regex_detector_test.go:84: Expected label ZipCode, got  ([]), file ZipCode.csv:3636 data 13061
    regex_detector_test.go:84: Expected label ZipCode, got  ([]), file ZipCode.csv:3637 data 13062
    regex_detector_test.go:84: Expected label ZipCode, got  ([]), file ZipCode.csv:3638 data 13063
    regex_detector_test.go:84: Expected label ZipCode, got  ([]), file ZipCode.csv:3639 data 13065
    regex_detector_test.go:84: Expected label ZipCode, got  ([]), file ZipCode.csv:3640 data 13066
    regex_detector_test.go:84: Expected label ZipCode, got  ([]), file ZipCode.csv:3641 data 13068
    regex_detector_test.go:84: Expected label ZipCode, got  ([]), file ZipCode.csv:3642 data 13069
    regex_detector_test.go:84: Expected label ZipCode, got  ([]), file ZipCode.csv:3643 data 13071
    regex_detector_test.go:84: Expected label ZipCode, got  ([]), file ZipCode.csv:3644 data 13072
    regex_detector_test.go:84: Expected label ZipCode, got  ([]), file ZipCode.csv:3645 data 13073
    regex_detector_test.go:84: Expected label ZipCode, got  ([]), file ZipCode.csv:3646 data 13074
    regex_detector_test.go:84: Expected label ZipCode, got  ([]), file ZipCode.csv:3647 data 13076
    regex_detector_test.go:84: Expected label ZipCode, got  ([]), file ZipCode.csv:3648 data 13077
    regex_detector_test.go:84: Expected label ZipCode, got  ([]), file ZipCode.csv:3649 data 13078
    regex_detector_test.go:84: Expected label ZipCode, got  ([]), file ZipCode.csv:3650 data 13080
    regex_detector_test.go:84: Expected label ZipCode, got  ([]), file ZipCode.csv:3651 data 13081
    regex_detector_test.go:84: Expected label ZipCode, got  ([]), file ZipCode.csv:3652 data 13082
    regex_detector_test.go:84: Expected label ZipCode, got  ([]), file ZipCode.csv:3653 data 13083
    regex_detector_test.go:84: Expected label ZipCode, got  ([]), file ZipCode.csv:3654 data 13084
    regex_detector_test.go:84: Expected label ZipCode, got  ([]), file ZipCode.csv:3655 data 13087
    regex_detector_test.go:84: Expected label ZipCode, got  ([]), file ZipCode.csv:3656 data 13088
    regex_detector_test.go:84: Expected label ZipCode, got  ([]), file ZipCode.csv:3657 data 13090
    regex_detector_test.go:84: Expected label ZipCode, got  ([]), file ZipCode.csv:3658 data 13092
    regex_detector_test.go:84: Expected label ZipCode, got  ([]), file ZipCode.csv:3659 data 13101
    regex_detector_test.go:84: Expected label ZipCode, got  ([]), file ZipCode.csv:3660 data 13102
    regex_detector_test.go:84: Expected label ZipCode, got  ([]), file ZipCode.csv:3661 data 13103
    regex_detector_test.go:84: Expected label ZipCode, got  ([]), file ZipCode.csv:3662 data 13104
    regex_detector_test.go:84: Expected label ZipCode, got  ([]), file ZipCode.csv:3663 data 13108
    regex_detector_test.go:84: Expected label ZipCode, got  ([]), file ZipCode.csv:3664 data 13110
    regex_detector_test.go:84: Expected label ZipCode, got  ([]), file ZipCode.csv:3665 data 13111
    regex_detector_test.go:84: Expected label ZipCode, got  ([]), file ZipCode.csv:3666 data 13112
    regex_detector_test.go:84: Expected label ZipCode, got  ([]), file ZipCode.csv:3667 data 13113
    regex_detector_test.go:84: Expected label ZipCode, got  ([]), file ZipCode.csv:3668 data 13114
    regex_detector_test.go:84: Expected label ZipCode, got  ([]), file ZipCode.csv:3669 data 13115
    regex_detector_test.go:84: Expected label ZipCode, got  ([]), file ZipCode.csv:3670 data 13116
    regex_detector_test.go:84: Expected label ZipCode, got  ([]), file ZipCode.csv:3671 data 13117
    regex_detector_test.go:84: Expected label ZipCode, got  ([]), file ZipCode.csv:3672 data 13118
    regex_detector_test.go:84: Expected label ZipCode, got  ([]), file ZipCode.csv:3673 data 13119
    regex_detector_test.go:84: Expected label ZipCode, got  ([]), file ZipCode.csv:3674 data 13120
    regex_detector_test.go:84: Expected label ZipCode, got  ([]), file ZipCode.csv:3675 data 13121
    regex_detector_test.go:84: Expected label ZipCode, got  ([]), file ZipCode.csv:3676 data 13122
    regex_detector_test.go:84: Expected label ZipCode, got  ([]), file ZipCode.csv:3677 data 13123
    regex_detector_test.go:84: Expected label ZipCode, got  ([]), file ZipCode.csv:3678 data 13124
    regex_detector_test.go:84: Expected label ZipCode, got  ([]), file ZipCode.csv:3679 data 13126
    regex_detector_test.go:84: Expected label ZipCode, got  ([]), file ZipCode.csv:3680 data 13131
    regex_detector_test.go:84: Expected label ZipCode, got  ([]), file ZipCode.csv:3681 data 13132
    regex_detector_test.go:84: Expected label ZipCode, got  ([]), file ZipCode.csv:3682 data 13134
    regex_detector_test.go:84: Expected label ZipCode, got  ([]), file ZipCode.csv:3683 data 13135
    regex_detector_test.go:84: Expected label ZipCode, got  ([]), file ZipCode.csv:3684 data 13136
    regex_detector_test.go:84: Expected label ZipCode, got  ([]), file ZipCode.csv:3685 data 13138
    regex_detector_test.go:84: Expected label ZipCode, got  ([]), file ZipCode.csv:3686 data 13140
    regex_detector_test.go:84: Expected label ZipCode, got  ([]), file ZipCode.csv:3687 data 13141
    regex_detector_test.go:84: Expected label ZipCode, got  ([]), file ZipCode.csv:3688 data 13142
    regex_detector_test.go:84: Expected label ZipCode, got  ([]), file ZipCode.csv:3689 data 13143
    regex_detector_test.go:84: Expected label ZipCode, got  ([]), file ZipCode.csv:3690 data 13144
    regex_detector_test.go:84: Expected label ZipCode, got  ([]), file ZipCode.csv:3691 data 13145
    regex_detector_test.go:84: Expected label ZipCode, got  ([]), file ZipCode.csv:3692 data 13146
    regex_detector_test.go:84: Expected label ZipCode, got  ([]), file ZipCode.csv:3693 data 13147
    regex_detector_test.go:84: Expected label ZipCode, got  ([]), file ZipCode.csv:3694 data 13148
    regex_detector_test.go:84: Expected label ZipCode, got  ([]), file ZipCode.csv:3695 data 13152
    regex_detector_test.go:84: Expected label ZipCode, got  ([]), file ZipCode.csv:3696 data 13153
    regex_detector_test.go:84: Expected label ZipCode, got  ([]), file ZipCode.csv:3697 data 13154
    regex_detector_test.go:84: Expected label ZipCode, got  ([]), file ZipCode.csv:3698 data 13155
    regex_detector_test.go:84: Expected label ZipCode, got  ([]), file ZipCode.csv:3699 data 13156
    regex_detector_test.go:84: Expected label ZipCode, got  ([]), file ZipCode.csv:3700 data 13157
    regex_detector_test.go:84: Expected label ZipCode, got  ([]), file ZipCode.csv:3701 data 13158
    regex_detector_test.go:84: Expected label ZipCode, got  ([]), file ZipCode.csv:3702 data 13159
    regex_detector_test.go:84: Expected label ZipCode, got  ([]), file ZipCode.csv:3703 data 13160
    regex_detector_test.go:84: Expected label ZipCode, got  ([]), file ZipCode.csv:3704 data 13162
    regex_detector_test.go:84: Expected label ZipCode, got  ([]), file ZipCode.csv:3705 data 13163
    regex_detector_test.go:84: Expected label ZipCode, got  ([]), file ZipCode.csv:3706 data 13164
    regex_detector_test.go:84: Expected label ZipCode, got  ([]), file ZipCode.csv:3707 data 13165
    regex_detector_test.go:84: Expected label ZipCode, got  ([]), file ZipCode.csv:3708 data 13166
    regex_detector_test.go:84: Expected label ZipCode, got  ([]), file ZipCode.csv:3709 data 13167
    regex_detector_test.go:84: Expected label ZipCode, got  ([]), file ZipCode.csv:3710 data 13202
    regex_detector_test.go:84: Expected label ZipCode, got  ([]), file ZipCode.csv:3711 data 13203
    regex_detector_test.go:84: Expected label ZipCode, got  ([]), file ZipCode.csv:3712 data 13204
    regex_detector_test.go:84: Expected label ZipCode, got  ([]), file ZipCode.csv:3713 data 13205
    regex_detector_test.go:84: Expected label ZipCode, got  ([]), file ZipCode.csv:3714 data 13206
    regex_detector_test.go:84: Expected label ZipCode, got  ([]), file ZipCode.csv:3715 data 13207
    regex_detector_test.go:84: Expected label ZipCode, got  ([]), file ZipCode.csv:3716 data 13208
    regex_detector_test.go:84: Expected label ZipCode, got  ([]), file ZipCode.csv:3717 data 13209
    regex_detector_test.go:84: Expected label ZipCode, got  ([]), file ZipCode.csv:3718 data 13210
    regex_detector_test.go:84: Expected label ZipCode, got  ([]), file ZipCode.csv:3719 data 13211
    regex_detector_test.go:84: Expected label ZipCode, got  ([]), file ZipCode.csv:3720 data 13212
    regex_detector_test.go:84: Expected label ZipCode, got  ([]), file ZipCode.csv:3721 data 13214
    regex_detector_test.go:84: Expected label ZipCode, got  ([]), file ZipCode.csv:3722 data 13215
    regex_detector_test.go:84: Expected label ZipCode, got  ([]), file ZipCode.csv:3723 data 13219
    regex_detector_test.go:84: Expected label ZipCode, got  ([]), file ZipCode.csv:3724 data 13224
    regex_detector_test.go:84: Expected label ZipCode, got  ([]), file ZipCode.csv:3725 data 13244
    regex_detector_test.go:84: Expected label ZipCode, got  ([]), file ZipCode.csv:3726 data 13290
    regex_detector_test.go:84: Expected label ZipCode, got  ([]), file ZipCode.csv:3727 data 13301
    regex_detector_test.go:84: Expected label ZipCode, got  ([]), file ZipCode.csv:3728 data 13302
    regex_detector_test.go:84: Expected label ZipCode, got  ([]), file ZipCode.csv:3729 data 13303
    regex_detector_test.go:84: Expected label ZipCode, got  ([]), file ZipCode.csv:3730 data 13304
    regex_detector_test.go:84: Expected label ZipCode, got  ([]), file ZipCode.csv:3731 data 13305
    regex_detector_test.go:84: Expected label ZipCode, got  ([]), file ZipCode.csv:3732 data 13308
    regex_detector_test.go:84: Expected label ZipCode, got  ([]), file ZipCode.csv:3733 data 13309
    regex_detector_test.go:84: Expected label ZipCode, got  ([]), file ZipCode.csv:3734 data 13310
    regex_detector_test.go:84: Expected label ZipCode, got  ([]), file ZipCode.csv:3735 data 13312
    regex_detector_test.go:84: Expected label ZipCode, got  ([]), file ZipCode.csv:3736 data 13313
    regex_detector_test.go:84: Expected label ZipCode, got  ([]), file ZipCode.csv:3737 data 13314
    regex_detector_test.go:84: Expected label ZipCode, got  ([]), file ZipCode.csv:3738 data 13315
    regex_detector_test.go:84: Expected label ZipCode, got  ([]), file ZipCode.csv:3739 data 13316
    regex_detector_test.go:84: Expected label ZipCode, got  ([]), file ZipCode.csv:3740 data 13317
    regex_detector_test.go:84: Expected label ZipCode, got  ([]), file ZipCode.csv:3741 data 13318
    regex_detector_test.go:84: Expected label ZipCode, got  ([]), file ZipCode.csv:3742 data 13319
    regex_detector_test.go:84: Expected label ZipCode, got  ([]), file ZipCode.csv:3743 data 13320
    regex_detector_test.go:84: Expected label ZipCode, got  ([]), file ZipCode.csv:3744 data 13321
    regex_detector_test.go:84: Expected label ZipCode, got  ([]), file ZipCode.csv:3745 data 13322
    regex_detector_test.go:84: Expected label ZipCode, got  ([]), file ZipCode.csv:3746 data 13323
    regex_detector_test.go:84: Expected label ZipCode, got  ([]), file ZipCode.csv:3747 data 13324
    regex_detector_test.go:84: Expected label ZipCode, got  ([]), file ZipCode.csv:3748 data 13325
    regex_detector_test.go:84: Expected label ZipCode, got  ([]), file ZipCode.csv:3749 data 13326
    regex_detector_test.go:84: Expected label ZipCode, got  ([]), file ZipCode.csv:3750 data 13327
    regex_detector_test.go:84: Expected label ZipCode, got  ([]), file ZipCode.csv:3751 data 13328
    regex_detector_test.go:84: Expected label ZipCode, got  ([]), file ZipCode.csv:3752 data 13329
    regex_detector_test.go:84: Expected label ZipCode, got  ([]), file ZipCode.csv:3753 data 13331
    regex_detector_test.go:84: Expected label ZipCode, got  ([]), file ZipCode.csv:3754 data 13332
    regex_detector_test.go:84: Expected label ZipCode, got  ([]), file ZipCode.csv:3755 data 13333
    regex_detector_test.go:84: Expected label ZipCode, got  ([]), file ZipCode.csv:3756 data 13334
    regex_detector_test.go:84: Expected label ZipCode, got  ([]), file ZipCode.csv:3757 data 13335
    regex_detector_test.go:84: Expected label ZipCode, got  ([]), file ZipCode.csv:3758 data 13337
    regex_detector_test.go:84: Expected label ZipCode, got  ([]), file ZipCode.csv:3759 data 13338
    regex_detector_test.go:84: Expected label ZipCode, got  ([]), file ZipCode.csv:3760 data 13339
    regex_detector_test.go:84: Expected label ZipCode, got  ([]), file ZipCode.csv:3761 data 13340
    regex_detector_test.go:84: Expected label ZipCode, got  ([]), file ZipCode.csv:3762 data 13342
    regex_detector_test.go:84: Expected label ZipCode, got  ([]), file ZipCode.csv:3763 data 13343
    regex_detector_test.go:84: Expected label ZipCode, got  ([]), file ZipCode.csv:3764 data 13345
    regex_detector_test.go:84: Expected label ZipCode, got  ([]), file ZipCode.csv:3765 data 13346
    regex_detector_test.go:84: Expected label ZipCode, got  ([]), file ZipCode.csv:3766 data 13348
    regex_detector_test.go:84: Expected label ZipCode, got  ([]), file ZipCode.csv:3767 data 13350
    regex_detector_test.go:84: Expected label ZipCode, got  ([]), file ZipCode.csv:3768 data 13352
    regex_detector_test.go:84: Expected label ZipCode, got  ([]), file ZipCode.csv:3769 data 13353
    regex_detector_test.go:84: Expected label ZipCode, got  ([]), file ZipCode.csv:3770 data 13354
    regex_detector_test.go:84: Expected label ZipCode, got  ([]), file ZipCode.csv:3771 data 13355
    regex_detector_test.go:84: Expected label ZipCode, got  ([]), file ZipCode.csv:3772 data 13357
    regex_detector_test.go:84: Expected label ZipCode, got  ([]), file ZipCode.csv:3773 data 13360
    regex_detector_test.go:84: Expected label ZipCode, got  ([]), file ZipCode.csv:3774 data 13361
    regex_detector_test.go:84: Expected label ZipCode, got  ([]), file ZipCode.csv:3775 data 13363
    regex_detector_test.go:84: Expected label ZipCode, got  ([]), file ZipCode.csv:3776 data 13364
    regex_detector_test.go:84: Expected label ZipCode, got  ([]), file ZipCode.csv:3777 data 13365
    regex_detector_test.go:84: Expected label ZipCode, got  ([]), file ZipCode.csv:3778 data 13367
    regex_detector_test.go:84: Expected label ZipCode, got  ([]), file ZipCode.csv:3779 data 13368
    regex_detector_test.go:84: Expected label ZipCode, got  ([]), file ZipCode.csv:3780 data 13402
    regex_detector_test.go:84: Expected label ZipCode, got  ([]), file ZipCode.csv:3781 data 13403
    regex_detector_test.go:84: Expected label ZipCode, got  ([]), file ZipCode.csv:3782 data 13404
    regex_detector_test.go:84: Expected label ZipCode, got  ([]), file ZipCode.csv:3783 data 13406
    regex_detector_test.go:84: Expected label ZipCode, got  ([]), file ZipCode.csv:3784 data 13407
    regex_detector_test.go:84: Expected label ZipCode, got  ([]), file ZipCode.csv:3785 data 13408
    regex_detector_test.go:84: Expected label ZipCode, got  ([]), file ZipCode.csv:3786 data 13409
    regex_detector_test.go:84: Expected label ZipCode, got  ([]), file ZipCode.csv:3787 data 13410
    regex_detector_test.go:84: Expected label ZipCode, got  ([]), file ZipCode.csv:3788 data 13411
    regex_detector_test.go:84: Expected label ZipCode, got  ([]), file ZipCode.csv:3789 data 13413
    regex_detector_test.go:84: Expected label ZipCode, got  ([]), file ZipCode.csv:3790 data 13415
    regex_detector_test.go:84: Expected label ZipCode, got  ([]), file ZipCode.csv:3791 data 13416
    regex_detector_test.go:84: Expected label ZipCode, got  ([]), file ZipCode.csv:3792 data 13417
    regex_detector_test.go:84: Expected label ZipCode, got  ([]), file ZipCode.csv:3793 data 13418
    regex_detector_test.go:84: Expected label ZipCode, got  ([]), file ZipCode.csv:3794 data 13420
    regex_detector_test.go:84: Expected label ZipCode, got  ([]), file ZipCode.csv:3795 data 13421
    regex_detector_test.go:84: Expected label ZipCode, got  ([]), file ZipCode.csv:3796 data 13424
    regex_detector_test.go:84: Expected label ZipCode, got  ([]), file ZipCode.csv:3797 data 13425
    regex_detector_test.go:84: Expected label ZipCode, got  ([]), file ZipCode.csv:3798 data 13428
    regex_detector_test.go:84: Expected label ZipCode, got  ([]), file ZipCode.csv:3799 data 13431
    regex_detector_test.go:84: Expected label ZipCode, got  ([]), file ZipCode.csv:3800 data 13433
    regex_detector_test.go:84: Expected label ZipCode, got  ([]), file ZipCode.csv:3801 data 13435
    regex_detector_test.go:84: Expected label ZipCode, got  ([]), file ZipCode.csv:3802 data 13436
    regex_detector_test.go:84: Expected label ZipCode, got  ([]), file ZipCode.csv:3803 data 13437
    regex_detector_test.go:84: Expected label ZipCode, got  ([]), file ZipCode.csv:3804 data 13438
    regex_detector_test.go:84: Expected label ZipCode, got  ([]), file ZipCode.csv:3805 data 13439
    regex_detector_test.go:84: Expected label ZipCode, got  ([]), file ZipCode.csv:3806 data 13440
    regex_detector_test.go:84: Expected label ZipCode, got  ([]), file ZipCode.csv:3807 data 13441
    regex_detector_test.go:84: Expected label ZipCode, got  ([]), file ZipCode.csv:3808 data 13450
    regex_detector_test.go:84: Expected label ZipCode, got  ([]), file ZipCode.csv:3809 data 13452
    regex_detector_test.go:84: Expected label ZipCode, got  ([]), file ZipCode.csv:3810 data 13454
    regex_detector_test.go:84: Expected label ZipCode, got  ([]), file ZipCode.csv:3811 data 13455
    regex_detector_test.go:84: Expected label ZipCode, got  ([]), file ZipCode.csv:3812 data 13456
    regex_detector_test.go:84: Expected label ZipCode, got  ([]), file ZipCode.csv:3813 data 13457
    regex_detector_test.go:84: Expected label ZipCode, got  ([]), file ZipCode.csv:3814 data 13459
    regex_detector_test.go:84: Expected label ZipCode, got  ([]), file ZipCode.csv:3815 data 13460
    regex_detector_test.go:84: Expected label ZipCode, got  ([]), file ZipCode.csv:3816 data 13461
    regex_detector_test.go:84: Expected label ZipCode, got  ([]), file ZipCode.csv:3817 data 13464
    regex_detector_test.go:84: Expected label ZipCode, got  ([]), file ZipCode.csv:3818 data 13468
    regex_detector_test.go:84: Expected label ZipCode, got  ([]), file ZipCode.csv:3819 data 13469
    regex_detector_test.go:84: Expected label ZipCode, got  ([]), file ZipCode.csv:3820 data 13470
    regex_detector_test.go:84: Expected label ZipCode, got  ([]), file ZipCode.csv:3821 data 13471
    regex_detector_test.go:84: Expected label ZipCode, got  ([]), file ZipCode.csv:3822 data 13472
    regex_detector_test.go:84: Expected label ZipCode, got  ([]), file ZipCode.csv:3823 data 13473
    regex_detector_test.go:84: Expected label ZipCode, got  ([]), file ZipCode.csv:3824 data 13475
    regex_detector_test.go:84: Expected label ZipCode, got  ([]), file ZipCode.csv:3825 data 13476
    regex_detector_test.go:84: Expected label ZipCode, got  ([]), file ZipCode.csv:3826 data 13477
    regex_detector_test.go:84: Expected label ZipCode, got  ([]), file ZipCode.csv:3827 data 13478
    regex_detector_test.go:84: Expected label ZipCode, got  ([]), file ZipCode.csv:3828 data 13480
    regex_detector_test.go:84: Expected label ZipCode, got  ([]), file ZipCode.csv:3829 data 13482
    regex_detector_test.go:84: Expected label ZipCode, got  ([]), file ZipCode.csv:3830 data 13483
    regex_detector_test.go:84: Expected label ZipCode, got  ([]), file ZipCode.csv:3831 data 13484
    regex_detector_test.go:84: Expected label ZipCode, got  ([]), file ZipCode.csv:3832 data 13485
    regex_detector_test.go:84: Expected label ZipCode, got  ([]), file ZipCode.csv:3833 data 13486
    regex_detector_test.go:84: Expected label ZipCode, got  ([]), file ZipCode.csv:3834 data 13488
    regex_detector_test.go:84: Expected label ZipCode, got  ([]), file ZipCode.csv:3835 data 13489
    regex_detector_test.go:84: Expected label ZipCode, got  ([]), file ZipCode.csv:3836 data 13490
    regex_detector_test.go:84: Expected label ZipCode, got  ([]), file ZipCode.csv:3837 data 13491
    regex_detector_test.go:84: Expected label ZipCode, got  ([]), file ZipCode.csv:3838 data 13492
    regex_detector_test.go:84: Expected label ZipCode, got  ([]), file ZipCode.csv:3839 data 13493
    regex_detector_test.go:84: Expected label ZipCode, got  ([]), file ZipCode.csv:3840 data 13494
    regex_detector_test.go:84: Expected label ZipCode, got  ([]), file ZipCode.csv:3841 data 13495
    regex_detector_test.go:84: Expected label ZipCode, got  ([]), file ZipCode.csv:3842 data 13501
    regex_detector_test.go:84: Expected label ZipCode, got  ([]), file ZipCode.csv:3843 data 13502
    regex_detector_test.go:84: Expected label ZipCode, got  ([]), file ZipCode.csv:3844 data 13601
    regex_detector_test.go:84: Expected label ZipCode, got  ([]), file ZipCode.csv:3845 data 13602
    regex_detector_test.go:84: Expected label ZipCode, got  ([]), file ZipCode.csv:3846 data 13603
    regex_detector_test.go:84: Expected label ZipCode, got  ([]), file ZipCode.csv:3847 data 13605
    regex_detector_test.go:84: Expected label ZipCode, got  ([]), file ZipCode.csv:3848 data 13606
    regex_detector_test.go:84: Expected label ZipCode, got  ([]), file ZipCode.csv:3849 data 13607
    regex_detector_test.go:84: Expected label ZipCode, got  ([]), file ZipCode.csv:3850 data 13608
    regex_detector_test.go:84: Expected label ZipCode, got  ([]), file ZipCode.csv:3851 data 13611
    regex_detector_test.go:84: Expected label ZipCode, got  ([]), file ZipCode.csv:3852 data 13612
    regex_detector_test.go:84: Expected label ZipCode, got  ([]), file ZipCode.csv:3853 data 13613
    regex_detector_test.go:84: Expected label ZipCode, got  ([]), file ZipCode.csv:3854 data 13614
    regex_detector_test.go:84: Expected label ZipCode, got  ([]), file ZipCode.csv:3855 data 13615
    regex_detector_test.go:84: Expected label ZipCode, got  ([]), file ZipCode.csv:3856 data 13616
    regex_detector_test.go:84: Expected label ZipCode, got  ([]), file ZipCode.csv:3857 data 13617
    regex_detector_test.go:84: Expected label ZipCode, got  ([]), file ZipCode.csv:3858 data 13618
    regex_detector_test.go:84: Expected label ZipCode, got  ([]), file ZipCode.csv:3859 data 13619
    regex_detector_test.go:84: Expected label ZipCode, got  ([]), file ZipCode.csv:3860 data 13620
    regex_detector_test.go:84: Expected label ZipCode, got  ([]), file ZipCode.csv:3861 data 13621
    regex_detector_test.go:84: Expected label ZipCode, got  ([]), file ZipCode.csv:3862 data 13622
    regex_detector_test.go:84: Expected label ZipCode, got  ([]), file ZipCode.csv:3863 data 13623
    regex_detector_test.go:84: Expected label ZipCode, got  ([]), file ZipCode.csv:3864 data 13624
    regex_detector_test.go:84: Expected label ZipCode, got  ([]), file ZipCode.csv:3865 data 13625
    regex_detector_test.go:84: Expected label ZipCode, got  ([]), file ZipCode.csv:3866 data 13626
    regex_detector_test.go:84: Expected label ZipCode, got  ([]), file ZipCode.csv:3867 data 13628
    regex_detector_test.go:84: Expected label ZipCode, got  ([]), file ZipCode.csv:3868 data 13630
    regex_detector_test.go:84: Expected label ZipCode, got  ([]), file ZipCode.csv:3869 data 13632
    regex_detector_test.go:84: Expected label ZipCode, got  ([]), file ZipCode.csv:3870 data 13633
    regex_detector_test.go:84: Expected label ZipCode, got  ([]), file ZipCode.csv:3871 data 13634
    regex_detector_test.go:84: Expected label ZipCode, got  ([]), file ZipCode.csv:3872 data 13635
    regex_detector_test.go:84: Expected label ZipCode, got  ([]), file ZipCode.csv:3873 data 13636
    regex_detector_test.go:84: Expected label ZipCode, got  ([]), file ZipCode.csv:3874 data 13637
    regex_detector_test.go:84: Expected label ZipCode, got  ([]), file ZipCode.csv:3875 data 13638
    regex_detector_test.go:84: Expected label ZipCode, got  ([]), file ZipCode.csv:3876 data 13639
    regex_detector_test.go:84: Expected label ZipCode, got  ([]), file ZipCode.csv:3877 data 13640
    regex_detector_test.go:84: Expected label ZipCode, got  ([]), file ZipCode.csv:3878 data 13641
    regex_detector_test.go:84: Expected label ZipCode, got  ([]), file ZipCode.csv:3879 data 13642
    regex_detector_test.go:84: Expected label ZipCode, got  ([]), file ZipCode.csv:3880 data 13643
    regex_detector_test.go:84: Expected label ZipCode, got  ([]), file ZipCode.csv:3881 data 13645
    regex_detector_test.go:84: Expected label ZipCode, got  ([]), file ZipCode.csv:3882 data 13646
    regex_detector_test.go:84: Expected label ZipCode, got  ([]), file ZipCode.csv:3883 data 13647
    regex_detector_test.go:84: Expected label ZipCode, got  ([]), file ZipCode.csv:3884 data 13648
    regex_detector_test.go:84: Expected label ZipCode, got  ([]), file ZipCode.csv:3885 data 13649
    regex_detector_test.go:84: Expected label ZipCode, got  ([]), file ZipCode.csv:3886 data 13650
    regex_detector_test.go:84: Expected label ZipCode, got  ([]), file ZipCode.csv:3887 data 13651
    regex_detector_test.go:84: Expected label ZipCode, got  ([]), file ZipCode.csv:3888 data 13652
    regex_detector_test.go:84: Expected label ZipCode, got  ([]), file ZipCode.csv:3889 data 13654
    regex_detector_test.go:84: Expected label ZipCode, got  ([]), file ZipCode.csv:3890 data 13655
    regex_detector_test.go:84: Expected label ZipCode, got  ([]), file ZipCode.csv:3891 data 13656
    regex_detector_test.go:84: Expected label ZipCode, got  ([]), file ZipCode.csv:3892 data 13658
    regex_detector_test.go:84: Expected label ZipCode, got  ([]), file ZipCode.csv:3893 data 13659
    regex_detector_test.go:84: Expected label ZipCode, got  ([]), file ZipCode.csv:3894 data 13660
    regex_detector_test.go:84: Expected label ZipCode, got  ([]), file ZipCode.csv:3895 data 13661
    regex_detector_test.go:84: Expected label ZipCode, got  ([]), file ZipCode.csv:3896 data 13662
    regex_detector_test.go:84: Expected label ZipCode, got  ([]), file ZipCode.csv:3897 data 13664
    regex_detector_test.go:84: Expected label ZipCode, got  ([]), file ZipCode.csv:3898 data 13665
    regex_detector_test.go:84: Expected label ZipCode, got  ([]), file ZipCode.csv:3899 data 13666
    regex_detector_test.go:84: Expected label ZipCode, got  ([]), file ZipCode.csv:3900 data 13667
    regex_detector_test.go:84: Expected label ZipCode, got  ([]), file ZipCode.csv:3901 data 13668
    regex_detector_test.go:84: Expected label ZipCode, got  ([]), file ZipCode.csv:3902 data 13669
    regex_detector_test.go:84: Expected label ZipCode, got  ([]), file ZipCode.csv:3903 data 13670
    regex_detector_test.go:84: Expected label ZipCode, got  ([]), file ZipCode.csv:3904 data 13672
    regex_detector_test.go:84: Expected label ZipCode, got  ([]), file ZipCode.csv:3905 data 13673
    regex_detector_test.go:84: Expected label ZipCode, got  ([]), file ZipCode.csv:3906 data 13674
    regex_detector_test.go:84: Expected label ZipCode, got  ([]), file ZipCode.csv:3907 data 13675
    regex_detector_test.go:84: Expected label ZipCode, got  ([]), file ZipCode.csv:3908 data 13676
    regex_detector_test.go:84: Expected label ZipCode, got  ([]), file ZipCode.csv:3909 data 13678
    regex_detector_test.go:84: Expected label ZipCode, got  ([]), file ZipCode.csv:3910 data 13679
    regex_detector_test.go:84: Expected label ZipCode, got  ([]), file ZipCode.csv:3911 data 13680
    regex_detector_test.go:84: Expected label ZipCode, got  ([]), file ZipCode.csv:3912 data 13681
    regex_detector_test.go:84: Expected label ZipCode, got  ([]), file ZipCode.csv:3913 data 13682
    regex_detector_test.go:84: Expected label ZipCode, got  ([]), file ZipCode.csv:3914 data 13683
    regex_detector_test.go:84: Expected label ZipCode, got  ([]), file ZipCode.csv:3915 data 13684
    regex_detector_test.go:84: Expected label ZipCode, got  ([]), file ZipCode.csv:3916 data 13685
    regex_detector_test.go:84: Expected label ZipCode, got  ([]), file ZipCode.csv:3917 data 13687
    regex_detector_test.go:84: Expected label ZipCode, got  ([]), file ZipCode.csv:3918 data 13690
    regex_detector_test.go:84: Expected label ZipCode, got  ([]), file ZipCode.csv:3919 data 13691
    regex_detector_test.go:84: Expected label ZipCode, got  ([]), file ZipCode.csv:3920 data 13692
    regex_detector_test.go:84: Expected label ZipCode, got  ([]), file ZipCode.csv:3921 data 13693
    regex_detector_test.go:84: Expected label ZipCode, got  ([]), file ZipCode.csv:3922 data 13694
    regex_detector_test.go:84: Expected label ZipCode, got  ([]), file ZipCode.csv:3923 data 13695
    regex_detector_test.go:84: Expected label ZipCode, got  ([]), file ZipCode.csv:3924 data 13696
    regex_detector_test.go:84: Expected label ZipCode, got  ([]), file ZipCode.csv:3925 data 13697
    regex_detector_test.go:84: Expected label ZipCode, got  ([]), file ZipCode.csv:3926 data 13699
    regex_detector_test.go:84: Expected label ZipCode, got  ([]), file ZipCode.csv:3927 data 13730
    regex_detector_test.go:84: Expected label ZipCode, got  ([]), file ZipCode.csv:3928 data 13731
    regex_detector_test.go:84: Expected label ZipCode, got  ([]), file ZipCode.csv:3929 data 13732
    regex_detector_test.go:84: Expected label ZipCode, got  ([]), file ZipCode.csv:3930 data 13733
    regex_detector_test.go:84: Expected label ZipCode, got  ([]), file ZipCode.csv:3931 data 13734
    regex_detector_test.go:84: Expected label ZipCode, got  ([]), file ZipCode.csv:3932 data 13736
    regex_detector_test.go:84: Expected label ZipCode, got  ([]), file ZipCode.csv:3933 data 13738
    regex_detector_test.go:84: Expected label ZipCode, got  ([]), file ZipCode.csv:3934 data 13739
    regex_detector_test.go:84: Expected label ZipCode, got  ([]), file ZipCode.csv:3935 data 13740
    regex_detector_test.go:84: Expected label ZipCode, got  ([]), file ZipCode.csv:3936 data 13743
    regex_detector_test.go:84: Expected label ZipCode, got  ([]), file ZipCode.csv:3937 data 13744
    regex_detector_test.go:84: Expected label ZipCode, got  ([]), file ZipCode.csv:3938 data 13746
    regex_detector_test.go:84: Expected label ZipCode, got  ([]), file ZipCode.csv:3939 data 13747
    regex_detector_test.go:84: Expected label ZipCode, got  ([]), file ZipCode.csv:3940 data 13748
    regex_detector_test.go:84: Expected label ZipCode, got  ([]), file ZipCode.csv:3941 data 13750
    regex_detector_test.go:84: Expected label ZipCode, got  ([]), file ZipCode.csv:3942 data 13751
    regex_detector_test.go:84: Expected label ZipCode, got  ([]), file ZipCode.csv:3943 data 13752
    regex_detector_test.go:84: Expected label ZipCode, got  ([]), file ZipCode.csv:3944 data 13753
    regex_detector_test.go:84: Expected label ZipCode, got  ([]), file ZipCode.csv:3945 data 13754
    regex_detector_test.go:84: Expected label ZipCode, got  ([]), file ZipCode.csv:3946 data 13755
    regex_detector_test.go:84: Expected label ZipCode, got  ([]), file ZipCode.csv:3947 data 13756
    regex_detector_test.go:84: Expected label ZipCode, got  ([]), file ZipCode.csv:3948 data 13757
    regex_detector_test.go:84: Expected label ZipCode, got  ([]), file ZipCode.csv:3949 data 13760
    regex_detector_test.go:84: Expected label ZipCode, got  ([]), file ZipCode.csv:3950 data 13774
    regex_detector_test.go:84: Expected label ZipCode, got  ([]), file ZipCode.csv:3951 data 13775
    regex_detector_test.go:84: Expected label ZipCode, got  ([]), file ZipCode.csv:3952 data 13776
    regex_detector_test.go:84: Expected label ZipCode, got  ([]), file ZipCode.csv:3953 data 13777
    regex_detector_test.go:84: Expected label ZipCode, got  ([]), file ZipCode.csv:3954 data 13778
    regex_detector_test.go:84: Expected label ZipCode, got  ([]), file ZipCode.csv:3955 data 13780
    regex_detector_test.go:84: Expected label ZipCode, got  ([]), file ZipCode.csv:3956 data 13782
    regex_detector_test.go:84: Expected label ZipCode, got  ([]), file ZipCode.csv:3957 data 13783
    regex_detector_test.go:84: Expected label ZipCode, got  ([]), file ZipCode.csv:3958 data 13784
    regex_detector_test.go:84: Expected label ZipCode, got  ([]), file ZipCode.csv:3959 data 13786
    regex_detector_test.go:84: Expected label ZipCode, got  ([]), file ZipCode.csv:3960 data 13787
    regex_detector_test.go:84: Expected label ZipCode, got  ([]), file ZipCode.csv:3961 data 13788
    regex_detector_test.go:84: Expected label ZipCode, got  ([]), file ZipCode.csv:3962 data 13790
    regex_detector_test.go:84: Expected label ZipCode, got  ([]), file ZipCode.csv:3963 data 13795
    regex_detector_test.go:84: Expected label ZipCode, got  ([]), file ZipCode.csv:3964 data 13796
    regex_detector_test.go:84: Expected label ZipCode, got  ([]), file ZipCode.csv:3965 data 13797
    regex_detector_test.go:84: Expected label ZipCode, got  ([]), file ZipCode.csv:3966 data 13801
    regex_detector_test.go:84: Expected label ZipCode, got  ([]), file ZipCode.csv:3967 data 13802
    regex_detector_test.go:84: Expected label ZipCode, got  ([]), file ZipCode.csv:3968 data 13803
    regex_detector_test.go:84: Expected label ZipCode, got  ([]), file ZipCode.csv:3969 data 13804
    regex_detector_test.go:84: Expected label ZipCode, got  ([]), file ZipCode.csv:3970 data 13806
    regex_detector_test.go:84: Expected label ZipCode, got  ([]), file ZipCode.csv:3971 data 13807
    regex_detector_test.go:84: Expected label ZipCode, got  ([]), file ZipCode.csv:3972 data 13808
    regex_detector_test.go:84: Expected label ZipCode, got  ([]), file ZipCode.csv:3973 data 13809
    regex_detector_test.go:84: Expected label ZipCode, got  ([]), file ZipCode.csv:3974 data 13810
    regex_detector_test.go:84: Expected label ZipCode, got  ([]), file ZipCode.csv:3975 data 13811
    regex_detector_test.go:84: Expected label ZipCode, got  ([]), file ZipCode.csv:3976 data 13812
    regex_detector_test.go:84: Expected label ZipCode, got  ([]), file ZipCode.csv:3977 data 13813
    regex_detector_test.go:84: Expected label ZipCode, got  ([]), file ZipCode.csv:3978 data 13814
    regex_detector_test.go:84: Expected label ZipCode, got  ([]), file ZipCode.csv:3979 data 13815
    regex_detector_test.go:84: Expected label ZipCode, got  ([]), file ZipCode.csv:3980 data 13820
    regex_detector_test.go:84: Expected label ZipCode, got  ([]), file ZipCode.csv:3981 data 13825
    regex_detector_test.go:84: Expected label ZipCode, got  ([]), file ZipCode.csv:3982 data 13826
    regex_detector_test.go:84: Expected label ZipCode, got  ([]), file ZipCode.csv:3983 data 13827
    regex_detector_test.go:84: Expected label ZipCode, got  ([]), file ZipCode.csv:3984 data 13830
    regex_detector_test.go:84: Expected label ZipCode, got  ([]), file ZipCode.csv:3985 data 13832
    regex_detector_test.go:84: Expected label ZipCode, got  ([]), file ZipCode.csv:3986 data 13833
    regex_detector_test.go:84: Expected label ZipCode, got  ([]), file ZipCode.csv:3987 data 13834
    regex_detector_test.go:84: Expected label ZipCode, got  ([]), file ZipCode.csv:3988 data 13835
    regex_detector_test.go:84: Expected label ZipCode, got  ([]), file ZipCode.csv:3989 data 13838
    regex_detector_test.go:84: Expected label ZipCode, got  ([]), file ZipCode.csv:3990 data 13839
    regex_detector_test.go:84: Expected label ZipCode, got  ([]), file ZipCode.csv:3991 data 13841
    regex_detector_test.go:84: Expected label ZipCode, got  ([]), file ZipCode.csv:3992 data 13842
    regex_detector_test.go:84: Expected label ZipCode, got  ([]), file ZipCode.csv:3993 data 13843
    regex_detector_test.go:84: Expected label ZipCode, got  ([]), file ZipCode.csv:3994 data 13844
    regex_detector_test.go:84: Expected label ZipCode, got  ([]), file ZipCode.csv:3995 data 13846
    regex_detector_test.go:84: Expected label ZipCode, got  ([]), file ZipCode.csv:3996 data 13847
    regex_detector_test.go:84: Expected label ZipCode, got  ([]), file ZipCode.csv:3997 data 13849
    regex_detector_test.go:84: Expected label ZipCode, got  ([]), file ZipCode.csv:3998 data 13850
    regex_detector_test.go:84: Expected label ZipCode, got  ([]), file ZipCode.csv:3999 data 13856
    regex_detector_test.go:84: Expected label ZipCode, got  ([]), file ZipCode.csv:4000 data 13859
    regex_detector_test.go:84: Expected label ZipCode, got  ([]), file ZipCode.csv:4001 data 13860
    regex_detector_test.go:84: Expected label ZipCode, got  ([]), file ZipCode.csv:4002 data 13861
    regex_detector_test.go:84: Expected label ZipCode, got  ([]), file ZipCode.csv:4003 data 13862
    regex_detector_test.go:84: Expected label ZipCode, got  ([]), file ZipCode.csv:4004 data 13863
    regex_detector_test.go:84: Expected label ZipCode, got  ([]), file ZipCode.csv:4005 data 13864
    regex_detector_test.go:84: Expected label ZipCode, got  ([]), file ZipCode.csv:4006 data 13865
    regex_detector_test.go:84: Expected label ZipCode, got  ([]), file ZipCode.csv:4007 data 13901
    regex_detector_test.go:84: Expected label ZipCode, got  ([]), file ZipCode.csv:4008 data 13902
    regex_detector_test.go:84: Expected label ZipCode, got  ([]), file ZipCode.csv:4009 data 13903
    regex_detector_test.go:84: Expected label ZipCode, got  ([]), file ZipCode.csv:4010 data 13904
    regex_detector_test.go:84: Expected label ZipCode, got  ([]), file ZipCode.csv:4011 data 13905
    regex_detector_test.go:84: Expected label ZipCode, got  ([]), file ZipCode.csv:4012 data 14001
    regex_detector_test.go:84: Expected label ZipCode, got  ([]), file ZipCode.csv:4013 data 14004
    regex_detector_test.go:84: Expected label ZipCode, got  ([]), file ZipCode.csv:4014 data 14005
    regex_detector_test.go:84: Expected label ZipCode, got  ([]), file ZipCode.csv:4015 data 14006
    regex_detector_test.go:84: Expected label ZipCode, got  ([]), file ZipCode.csv:4016 data 14008
    regex_detector_test.go:84: Expected label ZipCode, got  ([]), file ZipCode.csv:4017 data 14009
    regex_detector_test.go:84: Expected label ZipCode, got  ([]), file ZipCode.csv:4018 data 14011
    regex_detector_test.go:84: Expected label ZipCode, got  ([]), file ZipCode.csv:4019 data 14012
    regex_detector_test.go:84: Expected label ZipCode, got  ([]), file ZipCode.csv:4020 data 14013
    regex_detector_test.go:84: Expected label ZipCode, got  ([]), file ZipCode.csv:4021 data 14020
    regex_detector_test.go:84: Expected label ZipCode, got  ([]), file ZipCode.csv:4022 data 14024
    regex_detector_test.go:84: Expected label ZipCode, got  ([]), file ZipCode.csv:4023 data 14025
    regex_detector_test.go:84: Expected label ZipCode, got  ([]), file ZipCode.csv:4024 data 14026
    regex_detector_test.go:84: Expected label ZipCode, got  ([]), file ZipCode.csv:4025 data 14027
    regex_detector_test.go:84: Expected label ZipCode, got  ([]), file ZipCode.csv:4026 data 14028
    regex_detector_test.go:84: Expected label ZipCode, got  ([]), file ZipCode.csv:4027 data 14029
    regex_detector_test.go:84: Expected label ZipCode, got  ([]), file ZipCode.csv:4028 data 14030
    regex_detector_test.go:84: Expected label ZipCode, got  ([]), file ZipCode.csv:4029 data 14031
    regex_detector_test.go:84: Expected label ZipCode, got  ([]), file ZipCode.csv:4030 data 14032
    regex_detector_test.go:84: Expected label ZipCode, got  ([]), file ZipCode.csv:4031 data 14033
    regex_detector_test.go:84: Expected label ZipCode, got  ([]), file ZipCode.csv:4032 data 14034
    regex_detector_test.go:84: Expected label ZipCode, got  ([]), file ZipCode.csv:4033 data 14035
    regex_detector_test.go:84: Expected label ZipCode, got  ([]), file ZipCode.csv:4034 data 14036
    regex_detector_test.go:84: Expected label ZipCode, got  ([]), file ZipCode.csv:4035 data 14037
    regex_detector_test.go:84: Expected label ZipCode, got  ([]), file ZipCode.csv:4036 data 14039
    regex_detector_test.go:84: Expected label ZipCode, got  ([]), file ZipCode.csv:4037 data 14040
    regex_detector_test.go:84: Expected label ZipCode, got  ([]), file ZipCode.csv:4038 data 14041
    regex_detector_test.go:84: Expected label ZipCode, got  ([]), file ZipCode.csv:4039 data 14042
    regex_detector_test.go:84: Expected label ZipCode, got  ([]), file ZipCode.csv:4040 data 14043
    regex_detector_test.go:84: Expected label ZipCode, got  ([]), file ZipCode.csv:4041 data 14047
    regex_detector_test.go:84: Expected label ZipCode, got  ([]), file ZipCode.csv:4042 data 14048
    regex_detector_test.go:84: Expected label ZipCode, got  ([]), file ZipCode.csv:4043 data 14051
    regex_detector_test.go:84: Expected label ZipCode, got  ([]), file ZipCode.csv:4044 data 14052
    regex_detector_test.go:84: Expected label ZipCode, got  ([]), file ZipCode.csv:4045 data 14054
    regex_detector_test.go:84: Expected label ZipCode, got  ([]), file ZipCode.csv:4046 data 14055
    regex_detector_test.go:84: Expected label ZipCode, got  ([]), file ZipCode.csv:4047 data 14056
    regex_detector_test.go:84: Expected label ZipCode, got  ([]), file ZipCode.csv:4048 data 14057
    regex_detector_test.go:84: Expected label ZipCode, got  ([]), file ZipCode.csv:4049 data 14058
    regex_detector_test.go:84: Expected label ZipCode, got  ([]), file ZipCode.csv:4050 data 14059
    regex_detector_test.go:84: Expected label ZipCode, got  ([]), file ZipCode.csv:4051 data 14060
    regex_detector_test.go:84: Expected label ZipCode, got  ([]), file ZipCode.csv:4052 data 14061
    regex_detector_test.go:84: Expected label ZipCode, got  ([]), file ZipCode.csv:4053 data 14062
    regex_detector_test.go:84: Expected label ZipCode, got  ([]), file ZipCode.csv:4054 data 14063
    regex_detector_test.go:84: Expected label ZipCode, got  ([]), file ZipCode.csv:4055 data 14065
    regex_detector_test.go:84: Expected label ZipCode, got  ([]), file ZipCode.csv:4056 data 14066
    regex_detector_test.go:84: Expected label ZipCode, got  ([]), file ZipCode.csv:4057 data 14067
    regex_detector_test.go:84: Expected label ZipCode, got  ([]), file ZipCode.csv:4058 data 14068
    regex_detector_test.go:84: Expected label ZipCode, got  ([]), file ZipCode.csv:4059 data 14069
    regex_detector_test.go:84: Expected label ZipCode, got  ([]), file ZipCode.csv:4060 data 14070
    regex_detector_test.go:84: Expected label ZipCode, got  ([]), file ZipCode.csv:4061 data 14072
    regex_detector_test.go:84: Expected label ZipCode, got  ([]), file ZipCode.csv:4062 data 14075
    regex_detector_test.go:84: Expected label ZipCode, got  ([]), file ZipCode.csv:4063 data 14080
    regex_detector_test.go:84: Expected label ZipCode, got  ([]), file ZipCode.csv:4064 data 14081
    regex_detector_test.go:84: Expected label ZipCode, got  ([]), file ZipCode.csv:4065 data 14082
    regex_detector_test.go:84: Expected label ZipCode, got  ([]), file ZipCode.csv:4066 data 14083
    regex_detector_test.go:84: Expected label ZipCode, got  ([]), file ZipCode.csv:4067 data 14085
    regex_detector_test.go:84: Expected label ZipCode, got  ([]), file ZipCode.csv:4068 data 14086
    regex_detector_test.go:84: Expected label ZipCode, got  ([]), file ZipCode.csv:4069 data 14091
    regex_detector_test.go:84: Expected label ZipCode, got  ([]), file ZipCode.csv:4070 data 14092
    regex_detector_test.go:84: Expected label ZipCode, got  ([]), file ZipCode.csv:4071 data 14094
    regex_detector_test.go:84: Expected label ZipCode, got  ([]), file ZipCode.csv:4072 data 14098
    regex_detector_test.go:84: Expected label ZipCode, got  ([]), file ZipCode.csv:4073 data 14101
    regex_detector_test.go:84: Expected label ZipCode, got  ([]), file ZipCode.csv:4074 data 14102
    regex_detector_test.go:84: Expected label ZipCode, got  ([]), file ZipCode.csv:4075 data 14103
    regex_detector_test.go:84: Expected label ZipCode, got  ([]), file ZipCode.csv:4076 data 14105
    regex_detector_test.go:84: Expected label ZipCode, got  ([]), file ZipCode.csv:4077 data 14108
    regex_detector_test.go:84: Expected label ZipCode, got  ([]), file ZipCode.csv:4078 data 14109
    regex_detector_test.go:84: Expected label ZipCode, got  ([]), file ZipCode.csv:4079 data 14111
    regex_detector_test.go:84: Expected label ZipCode, got  ([]), file ZipCode.csv:4080 data 14112
    regex_detector_test.go:84: Expected label ZipCode, got  ([]), file ZipCode.csv:4081 data 14113
    regex_detector_test.go:84: Expected label ZipCode, got  ([]), file ZipCode.csv:4082 data 14120
    regex_detector_test.go:84: Expected label ZipCode, got  ([]), file ZipCode.csv:4083 data 14125
    regex_detector_test.go:84: Expected label ZipCode, got  ([]), file ZipCode.csv:4084 data 14126
    regex_detector_test.go:84: Expected label ZipCode, got  ([]), file ZipCode.csv:4085 data 14127
    regex_detector_test.go:84: Expected label ZipCode, got  ([]), file ZipCode.csv:4086 data 14129
    regex_detector_test.go:84: Expected label ZipCode, got  ([]), file ZipCode.csv:4087 data 14130
    regex_detector_test.go:84: Expected label ZipCode, got  ([]), file ZipCode.csv:4088 data 14131
    regex_detector_test.go:84: Expected label ZipCode, got  ([]), file ZipCode.csv:4089 data 14132
    regex_detector_test.go:84: Expected label ZipCode, got  ([]), file ZipCode.csv:4090 data 14134
    regex_detector_test.go:84: Expected label ZipCode, got  ([]), file ZipCode.csv:4091 data 14135
    regex_detector_test.go:84: Expected label ZipCode, got  ([]), file ZipCode.csv:4092 data 14136
    regex_detector_test.go:84: Expected label ZipCode, got  ([]), file ZipCode.csv:4093 data 14138
    regex_detector_test.go:84: Expected label ZipCode, got  ([]), file ZipCode.csv:4094 data 14139
    regex_detector_test.go:84: Expected label ZipCode, got  ([]), file ZipCode.csv:4095 data 14141
    regex_detector_test.go:84: Expected label ZipCode, got  ([]), file ZipCode.csv:4096 data 14143
    regex_detector_test.go:84: Expected label ZipCode, got  ([]), file ZipCode.csv:4097 data 14145
    regex_detector_test.go:84: Expected label ZipCode, got  ([]), file ZipCode.csv:4098 data 14150
    regex_detector_test.go:84: Expected label ZipCode, got  ([]), file ZipCode.csv:4099 data 14166
    regex_detector_test.go:84: Expected label ZipCode, got  ([]), file ZipCode.csv:4100 data 14167
    regex_detector_test.go:84: Expected label ZipCode, got  ([]), file ZipCode.csv:4101 data 14168
    regex_detector_test.go:84: Expected label ZipCode, got  ([]), file ZipCode.csv:4102 data 14169
    regex_detector_test.go:84: Expected label ZipCode, got  ([]), file ZipCode.csv:4103 data 14170
    regex_detector_test.go:84: Expected label ZipCode, got  ([]), file ZipCode.csv:4104 data 14171
    regex_detector_test.go:84: Expected label ZipCode, got  ([]), file ZipCode.csv:4105 data 14172
    regex_detector_test.go:84: Expected label ZipCode, got  ([]), file ZipCode.csv:4106 data 14173
    regex_detector_test.go:84: Expected label ZipCode, got  ([]), file ZipCode.csv:4107 data 14174
    regex_detector_test.go:84: Expected label ZipCode, got  ([]), file ZipCode.csv:4108 data 14201
    regex_detector_test.go:84: Expected label ZipCode, got  ([]), file ZipCode.csv:4109 data 14202
    regex_detector_test.go:84: Expected label ZipCode, got  ([]), file ZipCode.csv:4110 data 14203
    regex_detector_test.go:84: Expected label ZipCode, got  ([]), file ZipCode.csv:4111 data 14204
    regex_detector_test.go:84: Expected label ZipCode, got  ([]), file ZipCode.csv:4112 data 14206
    regex_detector_test.go:84: Expected label ZipCode, got  ([]), file ZipCode.csv:4113 data 14207
    regex_detector_test.go:84: Expected label ZipCode, got  ([]), file ZipCode.csv:4114 data 14208
    regex_detector_test.go:84: Expected label ZipCode, got  ([]), file ZipCode.csv:4115 data 14209
    regex_detector_test.go:84: Expected label ZipCode, got  ([]), file ZipCode.csv:4116 data 14210
    regex_detector_test.go:84: Expected label ZipCode, got  ([]), file ZipCode.csv:4117 data 14211
    regex_detector_test.go:84: Expected label ZipCode, got  ([]), file ZipCode.csv:4118 data 14212
    regex_detector_test.go:84: Expected label ZipCode, got  ([]), file ZipCode.csv:4119 data 14213
    regex_detector_test.go:84: Expected label ZipCode, got  ([]), file ZipCode.csv:4120 data 14214
    regex_detector_test.go:84: Expected label ZipCode, got  ([]), file ZipCode.csv:4121 data 14215
    regex_detector_test.go:84: Expected label ZipCode, got  ([]), file ZipCode.csv:4122 data 14216
    regex_detector_test.go:84: Expected label ZipCode, got  ([]), file ZipCode.csv:4123 data 14217
    regex_detector_test.go:84: Expected label ZipCode, got  ([]), file ZipCode.csv:4124 data 14218
    regex_detector_test.go:84: Expected label ZipCode, got  ([]), file ZipCode.csv:4125 data 14219
    regex_detector_test.go:84: Expected label ZipCode, got  ([]), file ZipCode.csv:4126 data 14220
    regex_detector_test.go:84: Expected label ZipCode, got  ([]), file ZipCode.csv:4127 data 14221
    regex_detector_test.go:84: Expected label ZipCode, got  ([]), file ZipCode.csv:4128 data 14222
    regex_detector_test.go:84: Expected label ZipCode, got  ([]), file ZipCode.csv:4129 data 14223
    regex_detector_test.go:84: Expected label ZipCode, got  ([]), file ZipCode.csv:4130 data 14224
    regex_detector_test.go:84: Expected label ZipCode, got  ([]), file ZipCode.csv:4131 data 14225
    regex_detector_test.go:84: Expected label ZipCode, got  ([]), file ZipCode.csv:4132 data 14226
    regex_detector_test.go:84: Expected label ZipCode, got  ([]), file ZipCode.csv:4133 data 14227
    regex_detector_test.go:84: Expected label ZipCode, got  ([]), file ZipCode.csv:4134 data 14228
    regex_detector_test.go:84: Expected label ZipCode, got  ([]), file ZipCode.csv:4135 data 14260
    regex_detector_test.go:84: Expected label ZipCode, got  ([]), file ZipCode.csv:4136 data 14261
    regex_detector_test.go:84: Expected label ZipCode, got  ([]), file ZipCode.csv:4137 data 14301
    regex_detector_test.go:84: Expected label ZipCode, got  ([]), file ZipCode.csv:4138 data 14302
    regex_detector_test.go:84: Expected label ZipCode, got  ([]), file ZipCode.csv:4139 data 14303
    regex_detector_test.go:84: Expected label ZipCode, got  ([]), file ZipCode.csv:4140 data 14304
    regex_detector_test.go:84: Expected label ZipCode, got  ([]), file ZipCode.csv:4141 data 14305
    regex_detector_test.go:84: Expected label ZipCode, got  ([]), file ZipCode.csv:4142 data 14411
    regex_detector_test.go:84: Expected label ZipCode, got  ([]), file ZipCode.csv:4143 data 14413
    regex_detector_test.go:84: Expected label ZipCode, got  ([]), file ZipCode.csv:4144 data 14414
    regex_detector_test.go:84: Expected label ZipCode, got  ([]), file ZipCode.csv:4145 data 14415
    regex_detector_test.go:84: Expected label ZipCode, got  ([]), file ZipCode.csv:4146 data 14416
    regex_detector_test.go:84: Expected label ZipCode, got  ([]), file ZipCode.csv:4147 data 14418
    regex_detector_test.go:84: Expected label ZipCode, got  ([]), file ZipCode.csv:4148 data 14420
    regex_detector_test.go:84: Expected label ZipCode, got  ([]), file ZipCode.csv:4149 data 14422
    regex_detector_test.go:84: Expected label ZipCode, got  ([]), file ZipCode.csv:4150 data 14423
    regex_detector_test.go:84: Expected label ZipCode, got  ([]), file ZipCode.csv:4151 data 14424
    regex_detector_test.go:84: Expected label ZipCode, got  ([]), file ZipCode.csv:4152 data 14425
    regex_detector_test.go:84: Expected label ZipCode, got  ([]), file ZipCode.csv:4153 data 14427
    regex_detector_test.go:84: Expected label ZipCode, got  ([]), file ZipCode.csv:4154 data 14428
    regex_detector_test.go:84: Expected label ZipCode, got  ([]), file ZipCode.csv:4155 data 14432
    regex_detector_test.go:84: Expected label ZipCode, got  ([]), file ZipCode.csv:4156 data 14433
    regex_detector_test.go:84: Expected label ZipCode, got  ([]), file ZipCode.csv:4157 data 14435
    regex_detector_test.go:84: Expected label ZipCode, got  ([]), file ZipCode.csv:4158 data 14437
    regex_detector_test.go:84: Expected label ZipCode, got  ([]), file ZipCode.csv:4159 data 14441
    regex_detector_test.go:84: Expected label ZipCode, got  ([]), file ZipCode.csv:4160 data 14445
    regex_detector_test.go:84: Expected label ZipCode, got  ([]), file ZipCode.csv:4161 data 14450
    regex_detector_test.go:84: Expected label ZipCode, got  ([]), file ZipCode.csv:4162 data 14453
    regex_detector_test.go:84: Expected label ZipCode, got  ([]), file ZipCode.csv:4163 data 14454
    regex_detector_test.go:84: Expected label ZipCode, got  ([]), file ZipCode.csv:4164 data 14456
    regex_detector_test.go:84: Expected label ZipCode, got  ([]), file ZipCode.csv:4165 data 14462
    regex_detector_test.go:84: Expected label ZipCode, got  ([]), file ZipCode.csv:4166 data 14463
    regex_detector_test.go:84: Expected label ZipCode, got  ([]), file ZipCode.csv:4167 data 14464
    regex_detector_test.go:84: Expected label ZipCode, got  ([]), file ZipCode.csv:4168 data 14466
    regex_detector_test.go:84: Expected label ZipCode, got  ([]), file ZipCode.csv:4169 data 14467
    regex_detector_test.go:84: Expected label ZipCode, got  ([]), file ZipCode.csv:4170 data 14468
    regex_detector_test.go:84: Expected label ZipCode, got  ([]), file ZipCode.csv:4171 data 14469
    regex_detector_test.go:84: Expected label ZipCode, got  ([]), file ZipCode.csv:4172 data 14470
    regex_detector_test.go:84: Expected label ZipCode, got  ([]), file ZipCode.csv:4173 data 14471
    regex_detector_test.go:84: Expected label ZipCode, got  ([]), file ZipCode.csv:4174 data 14472
    regex_detector_test.go:84: Expected label ZipCode, got  ([]), file ZipCode.csv:4175 data 14475
    regex_detector_test.go:84: Expected label ZipCode, got  ([]), file ZipCode.csv:4176 data 14476
    regex_detector_test.go:84: Expected label ZipCode, got  ([]), file ZipCode.csv:4177 data 14477
    regex_detector_test.go:84: Expected label ZipCode, got  ([]), file ZipCode.csv:4178 data 14478
    regex_detector_test.go:84: Expected label ZipCode, got  ([]), file ZipCode.csv:4179 data 14479
    regex_detector_test.go:84: Expected label ZipCode, got  ([]), file ZipCode.csv:4180 data 14480
    regex_detector_test.go:84: Expected label ZipCode, got  ([]), file ZipCode.csv:4181 data 14481
    regex_detector_test.go:84: Expected label ZipCode, got  ([]), file ZipCode.csv:4182 data 14482
    regex_detector_test.go:84: Expected label ZipCode, got  ([]), file ZipCode.csv:4183 data 14485
    regex_detector_test.go:84: Expected label ZipCode, got  ([]), file ZipCode.csv:4184 data 14486
    regex_detector_test.go:84: Expected label ZipCode, got  ([]), file ZipCode.csv:4185 data 14487
    regex_detector_test.go:84: Expected label ZipCode, got  ([]), file ZipCode.csv:4186 data 14489
    regex_detector_test.go:84: Expected label ZipCode, got  ([]), file ZipCode.csv:4187 data 14502
    regex_detector_test.go:84: Expected label ZipCode, got  ([]), file ZipCode.csv:4188 data 14504
    regex_detector_test.go:84: Expected label ZipCode, got  ([]), file ZipCode.csv:4189 data 14505
    regex_detector_test.go:84: Expected label ZipCode, got  ([]), file ZipCode.csv:4190 data 14506
    regex_detector_test.go:84: Expected label ZipCode, got  ([]), file ZipCode.csv:4191 data 14507
    regex_detector_test.go:84: Expected label ZipCode, got  ([]), file ZipCode.csv:4192 data 14510
    regex_detector_test.go:84: Expected label ZipCode, got  ([]), file ZipCode.csv:4193 data 14511
    regex_detector_test.go:84: Expected label ZipCode, got  ([]), file ZipCode.csv:4194 data 14512
    regex_detector_test.go:84: Expected label ZipCode, got  ([]), file ZipCode.csv:4195 data 14513
    regex_detector_test.go:84: Expected label ZipCode, got  ([]), file ZipCode.csv:4196 data 14514
    regex_detector_test.go:84: Expected label ZipCode, got  ([]), file ZipCode.csv:4197 data 14515
    regex_detector_test.go:84: Expected label ZipCode, got  ([]), file ZipCode.csv:4198 data 14516
    regex_detector_test.go:84: Expected label ZipCode, got  ([]), file ZipCode.csv:4199 data 14517
    regex_detector_test.go:84: Expected label ZipCode, got  ([]), file ZipCode.csv:4200 data 14519
    regex_detector_test.go:84: Expected label ZipCode, got  ([]), file ZipCode.csv:4201 data 14521
    regex_detector_test.go:84: Expected label ZipCode, got  ([]), file ZipCode.csv:4202 data 14522
    regex_detector_test.go:84: Expected label ZipCode, got  ([]), file ZipCode.csv:4203 data 14525
    regex_detector_test.go:84: Expected label ZipCode, got  ([]), file ZipCode.csv:4204 data 14526
    regex_detector_test.go:84: Expected label ZipCode, got  ([]), file ZipCode.csv:4205 data 14527
    regex_detector_test.go:84: Expected label ZipCode, got  ([]), file ZipCode.csv:4206 data 14529
    regex_detector_test.go:84: Expected label ZipCode, got  ([]), file ZipCode.csv:4207 data 14530
    regex_detector_test.go:84: Expected label ZipCode, got  ([]), file ZipCode.csv:4208 data 14532
    regex_detector_test.go:84: Expected label ZipCode, got  ([]), file ZipCode.csv:4209 data 14533
    regex_detector_test.go:84: Expected label ZipCode, got  ([]), file ZipCode.csv:4210 data 14534
    regex_detector_test.go:84: Expected label ZipCode, got  ([]), file ZipCode.csv:4211 data 14536
    regex_detector_test.go:84: Expected label ZipCode, got  ([]), file ZipCode.csv:4212 data 14537
    regex_detector_test.go:84: Expected label ZipCode, got  ([]), file ZipCode.csv:4213 data 14539
    regex_detector_test.go:84: Expected label ZipCode, got  ([]), file ZipCode.csv:4214 data 14541
    regex_detector_test.go:84: Expected label ZipCode, got  ([]), file ZipCode.csv:4215 data 14542
    regex_detector_test.go:84: Expected label ZipCode, got  ([]), file ZipCode.csv:4216 data 14543
    regex_detector_test.go:84: Expected label ZipCode, got  ([]), file ZipCode.csv:4217 data 14544
    regex_detector_test.go:84: Expected label ZipCode, got  ([]), file ZipCode.csv:4218 data 14545
    regex_detector_test.go:84: Expected label ZipCode, got  ([]), file ZipCode.csv:4219 data 14546
    regex_detector_test.go:84: Expected label ZipCode, got  ([]), file ZipCode.csv:4220 data 14548
    regex_detector_test.go:84: Expected label ZipCode, got  ([]), file ZipCode.csv:4221 data 14549
    regex_detector_test.go:84: Expected label ZipCode, got  ([]), file ZipCode.csv:4222 data 14550
    regex_detector_test.go:84: Expected label ZipCode, got  ([]), file ZipCode.csv:4223 data 14551
    regex_detector_test.go:84: Expected label ZipCode, got  ([]), file ZipCode.csv:4224 data 14555
    regex_detector_test.go:84: Expected label ZipCode, got  ([]), file ZipCode.csv:4225 data 14556
    regex_detector_test.go:84: Expected label ZipCode, got  ([]), file ZipCode.csv:4226 data 14557
    regex_detector_test.go:84: Expected label ZipCode, got  ([]), file ZipCode.csv:4227 data 14559
    regex_detector_test.go:84: Expected label ZipCode, got  ([]), file ZipCode.csv:4228 data 14560
    regex_detector_test.go:84: Expected label ZipCode, got  ([]), file ZipCode.csv:4229 data 14561
    regex_detector_test.go:84: Expected label ZipCode, got  ([]), file ZipCode.csv:4230 data 14564
    regex_detector_test.go:84: Expected label ZipCode, got  ([]), file ZipCode.csv:4231 data 14568
    regex_detector_test.go:84: Expected label ZipCode, got  ([]), file ZipCode.csv:4232 data 14569
    regex_detector_test.go:84: Expected label ZipCode, got  ([]), file ZipCode.csv:4233 data 14571
    regex_detector_test.go:84: Expected label ZipCode, got  ([]), file ZipCode.csv:4234 data 14572
    regex_detector_test.go:84: Expected label ZipCode, got  ([]), file ZipCode.csv:4235 data 14580
    regex_detector_test.go:84: Expected label ZipCode, got  ([]), file ZipCode.csv:4236 data 14585
    regex_detector_test.go:84: Expected label ZipCode, got  ([]), file ZipCode.csv:4237 data 14586
    regex_detector_test.go:84: Expected label ZipCode, got  ([]), file ZipCode.csv:4238 data 14588
    regex_detector_test.go:84: Expected label ZipCode, got  ([]), file ZipCode.csv:4239 data 14589
    regex_detector_test.go:84: Expected label ZipCode, got  ([]), file ZipCode.csv:4240 data 14590
    regex_detector_test.go:84: Expected label ZipCode, got  ([]), file ZipCode.csv:4241 data 14591
    regex_detector_test.go:84: Expected label ZipCode, got  ([]), file ZipCode.csv:4242 data 14592
    regex_detector_test.go:84: Expected label ZipCode, got  ([]), file ZipCode.csv:4243 data 14604
    regex_detector_test.go:84: Expected label ZipCode, got  ([]), file ZipCode.csv:4244 data 14605
    regex_detector_test.go:84: Expected label ZipCode, got  ([]), file ZipCode.csv:4245 data 14606
    regex_detector_test.go:84: Expected label ZipCode, got  ([]), file ZipCode.csv:4246 data 14607
    regex_detector_test.go:84: Expected label ZipCode, got  ([]), file ZipCode.csv:4247 data 14608
    regex_detector_test.go:84: Expected label ZipCode, got  ([]), file ZipCode.csv:4248 data 14609
    regex_detector_test.go:84: Expected label ZipCode, got  ([]), file ZipCode.csv:4249 data 14610
    regex_detector_test.go:84: Expected label ZipCode, got  ([]), file ZipCode.csv:4250 data 14611
    regex_detector_test.go:84: Expected label ZipCode, got  ([]), file ZipCode.csv:4251 data 14612
    regex_detector_test.go:84: Expected label ZipCode, got  ([]), file ZipCode.csv:4252 data 14613
    regex_detector_test.go:84: Expected label ZipCode, got  ([]), file ZipCode.csv:4253 data 14614
    regex_detector_test.go:84: Expected label ZipCode, got  ([]), file ZipCode.csv:4254 data 14615
    regex_detector_test.go:84: Expected label ZipCode, got  ([]), file ZipCode.csv:4255 data 14616
    regex_detector_test.go:84: Expected label ZipCode, got  ([]), file ZipCode.csv:4256 data 14617
    regex_detector_test.go:84: Expected label ZipCode, got  ([]), file ZipCode.csv:4257 data 14618
    regex_detector_test.go:84: Expected label ZipCode, got  ([]), file ZipCode.csv:4258 data 14619
    regex_detector_test.go:84: Expected label ZipCode, got  ([]), file ZipCode.csv:4259 data 14620
    regex_detector_test.go:84: Expected label ZipCode, got  ([]), file ZipCode.csv:4260 data 14621
    regex_detector_test.go:84: Expected label ZipCode, got  ([]), file ZipCode.csv:4261 data 14622
    regex_detector_test.go:84: Expected label ZipCode, got  ([]), file ZipCode.csv:4262 data 14623
    regex_detector_test.go:84: Expected label ZipCode, got  ([]), file ZipCode.csv:4263 data 14624
    regex_detector_test.go:84: Expected label ZipCode, got  ([]), file ZipCode.csv:4264 data 14625
    regex_detector_test.go:84: Expected label ZipCode, got  ([]), file ZipCode.csv:4265 data 14626
    regex_detector_test.go:84: Expected label ZipCode, got  ([]), file ZipCode.csv:4266 data 14627
    regex_detector_test.go:84: Expected label ZipCode, got  ([]), file ZipCode.csv:4267 data 14642
    regex_detector_test.go:84: Expected label ZipCode, got  ([]), file ZipCode.csv:4268 data 14701
    regex_detector_test.go:84: Expected label ZipCode, got  ([]), file ZipCode.csv:4269 data 14706
    regex_detector_test.go:84: Expected label ZipCode, got  ([]), file ZipCode.csv:4270 data 14707
    regex_detector_test.go:84: Expected label ZipCode, got  ([]), file ZipCode.csv:4271 data 14708
    regex_detector_test.go:84: Expected label ZipCode, got  ([]), file ZipCode.csv:4272 data 14709
    regex_detector_test.go:84: Expected label ZipCode, got  ([]), file ZipCode.csv:4273 data 14710
    regex_detector_test.go:84: Expected label ZipCode, got  ([]), file ZipCode.csv:4274 data 14711
    regex_detector_test.go:84: Expected label ZipCode, got  ([]), file ZipCode.csv:4275 data 14712
    regex_detector_test.go:84: Expected label ZipCode, got  ([]), file ZipCode.csv:4276 data 14714
    regex_detector_test.go:84: Expected label ZipCode, got  ([]), file ZipCode.csv:4277 data 14715
    regex_detector_test.go:84: Expected label ZipCode, got  ([]), file ZipCode.csv:4278 data 14716
    regex_detector_test.go:84: Expected label ZipCode, got  ([]), file ZipCode.csv:4279 data 14717
    regex_detector_test.go:84: Expected label ZipCode, got  ([]), file ZipCode.csv:4280 data 14718
    regex_detector_test.go:84: Expected label ZipCode, got  ([]), file ZipCode.csv:4281 data 14719
    regex_detector_test.go:84: Expected label ZipCode, got  ([]), file ZipCode.csv:4282 data 14720
    regex_detector_test.go:84: Expected label ZipCode, got  ([]), file ZipCode.csv:4283 data 14721
    regex_detector_test.go:84: Expected label ZipCode, got  ([]), file ZipCode.csv:4284 data 14722
    regex_detector_test.go:84: Expected label ZipCode, got  ([]), file ZipCode.csv:4285 data 14723
    regex_detector_test.go:84: Expected label ZipCode, got  ([]), file ZipCode.csv:4286 data 14724
    regex_detector_test.go:84: Expected label ZipCode, got  ([]), file ZipCode.csv:4287 data 14726
    regex_detector_test.go:84: Expected label ZipCode, got  ([]), file ZipCode.csv:4288 data 14727
    regex_detector_test.go:84: Expected label ZipCode, got  ([]), file ZipCode.csv:4289 data 14728
    regex_detector_test.go:84: Expected label ZipCode, got  ([]), file ZipCode.csv:4290 data 14729
    regex_detector_test.go:84: Expected label ZipCode, got  ([]), file ZipCode.csv:4291 data 14731
    regex_detector_test.go:84: Expected label ZipCode, got  ([]), file ZipCode.csv:4292 data 14732
    regex_detector_test.go:84: Expected label ZipCode, got  ([]), file ZipCode.csv:4293 data 14733
    regex_detector_test.go:84: Expected label ZipCode, got  ([]), file ZipCode.csv:4294 data 14735
    regex_detector_test.go:84: Expected label ZipCode, got  ([]), file ZipCode.csv:4295 data 14736
    regex_detector_test.go:84: Expected label ZipCode, got  ([]), file ZipCode.csv:4296 data 14737
    regex_detector_test.go:84: Expected label ZipCode, got  ([]), file ZipCode.csv:4297 data 14738
    regex_detector_test.go:84: Expected label ZipCode, got  ([]), file ZipCode.csv:4298 data 14739
    regex_detector_test.go:84: Expected label ZipCode, got  ([]), file ZipCode.csv:4299 data 14740
    regex_detector_test.go:84: Expected label ZipCode, got  ([]), file ZipCode.csv:4300 data 14741
    regex_detector_test.go:84: Expected label ZipCode, got  ([]), file ZipCode.csv:4301 data 14742
    regex_detector_test.go:84: Expected label ZipCode, got  ([]), file ZipCode.csv:4302 data 14743
    regex_detector_test.go:84: Expected label ZipCode, got  ([]), file ZipCode.csv:4303 data 14744
    regex_detector_test.go:84: Expected label ZipCode, got  ([]), file ZipCode.csv:4304 data 14747
    regex_detector_test.go:84: Expected label ZipCode, got  ([]), file ZipCode.csv:4305 data 14748
    regex_detector_test.go:84: Expected label ZipCode, got  ([]), file ZipCode.csv:4306 data 14750
    regex_detector_test.go:84: Expected label ZipCode, got  ([]), file ZipCode.csv:4307 data 14752
    regex_detector_test.go:84: Expected label ZipCode, got  ([]), file ZipCode.csv:4308 data 14753
    regex_detector_test.go:84: Expected label ZipCode, got  ([]), file ZipCode.csv:4309 data 14754
    regex_detector_test.go:84: Expected label ZipCode, got  ([]), file ZipCode.csv:4310 data 14755
    regex_detector_test.go:84: Expected label ZipCode, got  ([]), file ZipCode.csv:4311 data 14756
    regex_detector_test.go:84: Expected label ZipCode, got  ([]), file ZipCode.csv:4312 data 14757
    regex_detector_test.go:84: Expected label ZipCode, got  ([]), file ZipCode.csv:4313 data 14760
    regex_detector_test.go:84: Expected label ZipCode, got  ([]), file ZipCode.csv:4314 data 14767
    regex_detector_test.go:84: Expected label ZipCode, got  ([]), file ZipCode.csv:4315 data 14769
    regex_detector_test.go:84: Expected label ZipCode, got  ([]), file ZipCode.csv:4316 data 14770
    regex_detector_test.go:84: Expected label ZipCode, got  ([]), file ZipCode.csv:4317 data 14772
    regex_detector_test.go:84: Expected label ZipCode, got  ([]), file ZipCode.csv:4318 data 14774
    regex_detector_test.go:84: Expected label ZipCode, got  ([]), file ZipCode.csv:4319 data 14775
    regex_detector_test.go:84: Expected label ZipCode, got  ([]), file ZipCode.csv:4320 data 14777
    regex_detector_test.go:84: Expected label ZipCode, got  ([]), file ZipCode.csv:4321 data 14778
    regex_detector_test.go:84: Expected label ZipCode, got  ([]), file ZipCode.csv:4322 data 14779
    regex_detector_test.go:84: Expected label ZipCode, got  ([]), file ZipCode.csv:4323 data 14781
    regex_detector_test.go:84: Expected label ZipCode, got  ([]), file ZipCode.csv:4324 data 14782
    regex_detector_test.go:84: Expected label ZipCode, got  ([]), file ZipCode.csv:4325 data 14783
    regex_detector_test.go:84: Expected label ZipCode, got  ([]), file ZipCode.csv:4326 data 14784
    regex_detector_test.go:84: Expected label ZipCode, got  ([]), file ZipCode.csv:4327 data 14785
    regex_detector_test.go:84: Expected label ZipCode, got  ([]), file ZipCode.csv:4328 data 14787
    regex_detector_test.go:84: Expected label ZipCode, got  ([]), file ZipCode.csv:4329 data 14788
    regex_detector_test.go:84: Expected label ZipCode, got  ([]), file ZipCode.csv:4330 data 14801
    regex_detector_test.go:84: Expected label ZipCode, got  ([]), file ZipCode.csv:4331 data 14802
    regex_detector_test.go:84: Expected label ZipCode, got  ([]), file ZipCode.csv:4332 data 14803
    regex_detector_test.go:84: Expected label ZipCode, got  ([]), file ZipCode.csv:4333 data 14804
    regex_detector_test.go:84: Expected label ZipCode, got  ([]), file ZipCode.csv:4334 data 14805
    regex_detector_test.go:84: Expected label ZipCode, got  ([]), file ZipCode.csv:4335 data 14806
    regex_detector_test.go:84: Expected label ZipCode, got  ([]), file ZipCode.csv:4336 data 14807
    regex_detector_test.go:84: Expected label ZipCode, got  ([]), file ZipCode.csv:4337 data 14808
    regex_detector_test.go:84: Expected label ZipCode, got  ([]), file ZipCode.csv:4338 data 14809
    regex_detector_test.go:84: Expected label ZipCode, got  ([]), file ZipCode.csv:4339 data 14810
    regex_detector_test.go:84: Expected label ZipCode, got  ([]), file ZipCode.csv:4340 data 14812
    regex_detector_test.go:84: Expected label ZipCode, got  ([]), file ZipCode.csv:4341 data 14813
    regex_detector_test.go:84: Expected label ZipCode, got  ([]), file ZipCode.csv:4342 data 14814
    regex_detector_test.go:84: Expected label ZipCode, got  ([]), file ZipCode.csv:4343 data 14815
    regex_detector_test.go:84: Expected label ZipCode, got  ([]), file ZipCode.csv:4344 data 14816
    regex_detector_test.go:84: Expected label ZipCode, got  ([]), file ZipCode.csv:4345 data 14817
    regex_detector_test.go:84: Expected label ZipCode, got  ([]), file ZipCode.csv:4346 data 14818
    regex_detector_test.go:84: Expected label ZipCode, got  ([]), file ZipCode.csv:4347 data 14819
    regex_detector_test.go:84: Expected label ZipCode, got  ([]), file ZipCode.csv:4348 data 14820
    regex_detector_test.go:84: Expected label ZipCode, got  ([]), file ZipCode.csv:4349 data 14821
    regex_detector_test.go:84: Expected label ZipCode, got  ([]), file ZipCode.csv:4350 data 14822
    regex_detector_test.go:84: Expected label ZipCode, got  ([]), file ZipCode.csv:4351 data 14823
    regex_detector_test.go:84: Expected label ZipCode, got  ([]), file ZipCode.csv:4352 data 14824
    regex_detector_test.go:84: Expected label ZipCode, got  ([]), file ZipCode.csv:4353 data 14825
    regex_detector_test.go:84: Expected label ZipCode, got  ([]), file ZipCode.csv:4354 data 14826
    regex_detector_test.go:84: Expected label ZipCode, got  ([]), file ZipCode.csv:4355 data 14827
    regex_detector_test.go:84: Expected label ZipCode, got  ([]), file ZipCode.csv:4356 data 14830
    regex_detector_test.go:84: Expected label ZipCode, got  ([]), file ZipCode.csv:4357 data 14836
    regex_detector_test.go:84: Expected label ZipCode, got  ([]), file ZipCode.csv:4358 data 14837
    regex_detector_test.go:84: Expected label ZipCode, got  ([]), file ZipCode.csv:4359 data 14838
    regex_detector_test.go:84: Expected label ZipCode, got  ([]), file ZipCode.csv:4360 data 14839
    regex_detector_test.go:84: Expected label ZipCode, got  ([]), file ZipCode.csv:4361 data 14840
    regex_detector_test.go:84: Expected label ZipCode, got  ([]), file ZipCode.csv:4362 data 14841
    regex_detector_test.go:84: Expected label ZipCode, got  ([]), file ZipCode.csv:4363 data 14842
    regex_detector_test.go:84: Expected label ZipCode, got  ([]), file ZipCode.csv:4364 data 14843
    regex_detector_test.go:84: Expected label ZipCode, got  ([]), file ZipCode.csv:4365 data 14845
    regex_detector_test.go:84: Expected label ZipCode, got  ([]), file ZipCode.csv:4366 data 14846
    regex_detector_test.go:84: Expected label ZipCode, got  ([]), file ZipCode.csv:4367 data 14847
    regex_detector_test.go:84: Expected label ZipCode, got  ([]), file ZipCode.csv:4368 data 14850
    regex_detector_test.go:84: Expected label ZipCode, got  ([]), file ZipCode.csv:4369 data 14853
    regex_detector_test.go:84: Expected label ZipCode, got  ([]), file ZipCode.csv:4370 data 14854
    regex_detector_test.go:84: Expected label ZipCode, got  ([]), file ZipCode.csv:4371 data 14855
    regex_detector_test.go:84: Expected label ZipCode, got  ([]), file ZipCode.csv:4372 data 14856
    regex_detector_test.go:84: Expected label ZipCode, got  ([]), file ZipCode.csv:4373 data 14858
    regex_detector_test.go:84: Expected label ZipCode, got  ([]), file ZipCode.csv:4374 data 14859
    regex_detector_test.go:84: Expected label ZipCode, got  ([]), file ZipCode.csv:4375 data 14860
    regex_detector_test.go:84: Expected label ZipCode, got  ([]), file ZipCode.csv:4376 data 14861
    regex_detector_test.go:84: Expected label ZipCode, got  ([]), file ZipCode.csv:4377 data 14864
    regex_detector_test.go:84: Expected label ZipCode, got  ([]), file ZipCode.csv:4378 data 14865
    regex_detector_test.go:84: Expected label ZipCode, got  ([]), file ZipCode.csv:4379 data 14867
    regex_detector_test.go:84: Expected label ZipCode, got  ([]), file ZipCode.csv:4380 data 14869
    regex_detector_test.go:84: Expected label ZipCode, got  ([]), file ZipCode.csv:4381 data 14870
    regex_detector_test.go:84: Expected label ZipCode, got  ([]), file ZipCode.csv:4382 data 14871
    regex_detector_test.go:84: Expected label ZipCode, got  ([]), file ZipCode.csv:4383 data 14872
    regex_detector_test.go:84: Expected label ZipCode, got  ([]), file ZipCode.csv:4384 data 14873
    regex_detector_test.go:84: Expected label ZipCode, got  ([]), file ZipCode.csv:4385 data 14874
    regex_detector_test.go:84: Expected label ZipCode, got  ([]), file ZipCode.csv:4386 data 14877
    regex_detector_test.go:84: Expected label ZipCode, got  ([]), file ZipCode.csv:4387 data 14878
    regex_detector_test.go:84: Expected label ZipCode, got  ([]), file ZipCode.csv:4388 data 14879
    regex_detector_test.go:84: Expected label ZipCode, got  ([]), file ZipCode.csv:4389 data 14880
    regex_detector_test.go:84: Expected label ZipCode, got  ([]), file ZipCode.csv:4390 data 14881
    regex_detector_test.go:84: Expected label ZipCode, got  ([]), file ZipCode.csv:4391 data 14882
    regex_detector_test.go:84: Expected label ZipCode, got  ([]), file ZipCode.csv:4392 data 14883
    regex_detector_test.go:84: Expected label ZipCode, got  ([]), file ZipCode.csv:4393 data 14884
    regex_detector_test.go:84: Expected label ZipCode, got  ([]), file ZipCode.csv:4394 data 14885
    regex_detector_test.go:84: Expected label ZipCode, got  ([]), file ZipCode.csv:4395 data 14886
    regex_detector_test.go:84: Expected label ZipCode, got  ([]), file ZipCode.csv:4396 data 14889
    regex_detector_test.go:84: Expected label ZipCode, got  ([]), file ZipCode.csv:4397 data 14891
    regex_detector_test.go:84: Expected label ZipCode, got  ([]), file ZipCode.csv:4398 data 14892
    regex_detector_test.go:84: Expected label ZipCode, got  ([]), file ZipCode.csv:4399 data 14893
    regex_detector_test.go:84: Expected label ZipCode, got  ([]), file ZipCode.csv:4400 data 14894
    regex_detector_test.go:84: Expected label ZipCode, got  ([]), file ZipCode.csv:4401 data 14895
    regex_detector_test.go:84: Expected label ZipCode, got  ([]), file ZipCode.csv:4402 data 14897
    regex_detector_test.go:84: Expected label ZipCode, got  ([]), file ZipCode.csv:4403 data 14898
    regex_detector_test.go:84: Expected label ZipCode, got  ([]), file ZipCode.csv:4404 data 14901
    regex_detector_test.go:84: Expected label ZipCode, got  ([]), file ZipCode.csv:4405 data 14903
    regex_detector_test.go:84: Expected label ZipCode, got  ([]), file ZipCode.csv:4406 data 14904
    regex_detector_test.go:84: Expected label ZipCode, got  ([]), file ZipCode.csv:4407 data 14905
    regex_detector_test.go:84: Expected label ZipCode, got  ([]), file ZipCode.csv:4408 data 15001
    regex_detector_test.go:84: Expected label ZipCode, got  ([]), file ZipCode.csv:4409 data 15003
    regex_detector_test.go:84: Expected label ZipCode, got  ([]), file ZipCode.csv:4410 data 15004
    regex_detector_test.go:84: Expected label ZipCode, got  ([]), file ZipCode.csv:4411 data 15005
    regex_detector_test.go:84: Expected label ZipCode, got  ([]), file ZipCode.csv:4412 data 15006
    regex_detector_test.go:84: Expected label ZipCode, got  ([]), file ZipCode.csv:4413 data 15007
    regex_detector_test.go:84: Expected label ZipCode, got  ([]), file ZipCode.csv:4414 data 15009
    regex_detector_test.go:84: Expected label ZipCode, got  ([]), file ZipCode.csv:4415 data 15010
    regex_detector_test.go:84: Expected label ZipCode, got  ([]), file ZipCode.csv:4416 data 15012
    regex_detector_test.go:84: Expected label ZipCode, got  ([]), file ZipCode.csv:4417 data 15014
    regex_detector_test.go:84: Expected label ZipCode, got  ([]), file ZipCode.csv:4418 data 15015
    regex_detector_test.go:84: Expected label ZipCode, got  ([]), file ZipCode.csv:4419 data 15017
    regex_detector_test.go:84: Expected label ZipCode, got  ([]), file ZipCode.csv:4420 data 15018
    regex_detector_test.go:84: Expected label ZipCode, got  ([]), file ZipCode.csv:4421 data 15019
    regex_detector_test.go:84: Expected label ZipCode, got  ([]), file ZipCode.csv:4422 data 15020
    regex_detector_test.go:84: Expected label ZipCode, got  ([]), file ZipCode.csv:4423 data 15021
    regex_detector_test.go:84: Expected label ZipCode, got  ([]), file ZipCode.csv:4424 data 15022
    regex_detector_test.go:84: Expected label ZipCode, got  ([]), file ZipCode.csv:4425 data 15024
    regex_detector_test.go:84: Expected label ZipCode, got  ([]), file ZipCode.csv:4426 data 15025
    regex_detector_test.go:84: Expected label ZipCode, got  ([]), file ZipCode.csv:4427 data 15026
    regex_detector_test.go:84: Expected label ZipCode, got  ([]), file ZipCode.csv:4428 data 15027
    regex_detector_test.go:84: Expected label ZipCode, got  ([]), file ZipCode.csv:4429 data 15028
    regex_detector_test.go:84: Expected label ZipCode, got  ([]), file ZipCode.csv:4430 data 15030
    regex_detector_test.go:84: Expected label ZipCode, got  ([]), file ZipCode.csv:4431 data 15031
    regex_detector_test.go:84: Expected label ZipCode, got  ([]), file ZipCode.csv:4432 data 15033
    regex_detector_test.go:84: Expected label ZipCode, got  ([]), file ZipCode.csv:4433 data 15034
    regex_detector_test.go:84: Expected label ZipCode, got  ([]), file ZipCode.csv:4434 data 15035
    regex_detector_test.go:84: Expected label ZipCode, got  ([]), file ZipCode.csv:4435 data 15037
    regex_detector_test.go:84: Expected label ZipCode, got  ([]), file ZipCode.csv:4436 data 15038
    regex_detector_test.go:84: Expected label ZipCode, got  ([]), file ZipCode.csv:4437 data 15042
    regex_detector_test.go:84: Expected label ZipCode, got  ([]), file ZipCode.csv:4438 data 15043
    regex_detector_test.go:84: Expected label ZipCode, got  ([]), file ZipCode.csv:4439 data 15044
    regex_detector_test.go:84: Expected label ZipCode, got  ([]), file ZipCode.csv:4440 data 15045
    regex_detector_test.go:84: Expected label ZipCode, got  ([]), file ZipCode.csv:4441 data 15046
    regex_detector_test.go:84: Expected label ZipCode, got  ([]), file ZipCode.csv:4442 data 15047
    regex_detector_test.go:84: Expected label ZipCode, got  ([]), file ZipCode.csv:4443 data 15049
    regex_detector_test.go:84: Expected label ZipCode, got  ([]), file ZipCode.csv:4444 data 15050
    regex_detector_test.go:84: Expected label ZipCode, got  ([]), file ZipCode.csv:4445 data 15051
    regex_detector_test.go:84: Expected label ZipCode, got  ([]), file ZipCode.csv:4446 data 15052
    regex_detector_test.go:84: Expected label ZipCode, got  ([]), file ZipCode.csv:4447 data 15053
    regex_detector_test.go:84: Expected label ZipCode, got  ([]), file ZipCode.csv:4448 data 15054
    regex_detector_test.go:84: Expected label ZipCode, got  ([]), file ZipCode.csv:4449 data 15055
    regex_detector_test.go:84: Expected label ZipCode, got  ([]), file ZipCode.csv:4450 data 15056
    regex_detector_test.go:84: Expected label ZipCode, got  ([]), file ZipCode.csv:4451 data 15057
    regex_detector_test.go:84: Expected label ZipCode, got  ([]), file ZipCode.csv:4452 data 15059
    regex_detector_test.go:84: Expected label ZipCode, got  ([]), file ZipCode.csv:4453 data 15060
    regex_detector_test.go:84: Expected label ZipCode, got  ([]), file ZipCode.csv:4454 data 15061
    regex_detector_test.go:84: Expected label ZipCode, got  ([]), file ZipCode.csv:4455 data 15062
    regex_detector_test.go:84: Expected label ZipCode, got  ([]), file ZipCode.csv:4456 data 15063
    regex_detector_test.go:84: Expected label ZipCode, got  ([]), file ZipCode.csv:4457 data 15064
    regex_detector_test.go:84: Expected label ZipCode, got  ([]), file ZipCode.csv:4458 data 15065
    regex_detector_test.go:84: Expected label ZipCode, got  ([]), file ZipCode.csv:4459 data 15066
    regex_detector_test.go:84: Expected label ZipCode, got  ([]), file ZipCode.csv:4460 data 15067
    regex_detector_test.go:84: Expected label ZipCode, got  ([]), file ZipCode.csv:4461 data 15068
    regex_detector_test.go:84: Expected label ZipCode, got  ([]), file ZipCode.csv:4462 data 15071
    regex_detector_test.go:84: Expected label ZipCode, got  ([]), file ZipCode.csv:4463 data 15072
    regex_detector_test.go:84: Expected label ZipCode, got  ([]), file ZipCode.csv:4464 data 15074
    regex_detector_test.go:84: Expected label ZipCode, got  ([]), file ZipCode.csv:4465 data 15075
    regex_detector_test.go:84: Expected label ZipCode, got  ([]), file ZipCode.csv:4466 data 15076
    regex_detector_test.go:84: Expected label ZipCode, got  ([]), file ZipCode.csv:4467 data 15077
    regex_detector_test.go:84: Expected label ZipCode, got  ([]), file ZipCode.csv:4468 data 15078
    regex_detector_test.go:84: Expected label ZipCode, got  ([]), file ZipCode.csv:4469 data 15081
    regex_detector_test.go:84: Expected label ZipCode, got  ([]), file ZipCode.csv:4470 data 15082
    regex_detector_test.go:84: Expected label ZipCode, got  ([]), file ZipCode.csv:4471 data 15083
    regex_detector_test.go:84: Expected label ZipCode, got  ([]), file ZipCode.csv:4472 data 15084
    regex_detector_test.go:84: Expected label ZipCode, got  ([]), file ZipCode.csv:4473 data 15085
    regex_detector_test.go:84: Expected label ZipCode, got  ([]), file ZipCode.csv:4474 data 15086
    regex_detector_test.go:84: Expected label ZipCode, got  ([]), file ZipCode.csv:4475 data 15087
    regex_detector_test.go:84: Expected label ZipCode, got  ([]), file ZipCode.csv:4476 data 15088
    regex_detector_test.go:84: Expected label ZipCode, got  ([]), file ZipCode.csv:4477 data 15089
    regex_detector_test.go:84: Expected label ZipCode, got  ([]), file ZipCode.csv:4478 data 15090
    regex_detector_test.go:84: Expected label ZipCode, got  ([]), file ZipCode.csv:4479 data 15101
    regex_detector_test.go:84: Expected label ZipCode, got  ([]), file ZipCode.csv:4480 data 15102
    regex_detector_test.go:84: Expected label ZipCode, got  ([]), file ZipCode.csv:4481 data 15104
    regex_detector_test.go:84: Expected label ZipCode, got  ([]), file ZipCode.csv:4482 data 15106
    regex_detector_test.go:84: Expected label ZipCode, got  ([]), file ZipCode.csv:4483 data 15108
    regex_detector_test.go:84: Expected label ZipCode, got  ([]), file ZipCode.csv:4484 data 15110
    regex_detector_test.go:84: Expected label ZipCode, got  ([]), file ZipCode.csv:4485 data 15112
    regex_detector_test.go:84: Expected label ZipCode, got  ([]), file ZipCode.csv:4486 data 15116
    regex_detector_test.go:84: Expected label ZipCode, got  ([]), file ZipCode.csv:4487 data 15120
    regex_detector_test.go:84: Expected label ZipCode, got  ([]), file ZipCode.csv:4488 data 15122
    regex_detector_test.go:84: Expected label ZipCode, got  ([]), file ZipCode.csv:4489 data 15123
    regex_detector_test.go:84: Expected label ZipCode, got  ([]), file ZipCode.csv:4490 data 15126
    regex_detector_test.go:84: Expected label ZipCode, got  ([]), file ZipCode.csv:4491 data 15129
    regex_detector_test.go:84: Expected label ZipCode, got  ([]), file ZipCode.csv:4492 data 15131
    regex_detector_test.go:84: Expected label ZipCode, got  ([]), file ZipCode.csv:4493 data 15132
    regex_detector_test.go:84: Expected label ZipCode, got  ([]), file ZipCode.csv:4494 data 15133
    regex_detector_test.go:84: Expected label ZipCode, got  ([]), file ZipCode.csv:4495 data 15135
    regex_detector_test.go:84: Expected label ZipCode, got  ([]), file ZipCode.csv:4496 data 15136
    regex_detector_test.go:84: Expected label ZipCode, got  ([]), file ZipCode.csv:4497 data 15137
    regex_detector_test.go:84: Expected label ZipCode, got  ([]), file ZipCode.csv:4498 data 15139
    regex_detector_test.go:84: Expected label ZipCode, got  ([]), file ZipCode.csv:4499 data 15140
    regex_detector_test.go:84: Expected label ZipCode, got  ([]), file ZipCode.csv:4500 data 15142
    regex_detector_test.go:84: Expected label ZipCode, got  ([]), file ZipCode.csv:4501 data 15143
    regex_detector_test.go:84: Expected label ZipCode, got  ([]), file ZipCode.csv:4502 data 15144
    regex_detector_test.go:84: Expected label ZipCode, got  ([]), file ZipCode.csv:4503 data 15145
    regex_detector_test.go:84: Expected label ZipCode, got  ([]), file ZipCode.csv:4504 data 15146
    regex_detector_test.go:84: Expected label ZipCode, got  ([]), file ZipCode.csv:4505 data 15147
    regex_detector_test.go:84: Expected label ZipCode, got  ([]), file ZipCode.csv:4506 data 15148
    regex_detector_test.go:84: Expected label ZipCode, got  ([]), file ZipCode.csv:4507 data 15201
    regex_detector_test.go:84: Expected label ZipCode, got  ([]), file ZipCode.csv:4508 data 15202
    regex_detector_test.go:84: Expected label ZipCode, got  ([]), file ZipCode.csv:4509 data 15203
    regex_detector_test.go:84: Expected label ZipCode, got  ([]), file ZipCode.csv:4510 data 15204
    regex_detector_test.go:84: Expected label ZipCode, got  ([]), file ZipCode.csv:4511 data 15205
    regex_detector_test.go:84: Expected label ZipCode, got  ([]), file ZipCode.csv:4512 data 15206
    regex_detector_test.go:84: Expected label ZipCode, got  ([]), file ZipCode.csv:4513 data 15207
    regex_detector_test.go:84: Expected label ZipCode, got  ([]), file ZipCode.csv:4514 data 15208
    regex_detector_test.go:84: Expected label ZipCode, got  ([]), file ZipCode.csv:4515 data 15209
    regex_detector_test.go:84: Expected label ZipCode, got  ([]), file ZipCode.csv:4516 data 15210
    regex_detector_test.go:84: Expected label ZipCode, got  ([]), file ZipCode.csv:4517 data 15211
    regex_detector_test.go:84: Expected label ZipCode, got  ([]), file ZipCode.csv:4518 data 15212
    regex_detector_test.go:84: Expected label ZipCode, got  ([]), file ZipCode.csv:4519 data 15213
    regex_detector_test.go:84: Expected label ZipCode, got  ([]), file ZipCode.csv:4520 data 15214
    regex_detector_test.go:84: Expected label ZipCode, got  ([]), file ZipCode.csv:4521 data 15215
    regex_detector_test.go:84: Expected label ZipCode, got  ([]), file ZipCode.csv:4522 data 15216
    regex_detector_test.go:84: Expected label ZipCode, got  ([]), file ZipCode.csv:4523 data 15217
    regex_detector_test.go:84: Expected label ZipCode, got  ([]), file ZipCode.csv:4524 data 15218
    regex_detector_test.go:84: Expected label ZipCode, got  ([]), file ZipCode.csv:4525 data 15219
    regex_detector_test.go:84: Expected label ZipCode, got  ([]), file ZipCode.csv:4526 data 15220
    regex_detector_test.go:84: Expected label ZipCode, got  ([]), file ZipCode.csv:4527 data 15221
    regex_detector_test.go:84: Expected label ZipCode, got  ([]), file ZipCode.csv:4528 data 15222
    regex_detector_test.go:84: Expected label ZipCode, got  ([]), file ZipCode.csv:4529 data 15223
    regex_detector_test.go:84: Expected label ZipCode, got  ([]), file ZipCode.csv:4530 data 15224
    regex_detector_test.go:84: Expected label ZipCode, got  ([]), file ZipCode.csv:4531 data 15225
    regex_detector_test.go:84: Expected label ZipCode, got  ([]), file ZipCode.csv:4532 data 15226
    regex_detector_test.go:84: Expected label ZipCode, got  ([]), file ZipCode.csv:4533 data 15227
    regex_detector_test.go:84: Expected label ZipCode, got  ([]), file ZipCode.csv:4534 data 15228
    regex_detector_test.go:84: Expected label ZipCode, got  ([]), file ZipCode.csv:4535 data 15229
    regex_detector_test.go:84: Expected label ZipCode, got  ([]), file ZipCode.csv:4536 data 15232
    regex_detector_test.go:84: Expected label ZipCode, got  ([]), file ZipCode.csv:4537 data 15233
    regex_detector_test.go:84: Expected label ZipCode, got  ([]), file ZipCode.csv:4538 data 15234
    regex_detector_test.go:84: Expected label ZipCode, got  ([]), file ZipCode.csv:4539 data 15235
    regex_detector_test.go:84: Expected label ZipCode, got  ([]), file ZipCode.csv:4540 data 15236
    regex_detector_test.go:84: Expected label ZipCode, got  ([]), file ZipCode.csv:4541 data 15237
    regex_detector_test.go:84: Expected label ZipCode, got  ([]), file ZipCode.csv:4542 data 15238
    regex_detector_test.go:84: Expected label ZipCode, got  ([]), file ZipCode.csv:4543 data 15239
    regex_detector_test.go:84: Expected label ZipCode, got  ([]), file ZipCode.csv:4544 data 15241
    regex_detector_test.go:84: Expected label ZipCode, got  ([]), file ZipCode.csv:4545 data 15243
    regex_detector_test.go:84: Expected label ZipCode, got  ([]), file ZipCode.csv:4546 data 15260
    regex_detector_test.go:84: Expected label ZipCode, got  ([]), file ZipCode.csv:4547 data 15275
    regex_detector_test.go:84: Expected label ZipCode, got  ([]), file ZipCode.csv:4548 data 15282
    regex_detector_test.go:84: Expected label ZipCode, got  ([]), file ZipCode.csv:4549 data 15290
    regex_detector_test.go:84: Expected label ZipCode, got  ([]), file ZipCode.csv:4550 data 15301
    regex_detector_test.go:84: Expected label ZipCode, got  ([]), file ZipCode.csv:4551 data 15310
    regex_detector_test.go:84: Expected label ZipCode, got  ([]), file ZipCode.csv:4552 data 15311
    regex_detector_test.go:84: Expected label ZipCode, got  ([]), file ZipCode.csv:4553 data 15312
    regex_detector_test.go:84: Expected label ZipCode, got  ([]), file ZipCode.csv:4554 data 15313
    regex_detector_test.go:84: Expected label ZipCode, got  ([]), file ZipCode.csv:4555 data 15314
    regex_detector_test.go:84: Expected label ZipCode, got  ([]), file ZipCode.csv:4556 data 15315
    regex_detector_test.go:84: Expected label ZipCode, got  ([]), file ZipCode.csv:4557 data 15316
    regex_detector_test.go:84: Expected label ZipCode, got  ([]), file ZipCode.csv:4558 data 15317
    regex_detector_test.go:84: Expected label ZipCode, got  ([]), file ZipCode.csv:4559 data 15320
    regex_detector_test.go:84: Expected label ZipCode, got  ([]), file ZipCode.csv:4560 data 15321
    regex_detector_test.go:84: Expected label ZipCode, got  ([]), file ZipCode.csv:4561 data 15322
    regex_detector_test.go:84: Expected label ZipCode, got  ([]), file ZipCode.csv:4562 data 15323
    regex_detector_test.go:84: Expected label ZipCode, got  ([]), file ZipCode.csv:4563 data 15324
    regex_detector_test.go:84: Expected label ZipCode, got  ([]), file ZipCode.csv:4564 data 15325
    regex_detector_test.go:84: Expected label ZipCode, got  ([]), file ZipCode.csv:4565 data 15327
    regex_detector_test.go:84: Expected label ZipCode, got  ([]), file ZipCode.csv:4566 data 15329
    regex_detector_test.go:84: Expected label ZipCode, got  ([]), file ZipCode.csv:4567 data 15330
    regex_detector_test.go:84: Expected label ZipCode, got  ([]), file ZipCode.csv:4568 data 15331
    regex_detector_test.go:84: Expected label ZipCode, got  ([]), file ZipCode.csv:4569 data 15332
    regex_detector_test.go:84: Expected label ZipCode, got  ([]), file ZipCode.csv:4570 data 15333
    regex_detector_test.go:84: Expected label ZipCode, got  ([]), file ZipCode.csv:4571 data 15334
    regex_detector_test.go:84: Expected label ZipCode, got  ([]), file ZipCode.csv:4572 data 15337
    regex_detector_test.go:84: Expected label ZipCode, got  ([]), file ZipCode.csv:4573 data 15338
    regex_detector_test.go:84: Expected label ZipCode, got  ([]), file ZipCode.csv:4574 data 15340
    regex_detector_test.go:84: Expected label ZipCode, got  ([]), file ZipCode.csv:4575 data 15341
    regex_detector_test.go:84: Expected label ZipCode, got  ([]), file ZipCode.csv:4576 data 15342
    regex_detector_test.go:84: Expected label ZipCode, got  ([]), file ZipCode.csv:4577 data 15344
    regex_detector_test.go:84: Expected label ZipCode, got  ([]), file ZipCode.csv:4578 data 15345
    regex_detector_test.go:84: Expected label ZipCode, got  ([]), file ZipCode.csv:4579 data 15346
    regex_detector_test.go:84: Expected label ZipCode, got  ([]), file ZipCode.csv:4580 data 15347
    regex_detector_test.go:84: Expected label ZipCode, got  ([]), file ZipCode.csv:4581 data 15348
    regex_detector_test.go:84: Expected label ZipCode, got  ([]), file ZipCode.csv:4582 data 15349
    regex_detector_test.go:84: Expected label ZipCode, got  ([]), file ZipCode.csv:4583 data 15350
    regex_detector_test.go:84: Expected label ZipCode, got  ([]), file ZipCode.csv:4584 data 15351
    regex_detector_test.go:84: Expected label ZipCode, got  ([]), file ZipCode.csv:4585 data 15352
    regex_detector_test.go:84: Expected label ZipCode, got  ([]), file ZipCode.csv:4586 data 15353
    regex_detector_test.go:84: Expected label ZipCode, got  ([]), file ZipCode.csv:4587 data 15357
    regex_detector_test.go:84: Expected label ZipCode, got  ([]), file ZipCode.csv:4588 data 15358
    regex_detector_test.go:84: Expected label ZipCode, got  ([]), file ZipCode.csv:4589 data 15359
    regex_detector_test.go:84: Expected label ZipCode, got  ([]), file ZipCode.csv:4590 data 15360
    regex_detector_test.go:84: Expected label ZipCode, got  ([]), file ZipCode.csv:4591 data 15361
    regex_detector_test.go:84: Expected label ZipCode, got  ([]), file ZipCode.csv:4592 data 15362
    regex_detector_test.go:84: Expected label ZipCode, got  ([]), file ZipCode.csv:4593 data 15363
    regex_detector_test.go:84: Expected label ZipCode, got  ([]), file ZipCode.csv:4594 data 15364
    regex_detector_test.go:84: Expected label ZipCode, got  ([]), file ZipCode.csv:4595 data 15365
    regex_detector_test.go:84: Expected label ZipCode, got  ([]), file ZipCode.csv:4596 data 15366
    regex_detector_test.go:84: Expected label ZipCode, got  ([]), file ZipCode.csv:4597 data 15367
    regex_detector_test.go:84: Expected label ZipCode, got  ([]), file ZipCode.csv:4598 data 15368
    regex_detector_test.go:84: Expected label ZipCode, got  ([]), file ZipCode.csv:4599 data 15370
    regex_detector_test.go:84: Expected label ZipCode, got  ([]), file ZipCode.csv:4600 data 15376
    regex_detector_test.go:84: Expected label ZipCode, got  ([]), file ZipCode.csv:4601 data 15377
    regex_detector_test.go:84: Expected label ZipCode, got  ([]), file ZipCode.csv:4602 data 15378
    regex_detector_test.go:84: Expected label ZipCode, got  ([]), file ZipCode.csv:4603 data 15379
    regex_detector_test.go:84: Expected label ZipCode, got  ([]), file ZipCode.csv:4604 data 15380
    regex_detector_test.go:84: Expected label ZipCode, got  ([]), file ZipCode.csv:4605 data 15401
    regex_detector_test.go:84: Expected label ZipCode, got  ([]), file ZipCode.csv:4606 data 15410
    regex_detector_test.go:84: Expected label ZipCode, got  ([]), file ZipCode.csv:4607 data 15411
    regex_detector_test.go:84: Expected label ZipCode, got  ([]), file ZipCode.csv:4608 data 15412
    regex_detector_test.go:84: Expected label ZipCode, got  ([]), file ZipCode.csv:4609 data 15413
    regex_detector_test.go:84: Expected label ZipCode, got  ([]), file ZipCode.csv:4610 data 15416
    regex_detector_test.go:84: Expected label ZipCode, got  ([]), file ZipCode.csv:4611 data 15417
    regex_detector_test.go:84: Expected label ZipCode, got  ([]), file ZipCode.csv:4612 data 15419
    regex_detector_test.go:84: Expected label ZipCode, got  ([]), file ZipCode.csv:4613 data 15420
    regex_detector_test.go:84: Expected label ZipCode, got  ([]), file ZipCode.csv:4614 data 15421
    regex_detector_test.go:84: Expected label ZipCode, got  ([]), file ZipCode.csv:4615 data 15422
    regex_detector_test.go:84: Expected label ZipCode, got  ([]), file ZipCode.csv:4616 data 15423
    regex_detector_test.go:84: Expected label ZipCode, got  ([]), file ZipCode.csv:4617 data 15424
    regex_detector_test.go:84: Expected label ZipCode, got  ([]), file ZipCode.csv:4618 data 15425
    regex_detector_test.go:84: Expected label ZipCode, got  ([]), file ZipCode.csv:4619 data 15427
    regex_detector_test.go:84: Expected label ZipCode, got  ([]), file ZipCode.csv:4620 data 15428
    regex_detector_test.go:84: Expected label ZipCode, got  ([]), file ZipCode.csv:4621 data 15429
    regex_detector_test.go:84: Expected label ZipCode, got  ([]), file ZipCode.csv:4622 data 15430
    regex_detector_test.go:84: Expected label ZipCode, got  ([]), file ZipCode.csv:4623 data 15431
    regex_detector_test.go:84: Expected label ZipCode, got  ([]), file ZipCode.csv:4624 data 15432
    regex_detector_test.go:84: Expected label ZipCode, got  ([]), file ZipCode.csv:4625 data 15433
    regex_detector_test.go:84: Expected label ZipCode, got  ([]), file ZipCode.csv:4626 data 15434
    regex_detector_test.go:84: Expected label ZipCode, got  ([]), file ZipCode.csv:4627 data 15435
    regex_detector_test.go:84: Expected label ZipCode, got  ([]), file ZipCode.csv:4628 data 15436
    regex_detector_test.go:84: Expected label ZipCode, got  ([]), file ZipCode.csv:4629 data 15437
    regex_detector_test.go:84: Expected label ZipCode, got  ([]), file ZipCode.csv:4630 data 15438
    regex_detector_test.go:84: Expected label ZipCode, got  ([]), file ZipCode.csv:4631 data 15440
    regex_detector_test.go:84: Expected label ZipCode, got  ([]), file ZipCode.csv:4632 data 15442
    regex_detector_test.go:84: Expected label ZipCode, got  ([]), file ZipCode.csv:4633 data 15443
    regex_detector_test.go:84: Expected label ZipCode, got  ([]), file ZipCode.csv:4634 data 15444
    regex_detector_test.go:84: Expected label ZipCode, got  ([]), file ZipCode.csv:4635 data 15445
    regex_detector_test.go:84: Expected label ZipCode, got  ([]), file ZipCode.csv:4636 data 15446
    regex_detector_test.go:84: Expected label ZipCode, got  ([]), file ZipCode.csv:4637 data 15447
    regex_detector_test.go:84: Expected label ZipCode, got  ([]), file ZipCode.csv:4638 data 15448
    regex_detector_test.go:84: Expected label ZipCode, got  ([]), file ZipCode.csv:4639 data 15449
    regex_detector_test.go:84: Expected label ZipCode, got  ([]), file ZipCode.csv:4640 data 15450
    regex_detector_test.go:84: Expected label ZipCode, got  ([]), file ZipCode.csv:4641 data 15451
    regex_detector_test.go:84: Expected label ZipCode, got  ([]), file ZipCode.csv:4642 data 15454
    regex_detector_test.go:84: Expected label ZipCode, got  ([]), file ZipCode.csv:4643 data 15455
    regex_detector_test.go:84: Expected label ZipCode, got  ([]), file ZipCode.csv:4644 data 15456
    regex_detector_test.go:84: Expected label ZipCode, got  ([]), file ZipCode.csv:4645 data 15458
    regex_detector_test.go:84: Expected label ZipCode, got  ([]), file ZipCode.csv:4646 data 15459
    regex_detector_test.go:84: Expected label ZipCode, got  ([]), file ZipCode.csv:4647 data 15460
    regex_detector_test.go:84: Expected label ZipCode, got  ([]), file ZipCode.csv:4648 data 15461
    regex_detector_test.go:84: Expected label ZipCode, got  ([]), file ZipCode.csv:4649 data 15462
    regex_detector_test.go:84: Expected label ZipCode, got  ([]), file ZipCode.csv:4650 data 15463
    regex_detector_test.go:84: Expected label ZipCode, got  ([]), file ZipCode.csv:4651 data 15464
    regex_detector_test.go:84: Expected label ZipCode, got  ([]), file ZipCode.csv:4652 data 15465
    regex_detector_test.go:84: Expected label ZipCode, got  ([]), file ZipCode.csv:4653 data 15466
    regex_detector_test.go:84: Expected label ZipCode, got  ([]), file ZipCode.csv:4654 data 15467
    regex_detector_test.go:84: Expected label ZipCode, got  ([]), file ZipCode.csv:4655 data 15468
    regex_detector_test.go:84: Expected label ZipCode, got  ([]), file ZipCode.csv:4656 data 15469
    regex_detector_test.go:84: Expected label ZipCode, got  ([]), file ZipCode.csv:4657 data 15470
    regex_detector_test.go:84: Expected label ZipCode, got  ([]), file ZipCode.csv:4658 data 15472
    regex_detector_test.go:84: Expected label ZipCode, got  ([]), file ZipCode.csv:4659 data 15473
    regex_detector_test.go:84: Expected label ZipCode, got  ([]), file ZipCode.csv:4660 data 15474
    regex_detector_test.go:84: Expected label ZipCode, got  ([]), file ZipCode.csv:4661 data 15475
    regex_detector_test.go:84: Expected label ZipCode, got  ([]), file ZipCode.csv:4662 data 15476
    regex_detector_test.go:84: Expected label ZipCode, got  ([]), file ZipCode.csv:4663 data 15477
    regex_detector_test.go:84: Expected label ZipCode, got  ([]), file ZipCode.csv:4664 data 15478
    regex_detector_test.go:84: Expected label ZipCode, got  ([]), file ZipCode.csv:4665 data 15479
    regex_detector_test.go:84: Expected label ZipCode, got  ([]), file ZipCode.csv:4666 data 15480
    regex_detector_test.go:84: Expected label ZipCode, got  ([]), file ZipCode.csv:4667 data 15482
    regex_detector_test.go:84: Expected label ZipCode, got  ([]), file ZipCode.csv:4668 data 15483
    regex_detector_test.go:84: Expected label ZipCode, got  ([]), file ZipCode.csv:4669 data 15484
    regex_detector_test.go:84: Expected label ZipCode, got  ([]), file ZipCode.csv:4670 data 15486
    regex_detector_test.go:84: Expected label ZipCode, got  ([]), file ZipCode.csv:4671 data 15488
    regex_detector_test.go:84: Expected label ZipCode, got  ([]), file ZipCode.csv:4672 data 15489
    regex_detector_test.go:84: Expected label ZipCode, got  ([]), file ZipCode.csv:4673 data 15490
    regex_detector_test.go:84: Expected label ZipCode, got  ([]), file ZipCode.csv:4674 data 15492
    regex_detector_test.go:84: Expected label ZipCode, got  ([]), file ZipCode.csv:4675 data 15501
    regex_detector_test.go:84: Expected label ZipCode, got  ([]), file ZipCode.csv:4676 data 15502
    regex_detector_test.go:84: Expected label ZipCode, got  ([]), file ZipCode.csv:4677 data 15510
    regex_detector_test.go:84: Expected label ZipCode, got  ([]), file ZipCode.csv:4678 data 15520
    regex_detector_test.go:84: Expected label ZipCode, got  ([]), file ZipCode.csv:4679 data 15521
    regex_detector_test.go:84: Expected label ZipCode, got  ([]), file ZipCode.csv:4680 data 15522
    regex_detector_test.go:84: Expected label ZipCode, got  ([]), file ZipCode.csv:4681 data 15530
    regex_detector_test.go:84: Expected label ZipCode, got  ([]), file ZipCode.csv:4682 data 15531
    regex_detector_test.go:84: Expected label ZipCode, got  ([]), file ZipCode.csv:4683 data 15532
    regex_detector_test.go:84: Expected label ZipCode, got  ([]), file ZipCode.csv:4684 data 15533
    regex_detector_test.go:84: Expected label ZipCode, got  ([]), file ZipCode.csv:4685 data 15534
    regex_detector_test.go:84: Expected label ZipCode, got  ([]), file ZipCode.csv:4686 data 15535
    regex_detector_test.go:84: Expected label ZipCode, got  ([]), file ZipCode.csv:4687 data 15536
    regex_detector_test.go:84: Expected label ZipCode, got  ([]), file ZipCode.csv:4688 data 15537
    regex_detector_test.go:84: Expected label ZipCode, got  ([]), file ZipCode.csv:4689 data 15538
    regex_detector_test.go:84: Expected label ZipCode, got  ([]), file ZipCode.csv:4690 data 15539
    regex_detector_test.go:84: Expected label ZipCode, got  ([]), file ZipCode.csv:4691 data 15540
    regex_detector_test.go:84: Expected label ZipCode, got  ([]), file ZipCode.csv:4692 data 15541
    regex_detector_test.go:84: Expected label ZipCode, got  ([]), file ZipCode.csv:4693 data 15542
    regex_detector_test.go:84: Expected label ZipCode, got  ([]), file ZipCode.csv:4694 data 15544
    regex_detector_test.go:84: Expected label ZipCode, got  ([]), file ZipCode.csv:4695 data 15545
    regex_detector_test.go:84: Expected label ZipCode, got  ([]), file ZipCode.csv:4696 data 15546
    regex_detector_test.go:84: Expected label ZipCode, got  ([]), file ZipCode.csv:4697 data 15547
    regex_detector_test.go:84: Expected label ZipCode, got  ([]), file ZipCode.csv:4698 data 15550
    regex_detector_test.go:84: Expected label ZipCode, got  ([]), file ZipCode.csv:4699 data 15551
    regex_detector_test.go:84: Expected label ZipCode, got  ([]), file ZipCode.csv:4700 data 15552
    regex_detector_test.go:84: Expected label ZipCode, got  ([]), file ZipCode.csv:4701 data 15554
    regex_detector_test.go:84: Expected label ZipCode, got  ([]), file ZipCode.csv:4702 data 15555
    regex_detector_test.go:84: Expected label ZipCode, got  ([]), file ZipCode.csv:4703 data 15557
    regex_detector_test.go:84: Expected label ZipCode, got  ([]), file ZipCode.csv:4704 data 15558
    regex_detector_test.go:84: Expected label ZipCode, got  ([]), file ZipCode.csv:4705 data 15559
    regex_detector_test.go:84: Expected label ZipCode, got  ([]), file ZipCode.csv:4706 data 15560
    regex_detector_test.go:84: Expected label ZipCode, got  ([]), file ZipCode.csv:4707 data 15561
    regex_detector_test.go:84: Expected label ZipCode, got  ([]), file ZipCode.csv:4708 data 15562
    regex_detector_test.go:84: Expected label ZipCode, got  ([]), file ZipCode.csv:4709 data 15563
    regex_detector_test.go:84: Expected label ZipCode, got  ([]), file ZipCode.csv:4710 data 15564
    regex_detector_test.go:84: Expected label ZipCode, got  ([]), file ZipCode.csv:4711 data 15565
    regex_detector_test.go:84: Expected label ZipCode, got  ([]), file ZipCode.csv:4712 data 15601
    regex_detector_test.go:84: Expected label ZipCode, got  ([]), file ZipCode.csv:4713 data 15610
    regex_detector_test.go:84: Expected label ZipCode, got  ([]), file ZipCode.csv:4714 data 15611
    regex_detector_test.go:84: Expected label ZipCode, got  ([]), file ZipCode.csv:4715 data 15612
    regex_detector_test.go:84: Expected label ZipCode, got  ([]), file ZipCode.csv:4716 data 15613
    regex_detector_test.go:84: Expected label ZipCode, got  ([]), file ZipCode.csv:4717 data 15615
    regex_detector_test.go:84: Expected label ZipCode, got  ([]), file ZipCode.csv:4718 data 15616
    regex_detector_test.go:84: Expected label ZipCode, got  ([]), file ZipCode.csv:4719 data 15617
    regex_detector_test.go:84: Expected label ZipCode, got  ([]), file ZipCode.csv:4720 data 15618
    regex_detector_test.go:84: Expected label ZipCode, got  ([]), file ZipCode.csv:4721 data 15619
    regex_detector_test.go:84: Expected label ZipCode, got  ([]), file ZipCode.csv:4722 data 15620
    regex_detector_test.go:84: Expected label ZipCode, got  ([]), file ZipCode.csv:4723 data 15622
    regex_detector_test.go:84: Expected label ZipCode, got  ([]), file ZipCode.csv:4724 data 15623
    regex_detector_test.go:84: Expected label ZipCode, got  ([]), file ZipCode.csv:4725 data 15624
    regex_detector_test.go:84: Expected label ZipCode, got  ([]), file ZipCode.csv:4726 data 15625
    regex_detector_test.go:84: Expected label ZipCode, got  ([]), file ZipCode.csv:4727 data 15626
    regex_detector_test.go:84: Expected label ZipCode, got  ([]), file ZipCode.csv:4728 data 15627
    regex_detector_test.go:84: Expected label ZipCode, got  ([]), file ZipCode.csv:4729 data 15628
    regex_detector_test.go:84: Expected label ZipCode, got  ([]), file ZipCode.csv:4730 data 15629
    regex_detector_test.go:84: Expected label ZipCode, got  ([]), file ZipCode.csv:4731 data 15631
    regex_detector_test.go:84: Expected label ZipCode, got  ([]), file ZipCode.csv:4732 data 15632
    regex_detector_test.go:84: Expected label ZipCode, got  ([]), file ZipCode.csv:4733 data 15633
    regex_detector_test.go:84: Expected label ZipCode, got  ([]), file ZipCode.csv:4734 data 15634
    regex_detector_test.go:84: Expected label ZipCode, got  ([]), file ZipCode.csv:4735 data 15635
    regex_detector_test.go:84: Expected label ZipCode, got  ([]), file ZipCode.csv:4736 data 15636
    regex_detector_test.go:84: Expected label ZipCode, got  ([]), file ZipCode.csv:4737 data 15637
    regex_detector_test.go:84: Expected label ZipCode, got  ([]), file ZipCode.csv:4738 data 15638
    regex_detector_test.go:84: Expected label ZipCode, got  ([]), file ZipCode.csv:4739 data 15639
    regex_detector_test.go:84: Expected label ZipCode, got  ([]), file ZipCode.csv:4740 data 15640
    regex_detector_test.go:84: Expected label ZipCode, got  ([]), file ZipCode.csv:4741 data 15641
    regex_detector_test.go:84: Expected label ZipCode, got  ([]), file ZipCode.csv:4742 data 15642
    regex_detector_test.go:84: Expected label ZipCode, got  ([]), file ZipCode.csv:4743 data 15644
    regex_detector_test.go:84: Expected label ZipCode, got  ([]), file ZipCode.csv:4744 data 15646
    regex_detector_test.go:84: Expected label ZipCode, got  ([]), file ZipCode.csv:4745 data 15647
    regex_detector_test.go:84: Expected label ZipCode, got  ([]), file ZipCode.csv:4746 data 15650
    regex_detector_test.go:84: Expected label ZipCode, got  ([]), file ZipCode.csv:4747 data 15655
    regex_detector_test.go:84: Expected label ZipCode, got  ([]), file ZipCode.csv:4748 data 15656
    regex_detector_test.go:84: Expected label ZipCode, got  ([]), file ZipCode.csv:4749 data 15658
    regex_detector_test.go:84: Expected label ZipCode, got  ([]), file ZipCode.csv:4750 data 15660
    regex_detector_test.go:84: Expected label ZipCode, got  ([]), file ZipCode.csv:4751 data 15661
    regex_detector_test.go:84: Expected label ZipCode, got  ([]), file ZipCode.csv:4752 data 15662
    regex_detector_test.go:84: Expected label ZipCode, got  ([]), file ZipCode.csv:4753 data 15663
    regex_detector_test.go:84: Expected label ZipCode, got  ([]), file ZipCode.csv:4754 data 15665
    regex_detector_test.go:84: Expected label ZipCode, got  ([]), file ZipCode.csv:4755 data 15666
    regex_detector_test.go:84: Expected label ZipCode, got  ([]), file ZipCode.csv:4756 data 15668
    regex_detector_test.go:84: Expected label ZipCode, got  ([]), file ZipCode.csv:4757 data 15670
    regex_detector_test.go:84: Expected label ZipCode, got  ([]), file ZipCode.csv:4758 data 15671
    regex_detector_test.go:84: Expected label ZipCode, got  ([]), file ZipCode.csv:4759 data 15672
    regex_detector_test.go:84: Expected label ZipCode, got  ([]), file ZipCode.csv:4760 data 15673
    regex_detector_test.go:84: Expected label ZipCode, got  ([]), file ZipCode.csv:4761 data 15674
    regex_detector_test.go:84: Expected label ZipCode, got  ([]), file ZipCode.csv:4762 data 15675
    regex_detector_test.go:84: Expected label ZipCode, got  ([]), file ZipCode.csv:4763 data 15676
    regex_detector_test.go:84: Expected label ZipCode, got  ([]), file ZipCode.csv:4764 data 15677
    regex_detector_test.go:84: Expected label ZipCode, got  ([]), file ZipCode.csv:4765 data 15678
    regex_detector_test.go:84: Expected label ZipCode, got  ([]), file ZipCode.csv:4766 data 15679
    regex_detector_test.go:84: Expected label ZipCode, got  ([]), file ZipCode.csv:4767 data 15680
    regex_detector_test.go:84: Expected label ZipCode, got  ([]), file ZipCode.csv:4768 data 15681
    regex_detector_test.go:84: Expected label ZipCode, got  ([]), file ZipCode.csv:4769 data 15682
    regex_detector_test.go:84: Expected label ZipCode, got  ([]), file ZipCode.csv:4770 data 15683
    regex_detector_test.go:84: Expected label ZipCode, got  ([]), file ZipCode.csv:4771 data 15684
    regex_detector_test.go:84: Expected label ZipCode, got  ([]), file ZipCode.csv:4772 data 15686
    regex_detector_test.go:84: Expected label ZipCode, got  ([]), file ZipCode.csv:4773 data 15687
    regex_detector_test.go:84: Expected label ZipCode, got  ([]), file ZipCode.csv:4774 data 15688
    regex_detector_test.go:84: Expected label ZipCode, got  ([]), file ZipCode.csv:4775 data 15689
    regex_detector_test.go:84: Expected label ZipCode, got  ([]), file ZipCode.csv:4776 data 15690
    regex_detector_test.go:84: Expected label ZipCode, got  ([]), file ZipCode.csv:4777 data 15691
    regex_detector_test.go:84: Expected label ZipCode, got  ([]), file ZipCode.csv:4778 data 15692
    regex_detector_test.go:84: Expected label ZipCode, got  ([]), file ZipCode.csv:4779 data 15693
    regex_detector_test.go:84: Expected label ZipCode, got  ([]), file ZipCode.csv:4780 data 15695
    regex_detector_test.go:84: Expected label ZipCode, got  ([]), file ZipCode.csv:4781 data 15696
    regex_detector_test.go:84: Expected label ZipCode, got  ([]), file ZipCode.csv:4782 data 15697
    regex_detector_test.go:84: Expected label ZipCode, got  ([]), file ZipCode.csv:4783 data 15698
    regex_detector_test.go:84: Expected label ZipCode, got  ([]), file ZipCode.csv:4784 data 15701
    regex_detector_test.go:84: Expected label ZipCode, got  ([]), file ZipCode.csv:4785 data 15705
    regex_detector_test.go:84: Expected label ZipCode, got  ([]), file ZipCode.csv:4786 data 15710
    regex_detector_test.go:84: Expected label ZipCode, got  ([]), file ZipCode.csv:4787 data 15711
    regex_detector_test.go:84: Expected label ZipCode, got  ([]), file ZipCode.csv:4788 data 15712
    regex_detector_test.go:84: Expected label ZipCode, got  ([]), file ZipCode.csv:4789 data 15713
    regex_detector_test.go:84: Expected label ZipCode, got  ([]), file ZipCode.csv:4790 data 15714
    regex_detector_test.go:84: Expected label ZipCode, got  ([]), file ZipCode.csv:4791 data 15715
    regex_detector_test.go:84: Expected label ZipCode, got  ([]), file ZipCode.csv:4792 data 15716
    regex_detector_test.go:84: Expected label ZipCode, got  ([]), file ZipCode.csv:4793 data 15717
    regex_detector_test.go:84: Expected label ZipCode, got  ([]), file ZipCode.csv:4794 data 15720
    regex_detector_test.go:84: Expected label ZipCode, got  ([]), file ZipCode.csv:4795 data 15721
    regex_detector_test.go:84: Expected label ZipCode, got  ([]), file ZipCode.csv:4796 data 15722
    regex_detector_test.go:84: Expected label ZipCode, got  ([]), file ZipCode.csv:4797 data 15723
    regex_detector_test.go:84: Expected label ZipCode, got  ([]), file ZipCode.csv:4798 data 15724
    regex_detector_test.go:84: Expected label ZipCode, got  ([]), file ZipCode.csv:4799 data 15725
    regex_detector_test.go:84: Expected label ZipCode, got  ([]), file ZipCode.csv:4800 data 15727
    regex_detector_test.go:84: Expected label ZipCode, got  ([]), file ZipCode.csv:4801 data 15728
    regex_detector_test.go:84: Expected label ZipCode, got  ([]), file ZipCode.csv:4802 data 15729
    regex_detector_test.go:84: Expected label ZipCode, got  ([]), file ZipCode.csv:4803 data 15730
    regex_detector_test.go:84: Expected label ZipCode, got  ([]), file ZipCode.csv:4804 data 15731
    regex_detector_test.go:84: Expected label ZipCode, got  ([]), file ZipCode.csv:4805 data 15732
    regex_detector_test.go:84: Expected label ZipCode, got  ([]), file ZipCode.csv:4806 data 15733
    regex_detector_test.go:84: Expected label ZipCode, got  ([]), file ZipCode.csv:4807 data 15734
    regex_detector_test.go:84: Expected label ZipCode, got  ([]), file ZipCode.csv:4808 data 15736
    regex_detector_test.go:84: Expected label ZipCode, got  ([]), file ZipCode.csv:4809 data 15737
    regex_detector_test.go:84: Expected label ZipCode, got  ([]), file ZipCode.csv:4810 data 15738
    regex_detector_test.go:84: Expected label ZipCode, got  ([]), file ZipCode.csv:4811 data 15739
    regex_detector_test.go:84: Expected label ZipCode, got  ([]), file ZipCode.csv:4812 data 15741
    regex_detector_test.go:84: Expected label ZipCode, got  ([]), file ZipCode.csv:4813 data 15742
    regex_detector_test.go:84: Expected label ZipCode, got  ([]), file ZipCode.csv:4814 data 15744
    regex_detector_test.go:84: Expected label ZipCode, got  ([]), file ZipCode.csv:4815 data 15745
    regex_detector_test.go:84: Expected label ZipCode, got  ([]), file ZipCode.csv:4816 data 15746
    regex_detector_test.go:84: Expected label ZipCode, got  ([]), file ZipCode.csv:4817 data 15747
    regex_detector_test.go:84: Expected label ZipCode, got  ([]), file ZipCode.csv:4818 data 15748
    regex_detector_test.go:84: Expected label ZipCode, got  ([]), file ZipCode.csv:4819 data 15750
    regex_detector_test.go:84: Expected label ZipCode, got  ([]), file ZipCode.csv:4820 data 15752
    regex_detector_test.go:84: Expected label ZipCode, got  ([]), file ZipCode.csv:4821 data 15753
    regex_detector_test.go:84: Expected label ZipCode, got  ([]), file ZipCode.csv:4822 data 15754
    regex_detector_test.go:84: Expected label ZipCode, got  ([]), file ZipCode.csv:4823 data 15756
    regex_detector_test.go:84: Expected label ZipCode, got  ([]), file ZipCode.csv:4824 data 15757
    regex_detector_test.go:84: Expected label ZipCode, got  ([]), file ZipCode.csv:4825 data 15759
    regex_detector_test.go:84: Expected label ZipCode, got  ([]), file ZipCode.csv:4826 data 15760
    regex_detector_test.go:84: Expected label ZipCode, got  ([]), file ZipCode.csv:4827 data 15761
    regex_detector_test.go:84: Expected label ZipCode, got  ([]), file ZipCode.csv:4828 data 15762
    regex_detector_test.go:84: Expected label ZipCode, got  ([]), file ZipCode.csv:4829 data 15763
    regex_detector_test.go:84: Expected label ZipCode, got  ([]), file ZipCode.csv:4830 data 15764
    regex_detector_test.go:84: Expected label ZipCode, got  ([]), file ZipCode.csv:4831 data 15765
    regex_detector_test.go:84: Expected label ZipCode, got  ([]), file ZipCode.csv:4832 data 15767
    regex_detector_test.go:84: Expected label ZipCode, got  ([]), file ZipCode.csv:4833 data 15770
    regex_detector_test.go:84: Expected label ZipCode, got  ([]), file ZipCode.csv:4834 data 15771
    regex_detector_test.go:84: Expected label ZipCode, got  ([]), file ZipCode.csv:4835 data 15772
    regex_detector_test.go:84: Expected label ZipCode, got  ([]), file ZipCode.csv:4836 data 15773
    regex_detector_test.go:84: Expected label ZipCode, got  ([]), file ZipCode.csv:4837 data 15774
    regex_detector_test.go:84: Expected label ZipCode, got  ([]), file ZipCode.csv:4838 data 15775
    regex_detector_test.go:84: Expected label ZipCode, got  ([]), file ZipCode.csv:4839 data 15776
    regex_detector_test.go:84: Expected label ZipCode, got  ([]), file ZipCode.csv:4840 data 15777
    regex_detector_test.go:84: Expected label ZipCode, got  ([]), file ZipCode.csv:4841 data 15778
    regex_detector_test.go:84: Expected label ZipCode, got  ([]), file ZipCode.csv:4842 data 15779
    regex_detector_test.go:84: Expected label ZipCode, got  ([]), file ZipCode.csv:4843 data 15780
    regex_detector_test.go:84: Expected label ZipCode, got  ([]), file ZipCode.csv:4844 data 15781
    regex_detector_test.go:84: Expected label ZipCode, got  ([]), file ZipCode.csv:4845 data 15783
    regex_detector_test.go:84: Expected label ZipCode, got  ([]), file ZipCode.csv:4846 data 15784
    regex_detector_test.go:84: Expected label ZipCode, got  ([]), file ZipCode.csv:4847 data 15801
    regex_detector_test.go:84: Expected label ZipCode, got  ([]), file ZipCode.csv:4848 data 15821
    regex_detector_test.go:84: Expected label ZipCode, got  ([]), file ZipCode.csv:4849 data 15823
    regex_detector_test.go:84: Expected label ZipCode, got  ([]), file ZipCode.csv:4850 data 15824
    regex_detector_test.go:84: Expected label ZipCode, got  ([]), file ZipCode.csv:4851 data 15825
    regex_detector_test.go:84: Expected label ZipCode, got  ([]), file ZipCode.csv:4852 data 15827
    regex_detector_test.go:84: Expected label ZipCode, got  ([]), file ZipCode.csv:4853 data 15828
    regex_detector_test.go:84: Expected label ZipCode, got  ([]), file ZipCode.csv:4854 data 15829
    regex_detector_test.go:84: Expected label ZipCode, got  ([]), file ZipCode.csv:4855 data 15831
    regex_detector_test.go:84: Expected label ZipCode, got  ([]), file ZipCode.csv:4856 data 15832
    regex_detector_test.go:84: Expected label ZipCode, got  ([]), file ZipCode.csv:4857 data 15834
    regex_detector_test.go:84: Expected label ZipCode, got  ([]), file ZipCode.csv:4858 data 15840
    regex_detector_test.go:84: Expected label ZipCode, got  ([]), file ZipCode.csv:4859 data 15841
    regex_detector_test.go:84: Expected label ZipCode, got  ([]), file ZipCode.csv:4860 data 15845
    regex_detector_test.go:84: Expected label ZipCode, got  ([]), file ZipCode.csv:4861 data 15846
    regex_detector_test.go:84: Expected label ZipCode, got  ([]), file ZipCode.csv:4862 data 15847
    regex_detector_test.go:84: Expected label ZipCode, got  ([]), file ZipCode.csv:4863 data 15848
    regex_detector_test.go:84: Expected label ZipCode, got  ([]), file ZipCode.csv:4864 data 15849
    regex_detector_test.go:84: Expected label ZipCode, got  ([]), file ZipCode.csv:4865 data 15851
    regex_detector_test.go:84: Expected label ZipCode, got  ([]), file ZipCode.csv:4866 data 15853
    regex_detector_test.go:84: Expected label ZipCode, got  ([]), file ZipCode.csv:4867 data 15856
    regex_detector_test.go:84: Expected label ZipCode, got  ([]), file ZipCode.csv:4868 data 15857
    regex_detector_test.go:84: Expected label ZipCode, got  ([]), file ZipCode.csv:4869 data 15860
    regex_detector_test.go:84: Expected label ZipCode, got  ([]), file ZipCode.csv:4870 data 15861
    regex_detector_test.go:84: Expected label ZipCode, got  ([]), file ZipCode.csv:4871 data 15863
    regex_detector_test.go:84: Expected label ZipCode, got  ([]), file ZipCode.csv:4872 data 15864
    regex_detector_test.go:84: Expected label ZipCode, got  ([]), file ZipCode.csv:4873 data 15865
    regex_detector_test.go:84: Expected label ZipCode, got  ([]), file ZipCode.csv:4874 data 15866
    regex_detector_test.go:84: Expected label ZipCode, got  ([]), file ZipCode.csv:4875 data 15868
    regex_detector_test.go:84: Expected label ZipCode, got  ([]), file ZipCode.csv:4876 data 15870
    regex_detector_test.go:84: Expected label ZipCode, got  ([]), file ZipCode.csv:4877 data 15901
    regex_detector_test.go:84: Expected label ZipCode, got  ([]), file ZipCode.csv:4878 data 15902
    regex_detector_test.go:84: Expected label ZipCode, got  ([]), file ZipCode.csv:4879 data 15904
    regex_detector_test.go:84: Expected label ZipCode, got  ([]), file ZipCode.csv:4880 data 15905
    regex_detector_test.go:84: Expected label ZipCode, got  ([]), file ZipCode.csv:4881 data 15906
    regex_detector_test.go:84: Expected label ZipCode, got  ([]), file ZipCode.csv:4882 data 15909
    regex_detector_test.go:84: Expected label ZipCode, got  ([]), file ZipCode.csv:4883 data 15920
    regex_detector_test.go:84: Expected label ZipCode, got  ([]), file ZipCode.csv:4884 data 15921
    regex_detector_test.go:84: Expected label ZipCode, got  ([]), file ZipCode.csv:4885 data 15922
    regex_detector_test.go:84: Expected label ZipCode, got  ([]), file ZipCode.csv:4886 data 15923
    regex_detector_test.go:84: Expected label ZipCode, got  ([]), file ZipCode.csv:4887 data 15924
    regex_detector_test.go:84: Expected label ZipCode, got  ([]), file ZipCode.csv:4888 data 15925
    regex_detector_test.go:84: Expected label ZipCode, got  ([]), file ZipCode.csv:4889 data 15926
    regex_detector_test.go:84: Expected label ZipCode, got  ([]), file ZipCode.csv:4890 data 15927
    regex_detector_test.go:84: Expected label ZipCode, got  ([]), file ZipCode.csv:4891 data 15928
    regex_detector_test.go:84: Expected label ZipCode, got  ([]), file ZipCode.csv:4892 data 15929
    regex_detector_test.go:84: Expected label ZipCode, got  ([]), file ZipCode.csv:4893 data 15930
    regex_detector_test.go:84: Expected label ZipCode, got  ([]), file ZipCode.csv:4894 data 15931
    regex_detector_test.go:84: Expected label ZipCode, got  ([]), file ZipCode.csv:4895 data 15934
    regex_detector_test.go:84: Expected label ZipCode, got  ([]), file ZipCode.csv:4896 data 15935
    regex_detector_test.go:84: Expected label ZipCode, got  ([]), file ZipCode.csv:4897 data 15936
    regex_detector_test.go:84: Expected label ZipCode, got  ([]), file ZipCode.csv:4898 data 15937
    regex_detector_test.go:84: Expected label ZipCode, got  ([]), file ZipCode.csv:4899 data 15938
    regex_detector_test.go:84: Expected label ZipCode, got  ([]), file ZipCode.csv:4900 data 15940
    regex_detector_test.go:84: Expected label ZipCode, got  ([]), file ZipCode.csv:4901 data 15942
    regex_detector_test.go:84: Expected label ZipCode, got  ([]), file ZipCode.csv:4902 data 15943
    regex_detector_test.go:84: Expected label ZipCode, got  ([]), file ZipCode.csv:4903 data 15944
    regex_detector_test.go:84: Expected label ZipCode, got  ([]), file ZipCode.csv:4904 data 15945
    regex_detector_test.go:84: Expected label ZipCode, got  ([]), file ZipCode.csv:4905 data 15946
    regex_detector_test.go:84: Expected label ZipCode, got  ([]), file ZipCode.csv:4906 data 15948
    regex_detector_test.go:84: Expected label ZipCode, got  ([]), file ZipCode.csv:4907 data 15949
    regex_detector_test.go:84: Expected label ZipCode, got  ([]), file ZipCode.csv:4908 data 15951
    regex_detector_test.go:84: Expected label ZipCode, got  ([]), file ZipCode.csv:4909 data 15952
    regex_detector_test.go:84: Expected label ZipCode, got  ([]), file ZipCode.csv:4910 data 15953
    regex_detector_test.go:84: Expected label ZipCode, got  ([]), file ZipCode.csv:4911 data 15954
    regex_detector_test.go:84: Expected label ZipCode, got  ([]), file ZipCode.csv:4912 data 15955
    regex_detector_test.go:84: Expected label ZipCode, got  ([]), file ZipCode.csv:4913 data 15956
    regex_detector_test.go:84: Expected label ZipCode, got  ([]), file ZipCode.csv:4914 data 15957
    regex_detector_test.go:84: Expected label ZipCode, got  ([]), file ZipCode.csv:4915 data 15958
    regex_detector_test.go:84: Expected label ZipCode, got  ([]), file ZipCode.csv:4916 data 15960
    regex_detector_test.go:84: Expected label ZipCode, got  ([]), file ZipCode.csv:4917 data 15961
    regex_detector_test.go:84: Expected label ZipCode, got  ([]), file ZipCode.csv:4918 data 15962
    regex_detector_test.go:84: Expected label ZipCode, got  ([]), file ZipCode.csv:4919 data 15963
    regex_detector_test.go:84: Expected label ZipCode, got  ([]), file ZipCode.csv:4920 data 16001
    regex_detector_test.go:84: Expected label ZipCode, got  ([]), file ZipCode.csv:4921 data 16002
    regex_detector_test.go:84: Expected label ZipCode, got  ([]), file ZipCode.csv:4922 data 16020
    regex_detector_test.go:84: Expected label ZipCode, got  ([]), file ZipCode.csv:4923 data 16022
    regex_detector_test.go:84: Expected label ZipCode, got  ([]), file ZipCode.csv:4924 data 16023
    regex_detector_test.go:84: Expected label ZipCode, got  ([]), file ZipCode.csv:4925 data 16024
    regex_detector_test.go:84: Expected label ZipCode, got  ([]), file ZipCode.csv:4926 data 16025
    regex_detector_test.go:84: Expected label ZipCode, got  ([]), file ZipCode.csv:4927 data 16027
    regex_detector_test.go:84: Expected label ZipCode, got  ([]), file ZipCode.csv:4928 data 16028
    regex_detector_test.go:84: Expected label ZipCode, got  ([]), file ZipCode.csv:4929 data 16029
    regex_detector_test.go:84: Expected label ZipCode, got  ([]), file ZipCode.csv:4930 data 16030
    regex_detector_test.go:84: Expected label ZipCode, got  ([]), file ZipCode.csv:4931 data 16033
    regex_detector_test.go:84: Expected label ZipCode, got  ([]), file ZipCode.csv:4932 data 16034
    regex_detector_test.go:84: Expected label ZipCode, got  ([]), file ZipCode.csv:4933 data 16035
    regex_detector_test.go:84: Expected label ZipCode, got  ([]), file ZipCode.csv:4934 data 16036
    regex_detector_test.go:84: Expected label ZipCode, got  ([]), file ZipCode.csv:4935 data 16037
    regex_detector_test.go:84: Expected label ZipCode, got  ([]), file ZipCode.csv:4936 data 16038
    regex_detector_test.go:84: Expected label ZipCode, got  ([]), file ZipCode.csv:4937 data 16040
    regex_detector_test.go:84: Expected label ZipCode, got  ([]), file ZipCode.csv:4938 data 16041
    regex_detector_test.go:84: Expected label ZipCode, got  ([]), file ZipCode.csv:4939 data 16045
    regex_detector_test.go:84: Expected label ZipCode, got  ([]), file ZipCode.csv:4940 data 16046
    regex_detector_test.go:84: Expected label ZipCode, got  ([]), file ZipCode.csv:4941 data 16048
    regex_detector_test.go:84: Expected label ZipCode, got  ([]), file ZipCode.csv:4942 data 16049
    regex_detector_test.go:84: Expected label ZipCode, got  ([]), file ZipCode.csv:4943 data 16050
    regex_detector_test.go:84: Expected label ZipCode, got  ([]), file ZipCode.csv:4944 data 16051
    regex_detector_test.go:84: Expected label ZipCode, got  ([]), file ZipCode.csv:4945 data 16052
    regex_detector_test.go:84: Expected label ZipCode, got  ([]), file ZipCode.csv:4946 data 16053
    regex_detector_test.go:84: Expected label ZipCode, got  ([]), file ZipCode.csv:4947 data 16054
    regex_detector_test.go:84: Expected label ZipCode, got  ([]), file ZipCode.csv:4948 data 16055
    regex_detector_test.go:84: Expected label ZipCode, got  ([]), file ZipCode.csv:4949 data 16056
    regex_detector_test.go:84: Expected label ZipCode, got  ([]), file ZipCode.csv:4950 data 16057
    regex_detector_test.go:84: Expected label ZipCode, got  ([]), file ZipCode.csv:4951 data 16059
    regex_detector_test.go:84: Expected label ZipCode, got  ([]), file ZipCode.csv:4952 data 16061
    regex_detector_test.go:84: Expected label ZipCode, got  ([]), file ZipCode.csv:4953 data 16063
    regex_detector_test.go:84: Expected label ZipCode, got  ([]), file ZipCode.csv:4954 data 16066
    regex_detector_test.go:84: Expected label ZipCode, got  ([]), file ZipCode.csv:4955 data 16101
    regex_detector_test.go:84: Expected label ZipCode, got  ([]), file ZipCode.csv:4956 data 16102
    regex_detector_test.go:84: Expected label ZipCode, got  ([]), file ZipCode.csv:4957 data 16105
    regex_detector_test.go:84: Expected label ZipCode, got  ([]), file ZipCode.csv:4958 data 16110
    regex_detector_test.go:84: Expected label ZipCode, got  ([]), file ZipCode.csv:4959 data 16111
    regex_detector_test.go:84: Expected label ZipCode, got  ([]), file ZipCode.csv:4960 data 16112
    regex_detector_test.go:84: Expected label ZipCode, got  ([]), file ZipCode.csv:4961 data 16113
    regex_detector_test.go:84: Expected label ZipCode, got  ([]), file ZipCode.csv:4962 data 16114
    regex_detector_test.go:84: Expected label ZipCode, got  ([]), file ZipCode.csv:4963 data 16115
    regex_detector_test.go:84: Expected label ZipCode, got  ([]), file ZipCode.csv:4964 data 16116
    regex_detector_test.go:84: Expected label ZipCode, got  ([]), file ZipCode.csv:4965 data 16117
    regex_detector_test.go:84: Expected label ZipCode, got  ([]), file ZipCode.csv:4966 data 16120
    regex_detector_test.go:84: Expected label ZipCode, got  ([]), file ZipCode.csv:4967 data 16121
    regex_detector_test.go:84: Expected label ZipCode, got  ([]), file ZipCode.csv:4968 data 16123
    regex_detector_test.go:84: Expected label ZipCode, got  ([]), file ZipCode.csv:4969 data 16124
    regex_detector_test.go:84: Expected label ZipCode, got  ([]), file ZipCode.csv:4970 data 16125
    regex_detector_test.go:84: Expected label ZipCode, got  ([]), file ZipCode.csv:4971 data 16127
    regex_detector_test.go:84: Expected label ZipCode, got  ([]), file ZipCode.csv:4972 data 16130
    regex_detector_test.go:84: Expected label ZipCode, got  ([]), file ZipCode.csv:4973 data 16131
    regex_detector_test.go:84: Expected label ZipCode, got  ([]), file ZipCode.csv:4974 data 16132
    regex_detector_test.go:84: Expected label ZipCode, got  ([]), file ZipCode.csv:4975 data 16133
    regex_detector_test.go:84: Expected label ZipCode, got  ([]), file ZipCode.csv:4976 data 16134
    regex_detector_test.go:84: Expected label ZipCode, got  ([]), file ZipCode.csv:4977 data 16136
    regex_detector_test.go:84: Expected label ZipCode, got  ([]), file ZipCode.csv:4978 data 16137
    regex_detector_test.go:84: Expected label ZipCode, got  ([]), file ZipCode.csv:4979 data 16140
    regex_detector_test.go:84: Expected label ZipCode, got  ([]), file ZipCode.csv:4980 data 16141
    regex_detector_test.go:84: Expected label ZipCode, got  ([]), file ZipCode.csv:4981 data 16142
    regex_detector_test.go:84: Expected label ZipCode, got  ([]), file ZipCode.csv:4982 data 16143
    regex_detector_test.go:84: Expected label ZipCode, got  ([]), file ZipCode.csv:4983 data 16145
    regex_detector_test.go:84: Expected label ZipCode, got  ([]), file ZipCode.csv:4984 data 16146
    regex_detector_test.go:84: Expected label ZipCode, got  ([]), file ZipCode.csv:4985 data 16148
    regex_detector_test.go:84: Expected label ZipCode, got  ([]), file ZipCode.csv:4986 data 16150
    regex_detector_test.go:84: Expected label ZipCode, got  ([]), file ZipCode.csv:4987 data 16151
    regex_detector_test.go:84: Expected label ZipCode, got  ([]), file ZipCode.csv:4988 data 16153
    regex_detector_test.go:84: Expected label ZipCode, got  ([]), file ZipCode.csv:4989 data 16154
    regex_detector_test.go:84: Expected label ZipCode, got  ([]), file ZipCode.csv:4990 data 16155
    regex_detector_test.go:84: Expected label ZipCode, got  ([]), file ZipCode.csv:4991 data 16156
    regex_detector_test.go:84: Expected label ZipCode, got  ([]), file ZipCode.csv:4992 data 16157
    regex_detector_test.go:84: Expected label ZipCode, got  ([]), file ZipCode.csv:4993 data 16159
    regex_detector_test.go:84: Expected label ZipCode, got  ([]), file ZipCode.csv:4994 data 16160
    regex_detector_test.go:84: Expected label ZipCode, got  ([]), file ZipCode.csv:4995 data 16161
    regex_detector_test.go:84: Expected label ZipCode, got  ([]), file ZipCode.csv:4996 data 16172
    regex_detector_test.go:84: Expected label ZipCode, got  ([]), file ZipCode.csv:4997 data 16201
    regex_detector_test.go:84: Expected label ZipCode, got  ([]), file ZipCode.csv:4998 data 16210
    regex_detector_test.go:84: Expected label ZipCode, got  ([]), file ZipCode.csv:4999 data 16211
    regex_detector_test.go:84: Expected label ZipCode, got  ([]), file ZipCode.csv:5000 data 16212
    regex_detector_test.go:84: Expected label ZipCode, got  ([]), file ZipCode.csv:5001 data 16213
    regex_detector_test.go:84: Expected label ZipCode, got  ([]), file ZipCode.csv:5002 data 16214
    regex_detector_test.go:84: Expected label ZipCode, got  ([]), file ZipCode.csv:5003 data 16217
    regex_detector_test.go:84: Expected label ZipCode, got  ([]), file ZipCode.csv:5004 data 16218
    regex_detector_test.go:84: Expected label ZipCode, got  ([]), file ZipCode.csv:5005 data 16220
    regex_detector_test.go:84: Expected label ZipCode, got  ([]), file ZipCode.csv:5006 data 16222
    regex_detector_test.go:84: Expected label ZipCode, got  ([]), file ZipCode.csv:5007 data 16223
    regex_detector_test.go:84: Expected label ZipCode, got  ([]), file ZipCode.csv:5008 data 16224
    regex_detector_test.go:84: Expected label ZipCode, got  ([]), file ZipCode.csv:5009 data 16226
    regex_detector_test.go:84: Expected label ZipCode, got  ([]), file ZipCode.csv:5010 data 16228
    regex_detector_test.go:84: Expected label ZipCode, got  ([]), file ZipCode.csv:5011 data 16229
    regex_detector_test.go:84: Expected label ZipCode, got  ([]), file ZipCode.csv:5012 data 16230
    regex_detector_test.go:84: Expected label ZipCode, got  ([]), file ZipCode.csv:5013 data 16232
    regex_detector_test.go:84: Expected label ZipCode, got  ([]), file ZipCode.csv:5014 data 16233
    regex_detector_test.go:84: Expected label ZipCode, got  ([]), file ZipCode.csv:5015 data 16235
    regex_detector_test.go:84: Expected label ZipCode, got  ([]), file ZipCode.csv:5016 data 16236
    regex_detector_test.go:84: Expected label ZipCode, got  ([]), file ZipCode.csv:5017 data 16238
    regex_detector_test.go:84: Expected label ZipCode, got  ([]), file ZipCode.csv:5018 data 16239
    regex_detector_test.go:84: Expected label ZipCode, got  ([]), file ZipCode.csv:5019 data 16240
    regex_detector_test.go:84: Expected label ZipCode, got  ([]), file ZipCode.csv:5020 data 16242
    regex_detector_test.go:84: Expected label ZipCode, got  ([]), file ZipCode.csv:5021 data 16244
    regex_detector_test.go:84: Expected label ZipCode, got  ([]), file ZipCode.csv:5022 data 16245
    regex_detector_test.go:84: Expected label ZipCode, got  ([]), file ZipCode.csv:5023 data 16246
    regex_detector_test.go:84: Expected label ZipCode, got  ([]), file ZipCode.csv:5024 data 16248
    regex_detector_test.go:84: Expected label ZipCode, got  ([]), file ZipCode.csv:5025 data 16249
    regex_detector_test.go:84: Expected label ZipCode, got  ([]), file ZipCode.csv:5026 data 16250
    regex_detector_test.go:84: Expected label ZipCode, got  ([]), file ZipCode.csv:5027 data 16253
    regex_detector_test.go:84: Expected label ZipCode, got  ([]), file ZipCode.csv:5028 data 16254
    regex_detector_test.go:84: Expected label ZipCode, got  ([]), file ZipCode.csv:5029 data 16255
    regex_detector_test.go:84: Expected label ZipCode, got  ([]), file ZipCode.csv:5030 data 16256
    regex_detector_test.go:84: Expected label ZipCode, got  ([]), file ZipCode.csv:5031 data 16258
    regex_detector_test.go:84: Expected label ZipCode, got  ([]), file ZipCode.csv:5032 data 16259
    regex_detector_test.go:84: Expected label ZipCode, got  ([]), file ZipCode.csv:5033 data 16260
    regex_detector_test.go:84: Expected label ZipCode, got  ([]), file ZipCode.csv:5034 data 16262
    regex_detector_test.go:84: Expected label ZipCode, got  ([]), file ZipCode.csv:5035 data 16263
    regex_detector_test.go:84: Expected label ZipCode, got  ([]), file ZipCode.csv:5036 data 16301
    regex_detector_test.go:84: Expected label ZipCode, got  ([]), file ZipCode.csv:5037 data 16311
    regex_detector_test.go:84: Expected label ZipCode, got  ([]), file ZipCode.csv:5038 data 16312
    regex_detector_test.go:84: Expected label ZipCode, got  ([]), file ZipCode.csv:5039 data 16313
    regex_detector_test.go:84: Expected label ZipCode, got  ([]), file ZipCode.csv:5040 data 16314
    regex_detector_test.go:84: Expected label ZipCode, got  ([]), file ZipCode.csv:5041 data 16316
    regex_detector_test.go:84: Expected label ZipCode, got  ([]), file ZipCode.csv:5042 data 16317
    regex_detector_test.go:84: Expected label ZipCode, got  ([]), file ZipCode.csv:5043 data 16319
    regex_detector_test.go:84: Expected label ZipCode, got  ([]), file ZipCode.csv:5044 data 16321
    regex_detector_test.go:84: Expected label ZipCode, got  ([]), file ZipCode.csv:5045 data 16322
    regex_detector_test.go:84: Expected label ZipCode, got  ([]), file ZipCode.csv:5046 data 16323
    regex_detector_test.go:84: Expected label ZipCode, got  ([]), file ZipCode.csv:5047 data 16326
    regex_detector_test.go:84: Expected label ZipCode, got  ([]), file ZipCode.csv:5048 data 16327
    regex_detector_test.go:84: Expected label ZipCode, got  ([]), file ZipCode.csv:5049 data 16328
    regex_detector_test.go:84: Expected label ZipCode, got  ([]), file ZipCode.csv:5050 data 16329
    regex_detector_test.go:84: Expected label ZipCode, got  ([]), file ZipCode.csv:5051 data 16331
    regex_detector_test.go:84: Expected label ZipCode, got  ([]), file ZipCode.csv:5052 data 16332
    regex_detector_test.go:84: Expected label ZipCode, got  ([]), file ZipCode.csv:5053 data 16333
    regex_detector_test.go:84: Expected label ZipCode, got  ([]), file ZipCode.csv:5054 data 16334
    regex_detector_test.go:84: Expected label ZipCode, got  ([]), file ZipCode.csv:5055 data 16335
    regex_detector_test.go:84: Expected label ZipCode, got  ([]), file ZipCode.csv:5056 data 16340
    regex_detector_test.go:84: Expected label ZipCode, got  ([]), file ZipCode.csv:5057 data 16341
    regex_detector_test.go:84: Expected label ZipCode, got  ([]), file ZipCode.csv:5058 data 16342
    regex_detector_test.go:84: Expected label ZipCode, got  ([]), file ZipCode.csv:5059 data 16343
    regex_detector_test.go:84: Expected label ZipCode, got  ([]), file ZipCode.csv:5060 data 16344
    regex_detector_test.go:84: Expected label ZipCode, got  ([]), file ZipCode.csv:5061 data 16345
    regex_detector_test.go:84: Expected label ZipCode, got  ([]), file ZipCode.csv:5062 data 16346
    regex_detector_test.go:84: Expected label ZipCode, got  ([]), file ZipCode.csv:5063 data 16347
    regex_detector_test.go:84: Expected label ZipCode, got  ([]), file ZipCode.csv:5064 data 16350
    regex_detector_test.go:84: Expected label ZipCode, got  ([]), file ZipCode.csv:5065 data 16351
    regex_detector_test.go:84: Expected label ZipCode, got  ([]), file ZipCode.csv:5066 data 16352
    regex_detector_test.go:84: Expected label ZipCode, got  ([]), file ZipCode.csv:5067 data 16353
    regex_detector_test.go:84: Expected label ZipCode, got  ([]), file ZipCode.csv:5068 data 16354
    regex_detector_test.go:84: Expected label ZipCode, got  ([]), file ZipCode.csv:5069 data 16360
    regex_detector_test.go:84: Expected label ZipCode, got  ([]), file ZipCode.csv:5070 data 16361
    regex_detector_test.go:84: Expected label ZipCode, got  ([]), file ZipCode.csv:5071 data 16362
    regex_detector_test.go:84: Expected label ZipCode, got  ([]), file ZipCode.csv:5072 data 16364
    regex_detector_test.go:84: Expected label ZipCode, got  ([]), file ZipCode.csv:5073 data 16365
    regex_detector_test.go:84: Expected label ZipCode, got  ([]), file ZipCode.csv:5074 data 16370
    regex_detector_test.go:84: Expected label ZipCode, got  ([]), file ZipCode.csv:5075 data 16371
    regex_detector_test.go:84: Expected label ZipCode, got  ([]), file ZipCode.csv:5076 data 16372
    regex_detector_test.go:84: Expected label ZipCode, got  ([]), file ZipCode.csv:5077 data 16373
    regex_detector_test.go:84: Expected label ZipCode, got  ([]), file ZipCode.csv:5078 data 16374
    regex_detector_test.go:84: Expected label ZipCode, got  ([]), file ZipCode.csv:5079 data 16401
    regex_detector_test.go:84: Expected label ZipCode, got  ([]), file ZipCode.csv:5080 data 16402
    regex_detector_test.go:84: Expected label ZipCode, got  ([]), file ZipCode.csv:5081 data 16403
    regex_detector_test.go:84: Expected label ZipCode, got  ([]), file ZipCode.csv:5082 data 16404
    regex_detector_test.go:84: Expected label ZipCode, got  ([]), file ZipCode.csv:5083 data 16405
    regex_detector_test.go:84: Expected label ZipCode, got  ([]), file ZipCode.csv:5084 data 16406
    regex_detector_test.go:84: Expected label ZipCode, got  ([]), file ZipCode.csv:5085 data 16407
    regex_detector_test.go:84: Expected label ZipCode, got  ([]), file ZipCode.csv:5086 data 16410
    regex_detector_test.go:84: Expected label ZipCode, got  ([]), file ZipCode.csv:5087 data 16411
    regex_detector_test.go:84: Expected label ZipCode, got  ([]), file ZipCode.csv:5088 data 16412
    regex_detector_test.go:84: Expected label ZipCode, got  ([]), file ZipCode.csv:5089 data 16415
    regex_detector_test.go:84: Expected label ZipCode, got  ([]), file ZipCode.csv:5090 data 16416
    regex_detector_test.go:84: Expected label ZipCode, got  ([]), file ZipCode.csv:5091 data 16417
    regex_detector_test.go:84: Expected label ZipCode, got  ([]), file ZipCode.csv:5092 data 16420
    regex_detector_test.go:84: Expected label ZipCode, got  ([]), file ZipCode.csv:5093 data 16421
    regex_detector_test.go:84: Expected label ZipCode, got  ([]), file ZipCode.csv:5094 data 16422
    regex_detector_test.go:84: Expected label ZipCode, got  ([]), file ZipCode.csv:5095 data 16423
    regex_detector_test.go:84: Expected label ZipCode, got  ([]), file ZipCode.csv:5096 data 16424
    regex_detector_test.go:84: Expected label ZipCode, got  ([]), file ZipCode.csv:5097 data 16426
    regex_detector_test.go:84: Expected label ZipCode, got  ([]), file ZipCode.csv:5098 data 16427
    regex_detector_test.go:84: Expected label ZipCode, got  ([]), file ZipCode.csv:5099 data 16428
    regex_detector_test.go:84: Expected label ZipCode, got  ([]), file ZipCode.csv:5100 data 16430
    regex_detector_test.go:84: Expected label ZipCode, got  ([]), file ZipCode.csv:5101 data 16433
    regex_detector_test.go:84: Expected label ZipCode, got  ([]), file ZipCode.csv:5102 data 16434
    regex_detector_test.go:84: Expected label ZipCode, got  ([]), file ZipCode.csv:5103 data 16435
    regex_detector_test.go:84: Expected label ZipCode, got  ([]), file ZipCode.csv:5104 data 16436
    regex_detector_test.go:84: Expected label ZipCode, got  ([]), file ZipCode.csv:5105 data 16438
    regex_detector_test.go:84: Expected label ZipCode, got  ([]), file ZipCode.csv:5106 data 16440
    regex_detector_test.go:84: Expected label ZipCode, got  ([]), file ZipCode.csv:5107 data 16441
    regex_detector_test.go:84: Expected label ZipCode, got  ([]), file ZipCode.csv:5108 data 16442
    regex_detector_test.go:84: Expected label ZipCode, got  ([]), file ZipCode.csv:5109 data 16443
    regex_detector_test.go:84: Expected label ZipCode, got  ([]), file ZipCode.csv:5110 data 16444
    regex_detector_test.go:84: Expected label ZipCode, got  ([]), file ZipCode.csv:5111 data 16475
    regex_detector_test.go:84: Expected label ZipCode, got  ([]), file ZipCode.csv:5112 data 16501
    regex_detector_test.go:84: Expected label ZipCode, got  ([]), file ZipCode.csv:5113 data 16502
    regex_detector_test.go:84: Expected label ZipCode, got  ([]), file ZipCode.csv:5114 data 16503
    regex_detector_test.go:84: Expected label ZipCode, got  ([]), file ZipCode.csv:5115 data 16504
    regex_detector_test.go:84: Expected label ZipCode, got  ([]), file ZipCode.csv:5116 data 16505
    regex_detector_test.go:84: Expected label ZipCode, got  ([]), file ZipCode.csv:5117 data 16506
    regex_detector_test.go:84: Expected label ZipCode, got  ([]), file ZipCode.csv:5118 data 16507
    regex_detector_test.go:84: Expected label ZipCode, got  ([]), file ZipCode.csv:5119 data 16508
    regex_detector_test.go:84: Expected label ZipCode, got  ([]), file ZipCode.csv:5120 data 16509
    regex_detector_test.go:84: Expected label ZipCode, got  ([]), file ZipCode.csv:5121 data 16510
    regex_detector_test.go:84: Expected label ZipCode, got  ([]), file ZipCode.csv:5122 data 16511
    regex_detector_test.go:84: Expected label ZipCode, got  ([]), file ZipCode.csv:5123 data 16546
    regex_detector_test.go:84: Expected label ZipCode, got  ([]), file ZipCode.csv:5124 data 16550
    regex_detector_test.go:84: Expected label ZipCode, got  ([]), file ZipCode.csv:5125 data 16563
    regex_detector_test.go:84: Expected label ZipCode, got  ([]), file ZipCode.csv:5126 data 16601
    regex_detector_test.go:84: Expected label ZipCode, got  ([]), file ZipCode.csv:5127 data 16602
    regex_detector_test.go:84: Expected label ZipCode, got  ([]), file ZipCode.csv:5128 data 16611
    regex_detector_test.go:84: Expected label ZipCode, got  ([]), file ZipCode.csv:5129 data 16613
    regex_detector_test.go:84: Expected label ZipCode, got  ([]), file ZipCode.csv:5130 data 16616
    regex_detector_test.go:84: Expected label ZipCode, got  ([]), file ZipCode.csv:5131 data 16617
    regex_detector_test.go:84: Expected label ZipCode, got  ([]), file ZipCode.csv:5132 data 16619
    regex_detector_test.go:84: Expected label ZipCode, got  ([]), file ZipCode.csv:5133 data 16620
    regex_detector_test.go:84: Expected label ZipCode, got  ([]), file ZipCode.csv:5134 data 16621
    regex_detector_test.go:84: Expected label ZipCode, got  ([]), file ZipCode.csv:5135 data 16622
    regex_detector_test.go:84: Expected label ZipCode, got  ([]), file ZipCode.csv:5136 data 16623
    regex_detector_test.go:84: Expected label ZipCode, got  ([]), file ZipCode.csv:5137 data 16624
    regex_detector_test.go:84: Expected label ZipCode, got  ([]), file ZipCode.csv:5138 data 16625
    regex_detector_test.go:84: Expected label ZipCode, got  ([]), file ZipCode.csv:5139 data 16627
    regex_detector_test.go:84: Expected label ZipCode, got  ([]), file ZipCode.csv:5140 data 16630
    regex_detector_test.go:84: Expected label ZipCode, got  ([]), file ZipCode.csv:5141 data 16631
    regex_detector_test.go:84: Expected label ZipCode, got  ([]), file ZipCode.csv:5142 data 16633
    regex_detector_test.go:84: Expected label ZipCode, got  ([]), file ZipCode.csv:5143 data 16634
    regex_detector_test.go:84: Expected label ZipCode, got  ([]), file ZipCode.csv:5144 data 16635
    regex_detector_test.go:84: Expected label ZipCode, got  ([]), file ZipCode.csv:5145 data 16636
    regex_detector_test.go:84: Expected label ZipCode, got  ([]), file ZipCode.csv:5146 data 16637
    regex_detector_test.go:84: Expected label ZipCode, got  ([]), file ZipCode.csv:5147 data 16638
    regex_detector_test.go:84: Expected label ZipCode, got  ([]), file ZipCode.csv:5148 data 16639
    regex_detector_test.go:84: Expected label ZipCode, got  ([]), file ZipCode.csv:5149 data 16640
    regex_detector_test.go:84: Expected label ZipCode, got  ([]), file ZipCode.csv:5150 data 16641
    regex_detector_test.go:84: Expected label ZipCode, got  ([]), file ZipCode.csv:5151 data 16645
    regex_detector_test.go:84: Expected label ZipCode, got  ([]), file ZipCode.csv:5152 data 16646
    regex_detector_test.go:84: Expected label ZipCode, got  ([]), file ZipCode.csv:5153 data 16647
    regex_detector_test.go:84: Expected label ZipCode, got  ([]), file ZipCode.csv:5154 data 16648
    regex_detector_test.go:84: Expected label ZipCode, got  ([]), file ZipCode.csv:5155 data 16650
    regex_detector_test.go:84: Expected label ZipCode, got  ([]), file ZipCode.csv:5156 data 16651
    regex_detector_test.go:84: Expected label ZipCode, got  ([]), file ZipCode.csv:5157 data 16652
    regex_detector_test.go:84: Expected label ZipCode, got  ([]), file ZipCode.csv:5158 data 16654
    regex_detector_test.go:84: Expected label ZipCode, got  ([]), file ZipCode.csv:5159 data 16655
    regex_detector_test.go:84: Expected label ZipCode, got  ([]), file ZipCode.csv:5160 data 16656
    regex_detector_test.go:84: Expected label ZipCode, got  ([]), file ZipCode.csv:5161 data 16657
    regex_detector_test.go:84: Expected label ZipCode, got  ([]), file ZipCode.csv:5162 data 16659
    regex_detector_test.go:84: Expected label ZipCode, got  ([]), file ZipCode.csv:5163 data 16661
    regex_detector_test.go:84: Expected label ZipCode, got  ([]), file ZipCode.csv:5164 data 16662
    regex_detector_test.go:84: Expected label ZipCode, got  ([]), file ZipCode.csv:5165 data 16664
    regex_detector_test.go:84: Expected label ZipCode, got  ([]), file ZipCode.csv:5166 data 16665
    regex_detector_test.go:84: Expected label ZipCode, got  ([]), file ZipCode.csv:5167 data 16666
    regex_detector_test.go:84: Expected label ZipCode, got  ([]), file ZipCode.csv:5168 data 16667
    regex_detector_test.go:84: Expected label ZipCode, got  ([]), file ZipCode.csv:5169 data 16668
    regex_detector_test.go:84: Expected label ZipCode, got  ([]), file ZipCode.csv:5170 data 16669
    regex_detector_test.go:84: Expected label ZipCode, got  ([]), file ZipCode.csv:5171 data 16670
    regex_detector_test.go:84: Expected label ZipCode, got  ([]), file ZipCode.csv:5172 data 16671
    regex_detector_test.go:84: Expected label ZipCode, got  ([]), file ZipCode.csv:5173 data 16672
    regex_detector_test.go:84: Expected label ZipCode, got  ([]), file ZipCode.csv:5174 data 16673
    regex_detector_test.go:84: Expected label ZipCode, got  ([]), file ZipCode.csv:5175 data 16674
    regex_detector_test.go:84: Expected label ZipCode, got  ([]), file ZipCode.csv:5176 data 16675
    regex_detector_test.go:84: Expected label ZipCode, got  ([]), file ZipCode.csv:5177 data 16677
    regex_detector_test.go:84: Expected label ZipCode, got  ([]), file ZipCode.csv:5178 data 16678
    regex_detector_test.go:84: Expected label ZipCode, got  ([]), file ZipCode.csv:5179 data 16679
    regex_detector_test.go:84: Expected label ZipCode, got  ([]), file ZipCode.csv:5180 data 16680
    regex_detector_test.go:84: Expected label ZipCode, got  ([]), file ZipCode.csv:5181 data 16682
    regex_detector_test.go:84: Expected label ZipCode, got  ([]), file ZipCode.csv:5182 data 16683
    regex_detector_test.go:84: Expected label ZipCode, got  ([]), file ZipCode.csv:5183 data 16684
    regex_detector_test.go:84: Expected label ZipCode, got  ([]), file ZipCode.csv:5184 data 16685
    regex_detector_test.go:84: Expected label ZipCode, got  ([]), file ZipCode.csv:5185 data 16686
    regex_detector_test.go:84: Expected label ZipCode, got  ([]), file ZipCode.csv:5186 data 16689
    regex_detector_test.go:84: Expected label ZipCode, got  ([]), file ZipCode.csv:5187 data 16691
    regex_detector_test.go:84: Expected label ZipCode, got  ([]), file ZipCode.csv:5188 data 16692
    regex_detector_test.go:84: Expected label ZipCode, got  ([]), file ZipCode.csv:5189 data 16693
    regex_detector_test.go:84: Expected label ZipCode, got  ([]), file ZipCode.csv:5190 data 16694
    regex_detector_test.go:84: Expected label ZipCode, got  ([]), file ZipCode.csv:5191 data 16695
    regex_detector_test.go:84: Expected label ZipCode, got  ([]), file ZipCode.csv:5192 data 16699
    regex_detector_test.go:84: Expected label ZipCode, got  ([]), file ZipCode.csv:5193 data 16701
    regex_detector_test.go:84: Expected label ZipCode, got  ([]), file ZipCode.csv:5194 data 16720
    regex_detector_test.go:84: Expected label ZipCode, got  ([]), file ZipCode.csv:5195 data 16724
    regex_detector_test.go:84: Expected label ZipCode, got  ([]), file ZipCode.csv:5196 data 16725
    regex_detector_test.go:84: Expected label ZipCode, got  ([]), file ZipCode.csv:5197 data 16726
    regex_detector_test.go:84: Expected label ZipCode, got  ([]), file ZipCode.csv:5198 data 16727
    regex_detector_test.go:84: Expected label ZipCode, got  ([]), file ZipCode.csv:5199 data 16729
    regex_detector_test.go:84: Expected label ZipCode, got  ([]), file ZipCode.csv:5200 data 16730
    regex_detector_test.go:84: Expected label ZipCode, got  ([]), file ZipCode.csv:5201 data 16731
    regex_detector_test.go:84: Expected label ZipCode, got  ([]), file ZipCode.csv:5202 data 16732
    regex_detector_test.go:84: Expected label ZipCode, got  ([]), file ZipCode.csv:5203 data 16733
    regex_detector_test.go:84: Expected label ZipCode, got  ([]), file ZipCode.csv:5204 data 16734
    regex_detector_test.go:84: Expected label ZipCode, got  ([]), file ZipCode.csv:5205 data 16735
    regex_detector_test.go:84: Expected label ZipCode, got  ([]), file ZipCode.csv:5206 data 16738
    regex_detector_test.go:84: Expected label ZipCode, got  ([]), file ZipCode.csv:5207 data 16740
    regex_detector_test.go:84: Expected label ZipCode, got  ([]), file ZipCode.csv:5208 data 16743
    regex_detector_test.go:84: Expected label ZipCode, got  ([]), file ZipCode.csv:5209 data 16744
    regex_detector_test.go:84: Expected label ZipCode, got  ([]), file ZipCode.csv:5210 data 16745
    regex_detector_test.go:84: Expected label ZipCode, got  ([]), file ZipCode.csv:5211 data 16746
    regex_detector_test.go:84: Expected label ZipCode, got  ([]), file ZipCode.csv:5212 data 16748
    regex_detector_test.go:84: Expected label ZipCode, got  ([]), file ZipCode.csv:5213 data 16749
    regex_detector_test.go:84: Expected label ZipCode, got  ([]), file ZipCode.csv:5214 data 16750
    regex_detector_test.go:84: Expected label ZipCode, got  ([]), file ZipCode.csv:5215 data 16801
    regex_detector_test.go:84: Expected label ZipCode, got  ([]), file ZipCode.csv:5216 data 16802
    regex_detector_test.go:84: Expected label ZipCode, got  ([]), file ZipCode.csv:5217 data 16803
    regex_detector_test.go:84: Expected label ZipCode, got  ([]), file ZipCode.csv:5218 data 16820
    regex_detector_test.go:84: Expected label ZipCode, got  ([]), file ZipCode.csv:5219 data 16821
    regex_detector_test.go:84: Expected label ZipCode, got  ([]), file ZipCode.csv:5220 data 16822
    regex_detector_test.go:84: Expected label ZipCode, got  ([]), file ZipCode.csv:5221 data 16823
    regex_detector_test.go:84: Expected label ZipCode, got  ([]), file ZipCode.csv:5222 data 16825
    regex_detector_test.go:84: Expected label ZipCode, got  ([]), file ZipCode.csv:5223 data 16826
    regex_detector_test.go:84: Expected label ZipCode, got  ([]), file ZipCode.csv:5224 data 16827
    regex_detector_test.go:84: Expected label ZipCode, got  ([]), file ZipCode.csv:5225 data 16828
    regex_detector_test.go:84: Expected label ZipCode, got  ([]), file ZipCode.csv:5226 data 16829
    regex_detector_test.go:84: Expected label ZipCode, got  ([]), file ZipCode.csv:5227 data 16830
    regex_detector_test.go:84: Expected label ZipCode, got  ([]), file ZipCode.csv:5228 data 16832
    regex_detector_test.go:84: Expected label ZipCode, got  ([]), file ZipCode.csv:5229 data 16833
    regex_detector_test.go:84: Expected label ZipCode, got  ([]), file ZipCode.csv:5230 data 16834
    regex_detector_test.go:84: Expected label ZipCode, got  ([]), file ZipCode.csv:5231 data 16835
    regex_detector_test.go:84: Expected label ZipCode, got  ([]), file ZipCode.csv:5232 data 16836
    regex_detector_test.go:84: Expected label ZipCode, got  ([]), file ZipCode.csv:5233 data 16837
    regex_detector_test.go:84: Expected label ZipCode, got  ([]), file ZipCode.csv:5234 data 16838
    regex_detector_test.go:84: Expected label ZipCode, got  ([]), file ZipCode.csv:5235 data 16839
    regex_detector_test.go:84: Expected label ZipCode, got  ([]), file ZipCode.csv:5236 data 16840
    regex_detector_test.go:84: Expected label ZipCode, got  ([]), file ZipCode.csv:5237 data 16841
    regex_detector_test.go:84: Expected label ZipCode, got  ([]), file ZipCode.csv:5238 data 16843
    regex_detector_test.go:84: Expected label ZipCode, got  ([]), file ZipCode.csv:5239 data 16844
    regex_detector_test.go:84: Expected label ZipCode, got  ([]), file ZipCode.csv:5240 data 16845
    regex_detector_test.go:84: Expected label ZipCode, got  ([]), file ZipCode.csv:5241 data 16847
    regex_detector_test.go:84: Expected label ZipCode, got  ([]), file ZipCode.csv:5242 data 16848
    regex_detector_test.go:84: Expected label ZipCode, got  ([]), file ZipCode.csv:5243 data 16849
    regex_detector_test.go:84: Expected label ZipCode, got  ([]), file ZipCode.csv:5244 data 16851
    regex_detector_test.go:84: Expected label ZipCode, got  ([]), file ZipCode.csv:5245 data 16852
    regex_detector_test.go:84: Expected label ZipCode, got  ([]), file ZipCode.csv:5246 data 16853
    regex_detector_test.go:84: Expected label ZipCode, got  ([]), file ZipCode.csv:5247 data 16854
    regex_detector_test.go:84: Expected label ZipCode, got  ([]), file ZipCode.csv:5248 data 16855
    regex_detector_test.go:84: Expected label ZipCode, got  ([]), file ZipCode.csv:5249 data 16856
    regex_detector_test.go:84: Expected label ZipCode, got  ([]), file ZipCode.csv:5250 data 16858
    regex_detector_test.go:84: Expected label ZipCode, got  ([]), file ZipCode.csv:5251 data 16859
    regex_detector_test.go:84: Expected label ZipCode, got  ([]), file ZipCode.csv:5252 data 16860
    regex_detector_test.go:84: Expected label ZipCode, got  ([]), file ZipCode.csv:5253 data 16861
    regex_detector_test.go:84: Expected label ZipCode, got  ([]), file ZipCode.csv:5254 data 16863
    regex_detector_test.go:84: Expected label ZipCode, got  ([]), file ZipCode.csv:5255 data 16864
    regex_detector_test.go:84: Expected label ZipCode, got  ([]), file ZipCode.csv:5256 data 16865
    regex_detector_test.go:84: Expected label ZipCode, got  ([]), file ZipCode.csv:5257 data 16866
    regex_detector_test.go:84: Expected label ZipCode, got  ([]), file ZipCode.csv:5258 data 16868
    regex_detector_test.go:84: Expected label ZipCode, got  ([]), file ZipCode.csv:5259 data 16870
    regex_detector_test.go:84: Expected label ZipCode, got  ([]), file ZipCode.csv:5260 data 16871
    regex_detector_test.go:84: Expected label ZipCode, got  ([]), file ZipCode.csv:5261 data 16872
    regex_detector_test.go:84: Expected label ZipCode, got  ([]), file ZipCode.csv:5262 data 16874
    regex_detector_test.go:84: Expected label ZipCode, got  ([]), file ZipCode.csv:5263 data 16875
    regex_detector_test.go:84: Expected label ZipCode, got  ([]), file ZipCode.csv:5264 data 16876
    regex_detector_test.go:84: Expected label ZipCode, got  ([]), file ZipCode.csv:5265 data 16877
    regex_detector_test.go:84: Expected label ZipCode, got  ([]), file ZipCode.csv:5266 data 16878
    regex_detector_test.go:84: Expected label ZipCode, got  ([]), file ZipCode.csv:5267 data 16879
    regex_detector_test.go:84: Expected label ZipCode, got  ([]), file ZipCode.csv:5268 data 16881
    regex_detector_test.go:84: Expected label ZipCode, got  ([]), file ZipCode.csv:5269 data 16882
    regex_detector_test.go:84: Expected label ZipCode, got  ([]), file ZipCode.csv:5270 data 16901
    regex_detector_test.go:84: Expected label ZipCode, got  ([]), file ZipCode.csv:5271 data 16910
    regex_detector_test.go:84: Expected label ZipCode, got  ([]), file ZipCode.csv:5272 data 16911
    regex_detector_test.go:84: Expected label ZipCode, got  ([]), file ZipCode.csv:5273 data 16912
    regex_detector_test.go:84: Expected label ZipCode, got  ([]), file ZipCode.csv:5274 data 16914
    regex_detector_test.go:84: Expected label ZipCode, got  ([]), file ZipCode.csv:5275 data 16915
    regex_detector_test.go:84: Expected label ZipCode, got  ([]), file ZipCode.csv:5276 data 16917
    regex_detector_test.go:84: Expected label ZipCode, got  ([]), file ZipCode.csv:5277 data 16920
    regex_detector_test.go:84: Expected label ZipCode, got  ([]), file ZipCode.csv:5278 data 16921
    regex_detector_test.go:84: Expected label ZipCode, got  ([]), file ZipCode.csv:5279 data 16922
    regex_detector_test.go:84: Expected label ZipCode, got  ([]), file ZipCode.csv:5280 data 16923
    regex_detector_test.go:84: Expected label ZipCode, got  ([]), file ZipCode.csv:5281 data 16925
    regex_detector_test.go:84: Expected label ZipCode, got  ([]), file ZipCode.csv:5282 data 16926
    regex_detector_test.go:84: Expected label ZipCode, got  ([]), file ZipCode.csv:5283 data 16927
    regex_detector_test.go:84: Expected label ZipCode, got  ([]), file ZipCode.csv:5284 data 16928
    regex_detector_test.go:84: Expected label ZipCode, got  ([]), file ZipCode.csv:5285 data 16929
    regex_detector_test.go:84: Expected label ZipCode, got  ([]), file ZipCode.csv:5286 data 16930
    regex_detector_test.go:84: Expected label ZipCode, got  ([]), file ZipCode.csv:5287 data 16932
    regex_detector_test.go:84: Expected label ZipCode, got  ([]), file ZipCode.csv:5288 data 16933
    regex_detector_test.go:84: Expected label ZipCode, got  ([]), file ZipCode.csv:5289 data 16935
    regex_detector_test.go:84: Expected label ZipCode, got  ([]), file ZipCode.csv:5290 data 16936
    regex_detector_test.go:84: Expected label ZipCode, got  ([]), file ZipCode.csv:5291 data 16937
    regex_detector_test.go:84: Expected label ZipCode, got  ([]), file ZipCode.csv:5292 data 16938
    regex_detector_test.go:84: Expected label ZipCode, got  ([]), file ZipCode.csv:5293 data 16939
    regex_detector_test.go:84: Expected label ZipCode, got  ([]), file ZipCode.csv:5294 data 16940
    regex_detector_test.go:84: Expected label ZipCode, got  ([]), file ZipCode.csv:5295 data 16941
    regex_detector_test.go:84: Expected label ZipCode, got  ([]), file ZipCode.csv:5296 data 16942
    regex_detector_test.go:84: Expected label ZipCode, got  ([]), file ZipCode.csv:5297 data 16943
    regex_detector_test.go:84: Expected label ZipCode, got  ([]), file ZipCode.csv:5298 data 16946
    regex_detector_test.go:84: Expected label ZipCode, got  ([]), file ZipCode.csv:5299 data 16947
    regex_detector_test.go:84: Expected label ZipCode, got  ([]), file ZipCode.csv:5300 data 16948
    regex_detector_test.go:84: Expected label ZipCode, got  ([]), file ZipCode.csv:5301 data 16950
    regex_detector_test.go:84: Expected label ZipCode, got  ([]), file ZipCode.csv:5302 data 17002
    regex_detector_test.go:84: Expected label ZipCode, got  ([]), file ZipCode.csv:5303 data 17003
    regex_detector_test.go:84: Expected label ZipCode, got  ([]), file ZipCode.csv:5304 data 17004
    regex_detector_test.go:84: Expected label ZipCode, got  ([]), file ZipCode.csv:5305 data 17005
    regex_detector_test.go:84: Expected label ZipCode, got  ([]), file ZipCode.csv:5306 data 17006
    regex_detector_test.go:84: Expected label ZipCode, got  ([]), file ZipCode.csv:5307 data 17007
    regex_detector_test.go:84: Expected label ZipCode, got  ([]), file ZipCode.csv:5308 data 17009
    regex_detector_test.go:84: Expected label ZipCode, got  ([]), file ZipCode.csv:5309 data 17010
    regex_detector_test.go:84: Expected label ZipCode, got  ([]), file ZipCode.csv:5310 data 17011
    regex_detector_test.go:84: Expected label ZipCode, got  ([]), file ZipCode.csv:5311 data 17013
    regex_detector_test.go:84: Expected label ZipCode, got  ([]), file ZipCode.csv:5312 data 17014
    regex_detector_test.go:84: Expected label ZipCode, got  ([]), file ZipCode.csv:5313 data 17015
    regex_detector_test.go:84: Expected label ZipCode, got  ([]), file ZipCode.csv:5314 data 17016
    regex_detector_test.go:84: Expected label ZipCode, got  ([]), file ZipCode.csv:5315 data 17017
    regex_detector_test.go:84: Expected label ZipCode, got  ([]), file ZipCode.csv:5316 data 17018
    regex_detector_test.go:84: Expected label ZipCode, got  ([]), file ZipCode.csv:5317 data 17019
    regex_detector_test.go:84: Expected label ZipCode, got  ([]), file ZipCode.csv:5318 data 17020
    regex_detector_test.go:84: Expected label ZipCode, got  ([]), file ZipCode.csv:5319 data 17021
    regex_detector_test.go:84: Expected label ZipCode, got  ([]), file ZipCode.csv:5320 data 17022
    regex_detector_test.go:84: Expected label ZipCode, got  ([]), file ZipCode.csv:5321 data 17023
    regex_detector_test.go:84: Expected label ZipCode, got  ([]), file ZipCode.csv:5322 data 17024
    regex_detector_test.go:84: Expected label ZipCode, got  ([]), file ZipCode.csv:5323 data 17025
    regex_detector_test.go:84: Expected label ZipCode, got  ([]), file ZipCode.csv:5324 data 17026
    regex_detector_test.go:84: Expected label ZipCode, got  ([]), file ZipCode.csv:5325 data 17027
    regex_detector_test.go:84: Expected label ZipCode, got  ([]), file ZipCode.csv:5326 data 17028
    regex_detector_test.go:84: Expected label ZipCode, got  ([]), file ZipCode.csv:5327 data 17029
    regex_detector_test.go:84: Expected label ZipCode, got  ([]), file ZipCode.csv:5328 data 17030
    regex_detector_test.go:84: Expected label ZipCode, got  ([]), file ZipCode.csv:5329 data 17032
    regex_detector_test.go:84: Expected label ZipCode, got  ([]), file ZipCode.csv:5330 data 17033
    regex_detector_test.go:84: Expected label ZipCode, got  ([]), file ZipCode.csv:5331 data 17034
    regex_detector_test.go:84: Expected label ZipCode, got  ([]), file ZipCode.csv:5332 data 17035
    regex_detector_test.go:84: Expected label ZipCode, got  ([]), file ZipCode.csv:5333 data 17036
    regex_detector_test.go:84: Expected label ZipCode, got  ([]), file ZipCode.csv:5334 data 17037
    regex_detector_test.go:84: Expected label ZipCode, got  ([]), file ZipCode.csv:5335 data 17038
    regex_detector_test.go:84: Expected label ZipCode, got  ([]), file ZipCode.csv:5336 data 17039
    regex_detector_test.go:84: Expected label ZipCode, got  ([]), file ZipCode.csv:5337 data 17040
    regex_detector_test.go:84: Expected label ZipCode, got  ([]), file ZipCode.csv:5338 data 17041
    regex_detector_test.go:84: Expected label ZipCode, got  ([]), file ZipCode.csv:5339 data 17042
    regex_detector_test.go:84: Expected label ZipCode, got  ([]), file ZipCode.csv:5340 data 17043
    regex_detector_test.go:84: Expected label ZipCode, got  ([]), file ZipCode.csv:5341 data 17044
    regex_detector_test.go:84: Expected label ZipCode, got  ([]), file ZipCode.csv:5342 data 17045
    regex_detector_test.go:84: Expected label ZipCode, got  ([]), file ZipCode.csv:5343 data 17046
    regex_detector_test.go:84: Expected label ZipCode, got  ([]), file ZipCode.csv:5344 data 17047
    regex_detector_test.go:84: Expected label ZipCode, got  ([]), file ZipCode.csv:5345 data 17048
    regex_detector_test.go:84: Expected label ZipCode, got  ([]), file ZipCode.csv:5346 data 17049
    regex_detector_test.go:84: Expected label ZipCode, got  ([]), file ZipCode.csv:5347 data 17050
    regex_detector_test.go:84: Expected label ZipCode, got  ([]), file ZipCode.csv:5348 data 17051
    regex_detector_test.go:84: Expected label ZipCode, got  ([]), file ZipCode.csv:5349 data 17052
    regex_detector_test.go:84: Expected label ZipCode, got  ([]), file ZipCode.csv:5350 data 17053
    regex_detector_test.go:84: Expected label ZipCode, got  ([]), file ZipCode.csv:5351 data 17054
    regex_detector_test.go:84: Expected label ZipCode, got  ([]), file ZipCode.csv:5352 data 17055
    regex_detector_test.go:84: Expected label ZipCode, got  ([]), file ZipCode.csv:5353 data 17056
    regex_detector_test.go:84: Expected label ZipCode, got  ([]), file ZipCode.csv:5354 data 17057
    regex_detector_test.go:84: Expected label ZipCode, got  ([]), file ZipCode.csv:5355 data 17058
    regex_detector_test.go:84: Expected label ZipCode, got  ([]), file ZipCode.csv:5356 data 17059
    regex_detector_test.go:84: Expected label ZipCode, got  ([]), file ZipCode.csv:5357 data 17060
    regex_detector_test.go:84: Expected label ZipCode, got  ([]), file ZipCode.csv:5358 data 17061
    regex_detector_test.go:84: Expected label ZipCode, got  ([]), file ZipCode.csv:5359 data 17062
    regex_detector_test.go:84: Expected label ZipCode, got  ([]), file ZipCode.csv:5360 data 17063
    regex_detector_test.go:84: Expected label ZipCode, got  ([]), file ZipCode.csv:5361 data 17064
    regex_detector_test.go:84: Expected label ZipCode, got  ([]), file ZipCode.csv:5362 data 17065
    regex_detector_test.go:84: Expected label ZipCode, got  ([]), file ZipCode.csv:5363 data 17066
    regex_detector_test.go:84: Expected label ZipCode, got  ([]), file ZipCode.csv:5364 data 17067
    regex_detector_test.go:84: Expected label ZipCode, got  ([]), file ZipCode.csv:5365 data 17068
    regex_detector_test.go:84: Expected label ZipCode, got  ([]), file ZipCode.csv:5366 data 17069
    regex_detector_test.go:84: Expected label ZipCode, got  ([]), file ZipCode.csv:5367 data 17070
    regex_detector_test.go:84: Expected label ZipCode, got  ([]), file ZipCode.csv:5368 data 17071
    regex_detector_test.go:84: Expected label ZipCode, got  ([]), file ZipCode.csv:5369 data 17073
    regex_detector_test.go:84: Expected label ZipCode, got  ([]), file ZipCode.csv:5370 data 17074
    regex_detector_test.go:84: Expected label ZipCode, got  ([]), file ZipCode.csv:5371 data 17075
    regex_detector_test.go:84: Expected label ZipCode, got  ([]), file ZipCode.csv:5372 data 17076
    regex_detector_test.go:84: Expected label ZipCode, got  ([]), file ZipCode.csv:5373 data 17077
    regex_detector_test.go:84: Expected label ZipCode, got  ([]), file ZipCode.csv:5374 data 17078
    regex_detector_test.go:84: Expected label ZipCode, got  ([]), file ZipCode.csv:5375 data 17080
    regex_detector_test.go:84: Expected label ZipCode, got  ([]), file ZipCode.csv:5376 data 17081
    regex_detector_test.go:84: Expected label ZipCode, got  ([]), file ZipCode.csv:5377 data 17082
    regex_detector_test.go:84: Expected label ZipCode, got  ([]), file ZipCode.csv:5378 data 17084
    regex_detector_test.go:84: Expected label ZipCode, got  ([]), file ZipCode.csv:5379 data 17086
    regex_detector_test.go:84: Expected label ZipCode, got  ([]), file ZipCode.csv:5380 data 17087
    regex_detector_test.go:84: Expected label ZipCode, got  ([]), file ZipCode.csv:5381 data 17088
    regex_detector_test.go:84: Expected label ZipCode, got  ([]), file ZipCode.csv:5382 data 17090
    regex_detector_test.go:84: Expected label ZipCode, got  ([]), file ZipCode.csv:5383 data 17093
    regex_detector_test.go:84: Expected label ZipCode, got  ([]), file ZipCode.csv:5384 data 17094
    regex_detector_test.go:84: Expected label ZipCode, got  ([]), file ZipCode.csv:5385 data 17097
    regex_detector_test.go:84: Expected label ZipCode, got  ([]), file ZipCode.csv:5386 data 17098
    regex_detector_test.go:84: Expected label ZipCode, got  ([]), file ZipCode.csv:5387 data 17099
    regex_detector_test.go:84: Expected label ZipCode, got  ([]), file ZipCode.csv:5388 data 17101
    regex_detector_test.go:84: Expected label ZipCode, got  ([]), file ZipCode.csv:5389 data 17102
    regex_detector_test.go:84: Expected label ZipCode, got  ([]), file ZipCode.csv:5390 data 17103
    regex_detector_test.go:84: Expected label ZipCode, got  ([]), file ZipCode.csv:5391 data 17104
    regex_detector_test.go:84: Expected label ZipCode, got  ([]), file ZipCode.csv:5392 data 17109
    regex_detector_test.go:84: Expected label ZipCode, got  ([]), file ZipCode.csv:5393 data 17110
    regex_detector_test.go:84: Expected label ZipCode, got  ([]), file ZipCode.csv:5394 data 17111
    regex_detector_test.go:84: Expected label ZipCode, got  ([]), file ZipCode.csv:5395 data 17112
    regex_detector_test.go:84: Expected label ZipCode, got  ([]), file ZipCode.csv:5396 data 17113
    regex_detector_test.go:84: Expected label ZipCode, got  ([]), file ZipCode.csv:5397 data 17120
    regex_detector_test.go:84: Expected label ZipCode, got  ([]), file ZipCode.csv:5398 data 17201
    regex_detector_test.go:84: Expected label ZipCode, got  ([]), file ZipCode.csv:5399 data 17202
    regex_detector_test.go:84: Expected label ZipCode, got  ([]), file ZipCode.csv:5400 data 17210
    regex_detector_test.go:84: Expected label ZipCode, got  ([]), file ZipCode.csv:5401 data 17211
    regex_detector_test.go:84: Expected label ZipCode, got  ([]), file ZipCode.csv:5402 data 17212
    regex_detector_test.go:84: Expected label ZipCode, got  ([]), file ZipCode.csv:5403 data 17213
    regex_detector_test.go:84: Expected label ZipCode, got  ([]), file ZipCode.csv:5404 data 17214
    regex_detector_test.go:84: Expected label ZipCode, got  ([]), file ZipCode.csv:5405 data 17215
    regex_detector_test.go:84: Expected label ZipCode, got  ([]), file ZipCode.csv:5406 data 17217
    regex_detector_test.go:84: Expected label ZipCode, got  ([]), file ZipCode.csv:5407 data 17219
    regex_detector_test.go:84: Expected label ZipCode, got  ([]), file ZipCode.csv:5408 data 17220
    regex_detector_test.go:84: Expected label ZipCode, got  ([]), file ZipCode.csv:5409 data 17221
    regex_detector_test.go:84: Expected label ZipCode, got  ([]), file ZipCode.csv:5410 data 17222
    regex_detector_test.go:84: Expected label ZipCode, got  ([]), file ZipCode.csv:5411 data 17223
    regex_detector_test.go:84: Expected label ZipCode, got  ([]), file ZipCode.csv:5412 data 17224
    regex_detector_test.go:84: Expected label ZipCode, got  ([]), file ZipCode.csv:5413 data 17225
    regex_detector_test.go:84: Expected label ZipCode, got  ([]), file ZipCode.csv:5414 data 17228
    regex_detector_test.go:84: Expected label ZipCode, got  ([]), file ZipCode.csv:5415 data 17229
    regex_detector_test.go:84: Expected label ZipCode, got  ([]), file ZipCode.csv:5416 data 17232
    regex_detector_test.go:84: Expected label ZipCode, got  ([]), file ZipCode.csv:5417 data 17233
    regex_detector_test.go:84: Expected label ZipCode, got  ([]), file ZipCode.csv:5418 data 17235
    regex_detector_test.go:84: Expected label ZipCode, got  ([]), file ZipCode.csv:5419 data 17236
    regex_detector_test.go:84: Expected label ZipCode, got  ([]), file ZipCode.csv:5420 data 17237
    regex_detector_test.go:84: Expected label ZipCode, got  ([]), file ZipCode.csv:5421 data 17238
    regex_detector_test.go:84: Expected label ZipCode, got  ([]), file ZipCode.csv:5422 data 17239
    regex_detector_test.go:84: Expected label ZipCode, got  ([]), file ZipCode.csv:5423 data 17240
    regex_detector_test.go:84: Expected label ZipCode, got  ([]), file ZipCode.csv:5424 data 17241
    regex_detector_test.go:84: Expected label ZipCode, got  ([]), file ZipCode.csv:5425 data 17243
    regex_detector_test.go:84: Expected label ZipCode, got  ([]), file ZipCode.csv:5426 data 17244
    regex_detector_test.go:84: Expected label ZipCode, got  ([]), file ZipCode.csv:5427 data 17246
    regex_detector_test.go:84: Expected label ZipCode, got  ([]), file ZipCode.csv:5428 data 17247
    regex_detector_test.go:84: Expected label ZipCode, got  ([]), file ZipCode.csv:5429 data 17249
    regex_detector_test.go:84: Expected label ZipCode, got  ([]), file ZipCode.csv:5430 data 17250
    regex_detector_test.go:84: Expected label ZipCode, got  ([]), file ZipCode.csv:5431 data 17251
    regex_detector_test.go:84: Expected label ZipCode, got  ([]), file ZipCode.csv:5432 data 17252
    regex_detector_test.go:84: Expected label ZipCode, got  ([]), file ZipCode.csv:5433 data 17253
    regex_detector_test.go:84: Expected label ZipCode, got  ([]), file ZipCode.csv:5434 data 17254
    regex_detector_test.go:84: Expected label ZipCode, got  ([]), file ZipCode.csv:5435 data 17255
    regex_detector_test.go:84: Expected label ZipCode, got  ([]), file ZipCode.csv:5436 data 17257
    regex_detector_test.go:84: Expected label ZipCode, got  ([]), file ZipCode.csv:5437 data 17260
    regex_detector_test.go:84: Expected label ZipCode, got  ([]), file ZipCode.csv:5438 data 17261
    regex_detector_test.go:84: Expected label ZipCode, got  ([]), file ZipCode.csv:5439 data 17262
    regex_detector_test.go:84: Expected label ZipCode, got  ([]), file ZipCode.csv:5440 data 17263
    regex_detector_test.go:84: Expected label ZipCode, got  ([]), file ZipCode.csv:5441 data 17264
    regex_detector_test.go:84: Expected label ZipCode, got  ([]), file ZipCode.csv:5442 data 17265
    regex_detector_test.go:84: Expected label ZipCode, got  ([]), file ZipCode.csv:5443 data 17266
    regex_detector_test.go:84: Expected label ZipCode, got  ([]), file ZipCode.csv:5444 data 17267
    regex_detector_test.go:84: Expected label ZipCode, got  ([]), file ZipCode.csv:5445 data 17268
    regex_detector_test.go:84: Expected label ZipCode, got  ([]), file ZipCode.csv:5446 data 17271
    regex_detector_test.go:84: Expected label ZipCode, got  ([]), file ZipCode.csv:5447 data 17301
    regex_detector_test.go:84: Expected label ZipCode, got  ([]), file ZipCode.csv:5448 data 17302
    regex_detector_test.go:84: Expected label ZipCode, got  ([]), file ZipCode.csv:5449 data 17303
    regex_detector_test.go:84: Expected label ZipCode, got  ([]), file ZipCode.csv:5450 data 17304
    regex_detector_test.go:84: Expected label ZipCode, got  ([]), file ZipCode.csv:5451 data 17306
    regex_detector_test.go:84: Expected label ZipCode, got  ([]), file ZipCode.csv:5452 data 17307
    regex_detector_test.go:84: Expected label ZipCode, got  ([]), file ZipCode.csv:5453 data 17309
    regex_detector_test.go:84: Expected label ZipCode, got  ([]), file ZipCode.csv:5454 data 17311
    regex_detector_test.go:84: Expected label ZipCode, got  ([]), file ZipCode.csv:5455 data 17313
    regex_detector_test.go:84: Expected label ZipCode, got  ([]), file ZipCode.csv:5456 data 17314
    regex_detector_test.go:84: Expected label ZipCode, got  ([]), file ZipCode.csv:5457 data 17315
    regex_detector_test.go:84: Expected label ZipCode, got  ([]), file ZipCode.csv:5458 data 17316
    regex_detector_test.go:84: Expected label ZipCode, got  ([]), file ZipCode.csv:5459 data 17317
    regex_detector_test.go:84: Expected label ZipCode, got  ([]), file ZipCode.csv:5460 data 17318
    regex_detector_test.go:84: Expected label ZipCode, got  ([]), file ZipCode.csv:5461 data 17319
    regex_detector_test.go:84: Expected label ZipCode, got  ([]), file ZipCode.csv:5462 data 17320
    regex_detector_test.go:84: Expected label ZipCode, got  ([]), file ZipCode.csv:5463 data 17321
    regex_detector_test.go:84: Expected label ZipCode, got  ([]), file ZipCode.csv:5464 data 17322
    regex_detector_test.go:84: Expected label ZipCode, got  ([]), file ZipCode.csv:5465 data 17323
    regex_detector_test.go:84: Expected label ZipCode, got  ([]), file ZipCode.csv:5466 data 17324
    regex_detector_test.go:84: Expected label ZipCode, got  ([]), file ZipCode.csv:5467 data 17325
    regex_detector_test.go:84: Expected label ZipCode, got  ([]), file ZipCode.csv:5468 data 17327
    regex_detector_test.go:84: Expected label ZipCode, got  ([]), file ZipCode.csv:5469 data 17329
    regex_detector_test.go:84: Expected label ZipCode, got  ([]), file ZipCode.csv:5470 data 17331
    regex_detector_test.go:84: Expected label ZipCode, got  ([]), file ZipCode.csv:5471 data 17339
    regex_detector_test.go:84: Expected label ZipCode, got  ([]), file ZipCode.csv:5472 data 17340
    regex_detector_test.go:84: Expected label ZipCode, got  ([]), file ZipCode.csv:5473 data 17342
    regex_detector_test.go:84: Expected label ZipCode, got  ([]), file ZipCode.csv:5474 data 17343
    regex_detector_test.go:84: Expected label ZipCode, got  ([]), file ZipCode.csv:5475 data 17344
    regex_detector_test.go:84: Expected label ZipCode, got  ([]), file ZipCode.csv:5476 data 17345
    regex_detector_test.go:84: Expected label ZipCode, got  ([]), file ZipCode.csv:5477 data 17347
    regex_detector_test.go:84: Expected label ZipCode, got  ([]), file ZipCode.csv:5478 data 17349
    regex_detector_test.go:84: Expected label ZipCode, got  ([]), file ZipCode.csv:5479 data 17350
    regex_detector_test.go:84: Expected label ZipCode, got  ([]), file ZipCode.csv:5480 data 17352
    regex_detector_test.go:84: Expected label ZipCode, got  ([]), file ZipCode.csv:5481 data 17353
    regex_detector_test.go:84: Expected label ZipCode, got  ([]), file ZipCode.csv:5482 data 17355
    regex_detector_test.go:84: Expected label ZipCode, got  ([]), file ZipCode.csv:5483 data 17356
    regex_detector_test.go:84: Expected label ZipCode, got  ([]), file ZipCode.csv:5484 data 17360
    regex_detector_test.go:84: Expected label ZipCode, got  ([]), file ZipCode.csv:5485 data 17361
    regex_detector_test.go:84: Expected label ZipCode, got  ([]), file ZipCode.csv:5486 data 17362
    regex_detector_test.go:84: Expected label ZipCode, got  ([]), file ZipCode.csv:5487 data 17363
    regex_detector_test.go:84: Expected label ZipCode, got  ([]), file ZipCode.csv:5488 data 17364
    regex_detector_test.go:84: Expected label ZipCode, got  ([]), file ZipCode.csv:5489 data 17365
    regex_detector_test.go:84: Expected label ZipCode, got  ([]), file ZipCode.csv:5490 data 17366
    regex_detector_test.go:84: Expected label ZipCode, got  ([]), file ZipCode.csv:5491 data 17368
    regex_detector_test.go:84: Expected label ZipCode, got  ([]), file ZipCode.csv:5492 data 17370
    regex_detector_test.go:84: Expected label ZipCode, got  ([]), file ZipCode.csv:5493 data 17371
    regex_detector_test.go:84: Expected label ZipCode, got  ([]), file ZipCode.csv:5494 data 17372
    regex_detector_test.go:84: Expected label ZipCode, got  ([]), file ZipCode.csv:5495 data 17401
    regex_detector_test.go:84: Expected label ZipCode, got  ([]), file ZipCode.csv:5496 data 17402
    regex_detector_test.go:84: Expected label ZipCode, got  ([]), file ZipCode.csv:5497 data 17403
    regex_detector_test.go:84: Expected label ZipCode, got  ([]), file ZipCode.csv:5498 data 17404
    regex_detector_test.go:84: Expected label ZipCode, got  ([]), file ZipCode.csv:5499 data 17406
    regex_detector_test.go:84: Expected label ZipCode, got  ([]), file ZipCode.csv:5500 data 17407
    regex_detector_test.go:84: Expected label ZipCode, got  ([]), file ZipCode.csv:5501 data 17408
    regex_detector_test.go:84: Expected label ZipCode, got  ([]), file ZipCode.csv:5502 data 17501
    regex_detector_test.go:84: Expected label ZipCode, got  ([]), file ZipCode.csv:5503 data 17502
    regex_detector_test.go:84: Expected label ZipCode, got  ([]), file ZipCode.csv:5504 data 17504
    regex_detector_test.go:84: Expected label ZipCode, got  ([]), file ZipCode.csv:5505 data 17505
    regex_detector_test.go:84: Expected label ZipCode, got  ([]), file ZipCode.csv:5506 data 17506
    regex_detector_test.go:84: Expected label ZipCode, got  ([]), file ZipCode.csv:5507 data 17507
    regex_detector_test.go:84: Expected label ZipCode, got  ([]), file ZipCode.csv:5508 data 17508
    regex_detector_test.go:84: Expected label ZipCode, got  ([]), file ZipCode.csv:5509 data 17509
    regex_detector_test.go:84: Expected label ZipCode, got  ([]), file ZipCode.csv:5510 data 17512
    regex_detector_test.go:84: Expected label ZipCode, got  ([]), file ZipCode.csv:5511 data 17516
    regex_detector_test.go:84: Expected label ZipCode, got  ([]), file ZipCode.csv:5512 data 17517
    regex_detector_test.go:84: Expected label ZipCode, got  ([]), file ZipCode.csv:5513 data 17518
    regex_detector_test.go:84: Expected label ZipCode, got  ([]), file ZipCode.csv:5514 data 17519
    regex_detector_test.go:84: Expected label ZipCode, got  ([]), file ZipCode.csv:5515 data 17520
    regex_detector_test.go:84: Expected label ZipCode, got  ([]), file ZipCode.csv:5516 data 17522
    regex_detector_test.go:84: Expected label ZipCode, got  ([]), file ZipCode.csv:5517 data 17527
    regex_detector_test.go:84: Expected label ZipCode, got  ([]), file ZipCode.csv:5518 data 17529
    regex_detector_test.go:84: Expected label ZipCode, got  ([]), file ZipCode.csv:5519 data 17532
    regex_detector_test.go:84: Expected label ZipCode, got  ([]), file ZipCode.csv:5520 data 17534
    regex_detector_test.go:84: Expected label ZipCode, got  ([]), file ZipCode.csv:5521 data 17535
    regex_detector_test.go:84: Expected label ZipCode, got  ([]), file ZipCode.csv:5522 data 17536
    regex_detector_test.go:84: Expected label ZipCode, got  ([]), file ZipCode.csv:5523 data 17538
    regex_detector_test.go:84: Expected label ZipCode, got  ([]), file ZipCode.csv:5524 data 17540
    regex_detector_test.go:84: Expected label ZipCode, got  ([]), file ZipCode.csv:5525 data 17543
    regex_detector_test.go:84: Expected label ZipCode, got  ([]), file ZipCode.csv:5526 data 17545
    regex_detector_test.go:84: Expected label ZipCode, got  ([]), file ZipCode.csv:5527 data 17547
    regex_detector_test.go:84: Expected label ZipCode, got  ([]), file ZipCode.csv:5528 data 17550
    regex_detector_test.go:84: Expected label ZipCode, got  ([]), file ZipCode.csv:5529 data 17551
    regex_detector_test.go:84: Expected label ZipCode, got  ([]), file ZipCode.csv:5530 data 17552
    regex_detector_test.go:84: Expected label ZipCode, got  ([]), file ZipCode.csv:5531 data 17554
    regex_detector_test.go:84: Expected label ZipCode, got  ([]), file ZipCode.csv:5532 data 17555
    regex_detector_test.go:84: Expected label ZipCode, got  ([]), file ZipCode.csv:5533 data 17557
    regex_detector_test.go:84: Expected label ZipCode, got  ([]), file ZipCode.csv:5534 data 17560
    regex_detector_test.go:84: Expected label ZipCode, got  ([]), file ZipCode.csv:5535 data 17562
    regex_detector_test.go:84: Expected label ZipCode, got  ([]), file ZipCode.csv:5536 data 17563
    regex_detector_test.go:84: Expected label ZipCode, got  ([]), file ZipCode.csv:5537 data 17565
    regex_detector_test.go:84: Expected label ZipCode, got  ([]), file ZipCode.csv:5538 data 17566
    regex_detector_test.go:84: Expected label ZipCode, got  ([]), file ZipCode.csv:5539 data 17568
    regex_detector_test.go:84: Expected label ZipCode, got  ([]), file ZipCode.csv:5540 data 17569
    regex_detector_test.go:84: Expected label ZipCode, got  ([]), file ZipCode.csv:5541 data 17570
    regex_detector_test.go:84: Expected label ZipCode, got  ([]), file ZipCode.csv:5542 data 17572
    regex_detector_test.go:84: Expected label ZipCode, got  ([]), file ZipCode.csv:5543 data 17576
    regex_detector_test.go:84: Expected label ZipCode, got  ([]), file ZipCode.csv:5544 data 17578
    regex_detector_test.go:84: Expected label ZipCode, got  ([]), file ZipCode.csv:5545 data 17579
    regex_detector_test.go:84: Expected label ZipCode, got  ([]), file ZipCode.csv:5546 data 17581
    regex_detector_test.go:84: Expected label ZipCode, got  ([]), file ZipCode.csv:5547 data 17582
    regex_detector_test.go:84: Expected label ZipCode, got  ([]), file ZipCode.csv:5548 data 17584
    regex_detector_test.go:84: Expected label ZipCode, got  ([]), file ZipCode.csv:5549 data 17601
    regex_detector_test.go:84: Expected label ZipCode, got  ([]), file ZipCode.csv:5550 data 17602
    regex_detector_test.go:84: Expected label ZipCode, got  ([]), file ZipCode.csv:5551 data 17603
    regex_detector_test.go:84: Expected label ZipCode, got  ([]), file ZipCode.csv:5552 data 17606
    regex_detector_test.go:84: Expected label ZipCode, got  ([]), file ZipCode.csv:5553 data 17701
    regex_detector_test.go:84: Expected label ZipCode, got  ([]), file ZipCode.csv:5554 data 17702
    regex_detector_test.go:84: Expected label ZipCode, got  ([]), file ZipCode.csv:5555 data 17720
    regex_detector_test.go:84: Expected label ZipCode, got  ([]), file ZipCode.csv:5556 data 17721
    regex_detector_test.go:84: Expected label ZipCode, got  ([]), file ZipCode.csv:5557 data 17723
    regex_detector_test.go:84: Expected label ZipCode, got  ([]), file ZipCode.csv:5558 data 17724
    regex_detector_test.go:84: Expected label ZipCode, got  ([]), file ZipCode.csv:5559 data 17727
    regex_detector_test.go:84: Expected label ZipCode, got  ([]), file ZipCode.csv:5560 data 17728
    regex_detector_test.go:84: Expected label ZipCode, got  ([]), file ZipCode.csv:5561 data 17729
    regex_detector_test.go:84: Expected label ZipCode, got  ([]), file ZipCode.csv:5562 data 17730
    regex_detector_test.go:84: Expected label ZipCode, got  ([]), file ZipCode.csv:5563 data 17731
    regex_detector_test.go:84: Expected label ZipCode, got  ([]), file ZipCode.csv:5564 data 17737
    regex_detector_test.go:84: Expected label ZipCode, got  ([]), file ZipCode.csv:5565 data 17739
    regex_detector_test.go:84: Expected label ZipCode, got  ([]), file ZipCode.csv:5566 data 17740
    regex_detector_test.go:84: Expected label ZipCode, got  ([]), file ZipCode.csv:5567 data 17742
    regex_detector_test.go:84: Expected label ZipCode, got  ([]), file ZipCode.csv:5568 data 17744
    regex_detector_test.go:84: Expected label ZipCode, got  ([]), file ZipCode.csv:5569 data 17745
    regex_detector_test.go:84: Expected label ZipCode, got  ([]), file ZipCode.csv:5570 data 17747
    regex_detector_test.go:84: Expected label ZipCode, got  ([]), file ZipCode.csv:5571 data 17748
    regex_detector_test.go:84: Expected label ZipCode, got  ([]), file ZipCode.csv:5572 data 17749
    regex_detector_test.go:84: Expected label ZipCode, got  ([]), file ZipCode.csv:5573 data 17750
    regex_detector_test.go:84: Expected label ZipCode, got  ([]), file ZipCode.csv:5574 data 17751
    regex_detector_test.go:84: Expected label ZipCode, got  ([]), file ZipCode.csv:5575 data 17752
    regex_detector_test.go:84: Expected label ZipCode, got  ([]), file ZipCode.csv:5576 data 17754
    regex_detector_test.go:84: Expected label ZipCode, got  ([]), file ZipCode.csv:5577 data 17756
    regex_detector_test.go:84: Expected label ZipCode, got  ([]), file ZipCode.csv:5578 data 17758
    regex_detector_test.go:84: Expected label ZipCode, got  ([]), file ZipCode.csv:5579 data 17760
    regex_detector_test.go:84: Expected label ZipCode, got  ([]), file ZipCode.csv:5580 data 17762
    regex_detector_test.go:84: Expected label ZipCode, got  ([]), file ZipCode.csv:5581 data 17763
    regex_detector_test.go:84: Expected label ZipCode, got  ([]), file ZipCode.csv:5582 data 17764
    regex_detector_test.go:84: Expected label ZipCode, got  ([]), file ZipCode.csv:5583 data 17765
    regex_detector_test.go:84: Expected label ZipCode, got  ([]), file ZipCode.csv:5584 data 17768
    regex_detector_test.go:84: Expected label ZipCode, got  ([]), file ZipCode.csv:5585 data 17769
    regex_detector_test.go:84: Expected label ZipCode, got  ([]), file ZipCode.csv:5586 data 17771
    regex_detector_test.go:84: Expected label ZipCode, got  ([]), file ZipCode.csv:5587 data 17772
    regex_detector_test.go:84: Expected label ZipCode, got  ([]), file ZipCode.csv:5588 data 17774
    regex_detector_test.go:84: Expected label ZipCode, got  ([]), file ZipCode.csv:5589 data 17776
    regex_detector_test.go:84: Expected label ZipCode, got  ([]), file ZipCode.csv:5590 data 17777
    regex_detector_test.go:84: Expected label ZipCode, got  ([]), file ZipCode.csv:5591 data 17778
    regex_detector_test.go:84: Expected label ZipCode, got  ([]), file ZipCode.csv:5592 data 17779
    regex_detector_test.go:84: Expected label ZipCode, got  ([]), file ZipCode.csv:5593 data 17801
    regex_detector_test.go:84: Expected label ZipCode, got  ([]), file ZipCode.csv:5594 data 17810
    regex_detector_test.go:84: Expected label ZipCode, got  ([]), file ZipCode.csv:5595 data 17812
    regex_detector_test.go:84: Expected label ZipCode, got  ([]), file ZipCode.csv:5596 data 17813
    regex_detector_test.go:84: Expected label ZipCode, got  ([]), file ZipCode.csv:5597 data 17814
    regex_detector_test.go:84: Expected label ZipCode, got  ([]), file ZipCode.csv:5598 data 17815
    regex_detector_test.go:84: Expected label ZipCode, got  ([]), file ZipCode.csv:5599 data 17820
    regex_detector_test.go:84: Expected label ZipCode, got  ([]), file ZipCode.csv:5600 data 17821
    regex_detector_test.go:84: Expected label ZipCode, got  ([]), file ZipCode.csv:5601 data 17822
    regex_detector_test.go:84: Expected label ZipCode, got  ([]), file ZipCode.csv:5602 data 17823
    regex_detector_test.go:84: Expected label ZipCode, got  ([]), file ZipCode.csv:5603 data 17824
    regex_detector_test.go:84: Expected label ZipCode, got  ([]), file ZipCode.csv:5604 data 17827
    regex_detector_test.go:84: Expected label ZipCode, got  ([]), file ZipCode.csv:5605 data 17829
    regex_detector_test.go:84: Expected label ZipCode, got  ([]), file ZipCode.csv:5606 data 17830
    regex_detector_test.go:84: Expected label ZipCode, got  ([]), file ZipCode.csv:5607 data 17832
    regex_detector_test.go:84: Expected label ZipCode, got  ([]), file ZipCode.csv:5608 data 17834
    regex_detector_test.go:84: Expected label ZipCode, got  ([]), file ZipCode.csv:5609 data 17835
    regex_detector_test.go:84: Expected label ZipCode, got  ([]), file ZipCode.csv:5610 data 17836
    regex_detector_test.go:84: Expected label ZipCode, got  ([]), file ZipCode.csv:5611 data 17837
    regex_detector_test.go:84: Expected label ZipCode, got  ([]), file ZipCode.csv:5612 data 17840
    regex_detector_test.go:84: Expected label ZipCode, got  ([]), file ZipCode.csv:5613 data 17841
    regex_detector_test.go:84: Expected label ZipCode, got  ([]), file ZipCode.csv:5614 data 17842
    regex_detector_test.go:84: Expected label ZipCode, got  ([]), file ZipCode.csv:5615 data 17844
    regex_detector_test.go:84: Expected label ZipCode, got  ([]), file ZipCode.csv:5616 data 17845
    regex_detector_test.go:84: Expected label ZipCode, got  ([]), file ZipCode.csv:5617 data 17846
    regex_detector_test.go:84: Expected label ZipCode, got  ([]), file ZipCode.csv:5618 data 17847
    regex_detector_test.go:84: Expected label ZipCode, got  ([]), file ZipCode.csv:5619 data 17850
    regex_detector_test.go:84: Expected label ZipCode, got  ([]), file ZipCode.csv:5620 data 17851
    regex_detector_test.go:84: Expected label ZipCode, got  ([]), file ZipCode.csv:5621 data 17853
    regex_detector_test.go:84: Expected label ZipCode, got  ([]), file ZipCode.csv:5622 data 17855
    regex_detector_test.go:84: Expected label ZipCode, got  ([]), file ZipCode.csv:5623 data 17856
    regex_detector_test.go:84: Expected label ZipCode, got  ([]), file ZipCode.csv:5624 data 17857
    regex_detector_test.go:84: Expected label ZipCode, got  ([]), file ZipCode.csv:5625 data 17858
    regex_detector_test.go:84: Expected label ZipCode, got  ([]), file ZipCode.csv:5626 data 17859
    regex_detector_test.go:84: Expected label ZipCode, got  ([]), file ZipCode.csv:5627 data 17860
    regex_detector_test.go:84: Expected label ZipCode, got  ([]), file ZipCode.csv:5628 data 17861
    regex_detector_test.go:84: Expected label ZipCode, got  ([]), file ZipCode.csv:5629 data 17862
    regex_detector_test.go:84: Expected label ZipCode, got  ([]), file ZipCode.csv:5630 data 17864
    regex_detector_test.go:84: Expected label ZipCode, got  ([]), file ZipCode.csv:5631 data 17865
    regex_detector_test.go:84: Expected label ZipCode, got  ([]), file ZipCode.csv:5632 data 17866
    regex_detector_test.go:84: Expected label ZipCode, got  ([]), file ZipCode.csv:5633 data 17867
    regex_detector_test.go:84: Expected label ZipCode, got  ([]), file ZipCode.csv:5634 data 17868
    regex_detector_test.go:84: Expected label ZipCode, got  ([]), file ZipCode.csv:5635 data 17870
    regex_detector_test.go:84: Expected label ZipCode, got  ([]), file ZipCode.csv:5636 data 17872
    regex_detector_test.go:84: Expected label ZipCode, got  ([]), file ZipCode.csv:5637 data 17876
    regex_detector_test.go:84: Expected label ZipCode, got  ([]), file ZipCode.csv:5638 data 17878
    regex_detector_test.go:84: Expected label ZipCode, got  ([]), file ZipCode.csv:5639 data 17880
    regex_detector_test.go:84: Expected label ZipCode, got  ([]), file ZipCode.csv:5640 data 17881
    regex_detector_test.go:84: Expected label ZipCode, got  ([]), file ZipCode.csv:5641 data 17884
    regex_detector_test.go:84: Expected label ZipCode, got  ([]), file ZipCode.csv:5642 data 17885
    regex_detector_test.go:84: Expected label ZipCode, got  ([]), file ZipCode.csv:5643 data 17886
    regex_detector_test.go:84: Expected label ZipCode, got  ([]), file ZipCode.csv:5644 data 17887
    regex_detector_test.go:84: Expected label ZipCode, got  ([]), file ZipCode.csv:5645 data 17888
    regex_detector_test.go:84: Expected label ZipCode, got  ([]), file ZipCode.csv:5646 data 17889
    regex_detector_test.go:84: Expected label ZipCode, got  ([]), file ZipCode.csv:5647 data 17901
    regex_detector_test.go:84: Expected label ZipCode, got  ([]), file ZipCode.csv:5648 data 17920
    regex_detector_test.go:84: Expected label ZipCode, got  ([]), file ZipCode.csv:5649 data 17921
    regex_detector_test.go:84: Expected label ZipCode, got  ([]), file ZipCode.csv:5650 data 17922
    regex_detector_test.go:84: Expected label ZipCode, got  ([]), file ZipCode.csv:5651 data 17923
    regex_detector_test.go:84: Expected label ZipCode, got  ([]), file ZipCode.csv:5652 data 17925
    regex_detector_test.go:84: Expected label ZipCode, got  ([]), file ZipCode.csv:5653 data 17929
    regex_detector_test.go:84: Expected label ZipCode, got  ([]), file ZipCode.csv:5654 data 17930
    regex_detector_test.go:84: Expected label ZipCode, got  ([]), file ZipCode.csv:5655 data 17931
    regex_detector_test.go:84: Expected label ZipCode, got  ([]), file ZipCode.csv:5656 data 17933
    regex_detector_test.go:84: Expected label ZipCode, got  ([]), file ZipCode.csv:5657 data 17934
    regex_detector_test.go:84: Expected label ZipCode, got  ([]), file ZipCode.csv:5658 data 17935
    regex_detector_test.go:84: Expected label ZipCode, got  ([]), file ZipCode.csv:5659 data 17936
    regex_detector_test.go:84: Expected label ZipCode, got  ([]), file ZipCode.csv:5660 data 17938
    regex_detector_test.go:84: Expected label ZipCode, got  ([]), file ZipCode.csv:5661 data 17941
    regex_detector_test.go:84: Expected label ZipCode, got  ([]), file ZipCode.csv:5662 data 17943
    regex_detector_test.go:84: Expected label ZipCode, got  ([]), file ZipCode.csv:5663 data 17944
    regex_detector_test.go:84: Expected label ZipCode, got  ([]), file ZipCode.csv:5664 data 17945
    regex_detector_test.go:84: Expected label ZipCode, got  ([]), file ZipCode.csv:5665 data 17946
    regex_detector_test.go:84: Expected label ZipCode, got  ([]), file ZipCode.csv:5666 data 17948
    regex_detector_test.go:84: Expected label ZipCode, got  ([]), file ZipCode.csv:5667 data 17949
    regex_detector_test.go:84: Expected label ZipCode, got  ([]), file ZipCode.csv:5668 data 17951
    regex_detector_test.go:84: Expected label ZipCode, got  ([]), file ZipCode.csv:5669 data 17952
    regex_detector_test.go:84: Expected label ZipCode, got  ([]), file ZipCode.csv:5670 data 17953
    regex_detector_test.go:84: Expected label ZipCode, got  ([]), file ZipCode.csv:5671 data 17954
    regex_detector_test.go:84: Expected label ZipCode, got  ([]), file ZipCode.csv:5672 data 17957
    regex_detector_test.go:84: Expected label ZipCode, got  ([]), file ZipCode.csv:5673 data 17959
    regex_detector_test.go:84: Expected label ZipCode, got  ([]), file ZipCode.csv:5674 data 17960
    regex_detector_test.go:84: Expected label ZipCode, got  ([]), file ZipCode.csv:5675 data 17961
    regex_detector_test.go:84: Expected label ZipCode, got  ([]), file ZipCode.csv:5676 data 17963
    regex_detector_test.go:84: Expected label ZipCode, got  ([]), file ZipCode.csv:5677 data 17964
    regex_detector_test.go:84: Expected label ZipCode, got  ([]), file ZipCode.csv:5678 data 17965
    regex_detector_test.go:84: Expected label ZipCode, got  ([]), file ZipCode.csv:5679 data 17967
    regex_detector_test.go:84: Expected label ZipCode, got  ([]), file ZipCode.csv:5680 data 17968
    regex_detector_test.go:84: Expected label ZipCode, got  ([]), file ZipCode.csv:5681 data 17970
    regex_detector_test.go:84: Expected label ZipCode, got  ([]), file ZipCode.csv:5682 data 17972
    regex_detector_test.go:84: Expected label ZipCode, got  ([]), file ZipCode.csv:5683 data 17974
    regex_detector_test.go:84: Expected label ZipCode, got  ([]), file ZipCode.csv:5684 data 17976
    regex_detector_test.go:84: Expected label ZipCode, got  ([]), file ZipCode.csv:5685 data 17978
    regex_detector_test.go:84: Expected label ZipCode, got  ([]), file ZipCode.csv:5686 data 17979
    regex_detector_test.go:84: Expected label ZipCode, got  ([]), file ZipCode.csv:5687 data 17980
    regex_detector_test.go:84: Expected label ZipCode, got  ([]), file ZipCode.csv:5688 data 17981
    regex_detector_test.go:84: Expected label ZipCode, got  ([]), file ZipCode.csv:5689 data 17982
    regex_detector_test.go:84: Expected label ZipCode, got  ([]), file ZipCode.csv:5690 data 17983
    regex_detector_test.go:84: Expected label ZipCode, got  ([]), file ZipCode.csv:5691 data 17985
    regex_detector_test.go:84: Expected label ZipCode, got  ([]), file ZipCode.csv:5692 data 18011
    regex_detector_test.go:84: Expected label ZipCode, got  ([]), file ZipCode.csv:5693 data 18012
    regex_detector_test.go:84: Expected label ZipCode, got  ([]), file ZipCode.csv:5694 data 18013
    regex_detector_test.go:84: Expected label ZipCode, got  ([]), file ZipCode.csv:5695 data 18014
    regex_detector_test.go:84: Expected label ZipCode, got  ([]), file ZipCode.csv:5696 data 18015
    regex_detector_test.go:84: Expected label ZipCode, got  ([]), file ZipCode.csv:5697 data 18017
    regex_detector_test.go:84: Expected label ZipCode, got  ([]), file ZipCode.csv:5698 data 18018
    regex_detector_test.go:84: Expected label ZipCode, got  ([]), file ZipCode.csv:5699 data 18020
    regex_detector_test.go:84: Expected label ZipCode, got  ([]), file ZipCode.csv:5700 data 18030
    regex_detector_test.go:84: Expected label ZipCode, got  ([]), file ZipCode.csv:5701 data 18031
    regex_detector_test.go:84: Expected label ZipCode, got  ([]), file ZipCode.csv:5702 data 18032
    regex_detector_test.go:84: Expected label ZipCode, got  ([]), file ZipCode.csv:5703 data 18034
    regex_detector_test.go:84: Expected label ZipCode, got  ([]), file ZipCode.csv:5704 data 18035
    regex_detector_test.go:84: Expected label ZipCode, got  ([]), file ZipCode.csv:5705 data 18036
    regex_detector_test.go:84: Expected label ZipCode, got  ([]), file ZipCode.csv:5706 data 18037
    regex_detector_test.go:84: Expected label ZipCode, got  ([]), file ZipCode.csv:5707 data 18038
    regex_detector_test.go:84: Expected label ZipCode, got  ([]), file ZipCode.csv:5708 data 18040
    regex_detector_test.go:84: Expected label ZipCode, got  ([]), file ZipCode.csv:5709 data 18041
    regex_detector_test.go:84: Expected label ZipCode, got  ([]), file ZipCode.csv:5710 data 18042
    regex_detector_test.go:84: Expected label ZipCode, got  ([]), file ZipCode.csv:5711 data 18045
    regex_detector_test.go:84: Expected label ZipCode, got  ([]), file ZipCode.csv:5712 data 18046
    regex_detector_test.go:84: Expected label ZipCode, got  ([]), file ZipCode.csv:5713 data 18049
    regex_detector_test.go:84: Expected label ZipCode, got  ([]), file ZipCode.csv:5714 data 18051
    regex_detector_test.go:84: Expected label ZipCode, got  ([]), file ZipCode.csv:5715 data 18052
    regex_detector_test.go:84: Expected label ZipCode, got  ([]), file ZipCode.csv:5716 data 18053
    regex_detector_test.go:84: Expected label ZipCode, got  ([]), file ZipCode.csv:5717 data 18054
    regex_detector_test.go:84: Expected label ZipCode, got  ([]), file ZipCode.csv:5718 data 18055
    regex_detector_test.go:84: Expected label ZipCode, got  ([]), file ZipCode.csv:5719 data 18056
    regex_detector_test.go:84: Expected label ZipCode, got  ([]), file ZipCode.csv:5720 data 18058
    regex_detector_test.go:84: Expected label ZipCode, got  ([]), file ZipCode.csv:5721 data 18059
    regex_detector_test.go:84: Expected label ZipCode, got  ([]), file ZipCode.csv:5722 data 18062
    regex_detector_test.go:84: Expected label ZipCode, got  ([]), file ZipCode.csv:5723 data 18063
    regex_detector_test.go:84: Expected label ZipCode, got  ([]), file ZipCode.csv:5724 data 18064
    regex_detector_test.go:84: Expected label ZipCode, got  ([]), file ZipCode.csv:5725 data 18065
    regex_detector_test.go:84: Expected label ZipCode, got  ([]), file ZipCode.csv:5726 data 18066
    regex_detector_test.go:84: Expected label ZipCode, got  ([]), file ZipCode.csv:5727 data 18067
    regex_detector_test.go:84: Expected label ZipCode, got  ([]), file ZipCode.csv:5728 data 18069
    regex_detector_test.go:84: Expected label ZipCode, got  ([]), file ZipCode.csv:5729 data 18070
    regex_detector_test.go:84: Expected label ZipCode, got  ([]), file ZipCode.csv:5730 data 18071
    regex_detector_test.go:84: Expected label ZipCode, got  ([]), file ZipCode.csv:5731 data 18072
    regex_detector_test.go:84: Expected label ZipCode, got  ([]), file ZipCode.csv:5732 data 18073
    regex_detector_test.go:84: Expected label ZipCode, got  ([]), file ZipCode.csv:5733 data 18074
    regex_detector_test.go:84: Expected label ZipCode, got  ([]), file ZipCode.csv:5734 data 18076
    regex_detector_test.go:84: Expected label ZipCode, got  ([]), file ZipCode.csv:5735 data 18077
    regex_detector_test.go:84: Expected label ZipCode, got  ([]), file ZipCode.csv:5736 data 18078
    regex_detector_test.go:84: Expected label ZipCode, got  ([]), file ZipCode.csv:5737 data 18079
    regex_detector_test.go:84: Expected label ZipCode, got  ([]), file ZipCode.csv:5738 data 18080
    regex_detector_test.go:84: Expected label ZipCode, got  ([]), file ZipCode.csv:5739 data 18081
    regex_detector_test.go:84: Expected label ZipCode, got  ([]), file ZipCode.csv:5740 data 18083
    regex_detector_test.go:84: Expected label ZipCode, got  ([]), file ZipCode.csv:5741 data 18085
    regex_detector_test.go:84: Expected label ZipCode, got  ([]), file ZipCode.csv:5742 data 18086
    regex_detector_test.go:84: Expected label ZipCode, got  ([]), file ZipCode.csv:5743 data 18087
    regex_detector_test.go:84: Expected label ZipCode, got  ([]), file ZipCode.csv:5744 data 18088
    regex_detector_test.go:84: Expected label ZipCode, got  ([]), file ZipCode.csv:5745 data 18091
    regex_detector_test.go:84: Expected label ZipCode, got  ([]), file ZipCode.csv:5746 data 18092
    regex_detector_test.go:84: Expected label ZipCode, got  ([]), file ZipCode.csv:5747 data 18101
    regex_detector_test.go:84: Expected label ZipCode, got  ([]), file ZipCode.csv:5748 data 18102
    regex_detector_test.go:84: Expected label ZipCode, got  ([]), file ZipCode.csv:5749 data 18103
    regex_detector_test.go:84: Expected label ZipCode, got  ([]), file ZipCode.csv:5750 data 18104
    regex_detector_test.go:84: Expected label ZipCode, got  ([]), file ZipCode.csv:5751 data 18106
    regex_detector_test.go:84: Expected label ZipCode, got  ([]), file ZipCode.csv:5752 data 18109
    regex_detector_test.go:84: Expected label ZipCode, got  ([]), file ZipCode.csv:5753 data 18195
    regex_detector_test.go:84: Expected label ZipCode, got  ([]), file ZipCode.csv:5754 data 18201
    regex_detector_test.go:84: Expected label ZipCode, got  ([]), file ZipCode.csv:5755 data 18202
    regex_detector_test.go:84: Expected label ZipCode, got  ([]), file ZipCode.csv:5756 data 18210
    regex_detector_test.go:84: Expected label ZipCode, got  ([]), file ZipCode.csv:5757 data 18211
    regex_detector_test.go:84: Expected label ZipCode, got  ([]), file ZipCode.csv:5758 data 18212
    regex_detector_test.go:84: Expected label ZipCode, got  ([]), file ZipCode.csv:5759 data 18214
    regex_detector_test.go:84: Expected label ZipCode, got  ([]), file ZipCode.csv:5760 data 18216
    regex_detector_test.go:84: Expected label ZipCode, got  ([]), file ZipCode.csv:5761 data 18218
    regex_detector_test.go:84: Expected label ZipCode, got  ([]), file ZipCode.csv:5762 data 18219
    regex_detector_test.go:84: Expected label ZipCode, got  ([]), file ZipCode.csv:5763 data 18220
    regex_detector_test.go:84: Expected label ZipCode, got  ([]), file ZipCode.csv:5764 data 18221
    regex_detector_test.go:84: Expected label ZipCode, got  ([]), file ZipCode.csv:5765 data 18222
    regex_detector_test.go:84: Expected label ZipCode, got  ([]), file ZipCode.csv:5766 data 18223
    regex_detector_test.go:84: Expected label ZipCode, got  ([]), file ZipCode.csv:5767 data 18224
    regex_detector_test.go:84: Expected label ZipCode, got  ([]), file ZipCode.csv:5768 data 18225
    regex_detector_test.go:84: Expected label ZipCode, got  ([]), file ZipCode.csv:5769 data 18229
    regex_detector_test.go:84: Expected label ZipCode, got  ([]), file ZipCode.csv:5770 data 18230
    regex_detector_test.go:84: Expected label ZipCode, got  ([]), file ZipCode.csv:5771 data 18231
    regex_detector_test.go:84: Expected label ZipCode, got  ([]), file ZipCode.csv:5772 data 18232
    regex_detector_test.go:84: Expected label ZipCode, got  ([]), file ZipCode.csv:5773 data 18234
    regex_detector_test.go:84: Expected label ZipCode, got  ([]), file ZipCode.csv:5774 data 18235
    regex_detector_test.go:84: Expected label ZipCode, got  ([]), file ZipCode.csv:5775 data 18237
    regex_detector_test.go:84: Expected label ZipCode, got  ([]), file ZipCode.csv:5776 data 18239
    regex_detector_test.go:84: Expected label ZipCode, got  ([]), file ZipCode.csv:5777 data 18240
    regex_detector_test.go:84: Expected label ZipCode, got  ([]), file ZipCode.csv:5778 data 18241
    regex_detector_test.go:84: Expected label ZipCode, got  ([]), file ZipCode.csv:5779 data 18242
    regex_detector_test.go:84: Expected label ZipCode, got  ([]), file ZipCode.csv:5780 data 18244
    regex_detector_test.go:84: Expected label ZipCode, got  ([]), file ZipCode.csv:5781 data 18245
    regex_detector_test.go:84: Expected label ZipCode, got  ([]), file ZipCode.csv:5782 data 18246
    regex_detector_test.go:84: Expected label ZipCode, got  ([]), file ZipCode.csv:5783 data 18248
    regex_detector_test.go:84: Expected label ZipCode, got  ([]), file ZipCode.csv:5784 data 18249
    regex_detector_test.go:84: Expected label ZipCode, got  ([]), file ZipCode.csv:5785 data 18250
    regex_detector_test.go:84: Expected label ZipCode, got  ([]), file ZipCode.csv:5786 data 18252
    regex_detector_test.go:84: Expected label ZipCode, got  ([]), file ZipCode.csv:5787 data 18254
    regex_detector_test.go:84: Expected label ZipCode, got  ([]), file ZipCode.csv:5788 data 18255
    regex_detector_test.go:84: Expected label ZipCode, got  ([]), file ZipCode.csv:5789 data 18256
    regex_detector_test.go:84: Expected label ZipCode, got  ([]), file ZipCode.csv:5790 data 18301
    regex_detector_test.go:84: Expected label ZipCode, got  ([]), file ZipCode.csv:5791 data 18302
    regex_detector_test.go:84: Expected label ZipCode, got  ([]), file ZipCode.csv:5792 data 18321
    regex_detector_test.go:84: Expected label ZipCode, got  ([]), file ZipCode.csv:5793 data 18322
    regex_detector_test.go:84: Expected label ZipCode, got  ([]), file ZipCode.csv:5794 data 18323
    regex_detector_test.go:84: Expected label ZipCode, got  ([]), file ZipCode.csv:5795 data 18324
    regex_detector_test.go:84: Expected label ZipCode, got  ([]), file ZipCode.csv:5796 data 18325
    regex_detector_test.go:84: Expected label ZipCode, got  ([]), file ZipCode.csv:5797 data 18326
    regex_detector_test.go:84: Expected label ZipCode, got  ([]), file ZipCode.csv:5798 data 18327
    regex_detector_test.go:84: Expected label ZipCode, got  ([]), file ZipCode.csv:5799 data 18328
    regex_detector_test.go:84: Expected label ZipCode, got  ([]), file ZipCode.csv:5800 data 18330
    regex_detector_test.go:84: Expected label ZipCode, got  ([]), file ZipCode.csv:5801 data 18331
    regex_detector_test.go:84: Expected label ZipCode, got  ([]), file ZipCode.csv:5802 data 18332
    regex_detector_test.go:84: Expected label ZipCode, got  ([]), file ZipCode.csv:5803 data 18333
    regex_detector_test.go:84: Expected label ZipCode, got  ([]), file ZipCode.csv:5804 data 18334
    regex_detector_test.go:84: Expected label ZipCode, got  ([]), file ZipCode.csv:5805 data 18335
    regex_detector_test.go:84: Expected label ZipCode, got  ([]), file ZipCode.csv:5806 data 18336
    regex_detector_test.go:84: Expected label ZipCode, got  ([]), file ZipCode.csv:5807 data 18337
    regex_detector_test.go:84: Expected label ZipCode, got  ([]), file ZipCode.csv:5808 data 18340
    regex_detector_test.go:84: Expected label ZipCode, got  ([]), file ZipCode.csv:5809 data 18342
    regex_detector_test.go:84: Expected label ZipCode, got  ([]), file ZipCode.csv:5810 data 18343
    regex_detector_test.go:84: Expected label ZipCode, got  ([]), file ZipCode.csv:5811 data 18344
    regex_detector_test.go:84: Expected label ZipCode, got  ([]), file ZipCode.csv:5812 data 18346
    regex_detector_test.go:84: Expected label ZipCode, got  ([]), file ZipCode.csv:5813 data 18347
    regex_detector_test.go:84: Expected label ZipCode, got  ([]), file ZipCode.csv:5814 data 18349
    regex_detector_test.go:84: Expected label ZipCode, got  ([]), file ZipCode.csv:5815 data 18350
    regex_detector_test.go:84: Expected label ZipCode, got  ([]), file ZipCode.csv:5816 data 18351
    regex_detector_test.go:84: Expected label ZipCode, got  ([]), file ZipCode.csv:5817 data 18353
    regex_detector_test.go:84: Expected label ZipCode, got  ([]), file ZipCode.csv:5818 data 18354
    regex_detector_test.go:84: Expected label ZipCode, got  ([]), file ZipCode.csv:5819 data 18355
    regex_detector_test.go:84: Expected label ZipCode, got  ([]), file ZipCode.csv:5820 data 18356
    regex_detector_test.go:84: Expected label ZipCode, got  ([]), file ZipCode.csv:5821 data 18357
    regex_detector_test.go:84: Expected label ZipCode, got  ([]), file ZipCode.csv:5822 data 18360
    regex_detector_test.go:84: Expected label ZipCode, got  ([]), file ZipCode.csv:5823 data 18370
    regex_detector_test.go:84: Expected label ZipCode, got  ([]), file ZipCode.csv:5824 data 18371
    regex_detector_test.go:84: Expected label ZipCode, got  ([]), file ZipCode.csv:5825 data 18372
    regex_detector_test.go:84: Expected label ZipCode, got  ([]), file ZipCode.csv:5826 data 18403
    regex_detector_test.go:84: Expected label ZipCode, got  ([]), file ZipCode.csv:5827 data 18405
    regex_detector_test.go:84: Expected label ZipCode, got  ([]), file ZipCode.csv:5828 data 18407
    regex_detector_test.go:84: Expected label ZipCode, got  ([]), file ZipCode.csv:5829 data 18411
    regex_detector_test.go:84: Expected label ZipCode, got  ([]), file ZipCode.csv:5830 data 18413
    regex_detector_test.go:84: Expected label ZipCode, got  ([]), file ZipCode.csv:5831 data 18414
    regex_detector_test.go:84: Expected label ZipCode, got  ([]), file ZipCode.csv:5832 data 18415
    regex_detector_test.go:84: Expected label ZipCode, got  ([]), file ZipCode.csv:5833 data 18417
    regex_detector_test.go:84: Expected label ZipCode, got  ([]), file ZipCode.csv:5834 data 18419
    regex_detector_test.go:84: Expected label ZipCode, got  ([]), file ZipCode.csv:5835 data 18420
    regex_detector_test.go:84: Expected label ZipCode, got  ([]), file ZipCode.csv:5836 data 18421
    regex_detector_test.go:84: Expected label ZipCode, got  ([]), file ZipCode.csv:5837 data 18424
    regex_detector_test.go:84: Expected label ZipCode, got  ([]), file ZipCode.csv:5838 data 18425
    regex_detector_test.go:84: Expected label ZipCode, got  ([]), file ZipCode.csv:5839 data 18426
    regex_detector_test.go:84: Expected label ZipCode, got  ([]), file ZipCode.csv:5840 data 18428
    regex_detector_test.go:84: Expected label ZipCode, got  ([]), file ZipCode.csv:5841 data 18430
    regex_detector_test.go:84: Expected label ZipCode, got  ([]), file ZipCode.csv:5842 data 18431
    regex_detector_test.go:84: Expected label ZipCode, got  ([]), file ZipCode.csv:5843 data 18433
    regex_detector_test.go:84: Expected label ZipCode, got  ([]), file ZipCode.csv:5844 data 18434
    regex_detector_test.go:84: Expected label ZipCode, got  ([]), file ZipCode.csv:5845 data 18435
    regex_detector_test.go:84: Expected label ZipCode, got  ([]), file ZipCode.csv:5846 data 18436
    regex_detector_test.go:84: Expected label ZipCode, got  ([]), file ZipCode.csv:5847 data 18437
    regex_detector_test.go:84: Expected label ZipCode, got  ([]), file ZipCode.csv:5848 data 18438
    regex_detector_test.go:84: Expected label ZipCode, got  ([]), file ZipCode.csv:5849 data 18439
    regex_detector_test.go:84: Expected label ZipCode, got  ([]), file ZipCode.csv:5850 data 18440
    regex_detector_test.go:84: Expected label ZipCode, got  ([]), file ZipCode.csv:5851 data 18441
    regex_detector_test.go:84: Expected label ZipCode, got  ([]), file ZipCode.csv:5852 data 18443
    regex_detector_test.go:84: Expected label ZipCode, got  ([]), file ZipCode.csv:5853 data 18444
    regex_detector_test.go:84: Expected label ZipCode, got  ([]), file ZipCode.csv:5854 data 18445
    regex_detector_test.go:84: Expected label ZipCode, got  ([]), file ZipCode.csv:5855 data 18446
    regex_detector_test.go:84: Expected label ZipCode, got  ([]), file ZipCode.csv:5856 data 18447
    regex_detector_test.go:84: Expected label ZipCode, got  ([]), file ZipCode.csv:5857 data 18451
    regex_detector_test.go:84: Expected label ZipCode, got  ([]), file ZipCode.csv:5858 data 18452
    regex_detector_test.go:84: Expected label ZipCode, got  ([]), file ZipCode.csv:5859 data 18453
    regex_detector_test.go:84: Expected label ZipCode, got  ([]), file ZipCode.csv:5860 data 18454
    regex_detector_test.go:84: Expected label ZipCode, got  ([]), file ZipCode.csv:5861 data 18455
    regex_detector_test.go:84: Expected label ZipCode, got  ([]), file ZipCode.csv:5862 data 18456
    regex_detector_test.go:84: Expected label ZipCode, got  ([]), file ZipCode.csv:5863 data 18457
    regex_detector_test.go:84: Expected label ZipCode, got  ([]), file ZipCode.csv:5864 data 18458
    regex_detector_test.go:84: Expected label ZipCode, got  ([]), file ZipCode.csv:5865 data 18460
    regex_detector_test.go:84: Expected label ZipCode, got  ([]), file ZipCode.csv:5866 data 18461
    regex_detector_test.go:84: Expected label ZipCode, got  ([]), file ZipCode.csv:5867 data 18462
    regex_detector_test.go:84: Expected label ZipCode, got  ([]), file ZipCode.csv:5868 data 18463
    regex_detector_test.go:84: Expected label ZipCode, got  ([]), file ZipCode.csv:5869 data 18464
    regex_detector_test.go:84: Expected label ZipCode, got  ([]), file ZipCode.csv:5870 data 18465
    regex_detector_test.go:84: Expected label ZipCode, got  ([]), file ZipCode.csv:5871 data 18466
    regex_detector_test.go:84: Expected label ZipCode, got  ([]), file ZipCode.csv:5872 data 18469
    regex_detector_test.go:84: Expected label ZipCode, got  ([]), file ZipCode.csv:5873 data 18470
    regex_detector_test.go:84: Expected label ZipCode, got  ([]), file ZipCode.csv:5874 data 18471
    regex_detector_test.go:84: Expected label ZipCode, got  ([]), file ZipCode.csv:5875 data 18472
    regex_detector_test.go:84: Expected label ZipCode, got  ([]), file ZipCode.csv:5876 data 18473
    regex_detector_test.go:84: Expected label ZipCode, got  ([]), file ZipCode.csv:5877 data 18503
    regex_detector_test.go:84: Expected label ZipCode, got  ([]), file ZipCode.csv:5878 data 18504
    regex_detector_test.go:84: Expected label ZipCode, got  ([]), file ZipCode.csv:5879 data 18505
    regex_detector_test.go:84: Expected label ZipCode, got  ([]), file ZipCode.csv:5880 data 18507
    regex_detector_test.go:84: Expected label ZipCode, got  ([]), file ZipCode.csv:5881 data 18508
    regex_detector_test.go:84: Expected label ZipCode, got  ([]), file ZipCode.csv:5882 data 18509
    regex_detector_test.go:84: Expected label ZipCode, got  ([]), file ZipCode.csv:5883 data 18510
    regex_detector_test.go:84: Expected label ZipCode, got  ([]), file ZipCode.csv:5884 data 18512
    regex_detector_test.go:84: Expected label ZipCode, got  ([]), file ZipCode.csv:5885 data 18517
    regex_detector_test.go:84: Expected label ZipCode, got  ([]), file ZipCode.csv:5886 data 18518
    regex_detector_test.go:84: Expected label ZipCode, got  ([]), file ZipCode.csv:5887 data 18519
    regex_detector_test.go:84: Expected label ZipCode, got  ([]), file ZipCode.csv:5888 data 18602
    regex_detector_test.go:84: Expected label ZipCode, got  ([]), file ZipCode.csv:5889 data 18603
    regex_detector_test.go:84: Expected label ZipCode, got  ([]), file ZipCode.csv:5890 data 18610
    regex_detector_test.go:84: Expected label ZipCode, got  ([]), file ZipCode.csv:5891 data 18612
    regex_detector_test.go:84: Expected label ZipCode, got  ([]), file ZipCode.csv:5892 data 18614
    regex_detector_test.go:84: Expected label ZipCode, got  ([]), file ZipCode.csv:5893 data 18615
    regex_detector_test.go:84: Expected label ZipCode, got  ([]), file ZipCode.csv:5894 data 18616
    regex_detector_test.go:84: Expected label ZipCode, got  ([]), file ZipCode.csv:5895 data 18617
    regex_detector_test.go:84: Expected label ZipCode, got  ([]), file ZipCode.csv:5896 data 18618
    regex_detector_test.go:84: Expected label ZipCode, got  ([]), file ZipCode.csv:5897 data 18619
    regex_detector_test.go:84: Expected label ZipCode, got  ([]), file ZipCode.csv:5898 data 18621
    regex_detector_test.go:84: Expected label ZipCode, got  ([]), file ZipCode.csv:5899 data 18622
    regex_detector_test.go:84: Expected label ZipCode, got  ([]), file ZipCode.csv:5900 data 18623
    regex_detector_test.go:84: Expected label ZipCode, got  ([]), file ZipCode.csv:5901 data 18624
    regex_detector_test.go:84: Expected label ZipCode, got  ([]), file ZipCode.csv:5902 data 18625
    regex_detector_test.go:84: Expected label ZipCode, got  ([]), file ZipCode.csv:5903 data 18626
    regex_detector_test.go:84: Expected label ZipCode, got  ([]), file ZipCode.csv:5904 data 18627
    regex_detector_test.go:84: Expected label ZipCode, got  ([]), file ZipCode.csv:5905 data 18628
    regex_detector_test.go:84: Expected label ZipCode, got  ([]), file ZipCode.csv:5906 data 18629
    regex_detector_test.go:84: Expected label ZipCode, got  ([]), file ZipCode.csv:5907 data 18630
    regex_detector_test.go:84: Expected label ZipCode, got  ([]), file ZipCode.csv:5908 data 18631
    regex_detector_test.go:84: Expected label ZipCode, got  ([]), file ZipCode.csv:5909 data 18632
    regex_detector_test.go:84: Expected label ZipCode, got  ([]), file ZipCode.csv:5910 data 18634
    regex_detector_test.go:84: Expected label ZipCode, got  ([]), file ZipCode.csv:5911 data 18635
    regex_detector_test.go:84: Expected label ZipCode, got  ([]), file ZipCode.csv:5912 data 18636
    regex_detector_test.go:84: Expected label ZipCode, got  ([]), file ZipCode.csv:5913 data 18640
    regex_detector_test.go:84: Expected label ZipCode, got  ([]), file ZipCode.csv:5914 data 18641
    regex_detector_test.go:84: Expected label ZipCode, got  ([]), file ZipCode.csv:5915 data 18642
    regex_detector_test.go:84: Expected label ZipCode, got  ([]), file ZipCode.csv:5916 data 18643
    regex_detector_test.go:84: Expected label ZipCode, got  ([]), file ZipCode.csv:5917 data 18644
    regex_detector_test.go:84: Expected label ZipCode, got  ([]), file ZipCode.csv:5918 data 18651
    regex_detector_test.go:84: Expected label ZipCode, got  ([]), file ZipCode.csv:5919 data 18655
    regex_detector_test.go:84: Expected label ZipCode, got  ([]), file ZipCode.csv:5920 data 18656
    regex_detector_test.go:84: Expected label ZipCode, got  ([]), file ZipCode.csv:5921 data 18657
    regex_detector_test.go:84: Expected label ZipCode, got  ([]), file ZipCode.csv:5922 data 18660
    regex_detector_test.go:84: Expected label ZipCode, got  ([]), file ZipCode.csv:5923 data 18661
    regex_detector_test.go:84: Expected label ZipCode, got  ([]), file ZipCode.csv:5924 data 18701
    regex_detector_test.go:84: Expected label ZipCode, got  ([]), file ZipCode.csv:5925 data 18702
    regex_detector_test.go:84: Expected label ZipCode, got  ([]), file ZipCode.csv:5926 data 18704
    regex_detector_test.go:84: Expected label ZipCode, got  ([]), file ZipCode.csv:5927 data 18705
    regex_detector_test.go:84: Expected label ZipCode, got  ([]), file ZipCode.csv:5928 data 18706
    regex_detector_test.go:84: Expected label ZipCode, got  ([]), file ZipCode.csv:5929 data 18707
    regex_detector_test.go:84: Expected label ZipCode, got  ([]), file ZipCode.csv:5930 data 18708
    regex_detector_test.go:84: Expected label ZipCode, got  ([]), file ZipCode.csv:5931 data 18709
    regex_detector_test.go:84: Expected label ZipCode, got  ([]), file ZipCode.csv:5932 data 18801
    regex_detector_test.go:84: Expected label ZipCode, got  ([]), file ZipCode.csv:5933 data 18810
    regex_detector_test.go:84: Expected label ZipCode, got  ([]), file ZipCode.csv:5934 data 18812
    regex_detector_test.go:84: Expected label ZipCode, got  ([]), file ZipCode.csv:5935 data 18814
    regex_detector_test.go:84: Expected label ZipCode, got  ([]), file ZipCode.csv:5936 data 18816
    regex_detector_test.go:84: Expected label ZipCode, got  ([]), file ZipCode.csv:5937 data 18817
    regex_detector_test.go:84: Expected label ZipCode, got  ([]), file ZipCode.csv:5938 data 18818
    regex_detector_test.go:84: Expected label ZipCode, got  ([]), file ZipCode.csv:5939 data 18820
    regex_detector_test.go:84: Expected label ZipCode, got  ([]), file ZipCode.csv:5940 data 18821
    regex_detector_test.go:84: Expected label ZipCode, got  ([]), file ZipCode.csv:5941 data 18822
    regex_detector_test.go:84: Expected label ZipCode, got  ([]), file ZipCode.csv:5942 data 18823
    regex_detector_test.go:84: Expected label ZipCode, got  ([]), file ZipCode.csv:5943 data 18824
    regex_detector_test.go:84: Expected label ZipCode, got  ([]), file ZipCode.csv:5944 data 18825
    regex_detector_test.go:84: Expected label ZipCode, got  ([]), file ZipCode.csv:5945 data 18826
    regex_detector_test.go:84: Expected label ZipCode, got  ([]), file ZipCode.csv:5946 data 18828
    regex_detector_test.go:84: Expected label ZipCode, got  ([]), file ZipCode.csv:5947 data 18829
    regex_detector_test.go:84: Expected label ZipCode, got  ([]), file ZipCode.csv:5948 data 18830
    regex_detector_test.go:84: Expected label ZipCode, got  ([]), file ZipCode.csv:5949 data 18831
    regex_detector_test.go:84: Expected label ZipCode, got  ([]), file ZipCode.csv:5950 data 18832
    regex_detector_test.go:84: Expected label ZipCode, got  ([]), file ZipCode.csv:5951 data 18833
    regex_detector_test.go:84: Expected label ZipCode, got  ([]), file ZipCode.csv:5952 data 18834
    regex_detector_test.go:84: Expected label ZipCode, got  ([]), file ZipCode.csv:5953 data 18837
    regex_detector_test.go:84: Expected label ZipCode, got  ([]), file ZipCode.csv:5954 data 18840
    regex_detector_test.go:84: Expected label ZipCode, got  ([]), file ZipCode.csv:5955 data 18842
    regex_detector_test.go:84: Expected label ZipCode, got  ([]), file ZipCode.csv:5956 data 18843
    regex_detector_test.go:84: Expected label ZipCode, got  ([]), file ZipCode.csv:5957 data 18844
    regex_detector_test.go:84: Expected label ZipCode, got  ([]), file ZipCode.csv:5958 data 18845
    regex_detector_test.go:84: Expected label ZipCode, got  ([]), file ZipCode.csv:5959 data 18846
    regex_detector_test.go:84: Expected label ZipCode, got  ([]), file ZipCode.csv:5960 data 18847
    regex_detector_test.go:84: Expected label ZipCode, got  ([]), file ZipCode.csv:5961 data 18848
    regex_detector_test.go:84: Expected label ZipCode, got  ([]), file ZipCode.csv:5962 data 18850
    regex_detector_test.go:84: Expected label ZipCode, got  ([]), file ZipCode.csv:5963 data 18851
    regex_detector_test.go:84: Expected label ZipCode, got  ([]), file ZipCode.csv:5964 data 18853
    regex_detector_test.go:84: Expected label ZipCode, got  ([]), file ZipCode.csv:5965 data 18854
    regex_detector_test.go:84: Expected label ZipCode, got  ([]), file ZipCode.csv:5966 data 18901
    regex_detector_test.go:84: Expected label ZipCode, got  ([]), file ZipCode.csv:5967 data 18902
    regex_detector_test.go:84: Expected label ZipCode, got  ([]), file ZipCode.csv:5968 data 18912
    regex_detector_test.go:84: Expected label ZipCode, got  ([]), file ZipCode.csv:5969 data 18913
    regex_detector_test.go:84: Expected label ZipCode, got  ([]), file ZipCode.csv:5970 data 18914
    regex_detector_test.go:84: Expected label ZipCode, got  ([]), file ZipCode.csv:5971 data 18915
    regex_detector_test.go:84: Expected label ZipCode, got  ([]), file ZipCode.csv:5972 data 18917
    regex_detector_test.go:84: Expected label ZipCode, got  ([]), file ZipCode.csv:5973 data 18920
    regex_detector_test.go:84: Expected label ZipCode, got  ([]), file ZipCode.csv:5974 data 18921
    regex_detector_test.go:84: Expected label ZipCode, got  ([]), file ZipCode.csv:5975 data 18923
    regex_detector_test.go:84: Expected label ZipCode, got  ([]), file ZipCode.csv:5976 data 18925
    regex_detector_test.go:84: Expected label ZipCode, got  ([]), file ZipCode.csv:5977 data 18927
    regex_detector_test.go:84: Expected label ZipCode, got  ([]), file ZipCode.csv:5978 data 18929
    regex_detector_test.go:84: Expected label ZipCode, got  ([]), file ZipCode.csv:5979 data 18930
    regex_detector_test.go:84: Expected label ZipCode, got  ([]), file ZipCode.csv:5980 data 18932
    regex_detector_test.go:84: Expected label ZipCode, got  ([]), file ZipCode.csv:5981 data 18933
    regex_detector_test.go:84: Expected label ZipCode, got  ([]), file ZipCode.csv:5982 data 18935
    regex_detector_test.go:84: Expected label ZipCode, got  ([]), file ZipCode.csv:5983 data 18936
    regex_detector_test.go:84: Expected label ZipCode, got  ([]), file ZipCode.csv:5984 data 18938
    regex_detector_test.go:84: Expected label ZipCode, got  ([]), file ZipCode.csv:5985 data 18940
    regex_detector_test.go:84: Expected label ZipCode, got  ([]), file ZipCode.csv:5986 data 18942
    regex_detector_test.go:84: Expected label ZipCode, got  ([]), file ZipCode.csv:5987 data 18944
    regex_detector_test.go:84: Expected label ZipCode, got  ([]), file ZipCode.csv:5988 data 18946
    regex_detector_test.go:84: Expected label ZipCode, got  ([]), file ZipCode.csv:5989 data 18947
    regex_detector_test.go:84: Expected label ZipCode, got  ([]), file ZipCode.csv:5990 data 18950
    regex_detector_test.go:84: Expected label ZipCode, got  ([]), file ZipCode.csv:5991 data 18951
    regex_detector_test.go:84: Expected label ZipCode, got  ([]), file ZipCode.csv:5992 data 18954
    regex_detector_test.go:84: Expected label ZipCode, got  ([]), file ZipCode.csv:5993 data 18955
    regex_detector_test.go:84: Expected label ZipCode, got  ([]), file ZipCode.csv:5994 data 18960
    regex_detector_test.go:84: Expected label ZipCode, got  ([]), file ZipCode.csv:5995 data 18962
    regex_detector_test.go:84: Expected label ZipCode, got  ([]), file ZipCode.csv:5996 data 18964
    regex_detector_test.go:84: Expected label ZipCode, got  ([]), file ZipCode.csv:5997 data 18966
    regex_detector_test.go:84: Expected label ZipCode, got  ([]), file ZipCode.csv:5998 data 18969
    regex_detector_test.go:84: Expected label ZipCode, got  ([]), file ZipCode.csv:5999 data 18970
    regex_detector_test.go:84: Expected label ZipCode, got  ([]), file ZipCode.csv:6000 data 18972
    regex_detector_test.go:84: Expected label ZipCode, got  ([]), file ZipCode.csv:6001 data 18974
    regex_detector_test.go:84: Expected label ZipCode, got  ([]), file ZipCode.csv:6002 data 18976
    regex_detector_test.go:84: Expected label ZipCode, got  ([]), file ZipCode.csv:6003 data 18977
    regex_detector_test.go:84: Expected label ZipCode, got  ([]), file ZipCode.csv:6004 data 18980
    regex_detector_test.go:84: Expected label ZipCode, got  ([]), file ZipCode.csv:6005 data 19001
    regex_detector_test.go:84: Expected label ZipCode, got  ([]), file ZipCode.csv:6006 data 19002
    regex_detector_test.go:84: Expected label ZipCode, got  ([]), file ZipCode.csv:6007 data 19003
    regex_detector_test.go:84: Expected label ZipCode, got  ([]), file ZipCode.csv:6008 data 19004
    regex_detector_test.go:84: Expected label ZipCode, got  ([]), file ZipCode.csv:6009 data 19006
    regex_detector_test.go:84: Expected label ZipCode, got  ([]), file ZipCode.csv:6010 data 19007
    regex_detector_test.go:84: Expected label ZipCode, got  ([]), file ZipCode.csv:6011 data 19008
    regex_detector_test.go:84: Expected label ZipCode, got  ([]), file ZipCode.csv:6012 data 19009
    regex_detector_test.go:84: Expected label ZipCode, got  ([]), file ZipCode.csv:6013 data 19010
    regex_detector_test.go:84: Expected label ZipCode, got  ([]), file ZipCode.csv:6014 data 19012
    regex_detector_test.go:84: Expected label ZipCode, got  ([]), file ZipCode.csv:6015 data 19013
    regex_detector_test.go:84: Expected label ZipCode, got  ([]), file ZipCode.csv:6016 data 19014
    regex_detector_test.go:84: Expected label ZipCode, got  ([]), file ZipCode.csv:6017 data 19015
    regex_detector_test.go:84: Expected label ZipCode, got  ([]), file ZipCode.csv:6018 data 19017
    regex_detector_test.go:84: Expected label ZipCode, got  ([]), file ZipCode.csv:6019 data 19018
    regex_detector_test.go:84: Expected label ZipCode, got  ([]), file ZipCode.csv:6020 data 19020
    regex_detector_test.go:84: Expected label ZipCode, got  ([]), file ZipCode.csv:6021 data 19021
    regex_detector_test.go:84: Expected label ZipCode, got  ([]), file ZipCode.csv:6022 data 19022
    regex_detector_test.go:84: Expected label ZipCode, got  ([]), file ZipCode.csv:6023 data 19023
    regex_detector_test.go:84: Expected label ZipCode, got  ([]), file ZipCode.csv:6024 data 19025
    regex_detector_test.go:84: Expected label ZipCode, got  ([]), file ZipCode.csv:6025 data 19026
    regex_detector_test.go:84: Expected label ZipCode, got  ([]), file ZipCode.csv:6026 data 19027
    regex_detector_test.go:84: Expected label ZipCode, got  ([]), file ZipCode.csv:6027 data 19029
    regex_detector_test.go:84: Expected label ZipCode, got  ([]), file ZipCode.csv:6028 data 19030
    regex_detector_test.go:84: Expected label ZipCode, got  ([]), file ZipCode.csv:6029 data 19031
    regex_detector_test.go:84: Expected label ZipCode, got  ([]), file ZipCode.csv:6030 data 19032
    regex_detector_test.go:84: Expected label ZipCode, got  ([]), file ZipCode.csv:6031 data 19033
    regex_detector_test.go:84: Expected label ZipCode, got  ([]), file ZipCode.csv:6032 data 19034
    regex_detector_test.go:84: Expected label ZipCode, got  ([]), file ZipCode.csv:6033 data 19035
    regex_detector_test.go:84: Expected label ZipCode, got  ([]), file ZipCode.csv:6034 data 19036
    regex_detector_test.go:84: Expected label ZipCode, got  ([]), file ZipCode.csv:6035 data 19038
    regex_detector_test.go:84: Expected label ZipCode, got  ([]), file ZipCode.csv:6036 data 19040
    regex_detector_test.go:84: Expected label ZipCode, got  ([]), file ZipCode.csv:6037 data 19041
    regex_detector_test.go:84: Expected label ZipCode, got  ([]), file ZipCode.csv:6038 data 19043
    regex_detector_test.go:84: Expected label ZipCode, got  ([]), file ZipCode.csv:6039 data 19044
    regex_detector_test.go:84: Expected label ZipCode, got  ([]), file ZipCode.csv:6040 data 19046
    regex_detector_test.go:84: Expected label ZipCode, got  ([]), file ZipCode.csv:6041 data 19047
    regex_detector_test.go:84: Expected label ZipCode, got  ([]), file ZipCode.csv:6042 data 19050
    regex_detector_test.go:84: Expected label ZipCode, got  ([]), file ZipCode.csv:6043 data 19052
    regex_detector_test.go:84: Expected label ZipCode, got  ([]), file ZipCode.csv:6044 data 19053
    regex_detector_test.go:84: Expected label ZipCode, got  ([]), file ZipCode.csv:6045 data 19054
    regex_detector_test.go:84: Expected label ZipCode, got  ([]), file ZipCode.csv:6046 data 19055
    regex_detector_test.go:84: Expected label ZipCode, got  ([]), file ZipCode.csv:6047 data 19056
    regex_detector_test.go:84: Expected label ZipCode, got  ([]), file ZipCode.csv:6048 data 19057
    regex_detector_test.go:84: Expected label ZipCode, got  ([]), file ZipCode.csv:6049 data 19060
    regex_detector_test.go:84: Expected label ZipCode, got  ([]), file ZipCode.csv:6050 data 19061
    regex_detector_test.go:84: Expected label ZipCode, got  ([]), file ZipCode.csv:6051 data 19063
    regex_detector_test.go:84: Expected label ZipCode, got  ([]), file ZipCode.csv:6052 data 19064
    regex_detector_test.go:84: Expected label ZipCode, got  ([]), file ZipCode.csv:6053 data 19066
    regex_detector_test.go:84: Expected label ZipCode, got  ([]), file ZipCode.csv:6054 data 19067
    regex_detector_test.go:84: Expected label ZipCode, got  ([]), file ZipCode.csv:6055 data 19070
    regex_detector_test.go:84: Expected label ZipCode, got  ([]), file ZipCode.csv:6056 data 19072
    regex_detector_test.go:84: Expected label ZipCode, got  ([]), file ZipCode.csv:6057 data 19073
    regex_detector_test.go:84: Expected label ZipCode, got  ([]), file ZipCode.csv:6058 data 19074
    regex_detector_test.go:84: Expected label ZipCode, got  ([]), file ZipCode.csv:6059 data 19075
    regex_detector_test.go:84: Expected label ZipCode, got  ([]), file ZipCode.csv:6060 data 19076
    regex_detector_test.go:84: Expected label ZipCode, got  ([]), file ZipCode.csv:6061 data 19078
    regex_detector_test.go:84: Expected label ZipCode, got  ([]), file ZipCode.csv:6062 data 19079
    regex_detector_test.go:84: Expected label ZipCode, got  ([]), file ZipCode.csv:6063 data 19081
    regex_detector_test.go:84: Expected label ZipCode, got  ([]), file ZipCode.csv:6064 data 19082
    regex_detector_test.go:84: Expected label ZipCode, got  ([]), file ZipCode.csv:6065 data 19083
    regex_detector_test.go:84: Expected label ZipCode, got  ([]), file ZipCode.csv:6066 data 19085
    regex_detector_test.go:84: Expected label ZipCode, got  ([]), file ZipCode.csv:6067 data 19086
    regex_detector_test.go:84: Expected label ZipCode, got  ([]), file ZipCode.csv:6068 data 19087
    regex_detector_test.go:84: Expected label ZipCode, got  ([]), file ZipCode.csv:6069 data 19090
    regex_detector_test.go:84: Expected label ZipCode, got  ([]), file ZipCode.csv:6070 data 19094
    regex_detector_test.go:84: Expected label ZipCode, got  ([]), file ZipCode.csv:6071 data 19095
    regex_detector_test.go:84: Expected label ZipCode, got  ([]), file ZipCode.csv:6072 data 19096
    regex_detector_test.go:84: Expected label ZipCode, got  ([]), file ZipCode.csv:6073 data 19102
    regex_detector_test.go:84: Expected label ZipCode, got  ([]), file ZipCode.csv:6074 data 19103
    regex_detector_test.go:84: Expected label ZipCode, got  ([]), file ZipCode.csv:6075 data 19104
    regex_detector_test.go:84: Expected label ZipCode, got  ([]), file ZipCode.csv:6076 data 19106
    regex_detector_test.go:84: Expected label ZipCode, got  ([]), file ZipCode.csv:6077 data 19107
    regex_detector_test.go:84: Expected label ZipCode, got  ([]), file ZipCode.csv:6078 data 19108
    regex_detector_test.go:84: Expected label ZipCode, got  ([]), file ZipCode.csv:6079 data 19109
    regex_detector_test.go:84: Expected label ZipCode, got  ([]), file ZipCode.csv:6080 data 19111
    regex_detector_test.go:84: Expected label ZipCode, got  ([]), file ZipCode.csv:6081 data 19112
    regex_detector_test.go:84: Expected label ZipCode, got  ([]), file ZipCode.csv:6082 data 19113
    regex_detector_test.go:84: Expected label ZipCode, got  ([]), file ZipCode.csv:6083 data 19114
    regex_detector_test.go:84: Expected label ZipCode, got  ([]), file ZipCode.csv:6084 data 19115
    regex_detector_test.go:84: Expected label ZipCode, got  ([]), file ZipCode.csv:6085 data 19116
    regex_detector_test.go:84: Expected label ZipCode, got  ([]), file ZipCode.csv:6086 data 19118
    regex_detector_test.go:84: Expected label ZipCode, got  ([]), file ZipCode.csv:6087 data 19119
    regex_detector_test.go:84: Expected label ZipCode, got  ([]), file ZipCode.csv:6088 data 19120
    regex_detector_test.go:84: Expected label ZipCode, got  ([]), file ZipCode.csv:6089 data 19121
    regex_detector_test.go:84: Expected label ZipCode, got  ([]), file ZipCode.csv:6090 data 19122
    regex_detector_test.go:84: Expected label ZipCode, got  ([]), file ZipCode.csv:6091 data 19123
    regex_detector_test.go:84: Expected label ZipCode, got  ([]), file ZipCode.csv:6092 data 19124
    regex_detector_test.go:84: Expected label ZipCode, got  ([]), file ZipCode.csv:6093 data 19125
    regex_detector_test.go:84: Expected label ZipCode, got  ([]), file ZipCode.csv:6094 data 19126
    regex_detector_test.go:84: Expected label ZipCode, got  ([]), file ZipCode.csv:6095 data 19127
    regex_detector_test.go:84: Expected label ZipCode, got  ([]), file ZipCode.csv:6096 data 19128
    regex_detector_test.go:84: Expected label ZipCode, got  ([]), file ZipCode.csv:6097 data 19129
    regex_detector_test.go:84: Expected label ZipCode, got  ([]), file ZipCode.csv:6098 data 19130
    regex_detector_test.go:84: Expected label ZipCode, got  ([]), file ZipCode.csv:6099 data 19131
    regex_detector_test.go:84: Expected label ZipCode, got  ([]), file ZipCode.csv:6100 data 19132
    regex_detector_test.go:84: Expected label ZipCode, got  ([]), file ZipCode.csv:6101 data 19133
    regex_detector_test.go:84: Expected label ZipCode, got  ([]), file ZipCode.csv:6102 data 19134
    regex_detector_test.go:84: Expected label ZipCode, got  ([]), file ZipCode.csv:6103 data 19135
    regex_detector_test.go:84: Expected label ZipCode, got  ([]), file ZipCode.csv:6104 data 19136
    regex_detector_test.go:84: Expected label ZipCode, got  ([]), file ZipCode.csv:6105 data 19137
    regex_detector_test.go:84: Expected label ZipCode, got  ([]), file ZipCode.csv:6106 data 19138
    regex_detector_test.go:84: Expected label ZipCode, got  ([]), file ZipCode.csv:6107 data 19139
    regex_detector_test.go:84: Expected label ZipCode, got  ([]), file ZipCode.csv:6108 data 19140
    regex_detector_test.go:84: Expected label ZipCode, got  ([]), file ZipCode.csv:6109 data 19141
    regex_detector_test.go:84: Expected label ZipCode, got  ([]), file ZipCode.csv:6110 data 19142
    regex_detector_test.go:84: Expected label ZipCode, got  ([]), file ZipCode.csv:6111 data 19143
    regex_detector_test.go:84: Expected label ZipCode, got  ([]), file ZipCode.csv:6112 data 19144
    regex_detector_test.go:84: Expected label ZipCode, got  ([]), file ZipCode.csv:6113 data 19145
    regex_detector_test.go:84: Expected label ZipCode, got  ([]), file ZipCode.csv:6114 data 19146
    regex_detector_test.go:84: Expected label ZipCode, got  ([]), file ZipCode.csv:6115 data 19147
    regex_detector_test.go:84: Expected label ZipCode, got  ([]), file ZipCode.csv:6116 data 19148
    regex_detector_test.go:84: Expected label ZipCode, got  ([]), file ZipCode.csv:6117 data 19149
    regex_detector_test.go:84: Expected label ZipCode, got  ([]), file ZipCode.csv:6118 data 19150
    regex_detector_test.go:84: Expected label ZipCode, got  ([]), file ZipCode.csv:6119 data 19151
    regex_detector_test.go:84: Expected label ZipCode, got  ([]), file ZipCode.csv:6120 data 19152
    regex_detector_test.go:84: Expected label ZipCode, got  ([]), file ZipCode.csv:6121 data 19153
    regex_detector_test.go:84: Expected label ZipCode, got  ([]), file ZipCode.csv:6122 data 19154
    regex_detector_test.go:84: Expected label ZipCode, got  ([]), file ZipCode.csv:6123 data 19301
    regex_detector_test.go:84: Expected label ZipCode, got  ([]), file ZipCode.csv:6124 data 19310
    regex_detector_test.go:84: Expected label ZipCode, got  ([]), file ZipCode.csv:6125 data 19311
    regex_detector_test.go:84: Expected label ZipCode, got  ([]), file ZipCode.csv:6126 data 19312
    regex_detector_test.go:84: Expected label ZipCode, got  ([]), file ZipCode.csv:6127 data 19316
    regex_detector_test.go:84: Expected label ZipCode, got  ([]), file ZipCode.csv:6128 data 19317
    regex_detector_test.go:84: Expected label ZipCode, got  ([]), file ZipCode.csv:6129 data 19319
    regex_detector_test.go:84: Expected label ZipCode, got  ([]), file ZipCode.csv:6130 data 19320
    regex_detector_test.go:84: Expected label ZipCode, got  ([]), file ZipCode.csv:6131 data 19330
    regex_detector_test.go:84: Expected label ZipCode, got  ([]), file ZipCode.csv:6132 data 19333
    regex_detector_test.go:84: Expected label ZipCode, got  ([]), file ZipCode.csv:6133 data 19335
    regex_detector_test.go:84: Expected label ZipCode, got  ([]), file ZipCode.csv:6134 data 19341
    regex_detector_test.go:84: Expected label ZipCode, got  ([]), file ZipCode.csv:6135 data 19342
    regex_detector_test.go:84: Expected label ZipCode, got  ([]), file ZipCode.csv:6136 data 19343
    regex_detector_test.go:84: Expected label ZipCode, got  ([]), file ZipCode.csv:6137 data 19344
    regex_detector_test.go:84: Expected label ZipCode, got  ([]), file ZipCode.csv:6138 data 19345
    regex_detector_test.go:84: Expected label ZipCode, got  ([]), file ZipCode.csv:6139 data 19348
    regex_detector_test.go:84: Expected label ZipCode, got  ([]), file ZipCode.csv:6140 data 19350
    regex_detector_test.go:84: Expected label ZipCode, got  ([]), file ZipCode.csv:6141 data 19352
    regex_detector_test.go:84: Expected label ZipCode, got  ([]), file ZipCode.csv:6142 data 19355
    regex_detector_test.go:84: Expected label ZipCode, got  ([]), file ZipCode.csv:6143 data 19358
    regex_detector_test.go:84: Expected label ZipCode, got  ([]), file ZipCode.csv:6144 data 19362
    regex_detector_test.go:84: Expected label ZipCode, got  ([]), file ZipCode.csv:6145 data 19363
    regex_detector_test.go:84: Expected label ZipCode, got  ([]), file ZipCode.csv:6146 data 19365
    regex_detector_test.go:84: Expected label ZipCode, got  ([]), file ZipCode.csv:6147 data 19367
    regex_detector_test.go:84: Expected label ZipCode, got  ([]), file ZipCode.csv:6148 data 19369
    regex_detector_test.go:84: Expected label ZipCode, got  ([]), file ZipCode.csv:6149 data 19372
    regex_detector_test.go:84: Expected label ZipCode, got  ([]), file ZipCode.csv:6150 data 19373
    regex_detector_test.go:84: Expected label ZipCode, got  ([]), file ZipCode.csv:6151 data 19374
    regex_detector_test.go:84: Expected label ZipCode, got  ([]), file ZipCode.csv:6152 data 19375
    regex_detector_test.go:84: Expected label ZipCode, got  ([]), file ZipCode.csv:6153 data 19380
    regex_detector_test.go:84: Expected label ZipCode, got  ([]), file ZipCode.csv:6154 data 19382
    regex_detector_test.go:84: Expected label ZipCode, got  ([]), file ZipCode.csv:6155 data 19383
    regex_detector_test.go:84: Expected label ZipCode, got  ([]), file ZipCode.csv:6156 data 19390
    regex_detector_test.go:84: Expected label ZipCode, got  ([]), file ZipCode.csv:6157 data 19401
    regex_detector_test.go:84: Expected label ZipCode, got  ([]), file ZipCode.csv:6158 data 19403
    regex_detector_test.go:84: Expected label ZipCode, got  ([]), file ZipCode.csv:6159 data 19405
    regex_detector_test.go:84: Expected label ZipCode, got  ([]), file ZipCode.csv:6160 data 19406
    regex_detector_test.go:84: Expected label ZipCode, got  ([]), file ZipCode.csv:6161 data 19422
    regex_detector_test.go:84: Expected label ZipCode, got  ([]), file ZipCode.csv:6162 data 19425
    regex_detector_test.go:84: Expected label ZipCode, got  ([]), file ZipCode.csv:6163 data 19426
    regex_detector_test.go:84: Expected label ZipCode, got  ([]), file ZipCode.csv:6164 data 19428
    regex_detector_test.go:84: Expected label ZipCode, got  ([]), file ZipCode.csv:6165 data 19435
    regex_detector_test.go:84: Expected label ZipCode, got  ([]), file ZipCode.csv:6166 data 19436
    regex_detector_test.go:84: Expected label ZipCode, got  ([]), file ZipCode.csv:6167 data 19437
    regex_detector_test.go:84: Expected label ZipCode, got  ([]), file ZipCode.csv:6168 data 19438
    regex_detector_test.go:84: Expected label ZipCode, got  ([]), file ZipCode.csv:6169 data 19440
    regex_detector_test.go:84: Expected label ZipCode, got  ([]), file ZipCode.csv:6170 data 19442
    regex_detector_test.go:84: Expected label ZipCode, got  ([]), file ZipCode.csv:6171 data 19444
    regex_detector_test.go:84: Expected label ZipCode, got  ([]), file ZipCode.csv:6172 data 19446
    regex_detector_test.go:84: Expected label ZipCode, got  ([]), file ZipCode.csv:6173 data 19453
    regex_detector_test.go:84: Expected label ZipCode, got  ([]), file ZipCode.csv:6174 data 19454
    regex_detector_test.go:84: Expected label ZipCode, got  ([]), file ZipCode.csv:6175 data 19456
    regex_detector_test.go:84: Expected label ZipCode, got  ([]), file ZipCode.csv:6176 data 19457
    regex_detector_test.go:84: Expected label ZipCode, got  ([]), file ZipCode.csv:6177 data 19460
    regex_detector_test.go:84: Expected label ZipCode, got  ([]), file ZipCode.csv:6178 data 19462
    regex_detector_test.go:84: Expected label ZipCode, got  ([]), file ZipCode.csv:6179 data 19464
    regex_detector_test.go:84: Expected label ZipCode, got  ([]), file ZipCode.csv:6180 data 19465
    regex_detector_test.go:84: Expected label ZipCode, got  ([]), file ZipCode.csv:6181 data 19468
    regex_detector_test.go:84: Expected label ZipCode, got  ([]), file ZipCode.csv:6182 data 19472
    regex_detector_test.go:84: Expected label ZipCode, got  ([]), file ZipCode.csv:6183 data 19473
    regex_detector_test.go:84: Expected label ZipCode, got  ([]), file ZipCode.csv:6184 data 19474
    regex_detector_test.go:84: Expected label ZipCode, got  ([]), file ZipCode.csv:6185 data 19475
    regex_detector_test.go:84: Expected label ZipCode, got  ([]), file ZipCode.csv:6186 data 19477
    regex_detector_test.go:84: Expected label ZipCode, got  ([]), file ZipCode.csv:6187 data 19490
    regex_detector_test.go:84: Expected label ZipCode, got  ([]), file ZipCode.csv:6188 data 19492
    regex_detector_test.go:84: Expected label ZipCode, got  ([]), file ZipCode.csv:6189 data 19501
    regex_detector_test.go:84: Expected label ZipCode, got  ([]), file ZipCode.csv:6190 data 19503
    regex_detector_test.go:84: Expected label ZipCode, got  ([]), file ZipCode.csv:6191 data 19504
    regex_detector_test.go:84: Expected label ZipCode, got  ([]), file ZipCode.csv:6192 data 19505
    regex_detector_test.go:84: Expected label ZipCode, got  ([]), file ZipCode.csv:6193 data 19506
    regex_detector_test.go:84: Expected label ZipCode, got  ([]), file ZipCode.csv:6194 data 19507
    regex_detector_test.go:84: Expected label ZipCode, got  ([]), file ZipCode.csv:6195 data 19508
    regex_detector_test.go:84: Expected label ZipCode, got  ([]), file ZipCode.csv:6196 data 19510
    regex_detector_test.go:84: Expected label ZipCode, got  ([]), file ZipCode.csv:6197 data 19511
    regex_detector_test.go:84: Expected label ZipCode, got  ([]), file ZipCode.csv:6198 data 19512
    regex_detector_test.go:84: Expected label ZipCode, got  ([]), file ZipCode.csv:6199 data 19516
    regex_detector_test.go:84: Expected label ZipCode, got  ([]), file ZipCode.csv:6200 data 19518
    regex_detector_test.go:84: Expected label ZipCode, got  ([]), file ZipCode.csv:6201 data 19520
    regex_detector_test.go:84: Expected label ZipCode, got  ([]), file ZipCode.csv:6202 data 19522
    regex_detector_test.go:84: Expected label ZipCode, got  ([]), file ZipCode.csv:6203 data 19523
    regex_detector_test.go:84: Expected label ZipCode, got  ([]), file ZipCode.csv:6204 data 19525
    regex_detector_test.go:84: Expected label ZipCode, got  ([]), file ZipCode.csv:6205 data 19526
    regex_detector_test.go:84: Expected label ZipCode, got  ([]), file ZipCode.csv:6206 data 19529
    regex_detector_test.go:84: Expected label ZipCode, got  ([]), file ZipCode.csv:6207 data 19530
    regex_detector_test.go:84: Expected label ZipCode, got  ([]), file ZipCode.csv:6208 data 19533
    regex_detector_test.go:84: Expected label ZipCode, got  ([]), file ZipCode.csv:6209 data 19534
    regex_detector_test.go:84: Expected label ZipCode, got  ([]), file ZipCode.csv:6210 data 19535
    regex_detector_test.go:84: Expected label ZipCode, got  ([]), file ZipCode.csv:6211 data 19536
    regex_detector_test.go:84: Expected label ZipCode, got  ([]), file ZipCode.csv:6212 data 19538
    regex_detector_test.go:84: Expected label ZipCode, got  ([]), file ZipCode.csv:6213 data 19539
    regex_detector_test.go:84: Expected label ZipCode, got  ([]), file ZipCode.csv:6214 data 19540
    regex_detector_test.go:84: Expected label ZipCode, got  ([]), file ZipCode.csv:6215 data 19541
    regex_detector_test.go:84: Expected label ZipCode, got  ([]), file ZipCode.csv:6216 data 19543
    regex_detector_test.go:84: Expected label ZipCode, got  ([]), file ZipCode.csv:6217 data 19544
    regex_detector_test.go:84: Expected label ZipCode, got  ([]), file ZipCode.csv:6218 data 19545
    regex_detector_test.go:84: Expected label ZipCode, got  ([]), file ZipCode.csv:6219 data 19547
    regex_detector_test.go:84: Expected label ZipCode, got  ([]), file ZipCode.csv:6220 data 19549
    regex_detector_test.go:84: Expected label ZipCode, got  ([]), file ZipCode.csv:6221 data 19550
    regex_detector_test.go:84: Expected label ZipCode, got  ([]), file ZipCode.csv:6222 data 19551
    regex_detector_test.go:84: Expected label ZipCode, got  ([]), file ZipCode.csv:6223 data 19554
    regex_detector_test.go:84: Expected label ZipCode, got  ([]), file ZipCode.csv:6224 data 19555
    regex_detector_test.go:84: Expected label ZipCode, got  ([]), file ZipCode.csv:6225 data 19559
    regex_detector_test.go:84: Expected label ZipCode, got  ([]), file ZipCode.csv:6226 data 19560
    regex_detector_test.go:84: Expected label ZipCode, got  ([]), file ZipCode.csv:6227 data 19562
    regex_detector_test.go:84: Expected label ZipCode, got  ([]), file ZipCode.csv:6228 data 19564
    regex_detector_test.go:84: Expected label ZipCode, got  ([]), file ZipCode.csv:6229 data 19565
    regex_detector_test.go:84: Expected label ZipCode, got  ([]), file ZipCode.csv:6230 data 19567
    regex_detector_test.go:84: Expected label ZipCode, got  ([]), file ZipCode.csv:6231 data 19601
    regex_detector_test.go:84: Expected label ZipCode, got  ([]), file ZipCode.csv:6232 data 19602
    regex_detector_test.go:84: Expected label ZipCode, got  ([]), file ZipCode.csv:6233 data 19604
    regex_detector_test.go:84: Expected label ZipCode, got  ([]), file ZipCode.csv:6234 data 19605
    regex_detector_test.go:84: Expected label ZipCode, got  ([]), file ZipCode.csv:6235 data 19606
    regex_detector_test.go:84: Expected label ZipCode, got  ([]), file ZipCode.csv:6236 data 19607
    regex_detector_test.go:84: Expected label ZipCode, got  ([]), file ZipCode.csv:6237 data 19608
    regex_detector_test.go:84: Expected label ZipCode, got  ([]), file ZipCode.csv:6238 data 19609
    regex_detector_test.go:84: Expected label ZipCode, got  ([]), file ZipCode.csv:6239 data 19610
    regex_detector_test.go:84: Expected label ZipCode, got  ([]), file ZipCode.csv:6240 data 19611
    regex_detector_test.go:84: Expected label ZipCode, got  ([]), file ZipCode.csv:6241 data 19701
    regex_detector_test.go:84: Expected label ZipCode, got  ([]), file ZipCode.csv:6242 data 19702
    regex_detector_test.go:84: Expected label ZipCode, got  ([]), file ZipCode.csv:6243 data 19703
    regex_detector_test.go:84: Expected label ZipCode, got  ([]), file ZipCode.csv:6244 data 19706
    regex_detector_test.go:84: Expected label ZipCode, got  ([]), file ZipCode.csv:6245 data 19707
    regex_detector_test.go:84: Expected label ZipCode, got  ([]), file ZipCode.csv:6246 data 19709
    regex_detector_test.go:84: Expected label ZipCode, got  ([]), file ZipCode.csv:6247 data 19710
    regex_detector_test.go:84: Expected label ZipCode, got  ([]), file ZipCode.csv:6248 data 19711
    regex_detector_test.go:84: Expected label ZipCode, got  ([]), file ZipCode.csv:6249 data 19713
    regex_detector_test.go:84: Expected label ZipCode, got  ([]), file ZipCode.csv:6250 data 19716
    regex_detector_test.go:84: Expected label ZipCode, got  ([]), file ZipCode.csv:6251 data 19717
    regex_detector_test.go:84: Expected label ZipCode, got  ([]), file ZipCode.csv:6252 data 19720
    regex_detector_test.go:84: Expected label ZipCode, got  ([]), file ZipCode.csv:6253 data 19730
    regex_detector_test.go:84: Expected label ZipCode, got  ([]), file ZipCode.csv:6254 data 19731
    regex_detector_test.go:84: Expected label ZipCode, got  ([]), file ZipCode.csv:6255 data 19732
    regex_detector_test.go:84: Expected label ZipCode, got  ([]), file ZipCode.csv:6256 data 19733
    regex_detector_test.go:84: Expected label ZipCode, got  ([]), file ZipCode.csv:6257 data 19734
    regex_detector_test.go:84: Expected label ZipCode, got  ([]), file ZipCode.csv:6258 data 19735
    regex_detector_test.go:84: Expected label ZipCode, got  ([]), file ZipCode.csv:6259 data 19736
    regex_detector_test.go:84: Expected label ZipCode, got  ([]), file ZipCode.csv:6260 data 19801
    regex_detector_test.go:84: Expected label ZipCode, got  ([]), file ZipCode.csv:6261 data 19802
    regex_detector_test.go:84: Expected label ZipCode, got  ([]), file ZipCode.csv:6262 data 19803
    regex_detector_test.go:84: Expected label ZipCode, got  ([]), file ZipCode.csv:6263 data 19804
    regex_detector_test.go:84: Expected label ZipCode, got  ([]), file ZipCode.csv:6264 data 19805
    regex_detector_test.go:84: Expected label ZipCode, got  ([]), file ZipCode.csv:6265 data 19806
    regex_detector_test.go:84: Expected label ZipCode, got  ([]), file ZipCode.csv:6266 data 19807
    regex_detector_test.go:84: Expected label ZipCode, got  ([]), file ZipCode.csv:6267 data 19808
    regex_detector_test.go:84: Expected label ZipCode, got  ([]), file ZipCode.csv:6268 data 19809
    regex_detector_test.go:84: Expected label ZipCode, got  ([]), file ZipCode.csv:6269 data 19810
    regex_detector_test.go:84: Expected label ZipCode, got  ([]), file ZipCode.csv:6270 data 19901
    regex_detector_test.go:84: Expected label ZipCode, got  ([]), file ZipCode.csv:6271 data 19902
    regex_detector_test.go:84: Expected label ZipCode, got  ([]), file ZipCode.csv:6272 data 19904
    regex_detector_test.go:84: Expected label ZipCode, got  ([]), file ZipCode.csv:6273 data 19930
    regex_detector_test.go:84: Expected label ZipCode, got  ([]), file ZipCode.csv:6274 data 19931
    regex_detector_test.go:84: Expected label ZipCode, got  ([]), file ZipCode.csv:6275 data 19933
    regex_detector_test.go:84: Expected label ZipCode, got  ([]), file ZipCode.csv:6276 data 19934
    regex_detector_test.go:84: Expected label ZipCode, got  ([]), file ZipCode.csv:6277 data 19936
    regex_detector_test.go:84: Expected label ZipCode, got  ([]), file ZipCode.csv:6278 data 19938
    regex_detector_test.go:84: Expected label ZipCode, got  ([]), file ZipCode.csv:6279 data 19939
    regex_detector_test.go:84: Expected label ZipCode, got  ([]), file ZipCode.csv:6280 data 19940
    regex_detector_test.go:84: Expected label ZipCode, got  ([]), file ZipCode.csv:6281 data 19941
    regex_detector_test.go:84: Expected label ZipCode, got  ([]), file ZipCode.csv:6282 data 19943
    regex_detector_test.go:84: Expected label ZipCode, got  ([]), file ZipCode.csv:6283 data 19944
    regex_detector_test.go:84: Expected label ZipCode, got  ([]), file ZipCode.csv:6284 data 19945
    regex_detector_test.go:84: Expected label ZipCode, got  ([]), file ZipCode.csv:6285 data 19946
    regex_detector_test.go:84: Expected label ZipCode, got  ([]), file ZipCode.csv:6286 data 19947
    regex_detector_test.go:84: Expected label ZipCode, got  ([]), file ZipCode.csv:6287 data 19950
    regex_detector_test.go:84: Expected label ZipCode, got  ([]), file ZipCode.csv:6288 data 19951
    regex_detector_test.go:84: Expected label ZipCode, got  ([]), file ZipCode.csv:6289 data 19952
    regex_detector_test.go:84: Expected label ZipCode, got  ([]), file ZipCode.csv:6290 data 19953
    regex_detector_test.go:84: Expected label ZipCode, got  ([]), file ZipCode.csv:6291 data 19954
    regex_detector_test.go:84: Expected label ZipCode, got  ([]), file ZipCode.csv:6292 data 19955
    regex_detector_test.go:84: Expected label ZipCode, got  ([]), file ZipCode.csv:6293 data 19956
    regex_detector_test.go:84: Expected label ZipCode, got  ([]), file ZipCode.csv:6294 data 19958
    regex_detector_test.go:84: Expected label ZipCode, got  ([]), file ZipCode.csv:6295 data 19960
    regex_detector_test.go:84: Expected label ZipCode, got  ([]), file ZipCode.csv:6296 data 19962
    regex_detector_test.go:84: Expected label ZipCode, got  ([]), file ZipCode.csv:6297 data 19963
    regex_detector_test.go:84: Expected label ZipCode, got  ([]), file ZipCode.csv:6298 data 19964
    regex_detector_test.go:84: Expected label ZipCode, got  ([]), file ZipCode.csv:6299 data 19966
    regex_detector_test.go:84: Expected label ZipCode, got  ([]), file ZipCode.csv:6300 data 19967
    regex_detector_test.go:84: Expected label ZipCode, got  ([]), file ZipCode.csv:6301 data 19968
    regex_detector_test.go:84: Expected label ZipCode, got  ([]), file ZipCode.csv:6302 data 19970
    regex_detector_test.go:84: Expected label ZipCode, got  ([]), file ZipCode.csv:6303 data 19971
    regex_detector_test.go:84: Expected label ZipCode, got  ([]), file ZipCode.csv:6304 data 19973
    regex_detector_test.go:84: Expected label ZipCode, got  ([]), file ZipCode.csv:6305 data 19975
    regex_detector_test.go:84: Expected label ZipCode, got  ([]), file ZipCode.csv:6306 data 19977
    regex_detector_test.go:84: Expected label ZipCode, got  ([]), file ZipCode.csv:6307 data 19979
    regex_detector_test.go:84: Expected label ZipCode, got  ([]), file ZipCode.csv:6308 data 19980
    regex_detector_test.go:84: Expected label ZipCode, got  ([]), file ZipCode.csv:6309 data 20001
    regex_detector_test.go:84: Expected label ZipCode, got  ([]), file ZipCode.csv:6310 data 20002
    regex_detector_test.go:84: Expected label ZipCode, got  ([]), file ZipCode.csv:6311 data 20003
    regex_detector_test.go:84: Expected label ZipCode, got  ([]), file ZipCode.csv:6312 data 20004
    regex_detector_test.go:84: Expected label ZipCode, got  ([]), file ZipCode.csv:6313 data 20005
    regex_detector_test.go:84: Expected label ZipCode, got  ([]), file ZipCode.csv:6314 data 20006
    regex_detector_test.go:84: Expected label ZipCode, got  ([]), file ZipCode.csv:6315 data 20007
    regex_detector_test.go:84: Expected label ZipCode, got  ([]), file ZipCode.csv:6316 data 20008
    regex_detector_test.go:84: Expected label ZipCode, got  ([]), file ZipCode.csv:6317 data 20009
    regex_detector_test.go:84: Expected label ZipCode, got  ([]), file ZipCode.csv:6318 data 20010
    regex_detector_test.go:84: Expected label ZipCode, got  ([]), file ZipCode.csv:6319 data 20011
    regex_detector_test.go:84: Expected label ZipCode, got  ([]), file ZipCode.csv:6320 data 20012
    regex_detector_test.go:84: Expected label ZipCode, got  ([]), file ZipCode.csv:6321 data 20015
    regex_detector_test.go:84: Expected label ZipCode, got  ([]), file ZipCode.csv:6322 data 20016
    regex_detector_test.go:84: Expected label ZipCode, got  ([]), file ZipCode.csv:6323 data 20017
    regex_detector_test.go:84: Expected label ZipCode, got  ([]), file ZipCode.csv:6324 data 20018
    regex_detector_test.go:84: Expected label ZipCode, got  ([]), file ZipCode.csv:6325 data 20019
    regex_detector_test.go:84: Expected label ZipCode, got  ([]), file ZipCode.csv:6326 data 20020
    regex_detector_test.go:84: Expected label ZipCode, got  ([]), file ZipCode.csv:6327 data 20024
    regex_detector_test.go:84: Expected label ZipCode, got  ([]), file ZipCode.csv:6328 data 20032
    regex_detector_test.go:84: Expected label ZipCode, got  ([]), file ZipCode.csv:6329 data 20036
    regex_detector_test.go:84: Expected label ZipCode, got  ([]), file ZipCode.csv:6330 data 20037
    regex_detector_test.go:84: Expected label ZipCode, got  ([]), file ZipCode.csv:6331 data 20045
    regex_detector_test.go:84: Expected label ZipCode, got  ([]), file ZipCode.csv:6332 data 20052
    regex_detector_test.go:84: Expected label ZipCode, got  ([]), file ZipCode.csv:6333 data 20057
    regex_detector_test.go:84: Expected label ZipCode, got  ([]), file ZipCode.csv:6334 data 20059
    regex_detector_test.go:84: Expected label ZipCode, got  ([]), file ZipCode.csv:6335 data 20064
    regex_detector_test.go:84: Expected label ZipCode, got  ([]), file ZipCode.csv:6336 data 20105
    regex_detector_test.go:84: Expected label ZipCode, got  ([]), file ZipCode.csv:6337 data 20106
    regex_detector_test.go:84: Expected label ZipCode, got  ([]), file ZipCode.csv:6338 data 20109
    regex_detector_test.go:84: Expected label ZipCode, got  ([]), file ZipCode.csv:6339 data 20110
    regex_detector_test.go:84: Expected label ZipCode, got  ([]), file ZipCode.csv:6340 data 20111
    regex_detector_test.go:84: Expected label ZipCode, got  ([]), file ZipCode.csv:6341 data 20112
    regex_detector_test.go:84: Expected label ZipCode, got  ([]), file ZipCode.csv:6342 data 20115
    regex_detector_test.go:84: Expected label ZipCode, got  ([]), file ZipCode.csv:6343 data 20117
    regex_detector_test.go:84: Expected label ZipCode, got  ([]), file ZipCode.csv:6344 data 20119
    regex_detector_test.go:84: Expected label ZipCode, got  ([]), file ZipCode.csv:6345 data 20120
    regex_detector_test.go:84: Expected label ZipCode, got  ([]), file ZipCode.csv:6346 data 20121
    regex_detector_test.go:84: Expected label ZipCode, got  ([]), file ZipCode.csv:6347 data 20124
    regex_detector_test.go:84: Expected label ZipCode, got  ([]), file ZipCode.csv:6348 data 20129
    regex_detector_test.go:84: Expected label ZipCode, got  ([]), file ZipCode.csv:6349 data 20130
    regex_detector_test.go:84: Expected label ZipCode, got  ([]), file ZipCode.csv:6350 data 20132
    regex_detector_test.go:84: Expected label ZipCode, got  ([]), file ZipCode.csv:6351 data 20135
    regex_detector_test.go:84: Expected label ZipCode, got  ([]), file ZipCode.csv:6352 data 20136
    regex_detector_test.go:84: Expected label ZipCode, got  ([]), file ZipCode.csv:6353 data 20137
    regex_detector_test.go:84: Expected label ZipCode, got  ([]), file ZipCode.csv:6354 data 20141
    regex_detector_test.go:84: Expected label ZipCode, got  ([]), file ZipCode.csv:6355 data 20143
    regex_detector_test.go:84: Expected label ZipCode, got  ([]), file ZipCode.csv:6356 data 20144
    regex_detector_test.go:84: Expected label ZipCode, got  ([]), file ZipCode.csv:6357 data 20147
    regex_detector_test.go:84: Expected label ZipCode, got  ([]), file ZipCode.csv:6358 data 20148
    regex_detector_test.go:84: Expected label ZipCode, got  ([]), file ZipCode.csv:6359 data 20151
    regex_detector_test.go:84: Expected label ZipCode, got  ([]), file ZipCode.csv:6360 data 20152
    regex_detector_test.go:84: Expected label ZipCode, got  ([]), file ZipCode.csv:6361 data 20155
    regex_detector_test.go:84: Expected label ZipCode, got  ([]), file ZipCode.csv:6362 data 20158
    regex_detector_test.go:84: Expected label ZipCode, got  ([]), file ZipCode.csv:6363 data 20164
    regex_detector_test.go:84: Expected label ZipCode, got  ([]), file ZipCode.csv:6364 data 20165
    regex_detector_test.go:84: Expected label ZipCode, got  ([]), file ZipCode.csv:6365 data 20166
    regex_detector_test.go:84: Expected label ZipCode, got  ([]), file ZipCode.csv:6366 data 20169
    regex_detector_test.go:84: Expected label ZipCode, got  ([]), file ZipCode.csv:6367 data 20170
    regex_detector_test.go:84: Expected label ZipCode, got  ([]), file ZipCode.csv:6368 data 20171
    regex_detector_test.go:84: Expected label ZipCode, got  ([]), file ZipCode.csv:6369 data 20175
    regex_detector_test.go:84: Expected label ZipCode, got  ([]), file ZipCode.csv:6370 data 20176
    regex_detector_test.go:84: Expected label ZipCode, got  ([]), file ZipCode.csv:6371 data 20180
    regex_detector_test.go:84: Expected label ZipCode, got  ([]), file ZipCode.csv:6372 data 20181
    regex_detector_test.go:84: Expected label ZipCode, got  ([]), file ZipCode.csv:6373 data 20184
    regex_detector_test.go:84: Expected label ZipCode, got  ([]), file ZipCode.csv:6374 data 20186
    regex_detector_test.go:84: Expected label ZipCode, got  ([]), file ZipCode.csv:6375 data 20187
    regex_detector_test.go:84: Expected label ZipCode, got  ([]), file ZipCode.csv:6376 data 20190
    regex_detector_test.go:84: Expected label ZipCode, got  ([]), file ZipCode.csv:6377 data 20191
    regex_detector_test.go:84: Expected label ZipCode, got  ([]), file ZipCode.csv:6378 data 20194
    regex_detector_test.go:84: Expected label ZipCode, got  ([]), file ZipCode.csv:6379 data 20197
    regex_detector_test.go:84: Expected label ZipCode, got  ([]), file ZipCode.csv:6380 data 20198
    regex_detector_test.go:84: Expected label ZipCode, got  ([]), file ZipCode.csv:6381 data 20204
    regex_detector_test.go:84: Expected label ZipCode, got  ([]), file ZipCode.csv:6382 data 20220
    regex_detector_test.go:84: Expected label ZipCode, got  ([]), file ZipCode.csv:6383 data 20230
    regex_detector_test.go:84: Expected label ZipCode, got  ([]), file ZipCode.csv:6384 data 20240
    regex_detector_test.go:84: Expected label ZipCode, got  ([]), file ZipCode.csv:6385 data 20245
    regex_detector_test.go:84: Expected label ZipCode, got  ([]), file ZipCode.csv:6386 data 20250
    regex_detector_test.go:84: Expected label ZipCode, got  ([]), file ZipCode.csv:6387 data 20260
    regex_detector_test.go:84: Expected label ZipCode, got  ([]), file ZipCode.csv:6388 data 20317
    regex_detector_test.go:84: Expected label ZipCode, got  ([]), file ZipCode.csv:6389 data 20319
    regex_detector_test.go:84: Expected label ZipCode, got  ([]), file ZipCode.csv:6390 data 20373
    regex_detector_test.go:84: Expected label ZipCode, got  ([]), file ZipCode.csv:6391 data 20388
    regex_detector_test.go:84: Expected label ZipCode, got  ([]), file ZipCode.csv:6392 data 20390
    regex_detector_test.go:84: Expected label ZipCode, got  ([]), file ZipCode.csv:6393 data 20408
    regex_detector_test.go:84: Expected label ZipCode, got  ([]), file ZipCode.csv:6394 data 20415
    regex_detector_test.go:84: Expected label ZipCode, got  ([]), file ZipCode.csv:6395 data 20418
    regex_detector_test.go:84: Expected label ZipCode, got  ([]), file ZipCode.csv:6396 data 20422
    regex_detector_test.go:84: Expected label ZipCode, got  ([]), file ZipCode.csv:6397 data 20427
    regex_detector_test.go:84: Expected label ZipCode, got  ([]), file ZipCode.csv:6398 data 20431
    regex_detector_test.go:84: Expected label ZipCode, got  ([]), file ZipCode.csv:6399 data 20510
    regex_detector_test.go:84: Expected label ZipCode, got  ([]), file ZipCode.csv:6400 data 20515
    regex_detector_test.go:84: Expected label ZipCode, got  ([]), file ZipCode.csv:6401 data 20520
    regex_detector_test.go:84: Expected label ZipCode, got  ([]), file ZipCode.csv:6402 data 20530
    regex_detector_test.go:84: Expected label ZipCode, got  ([]), file ZipCode.csv:6403 data 20535
    regex_detector_test.go:84: Expected label ZipCode, got  ([]), file ZipCode.csv:6404 data 20540
    regex_detector_test.go:84: Expected label ZipCode, got  ([]), file ZipCode.csv:6405 data 20542
    regex_detector_test.go:84: Expected label ZipCode, got  ([]), file ZipCode.csv:6406 data 20551
    regex_detector_test.go:84: Expected label ZipCode, got  ([]), file ZipCode.csv:6407 data 20560
    regex_detector_test.go:84: Expected label ZipCode, got  ([]), file ZipCode.csv:6408 data 20565
    regex_detector_test.go:84: Expected label ZipCode, got  ([]), file ZipCode.csv:6409 data 20566
    regex_detector_test.go:84: Expected label ZipCode, got  ([]), file ZipCode.csv:6410 data 20591
    regex_detector_test.go:84: Expected label ZipCode, got  ([]), file ZipCode.csv:6411 data 20601
    regex_detector_test.go:84: Expected label ZipCode, got  ([]), file ZipCode.csv:6412 data 20602
    regex_detector_test.go:84: Expected label ZipCode, got  ([]), file ZipCode.csv:6413 data 20603
    regex_detector_test.go:84: Expected label ZipCode, got  ([]), file ZipCode.csv:6414 data 20606
    regex_detector_test.go:84: Expected label ZipCode, got  ([]), file ZipCode.csv:6415 data 20607
    regex_detector_test.go:84: Expected label ZipCode, got  ([]), file ZipCode.csv:6416 data 20608
    regex_detector_test.go:84: Expected label ZipCode, got  ([]), file ZipCode.csv:6417 data 20609
    regex_detector_test.go:84: Expected label ZipCode, got  ([]), file ZipCode.csv:6418 data 20611
    regex_detector_test.go:84: Expected label ZipCode, got  ([]), file ZipCode.csv:6419 data 20612
    regex_detector_test.go:84: Expected label ZipCode, got  ([]), file ZipCode.csv:6420 data 20613
    regex_detector_test.go:84: Expected label ZipCode, got  ([]), file ZipCode.csv:6421 data 20615
    regex_detector_test.go:84: Expected label ZipCode, got  ([]), file ZipCode.csv:6422 data 20616
    regex_detector_test.go:84: Expected label ZipCode, got  ([]), file ZipCode.csv:6423 data 20617
    regex_detector_test.go:84: Expected label ZipCode, got  ([]), file ZipCode.csv:6424 data 20618
    regex_detector_test.go:84: Expected label ZipCode, got  ([]), file ZipCode.csv:6425 data 20619
    regex_detector_test.go:84: Expected label ZipCode, got  ([]), file ZipCode.csv:6426 data 20620
    regex_detector_test.go:84: Expected label ZipCode, got  ([]), file ZipCode.csv:6427 data 20621
    regex_detector_test.go:84: Expected label ZipCode, got  ([]), file ZipCode.csv:6428 data 20622
    regex_detector_test.go:84: Expected label ZipCode, got  ([]), file ZipCode.csv:6429 data 20623
    regex_detector_test.go:84: Expected label ZipCode, got  ([]), file ZipCode.csv:6430 data 20624
    regex_detector_test.go:84: Expected label ZipCode, got  ([]), file ZipCode.csv:6431 data 20625
    regex_detector_test.go:84: Expected label ZipCode, got  ([]), file ZipCode.csv:6432 data 20626
    regex_detector_test.go:84: Expected label ZipCode, got  ([]), file ZipCode.csv:6433 data 20628
    regex_detector_test.go:84: Expected label ZipCode, got  ([]), file ZipCode.csv:6434 data 20629
    regex_detector_test.go:84: Expected label ZipCode, got  ([]), file ZipCode.csv:6435 data 20630
    regex_detector_test.go:84: Expected label ZipCode, got  ([]), file ZipCode.csv:6436 data 20632
    regex_detector_test.go:84: Expected label ZipCode, got  ([]), file ZipCode.csv:6437 data 20634
    regex_detector_test.go:84: Expected label ZipCode, got  ([]), file ZipCode.csv:6438 data 20636
    regex_detector_test.go:84: Expected label ZipCode, got  ([]), file ZipCode.csv:6439 data 20637
    regex_detector_test.go:84: Expected label ZipCode, got  ([]), file ZipCode.csv:6440 data 20639
    regex_detector_test.go:84: Expected label ZipCode, got  ([]), file ZipCode.csv:6441 data 20640
    regex_detector_test.go:84: Expected label ZipCode, got  ([]), file ZipCode.csv:6442 data 20645
    regex_detector_test.go:84: Expected label ZipCode, got  ([]), file ZipCode.csv:6443 data 20646
    regex_detector_test.go:84: Expected label ZipCode, got  ([]), file ZipCode.csv:6444 data 20650
    regex_detector_test.go:84: Expected label ZipCode, got  ([]), file ZipCode.csv:6445 data 20653
    regex_detector_test.go:84: Expected label ZipCode, got  ([]), file ZipCode.csv:6446 data 20656
    regex_detector_test.go:84: Expected label ZipCode, got  ([]), file ZipCode.csv:6447 data 20657
    regex_detector_test.go:84: Expected label ZipCode, got  ([]), file ZipCode.csv:6448 data 20658
    regex_detector_test.go:84: Expected label ZipCode, got  ([]), file ZipCode.csv:6449 data 20659
    regex_detector_test.go:84: Expected label ZipCode, got  ([]), file ZipCode.csv:6450 data 20660
    regex_detector_test.go:84: Expected label ZipCode, got  ([]), file ZipCode.csv:6451 data 20661
    regex_detector_test.go:84: Expected label ZipCode, got  ([]), file ZipCode.csv:6452 data 20662
    regex_detector_test.go:84: Expected label ZipCode, got  ([]), file ZipCode.csv:6453 data 20664
    regex_detector_test.go:84: Expected label ZipCode, got  ([]), file ZipCode.csv:6454 data 20667
    regex_detector_test.go:84: Expected label ZipCode, got  ([]), file ZipCode.csv:6455 data 20670
    regex_detector_test.go:84: Expected label ZipCode, got  ([]), file ZipCode.csv:6456 data 20674
    regex_detector_test.go:84: Expected label ZipCode, got  ([]), file ZipCode.csv:6457 data 20675
    regex_detector_test.go:84: Expected label ZipCode, got  ([]), file ZipCode.csv:6458 data 20676
    regex_detector_test.go:84: Expected label ZipCode, got  ([]), file ZipCode.csv:6459 data 20677
    regex_detector_test.go:84: Expected label ZipCode, got  ([]), file ZipCode.csv:6460 data 20678
    regex_detector_test.go:84: Expected label ZipCode, got  ([]), file ZipCode.csv:6461 data 20680
    regex_detector_test.go:84: Expected label ZipCode, got  ([]), file ZipCode.csv:6462 data 20684
    regex_detector_test.go:84: Expected label ZipCode, got  ([]), file ZipCode.csv:6463 data 20685
    regex_detector_test.go:84: Expected label ZipCode, got  ([]), file ZipCode.csv:6464 data 20686
    regex_detector_test.go:84: Expected label ZipCode, got  ([]), file ZipCode.csv:6465 data 20687
    regex_detector_test.go:84: Expected label ZipCode, got  ([]), file ZipCode.csv:6466 data 20688
    regex_detector_test.go:84: Expected label ZipCode, got  ([]), file ZipCode.csv:6467 data 20689
    regex_detector_test.go:84: Expected label ZipCode, got  ([]), file ZipCode.csv:6468 data 20690
    regex_detector_test.go:84: Expected label ZipCode, got  ([]), file ZipCode.csv:6469 data 20692
    regex_detector_test.go:84: Expected label ZipCode, got  ([]), file ZipCode.csv:6470 data 20693
    regex_detector_test.go:84: Expected label ZipCode, got  ([]), file ZipCode.csv:6471 data 20695
    regex_detector_test.go:84: Expected label ZipCode, got  ([]), file ZipCode.csv:6472 data 20701
    regex_detector_test.go:84: Expected label ZipCode, got  ([]), file ZipCode.csv:6473 data 20705
    regex_detector_test.go:84: Expected label ZipCode, got  ([]), file ZipCode.csv:6474 data 20706
    regex_detector_test.go:84: Expected label ZipCode, got  ([]), file ZipCode.csv:6475 data 20707
    regex_detector_test.go:84: Expected label ZipCode, got  ([]), file ZipCode.csv:6476 data 20708
    regex_detector_test.go:84: Expected label ZipCode, got  ([]), file ZipCode.csv:6477 data 20710
    regex_detector_test.go:84: Expected label ZipCode, got  ([]), file ZipCode.csv:6478 data 20711
    regex_detector_test.go:84: Expected label ZipCode, got  ([]), file ZipCode.csv:6479 data 20712
    regex_detector_test.go:84: Expected label ZipCode, got  ([]), file ZipCode.csv:6480 data 20714
    regex_detector_test.go:84: Expected label ZipCode, got  ([]), file ZipCode.csv:6481 data 20715
    regex_detector_test.go:84: Expected label ZipCode, got  ([]), file ZipCode.csv:6482 data 20716
    regex_detector_test.go:84: Expected label ZipCode, got  ([]), file ZipCode.csv:6483 data 20720
    regex_detector_test.go:84: Expected label ZipCode, got  ([]), file ZipCode.csv:6484 data 20721
    regex_detector_test.go:84: Expected label ZipCode, got  ([]), file ZipCode.csv:6485 data 20722
    regex_detector_test.go:84: Expected label ZipCode, got  ([]), file ZipCode.csv:6486 data 20723
    regex_detector_test.go:84: Expected label ZipCode, got  ([]), file ZipCode.csv:6487 data 20724
    regex_detector_test.go:84: Expected label ZipCode, got  ([]), file ZipCode.csv:6488 data 20732
    regex_detector_test.go:84: Expected label ZipCode, got  ([]), file ZipCode.csv:6489 data 20733
    regex_detector_test.go:84: Expected label ZipCode, got  ([]), file ZipCode.csv:6490 data 20735
    regex_detector_test.go:84: Expected label ZipCode, got  ([]), file ZipCode.csv:6491 data 20736
    regex_detector_test.go:84: Expected label ZipCode, got  ([]), file ZipCode.csv:6492 data 20737
    regex_detector_test.go:84: Expected label ZipCode, got  ([]), file ZipCode.csv:6493 data 20740
    regex_detector_test.go:84: Expected label ZipCode, got  ([]), file ZipCode.csv:6494 data 20742
    regex_detector_test.go:84: Expected label ZipCode, got  ([]), file ZipCode.csv:6495 data 20743
    regex_detector_test.go:84: Expected label ZipCode, got  ([]), file ZipCode.csv:6496 data 20744
    regex_detector_test.go:84: Expected label ZipCode, got  ([]), file ZipCode.csv:6497 data 20745
    regex_detector_test.go:84: Expected label ZipCode, got  ([]), file ZipCode.csv:6498 data 20746
    regex_detector_test.go:84: Expected label ZipCode, got  ([]), file ZipCode.csv:6499 data 20747
    regex_detector_test.go:84: Expected label ZipCode, got  ([]), file ZipCode.csv:6500 data 20748
    regex_detector_test.go:84: Expected label ZipCode, got  ([]), file ZipCode.csv:6501 data 20751
    regex_detector_test.go:84: Expected label ZipCode, got  ([]), file ZipCode.csv:6502 data 20754
    regex_detector_test.go:84: Expected label ZipCode, got  ([]), file ZipCode.csv:6503 data 20755
    regex_detector_test.go:84: Expected label ZipCode, got  ([]), file ZipCode.csv:6504 data 20758
    regex_detector_test.go:84: Expected label ZipCode, got  ([]), file ZipCode.csv:6505 data 20759
    regex_detector_test.go:84: Expected label ZipCode, got  ([]), file ZipCode.csv:6506 data 20762
    regex_detector_test.go:84: Expected label ZipCode, got  ([]), file ZipCode.csv:6507 data 20763
    regex_detector_test.go:84: Expected label ZipCode, got  ([]), file ZipCode.csv:6508 data 20764
    regex_detector_test.go:84: Expected label ZipCode, got  ([]), file ZipCode.csv:6509 data 20765
    regex_detector_test.go:84: Expected label ZipCode, got  ([]), file ZipCode.csv:6510 data 20769
    regex_detector_test.go:84: Expected label ZipCode, got  ([]), file ZipCode.csv:6511 data 20770
    regex_detector_test.go:84: Expected label ZipCode, got  ([]), file ZipCode.csv:6512 data 20771
    regex_detector_test.go:84: Expected label ZipCode, got  ([]), file ZipCode.csv:6513 data 20772
    regex_detector_test.go:84: Expected label ZipCode, got  ([]), file ZipCode.csv:6514 data 20774
    regex_detector_test.go:84: Expected label ZipCode, got  ([]), file ZipCode.csv:6515 data 20776
    regex_detector_test.go:84: Expected label ZipCode, got  ([]), file ZipCode.csv:6516 data 20777
    regex_detector_test.go:84: Expected label ZipCode, got  ([]), file ZipCode.csv:6517 data 20778
    regex_detector_test.go:84: Expected label ZipCode, got  ([]), file ZipCode.csv:6518 data 20779
    regex_detector_test.go:84: Expected label ZipCode, got  ([]), file ZipCode.csv:6519 data 20781
    regex_detector_test.go:84: Expected label ZipCode, got  ([]), file ZipCode.csv:6520 data 20782
    regex_detector_test.go:84: Expected label ZipCode, got  ([]), file ZipCode.csv:6521 data 20783
    regex_detector_test.go:84: Expected label ZipCode, got  ([]), file ZipCode.csv:6522 data 20784
    regex_detector_test.go:84: Expected label ZipCode, got  ([]), file ZipCode.csv:6523 data 20785
    regex_detector_test.go:84: Expected label ZipCode, got  ([]), file ZipCode.csv:6524 data 20794
    regex_detector_test.go:84: Expected label ZipCode, got  ([]), file ZipCode.csv:6525 data 20812
    regex_detector_test.go:84: Expected label ZipCode, got  ([]), file ZipCode.csv:6526 data 20814
    regex_detector_test.go:84: Expected label ZipCode, got  ([]), file ZipCode.csv:6527 data 20815
    regex_detector_test.go:84: Expected label ZipCode, got  ([]), file ZipCode.csv:6528 data 20816
    regex_detector_test.go:84: Expected label ZipCode, got  ([]), file ZipCode.csv:6529 data 20817
    regex_detector_test.go:84: Expected label ZipCode, got  ([]), file ZipCode.csv:6530 data 20818
    regex_detector_test.go:84: Expected label ZipCode, got  ([]), file ZipCode.csv:6531 data 20832
    regex_detector_test.go:84: Expected label ZipCode, got  ([]), file ZipCode.csv:6532 data 20833
    regex_detector_test.go:84: Expected label ZipCode, got  ([]), file ZipCode.csv:6533 data 20837
    regex_detector_test.go:84: Expected label ZipCode, got  ([]), file ZipCode.csv:6534 data 20838
    regex_detector_test.go:84: Expected label ZipCode, got  ([]), file ZipCode.csv:6535 data 20839
    regex_detector_test.go:84: Expected label ZipCode, got  ([]), file ZipCode.csv:6536 data 20841
    regex_detector_test.go:84: Expected label ZipCode, got  ([]), file ZipCode.csv:6537 data 20842
    regex_detector_test.go:84: Expected label ZipCode, got  ([]), file ZipCode.csv:6538 data 20850
    regex_detector_test.go:84: Expected label ZipCode, got  ([]), file ZipCode.csv:6539 data 20851
    regex_detector_test.go:84: Expected label ZipCode, got  ([]), file ZipCode.csv:6540 data 20852
    regex_detector_test.go:84: Expected label ZipCode, got  ([]), file ZipCode.csv:6541 data 20853
    regex_detector_test.go:84: Expected label ZipCode, got  ([]), file ZipCode.csv:6542 data 20854
    regex_detector_test.go:84: Expected label ZipCode, got  ([]), file ZipCode.csv:6543 data 20855
    regex_detector_test.go:84: Expected label ZipCode, got  ([]), file ZipCode.csv:6544 data 20860
    regex_detector_test.go:84: Expected label ZipCode, got  ([]), file ZipCode.csv:6545 data 20861
    regex_detector_test.go:84: Expected label ZipCode, got  ([]), file ZipCode.csv:6546 data 20862
    regex_detector_test.go:84: Expected label ZipCode, got  ([]), file ZipCode.csv:6547 data 20866
    regex_detector_test.go:84: Expected label ZipCode, got  ([]), file ZipCode.csv:6548 data 20868
    regex_detector_test.go:84: Expected label ZipCode, got  ([]), file ZipCode.csv:6549 data 20871
    regex_detector_test.go:84: Expected label ZipCode, got  ([]), file ZipCode.csv:6550 data 20872
    regex_detector_test.go:84: Expected label ZipCode, got  ([]), file ZipCode.csv:6551 data 20874
    regex_detector_test.go:84: Expected label ZipCode, got  ([]), file ZipCode.csv:6552 data 20876
    regex_detector_test.go:84: Expected label ZipCode, got  ([]), file ZipCode.csv:6553 data 20877
    regex_detector_test.go:84: Expected label ZipCode, got  ([]), file ZipCode.csv:6554 data 20878
    regex_detector_test.go:84: Expected label ZipCode, got  ([]), file ZipCode.csv:6555 data 20879
    regex_detector_test.go:84: Expected label ZipCode, got  ([]), file ZipCode.csv:6556 data 20880
    regex_detector_test.go:84: Expected label ZipCode, got  ([]), file ZipCode.csv:6557 data 20882
    regex_detector_test.go:84: Expected label ZipCode, got  ([]), file ZipCode.csv:6558 data 20886
    regex_detector_test.go:84: Expected label ZipCode, got  ([]), file ZipCode.csv:6559 data 20889
    regex_detector_test.go:84: Expected label ZipCode, got  ([]), file ZipCode.csv:6560 data 20892
    regex_detector_test.go:84: Expected label ZipCode, got  ([]), file ZipCode.csv:6561 data 20894
    regex_detector_test.go:84: Expected label ZipCode, got  ([]), file ZipCode.csv:6562 data 20895
    regex_detector_test.go:84: Expected label ZipCode, got  ([]), file ZipCode.csv:6563 data 20896
    regex_detector_test.go:84: Expected label ZipCode, got  ([]), file ZipCode.csv:6564 data 20899
    regex_detector_test.go:84: Expected label ZipCode, got  ([]), file ZipCode.csv:6565 data 20901
    regex_detector_test.go:84: Expected label ZipCode, got  ([]), file ZipCode.csv:6566 data 20902
    regex_detector_test.go:84: Expected label ZipCode, got  ([]), file ZipCode.csv:6567 data 20903
    regex_detector_test.go:84: Expected label ZipCode, got  ([]), file ZipCode.csv:6568 data 20904
    regex_detector_test.go:84: Expected label ZipCode, got  ([]), file ZipCode.csv:6569 data 20905
    regex_detector_test.go:84: Expected label ZipCode, got  ([]), file ZipCode.csv:6570 data 20906
    regex_detector_test.go:84: Expected label ZipCode, got  ([]), file ZipCode.csv:6571 data 20910
    regex_detector_test.go:84: Expected label ZipCode, got  ([]), file ZipCode.csv:6572 data 20912
    regex_detector_test.go:84: Expected label ZipCode, got  ([]), file ZipCode.csv:6573 data 21001
    regex_detector_test.go:84: Expected label ZipCode, got  ([]), file ZipCode.csv:6574 data 21005
    regex_detector_test.go:84: Expected label ZipCode, got  ([]), file ZipCode.csv:6575 data 21009
    regex_detector_test.go:84: Expected label ZipCode, got  ([]), file ZipCode.csv:6576 data 21010
    regex_detector_test.go:84: Expected label ZipCode, got  ([]), file ZipCode.csv:6577 data 21012
    regex_detector_test.go:84: Expected label ZipCode, got  ([]), file ZipCode.csv:6578 data 21013
    regex_detector_test.go:84: Expected label ZipCode, got  ([]), file ZipCode.csv:6579 data 21014
    regex_detector_test.go:84: Expected label ZipCode, got  ([]), file ZipCode.csv:6580 data 21015
    regex_detector_test.go:84: Expected label ZipCode, got  ([]), file ZipCode.csv:6581 data 21017
    regex_detector_test.go:84: Expected label ZipCode, got  ([]), file ZipCode.csv:6582 data 21023
    regex_detector_test.go:84: Expected label ZipCode, got  ([]), file ZipCode.csv:6583 data 21028
    regex_detector_test.go:84: Expected label ZipCode, got  ([]), file ZipCode.csv:6584 data 21029
    regex_detector_test.go:84: Expected label ZipCode, got  ([]), file ZipCode.csv:6585 data 21030
    regex_detector_test.go:84: Expected label ZipCode, got  ([]), file ZipCode.csv:6586 data 21031
    regex_detector_test.go:84: Expected label ZipCode, got  ([]), file ZipCode.csv:6587 data 21032
    regex_detector_test.go:84: Expected label ZipCode, got  ([]), file ZipCode.csv:6588 data 21034
    regex_detector_test.go:84: Expected label ZipCode, got  ([]), file ZipCode.csv:6589 data 21035
    regex_detector_test.go:84: Expected label ZipCode, got  ([]), file ZipCode.csv:6590 data 21036
    regex_detector_test.go:84: Expected label ZipCode, got  ([]), file ZipCode.csv:6591 data 21037
    regex_detector_test.go:84: Expected label ZipCode, got  ([]), file ZipCode.csv:6592 data 21040
    regex_detector_test.go:84: Expected label ZipCode, got  ([]), file ZipCode.csv:6593 data 21042
    regex_detector_test.go:84: Expected label ZipCode, got  ([]), file ZipCode.csv:6594 data 21043
    regex_detector_test.go:84: Expected label ZipCode, got  ([]), file ZipCode.csv:6595 data 21044
    regex_detector_test.go:84: Expected label ZipCode, got  ([]), file ZipCode.csv:6596 data 21045
    regex_detector_test.go:84: Expected label ZipCode, got  ([]), file ZipCode.csv:6597 data 21046
    regex_detector_test.go:84: Expected label ZipCode, got  ([]), file ZipCode.csv:6598 data 21047
    regex_detector_test.go:84: Expected label ZipCode, got  ([]), file ZipCode.csv:6599 data 21048
    regex_detector_test.go:84: Expected label ZipCode, got  ([]), file ZipCode.csv:6600 data 21050
    regex_detector_test.go:84: Expected label ZipCode, got  ([]), file ZipCode.csv:6601 data 21051
    regex_detector_test.go:84: Expected label ZipCode, got  ([]), file ZipCode.csv:6602 data 21052
    regex_detector_test.go:84: Expected label ZipCode, got  ([]), file ZipCode.csv:6603 data 21053
    regex_detector_test.go:84: Expected label ZipCode, got  ([]), file ZipCode.csv:6604 data 21054
    regex_detector_test.go:84: Expected label ZipCode, got  ([]), file ZipCode.csv:6605 data 21056
    regex_detector_test.go:84: Expected label ZipCode, got  ([]), file ZipCode.csv:6606 data 21057
    regex_detector_test.go:84: Expected label ZipCode, got  ([]), file ZipCode.csv:6607 data 21060
    regex_detector_test.go:84: Expected label ZipCode, got  ([]), file ZipCode.csv:6608 data 21061
    regex_detector_test.go:84: Expected label ZipCode, got  ([]), file ZipCode.csv:6609 data 21071
    regex_detector_test.go:84: Expected label ZipCode, got  ([]), file ZipCode.csv:6610 data 21074
    regex_detector_test.go:84: Expected label ZipCode, got  ([]), file ZipCode.csv:6611 data 21075
    regex_detector_test.go:84: Expected label ZipCode, got  ([]), file ZipCode.csv:6612 data 21076
    regex_detector_test.go:84: Expected label ZipCode, got  ([]), file ZipCode.csv:6613 data 21077
    regex_detector_test.go:84: Expected label ZipCode, got  ([]), file ZipCode.csv:6614 data 21078
    regex_detector_test.go:84: Expected label ZipCode, got  ([]), file ZipCode.csv:6615 data 21082
    regex_detector_test.go:84: Expected label ZipCode, got  ([]), file ZipCode.csv:6616 data 21084
    regex_detector_test.go:84: Expected label ZipCode, got  ([]), file ZipCode.csv:6617 data 21085
    regex_detector_test.go:84: Expected label ZipCode, got  ([]), file ZipCode.csv:6618 data 21087
    regex_detector_test.go:84: Expected label ZipCode, got  ([]), file ZipCode.csv:6619 data 21090
    regex_detector_test.go:84: Expected label ZipCode, got  ([]), file ZipCode.csv:6620 data 21093
    regex_detector_test.go:84: Expected label ZipCode, got  ([]), file ZipCode.csv:6621 data 21102
    regex_detector_test.go:84: Expected label ZipCode, got  ([]), file ZipCode.csv:6622 data 21104
    regex_detector_test.go:84: Expected label ZipCode, got  ([]), file ZipCode.csv:6623 data 21105
    regex_detector_test.go:84: Expected label ZipCode, got  ([]), file ZipCode.csv:6624 data 21108
    regex_detector_test.go:84: Expected label ZipCode, got  ([]), file ZipCode.csv:6625 data 21111
    regex_detector_test.go:84: Expected label ZipCode, got  ([]), file ZipCode.csv:6626 data 21113
    regex_detector_test.go:84: Expected label ZipCode, got  ([]), file ZipCode.csv:6627 data 21114
    regex_detector_test.go:84: Expected label ZipCode, got  ([]), file ZipCode.csv:6628 data 21117
    regex_detector_test.go:84: Expected label ZipCode, got  ([]), file ZipCode.csv:6629 data 21120
    regex_detector_test.go:84: Expected label ZipCode, got  ([]), file ZipCode.csv:6630 data 21122
    regex_detector_test.go:84: Expected label ZipCode, got  ([]), file ZipCode.csv:6631 data 21128
    regex_detector_test.go:84: Expected label ZipCode, got  ([]), file ZipCode.csv:6632 data 21130
    regex_detector_test.go:84: Expected label ZipCode, got  ([]), file ZipCode.csv:6633 data 21131
    regex_detector_test.go:84: Expected label ZipCode, got  ([]), file ZipCode.csv:6634 data 21132
    regex_detector_test.go:84: Expected label ZipCode, got  ([]), file ZipCode.csv:6635 data 21133
    regex_detector_test.go:84: Expected label ZipCode, got  ([]), file ZipCode.csv:6636 data 21136
    regex_detector_test.go:84: Expected label ZipCode, got  ([]), file ZipCode.csv:6637 data 21140
    regex_detector_test.go:84: Expected label ZipCode, got  ([]), file ZipCode.csv:6638 data 21144
    regex_detector_test.go:84: Expected label ZipCode, got  ([]), file ZipCode.csv:6639 data 21146
    regex_detector_test.go:84: Expected label ZipCode, got  ([]), file ZipCode.csv:6640 data 21152
    regex_detector_test.go:84: Expected label ZipCode, got  ([]), file ZipCode.csv:6641 data 21153
    regex_detector_test.go:84: Expected label ZipCode, got  ([]), file ZipCode.csv:6642 data 21154
    regex_detector_test.go:84: Expected label ZipCode, got  ([]), file ZipCode.csv:6643 data 21155
    regex_detector_test.go:84: Expected label ZipCode, got  ([]), file ZipCode.csv:6644 data 21156
    regex_detector_test.go:84: Expected label ZipCode, got  ([]), file ZipCode.csv:6645 data 21157
    regex_detector_test.go:84: Expected label ZipCode, got  ([]), file ZipCode.csv:6646 data 21158
    regex_detector_test.go:84: Expected label ZipCode, got  ([]), file ZipCode.csv:6647 data 21160
    regex_detector_test.go:84: Expected label ZipCode, got  ([]), file ZipCode.csv:6648 data 21161
    regex_detector_test.go:84: Expected label ZipCode, got  ([]), file ZipCode.csv:6649 data 21162
    regex_detector_test.go:84: Expected label ZipCode, got  ([]), file ZipCode.csv:6650 data 21163
    regex_detector_test.go:84: Expected label ZipCode, got  ([]), file ZipCode.csv:6651 data 21201
    regex_detector_test.go:84: Expected label ZipCode, got  ([]), file ZipCode.csv:6652 data 21202
    regex_detector_test.go:84: Expected label ZipCode, got  ([]), file ZipCode.csv:6653 data 21204
    regex_detector_test.go:84: Expected label ZipCode, got  ([]), file ZipCode.csv:6654 data 21205
    regex_detector_test.go:84: Expected label ZipCode, got  ([]), file ZipCode.csv:6655 data 21206
    regex_detector_test.go:84: Expected label ZipCode, got  ([]), file ZipCode.csv:6656 data 21207
    regex_detector_test.go:84: Expected label ZipCode, got  ([]), file ZipCode.csv:6657 data 21208
    regex_detector_test.go:84: Expected label ZipCode, got  ([]), file ZipCode.csv:6658 data 21209
    regex_detector_test.go:84: Expected label ZipCode, got  ([]), file ZipCode.csv:6659 data 21210
    regex_detector_test.go:84: Expected label ZipCode, got  ([]), file ZipCode.csv:6660 data 21211
    regex_detector_test.go:84: Expected label ZipCode, got  ([]), file ZipCode.csv:6661 data 21212
    regex_detector_test.go:84: Expected label ZipCode, got  ([]), file ZipCode.csv:6662 data 21213
    regex_detector_test.go:84: Expected label ZipCode, got  ([]), file ZipCode.csv:6663 data 21214
    regex_detector_test.go:84: Expected label ZipCode, got  ([]), file ZipCode.csv:6664 data 21215
    regex_detector_test.go:84: Expected label ZipCode, got  ([]), file ZipCode.csv:6665 data 21216
    regex_detector_test.go:84: Expected label ZipCode, got  ([]), file ZipCode.csv:6666 data 21217
    regex_detector_test.go:84: Expected label ZipCode, got  ([]), file ZipCode.csv:6667 data 21218
    regex_detector_test.go:84: Expected label ZipCode, got  ([]), file ZipCode.csv:6668 data 21219
    regex_detector_test.go:84: Expected label ZipCode, got  ([]), file ZipCode.csv:6669 data 21220
    regex_detector_test.go:84: Expected label ZipCode, got  ([]), file ZipCode.csv:6670 data 21221
    regex_detector_test.go:84: Expected label ZipCode, got  ([]), file ZipCode.csv:6671 data 21222
    regex_detector_test.go:84: Expected label ZipCode, got  ([]), file ZipCode.csv:6672 data 21223
    regex_detector_test.go:84: Expected label ZipCode, got  ([]), file ZipCode.csv:6673 data 21224
    regex_detector_test.go:84: Expected label ZipCode, got  ([]), file ZipCode.csv:6674 data 21225
    regex_detector_test.go:84: Expected label ZipCode, got  ([]), file ZipCode.csv:6675 data 21226
    regex_detector_test.go:84: Expected label ZipCode, got  ([]), file ZipCode.csv:6676 data 21227
    regex_detector_test.go:84: Expected label ZipCode, got  ([]), file ZipCode.csv:6677 data 21228
    regex_detector_test.go:84: Expected label ZipCode, got  ([]), file ZipCode.csv:6678 data 21229
    regex_detector_test.go:84: Expected label ZipCode, got  ([]), file ZipCode.csv:6679 data 21230
    regex_detector_test.go:84: Expected label ZipCode, got  ([]), file ZipCode.csv:6680 data 21231
    regex_detector_test.go:84: Expected label ZipCode, got  ([]), file ZipCode.csv:6681 data 21233
    regex_detector_test.go:84: Expected label ZipCode, got  ([]), file ZipCode.csv:6682 data 21234
    regex_detector_test.go:84: Expected label ZipCode, got  ([]), file ZipCode.csv:6683 data 21236
    regex_detector_test.go:84: Expected label ZipCode, got  ([]), file ZipCode.csv:6684 data 21237
    regex_detector_test.go:84: Expected label ZipCode, got  ([]), file ZipCode.csv:6685 data 21239
    regex_detector_test.go:84: Expected label ZipCode, got  ([]), file ZipCode.csv:6686 data 21240
    regex_detector_test.go:84: Expected label ZipCode, got  ([]), file ZipCode.csv:6687 data 21244
    regex_detector_test.go:84: Expected label ZipCode, got  ([]), file ZipCode.csv:6688 data 21250
    regex_detector_test.go:84: Expected label ZipCode, got  ([]), file ZipCode.csv:6689 data 21251
    regex_detector_test.go:84: Expected label ZipCode, got  ([]), file ZipCode.csv:6690 data 21252
    regex_detector_test.go:84: Expected label ZipCode, got  ([]), file ZipCode.csv:6691 data 21285
    regex_detector_test.go:84: Expected label ZipCode, got  ([]), file ZipCode.csv:6692 data 21286
    regex_detector_test.go:84: Expected label ZipCode, got  ([]), file ZipCode.csv:6693 data 21287
    regex_detector_test.go:84: Expected label ZipCode, got  ([]), file ZipCode.csv:6694 data 21401
    regex_detector_test.go:84: Expected label ZipCode, got  ([]), file ZipCode.csv:6695 data 21402
    regex_detector_test.go:84: Expected label ZipCode, got  ([]), file ZipCode.csv:6696 data 21403
    regex_detector_test.go:84: Expected label ZipCode, got  ([]), file ZipCode.csv:6697 data 21405
    regex_detector_test.go:84: Expected label ZipCode, got  ([]), file ZipCode.csv:6698 data 21409
    regex_detector_test.go:84: Expected label ZipCode, got  ([]), file ZipCode.csv:6699 data 21502
    regex_detector_test.go:84: Expected label ZipCode, got  ([]), file ZipCode.csv:6700 data 21520
    regex_detector_test.go:84: Expected label ZipCode, got  ([]), file ZipCode.csv:6701 data 21521
    regex_detector_test.go:84: Expected label ZipCode, got  ([]), file ZipCode.csv:6702 data 21523
    regex_detector_test.go:84: Expected label ZipCode, got  ([]), file ZipCode.csv:6703 data 21524
    regex_detector_test.go:84: Expected label ZipCode, got  ([]), file ZipCode.csv:6704 data 21529
    regex_detector_test.go:84: Expected label ZipCode, got  ([]), file ZipCode.csv:6705 data 21530
    regex_detector_test.go:84: Expected label ZipCode, got  ([]), file ZipCode.csv:6706 data 21531
    regex_detector_test.go:84: Expected label ZipCode, got  ([]), file ZipCode.csv:6707 data 21532
    regex_detector_test.go:84: Expected label ZipCode, got  ([]), file ZipCode.csv:6708 data 21536
    regex_detector_test.go:84: Expected label ZipCode, got  ([]), file ZipCode.csv:6709 data 21538
    regex_detector_test.go:84: Expected label ZipCode, got  ([]), file ZipCode.csv:6710 data 21539
    regex_detector_test.go:84: Expected label ZipCode, got  ([]), file ZipCode.csv:6711 data 21540
    regex_detector_test.go:84: Expected label ZipCode, got  ([]), file ZipCode.csv:6712 data 21541
    regex_detector_test.go:84: Expected label ZipCode, got  ([]), file ZipCode.csv:6713 data 21542
    regex_detector_test.go:84: Expected label ZipCode, got  ([]), file ZipCode.csv:6714 data 21543
    regex_detector_test.go:84: Expected label ZipCode, got  ([]), file ZipCode.csv:6715 data 21545
    regex_detector_test.go:84: Expected label ZipCode, got  ([]), file ZipCode.csv:6716 data 21550
    regex_detector_test.go:84: Expected label ZipCode, got  ([]), file ZipCode.csv:6717 data 21555
    regex_detector_test.go:84: Expected label ZipCode, got  ([]), file ZipCode.csv:6718 data 21557
    regex_detector_test.go:84: Expected label ZipCode, got  ([]), file ZipCode.csv:6719 data 21560
    regex_detector_test.go:84: Expected label ZipCode, got  ([]), file ZipCode.csv:6720 data 21561
    regex_detector_test.go:84: Expected label ZipCode, got  ([]), file ZipCode.csv:6721 data 21562
    regex_detector_test.go:84: Expected label ZipCode, got  ([]), file ZipCode.csv:6722 data 21601
    regex_detector_test.go:84: Expected label ZipCode, got  ([]), file ZipCode.csv:6723 data 21607
    regex_detector_test.go:84: Expected label ZipCode, got  ([]), file ZipCode.csv:6724 data 21610
    regex_detector_test.go:84: Expected label ZipCode, got  ([]), file ZipCode.csv:6725 data 21612
    regex_detector_test.go:84: Expected label ZipCode, got  ([]), file ZipCode.csv:6726 data 21613
    regex_detector_test.go:84: Expected label ZipCode, got  ([]), file ZipCode.csv:6727 data 21617
    regex_detector_test.go:84: Expected label ZipCode, got  ([]), file ZipCode.csv:6728 data 21619
    regex_detector_test.go:84: Expected label ZipCode, got  ([]), file ZipCode.csv:6729 data 21620
    regex_detector_test.go:84: Expected label ZipCode, got  ([]), file ZipCode.csv:6730 data 21622
    regex_detector_test.go:84: Expected label ZipCode, got  ([]), file ZipCode.csv:6731 data 21623
    regex_detector_test.go:84: Expected label ZipCode, got  ([]), file ZipCode.csv:6732 data 21624
    regex_detector_test.go:84: Expected label ZipCode, got  ([]), file ZipCode.csv:6733 data 21625
    regex_detector_test.go:84: Expected label ZipCode, got  ([]), file ZipCode.csv:6734 data 21626
    regex_detector_test.go:84: Expected label ZipCode, got  ([]), file ZipCode.csv:6735 data 21627
    regex_detector_test.go:84: Expected label ZipCode, got  ([]), file ZipCode.csv:6736 data 21628
    regex_detector_test.go:84: Expected label ZipCode, got  ([]), file ZipCode.csv:6737 data 21629
    regex_detector_test.go:84: Expected label ZipCode, got  ([]), file ZipCode.csv:6738 data 21631
    regex_detector_test.go:84: Expected label ZipCode, got  ([]), file ZipCode.csv:6739 data 21632
    regex_detector_test.go:84: Expected label ZipCode, got  ([]), file ZipCode.csv:6740 data 21634
    regex_detector_test.go:84: Expected label ZipCode, got  ([]), file ZipCode.csv:6741 data 21635
    regex_detector_test.go:84: Expected label ZipCode, got  ([]), file ZipCode.csv:6742 data 21636
    regex_detector_test.go:84: Expected label ZipCode, got  ([]), file ZipCode.csv:6743 data 21638
    regex_detector_test.go:84: Expected label ZipCode, got  ([]), file ZipCode.csv:6744 data 21639
    regex_detector_test.go:84: Expected label ZipCode, got  ([]), file ZipCode.csv:6745 data 21640
    regex_detector_test.go:84: Expected label ZipCode, got  ([]), file ZipCode.csv:6746 data 21641
    regex_detector_test.go:84: Expected label ZipCode, got  ([]), file ZipCode.csv:6747 data 21643
    regex_detector_test.go:84: Expected label ZipCode, got  ([]), file ZipCode.csv:6748 data 21644
    regex_detector_test.go:84: Expected label ZipCode, got  ([]), file ZipCode.csv:6749 data 21645
    regex_detector_test.go:84: Expected label ZipCode, got  ([]), file ZipCode.csv:6750 data 21647
    regex_detector_test.go:84: Expected label ZipCode, got  ([]), file ZipCode.csv:6751 data 21648
    regex_detector_test.go:84: Expected label ZipCode, got  ([]), file ZipCode.csv:6752 data 21649
    regex_detector_test.go:84: Expected label ZipCode, got  ([]), file ZipCode.csv:6753 data 21650
    regex_detector_test.go:84: Expected label ZipCode, got  ([]), file ZipCode.csv:6754 data 21651
    regex_detector_test.go:84: Expected label ZipCode, got  ([]), file ZipCode.csv:6755 data 21652
    regex_detector_test.go:84: Expected label ZipCode, got  ([]), file ZipCode.csv:6756 data 21653
    regex_detector_test.go:84: Expected label ZipCode, got  ([]), file ZipCode.csv:6757 data 21654
    regex_detector_test.go:84: Expected label ZipCode, got  ([]), file ZipCode.csv:6758 data 21655
    regex_detector_test.go:84: Expected label ZipCode, got  ([]), file ZipCode.csv:6759 data 21657
    regex_detector_test.go:84: Expected label ZipCode, got  ([]), file ZipCode.csv:6760 data 21658
    regex_detector_test.go:84: Expected label ZipCode, got  ([]), file ZipCode.csv:6761 data 21659
    regex_detector_test.go:84: Expected label ZipCode, got  ([]), file ZipCode.csv:6762 data 21660
    regex_detector_test.go:84: Expected label ZipCode, got  ([]), file ZipCode.csv:6763 data 21661
    regex_detector_test.go:84: Expected label ZipCode, got  ([]), file ZipCode.csv:6764 data 21662
    regex_detector_test.go:84: Expected label ZipCode, got  ([]), file ZipCode.csv:6765 data 21663
    regex_detector_test.go:84: Expected label ZipCode, got  ([]), file ZipCode.csv:6766 data 21664
    regex_detector_test.go:84: Expected label ZipCode, got  ([]), file ZipCode.csv:6767 data 21665
    regex_detector_test.go:84: Expected label ZipCode, got  ([]), file ZipCode.csv:6768 data 21666
    regex_detector_test.go:84: Expected label ZipCode, got  ([]), file ZipCode.csv:6769 data 21667
    regex_detector_test.go:84: Expected label ZipCode, got  ([]), file ZipCode.csv:6770 data 21668
    regex_detector_test.go:84: Expected label ZipCode, got  ([]), file ZipCode.csv:6771 data 21669
    regex_detector_test.go:84: Expected label ZipCode, got  ([]), file ZipCode.csv:6772 data 21671
    regex_detector_test.go:84: Expected label ZipCode, got  ([]), file ZipCode.csv:6773 data 21672
    regex_detector_test.go:84: Expected label ZipCode, got  ([]), file ZipCode.csv:6774 data 21673
    regex_detector_test.go:84: Expected label ZipCode, got  ([]), file ZipCode.csv:6775 data 21675
    regex_detector_test.go:84: Expected label ZipCode, got  ([]), file ZipCode.csv:6776 data 21676
    regex_detector_test.go:84: Expected label ZipCode, got  ([]), file ZipCode.csv:6777 data 21677
    regex_detector_test.go:84: Expected label ZipCode, got  ([]), file ZipCode.csv:6778 data 21678
    regex_detector_test.go:84: Expected label ZipCode, got  ([]), file ZipCode.csv:6779 data 21679
    regex_detector_test.go:84: Expected label ZipCode, got  ([]), file ZipCode.csv:6780 data 21701
    regex_detector_test.go:84: Expected label ZipCode, got  ([]), file ZipCode.csv:6781 data 21702
    regex_detector_test.go:84: Expected label ZipCode, got  ([]), file ZipCode.csv:6782 data 21703
    regex_detector_test.go:84: Expected label ZipCode, got  ([]), file ZipCode.csv:6783 data 21704
    regex_detector_test.go:84: Expected label ZipCode, got  ([]), file ZipCode.csv:6784 data 21705
    regex_detector_test.go:84: Expected label ZipCode, got  ([]), file ZipCode.csv:6785 data 21710
    regex_detector_test.go:84: Expected label ZipCode, got  ([]), file ZipCode.csv:6786 data 21711
    regex_detector_test.go:84: Expected label ZipCode, got  ([]), file ZipCode.csv:6787 data 21713
    regex_detector_test.go:84: Expected label ZipCode, got  ([]), file ZipCode.csv:6788 data 21714
    regex_detector_test.go:84: Expected label ZipCode, got  ([]), file ZipCode.csv:6789 data 21715
    regex_detector_test.go:84: Expected label ZipCode, got  ([]), file ZipCode.csv:6790 data 21716
    regex_detector_test.go:84: Expected label ZipCode, got  ([]), file ZipCode.csv:6791 data 21717
    regex_detector_test.go:84: Expected label ZipCode, got  ([]), file ZipCode.csv:6792 data 21718
    regex_detector_test.go:84: Expected label ZipCode, got  ([]), file ZipCode.csv:6793 data 21719
    regex_detector_test.go:84: Expected label ZipCode, got  ([]), file ZipCode.csv:6794 data 21722
    regex_detector_test.go:84: Expected label ZipCode, got  ([]), file ZipCode.csv:6795 data 21723
    regex_detector_test.go:84: Expected label ZipCode, got  ([]), file ZipCode.csv:6796 data 21727
    regex_detector_test.go:84: Expected label ZipCode, got  ([]), file ZipCode.csv:6797 data 21733
    regex_detector_test.go:84: Expected label ZipCode, got  ([]), file ZipCode.csv:6798 data 21734
    regex_detector_test.go:84: Expected label ZipCode, got  ([]), file ZipCode.csv:6799 data 21737
    regex_detector_test.go:84: Expected label ZipCode, got  ([]), file ZipCode.csv:6800 data 21738
    regex_detector_test.go:84: Expected label ZipCode, got  ([]), file ZipCode.csv:6801 data 21740
    regex_detector_test.go:84: Expected label ZipCode, got  ([]), file ZipCode.csv:6802 data 21742
    regex_detector_test.go:84: Expected label ZipCode, got  ([]), file ZipCode.csv:6803 data 21746
    regex_detector_test.go:84: Expected label ZipCode, got  ([]), file ZipCode.csv:6804 data 21750
    regex_detector_test.go:84: Expected label ZipCode, got  ([]), file ZipCode.csv:6805 data 21754
    regex_detector_test.go:84: Expected label ZipCode, got  ([]), file ZipCode.csv:6806 data 21755
    regex_detector_test.go:84: Expected label ZipCode, got  ([]), file ZipCode.csv:6807 data 21756
    regex_detector_test.go:84: Expected label ZipCode, got  ([]), file ZipCode.csv:6808 data 21757
    regex_detector_test.go:84: Expected label ZipCode, got  ([]), file ZipCode.csv:6809 data 21758
    regex_detector_test.go:84: Expected label ZipCode, got  ([]), file ZipCode.csv:6810 data 21762
    regex_detector_test.go:84: Expected label ZipCode, got  ([]), file ZipCode.csv:6811 data 21766
    regex_detector_test.go:84: Expected label ZipCode, got  ([]), file ZipCode.csv:6812 data 21767
    regex_detector_test.go:84: Expected label ZipCode, got  ([]), file ZipCode.csv:6813 data 21769
    regex_detector_test.go:84: Expected label ZipCode, got  ([]), file ZipCode.csv:6814 data 21770
    regex_detector_test.go:84: Expected label ZipCode, got  ([]), file ZipCode.csv:6815 data 21771
    regex_detector_test.go:84: Expected label ZipCode, got  ([]), file ZipCode.csv:6816 data 21773
    regex_detector_test.go:84: Expected label ZipCode, got  ([]), file ZipCode.csv:6817 data 21774
    regex_detector_test.go:84: Expected label ZipCode, got  ([]), file ZipCode.csv:6818 data 21776
    regex_detector_test.go:84: Expected label ZipCode, got  ([]), file ZipCode.csv:6819 data 21777
    regex_detector_test.go:84: Expected label ZipCode, got  ([]), file ZipCode.csv:6820 data 21778
    regex_detector_test.go:84: Expected label ZipCode, got  ([]), file ZipCode.csv:6821 data 21779
    regex_detector_test.go:84: Expected label ZipCode, got  ([]), file ZipCode.csv:6822 data 21780
    regex_detector_test.go:84: Expected label ZipCode, got  ([]), file ZipCode.csv:6823 data 21781
    regex_detector_test.go:84: Expected label ZipCode, got  ([]), file ZipCode.csv:6824 data 21782
    regex_detector_test.go:84: Expected label ZipCode, got  ([]), file ZipCode.csv:6825 data 21783
    regex_detector_test.go:84: Expected label ZipCode, got  ([]), file ZipCode.csv:6826 data 21784
    regex_detector_test.go:84: Expected label ZipCode, got  ([]), file ZipCode.csv:6827 data 21787
    regex_detector_test.go:84: Expected label ZipCode, got  ([]), file ZipCode.csv:6828 data 21788
    regex_detector_test.go:84: Expected label ZipCode, got  ([]), file ZipCode.csv:6829 data 21790
    regex_detector_test.go:84: Expected label ZipCode, got  ([]), file ZipCode.csv:6830 data 21791
    regex_detector_test.go:84: Expected label ZipCode, got  ([]), file ZipCode.csv:6831 data 21793
    regex_detector_test.go:84: Expected label ZipCode, got  ([]), file ZipCode.csv:6832 data 21794
    regex_detector_test.go:84: Expected label ZipCode, got  ([]), file ZipCode.csv:6833 data 21795
    regex_detector_test.go:84: Expected label ZipCode, got  ([]), file ZipCode.csv:6834 data 21797
    regex_detector_test.go:84: Expected label ZipCode, got  ([]), file ZipCode.csv:6835 data 21798
    regex_detector_test.go:84: Expected label ZipCode, got  ([]), file ZipCode.csv:6836 data 21801
    regex_detector_test.go:84: Expected label ZipCode, got  ([]), file ZipCode.csv:6837 data 21804
    regex_detector_test.go:84: Expected label ZipCode, got  ([]), file ZipCode.csv:6838 data 21810
    regex_detector_test.go:84: Expected label ZipCode, got  ([]), file ZipCode.csv:6839 data 21811
    regex_detector_test.go:84: Expected label ZipCode, got  ([]), file ZipCode.csv:6840 data 21813
    regex_detector_test.go:84: Expected label ZipCode, got  ([]), file ZipCode.csv:6841 data 21814
    regex_detector_test.go:84: Expected label ZipCode, got  ([]), file ZipCode.csv:6842 data 21817
    regex_detector_test.go:84: Expected label ZipCode, got  ([]), file ZipCode.csv:6843 data 21821
    regex_detector_test.go:84: Expected label ZipCode, got  ([]), file ZipCode.csv:6844 data 21822
    regex_detector_test.go:84: Expected label ZipCode, got  ([]), file ZipCode.csv:6845 data 21824
    regex_detector_test.go:84: Expected label ZipCode, got  ([]), file ZipCode.csv:6846 data 21826
    regex_detector_test.go:84: Expected label ZipCode, got  ([]), file ZipCode.csv:6847 data 21829
    regex_detector_test.go:84: Expected label ZipCode, got  ([]), file ZipCode.csv:6848 data 21830
    regex_detector_test.go:84: Expected label ZipCode, got  ([]), file ZipCode.csv:6849 data 21835
    regex_detector_test.go:84: Expected label ZipCode, got  ([]), file ZipCode.csv:6850 data 21837
    regex_detector_test.go:84: Expected label ZipCode, got  ([]), file ZipCode.csv:6851 data 21838
    regex_detector_test.go:84: Expected label ZipCode, got  ([]), file ZipCode.csv:6852 data 21840
    regex_detector_test.go:84: Expected label ZipCode, got  ([]), file ZipCode.csv:6853 data 21841
    regex_detector_test.go:84: Expected label ZipCode, got  ([]), file ZipCode.csv:6854 data 21842
    regex_detector_test.go:84: Expected label ZipCode, got  ([]), file ZipCode.csv:6855 data 21849
    regex_detector_test.go:84: Expected label ZipCode, got  ([]), file ZipCode.csv:6856 data 21850
    regex_detector_test.go:84: Expected label ZipCode, got  ([]), file ZipCode.csv:6857 data 21851
    regex_detector_test.go:84: Expected label ZipCode, got  ([]), file ZipCode.csv:6858 data 21853
    regex_detector_test.go:84: Expected label ZipCode, got  ([]), file ZipCode.csv:6859 data 21856
    regex_detector_test.go:84: Expected label ZipCode, got  ([]), file ZipCode.csv:6860 data 21861
    regex_detector_test.go:84: Expected label ZipCode, got  ([]), file ZipCode.csv:6861 data 21862
    regex_detector_test.go:84: Expected label ZipCode, got  ([]), file ZipCode.csv:6862 data 21863
    regex_detector_test.go:84: Expected label ZipCode, got  ([]), file ZipCode.csv:6863 data 21864
    regex_detector_test.go:84: Expected label ZipCode, got  ([]), file ZipCode.csv:6864 data 21865
    regex_detector_test.go:84: Expected label ZipCode, got  ([]), file ZipCode.csv:6865 data 21866
    regex_detector_test.go:84: Expected label ZipCode, got  ([]), file ZipCode.csv:6866 data 21867
    regex_detector_test.go:84: Expected label ZipCode, got  ([]), file ZipCode.csv:6867 data 21869
    regex_detector_test.go:84: Expected label ZipCode, got  ([]), file ZipCode.csv:6868 data 21871
    regex_detector_test.go:84: Expected label ZipCode, got  ([]), file ZipCode.csv:6869 data 21872
    regex_detector_test.go:84: Expected label ZipCode, got  ([]), file ZipCode.csv:6870 data 21874
    regex_detector_test.go:84: Expected label ZipCode, got  ([]), file ZipCode.csv:6871 data 21875
    regex_detector_test.go:84: Expected label ZipCode, got  ([]), file ZipCode.csv:6872 data 21890
    regex_detector_test.go:84: Expected label ZipCode, got  ([]), file ZipCode.csv:6873 data 21901
    regex_detector_test.go:84: Expected label ZipCode, got  ([]), file ZipCode.csv:6874 data 21902
    regex_detector_test.go:84: Expected label ZipCode, got  ([]), file ZipCode.csv:6875 data 21903
    regex_detector_test.go:84: Expected label ZipCode, got  ([]), file ZipCode.csv:6876 data 21904
    regex_detector_test.go:84: Expected label ZipCode, got  ([]), file ZipCode.csv:6877 data 21911
    regex_detector_test.go:84: Expected label ZipCode, got  ([]), file ZipCode.csv:6878 data 21912
    regex_detector_test.go:84: Expected label ZipCode, got  ([]), file ZipCode.csv:6879 data 21913
    regex_detector_test.go:84: Expected label ZipCode, got  ([]), file ZipCode.csv:6880 data 21914
    regex_detector_test.go:84: Expected label ZipCode, got  ([]), file ZipCode.csv:6881 data 21915
    regex_detector_test.go:84: Expected label ZipCode, got  ([]), file ZipCode.csv:6882 data 21917
    regex_detector_test.go:84: Expected label ZipCode, got  ([]), file ZipCode.csv:6883 data 21918
    regex_detector_test.go:84: Expected label ZipCode, got  ([]), file ZipCode.csv:6884 data 21919
    regex_detector_test.go:84: Expected label ZipCode, got  ([]), file ZipCode.csv:6885 data 21920
    regex_detector_test.go:84: Expected label ZipCode, got  ([]), file ZipCode.csv:6886 data 21921
    regex_detector_test.go:84: Expected label ZipCode, got  ([]), file ZipCode.csv:6887 data 21930
    regex_detector_test.go:84: Expected label ZipCode, got  ([]), file ZipCode.csv:6888 data 22003
    regex_detector_test.go:84: Expected label ZipCode, got  ([]), file ZipCode.csv:6889 data 22015
    regex_detector_test.go:84: Expected label ZipCode, got  ([]), file ZipCode.csv:6890 data 22025
    regex_detector_test.go:84: Expected label ZipCode, got  ([]), file ZipCode.csv:6891 data 22026
    regex_detector_test.go:84: Expected label ZipCode, got  ([]), file ZipCode.csv:6892 data 22027
    regex_detector_test.go:84: Expected label ZipCode, got  ([]), file ZipCode.csv:6893 data 22030
    regex_detector_test.go:84: Expected label ZipCode, got  ([]), file ZipCode.csv:6894 data 22031
    regex_detector_test.go:84: Expected label ZipCode, got  ([]), file ZipCode.csv:6895 data 22032
    regex_detector_test.go:84: Expected label ZipCode, got  ([]), file ZipCode.csv:6896 data 22033
    regex_detector_test.go:84: Expected label ZipCode, got  ([]), file ZipCode.csv:6897 data 22035
    regex_detector_test.go:84: Expected label ZipCode, got  ([]), file ZipCode.csv:6898 data 22039
    regex_detector_test.go:84: Expected label ZipCode, got  ([]), file ZipCode.csv:6899 data 22041
    regex_detector_test.go:84: Expected label ZipCode, got  ([]), file ZipCode.csv:6900 data 22042
    regex_detector_test.go:84: Expected label ZipCode, got  ([]), file ZipCode.csv:6901 data 22043
    regex_detector_test.go:84: Expected label ZipCode, got  ([]), file ZipCode.csv:6902 data 22044
    regex_detector_test.go:84: Expected label ZipCode, got  ([]), file ZipCode.csv:6903 data 22046
    regex_detector_test.go:84: Expected label ZipCode, got  ([]), file ZipCode.csv:6904 data 22060
    regex_detector_test.go:84: Expected label ZipCode, got  ([]), file ZipCode.csv:6905 data 22066
    regex_detector_test.go:84: Expected label ZipCode, got  ([]), file ZipCode.csv:6906 data 22079
    regex_detector_test.go:84: Expected label ZipCode, got  ([]), file ZipCode.csv:6907 data 22101
    regex_detector_test.go:84: Expected label ZipCode, got  ([]), file ZipCode.csv:6908 data 22102
    regex_detector_test.go:84: Expected label ZipCode, got  ([]), file ZipCode.csv:6909 data 22124
    regex_detector_test.go:84: Expected label ZipCode, got  ([]), file ZipCode.csv:6910 data 22125
    regex_detector_test.go:84: Expected label ZipCode, got  ([]), file ZipCode.csv:6911 data 22134
    regex_detector_test.go:84: Expected label ZipCode, got  ([]), file ZipCode.csv:6912 data 22150
    regex_detector_test.go:84: Expected label ZipCode, got  ([]), file ZipCode.csv:6913 data 22151
    regex_detector_test.go:84: Expected label ZipCode, got  ([]), file ZipCode.csv:6914 data 22152
    regex_detector_test.go:84: Expected label ZipCode, got  ([]), file ZipCode.csv:6915 data 22153
    regex_detector_test.go:84: Expected label ZipCode, got  ([]), file ZipCode.csv:6916 data 22172
    regex_detector_test.go:84: Expected label ZipCode, got  ([]), file ZipCode.csv:6917 data 22180
    regex_detector_test.go:84: Expected label ZipCode, got  ([]), file ZipCode.csv:6918 data 22181
    regex_detector_test.go:84: Expected label ZipCode, got  ([]), file ZipCode.csv:6919 data 22182
    regex_detector_test.go:84: Expected label ZipCode, got  ([]), file ZipCode.csv:6920 data 22191
    regex_detector_test.go:84: Expected label ZipCode, got  ([]), file ZipCode.csv:6921 data 22192
    regex_detector_test.go:84: Expected label ZipCode, got  ([]), file ZipCode.csv:6922 data 22193
    regex_detector_test.go:84: Expected label ZipCode, got  ([]), file ZipCode.csv:6923 data 22201
    regex_detector_test.go:84: Expected label ZipCode, got  ([]), file ZipCode.csv:6924 data 22202
    regex_detector_test.go:84: Expected label ZipCode, got  ([]), file ZipCode.csv:6925 data 22203
    regex_detector_test.go:84: Expected label ZipCode, got  ([]), file ZipCode.csv:6926 data 22204
    regex_detector_test.go:84: Expected label ZipCode, got  ([]), file ZipCode.csv:6927 data 22205
    regex_detector_test.go:84: Expected label ZipCode, got  ([]), file ZipCode.csv:6928 data 22206
    regex_detector_test.go:84: Expected label ZipCode, got  ([]), file ZipCode.csv:6929 data 22207
    regex_detector_test.go:84: Expected label ZipCode, got  ([]), file ZipCode.csv:6930 data 22209
    regex_detector_test.go:84: Expected label ZipCode, got  ([]), file ZipCode.csv:6931 data 22211
    regex_detector_test.go:84: Expected label ZipCode, got  ([]), file ZipCode.csv:6932 data 22213
    regex_detector_test.go:84: Expected label ZipCode, got  ([]), file ZipCode.csv:6933 data 22214
    regex_detector_test.go:84: Expected label ZipCode, got  ([]), file ZipCode.csv:6934 data 22301
    regex_detector_test.go:84: Expected label ZipCode, got  ([]), file ZipCode.csv:6935 data 22302
    regex_detector_test.go:84: Expected label ZipCode, got  ([]), file ZipCode.csv:6936 data 22303
    regex_detector_test.go:84: Expected label ZipCode, got  ([]), file ZipCode.csv:6937 data 22304
    regex_detector_test.go:84: Expected label ZipCode, got  ([]), file ZipCode.csv:6938 data 22305
    regex_detector_test.go:84: Expected label ZipCode, got  ([]), file ZipCode.csv:6939 data 22306
    regex_detector_test.go:84: Expected label ZipCode, got  ([]), file ZipCode.csv:6940 data 22307
    regex_detector_test.go:84: Expected label ZipCode, got  ([]), file ZipCode.csv:6941 data 22308
    regex_detector_test.go:84: Expected label ZipCode, got  ([]), file ZipCode.csv:6942 data 22309
    regex_detector_test.go:84: Expected label ZipCode, got  ([]), file ZipCode.csv:6943 data 22310
    regex_detector_test.go:84: Expected label ZipCode, got  ([]), file ZipCode.csv:6944 data 22311
    regex_detector_test.go:84: Expected label ZipCode, got  ([]), file ZipCode.csv:6945 data 22312
    regex_detector_test.go:84: Expected label ZipCode, got  ([]), file ZipCode.csv:6946 data 22314
    regex_detector_test.go:84: Expected label ZipCode, got  ([]), file ZipCode.csv:6947 data 22315
    regex_detector_test.go:84: Expected label ZipCode, got  ([]), file ZipCode.csv:6948 data 22401
    regex_detector_test.go:84: Expected label ZipCode, got  ([]), file ZipCode.csv:6949 data 22405
    regex_detector_test.go:84: Expected label ZipCode, got  ([]), file ZipCode.csv:6950 data 22406
    regex_detector_test.go:84: Expected label ZipCode, got  ([]), file ZipCode.csv:6951 data 22407
    regex_detector_test.go:84: Expected label ZipCode, got  ([]), file ZipCode.csv:6952 data 22408
    regex_detector_test.go:84: Expected label ZipCode, got  ([]), file ZipCode.csv:6953 data 22427
    regex_detector_test.go:84: Expected label ZipCode, got  ([]), file ZipCode.csv:6954 data 22432
    regex_detector_test.go:84: Expected label ZipCode, got  ([]), file ZipCode.csv:6955 data 22433
    regex_detector_test.go:84: Expected label ZipCode, got  ([]), file ZipCode.csv:6956 data 22435
    regex_detector_test.go:84: Expected label ZipCode, got  ([]), file ZipCode.csv:6957 data 22436
    regex_detector_test.go:84: Expected label ZipCode, got  ([]), file ZipCode.csv:6958 data 22437
    regex_detector_test.go:84: Expected label ZipCode, got  ([]), file ZipCode.csv:6959 data 22438
    regex_detector_test.go:84: Expected label ZipCode, got  ([]), file ZipCode.csv:6960 data 22443
    regex_detector_test.go:84: Expected label ZipCode, got  ([]), file ZipCode.csv:6961 data 22448
    regex_detector_test.go:84: Expected label ZipCode, got  ([]), file ZipCode.csv:6962 data 22454
    regex_detector_test.go:84: Expected label ZipCode, got  ([]), file ZipCode.csv:6963 data 22460
    regex_detector_test.go:84: Expected label ZipCode, got  ([]), file ZipCode.csv:6964 data 22469
    regex_detector_test.go:84: Expected label ZipCode, got  ([]), file ZipCode.csv:6965 data 22472
    regex_detector_test.go:84: Expected label ZipCode, got  ([]), file ZipCode.csv:6966 data 22473
    regex_detector_test.go:84: Expected label ZipCode, got  ([]), file ZipCode.csv:6967 data 22476
    regex_detector_test.go:84: Expected label ZipCode, got  ([]), file ZipCode.csv:6968 data 22480
    regex_detector_test.go:84: Expected label ZipCode, got  ([]), file ZipCode.csv:6969 data 22482
    regex_detector_test.go:84: Expected label ZipCode, got  ([]), file ZipCode.csv:6970 data 22485
    regex_detector_test.go:84: Expected label ZipCode, got  ([]), file ZipCode.csv:6971 data 22488
    regex_detector_test.go:84: Expected label ZipCode, got  ([]), file ZipCode.csv:6972 data 22503
    regex_detector_test.go:84: Expected label ZipCode, got  ([]), file ZipCode.csv:6973 data 22504
    regex_detector_test.go:84: Expected label ZipCode, got  ([]), file ZipCode.csv:6974 data 22508
    regex_detector_test.go:84: Expected label ZipCode, got  ([]), file ZipCode.csv:6975 data 22509
    regex_detector_test.go:84: Expected label ZipCode, got  ([]), file ZipCode.csv:6976 data 22511
    regex_detector_test.go:84: Expected label ZipCode, got  ([]), file ZipCode.csv:6977 data 22514
    regex_detector_test.go:84: Expected label ZipCode, got  ([]), file ZipCode.csv:6978 data 22520
    regex_detector_test.go:84: Expected label ZipCode, got  ([]), file ZipCode.csv:6979 data 22529
    regex_detector_test.go:84: Expected label ZipCode, got  ([]), file ZipCode.csv:6980 data 22534
    regex_detector_test.go:84: Expected label ZipCode, got  ([]), file ZipCode.csv:6981 data 22535
    regex_detector_test.go:84: Expected label ZipCode, got  ([]), file ZipCode.csv:6982 data 22538
    regex_detector_test.go:84: Expected label ZipCode, got  ([]), file ZipCode.csv:6983 data 22539
    regex_detector_test.go:84: Expected label ZipCode, got  ([]), file ZipCode.csv:6984 data 22542
    regex_detector_test.go:84: Expected label ZipCode, got  ([]), file ZipCode.csv:6985 data 22546
    regex_detector_test.go:84: Expected label ZipCode, got  ([]), file ZipCode.csv:6986 data 22548
    regex_detector_test.go:84: Expected label ZipCode, got  ([]), file ZipCode.csv:6987 data 22551
    regex_detector_test.go:84: Expected label ZipCode, got  ([]), file ZipCode.csv:6988 data 22553
    regex_detector_test.go:84: Expected label ZipCode, got  ([]), file ZipCode.csv:6989 data 22554
    regex_detector_test.go:84: Expected label ZipCode, got  ([]), file ZipCode.csv:6990 data 22556
    regex_detector_test.go:84: Expected label ZipCode, got  ([]), file ZipCode.csv:6991 data 22560
    regex_detector_test.go:84: Expected label ZipCode, got  ([]), file ZipCode.csv:6992 data 22567
    regex_detector_test.go:84: Expected label ZipCode, got  ([]), file ZipCode.csv:6993 data 22572
    regex_detector_test.go:84: Expected label ZipCode, got  ([]), file ZipCode.csv:6994 data 22576
    regex_detector_test.go:84: Expected label ZipCode, got  ([]), file ZipCode.csv:6995 data 22578
    regex_detector_test.go:84: Expected label ZipCode, got  ([]), file ZipCode.csv:6996 data 22580
    regex_detector_test.go:84: Expected label ZipCode, got  ([]), file ZipCode.csv:6997 data 22601
    regex_detector_test.go:84: Expected label ZipCode, got  ([]), file ZipCode.csv:6998 data 22602
    regex_detector_test.go:84: Expected label ZipCode, got  ([]), file ZipCode.csv:6999 data 22603
    regex_detector_test.go:84: Expected label ZipCode, got  ([]), file ZipCode.csv:7000 data 22610
    regex_detector_test.go:84: Expected label ZipCode, got  ([]), file ZipCode.csv:7001 data 22611
    regex_detector_test.go:84: Expected label ZipCode, got  ([]), file ZipCode.csv:7002 data 22620
    regex_detector_test.go:84: Expected label ZipCode, got  ([]), file ZipCode.csv:7003 data 22623
    regex_detector_test.go:84: Expected label ZipCode, got  ([]), file ZipCode.csv:7004 data 22624
    regex_detector_test.go:84: Expected label ZipCode, got  ([]), file ZipCode.csv:7005 data 22625
    regex_detector_test.go:84: Expected label ZipCode, got  ([]), file ZipCode.csv:7006 data 22627
    regex_detector_test.go:84: Expected label ZipCode, got  ([]), file ZipCode.csv:7007 data 22630
    regex_detector_test.go:84: Expected label ZipCode, got  ([]), file ZipCode.csv:7008 data 22637
    regex_detector_test.go:84: Expected label ZipCode, got  ([]), file ZipCode.csv:7009 data 22639
    regex_detector_test.go:84: Expected label ZipCode, got  ([]), file ZipCode.csv:7010 data 22640
    regex_detector_test.go:84: Expected label ZipCode, got  ([]), file ZipCode.csv:7011 data 22641
    regex_detector_test.go:84: Expected label ZipCode, got  ([]), file ZipCode.csv:7012 data 22642
    regex_detector_test.go:84: Expected label ZipCode, got  ([]), file ZipCode.csv:7013 data 22643
    regex_detector_test.go:84: Expected label ZipCode, got  ([]), file ZipCode.csv:7014 data 22644
    regex_detector_test.go:84: Expected label ZipCode, got  ([]), file ZipCode.csv:7015 data 22645
    regex_detector_test.go:84: Expected label ZipCode, got  ([]), file ZipCode.csv:7016 data 22646
    regex_detector_test.go:84: Expected label ZipCode, got  ([]), file ZipCode.csv:7017 data 22650
    regex_detector_test.go:84: Expected label ZipCode, got  ([]), file ZipCode.csv:7018 data 22652
    regex_detector_test.go:84: Expected label ZipCode, got  ([]), file ZipCode.csv:7019 data 22654
    regex_detector_test.go:84: Expected label ZipCode, got  ([]), file ZipCode.csv:7020 data 22655
    regex_detector_test.go:84: Expected label ZipCode, got  ([]), file ZipCode.csv:7021 data 22656
    regex_detector_test.go:84: Expected label ZipCode, got  ([]), file ZipCode.csv:7022 data 22657
    regex_detector_test.go:84: Expected label ZipCode, got  ([]), file ZipCode.csv:7023 data 22660
    regex_detector_test.go:84: Expected label ZipCode, got  ([]), file ZipCode.csv:7024 data 22663
    regex_detector_test.go:84: Expected label ZipCode, got  ([]), file ZipCode.csv:7025 data 22664
    regex_detector_test.go:84: Expected label ZipCode, got  ([]), file ZipCode.csv:7026 data 22701
    regex_detector_test.go:84: Expected label ZipCode, got  ([]), file ZipCode.csv:7027 data 22709
    regex_detector_test.go:84: Expected label ZipCode, got  ([]), file ZipCode.csv:7028 data 22711
    regex_detector_test.go:84: Expected label ZipCode, got  ([]), file ZipCode.csv:7029 data 22712
    regex_detector_test.go:84: Expected label ZipCode, got  ([]), file ZipCode.csv:7030 data 22713
    regex_detector_test.go:84: Expected label ZipCode, got  ([]), file ZipCode.csv:7031 data 22714
    regex_detector_test.go:84: Expected label ZipCode, got  ([]), file ZipCode.csv:7032 data 22715
    regex_detector_test.go:84: Expected label ZipCode, got  ([]), file ZipCode.csv:7033 data 22716
    regex_detector_test.go:84: Expected label ZipCode, got  ([]), file ZipCode.csv:7034 data 22718
    regex_detector_test.go:84: Expected label ZipCode, got  ([]), file ZipCode.csv:7035 data 22719
    regex_detector_test.go:84: Expected label ZipCode, got  ([]), file ZipCode.csv:7036 data 22720
    regex_detector_test.go:84: Expected label ZipCode, got  ([]), file ZipCode.csv:7037 data 22722
    regex_detector_test.go:84: Expected label ZipCode, got  ([]), file ZipCode.csv:7038 data 22723
    regex_detector_test.go:84: Expected label ZipCode, got  ([]), file ZipCode.csv:7039 data 22724
    regex_detector_test.go:84: Expected label ZipCode, got  ([]), file ZipCode.csv:7040 data 22725
    regex_detector_test.go:84: Expected label ZipCode, got  ([]), file ZipCode.csv:7041 data 22726
    regex_detector_test.go:84: Expected label ZipCode, got  ([]), file ZipCode.csv:7042 data 22727
    regex_detector_test.go:84: Expected label ZipCode, got  ([]), file ZipCode.csv:7043 data 22728
    regex_detector_test.go:84: Expected label ZipCode, got  ([]), file ZipCode.csv:7044 data 22729
    regex_detector_test.go:84: Expected label ZipCode, got  ([]), file ZipCode.csv:7045 data 22730
    regex_detector_test.go:84: Expected label ZipCode, got  ([]), file ZipCode.csv:7046 data 22731
    regex_detector_test.go:84: Expected label ZipCode, got  ([]), file ZipCode.csv:7047 data 22732
    regex_detector_test.go:84: Expected label ZipCode, got  ([]), file ZipCode.csv:7048 data 22733
    regex_detector_test.go:84: Expected label ZipCode, got  ([]), file ZipCode.csv:7049 data 22734
    regex_detector_test.go:84: Expected label ZipCode, got  ([]), file ZipCode.csv:7050 data 22735
    regex_detector_test.go:84: Expected label ZipCode, got  ([]), file ZipCode.csv:7051 data 22736
    regex_detector_test.go:84: Expected label ZipCode, got  ([]), file ZipCode.csv:7052 data 22737
    regex_detector_test.go:84: Expected label ZipCode, got  ([]), file ZipCode.csv:7053 data 22738
    regex_detector_test.go:84: Expected label ZipCode, got  ([]), file ZipCode.csv:7054 data 22740
    regex_detector_test.go:84: Expected label ZipCode, got  ([]), file ZipCode.csv:7055 data 22741
    regex_detector_test.go:84: Expected label ZipCode, got  ([]), file ZipCode.csv:7056 data 22742
    regex_detector_test.go:84: Expected label ZipCode, got  ([]), file ZipCode.csv:7057 data 22743
    regex_detector_test.go:84: Expected label ZipCode, got  ([]), file ZipCode.csv:7058 data 22746
    regex_detector_test.go:84: Expected label ZipCode, got  ([]), file ZipCode.csv:7059 data 22747
    regex_detector_test.go:84: Expected label ZipCode, got  ([]), file ZipCode.csv:7060 data 22749
    regex_detector_test.go:84: Expected label ZipCode, got  ([]), file ZipCode.csv:7061 data 22801
    regex_detector_test.go:84: Expected label ZipCode, got  ([]), file ZipCode.csv:7062 data 22802
    regex_detector_test.go:84: Expected label ZipCode, got  ([]), file ZipCode.csv:7063 data 22807
    regex_detector_test.go:84: Expected label ZipCode, got  ([]), file ZipCode.csv:7064 data 22810
    regex_detector_test.go:84: Expected label ZipCode, got  ([]), file ZipCode.csv:7065 data 22811
    regex_detector_test.go:84: Expected label ZipCode, got  ([]), file ZipCode.csv:7066 data 22812
    regex_detector_test.go:84: Expected label ZipCode, got  ([]), file ZipCode.csv:7067 data 22815
    regex_detector_test.go:84: Expected label ZipCode, got  ([]), file ZipCode.csv:7068 data 22820
    regex_detector_test.go:84: Expected label ZipCode, got  ([]), file ZipCode.csv:7069 data 22821
    regex_detector_test.go:84: Expected label ZipCode, got  ([]), file ZipCode.csv:7070 data 22824
    regex_detector_test.go:84: Expected label ZipCode, got  ([]), file ZipCode.csv:7071 data 22827
    regex_detector_test.go:84: Expected label ZipCode, got  ([]), file ZipCode.csv:7072 data 22830
    regex_detector_test.go:84: Expected label ZipCode, got  ([]), file ZipCode.csv:7073 data 22831
    regex_detector_test.go:84: Expected label ZipCode, got  ([]), file ZipCode.csv:7074 data 22832
    regex_detector_test.go:84: Expected label ZipCode, got  ([]), file ZipCode.csv:7075 data 22834
    regex_detector_test.go:84: Expected label ZipCode, got  ([]), file ZipCode.csv:7076 data 22835
    regex_detector_test.go:84: Expected label ZipCode, got  ([]), file ZipCode.csv:7077 data 22840
    regex_detector_test.go:84: Expected label ZipCode, got  ([]), file ZipCode.csv:7078 data 22841
    regex_detector_test.go:84: Expected label ZipCode, got  ([]), file ZipCode.csv:7079 data 22842
    regex_detector_test.go:84: Expected label ZipCode, got  ([]), file ZipCode.csv:7080 data 22843
    regex_detector_test.go:84: Expected label ZipCode, got  ([]), file ZipCode.csv:7081 data 22844
    regex_detector_test.go:84: Expected label ZipCode, got  ([]), file ZipCode.csv:7082 data 22845
    regex_detector_test.go:84: Expected label ZipCode, got  ([]), file ZipCode.csv:7083 data 22846
    regex_detector_test.go:84: Expected label ZipCode, got  ([]), file ZipCode.csv:7084 data 22847
    regex_detector_test.go:84: Expected label ZipCode, got  ([]), file ZipCode.csv:7085 data 22849
    regex_detector_test.go:84: Expected label ZipCode, got  ([]), file ZipCode.csv:7086 data 22850
    regex_detector_test.go:84: Expected label ZipCode, got  ([]), file ZipCode.csv:7087 data 22851
    regex_detector_test.go:84: Expected label ZipCode, got  ([]), file ZipCode.csv:7088 data 22853
    regex_detector_test.go:84: Expected label ZipCode, got  ([]), file ZipCode.csv:7089 data 22901
    regex_detector_test.go:84: Expected label ZipCode, got  ([]), file ZipCode.csv:7090 data 22902
    regex_detector_test.go:84: Expected label ZipCode, got  ([]), file ZipCode.csv:7091 data 22903
    regex_detector_test.go:84: Expected label ZipCode, got  ([]), file ZipCode.csv:7092 data 22904
    regex_detector_test.go:84: Expected label ZipCode, got  ([]), file ZipCode.csv:7093 data 22908
    regex_detector_test.go:84: Expected label ZipCode, got  ([]), file ZipCode.csv:7094 data 22911
    regex_detector_test.go:84: Expected label ZipCode, got  ([]), file ZipCode.csv:7095 data 22920
    regex_detector_test.go:84: Expected label ZipCode, got  ([]), file ZipCode.csv:7096 data 22922
    regex_detector_test.go:84: Expected label ZipCode, got  ([]), file ZipCode.csv:7097 data 22923
    regex_detector_test.go:84: Expected label ZipCode, got  ([]), file ZipCode.csv:7098 data 22931
    regex_detector_test.go:84: Expected label ZipCode, got  ([]), file ZipCode.csv:7099 data 22932
    regex_detector_test.go:84: Expected label ZipCode, got  ([]), file ZipCode.csv:7100 data 22935
    regex_detector_test.go:84: Expected label ZipCode, got  ([]), file ZipCode.csv:7101 data 22936
    regex_detector_test.go:84: Expected label ZipCode, got  ([]), file ZipCode.csv:7102 data 22937
    regex_detector_test.go:84: Expected label ZipCode, got  ([]), file ZipCode.csv:7103 data 22938
    regex_detector_test.go:84: Expected label ZipCode, got  ([]), file ZipCode.csv:7104 data 22939
    regex_detector_test.go:84: Expected label ZipCode, got  ([]), file ZipCode.csv:7105 data 22940
    regex_detector_test.go:84: Expected label ZipCode, got  ([]), file ZipCode.csv:7106 data 22942
    regex_detector_test.go:84: Expected label ZipCode, got  ([]), file ZipCode.csv:7107 data 22943
    regex_detector_test.go:84: Expected label ZipCode, got  ([]), file ZipCode.csv:7108 data 22946
    regex_detector_test.go:84: Expected label ZipCode, got  ([]), file ZipCode.csv:7109 data 22947
    regex_detector_test.go:84: Expected label ZipCode, got  ([]), file ZipCode.csv:7110 data 22948
    regex_detector_test.go:84: Expected label ZipCode, got  ([]), file ZipCode.csv:7111 data 22949
    regex_detector_test.go:84: Expected label ZipCode, got  ([]), file ZipCode.csv:7112 data 22952
    regex_detector_test.go:84: Expected label ZipCode, got  ([]), file ZipCode.csv:7113 data 22957
    regex_detector_test.go:84: Expected label ZipCode, got  ([]), file ZipCode.csv:7114 data 22958
    regex_detector_test.go:84: Expected label ZipCode, got  ([]), file ZipCode.csv:7115 data 22959
    regex_detector_test.go:84: Expected label ZipCode, got  ([]), file ZipCode.csv:7116 data 22960
    regex_detector_test.go:84: Expected label ZipCode, got  ([]), file ZipCode.csv:7117 data 22963
    regex_detector_test.go:84: Expected label ZipCode, got  ([]), file ZipCode.csv:7118 data 22964
    regex_detector_test.go:84: Expected label ZipCode, got  ([]), file ZipCode.csv:7119 data 22967
    regex_detector_test.go:84: Expected label ZipCode, got  ([]), file ZipCode.csv:7120 data 22968
    regex_detector_test.go:84: Expected label ZipCode, got  ([]), file ZipCode.csv:7121 data 22969
    regex_detector_test.go:84: Expected label ZipCode, got  ([]), file ZipCode.csv:7122 data 22971
    regex_detector_test.go:84: Expected label ZipCode, got  ([]), file ZipCode.csv:7123 data 22972
    regex_detector_test.go:84: Expected label ZipCode, got  ([]), file ZipCode.csv:7124 data 22973
    regex_detector_test.go:84: Expected label ZipCode, got  ([]), file ZipCode.csv:7125 data 22974
    regex_detector_test.go:84: Expected label ZipCode, got  ([]), file ZipCode.csv:7126 data 22976
    regex_detector_test.go:84: Expected label ZipCode, got  ([]), file ZipCode.csv:7127 data 22980
    regex_detector_test.go:84: Expected label ZipCode, got  ([]), file ZipCode.csv:7128 data 22989
    regex_detector_test.go:84: Expected label ZipCode, got  ([]), file ZipCode.csv:7129 data 23002
    regex_detector_test.go:84: Expected label ZipCode, got  ([]), file ZipCode.csv:7130 data 23004
    regex_detector_test.go:84: Expected label ZipCode, got  ([]), file ZipCode.csv:7131 data 23005
    regex_detector_test.go:84: Expected label ZipCode, got  ([]), file ZipCode.csv:7132 data 23009
    regex_detector_test.go:84: Expected label ZipCode, got  ([]), file ZipCode.csv:7133 data 23011
    regex_detector_test.go:84: Expected label ZipCode, got  ([]), file ZipCode.csv:7134 data 23015
    regex_detector_test.go:84: Expected label ZipCode, got  ([]), file ZipCode.csv:7135 data 23021
    regex_detector_test.go:84: Expected label ZipCode, got  ([]), file ZipCode.csv:7136 data 23022
    regex_detector_test.go:84: Expected label ZipCode, got  ([]), file ZipCode.csv:7137 data 23023
    regex_detector_test.go:84: Expected label ZipCode, got  ([]), file ZipCode.csv:7138 data 23024
    regex_detector_test.go:84: Expected label ZipCode, got  ([]), file ZipCode.csv:7139 data 23025
    regex_detector_test.go:84: Expected label ZipCode, got  ([]), file ZipCode.csv:7140 data 23027
    regex_detector_test.go:84: Expected label ZipCode, got  ([]), file ZipCode.csv:7141 data 23030
    regex_detector_test.go:84: Expected label ZipCode, got  ([]), file ZipCode.csv:7142 data 23032
    regex_detector_test.go:84: Expected label ZipCode, got  ([]), file ZipCode.csv:7143 data 23035
    regex_detector_test.go:84: Expected label ZipCode, got  ([]), file ZipCode.csv:7144 data 23038
    regex_detector_test.go:84: Expected label ZipCode, got  ([]), file ZipCode.csv:7145 data 23039
    regex_detector_test.go:84: Expected label ZipCode, got  ([]), file ZipCode.csv:7146 data 23040
    regex_detector_test.go:84: Expected label ZipCode, got  ([]), file ZipCode.csv:7147 data 23043
    regex_detector_test.go:84: Expected label ZipCode, got  ([]), file ZipCode.csv:7148 data 23045
    regex_detector_test.go:84: Expected label ZipCode, got  ([]), file ZipCode.csv:7149 data 23047
    regex_detector_test.go:84: Expected label ZipCode, got  ([]), file ZipCode.csv:7150 data 23050
    regex_detector_test.go:84: Expected label ZipCode, got  ([]), file ZipCode.csv:7151 data 23055
    regex_detector_test.go:84: Expected label ZipCode, got  ([]), file ZipCode.csv:7152 data 23056
    regex_detector_test.go:84: Expected label ZipCode, got  ([]), file ZipCode.csv:7153 data 23059
    regex_detector_test.go:84: Expected label ZipCode, got  ([]), file ZipCode.csv:7154 data 23060
    regex_detector_test.go:84: Expected label ZipCode, got  ([]), file ZipCode.csv:7155 data 23061
    regex_detector_test.go:84: Expected label ZipCode, got  ([]), file ZipCode.csv:7156 data 23062
    regex_detector_test.go:84: Expected label ZipCode, got  ([]), file ZipCode.csv:7157 data 23063
    regex_detector_test.go:84: Expected label ZipCode, got  ([]), file ZipCode.csv:7158 data 23065
    regex_detector_test.go:84: Expected label ZipCode, got  ([]), file ZipCode.csv:7159 data 23066
    regex_detector_test.go:84: Expected label ZipCode, got  ([]), file ZipCode.csv:7160 data 23068
    regex_detector_test.go:84: Expected label ZipCode, got  ([]), file ZipCode.csv:7161 data 23069
    regex_detector_test.go:84: Expected label ZipCode, got  ([]), file ZipCode.csv:7162 data 23070
    regex_detector_test.go:84: Expected label ZipCode, got  ([]), file ZipCode.csv:7163 data 23071
    regex_detector_test.go:84: Expected label ZipCode, got  ([]), file ZipCode.csv:7164 data 23072
    regex_detector_test.go:84: Expected label ZipCode, got  ([]), file ZipCode.csv:7165 data 23075
    regex_detector_test.go:84: Expected label ZipCode, got  ([]), file ZipCode.csv:7166 data 23076
    regex_detector_test.go:84: Expected label ZipCode, got  ([]), file ZipCode.csv:7167 data 23079
    regex_detector_test.go:84: Expected label ZipCode, got  ([]), file ZipCode.csv:7168 data 23081
    regex_detector_test.go:84: Expected label ZipCode, got  ([]), file ZipCode.csv:7169 data 23083
    regex_detector_test.go:84: Expected label ZipCode, got  ([]), file ZipCode.csv:7170 data 23084
    regex_detector_test.go:84: Expected label ZipCode, got  ([]), file ZipCode.csv:7171 data 23085
    regex_detector_test.go:84: Expected label ZipCode, got  ([]), file ZipCode.csv:7172 data 23086
    regex_detector_test.go:84: Expected label ZipCode, got  ([]), file ZipCode.csv:7173 data 23089
    regex_detector_test.go:84: Expected label ZipCode, got  ([]), file ZipCode.csv:7174 data 23091
    regex_detector_test.go:84: Expected label ZipCode, got  ([]), file ZipCode.csv:7175 data 23092
    regex_detector_test.go:84: Expected label ZipCode, got  ([]), file ZipCode.csv:7176 data 23093
    regex_detector_test.go:84: Expected label ZipCode, got  ([]), file ZipCode.csv:7177 data 23102
    regex_detector_test.go:84: Expected label ZipCode, got  ([]), file ZipCode.csv:7178 data 23103
    regex_detector_test.go:84: Expected label ZipCode, got  ([]), file ZipCode.csv:7179 data 23106
    regex_detector_test.go:84: Expected label ZipCode, got  ([]), file ZipCode.csv:7180 data 23108
    regex_detector_test.go:84: Expected label ZipCode, got  ([]), file ZipCode.csv:7181 data 23109
    regex_detector_test.go:84: Expected label ZipCode, got  ([]), file ZipCode.csv:7182 data 23110
    regex_detector_test.go:84: Expected label ZipCode, got  ([]), file ZipCode.csv:7183 data 23111
    regex_detector_test.go:84: Expected label ZipCode, got  ([]), file ZipCode.csv:7184 data 23112
    regex_detector_test.go:84: Expected label ZipCode, got  ([]), file ZipCode.csv:7185 data 23113
    regex_detector_test.go:84: Expected label ZipCode, got  ([]), file ZipCode.csv:7186 data 23114
    regex_detector_test.go:84: Expected label ZipCode, got  ([]), file ZipCode.csv:7187 data 23116
    regex_detector_test.go:84: Expected label ZipCode, got  ([]), file ZipCode.csv:7188 data 23117
    regex_detector_test.go:84: Expected label ZipCode, got  ([]), file ZipCode.csv:7189 data 23119
    regex_detector_test.go:84: Expected label ZipCode, got  ([]), file ZipCode.csv:7190 data 23120
    regex_detector_test.go:84: Expected label ZipCode, got  ([]), file ZipCode.csv:7191 data 23123
    regex_detector_test.go:84: Expected label ZipCode, got  ([]), file ZipCode.csv:7192 data 23124
    regex_detector_test.go:84: Expected label ZipCode, got  ([]), file ZipCode.csv:7193 data 23126
    regex_detector_test.go:84: Expected label ZipCode, got  ([]), file ZipCode.csv:7194 data 23128
    regex_detector_test.go:84: Expected label ZipCode, got  ([]), file ZipCode.csv:7195 data 23129
    regex_detector_test.go:84: Expected label ZipCode, got  ([]), file ZipCode.csv:7196 data 23130
    regex_detector_test.go:84: Expected label ZipCode, got  ([]), file ZipCode.csv:7197 data 23138
    regex_detector_test.go:84: Expected label ZipCode, got  ([]), file ZipCode.csv:7198 data 23139
    regex_detector_test.go:84: Expected label ZipCode, got  ([]), file ZipCode.csv:7199 data 23140
    regex_detector_test.go:84: Expected label ZipCode, got  ([]), file ZipCode.csv:7200 data 23141
    regex_detector_test.go:84: Expected label ZipCode, got  ([]), file ZipCode.csv:7201 data 23146
    regex_detector_test.go:84: Expected label ZipCode, got  ([]), file ZipCode.csv:7202 data 23147
    regex_detector_test.go:84: Expected label ZipCode, got  ([]), file ZipCode.csv:7203 data 23148
    regex_detector_test.go:84: Expected label ZipCode, got  ([]), file ZipCode.csv:7204 data 23149
    regex_detector_test.go:84: Expected label ZipCode, got  ([]), file ZipCode.csv:7205 data 23150
    regex_detector_test.go:84: Expected label ZipCode, got  ([]), file ZipCode.csv:7206 data 23153
    regex_detector_test.go:84: Expected label ZipCode, got  ([]), file ZipCode.csv:7207 data 23156
    regex_detector_test.go:84: Expected label ZipCode, got  ([]), file ZipCode.csv:7208 data 23160
    regex_detector_test.go:84: Expected label ZipCode, got  ([]), file ZipCode.csv:7209 data 23161
    regex_detector_test.go:84: Expected label ZipCode, got  ([]), file ZipCode.csv:7210 data 23163
    regex_detector_test.go:84: Expected label ZipCode, got  ([]), file ZipCode.csv:7211 data 23168
    regex_detector_test.go:84: Expected label ZipCode, got  ([]), file ZipCode.csv:7212 data 23169
    regex_detector_test.go:84: Expected label ZipCode, got  ([]), file ZipCode.csv:7213 data 23173
    regex_detector_test.go:84: Expected label ZipCode, got  ([]), file ZipCode.csv:7214 data 23175
    regex_detector_test.go:84: Expected label ZipCode, got  ([]), file ZipCode.csv:7215 data 23176
    regex_detector_test.go:84: Expected label ZipCode, got  ([]), file ZipCode.csv:7216 data 23177
    regex_detector_test.go:84: Expected label ZipCode, got  ([]), file ZipCode.csv:7217 data 23180
    regex_detector_test.go:84: Expected label ZipCode, got  ([]), file ZipCode.csv:7218 data 23181
    regex_detector_test.go:84: Expected label ZipCode, got  ([]), file ZipCode.csv:7219 data 23185
    regex_detector_test.go:84: Expected label ZipCode, got  ([]), file ZipCode.csv:7220 data 23188
    regex_detector_test.go:84: Expected label ZipCode, got  ([]), file ZipCode.csv:7221 data 23192
    regex_detector_test.go:84: Expected label ZipCode, got  ([]), file ZipCode.csv:7222 data 23219
    regex_detector_test.go:84: Expected label ZipCode, got  ([]), file ZipCode.csv:7223 data 23220
    regex_detector_test.go:84: Expected label ZipCode, got  ([]), file ZipCode.csv:7224 data 23221
    regex_detector_test.go:84: Expected label ZipCode, got  ([]), file ZipCode.csv:7225 data 23222
    regex_detector_test.go:84: Expected label ZipCode, got  ([]), file ZipCode.csv:7226 data 23223
    regex_detector_test.go:84: Expected label ZipCode, got  ([]), file ZipCode.csv:7227 data 23224
    regex_detector_test.go:84: Expected label ZipCode, got  ([]), file ZipCode.csv:7228 data 23225
    regex_detector_test.go:84: Expected label ZipCode, got  ([]), file ZipCode.csv:7229 data 23226
    regex_detector_test.go:84: Expected label ZipCode, got  ([]), file ZipCode.csv:7230 data 23227
    regex_detector_test.go:84: Expected label ZipCode, got  ([]), file ZipCode.csv:7231 data 23228
    regex_detector_test.go:84: Expected label ZipCode, got  ([]), file ZipCode.csv:7232 data 23229
    regex_detector_test.go:84: Expected label ZipCode, got  ([]), file ZipCode.csv:7233 data 23230
    regex_detector_test.go:84: Expected label ZipCode, got  ([]), file ZipCode.csv:7234 data 23231
    regex_detector_test.go:84: Expected label ZipCode, got  ([]), file ZipCode.csv:7235 data 23233
    regex_detector_test.go:84: Expected label ZipCode, got  ([]), file ZipCode.csv:7236 data 23234
    regex_detector_test.go:84: Expected label ZipCode, got  ([]), file ZipCode.csv:7237 data 23235
    regex_detector_test.go:84: Expected label ZipCode, got  ([]), file ZipCode.csv:7238 data 23236
    regex_detector_test.go:84: Expected label ZipCode, got  ([]), file ZipCode.csv:7239 data 23237
    regex_detector_test.go:84: Expected label ZipCode, got  ([]), file ZipCode.csv:7240 data 23238
    regex_detector_test.go:84: Expected label ZipCode, got  ([]), file ZipCode.csv:7241 data 23250
    regex_detector_test.go:84: Expected label ZipCode, got  ([]), file ZipCode.csv:7242 data 23284
    regex_detector_test.go:84: Expected label ZipCode, got  ([]), file ZipCode.csv:7243 data 23294
    regex_detector_test.go:84: Expected label ZipCode, got  ([]), file ZipCode.csv:7244 data 23298
    regex_detector_test.go:84: Expected label ZipCode, got  ([]), file ZipCode.csv:7245 data 23301
    regex_detector_test.go:84: Expected label ZipCode, got  ([]), file ZipCode.csv:7246 data 23302
    regex_detector_test.go:84: Expected label ZipCode, got  ([]), file ZipCode.csv:7247 data 23303
    regex_detector_test.go:84: Expected label ZipCode, got  ([]), file ZipCode.csv:7248 data 23304
    regex_detector_test.go:84: Expected label ZipCode, got  ([]), file ZipCode.csv:7249 data 23306
    regex_detector_test.go:84: Expected label ZipCode, got  ([]), file ZipCode.csv:7250 data 23307
    regex_detector_test.go:84: Expected label ZipCode, got  ([]), file ZipCode.csv:7251 data 23308
    regex_detector_test.go:84: Expected label ZipCode, got  ([]), file ZipCode.csv:7252 data 23310
    regex_detector_test.go:84: Expected label ZipCode, got  ([]), file ZipCode.csv:7253 data 23314
    regex_detector_test.go:84: Expected label ZipCode, got  ([]), file ZipCode.csv:7254 data 23315
    regex_detector_test.go:84: Expected label ZipCode, got  ([]), file ZipCode.csv:7255 data 23316
    regex_detector_test.go:84: Expected label ZipCode, got  ([]), file ZipCode.csv:7256 data 23320
    regex_detector_test.go:84: Expected label ZipCode, got  ([]), file ZipCode.csv:7257 data 23321
    regex_detector_test.go:84: Expected label ZipCode, got  ([]), file ZipCode.csv:7258 data 23322
    regex_detector_test.go:84: Expected label ZipCode, got  ([]), file ZipCode.csv:7259 data 23323
    regex_detector_test.go:84: Expected label ZipCode, got  ([]), file ZipCode.csv:7260 data 23324
    regex_detector_test.go:84: Expected label ZipCode, got  ([]), file ZipCode.csv:7261 data 23325
    regex_detector_test.go:84: Expected label ZipCode, got  ([]), file ZipCode.csv:7262 data 23336
    regex_detector_test.go:84: Expected label ZipCode, got  ([]), file ZipCode.csv:7263 data 23337
    regex_detector_test.go:84: Expected label ZipCode, got  ([]), file ZipCode.csv:7264 data 23347
    regex_detector_test.go:84: Expected label ZipCode, got  ([]), file ZipCode.csv:7265 data 23350
    regex_detector_test.go:84: Expected label ZipCode, got  ([]), file ZipCode.csv:7266 data 23354
    regex_detector_test.go:84: Expected label ZipCode, got  ([]), file ZipCode.csv:7267 data 23356
    regex_detector_test.go:84: Expected label ZipCode, got  ([]), file ZipCode.csv:7268 data 23357
    regex_detector_test.go:84: Expected label ZipCode, got  ([]), file ZipCode.csv:7269 data 23358
    regex_detector_test.go:84: Expected label ZipCode, got  ([]), file ZipCode.csv:7270 data 23359
    regex_detector_test.go:84: Expected label ZipCode, got  ([]), file ZipCode.csv:7271 data 23389
    regex_detector_test.go:84: Expected label ZipCode, got  ([]), file ZipCode.csv:7272 data 23395
    regex_detector_test.go:84: Expected label ZipCode, got  ([]), file ZipCode.csv:7273 data 23398
    regex_detector_test.go:84: Expected label ZipCode, got  ([]), file ZipCode.csv:7274 data 23401
    regex_detector_test.go:84: Expected label ZipCode, got  ([]), file ZipCode.csv:7275 data 23405
    regex_detector_test.go:84: Expected label ZipCode, got  ([]), file ZipCode.csv:7276 data 23407
    regex_detector_test.go:84: Expected label ZipCode, got  ([]), file ZipCode.csv:7277 data 23408
    regex_detector_test.go:84: Expected label ZipCode, got  ([]), file ZipCode.csv:7278 data 23409
    regex_detector_test.go:84: Expected label ZipCode, got  ([]), file ZipCode.csv:7279 data 23410
    regex_detector_test.go:84: Expected label ZipCode, got  ([]), file ZipCode.csv:7280 data 23413
    regex_detector_test.go:84: Expected label ZipCode, got  ([]), file ZipCode.csv:7281 data 23414
    regex_detector_test.go:84: Expected label ZipCode, got  ([]), file ZipCode.csv:7282 data 23415
    regex_detector_test.go:84: Expected label ZipCode, got  ([]), file ZipCode.csv:7283 data 23416
    regex_detector_test.go:84: Expected label ZipCode, got  ([]), file ZipCode.csv:7284 data 23417
    regex_detector_test.go:84: Expected label ZipCode, got  ([]), file ZipCode.csv:7285 data 23418
    regex_detector_test.go:84: Expected label ZipCode, got  ([]), file ZipCode.csv:7286 data 23420
    regex_detector_test.go:84: Expected label ZipCode, got  ([]), file ZipCode.csv:7287 data 23421
    regex_detector_test.go:84: Expected label ZipCode, got  ([]), file ZipCode.csv:7288 data 23422
    regex_detector_test.go:84: Expected label ZipCode, got  ([]), file ZipCode.csv:7289 data 23423
    regex_detector_test.go:84: Expected label ZipCode, got  ([]), file ZipCode.csv:7290 data 23426
    regex_detector_test.go:84: Expected label ZipCode, got  ([]), file ZipCode.csv:7291 data 23427
    regex_detector_test.go:84: Expected label ZipCode, got  ([]), file ZipCode.csv:7292 data 23430
    regex_detector_test.go:84: Expected label ZipCode, got  ([]), file ZipCode.csv:7293 data 23432
    regex_detector_test.go:84: Expected label ZipCode, got  ([]), file ZipCode.csv:7294 data 23433
    regex_detector_test.go:84: Expected label ZipCode, got  ([]), file ZipCode.csv:7295 data 23434
    regex_detector_test.go:84: Expected label ZipCode, got  ([]), file ZipCode.csv:7296 data 23435
    regex_detector_test.go:84: Expected label ZipCode, got  ([]), file ZipCode.csv:7297 data 23436
    regex_detector_test.go:84: Expected label ZipCode, got  ([]), file ZipCode.csv:7298 data 23437
    regex_detector_test.go:84: Expected label ZipCode, got  ([]), file ZipCode.csv:7299 data 23438
    regex_detector_test.go:84: Expected label ZipCode, got  ([]), file ZipCode.csv:7300 data 23440
    regex_detector_test.go:84: Expected label ZipCode, got  ([]), file ZipCode.csv:7301 data 23441
    regex_detector_test.go:84: Expected label ZipCode, got  ([]), file ZipCode.csv:7302 data 23442
    regex_detector_test.go:84: Expected label ZipCode, got  ([]), file ZipCode.csv:7303 data 23451
    regex_detector_test.go:84: Expected label ZipCode, got  ([]), file ZipCode.csv:7304 data 23452
    regex_detector_test.go:84: Expected label ZipCode, got  ([]), file ZipCode.csv:7305 data 23453
    regex_detector_test.go:84: Expected label ZipCode, got  ([]), file ZipCode.csv:7306 data 23454
    regex_detector_test.go:84: Expected label ZipCode, got  ([]), file ZipCode.csv:7307 data 23455
    regex_detector_test.go:84: Expected label ZipCode, got  ([]), file ZipCode.csv:7308 data 23456
    regex_detector_test.go:84: Expected label ZipCode, got  ([]), file ZipCode.csv:7309 data 23457
    regex_detector_test.go:84: Expected label ZipCode, got  ([]), file ZipCode.csv:7310 data 23459
    regex_detector_test.go:84: Expected label ZipCode, got  ([]), file ZipCode.csv:7311 data 23460
    regex_detector_test.go:84: Expected label ZipCode, got  ([]), file ZipCode.csv:7312 data 23461
    regex_detector_test.go:84: Expected label ZipCode, got  ([]), file ZipCode.csv:7313 data 23462
    regex_detector_test.go:84: Expected label ZipCode, got  ([]), file ZipCode.csv:7314 data 23464
    regex_detector_test.go:84: Expected label ZipCode, got  ([]), file ZipCode.csv:7315 data 23480
    regex_detector_test.go:84: Expected label ZipCode, got  ([]), file ZipCode.csv:7316 data 23486
    regex_detector_test.go:84: Expected label ZipCode, got  ([]), file ZipCode.csv:7317 data 23487
    regex_detector_test.go:84: Expected label ZipCode, got  ([]), file ZipCode.csv:7318 data 23488
    regex_detector_test.go:84: Expected label ZipCode, got  ([]), file ZipCode.csv:7319 data 23502
    regex_detector_test.go:84: Expected label ZipCode, got  ([]), file ZipCode.csv:7320 data 23503
    regex_detector_test.go:84: Expected label ZipCode, got  ([]), file ZipCode.csv:7321 data 23504
    regex_detector_test.go:84: Expected label ZipCode, got  ([]), file ZipCode.csv:7322 data 23505
    regex_detector_test.go:84: Expected label ZipCode, got  ([]), file ZipCode.csv:7323 data 23507
    regex_detector_test.go:84: Expected label ZipCode, got  ([]), file ZipCode.csv:7324 data 23508
    regex_detector_test.go:84: Expected label ZipCode, got  ([]), file ZipCode.csv:7325 data 23509
    regex_detector_test.go:84: Expected label ZipCode, got  ([]), file ZipCode.csv:7326 data 23510
    regex_detector_test.go:84: Expected label ZipCode, got  ([]), file ZipCode.csv:7327 data 23511
    regex_detector_test.go:84: Expected label ZipCode, got  ([]), file ZipCode.csv:7328 data 23513
    regex_detector_test.go:84: Expected label ZipCode, got  ([]), file ZipCode.csv:7329 data 23517
    regex_detector_test.go:84: Expected label ZipCode, got  ([]), file ZipCode.csv:7330 data 23518
    regex_detector_test.go:84: Expected label ZipCode, got  ([]), file ZipCode.csv:7331 data 23523
    regex_detector_test.go:84: Expected label ZipCode, got  ([]), file ZipCode.csv:7332 data 23551
    regex_detector_test.go:84: Expected label ZipCode, got  ([]), file ZipCode.csv:7333 data 23601
    regex_detector_test.go:84: Expected label ZipCode, got  ([]), file ZipCode.csv:7334 data 23602
    regex_detector_test.go:84: Expected label ZipCode, got  ([]), file ZipCode.csv:7335 data 23603
    regex_detector_test.go:84: Expected label ZipCode, got  ([]), file ZipCode.csv:7336 data 23604
    regex_detector_test.go:84: Expected label ZipCode, got  ([]), file ZipCode.csv:7337 data 23605
    regex_detector_test.go:84: Expected label ZipCode, got  ([]), file ZipCode.csv:7338 data 23606
    regex_detector_test.go:84: Expected label ZipCode, got  ([]), file ZipCode.csv:7339 data 23607
    regex_detector_test.go:84: Expected label ZipCode, got  ([]), file ZipCode.csv:7340 data 23608
    regex_detector_test.go:84: Expected label ZipCode, got  ([]), file ZipCode.csv:7341 data 23651
    regex_detector_test.go:84: Expected label ZipCode, got  ([]), file ZipCode.csv:7342 data 23661
    regex_detector_test.go:84: Expected label ZipCode, got  ([]), file ZipCode.csv:7343 data 23662
    regex_detector_test.go:84: Expected label ZipCode, got  ([]), file ZipCode.csv:7344 data 23663
    regex_detector_test.go:84: Expected label ZipCode, got  ([]), file ZipCode.csv:7345 data 23664
    regex_detector_test.go:84: Expected label ZipCode, got  ([]), file ZipCode.csv:7346 data 23665
    regex_detector_test.go:84: Expected label ZipCode, got  ([]), file ZipCode.csv:7347 data 23666
    regex_detector_test.go:84: Expected label ZipCode, got  ([]), file ZipCode.csv:7348 data 23667
    regex_detector_test.go:84: Expected label ZipCode, got  ([]), file ZipCode.csv:7349 data 23668
    regex_detector_test.go:84: Expected label ZipCode, got  ([]), file ZipCode.csv:7350 data 23669
    regex_detector_test.go:84: Expected label ZipCode, got  ([]), file ZipCode.csv:7351 data 23681
    regex_detector_test.go:84: Expected label ZipCode, got  ([]), file ZipCode.csv:7352 data 23690
    regex_detector_test.go:84: Expected label ZipCode, got  ([]), file ZipCode.csv:7353 data 23691
    regex_detector_test.go:84: Expected label ZipCode, got  ([]), file ZipCode.csv:7354 data 23692
    regex_detector_test.go:84: Expected label ZipCode, got  ([]), file ZipCode.csv:7355 data 23693
    regex_detector_test.go:84: Expected label ZipCode, got  ([]), file ZipCode.csv:7356 data 23696
    regex_detector_test.go:84: Expected label ZipCode, got  ([]), file ZipCode.csv:7357 data 23701
    regex_detector_test.go:84: Expected label ZipCode, got  ([]), file ZipCode.csv:7358 data 23702
    regex_detector_test.go:84: Expected label ZipCode, got  ([]), file ZipCode.csv:7359 data 23703
    regex_detector_test.go:84: Expected label ZipCode, got  ([]), file ZipCode.csv:7360 data 23704
    regex_detector_test.go:84: Expected label ZipCode, got  ([]), file ZipCode.csv:7361 data 23707
    regex_detector_test.go:84: Expected label ZipCode, got  ([]), file ZipCode.csv:7362 data 23708
    regex_detector_test.go:84: Expected label ZipCode, got  ([]), file ZipCode.csv:7363 data 23709
    regex_detector_test.go:84: Expected label ZipCode, got  ([]), file ZipCode.csv:7364 data 23801
    regex_detector_test.go:84: Expected label ZipCode, got  ([]), file ZipCode.csv:7365 data 23803
    regex_detector_test.go:84: Expected label ZipCode, got  ([]), file ZipCode.csv:7366 data 23805
    regex_detector_test.go:84: Expected label ZipCode, got  ([]), file ZipCode.csv:7367 data 23821
    regex_detector_test.go:84: Expected label ZipCode, got  ([]), file ZipCode.csv:7368 data 23824
    regex_detector_test.go:84: Expected label ZipCode, got  ([]), file ZipCode.csv:7369 data 23827
    regex_detector_test.go:84: Expected label ZipCode, got  ([]), file ZipCode.csv:7370 data 23828
    regex_detector_test.go:84: Expected label ZipCode, got  ([]), file ZipCode.csv:7371 data 23829
    regex_detector_test.go:84: Expected label ZipCode, got  ([]), file ZipCode.csv:7372 data 23830
    regex_detector_test.go:84: Expected label ZipCode, got  ([]), file ZipCode.csv:7373 data 23831
    regex_detector_test.go:84: Expected label ZipCode, got  ([]), file ZipCode.csv:7374 data 23832
    regex_detector_test.go:84: Expected label ZipCode, got  ([]), file ZipCode.csv:7375 data 23833
    regex_detector_test.go:84: Expected label ZipCode, got  ([]), file ZipCode.csv:7376 data 23834
    regex_detector_test.go:84: Expected label ZipCode, got  ([]), file ZipCode.csv:7377 data 23836
    regex_detector_test.go:84: Expected label ZipCode, got  ([]), file ZipCode.csv:7378 data 23837
    regex_detector_test.go:84: Expected label ZipCode, got  ([]), file ZipCode.csv:7379 data 23838
    regex_detector_test.go:84: Expected label ZipCode, got  ([]), file ZipCode.csv:7380 data 23839
    regex_detector_test.go:84: Expected label ZipCode, got  ([]), file ZipCode.csv:7381 data 23840
    regex_detector_test.go:84: Expected label ZipCode, got  ([]), file ZipCode.csv:7382 data 23841
    regex_detector_test.go:84: Expected label ZipCode, got  ([]), file ZipCode.csv:7383 data 23842
    regex_detector_test.go:84: Expected label ZipCode, got  ([]), file ZipCode.csv:7384 data 23843
    regex_detector_test.go:84: Expected label ZipCode, got  ([]), file ZipCode.csv:7385 data 23844
    regex_detector_test.go:84: Expected label ZipCode, got  ([]), file ZipCode.csv:7386 data 23845
    regex_detector_test.go:84: Expected label ZipCode, got  ([]), file ZipCode.csv:7387 data 23846
    regex_detector_test.go:84: Expected label ZipCode, got  ([]), file ZipCode.csv:7388 data 23847
    regex_detector_test.go:84: Expected label ZipCode, got  ([]), file ZipCode.csv:7389 data 23850
    regex_detector_test.go:84: Expected label ZipCode, got  ([]), file ZipCode.csv:7390 data 23851
    regex_detector_test.go:84: Expected label ZipCode, got  ([]), file ZipCode.csv:7391 data 23856
    regex_detector_test.go:84: Expected label ZipCode, got  ([]), file ZipCode.csv:7392 data 23857
    regex_detector_test.go:84: Expected label ZipCode, got  ([]), file ZipCode.csv:7393 data 23860
    regex_detector_test.go:84: Expected label ZipCode, got  ([]), file ZipCode.csv:7394 data 23866
    regex_detector_test.go:84: Expected label ZipCode, got  ([]), file ZipCode.csv:7395 data 23867
    regex_detector_test.go:84: Expected label ZipCode, got  ([]), file ZipCode.csv:7396 data 23868
    regex_detector_test.go:84: Expected label ZipCode, got  ([]), file ZipCode.csv:7397 data 23870
    regex_detector_test.go:84: Expected label ZipCode, got  ([]), file ZipCode.csv:7398 data 23872
    regex_detector_test.go:84: Expected label ZipCode, got  ([]), file ZipCode.csv:7399 data 23874
    regex_detector_test.go:84: Expected label ZipCode, got  ([]), file ZipCode.csv:7400 data 23875
    regex_detector_test.go:84: Expected label ZipCode, got  ([]), file ZipCode.csv:7401 data 23876
    regex_detector_test.go:84: Expected label ZipCode, got  ([]), file ZipCode.csv:7402 data 23878
    regex_detector_test.go:84: Expected label ZipCode, got  ([]), file ZipCode.csv:7403 data 23879
    regex_detector_test.go:84: Expected label ZipCode, got  ([]), file ZipCode.csv:7404 data 23881
    regex_detector_test.go:84: Expected label ZipCode, got  ([]), file ZipCode.csv:7405 data 23882
    regex_detector_test.go:84: Expected label ZipCode, got  ([]), file ZipCode.csv:7406 data 23883
    regex_detector_test.go:84: Expected label ZipCode, got  ([]), file ZipCode.csv:7407 data 23884
    regex_detector_test.go:84: Expected label ZipCode, got  ([]), file ZipCode.csv:7408 data 23885
    regex_detector_test.go:84: Expected label ZipCode, got  ([]), file ZipCode.csv:7409 data 23887
    regex_detector_test.go:84: Expected label ZipCode, got  ([]), file ZipCode.csv:7410 data 23888
    regex_detector_test.go:84: Expected label ZipCode, got  ([]), file ZipCode.csv:7411 data 23889
    regex_detector_test.go:84: Expected label ZipCode, got  ([]), file ZipCode.csv:7412 data 23890
    regex_detector_test.go:84: Expected label ZipCode, got  ([]), file ZipCode.csv:7413 data 23891
    regex_detector_test.go:84: Expected label ZipCode, got  ([]), file ZipCode.csv:7414 data 23893
    regex_detector_test.go:84: Expected label ZipCode, got  ([]), file ZipCode.csv:7415 data 23894
    regex_detector_test.go:84: Expected label ZipCode, got  ([]), file ZipCode.csv:7416 data 23897
    regex_detector_test.go:84: Expected label ZipCode, got  ([]), file ZipCode.csv:7417 data 23898
    regex_detector_test.go:84: Expected label ZipCode, got  ([]), file ZipCode.csv:7418 data 23899
    regex_detector_test.go:84: Expected label ZipCode, got  ([]), file ZipCode.csv:7419 data 23901
    regex_detector_test.go:84: Expected label ZipCode, got  ([]), file ZipCode.csv:7420 data 23909
    regex_detector_test.go:84: Expected label ZipCode, got  ([]), file ZipCode.csv:7421 data 23915
    regex_detector_test.go:84: Expected label ZipCode, got  ([]), file ZipCode.csv:7422 data 23917
    regex_detector_test.go:84: Expected label ZipCode, got  ([]), file ZipCode.csv:7423 data 23919
    regex_detector_test.go:84: Expected label ZipCode, got  ([]), file ZipCode.csv:7424 data 23920
    regex_detector_test.go:84: Expected label ZipCode, got  ([]), file ZipCode.csv:7425 data 23921
    regex_detector_test.go:84: Expected label ZipCode, got  ([]), file ZipCode.csv:7426 data 23922
    regex_detector_test.go:84: Expected label ZipCode, got  ([]), file ZipCode.csv:7427 data 23923
    regex_detector_test.go:84: Expected label ZipCode, got  ([]), file ZipCode.csv:7428 data 23924
    regex_detector_test.go:84: Expected label ZipCode, got  ([]), file ZipCode.csv:7429 data 23927
    regex_detector_test.go:84: Expected label ZipCode, got  ([]), file ZipCode.csv:7430 data 23930
    regex_detector_test.go:84: Expected label ZipCode, got  ([]), file ZipCode.csv:7431 data 23934
    regex_detector_test.go:84: Expected label ZipCode, got  ([]), file ZipCode.csv:7432 data 23936
    regex_detector_test.go:84: Expected label ZipCode, got  ([]), file ZipCode.csv:7433 data 23937
    regex_detector_test.go:84: Expected label ZipCode, got  ([]), file ZipCode.csv:7434 data 23938
    regex_detector_test.go:84: Expected label ZipCode, got  ([]), file ZipCode.csv:7435 data 23942
    regex_detector_test.go:84: Expected label ZipCode, got  ([]), file ZipCode.csv:7436 data 23943
    regex_detector_test.go:84: Expected label ZipCode, got  ([]), file ZipCode.csv:7437 data 23944
    regex_detector_test.go:84: Expected label ZipCode, got  ([]), file ZipCode.csv:7438 data 23947
    regex_detector_test.go:84: Expected label ZipCode, got  ([]), file ZipCode.csv:7439 data 23950
    regex_detector_test.go:84: Expected label ZipCode, got  ([]), file ZipCode.csv:7440 data 23952
    regex_detector_test.go:84: Expected label ZipCode, got  ([]), file ZipCode.csv:7441 data 23954
    regex_detector_test.go:84: Expected label ZipCode, got  ([]), file ZipCode.csv:7442 data 23955
    regex_detector_test.go:84: Expected label ZipCode, got  ([]), file ZipCode.csv:7443 data 23958
    regex_detector_test.go:84: Expected label ZipCode, got  ([]), file ZipCode.csv:7444 data 23959
    regex_detector_test.go:84: Expected label ZipCode, got  ([]), file ZipCode.csv:7445 data 23960
    regex_detector_test.go:84: Expected label ZipCode, got  ([]), file ZipCode.csv:7446 data 23962
    regex_detector_test.go:84: Expected label ZipCode, got  ([]), file ZipCode.csv:7447 data 23963
    regex_detector_test.go:84: Expected label ZipCode, got  ([]), file ZipCode.csv:7448 data 23964
    regex_detector_test.go:84: Expected label ZipCode, got  ([]), file ZipCode.csv:7449 data 23966
    regex_detector_test.go:84: Expected label ZipCode, got  ([]), file ZipCode.csv:7450 data 23967
    regex_detector_test.go:84: Expected label ZipCode, got  ([]), file ZipCode.csv:7451 data 23968
    regex_detector_test.go:84: Expected label ZipCode, got  ([]), file ZipCode.csv:7452 data 23970
    regex_detector_test.go:84: Expected label ZipCode, got  ([]), file ZipCode.csv:7453 data 23974
    regex_detector_test.go:84: Expected label ZipCode, got  ([]), file ZipCode.csv:7454 data 23976
    regex_detector_test.go:84: Expected label ZipCode, got  ([]), file ZipCode.csv:7455 data 24011
    regex_detector_test.go:84: Expected label ZipCode, got  ([]), file ZipCode.csv:7456 data 24012
    regex_detector_test.go:84: Expected label ZipCode, got  ([]), file ZipCode.csv:7457 data 24013
    regex_detector_test.go:84: Expected label ZipCode, got  ([]), file ZipCode.csv:7458 data 24014
    regex_detector_test.go:84: Expected label ZipCode, got  ([]), file ZipCode.csv:7459 data 24015
    regex_detector_test.go:84: Expected label ZipCode, got  ([]), file ZipCode.csv:7460 data 24016
    regex_detector_test.go:84: Expected label ZipCode, got  ([]), file ZipCode.csv:7461 data 24017
    regex_detector_test.go:84: Expected label ZipCode, got  ([]), file ZipCode.csv:7462 data 24018
    regex_detector_test.go:84: Expected label ZipCode, got  ([]), file ZipCode.csv:7463 data 24019
    regex_detector_test.go:84: Expected label ZipCode, got  ([]), file ZipCode.csv:7464 data 24020
    regex_detector_test.go:84: Expected label ZipCode, got  ([]), file ZipCode.csv:7465 data 24022
    regex_detector_test.go:84: Expected label ZipCode, got  ([]), file ZipCode.csv:7466 data 24053
    regex_detector_test.go:84: Expected label ZipCode, got  ([]), file ZipCode.csv:7467 data 24054
    regex_detector_test.go:84: Expected label ZipCode, got  ([]), file ZipCode.csv:7468 data 24055
    regex_detector_test.go:84: Expected label ZipCode, got  ([]), file ZipCode.csv:7469 data 24058
    regex_detector_test.go:84: Expected label ZipCode, got  ([]), file ZipCode.csv:7470 data 24059
    regex_detector_test.go:84: Expected label ZipCode, got  ([]), file ZipCode.csv:7471 data 24060
    regex_detector_test.go:84: Expected label ZipCode, got  ([]), file ZipCode.csv:7472 data 24061
    regex_detector_test.go:84: Expected label ZipCode, got  ([]), file ZipCode.csv:7473 data 24064
    regex_detector_test.go:84: Expected label ZipCode, got  ([]), file ZipCode.csv:7474 data 24065
    regex_detector_test.go:84: Expected label ZipCode, got  ([]), file ZipCode.csv:7475 data 24066
    regex_detector_test.go:84: Expected label ZipCode, got  ([]), file ZipCode.csv:7476 data 24067
    regex_detector_test.go:84: Expected label ZipCode, got  ([]), file ZipCode.csv:7477 data 24069
    regex_detector_test.go:84: Expected label ZipCode, got  ([]), file ZipCode.csv:7478 data 24070
    regex_detector_test.go:84: Expected label ZipCode, got  ([]), file ZipCode.csv:7479 data 24072
    regex_detector_test.go:84: Expected label ZipCode, got  ([]), file ZipCode.csv:7480 data 24073
    regex_detector_test.go:84: Expected label ZipCode, got  ([]), file ZipCode.csv:7481 data 24076
    regex_detector_test.go:84: Expected label ZipCode, got  ([]), file ZipCode.csv:7482 data 24077
    regex_detector_test.go:84: Expected label ZipCode, got  ([]), file ZipCode.csv:7483 data 24078
    regex_detector_test.go:84: Expected label ZipCode, got  ([]), file ZipCode.csv:7484 data 24079
    regex_detector_test.go:84: Expected label ZipCode, got  ([]), file ZipCode.csv:7485 data 24082
    regex_detector_test.go:84: Expected label ZipCode, got  ([]), file ZipCode.csv:7486 data 24083
    regex_detector_test.go:84: Expected label ZipCode, got  ([]), file ZipCode.csv:7487 data 24084
    regex_detector_test.go:84: Expected label ZipCode, got  ([]), file ZipCode.csv:7488 data 24085
    regex_detector_test.go:84: Expected label ZipCode, got  ([]), file ZipCode.csv:7489 data 24086
    regex_detector_test.go:84: Expected label ZipCode, got  ([]), file ZipCode.csv:7490 data 24087
    regex_detector_test.go:84: Expected label ZipCode, got  ([]), file ZipCode.csv:7491 data 24088
    regex_detector_test.go:84: Expected label ZipCode, got  ([]), file ZipCode.csv:7492 data 24089
    regex_detector_test.go:84: Expected label ZipCode, got  ([]), file ZipCode.csv:7493 data 24090
    regex_detector_test.go:84: Expected label ZipCode, got  ([]), file ZipCode.csv:7494 data 24091
    regex_detector_test.go:84: Expected label ZipCode, got  ([]), file ZipCode.csv:7495 data 24092
    regex_detector_test.go:84: Expected label ZipCode, got  ([]), file ZipCode.csv:7496 data 24093
    regex_detector_test.go:84: Expected label ZipCode, got  ([]), file ZipCode.csv:7497 data 24095
    regex_detector_test.go:84: Expected label ZipCode, got  ([]), file ZipCode.csv:7498 data 24101
    regex_detector_test.go:84: Expected label ZipCode, got  ([]), file ZipCode.csv:7499 data 24102
    regex_detector_test.go:84: Expected label ZipCode, got  ([]), file ZipCode.csv:7500 data 24104
    regex_detector_test.go:84: Expected label ZipCode, got  ([]), file ZipCode.csv:7501 data 24105
    regex_detector_test.go:84: Expected label ZipCode, got  ([]), file ZipCode.csv:7502 data 24112
    regex_detector_test.go:84: Expected label ZipCode, got  ([]), file ZipCode.csv:7503 data 24120
    regex_detector_test.go:84: Expected label ZipCode, got  ([]), file ZipCode.csv:7504 data 24121
    regex_detector_test.go:84: Expected label ZipCode, got  ([]), file ZipCode.csv:7505 data 24122
    regex_detector_test.go:84: Expected label ZipCode, got  ([]), file ZipCode.csv:7506 data 24124
    regex_detector_test.go:84: Expected label ZipCode, got  ([]), file ZipCode.csv:7507 data 24127
    regex_detector_test.go:84: Expected label ZipCode, got  ([]), file ZipCode.csv:7508 data 24128
    regex_detector_test.go:84: Expected label ZipCode, got  ([]), file ZipCode.csv:7509 data 24129
    regex_detector_test.go:84: Expected label ZipCode, got  ([]), file ZipCode.csv:7510 data 24131
    regex_detector_test.go:84: Expected label ZipCode, got  ([]), file ZipCode.csv:7511 data 24132
    regex_detector_test.go:84: Expected label ZipCode, got  ([]), file ZipCode.csv:7512 data 24133
    regex_detector_test.go:84: Expected label ZipCode, got  ([]), file ZipCode.csv:7513 data 24134
    regex_detector_test.go:84: Expected label ZipCode, got  ([]), file ZipCode.csv:7514 data 24136
    regex_detector_test.go:84: Expected label ZipCode, got  ([]), file ZipCode.csv:7515 data 24137
    regex_detector_test.go:84: Expected label ZipCode, got  ([]), file ZipCode.csv:7516 data 24138
    regex_detector_test.go:84: Expected label ZipCode, got  ([]), file ZipCode.csv:7517 data 24139
    regex_detector_test.go:84: Expected label ZipCode, got  ([]), file ZipCode.csv:7518 data 24141
    regex_detector_test.go:84: Expected label ZipCode, got  ([]), file ZipCode.csv:7519 data 24142
    regex_detector_test.go:84: Expected label ZipCode, got  ([]), file ZipCode.csv:7520 data 24147
    regex_detector_test.go:84: Expected label ZipCode, got  ([]), file ZipCode.csv:7521 data 24148
    regex_detector_test.go:84: Expected label ZipCode, got  ([]), file ZipCode.csv:7522 data 24149
    regex_detector_test.go:84: Expected label ZipCode, got  ([]), file ZipCode.csv:7523 data 24150
    regex_detector_test.go:84: Expected label ZipCode, got  ([]), file ZipCode.csv:7524 data 24151
    regex_detector_test.go:84: Expected label ZipCode, got  ([]), file ZipCode.csv:7525 data 24153
    regex_detector_test.go:84: Expected label ZipCode, got  ([]), file ZipCode.csv:7526 data 24161
    regex_detector_test.go:84: Expected label ZipCode, got  ([]), file ZipCode.csv:7527 data 24162
    regex_detector_test.go:84: Expected label ZipCode, got  ([]), file ZipCode.csv:7528 data 24165
    regex_detector_test.go:84: Expected label ZipCode, got  ([]), file ZipCode.csv:7529 data 24167
    regex_detector_test.go:84: Expected label ZipCode, got  ([]), file ZipCode.csv:7530 data 24168
    regex_detector_test.go:84: Expected label ZipCode, got  ([]), file ZipCode.csv:7531 data 24171
    regex_detector_test.go:84: Expected label ZipCode, got  ([]), file ZipCode.csv:7532 data 24174
    regex_detector_test.go:84: Expected label ZipCode, got  ([]), file ZipCode.csv:7533 data 24175
    regex_detector_test.go:84: Expected label ZipCode, got  ([]), file ZipCode.csv:7534 data 24176
    regex_detector_test.go:84: Expected label ZipCode, got  ([]), file ZipCode.csv:7535 data 24179
    regex_detector_test.go:84: Expected label ZipCode, got  ([]), file ZipCode.csv:7536 data 24184
    regex_detector_test.go:84: Expected label ZipCode, got  ([]), file ZipCode.csv:7537 data 24185
    regex_detector_test.go:84: Expected label ZipCode, got  ([]), file ZipCode.csv:7538 data 24201
    regex_detector_test.go:84: Expected label ZipCode, got  ([]), file ZipCode.csv:7539 data 24202
    regex_detector_test.go:84: Expected label ZipCode, got  ([]), file ZipCode.csv:7540 data 24210
    regex_detector_test.go:84: Expected label ZipCode, got  ([]), file ZipCode.csv:7541 data 24211
    regex_detector_test.go:84: Expected label ZipCode, got  ([]), file ZipCode.csv:7542 data 24216
    regex_detector_test.go:84: Expected label ZipCode, got  ([]), file ZipCode.csv:7543 data 24217
    regex_detector_test.go:84: Expected label ZipCode, got  ([]), file ZipCode.csv:7544 data 24219
    regex_detector_test.go:84: Expected label ZipCode, got  ([]), file ZipCode.csv:7545 data 24220
    regex_detector_test.go:84: Expected label ZipCode, got  ([]), file ZipCode.csv:7546 data 24221
    regex_detector_test.go:84: Expected label ZipCode, got  ([]), file ZipCode.csv:7547 data 24224
    regex_detector_test.go:84: Expected label ZipCode, got  ([]), file ZipCode.csv:7548 data 24225
    regex_detector_test.go:84: Expected label ZipCode, got  ([]), file ZipCode.csv:7549 data 24226
    regex_detector_test.go:84: Expected label ZipCode, got  ([]), file ZipCode.csv:7550 data 24228
    regex_detector_test.go:84: Expected label ZipCode, got  ([]), file ZipCode.csv:7551 data 24230
    regex_detector_test.go:84: Expected label ZipCode, got  ([]), file ZipCode.csv:7552 data 24236
    regex_detector_test.go:84: Expected label ZipCode, got  ([]), file ZipCode.csv:7553 data 24237
    regex_detector_test.go:84: Expected label ZipCode, got  ([]), file ZipCode.csv:7554 data 24239
    regex_detector_test.go:84: Expected label ZipCode, got  ([]), file ZipCode.csv:7555 data 24243
    regex_detector_test.go:84: Expected label ZipCode, got  ([]), file ZipCode.csv:7556 data 24244
    regex_detector_test.go:84: Expected label ZipCode, got  ([]), file ZipCode.csv:7557 data 24245
    regex_detector_test.go:84: Expected label ZipCode, got  ([]), file ZipCode.csv:7558 data 24246
    regex_detector_test.go:84: Expected label ZipCode, got  ([]), file ZipCode.csv:7559 data 24248
    regex_detector_test.go:84: Expected label ZipCode, got  ([]), file ZipCode.csv:7560 data 24250
    regex_detector_test.go:84: Expected label ZipCode, got  ([]), file ZipCode.csv:7561 data 24251
    regex_detector_test.go:84: Expected label ZipCode, got  ([]), file ZipCode.csv:7562 data 24256
    regex_detector_test.go:84: Expected label ZipCode, got  ([]), file ZipCode.csv:7563 data 24258
    regex_detector_test.go:84: Expected label ZipCode, got  ([]), file ZipCode.csv:7564 data 24260
    regex_detector_test.go:84: Expected label ZipCode, got  ([]), file ZipCode.csv:7565 data 24263
    regex_detector_test.go:84: Expected label ZipCode, got  ([]), file ZipCode.csv:7566 data 24265
    regex_detector_test.go:84: Expected label ZipCode, got  ([]), file ZipCode.csv:7567 data 24266
    regex_detector_test.go:84: Expected label ZipCode, got  ([]), file ZipCode.csv:7568 data 24269
    regex_detector_test.go:84: Expected label ZipCode, got  ([]), file ZipCode.csv:7569 data 24270
    regex_detector_test.go:84: Expected label ZipCode, got  ([]), file ZipCode.csv:7570 data 24271
    regex_detector_test.go:84: Expected label ZipCode, got  ([]), file ZipCode.csv:7571 data 24272
    regex_detector_test.go:84: Expected label ZipCode, got  ([]), file ZipCode.csv:7572 data 24273
    regex_detector_test.go:84: Expected label ZipCode, got  ([]), file ZipCode.csv:7573 data 24277
    regex_detector_test.go:84: Expected label ZipCode, got  ([]), file ZipCode.csv:7574 data 24279
    regex_detector_test.go:84: Expected label ZipCode, got  ([]), file ZipCode.csv:7575 data 24280
    regex_detector_test.go:84: Expected label ZipCode, got  ([]), file ZipCode.csv:7576 data 24281
    regex_detector_test.go:84: Expected label ZipCode, got  ([]), file ZipCode.csv:7577 data 24282
    regex_detector_test.go:84: Expected label ZipCode, got  ([]), file ZipCode.csv:7578 data 24283
    regex_detector_test.go:84: Expected label ZipCode, got  ([]), file ZipCode.csv:7579 data 24290
    regex_detector_test.go:84: Expected label ZipCode, got  ([]), file ZipCode.csv:7580 data 24292
    regex_detector_test.go:84: Expected label ZipCode, got  ([]), file ZipCode.csv:7581 data 24293
    regex_detector_test.go:84: Expected label ZipCode, got  ([]), file ZipCode.csv:7582 data 24301
    regex_detector_test.go:84: Expected label ZipCode, got  ([]), file ZipCode.csv:7583 data 24311
    regex_detector_test.go:84: Expected label ZipCode, got  ([]), file ZipCode.csv:7584 data 24312
    regex_detector_test.go:84: Expected label ZipCode, got  ([]), file ZipCode.csv:7585 data 24313
    regex_detector_test.go:84: Expected label ZipCode, got  ([]), file ZipCode.csv:7586 data 24314
    regex_detector_test.go:84: Expected label ZipCode, got  ([]), file ZipCode.csv:7587 data 24315
    regex_detector_test.go:84: Expected label ZipCode, got  ([]), file ZipCode.csv:7588 data 24316
    regex_detector_test.go:84: Expected label ZipCode, got  ([]), file ZipCode.csv:7589 data 24317
    regex_detector_test.go:84: Expected label ZipCode, got  ([]), file ZipCode.csv:7590 data 24318
    regex_detector_test.go:84: Expected label ZipCode, got  ([]), file ZipCode.csv:7591 data 24319
    regex_detector_test.go:84: Expected label ZipCode, got  ([]), file ZipCode.csv:7592 data 24322
    regex_detector_test.go:84: Expected label ZipCode, got  ([]), file ZipCode.csv:7593 data 24323
    regex_detector_test.go:84: Expected label ZipCode, got  ([]), file ZipCode.csv:7594 data 24324
    regex_detector_test.go:84: Expected label ZipCode, got  ([]), file ZipCode.csv:7595 data 24325
    regex_detector_test.go:84: Expected label ZipCode, got  ([]), file ZipCode.csv:7596 data 24326
    regex_detector_test.go:84: Expected label ZipCode, got  ([]), file ZipCode.csv:7597 data 24327
    regex_detector_test.go:84: Expected label ZipCode, got  ([]), file ZipCode.csv:7598 data 24328
    regex_detector_test.go:84: Expected label ZipCode, got  ([]), file ZipCode.csv:7599 data 24330
    regex_detector_test.go:84: Expected label ZipCode, got  ([]), file ZipCode.csv:7600 data 24333
    regex_detector_test.go:84: Expected label ZipCode, got  ([]), file ZipCode.csv:7601 data 24340
    regex_detector_test.go:84: Expected label ZipCode, got  ([]), file ZipCode.csv:7602 data 24343
    regex_detector_test.go:84: Expected label ZipCode, got  ([]), file ZipCode.csv:7603 data 24347
    regex_detector_test.go:84: Expected label ZipCode, got  ([]), file ZipCode.csv:7604 data 24348
    regex_detector_test.go:84: Expected label ZipCode, got  ([]), file ZipCode.csv:7605 data 24350
    regex_detector_test.go:84: Expected label ZipCode, got  ([]), file ZipCode.csv:7606 data 24351
    regex_detector_test.go:84: Expected label ZipCode, got  ([]), file ZipCode.csv:7607 data 24352
    regex_detector_test.go:84: Expected label ZipCode, got  ([]), file ZipCode.csv:7608 data 24354
    regex_detector_test.go:84: Expected label ZipCode, got  ([]), file ZipCode.csv:7609 data 24360
    regex_detector_test.go:84: Expected label ZipCode, got  ([]), file ZipCode.csv:7610 data 24361
    regex_detector_test.go:84: Expected label ZipCode, got  ([]), file ZipCode.csv:7611 data 24363
    regex_detector_test.go:84: Expected label ZipCode, got  ([]), file ZipCode.csv:7612 data 24366
    regex_detector_test.go:84: Expected label ZipCode, got  ([]), file ZipCode.csv:7613 data 24368
    regex_detector_test.go:84: Expected label ZipCode, got  ([]), file ZipCode.csv:7614 data 24370
    regex_detector_test.go:84: Expected label ZipCode, got  ([]), file ZipCode.csv:7615 data 24374
    regex_detector_test.go:84: Expected label ZipCode, got  ([]), file ZipCode.csv:7616 data 24375
    regex_detector_test.go:84: Expected label ZipCode, got  ([]), file ZipCode.csv:7617 data 24377
    regex_detector_test.go:84: Expected label ZipCode, got  ([]), file ZipCode.csv:7618 data 24378
    regex_detector_test.go:84: Expected label ZipCode, got  ([]), file ZipCode.csv:7619 data 24380
    regex_detector_test.go:84: Expected label ZipCode, got  ([]), file ZipCode.csv:7620 data 24381
    regex_detector_test.go:84: Expected label ZipCode, got  ([]), file ZipCode.csv:7621 data 24382
    regex_detector_test.go:84: Expected label ZipCode, got  ([]), file ZipCode.csv:7622 data 24401
    regex_detector_test.go:84: Expected label ZipCode, got  ([]), file ZipCode.csv:7623 data 24411
    regex_detector_test.go:84: Expected label ZipCode, got  ([]), file ZipCode.csv:7624 data 24412
    regex_detector_test.go:84: Expected label ZipCode, got  ([]), file ZipCode.csv:7625 data 24413
    regex_detector_test.go:84: Expected label ZipCode, got  ([]), file ZipCode.csv:7626 data 24415
    regex_detector_test.go:84: Expected label ZipCode, got  ([]), file ZipCode.csv:7627 data 24416
    regex_detector_test.go:84: Expected label ZipCode, got  ([]), file ZipCode.csv:7628 data 24421
    regex_detector_test.go:84: Expected label ZipCode, got  ([]), file ZipCode.csv:7629 data 24422
    regex_detector_test.go:84: Expected label ZipCode, got  ([]), file ZipCode.csv:7630 data 24426
    regex_detector_test.go:84: Expected label ZipCode, got  ([]), file ZipCode.csv:7631 data 24430
    regex_detector_test.go:84: Expected label ZipCode, got  ([]), file ZipCode.csv:7632 data 24431
    regex_detector_test.go:84: Expected label ZipCode, got  ([]), file ZipCode.csv:7633 data 24432
    regex_detector_test.go:84: Expected label ZipCode, got  ([]), file ZipCode.csv:7634 data 24433
    regex_detector_test.go:84: Expected label ZipCode, got  ([]), file ZipCode.csv:7635 data 24435
    regex_detector_test.go:84: Expected label ZipCode, got  ([]), file ZipCode.csv:7636 data 24437
    regex_detector_test.go:84: Expected label ZipCode, got  ([]), file ZipCode.csv:7637 data 24439
    regex_detector_test.go:84: Expected label ZipCode, got  ([]), file ZipCode.csv:7638 data 24440
    regex_detector_test.go:84: Expected label ZipCode, got  ([]), file ZipCode.csv:7639 data 24441
    regex_detector_test.go:84: Expected label ZipCode, got  ([]), file ZipCode.csv:7640 data 24442
    regex_detector_test.go:84: Expected label ZipCode, got  ([]), file ZipCode.csv:7641 data 24445
    regex_detector_test.go:84: Expected label ZipCode, got  ([]), file ZipCode.csv:7642 data 24448
    regex_detector_test.go:84: Expected label ZipCode, got  ([]), file ZipCode.csv:7643 data 24450
    regex_detector_test.go:84: Expected label ZipCode, got  ([]), file ZipCode.csv:7644 data 24457
    regex_detector_test.go:84: Expected label ZipCode, got  ([]), file ZipCode.csv:7645 data 24458
    regex_detector_test.go:84: Expected label ZipCode, got  ([]), file ZipCode.csv:7646 data 24459
    regex_detector_test.go:84: Expected label ZipCode, got  ([]), file ZipCode.csv:7647 data 24460
    regex_detector_test.go:84: Expected label ZipCode, got  ([]), file ZipCode.csv:7648 data 24464
    regex_detector_test.go:84: Expected label ZipCode, got  ([]), file ZipCode.csv:7649 data 24465
    regex_detector_test.go:84: Expected label ZipCode, got  ([]), file ZipCode.csv:7650 data 24467
    regex_detector_test.go:84: Expected label ZipCode, got  ([]), file ZipCode.csv:7651 data 24469
    regex_detector_test.go:84: Expected label ZipCode, got  ([]), file ZipCode.csv:7652 data 24471
    regex_detector_test.go:84: Expected label ZipCode, got  ([]), file ZipCode.csv:7653 data 24472
    regex_detector_test.go:84: Expected label ZipCode, got  ([]), file ZipCode.csv:7654 data 24473
    regex_detector_test.go:84: Expected label ZipCode, got  ([]), file ZipCode.csv:7655 data 24474
    regex_detector_test.go:84: Expected label ZipCode, got  ([]), file ZipCode.csv:7656 data 24476
    regex_detector_test.go:84: Expected label ZipCode, got  ([]), file ZipCode.csv:7657 data 24477
    regex_detector_test.go:84: Expected label ZipCode, got  ([]), file ZipCode.csv:7658 data 24479
    regex_detector_test.go:84: Expected label ZipCode, got  ([]), file ZipCode.csv:7659 data 24482
    regex_detector_test.go:84: Expected label ZipCode, got  ([]), file ZipCode.csv:7660 data 24483
    regex_detector_test.go:84: Expected label ZipCode, got  ([]), file ZipCode.csv:7661 data 24484
    regex_detector_test.go:84: Expected label ZipCode, got  ([]), file ZipCode.csv:7662 data 24485
    regex_detector_test.go:84: Expected label ZipCode, got  ([]), file ZipCode.csv:7663 data 24486
    regex_detector_test.go:84: Expected label ZipCode, got  ([]), file ZipCode.csv:7664 data 24487
    regex_detector_test.go:84: Expected label ZipCode, got  ([]), file ZipCode.csv:7665 data 24501
    regex_detector_test.go:84: Expected label ZipCode, got  ([]), file ZipCode.csv:7666 data 24502
    regex_detector_test.go:84: Expected label ZipCode, got  ([]), file ZipCode.csv:7667 data 24503
    regex_detector_test.go:84: Expected label ZipCode, got  ([]), file ZipCode.csv:7668 data 24504
    regex_detector_test.go:84: Expected label ZipCode, got  ([]), file ZipCode.csv:7669 data 24515
    regex_detector_test.go:84: Expected label ZipCode, got  ([]), file ZipCode.csv:7670 data 24517
    regex_detector_test.go:84: Expected label ZipCode, got  ([]), file ZipCode.csv:7671 data 24520
    regex_detector_test.go:84: Expected label ZipCode, got  ([]), file ZipCode.csv:7672 data 24521
    regex_detector_test.go:84: Expected label ZipCode, got  ([]), file ZipCode.csv:7673 data 24522
    regex_detector_test.go:84: Expected label ZipCode, got  ([]), file ZipCode.csv:7674 data 24523
    regex_detector_test.go:84: Expected label ZipCode, got  ([]), file ZipCode.csv:7675 data 24526
    regex_detector_test.go:84: Expected label ZipCode, got  ([]), file ZipCode.csv:7676 data 24527
    regex_detector_test.go:84: Expected label ZipCode, got  ([]), file ZipCode.csv:7677 data 24528
    regex_detector_test.go:84: Expected label ZipCode, got  ([]), file ZipCode.csv:7678 data 24529
    regex_detector_test.go:84: Expected label ZipCode, got  ([]), file ZipCode.csv:7679 data 24530
    regex_detector_test.go:84: Expected label ZipCode, got  ([]), file ZipCode.csv:7680 data 24531
    regex_detector_test.go:84: Expected label ZipCode, got  ([]), file ZipCode.csv:7681 data 24534
    regex_detector_test.go:84: Expected label ZipCode, got  ([]), file ZipCode.csv:7682 data 24536
    regex_detector_test.go:84: Expected label ZipCode, got  ([]), file ZipCode.csv:7683 data 24538
    regex_detector_test.go:84: Expected label ZipCode, got  ([]), file ZipCode.csv:7684 data 24539
    regex_detector_test.go:84: Expected label ZipCode, got  ([]), file ZipCode.csv:7685 data 24540
    regex_detector_test.go:84: Expected label ZipCode, got  ([]), file ZipCode.csv:7686 data 24541
    regex_detector_test.go:84: Expected label ZipCode, got  ([]), file ZipCode.csv:7687 data 24549
    regex_detector_test.go:84: Expected label ZipCode, got  ([]), file ZipCode.csv:7688 data 24550
    regex_detector_test.go:84: Expected label ZipCode, got  ([]), file ZipCode.csv:7689 data 24551
    regex_detector_test.go:84: Expected label ZipCode, got  ([]), file ZipCode.csv:7690 data 24553
    regex_detector_test.go:84: Expected label ZipCode, got  ([]), file ZipCode.csv:7691 data 24554
    regex_detector_test.go:84: Expected label ZipCode, got  ([]), file ZipCode.csv:7692 data 24555
    regex_detector_test.go:84: Expected label ZipCode, got  ([]), file ZipCode.csv:7693 data 24556
    regex_detector_test.go:84: Expected label ZipCode, got  ([]), file ZipCode.csv:7694 data 24557
    regex_detector_test.go:84: Expected label ZipCode, got  ([]), file ZipCode.csv:7695 data 24558
    regex_detector_test.go:84: Expected label ZipCode, got  ([]), file ZipCode.csv:7696 data 24562
    regex_detector_test.go:84: Expected label ZipCode, got  ([]), file ZipCode.csv:7697 data 24563
    regex_detector_test.go:84: Expected label ZipCode, got  ([]), file ZipCode.csv:7698 data 24565
    regex_detector_test.go:84: Expected label ZipCode, got  ([]), file ZipCode.csv:7699 data 24566
    regex_detector_test.go:84: Expected label ZipCode, got  ([]), file ZipCode.csv:7700 data 24569
    regex_detector_test.go:84: Expected label ZipCode, got  ([]), file ZipCode.csv:7701 data 24570
    regex_detector_test.go:84: Expected label ZipCode, got  ([]), file ZipCode.csv:7702 data 24571
    regex_detector_test.go:84: Expected label ZipCode, got  ([]), file ZipCode.csv:7703 data 24572
    regex_detector_test.go:84: Expected label ZipCode, got  ([]), file ZipCode.csv:7704 data 24574
    regex_detector_test.go:84: Expected label ZipCode, got  ([]), file ZipCode.csv:7705 data 24577
    regex_detector_test.go:84: Expected label ZipCode, got  ([]), file ZipCode.csv:7706 data 24578
    regex_detector_test.go:84: Expected label ZipCode, got  ([]), file ZipCode.csv:7707 data 24579
    regex_detector_test.go:84: Expected label ZipCode, got  ([]), file ZipCode.csv:7708 data 24580
    regex_detector_test.go:84: Expected label ZipCode, got  ([]), file ZipCode.csv:7709 data 24581
    regex_detector_test.go:84: Expected label ZipCode, got  ([]), file ZipCode.csv:7710 data 24586
    regex_detector_test.go:84: Expected label ZipCode, got  ([]), file ZipCode.csv:7711 data 24588
    regex_detector_test.go:84: Expected label ZipCode, got  ([]), file ZipCode.csv:7712 data 24589
    regex_detector_test.go:84: Expected label ZipCode, got  ([]), file ZipCode.csv:7713 data 24590
    regex_detector_test.go:84: Expected label ZipCode, got  ([]), file ZipCode.csv:7714 data 24592
    regex_detector_test.go:84: Expected label ZipCode, got  ([]), file ZipCode.csv:7715 data 24593
    regex_detector_test.go:84: Expected label ZipCode, got  ([]), file ZipCode.csv:7716 data 24594
    regex_detector_test.go:84: Expected label ZipCode, got  ([]), file ZipCode.csv:7717 data 24595
    regex_detector_test.go:84: Expected label ZipCode, got  ([]), file ZipCode.csv:7718 data 24597
    regex_detector_test.go:84: Expected label ZipCode, got  ([]), file ZipCode.csv:7719 data 24598
    regex_detector_test.go:84: Expected label ZipCode, got  ([]), file ZipCode.csv:7720 data 24599
    regex_detector_test.go:84: Expected label ZipCode, got  ([]), file ZipCode.csv:7721 data 24601
    regex_detector_test.go:84: Expected label ZipCode, got  ([]), file ZipCode.csv:7722 data 24602
    regex_detector_test.go:84: Expected label ZipCode, got  ([]), file ZipCode.csv:7723 data 24603
    regex_detector_test.go:84: Expected label ZipCode, got  ([]), file ZipCode.csv:7724 data 24604
    regex_detector_test.go:84: Expected label ZipCode, got  ([]), file ZipCode.csv:7725 data 24605
    regex_detector_test.go:84: Expected label ZipCode, got  ([]), file ZipCode.csv:7726 data 24606
    regex_detector_test.go:84: Expected label ZipCode, got  ([]), file ZipCode.csv:7727 data 24607
    regex_detector_test.go:84: Expected label ZipCode, got  ([]), file ZipCode.csv:7728 data 24609
    regex_detector_test.go:84: Expected label ZipCode, got  ([]), file ZipCode.csv:7729 data 24612
    regex_detector_test.go:84: Expected label ZipCode, got  ([]), file ZipCode.csv:7730 data 24613
    regex_detector_test.go:84: Expected label ZipCode, got  ([]), file ZipCode.csv:7731 data 24614
    regex_detector_test.go:84: Expected label ZipCode, got  ([]), file ZipCode.csv:7732 data 24620
    regex_detector_test.go:84: Expected label ZipCode, got  ([]), file ZipCode.csv:7733 data 24622
    regex_detector_test.go:84: Expected label ZipCode, got  ([]), file ZipCode.csv:7734 data 24630
    regex_detector_test.go:84: Expected label ZipCode, got  ([]), file ZipCode.csv:7735 data 24631
    regex_detector_test.go:84: Expected label ZipCode, got  ([]), file ZipCode.csv:7736 data 24634
    regex_detector_test.go:84: Expected label ZipCode, got  ([]), file ZipCode.csv:7737 data 24635
    regex_detector_test.go:84: Expected label ZipCode, got  ([]), file ZipCode.csv:7738 data 24637
    regex_detector_test.go:84: Expected label ZipCode, got  ([]), file ZipCode.csv:7739 data 24639
    regex_detector_test.go:84: Expected label ZipCode, got  ([]), file ZipCode.csv:7740 data 24641
    regex_detector_test.go:84: Expected label ZipCode, got  ([]), file ZipCode.csv:7741 data 24646
    regex_detector_test.go:84: Expected label ZipCode, got  ([]), file ZipCode.csv:7742 data 24649
    regex_detector_test.go:84: Expected label ZipCode, got  ([]), file ZipCode.csv:7743 data 24651
    regex_detector_test.go:84: Expected label ZipCode, got  ([]), file ZipCode.csv:7744 data 24656
    regex_detector_test.go:84: Expected label ZipCode, got  ([]), file ZipCode.csv:7745 data 24657
    regex_detector_test.go:84: Expected label ZipCode, got  ([]), file ZipCode.csv:7746 data 24701
    regex_detector_test.go:84: Expected label ZipCode, got  ([]), file ZipCode.csv:7747 data 24712
    regex_detector_test.go:84: Expected label ZipCode, got  ([]), file ZipCode.csv:7748 data 24714
    regex_detector_test.go:84: Expected label ZipCode, got  ([]), file ZipCode.csv:7749 data 24715
    regex_detector_test.go:84: Expected label ZipCode, got  ([]), file ZipCode.csv:7750 data 24716
    regex_detector_test.go:84: Expected label ZipCode, got  ([]), file ZipCode.csv:7751 data 24719
    regex_detector_test.go:84: Expected label ZipCode, got  ([]), file ZipCode.csv:7752 data 24724
    regex_detector_test.go:84: Expected label ZipCode, got  ([]), file ZipCode.csv:7753 data 24726
    regex_detector_test.go:84: Expected label ZipCode, got  ([]), file ZipCode.csv:7754 data 24729
    regex_detector_test.go:84: Expected label ZipCode, got  ([]), file ZipCode.csv:7755 data 24731
    regex_detector_test.go:84: Expected label ZipCode, got  ([]), file ZipCode.csv:7756 data 24733
    regex_detector_test.go:84: Expected label ZipCode, got  ([]), file ZipCode.csv:7757 data 24736
    regex_detector_test.go:84: Expected label ZipCode, got  ([]), file ZipCode.csv:7758 data 24737
    regex_detector_test.go:84: Expected label ZipCode, got  ([]), file ZipCode.csv:7759 data 24738
    regex_detector_test.go:84: Expected label ZipCode, got  ([]), file ZipCode.csv:7760 data 24739
    regex_detector_test.go:84: Expected label ZipCode, got  ([]), file ZipCode.csv:7761 data 24740
    regex_detector_test.go:84: Expected label ZipCode, got  ([]), file ZipCode.csv:7762 data 24747
    regex_detector_test.go:84: Expected label ZipCode, got  ([]), file ZipCode.csv:7763 data 24801
    regex_detector_test.go:84: Expected label ZipCode, got  ([]), file ZipCode.csv:7764 data 24808
    regex_detector_test.go:84: Expected label ZipCode, got  ([]), file ZipCode.csv:7765 data 24811
    regex_detector_test.go:84: Expected label ZipCode, got  ([]), file ZipCode.csv:7766 data 24813
    regex_detector_test.go:84: Expected label ZipCode, got  ([]), file ZipCode.csv:7767 data 24815
    regex_detector_test.go:84: Expected label ZipCode, got  ([]), file ZipCode.csv:7768 data 24816
    regex_detector_test.go:84: Expected label ZipCode, got  ([]), file ZipCode.csv:7769 data 24817
    regex_detector_test.go:84: Expected label ZipCode, got  ([]), file ZipCode.csv:7770 data 24818
    regex_detector_test.go:84: Expected label ZipCode, got  ([]), file ZipCode.csv:7771 data 24822
    regex_detector_test.go:84: Expected label ZipCode, got  ([]), file ZipCode.csv:7772 data 24823
    regex_detector_test.go:84: Expected label ZipCode, got  ([]), file ZipCode.csv:7773 data 24826
    regex_detector_test.go:84: Expected label ZipCode, got  ([]), file ZipCode.csv:7774 data 24827
    regex_detector_test.go:84: Expected label ZipCode, got  ([]), file ZipCode.csv:7775 data 24828
    regex_detector_test.go:84: Expected label ZipCode, got  ([]), file ZipCode.csv:7776 data 24830
    regex_detector_test.go:84: Expected label ZipCode, got  ([]), file ZipCode.csv:7777 data 24831
    regex_detector_test.go:84: Expected label ZipCode, got  ([]), file ZipCode.csv:7778 data 24834
    regex_detector_test.go:84: Expected label ZipCode, got  ([]), file ZipCode.csv:7779 data 24836
    regex_detector_test.go:84: Expected label ZipCode, got  ([]), file ZipCode.csv:7780 data 24839
    regex_detector_test.go:84: Expected label ZipCode, got  ([]), file ZipCode.csv:7781 data 24843
    regex_detector_test.go:84: Expected label ZipCode, got  ([]), file ZipCode.csv:7782 data 24844
    regex_detector_test.go:84: Expected label ZipCode, got  ([]), file ZipCode.csv:7783 data 24845
    regex_detector_test.go:84: Expected label ZipCode, got  ([]), file ZipCode.csv:7784 data 24846
    regex_detector_test.go:84: Expected label ZipCode, got  ([]), file ZipCode.csv:7785 data 24847
    regex_detector_test.go:84: Expected label ZipCode, got  ([]), file ZipCode.csv:7786 data 24848
    regex_detector_test.go:84: Expected label ZipCode, got  ([]), file ZipCode.csv:7787 data 24849
    regex_detector_test.go:84: Expected label ZipCode, got  ([]), file ZipCode.csv:7788 data 24850
    regex_detector_test.go:84: Expected label ZipCode, got  ([]), file ZipCode.csv:7789 data 24851
    regex_detector_test.go:84: Expected label ZipCode, got  ([]), file ZipCode.csv:7790 data 24853
    regex_detector_test.go:84: Expected label ZipCode, got  ([]), file ZipCode.csv:7791 data 24854
    regex_detector_test.go:84: Expected label ZipCode, got  ([]), file ZipCode.csv:7792 data 24855
    regex_detector_test.go:84: Expected label ZipCode, got  ([]), file ZipCode.csv:7793 data 24857
    regex_detector_test.go:84: Expected label ZipCode, got  ([]), file ZipCode.csv:7794 data 24860
    regex_detector_test.go:84: Expected label ZipCode, got  ([]), file ZipCode.csv:7795 data 24861
    regex_detector_test.go:84: Expected label ZipCode, got  ([]), file ZipCode.csv:7796 data 24862
    regex_detector_test.go:84: Expected label ZipCode, got  ([]), file ZipCode.csv:7797 data 24866
    regex_detector_test.go:84: Expected label ZipCode, got  ([]), file ZipCode.csv:7798 data 24867
    regex_detector_test.go:84: Expected label ZipCode, got  ([]), file ZipCode.csv:7799 data 24868
    regex_detector_test.go:84: Expected label ZipCode, got  ([]), file ZipCode.csv:7800 data 24869
    regex_detector_test.go:84: Expected label ZipCode, got  ([]), file ZipCode.csv:7801 data 24870
    regex_detector_test.go:84: Expected label ZipCode, got  ([]), file ZipCode.csv:7802 data 24871
    regex_detector_test.go:84: Expected label ZipCode, got  ([]), file ZipCode.csv:7803 data 24872
    regex_detector_test.go:84: Expected label ZipCode, got  ([]), file ZipCode.csv:7804 data 24873
    regex_detector_test.go:84: Expected label ZipCode, got  ([]), file ZipCode.csv:7805 data 24874
    regex_detector_test.go:84: Expected label ZipCode, got  ([]), file ZipCode.csv:7806 data 24878
    regex_detector_test.go:84: Expected label ZipCode, got  ([]), file ZipCode.csv:7807 data 24879
    regex_detector_test.go:84: Expected label ZipCode, got  ([]), file ZipCode.csv:7808 data 24880
    regex_detector_test.go:84: Expected label ZipCode, got  ([]), file ZipCode.csv:7809 data 24881
    regex_detector_test.go:84: Expected label ZipCode, got  ([]), file ZipCode.csv:7810 data 24882
    regex_detector_test.go:84: Expected label ZipCode, got  ([]), file ZipCode.csv:7811 data 24884
    regex_detector_test.go:84: Expected label ZipCode, got  ([]), file ZipCode.csv:7812 data 24887
    regex_detector_test.go:84: Expected label ZipCode, got  ([]), file ZipCode.csv:7813 data 24888
    regex_detector_test.go:84: Expected label ZipCode, got  ([]), file ZipCode.csv:7814 data 24892
    regex_detector_test.go:84: Expected label ZipCode, got  ([]), file ZipCode.csv:7815 data 24894
    regex_detector_test.go:84: Expected label ZipCode, got  ([]), file ZipCode.csv:7816 data 24895
    regex_detector_test.go:84: Expected label ZipCode, got  ([]), file ZipCode.csv:7817 data 24898
    regex_detector_test.go:84: Expected label ZipCode, got  ([]), file ZipCode.csv:7818 data 24901
    regex_detector_test.go:84: Expected label ZipCode, got  ([]), file ZipCode.csv:7819 data 24910
    regex_detector_test.go:84: Expected label ZipCode, got  ([]), file ZipCode.csv:7820 data 24915
    regex_detector_test.go:84: Expected label ZipCode, got  ([]), file ZipCode.csv:7821 data 24916
    regex_detector_test.go:84: Expected label ZipCode, got  ([]), file ZipCode.csv:7822 data 24918
    regex_detector_test.go:84: Expected label ZipCode, got  ([]), file ZipCode.csv:7823 data 24920
    regex_detector_test.go:84: Expected label ZipCode, got  ([]), file ZipCode.csv:7824 data 24924
    regex_detector_test.go:84: Expected label ZipCode, got  ([]), file ZipCode.csv:7825 data 24925
    regex_detector_test.go:84: Expected label ZipCode, got  ([]), file ZipCode.csv:7826 data 24927
    regex_detector_test.go:84: Expected label ZipCode, got  ([]), file ZipCode.csv:7827 data 24931
    regex_detector_test.go:84: Expected label ZipCode, got  ([]), file ZipCode.csv:7828 data 24934
    regex_detector_test.go:84: Expected label ZipCode, got  ([]), file ZipCode.csv:7829 data 24935
    regex_detector_test.go:84: Expected label ZipCode, got  ([]), file ZipCode.csv:7830 data 24938
    regex_detector_test.go:84: Expected label ZipCode, got  ([]), file ZipCode.csv:7831 data 24941
    regex_detector_test.go:84: Expected label ZipCode, got  ([]), file ZipCode.csv:7832 data 24943
    regex_detector_test.go:84: Expected label ZipCode, got  ([]), file ZipCode.csv:7833 data 24944
    regex_detector_test.go:84: Expected label ZipCode, got  ([]), file ZipCode.csv:7834 data 24945
    regex_detector_test.go:84: Expected label ZipCode, got  ([]), file ZipCode.csv:7835 data 24946
    regex_detector_test.go:84: Expected label ZipCode, got  ([]), file ZipCode.csv:7836 data 24951
    regex_detector_test.go:84: Expected label ZipCode, got  ([]), file ZipCode.csv:7837 data 24954
    regex_detector_test.go:84: Expected label ZipCode, got  ([]), file ZipCode.csv:7838 data 24957
    regex_detector_test.go:84: Expected label ZipCode, got  ([]), file ZipCode.csv:7839 data 24962
    regex_detector_test.go:84: Expected label ZipCode, got  ([]), file ZipCode.csv:7840 data 24963
    regex_detector_test.go:84: Expected label ZipCode, got  ([]), file ZipCode.csv:7841 data 24966
    regex_detector_test.go:84: Expected label ZipCode, got  ([]), file ZipCode.csv:7842 data 24970
    regex_detector_test.go:84: Expected label ZipCode, got  ([]), file ZipCode.csv:7843 data 24974
    regex_detector_test.go:84: Expected label ZipCode, got  ([]), file ZipCode.csv:7844 data 24976
    regex_detector_test.go:84: Expected label ZipCode, got  ([]), file ZipCode.csv:7845 data 24977
    regex_detector_test.go:84: Expected label ZipCode, got  ([]), file ZipCode.csv:7846 data 24981
    regex_detector_test.go:84: Expected label ZipCode, got  ([]), file ZipCode.csv:7847 data 24983
    regex_detector_test.go:84: Expected label ZipCode, got  ([]), file ZipCode.csv:7848 data 24984
    regex_detector_test.go:84: Expected label ZipCode, got  ([]), file ZipCode.csv:7849 data 24985
    regex_detector_test.go:84: Expected label ZipCode, got  ([]), file ZipCode.csv:7850 data 24986
    regex_detector_test.go:84: Expected label ZipCode, got  ([]), file ZipCode.csv:7851 data 24991
    regex_detector_test.go:84: Expected label ZipCode, got  ([]), file ZipCode.csv:7852 data 24993
    regex_detector_test.go:84: Expected label ZipCode, got  ([]), file ZipCode.csv:7853 data 25002
    regex_detector_test.go:84: Expected label ZipCode, got  ([]), file ZipCode.csv:7854 data 25003
    regex_detector_test.go:84: Expected label ZipCode, got  ([]), file ZipCode.csv:7855 data 25005
    regex_detector_test.go:84: Expected label ZipCode, got  ([]), file ZipCode.csv:7856 data 25007
    regex_detector_test.go:84: Expected label ZipCode, got  ([]), file ZipCode.csv:7857 data 25008
    regex_detector_test.go:84: Expected label ZipCode, got  ([]), file ZipCode.csv:7858 data 25009
    regex_detector_test.go:84: Expected label ZipCode, got  ([]), file ZipCode.csv:7859 data 25011
    regex_detector_test.go:84: Expected label ZipCode, got  ([]), file ZipCode.csv:7860 data 25015
    regex_detector_test.go:84: Expected label ZipCode, got  ([]), file ZipCode.csv:7861 data 25019
    regex_detector_test.go:84: Expected label ZipCode, got  ([]), file ZipCode.csv:7862 data 25021
    regex_detector_test.go:84: Expected label ZipCode, got  ([]), file ZipCode.csv:7863 data 25022
    regex_detector_test.go:84: Expected label ZipCode, got  ([]), file ZipCode.csv:7864 data 25024
    regex_detector_test.go:84: Expected label ZipCode, got  ([]), file ZipCode.csv:7865 data 25025
    regex_detector_test.go:84: Expected label ZipCode, got  ([]), file ZipCode.csv:7866 data 25028
    regex_detector_test.go:84: Expected label ZipCode, got  ([]), file ZipCode.csv:7867 data 25030
    regex_detector_test.go:84: Expected label ZipCode, got  ([]), file ZipCode.csv:7868 data 25031
    regex_detector_test.go:84: Expected label ZipCode, got  ([]), file ZipCode.csv:7869 data 25033
    regex_detector_test.go:84: Expected label ZipCode, got  ([]), file ZipCode.csv:7870 data 25035
    regex_detector_test.go:84: Expected label ZipCode, got  ([]), file ZipCode.csv:7871 data 25036
    regex_detector_test.go:84: Expected label ZipCode, got  ([]), file ZipCode.csv:7872 data 25039
    regex_detector_test.go:84: Expected label ZipCode, got  ([]), file ZipCode.csv:7873 data 25040
    regex_detector_test.go:84: Expected label ZipCode, got  ([]), file ZipCode.csv:7874 data 25043
    regex_detector_test.go:84: Expected label ZipCode, got  ([]), file ZipCode.csv:7875 data 25044
    regex_detector_test.go:84: Expected label ZipCode, got  ([]), file ZipCode.csv:7876 data 25045
    regex_detector_test.go:84: Expected label ZipCode, got  ([]), file ZipCode.csv:7877 data 25047
    regex_detector_test.go:84: Expected label ZipCode, got  ([]), file ZipCode.csv:7878 data 25048
    regex_detector_test.go:84: Expected label ZipCode, got  ([]), file ZipCode.csv:7879 data 25049
    regex_detector_test.go:84: Expected label ZipCode, got  ([]), file ZipCode.csv:7880 data 25051
    regex_detector_test.go:84: Expected label ZipCode, got  ([]), file ZipCode.csv:7881 data 25053
    regex_detector_test.go:84: Expected label ZipCode, got  ([]), file ZipCode.csv:7882 data 25054
    regex_detector_test.go:84: Expected label ZipCode, got  ([]), file ZipCode.csv:7883 data 25057
    regex_detector_test.go:84: Expected label ZipCode, got  ([]), file ZipCode.csv:7884 data 25059
    regex_detector_test.go:84: Expected label ZipCode, got  ([]), file ZipCode.csv:7885 data 25060
    regex_detector_test.go:84: Expected label ZipCode, got  ([]), file ZipCode.csv:7886 data 25061
    regex_detector_test.go:84: Expected label ZipCode, got  ([]), file ZipCode.csv:7887 data 25062
    regex_detector_test.go:84: Expected label ZipCode, got  ([]), file ZipCode.csv:7888 data 25063
    regex_detector_test.go:84: Expected label ZipCode, got  ([]), file ZipCode.csv:7889 data 25064
    regex_detector_test.go:84: Expected label ZipCode, got  ([]), file ZipCode.csv:7890 data 25067
    regex_detector_test.go:84: Expected label ZipCode, got  ([]), file ZipCode.csv:7891 data 25070
    regex_detector_test.go:84: Expected label ZipCode, got  ([]), file ZipCode.csv:7892 data 25071
    regex_detector_test.go:84: Expected label ZipCode, got  ([]), file ZipCode.csv:7893 data 25075
    regex_detector_test.go:84: Expected label ZipCode, got  ([]), file ZipCode.csv:7894 data 25076
    regex_detector_test.go:84: Expected label ZipCode, got  ([]), file ZipCode.csv:7895 data 25081
    regex_detector_test.go:84: Expected label ZipCode, got  ([]), file ZipCode.csv:7896 data 25082
    regex_detector_test.go:84: Expected label ZipCode, got  ([]), file ZipCode.csv:7897 data 25083
    regex_detector_test.go:84: Expected label ZipCode, got  ([]), file ZipCode.csv:7898 data 25085
    regex_detector_test.go:84: Expected label ZipCode, got  ([]), file ZipCode.csv:7899 data 25086
    regex_detector_test.go:84: Expected label ZipCode, got  ([]), file ZipCode.csv:7900 data 25088
    regex_detector_test.go:84: Expected label ZipCode, got  ([]), file ZipCode.csv:7901 data 25090
    regex_detector_test.go:84: Expected label ZipCode, got  ([]), file ZipCode.csv:7902 data 25093
    regex_detector_test.go:84: Expected label ZipCode, got  ([]), file ZipCode.csv:7903 data 25102
    regex_detector_test.go:84: Expected label ZipCode, got  ([]), file ZipCode.csv:7904 data 25103
    regex_detector_test.go:84: Expected label ZipCode, got  ([]), file ZipCode.csv:7905 data 25106
    regex_detector_test.go:84: Expected label ZipCode, got  ([]), file ZipCode.csv:7906 data 25107
    regex_detector_test.go:84: Expected label ZipCode, got  ([]), file ZipCode.csv:7907 data 25108
    regex_detector_test.go:84: Expected label ZipCode, got  ([]), file ZipCode.csv:7908 data 25109
    regex_detector_test.go:84: Expected label ZipCode, got  ([]), file ZipCode.csv:7909 data 25110
    regex_detector_test.go:84: Expected label ZipCode, got  ([]), file ZipCode.csv:7910 data 25111
    regex_detector_test.go:84: Expected label ZipCode, got  ([]), file ZipCode.csv:7911 data 25112
    regex_detector_test.go:84: Expected label ZipCode, got  ([]), file ZipCode.csv:7912 data 25113
    regex_detector_test.go:84: Expected label ZipCode, got  ([]), file ZipCode.csv:7913 data 25114
    regex_detector_test.go:84: Expected label ZipCode, got  ([]), file ZipCode.csv:7914 data 25115
    regex_detector_test.go:84: Expected label ZipCode, got  ([]), file ZipCode.csv:7915 data 25118
    regex_detector_test.go:84: Expected label ZipCode, got  ([]), file ZipCode.csv:7916 data 25119
    regex_detector_test.go:84: Expected label ZipCode, got  ([]), file ZipCode.csv:7917 data 25121
    regex_detector_test.go:84: Expected label ZipCode, got  ([]), file ZipCode.csv:7918 data 25123
    regex_detector_test.go:84: Expected label ZipCode, got  ([]), file ZipCode.csv:7919 data 25124
    regex_detector_test.go:84: Expected label ZipCode, got  ([]), file ZipCode.csv:7920 data 25125
    regex_detector_test.go:84: Expected label ZipCode, got  ([]), file ZipCode.csv:7921 data 25126
    regex_detector_test.go:84: Expected label ZipCode, got  ([]), file ZipCode.csv:7922 data 25130
    regex_detector_test.go:84: Expected label ZipCode, got  ([]), file ZipCode.csv:7923 data 25132
    regex_detector_test.go:84: Expected label ZipCode, got  ([]), file ZipCode.csv:7924 data 25133
    regex_detector_test.go:84: Expected label ZipCode, got  ([]), file ZipCode.csv:7925 data 25134
    regex_detector_test.go:84: Expected label ZipCode, got  ([]), file ZipCode.csv:7926 data 25136
    regex_detector_test.go:84: Expected label ZipCode, got  ([]), file ZipCode.csv:7927 data 25139
    regex_detector_test.go:84: Expected label ZipCode, got  ([]), file ZipCode.csv:7928 data 25140
    regex_detector_test.go:84: Expected label ZipCode, got  ([]), file ZipCode.csv:7929 data 25141
    regex_detector_test.go:84: Expected label ZipCode, got  ([]), file ZipCode.csv:7930 data 25142
    regex_detector_test.go:84: Expected label ZipCode, got  ([]), file ZipCode.csv:7931 data 25143
    regex_detector_test.go:84: Expected label ZipCode, got  ([]), file ZipCode.csv:7932 data 25148
    regex_detector_test.go:84: Expected label ZipCode, got  ([]), file ZipCode.csv:7933 data 25149
    regex_detector_test.go:84: Expected label ZipCode, got  ([]), file ZipCode.csv:7934 data 25152
    regex_detector_test.go:84: Expected label ZipCode, got  ([]), file ZipCode.csv:7935 data 25154
    regex_detector_test.go:84: Expected label ZipCode, got  ([]), file ZipCode.csv:7936 data 25156
    regex_detector_test.go:84: Expected label ZipCode, got  ([]), file ZipCode.csv:7937 data 25159
    regex_detector_test.go:84: Expected label ZipCode, got  ([]), file ZipCode.csv:7938 data 25160
    regex_detector_test.go:84: Expected label ZipCode, got  ([]), file ZipCode.csv:7939 data 25161
    regex_detector_test.go:84: Expected label ZipCode, got  ([]), file ZipCode.csv:7940 data 25162
    regex_detector_test.go:84: Expected label ZipCode, got  ([]), file ZipCode.csv:7941 data 25164
    regex_detector_test.go:84: Expected label ZipCode, got  ([]), file ZipCode.csv:7942 data 25165
    regex_detector_test.go:84: Expected label ZipCode, got  ([]), file ZipCode.csv:7943 data 25168
    regex_detector_test.go:84: Expected label ZipCode, got  ([]), file ZipCode.csv:7944 data 25169
    regex_detector_test.go:84: Expected label ZipCode, got  ([]), file ZipCode.csv:7945 data 25173
    regex_detector_test.go:84: Expected label ZipCode, got  ([]), file ZipCode.csv:7946 data 25174
    regex_detector_test.go:84: Expected label ZipCode, got  ([]), file ZipCode.csv:7947 data 25177
    regex_detector_test.go:84: Expected label ZipCode, got  ([]), file ZipCode.csv:7948 data 25180
    regex_detector_test.go:84: Expected label ZipCode, got  ([]), file ZipCode.csv:7949 data 25181
    regex_detector_test.go:84: Expected label ZipCode, got  ([]), file ZipCode.csv:7950 data 25183
    regex_detector_test.go:84: Expected label ZipCode, got  ([]), file ZipCode.csv:7951 data 25185
    regex_detector_test.go:84: Expected label ZipCode, got  ([]), file ZipCode.csv:7952 data 25186
    regex_detector_test.go:84: Expected label ZipCode, got  ([]), file ZipCode.csv:7953 data 25187
    regex_detector_test.go:84: Expected label ZipCode, got  ([]), file ZipCode.csv:7954 data 25193
    regex_detector_test.go:84: Expected label ZipCode, got  ([]), file ZipCode.csv:7955 data 25201
    regex_detector_test.go:84: Expected label ZipCode, got  ([]), file ZipCode.csv:7956 data 25202
    regex_detector_test.go:84: Expected label ZipCode, got  ([]), file ZipCode.csv:7957 data 25203
    regex_detector_test.go:84: Expected label ZipCode, got  ([]), file ZipCode.csv:7958 data 25204
    regex_detector_test.go:84: Expected label ZipCode, got  ([]), file ZipCode.csv:7959 data 25205
    regex_detector_test.go:84: Expected label ZipCode, got  ([]), file ZipCode.csv:7960 data 25206
    regex_detector_test.go:84: Expected label ZipCode, got  ([]), file ZipCode.csv:7961 data 25208
    regex_detector_test.go:84: Expected label ZipCode, got  ([]), file ZipCode.csv:7962 data 25209
    regex_detector_test.go:84: Expected label ZipCode, got  ([]), file ZipCode.csv:7963 data 25211
    regex_detector_test.go:84: Expected label ZipCode, got  ([]), file ZipCode.csv:7964 data 25213
    regex_detector_test.go:84: Expected label ZipCode, got  ([]), file ZipCode.csv:7965 data 25214
    regex_detector_test.go:84: Expected label ZipCode, got  ([]), file ZipCode.csv:7966 data 25231
    regex_detector_test.go:84: Expected label ZipCode, got  ([]), file ZipCode.csv:7967 data 25234
    regex_detector_test.go:84: Expected label ZipCode, got  ([]), file ZipCode.csv:7968 data 25235
    regex_detector_test.go:84: Expected label ZipCode, got  ([]), file ZipCode.csv:7969 data 25239
    regex_detector_test.go:84: Expected label ZipCode, got  ([]), file ZipCode.csv:7970 data 25241
    regex_detector_test.go:84: Expected label ZipCode, got  ([]), file ZipCode.csv:7971 data 25243
    regex_detector_test.go:84: Expected label ZipCode, got  ([]), file ZipCode.csv:7972 data 25244
    regex_detector_test.go:84: Expected label ZipCode, got  ([]), file ZipCode.csv:7973 data 25245
    regex_detector_test.go:84: Expected label ZipCode, got  ([]), file ZipCode.csv:7974 data 25247
    regex_detector_test.go:84: Expected label ZipCode, got  ([]), file ZipCode.csv:7975 data 25248
    regex_detector_test.go:84: Expected label ZipCode, got  ([]), file ZipCode.csv:7976 data 25251
    regex_detector_test.go:84: Expected label ZipCode, got  ([]), file ZipCode.csv:7977 data 25252
    regex_detector_test.go:84: Expected label ZipCode, got  ([]), file ZipCode.csv:7978 data 25253
    regex_detector_test.go:84: Expected label ZipCode, got  ([]), file ZipCode.csv:7979 data 25259
    regex_detector_test.go:84: Expected label ZipCode, got  ([]), file ZipCode.csv:7980 data 25260
    regex_detector_test.go:84: Expected label ZipCode, got  ([]), file ZipCode.csv:7981 data 25261
    regex_detector_test.go:84: Expected label ZipCode, got  ([]), file ZipCode.csv:7982 data 25262
    regex_detector_test.go:84: Expected label ZipCode, got  ([]), file ZipCode.csv:7983 data 25264
    regex_detector_test.go:84: Expected label ZipCode, got  ([]), file ZipCode.csv:7984 data 25265
    regex_detector_test.go:84: Expected label ZipCode, got  ([]), file ZipCode.csv:7985 data 25266
    regex_detector_test.go:84: Expected label ZipCode, got  ([]), file ZipCode.csv:7986 data 25267
    regex_detector_test.go:84: Expected label ZipCode, got  ([]), file ZipCode.csv:7987 data 25268
    regex_detector_test.go:84: Expected label ZipCode, got  ([]), file ZipCode.csv:7988 data 25270
    regex_detector_test.go:84: Expected label ZipCode, got  ([]), file ZipCode.csv:7989 data 25271
    regex_detector_test.go:84: Expected label ZipCode, got  ([]), file ZipCode.csv:7990 data 25275
    regex_detector_test.go:84: Expected label ZipCode, got  ([]), file ZipCode.csv:7991 data 25276
    regex_detector_test.go:84: Expected label ZipCode, got  ([]), file ZipCode.csv:7992 data 25285
    regex_detector_test.go:84: Expected label ZipCode, got  ([]), file ZipCode.csv:7993 data 25286
    regex_detector_test.go:84: Expected label ZipCode, got  ([]), file ZipCode.csv:7994 data 25287
    regex_detector_test.go:84: Expected label ZipCode, got  ([]), file ZipCode.csv:7995 data 25301
    regex_detector_test.go:84: Expected label ZipCode, got  ([]), file ZipCode.csv:7996 data 25302
    regex_detector_test.go:84: Expected label ZipCode, got  ([]), file ZipCode.csv:7997 data 25303
    regex_detector_test.go:84: Expected label ZipCode, got  ([]), file ZipCode.csv:7998 data 25304
    regex_detector_test.go:84: Expected label ZipCode, got  ([]), file ZipCode.csv:7999 data 25305
    regex_detector_test.go:84: Expected label ZipCode, got  ([]), file ZipCode.csv:8000 data 25306
    regex_detector_test.go:84: Expected label ZipCode, got  ([]), file ZipCode.csv:8001 data 25309
    regex_detector_test.go:84: Expected label ZipCode, got  ([]), file ZipCode.csv:8002 data 25311
    regex_detector_test.go:84: Expected label ZipCode, got  ([]), file ZipCode.csv:8003 data 25312
    regex_detector_test.go:84: Expected label ZipCode, got  ([]), file ZipCode.csv:8004 data 25313
    regex_detector_test.go:84: Expected label ZipCode, got  ([]), file ZipCode.csv:8005 data 25314
    regex_detector_test.go:84: Expected label ZipCode, got  ([]), file ZipCode.csv:8006 data 25315
    regex_detector_test.go:84: Expected label ZipCode, got  ([]), file ZipCode.csv:8007 data 25320
    regex_detector_test.go:84: Expected label ZipCode, got  ([]), file ZipCode.csv:8008 data 25387
    regex_detector_test.go:84: Expected label ZipCode, got  ([]), file ZipCode.csv:8009 data 25401
    regex_detector_test.go:84: Expected label ZipCode, got  ([]), file ZipCode.csv:8010 data 25403
    regex_detector_test.go:84: Expected label ZipCode, got  ([]), file ZipCode.csv:8011 data 25404
    regex_detector_test.go:84: Expected label ZipCode, got  ([]), file ZipCode.csv:8012 data 25405
    regex_detector_test.go:84: Expected label ZipCode, got  ([]), file ZipCode.csv:8013 data 25411
    regex_detector_test.go:84: Expected label ZipCode, got  ([]), file ZipCode.csv:8014 data 25413
    regex_detector_test.go:84: Expected label ZipCode, got  ([]), file ZipCode.csv:8015 data 25414
    regex_detector_test.go:84: Expected label ZipCode, got  ([]), file ZipCode.csv:8016 data 25419
    regex_detector_test.go:84: Expected label ZipCode, got  ([]), file ZipCode.csv:8017 data 25420
    regex_detector_test.go:84: Expected label ZipCode, got  ([]), file ZipCode.csv:8018 data 25421
    regex_detector_test.go:84: Expected label ZipCode, got  ([]), file ZipCode.csv:8019 data 25422
    regex_detector_test.go:84: Expected label ZipCode, got  ([]), file ZipCode.csv:8020 data 25425
    regex_detector_test.go:84: Expected label ZipCode, got  ([]), file ZipCode.csv:8021 data 25427
    regex_detector_test.go:84: Expected label ZipCode, got  ([]), file ZipCode.csv:8022 data 25428
    regex_detector_test.go:84: Expected label ZipCode, got  ([]), file ZipCode.csv:8023 data 25430
    regex_detector_test.go:84: Expected label ZipCode, got  ([]), file ZipCode.csv:8024 data 25431
    regex_detector_test.go:84: Expected label ZipCode, got  ([]), file ZipCode.csv:8025 data 25432
    regex_detector_test.go:84: Expected label ZipCode, got  ([]), file ZipCode.csv:8026 data 25434
    regex_detector_test.go:84: Expected label ZipCode, got  ([]), file ZipCode.csv:8027 data 25437
    regex_detector_test.go:84: Expected label ZipCode, got  ([]), file ZipCode.csv:8028 data 25438
    regex_detector_test.go:84: Expected label ZipCode, got  ([]), file ZipCode.csv:8029 data 25442
    regex_detector_test.go:84: Expected label ZipCode, got  ([]), file ZipCode.csv:8030 data 25443
    regex_detector_test.go:84: Expected label ZipCode, got  ([]), file ZipCode.csv:8031 data 25444
    regex_detector_test.go:84: Expected label ZipCode, got  ([]), file ZipCode.csv:8032 data 25446
    regex_detector_test.go:84: Expected label ZipCode, got  ([]), file ZipCode.csv:8033 data 25501
    regex_detector_test.go:84: Expected label ZipCode, got  ([]), file ZipCode.csv:8034 data 25502
    regex_detector_test.go:84: Expected label ZipCode, got  ([]), file ZipCode.csv:8035 data 25503
    regex_detector_test.go:84: Expected label ZipCode, got  ([]), file ZipCode.csv:8036 data 25504
    regex_detector_test.go:84: Expected label ZipCode, got  ([]), file ZipCode.csv:8037 data 25505
    regex_detector_test.go:84: Expected label ZipCode, got  ([]), file ZipCode.csv:8038 data 25506
    regex_detector_test.go:84: Expected label ZipCode, got  ([]), file ZipCode.csv:8039 data 25507
    regex_detector_test.go:84: Expected label ZipCode, got  ([]), file ZipCode.csv:8040 data 25508
    regex_detector_test.go:84: Expected label ZipCode, got  ([]), file ZipCode.csv:8041 data 25510
    regex_detector_test.go:84: Expected label ZipCode, got  ([]), file ZipCode.csv:8042 data 25511
    regex_detector_test.go:84: Expected label ZipCode, got  ([]), file ZipCode.csv:8043 data 25512
    regex_detector_test.go:84: Expected label ZipCode, got  ([]), file ZipCode.csv:8044 data 25514
    regex_detector_test.go:84: Expected label ZipCode, got  ([]), file ZipCode.csv:8045 data 25515
    regex_detector_test.go:84: Expected label ZipCode, got  ([]), file ZipCode.csv:8046 data 25517
    regex_detector_test.go:84: Expected label ZipCode, got  ([]), file ZipCode.csv:8047 data 25520
    regex_detector_test.go:84: Expected label ZipCode, got  ([]), file ZipCode.csv:8048 data 25521
    regex_detector_test.go:84: Expected label ZipCode, got  ([]), file ZipCode.csv:8049 data 25523
    regex_detector_test.go:84: Expected label ZipCode, got  ([]), file ZipCode.csv:8050 data 25524
    regex_detector_test.go:84: Expected label ZipCode, got  ([]), file ZipCode.csv:8051 data 25526
    regex_detector_test.go:84: Expected label ZipCode, got  ([]), file ZipCode.csv:8052 data 25529
    regex_detector_test.go:84: Expected label ZipCode, got  ([]), file ZipCode.csv:8053 data 25530
    regex_detector_test.go:84: Expected label ZipCode, got  ([]), file ZipCode.csv:8054 data 25534
    regex_detector_test.go:84: Expected label ZipCode, got  ([]), file ZipCode.csv:8055 data 25535
    regex_detector_test.go:84: Expected label ZipCode, got  ([]), file ZipCode.csv:8056 data 25537
    regex_detector_test.go:84: Expected label ZipCode, got  ([]), file ZipCode.csv:8057 data 25540
    regex_detector_test.go:84: Expected label ZipCode, got  ([]), file ZipCode.csv:8058 data 25541
    regex_detector_test.go:84: Expected label ZipCode, got  ([]), file ZipCode.csv:8059 data 25544
    regex_detector_test.go:84: Expected label ZipCode, got  ([]), file ZipCode.csv:8060 data 25545
    regex_detector_test.go:84: Expected label ZipCode, got  ([]), file ZipCode.csv:8061 data 25547
    regex_detector_test.go:84: Expected label ZipCode, got  ([]), file ZipCode.csv:8062 data 25550
    regex_detector_test.go:84: Expected label ZipCode, got  ([]), file ZipCode.csv:8063 data 25555
    regex_detector_test.go:84: Expected label ZipCode, got  ([]), file ZipCode.csv:8064 data 25557
    regex_detector_test.go:84: Expected label ZipCode, got  ([]), file ZipCode.csv:8065 data 25559
    regex_detector_test.go:84: Expected label ZipCode, got  ([]), file ZipCode.csv:8066 data 25560
    regex_detector_test.go:84: Expected label ZipCode, got  ([]), file ZipCode.csv:8067 data 25564
    regex_detector_test.go:84: Expected label ZipCode, got  ([]), file ZipCode.csv:8068 data 25565
    regex_detector_test.go:84: Expected label ZipCode, got  ([]), file ZipCode.csv:8069 data 25567
    regex_detector_test.go:84: Expected label ZipCode, got  ([]), file ZipCode.csv:8070 data 25570
    regex_detector_test.go:84: Expected label ZipCode, got  ([]), file ZipCode.csv:8071 data 25571
    regex_detector_test.go:84: Expected label ZipCode, got  ([]), file ZipCode.csv:8072 data 25573
    regex_detector_test.go:84: Expected label ZipCode, got  ([]), file ZipCode.csv:8073 data 25601
    regex_detector_test.go:84: Expected label ZipCode, got  ([]), file ZipCode.csv:8074 data 25606
    regex_detector_test.go:84: Expected label ZipCode, got  ([]), file ZipCode.csv:8075 data 25607
    regex_detector_test.go:84: Expected label ZipCode, got  ([]), file ZipCode.csv:8076 data 25608
    regex_detector_test.go:84: Expected label ZipCode, got  ([]), file ZipCode.csv:8077 data 25611
    regex_detector_test.go:84: Expected label ZipCode, got  ([]), file ZipCode.csv:8078 data 25612
    regex_detector_test.go:84: Expected label ZipCode, got  ([]), file ZipCode.csv:8079 data 25617
    regex_detector_test.go:84: Expected label ZipCode, got  ([]), file ZipCode.csv:8080 data 25621
    regex_detector_test.go:84: Expected label ZipCode, got  ([]), file ZipCode.csv:8081 data 25624
    regex_detector_test.go:84: Expected label ZipCode, got  ([]), file ZipCode.csv:8082 data 25625
    regex_detector_test.go:84: Expected label ZipCode, got  ([]), file ZipCode.csv:8083 data 25628
    regex_detector_test.go:84: Expected label ZipCode, got  ([]), file ZipCode.csv:8084 data 25630
    regex_detector_test.go:84: Expected label ZipCode, got  ([]), file ZipCode.csv:8085 data 25632
    regex_detector_test.go:84: Expected label ZipCode, got  ([]), file ZipCode.csv:8086 data 25634
    regex_detector_test.go:84: Expected label ZipCode, got  ([]), file ZipCode.csv:8087 data 25635
    regex_detector_test.go:84: Expected label ZipCode, got  ([]), file ZipCode.csv:8088 data 25637
    regex_detector_test.go:84: Expected label ZipCode, got  ([]), file ZipCode.csv:8089 data 25638
    regex_detector_test.go:84: Expected label ZipCode, got  ([]), file ZipCode.csv:8090 data 25639
    regex_detector_test.go:84: Expected label ZipCode, got  ([]), file ZipCode.csv:8091 data 25644
    regex_detector_test.go:84: Expected label ZipCode, got  ([]), file ZipCode.csv:8092 data 25646
    regex_detector_test.go:84: Expected label ZipCode, got  ([]), file ZipCode.csv:8093 data 25647
    regex_detector_test.go:84: Expected label ZipCode, got  ([]), file ZipCode.csv:8094 data 25649
    regex_detector_test.go:84: Expected label ZipCode, got  ([]), file ZipCode.csv:8095 data 25650
    regex_detector_test.go:84: Expected label ZipCode, got  ([]), file ZipCode.csv:8096 data 25651
    regex_detector_test.go:84: Expected label ZipCode, got  ([]), file ZipCode.csv:8097 data 25652
    regex_detector_test.go:84: Expected label ZipCode, got  ([]), file ZipCode.csv:8098 data 25653
    regex_detector_test.go:84: Expected label ZipCode, got  ([]), file ZipCode.csv:8099 data 25654
    regex_detector_test.go:84: Expected label ZipCode, got  ([]), file ZipCode.csv:8100 data 25661
    regex_detector_test.go:84: Expected label ZipCode, got  ([]), file ZipCode.csv:8101 data 25666
    regex_detector_test.go:84: Expected label ZipCode, got  ([]), file ZipCode.csv:8102 data 25667
    regex_detector_test.go:84: Expected label ZipCode, got  ([]), file ZipCode.csv:8103 data 25669
    regex_detector_test.go:84: Expected label ZipCode, got  ([]), file ZipCode.csv:8104 data 25670
    regex_detector_test.go:84: Expected label ZipCode, got  ([]), file ZipCode.csv:8105 data 25671
    regex_detector_test.go:84: Expected label ZipCode, got  ([]), file ZipCode.csv:8106 data 25672
    regex_detector_test.go:84: Expected label ZipCode, got  ([]), file ZipCode.csv:8107 data 25674
    regex_detector_test.go:84: Expected label ZipCode, got  ([]), file ZipCode.csv:8108 data 25676
    regex_detector_test.go:84: Expected label ZipCode, got  ([]), file ZipCode.csv:8109 data 25678
    regex_detector_test.go:84: Expected label ZipCode, got  ([]), file ZipCode.csv:8110 data 25685
    regex_detector_test.go:84: Expected label ZipCode, got  ([]), file ZipCode.csv:8111 data 25688
    regex_detector_test.go:84: Expected label ZipCode, got  ([]), file ZipCode.csv:8112 data 25690
    regex_detector_test.go:84: Expected label ZipCode, got  ([]), file ZipCode.csv:8113 data 25692
    regex_detector_test.go:84: Expected label ZipCode, got  ([]), file ZipCode.csv:8114 data 25696
    regex_detector_test.go:84: Expected label ZipCode, got  ([]), file ZipCode.csv:8115 data 25699
    regex_detector_test.go:84: Expected label ZipCode, got  ([]), file ZipCode.csv:8116 data 25701
    regex_detector_test.go:84: Expected label ZipCode, got  ([]), file ZipCode.csv:8117 data 25702
    regex_detector_test.go:84: Expected label ZipCode, got  ([]), file ZipCode.csv:8118 data 25703
    regex_detector_test.go:84: Expected label ZipCode, got  ([]), file ZipCode.csv:8119 data 25704
    regex_detector_test.go:84: Expected label ZipCode, got  ([]), file ZipCode.csv:8120 data 25705
    regex_detector_test.go:84: Expected label ZipCode, got  ([]), file ZipCode.csv:8121 data 25755
    regex_detector_test.go:84: Expected label ZipCode, got  ([]), file ZipCode.csv:8122 data 25801
    regex_detector_test.go:84: Expected label ZipCode, got  ([]), file ZipCode.csv:8123 data 25810
    regex_detector_test.go:84: Expected label ZipCode, got  ([]), file ZipCode.csv:8124 data 25811
    regex_detector_test.go:84: Expected label ZipCode, got  ([]), file ZipCode.csv:8125 data 25812
    regex_detector_test.go:84: Expected label ZipCode, got  ([]), file ZipCode.csv:8126 data 25813
    regex_detector_test.go:84: Expected label ZipCode, got  ([]), file ZipCode.csv:8127 data 25817
    regex_detector_test.go:84: Expected label ZipCode, got  ([]), file ZipCode.csv:8128 data 25818
    regex_detector_test.go:84: Expected label ZipCode, got  ([]), file ZipCode.csv:8129 data 25820
    regex_detector_test.go:84: Expected label ZipCode, got  ([]), file ZipCode.csv:8130 data 25823
    regex_detector_test.go:84: Expected label ZipCode, got  ([]), file ZipCode.csv:8131 data 25825
    regex_detector_test.go:84: Expected label ZipCode, got  ([]), file ZipCode.csv:8132 data 25826
    regex_detector_test.go:84: Expected label ZipCode, got  ([]), file ZipCode.csv:8133 data 25827
    regex_detector_test.go:84: Expected label ZipCode, got  ([]), file ZipCode.csv:8134 data 25831
    regex_detector_test.go:84: Expected label ZipCode, got  ([]), file ZipCode.csv:8135 data 25832
    regex_detector_test.go:84: Expected label ZipCode, got  ([]), file ZipCode.csv:8136 data 25836
    regex_detector_test.go:84: Expected label ZipCode, got  ([]), file ZipCode.csv:8137 data 25837
    regex_detector_test.go:84: Expected label ZipCode, got  ([]), file ZipCode.csv:8138 data 25839
    regex_detector_test.go:84: Expected label ZipCode, got  ([]), file ZipCode.csv:8139 data 25840
    regex_detector_test.go:84: Expected label ZipCode, got  ([]), file ZipCode.csv:8140 data 25841
    regex_detector_test.go:84: Expected label ZipCode, got  ([]), file ZipCode.csv:8141 data 25843
    regex_detector_test.go:84: Expected label ZipCode, got  ([]), file ZipCode.csv:8142 data 25844
    regex_detector_test.go:84: Expected label ZipCode, got  ([]), file ZipCode.csv:8143 data 25845
    regex_detector_test.go:84: Expected label ZipCode, got  ([]), file ZipCode.csv:8144 data 25846
    regex_detector_test.go:84: Expected label ZipCode, got  ([]), file ZipCode.csv:8145 data 25848
    regex_detector_test.go:84: Expected label ZipCode, got  ([]), file ZipCode.csv:8146 data 25849
    regex_detector_test.go:84: Expected label ZipCode, got  ([]), file ZipCode.csv:8147 data 25851
    regex_detector_test.go:84: Expected label ZipCode, got  ([]), file ZipCode.csv:8148 data 25853
    regex_detector_test.go:84: Expected label ZipCode, got  ([]), file ZipCode.csv:8149 data 25854
    regex_detector_test.go:84: Expected label ZipCode, got  ([]), file ZipCode.csv:8150 data 25855
    regex_detector_test.go:84: Expected label ZipCode, got  ([]), file ZipCode.csv:8151 data 25857
    regex_detector_test.go:84: Expected label ZipCode, got  ([]), file ZipCode.csv:8152 data 25862
    regex_detector_test.go:84: Expected label ZipCode, got  ([]), file ZipCode.csv:8153 data 25864
    regex_detector_test.go:84: Expected label ZipCode, got  ([]), file ZipCode.csv:8154 data 25865
    regex_detector_test.go:84: Expected label ZipCode, got  ([]), file ZipCode.csv:8155 data 25866
    regex_detector_test.go:84: Expected label ZipCode, got  ([]), file ZipCode.csv:8156 data 25868
    regex_detector_test.go:84: Expected label ZipCode, got  ([]), file ZipCode.csv:8157 data 25870
    regex_detector_test.go:84: Expected label ZipCode, got  ([]), file ZipCode.csv:8158 data 25871
    regex_detector_test.go:84: Expected label ZipCode, got  ([]), file ZipCode.csv:8159 data 25873
    regex_detector_test.go:84: Expected label ZipCode, got  ([]), file ZipCode.csv:8160 data 25875
    regex_detector_test.go:84: Expected label ZipCode, got  ([]), file ZipCode.csv:8161 data 25876
    regex_detector_test.go:84: Expected label ZipCode, got  ([]), file ZipCode.csv:8162 data 25878
    regex_detector_test.go:84: Expected label ZipCode, got  ([]), file ZipCode.csv:8163 data 25879
    regex_detector_test.go:84: Expected label ZipCode, got  ([]), file ZipCode.csv:8164 data 25880
    regex_detector_test.go:84: Expected label ZipCode, got  ([]), file ZipCode.csv:8165 data 25882
    regex_detector_test.go:84: Expected label ZipCode, got  ([]), file ZipCode.csv:8166 data 25901
    regex_detector_test.go:84: Expected label ZipCode, got  ([]), file ZipCode.csv:8167 data 25902
    regex_detector_test.go:84: Expected label ZipCode, got  ([]), file ZipCode.csv:8168 data 25904
    regex_detector_test.go:84: Expected label ZipCode, got  ([]), file ZipCode.csv:8169 data 25907
    regex_detector_test.go:84: Expected label ZipCode, got  ([]), file ZipCode.csv:8170 data 25908
    regex_detector_test.go:84: Expected label ZipCode, got  ([]), file ZipCode.csv:8171 data 25909
    regex_detector_test.go:84: Expected label ZipCode, got  ([]), file ZipCode.csv:8172 data 25911
    regex_detector_test.go:84: Expected label ZipCode, got  ([]), file ZipCode.csv:8173 data 25913
    regex_detector_test.go:84: Expected label ZipCode, got  ([]), file ZipCode.csv:8174 data 25915
    regex_detector_test.go:84: Expected label ZipCode, got  ([]), file ZipCode.csv:8175 data 25916
    regex_detector_test.go:84: Expected label ZipCode, got  ([]), file ZipCode.csv:8176 data 25917
    regex_detector_test.go:84: Expected label ZipCode, got  ([]), file ZipCode.csv:8177 data 25918
    regex_detector_test.go:84: Expected label ZipCode, got  ([]), file ZipCode.csv:8178 data 25920
    regex_detector_test.go:84: Expected label ZipCode, got  ([]), file ZipCode.csv:8179 data 25921
    regex_detector_test.go:84: Expected label ZipCode, got  ([]), file ZipCode.csv:8180 data 25922
    regex_detector_test.go:84: Expected label ZipCode, got  ([]), file ZipCode.csv:8181 data 25928
    regex_detector_test.go:84: Expected label ZipCode, got  ([]), file ZipCode.csv:8182 data 25932
    regex_detector_test.go:84: Expected label ZipCode, got  ([]), file ZipCode.csv:8183 data 25936
    regex_detector_test.go:84: Expected label ZipCode, got  ([]), file ZipCode.csv:8184 data 25938
    regex_detector_test.go:84: Expected label ZipCode, got  ([]), file ZipCode.csv:8185 data 25942
    regex_detector_test.go:84: Expected label ZipCode, got  ([]), file ZipCode.csv:8186 data 25943
    regex_detector_test.go:84: Expected label ZipCode, got  ([]), file ZipCode.csv:8187 data 25951
    regex_detector_test.go:84: Expected label ZipCode, got  ([]), file ZipCode.csv:8188 data 25958
    regex_detector_test.go:84: Expected label ZipCode, got  ([]), file ZipCode.csv:8189 data 25962
    regex_detector_test.go:84: Expected label ZipCode, got  ([]), file ZipCode.csv:8190 data 25966
    regex_detector_test.go:84: Expected label ZipCode, got  ([]), file ZipCode.csv:8191 data 25969
    regex_detector_test.go:84: Expected label ZipCode, got  ([]), file ZipCode.csv:8192 data 25971
    regex_detector_test.go:84: Expected label ZipCode, got  ([]), file ZipCode.csv:8193 data 25972
    regex_detector_test.go:84: Expected label ZipCode, got  ([]), file ZipCode.csv:8194 data 25976
    regex_detector_test.go:84: Expected label ZipCode, got  ([]), file ZipCode.csv:8195 data 25977
    regex_detector_test.go:84: Expected label ZipCode, got  ([]), file ZipCode.csv:8196 data 25978
    regex_detector_test.go:84: Expected label ZipCode, got  ([]), file ZipCode.csv:8197 data 25979
    regex_detector_test.go:84: Expected label ZipCode, got  ([]), file ZipCode.csv:8198 data 25981
    regex_detector_test.go:84: Expected label ZipCode, got  ([]), file ZipCode.csv:8199 data 25984
    regex_detector_test.go:84: Expected label ZipCode, got  ([]), file ZipCode.csv:8200 data 25985
    regex_detector_test.go:84: Expected label ZipCode, got  ([]), file ZipCode.csv:8201 data 25986
    regex_detector_test.go:84: Expected label ZipCode, got  ([]), file ZipCode.csv:8202 data 25989
    regex_detector_test.go:84: Expected label ZipCode, got  ([]), file ZipCode.csv:8203 data 26003
    regex_detector_test.go:84: Expected label ZipCode, got  ([]), file ZipCode.csv:8204 data 26030
    regex_detector_test.go:84: Expected label ZipCode, got  ([]), file ZipCode.csv:8205 data 26031
    regex_detector_test.go:84: Expected label ZipCode, got  ([]), file ZipCode.csv:8206 data 26032
    regex_detector_test.go:84: Expected label ZipCode, got  ([]), file ZipCode.csv:8207 data 26033
    regex_detector_test.go:84: Expected label ZipCode, got  ([]), file ZipCode.csv:8208 data 26034
    regex_detector_test.go:84: Expected label ZipCode, got  ([]), file ZipCode.csv:8209 data 26035
    regex_detector_test.go:84: Expected label ZipCode, got  ([]), file ZipCode.csv:8210 data 26036
    regex_detector_test.go:84: Expected label ZipCode, got  ([]), file ZipCode.csv:8211 data 26037
    regex_detector_test.go:84: Expected label ZipCode, got  ([]), file ZipCode.csv:8212 data 26038
    regex_detector_test.go:84: Expected label ZipCode, got  ([]), file ZipCode.csv:8213 data 26039
    regex_detector_test.go:84: Expected label ZipCode, got  ([]), file ZipCode.csv:8214 data 26040
    regex_detector_test.go:84: Expected label ZipCode, got  ([]), file ZipCode.csv:8215 data 26041
    regex_detector_test.go:84: Expected label ZipCode, got  ([]), file ZipCode.csv:8216 data 26047
    regex_detector_test.go:84: Expected label ZipCode, got  ([]), file ZipCode.csv:8217 data 26050
    regex_detector_test.go:84: Expected label ZipCode, got  ([]), file ZipCode.csv:8218 data 26055
    regex_detector_test.go:84: Expected label ZipCode, got  ([]), file ZipCode.csv:8219 data 26056
    regex_detector_test.go:84: Expected label ZipCode, got  ([]), file ZipCode.csv:8220 data 26058
    regex_detector_test.go:84: Expected label ZipCode, got  ([]), file ZipCode.csv:8221 data 26059
    regex_detector_test.go:84: Expected label ZipCode, got  ([]), file ZipCode.csv:8222 data 26060
    regex_detector_test.go:84: Expected label ZipCode, got  ([]), file ZipCode.csv:8223 data 26062
    regex_detector_test.go:84: Expected label ZipCode, got  ([]), file ZipCode.csv:8224 data 26070
    regex_detector_test.go:84: Expected label ZipCode, got  ([]), file ZipCode.csv:8225 data 26074
    regex_detector_test.go:84: Expected label ZipCode, got  ([]), file ZipCode.csv:8226 data 26075
    regex_detector_test.go:84: Expected label ZipCode, got  ([]), file ZipCode.csv:8227 data 26101
    regex_detector_test.go:84: Expected label ZipCode, got  ([]), file ZipCode.csv:8228 data 26104
    regex_detector_test.go:84: Expected label ZipCode, got  ([]), file ZipCode.csv:8229 data 26105
    regex_detector_test.go:84: Expected label ZipCode, got  ([]), file ZipCode.csv:8230 data 26133
    regex_detector_test.go:84: Expected label ZipCode, got  ([]), file ZipCode.csv:8231 data 26134
    regex_detector_test.go:84: Expected label ZipCode, got  ([]), file ZipCode.csv:8232 data 26136
    regex_detector_test.go:84: Expected label ZipCode, got  ([]), file ZipCode.csv:8233 data 26137
    regex_detector_test.go:84: Expected label ZipCode, got  ([]), file ZipCode.csv:8234 data 26138
    regex_detector_test.go:84: Expected label ZipCode, got  ([]), file ZipCode.csv:8235 data 26141
    regex_detector_test.go:84: Expected label ZipCode, got  ([]), file ZipCode.csv:8236 data 26142
    regex_detector_test.go:84: Expected label ZipCode, got  ([]), file ZipCode.csv:8237 data 26143
    regex_detector_test.go:84: Expected label ZipCode, got  ([]), file ZipCode.csv:8238 data 26146
    regex_detector_test.go:84: Expected label ZipCode, got  ([]), file ZipCode.csv:8239 data 26147
    regex_detector_test.go:84: Expected label ZipCode, got  ([]), file ZipCode.csv:8240 data 26148
    regex_detector_test.go:84: Expected label ZipCode, got  ([]), file ZipCode.csv:8241 data 26149
    regex_detector_test.go:84: Expected label ZipCode, got  ([]), file ZipCode.csv:8242 data 26150
    regex_detector_test.go:84: Expected label ZipCode, got  ([]), file ZipCode.csv:8243 data 26151
    regex_detector_test.go:84: Expected label ZipCode, got  ([]), file ZipCode.csv:8244 data 26152
    regex_detector_test.go:84: Expected label ZipCode, got  ([]), file ZipCode.csv:8245 data 26155
    regex_detector_test.go:84: Expected label ZipCode, got  ([]), file ZipCode.csv:8246 data 26159
    regex_detector_test.go:84: Expected label ZipCode, got  ([]), file ZipCode.csv:8247 data 26160
    regex_detector_test.go:84: Expected label ZipCode, got  ([]), file ZipCode.csv:8248 data 26161
    regex_detector_test.go:84: Expected label ZipCode, got  ([]), file ZipCode.csv:8249 data 26162
    regex_detector_test.go:84: Expected label ZipCode, got  ([]), file ZipCode.csv:8250 data 26164
    regex_detector_test.go:84: Expected label ZipCode, got  ([]), file ZipCode.csv:8251 data 26167
    regex_detector_test.go:84: Expected label ZipCode, got  ([]), file ZipCode.csv:8252 data 26169
    regex_detector_test.go:84: Expected label ZipCode, got  ([]), file ZipCode.csv:8253 data 26170
    regex_detector_test.go:84: Expected label ZipCode, got  ([]), file ZipCode.csv:8254 data 26175
    regex_detector_test.go:84: Expected label ZipCode, got  ([]), file ZipCode.csv:8255 data 26178
    regex_detector_test.go:84: Expected label ZipCode, got  ([]), file ZipCode.csv:8256 data 26180
    regex_detector_test.go:84: Expected label ZipCode, got  ([]), file ZipCode.csv:8257 data 26181
    regex_detector_test.go:84: Expected label ZipCode, got  ([]), file ZipCode.csv:8258 data 26184
    regex_detector_test.go:84: Expected label ZipCode, got  ([]), file ZipCode.csv:8259 data 26187
    regex_detector_test.go:84: Expected label ZipCode, got  ([]), file ZipCode.csv:8260 data 26201
    regex_detector_test.go:84: Expected label ZipCode, got  ([]), file ZipCode.csv:8261 data 26202
    regex_detector_test.go:84: Expected label ZipCode, got  ([]), file ZipCode.csv:8262 data 26203
    regex_detector_test.go:84: Expected label ZipCode, got  ([]), file ZipCode.csv:8263 data 26205
    regex_detector_test.go:84: Expected label ZipCode, got  ([]), file ZipCode.csv:8264 data 26206
    regex_detector_test.go:84: Expected label ZipCode, got  ([]), file ZipCode.csv:8265 data 26208
    regex_detector_test.go:84: Expected label ZipCode, got  ([]), file ZipCode.csv:8266 data 26209
    regex_detector_test.go:84: Expected label ZipCode, got  ([]), file ZipCode.csv:8267 data 26210
    regex_detector_test.go:84: Expected label ZipCode, got  ([]), file ZipCode.csv:8268 data 26215
    regex_detector_test.go:84: Expected label ZipCode, got  ([]), file ZipCode.csv:8269 data 26217
    regex_detector_test.go:84: Expected label ZipCode, got  ([]), file ZipCode.csv:8270 data 26218
    regex_detector_test.go:84: Expected label ZipCode, got  ([]), file ZipCode.csv:8271 data 26222
    regex_detector_test.go:84: Expected label ZipCode, got  ([]), file ZipCode.csv:8272 data 26224
    regex_detector_test.go:84: Expected label ZipCode, got  ([]), file ZipCode.csv:8273 data 26228
    regex_detector_test.go:84: Expected label ZipCode, got  ([]), file ZipCode.csv:8274 data 26230
    regex_detector_test.go:84: Expected label ZipCode, got  ([]), file ZipCode.csv:8275 data 26234
    regex_detector_test.go:84: Expected label ZipCode, got  ([]), file ZipCode.csv:8276 data 26236
    regex_detector_test.go:84: Expected label ZipCode, got  ([]), file ZipCode.csv:8277 data 26237
    regex_detector_test.go:84: Expected label ZipCode, got  ([]), file ZipCode.csv:8278 data 26238
    regex_detector_test.go:84: Expected label ZipCode, got  ([]), file ZipCode.csv:8279 data 26241
    regex_detector_test.go:84: Expected label ZipCode, got  ([]), file ZipCode.csv:8280 data 26250
    regex_detector_test.go:84: Expected label ZipCode, got  ([]), file ZipCode.csv:8281 data 26253
    regex_detector_test.go:84: Expected label ZipCode, got  ([]), file ZipCode.csv:8282 data 26254
    regex_detector_test.go:84: Expected label ZipCode, got  ([]), file ZipCode.csv:8283 data 26257
    regex_detector_test.go:84: Expected label ZipCode, got  ([]), file ZipCode.csv:8284 data 26259
    regex_detector_test.go:84: Expected label ZipCode, got  ([]), file ZipCode.csv:8285 data 26260
    regex_detector_test.go:84: Expected label ZipCode, got  ([]), file ZipCode.csv:8286 data 26261
    regex_detector_test.go:84: Expected label ZipCode, got  ([]), file ZipCode.csv:8287 data 26263
    regex_detector_test.go:84: Expected label ZipCode, got  ([]), file ZipCode.csv:8288 data 26264
    regex_detector_test.go:84: Expected label ZipCode, got  ([]), file ZipCode.csv:8289 data 26266
    regex_detector_test.go:84: Expected label ZipCode, got  ([]), file ZipCode.csv:8290 data 26267
    regex_detector_test.go:84: Expected label ZipCode, got  ([]), file ZipCode.csv:8291 data 26268
    regex_detector_test.go:84: Expected label ZipCode, got  ([]), file ZipCode.csv:8292 data 26269
    regex_detector_test.go:84: Expected label ZipCode, got  ([]), file ZipCode.csv:8293 data 26270
    regex_detector_test.go:84: Expected label ZipCode, got  ([]), file ZipCode.csv:8294 data 26271
    regex_detector_test.go:84: Expected label ZipCode, got  ([]), file ZipCode.csv:8295 data 26273
    regex_detector_test.go:84: Expected label ZipCode, got  ([]), file ZipCode.csv:8296 data 26275
    regex_detector_test.go:84: Expected label ZipCode, got  ([]), file ZipCode.csv:8297 data 26276
    regex_detector_test.go:84: Expected label ZipCode, got  ([]), file ZipCode.csv:8298 data 26278
    regex_detector_test.go:84: Expected label ZipCode, got  ([]), file ZipCode.csv:8299 data 26280
    regex_detector_test.go:84: Expected label ZipCode, got  ([]), file ZipCode.csv:8300 data 26282
    regex_detector_test.go:84: Expected label ZipCode, got  ([]), file ZipCode.csv:8301 data 26283
    regex_detector_test.go:84: Expected label ZipCode, got  ([]), file ZipCode.csv:8302 data 26285
    regex_detector_test.go:84: Expected label ZipCode, got  ([]), file ZipCode.csv:8303 data 26287
    regex_detector_test.go:84: Expected label ZipCode, got  ([]), file ZipCode.csv:8304 data 26288
    regex_detector_test.go:84: Expected label ZipCode, got  ([]), file ZipCode.csv:8305 data 26289
    regex_detector_test.go:84: Expected label ZipCode, got  ([]), file ZipCode.csv:8306 data 26291
    regex_detector_test.go:84: Expected label ZipCode, got  ([]), file ZipCode.csv:8307 data 26292
    regex_detector_test.go:84: Expected label ZipCode, got  ([]), file ZipCode.csv:8308 data 26293
    regex_detector_test.go:84: Expected label ZipCode, got  ([]), file ZipCode.csv:8309 data 26294
    regex_detector_test.go:84: Expected label ZipCode, got  ([]), file ZipCode.csv:8310 data 26296
    regex_detector_test.go:84: Expected label ZipCode, got  ([]), file ZipCode.csv:8311 data 26298
    regex_detector_test.go:84: Expected label ZipCode, got  ([]), file ZipCode.csv:8312 data 26301
    regex_detector_test.go:84: Expected label ZipCode, got  ([]), file ZipCode.csv:8313 data 26320
    regex_detector_test.go:84: Expected label ZipCode, got  ([]), file ZipCode.csv:8314 data 26321
    regex_detector_test.go:84: Expected label ZipCode, got  ([]), file ZipCode.csv:8315 data 26323
    regex_detector_test.go:84: Expected label ZipCode, got  ([]), file ZipCode.csv:8316 data 26325
    regex_detector_test.go:84: Expected label ZipCode, got  ([]), file ZipCode.csv:8317 data 26327
    regex_detector_test.go:84: Expected label ZipCode, got  ([]), file ZipCode.csv:8318 data 26330
    regex_detector_test.go:84: Expected label ZipCode, got  ([]), file ZipCode.csv:8319 data 26335
    regex_detector_test.go:84: Expected label ZipCode, got  ([]), file ZipCode.csv:8320 data 26337
    regex_detector_test.go:84: Expected label ZipCode, got  ([]), file ZipCode.csv:8321 data 26338
    regex_detector_test.go:84: Expected label ZipCode, got  ([]), file ZipCode.csv:8322 data 26339
    regex_detector_test.go:84: Expected label ZipCode, got  ([]), file ZipCode.csv:8323 data 26342
    regex_detector_test.go:84: Expected label ZipCode, got  ([]), file ZipCode.csv:8324 data 26343
    regex_detector_test.go:84: Expected label ZipCode, got  ([]), file ZipCode.csv:8325 data 26346
    regex_detector_test.go:84: Expected label ZipCode, got  ([]), file ZipCode.csv:8326 data 26347
    regex_detector_test.go:84: Expected label ZipCode, got  ([]), file ZipCode.csv:8327 data 26348
    regex_detector_test.go:84: Expected label ZipCode, got  ([]), file ZipCode.csv:8328 data 26349
    regex_detector_test.go:84: Expected label ZipCode, got  ([]), file ZipCode.csv:8329 data 26351
    regex_detector_test.go:84: Expected label ZipCode, got  ([]), file ZipCode.csv:8330 data 26354
    regex_detector_test.go:84: Expected label ZipCode, got  ([]), file ZipCode.csv:8331 data 26361
    regex_detector_test.go:84: Expected label ZipCode, got  ([]), file ZipCode.csv:8332 data 26362
    regex_detector_test.go:84: Expected label ZipCode, got  ([]), file ZipCode.csv:8333 data 26366
    regex_detector_test.go:84: Expected label ZipCode, got  ([]), file ZipCode.csv:8334 data 26369
    regex_detector_test.go:84: Expected label ZipCode, got  ([]), file ZipCode.csv:8335 data 26372
    regex_detector_test.go:84: Expected label ZipCode, got  ([]), file ZipCode.csv:8336 data 26374
    regex_detector_test.go:84: Expected label ZipCode, got  ([]), file ZipCode.csv:8337 data 26376
    regex_detector_test.go:84: Expected label ZipCode, got  ([]), file ZipCode.csv:8338 data 26377
    regex_detector_test.go:84: Expected label ZipCode, got  ([]), file ZipCode.csv:8339 data 26378
    regex_detector_test.go:84: Expected label ZipCode, got  ([]), file ZipCode.csv:8340 data 26384
    regex_detector_test.go:84: Expected label ZipCode, got  ([]), file ZipCode.csv:8341 data 26385
    regex_detector_test.go:84: Expected label ZipCode, got  ([]), file ZipCode.csv:8342 data 26386
    regex_detector_test.go:84: Expected label ZipCode, got  ([]), file ZipCode.csv:8343 data 26404
    regex_detector_test.go:84: Expected label ZipCode, got  ([]), file ZipCode.csv:8344 data 26405
    regex_detector_test.go:84: Expected label ZipCode, got  ([]), file ZipCode.csv:8345 data 26408
    regex_detector_test.go:84: Expected label ZipCode, got  ([]), file ZipCode.csv:8346 data 26410
    regex_detector_test.go:84: Expected label ZipCode, got  ([]), file ZipCode.csv:8347 data 26411
    regex_detector_test.go:84: Expected label ZipCode, got  ([]), file ZipCode.csv:8348 data 26412
    regex_detector_test.go:84: Expected label ZipCode, got  ([]), file ZipCode.csv:8349 data 26415
    regex_detector_test.go:84: Expected label ZipCode, got  ([]), file ZipCode.csv:8350 data 26416
    regex_detector_test.go:84: Expected label ZipCode, got  ([]), file ZipCode.csv:8351 data 26419
    regex_detector_test.go:84: Expected label ZipCode, got  ([]), file ZipCode.csv:8352 data 26421
    regex_detector_test.go:84: Expected label ZipCode, got  ([]), file ZipCode.csv:8353 data 26422
    regex_detector_test.go:84: Expected label ZipCode, got  ([]), file ZipCode.csv:8354 data 26424
    regex_detector_test.go:84: Expected label ZipCode, got  ([]), file ZipCode.csv:8355 data 26425
    regex_detector_test.go:84: Expected label ZipCode, got  ([]), file ZipCode.csv:8356 data 26426
    regex_detector_test.go:84: Expected label ZipCode, got  ([]), file ZipCode.csv:8357 data 26430
    regex_detector_test.go:84: Expected label ZipCode, got  ([]), file ZipCode.csv:8358 data 26431
    regex_detector_test.go:84: Expected label ZipCode, got  ([]), file ZipCode.csv:8359 data 26435
    regex_detector_test.go:84: Expected label ZipCode, got  ([]), file ZipCode.csv:8360 data 26436
    regex_detector_test.go:84: Expected label ZipCode, got  ([]), file ZipCode.csv:8361 data 26437
    regex_detector_test.go:84: Expected label ZipCode, got  ([]), file ZipCode.csv:8362 data 26438
    regex_detector_test.go:84: Expected label ZipCode, got  ([]), file ZipCode.csv:8363 data 26440
    regex_detector_test.go:84: Expected label ZipCode, got  ([]), file ZipCode.csv:8364 data 26443
    regex_detector_test.go:84: Expected label ZipCode, got  ([]), file ZipCode.csv:8365 data 26444
    regex_detector_test.go:84: Expected label ZipCode, got  ([]), file ZipCode.csv:8366 data 26447
    regex_detector_test.go:84: Expected label ZipCode, got  ([]), file ZipCode.csv:8367 data 26448
    regex_detector_test.go:84: Expected label ZipCode, got  ([]), file ZipCode.csv:8368 data 26451
    regex_detector_test.go:84: Expected label ZipCode, got  ([]), file ZipCode.csv:8369 data 26452
    regex_detector_test.go:84: Expected label ZipCode, got  ([]), file ZipCode.csv:8370 data 26456
    regex_detector_test.go:84: Expected label ZipCode, got  ([]), file ZipCode.csv:8371 data 26463
    regex_detector_test.go:84: Expected label ZipCode, got  ([]), file ZipCode.csv:8372 data 26501
    regex_detector_test.go:84: Expected label ZipCode, got  ([]), file ZipCode.csv:8373 data 26505
    regex_detector_test.go:84: Expected label ZipCode, got  ([]), file ZipCode.csv:8374 data 26506
    regex_detector_test.go:84: Expected label ZipCode, got  ([]), file ZipCode.csv:8375 data 26508
    regex_detector_test.go:84: Expected label ZipCode, got  ([]), file ZipCode.csv:8376 data 26519
    regex_detector_test.go:84: Expected label ZipCode, got  ([]), file ZipCode.csv:8377 data 26520
    regex_detector_test.go:84: Expected label ZipCode, got  ([]), file ZipCode.csv:8378 data 26521
    regex_detector_test.go:84: Expected label ZipCode, got  ([]), file ZipCode.csv:8379 data 26524
    regex_detector_test.go:84: Expected label ZipCode, got  ([]), file ZipCode.csv:8380 data 26525
    regex_detector_test.go:84: Expected label ZipCode, got  ([]), file ZipCode.csv:8381 data 26534
    regex_detector_test.go:84: Expected label ZipCode, got  ([]), file ZipCode.csv:8382 data 26537
    regex_detector_test.go:84: Expected label ZipCode, got  ([]), file ZipCode.csv:8383 data 26541
    regex_detector_test.go:84: Expected label ZipCode, got  ([]), file ZipCode.csv:8384 data 26542
    regex_detector_test.go:84: Expected label ZipCode, got  ([]), file ZipCode.csv:8385 data 26543
    regex_detector_test.go:84: Expected label ZipCode, got  ([]), file ZipCode.csv:8386 data 26544
    regex_detector_test.go:84: Expected label ZipCode, got  ([]), file ZipCode.csv:8387 data 26546
    regex_detector_test.go:84: Expected label ZipCode, got  ([]), file ZipCode.csv:8388 data 26547
    regex_detector_test.go:84: Expected label ZipCode, got  ([]), file ZipCode.csv:8389 data 26554
    regex_detector_test.go:84: Expected label ZipCode, got  ([]), file ZipCode.csv:8390 data 26559
    regex_detector_test.go:84: Expected label ZipCode, got  ([]), file ZipCode.csv:8391 data 26560
    regex_detector_test.go:84: Expected label ZipCode, got  ([]), file ZipCode.csv:8392 data 26562
    regex_detector_test.go:84: Expected label ZipCode, got  ([]), file ZipCode.csv:8393 data 26563
    regex_detector_test.go:84: Expected label ZipCode, got  ([]), file ZipCode.csv:8394 data 26568
    regex_detector_test.go:84: Expected label ZipCode, got  ([]), file ZipCode.csv:8395 data 26570
    regex_detector_test.go:84: Expected label ZipCode, got  ([]), file ZipCode.csv:8396 data 26571
    regex_detector_test.go:84: Expected label ZipCode, got  ([]), file ZipCode.csv:8397 data 26572
    regex_detector_test.go:84: Expected label ZipCode, got  ([]), file ZipCode.csv:8398 data 26574
    regex_detector_test.go:84: Expected label ZipCode, got  ([]), file ZipCode.csv:8399 data 26575
    regex_detector_test.go:84: Expected label ZipCode, got  ([]), file ZipCode.csv:8400 data 26576
    regex_detector_test.go:84: Expected label ZipCode, got  ([]), file ZipCode.csv:8401 data 26581
    regex_detector_test.go:84: Expected label ZipCode, got  ([]), file ZipCode.csv:8402 data 26582
    regex_detector_test.go:84: Expected label ZipCode, got  ([]), file ZipCode.csv:8403 data 26585
    regex_detector_test.go:84: Expected label ZipCode, got  ([]), file ZipCode.csv:8404 data 26586
    regex_detector_test.go:84: Expected label ZipCode, got  ([]), file ZipCode.csv:8405 data 26587
    regex_detector_test.go:84: Expected label ZipCode, got  ([]), file ZipCode.csv:8406 data 26588
    regex_detector_test.go:84: Expected label ZipCode, got  ([]), file ZipCode.csv:8407 data 26590
    regex_detector_test.go:84: Expected label ZipCode, got  ([]), file ZipCode.csv:8408 data 26591
    regex_detector_test.go:84: Expected label ZipCode, got  ([]), file ZipCode.csv:8409 data 26601
    regex_detector_test.go:84: Expected label ZipCode, got  ([]), file ZipCode.csv:8410 data 26610
    regex_detector_test.go:84: Expected label ZipCode, got  ([]), file ZipCode.csv:8411 data 26611
    regex_detector_test.go:84: Expected label ZipCode, got  ([]), file ZipCode.csv:8412 data 26615
    regex_detector_test.go:84: Expected label ZipCode, got  ([]), file ZipCode.csv:8413 data 26617
    regex_detector_test.go:84: Expected label ZipCode, got  ([]), file ZipCode.csv:8414 data 26619
    regex_detector_test.go:84: Expected label ZipCode, got  ([]), file ZipCode.csv:8415 data 26621
    regex_detector_test.go:84: Expected label ZipCode, got  ([]), file ZipCode.csv:8416 data 26623
    regex_detector_test.go:84: Expected label ZipCode, got  ([]), file ZipCode.csv:8417 data 26624
    regex_detector_test.go:84: Expected label ZipCode, got  ([]), file ZipCode.csv:8418 data 26627
    regex_detector_test.go:84: Expected label ZipCode, got  ([]), file ZipCode.csv:8419 data 26629
    regex_detector_test.go:84: Expected label ZipCode, got  ([]), file ZipCode.csv:8420 data 26631
    regex_detector_test.go:84: Expected label ZipCode, got  ([]), file ZipCode.csv:8421 data 26636
    regex_detector_test.go:84: Expected label ZipCode, got  ([]), file ZipCode.csv:8422 data 26638
    regex_detector_test.go:84: Expected label ZipCode, got  ([]), file ZipCode.csv:8423 data 26651
    regex_detector_test.go:84: Expected label ZipCode, got  ([]), file ZipCode.csv:8424 data 26656
    regex_detector_test.go:84: Expected label ZipCode, got  ([]), file ZipCode.csv:8425 data 26660
    regex_detector_test.go:84: Expected label ZipCode, got  ([]), file ZipCode.csv:8426 data 26662
    regex_detector_test.go:84: Expected label ZipCode, got  ([]), file ZipCode.csv:8427 data 26667
    regex_detector_test.go:84: Expected label ZipCode, got  ([]), file ZipCode.csv:8428 data 26671
    regex_detector_test.go:84: Expected label ZipCode, got  ([]), file ZipCode.csv:8429 data 26676
    regex_detector_test.go:84: Expected label ZipCode, got  ([]), file ZipCode.csv:8430 data 26678
    regex_detector_test.go:84: Expected label ZipCode, got  ([]), file ZipCode.csv:8431 data 26679
    regex_detector_test.go:84: Expected label ZipCode, got  ([]), file ZipCode.csv:8432 data 26680
    regex_detector_test.go:84: Expected label ZipCode, got  ([]), file ZipCode.csv:8433 data 26681
    regex_detector_test.go:84: Expected label ZipCode, got  ([]), file ZipCode.csv:8434 data 26684
    regex_detector_test.go:84: Expected label ZipCode, got  ([]), file ZipCode.csv:8435 data 26690
    regex_detector_test.go:84: Expected label ZipCode, got  ([]), file ZipCode.csv:8436 data 26691
    regex_detector_test.go:84: Expected label ZipCode, got  ([]), file ZipCode.csv:8437 data 26704
    regex_detector_test.go:84: Expected label ZipCode, got  ([]), file ZipCode.csv:8438 data 26705
    regex_detector_test.go:84: Expected label ZipCode, got  ([]), file ZipCode.csv:8439 data 26707
    regex_detector_test.go:84: Expected label ZipCode, got  ([]), file ZipCode.csv:8440 data 26710
    regex_detector_test.go:84: Expected label ZipCode, got  ([]), file ZipCode.csv:8441 data 26711
    regex_detector_test.go:84: Expected label ZipCode, got  ([]), file ZipCode.csv:8442 data 26714
    regex_detector_test.go:84: Expected label ZipCode, got  ([]), file ZipCode.csv:8443 data 26716
    regex_detector_test.go:84: Expected label ZipCode, got  ([]), file ZipCode.csv:8444 data 26717
    regex_detector_test.go:84: Expected label ZipCode, got  ([]), file ZipCode.csv:8445 data 26719
    regex_detector_test.go:84: Expected label ZipCode, got  ([]), file ZipCode.csv:8446 data 26720
    regex_detector_test.go:84: Expected label ZipCode, got  ([]), file ZipCode.csv:8447 data 26722
    regex_detector_test.go:84: Expected label ZipCode, got  ([]), file ZipCode.csv:8448 data 26726
    regex_detector_test.go:84: Expected label ZipCode, got  ([]), file ZipCode.csv:8449 data 26731
    regex_detector_test.go:84: Expected label ZipCode, got  ([]), file ZipCode.csv:8450 data 26739
    regex_detector_test.go:84: Expected label ZipCode, got  ([]), file ZipCode.csv:8451 data 26743
    regex_detector_test.go:84: Expected label ZipCode, got  ([]), file ZipCode.csv:8452 data 26750
    regex_detector_test.go:84: Expected label ZipCode, got  ([]), file ZipCode.csv:8453 data 26753
    regex_detector_test.go:84: Expected label ZipCode, got  ([]), file ZipCode.csv:8454 data 26755
    regex_detector_test.go:84: Expected label ZipCode, got  ([]), file ZipCode.csv:8455 data 26757
    regex_detector_test.go:84: Expected label ZipCode, got  ([]), file ZipCode.csv:8456 data 26761
    regex_detector_test.go:84: Expected label ZipCode, got  ([]), file ZipCode.csv:8457 data 26763
    regex_detector_test.go:84: Expected label ZipCode, got  ([]), file ZipCode.csv:8458 data 26764
    regex_detector_test.go:84: Expected label ZipCode, got  ([]), file ZipCode.csv:8459 data 26767
    regex_detector_test.go:84: Expected label ZipCode, got  ([]), file ZipCode.csv:8460 data 26801
    regex_detector_test.go:84: Expected label ZipCode, got  ([]), file ZipCode.csv:8461 data 26802
    regex_detector_test.go:84: Expected label ZipCode, got  ([]), file ZipCode.csv:8462 data 26804
    regex_detector_test.go:84: Expected label ZipCode, got  ([]), file ZipCode.csv:8463 data 26807
    regex_detector_test.go:84: Expected label ZipCode, got  ([]), file ZipCode.csv:8464 data 26808
    regex_detector_test.go:84: Expected label ZipCode, got  ([]), file ZipCode.csv:8465 data 26810
    regex_detector_test.go:84: Expected label ZipCode, got  ([]), file ZipCode.csv:8466 data 26812
    regex_detector_test.go:84: Expected label ZipCode, got  ([]), file ZipCode.csv:8467 data 26814
    regex_detector_test.go:84: Expected label ZipCode, got  ([]), file ZipCode.csv:8468 data 26815
    regex_detector_test.go:84: Expected label ZipCode, got  ([]), file ZipCode.csv:8469 data 26817
    regex_detector_test.go:84: Expected label ZipCode, got  ([]), file ZipCode.csv:8470 data 26818
    regex_detector_test.go:84: Expected label ZipCode, got  ([]), file ZipCode.csv:8471 data 26823
    regex_detector_test.go:84: Expected label ZipCode, got  ([]), file ZipCode.csv:8472 data 26833
    regex_detector_test.go:84: Expected label ZipCode, got  ([]), file ZipCode.csv:8473 data 26836
    regex_detector_test.go:84: Expected label ZipCode, got  ([]), file ZipCode.csv:8474 data 26838
    regex_detector_test.go:84: Expected label ZipCode, got  ([]), file ZipCode.csv:8475 data 26845
    regex_detector_test.go:84: Expected label ZipCode, got  ([]), file ZipCode.csv:8476 data 26847
    regex_detector_test.go:84: Expected label ZipCode, got  ([]), file ZipCode.csv:8477 data 26851
    regex_detector_test.go:84: Expected label ZipCode, got  ([]), file ZipCode.csv:8478 data 26852
    regex_detector_test.go:84: Expected label ZipCode, got  ([]), file ZipCode.csv:8479 data 26855
    regex_detector_test.go:84: Expected label ZipCode, got  ([]), file ZipCode.csv:8480 data 26865
    regex_detector_test.go:84: Expected label ZipCode, got  ([]), file ZipCode.csv:8481 data 26866
    regex_detector_test.go:84: Expected label ZipCode, got  ([]), file ZipCode.csv:8482 data 26884
    regex_detector_test.go:84: Expected label ZipCode, got  ([]), file ZipCode.csv:8483 data 26886
    regex_detector_test.go:84: Expected label ZipCode, got  ([]), file ZipCode.csv:8484 data 27006
    regex_detector_test.go:84: Expected label ZipCode, got  ([]), file ZipCode.csv:8485 data 27007
    regex_detector_test.go:84: Expected label ZipCode, got  ([]), file ZipCode.csv:8486 data 27009
    regex_detector_test.go:84: Expected label ZipCode, got  ([]), file ZipCode.csv:8487 data 27011
    regex_detector_test.go:84: Expected label ZipCode, got  ([]), file ZipCode.csv:8488 data 27012
    regex_detector_test.go:84: Expected label ZipCode, got  ([]), file ZipCode.csv:8489 data 27013
    regex_detector_test.go:84: Expected label ZipCode, got  ([]), file ZipCode.csv:8490 data 27014
    regex_detector_test.go:84: Expected label ZipCode, got  ([]), file ZipCode.csv:8491 data 27016
    regex_detector_test.go:84: Expected label ZipCode, got  ([]), file ZipCode.csv:8492 data 27017
    regex_detector_test.go:84: Expected label ZipCode, got  ([]), file ZipCode.csv:8493 data 27018
    regex_detector_test.go:84: Expected label ZipCode, got  ([]), file ZipCode.csv:8494 data 27019
    regex_detector_test.go:84: Expected label ZipCode, got  ([]), file ZipCode.csv:8495 data 27020
    regex_detector_test.go:84: Expected label ZipCode, got  ([]), file ZipCode.csv:8496 data 27021
    regex_detector_test.go:84: Expected label ZipCode, got  ([]), file ZipCode.csv:8497 data 27022
    regex_detector_test.go:84: Expected label ZipCode, got  ([]), file ZipCode.csv:8498 data 27023
    regex_detector_test.go:84: Expected label ZipCode, got  ([]), file ZipCode.csv:8499 data 27024
    regex_detector_test.go:84: Expected label ZipCode, got  ([]), file ZipCode.csv:8500 data 27025
    regex_detector_test.go:84: Expected label ZipCode, got  ([]), file ZipCode.csv:8501 data 27027
    regex_detector_test.go:84: Expected label ZipCode, got  ([]), file ZipCode.csv:8502 data 27028
    regex_detector_test.go:84: Expected label ZipCode, got  ([]), file ZipCode.csv:8503 data 27030
    regex_detector_test.go:84: Expected label ZipCode, got  ([]), file ZipCode.csv:8504 data 27040
    regex_detector_test.go:84: Expected label ZipCode, got  ([]), file ZipCode.csv:8505 data 27041
    regex_detector_test.go:84: Expected label ZipCode, got  ([]), file ZipCode.csv:8506 data 27042
    regex_detector_test.go:84: Expected label ZipCode, got  ([]), file ZipCode.csv:8507 data 27043
    regex_detector_test.go:84: Expected label ZipCode, got  ([]), file ZipCode.csv:8508 data 27045
    regex_detector_test.go:84: Expected label ZipCode, got  ([]), file ZipCode.csv:8509 data 27046
    regex_detector_test.go:84: Expected label ZipCode, got  ([]), file ZipCode.csv:8510 data 27047
    regex_detector_test.go:84: Expected label ZipCode, got  ([]), file ZipCode.csv:8511 data 27048
    regex_detector_test.go:84: Expected label ZipCode, got  ([]), file ZipCode.csv:8512 data 27050
    regex_detector_test.go:84: Expected label ZipCode, got  ([]), file ZipCode.csv:8513 data 27051
    regex_detector_test.go:84: Expected label ZipCode, got  ([]), file ZipCode.csv:8514 data 27052
    regex_detector_test.go:84: Expected label ZipCode, got  ([]), file ZipCode.csv:8515 data 27053
    regex_detector_test.go:84: Expected label ZipCode, got  ([]), file ZipCode.csv:8516 data 27054
    regex_detector_test.go:84: Expected label ZipCode, got  ([]), file ZipCode.csv:8517 data 27055
    regex_detector_test.go:84: Expected label ZipCode, got  ([]), file ZipCode.csv:8518 data 27101
    regex_detector_test.go:84: Expected label ZipCode, got  ([]), file ZipCode.csv:8519 data 27103
    regex_detector_test.go:84: Expected label ZipCode, got  ([]), file ZipCode.csv:8520 data 27104
    regex_detector_test.go:84: Expected label ZipCode, got  ([]), file ZipCode.csv:8521 data 27105
    regex_detector_test.go:84: Expected label ZipCode, got  ([]), file ZipCode.csv:8522 data 27106
    regex_detector_test.go:84: Expected label ZipCode, got  ([]), file ZipCode.csv:8523 data 27107
    regex_detector_test.go:84: Expected label ZipCode, got  ([]), file ZipCode.csv:8524 data 27109
    regex_detector_test.go:84: Expected label ZipCode, got  ([]), file ZipCode.csv:8525 data 27110
    regex_detector_test.go:84: Expected label ZipCode, got  ([]), file ZipCode.csv:8526 data 27127
    regex_detector_test.go:84: Expected label ZipCode, got  ([]), file ZipCode.csv:8527 data 27201
    regex_detector_test.go:84: Expected label ZipCode, got  ([]), file ZipCode.csv:8528 data 27202
    regex_detector_test.go:84: Expected label ZipCode, got  ([]), file ZipCode.csv:8529 data 27203
    regex_detector_test.go:84: Expected label ZipCode, got  ([]), file ZipCode.csv:8530 data 27205
    regex_detector_test.go:84: Expected label ZipCode, got  ([]), file ZipCode.csv:8531 data 27207
    regex_detector_test.go:84: Expected label ZipCode, got  ([]), file ZipCode.csv:8532 data 27208
    regex_detector_test.go:84: Expected label ZipCode, got  ([]), file ZipCode.csv:8533 data 27209
    regex_detector_test.go:84: Expected label ZipCode, got  ([]), file ZipCode.csv:8534 data 27212
    regex_detector_test.go:84: Expected label ZipCode, got  ([]), file ZipCode.csv:8535 data 27213
    regex_detector_test.go:84: Expected label ZipCode, got  ([]), file ZipCode.csv:8536 data 27214
    regex_detector_test.go:84: Expected label ZipCode, got  ([]), file ZipCode.csv:8537 data 27215
    regex_detector_test.go:84: Expected label ZipCode, got  ([]), file ZipCode.csv:8538 data 27217
    regex_detector_test.go:84: Expected label ZipCode, got  ([]), file ZipCode.csv:8539 data 27229
    regex_detector_test.go:84: Expected label ZipCode, got  ([]), file ZipCode.csv:8540 data 27231
    regex_detector_test.go:84: Expected label ZipCode, got  ([]), file ZipCode.csv:8541 data 27233
    regex_detector_test.go:84: Expected label ZipCode, got  ([]), file ZipCode.csv:8542 data 27235
    regex_detector_test.go:84: Expected label ZipCode, got  ([]), file ZipCode.csv:8543 data 27239
    regex_detector_test.go:84: Expected label ZipCode, got  ([]), file ZipCode.csv:8544 data 27242
    regex_detector_test.go:84: Expected label ZipCode, got  ([]), file ZipCode.csv:8545 data 27243
    regex_detector_test.go:84: Expected label ZipCode, got  ([]), file ZipCode.csv:8546 data 27244
    regex_detector_test.go:84: Expected label ZipCode, got  ([]), file ZipCode.csv:8547 data 27247
    regex_detector_test.go:84: Expected label ZipCode, got  ([]), file ZipCode.csv:8548 data 27248
    regex_detector_test.go:84: Expected label ZipCode, got  ([]), file ZipCode.csv:8549 data 27249
    regex_detector_test.go:84: Expected label ZipCode, got  ([]), file ZipCode.csv:8550 data 27252
    regex_detector_test.go:84: Expected label ZipCode, got  ([]), file ZipCode.csv:8551 data 27253
    regex_detector_test.go:84: Expected label ZipCode, got  ([]), file ZipCode.csv:8552 data 27256
    regex_detector_test.go:84: Expected label ZipCode, got  ([]), file ZipCode.csv:8553 data 27258
    regex_detector_test.go:84: Expected label ZipCode, got  ([]), file ZipCode.csv:8554 data 27259
    regex_detector_test.go:84: Expected label ZipCode, got  ([]), file ZipCode.csv:8555 data 27260
    regex_detector_test.go:84: Expected label ZipCode, got  ([]), file ZipCode.csv:8556 data 27262
    regex_detector_test.go:84: Expected label ZipCode, got  ([]), file ZipCode.csv:8557 data 27263
    regex_detector_test.go:84: Expected label ZipCode, got  ([]), file ZipCode.csv:8558 data 27265
    regex_detector_test.go:84: Expected label ZipCode, got  ([]), file ZipCode.csv:8559 data 27268
    regex_detector_test.go:84: Expected label ZipCode, got  ([]), file ZipCode.csv:8560 data 27278
    regex_detector_test.go:84: Expected label ZipCode, got  ([]), file ZipCode.csv:8561 data 27281
    regex_detector_test.go:84: Expected label ZipCode, got  ([]), file ZipCode.csv:8562 data 27282
    regex_detector_test.go:84: Expected label ZipCode, got  ([]), file ZipCode.csv:8563 data 27283
    regex_detector_test.go:84: Expected label ZipCode, got  ([]), file ZipCode.csv:8564 data 27284
    regex_detector_test.go:84: Expected label ZipCode, got  ([]), file ZipCode.csv:8565 data 27288
    regex_detector_test.go:84: Expected label ZipCode, got  ([]), file ZipCode.csv:8566 data 27291
    regex_detector_test.go:84: Expected label ZipCode, got  ([]), file ZipCode.csv:8567 data 27292
    regex_detector_test.go:84: Expected label ZipCode, got  ([]), file ZipCode.csv:8568 data 27295
    regex_detector_test.go:84: Expected label ZipCode, got  ([]), file ZipCode.csv:8569 data 27298
    regex_detector_test.go:84: Expected label ZipCode, got  ([]), file ZipCode.csv:8570 data 27299
    regex_detector_test.go:84: Expected label ZipCode, got  ([]), file ZipCode.csv:8571 data 27301
    regex_detector_test.go:84: Expected label ZipCode, got  ([]), file ZipCode.csv:8572 data 27302
    regex_detector_test.go:84: Expected label ZipCode, got  ([]), file ZipCode.csv:8573 data 27305
    regex_detector_test.go:84: Expected label ZipCode, got  ([]), file ZipCode.csv:8574 data 27306
    regex_detector_test.go:84: Expected label ZipCode, got  ([]), file ZipCode.csv:8575 data 27310
    regex_detector_test.go:84: Expected label ZipCode, got  ([]), file ZipCode.csv:8576 data 27311
    regex_detector_test.go:84: Expected label ZipCode, got  ([]), file ZipCode.csv:8577 data 27312
    regex_detector_test.go:84: Expected label ZipCode, got  ([]), file ZipCode.csv:8578 data 27313
    regex_detector_test.go:84: Expected label ZipCode, got  ([]), file ZipCode.csv:8579 data 27314
    regex_detector_test.go:84: Expected label ZipCode, got  ([]), file ZipCode.csv:8580 data 27315
    regex_detector_test.go:84: Expected label ZipCode, got  ([]), file ZipCode.csv:8581 data 27316
    regex_detector_test.go:84: Expected label ZipCode, got  ([]), file ZipCode.csv:8582 data 27317
    regex_detector_test.go:84: Expected label ZipCode, got  ([]), file ZipCode.csv:8583 data 27320
    regex_detector_test.go:84: Expected label ZipCode, got  ([]), file ZipCode.csv:8584 data 27325
    regex_detector_test.go:84: Expected label ZipCode, got  ([]), file ZipCode.csv:8585 data 27326
    regex_detector_test.go:84: Expected label ZipCode, got  ([]), file ZipCode.csv:8586 data 27330
    regex_detector_test.go:84: Expected label ZipCode, got  ([]), file ZipCode.csv:8587 data 27332
    regex_detector_test.go:84: Expected label ZipCode, got  ([]), file ZipCode.csv:8588 data 27340
    regex_detector_test.go:84: Expected label ZipCode, got  ([]), file ZipCode.csv:8589 data 27341
    regex_detector_test.go:84: Expected label ZipCode, got  ([]), file ZipCode.csv:8590 data 27342
    regex_detector_test.go:84: Expected label ZipCode, got  ([]), file ZipCode.csv:8591 data 27343
    regex_detector_test.go:84: Expected label ZipCode, got  ([]), file ZipCode.csv:8592 data 27344
    regex_detector_test.go:84: Expected label ZipCode, got  ([]), file ZipCode.csv:8593 data 27349
    regex_detector_test.go:84: Expected label ZipCode, got  ([]), file ZipCode.csv:8594 data 27350
    regex_detector_test.go:84: Expected label ZipCode, got  ([]), file ZipCode.csv:8595 data 27351
    regex_detector_test.go:84: Expected label ZipCode, got  ([]), file ZipCode.csv:8596 data 27355
    regex_detector_test.go:84: Expected label ZipCode, got  ([]), file ZipCode.csv:8597 data 27356
    regex_detector_test.go:84: Expected label ZipCode, got  ([]), file ZipCode.csv:8598 data 27357
    regex_detector_test.go:84: Expected label ZipCode, got  ([]), file ZipCode.csv:8599 data 27358
    regex_detector_test.go:84: Expected label ZipCode, got  ([]), file ZipCode.csv:8600 data 27360
    regex_detector_test.go:84: Expected label ZipCode, got  ([]), file ZipCode.csv:8601 data 27370
    regex_detector_test.go:84: Expected label ZipCode, got  ([]), file ZipCode.csv:8602 data 27371
    regex_detector_test.go:84: Expected label ZipCode, got  ([]), file ZipCode.csv:8603 data 27374
    regex_detector_test.go:84: Expected label ZipCode, got  ([]), file ZipCode.csv:8604 data 27376
    regex_detector_test.go:84: Expected label ZipCode, got  ([]), file ZipCode.csv:8605 data 27377
    regex_detector_test.go:84: Expected label ZipCode, got  ([]), file ZipCode.csv:8606 data 27379
    regex_detector_test.go:84: Expected label ZipCode, got  ([]), file ZipCode.csv:8607 data 27401
    regex_detector_test.go:84: Expected label ZipCode, got  ([]), file ZipCode.csv:8608 data 27403
    regex_detector_test.go:84: Expected label ZipCode, got  ([]), file ZipCode.csv:8609 data 27405
    regex_detector_test.go:84: Expected label ZipCode, got  ([]), file ZipCode.csv:8610 data 27406
    regex_detector_test.go:84: Expected label ZipCode, got  ([]), file ZipCode.csv:8611 data 27407
    regex_detector_test.go:84: Expected label ZipCode, got  ([]), file ZipCode.csv:8612 data 27408
    regex_detector_test.go:84: Expected label ZipCode, got  ([]), file ZipCode.csv:8613 data 27409
    regex_detector_test.go:84: Expected label ZipCode, got  ([]), file ZipCode.csv:8614 data 27410
    regex_detector_test.go:84: Expected label ZipCode, got  ([]), file ZipCode.csv:8615 data 27411
    regex_detector_test.go:84: Expected label ZipCode, got  ([]), file ZipCode.csv:8616 data 27412
    regex_detector_test.go:84: Expected label ZipCode, got  ([]), file ZipCode.csv:8617 data 27455
    regex_detector_test.go:84: Expected label ZipCode, got  ([]), file ZipCode.csv:8618 data 27501
    regex_detector_test.go:84: Expected label ZipCode, got  ([]), file ZipCode.csv:8619 data 27502
    regex_detector_test.go:84: Expected label ZipCode, got  ([]), file ZipCode.csv:8620 data 27503
    regex_detector_test.go:84: Expected label ZipCode, got  ([]), file ZipCode.csv:8621 data 27504
    regex_detector_test.go:84: Expected label ZipCode, got  ([]), file ZipCode.csv:8622 data 27505
    regex_detector_test.go:84: Expected label ZipCode, got  ([]), file ZipCode.csv:8623 data 27506
    regex_detector_test.go:84: Expected label ZipCode, got  ([]), file ZipCode.csv:8624 data 27507
    regex_detector_test.go:84: Expected label ZipCode, got  ([]), file ZipCode.csv:8625 data 27508
    regex_detector_test.go:84: Expected label ZipCode, got  ([]), file ZipCode.csv:8626 data 27509
    regex_detector_test.go:84: Expected label ZipCode, got  ([]), file ZipCode.csv:8627 data 27510
    regex_detector_test.go:84: Expected label ZipCode, got  ([]), file ZipCode.csv:8628 data 27511
    regex_detector_test.go:84: Expected label ZipCode, got  ([]), file ZipCode.csv:8629 data 27513
    regex_detector_test.go:84: Expected label ZipCode, got  ([]), file ZipCode.csv:8630 data 27514
    regex_detector_test.go:84: Expected label ZipCode, got  ([]), file ZipCode.csv:8631 data 27516
    regex_detector_test.go:84: Expected label ZipCode, got  ([]), file ZipCode.csv:8632 data 27517
    regex_detector_test.go:84: Expected label ZipCode, got  ([]), file ZipCode.csv:8633 data 27518
    regex_detector_test.go:84: Expected label ZipCode, got  ([]), file ZipCode.csv:8634 data 27519
    regex_detector_test.go:84: Expected label ZipCode, got  ([]), file ZipCode.csv:8635 data 27520
    regex_detector_test.go:84: Expected label ZipCode, got  ([]), file ZipCode.csv:8636 data 27521
    regex_detector_test.go:84: Expected label ZipCode, got  ([]), file ZipCode.csv:8637 data 27522
    regex_detector_test.go:84: Expected label ZipCode, got  ([]), file ZipCode.csv:8638 data 27523
    regex_detector_test.go:84: Expected label ZipCode, got  ([]), file ZipCode.csv:8639 data 27524
    regex_detector_test.go:84: Expected label ZipCode, got  ([]), file ZipCode.csv:8640 data 27525
    regex_detector_test.go:84: Expected label ZipCode, got  ([]), file ZipCode.csv:8641 data 27526
    regex_detector_test.go:84: Expected label ZipCode, got  ([]), file ZipCode.csv:8642 data 27527
    regex_detector_test.go:84: Expected label ZipCode, got  ([]), file ZipCode.csv:8643 data 27529
    regex_detector_test.go:84: Expected label ZipCode, got  ([]), file ZipCode.csv:8644 data 27530
    regex_detector_test.go:84: Expected label ZipCode, got  ([]), file ZipCode.csv:8645 data 27531
    regex_detector_test.go:84: Expected label ZipCode, got  ([]), file ZipCode.csv:8646 data 27533
    regex_detector_test.go:84: Expected label ZipCode, got  ([]), file ZipCode.csv:8647 data 27534
    regex_detector_test.go:84: Expected label ZipCode, got  ([]), file ZipCode.csv:8648 data 27536
    regex_detector_test.go:84: Expected label ZipCode, got  ([]), file ZipCode.csv:8649 data 27537
    regex_detector_test.go:84: Expected label ZipCode, got  ([]), file ZipCode.csv:8650 data 27539
    regex_detector_test.go:84: Expected label ZipCode, got  ([]), file ZipCode.csv:8651 data 27540
    regex_detector_test.go:84: Expected label ZipCode, got  ([]), file ZipCode.csv:8652 data 27541
    regex_detector_test.go:84: Expected label ZipCode, got  ([]), file ZipCode.csv:8653 data 27542
    regex_detector_test.go:84: Expected label ZipCode, got  ([]), file ZipCode.csv:8654 data 27544
    regex_detector_test.go:84: Expected label ZipCode, got  ([]), file ZipCode.csv:8655 data 27545
    regex_detector_test.go:84: Expected label ZipCode, got  ([]), file ZipCode.csv:8656 data 27546
    regex_detector_test.go:84: Expected label ZipCode, got  ([]), file ZipCode.csv:8657 data 27549
    regex_detector_test.go:84: Expected label ZipCode, got  ([]), file ZipCode.csv:8658 data 27551
    regex_detector_test.go:84: Expected label ZipCode, got  ([]), file ZipCode.csv:8659 data 27553
    regex_detector_test.go:84: Expected label ZipCode, got  ([]), file ZipCode.csv:8660 data 27555
    regex_detector_test.go:84: Expected label ZipCode, got  ([]), file ZipCode.csv:8661 data 27556
    regex_detector_test.go:84: Expected label ZipCode, got  ([]), file ZipCode.csv:8662 data 27557
    regex_detector_test.go:84: Expected label ZipCode, got  ([]), file ZipCode.csv:8663 data 27559
    regex_detector_test.go:84: Expected label ZipCode, got  ([]), file ZipCode.csv:8664 data 27560
    regex_detector_test.go:84: Expected label ZipCode, got  ([]), file ZipCode.csv:8665 data 27562
    regex_detector_test.go:84: Expected label ZipCode, got  ([]), file ZipCode.csv:8666 data 27563
    regex_detector_test.go:84: Expected label ZipCode, got  ([]), file ZipCode.csv:8667 data 27565
    regex_detector_test.go:84: Expected label ZipCode, got  ([]), file ZipCode.csv:8668 data 27568
    regex_detector_test.go:84: Expected label ZipCode, got  ([]), file ZipCode.csv:8669 data 27569
    regex_detector_test.go:84: Expected label ZipCode, got  ([]), file ZipCode.csv:8670 data 27570
    regex_detector_test.go:84: Expected label ZipCode, got  ([]), file ZipCode.csv:8671 data 27571
    regex_detector_test.go:84: Expected label ZipCode, got  ([]), file ZipCode.csv:8672 data 27572
    regex_detector_test.go:84: Expected label ZipCode, got  ([]), file ZipCode.csv:8673 data 27573
    regex_detector_test.go:84: Expected label ZipCode, got  ([]), file ZipCode.csv:8674 data 27574
    regex_detector_test.go:84: Expected label ZipCode, got  ([]), file ZipCode.csv:8675 data 27576
    regex_detector_test.go:84: Expected label ZipCode, got  ([]), file ZipCode.csv:8676 data 27577
    regex_detector_test.go:84: Expected label ZipCode, got  ([]), file ZipCode.csv:8677 data 27581
    regex_detector_test.go:84: Expected label ZipCode, got  ([]), file ZipCode.csv:8678 data 27582
    regex_detector_test.go:84: Expected label ZipCode, got  ([]), file ZipCode.csv:8679 data 27583
    regex_detector_test.go:84: Expected label ZipCode, got  ([]), file ZipCode.csv:8680 data 27584
    regex_detector_test.go:84: Expected label ZipCode, got  ([]), file ZipCode.csv:8681 data 27587
    regex_detector_test.go:84: Expected label ZipCode, got  ([]), file ZipCode.csv:8682 data 27589
    regex_detector_test.go:84: Expected label ZipCode, got  ([]), file ZipCode.csv:8683 data 27591
    regex_detector_test.go:84: Expected label ZipCode, got  ([]), file ZipCode.csv:8684 data 27592
    regex_detector_test.go:84: Expected label ZipCode, got  ([]), file ZipCode.csv:8685 data 27593
    regex_detector_test.go:84: Expected label ZipCode, got  ([]), file ZipCode.csv:8686 data 27594
    regex_detector_test.go:84: Expected label ZipCode, got  ([]), file ZipCode.csv:8687 data 27596
    regex_detector_test.go:84: Expected label ZipCode, got  ([]), file ZipCode.csv:8688 data 27597
    regex_detector_test.go:84: Expected label ZipCode, got  ([]), file ZipCode.csv:8689 data 27599
    regex_detector_test.go:84: Expected label ZipCode, got  ([]), file ZipCode.csv:8690 data 27601
    regex_detector_test.go:84: Expected label ZipCode, got  ([]), file ZipCode.csv:8691 data 27603
    regex_detector_test.go:84: Expected label ZipCode, got  ([]), file ZipCode.csv:8692 data 27604
    regex_detector_test.go:84: Expected label ZipCode, got  ([]), file ZipCode.csv:8693 data 27605
    regex_detector_test.go:84: Expected label ZipCode, got  ([]), file ZipCode.csv:8694 data 27606
    regex_detector_test.go:84: Expected label ZipCode, got  ([]), file ZipCode.csv:8695 data 27607
    regex_detector_test.go:84: Expected label ZipCode, got  ([]), file ZipCode.csv:8696 data 27608
    regex_detector_test.go:84: Expected label ZipCode, got  ([]), file ZipCode.csv:8697 data 27609
    regex_detector_test.go:84: Expected label ZipCode, got  ([]), file ZipCode.csv:8698 data 27610
    regex_detector_test.go:84: Expected label ZipCode, got  ([]), file ZipCode.csv:8699 data 27612
    regex_detector_test.go:84: Expected label ZipCode, got  ([]), file ZipCode.csv:8700 data 27613
    regex_detector_test.go:84: Expected label ZipCode, got  ([]), file ZipCode.csv:8701 data 27614
    regex_detector_test.go:84: Expected label ZipCode, got  ([]), file ZipCode.csv:8702 data 27615
    regex_detector_test.go:84: Expected label ZipCode, got  ([]), file ZipCode.csv:8703 data 27616
    regex_detector_test.go:84: Expected label ZipCode, got  ([]), file ZipCode.csv:8704 data 27617
    regex_detector_test.go:84: Expected label ZipCode, got  ([]), file ZipCode.csv:8705 data 27695
    regex_detector_test.go:84: Expected label ZipCode, got  ([]), file ZipCode.csv:8706 data 27697
    regex_detector_test.go:84: Expected label ZipCode, got  ([]), file ZipCode.csv:8707 data 27701
    regex_detector_test.go:84: Expected label ZipCode, got  ([]), file ZipCode.csv:8708 data 27703
    regex_detector_test.go:84: Expected label ZipCode, got  ([]), file ZipCode.csv:8709 data 27704
    regex_detector_test.go:84: Expected label ZipCode, got  ([]), file ZipCode.csv:8710 data 27705
    regex_detector_test.go:84: Expected label ZipCode, got  ([]), file ZipCode.csv:8711 data 27707
    regex_detector_test.go:84: Expected label ZipCode, got  ([]), file ZipCode.csv:8712 data 27708
    regex_detector_test.go:84: Expected label ZipCode, got  ([]), file ZipCode.csv:8713 data 27709
    regex_detector_test.go:84: Expected label ZipCode, got  ([]), file ZipCode.csv:8714 data 27712
    regex_detector_test.go:84: Expected label ZipCode, got  ([]), file ZipCode.csv:8715 data 27713
    regex_detector_test.go:84: Expected label ZipCode, got  ([]), file ZipCode.csv:8716 data 27801
    regex_detector_test.go:84: Expected label ZipCode, got  ([]), file ZipCode.csv:8717 data 27803
    regex_detector_test.go:84: Expected label ZipCode, got  ([]), file ZipCode.csv:8718 data 27804
    regex_detector_test.go:84: Expected label ZipCode, got  ([]), file ZipCode.csv:8719 data 27805
    regex_detector_test.go:84: Expected label ZipCode, got  ([]), file ZipCode.csv:8720 data 27806
    regex_detector_test.go:84: Expected label ZipCode, got  ([]), file ZipCode.csv:8721 data 27807
    regex_detector_test.go:84: Expected label ZipCode, got  ([]), file ZipCode.csv:8722 data 27808
    regex_detector_test.go:84: Expected label ZipCode, got  ([]), file ZipCode.csv:8723 data 27809
    regex_detector_test.go:84: Expected label ZipCode, got  ([]), file ZipCode.csv:8724 data 27810
    regex_detector_test.go:84: Expected label ZipCode, got  ([]), file ZipCode.csv:8725 data 27812
    regex_detector_test.go:84: Expected label ZipCode, got  ([]), file ZipCode.csv:8726 data 27813
    regex_detector_test.go:84: Expected label ZipCode, got  ([]), file ZipCode.csv:8727 data 27814
    regex_detector_test.go:84: Expected label ZipCode, got  ([]), file ZipCode.csv:8728 data 27815
    regex_detector_test.go:84: Expected label ZipCode, got  ([]), file ZipCode.csv:8729 data 27816
    regex_detector_test.go:84: Expected label ZipCode, got  ([]), file ZipCode.csv:8730 data 27817
    regex_detector_test.go:84: Expected label ZipCode, got  ([]), file ZipCode.csv:8731 data 27818
    regex_detector_test.go:84: Expected label ZipCode, got  ([]), file ZipCode.csv:8732 data 27819
    regex_detector_test.go:84: Expected label ZipCode, got  ([]), file ZipCode.csv:8733 data 27820
    regex_detector_test.go:84: Expected label ZipCode, got  ([]), file ZipCode.csv:8734 data 27821
    regex_detector_test.go:84: Expected label ZipCode, got  ([]), file ZipCode.csv:8735 data 27822
    regex_detector_test.go:84: Expected label ZipCode, got  ([]), file ZipCode.csv:8736 data 27823
    regex_detector_test.go:84: Expected label ZipCode, got  ([]), file ZipCode.csv:8737 data 27824
    regex_detector_test.go:84: Expected label ZipCode, got  ([]), file ZipCode.csv:8738 data 27825
    regex_detector_test.go:84: Expected label ZipCode, got  ([]), file ZipCode.csv:8739 data 27826
    regex_detector_test.go:84: Expected label ZipCode, got  ([]), file ZipCode.csv:8740 data 27827
    regex_detector_test.go:84: Expected label ZipCode, got  ([]), file ZipCode.csv:8741 data 27828
    regex_detector_test.go:84: Expected label ZipCode, got  ([]), file ZipCode.csv:8742 data 27829
    regex_detector_test.go:84: Expected label ZipCode, got  ([]), file ZipCode.csv:8743 data 27830
    regex_detector_test.go:84: Expected label ZipCode, got  ([]), file ZipCode.csv:8744 data 27831
    regex_detector_test.go:84: Expected label ZipCode, got  ([]), file ZipCode.csv:8745 data 27832
    regex_detector_test.go:84: Expected label ZipCode, got  ([]), file ZipCode.csv:8746 data 27834
    regex_detector_test.go:84: Expected label ZipCode, got  ([]), file ZipCode.csv:8747 data 27837
    regex_detector_test.go:84: Expected label ZipCode, got  ([]), file ZipCode.csv:8748 data 27839
    regex_detector_test.go:84: Expected label ZipCode, got  ([]), file ZipCode.csv:8749 data 27840
    regex_detector_test.go:84: Expected label ZipCode, got  ([]), file ZipCode.csv:8750 data 27841
    regex_detector_test.go:84: Expected label ZipCode, got  ([]), file ZipCode.csv:8751 data 27842
    regex_detector_test.go:84: Expected label ZipCode, got  ([]), file ZipCode.csv:8752 data 27843
    regex_detector_test.go:84: Expected label ZipCode, got  ([]), file ZipCode.csv:8753 data 27844
    regex_detector_test.go:84: Expected label ZipCode, got  ([]), file ZipCode.csv:8754 data 27845
    regex_detector_test.go:84: Expected label ZipCode, got  ([]), file ZipCode.csv:8755 data 27846
    regex_detector_test.go:84: Expected label ZipCode, got  ([]), file ZipCode.csv:8756 data 27847
    regex_detector_test.go:84: Expected label ZipCode, got  ([]), file ZipCode.csv:8757 data 27849
    regex_detector_test.go:84: Expected label ZipCode, got  ([]), file ZipCode.csv:8758 data 27850
    regex_detector_test.go:84: Expected label ZipCode, got  ([]), file ZipCode.csv:8759 data 27851
    regex_detector_test.go:84: Expected label ZipCode, got  ([]), file ZipCode.csv:8760 data 27852
    regex_detector_test.go:84: Expected label ZipCode, got  ([]), file ZipCode.csv:8761 data 27853
    regex_detector_test.go:84: Expected label ZipCode, got  ([]), file ZipCode.csv:8762 data 27855
    regex_detector_test.go:84: Expected label ZipCode, got  ([]), file ZipCode.csv:8763 data 27856
    regex_detector_test.go:84: Expected label ZipCode, got  ([]), file ZipCode.csv:8764 data 27857
    regex_detector_test.go:84: Expected label ZipCode, got  ([]), file ZipCode.csv:8765 data 27858
    regex_detector_test.go:84: Expected label ZipCode, got  ([]), file ZipCode.csv:8766 data 27860
    regex_detector_test.go:84: Expected label ZipCode, got  ([]), file ZipCode.csv:8767 data 27861
    regex_detector_test.go:84: Expected label ZipCode, got  ([]), file ZipCode.csv:8768 data 27862
    regex_detector_test.go:84: Expected label ZipCode, got  ([]), file ZipCode.csv:8769 data 27863
    regex_detector_test.go:84: Expected label ZipCode, got  ([]), file ZipCode.csv:8770 data 27864
    regex_detector_test.go:84: Expected label ZipCode, got  ([]), file ZipCode.csv:8771 data 27865
    regex_detector_test.go:84: Expected label ZipCode, got  ([]), file ZipCode.csv:8772 data 27866
    regex_detector_test.go:84: Expected label ZipCode, got  ([]), file ZipCode.csv:8773 data 27869
    regex_detector_test.go:84: Expected label ZipCode, got  ([]), file ZipCode.csv:8774 data 27870
    regex_detector_test.go:84: Expected label ZipCode, got  ([]), file ZipCode.csv:8775 data 27871
    regex_detector_test.go:84: Expected label ZipCode, got  ([]), file ZipCode.csv:8776 data 27872
    regex_detector_test.go:84: Expected label ZipCode, got  ([]), file ZipCode.csv:8777 data 27873
    regex_detector_test.go:84: Expected label ZipCode, got  ([]), file ZipCode.csv:8778 data 27874
    regex_detector_test.go:84: Expected label ZipCode, got  ([]), file ZipCode.csv:8779 data 27875
    regex_detector_test.go:84: Expected label ZipCode, got  ([]), file ZipCode.csv:8780 data 27876
    regex_detector_test.go:84: Expected label ZipCode, got  ([]), file ZipCode.csv:8781 data 27877
    regex_detector_test.go:84: Expected label ZipCode, got  ([]), file ZipCode.csv:8782 data 27878
    regex_detector_test.go:84: Expected label ZipCode, got  ([]), file ZipCode.csv:8783 data 27879
    regex_detector_test.go:84: Expected label ZipCode, got  ([]), file ZipCode.csv:8784 data 27880
    regex_detector_test.go:84: Expected label ZipCode, got  ([]), file ZipCode.csv:8785 data 27881
    regex_detector_test.go:84: Expected label ZipCode, got  ([]), file ZipCode.csv:8786 data 27882
    regex_detector_test.go:84: Expected label ZipCode, got  ([]), file ZipCode.csv:8787 data 27883
    regex_detector_test.go:84: Expected label ZipCode, got  ([]), file ZipCode.csv:8788 data 27884
    regex_detector_test.go:84: Expected label ZipCode, got  ([]), file ZipCode.csv:8789 data 27885
    regex_detector_test.go:84: Expected label ZipCode, got  ([]), file ZipCode.csv:8790 data 27886
    regex_detector_test.go:84: Expected label ZipCode, got  ([]), file ZipCode.csv:8791 data 27888
    regex_detector_test.go:84: Expected label ZipCode, got  ([]), file ZipCode.csv:8792 data 27889
    regex_detector_test.go:84: Expected label ZipCode, got  ([]), file ZipCode.csv:8793 data 27890
    regex_detector_test.go:84: Expected label ZipCode, got  ([]), file ZipCode.csv:8794 data 27891
    regex_detector_test.go:84: Expected label ZipCode, got  ([]), file ZipCode.csv:8795 data 27892
    regex_detector_test.go:84: Expected label ZipCode, got  ([]), file ZipCode.csv:8796 data 27893
    regex_detector_test.go:84: Expected label ZipCode, got  ([]), file ZipCode.csv:8797 data 27896
    regex_detector_test.go:84: Expected label ZipCode, got  ([]), file ZipCode.csv:8798 data 27897
    regex_detector_test.go:84: Expected label ZipCode, got  ([]), file ZipCode.csv:8799 data 27909
    regex_detector_test.go:84: Expected label ZipCode, got  ([]), file ZipCode.csv:8800 data 27910
    regex_detector_test.go:84: Expected label ZipCode, got  ([]), file ZipCode.csv:8801 data 27915
    regex_detector_test.go:84: Expected label ZipCode, got  ([]), file ZipCode.csv:8802 data 27916
    regex_detector_test.go:84: Expected label ZipCode, got  ([]), file ZipCode.csv:8803 data 27917
    regex_detector_test.go:84: Expected label ZipCode, got  ([]), file ZipCode.csv:8804 data 27919
    regex_detector_test.go:84: Expected label ZipCode, got  ([]), file ZipCode.csv:8805 data 27920
    regex_detector_test.go:84: Expected label ZipCode, got  ([]), file ZipCode.csv:8806 data 27921
    regex_detector_test.go:84: Expected label ZipCode, got  ([]), file ZipCode.csv:8807 data 27922
    regex_detector_test.go:84: Expected label ZipCode, got  ([]), file ZipCode.csv:8808 data 27923
    regex_detector_test.go:84: Expected label ZipCode, got  ([]), file ZipCode.csv:8809 data 27924
    regex_detector_test.go:84: Expected label ZipCode, got  ([]), file ZipCode.csv:8810 data 27925
    regex_detector_test.go:84: Expected label ZipCode, got  ([]), file ZipCode.csv:8811 data 27926
    regex_detector_test.go:84: Expected label ZipCode, got  ([]), file ZipCode.csv:8812 data 27927
    regex_detector_test.go:84: Expected label ZipCode, got  ([]), file ZipCode.csv:8813 data 27928
    regex_detector_test.go:84: Expected label ZipCode, got  ([]), file ZipCode.csv:8814 data 27929
    regex_detector_test.go:84: Expected label ZipCode, got  ([]), file ZipCode.csv:8815 data 27932
    regex_detector_test.go:84: Expected label ZipCode, got  ([]), file ZipCode.csv:8816 data 27935
    regex_detector_test.go:84: Expected label ZipCode, got  ([]), file ZipCode.csv:8817 data 27936
    regex_detector_test.go:84: Expected label ZipCode, got  ([]), file ZipCode.csv:8818 data 27937
    regex_detector_test.go:84: Expected label ZipCode, got  ([]), file ZipCode.csv:8819 data 27938
    regex_detector_test.go:84: Expected label ZipCode, got  ([]), file ZipCode.csv:8820 data 27939
    regex_detector_test.go:84: Expected label ZipCode, got  ([]), file ZipCode.csv:8821 data 27941
    regex_detector_test.go:84: Expected label ZipCode, got  ([]), file ZipCode.csv:8822 data 27942
    regex_detector_test.go:84: Expected label ZipCode, got  ([]), file ZipCode.csv:8823 data 27943
    regex_detector_test.go:84: Expected label ZipCode, got  ([]), file ZipCode.csv:8824 data 27944
    regex_detector_test.go:84: Expected label ZipCode, got  ([]), file ZipCode.csv:8825 data 27946
    regex_detector_test.go:84: Expected label ZipCode, got  ([]), file ZipCode.csv:8826 data 27947
    regex_detector_test.go:84: Expected label ZipCode, got  ([]), file ZipCode.csv:8827 data 27948
    regex_detector_test.go:84: Expected label ZipCode, got  ([]), file ZipCode.csv:8828 data 27949
    regex_detector_test.go:84: Expected label ZipCode, got  ([]), file ZipCode.csv:8829 data 27950
    regex_detector_test.go:84: Expected label ZipCode, got  ([]), file ZipCode.csv:8830 data 27953
    regex_detector_test.go:84: Expected label ZipCode, got  ([]), file ZipCode.csv:8831 data 27954
    regex_detector_test.go:84: Expected label ZipCode, got  ([]), file ZipCode.csv:8832 data 27956
    regex_detector_test.go:84: Expected label ZipCode, got  ([]), file ZipCode.csv:8833 data 27957
    regex_detector_test.go:84: Expected label ZipCode, got  ([]), file ZipCode.csv:8834 data 27958
    regex_detector_test.go:84: Expected label ZipCode, got  ([]), file ZipCode.csv:8835 data 27959
    regex_detector_test.go:84: Expected label ZipCode, got  ([]), file ZipCode.csv:8836 data 27960
    regex_detector_test.go:84: Expected label ZipCode, got  ([]), file ZipCode.csv:8837 data 27962
    regex_detector_test.go:84: Expected label ZipCode, got  ([]), file ZipCode.csv:8838 data 27964
    regex_detector_test.go:84: Expected label ZipCode, got  ([]), file ZipCode.csv:8839 data 27965
    regex_detector_test.go:84: Expected label ZipCode, got  ([]), file ZipCode.csv:8840 data 27966
    regex_detector_test.go:84: Expected label ZipCode, got  ([]), file ZipCode.csv:8841 data 27967
    regex_detector_test.go:84: Expected label ZipCode, got  ([]), file ZipCode.csv:8842 data 27968
    regex_detector_test.go:84: Expected label ZipCode, got  ([]), file ZipCode.csv:8843 data 27969
    regex_detector_test.go:84: Expected label ZipCode, got  ([]), file ZipCode.csv:8844 data 27970
    regex_detector_test.go:84: Expected label ZipCode, got  ([]), file ZipCode.csv:8845 data 27972
    regex_detector_test.go:84: Expected label ZipCode, got  ([]), file ZipCode.csv:8846 data 27973
    regex_detector_test.go:84: Expected label ZipCode, got  ([]), file ZipCode.csv:8847 data 27974
    regex_detector_test.go:84: Expected label ZipCode, got  ([]), file ZipCode.csv:8848 data 27976
    regex_detector_test.go:84: Expected label ZipCode, got  ([]), file ZipCode.csv:8849 data 27978
    regex_detector_test.go:84: Expected label ZipCode, got  ([]), file ZipCode.csv:8850 data 27979
    regex_detector_test.go:84: Expected label ZipCode, got  ([]), file ZipCode.csv:8851 data 27980
    regex_detector_test.go:84: Expected label ZipCode, got  ([]), file ZipCode.csv:8852 data 27981
    regex_detector_test.go:84: Expected label ZipCode, got  ([]), file ZipCode.csv:8853 data 27982
    regex_detector_test.go:84: Expected label ZipCode, got  ([]), file ZipCode.csv:8854 data 27983
    regex_detector_test.go:84: Expected label ZipCode, got  ([]), file ZipCode.csv:8855 data 27985
    regex_detector_test.go:84: Expected label ZipCode, got  ([]), file ZipCode.csv:8856 data 27986
    regex_detector_test.go:84: Expected label ZipCode, got  ([]), file ZipCode.csv:8857 data 28001
    regex_detector_test.go:84: Expected label ZipCode, got  ([]), file ZipCode.csv:8858 data 28006
    regex_detector_test.go:84: Expected label ZipCode, got  ([]), file ZipCode.csv:8859 data 28007
    regex_detector_test.go:84: Expected label ZipCode, got  ([]), file ZipCode.csv:8860 data 28009
    regex_detector_test.go:84: Expected label ZipCode, got  ([]), file ZipCode.csv:8861 data 28012
    regex_detector_test.go:84: Expected label ZipCode, got  ([]), file ZipCode.csv:8862 data 28016
    regex_detector_test.go:84: Expected label ZipCode, got  ([]), file ZipCode.csv:8863 data 28017
    regex_detector_test.go:84: Expected label ZipCode, got  ([]), file ZipCode.csv:8864 data 28018
    regex_detector_test.go:84: Expected label ZipCode, got  ([]), file ZipCode.csv:8865 data 28019
    regex_detector_test.go:84: Expected label ZipCode, got  ([]), file ZipCode.csv:8866 data 28020
    regex_detector_test.go:84: Expected label ZipCode, got  ([]), file ZipCode.csv:8867 data 28021
    regex_detector_test.go:84: Expected label ZipCode, got  ([]), file ZipCode.csv:8868 data 28023
    regex_detector_test.go:84: Expected label ZipCode, got  ([]), file ZipCode.csv:8869 data 28024
    regex_detector_test.go:84: Expected label ZipCode, got  ([]), file ZipCode.csv:8870 data 28025
    regex_detector_test.go:84: Expected label ZipCode, got  ([]), file ZipCode.csv:8871 data 28027
    regex_detector_test.go:84: Expected label ZipCode, got  ([]), file ZipCode.csv:8872 data 28031
    regex_detector_test.go:84: Expected label ZipCode, got  ([]), file ZipCode.csv:8873 data 28032
    regex_detector_test.go:84: Expected label ZipCode, got  ([]), file ZipCode.csv:8874 data 28033
    regex_detector_test.go:84: Expected label ZipCode, got  ([]), file ZipCode.csv:8875 data 28034
    regex_detector_test.go:84: Expected label ZipCode, got  ([]), file ZipCode.csv:8876 data 28036
    regex_detector_test.go:84: Expected label ZipCode, got  ([]), file ZipCode.csv:8877 data 28037
    regex_detector_test.go:84: Expected label ZipCode, got  ([]), file ZipCode.csv:8878 data 28039
    regex_detector_test.go:84: Expected label ZipCode, got  ([]), file ZipCode.csv:8879 data 28040
    regex_detector_test.go:84: Expected label ZipCode, got  ([]), file ZipCode.csv:8880 data 28041
    regex_detector_test.go:84: Expected label ZipCode, got  ([]), file ZipCode.csv:8881 data 28042
    regex_detector_test.go:84: Expected label ZipCode, got  ([]), file ZipCode.csv:8882 data 28043
    regex_detector_test.go:84: Expected label ZipCode, got  ([]), file ZipCode.csv:8883 data 28052
    regex_detector_test.go:84: Expected label ZipCode, got  ([]), file ZipCode.csv:8884 data 28054
    regex_detector_test.go:84: Expected label ZipCode, got  ([]), file ZipCode.csv:8885 data 28056
    regex_detector_test.go:84: Expected label ZipCode, got  ([]), file ZipCode.csv:8886 data 28071
    regex_detector_test.go:84: Expected label ZipCode, got  ([]), file ZipCode.csv:8887 data 28072
    regex_detector_test.go:84: Expected label ZipCode, got  ([]), file ZipCode.csv:8888 data 28073
    regex_detector_test.go:84: Expected label ZipCode, got  ([]), file ZipCode.csv:8889 data 28074
    regex_detector_test.go:84: Expected label ZipCode, got  ([]), file ZipCode.csv:8890 data 28075
    regex_detector_test.go:84: Expected label ZipCode, got  ([]), file ZipCode.csv:8891 data 28076
    regex_detector_test.go:84: Expected label ZipCode, got  ([]), file ZipCode.csv:8892 data 28077
    regex_detector_test.go:84: Expected label ZipCode, got  ([]), file ZipCode.csv:8893 data 28078
    regex_detector_test.go:84: Expected label ZipCode, got  ([]), file ZipCode.csv:8894 data 28079
    regex_detector_test.go:84: Expected label ZipCode, got  ([]), file ZipCode.csv:8895 data 28080
    regex_detector_test.go:84: Expected label ZipCode, got  ([]), file ZipCode.csv:8896 data 28081
    regex_detector_test.go:84: Expected label ZipCode, got  ([]), file ZipCode.csv:8897 data 28083
    regex_detector_test.go:84: Expected label ZipCode, got  ([]), file ZipCode.csv:8898 data 28086
    regex_detector_test.go:84: Expected label ZipCode, got  ([]), file ZipCode.csv:8899 data 28088
    regex_detector_test.go:84: Expected label ZipCode, got  ([]), file ZipCode.csv:8900 data 28089
    regex_detector_test.go:84: Expected label ZipCode, got  ([]), file ZipCode.csv:8901 data 28090
    regex_detector_test.go:84: Expected label ZipCode, got  ([]), file ZipCode.csv:8902 data 28091
    regex_detector_test.go:84: Expected label ZipCode, got  ([]), file ZipCode.csv:8903 data 28092
    regex_detector_test.go:84: Expected label ZipCode, got  ([]), file ZipCode.csv:8904 data 28097
    regex_detector_test.go:84: Expected label ZipCode, got  ([]), file ZipCode.csv:8905 data 28098
    regex_detector_test.go:84: Expected label ZipCode, got  ([]), file ZipCode.csv:8906 data 28101
    regex_detector_test.go:84: Expected label ZipCode, got  ([]), file ZipCode.csv:8907 data 28102
    regex_detector_test.go:84: Expected label ZipCode, got  ([]), file ZipCode.csv:8908 data 28103
    regex_detector_test.go:84: Expected label ZipCode, got  ([]), file ZipCode.csv:8909 data 28104
    regex_detector_test.go:84: Expected label ZipCode, got  ([]), file ZipCode.csv:8910 data 28105
    regex_detector_test.go:84: Expected label ZipCode, got  ([]), file ZipCode.csv:8911 data 28107
    regex_detector_test.go:84: Expected label ZipCode, got  ([]), file ZipCode.csv:8912 data 28108
    regex_detector_test.go:84: Expected label ZipCode, got  ([]), file ZipCode.csv:8913 data 28109
    regex_detector_test.go:84: Expected label ZipCode, got  ([]), file ZipCode.csv:8914 data 28110
    regex_detector_test.go:84: Expected label ZipCode, got  ([]), file ZipCode.csv:8915 data 28112
    regex_detector_test.go:84: Expected label ZipCode, got  ([]), file ZipCode.csv:8916 data 28114
    regex_detector_test.go:84: Expected label ZipCode, got  ([]), file ZipCode.csv:8917 data 28115
    regex_detector_test.go:84: Expected label ZipCode, got  ([]), file ZipCode.csv:8918 data 28117
    regex_detector_test.go:84: Expected label ZipCode, got  ([]), file ZipCode.csv:8919 data 28119
    regex_detector_test.go:84: Expected label ZipCode, got  ([]), file ZipCode.csv:8920 data 28120
    regex_detector_test.go:84: Expected label ZipCode, got  ([]), file ZipCode.csv:8921 data 28124
    regex_detector_test.go:84: Expected label ZipCode, got  ([]), file ZipCode.csv:8922 data 28125
    regex_detector_test.go:84: Expected label ZipCode, got  ([]), file ZipCode.csv:8923 data 28127
    regex_detector_test.go:84: Expected label ZipCode, got  ([]), file ZipCode.csv:8924 data 28128
    regex_detector_test.go:84: Expected label ZipCode, got  ([]), file ZipCode.csv:8925 data 28129
    regex_detector_test.go:84: Expected label ZipCode, got  ([]), file ZipCode.csv:8926 data 28133
    regex_detector_test.go:84: Expected label ZipCode, got  ([]), file ZipCode.csv:8927 data 28134
    regex_detector_test.go:84: Expected label ZipCode, got  ([]), file ZipCode.csv:8928 data 28135
    regex_detector_test.go:84: Expected label ZipCode, got  ([]), file ZipCode.csv:8929 data 28136
    regex_detector_test.go:84: Expected label ZipCode, got  ([]), file ZipCode.csv:8930 data 28137
    regex_detector_test.go:84: Expected label ZipCode, got  ([]), file ZipCode.csv:8931 data 28138
    regex_detector_test.go:84: Expected label ZipCode, got  ([]), file ZipCode.csv:8932 data 28139
    regex_detector_test.go:84: Expected label ZipCode, got  ([]), file ZipCode.csv:8933 data 28144
    regex_detector_test.go:84: Expected label ZipCode, got  ([]), file ZipCode.csv:8934 data 28146
    regex_detector_test.go:84: Expected label ZipCode, got  ([]), file ZipCode.csv:8935 data 28147
    regex_detector_test.go:84: Expected label ZipCode, got  ([]), file ZipCode.csv:8936 data 28150
    regex_detector_test.go:84: Expected label ZipCode, got  ([]), file ZipCode.csv:8937 data 28152
    regex_detector_test.go:84: Expected label ZipCode, got  ([]), file ZipCode.csv:8938 data 28159
    regex_detector_test.go:84: Expected label ZipCode, got  ([]), file ZipCode.csv:8939 data 28160
    regex_detector_test.go:84: Expected label ZipCode, got  ([]), file ZipCode.csv:8940 data 28163
    regex_detector_test.go:84: Expected label ZipCode, got  ([]), file ZipCode.csv:8941 data 28164
    regex_detector_test.go:84: Expected label ZipCode, got  ([]), file ZipCode.csv:8942 data 28166
    regex_detector_test.go:84: Expected label ZipCode, got  ([]), file ZipCode.csv:8943 data 28167
    regex_detector_test.go:84: Expected label ZipCode, got  ([]), file ZipCode.csv:8944 data 28168
    regex_detector_test.go:84: Expected label ZipCode, got  ([]), file ZipCode.csv:8945 data 28169
    regex_detector_test.go:84: Expected label ZipCode, got  ([]), file ZipCode.csv:8946 data 28170
    regex_detector_test.go:84: Expected label ZipCode, got  ([]), file ZipCode.csv:8947 data 28173
    regex_detector_test.go:84: Expected label ZipCode, got  ([]), file ZipCode.csv:8948 data 28174
    regex_detector_test.go:84: Expected label ZipCode, got  ([]), file ZipCode.csv:8949 data 28202
    regex_detector_test.go:84: Expected label ZipCode, got  ([]), file ZipCode.csv:8950 data 28203
    regex_detector_test.go:84: Expected label ZipCode, got  ([]), file ZipCode.csv:8951 data 28204
    regex_detector_test.go:84: Expected label ZipCode, got  ([]), file ZipCode.csv:8952 data 28205
    regex_detector_test.go:84: Expected label ZipCode, got  ([]), file ZipCode.csv:8953 data 28206
    regex_detector_test.go:84: Expected label ZipCode, got  ([]), file ZipCode.csv:8954 data 28207
    regex_detector_test.go:84: Expected label ZipCode, got  ([]), file ZipCode.csv:8955 data 28208
    regex_detector_test.go:84: Expected label ZipCode, got  ([]), file ZipCode.csv:8956 data 28209
    regex_detector_test.go:84: Expected label ZipCode, got  ([]), file ZipCode.csv:8957 data 28210
    regex_detector_test.go:84: Expected label ZipCode, got  ([]), file ZipCode.csv:8958 data 28211
    regex_detector_test.go:84: Expected label ZipCode, got  ([]), file ZipCode.csv:8959 data 28212
    regex_detector_test.go:84: Expected label ZipCode, got  ([]), file ZipCode.csv:8960 data 28213
    regex_detector_test.go:84: Expected label ZipCode, got  ([]), file ZipCode.csv:8961 data 28214
    regex_detector_test.go:84: Expected label ZipCode, got  ([]), file ZipCode.csv:8962 data 28215
    regex_detector_test.go:84: Expected label ZipCode, got  ([]), file ZipCode.csv:8963 data 28216
    regex_detector_test.go:84: Expected label ZipCode, got  ([]), file ZipCode.csv:8964 data 28217
    regex_detector_test.go:84: Expected label ZipCode, got  ([]), file ZipCode.csv:8965 data 28223
    regex_detector_test.go:84: Expected label ZipCode, got  ([]), file ZipCode.csv:8966 data 28226
    regex_detector_test.go:84: Expected label ZipCode, got  ([]), file ZipCode.csv:8967 data 28227
    regex_detector_test.go:84: Expected label ZipCode, got  ([]), file ZipCode.csv:8968 data 28244
    regex_detector_test.go:84: Expected label ZipCode, got  ([]), file ZipCode.csv:8969 data 28262
    regex_detector_test.go:84: Expected label ZipCode, got  ([]), file ZipCode.csv:8970 data 28269
    regex_detector_test.go:84: Expected label ZipCode, got  ([]), file ZipCode.csv:8971 data 28270
    regex_detector_test.go:84: Expected label ZipCode, got  ([]), file ZipCode.csv:8972 data 28273
    regex_detector_test.go:84: Expected label ZipCode, got  ([]), file ZipCode.csv:8973 data 28274
    regex_detector_test.go:84: Expected label ZipCode, got  ([]), file ZipCode.csv:8974 data 28277
    regex_detector_test.go:84: Expected label ZipCode, got  ([]), file ZipCode.csv:8975 data 28278
    regex_detector_test.go:84: Expected label ZipCode, got  ([]), file ZipCode.csv:8976 data 28280
    regex_detector_test.go:84: Expected label ZipCode, got  ([]), file ZipCode.csv:8977 data 28282
    regex_detector_test.go:84: Expected label ZipCode, got  ([]), file ZipCode.csv:8978 data 28301
    regex_detector_test.go:84: Expected label ZipCode, got  ([]), file ZipCode.csv:8979 data 28303
    regex_detector_test.go:84: Expected label ZipCode, got  ([]), file ZipCode.csv:8980 data 28304
    regex_detector_test.go:84: Expected label ZipCode, got  ([]), file ZipCode.csv:8981 data 28305
    regex_detector_test.go:84: Expected label ZipCode, got  ([]), file ZipCode.csv:8982 data 28306
    regex_detector_test.go:84: Expected label ZipCode, got  ([]), file ZipCode.csv:8983 data 28307
    regex_detector_test.go:84: Expected label ZipCode, got  ([]), file ZipCode.csv:8984 data 28308
    regex_detector_test.go:84: Expected label ZipCode, got  ([]), file ZipCode.csv:8985 data 28310
    regex_detector_test.go:84: Expected label ZipCode, got  ([]), file ZipCode.csv:8986 data 28311
    regex_detector_test.go:84: Expected label ZipCode, got  ([]), file ZipCode.csv:8987 data 28312
    regex_detector_test.go:84: Expected label ZipCode, got  ([]), file ZipCode.csv:8988 data 28314
    regex_detector_test.go:84: Expected label ZipCode, got  ([]), file ZipCode.csv:8989 data 28315
    regex_detector_test.go:84: Expected label ZipCode, got  ([]), file ZipCode.csv:8990 data 28318
    regex_detector_test.go:84: Expected label ZipCode, got  ([]), file ZipCode.csv:8991 data 28320
    regex_detector_test.go:84: Expected label ZipCode, got  ([]), file ZipCode.csv:8992 data 28323
    regex_detector_test.go:84: Expected label ZipCode, got  ([]), file ZipCode.csv:8993 data 28325
    regex_detector_test.go:84: Expected label ZipCode, got  ([]), file ZipCode.csv:8994 data 28326
    regex_detector_test.go:84: Expected label ZipCode, got  ([]), file ZipCode.csv:8995 data 28327
    regex_detector_test.go:84: Expected label ZipCode, got  ([]), file ZipCode.csv:8996 data 28328
    regex_detector_test.go:84: Expected label ZipCode, got  ([]), file ZipCode.csv:8997 data 28330
    regex_detector_test.go:84: Expected label ZipCode, got  ([]), file ZipCode.csv:8998 data 28331
    regex_detector_test.go:84: Expected label ZipCode, got  ([]), file ZipCode.csv:8999 data 28332
    regex_detector_test.go:84: Expected label ZipCode, got  ([]), file ZipCode.csv:9000 data 28333
    regex_detector_test.go:84: Expected label ZipCode, got  ([]), file ZipCode.csv:9001 data 28334
    regex_detector_test.go:84: Expected label ZipCode, got  ([]), file ZipCode.csv:9002 data 28337
    regex_detector_test.go:84: Expected label ZipCode, got  ([]), file ZipCode.csv:9003 data 28338
    regex_detector_test.go:84: Expected label ZipCode, got  ([]), file ZipCode.csv:9004 data 28339
    regex_detector_test.go:84: Expected label ZipCode, got  ([]), file ZipCode.csv:9005 data 28340
    regex_detector_test.go:84: Expected label ZipCode, got  ([]), file ZipCode.csv:9006 data 28341
    regex_detector_test.go:84: Expected label ZipCode, got  ([]), file ZipCode.csv:9007 data 28342
    regex_detector_test.go:84: Expected label ZipCode, got  ([]), file ZipCode.csv:9008 data 28343
    regex_detector_test.go:84: Expected label ZipCode, got  ([]), file ZipCode.csv:9009 data 28344
    regex_detector_test.go:84: Expected label ZipCode, got  ([]), file ZipCode.csv:9010 data 28345
    regex_detector_test.go:84: Expected label ZipCode, got  ([]), file ZipCode.csv:9011 data 28347
    regex_detector_test.go:84: Expected label ZipCode, got  ([]), file ZipCode.csv:9012 data 28348
    regex_detector_test.go:84: Expected label ZipCode, got  ([]), file ZipCode.csv:9013 data 28349
    regex_detector_test.go:84: Expected label ZipCode, got  ([]), file ZipCode.csv:9014 data 28350
    regex_detector_test.go:84: Expected label ZipCode, got  ([]), file ZipCode.csv:9015 data 28351
    regex_detector_test.go:84: Expected label ZipCode, got  ([]), file ZipCode.csv:9016 data 28352
    regex_detector_test.go:84: Expected label ZipCode, got  ([]), file ZipCode.csv:9017 data 28355
    regex_detector_test.go:84: Expected label ZipCode, got  ([]), file ZipCode.csv:9018 data 28356
    regex_detector_test.go:84: Expected label ZipCode, got  ([]), file ZipCode.csv:9019 data 28357
    regex_detector_test.go:84: Expected label ZipCode, got  ([]), file ZipCode.csv:9020 data 28358
    regex_detector_test.go:84: Expected label ZipCode, got  ([]), file ZipCode.csv:9021 data 28359
    regex_detector_test.go:84: Expected label ZipCode, got  ([]), file ZipCode.csv:9022 data 28360
    regex_detector_test.go:84: Expected label ZipCode, got  ([]), file ZipCode.csv:9023 data 28362
    regex_detector_test.go:84: Expected label ZipCode, got  ([]), file ZipCode.csv:9024 data 28363
    regex_detector_test.go:84: Expected label ZipCode, got  ([]), file ZipCode.csv:9025 data 28364
    regex_detector_test.go:84: Expected label ZipCode, got  ([]), file ZipCode.csv:9026 data 28365
    regex_detector_test.go:84: Expected label ZipCode, got  ([]), file ZipCode.csv:9027 data 28366
    regex_detector_test.go:84: Expected label ZipCode, got  ([]), file ZipCode.csv:9028 data 28367
    regex_detector_test.go:84: Expected label ZipCode, got  ([]), file ZipCode.csv:9029 data 28368
    regex_detector_test.go:84: Expected label ZipCode, got  ([]), file ZipCode.csv:9030 data 28369
    regex_detector_test.go:84: Expected label ZipCode, got  ([]), file ZipCode.csv:9031 data 28371
    regex_detector_test.go:84: Expected label ZipCode, got  ([]), file ZipCode.csv:9032 data 28372
    regex_detector_test.go:84: Expected label ZipCode, got  ([]), file ZipCode.csv:9033 data 28373
    regex_detector_test.go:84: Expected label ZipCode, got  ([]), file ZipCode.csv:9034 data 28374
    regex_detector_test.go:84: Expected label ZipCode, got  ([]), file ZipCode.csv:9035 data 28375
    regex_detector_test.go:84: Expected label ZipCode, got  ([]), file ZipCode.csv:9036 data 28376
    regex_detector_test.go:84: Expected label ZipCode, got  ([]), file ZipCode.csv:9037 data 28377
    regex_detector_test.go:84: Expected label ZipCode, got  ([]), file ZipCode.csv:9038 data 28378
    regex_detector_test.go:84: Expected label ZipCode, got  ([]), file ZipCode.csv:9039 data 28379
    regex_detector_test.go:84: Expected label ZipCode, got  ([]), file ZipCode.csv:9040 data 28382
    regex_detector_test.go:84: Expected label ZipCode, got  ([]), file ZipCode.csv:9041 data 28383
    regex_detector_test.go:84: Expected label ZipCode, got  ([]), file ZipCode.csv:9042 data 28384
    regex_detector_test.go:84: Expected label ZipCode, got  ([]), file ZipCode.csv:9043 data 28385
    regex_detector_test.go:84: Expected label ZipCode, got  ([]), file ZipCode.csv:9044 data 28386
    regex_detector_test.go:84: Expected label ZipCode, got  ([]), file ZipCode.csv:9045 data 28387
    regex_detector_test.go:84: Expected label ZipCode, got  ([]), file ZipCode.csv:9046 data 28390
    regex_detector_test.go:84: Expected label ZipCode, got  ([]), file ZipCode.csv:9047 data 28391
    regex_detector_test.go:84: Expected label ZipCode, got  ([]), file ZipCode.csv:9048 data 28392
    regex_detector_test.go:84: Expected label ZipCode, got  ([]), file ZipCode.csv:9049 data 28393
    regex_detector_test.go:84: Expected label ZipCode, got  ([]), file ZipCode.csv:9050 data 28394
    regex_detector_test.go:84: Expected label ZipCode, got  ([]), file ZipCode.csv:9051 data 28395
    regex_detector_test.go:84: Expected label ZipCode, got  ([]), file ZipCode.csv:9052 data 28396
    regex_detector_test.go:84: Expected label ZipCode, got  ([]), file ZipCode.csv:9053 data 28398
    regex_detector_test.go:84: Expected label ZipCode, got  ([]), file ZipCode.csv:9054 data 28399
    regex_detector_test.go:84: Expected label ZipCode, got  ([]), file ZipCode.csv:9055 data 28401
    regex_detector_test.go:84: Expected label ZipCode, got  ([]), file ZipCode.csv:9056 data 28403
    regex_detector_test.go:84: Expected label ZipCode, got  ([]), file ZipCode.csv:9057 data 28405
    regex_detector_test.go:84: Expected label ZipCode, got  ([]), file ZipCode.csv:9058 data 28409
    regex_detector_test.go:84: Expected label ZipCode, got  ([]), file ZipCode.csv:9059 data 28411
    regex_detector_test.go:84: Expected label ZipCode, got  ([]), file ZipCode.csv:9060 data 28412
    regex_detector_test.go:84: Expected label ZipCode, got  ([]), file ZipCode.csv:9061 data 28420
    regex_detector_test.go:84: Expected label ZipCode, got  ([]), file ZipCode.csv:9062 data 28421
    regex_detector_test.go:84: Expected label ZipCode, got  ([]), file ZipCode.csv:9063 data 28422
    regex_detector_test.go:84: Expected label ZipCode, got  ([]), file ZipCode.csv:9064 data 28423
    regex_detector_test.go:84: Expected label ZipCode, got  ([]), file ZipCode.csv:9065 data 28424
    regex_detector_test.go:84: Expected label ZipCode, got  ([]), file ZipCode.csv:9066 data 28425
    regex_detector_test.go:84: Expected label ZipCode, got  ([]), file ZipCode.csv:9067 data 28428
    regex_detector_test.go:84: Expected label ZipCode, got  ([]), file ZipCode.csv:9068 data 28429
    regex_detector_test.go:84: Expected label ZipCode, got  ([]), file ZipCode.csv:9069 data 28430
    regex_detector_test.go:84: Expected label ZipCode, got  ([]), file ZipCode.csv:9070 data 28431
    regex_detector_test.go:84: Expected label ZipCode, got  ([]), file ZipCode.csv:9071 data 28432
    regex_detector_test.go:84: Expected label ZipCode, got  ([]), file ZipCode.csv:9072 data 28433
    regex_detector_test.go:84: Expected label ZipCode, got  ([]), file ZipCode.csv:9073 data 28434
    regex_detector_test.go:84: Expected label ZipCode, got  ([]), file ZipCode.csv:9074 data 28435
    regex_detector_test.go:84: Expected label ZipCode, got  ([]), file ZipCode.csv:9075 data 28436
    regex_detector_test.go:84: Expected label ZipCode, got  ([]), file ZipCode.csv:9076 data 28438
    regex_detector_test.go:84: Expected label ZipCode, got  ([]), file ZipCode.csv:9077 data 28439
    regex_detector_test.go:84: Expected label ZipCode, got  ([]), file ZipCode.csv:9078 data 28441
    regex_detector_test.go:84: Expected label ZipCode, got  ([]), file ZipCode.csv:9079 data 28442
    regex_detector_test.go:84: Expected label ZipCode, got  ([]), file ZipCode.csv:9080 data 28443
    regex_detector_test.go:84: Expected label ZipCode, got  ([]), file ZipCode.csv:9081 data 28444
    regex_detector_test.go:84: Expected label ZipCode, got  ([]), file ZipCode.csv:9082 data 28445
    regex_detector_test.go:84: Expected label ZipCode, got  ([]), file ZipCode.csv:9083 data 28447
    regex_detector_test.go:84: Expected label ZipCode, got  ([]), file ZipCode.csv:9084 data 28448
    regex_detector_test.go:84: Expected label ZipCode, got  ([]), file ZipCode.csv:9085 data 28449
    regex_detector_test.go:84: Expected label ZipCode, got  ([]), file ZipCode.csv:9086 data 28450
    regex_detector_test.go:84: Expected label ZipCode, got  ([]), file ZipCode.csv:9087 data 28451
    regex_detector_test.go:84: Expected label ZipCode, got  ([]), file ZipCode.csv:9088 data 28452
    regex_detector_test.go:84: Expected label ZipCode, got  ([]), file ZipCode.csv:9089 data 28453
    regex_detector_test.go:84: Expected label ZipCode, got  ([]), file ZipCode.csv:9090 data 28454
    regex_detector_test.go:84: Expected label ZipCode, got  ([]), file ZipCode.csv:9091 data 28455
    regex_detector_test.go:84: Expected label ZipCode, got  ([]), file ZipCode.csv:9092 data 28456
    regex_detector_test.go:84: Expected label ZipCode, got  ([]), file ZipCode.csv:9093 data 28457
    regex_detector_test.go:84: Expected label ZipCode, got  ([]), file ZipCode.csv:9094 data 28458
    regex_detector_test.go:84: Expected label ZipCode, got  ([]), file ZipCode.csv:9095 data 28460
    regex_detector_test.go:84: Expected label ZipCode, got  ([]), file ZipCode.csv:9096 data 28461
    regex_detector_test.go:84: Expected label ZipCode, got  ([]), file ZipCode.csv:9097 data 28462
    regex_detector_test.go:84: Expected label ZipCode, got  ([]), file ZipCode.csv:9098 data 28463
    regex_detector_test.go:84: Expected label ZipCode, got  ([]), file ZipCode.csv:9099 data 28464
    regex_detector_test.go:84: Expected label ZipCode, got  ([]), file ZipCode.csv:9100 data 28465
    regex_detector_test.go:84: Expected label ZipCode, got  ([]), file ZipCode.csv:9101 data 28466
    regex_detector_test.go:84: Expected label ZipCode, got  ([]), file ZipCode.csv:9102 data 28467
    regex_detector_test.go:84: Expected label ZipCode, got  ([]), file ZipCode.csv:9103 data 28468
    regex_detector_test.go:84: Expected label ZipCode, got  ([]), file ZipCode.csv:9104 data 28469
    regex_detector_test.go:84: Expected label ZipCode, got  ([]), file ZipCode.csv:9105 data 28470
    regex_detector_test.go:84: Expected label ZipCode, got  ([]), file ZipCode.csv:9106 data 28472
    regex_detector_test.go:84: Expected label ZipCode, got  ([]), file ZipCode.csv:9107 data 28478
    regex_detector_test.go:84: Expected label ZipCode, got  ([]), file ZipCode.csv:9108 data 28479
    regex_detector_test.go:84: Expected label ZipCode, got  ([]), file ZipCode.csv:9109 data 28480
    regex_detector_test.go:84: Expected label ZipCode, got  ([]), file ZipCode.csv:9110 data 28501
    regex_detector_test.go:84: Expected label ZipCode, got  ([]), file ZipCode.csv:9111 data 28504
    regex_detector_test.go:84: Expected label ZipCode, got  ([]), file ZipCode.csv:9112 data 28508
    regex_detector_test.go:84: Expected label ZipCode, got  ([]), file ZipCode.csv:9113 data 28509
    regex_detector_test.go:84: Expected label ZipCode, got  ([]), file ZipCode.csv:9114 data 28510
    regex_detector_test.go:84: Expected label ZipCode, got  ([]), file ZipCode.csv:9115 data 28511
    regex_detector_test.go:84: Expected label ZipCode, got  ([]), file ZipCode.csv:9116 data 28512
    regex_detector_test.go:84: Expected label ZipCode, got  ([]), file ZipCode.csv:9117 data 28513
    regex_detector_test.go:84: Expected label ZipCode, got  ([]), file ZipCode.csv:9118 data 28515
    regex_detector_test.go:84: Expected label ZipCode, got  ([]), file ZipCode.csv:9119 data 28516
    regex_detector_test.go:84: Expected label ZipCode, got  ([]), file ZipCode.csv:9120 data 28518
    regex_detector_test.go:84: Expected label ZipCode, got  ([]), file ZipCode.csv:9121 data 28519
    regex_detector_test.go:84: Expected label ZipCode, got  ([]), file ZipCode.csv:9122 data 28520
    regex_detector_test.go:84: Expected label ZipCode, got  ([]), file ZipCode.csv:9123 data 28521
    regex_detector_test.go:84: Expected label ZipCode, got  ([]), file ZipCode.csv:9124 data 28523
    regex_detector_test.go:84: Expected label ZipCode, got  ([]), file ZipCode.csv:9125 data 28524
    regex_detector_test.go:84: Expected label ZipCode, got  ([]), file ZipCode.csv:9126 data 28525
    regex_detector_test.go:84: Expected label ZipCode, got  ([]), file ZipCode.csv:9127 data 28526
    regex_detector_test.go:84: Expected label ZipCode, got  ([]), file ZipCode.csv:9128 data 28527
    regex_detector_test.go:84: Expected label ZipCode, got  ([]), file ZipCode.csv:9129 data 28528
    regex_detector_test.go:84: Expected label ZipCode, got  ([]), file ZipCode.csv:9130 data 28529
    regex_detector_test.go:84: Expected label ZipCode, got  ([]), file ZipCode.csv:9131 data 28530
    regex_detector_test.go:84: Expected label ZipCode, got  ([]), file ZipCode.csv:9132 data 28531
    regex_detector_test.go:84: Expected label ZipCode, got  ([]), file ZipCode.csv:9133 data 28532
    regex_detector_test.go:84: Expected label ZipCode, got  ([]), file ZipCode.csv:9134 data 28533
    regex_detector_test.go:84: Expected label ZipCode, got  ([]), file ZipCode.csv:9135 data 28537
    regex_detector_test.go:84: Expected label ZipCode, got  ([]), file ZipCode.csv:9136 data 28538
    regex_detector_test.go:84: Expected label ZipCode, got  ([]), file ZipCode.csv:9137 data 28539
    regex_detector_test.go:84: Expected label ZipCode, got  ([]), file ZipCode.csv:9138 data 28540
    regex_detector_test.go:84: Expected label ZipCode, got  ([]), file ZipCode.csv:9139 data 28542
    regex_detector_test.go:84: Expected label ZipCode, got  ([]), file ZipCode.csv:9140 data 28543
    regex_detector_test.go:84: Expected label ZipCode, got  ([]), file ZipCode.csv:9141 data 28544
    regex_detector_test.go:84: Expected label ZipCode, got  ([]), file ZipCode.csv:9142 data 28546
    regex_detector_test.go:84: Expected label ZipCode, got  ([]), file ZipCode.csv:9143 data 28547
    regex_detector_test.go:84: Expected label ZipCode, got  ([]), file ZipCode.csv:9144 data 28551
    regex_detector_test.go:84: Expected label ZipCode, got  ([]), file ZipCode.csv:9145 data 28552
    regex_detector_test.go:84: Expected label ZipCode, got  ([]), file ZipCode.csv:9146 data 28553
    regex_detector_test.go:84: Expected label ZipCode, got  ([]), file ZipCode.csv:9147 data 28554
    regex_detector_test.go:84: Expected label ZipCode, got  ([]), file ZipCode.csv:9148 data 28555
    regex_detector_test.go:84: Expected label ZipCode, got  ([]), file ZipCode.csv:9149 data 28556
    regex_detector_test.go:84: Expected label ZipCode, got  ([]), file ZipCode.csv:9150 data 28557
    regex_detector_test.go:84: Expected label ZipCode, got  ([]), file ZipCode.csv:9151 data 28560
    regex_detector_test.go:84: Expected label ZipCode, got  ([]), file ZipCode.csv:9152 data 28562
    regex_detector_test.go:84: Expected label ZipCode, got  ([]), file ZipCode.csv:9153 data 28570
    regex_detector_test.go:84: Expected label ZipCode, got  ([]), file ZipCode.csv:9154 data 28571
    regex_detector_test.go:84: Expected label ZipCode, got  ([]), file ZipCode.csv:9155 data 28572
    regex_detector_test.go:84: Expected label ZipCode, got  ([]), file ZipCode.csv:9156 data 28573
    regex_detector_test.go:84: Expected label ZipCode, got  ([]), file ZipCode.csv:9157 data 28574
    regex_detector_test.go:84: Expected label ZipCode, got  ([]), file ZipCode.csv:9158 data 28575
    regex_detector_test.go:84: Expected label ZipCode, got  ([]), file ZipCode.csv:9159 data 28577
    regex_detector_test.go:84: Expected label ZipCode, got  ([]), file ZipCode.csv:9160 data 28578
    regex_detector_test.go:84: Expected label ZipCode, got  ([]), file ZipCode.csv:9161 data 28579
    regex_detector_test.go:84: Expected label ZipCode, got  ([]), file ZipCode.csv:9162 data 28580
    regex_detector_test.go:84: Expected label ZipCode, got  ([]), file ZipCode.csv:9163 data 28581
    regex_detector_test.go:84: Expected label ZipCode, got  ([]), file ZipCode.csv:9164 data 28582
    regex_detector_test.go:84: Expected label ZipCode, got  ([]), file ZipCode.csv:9165 data 28584
    regex_detector_test.go:84: Expected label ZipCode, got  ([]), file ZipCode.csv:9166 data 28585
    regex_detector_test.go:84: Expected label ZipCode, got  ([]), file ZipCode.csv:9167 data 28586
    regex_detector_test.go:84: Expected label ZipCode, got  ([]), file ZipCode.csv:9168 data 28587
    regex_detector_test.go:84: Expected label ZipCode, got  ([]), file ZipCode.csv:9169 data 28589
    regex_detector_test.go:84: Expected label ZipCode, got  ([]), file ZipCode.csv:9170 data 28590
    regex_detector_test.go:84: Expected label ZipCode, got  ([]), file ZipCode.csv:9171 data 28594
    regex_detector_test.go:84: Expected label ZipCode, got  ([]), file ZipCode.csv:9172 data 28601
    regex_detector_test.go:84: Expected label ZipCode, got  ([]), file ZipCode.csv:9173 data 28602
    regex_detector_test.go:84: Expected label ZipCode, got  ([]), file ZipCode.csv:9174 data 28604
    regex_detector_test.go:84: Expected label ZipCode, got  ([]), file ZipCode.csv:9175 data 28605
    regex_detector_test.go:84: Expected label ZipCode, got  ([]), file ZipCode.csv:9176 data 28606
    regex_detector_test.go:84: Expected label ZipCode, got  ([]), file ZipCode.csv:9177 data 28607
    regex_detector_test.go:84: Expected label ZipCode, got  ([]), file ZipCode.csv:9178 data 28609
    regex_detector_test.go:84: Expected label ZipCode, got  ([]), file ZipCode.csv:9179 data 28610
    regex_detector_test.go:84: Expected label ZipCode, got  ([]), file ZipCode.csv:9180 data 28611
    regex_detector_test.go:84: Expected label ZipCode, got  ([]), file ZipCode.csv:9181 data 28612
    regex_detector_test.go:84: Expected label ZipCode, got  ([]), file ZipCode.csv:9182 data 28613
    regex_detector_test.go:84: Expected label ZipCode, got  ([]), file ZipCode.csv:9183 data 28615
    regex_detector_test.go:84: Expected label ZipCode, got  ([]), file ZipCode.csv:9184 data 28616
    regex_detector_test.go:84: Expected label ZipCode, got  ([]), file ZipCode.csv:9185 data 28617
    regex_detector_test.go:84: Expected label ZipCode, got  ([]), file ZipCode.csv:9186 data 28618
    regex_detector_test.go:84: Expected label ZipCode, got  ([]), file ZipCode.csv:9187 data 28619
    regex_detector_test.go:84: Expected label ZipCode, got  ([]), file ZipCode.csv:9188 data 28621
    regex_detector_test.go:84: Expected label ZipCode, got  ([]), file ZipCode.csv:9189 data 28622
    regex_detector_test.go:84: Expected label ZipCode, got  ([]), file ZipCode.csv:9190 data 28623
    regex_detector_test.go:84: Expected label ZipCode, got  ([]), file ZipCode.csv:9191 data 28624
    regex_detector_test.go:84: Expected label ZipCode, got  ([]), file ZipCode.csv:9192 data 28625
    regex_detector_test.go:84: Expected label ZipCode, got  ([]), file ZipCode.csv:9193 data 28626
    regex_detector_test.go:84: Expected label ZipCode, got  ([]), file ZipCode.csv:9194 data 28627
    regex_detector_test.go:84: Expected label ZipCode, got  ([]), file ZipCode.csv:9195 data 28628
    regex_detector_test.go:84: Expected label ZipCode, got  ([]), file ZipCode.csv:9196 data 28629
    regex_detector_test.go:84: Expected label ZipCode, got  ([]), file ZipCode.csv:9197 data 28630
    regex_detector_test.go:84: Expected label ZipCode, got  ([]), file ZipCode.csv:9198 data 28631
    regex_detector_test.go:84: Expected label ZipCode, got  ([]), file ZipCode.csv:9199 data 28634
    regex_detector_test.go:84: Expected label ZipCode, got  ([]), file ZipCode.csv:9200 data 28635
    regex_detector_test.go:84: Expected label ZipCode, got  ([]), file ZipCode.csv:9201 data 28636
    regex_detector_test.go:84: Expected label ZipCode, got  ([]), file ZipCode.csv:9202 data 28637
    regex_detector_test.go:84: Expected label ZipCode, got  ([]), file ZipCode.csv:9203 data 28638
    regex_detector_test.go:84: Expected label ZipCode, got  ([]), file ZipCode.csv:9204 data 28640
    regex_detector_test.go:84: Expected label ZipCode, got  ([]), file ZipCode.csv:9205 data 28641
    regex_detector_test.go:84: Expected label ZipCode, got  ([]), file ZipCode.csv:9206 data 28642
    regex_detector_test.go:84: Expected label ZipCode, got  ([]), file ZipCode.csv:9207 data 28643
    regex_detector_test.go:84: Expected label ZipCode, got  ([]), file ZipCode.csv:9208 data 28644
    regex_detector_test.go:84: Expected label ZipCode, got  ([]), file ZipCode.csv:9209 data 28645
    regex_detector_test.go:84: Expected label ZipCode, got  ([]), file ZipCode.csv:9210 data 28646
    regex_detector_test.go:84: Expected label ZipCode, got  ([]), file ZipCode.csv:9211 data 28649
    regex_detector_test.go:84: Expected label ZipCode, got  ([]), file ZipCode.csv:9212 data 28650
    regex_detector_test.go:84: Expected label ZipCode, got  ([]), file ZipCode.csv:9213 data 28651
    regex_detector_test.go:84: Expected label ZipCode, got  ([]), file ZipCode.csv:9214 data 28652
    regex_detector_test.go:84: Expected label ZipCode, got  ([]), file ZipCode.csv:9215 data 28653
    regex_detector_test.go:84: Expected label ZipCode, got  ([]), file ZipCode.csv:9216 data 28654
    regex_detector_test.go:84: Expected label ZipCode, got  ([]), file ZipCode.csv:9217 data 28655
    regex_detector_test.go:84: Expected label ZipCode, got  ([]), file ZipCode.csv:9218 data 28657
    regex_detector_test.go:84: Expected label ZipCode, got  ([]), file ZipCode.csv:9219 data 28658
    regex_detector_test.go:84: Expected label ZipCode, got  ([]), file ZipCode.csv:9220 data 28659
    regex_detector_test.go:84: Expected label ZipCode, got  ([]), file ZipCode.csv:9221 data 28660
    regex_detector_test.go:84: Expected label ZipCode, got  ([]), file ZipCode.csv:9222 data 28662
    regex_detector_test.go:84: Expected label ZipCode, got  ([]), file ZipCode.csv:9223 data 28663
    regex_detector_test.go:84: Expected label ZipCode, got  ([]), file ZipCode.csv:9224 data 28664
    regex_detector_test.go:84: Expected label ZipCode, got  ([]), file ZipCode.csv:9225 data 28665
    regex_detector_test.go:84: Expected label ZipCode, got  ([]), file ZipCode.csv:9226 data 28666
    regex_detector_test.go:84: Expected label ZipCode, got  ([]), file ZipCode.csv:9227 data 28667
    regex_detector_test.go:84: Expected label ZipCode, got  ([]), file ZipCode.csv:9228 data 28668
    regex_detector_test.go:84: Expected label ZipCode, got  ([]), file ZipCode.csv:9229 data 28669
    regex_detector_test.go:84: Expected label ZipCode, got  ([]), file ZipCode.csv:9230 data 28670
    regex_detector_test.go:84: Expected label ZipCode, got  ([]), file ZipCode.csv:9231 data 28671
    regex_detector_test.go:84: Expected label ZipCode, got  ([]), file ZipCode.csv:9232 data 28672
    regex_detector_test.go:84: Expected label ZipCode, got  ([]), file ZipCode.csv:9233 data 28673
    regex_detector_test.go:84: Expected label ZipCode, got  ([]), file ZipCode.csv:9234 data 28675
    regex_detector_test.go:84: Expected label ZipCode, got  ([]), file ZipCode.csv:9235 data 28676
    regex_detector_test.go:84: Expected label ZipCode, got  ([]), file ZipCode.csv:9236 data 28677
    regex_detector_test.go:84: Expected label ZipCode, got  ([]), file ZipCode.csv:9237 data 28678
    regex_detector_test.go:84: Expected label ZipCode, got  ([]), file ZipCode.csv:9238 data 28679
    regex_detector_test.go:84: Expected label ZipCode, got  ([]), file ZipCode.csv:9239 data 28681
    regex_detector_test.go:84: Expected label ZipCode, got  ([]), file ZipCode.csv:9240 data 28682
    regex_detector_test.go:84: Expected label ZipCode, got  ([]), file ZipCode.csv:9241 data 28683
    regex_detector_test.go:84: Expected label ZipCode, got  ([]), file ZipCode.csv:9242 data 28684
    regex_detector_test.go:84: Expected label ZipCode, got  ([]), file ZipCode.csv:9243 data 28685
    regex_detector_test.go:84: Expected label ZipCode, got  ([]), file ZipCode.csv:9244 data 28689
    regex_detector_test.go:84: Expected label ZipCode, got  ([]), file ZipCode.csv:9245 data 28690
    regex_detector_test.go:84: Expected label ZipCode, got  ([]), file ZipCode.csv:9246 data 28692
    regex_detector_test.go:84: Expected label ZipCode, got  ([]), file ZipCode.csv:9247 data 28693
    regex_detector_test.go:84: Expected label ZipCode, got  ([]), file ZipCode.csv:9248 data 28694
    regex_detector_test.go:84: Expected label ZipCode, got  ([]), file ZipCode.csv:9249 data 28697
    regex_detector_test.go:84: Expected label ZipCode, got  ([]), file ZipCode.csv:9250 data 28698
    regex_detector_test.go:84: Expected label ZipCode, got  ([]), file ZipCode.csv:9251 data 28701
    regex_detector_test.go:84: Expected label ZipCode, got  ([]), file ZipCode.csv:9252 data 28702
    regex_detector_test.go:84: Expected label ZipCode, got  ([]), file ZipCode.csv:9253 data 28704
    regex_detector_test.go:84: Expected label ZipCode, got  ([]), file ZipCode.csv:9254 data 28705
    regex_detector_test.go:84: Expected label ZipCode, got  ([]), file ZipCode.csv:9255 data 28707
    regex_detector_test.go:84: Expected label ZipCode, got  ([]), file ZipCode.csv:9256 data 28708
    regex_detector_test.go:84: Expected label ZipCode, got  ([]), file ZipCode.csv:9257 data 28709
    regex_detector_test.go:84: Expected label ZipCode, got  ([]), file ZipCode.csv:9258 data 28710
    regex_detector_test.go:84: Expected label ZipCode, got  ([]), file ZipCode.csv:9259 data 28711
    regex_detector_test.go:84: Expected label ZipCode, got  ([]), file ZipCode.csv:9260 data 28712
    regex_detector_test.go:84: Expected label ZipCode, got  ([]), file ZipCode.csv:9261 data 28713
    regex_detector_test.go:84: Expected label ZipCode, got  ([]), file ZipCode.csv:9262 data 28714
    regex_detector_test.go:84: Expected label ZipCode, got  ([]), file ZipCode.csv:9263 data 28715
    regex_detector_test.go:84: Expected label ZipCode, got  ([]), file ZipCode.csv:9264 data 28716
    regex_detector_test.go:84: Expected label ZipCode, got  ([]), file ZipCode.csv:9265 data 28717
    regex_detector_test.go:84: Expected label ZipCode, got  ([]), file ZipCode.csv:9266 data 28718
    regex_detector_test.go:84: Expected label ZipCode, got  ([]), file ZipCode.csv:9267 data 28719
    regex_detector_test.go:84: Expected label ZipCode, got  ([]), file ZipCode.csv:9268 data 28720
    regex_detector_test.go:84: Expected label ZipCode, got  ([]), file ZipCode.csv:9269 data 28721
    regex_detector_test.go:84: Expected label ZipCode, got  ([]), file ZipCode.csv:9270 data 28722
    regex_detector_test.go:84: Expected label ZipCode, got  ([]), file ZipCode.csv:9271 data 28723
    regex_detector_test.go:84: Expected label ZipCode, got  ([]), file ZipCode.csv:9272 data 28725
    regex_detector_test.go:84: Expected label ZipCode, got  ([]), file ZipCode.csv:9273 data 28726
    regex_detector_test.go:84: Expected label ZipCode, got  ([]), file ZipCode.csv:9274 data 28729
    regex_detector_test.go:84: Expected label ZipCode, got  ([]), file ZipCode.csv:9275 data 28730
    regex_detector_test.go:84: Expected label ZipCode, got  ([]), file ZipCode.csv:9276 data 28731
    regex_detector_test.go:84: Expected label ZipCode, got  ([]), file ZipCode.csv:9277 data 28732
    regex_detector_test.go:84: Expected label ZipCode, got  ([]), file ZipCode.csv:9278 data 28733
    regex_detector_test.go:84: Expected label ZipCode, got  ([]), file ZipCode.csv:9279 data 28734
    regex_detector_test.go:84: Expected label ZipCode, got  ([]), file ZipCode.csv:9280 data 28735
    regex_detector_test.go:84: Expected label ZipCode, got  ([]), file ZipCode.csv:9281 data 28736
    regex_detector_test.go:84: Expected label ZipCode, got  ([]), file ZipCode.csv:9282 data 28739
    regex_detector_test.go:84: Expected label ZipCode, got  ([]), file ZipCode.csv:9283 data 28740
    regex_detector_test.go:84: Expected label ZipCode, got  ([]), file ZipCode.csv:9284 data 28741
    regex_detector_test.go:84: Expected label ZipCode, got  ([]), file ZipCode.csv:9285 data 28742
    regex_detector_test.go:84: Expected label ZipCode, got  ([]), file ZipCode.csv:9286 data 28743
    regex_detector_test.go:84: Expected label ZipCode, got  ([]), file ZipCode.csv:9287 data 28745
    regex_detector_test.go:84: Expected label ZipCode, got  ([]), file ZipCode.csv:9288 data 28746
    regex_detector_test.go:84: Expected label ZipCode, got  ([]), file ZipCode.csv:9289 data 28747
    regex_detector_test.go:84: Expected label ZipCode, got  ([]), file ZipCode.csv:9290 data 28748
    regex_detector_test.go:84: Expected label ZipCode, got  ([]), file ZipCode.csv:9291 data 28749
    regex_detector_test.go:84: Expected label ZipCode, got  ([]), file ZipCode.csv:9292 data 28751
    regex_detector_test.go:84: Expected label ZipCode, got  ([]), file ZipCode.csv:9293 data 28752
    regex_detector_test.go:84: Expected label ZipCode, got  ([]), file ZipCode.csv:9294 data 28753
    regex_detector_test.go:84: Expected label ZipCode, got  ([]), file ZipCode.csv:9295 data 28754
    regex_detector_test.go:84: Expected label ZipCode, got  ([]), file ZipCode.csv:9296 data 28755
    regex_detector_test.go:84: Expected label ZipCode, got  ([]), file ZipCode.csv:9297 data 28756
    regex_detector_test.go:84: Expected label ZipCode, got  ([]), file ZipCode.csv:9298 data 28757
    regex_detector_test.go:84: Expected label ZipCode, got  ([]), file ZipCode.csv:9299 data 28758
    regex_detector_test.go:84: Expected label ZipCode, got  ([]), file ZipCode.csv:9300 data 28759
    regex_detector_test.go:84: Expected label ZipCode, got  ([]), file ZipCode.csv:9301 data 28761
    regex_detector_test.go:84: Expected label ZipCode, got  ([]), file ZipCode.csv:9302 data 28762
    regex_detector_test.go:84: Expected label ZipCode, got  ([]), file ZipCode.csv:9303 data 28763
    regex_detector_test.go:84: Expected label ZipCode, got  ([]), file ZipCode.csv:9304 data 28766
    regex_detector_test.go:84: Expected label ZipCode, got  ([]), file ZipCode.csv:9305 data 28768
    regex_detector_test.go:84: Expected label ZipCode, got  ([]), file ZipCode.csv:9306 data 28770
    regex_detector_test.go:84: Expected label ZipCode, got  ([]), file ZipCode.csv:9307 data 28771
    regex_detector_test.go:84: Expected label ZipCode, got  ([]), file ZipCode.csv:9308 data 28772
    regex_detector_test.go:84: Expected label ZipCode, got  ([]), file ZipCode.csv:9309 data 28773
    regex_detector_test.go:84: Expected label ZipCode, got  ([]), file ZipCode.csv:9310 data 28774
    regex_detector_test.go:84: Expected label ZipCode, got  ([]), file ZipCode.csv:9311 data 28775
    regex_detector_test.go:84: Expected label ZipCode, got  ([]), file ZipCode.csv:9312 data 28777
    regex_detector_test.go:84: Expected label ZipCode, got  ([]), file ZipCode.csv:9313 data 28778
    regex_detector_test.go:84: Expected label ZipCode, got  ([]), file ZipCode.csv:9314 data 28779
    regex_detector_test.go:84: Expected label ZipCode, got  ([]), file ZipCode.csv:9315 data 28781
    regex_detector_test.go:84: Expected label ZipCode, got  ([]), file ZipCode.csv:9316 data 28782
    regex_detector_test.go:84: Expected label ZipCode, got  ([]), file ZipCode.csv:9317 data 28783
    regex_detector_test.go:84: Expected label ZipCode, got  ([]), file ZipCode.csv:9318 data 28785
    regex_detector_test.go:84: Expected label ZipCode, got  ([]), file ZipCode.csv:9319 data 28786
    regex_detector_test.go:84: Expected label ZipCode, got  ([]), file ZipCode.csv:9320 data 28787
    regex_detector_test.go:84: Expected label ZipCode, got  ([]), file ZipCode.csv:9321 data 28788
    regex_detector_test.go:84: Expected label ZipCode, got  ([]), file ZipCode.csv:9322 data 28789
    regex_detector_test.go:84: Expected label ZipCode, got  ([]), file ZipCode.csv:9323 data 28790
    regex_detector_test.go:84: Expected label ZipCode, got  ([]), file ZipCode.csv:9324 data 28791
    regex_detector_test.go:84: Expected label ZipCode, got  ([]), file ZipCode.csv:9325 data 28792
    regex_detector_test.go:84: Expected label ZipCode, got  ([]), file ZipCode.csv:9326 data 28801
    regex_detector_test.go:84: Expected label ZipCode, got  ([]), file ZipCode.csv:9327 data 28803
    regex_detector_test.go:84: Expected label ZipCode, got  ([]), file ZipCode.csv:9328 data 28804
    regex_detector_test.go:84: Expected label ZipCode, got  ([]), file ZipCode.csv:9329 data 28805
    regex_detector_test.go:84: Expected label ZipCode, got  ([]), file ZipCode.csv:9330 data 28806
    regex_detector_test.go:84: Expected label ZipCode, got  ([]), file ZipCode.csv:9331 data 28901
    regex_detector_test.go:84: Expected label ZipCode, got  ([]), file ZipCode.csv:9332 data 28902
    regex_detector_test.go:84: Expected label ZipCode, got  ([]), file ZipCode.csv:9333 data 28904
    regex_detector_test.go:84: Expected label ZipCode, got  ([]), file ZipCode.csv:9334 data 28905
    regex_detector_test.go:84: Expected label ZipCode, got  ([]), file ZipCode.csv:9335 data 28906
    regex_detector_test.go:84: Expected label ZipCode, got  ([]), file ZipCode.csv:9336 data 28909
    regex_detector_test.go:84: Expected label ZipCode, got  ([]), file ZipCode.csv:9337 data 29001
    regex_detector_test.go:84: Expected label ZipCode, got  ([]), file ZipCode.csv:9338 data 29003
    regex_detector_test.go:84: Expected label ZipCode, got  ([]), file ZipCode.csv:9339 data 29006
    regex_detector_test.go:84: Expected label ZipCode, got  ([]), file ZipCode.csv:9340 data 29009
    regex_detector_test.go:84: Expected label ZipCode, got  ([]), file ZipCode.csv:9341 data 29010
    regex_detector_test.go:84: Expected label ZipCode, got  ([]), file ZipCode.csv:9342 data 29014
    regex_detector_test.go:84: Expected label ZipCode, got  ([]), file ZipCode.csv:9343 data 29015
    regex_detector_test.go:84: Expected label ZipCode, got  ([]), file ZipCode.csv:9344 data 29016
    regex_detector_test.go:84: Expected label ZipCode, got  ([]), file ZipCode.csv:9345 data 29018
    regex_detector_test.go:84: Expected label ZipCode, got  ([]), file ZipCode.csv:9346 data 29020
    regex_detector_test.go:84: Expected label ZipCode, got  ([]), file ZipCode.csv:9347 data 29030
    regex_detector_test.go:84: Expected label ZipCode, got  ([]), file ZipCode.csv:9348 data 29031
    regex_detector_test.go:84: Expected label ZipCode, got  ([]), file ZipCode.csv:9349 data 29032
    regex_detector_test.go:84: Expected label ZipCode, got  ([]), file ZipCode.csv:9350 data 29033
    regex_detector_test.go:84: Expected label ZipCode, got  ([]), file ZipCode.csv:9351 data 29036
    regex_detector_test.go:84: Expected label ZipCode, got  ([]), file ZipCode.csv:9352 data 29037
    regex_detector_test.go:84: Expected label ZipCode, got  ([]), file ZipCode.csv:9353 data 29038
    regex_detector_test.go:84: Expected label ZipCode, got  ([]), file ZipCode.csv:9354 data 29039
    regex_detector_test.go:84: Expected label ZipCode, got  ([]), file ZipCode.csv:9355 data 29040
    regex_detector_test.go:84: Expected label ZipCode, got  ([]), file ZipCode.csv:9356 data 29042
    regex_detector_test.go:84: Expected label ZipCode, got  ([]), file ZipCode.csv:9357 data 29044
    regex_detector_test.go:84: Expected label ZipCode, got  ([]), file ZipCode.csv:9358 data 29045
    regex_detector_test.go:84: Expected label ZipCode, got  ([]), file ZipCode.csv:9359 data 29046
    regex_detector_test.go:84: Expected label ZipCode, got  ([]), file ZipCode.csv:9360 data 29047
    regex_detector_test.go:84: Expected label ZipCode, got  ([]), file ZipCode.csv:9361 data 29048
    regex_detector_test.go:84: Expected label ZipCode, got  ([]), file ZipCode.csv:9362 data 29051
    regex_detector_test.go:84: Expected label ZipCode, got  ([]), file ZipCode.csv:9363 data 29052
    regex_detector_test.go:84: Expected label ZipCode, got  ([]), file ZipCode.csv:9364 data 29053
    regex_detector_test.go:84: Expected label ZipCode, got  ([]), file ZipCode.csv:9365 data 29054
    regex_detector_test.go:84: Expected label ZipCode, got  ([]), file ZipCode.csv:9366 data 29055
    regex_detector_test.go:84: Expected label ZipCode, got  ([]), file ZipCode.csv:9367 data 29056
    regex_detector_test.go:84: Expected label ZipCode, got  ([]), file ZipCode.csv:9368 data 29058
    regex_detector_test.go:84: Expected label ZipCode, got  ([]), file ZipCode.csv:9369 data 29059
    regex_detector_test.go:84: Expected label ZipCode, got  ([]), file ZipCode.csv:9370 data 29061
    regex_detector_test.go:84: Expected label ZipCode, got  ([]), file ZipCode.csv:9371 data 29062
    regex_detector_test.go:84: Expected label ZipCode, got  ([]), file ZipCode.csv:9372 data 29063
    regex_detector_test.go:84: Expected label ZipCode, got  ([]), file ZipCode.csv:9373 data 29065
    regex_detector_test.go:84: Expected label ZipCode, got  ([]), file ZipCode.csv:9374 data 29067
    regex_detector_test.go:84: Expected label ZipCode, got  ([]), file ZipCode.csv:9375 data 29069
    regex_detector_test.go:84: Expected label ZipCode, got  ([]), file ZipCode.csv:9376 data 29070
    regex_detector_test.go:84: Expected label ZipCode, got  ([]), file ZipCode.csv:9377 data 29072
    regex_detector_test.go:84: Expected label ZipCode, got  ([]), file ZipCode.csv:9378 data 29073
    regex_detector_test.go:84: Expected label ZipCode, got  ([]), file ZipCode.csv:9379 data 29074
    regex_detector_test.go:84: Expected label ZipCode, got  ([]), file ZipCode.csv:9380 data 29075
    regex_detector_test.go:84: Expected label ZipCode, got  ([]), file ZipCode.csv:9381 data 29078
    regex_detector_test.go:84: Expected label ZipCode, got  ([]), file ZipCode.csv:9382 data 29079
    regex_detector_test.go:84: Expected label ZipCode, got  ([]), file ZipCode.csv:9383 data 29080
    regex_detector_test.go:84: Expected label ZipCode, got  ([]), file ZipCode.csv:9384 data 29081
    regex_detector_test.go:84: Expected label ZipCode, got  ([]), file ZipCode.csv:9385 data 29082
    regex_detector_test.go:84: Expected label ZipCode, got  ([]), file ZipCode.csv:9386 data 29101
    regex_detector_test.go:84: Expected label ZipCode, got  ([]), file ZipCode.csv:9387 data 29102
    regex_detector_test.go:84: Expected label ZipCode, got  ([]), file ZipCode.csv:9388 data 29104
    regex_detector_test.go:84: Expected label ZipCode, got  ([]), file ZipCode.csv:9389 data 29105
    regex_detector_test.go:84: Expected label ZipCode, got  ([]), file ZipCode.csv:9390 data 29107
    regex_detector_test.go:84: Expected label ZipCode, got  ([]), file ZipCode.csv:9391 data 29108
    regex_detector_test.go:84: Expected label ZipCode, got  ([]), file ZipCode.csv:9392 data 29111
    regex_detector_test.go:84: Expected label ZipCode, got  ([]), file ZipCode.csv:9393 data 29112
    regex_detector_test.go:84: Expected label ZipCode, got  ([]), file ZipCode.csv:9394 data 29113
    regex_detector_test.go:84: Expected label ZipCode, got  ([]), file ZipCode.csv:9395 data 29114
    regex_detector_test.go:84: Expected label ZipCode, got  ([]), file ZipCode.csv:9396 data 29115
    regex_detector_test.go:84: Expected label ZipCode, got  ([]), file ZipCode.csv:9397 data 29117
    regex_detector_test.go:84: Expected label ZipCode, got  ([]), file ZipCode.csv:9398 data 29118
    regex_detector_test.go:84: Expected label ZipCode, got  ([]), file ZipCode.csv:9399 data 29122
    regex_detector_test.go:84: Expected label ZipCode, got  ([]), file ZipCode.csv:9400 data 29123
    regex_detector_test.go:84: Expected label ZipCode, got  ([]), file ZipCode.csv:9401 data 29125
    regex_detector_test.go:84: Expected label ZipCode, got  ([]), file ZipCode.csv:9402 data 29126
    regex_detector_test.go:84: Expected label ZipCode, got  ([]), file ZipCode.csv:9403 data 29127
    regex_detector_test.go:84: Expected label ZipCode, got  ([]), file ZipCode.csv:9404 data 29128
    regex_detector_test.go:84: Expected label ZipCode, got  ([]), file ZipCode.csv:9405 data 29129
    regex_detector_test.go:84: Expected label ZipCode, got  ([]), file ZipCode.csv:9406 data 29130
    regex_detector_test.go:84: Expected label ZipCode, got  ([]), file ZipCode.csv:9407 data 29133
    regex_detector_test.go:84: Expected label ZipCode, got  ([]), file ZipCode.csv:9408 data 29135
    regex_detector_test.go:84: Expected label ZipCode, got  ([]), file ZipCode.csv:9409 data 29137
    regex_detector_test.go:84: Expected label ZipCode, got  ([]), file ZipCode.csv:9410 data 29138
    regex_detector_test.go:84: Expected label ZipCode, got  ([]), file ZipCode.csv:9411 data 29142
    regex_detector_test.go:84: Expected label ZipCode, got  ([]), file ZipCode.csv:9412 data 29145
    regex_detector_test.go:84: Expected label ZipCode, got  ([]), file ZipCode.csv:9413 data 29146
    regex_detector_test.go:84: Expected label ZipCode, got  ([]), file ZipCode.csv:9414 data 29148
    regex_detector_test.go:84: Expected label ZipCode, got  ([]), file ZipCode.csv:9415 data 29150
    regex_detector_test.go:84: Expected label ZipCode, got  ([]), file ZipCode.csv:9416 data 29152
    regex_detector_test.go:84: Expected label ZipCode, got  ([]), file ZipCode.csv:9417 data 29153
    regex_detector_test.go:84: Expected label ZipCode, got  ([]), file ZipCode.csv:9418 data 29154
    regex_detector_test.go:84: Expected label ZipCode, got  ([]), file ZipCode.csv:9419 data 29160
    regex_detector_test.go:84: Expected label ZipCode, got  ([]), file ZipCode.csv:9420 data 29161
    regex_detector_test.go:84: Expected label ZipCode, got  ([]), file ZipCode.csv:9421 data 29162
    regex_detector_test.go:84: Expected label ZipCode, got  ([]), file ZipCode.csv:9422 data 29163
    regex_detector_test.go:84: Expected label ZipCode, got  ([]), file ZipCode.csv:9423 data 29164
    regex_detector_test.go:84: Expected label ZipCode, got  ([]), file ZipCode.csv:9424 data 29166
    regex_detector_test.go:84: Expected label ZipCode, got  ([]), file ZipCode.csv:9425 data 29168
    regex_detector_test.go:84: Expected label ZipCode, got  ([]), file ZipCode.csv:9426 data 29169
    regex_detector_test.go:84: Expected label ZipCode, got  ([]), file ZipCode.csv:9427 data 29170
    regex_detector_test.go:84: Expected label ZipCode, got  ([]), file ZipCode.csv:9428 data 29172
    regex_detector_test.go:84: Expected label ZipCode, got  ([]), file ZipCode.csv:9429 data 29175
    regex_detector_test.go:84: Expected label ZipCode, got  ([]), file ZipCode.csv:9430 data 29177
    regex_detector_test.go:84: Expected label ZipCode, got  ([]), file ZipCode.csv:9431 data 29178
    regex_detector_test.go:84: Expected label ZipCode, got  ([]), file ZipCode.csv:9432 data 29180
    regex_detector_test.go:84: Expected label ZipCode, got  ([]), file ZipCode.csv:9433 data 29201
    regex_detector_test.go:84: Expected label ZipCode, got  ([]), file ZipCode.csv:9434 data 29203
    regex_detector_test.go:84: Expected label ZipCode, got  ([]), file ZipCode.csv:9435 data 29204
    regex_detector_test.go:84: Expected label ZipCode, got  ([]), file ZipCode.csv:9436 data 29205
    regex_detector_test.go:84: Expected label ZipCode, got  ([]), file ZipCode.csv:9437 data 29206
    regex_detector_test.go:84: Expected label ZipCode, got  ([]), file ZipCode.csv:9438 data 29207
    regex_detector_test.go:84: Expected label ZipCode, got  ([]), file ZipCode.csv:9439 data 29208
    regex_detector_test.go:84: Expected label ZipCode, got  ([]), file ZipCode.csv:9440 data 29209
    regex_detector_test.go:84: Expected label ZipCode, got  ([]), file ZipCode.csv:9441 data 29210
    regex_detector_test.go:84: Expected label ZipCode, got  ([]), file ZipCode.csv:9442 data 29212
    regex_detector_test.go:84: Expected label ZipCode, got  ([]), file ZipCode.csv:9443 data 29223
    regex_detector_test.go:84: Expected label ZipCode, got  ([]), file ZipCode.csv:9444 data 29225
    regex_detector_test.go:84: Expected label ZipCode, got  ([]), file ZipCode.csv:9445 data 29229
    regex_detector_test.go:84: Expected label ZipCode, got  ([]), file ZipCode.csv:9446 data 29301
    regex_detector_test.go:84: Expected label ZipCode, got  ([]), file ZipCode.csv:9447 data 29302
    regex_detector_test.go:84: Expected label ZipCode, got  ([]), file ZipCode.csv:9448 data 29303
    regex_detector_test.go:84: Expected label ZipCode, got  ([]), file ZipCode.csv:9449 data 29306
    regex_detector_test.go:84: Expected label ZipCode, got  ([]), file ZipCode.csv:9450 data 29307
    regex_detector_test.go:84: Expected label ZipCode, got  ([]), file ZipCode.csv:9451 data 29316
    regex_detector_test.go:84: Expected label ZipCode, got  ([]), file ZipCode.csv:9452 data 29320
    regex_detector_test.go:84: Expected label ZipCode, got  ([]), file ZipCode.csv:9453 data 29321
    regex_detector_test.go:84: Expected label ZipCode, got  ([]), file ZipCode.csv:9454 data 29322
    regex_detector_test.go:84: Expected label ZipCode, got  ([]), file ZipCode.csv:9455 data 29323
    regex_detector_test.go:84: Expected label ZipCode, got  ([]), file ZipCode.csv:9456 data 29324
    regex_detector_test.go:84: Expected label ZipCode, got  ([]), file ZipCode.csv:9457 data 29325
    regex_detector_test.go:84: Expected label ZipCode, got  ([]), file ZipCode.csv:9458 data 29329
    regex_detector_test.go:84: Expected label ZipCode, got  ([]), file ZipCode.csv:9459 data 29330
    regex_detector_test.go:84: Expected label ZipCode, got  ([]), file ZipCode.csv:9460 data 29331
    regex_detector_test.go:84: Expected label ZipCode, got  ([]), file ZipCode.csv:9461 data 29332
    regex_detector_test.go:84: Expected label ZipCode, got  ([]), file ZipCode.csv:9462 data 29333
    regex_detector_test.go:84: Expected label ZipCode, got  ([]), file ZipCode.csv:9463 data 29334
    regex_detector_test.go:84: Expected label ZipCode, got  ([]), file ZipCode.csv:9464 data 29335
    regex_detector_test.go:84: Expected label ZipCode, got  ([]), file ZipCode.csv:9465 data 29338
    regex_detector_test.go:84: Expected label ZipCode, got  ([]), file ZipCode.csv:9466 data 29340
    regex_detector_test.go:84: Expected label ZipCode, got  ([]), file ZipCode.csv:9467 data 29341
    regex_detector_test.go:84: Expected label ZipCode, got  ([]), file ZipCode.csv:9468 data 29346
    regex_detector_test.go:84: Expected label ZipCode, got  ([]), file ZipCode.csv:9469 data 29349
    regex_detector_test.go:84: Expected label ZipCode, got  ([]), file ZipCode.csv:9470 data 29351
    regex_detector_test.go:84: Expected label ZipCode, got  ([]), file ZipCode.csv:9471 data 29353
    regex_detector_test.go:84: Expected label ZipCode, got  ([]), file ZipCode.csv:9472 data 29355
    regex_detector_test.go:84: Expected label ZipCode, got  ([]), file ZipCode.csv:9473 data 29356
    regex_detector_test.go:84: Expected label ZipCode, got  ([]), file ZipCode.csv:9474 data 29360
    regex_detector_test.go:84: Expected label ZipCode, got  ([]), file ZipCode.csv:9475 data 29364
    regex_detector_test.go:84: Expected label ZipCode, got  ([]), file ZipCode.csv:9476 data 29365
    regex_detector_test.go:84: Expected label ZipCode, got  ([]), file ZipCode.csv:9477 data 29368
    regex_detector_test.go:84: Expected label ZipCode, got  ([]), file ZipCode.csv:9478 data 29369
    regex_detector_test.go:84: Expected label ZipCode, got  ([]), file ZipCode.csv:9479 data 29370
    regex_detector_test.go:84: Expected label ZipCode, got  ([]), file ZipCode.csv:9480 data 29372
    regex_detector_test.go:84: Expected label ZipCode, got  ([]), file ZipCode.csv:9481 data 29373
    regex_detector_test.go:84: Expected label ZipCode, got  ([]), file ZipCode.csv:9482 data 29374
    regex_detector_test.go:84: Expected label ZipCode, got  ([]), file ZipCode.csv:9483 data 29375
    regex_detector_test.go:84: Expected label ZipCode, got  ([]), file ZipCode.csv:9484 data 29376
    regex_detector_test.go:84: Expected label ZipCode, got  ([]), file ZipCode.csv:9485 data 29377
    regex_detector_test.go:84: Expected label ZipCode, got  ([]), file ZipCode.csv:9486 data 29378
    regex_detector_test.go:84: Expected label ZipCode, got  ([]), file ZipCode.csv:9487 data 29379
    regex_detector_test.go:84: Expected label ZipCode, got  ([]), file ZipCode.csv:9488 data 29384
    regex_detector_test.go:84: Expected label ZipCode, got  ([]), file ZipCode.csv:9489 data 29385
    regex_detector_test.go:84: Expected label ZipCode, got  ([]), file ZipCode.csv:9490 data 29388
    regex_detector_test.go:84: Expected label ZipCode, got  ([]), file ZipCode.csv:9491 data 29401
    regex_detector_test.go:84: Expected label ZipCode, got  ([]), file ZipCode.csv:9492 data 29403
    regex_detector_test.go:84: Expected label ZipCode, got  ([]), file ZipCode.csv:9493 data 29404
    regex_detector_test.go:84: Expected label ZipCode, got  ([]), file ZipCode.csv:9494 data 29405
    regex_detector_test.go:84: Expected label ZipCode, got  ([]), file ZipCode.csv:9495 data 29406
    regex_detector_test.go:84: Expected label ZipCode, got  ([]), file ZipCode.csv:9496 data 29407
    regex_detector_test.go:84: Expected label ZipCode, got  ([]), file ZipCode.csv:9497 data 29409
    regex_detector_test.go:84: Expected label ZipCode, got  ([]), file ZipCode.csv:9498 data 29410
    regex_detector_test.go:84: Expected label ZipCode, got  ([]), file ZipCode.csv:9499 data 29412
    regex_detector_test.go:84: Expected label ZipCode, got  ([]), file ZipCode.csv:9500 data 29414
    regex_detector_test.go:84: Expected label ZipCode, got  ([]), file ZipCode.csv:9501 data 29418
    regex_detector_test.go:84: Expected label ZipCode, got  ([]), file ZipCode.csv:9502 data 29420
    regex_detector_test.go:84: Expected label ZipCode, got  ([]), file ZipCode.csv:9503 data 29424
    regex_detector_test.go:84: Expected label ZipCode, got  ([]), file ZipCode.csv:9504 data 29425
    regex_detector_test.go:84: Expected label ZipCode, got  ([]), file ZipCode.csv:9505 data 29426
    regex_detector_test.go:84: Expected label ZipCode, got  ([]), file ZipCode.csv:9506 data 29429
    regex_detector_test.go:84: Expected label ZipCode, got  ([]), file ZipCode.csv:9507 data 29431
    regex_detector_test.go:84: Expected label ZipCode, got  ([]), file ZipCode.csv:9508 data 29432
    regex_detector_test.go:84: Expected label ZipCode, got  ([]), file ZipCode.csv:9509 data 29434
    regex_detector_test.go:84: Expected label ZipCode, got  ([]), file ZipCode.csv:9510 data 29435
    regex_detector_test.go:84: Expected label ZipCode, got  ([]), file ZipCode.csv:9511 data 29436
    regex_detector_test.go:84: Expected label ZipCode, got  ([]), file ZipCode.csv:9512 data 29437
    regex_detector_test.go:84: Expected label ZipCode, got  ([]), file ZipCode.csv:9513 data 29438
    regex_detector_test.go:84: Expected label ZipCode, got  ([]), file ZipCode.csv:9514 data 29439
    regex_detector_test.go:84: Expected label ZipCode, got  ([]), file ZipCode.csv:9515 data 29440
    regex_detector_test.go:84: Expected label ZipCode, got  ([]), file ZipCode.csv:9516 data 29445
    regex_detector_test.go:84: Expected label ZipCode, got  ([]), file ZipCode.csv:9517 data 29446
    regex_detector_test.go:84: Expected label ZipCode, got  ([]), file ZipCode.csv:9518 data 29448
    regex_detector_test.go:84: Expected label ZipCode, got  ([]), file ZipCode.csv:9519 data 29449
    regex_detector_test.go:84: Expected label ZipCode, got  ([]), file ZipCode.csv:9520 data 29450
    regex_detector_test.go:84: Expected label ZipCode, got  ([]), file ZipCode.csv:9521 data 29451
    regex_detector_test.go:84: Expected label ZipCode, got  ([]), file ZipCode.csv:9522 data 29452
    regex_detector_test.go:84: Expected label ZipCode, got  ([]), file ZipCode.csv:9523 data 29453
    regex_detector_test.go:84: Expected label ZipCode, got  ([]), file ZipCode.csv:9524 data 29455
    regex_detector_test.go:84: Expected label ZipCode, got  ([]), file ZipCode.csv:9525 data 29456
    regex_detector_test.go:84: Expected label ZipCode, got  ([]), file ZipCode.csv:9526 data 29458
    regex_detector_test.go:84: Expected label ZipCode, got  ([]), file ZipCode.csv:9527 data 29461
    regex_detector_test.go:84: Expected label ZipCode, got  ([]), file ZipCode.csv:9528 data 29464
    regex_detector_test.go:84: Expected label ZipCode, got  ([]), file ZipCode.csv:9529 data 29466
    regex_detector_test.go:84: Expected label ZipCode, got  ([]), file ZipCode.csv:9530 data 29468
    regex_detector_test.go:84: Expected label ZipCode, got  ([]), file ZipCode.csv:9531 data 29469
    regex_detector_test.go:84: Expected label ZipCode, got  ([]), file ZipCode.csv:9532 data 29470
    regex_detector_test.go:84: Expected label ZipCode, got  ([]), file ZipCode.csv:9533 data 29471
    regex_detector_test.go:84: Expected label ZipCode, got  ([]), file ZipCode.csv:9534 data 29472
    regex_detector_test.go:84: Expected label ZipCode, got  ([]), file ZipCode.csv:9535 data 29474
    regex_detector_test.go:84: Expected label ZipCode, got  ([]), file ZipCode.csv:9536 data 29475
    regex_detector_test.go:84: Expected label ZipCode, got  ([]), file ZipCode.csv:9537 data 29477
    regex_detector_test.go:84: Expected label ZipCode, got  ([]), file ZipCode.csv:9538 data 29479
    regex_detector_test.go:84: Expected label ZipCode, got  ([]), file ZipCode.csv:9539 data 29481
    regex_detector_test.go:84: Expected label ZipCode, got  ([]), file ZipCode.csv:9540 data 29482
    regex_detector_test.go:84: Expected label ZipCode, got  ([]), file ZipCode.csv:9541 data 29483
    regex_detector_test.go:84: Expected label ZipCode, got  ([]), file ZipCode.csv:9542 data 29485
    regex_detector_test.go:84: Expected label ZipCode, got  ([]), file ZipCode.csv:9543 data 29486
    regex_detector_test.go:84: Expected label ZipCode, got  ([]), file ZipCode.csv:9544 data 29487
    regex_detector_test.go:84: Expected label ZipCode, got  ([]), file ZipCode.csv:9545 data 29488
    regex_detector_test.go:84: Expected label ZipCode, got  ([]), file ZipCode.csv:9546 data 29492
    regex_detector_test.go:84: Expected label ZipCode, got  ([]), file ZipCode.csv:9547 data 29493
    regex_detector_test.go:84: Expected label ZipCode, got  ([]), file ZipCode.csv:9548 data 29501
    regex_detector_test.go:84: Expected label ZipCode, got  ([]), file ZipCode.csv:9549 data 29505
    regex_detector_test.go:84: Expected label ZipCode, got  ([]), file ZipCode.csv:9550 data 29506
    regex_detector_test.go:84: Expected label ZipCode, got  ([]), file ZipCode.csv:9551 data 29510
    regex_detector_test.go:84: Expected label ZipCode, got  ([]), file ZipCode.csv:9552 data 29511
    regex_detector_test.go:84: Expected label ZipCode, got  ([]), file ZipCode.csv:9553 data 29512
    regex_detector_test.go:84: Expected label ZipCode, got  ([]), file ZipCode.csv:9554 data 29516
    regex_detector_test.go:84: Expected label ZipCode, got  ([]), file ZipCode.csv:9555 data 29518
    regex_detector_test.go:84: Expected label ZipCode, got  ([]), file ZipCode.csv:9556 data 29519
    regex_detector_test.go:84: Expected label ZipCode, got  ([]), file ZipCode.csv:9557 data 29520
    regex_detector_test.go:84: Expected label ZipCode, got  ([]), file ZipCode.csv:9558 data 29525
    regex_detector_test.go:84: Expected label ZipCode, got  ([]), file ZipCode.csv:9559 data 29526
    regex_detector_test.go:84: Expected label ZipCode, got  ([]), file ZipCode.csv:9560 data 29527
    regex_detector_test.go:84: Expected label ZipCode, got  ([]), file ZipCode.csv:9561 data 29530
    regex_detector_test.go:84: Expected label ZipCode, got  ([]), file ZipCode.csv:9562 data 29532
    regex_detector_test.go:84: Expected label ZipCode, got  ([]), file ZipCode.csv:9563 data 29536
    regex_detector_test.go:84: Expected label ZipCode, got  ([]), file ZipCode.csv:9564 data 29540
    regex_detector_test.go:84: Expected label ZipCode, got  ([]), file ZipCode.csv:9565 data 29541
    regex_detector_test.go:84: Expected label ZipCode, got  ([]), file ZipCode.csv:9566 data 29543
    regex_detector_test.go:84: Expected label ZipCode, got  ([]), file ZipCode.csv:9567 data 29544
    regex_detector_test.go:84: Expected label ZipCode, got  ([]), file ZipCode.csv:9568 data 29545
    regex_detector_test.go:84: Expected label ZipCode, got  ([]), file ZipCode.csv:9569 data 29546
    regex_detector_test.go:84: Expected label ZipCode, got  ([]), file ZipCode.csv:9570 data 29547
    regex_detector_test.go:84: Expected label ZipCode, got  ([]), file ZipCode.csv:9571 data 29550
    regex_detector_test.go:84: Expected label ZipCode, got  ([]), file ZipCode.csv:9572 data 29554
    regex_detector_test.go:84: Expected label ZipCode, got  ([]), file ZipCode.csv:9573 data 29555
    regex_detector_test.go:84: Expected label ZipCode, got  ([]), file ZipCode.csv:9574 data 29556
    regex_detector_test.go:84: Expected label ZipCode, got  ([]), file ZipCode.csv:9575 data 29560
    regex_detector_test.go:84: Expected label ZipCode, got  ([]), file ZipCode.csv:9576 data 29563
    regex_detector_test.go:84: Expected label ZipCode, got  ([]), file ZipCode.csv:9577 data 29564
    regex_detector_test.go:84: Expected label ZipCode, got  ([]), file ZipCode.csv:9578 data 29565
    regex_detector_test.go:84: Expected label ZipCode, got  ([]), file ZipCode.csv:9579 data 29566
    regex_detector_test.go:84: Expected label ZipCode, got  ([]), file ZipCode.csv:9580 data 29567
    regex_detector_test.go:84: Expected label ZipCode, got  ([]), file ZipCode.csv:9581 data 29568
    regex_detector_test.go:84: Expected label ZipCode, got  ([]), file ZipCode.csv:9582 data 29569
    regex_detector_test.go:84: Expected label ZipCode, got  ([]), file ZipCode.csv:9583 data 29570
    regex_detector_test.go:84: Expected label ZipCode, got  ([]), file ZipCode.csv:9584 data 29571
    regex_detector_test.go:84: Expected label ZipCode, got  ([]), file ZipCode.csv:9585 data 29572
    regex_detector_test.go:84: Expected label ZipCode, got  ([]), file ZipCode.csv:9586 data 29574
    regex_detector_test.go:84: Expected label ZipCode, got  ([]), file ZipCode.csv:9587 data 29575
    regex_detector_test.go:84: Expected label ZipCode, got  ([]), file ZipCode.csv:9588 data 29576
    regex_detector_test.go:84: Expected label ZipCode, got  ([]), file ZipCode.csv:9589 data 29577
    regex_detector_test.go:84: Expected label ZipCode, got  ([]), file ZipCode.csv:9590 data 29579
    regex_detector_test.go:84: Expected label ZipCode, got  ([]), file ZipCode.csv:9591 data 29580
    regex_detector_test.go:84: Expected label ZipCode, got  ([]), file ZipCode.csv:9592 data 29581
    regex_detector_test.go:84: Expected label ZipCode, got  ([]), file ZipCode.csv:9593 data 29582
    regex_detector_test.go:84: Expected label ZipCode, got  ([]), file ZipCode.csv:9594 data 29583
    regex_detector_test.go:84: Expected label ZipCode, got  ([]), file ZipCode.csv:9595 data 29584
    regex_detector_test.go:84: Expected label ZipCode, got  ([]), file ZipCode.csv:9596 data 29585
    regex_detector_test.go:84: Expected label ZipCode, got  ([]), file ZipCode.csv:9597 data 29588
    regex_detector_test.go:84: Expected label ZipCode, got  ([]), file ZipCode.csv:9598 data 29589
    regex_detector_test.go:84: Expected label ZipCode, got  ([]), file ZipCode.csv:9599 data 29590
    regex_detector_test.go:84: Expected label ZipCode, got  ([]), file ZipCode.csv:9600 data 29591
    regex_detector_test.go:84: Expected label ZipCode, got  ([]), file ZipCode.csv:9601 data 29592
    regex_detector_test.go:84: Expected label ZipCode, got  ([]), file ZipCode.csv:9602 data 29593
    regex_detector_test.go:84: Expected label ZipCode, got  ([]), file ZipCode.csv:9603 data 29594
    regex_detector_test.go:84: Expected label ZipCode, got  ([]), file ZipCode.csv:9604 data 29596
    regex_detector_test.go:84: Expected label ZipCode, got  ([]), file ZipCode.csv:9605 data 29601
    regex_detector_test.go:84: Expected label ZipCode, got  ([]), file ZipCode.csv:9606 data 29605
    regex_detector_test.go:84: Expected label ZipCode, got  ([]), file ZipCode.csv:9607 data 29607
    regex_detector_test.go:84: Expected label ZipCode, got  ([]), file ZipCode.csv:9608 data 29609
    regex_detector_test.go:84: Expected label ZipCode, got  ([]), file ZipCode.csv:9609 data 29611
    regex_detector_test.go:84: Expected label ZipCode, got  ([]), file ZipCode.csv:9610 data 29613
    regex_detector_test.go:84: Expected label ZipCode, got  ([]), file ZipCode.csv:9611 data 29614
    regex_detector_test.go:84: Expected label ZipCode, got  ([]), file ZipCode.csv:9612 data 29615
    regex_detector_test.go:84: Expected label ZipCode, got  ([]), file ZipCode.csv:9613 data 29617
    regex_detector_test.go:84: Expected label ZipCode, got  ([]), file ZipCode.csv:9614 data 29620
    regex_detector_test.go:84: Expected label ZipCode, got  ([]), file ZipCode.csv:9615 data 29621
    regex_detector_test.go:84: Expected label ZipCode, got  ([]), file ZipCode.csv:9616 data 29624
    regex_detector_test.go:84: Expected label ZipCode, got  ([]), file ZipCode.csv:9617 data 29625
    regex_detector_test.go:84: Expected label ZipCode, got  ([]), file ZipCode.csv:9618 data 29626
    regex_detector_test.go:84: Expected label ZipCode, got  ([]), file ZipCode.csv:9619 data 29627
    regex_detector_test.go:84: Expected label ZipCode, got  ([]), file ZipCode.csv:9620 data 29628
    regex_detector_test.go:84: Expected label ZipCode, got  ([]), file ZipCode.csv:9621 data 29630
    regex_detector_test.go:84: Expected label ZipCode, got  ([]), file ZipCode.csv:9622 data 29631
    regex_detector_test.go:84: Expected label ZipCode, got  ([]), file ZipCode.csv:9623 data 29634
    regex_detector_test.go:84: Expected label ZipCode, got  ([]), file ZipCode.csv:9624 data 29635
    regex_detector_test.go:84: Expected label ZipCode, got  ([]), file ZipCode.csv:9625 data 29638
    regex_detector_test.go:84: Expected label ZipCode, got  ([]), file ZipCode.csv:9626 data 29639
    regex_detector_test.go:84: Expected label ZipCode, got  ([]), file ZipCode.csv:9627 data 29640
    regex_detector_test.go:84: Expected label ZipCode, got  ([]), file ZipCode.csv:9628 data 29642
    regex_detector_test.go:84: Expected label ZipCode, got  ([]), file ZipCode.csv:9629 data 29643
    regex_detector_test.go:84: Expected label ZipCode, got  ([]), file ZipCode.csv:9630 data 29644
    regex_detector_test.go:84: Expected label ZipCode, got  ([]), file ZipCode.csv:9631 data 29645
    regex_detector_test.go:84: Expected label ZipCode, got  ([]), file ZipCode.csv:9632 data 29646
    regex_detector_test.go:84: Expected label ZipCode, got  ([]), file ZipCode.csv:9633 data 29649
    regex_detector_test.go:84: Expected label ZipCode, got  ([]), file ZipCode.csv:9634 data 29650
    regex_detector_test.go:84: Expected label ZipCode, got  ([]), file ZipCode.csv:9635 data 29651
    regex_detector_test.go:84: Expected label ZipCode, got  ([]), file ZipCode.csv:9636 data 29653
    regex_detector_test.go:84: Expected label ZipCode, got  ([]), file ZipCode.csv:9637 data 29654
    regex_detector_test.go:84: Expected label ZipCode, got  ([]), file ZipCode.csv:9638 data 29655
    regex_detector_test.go:84: Expected label ZipCode, got  ([]), file ZipCode.csv:9639 data 29657
    regex_detector_test.go:84: Expected label ZipCode, got  ([]), file ZipCode.csv:9640 data 29658
    regex_detector_test.go:84: Expected label ZipCode, got  ([]), file ZipCode.csv:9641 data 29659
    regex_detector_test.go:84: Expected label ZipCode, got  ([]), file ZipCode.csv:9642 data 29661
    regex_detector_test.go:84: Expected label ZipCode, got  ([]), file ZipCode.csv:9643 data 29662
    regex_detector_test.go:84: Expected label ZipCode, got  ([]), file ZipCode.csv:9644 data 29664
    regex_detector_test.go:84: Expected label ZipCode, got  ([]), file ZipCode.csv:9645 data 29665
    regex_detector_test.go:84: Expected label ZipCode, got  ([]), file ZipCode.csv:9646 data 29666
    regex_detector_test.go:84: Expected label ZipCode, got  ([]), file ZipCode.csv:9647 data 29667
    regex_detector_test.go:84: Expected label ZipCode, got  ([]), file ZipCode.csv:9648 data 29669
    regex_detector_test.go:84: Expected label ZipCode, got  ([]), file ZipCode.csv:9649 data 29670
    regex_detector_test.go:84: Expected label ZipCode, got  ([]), file ZipCode.csv:9650 data 29671
    regex_detector_test.go:84: Expected label ZipCode, got  ([]), file ZipCode.csv:9651 data 29672
    regex_detector_test.go:84: Expected label ZipCode, got  ([]), file ZipCode.csv:9652 data 29673
    regex_detector_test.go:84: Expected label ZipCode, got  ([]), file ZipCode.csv:9653 data 29676
    regex_detector_test.go:84: Expected label ZipCode, got  ([]), file ZipCode.csv:9654 data 29678
    regex_detector_test.go:84: Expected label ZipCode, got  ([]), file ZipCode.csv:9655 data 29680
    regex_detector_test.go:84: Expected label ZipCode, got  ([]), file ZipCode.csv:9656 data 29681
    regex_detector_test.go:84: Expected label ZipCode, got  ([]), file ZipCode.csv:9657 data 29682
    regex_detector_test.go:84: Expected label ZipCode, got  ([]), file ZipCode.csv:9658 data 29683
    regex_detector_test.go:84: Expected label ZipCode, got  ([]), file ZipCode.csv:9659 data 29684
    regex_detector_test.go:84: Expected label ZipCode, got  ([]), file ZipCode.csv:9660 data 29685
    regex_detector_test.go:84: Expected label ZipCode, got  ([]), file ZipCode.csv:9661 data 29686
    regex_detector_test.go:84: Expected label ZipCode, got  ([]), file ZipCode.csv:9662 data 29687
    regex_detector_test.go:84: Expected label ZipCode, got  ([]), file ZipCode.csv:9663 data 29689
    regex_detector_test.go:84: Expected label ZipCode, got  ([]), file ZipCode.csv:9664 data 29690
    regex_detector_test.go:84: Expected label ZipCode, got  ([]), file ZipCode.csv:9665 data 29691
    regex_detector_test.go:84: Expected label ZipCode, got  ([]), file ZipCode.csv:9666 data 29692
    regex_detector_test.go:84: Expected label ZipCode, got  ([]), file ZipCode.csv:9667 data 29693
    regex_detector_test.go:84: Expected label ZipCode, got  ([]), file ZipCode.csv:9668 data 29696
    regex_detector_test.go:84: Expected label ZipCode, got  ([]), file ZipCode.csv:9669 data 29697
    regex_detector_test.go:84: Expected label ZipCode, got  ([]), file ZipCode.csv:9670 data 29702
    regex_detector_test.go:84: Expected label ZipCode, got  ([]), file ZipCode.csv:9671 data 29704
    regex_detector_test.go:84: Expected label ZipCode, got  ([]), file ZipCode.csv:9672 data 29706
    regex_detector_test.go:84: Expected label ZipCode, got  ([]), file ZipCode.csv:9673 data 29707
    regex_detector_test.go:84: Expected label ZipCode, got  ([]), file ZipCode.csv:9674 data 29708
    regex_detector_test.go:84: Expected label ZipCode, got  ([]), file ZipCode.csv:9675 data 29709
    regex_detector_test.go:84: Expected label ZipCode, got  ([]), file ZipCode.csv:9676 data 29710
    regex_detector_test.go:84: Expected label ZipCode, got  ([]), file ZipCode.csv:9677 data 29712
    regex_detector_test.go:84: Expected label ZipCode, got  ([]), file ZipCode.csv:9678 data 29714
    regex_detector_test.go:84: Expected label ZipCode, got  ([]), file ZipCode.csv:9679 data 29715
    regex_detector_test.go:84: Expected label ZipCode, got  ([]), file ZipCode.csv:9680 data 29717
    regex_detector_test.go:84: Expected label ZipCode, got  ([]), file ZipCode.csv:9681 data 29718
    regex_detector_test.go:84: Expected label ZipCode, got  ([]), file ZipCode.csv:9682 data 29720
    regex_detector_test.go:84: Expected label ZipCode, got  ([]), file ZipCode.csv:9683 data 29724
    regex_detector_test.go:84: Expected label ZipCode, got  ([]), file ZipCode.csv:9684 data 29726
    regex_detector_test.go:84: Expected label ZipCode, got  ([]), file ZipCode.csv:9685 data 29727
    regex_detector_test.go:84: Expected label ZipCode, got  ([]), file ZipCode.csv:9686 data 29728
    regex_detector_test.go:84: Expected label ZipCode, got  ([]), file ZipCode.csv:9687 data 29729
    regex_detector_test.go:84: Expected label ZipCode, got  ([]), file ZipCode.csv:9688 data 29730
    regex_detector_test.go:84: Expected label ZipCode, got  ([]), file ZipCode.csv:9689 data 29732
    regex_detector_test.go:84: Expected label ZipCode, got  ([]), file ZipCode.csv:9690 data 29733
    regex_detector_test.go:84: Expected label ZipCode, got  ([]), file ZipCode.csv:9691 data 29741
    regex_detector_test.go:84: Expected label ZipCode, got  ([]), file ZipCode.csv:9692 data 29742
    regex_detector_test.go:84: Expected label ZipCode, got  ([]), file ZipCode.csv:9693 data 29743
    regex_detector_test.go:84: Expected label ZipCode, got  ([]), file ZipCode.csv:9694 data 29745
    regex_detector_test.go:84: Expected label ZipCode, got  ([]), file ZipCode.csv:9695 data 29801
    regex_detector_test.go:84: Expected label ZipCode, got  ([]), file ZipCode.csv:9696 data 29803
    regex_detector_test.go:84: Expected label ZipCode, got  ([]), file ZipCode.csv:9697 data 29805
    regex_detector_test.go:84: Expected label ZipCode, got  ([]), file ZipCode.csv:9698 data 29809
    regex_detector_test.go:84: Expected label ZipCode, got  ([]), file ZipCode.csv:9699 data 29810
    regex_detector_test.go:84: Expected label ZipCode, got  ([]), file ZipCode.csv:9700 data 29812
    regex_detector_test.go:84: Expected label ZipCode, got  ([]), file ZipCode.csv:9701 data 29816
    regex_detector_test.go:84: Expected label ZipCode, got  ([]), file ZipCode.csv:9702 data 29817
    regex_detector_test.go:84: Expected label ZipCode, got  ([]), file ZipCode.csv:9703 data 29819
    regex_detector_test.go:84: Expected label ZipCode, got  ([]), file ZipCode.csv:9704 data 29821
    regex_detector_test.go:84: Expected label ZipCode, got  ([]), file ZipCode.csv:9705 data 29824
    regex_detector_test.go:84: Expected label ZipCode, got  ([]), file ZipCode.csv:9706 data 29826
    regex_detector_test.go:84: Expected label ZipCode, got  ([]), file ZipCode.csv:9707 data 29827
    regex_detector_test.go:84: Expected label ZipCode, got  ([]), file ZipCode.csv:9708 data 29828
    regex_detector_test.go:84: Expected label ZipCode, got  ([]), file ZipCode.csv:9709 data 29829
    regex_detector_test.go:84: Expected label ZipCode, got  ([]), file ZipCode.csv:9710 data 29831
    regex_detector_test.go:84: Expected label ZipCode, got  ([]), file ZipCode.csv:9711 data 29832
    regex_detector_test.go:84: Expected label ZipCode, got  ([]), file ZipCode.csv:9712 data 29834
    regex_detector_test.go:84: Expected label ZipCode, got  ([]), file ZipCode.csv:9713 data 29835
    regex_detector_test.go:84: Expected label ZipCode, got  ([]), file ZipCode.csv:9714 data 29836
    regex_detector_test.go:84: Expected label ZipCode, got  ([]), file ZipCode.csv:9715 data 29838
    regex_detector_test.go:84: Expected label ZipCode, got  ([]), file ZipCode.csv:9716 data 29840
    regex_detector_test.go:84: Expected label ZipCode, got  ([]), file ZipCode.csv:9717 data 29841
    regex_detector_test.go:84: Expected label ZipCode, got  ([]), file ZipCode.csv:9718 data 29842
    regex_detector_test.go:84: Expected label ZipCode, got  ([]), file ZipCode.csv:9719 data 29843
    regex_detector_test.go:84: Expected label ZipCode, got  ([]), file ZipCode.csv:9720 data 29844
    regex_detector_test.go:84: Expected label ZipCode, got  ([]), file ZipCode.csv:9721 data 29845
    regex_detector_test.go:84: Expected label ZipCode, got  ([]), file ZipCode.csv:9722 data 29847
    regex_detector_test.go:84: Expected label ZipCode, got  ([]), file ZipCode.csv:9723 data 29848
    regex_detector_test.go:84: Expected label ZipCode, got  ([]), file ZipCode.csv:9724 data 29849
    regex_detector_test.go:84: Expected label ZipCode, got  ([]), file ZipCode.csv:9725 data 29851
    regex_detector_test.go:84: Expected label ZipCode, got  ([]), file ZipCode.csv:9726 data 29853
    regex_detector_test.go:84: Expected label ZipCode, got  ([]), file ZipCode.csv:9727 data 29856
    regex_detector_test.go:84: Expected label ZipCode, got  ([]), file ZipCode.csv:9728 data 29860
    regex_detector_test.go:84: Expected label ZipCode, got  ([]), file ZipCode.csv:9729 data 29899
    regex_detector_test.go:84: Expected label ZipCode, got  ([]), file ZipCode.csv:9730 data 29902
    regex_detector_test.go:84: Expected label ZipCode, got  ([]), file ZipCode.csv:9731 data 29904
    regex_detector_test.go:84: Expected label ZipCode, got  ([]), file ZipCode.csv:9732 data 29905
    regex_detector_test.go:84: Expected label ZipCode, got  ([]), file ZipCode.csv:9733 data 29906
    regex_detector_test.go:84: Expected label ZipCode, got  ([]), file ZipCode.csv:9734 data 29907
    regex_detector_test.go:84: Expected label ZipCode, got  ([]), file ZipCode.csv:9735 data 29909
    regex_detector_test.go:84: Expected label ZipCode, got  ([]), file ZipCode.csv:9736 data 29910
    regex_detector_test.go:84: Expected label ZipCode, got  ([]), file ZipCode.csv:9737 data 29911
    regex_detector_test.go:84: Expected label ZipCode, got  ([]), file ZipCode.csv:9738 data 29912
    regex_detector_test.go:84: Expected label ZipCode, got  ([]), file ZipCode.csv:9739 data 29915
    regex_detector_test.go:84: Expected label ZipCode, got  ([]), file ZipCode.csv:9740 data 29916
    regex_detector_test.go:84: Expected label ZipCode, got  ([]), file ZipCode.csv:9741 data 29918
    regex_detector_test.go:84: Expected label ZipCode, got  ([]), file ZipCode.csv:9742 data 29920
    regex_detector_test.go:84: Expected label ZipCode, got  ([]), file ZipCode.csv:9743 data 29921
    regex_detector_test.go:84: Expected label ZipCode, got  ([]), file ZipCode.csv:9744 data 29922
    regex_detector_test.go:84: Expected label ZipCode, got  ([]), file ZipCode.csv:9745 data 29923
    regex_detector_test.go:84: Expected label ZipCode, got  ([]), file ZipCode.csv:9746 data 29924
    regex_detector_test.go:84: Expected label ZipCode, got  ([]), file ZipCode.csv:9747 data 29926
    regex_detector_test.go:84: Expected label ZipCode, got  ([]), file ZipCode.csv:9748 data 29927
    regex_detector_test.go:84: Expected label ZipCode, got  ([]), file ZipCode.csv:9749 data 29928
    regex_detector_test.go:84: Expected label ZipCode, got  ([]), file ZipCode.csv:9750 data 29929
    regex_detector_test.go:84: Expected label ZipCode, got  ([]), file ZipCode.csv:9751 data 29932
    regex_detector_test.go:84: Expected label ZipCode, got  ([]), file ZipCode.csv:9752 data 29934
    regex_detector_test.go:84: Expected label ZipCode, got  ([]), file ZipCode.csv:9753 data 29935
    regex_detector_test.go:84: Expected label ZipCode, got  ([]), file ZipCode.csv:9754 data 29936
    regex_detector_test.go:84: Expected label ZipCode, got  ([]), file ZipCode.csv:9755 data 29939
    regex_detector_test.go:84: Expected label ZipCode, got  ([]), file ZipCode.csv:9756 data 29940
    regex_detector_test.go:84: Expected label ZipCode, got  ([]), file ZipCode.csv:9757 data 29941
    regex_detector_test.go:84: Expected label ZipCode, got  ([]), file ZipCode.csv:9758 data 29943
    regex_detector_test.go:84: Expected label ZipCode, got  ([]), file ZipCode.csv:9759 data 29944
    regex_detector_test.go:84: Expected label ZipCode, got  ([]), file ZipCode.csv:9760 data 29945
    regex_detector_test.go:84: Expected label ZipCode, got  ([]), file ZipCode.csv:9761 data 30002
    regex_detector_test.go:84: Expected label ZipCode, got  ([]), file ZipCode.csv:9762 data 30004
    regex_detector_test.go:84: Expected label ZipCode, got  ([]), file ZipCode.csv:9763 data 30005
    regex_detector_test.go:84: Expected label ZipCode, got  ([]), file ZipCode.csv:9764 data 30008
    regex_detector_test.go:84: Expected label ZipCode, got  ([]), file ZipCode.csv:9765 data 30009
    regex_detector_test.go:84: Expected label ZipCode, got  ([]), file ZipCode.csv:9766 data 30011
    regex_detector_test.go:84: Expected label ZipCode, got  ([]), file ZipCode.csv:9767 data 30012
    regex_detector_test.go:84: Expected label ZipCode, got  ([]), file ZipCode.csv:9768 data 30013
    regex_detector_test.go:84: Expected label ZipCode, got  ([]), file ZipCode.csv:9769 data 30014
    regex_detector_test.go:84: Expected label ZipCode, got  ([]), file ZipCode.csv:9770 data 30016
    regex_detector_test.go:84: Expected label ZipCode, got  ([]), file ZipCode.csv:9771 data 30017
    regex_detector_test.go:84: Expected label ZipCode, got  ([]), file ZipCode.csv:9772 data 30018
    regex_detector_test.go:84: Expected label ZipCode, got  ([]), file ZipCode.csv:9773 data 30019
    regex_detector_test.go:84: Expected label ZipCode, got  ([]), file ZipCode.csv:9774 data 30021
    regex_detector_test.go:84: Expected label ZipCode, got  ([]), file ZipCode.csv:9775 data 30022
    regex_detector_test.go:84: Expected label ZipCode, got  ([]), file ZipCode.csv:9776 data 30024
    regex_detector_test.go:84: Expected label ZipCode, got  ([]), file ZipCode.csv:9777 data 30025
    regex_detector_test.go:84: Expected label ZipCode, got  ([]), file ZipCode.csv:9778 data 30028
    regex_detector_test.go:84: Expected label ZipCode, got  ([]), file ZipCode.csv:9779 data 30030
    regex_detector_test.go:84: Expected label ZipCode, got  ([]), file ZipCode.csv:9780 data 30032
    regex_detector_test.go:84: Expected label ZipCode, got  ([]), file ZipCode.csv:9781 data 30033
    regex_detector_test.go:84: Expected label ZipCode, got  ([]), file ZipCode.csv:9782 data 30034
    regex_detector_test.go:84: Expected label ZipCode, got  ([]), file ZipCode.csv:9783 data 30035
    regex_detector_test.go:84: Expected label ZipCode, got  ([]), file ZipCode.csv:9784 data 30038
    regex_detector_test.go:84: Expected label ZipCode, got  ([]), file ZipCode.csv:9785 data 30039
    regex_detector_test.go:84: Expected label ZipCode, got  ([]), file ZipCode.csv:9786 data 30040
    regex_detector_test.go:84: Expected label ZipCode, got  ([]), file ZipCode.csv:9787 data 30041
    regex_detector_test.go:84: Expected label ZipCode, got  ([]), file ZipCode.csv:9788 data 30043
    regex_detector_test.go:84: Expected label ZipCode, got  ([]), file ZipCode.csv:9789 data 30044
    regex_detector_test.go:84: Expected label ZipCode, got  ([]), file ZipCode.csv:9790 data 30045
    regex_detector_test.go:84: Expected label ZipCode, got  ([]), file ZipCode.csv:9791 data 30046
    regex_detector_test.go:84: Expected label ZipCode, got  ([]), file ZipCode.csv:9792 data 30047
    regex_detector_test.go:84: Expected label ZipCode, got  ([]), file ZipCode.csv:9793 data 30052
    regex_detector_test.go:84: Expected label ZipCode, got  ([]), file ZipCode.csv:9794 data 30054
    regex_detector_test.go:84: Expected label ZipCode, got  ([]), file ZipCode.csv:9795 data 30055
    regex_detector_test.go:84: Expected label ZipCode, got  ([]), file ZipCode.csv:9796 data 30056
    regex_detector_test.go:84: Expected label ZipCode, got  ([]), file ZipCode.csv:9797 data 30058
    regex_detector_test.go:84: Expected label ZipCode, got  ([]), file ZipCode.csv:9798 data 30060
    regex_detector_test.go:84: Expected label ZipCode, got  ([]), file ZipCode.csv:9799 data 30062
    regex_detector_test.go:84: Expected label ZipCode, got  ([]), file ZipCode.csv:9800 data 30064
    regex_detector_test.go:84: Expected label ZipCode, got  ([]), file ZipCode.csv:9801 data 30066
    regex_detector_test.go:84: Expected label ZipCode, got  ([]), file ZipCode.csv:9802 data 30067
    regex_detector_test.go:84: Expected label ZipCode, got  ([]), file ZipCode.csv:9803 data 30068
    regex_detector_test.go:84: Expected label ZipCode, got  ([]), file ZipCode.csv:9804 data 30070
    regex_detector_test.go:84: Expected label ZipCode, got  ([]), file ZipCode.csv:9805 data 30071
    regex_detector_test.go:84: Expected label ZipCode, got  ([]), file ZipCode.csv:9806 data 30072
    regex_detector_test.go:84: Expected label ZipCode, got  ([]), file ZipCode.csv:9807 data 30075
    regex_detector_test.go:84: Expected label ZipCode, got  ([]), file ZipCode.csv:9808 data 30076
    regex_detector_test.go:84: Expected label ZipCode, got  ([]), file ZipCode.csv:9809 data 30078
    regex_detector_test.go:84: Expected label ZipCode, got  ([]), file ZipCode.csv:9810 data 30079
    regex_detector_test.go:84: Expected label ZipCode, got  ([]), file ZipCode.csv:9811 data 30080
    regex_detector_test.go:84: Expected label ZipCode, got  ([]), file ZipCode.csv:9812 data 30082
    regex_detector_test.go:84: Expected label ZipCode, got  ([]), file ZipCode.csv:9813 data 30083
    regex_detector_test.go:84: Expected label ZipCode, got  ([]), file ZipCode.csv:9814 data 30084
    regex_detector_test.go:84: Expected label ZipCode, got  ([]), file ZipCode.csv:9815 data 30087
    regex_detector_test.go:84: Expected label ZipCode, got  ([]), file ZipCode.csv:9816 data 30088
    regex_detector_test.go:84: Expected label ZipCode, got  ([]), file ZipCode.csv:9817 data 30090
    regex_detector_test.go:84: Expected label ZipCode, got  ([]), file ZipCode.csv:9818 data 30092
    regex_detector_test.go:84: Expected label ZipCode, got  ([]), file ZipCode.csv:9819 data 30093
    regex_detector_test.go:84: Expected label ZipCode, got  ([]), file ZipCode.csv:9820 data 30094
    regex_detector_test.go:84: Expected label ZipCode, got  ([]), file ZipCode.csv:9821 data 30096
    regex_detector_test.go:84: Expected label ZipCode, got  ([]), file ZipCode.csv:9822 data 30097
    regex_detector_test.go:84: Expected label ZipCode, got  ([]), file ZipCode.csv:9823 data 30101
    regex_detector_test.go:84: Expected label ZipCode, got  ([]), file ZipCode.csv:9824 data 30102
    regex_detector_test.go:84: Expected label ZipCode, got  ([]), file ZipCode.csv:9825 data 30103
    regex_detector_test.go:84: Expected label ZipCode, got  ([]), file ZipCode.csv:9826 data 30104
    regex_detector_test.go:84: Expected label ZipCode, got  ([]), file ZipCode.csv:9827 data 30105
    regex_detector_test.go:84: Expected label ZipCode, got  ([]), file ZipCode.csv:9828 data 30106
    regex_detector_test.go:84: Expected label ZipCode, got  ([]), file ZipCode.csv:9829 data 30107
    regex_detector_test.go:84: Expected label ZipCode, got  ([]), file ZipCode.csv:9830 data 30108
    regex_detector_test.go:84: Expected label ZipCode, got  ([]), file ZipCode.csv:9831 data 30110
    regex_detector_test.go:84: Expected label ZipCode, got  ([]), file ZipCode.csv:9832 data 30111
    regex_detector_test.go:84: Expected label ZipCode, got  ([]), file ZipCode.csv:9833 data 30113
    regex_detector_test.go:84: Expected label ZipCode, got  ([]), file ZipCode.csv:9834 data 30114
    regex_detector_test.go:84: Expected label ZipCode, got  ([]), file ZipCode.csv:9835 data 30115
    regex_detector_test.go:84: Expected label ZipCode, got  ([]), file ZipCode.csv:9836 data 30116
    regex_detector_test.go:84: Expected label ZipCode, got  ([]), file ZipCode.csv:9837 data 30117
    regex_detector_test.go:84: Expected label ZipCode, got  ([]), file ZipCode.csv:9838 data 30118
    regex_detector_test.go:84: Expected label ZipCode, got  ([]), file ZipCode.csv:9839 data 30120
    regex_detector_test.go:84: Expected label ZipCode, got  ([]), file ZipCode.csv:9840 data 30121
    regex_detector_test.go:84: Expected label ZipCode, got  ([]), file ZipCode.csv:9841 data 30122
    regex_detector_test.go:84: Expected label ZipCode, got  ([]), file ZipCode.csv:9842 data 30124
    regex_detector_test.go:84: Expected label ZipCode, got  ([]), file ZipCode.csv:9843 data 30125
    regex_detector_test.go:84: Expected label ZipCode, got  ([]), file ZipCode.csv:9844 data 30126
    regex_detector_test.go:84: Expected label ZipCode, got  ([]), file ZipCode.csv:9845 data 30127
    regex_detector_test.go:84: Expected label ZipCode, got  ([]), file ZipCode.csv:9846 data 30132
    regex_detector_test.go:84: Expected label ZipCode, got  ([]), file ZipCode.csv:9847 data 30134
    regex_detector_test.go:84: Expected label ZipCode, got  ([]), file ZipCode.csv:9848 data 30135
    regex_detector_test.go:84: Expected label ZipCode, got  ([]), file ZipCode.csv:9849 data 30137
    regex_detector_test.go:84: Expected label ZipCode, got  ([]), file ZipCode.csv:9850 data 30139
    regex_detector_test.go:84: Expected label ZipCode, got  ([]), file ZipCode.csv:9851 data 30141
    regex_detector_test.go:84: Expected label ZipCode, got  ([]), file ZipCode.csv:9852 data 30143
    regex_detector_test.go:84: Expected label ZipCode, got  ([]), file ZipCode.csv:9853 data 30144
    regex_detector_test.go:84: Expected label ZipCode, got  ([]), file ZipCode.csv:9854 data 30145
    regex_detector_test.go:84: Expected label ZipCode, got  ([]), file ZipCode.csv:9855 data 30147
    regex_detector_test.go:84: Expected label ZipCode, got  ([]), file ZipCode.csv:9856 data 30148
    regex_detector_test.go:84: Expected label ZipCode, got  ([]), file ZipCode.csv:9857 data 30149
    regex_detector_test.go:84: Expected label ZipCode, got  ([]), file ZipCode.csv:9858 data 30152
    regex_detector_test.go:84: Expected label ZipCode, got  ([]), file ZipCode.csv:9859 data 30153
    regex_detector_test.go:84: Expected label ZipCode, got  ([]), file ZipCode.csv:9860 data 30157
    regex_detector_test.go:84: Expected label ZipCode, got  ([]), file ZipCode.csv:9861 data 30161
    regex_detector_test.go:84: Expected label ZipCode, got  ([]), file ZipCode.csv:9862 data 30165
    regex_detector_test.go:84: Expected label ZipCode, got  ([]), file ZipCode.csv:9863 data 30168
    regex_detector_test.go:84: Expected label ZipCode, got  ([]), file ZipCode.csv:9864 data 30170
    regex_detector_test.go:84: Expected label ZipCode, got  ([]), file ZipCode.csv:9865 data 30171
    regex_detector_test.go:84: Expected label ZipCode, got  ([]), file ZipCode.csv:9866 data 30173
    regex_detector_test.go:84: Expected label ZipCode, got  ([]), file ZipCode.csv:9867 data 30175
    regex_detector_test.go:84: Expected label ZipCode, got  ([]), file ZipCode.csv:9868 data 30176
    regex_detector_test.go:84: Expected label ZipCode, got  ([]), file ZipCode.csv:9869 data 30177
    regex_detector_test.go:84: Expected label ZipCode, got  ([]), file ZipCode.csv:9870 data 30178
    regex_detector_test.go:84: Expected label ZipCode, got  ([]), file ZipCode.csv:9871 data 30179
    regex_detector_test.go:84: Expected label ZipCode, got  ([]), file ZipCode.csv:9872 data 30180
    regex_detector_test.go:84: Expected label ZipCode, got  ([]), file ZipCode.csv:9873 data 30182
    regex_detector_test.go:84: Expected label ZipCode, got  ([]), file ZipCode.csv:9874 data 30183
    regex_detector_test.go:84: Expected label ZipCode, got  ([]), file ZipCode.csv:9875 data 30184
    regex_detector_test.go:84: Expected label ZipCode, got  ([]), file ZipCode.csv:9876 data 30185
    regex_detector_test.go:84: Expected label ZipCode, got  ([]), file ZipCode.csv:9877 data 30187
    regex_detector_test.go:84: Expected label ZipCode, got  ([]), file ZipCode.csv:9878 data 30188
    regex_detector_test.go:84: Expected label ZipCode, got  ([]), file ZipCode.csv:9879 data 30189
    regex_detector_test.go:84: Expected label ZipCode, got  ([]), file ZipCode.csv:9880 data 30204
    regex_detector_test.go:84: Expected label ZipCode, got  ([]), file ZipCode.csv:9881 data 30205
    regex_detector_test.go:84: Expected label ZipCode, got  ([]), file ZipCode.csv:9882 data 30206
    regex_detector_test.go:84: Expected label ZipCode, got  ([]), file ZipCode.csv:9883 data 30213
    regex_detector_test.go:84: Expected label ZipCode, got  ([]), file ZipCode.csv:9884 data 30214
    regex_detector_test.go:84: Expected label ZipCode, got  ([]), file ZipCode.csv:9885 data 30215
    regex_detector_test.go:84: Expected label ZipCode, got  ([]), file ZipCode.csv:9886 data 30216
    regex_detector_test.go:84: Expected label ZipCode, got  ([]), file ZipCode.csv:9887 data 30217
    regex_detector_test.go:84: Expected label ZipCode, got  ([]), file ZipCode.csv:9888 data 30218
    regex_detector_test.go:84: Expected label ZipCode, got  ([]), file ZipCode.csv:9889 data 30220
    regex_detector_test.go:84: Expected label ZipCode, got  ([]), file ZipCode.csv:9890 data 30222
    regex_detector_test.go:84: Expected label ZipCode, got  ([]), file ZipCode.csv:9891 data 30223
    regex_detector_test.go:84: Expected label ZipCode, got  ([]), file ZipCode.csv:9892 data 30224
    regex_detector_test.go:84: Expected label ZipCode, got  ([]), file ZipCode.csv:9893 data 30228
    regex_detector_test.go:84: Expected label ZipCode, got  ([]), file ZipCode.csv:9894 data 30229
    regex_detector_test.go:84: Expected label ZipCode, got  ([]), file ZipCode.csv:9895 data 30230
    regex_detector_test.go:84: Expected label ZipCode, got  ([]), file ZipCode.csv:9896 data 30233
    regex_detector_test.go:84: Expected label ZipCode, got  ([]), file ZipCode.csv:9897 data 30234
    regex_detector_test.go:84: Expected label ZipCode, got  ([]), file ZipCode.csv:9898 data 30236
    regex_detector_test.go:84: Expected label ZipCode, got  ([]), file ZipCode.csv:9899 data 30238
    regex_detector_test.go:84: Expected label ZipCode, got  ([]), file ZipCode.csv:9900 data 30240
    regex_detector_test.go:84: Expected label ZipCode, got  ([]), file ZipCode.csv:9901 data 30241
    regex_detector_test.go:84: Expected label ZipCode, got  ([]), file ZipCode.csv:9902 data 30248
    regex_detector_test.go:84: Expected label ZipCode, got  ([]), file ZipCode.csv:9903 data 30250
    regex_detector_test.go:84: Expected label ZipCode, got  ([]), file ZipCode.csv:9904 data 30251
    regex_detector_test.go:84: Expected label ZipCode, got  ([]), file ZipCode.csv:9905 data 30252
    regex_detector_test.go:84: Expected label ZipCode, got  ([]), file ZipCode.csv:9906 data 30253
    regex_detector_test.go:84: Expected label ZipCode, got  ([]), file ZipCode.csv:9907 data 30256
    regex_detector_test.go:84: Expected label ZipCode, got  ([]), file ZipCode.csv:9908 data 30257
    regex_detector_test.go:84: Expected label ZipCode, got  ([]), file ZipCode.csv:9909 data 30258
    regex_detector_test.go:84: Expected label ZipCode, got  ([]), file ZipCode.csv:9910 data 30259
    regex_detector_test.go:84: Expected label ZipCode, got  ([]), file ZipCode.csv:9911 data 30260
    regex_detector_test.go:84: Expected label ZipCode, got  ([]), file ZipCode.csv:9912 data 30263
    regex_detector_test.go:84: Expected label ZipCode, got  ([]), file ZipCode.csv:9913 data 30265
    regex_detector_test.go:84: Expected label ZipCode, got  ([]), file ZipCode.csv:9914 data 30268
    regex_detector_test.go:84: Expected label ZipCode, got  ([]), file ZipCode.csv:9915 data 30269
    regex_detector_test.go:84: Expected label ZipCode, got  ([]), file ZipCode.csv:9916 data 30272
    regex_detector_test.go:84: Expected label ZipCode, got  ([]), file ZipCode.csv:9917 data 30273
    regex_detector_test.go:84: Expected label ZipCode, got  ([]), file ZipCode.csv:9918 data 30274
    regex_detector_test.go:84: Expected label ZipCode, got  ([]), file ZipCode.csv:9919 data 30275
    regex_detector_test.go:84: Expected label ZipCode, got  ([]), file ZipCode.csv:9920 data 30276
    regex_detector_test.go:84: Expected label ZipCode, got  ([]), file ZipCode.csv:9921 data 30277
    regex_detector_test.go:84: Expected label ZipCode, got  ([]), file ZipCode.csv:9922 data 30281
    regex_detector_test.go:84: Expected label ZipCode, got  ([]), file ZipCode.csv:9923 data 30284
    regex_detector_test.go:84: Expected label ZipCode, got  ([]), file ZipCode.csv:9924 data 30285
    regex_detector_test.go:84: Expected label ZipCode, got  ([]), file ZipCode.csv:9925 data 30286
    regex_detector_test.go:84: Expected label ZipCode, got  ([]), file ZipCode.csv:9926 data 30288
    regex_detector_test.go:84: Expected label ZipCode, got  ([]), file ZipCode.csv:9927 data 30289
    regex_detector_test.go:84: Expected label ZipCode, got  ([]), file ZipCode.csv:9928 data 30290
    regex_detector_test.go:84: Expected label ZipCode, got  ([]), file ZipCode.csv:9929 data 30291
    regex_detector_test.go:84: Expected label ZipCode, got  ([]), file ZipCode.csv:9930 data 30292
    regex_detector_test.go:84: Expected label ZipCode, got  ([]), file ZipCode.csv:9931 data 30293
    regex_detector_test.go:84: Expected label ZipCode, got  ([]), file ZipCode.csv:9932 data 30294
    regex_detector_test.go:84: Expected label ZipCode, got  ([]), file ZipCode.csv:9933 data 30295
    regex_detector_test.go:84: Expected label ZipCode, got  ([]), file ZipCode.csv:9934 data 30296
    regex_detector_test.go:84: Expected label ZipCode, got  ([]), file ZipCode.csv:9935 data 30297
    regex_detector_test.go:84: Expected label ZipCode, got  ([]), file ZipCode.csv:9936 data 30303
    regex_detector_test.go:84: Expected label ZipCode, got  ([]), file ZipCode.csv:9937 data 30305
    regex_detector_test.go:84: Expected label ZipCode, got  ([]), file ZipCode.csv:9938 data 30306
    regex_detector_test.go:84: Expected label ZipCode, got  ([]), file ZipCode.csv:9939 data 30307
    regex_detector_test.go:84: Expected label ZipCode, got  ([]), file ZipCode.csv:9940 data 30308
    regex_detector_test.go:84: Expected label ZipCode, got  ([]), file ZipCode.csv:9941 data 30309
    regex_detector_test.go:84: Expected label ZipCode, got  ([]), file ZipCode.csv:9942 data 30310
    regex_detector_test.go:84: Expected label ZipCode, got  ([]), file ZipCode.csv:9943 data 30311
    regex_detector_test.go:84: Expected label ZipCode, got  ([]), file ZipCode.csv:9944 data 30312
    regex_detector_test.go:84: Expected label ZipCode, got  ([]), file ZipCode.csv:9945 data 30313
    regex_detector_test.go:84: Expected label ZipCode, got  ([]), file ZipCode.csv:9946 data 30314
    regex_detector_test.go:84: Expected label ZipCode, got  ([]), file ZipCode.csv:9947 data 30315
    regex_detector_test.go:84: Expected label ZipCode, got  ([]), file ZipCode.csv:9948 data 30316
    regex_detector_test.go:84: Expected label ZipCode, got  ([]), file ZipCode.csv:9949 data 30317
    regex_detector_test.go:84: Expected label ZipCode, got  ([]), file ZipCode.csv:9950 data 30318
    regex_detector_test.go:84: Expected label ZipCode, got  ([]), file ZipCode.csv:9951 data 30319
    regex_detector_test.go:84: Expected label ZipCode, got  ([]), file ZipCode.csv:9952 data 30322
    regex_detector_test.go:84: Expected label ZipCode, got  ([]), file ZipCode.csv:9953 data 30324
    regex_detector_test.go:84: Expected label ZipCode, got  ([]), file ZipCode.csv:9954 data 30326
    regex_detector_test.go:84: Expected label ZipCode, got  ([]), file ZipCode.csv:9955 data 30327
    regex_detector_test.go:84: Expected label ZipCode, got  ([]), file ZipCode.csv:9956 data 30328
    regex_detector_test.go:84: Expected label ZipCode, got  ([]), file ZipCode.csv:9957 data 30329
    regex_detector_test.go:84: Expected label ZipCode, got  ([]), file ZipCode.csv:9958 data 30331
    regex_detector_test.go:84: Expected label ZipCode, got  ([]), file ZipCode.csv:9959 data 30332
    regex_detector_test.go:84: Expected label ZipCode, got  ([]), file ZipCode.csv:9960 data 30334
    regex_detector_test.go:84: Expected label ZipCode, got  ([]), file ZipCode.csv:9961 data 30336
    regex_detector_test.go:84: Expected label ZipCode, got  ([]), file ZipCode.csv:9962 data 30337
    regex_detector_test.go:84: Expected label ZipCode, got  ([]), file ZipCode.csv:9963 data 30338
    regex_detector_test.go:84: Expected label ZipCode, got  ([]), file ZipCode.csv:9964 data 30339
    regex_detector_test.go:84: Expected label ZipCode, got  ([]), file ZipCode.csv:9965 data 30340
    regex_detector_test.go:84: Expected label ZipCode, got  ([]), file ZipCode.csv:9966 data 30341
    regex_detector_test.go:84: Expected label ZipCode, got  ([]), file ZipCode.csv:9967 data 30342
    regex_detector_test.go:84: Expected label ZipCode, got  ([]), file ZipCode.csv:9968 data 30344
    regex_detector_test.go:84: Expected label ZipCode, got  ([]), file ZipCode.csv:9969 data 30345
    regex_detector_test.go:84: Expected label ZipCode, got  ([]), file ZipCode.csv:9970 data 30346
    regex_detector_test.go:84: Expected label ZipCode, got  ([]), file ZipCode.csv:9971 data 30349
    regex_detector_test.go:84: Expected label ZipCode, got  ([]), file ZipCode.csv:9972 data 30350
    regex_detector_test.go:84: Expected label ZipCode, got  ([]), file ZipCode.csv:9973 data 30354
    regex_detector_test.go:84: Expected label ZipCode, got  ([]), file ZipCode.csv:9974 data 30360
    regex_detector_test.go:84: Expected label ZipCode, got  ([]), file ZipCode.csv:9975 data 30363
    regex_detector_test.go:84: Expected label ZipCode, got  ([]), file ZipCode.csv:9976 data 30401
    regex_detector_test.go:84: Expected label ZipCode, got  ([]), file ZipCode.csv:9977 data 30410
    regex_detector_test.go:84: Expected label ZipCode, got  ([]), file ZipCode.csv:9978 data 30411
    regex_detector_test.go:84: Expected label ZipCode, got  ([]), file ZipCode.csv:9979 data 30412
    regex_detector_test.go:84: Expected label ZipCode, got  ([]), file ZipCode.csv:9980 data 30413
    regex_detector_test.go:84: Expected label ZipCode, got  ([]), file ZipCode.csv:9981 data 30414
    regex_detector_test.go:84: Expected label ZipCode, got  ([]), file ZipCode.csv:9982 data 30415
    regex_detector_test.go:84: Expected label ZipCode, got  ([]), file ZipCode.csv:9983 data 30417
    regex_detector_test.go:84: Expected label ZipCode, got  ([]), file ZipCode.csv:9984 data 30420
    regex_detector_test.go:84: Expected label ZipCode, got  ([]), file ZipCode.csv:9985 data 30421
    regex_detector_test.go:84: Expected label ZipCode, got  ([]), file ZipCode.csv:9986 data 30423
    regex_detector_test.go:84: Expected label ZipCode, got  ([]), file ZipCode.csv:9987 data 30425
    regex_detector_test.go:84: Expected label ZipCode, got  ([]), file ZipCode.csv:9988 data 30426
    regex_detector_test.go:84: Expected label ZipCode, got  ([]), file ZipCode.csv:9989 data 30427
    regex_detector_test.go:84: Expected label ZipCode, got  ([]), file ZipCode.csv:9990 data 30428
    regex_detector_test.go:84: Expected label ZipCode, got  ([]), file ZipCode.csv:9991 data 30429
    regex_detector_test.go:84: Expected label ZipCode, got  ([]), file ZipCode.csv:9992 data 30434
    regex_detector_test.go:84: Expected label ZipCode, got  ([]), file ZipCode.csv:9993 data 30436
    regex_detector_test.go:84: Expected label ZipCode, got  ([]), file ZipCode.csv:9994 data 30439
    regex_detector_test.go:84: Expected label ZipCode, got  ([]), file ZipCode.csv:9995 data 30441
    regex_detector_test.go:84: Expected label ZipCode, got  ([]), file ZipCode.csv:9996 data 30442
    regex_detector_test.go:84: Expected label ZipCode, got  ([]), file ZipCode.csv:9997 data 30445
    regex_detector_test.go:84: Expected label ZipCode, got  ([]), file ZipCode.csv:9998 data 30446
    regex_detector_test.go:84: Expected label ZipCode, got  ([]), file ZipCode.csv:9999 data 30448
    regex_detector_test.go:84: Expected label ZipCode, got  ([]), file ZipCode.csv:10000 data 30449
    regex_detector_test.go:84: Expected label ZipCode, got  ([]), file ZipCode.csv:10001 data 30450
    regex_detector_test.go:84: Expected label ZipCode, got  ([]), file ZipCode.csv:10002 data 30451
    regex_detector_test.go:84: Expected label ZipCode, got  ([]), file ZipCode.csv:10003 data 30452
    regex_detector_test.go:84: Expected label ZipCode, got  ([]), file ZipCode.csv:10004 data 30453
    regex_detector_test.go:84: Expected label ZipCode, got  ([]), file ZipCode.csv:10005 data 30454
    regex_detector_test.go:84: Expected label ZipCode, got  ([]), file ZipCode.csv:10006 data 30455
    regex_detector_test.go:84: Expected label ZipCode, got  ([]), file ZipCode.csv:10007 data 30456
    regex_detector_test.go:84: Expected label ZipCode, got  ([]), file ZipCode.csv:10008 data 30457
    regex_detector_test.go:84: Expected label ZipCode, got  ([]), file ZipCode.csv:10009 data 30458
    regex_detector_test.go:84: Expected label ZipCode, got  ([]), file ZipCode.csv:10010 data 30460
    regex_detector_test.go:84: Expected label ZipCode, got  ([]), file ZipCode.csv:10011 data 30461
    regex_detector_test.go:84: Expected label ZipCode, got  ([]), file ZipCode.csv:10012 data 30464
    regex_detector_test.go:84: Expected label ZipCode, got  ([]), file ZipCode.csv:10013 data 30467
    regex_detector_test.go:84: Expected label ZipCode, got  ([]), file ZipCode.csv:10014 data 30470
    regex_detector_test.go:84: Expected label ZipCode, got  ([]), file ZipCode.csv:10015 data 30471
    regex_detector_test.go:84: Expected label ZipCode, got  ([]), file ZipCode.csv:10016 data 30473
    regex_detector_test.go:84: Expected label ZipCode, got  ([]), file ZipCode.csv:10017 data 30474
    regex_detector_test.go:84: Expected label ZipCode, got  ([]), file ZipCode.csv:10018 data 30477
    regex_detector_test.go:84: Expected label ZipCode, got  ([]), file ZipCode.csv:10019 data 30501
    regex_detector_test.go:84: Expected label ZipCode, got  ([]), file ZipCode.csv:10020 data 30504
    regex_detector_test.go:84: Expected label ZipCode, got  ([]), file ZipCode.csv:10021 data 30506
    regex_detector_test.go:84: Expected label ZipCode, got  ([]), file ZipCode.csv:10022 data 30507
    regex_detector_test.go:84: Expected label ZipCode, got  ([]), file ZipCode.csv:10023 data 30510
    regex_detector_test.go:84: Expected label ZipCode, got  ([]), file ZipCode.csv:10024 data 30511
    regex_detector_test.go:84: Expected label ZipCode, got  ([]), file ZipCode.csv:10025 data 30512
    regex_detector_test.go:84: Expected label ZipCode, got  ([]), file ZipCode.csv:10026 data 30513
    regex_detector_test.go:84: Expected label ZipCode, got  ([]), file ZipCode.csv:10027 data 30516
    regex_detector_test.go:84: Expected label ZipCode, got  ([]), file ZipCode.csv:10028 data 30517
    regex_detector_test.go:84: Expected label ZipCode, got  ([]), file ZipCode.csv:10029 data 30518
    regex_detector_test.go:84: Expected label ZipCode, got  ([]), file ZipCode.csv:10030 data 30519
    regex_detector_test.go:84: Expected label ZipCode, got  ([]), file ZipCode.csv:10031 data 30520
    regex_detector_test.go:84: Expected label ZipCode, got  ([]), file ZipCode.csv:10032 data 30521
    regex_detector_test.go:84: Expected label ZipCode, got  ([]), file ZipCode.csv:10033 data 30522
    regex_detector_test.go:84: Expected label ZipCode, got  ([]), file ZipCode.csv:10034 data 30523
    regex_detector_test.go:84: Expected label ZipCode, got  ([]), file ZipCode.csv:10035 data 30525
    regex_detector_test.go:84: Expected label ZipCode, got  ([]), file ZipCode.csv:10036 data 30527
    regex_detector_test.go:84: Expected label ZipCode, got  ([]), file ZipCode.csv:10037 data 30528
    regex_detector_test.go:84: Expected label ZipCode, got  ([]), file ZipCode.csv:10038 data 30529
    regex_detector_test.go:84: Expected label ZipCode, got  ([]), file ZipCode.csv:10039 data 30530
    regex_detector_test.go:84: Expected label ZipCode, got  ([]), file ZipCode.csv:10040 data 30531
    regex_detector_test.go:84: Expected label ZipCode, got  ([]), file ZipCode.csv:10041 data 30533
    regex_detector_test.go:84: Expected label ZipCode, got  ([]), file ZipCode.csv:10042 data 30534
    regex_detector_test.go:84: Expected label ZipCode, got  ([]), file ZipCode.csv:10043 data 30535
    regex_detector_test.go:84: Expected label ZipCode, got  ([]), file ZipCode.csv:10044 data 30536
    regex_detector_test.go:84: Expected label ZipCode, got  ([]), file ZipCode.csv:10045 data 30537
    regex_detector_test.go:84: Expected label ZipCode, got  ([]), file ZipCode.csv:10046 data 30538
    regex_detector_test.go:84: Expected label ZipCode, got  ([]), file ZipCode.csv:10047 data 30539
    regex_detector_test.go:84: Expected label ZipCode, got  ([]), file ZipCode.csv:10048 data 30540
    regex_detector_test.go:84: Expected label ZipCode, got  ([]), file ZipCode.csv:10049 data 30541
    regex_detector_test.go:84: Expected label ZipCode, got  ([]), file ZipCode.csv:10050 data 30542
    regex_detector_test.go:84: Expected label ZipCode, got  ([]), file ZipCode.csv:10051 data 30543
    regex_detector_test.go:84: Expected label ZipCode, got  ([]), file ZipCode.csv:10052 data 30545
    regex_detector_test.go:84: Expected label ZipCode, got  ([]), file ZipCode.csv:10053 data 30546
    regex_detector_test.go:84: Expected label ZipCode, got  ([]), file ZipCode.csv:10054 data 30547
    regex_detector_test.go:84: Expected label ZipCode, got  ([]), file ZipCode.csv:10055 data 30548
    regex_detector_test.go:84: Expected label ZipCode, got  ([]), file ZipCode.csv:10056 data 30549
    regex_detector_test.go:84: Expected label ZipCode, got  ([]), file ZipCode.csv:10057 data 30552
    regex_detector_test.go:84: Expected label ZipCode, got  ([]), file ZipCode.csv:10058 data 30553
    regex_detector_test.go:84: Expected label ZipCode, got  ([]), file ZipCode.csv:10059 data 30554
    regex_detector_test.go:84: Expected label ZipCode, got  ([]), file ZipCode.csv:10060 data 30555
    regex_detector_test.go:84: Expected label ZipCode, got  ([]), file ZipCode.csv:10061 data 30557
    regex_detector_test.go:84: Expected label ZipCode, got  ([]), file ZipCode.csv:10062 data 30558
    regex_detector_test.go:84: Expected label ZipCode, got  ([]), file ZipCode.csv:10063 data 30559
    regex_detector_test.go:84: Expected label ZipCode, got  ([]), file ZipCode.csv:10064 data 30560
    regex_detector_test.go:84: Expected label ZipCode, got  ([]), file ZipCode.csv:10065 data 30562
    regex_detector_test.go:84: Expected label ZipCode, got  ([]), file ZipCode.csv:10066 data 30563
    regex_detector_test.go:84: Expected label ZipCode, got  ([]), file ZipCode.csv:10067 data 30564
    regex_detector_test.go:84: Expected label ZipCode, got  ([]), file ZipCode.csv:10068 data 30565
    regex_detector_test.go:84: Expected label ZipCode, got  ([]), file ZipCode.csv:10069 data 30566
    regex_detector_test.go:84: Expected label ZipCode, got  ([]), file ZipCode.csv:10070 data 30567
    regex_detector_test.go:84: Expected label ZipCode, got  ([]), file ZipCode.csv:10071 data 30568
    regex_detector_test.go:84: Expected label ZipCode, got  ([]), file ZipCode.csv:10072 data 30571
    regex_detector_test.go:84: Expected label ZipCode, got  ([]), file ZipCode.csv:10073 data 30572
    regex_detector_test.go:84: Expected label ZipCode, got  ([]), file ZipCode.csv:10074 data 30573
    regex_detector_test.go:84: Expected label ZipCode, got  ([]), file ZipCode.csv:10075 data 30575
    regex_detector_test.go:84: Expected label ZipCode, got  ([]), file ZipCode.csv:10076 data 30576
    regex_detector_test.go:84: Expected label ZipCode, got  ([]), file ZipCode.csv:10077 data 30577
    regex_detector_test.go:84: Expected label ZipCode, got  ([]), file ZipCode.csv:10078 data 30581
    regex_detector_test.go:84: Expected label ZipCode, got  ([]), file ZipCode.csv:10079 data 30582
    regex_detector_test.go:84: Expected label ZipCode, got  ([]), file ZipCode.csv:10080 data 30597
    regex_detector_test.go:84: Expected label ZipCode, got  ([]), file ZipCode.csv:10081 data 30598
    regex_detector_test.go:84: Expected label ZipCode, got  ([]), file ZipCode.csv:10082 data 30601
    regex_detector_test.go:84: Expected label ZipCode, got  ([]), file ZipCode.csv:10083 data 30602
    regex_detector_test.go:84: Expected label ZipCode, got  ([]), file ZipCode.csv:10084 data 30605
    regex_detector_test.go:84: Expected label ZipCode, got  ([]), file ZipCode.csv:10085 data 30606
    regex_detector_test.go:84: Expected label ZipCode, got  ([]), file ZipCode.csv:10086 data 30607
    regex_detector_test.go:84: Expected label ZipCode, got  ([]), file ZipCode.csv:10087 data 30609
    regex_detector_test.go:84: Expected label ZipCode, got  ([]), file ZipCode.csv:10088 data 30619
    regex_detector_test.go:84: Expected label ZipCode, got  ([]), file ZipCode.csv:10089 data 30620
    regex_detector_test.go:84: Expected label ZipCode, got  ([]), file ZipCode.csv:10090 data 30621
    regex_detector_test.go:84: Expected label ZipCode, got  ([]), file ZipCode.csv:10091 data 30622
    regex_detector_test.go:84: Expected label ZipCode, got  ([]), file ZipCode.csv:10092 data 30623
    regex_detector_test.go:84: Expected label ZipCode, got  ([]), file ZipCode.csv:10093 data 30624
    regex_detector_test.go:84: Expected label ZipCode, got  ([]), file ZipCode.csv:10094 data 30625
    regex_detector_test.go:84: Expected label ZipCode, got  ([]), file ZipCode.csv:10095 data 30627
    regex_detector_test.go:84: Expected label ZipCode, got  ([]), file ZipCode.csv:10096 data 30628
    regex_detector_test.go:84: Expected label ZipCode, got  ([]), file ZipCode.csv:10097 data 30629
    regex_detector_test.go:84: Expected label ZipCode, got  ([]), file ZipCode.csv:10098 data 30630
    regex_detector_test.go:84: Expected label ZipCode, got  ([]), file ZipCode.csv:10099 data 30631
    regex_detector_test.go:84: Expected label ZipCode, got  ([]), file ZipCode.csv:10100 data 30633
    regex_detector_test.go:84: Expected label ZipCode, got  ([]), file ZipCode.csv:10101 data 30634
    regex_detector_test.go:84: Expected label ZipCode, got  ([]), file ZipCode.csv:10102 data 30635
    regex_detector_test.go:84: Expected label ZipCode, got  ([]), file ZipCode.csv:10103 data 30639
    regex_detector_test.go:84: Expected label ZipCode, got  ([]), file ZipCode.csv:10104 data 30641
    regex_detector_test.go:84: Expected label ZipCode, got  ([]), file ZipCode.csv:10105 data 30642
    regex_detector_test.go:84: Expected label ZipCode, got  ([]), file ZipCode.csv:10106 data 30643
    regex_detector_test.go:84: Expected label ZipCode, got  ([]), file ZipCode.csv:10107 data 30646
    regex_detector_test.go:84: Expected label ZipCode, got  ([]), file ZipCode.csv:10108 data 30648
    regex_detector_test.go:84: Expected label ZipCode, got  ([]), file ZipCode.csv:10109 data 30650
    regex_detector_test.go:84: Expected label ZipCode, got  ([]), file ZipCode.csv:10110 data 30655
    regex_detector_test.go:84: Expected label ZipCode, got  ([]), file ZipCode.csv:10111 data 30656
    regex_detector_test.go:84: Expected label ZipCode, got  ([]), file ZipCode.csv:10112 data 30660
    regex_detector_test.go:84: Expected label ZipCode, got  ([]), file ZipCode.csv:10113 data 30662
    regex_detector_test.go:84: Expected label ZipCode, got  ([]), file ZipCode.csv:10114 data 30663
    regex_detector_test.go:84: Expected label ZipCode, got  ([]), file ZipCode.csv:10115 data 30664
    regex_detector_test.go:84: Expected label ZipCode, got  ([]), file ZipCode.csv:10116 data 30665
    regex_detector_test.go:84: Expected label ZipCode, got  ([]), file ZipCode.csv:10117 data 30666
    regex_detector_test.go:84: Expected label ZipCode, got  ([]), file ZipCode.csv:10118 data 30667
    regex_detector_test.go:84: Expected label ZipCode, got  ([]), file ZipCode.csv:10119 data 30668
    regex_detector_test.go:84: Expected label ZipCode, got  ([]), file ZipCode.csv:10120 data 30669
    regex_detector_test.go:84: Expected label ZipCode, got  ([]), file ZipCode.csv:10121 data 30673
    regex_detector_test.go:84: Expected label ZipCode, got  ([]), file ZipCode.csv:10122 data 30677
    regex_detector_test.go:84: Expected label ZipCode, got  ([]), file ZipCode.csv:10123 data 30678
    regex_detector_test.go:84: Expected label ZipCode, got  ([]), file ZipCode.csv:10124 data 30680
    regex_detector_test.go:84: Expected label ZipCode, got  ([]), file ZipCode.csv:10125 data 30683
    regex_detector_test.go:84: Expected label ZipCode, got  ([]), file ZipCode.csv:10126 data 30701
    regex_detector_test.go:84: Expected label ZipCode, got  ([]), file ZipCode.csv:10127 data 30705
    regex_detector_test.go:84: Expected label ZipCode, got  ([]), file ZipCode.csv:10128 data 30707
    regex_detector_test.go:84: Expected label ZipCode, got  ([]), file ZipCode.csv:10129 data 30708
    regex_detector_test.go:84: Expected label ZipCode, got  ([]), file ZipCode.csv:10130 data 30710
    regex_detector_test.go:84: Expected label ZipCode, got  ([]), file ZipCode.csv:10131 data 30711
    regex_detector_test.go:84: Expected label ZipCode, got  ([]), file ZipCode.csv:10132 data 30720
    regex_detector_test.go:84: Expected label ZipCode, got  ([]), file ZipCode.csv:10133 data 30721
    regex_detector_test.go:84: Expected label ZipCode, got  ([]), file ZipCode.csv:10134 data 30724
    regex_detector_test.go:84: Expected label ZipCode, got  ([]), file ZipCode.csv:10135 data 30725
    regex_detector_test.go:84: Expected label ZipCode, got  ([]), file ZipCode.csv:10136 data 30726
    regex_detector_test.go:84: Expected label ZipCode, got  ([]), file ZipCode.csv:10137 data 30728
    regex_detector_test.go:84: Expected label ZipCode, got  ([]), file ZipCode.csv:10138 data 30730
    regex_detector_test.go:84: Expected label ZipCode, got  ([]), file ZipCode.csv:10139 data 30731
    regex_detector_test.go:84: Expected label ZipCode, got  ([]), file ZipCode.csv:10140 data 30733
    regex_detector_test.go:84: Expected label ZipCode, got  ([]), file ZipCode.csv:10141 data 30734
    regex_detector_test.go:84: Expected label ZipCode, got  ([]), file ZipCode.csv:10142 data 30735
    regex_detector_test.go:84: Expected label ZipCode, got  ([]), file ZipCode.csv:10143 data 30736
    regex_detector_test.go:84: Expected label ZipCode, got  ([]), file ZipCode.csv:10144 data 30738
    regex_detector_test.go:84: Expected label ZipCode, got  ([]), file ZipCode.csv:10145 data 30739
    regex_detector_test.go:84: Expected label ZipCode, got  ([]), file ZipCode.csv:10146 data 30740
    regex_detector_test.go:84: Expected label ZipCode, got  ([]), file ZipCode.csv:10147 data 30741
    regex_detector_test.go:84: Expected label ZipCode, got  ([]), file ZipCode.csv:10148 data 30742
    regex_detector_test.go:84: Expected label ZipCode, got  ([]), file ZipCode.csv:10149 data 30746
    regex_detector_test.go:84: Expected label ZipCode, got  ([]), file ZipCode.csv:10150 data 30747
    regex_detector_test.go:84: Expected label ZipCode, got  ([]), file ZipCode.csv:10151 data 30750
    regex_detector_test.go:84: Expected label ZipCode, got  ([]), file ZipCode.csv:10152 data 30751
    regex_detector_test.go:84: Expected label ZipCode, got  ([]), file ZipCode.csv:10153 data 30752
    regex_detector_test.go:84: Expected label ZipCode, got  ([]), file ZipCode.csv:10154 data 30753
    regex_detector_test.go:84: Expected label ZipCode, got  ([]), file ZipCode.csv:10155 data 30755
    regex_detector_test.go:84: Expected label ZipCode, got  ([]), file ZipCode.csv:10156 data 30756
    regex_detector_test.go:84: Expected label ZipCode, got  ([]), file ZipCode.csv:10157 data 30757
    regex_detector_test.go:84: Expected label ZipCode, got  ([]), file ZipCode.csv:10158 data 30802
    regex_detector_test.go:84: Expected label ZipCode, got  ([]), file ZipCode.csv:10159 data 30803
    regex_detector_test.go:84: Expected label ZipCode, got  ([]), file ZipCode.csv:10160 data 30805
    regex_detector_test.go:84: Expected label ZipCode, got  ([]), file ZipCode.csv:10161 data 30807
    regex_detector_test.go:84: Expected label ZipCode, got  ([]), file ZipCode.csv:10162 data 30808
    regex_detector_test.go:84: Expected label ZipCode, got  ([]), file ZipCode.csv:10163 data 30809
    regex_detector_test.go:84: Expected label ZipCode, got  ([]), file ZipCode.csv:10164 data 30810
    regex_detector_test.go:84: Expected label ZipCode, got  ([]), file ZipCode.csv:10165 data 30812
    regex_detector_test.go:84: Expected label ZipCode, got  ([]), file ZipCode.csv:10166 data 30813
    regex_detector_test.go:84: Expected label ZipCode, got  ([]), file ZipCode.csv:10167 data 30814
    regex_detector_test.go:84: Expected label ZipCode, got  ([]), file ZipCode.csv:10168 data 30815
    regex_detector_test.go:84: Expected label ZipCode, got  ([]), file ZipCode.csv:10169 data 30816
    regex_detector_test.go:84: Expected label ZipCode, got  ([]), file ZipCode.csv:10170 data 30817
    regex_detector_test.go:84: Expected label ZipCode, got  ([]), file ZipCode.csv:10171 data 30818
    regex_detector_test.go:84: Expected label ZipCode, got  ([]), file ZipCode.csv:10172 data 30820
    regex_detector_test.go:84: Expected label ZipCode, got  ([]), file ZipCode.csv:10173 data 30821
    regex_detector_test.go:84: Expected label ZipCode, got  ([]), file ZipCode.csv:10174 data 30822
    regex_detector_test.go:84: Expected label ZipCode, got  ([]), file ZipCode.csv:10175 data 30823
    regex_detector_test.go:84: Expected label ZipCode, got  ([]), file ZipCode.csv:10176 data 30824
    regex_detector_test.go:84: Expected label ZipCode, got  ([]), file ZipCode.csv:10177 data 30828
    regex_detector_test.go:84: Expected label ZipCode, got  ([]), file ZipCode.csv:10178 data 30830
    regex_detector_test.go:84: Expected label ZipCode, got  ([]), file ZipCode.csv:10179 data 30833
    regex_detector_test.go:84: Expected label ZipCode, got  ([]), file ZipCode.csv:10180 data 30901
    regex_detector_test.go:84: Expected label ZipCode, got  ([]), file ZipCode.csv:10181 data 30904
    regex_detector_test.go:84: Expected label ZipCode, got  ([]), file ZipCode.csv:10182 data 30905
    regex_detector_test.go:84: Expected label ZipCode, got  ([]), file ZipCode.csv:10183 data 30906
    regex_detector_test.go:84: Expected label ZipCode, got  ([]), file ZipCode.csv:10184 data 30907
    regex_detector_test.go:84: Expected label ZipCode, got  ([]), file ZipCode.csv:10185 data 30909
    regex_detector_test.go:84: Expected label ZipCode, got  ([]), file ZipCode.csv:10186 data 30912
    regex_detector_test.go:84: Expected label ZipCode, got  ([]), file ZipCode.csv:10187 data 31001
    regex_detector_test.go:84: Expected label ZipCode, got  ([]), file ZipCode.csv:10188 data 31002
    regex_detector_test.go:84: Expected label ZipCode, got  ([]), file ZipCode.csv:10189 data 31003
    regex_detector_test.go:84: Expected label ZipCode, got  ([]), file ZipCode.csv:10190 data 31004
    regex_detector_test.go:84: Expected label ZipCode, got  ([]), file ZipCode.csv:10191 data 31005
    regex_detector_test.go:84: Expected label ZipCode, got  ([]), file ZipCode.csv:10192 data 31006
    regex_detector_test.go:84: Expected label ZipCode, got  ([]), file ZipCode.csv:10193 data 31007
    regex_detector_test.go:84: Expected label ZipCode, got  ([]), file ZipCode.csv:10194 data 31008
    regex_detector_test.go:84: Expected label ZipCode, got  ([]), file ZipCode.csv:10195 data 31009
    regex_detector_test.go:84: Expected label ZipCode, got  ([]), file ZipCode.csv:10196 data 31011
    regex_detector_test.go:84: Expected label ZipCode, got  ([]), file ZipCode.csv:10197 data 31012
    regex_detector_test.go:84: Expected label ZipCode, got  ([]), file ZipCode.csv:10198 data 31014
    regex_detector_test.go:84: Expected label ZipCode, got  ([]), file ZipCode.csv:10199 data 31015
    regex_detector_test.go:84: Expected label ZipCode, got  ([]), file ZipCode.csv:10200 data 31016
    regex_detector_test.go:84: Expected label ZipCode, got  ([]), file ZipCode.csv:10201 data 31017
    regex_detector_test.go:84: Expected label ZipCode, got  ([]), file ZipCode.csv:10202 data 31018
    regex_detector_test.go:84: Expected label ZipCode, got  ([]), file ZipCode.csv:10203 data 31019
    regex_detector_test.go:84: Expected label ZipCode, got  ([]), file ZipCode.csv:10204 data 31020
    regex_detector_test.go:84: Expected label ZipCode, got  ([]), file ZipCode.csv:10205 data 31021
    regex_detector_test.go:84: Expected label ZipCode, got  ([]), file ZipCode.csv:10206 data 31022
    regex_detector_test.go:84: Expected label ZipCode, got  ([]), file ZipCode.csv:10207 data 31023
    regex_detector_test.go:84: Expected label ZipCode, got  ([]), file ZipCode.csv:10208 data 31024
    regex_detector_test.go:84: Expected label ZipCode, got  ([]), file ZipCode.csv:10209 data 31025
    regex_detector_test.go:84: Expected label ZipCode, got  ([]), file ZipCode.csv:10210 data 31027
    regex_detector_test.go:84: Expected label ZipCode, got  ([]), file ZipCode.csv:10211 data 31028
    regex_detector_test.go:84: Expected label ZipCode, got  ([]), file ZipCode.csv:10212 data 31029
    regex_detector_test.go:84: Expected label ZipCode, got  ([]), file ZipCode.csv:10213 data 31030
    regex_detector_test.go:84: Expected label ZipCode, got  ([]), file ZipCode.csv:10214 data 31031
    regex_detector_test.go:84: Expected label ZipCode, got  ([]), file ZipCode.csv:10215 data 31032
    regex_detector_test.go:84: Expected label ZipCode, got  ([]), file ZipCode.csv:10216 data 31033
    regex_detector_test.go:84: Expected label ZipCode, got  ([]), file ZipCode.csv:10217 data 31034
    regex_detector_test.go:84: Expected label ZipCode, got  ([]), file ZipCode.csv:10218 data 31035
    regex_detector_test.go:84: Expected label ZipCode, got  ([]), file ZipCode.csv:10219 data 31036
    regex_detector_test.go:84: Expected label ZipCode, got  ([]), file ZipCode.csv:10220 data 31037
    regex_detector_test.go:84: Expected label ZipCode, got  ([]), file ZipCode.csv:10221 data 31038
    regex_detector_test.go:84: Expected label ZipCode, got  ([]), file ZipCode.csv:10222 data 31039
    regex_detector_test.go:84: Expected label ZipCode, got  ([]), file ZipCode.csv:10223 data 31041
    regex_detector_test.go:84: Expected label ZipCode, got  ([]), file ZipCode.csv:10224 data 31042
    regex_detector_test.go:84: Expected label ZipCode, got  ([]), file ZipCode.csv:10225 data 31044
    regex_detector_test.go:84: Expected label ZipCode, got  ([]), file ZipCode.csv:10226 data 31045
    regex_detector_test.go:84: Expected label ZipCode, got  ([]), file ZipCode.csv:10227 data 31046
    regex_detector_test.go:84: Expected label ZipCode, got  ([]), file ZipCode.csv:10228 data 31047
    regex_detector_test.go:84: Expected label ZipCode, got  ([]), file ZipCode.csv:10229 data 31049
    regex_detector_test.go:84: Expected label ZipCode, got  ([]), file ZipCode.csv:10230 data 31050
    regex_detector_test.go:84: Expected label ZipCode, got  ([]), file ZipCode.csv:10231 data 31051
    regex_detector_test.go:84: Expected label ZipCode, got  ([]), file ZipCode.csv:10232 data 31052
    regex_detector_test.go:84: Expected label ZipCode, got  ([]), file ZipCode.csv:10233 data 31054
    regex_detector_test.go:84: Expected label ZipCode, got  ([]), file ZipCode.csv:10234 data 31055
    regex_detector_test.go:84: Expected label ZipCode, got  ([]), file ZipCode.csv:10235 data 31057
    regex_detector_test.go:84: Expected label ZipCode, got  ([]), file ZipCode.csv:10236 data 31058
    regex_detector_test.go:84: Expected label ZipCode, got  ([]), file ZipCode.csv:10237 data 31060
    regex_detector_test.go:84: Expected label ZipCode, got  ([]), file ZipCode.csv:10238 data 31061
    regex_detector_test.go:84: Expected label ZipCode, got  ([]), file ZipCode.csv:10239 data 31062
    regex_detector_test.go:84: Expected label ZipCode, got  ([]), file ZipCode.csv:10240 data 31063
    regex_detector_test.go:84: Expected label ZipCode, got  ([]), file ZipCode.csv:10241 data 31064
    regex_detector_test.go:84: Expected label ZipCode, got  ([]), file ZipCode.csv:10242 data 31065
    regex_detector_test.go:84: Expected label ZipCode, got  ([]), file ZipCode.csv:10243 data 31066
    regex_detector_test.go:84: Expected label ZipCode, got  ([]), file ZipCode.csv:10244 data 31067
    regex_detector_test.go:84: Expected label ZipCode, got  ([]), file ZipCode.csv:10245 data 31068
    regex_detector_test.go:84: Expected label ZipCode, got  ([]), file ZipCode.csv:10246 data 31069
    regex_detector_test.go:84: Expected label ZipCode, got  ([]), file ZipCode.csv:10247 data 31070
    regex_detector_test.go:84: Expected label ZipCode, got  ([]), file ZipCode.csv:10248 data 31071
    regex_detector_test.go:84: Expected label ZipCode, got  ([]), file ZipCode.csv:10249 data 31072
    regex_detector_test.go:84: Expected label ZipCode, got  ([]), file ZipCode.csv:10250 data 31075
    regex_detector_test.go:84: Expected label ZipCode, got  ([]), file ZipCode.csv:10251 data 31076
    regex_detector_test.go:84: Expected label ZipCode, got  ([]), file ZipCode.csv:10252 data 31077
    regex_detector_test.go:84: Expected label ZipCode, got  ([]), file ZipCode.csv:10253 data 31078
    regex_detector_test.go:84: Expected label ZipCode, got  ([]), file ZipCode.csv:10254 data 31079
    regex_detector_test.go:84: Expected label ZipCode, got  ([]), file ZipCode.csv:10255 data 31081
    regex_detector_test.go:84: Expected label ZipCode, got  ([]), file ZipCode.csv:10256 data 31082
    regex_detector_test.go:84: Expected label ZipCode, got  ([]), file ZipCode.csv:10257 data 31083
    regex_detector_test.go:84: Expected label ZipCode, got  ([]), file ZipCode.csv:10258 data 31084
    regex_detector_test.go:84: Expected label ZipCode, got  ([]), file ZipCode.csv:10259 data 31085
    regex_detector_test.go:84: Expected label ZipCode, got  ([]), file ZipCode.csv:10260 data 31087
    regex_detector_test.go:84: Expected label ZipCode, got  ([]), file ZipCode.csv:10261 data 31088
    regex_detector_test.go:84: Expected label ZipCode, got  ([]), file ZipCode.csv:10262 data 31089
    regex_detector_test.go:84: Expected label ZipCode, got  ([]), file ZipCode.csv:10263 data 31090
    regex_detector_test.go:84: Expected label ZipCode, got  ([]), file ZipCode.csv:10264 data 31091
    regex_detector_test.go:84: Expected label ZipCode, got  ([]), file ZipCode.csv:10265 data 31092
    regex_detector_test.go:84: Expected label ZipCode, got  ([]), file ZipCode.csv:10266 data 31093
    regex_detector_test.go:84: Expected label ZipCode, got  ([]), file ZipCode.csv:10267 data 31094
    regex_detector_test.go:84: Expected label ZipCode, got  ([]), file ZipCode.csv:10268 data 31096
    regex_detector_test.go:84: Expected label ZipCode, got  ([]), file ZipCode.csv:10269 data 31097
    regex_detector_test.go:84: Expected label ZipCode, got  ([]), file ZipCode.csv:10270 data 31098
    regex_detector_test.go:84: Expected label ZipCode, got  ([]), file ZipCode.csv:10271 data 31201
    regex_detector_test.go:84: Expected label ZipCode, got  ([]), file ZipCode.csv:10272 data 31204
    regex_detector_test.go:84: Expected label ZipCode, got  ([]), file ZipCode.csv:10273 data 31206
    regex_detector_test.go:84: Expected label ZipCode, got  ([]), file ZipCode.csv:10274 data 31207
    regex_detector_test.go:84: Expected label ZipCode, got  ([]), file ZipCode.csv:10275 data 31210
    regex_detector_test.go:84: Expected label ZipCode, got  ([]), file ZipCode.csv:10276 data 31211
    regex_detector_test.go:84: Expected label ZipCode, got  ([]), file ZipCode.csv:10277 data 31213
    regex_detector_test.go:84: Expected label ZipCode, got  ([]), file ZipCode.csv:10278 data 31216
    regex_detector_test.go:84: Expected label ZipCode, got  ([]), file ZipCode.csv:10279 data 31217
    regex_detector_test.go:84: Expected label ZipCode, got  ([]), file ZipCode.csv:10280 data 31220
    regex_detector_test.go:84: Expected label ZipCode, got  ([]), file ZipCode.csv:10281 data 31301
    regex_detector_test.go:84: Expected label ZipCode, got  ([]), file ZipCode.csv:10282 data 31302
    regex_detector_test.go:84: Expected label ZipCode, got  ([]), file ZipCode.csv:10283 data 31303
    regex_detector_test.go:84: Expected label ZipCode, got  ([]), file ZipCode.csv:10284 data 31305
    regex_detector_test.go:84: Expected label ZipCode, got  ([]), file ZipCode.csv:10285 data 31307
    regex_detector_test.go:84: Expected label ZipCode, got  ([]), file ZipCode.csv:10286 data 31308
    regex_detector_test.go:84: Expected label ZipCode, got  ([]), file ZipCode.csv:10287 data 31309
    regex_detector_test.go:84: Expected label ZipCode, got  ([]), file ZipCode.csv:10288 data 31312
    regex_detector_test.go:84: Expected label ZipCode, got  ([]), file ZipCode.csv:10289 data 31313
    regex_detector_test.go:84: Expected label ZipCode, got  ([]), file ZipCode.csv:10290 data 31314
    regex_detector_test.go:84: Expected label ZipCode, got  ([]), file ZipCode.csv:10291 data 31315
    regex_detector_test.go:84: Expected label ZipCode, got  ([]), file ZipCode.csv:10292 data 31316
    regex_detector_test.go:84: Expected label ZipCode, got  ([]), file ZipCode.csv:10293 data 31318
    regex_detector_test.go:84: Expected label ZipCode, got  ([]), file ZipCode.csv:10294 data 31320
    regex_detector_test.go:84: Expected label ZipCode, got  ([]), file ZipCode.csv:10295 data 31321
    regex_detector_test.go:84: Expected label ZipCode, got  ([]), file ZipCode.csv:10296 data 31322
    regex_detector_test.go:84: Expected label ZipCode, got  ([]), file ZipCode.csv:10297 data 31323
    regex_detector_test.go:84: Expected label ZipCode, got  ([]), file ZipCode.csv:10298 data 31324
    regex_detector_test.go:84: Expected label ZipCode, got  ([]), file ZipCode.csv:10299 data 31326
    regex_detector_test.go:84: Expected label ZipCode, got  ([]), file ZipCode.csv:10300 data 31327
    regex_detector_test.go:84: Expected label ZipCode, got  ([]), file ZipCode.csv:10301 data 31328
    regex_detector_test.go:84: Expected label ZipCode, got  ([]), file ZipCode.csv:10302 data 31329
    regex_detector_test.go:84: Expected label ZipCode, got  ([]), file ZipCode.csv:10303 data 31331
    regex_detector_test.go:84: Expected label ZipCode, got  ([]), file ZipCode.csv:10304 data 31333
    regex_detector_test.go:84: Expected label ZipCode, got  ([]), file ZipCode.csv:10305 data 31401
    regex_detector_test.go:84: Expected label ZipCode, got  ([]), file ZipCode.csv:10306 data 31404
    regex_detector_test.go:84: Expected label ZipCode, got  ([]), file ZipCode.csv:10307 data 31405
    regex_detector_test.go:84: Expected label ZipCode, got  ([]), file ZipCode.csv:10308 data 31406
    regex_detector_test.go:84: Expected label ZipCode, got  ([]), file ZipCode.csv:10309 data 31407
    regex_detector_test.go:84: Expected label ZipCode, got  ([]), file ZipCode.csv:10310 data 31408
    regex_detector_test.go:84: Expected label ZipCode, got  ([]), file ZipCode.csv:10311 data 31409
    regex_detector_test.go:84: Expected label ZipCode, got  ([]), file ZipCode.csv:10312 data 31410
    regex_detector_test.go:84: Expected label ZipCode, got  ([]), file ZipCode.csv:10313 data 31411
    regex_detector_test.go:84: Expected label ZipCode, got  ([]), file ZipCode.csv:10314 data 31415
    regex_detector_test.go:84: Expected label ZipCode, got  ([]), file ZipCode.csv:10315 data 31419
    regex_detector_test.go:84: Expected label ZipCode, got  ([]), file ZipCode.csv:10316 data 31421
    regex_detector_test.go:84: Expected label ZipCode, got  ([]), file ZipCode.csv:10317 data 31501
    regex_detector_test.go:84: Expected label ZipCode, got  ([]), file ZipCode.csv:10318 data 31503
    regex_detector_test.go:84: Expected label ZipCode, got  ([]), file ZipCode.csv:10319 data 31510
    regex_detector_test.go:84: Expected label ZipCode, got  ([]), file ZipCode.csv:10320 data 31512
    regex_detector_test.go:84: Expected label ZipCode, got  ([]), file ZipCode.csv:10321 data 31513
    regex_detector_test.go:84: Expected label ZipCode, got  ([]), file ZipCode.csv:10322 data 31516
    regex_detector_test.go:84: Expected label ZipCode, got  ([]), file ZipCode.csv:10323 data 31518
    regex_detector_test.go:84: Expected label ZipCode, got  ([]), file ZipCode.csv:10324 data 31519
    regex_detector_test.go:84: Expected label ZipCode, got  ([]), file ZipCode.csv:10325 data 31520
    regex_detector_test.go:84: Expected label ZipCode, got  ([]), file ZipCode.csv:10326 data 31522
    regex_detector_test.go:84: Expected label ZipCode, got  ([]), file ZipCode.csv:10327 data 31523
    regex_detector_test.go:84: Expected label ZipCode, got  ([]), file ZipCode.csv:10328 data 31524
    regex_detector_test.go:84: Expected label ZipCode, got  ([]), file ZipCode.csv:10329 data 31525
    regex_detector_test.go:84: Expected label ZipCode, got  ([]), file ZipCode.csv:10330 data 31527
    regex_detector_test.go:84: Expected label ZipCode, got  ([]), file ZipCode.csv:10331 data 31532
    regex_detector_test.go:84: Expected label ZipCode, got  ([]), file ZipCode.csv:10332 data 31533
    regex_detector_test.go:84: Expected label ZipCode, got  ([]), file ZipCode.csv:10333 data 31535
    regex_detector_test.go:84: Expected label ZipCode, got  ([]), file ZipCode.csv:10334 data 31537
    regex_detector_test.go:84: Expected label ZipCode, got  ([]), file ZipCode.csv:10335 data 31539
    regex_detector_test.go:84: Expected label ZipCode, got  ([]), file ZipCode.csv:10336 data 31542
    regex_detector_test.go:84: Expected label ZipCode, got  ([]), file ZipCode.csv:10337 data 31543
    regex_detector_test.go:84: Expected label ZipCode, got  ([]), file ZipCode.csv:10338 data 31544
    regex_detector_test.go:84: Expected label ZipCode, got  ([]), file ZipCode.csv:10339 data 31545
    regex_detector_test.go:84: Expected label ZipCode, got  ([]), file ZipCode.csv:10340 data 31546
    regex_detector_test.go:84: Expected label ZipCode, got  ([]), file ZipCode.csv:10341 data 31547
    regex_detector_test.go:84: Expected label ZipCode, got  ([]), file ZipCode.csv:10342 data 31548
    regex_detector_test.go:84: Expected label ZipCode, got  ([]), file ZipCode.csv:10343 data 31549
    regex_detector_test.go:84: Expected label ZipCode, got  ([]), file ZipCode.csv:10344 data 31550
    regex_detector_test.go:84: Expected label ZipCode, got  ([]), file ZipCode.csv:10345 data 31551
    regex_detector_test.go:84: Expected label ZipCode, got  ([]), file ZipCode.csv:10346 data 31552
    regex_detector_test.go:84: Expected label ZipCode, got  ([]), file ZipCode.csv:10347 data 31553
    regex_detector_test.go:84: Expected label ZipCode, got  ([]), file ZipCode.csv:10348 data 31554
    regex_detector_test.go:84: Expected label ZipCode, got  ([]), file ZipCode.csv:10349 data 31555
    regex_detector_test.go:84: Expected label ZipCode, got  ([]), file ZipCode.csv:10350 data 31556
    regex_detector_test.go:84: Expected label ZipCode, got  ([]), file ZipCode.csv:10351 data 31557
    regex_detector_test.go:84: Expected label ZipCode, got  ([]), file ZipCode.csv:10352 data 31558
    regex_detector_test.go:84: Expected label ZipCode, got  ([]), file ZipCode.csv:10353 data 31560
    regex_detector_test.go:84: Expected label ZipCode, got  ([]), file ZipCode.csv:10354 data 31561
    regex_detector_test.go:84: Expected label ZipCode, got  ([]), file ZipCode.csv:10355 data 31562
    regex_detector_test.go:84: Expected label ZipCode, got  ([]), file ZipCode.csv:10356 data 31563
    regex_detector_test.go:84: Expected label ZipCode, got  ([]), file ZipCode.csv:10357 data 31564
    regex_detector_test.go:84: Expected label ZipCode, got  ([]), file ZipCode.csv:10358 data 31565
    regex_detector_test.go:84: Expected label ZipCode, got  ([]), file ZipCode.csv:10359 data 31566
    regex_detector_test.go:84: Expected label ZipCode, got  ([]), file ZipCode.csv:10360 data 31567
    regex_detector_test.go:84: Expected label ZipCode, got  ([]), file ZipCode.csv:10361 data 31568
    regex_detector_test.go:84: Expected label ZipCode, got  ([]), file ZipCode.csv:10362 data 31569
    regex_detector_test.go:84: Expected label ZipCode, got  ([]), file ZipCode.csv:10363 data 31599
    regex_detector_test.go:84: Expected label ZipCode, got  ([]), file ZipCode.csv:10364 data 31601
    regex_detector_test.go:84: Expected label ZipCode, got  ([]), file ZipCode.csv:10365 data 31602
    regex_detector_test.go:84: Expected label ZipCode, got  ([]), file ZipCode.csv:10366 data 31605
    regex_detector_test.go:84: Expected label ZipCode, got  ([]), file ZipCode.csv:10367 data 31606
    regex_detector_test.go:84: Expected label ZipCode, got  ([]), file ZipCode.csv:10368 data 31620
    regex_detector_test.go:84: Expected label ZipCode, got  ([]), file ZipCode.csv:10369 data 31622
    regex_detector_test.go:84: Expected label ZipCode, got  ([]), file ZipCode.csv:10370 data 31623
    regex_detector_test.go:84: Expected label ZipCode, got  ([]), file ZipCode.csv:10371 data 31624
    regex_detector_test.go:84: Expected label ZipCode, got  ([]), file ZipCode.csv:10372 data 31625
    regex_detector_test.go:84: Expected label ZipCode, got  ([]), file ZipCode.csv:10373 data 31626
    regex_detector_test.go:84: Expected label ZipCode, got  ([]), file ZipCode.csv:10374 data 31627
    regex_detector_test.go:84: Expected label ZipCode, got  ([]), file ZipCode.csv:10375 data 31629
    regex_detector_test.go:84: Expected label ZipCode, got  ([]), file ZipCode.csv:10376 data 31630
    regex_detector_test.go:84: Expected label ZipCode, got  ([]), file ZipCode.csv:10377 data 31631
    regex_detector_test.go:84: Expected label ZipCode, got  ([]), file ZipCode.csv:10378 data 31632
    regex_detector_test.go:84: Expected label ZipCode, got  ([]), file ZipCode.csv:10379 data 31634
    regex_detector_test.go:84: Expected label ZipCode, got  ([]), file ZipCode.csv:10380 data 31635
    regex_detector_test.go:84: Expected label ZipCode, got  ([]), file ZipCode.csv:10381 data 31636
    regex_detector_test.go:84: Expected label ZipCode, got  ([]), file ZipCode.csv:10382 data 31637
    regex_detector_test.go:84: Expected label ZipCode, got  ([]), file ZipCode.csv:10383 data 31638
    regex_detector_test.go:84: Expected label ZipCode, got  ([]), file ZipCode.csv:10384 data 31639
    regex_detector_test.go:84: Expected label ZipCode, got  ([]), file ZipCode.csv:10385 data 31641
    regex_detector_test.go:84: Expected label ZipCode, got  ([]), file ZipCode.csv:10386 data 31642
    regex_detector_test.go:84: Expected label ZipCode, got  ([]), file ZipCode.csv:10387 data 31643
    regex_detector_test.go:84: Expected label ZipCode, got  ([]), file ZipCode.csv:10388 data 31645
    regex_detector_test.go:84: Expected label ZipCode, got  ([]), file ZipCode.csv:10389 data 31647
    regex_detector_test.go:84: Expected label ZipCode, got  ([]), file ZipCode.csv:10390 data 31648
    regex_detector_test.go:84: Expected label ZipCode, got  ([]), file ZipCode.csv:10391 data 31649
    regex_detector_test.go:84: Expected label ZipCode, got  ([]), file ZipCode.csv:10392 data 31650
    regex_detector_test.go:84: Expected label ZipCode, got  ([]), file ZipCode.csv:10393 data 31698
    regex_detector_test.go:84: Expected label ZipCode, got  ([]), file ZipCode.csv:10394 data 31699
    regex_detector_test.go:84: Expected label ZipCode, got  ([]), file ZipCode.csv:10395 data 31701
    regex_detector_test.go:84: Expected label ZipCode, got  ([]), file ZipCode.csv:10396 data 31704
    regex_detector_test.go:84: Expected label ZipCode, got  ([]), file ZipCode.csv:10397 data 31705
    regex_detector_test.go:84: Expected label ZipCode, got  ([]), file ZipCode.csv:10398 data 31707
    regex_detector_test.go:84: Expected label ZipCode, got  ([]), file ZipCode.csv:10399 data 31709
    regex_detector_test.go:84: Expected label ZipCode, got  ([]), file ZipCode.csv:10400 data 31711
    regex_detector_test.go:84: Expected label ZipCode, got  ([]), file ZipCode.csv:10401 data 31712
    regex_detector_test.go:84: Expected label ZipCode, got  ([]), file ZipCode.csv:10402 data 31714
    regex_detector_test.go:84: Expected label ZipCode, got  ([]), file ZipCode.csv:10403 data 31716
    regex_detector_test.go:84: Expected label ZipCode, got  ([]), file ZipCode.csv:10404 data 31719
    regex_detector_test.go:84: Expected label ZipCode, got  ([]), file ZipCode.csv:10405 data 31720
    regex_detector_test.go:84: Expected label ZipCode, got  ([]), file ZipCode.csv:10406 data 31721
    regex_detector_test.go:84: Expected label ZipCode, got  ([]), file ZipCode.csv:10407 data 31722
    regex_detector_test.go:84: Expected label ZipCode, got  ([]), file ZipCode.csv:10408 data 31727
    regex_detector_test.go:84: Expected label ZipCode, got  ([]), file ZipCode.csv:10409 data 31730
    regex_detector_test.go:84: Expected label ZipCode, got  ([]), file ZipCode.csv:10410 data 31733
    regex_detector_test.go:84: Expected label ZipCode, got  ([]), file ZipCode.csv:10411 data 31735
    regex_detector_test.go:84: Expected label ZipCode, got  ([]), file ZipCode.csv:10412 data 31738
    regex_detector_test.go:84: Expected label ZipCode, got  ([]), file ZipCode.csv:10413 data 31743
    regex_detector_test.go:84: Expected label ZipCode, got  ([]), file ZipCode.csv:10414 data 31744
    regex_detector_test.go:84: Expected label ZipCode, got  ([]), file ZipCode.csv:10415 data 31747
    regex_detector_test.go:84: Expected label ZipCode, got  ([]), file ZipCode.csv:10416 data 31749
    regex_detector_test.go:84: Expected label ZipCode, got  ([]), file ZipCode.csv:10417 data 31750
    regex_detector_test.go:84: Expected label ZipCode, got  ([]), file ZipCode.csv:10418 data 31753
    regex_detector_test.go:84: Expected label ZipCode, got  ([]), file ZipCode.csv:10419 data 31756
    regex_detector_test.go:84: Expected label ZipCode, got  ([]), file ZipCode.csv:10420 data 31757
    regex_detector_test.go:84: Expected label ZipCode, got  ([]), file ZipCode.csv:10421 data 31763
    regex_detector_test.go:84: Expected label ZipCode, got  ([]), file ZipCode.csv:10422 data 31764
    regex_detector_test.go:84: Expected label ZipCode, got  ([]), file ZipCode.csv:10423 data 31765
    regex_detector_test.go:84: Expected label ZipCode, got  ([]), file ZipCode.csv:10424 data 31768
    regex_detector_test.go:84: Expected label ZipCode, got  ([]), file ZipCode.csv:10425 data 31771
    regex_detector_test.go:84: Expected label ZipCode, got  ([]), file ZipCode.csv:10426 data 31772
    regex_detector_test.go:84: Expected label ZipCode, got  ([]), file ZipCode.csv:10427 data 31773
    regex_detector_test.go:84: Expected label ZipCode, got  ([]), file ZipCode.csv:10428 data 31774
    regex_detector_test.go:84: Expected label ZipCode, got  ([]), file ZipCode.csv:10429 data 31775
    regex_detector_test.go:84: Expected label ZipCode, got  ([]), file ZipCode.csv:10430 data 31778
    regex_detector_test.go:84: Expected label ZipCode, got  ([]), file ZipCode.csv:10431 data 31779
    regex_detector_test.go:84: Expected label ZipCode, got  ([]), file ZipCode.csv:10432 data 31780
    regex_detector_test.go:84: Expected label ZipCode, got  ([]), file ZipCode.csv:10433 data 31781
    regex_detector_test.go:84: Expected label ZipCode, got  ([]), file ZipCode.csv:10434 data 31783
    regex_detector_test.go:84: Expected label ZipCode, got  ([]), file ZipCode.csv:10435 data 31784
    regex_detector_test.go:84: Expected label ZipCode, got  ([]), file ZipCode.csv:10436 data 31787
    regex_detector_test.go:84: Expected label ZipCode, got  ([]), file ZipCode.csv:10437 data 31788
    regex_detector_test.go:84: Expected label ZipCode, got  ([]), file ZipCode.csv:10438 data 31789
    regex_detector_test.go:84: Expected label ZipCode, got  ([]), file ZipCode.csv:10439 data 31790
    regex_detector_test.go:84: Expected label ZipCode, got  ([]), file ZipCode.csv:10440 data 31791
    regex_detector_test.go:84: Expected label ZipCode, got  ([]), file ZipCode.csv:10441 data 31792
    regex_detector_test.go:84: Expected label ZipCode, got  ([]), file ZipCode.csv:10442 data 31793
    regex_detector_test.go:84: Expected label ZipCode, got  ([]), file ZipCode.csv:10443 data 31794
    regex_detector_test.go:84: Expected label ZipCode, got  ([]), file ZipCode.csv:10444 data 31795
    regex_detector_test.go:84: Expected label ZipCode, got  ([]), file ZipCode.csv:10445 data 31796
    regex_detector_test.go:84: Expected label ZipCode, got  ([]), file ZipCode.csv:10446 data 31798
    regex_detector_test.go:84: Expected label ZipCode, got  ([]), file ZipCode.csv:10447 data 31801
    regex_detector_test.go:84: Expected label ZipCode, got  ([]), file ZipCode.csv:10448 data 31803
    regex_detector_test.go:84: Expected label ZipCode, got  ([]), file ZipCode.csv:10449 data 31804
    regex_detector_test.go:84: Expected label ZipCode, got  ([]), file ZipCode.csv:10450 data 31805
    regex_detector_test.go:84: Expected label ZipCode, got  ([]), file ZipCode.csv:10451 data 31806
    regex_detector_test.go:84: Expected label ZipCode, got  ([]), file ZipCode.csv:10452 data 31807
    regex_detector_test.go:84: Expected label ZipCode, got  ([]), file ZipCode.csv:10453 data 31808
    regex_detector_test.go:84: Expected label ZipCode, got  ([]), file ZipCode.csv:10454 data 31810
    regex_detector_test.go:84: Expected label ZipCode, got  ([]), file ZipCode.csv:10455 data 31811
    regex_detector_test.go:84: Expected label ZipCode, got  ([]), file ZipCode.csv:10456 data 31812
    regex_detector_test.go:84: Expected label ZipCode, got  ([]), file ZipCode.csv:10457 data 31814
    regex_detector_test.go:84: Expected label ZipCode, got  ([]), file ZipCode.csv:10458 data 31815
    regex_detector_test.go:84: Expected label ZipCode, got  ([]), file ZipCode.csv:10459 data 31816
    regex_detector_test.go:84: Expected label ZipCode, got  ([]), file ZipCode.csv:10460 data 31820
    regex_detector_test.go:84: Expected label ZipCode, got  ([]), file ZipCode.csv:10461 data 31821
    regex_detector_test.go:84: Expected label ZipCode, got  ([]), file ZipCode.csv:10462 data 31822
    regex_detector_test.go:84: Expected label ZipCode, got  ([]), file ZipCode.csv:10463 data 31823
    regex_detector_test.go:84: Expected label ZipCode, got  ([]), file ZipCode.csv:10464 data 31824
    regex_detector_test.go:84: Expected label ZipCode, got  ([]), file ZipCode.csv:10465 data 31825
    regex_detector_test.go:84: Expected label ZipCode, got  ([]), file ZipCode.csv:10466 data 31826
    regex_detector_test.go:84: Expected label ZipCode, got  ([]), file ZipCode.csv:10467 data 31827
    regex_detector_test.go:84: Expected label ZipCode, got  ([]), file ZipCode.csv:10468 data 31829
    regex_detector_test.go:84: Expected label ZipCode, got  ([]), file ZipCode.csv:10469 data 31830
    regex_detector_test.go:84: Expected label ZipCode, got  ([]), file ZipCode.csv:10470 data 31831
    regex_detector_test.go:84: Expected label ZipCode, got  ([]), file ZipCode.csv:10471 data 31832
    regex_detector_test.go:84: Expected label ZipCode, got  ([]), file ZipCode.csv:10472 data 31833
    regex_detector_test.go:84: Expected label ZipCode, got  ([]), file ZipCode.csv:10473 data 31836
    regex_detector_test.go:84: Expected label ZipCode, got  ([]), file ZipCode.csv:10474 data 31901
    regex_detector_test.go:84: Expected label ZipCode, got  ([]), file ZipCode.csv:10475 data 31903
    regex_detector_test.go:84: Expected label ZipCode, got  ([]), file ZipCode.csv:10476 data 31904
    regex_detector_test.go:84: Expected label ZipCode, got  ([]), file ZipCode.csv:10477 data 31905
    regex_detector_test.go:84: Expected label ZipCode, got  ([]), file ZipCode.csv:10478 data 31906
    regex_detector_test.go:84: Expected label ZipCode, got  ([]), file ZipCode.csv:10479 data 31907
    regex_detector_test.go:84: Expected label ZipCode, got  ([]), file ZipCode.csv:10480 data 31909
    regex_detector_test.go:84: Expected label ZipCode, got  ([]), file ZipCode.csv:10481 data 32003
    regex_detector_test.go:84: Expected label ZipCode, got  ([]), file ZipCode.csv:10482 data 32008
    regex_detector_test.go:84: Expected label ZipCode, got  ([]), file ZipCode.csv:10483 data 32009
    regex_detector_test.go:84: Expected label ZipCode, got  ([]), file ZipCode.csv:10484 data 32011
    regex_detector_test.go:84: Expected label ZipCode, got  ([]), file ZipCode.csv:10485 data 32013
    regex_detector_test.go:84: Expected label ZipCode, got  ([]), file ZipCode.csv:10486 data 32024
    regex_detector_test.go:84: Expected label ZipCode, got  ([]), file ZipCode.csv:10487 data 32025
    regex_detector_test.go:84: Expected label ZipCode, got  ([]), file ZipCode.csv:10488 data 32033
    regex_detector_test.go:84: Expected label ZipCode, got  ([]), file ZipCode.csv:10489 data 32034
    regex_detector_test.go:84: Expected label ZipCode, got  ([]), file ZipCode.csv:10490 data 32038
    regex_detector_test.go:84: Expected label ZipCode, got  ([]), file ZipCode.csv:10491 data 32040
    regex_detector_test.go:84: Expected label ZipCode, got  ([]), file ZipCode.csv:10492 data 32043
    regex_detector_test.go:84: Expected label ZipCode, got  ([]), file ZipCode.csv:10493 data 32044
    regex_detector_test.go:84: Expected label ZipCode, got  ([]), file ZipCode.csv:10494 data 32046
    regex_detector_test.go:84: Expected label ZipCode, got  ([]), file ZipCode.csv:10495 data 32052
    regex_detector_test.go:84: Expected label ZipCode, got  ([]), file ZipCode.csv:10496 data 32053
    regex_detector_test.go:84: Expected label ZipCode, got  ([]), file ZipCode.csv:10497 data 32054
    regex_detector_test.go:84: Expected label ZipCode, got  ([]), file ZipCode.csv:10498 data 32055
    regex_detector_test.go:84: Expected label ZipCode, got  ([]), file ZipCode.csv:10499 data 32058
    regex_detector_test.go:84: Expected label ZipCode, got  ([]), file ZipCode.csv:10500 data 32059
    regex_detector_test.go:84: Expected label ZipCode, got  ([]), file ZipCode.csv:10501 data 32060
    regex_detector_test.go:84: Expected label ZipCode, got  ([]), file ZipCode.csv:10502 data 32061
    regex_detector_test.go:84: Expected label ZipCode, got  ([]), file ZipCode.csv:10503 data 32062
    regex_detector_test.go:84: Expected label ZipCode, got  ([]), file ZipCode.csv:10504 data 32063
    regex_detector_test.go:84: Expected label ZipCode, got  ([]), file ZipCode.csv:10505 data 32064
    regex_detector_test.go:84: Expected label ZipCode, got  ([]), file ZipCode.csv:10506 data 32065
    regex_detector_test.go:84: Expected label ZipCode, got  ([]), file ZipCode.csv:10507 data 32066
    regex_detector_test.go:84: Expected label ZipCode, got  ([]), file ZipCode.csv:10508 data 32068
    regex_detector_test.go:84: Expected label ZipCode, got  ([]), file ZipCode.csv:10509 data 32071
    regex_detector_test.go:84: Expected label ZipCode, got  ([]), file ZipCode.csv:10510 data 32073
    regex_detector_test.go:84: Expected label ZipCode, got  ([]), file ZipCode.csv:10511 data 32079
    regex_detector_test.go:84: Expected label ZipCode, got  ([]), file ZipCode.csv:10512 data 32080
    regex_detector_test.go:84: Expected label ZipCode, got  ([]), file ZipCode.csv:10513 data 32081
    regex_detector_test.go:84: Expected label ZipCode, got  ([]), file ZipCode.csv:10514 data 32082
    regex_detector_test.go:84: Expected label ZipCode, got  ([]), file ZipCode.csv:10515 data 32083
    regex_detector_test.go:84: Expected label ZipCode, got  ([]), file ZipCode.csv:10516 data 32084
    regex_detector_test.go:84: Expected label ZipCode, got  ([]), file ZipCode.csv:10517 data 32086
    regex_detector_test.go:84: Expected label ZipCode, got  ([]), file ZipCode.csv:10518 data 32087
    regex_detector_test.go:84: Expected label ZipCode, got  ([]), file ZipCode.csv:10519 data 32091
    regex_detector_test.go:84: Expected label ZipCode, got  ([]), file ZipCode.csv:10520 data 32092
    regex_detector_test.go:84: Expected label ZipCode, got  ([]), file ZipCode.csv:10521 data 32094
    regex_detector_test.go:84: Expected label ZipCode, got  ([]), file ZipCode.csv:10522 data 32095
    regex_detector_test.go:84: Expected label ZipCode, got  ([]), file ZipCode.csv:10523 data 32096
    regex_detector_test.go:84: Expected label ZipCode, got  ([]), file ZipCode.csv:10524 data 32097
    regex_detector_test.go:84: Expected label ZipCode, got  ([]), file ZipCode.csv:10525 data 32102
    regex_detector_test.go:84: Expected label ZipCode, got  ([]), file ZipCode.csv:10526 data 32110
    regex_detector_test.go:84: Expected label ZipCode, got  ([]), file ZipCode.csv:10527 data 32112
    regex_detector_test.go:84: Expected label ZipCode, got  ([]), file ZipCode.csv:10528 data 32113
    regex_detector_test.go:84: Expected label ZipCode, got  ([]), file ZipCode.csv:10529 data 32114
    regex_detector_test.go:84: Expected label ZipCode, got  ([]), file ZipCode.csv:10530 data 32117
    regex_detector_test.go:84: Expected label ZipCode, got  ([]), file ZipCode.csv:10531 data 32118
    regex_detector_test.go:84: Expected label ZipCode, got  ([]), file ZipCode.csv:10532 data 32119
    regex_detector_test.go:84: Expected label ZipCode, got  ([]), file ZipCode.csv:10533 data 32124
    regex_detector_test.go:84: Expected label ZipCode, got  ([]), file ZipCode.csv:10534 data 32127
    regex_detector_test.go:84: Expected label ZipCode, got  ([]), file ZipCode.csv:10535 data 32128
    regex_detector_test.go:84: Expected label ZipCode, got  ([]), file ZipCode.csv:10536 data 32129
    regex_detector_test.go:84: Expected label ZipCode, got  ([]), file ZipCode.csv:10537 data 32130
    regex_detector_test.go:84: Expected label ZipCode, got  ([]), file ZipCode.csv:10538 data 32131
    regex_detector_test.go:84: Expected label ZipCode, got  ([]), file ZipCode.csv:10539 data 32132
    regex_detector_test.go:84: Expected label ZipCode, got  ([]), file ZipCode.csv:10540 data 32133
    regex_detector_test.go:84: Expected label ZipCode, got  ([]), file ZipCode.csv:10541 data 32134
    regex_detector_test.go:84: Expected label ZipCode, got  ([]), file ZipCode.csv:10542 data 32136
    regex_detector_test.go:84: Expected label ZipCode, got  ([]), file ZipCode.csv:10543 data 32137
    regex_detector_test.go:84: Expected label ZipCode, got  ([]), file ZipCode.csv:10544 data 32139
    regex_detector_test.go:84: Expected label ZipCode, got  ([]), file ZipCode.csv:10545 data 32140
    regex_detector_test.go:84: Expected label ZipCode, got  ([]), file ZipCode.csv:10546 data 32141
    regex_detector_test.go:84: Expected label ZipCode, got  ([]), file ZipCode.csv:10547 data 32145
    regex_detector_test.go:84: Expected label ZipCode, got  ([]), file ZipCode.csv:10548 data 32147
    regex_detector_test.go:84: Expected label ZipCode, got  ([]), file ZipCode.csv:10549 data 32148
    regex_detector_test.go:84: Expected label ZipCode, got  ([]), file ZipCode.csv:10550 data 32157
    regex_detector_test.go:84: Expected label ZipCode, got  ([]), file ZipCode.csv:10551 data 32159
    regex_detector_test.go:84: Expected label ZipCode, got  ([]), file ZipCode.csv:10552 data 32162
    regex_detector_test.go:84: Expected label ZipCode, got  ([]), file ZipCode.csv:10553 data 32163
    regex_detector_test.go:84: Expected label ZipCode, got  ([]), file ZipCode.csv:10554 data 32164
    regex_detector_test.go:84: Expected label ZipCode, got  ([]), file ZipCode.csv:10555 data 32168
    regex_detector_test.go:84: Expected label ZipCode, got  ([]), file ZipCode.csv:10556 data 32169
    regex_detector_test.go:84: Expected label ZipCode, got  ([]), file ZipCode.csv:10557 data 32174
    regex_detector_test.go:84: Expected label ZipCode, got  ([]), file ZipCode.csv:10558 data 32176
    regex_detector_test.go:84: Expected label ZipCode, got  ([]), file ZipCode.csv:10559 data 32177
    regex_detector_test.go:84: Expected label ZipCode, got  ([]), file ZipCode.csv:10560 data 32179
    regex_detector_test.go:84: Expected label ZipCode, got  ([]), file ZipCode.csv:10561 data 32180
    regex_detector_test.go:84: Expected label ZipCode, got  ([]), file ZipCode.csv:10562 data 32181
    regex_detector_test.go:84: Expected label ZipCode, got  ([]), file ZipCode.csv:10563 data 32182
    regex_detector_test.go:84: Expected label ZipCode, got  ([]), file ZipCode.csv:10564 data 32187
    regex_detector_test.go:84: Expected label ZipCode, got  ([]), file ZipCode.csv:10565 data 32189
    regex_detector_test.go:84: Expected label ZipCode, got  ([]), file ZipCode.csv:10566 data 32190
    regex_detector_test.go:84: Expected label ZipCode, got  ([]), file ZipCode.csv:10567 data 32192
    regex_detector_test.go:84: Expected label ZipCode, got  ([]), file ZipCode.csv:10568 data 32193
    regex_detector_test.go:84: Expected label ZipCode, got  ([]), file ZipCode.csv:10569 data 32195
    regex_detector_test.go:84: Expected label ZipCode, got  ([]), file ZipCode.csv:10570 data 32202
    regex_detector_test.go:84: Expected label ZipCode, got  ([]), file ZipCode.csv:10571 data 32203
    regex_detector_test.go:84: Expected label ZipCode, got  ([]), file ZipCode.csv:10572 data 32204
    regex_detector_test.go:84: Expected label ZipCode, got  ([]), file ZipCode.csv:10573 data 32205
    regex_detector_test.go:84: Expected label ZipCode, got  ([]), file ZipCode.csv:10574 data 32206
    regex_detector_test.go:84: Expected label ZipCode, got  ([]), file ZipCode.csv:10575 data 32207
    regex_detector_test.go:84: Expected label ZipCode, got  ([]), file ZipCode.csv:10576 data 32208
    regex_detector_test.go:84: Expected label ZipCode, got  ([]), file ZipCode.csv:10577 data 32209
    regex_detector_test.go:84: Expected label ZipCode, got  ([]), file ZipCode.csv:10578 data 32210
    regex_detector_test.go:84: Expected label ZipCode, got  ([]), file ZipCode.csv:10579 data 32211
    regex_detector_test.go:84: Expected label ZipCode, got  ([]), file ZipCode.csv:10580 data 32212
    regex_detector_test.go:84: Expected label ZipCode, got  ([]), file ZipCode.csv:10581 data 32214
    regex_detector_test.go:84: Expected label ZipCode, got  ([]), file ZipCode.csv:10582 data 32216
    regex_detector_test.go:84: Expected label ZipCode, got  ([]), file ZipCode.csv:10583 data 32217
    regex_detector_test.go:84: Expected label ZipCode, got  ([]), file ZipCode.csv:10584 data 32218
    regex_detector_test.go:84: Expected label ZipCode, got  ([]), file ZipCode.csv:10585 data 32219
    regex_detector_test.go:84: Expected label ZipCode, got  ([]), file ZipCode.csv:10586 data 32220
    regex_detector_test.go:84: Expected label ZipCode, got  ([]), file ZipCode.csv:10587 data 32221
    regex_detector_test.go:84: Expected label ZipCode, got  ([]), file ZipCode.csv:10588 data 32222
    regex_detector_test.go:84: Expected label ZipCode, got  ([]), file ZipCode.csv:10589 data 32223
    regex_detector_test.go:84: Expected label ZipCode, got  ([]), file ZipCode.csv:10590 data 32224
    regex_detector_test.go:84: Expected label ZipCode, got  ([]), file ZipCode.csv:10591 data 32225
    regex_detector_test.go:84: Expected label ZipCode, got  ([]), file ZipCode.csv:10592 data 32226
    regex_detector_test.go:84: Expected label ZipCode, got  ([]), file ZipCode.csv:10593 data 32227
    regex_detector_test.go:84: Expected label ZipCode, got  ([]), file ZipCode.csv:10594 data 32228
    regex_detector_test.go:84: Expected label ZipCode, got  ([]), file ZipCode.csv:10595 data 32233
    regex_detector_test.go:84: Expected label ZipCode, got  ([]), file ZipCode.csv:10596 data 32234
    regex_detector_test.go:84: Expected label ZipCode, got  ([]), file ZipCode.csv:10597 data 32244
    regex_detector_test.go:84: Expected label ZipCode, got  ([]), file ZipCode.csv:10598 data 32246
    regex_detector_test.go:84: Expected label ZipCode, got  ([]), file ZipCode.csv:10599 data 32250
    regex_detector_test.go:84: Expected label ZipCode, got  ([]), file ZipCode.csv:10600 data 32254
    regex_detector_test.go:84: Expected label ZipCode, got  ([]), file ZipCode.csv:10601 data 32256
    regex_detector_test.go:84: Expected label ZipCode, got  ([]), file ZipCode.csv:10602 data 32257
    regex_detector_test.go:84: Expected label ZipCode, got  ([]), file ZipCode.csv:10603 data 32258
    regex_detector_test.go:84: Expected label ZipCode, got  ([]), file ZipCode.csv:10604 data 32259
    regex_detector_test.go:84: Expected label ZipCode, got  ([]), file ZipCode.csv:10605 data 32266
    regex_detector_test.go:84: Expected label ZipCode, got  ([]), file ZipCode.csv:10606 data 32277
    regex_detector_test.go:84: Expected label ZipCode, got  ([]), file ZipCode.csv:10607 data 32301
    regex_detector_test.go:84: Expected label ZipCode, got  ([]), file ZipCode.csv:10608 data 32303
    regex_detector_test.go:84: Expected label ZipCode, got  ([]), file ZipCode.csv:10609 data 32304
    regex_detector_test.go:84: Expected label ZipCode, got  ([]), file ZipCode.csv:10610 data 32305
    regex_detector_test.go:84: Expected label ZipCode, got  ([]), file ZipCode.csv:10611 data 32306
    regex_detector_test.go:84: Expected label ZipCode, got  ([]), file ZipCode.csv:10612 data 32307
    regex_detector_test.go:84: Expected label ZipCode, got  ([]), file ZipCode.csv:10613 data 32308
    regex_detector_test.go:84: Expected label ZipCode, got  ([]), file ZipCode.csv:10614 data 32309
    regex_detector_test.go:84: Expected label ZipCode, got  ([]), file ZipCode.csv:10615 data 32310
    regex_detector_test.go:84: Expected label ZipCode, got  ([]), file ZipCode.csv:10616 data 32311
    regex_detector_test.go:84: Expected label ZipCode, got  ([]), file ZipCode.csv:10617 data 32312
    regex_detector_test.go:84: Expected label ZipCode, got  ([]), file ZipCode.csv:10618 data 32313
    regex_detector_test.go:84: Expected label ZipCode, got  ([]), file ZipCode.csv:10619 data 32317
    regex_detector_test.go:84: Expected label ZipCode, got  ([]), file ZipCode.csv:10620 data 32320
    regex_detector_test.go:84: Expected label ZipCode, got  ([]), file ZipCode.csv:10621 data 32321
    regex_detector_test.go:84: Expected label ZipCode, got  ([]), file ZipCode.csv:10622 data 32322
    regex_detector_test.go:84: Expected label ZipCode, got  ([]), file ZipCode.csv:10623 data 32323
    regex_detector_test.go:84: Expected label ZipCode, got  ([]), file ZipCode.csv:10624 data 32324
    regex_detector_test.go:84: Expected label ZipCode, got  ([]), file ZipCode.csv:10625 data 32327
    regex_detector_test.go:84: Expected label ZipCode, got  ([]), file ZipCode.csv:10626 data 32328
    regex_detector_test.go:84: Expected label ZipCode, got  ([]), file ZipCode.csv:10627 data 32330
    regex_detector_test.go:84: Expected label ZipCode, got  ([]), file ZipCode.csv:10628 data 32331
    regex_detector_test.go:84: Expected label ZipCode, got  ([]), file ZipCode.csv:10629 data 32332
    regex_detector_test.go:84: Expected label ZipCode, got  ([]), file ZipCode.csv:10630 data 32333
    regex_detector_test.go:84: Expected label ZipCode, got  ([]), file ZipCode.csv:10631 data 32334
    regex_detector_test.go:84: Expected label ZipCode, got  ([]), file ZipCode.csv:10632 data 32336
    regex_detector_test.go:84: Expected label ZipCode, got  ([]), file ZipCode.csv:10633 data 32337
    regex_detector_test.go:84: Expected label ZipCode, got  ([]), file ZipCode.csv:10634 data 32340
    regex_detector_test.go:84: Expected label ZipCode, got  ([]), file ZipCode.csv:10635 data 32343
    regex_detector_test.go:84: Expected label ZipCode, got  ([]), file ZipCode.csv:10636 data 32344
    regex_detector_test.go:84: Expected label ZipCode, got  ([]), file ZipCode.csv:10637 data 32346
    regex_detector_test.go:84: Expected label ZipCode, got  ([]), file ZipCode.csv:10638 data 32347
    regex_detector_test.go:84: Expected label ZipCode, got  ([]), file ZipCode.csv:10639 data 32348
    regex_detector_test.go:84: Expected label ZipCode, got  ([]), file ZipCode.csv:10640 data 32350
    regex_detector_test.go:84: Expected label ZipCode, got  ([]), file ZipCode.csv:10641 data 32351
    regex_detector_test.go:84: Expected label ZipCode, got  ([]), file ZipCode.csv:10642 data 32352
    regex_detector_test.go:84: Expected label ZipCode, got  ([]), file ZipCode.csv:10643 data 32355
    regex_detector_test.go:84: Expected label ZipCode, got  ([]), file ZipCode.csv:10644 data 32356
    regex_detector_test.go:84: Expected label ZipCode, got  ([]), file ZipCode.csv:10645 data 32358
    regex_detector_test.go:84: Expected label ZipCode, got  ([]), file ZipCode.csv:10646 data 32359
    regex_detector_test.go:84: Expected label ZipCode, got  ([]), file ZipCode.csv:10647 data 32360
    regex_detector_test.go:84: Expected label ZipCode, got  ([]), file ZipCode.csv:10648 data 32361
    regex_detector_test.go:84: Expected label ZipCode, got  ([]), file ZipCode.csv:10649 data 32399
    regex_detector_test.go:84: Expected label ZipCode, got  ([]), file ZipCode.csv:10650 data 32401
    regex_detector_test.go:84: Expected label ZipCode, got  ([]), file ZipCode.csv:10651 data 32403
    regex_detector_test.go:84: Expected label ZipCode, got  ([]), file ZipCode.csv:10652 data 32404
    regex_detector_test.go:84: Expected label ZipCode, got  ([]), file ZipCode.csv:10653 data 32405
    regex_detector_test.go:84: Expected label ZipCode, got  ([]), file ZipCode.csv:10654 data 32407
    regex_detector_test.go:84: Expected label ZipCode, got  ([]), file ZipCode.csv:10655 data 32408
    regex_detector_test.go:84: Expected label ZipCode, got  ([]), file ZipCode.csv:10656 data 32409
    regex_detector_test.go:84: Expected label ZipCode, got  ([]), file ZipCode.csv:10657 data 32410
    regex_detector_test.go:84: Expected label ZipCode, got  ([]), file ZipCode.csv:10658 data 32413
    regex_detector_test.go:84: Expected label ZipCode, got  ([]), file ZipCode.csv:10659 data 32420
    regex_detector_test.go:84: Expected label ZipCode, got  ([]), file ZipCode.csv:10660 data 32421
    regex_detector_test.go:84: Expected label ZipCode, got  ([]), file ZipCode.csv:10661 data 32423
    regex_detector_test.go:84: Expected label ZipCode, got  ([]), file ZipCode.csv:10662 data 32424
    regex_detector_test.go:84: Expected label ZipCode, got  ([]), file ZipCode.csv:10663 data 32425
    regex_detector_test.go:84: Expected label ZipCode, got  ([]), file ZipCode.csv:10664 data 32426
    regex_detector_test.go:84: Expected label ZipCode, got  ([]), file ZipCode.csv:10665 data 32427
    regex_detector_test.go:84: Expected label ZipCode, got  ([]), file ZipCode.csv:10666 data 32428
    regex_detector_test.go:84: Expected label ZipCode, got  ([]), file ZipCode.csv:10667 data 32430
    regex_detector_test.go:84: Expected label ZipCode, got  ([]), file ZipCode.csv:10668 data 32431
    regex_detector_test.go:84: Expected label ZipCode, got  ([]), file ZipCode.csv:10669 data 32432
    regex_detector_test.go:84: Expected label ZipCode, got  ([]), file ZipCode.csv:10670 data 32433
    regex_detector_test.go:84: Expected label ZipCode, got  ([]), file ZipCode.csv:10671 data 32435
    regex_detector_test.go:84: Expected label ZipCode, got  ([]), file ZipCode.csv:10672 data 32437
    regex_detector_test.go:84: Expected label ZipCode, got  ([]), file ZipCode.csv:10673 data 32438
    regex_detector_test.go:84: Expected label ZipCode, got  ([]), file ZipCode.csv:10674 data 32439
    regex_detector_test.go:84: Expected label ZipCode, got  ([]), file ZipCode.csv:10675 data 32440
    regex_detector_test.go:84: Expected label ZipCode, got  ([]), file ZipCode.csv:10676 data 32442
    regex_detector_test.go:84: Expected label ZipCode, got  ([]), file ZipCode.csv:10677 data 32443
    regex_detector_test.go:84: Expected label ZipCode, got  ([]), file ZipCode.csv:10678 data 32444
    regex_detector_test.go:84: Expected label ZipCode, got  ([]), file ZipCode.csv:10679 data 32445
    regex_detector_test.go:84: Expected label ZipCode, got  ([]), file ZipCode.csv:10680 data 32446
    regex_detector_test.go:84: Expected label ZipCode, got  ([]), file ZipCode.csv:10681 data 32448
    regex_detector_test.go:84: Expected label ZipCode, got  ([]), file ZipCode.csv:10682 data 32449
    regex_detector_test.go:84: Expected label ZipCode, got  ([]), file ZipCode.csv:10683 data 32455
    regex_detector_test.go:84: Expected label ZipCode, got  ([]), file ZipCode.csv:10684 data 32456
    regex_detector_test.go:84: Expected label ZipCode, got  ([]), file ZipCode.csv:10685 data 32459
    regex_detector_test.go:84: Expected label ZipCode, got  ([]), file ZipCode.csv:10686 data 32460
    regex_detector_test.go:84: Expected label ZipCode, got  ([]), file ZipCode.csv:10687 data 32461
    regex_detector_test.go:84: Expected label ZipCode, got  ([]), file ZipCode.csv:10688 data 32462
    regex_detector_test.go:84: Expected label ZipCode, got  ([]), file ZipCode.csv:10689 data 32463
    regex_detector_test.go:84: Expected label ZipCode, got  ([]), file ZipCode.csv:10690 data 32464
    regex_detector_test.go:84: Expected label ZipCode, got  ([]), file ZipCode.csv:10691 data 32465
    regex_detector_test.go:84: Expected label ZipCode, got  ([]), file ZipCode.csv:10692 data 32466
    regex_detector_test.go:84: Expected label ZipCode, got  ([]), file ZipCode.csv:10693 data 32501
    regex_detector_test.go:84: Expected label ZipCode, got  ([]), file ZipCode.csv:10694 data 32502
    regex_detector_test.go:84: Expected label ZipCode, got  ([]), file ZipCode.csv:10695 data 32503
    regex_detector_test.go:84: Expected label ZipCode, got  ([]), file ZipCode.csv:10696 data 32504
    regex_detector_test.go:84: Expected label ZipCode, got  ([]), file ZipCode.csv:10697 data 32505
    regex_detector_test.go:84: Expected label ZipCode, got  ([]), file ZipCode.csv:10698 data 32506
    regex_detector_test.go:84: Expected label ZipCode, got  ([]), file ZipCode.csv:10699 data 32507
    regex_detector_test.go:84: Expected label ZipCode, got  ([]), file ZipCode.csv:10700 data 32508
    regex_detector_test.go:84: Expected label ZipCode, got  ([]), file ZipCode.csv:10701 data 32509
    regex_detector_test.go:84: Expected label ZipCode, got  ([]), file ZipCode.csv:10702 data 32511
    regex_detector_test.go:84: Expected label ZipCode, got  ([]), file ZipCode.csv:10703 data 32512
    regex_detector_test.go:84: Expected label ZipCode, got  ([]), file ZipCode.csv:10704 data 32514
    regex_detector_test.go:84: Expected label ZipCode, got  ([]), file ZipCode.csv:10705 data 32526
    regex_detector_test.go:84: Expected label ZipCode, got  ([]), file ZipCode.csv:10706 data 32530
    regex_detector_test.go:84: Expected label ZipCode, got  ([]), file ZipCode.csv:10707 data 32531
    regex_detector_test.go:84: Expected label ZipCode, got  ([]), file ZipCode.csv:10708 data 32533
    regex_detector_test.go:84: Expected label ZipCode, got  ([]), file ZipCode.csv:10709 data 32534
    regex_detector_test.go:84: Expected label ZipCode, got  ([]), file ZipCode.csv:10710 data 32535
    regex_detector_test.go:84: Expected label ZipCode, got  ([]), file ZipCode.csv:10711 data 32536
    regex_detector_test.go:84: Expected label ZipCode, got  ([]), file ZipCode.csv:10712 data 32539
    regex_detector_test.go:84: Expected label ZipCode, got  ([]), file ZipCode.csv:10713 data 32541
    regex_detector_test.go:84: Expected label ZipCode, got  ([]), file ZipCode.csv:10714 data 32542
    regex_detector_test.go:84: Expected label ZipCode, got  ([]), file ZipCode.csv:10715 data 32544
    regex_detector_test.go:84: Expected label ZipCode, got  ([]), file ZipCode.csv:10716 data 32547
    regex_detector_test.go:84: Expected label ZipCode, got  ([]), file ZipCode.csv:10717 data 32548
    regex_detector_test.go:84: Expected label ZipCode, got  ([]), file ZipCode.csv:10718 data 32550
    regex_detector_test.go:84: Expected label ZipCode, got  ([]), file ZipCode.csv:10719 data 32561
    regex_detector_test.go:84: Expected label ZipCode, got  ([]), file ZipCode.csv:10720 data 32563
    regex_detector_test.go:84: Expected label ZipCode, got  ([]), file ZipCode.csv:10721 data 32564
    regex_detector_test.go:84: Expected label ZipCode, got  ([]), file ZipCode.csv:10722 data 32565
    regex_detector_test.go:84: Expected label ZipCode, got  ([]), file ZipCode.csv:10723 data 32566
    regex_detector_test.go:84: Expected label ZipCode, got  ([]), file ZipCode.csv:10724 data 32567
    regex_detector_test.go:84: Expected label ZipCode, got  ([]), file ZipCode.csv:10725 data 32568
    regex_detector_test.go:84: Expected label ZipCode, got  ([]), file ZipCode.csv:10726 data 32569
    regex_detector_test.go:84: Expected label ZipCode, got  ([]), file ZipCode.csv:10727 data 32570
    regex_detector_test.go:84: Expected label ZipCode, got  ([]), file ZipCode.csv:10728 data 32571
    regex_detector_test.go:84: Expected label ZipCode, got  ([]), file ZipCode.csv:10729 data 32577
    regex_detector_test.go:84: Expected label ZipCode, got  ([]), file ZipCode.csv:10730 data 32578
    regex_detector_test.go:84: Expected label ZipCode, got  ([]), file ZipCode.csv:10731 data 32579
    regex_detector_test.go:84: Expected label ZipCode, got  ([]), file ZipCode.csv:10732 data 32580
    regex_detector_test.go:84: Expected label ZipCode, got  ([]), file ZipCode.csv:10733 data 32583
    regex_detector_test.go:84: Expected label ZipCode, got  ([]), file ZipCode.csv:10734 data 32601
    regex_detector_test.go:84: Expected label ZipCode, got  ([]), file ZipCode.csv:10735 data 32603
    regex_detector_test.go:84: Expected label ZipCode, got  ([]), file ZipCode.csv:10736 data 32605
    regex_detector_test.go:84: Expected label ZipCode, got  ([]), file ZipCode.csv:10737 data 32606
    regex_detector_test.go:84: Expected label ZipCode, got  ([]), file ZipCode.csv:10738 data 32607
    regex_detector_test.go:84: Expected label ZipCode, got  ([]), file ZipCode.csv:10739 data 32608
    regex_detector_test.go:84: Expected label ZipCode, got  ([]), file ZipCode.csv:10740 data 32609
    regex_detector_test.go:84: Expected label ZipCode, got  ([]), file ZipCode.csv:10741 data 32610
    regex_detector_test.go:84: Expected label ZipCode, got  ([]), file ZipCode.csv:10742 data 32612
    regex_detector_test.go:84: Expected label ZipCode, got  ([]), file ZipCode.csv:10743 data 32615
    regex_detector_test.go:84: Expected label ZipCode, got  ([]), file ZipCode.csv:10744 data 32616
    regex_detector_test.go:84: Expected label ZipCode, got  ([]), file ZipCode.csv:10745 data 32617
    regex_detector_test.go:84: Expected label ZipCode, got  ([]), file ZipCode.csv:10746 data 32618
    regex_detector_test.go:84: Expected label ZipCode, got  ([]), file ZipCode.csv:10747 data 32619
    regex_detector_test.go:84: Expected label ZipCode, got  ([]), file ZipCode.csv:10748 data 32621
    regex_detector_test.go:84: Expected label ZipCode, got  ([]), file ZipCode.csv:10749 data 32622
    regex_detector_test.go:84: Expected label ZipCode, got  ([]), file ZipCode.csv:10750 data 32625
    regex_detector_test.go:84: Expected label ZipCode, got  ([]), file ZipCode.csv:10751 data 32626
    regex_detector_test.go:84: Expected label ZipCode, got  ([]), file ZipCode.csv:10752 data 32628
    regex_detector_test.go:84: Expected label ZipCode, got  ([]), file ZipCode.csv:10753 data 32631
    regex_detector_test.go:84: Expected label ZipCode, got  ([]), file ZipCode.csv:10754 data 32634
    regex_detector_test.go:84: Expected label ZipCode, got  ([]), file ZipCode.csv:10755 data 32639
    regex_detector_test.go:84: Expected label ZipCode, got  ([]), file ZipCode.csv:10756 data 32640
    regex_detector_test.go:84: Expected label ZipCode, got  ([]), file ZipCode.csv:10757 data 32641
    regex_detector_test.go:84: Expected label ZipCode, got  ([]), file ZipCode.csv:10758 data 32643
    regex_detector_test.go:84: Expected label ZipCode, got  ([]), file ZipCode.csv:10759 data 32648
    regex_detector_test.go:84: Expected label ZipCode, got  ([]), file ZipCode.csv:10760 data 32653
    regex_detector_test.go:84: Expected label ZipCode, got  ([]), file ZipCode.csv:10761 data 32656
    regex_detector_test.go:84: Expected label ZipCode, got  ([]), file ZipCode.csv:10762 data 32658
    regex_detector_test.go:84: Expected label ZipCode, got  ([]), file ZipCode.csv:10763 data 32664
    regex_detector_test.go:84: Expected label ZipCode, got  ([]), file ZipCode.csv:10764 data 32666
    regex_detector_test.go:84: Expected label ZipCode, got  ([]), file ZipCode.csv:10765 data 32667
    regex_detector_test.go:84: Expected label ZipCode, got  ([]), file ZipCode.csv:10766 data 32668
    regex_detector_test.go:84: Expected label ZipCode, got  ([]), file ZipCode.csv:10767 data 32669
    regex_detector_test.go:84: Expected label ZipCode, got  ([]), file ZipCode.csv:10768 data 32680
    regex_detector_test.go:84: Expected label ZipCode, got  ([]), file ZipCode.csv:10769 data 32681
    regex_detector_test.go:84: Expected label ZipCode, got  ([]), file ZipCode.csv:10770 data 32683
    regex_detector_test.go:84: Expected label ZipCode, got  ([]), file ZipCode.csv:10771 data 32686
    regex_detector_test.go:84: Expected label ZipCode, got  ([]), file ZipCode.csv:10772 data 32692
    regex_detector_test.go:84: Expected label ZipCode, got  ([]), file ZipCode.csv:10773 data 32693
    regex_detector_test.go:84: Expected label ZipCode, got  ([]), file ZipCode.csv:10774 data 32694
    regex_detector_test.go:84: Expected label ZipCode, got  ([]), file ZipCode.csv:10775 data 32696
    regex_detector_test.go:84: Expected label ZipCode, got  ([]), file ZipCode.csv:10776 data 32697
    regex_detector_test.go:84: Expected label ZipCode, got  ([]), file ZipCode.csv:10777 data 32701
    regex_detector_test.go:84: Expected label ZipCode, got  ([]), file ZipCode.csv:10778 data 32702
    regex_detector_test.go:84: Expected label ZipCode, got  ([]), file ZipCode.csv:10779 data 32703
    regex_detector_test.go:84: Expected label ZipCode, got  ([]), file ZipCode.csv:10780 data 32707
    regex_detector_test.go:84: Expected label ZipCode, got  ([]), file ZipCode.csv:10781 data 32708
    regex_detector_test.go:84: Expected label ZipCode, got  ([]), file ZipCode.csv:10782 data 32709
    regex_detector_test.go:84: Expected label ZipCode, got  ([]), file ZipCode.csv:10783 data 32712
    regex_detector_test.go:84: Expected label ZipCode, got  ([]), file ZipCode.csv:10784 data 32713
    regex_detector_test.go:84: Expected label ZipCode, got  ([]), file ZipCode.csv:10785 data 32714
    regex_detector_test.go:84: Expected label ZipCode, got  ([]), file ZipCode.csv:10786 data 32720
    regex_detector_test.go:84: Expected label ZipCode, got  ([]), file ZipCode.csv:10787 data 32723
    regex_detector_test.go:84: Expected label ZipCode, got  ([]), file ZipCode.csv:10788 data 32724
    regex_detector_test.go:84: Expected label ZipCode, got  ([]), file ZipCode.csv:10789 data 32725
    regex_detector_test.go:84: Expected label ZipCode, got  ([]), file ZipCode.csv:10790 data 32726
    regex_detector_test.go:84: Expected label ZipCode, got  ([]), file ZipCode.csv:10791 data 32730
    regex_detector_test.go:84: Expected label ZipCode, got  ([]), file ZipCode.csv:10792 data 32732
    regex_detector_test.go:84: Expected label ZipCode, got  ([]), file ZipCode.csv:10793 data 32735
    regex_detector_test.go:84: Expected label ZipCode, got  ([]), file ZipCode.csv:10794 data 32736
    regex_detector_test.go:84: Expected label ZipCode, got  ([]), file ZipCode.csv:10795 data 32738
    regex_detector_test.go:84: Expected label ZipCode, got  ([]), file ZipCode.csv:10796 data 32744
    regex_detector_test.go:84: Expected label ZipCode, got  ([]), file ZipCode.csv:10797 data 32746
    regex_detector_test.go:84: Expected label ZipCode, got  ([]), file ZipCode.csv:10798 data 32750
    regex_detector_test.go:84: Expected label ZipCode, got  ([]), file ZipCode.csv:10799 data 32751
    regex_detector_test.go:84: Expected label ZipCode, got  ([]), file ZipCode.csv:10800 data 32754
    regex_detector_test.go:84: Expected label ZipCode, got  ([]), file ZipCode.csv:10801 data 32757
    regex_detector_test.go:84: Expected label ZipCode, got  ([]), file ZipCode.csv:10802 data 32759
    regex_detector_test.go:84: Expected label ZipCode, got  ([]), file ZipCode.csv:10803 data 32763
    regex_detector_test.go:84: Expected label ZipCode, got  ([]), file ZipCode.csv:10804 data 32764
    regex_detector_test.go:84: Expected label ZipCode, got  ([]), file ZipCode.csv:10805 data 32765
    regex_detector_test.go:84: Expected label ZipCode, got  ([]), file ZipCode.csv:10806 data 32766
    regex_detector_test.go:84: Expected label ZipCode, got  ([]), file ZipCode.csv:10807 data 32767
    regex_detector_test.go:84: Expected label ZipCode, got  ([]), file ZipCode.csv:10808 data 32768
    regex_detector_test.go:84: Expected label ZipCode, got  ([]), file ZipCode.csv:10809 data 32771
    regex_detector_test.go:84: Expected label ZipCode, got  ([]), file ZipCode.csv:10810 data 32773
    regex_detector_test.go:84: Expected label ZipCode, got  ([]), file ZipCode.csv:10811 data 32775
    regex_detector_test.go:84: Expected label ZipCode, got  ([]), file ZipCode.csv:10812 data 32776
    regex_detector_test.go:84: Expected label ZipCode, got  ([]), file ZipCode.csv:10813 data 32778
    regex_detector_test.go:84: Expected label ZipCode, got  ([]), file ZipCode.csv:10814 data 32779
    regex_detector_test.go:84: Expected label ZipCode, got  ([]), file ZipCode.csv:10815 data 32780
    regex_detector_test.go:84: Expected label ZipCode, got  ([]), file ZipCode.csv:10816 data 32784
    regex_detector_test.go:84: Expected label ZipCode, got  ([]), file ZipCode.csv:10817 data 32789
    regex_detector_test.go:84: Expected label ZipCode, got  ([]), file ZipCode.csv:10818 data 32792
    regex_detector_test.go:84: Expected label ZipCode, got  ([]), file ZipCode.csv:10819 data 32796
    regex_detector_test.go:84: Expected label ZipCode, got  ([]), file ZipCode.csv:10820 data 32798
    regex_detector_test.go:84: Expected label ZipCode, got  ([]), file ZipCode.csv:10821 data 32801
    regex_detector_test.go:84: Expected label ZipCode, got  ([]), file ZipCode.csv:10822 data 32803
    regex_detector_test.go:84: Expected label ZipCode, got  ([]), file ZipCode.csv:10823 data 32804
    regex_detector_test.go:84: Expected label ZipCode, got  ([]), file ZipCode.csv:10824 data 32805
    regex_detector_test.go:84: Expected label ZipCode, got  ([]), file ZipCode.csv:10825 data 32806
    regex_detector_test.go:84: Expected label ZipCode, got  ([]), file ZipCode.csv:10826 data 32807
    regex_detector_test.go:84: Expected label ZipCode, got  ([]), file ZipCode.csv:10827 data 32808
    regex_detector_test.go:84: Expected label ZipCode, got  ([]), file ZipCode.csv:10828 data 32809
    regex_detector_test.go:84: Expected label ZipCode, got  ([]), file ZipCode.csv:10829 data 32810
    regex_detector_test.go:84: Expected label ZipCode, got  ([]), file ZipCode.csv:10830 data 32811
    regex_detector_test.go:84: Expected label ZipCode, got  ([]), file ZipCode.csv:10831 data 32812
    regex_detector_test.go:84: Expected label ZipCode, got  ([]), file ZipCode.csv:10832 data 32814
    regex_detector_test.go:84: Expected label ZipCode, got  ([]), file ZipCode.csv:10833 data 32816
    regex_detector_test.go:84: Expected label ZipCode, got  ([]), file ZipCode.csv:10834 data 32817
    regex_detector_test.go:84: Expected label ZipCode, got  ([]), file ZipCode.csv:10835 data 32818
    regex_detector_test.go:84: Expected label ZipCode, got  ([]), file ZipCode.csv:10836 data 32819
    regex_detector_test.go:84: Expected label ZipCode, got  ([]), file ZipCode.csv:10837 data 32820
    regex_detector_test.go:84: Expected label ZipCode, got  ([]), file ZipCode.csv:10838 data 32821
    regex_detector_test.go:84: Expected label ZipCode, got  ([]), file ZipCode.csv:10839 data 32822
    regex_detector_test.go:84: Expected label ZipCode, got  ([]), file ZipCode.csv:10840 data 32824
    regex_detector_test.go:84: Expected label ZipCode, got  ([]), file ZipCode.csv:10841 data 32825
    regex_detector_test.go:84: Expected label ZipCode, got  ([]), file ZipCode.csv:10842 data 32826
    regex_detector_test.go:84: Expected label ZipCode, got  ([]), file ZipCode.csv:10843 data 32827
    regex_detector_test.go:84: Expected label ZipCode, got  ([]), file ZipCode.csv:10844 data 32828
    regex_detector_test.go:84: Expected label ZipCode, got  ([]), file ZipCode.csv:10845 data 32829
    regex_detector_test.go:84: Expected label ZipCode, got  ([]), file ZipCode.csv:10846 data 32830
    regex_detector_test.go:84: Expected label ZipCode, got  ([]), file ZipCode.csv:10847 data 32831
    regex_detector_test.go:84: Expected label ZipCode, got  ([]), file ZipCode.csv:10848 data 32832
    regex_detector_test.go:84: Expected label ZipCode, got  ([]), file ZipCode.csv:10849 data 32833
    regex_detector_test.go:84: Expected label ZipCode, got  ([]), file ZipCode.csv:10850 data 32835
    regex_detector_test.go:84: Expected label ZipCode, got  ([]), file ZipCode.csv:10851 data 32836
    regex_detector_test.go:84: Expected label ZipCode, got  ([]), file ZipCode.csv:10852 data 32837
    regex_detector_test.go:84: Expected label ZipCode, got  ([]), file ZipCode.csv:10853 data 32839
    regex_detector_test.go:84: Expected label ZipCode, got  ([]), file ZipCode.csv:10854 data 32899
    regex_detector_test.go:84: Expected label ZipCode, got  ([]), file ZipCode.csv:10855 data 32901
    regex_detector_test.go:84: Expected label ZipCode, got  ([]), file ZipCode.csv:10856 data 32903
    regex_detector_test.go:84: Expected label ZipCode, got  ([]), file ZipCode.csv:10857 data 32904
    regex_detector_test.go:84: Expected label ZipCode, got  ([]), file ZipCode.csv:10858 data 32905
    regex_detector_test.go:84: Expected label ZipCode, got  ([]), file ZipCode.csv:10859 data 32907
    regex_detector_test.go:84: Expected label ZipCode, got  ([]), file ZipCode.csv:10860 data 32908
    regex_detector_test.go:84: Expected label ZipCode, got  ([]), file ZipCode.csv:10861 data 32909
    regex_detector_test.go:84: Expected label ZipCode, got  ([]), file ZipCode.csv:10862 data 32920
    regex_detector_test.go:84: Expected label ZipCode, got  ([]), file ZipCode.csv:10863 data 32922
    regex_detector_test.go:84: Expected label ZipCode, got  ([]), file ZipCode.csv:10864 data 32925
    regex_detector_test.go:84: Expected label ZipCode, got  ([]), file ZipCode.csv:10865 data 32926
    regex_detector_test.go:84: Expected label ZipCode, got  ([]), file ZipCode.csv:10866 data 32927
    regex_detector_test.go:84: Expected label ZipCode, got  ([]), file ZipCode.csv:10867 data 32931
    regex_detector_test.go:84: Expected label ZipCode, got  ([]), file ZipCode.csv:10868 data 32934
    regex_detector_test.go:84: Expected label ZipCode, got  ([]), file ZipCode.csv:10869 data 32935
    regex_detector_test.go:84: Expected label ZipCode, got  ([]), file ZipCode.csv:10870 data 32937
    regex_detector_test.go:84: Expected label ZipCode, got  ([]), file ZipCode.csv:10871 data 32940
    regex_detector_test.go:84: Expected label ZipCode, got  ([]), file ZipCode.csv:10872 data 32948
    regex_detector_test.go:84: Expected label ZipCode, got  ([]), file ZipCode.csv:10873 data 32949
    regex_detector_test.go:84: Expected label ZipCode, got  ([]), file ZipCode.csv:10874 data 32950
    regex_detector_test.go:84: Expected label ZipCode, got  ([]), file ZipCode.csv:10875 data 32951
    regex_detector_test.go:84: Expected label ZipCode, got  ([]), file ZipCode.csv:10876 data 32952
    regex_detector_test.go:84: Expected label ZipCode, got  ([]), file ZipCode.csv:10877 data 32953
    regex_detector_test.go:84: Expected label ZipCode, got  ([]), file ZipCode.csv:10878 data 32955
    regex_detector_test.go:84: Expected label ZipCode, got  ([]), file ZipCode.csv:10879 data 32958
    regex_detector_test.go:84: Expected label ZipCode, got  ([]), file ZipCode.csv:10880 data 32959
    regex_detector_test.go:84: Expected label ZipCode, got  ([]), file ZipCode.csv:10881 data 32960
    regex_detector_test.go:84: Expected label ZipCode, got  ([]), file ZipCode.csv:10882 data 32962
    regex_detector_test.go:84: Expected label ZipCode, got  ([]), file ZipCode.csv:10883 data 32963
    regex_detector_test.go:84: Expected label ZipCode, got  ([]), file ZipCode.csv:10884 data 32966
    regex_detector_test.go:84: Expected label ZipCode, got  ([]), file ZipCode.csv:10885 data 32967
    regex_detector_test.go:84: Expected label ZipCode, got  ([]), file ZipCode.csv:10886 data 32968
    regex_detector_test.go:84: Expected label ZipCode, got  ([]), file ZipCode.csv:10887 data 32970
    regex_detector_test.go:84: Expected label ZipCode, got  ([]), file ZipCode.csv:10888 data 32976
    regex_detector_test.go:84: Expected label ZipCode, got  ([]), file ZipCode.csv:10889 data 33001
    regex_detector_test.go:84: Expected label ZipCode, got  ([]), file ZipCode.csv:10890 data 33004
    regex_detector_test.go:84: Expected label ZipCode, got  ([]), file ZipCode.csv:10891 data 33009
    regex_detector_test.go:84: Expected label ZipCode, got  ([]), file ZipCode.csv:10892 data 33010
    regex_detector_test.go:84: Expected label ZipCode, got  ([]), file ZipCode.csv:10893 data 33012
    regex_detector_test.go:84: Expected label ZipCode, got  ([]), file ZipCode.csv:10894 data 33013
    regex_detector_test.go:84: Expected label ZipCode, got  ([]), file ZipCode.csv:10895 data 33014
    regex_detector_test.go:84: Expected label ZipCode, got  ([]), file ZipCode.csv:10896 data 33015
    regex_detector_test.go:84: Expected label ZipCode, got  ([]), file ZipCode.csv:10897 data 33016
    regex_detector_test.go:84: Expected label ZipCode, got  ([]), file ZipCode.csv:10898 data 33018
    regex_detector_test.go:84: Expected label ZipCode, got  ([]), file ZipCode.csv:10899 data 33019
    regex_detector_test.go:84: Expected label ZipCode, got  ([]), file ZipCode.csv:10900 data 33020
    regex_detector_test.go:84: Expected label ZipCode, got  ([]), file ZipCode.csv:10901 data 33021
    regex_detector_test.go:84: Expected label ZipCode, got  ([]), file ZipCode.csv:10902 data 33022
    regex_detector_test.go:84: Expected label ZipCode, got  ([]), file ZipCode.csv:10903 data 33023
    regex_detector_test.go:84: Expected label ZipCode, got  ([]), file ZipCode.csv:10904 data 33024
    regex_detector_test.go:84: Expected label ZipCode, got  ([]), file ZipCode.csv:10905 data 33025
    regex_detector_test.go:84: Expected label ZipCode, got  ([]), file ZipCode.csv:10906 data 33026
    regex_detector_test.go:84: Expected label ZipCode, got  ([]), file ZipCode.csv:10907 data 33027
    regex_detector_test.go:84: Expected label ZipCode, got  ([]), file ZipCode.csv:10908 data 33028
    regex_detector_test.go:84: Expected label ZipCode, got  ([]), file ZipCode.csv:10909 data 33029
    regex_detector_test.go:84: Expected label ZipCode, got  ([]), file ZipCode.csv:10910 data 33030
    regex_detector_test.go:84: Expected label ZipCode, got  ([]), file ZipCode.csv:10911 data 33031
    regex_detector_test.go:84: Expected label ZipCode, got  ([]), file ZipCode.csv:10912 data 33032
    regex_detector_test.go:84: Expected label ZipCode, got  ([]), file ZipCode.csv:10913 data 33033
    regex_detector_test.go:84: Expected label ZipCode, got  ([]), file ZipCode.csv:10914 data 33034
    regex_detector_test.go:84: Expected label ZipCode, got  ([]), file ZipCode.csv:10915 data 33035
    regex_detector_test.go:84: Expected label ZipCode, got  ([]), file ZipCode.csv:10916 data 33036
    regex_detector_test.go:84: Expected label ZipCode, got  ([]), file ZipCode.csv:10917 data 33037
    regex_detector_test.go:84: Expected label ZipCode, got  ([]), file ZipCode.csv:10918 data 33039
    regex_detector_test.go:84: Expected label ZipCode, got  ([]), file ZipCode.csv:10919 data 33040
    regex_detector_test.go:84: Expected label ZipCode, got  ([]), file ZipCode.csv:10920 data 33042
    regex_detector_test.go:84: Expected label ZipCode, got  ([]), file ZipCode.csv:10921 data 33043
    regex_detector_test.go:84: Expected label ZipCode, got  ([]), file ZipCode.csv:10922 data 33050
    regex_detector_test.go:84: Expected label ZipCode, got  ([]), file ZipCode.csv:10923 data 33051
    regex_detector_test.go:84: Expected label ZipCode, got  ([]), file ZipCode.csv:10924 data 33054
    regex_detector_test.go:84: Expected label ZipCode, got  ([]), file ZipCode.csv:10925 data 33055
    regex_detector_test.go:84: Expected label ZipCode, got  ([]), file ZipCode.csv:10926 data 33056
    regex_detector_test.go:84: Expected label ZipCode, got  ([]), file ZipCode.csv:10927 data 33060
    regex_detector_test.go:84: Expected label ZipCode, got  ([]), file ZipCode.csv:10928 data 33062
    regex_detector_test.go:84: Expected label ZipCode, got  ([]), file ZipCode.csv:10929 data 33063
    regex_detector_test.go:84: Expected label ZipCode, got  ([]), file ZipCode.csv:10930 data 33064
    regex_detector_test.go:84: Expected label ZipCode, got  ([]), file ZipCode.csv:10931 data 33065
    regex_detector_test.go:84: Expected label ZipCode, got  ([]), file ZipCode.csv:10932 data 33066
    regex_detector_test.go:84: Expected label ZipCode, got  ([]), file ZipCode.csv:10933 data 33067
    regex_detector_test.go:84: Expected label ZipCode, got  ([]), file ZipCode.csv:10934 data 33068
    regex_detector_test.go:84: Expected label ZipCode, got  ([]), file ZipCode.csv:10935 data 33069
    regex_detector_test.go:84: Expected label ZipCode, got  ([]), file ZipCode.csv:10936 data 33070
    regex_detector_test.go:84: Expected label ZipCode, got  ([]), file ZipCode.csv:10937 data 33071
    regex_detector_test.go:84: Expected label ZipCode, got  ([]), file ZipCode.csv:10938 data 33073
    regex_detector_test.go:84: Expected label ZipCode, got  ([]), file ZipCode.csv:10939 data 33076
    regex_detector_test.go:84: Expected label ZipCode, got  ([]), file ZipCode.csv:10940 data 33101
    regex_detector_test.go:84: Expected label ZipCode, got  ([]), file ZipCode.csv:10941 data 33109
    regex_detector_test.go:84: Expected label ZipCode, got  ([]), file ZipCode.csv:10942 data 33122
    regex_detector_test.go:84: Expected label ZipCode, got  ([]), file ZipCode.csv:10943 data 33125
    regex_detector_test.go:84: Expected label ZipCode, got  ([]), file ZipCode.csv:10944 data 33126
    regex_detector_test.go:84: Expected label ZipCode, got  ([]), file ZipCode.csv:10945 data 33127
    regex_detector_test.go:84: Expected label ZipCode, got  ([]), file ZipCode.csv:10946 data 33128
    regex_detector_test.go:84: Expected label ZipCode, got  ([]), file ZipCode.csv:10947 data 33129
    regex_detector_test.go:84: Expected label ZipCode, got  ([]), file ZipCode.csv:10948 data 33130
    regex_detector_test.go:84: Expected label ZipCode, got  ([]), file ZipCode.csv:10949 data 33131
    regex_detector_test.go:84: Expected label ZipCode, got  ([]), file ZipCode.csv:10950 data 33132
    regex_detector_test.go:84: Expected label ZipCode, got  ([]), file ZipCode.csv:10951 data 33133
    regex_detector_test.go:84: Expected label ZipCode, got  ([]), file ZipCode.csv:10952 data 33134
    regex_detector_test.go:84: Expected label ZipCode, got  ([]), file ZipCode.csv:10953 data 33135
    regex_detector_test.go:84: Expected label ZipCode, got  ([]), file ZipCode.csv:10954 data 33136
    regex_detector_test.go:84: Expected label ZipCode, got  ([]), file ZipCode.csv:10955 data 33137
    regex_detector_test.go:84: Expected label ZipCode, got  ([]), file ZipCode.csv:10956 data 33138
    regex_detector_test.go:84: Expected label ZipCode, got  ([]), file ZipCode.csv:10957 data 33139
    regex_detector_test.go:84: Expected label ZipCode, got  ([]), file ZipCode.csv:10958 data 33140
    regex_detector_test.go:84: Expected label ZipCode, got  ([]), file ZipCode.csv:10959 data 33141
    regex_detector_test.go:84: Expected label ZipCode, got  ([]), file ZipCode.csv:10960 data 33142
    regex_detector_test.go:84: Expected label ZipCode, got  ([]), file ZipCode.csv:10961 data 33143
    regex_detector_test.go:84: Expected label ZipCode, got  ([]), file ZipCode.csv:10962 data 33144
    regex_detector_test.go:84: Expected label ZipCode, got  ([]), file ZipCode.csv:10963 data 33145
    regex_detector_test.go:84: Expected label ZipCode, got  ([]), file ZipCode.csv:10964 data 33146
    regex_detector_test.go:84: Expected label ZipCode, got  ([]), file ZipCode.csv:10965 data 33147
    regex_detector_test.go:84: Expected label ZipCode, got  ([]), file ZipCode.csv:10966 data 33149
    regex_detector_test.go:84: Expected label ZipCode, got  ([]), file ZipCode.csv:10967 data 33150
    regex_detector_test.go:84: Expected label ZipCode, got  ([]), file ZipCode.csv:10968 data 33154
    regex_detector_test.go:84: Expected label ZipCode, got  ([]), file ZipCode.csv:10969 data 33155
    regex_detector_test.go:84: Expected label ZipCode, got  ([]), file ZipCode.csv:10970 data 33156
    regex_detector_test.go:84: Expected label ZipCode, got  ([]), file ZipCode.csv:10971 data 33157
    regex_detector_test.go:84: Expected label ZipCode, got  ([]), file ZipCode.csv:10972 data 33158
    regex_detector_test.go:84: Expected label ZipCode, got  ([]), file ZipCode.csv:10973 data 33160
    regex_detector_test.go:84: Expected label ZipCode, got  ([]), file ZipCode.csv:10974 data 33161
    regex_detector_test.go:84: Expected label ZipCode, got  ([]), file ZipCode.csv:10975 data 33162
    regex_detector_test.go:84: Expected label ZipCode, got  ([]), file ZipCode.csv:10976 data 33165
    regex_detector_test.go:84: Expected label ZipCode, got  ([]), file ZipCode.csv:10977 data 33166
    regex_detector_test.go:84: Expected label ZipCode, got  ([]), file ZipCode.csv:10978 data 33167
    regex_detector_test.go:84: Expected label ZipCode, got  ([]), file ZipCode.csv:10979 data 33168
    regex_detector_test.go:84: Expected label ZipCode, got  ([]), file ZipCode.csv:10980 data 33169
    regex_detector_test.go:84: Expected label ZipCode, got  ([]), file ZipCode.csv:10981 data 33170
    regex_detector_test.go:84: Expected label ZipCode, got  ([]), file ZipCode.csv:10982 data 33172
    regex_detector_test.go:84: Expected label ZipCode, got  ([]), file ZipCode.csv:10983 data 33173
    regex_detector_test.go:84: Expected label ZipCode, got  ([]), file ZipCode.csv:10984 data 33174
    regex_detector_test.go:84: Expected label ZipCode, got  ([]), file ZipCode.csv:10985 data 33175
    regex_detector_test.go:84: Expected label ZipCode, got  ([]), file ZipCode.csv:10986 data 33176
    regex_detector_test.go:84: Expected label ZipCode, got  ([]), file ZipCode.csv:10987 data 33177
    regex_detector_test.go:84: Expected label ZipCode, got  ([]), file ZipCode.csv:10988 data 33178
    regex_detector_test.go:84: Expected label ZipCode, got  ([]), file ZipCode.csv:10989 data 33179
    regex_detector_test.go:84: Expected label ZipCode, got  ([]), file ZipCode.csv:10990 data 33180
    regex_detector_test.go:84: Expected label ZipCode, got  ([]), file ZipCode.csv:10991 data 33181
    regex_detector_test.go:84: Expected label ZipCode, got  ([]), file ZipCode.csv:10992 data 33182
    regex_detector_test.go:84: Expected label ZipCode, got  ([]), file ZipCode.csv:10993 data 33183
    regex_detector_test.go:84: Expected label ZipCode, got  ([]), file ZipCode.csv:10994 data 33184
    regex_detector_test.go:84: Expected label ZipCode, got  ([]), file ZipCode.csv:10995 data 33185
    regex_detector_test.go:84: Expected label ZipCode, got  ([]), file ZipCode.csv:10996 data 33186
    regex_detector_test.go:84: Expected label ZipCode, got  ([]), file ZipCode.csv:10997 data 33187
    regex_detector_test.go:84: Expected label ZipCode, got  ([]), file ZipCode.csv:10998 data 33189
    regex_detector_test.go:84: Expected label ZipCode, got  ([]), file ZipCode.csv:10999 data 33190
    regex_detector_test.go:84: Expected label ZipCode, got  ([]), file ZipCode.csv:11000 data 33193
    regex_detector_test.go:84: Expected label ZipCode, got  ([]), file ZipCode.csv:11001 data 33194
    regex_detector_test.go:84: Expected label ZipCode, got  ([]), file ZipCode.csv:11002 data 33196
    regex_detector_test.go:84: Expected label ZipCode, got  ([]), file ZipCode.csv:11003 data 33301
    regex_detector_test.go:84: Expected label ZipCode, got  ([]), file ZipCode.csv:11004 data 33304
    regex_detector_test.go:84: Expected label ZipCode, got  ([]), file ZipCode.csv:11005 data 33305
    regex_detector_test.go:84: Expected label ZipCode, got  ([]), file ZipCode.csv:11006 data 33306
    regex_detector_test.go:84: Expected label ZipCode, got  ([]), file ZipCode.csv:11007 data 33308
    regex_detector_test.go:84: Expected label ZipCode, got  ([]), file ZipCode.csv:11008 data 33309
    regex_detector_test.go:84: Expected label ZipCode, got  ([]), file ZipCode.csv:11009 data 33311
    regex_detector_test.go:84: Expected label ZipCode, got  ([]), file ZipCode.csv:11010 data 33312
    regex_detector_test.go:84: Expected label ZipCode, got  ([]), file ZipCode.csv:11011 data 33313
    regex_detector_test.go:84: Expected label ZipCode, got  ([]), file ZipCode.csv:11012 data 33314
    regex_detector_test.go:84: Expected label ZipCode, got  ([]), file ZipCode.csv:11013 data 33315
    regex_detector_test.go:84: Expected label ZipCode, got  ([]), file ZipCode.csv:11014 data 33316
    regex_detector_test.go:84: Expected label ZipCode, got  ([]), file ZipCode.csv:11015 data 33317
    regex_detector_test.go:84: Expected label ZipCode, got  ([]), file ZipCode.csv:11016 data 33319
    regex_detector_test.go:84: Expected label ZipCode, got  ([]), file ZipCode.csv:11017 data 33321
    regex_detector_test.go:84: Expected label ZipCode, got  ([]), file ZipCode.csv:11018 data 33322
    regex_detector_test.go:84: Expected label ZipCode, got  ([]), file ZipCode.csv:11019 data 33323
    regex_detector_test.go:84: Expected label ZipCode, got  ([]), file ZipCode.csv:11020 data 33324
    regex_detector_test.go:84: Expected label ZipCode, got  ([]), file ZipCode.csv:11021 data 33325
    regex_detector_test.go:84: Expected label ZipCode, got  ([]), file ZipCode.csv:11022 data 33326
    regex_detector_test.go:84: Expected label ZipCode, got  ([]), file ZipCode.csv:11023 data 33327
    regex_detector_test.go:84: Expected label ZipCode, got  ([]), file ZipCode.csv:11024 data 33328
    regex_detector_test.go:84: Expected label ZipCode, got  ([]), file ZipCode.csv:11025 data 33330
    regex_detector_test.go:84: Expected label ZipCode, got  ([]), file ZipCode.csv:11026 data 33331
    regex_detector_test.go:84: Expected label ZipCode, got  ([]), file ZipCode.csv:11027 data 33332
    regex_detector_test.go:84: Expected label ZipCode, got  ([]), file ZipCode.csv:11028 data 33334
    regex_detector_test.go:84: Expected label ZipCode, got  ([]), file ZipCode.csv:11029 data 33351
    regex_detector_test.go:84: Expected label ZipCode, got  ([]), file ZipCode.csv:11030 data 33388
    regex_detector_test.go:84: Expected label ZipCode, got  ([]), file ZipCode.csv:11031 data 33401
    regex_detector_test.go:84: Expected label ZipCode, got  ([]), file ZipCode.csv:11032 data 33403
    regex_detector_test.go:84: Expected label ZipCode, got  ([]), file ZipCode.csv:11033 data 33404
    regex_detector_test.go:84: Expected label ZipCode, got  ([]), file ZipCode.csv:11034 data 33405
    regex_detector_test.go:84: Expected label ZipCode, got  ([]), file ZipCode.csv:11035 data 33406
    regex_detector_test.go:84: Expected label ZipCode, got  ([]), file ZipCode.csv:11036 data 33407
    regex_detector_test.go:84: Expected label ZipCode, got  ([]), file ZipCode.csv:11037 data 33408
    regex_detector_test.go:84: Expected label ZipCode, got  ([]), file ZipCode.csv:11038 data 33409
    regex_detector_test.go:84: Expected label ZipCode, got  ([]), file ZipCode.csv:11039 data 33410
    regex_detector_test.go:84: Expected label ZipCode, got  ([]), file ZipCode.csv:11040 data 33411
    regex_detector_test.go:84: Expected label ZipCode, got  ([]), file ZipCode.csv:11041 data 33412
    regex_detector_test.go:84: Expected label ZipCode, got  ([]), file ZipCode.csv:11042 data 33413
    regex_detector_test.go:84: Expected label ZipCode, got  ([]), file ZipCode.csv:11043 data 33414
    regex_detector_test.go:84: Expected label ZipCode, got  ([]), file ZipCode.csv:11044 data 33415
    regex_detector_test.go:84: Expected label ZipCode, got  ([]), file ZipCode.csv:11045 data 33417
    regex_detector_test.go:84: Expected label ZipCode, got  ([]), file ZipCode.csv:11046 data 33418
    regex_detector_test.go:84: Expected label ZipCode, got  ([]), file ZipCode.csv:11047 data 33426
    regex_detector_test.go:84: Expected label ZipCode, got  ([]), file ZipCode.csv:11048 data 33428
    regex_detector_test.go:84: Expected label ZipCode, got  ([]), file ZipCode.csv:11049 data 33430
    regex_detector_test.go:84: Expected label ZipCode, got  ([]), file ZipCode.csv:11050 data 33431
    regex_detector_test.go:84: Expected label ZipCode, got  ([]), file ZipCode.csv:11051 data 33432
    regex_detector_test.go:84: Expected label ZipCode, got  ([]), file ZipCode.csv:11052 data 33433
    regex_detector_test.go:84: Expected label ZipCode, got  ([]), file ZipCode.csv:11053 data 33434
    regex_detector_test.go:84: Expected label ZipCode, got  ([]), file ZipCode.csv:11054 data 33435
    regex_detector_test.go:84: Expected label ZipCode, got  ([]), file ZipCode.csv:11055 data 33436
    regex_detector_test.go:84: Expected label ZipCode, got  ([]), file ZipCode.csv:11056 data 33437
    regex_detector_test.go:84: Expected label ZipCode, got  ([]), file ZipCode.csv:11057 data 33438
    regex_detector_test.go:84: Expected label ZipCode, got  ([]), file ZipCode.csv:11058 data 33440
    regex_detector_test.go:84: Expected label ZipCode, got  ([]), file ZipCode.csv:11059 data 33441
    regex_detector_test.go:84: Expected label ZipCode, got  ([]), file ZipCode.csv:11060 data 33442
    regex_detector_test.go:84: Expected label ZipCode, got  ([]), file ZipCode.csv:11061 data 33444
    regex_detector_test.go:84: Expected label ZipCode, got  ([]), file ZipCode.csv:11062 data 33445
    regex_detector_test.go:84: Expected label ZipCode, got  ([]), file ZipCode.csv:11063 data 33446
    regex_detector_test.go:84: Expected label ZipCode, got  ([]), file ZipCode.csv:11064 data 33449
    regex_detector_test.go:84: Expected label ZipCode, got  ([]), file ZipCode.csv:11065 data 33455
    regex_detector_test.go:84: Expected label ZipCode, got  ([]), file ZipCode.csv:11066 data 33458
    regex_detector_test.go:84: Expected label ZipCode, got  ([]), file ZipCode.csv:11067 data 33460
    regex_detector_test.go:84: Expected label ZipCode, got  ([]), file ZipCode.csv:11068 data 33461
    regex_detector_test.go:84: Expected label ZipCode, got  ([]), file ZipCode.csv:11069 data 33462
    regex_detector_test.go:84: Expected label ZipCode, got  ([]), file ZipCode.csv:11070 data 33463
    regex_detector_test.go:84: Expected label ZipCode, got  ([]), file ZipCode.csv:11071 data 33467
    regex_detector_test.go:84: Expected label ZipCode, got  ([]), file ZipCode.csv:11072 data 33469
    regex_detector_test.go:84: Expected label ZipCode, got  ([]), file ZipCode.csv:11073 data 33470
    regex_detector_test.go:84: Expected label ZipCode, got  ([]), file ZipCode.csv:11074 data 33471
    regex_detector_test.go:84: Expected label ZipCode, got  ([]), file ZipCode.csv:11075 data 33472
    regex_detector_test.go:84: Expected label ZipCode, got  ([]), file ZipCode.csv:11076 data 33473
    regex_detector_test.go:84: Expected label ZipCode, got  ([]), file ZipCode.csv:11077 data 33476
    regex_detector_test.go:84: Expected label ZipCode, got  ([]), file ZipCode.csv:11078 data 33477
    regex_detector_test.go:84: Expected label ZipCode, got  ([]), file ZipCode.csv:11079 data 33478
    regex_detector_test.go:84: Expected label ZipCode, got  ([]), file ZipCode.csv:11080 data 33480
    regex_detector_test.go:84: Expected label ZipCode, got  ([]), file ZipCode.csv:11081 data 33483
    regex_detector_test.go:84: Expected label ZipCode, got  ([]), file ZipCode.csv:11082 data 33484
    regex_detector_test.go:84: Expected label ZipCode, got  ([]), file ZipCode.csv:11083 data 33486
    regex_detector_test.go:84: Expected label ZipCode, got  ([]), file ZipCode.csv:11084 data 33487
    regex_detector_test.go:84: Expected label ZipCode, got  ([]), file ZipCode.csv:11085 data 33493
    regex_detector_test.go:84: Expected label ZipCode, got  ([]), file ZipCode.csv:11086 data 33496
    regex_detector_test.go:84: Expected label ZipCode, got  ([]), file ZipCode.csv:11087 data 33498
    regex_detector_test.go:84: Expected label ZipCode, got  ([]), file ZipCode.csv:11088 data 33503
    regex_detector_test.go:84: Expected label ZipCode, got  ([]), file ZipCode.csv:11089 data 33510
    regex_detector_test.go:84: Expected label ZipCode, got  ([]), file ZipCode.csv:11090 data 33511
    regex_detector_test.go:84: Expected label ZipCode, got  ([]), file ZipCode.csv:11091 data 33513
    regex_detector_test.go:84: Expected label ZipCode, got  ([]), file ZipCode.csv:11092 data 33514
    regex_detector_test.go:84: Expected label ZipCode, got  ([]), file ZipCode.csv:11093 data 33521
    regex_detector_test.go:84: Expected label ZipCode, got  ([]), file ZipCode.csv:11094 data 33523
    regex_detector_test.go:84: Expected label ZipCode, got  ([]), file ZipCode.csv:11095 data 33525
    regex_detector_test.go:84: Expected label ZipCode, got  ([]), file ZipCode.csv:11096 data 33527
    regex_detector_test.go:84: Expected label ZipCode, got  ([]), file ZipCode.csv:11097 data 33530
    regex_detector_test.go:84: Expected label ZipCode, got  ([]), file ZipCode.csv:11098 data 33534
    regex_detector_test.go:84: Expected label ZipCode, got  ([]), file ZipCode.csv:11099 data 33538
    regex_detector_test.go:84: Expected label ZipCode, got  ([]), file ZipCode.csv:11100 data 33540
    regex_detector_test.go:84: Expected label ZipCode, got  ([]), file ZipCode.csv:11101 data 33541
    regex_detector_test.go:84: Expected label ZipCode, got  ([]), file ZipCode.csv:11102 data 33542
    regex_detector_test.go:84: Expected label ZipCode, got  ([]), file ZipCode.csv:11103 data 33543
    regex_detector_test.go:84: Expected label ZipCode, got  ([]), file ZipCode.csv:11104 data 33544
    regex_detector_test.go:84: Expected label ZipCode, got  ([]), file ZipCode.csv:11105 data 33545
    regex_detector_test.go:84: Expected label ZipCode, got  ([]), file ZipCode.csv:11106 data 33547
    regex_detector_test.go:84: Expected label ZipCode, got  ([]), file ZipCode.csv:11107 data 33548
    regex_detector_test.go:84: Expected label ZipCode, got  ([]), file ZipCode.csv:11108 data 33549
    regex_detector_test.go:84: Expected label ZipCode, got  ([]), file ZipCode.csv:11109 data 33550
    regex_detector_test.go:84: Expected label ZipCode, got  ([]), file ZipCode.csv:11110 data 33556
    regex_detector_test.go:84: Expected label ZipCode, got  ([]), file ZipCode.csv:11111 data 33558
    regex_detector_test.go:84: Expected label ZipCode, got  ([]), file ZipCode.csv:11112 data 33559
    regex_detector_test.go:84: Expected label ZipCode, got  ([]), file ZipCode.csv:11113 data 33563
    regex_detector_test.go:84: Expected label ZipCode, got  ([]), file ZipCode.csv:11114 data 33565
    regex_detector_test.go:84: Expected label ZipCode, got  ([]), file ZipCode.csv:11115 data 33566
    regex_detector_test.go:84: Expected label ZipCode, got  ([]), file ZipCode.csv:11116 data 33567
    regex_detector_test.go:84: Expected label ZipCode, got  ([]), file ZipCode.csv:11117 data 33569
    regex_detector_test.go:84: Expected label ZipCode, got  ([]), file ZipCode.csv:11118 data 33570
    regex_detector_test.go:84: Expected label ZipCode, got  ([]), file ZipCode.csv:11119 data 33572
    regex_detector_test.go:84: Expected label ZipCode, got  ([]), file ZipCode.csv:11120 data 33573
    regex_detector_test.go:84: Expected label ZipCode, got  ([]), file ZipCode.csv:11121 data 33574
    regex_detector_test.go:84: Expected label ZipCode, got  ([]), file ZipCode.csv:11122 data 33576
    regex_detector_test.go:84: Expected label ZipCode, got  ([]), file ZipCode.csv:11123 data 33578
    regex_detector_test.go:84: Expected label ZipCode, got  ([]), file ZipCode.csv:11124 data 33579
    regex_detector_test.go:84: Expected label ZipCode, got  ([]), file ZipCode.csv:11125 data 33584
    regex_detector_test.go:84: Expected label ZipCode, got  ([]), file ZipCode.csv:11126 data 33585
    regex_detector_test.go:84: Expected label ZipCode, got  ([]), file ZipCode.csv:11127 data 33592
    regex_detector_test.go:84: Expected label ZipCode, got  ([]), file ZipCode.csv:11128 data 33594
    regex_detector_test.go:84: Expected label ZipCode, got  ([]), file ZipCode.csv:11129 data 33596
    regex_detector_test.go:84: Expected label ZipCode, got  ([]), file ZipCode.csv:11130 data 33597
    regex_detector_test.go:84: Expected label ZipCode, got  ([]), file ZipCode.csv:11131 data 33598
    regex_detector_test.go:84: Expected label ZipCode, got  ([]), file ZipCode.csv:11132 data 33602
    regex_detector_test.go:84: Expected label ZipCode, got  ([]), file ZipCode.csv:11133 data 33603
    regex_detector_test.go:84: Expected label ZipCode, got  ([]), file ZipCode.csv:11134 data 33604
    regex_detector_test.go:84: Expected label ZipCode, got  ([]), file ZipCode.csv:11135 data 33605
    regex_detector_test.go:84: Expected label ZipCode, got  ([]), file ZipCode.csv:11136 data 33606
    regex_detector_test.go:84: Expected label ZipCode, got  ([]), file ZipCode.csv:11137 data 33607
    regex_detector_test.go:84: Expected label ZipCode, got  ([]), file ZipCode.csv:11138 data 33609
    regex_detector_test.go:84: Expected label ZipCode, got  ([]), file ZipCode.csv:11139 data 33610
    regex_detector_test.go:84: Expected label ZipCode, got  ([]), file ZipCode.csv:11140 data 33611
    regex_detector_test.go:84: Expected label ZipCode, got  ([]), file ZipCode.csv:11141 data 33612
    regex_detector_test.go:84: Expected label ZipCode, got  ([]), file ZipCode.csv:11142 data 33613
    regex_detector_test.go:84: Expected label ZipCode, got  ([]), file ZipCode.csv:11143 data 33614
    regex_detector_test.go:84: Expected label ZipCode, got  ([]), file ZipCode.csv:11144 data 33615
    regex_detector_test.go:84: Expected label ZipCode, got  ([]), file ZipCode.csv:11145 data 33616
    regex_detector_test.go:84: Expected label ZipCode, got  ([]), file ZipCode.csv:11146 data 33617
    regex_detector_test.go:84: Expected label ZipCode, got  ([]), file ZipCode.csv:11147 data 33618
    regex_detector_test.go:84: Expected label ZipCode, got  ([]), file ZipCode.csv:11148 data 33619
    regex_detector_test.go:84: Expected label ZipCode, got  ([]), file ZipCode.csv:11149 data 33620
    regex_detector_test.go:84: Expected label ZipCode, got  ([]), file ZipCode.csv:11150 data 33621
    regex_detector_test.go:84: Expected label ZipCode, got  ([]), file ZipCode.csv:11151 data 33624
    regex_detector_test.go:84: Expected label ZipCode, got  ([]), file ZipCode.csv:11152 data 33625
    regex_detector_test.go:84: Expected label ZipCode, got  ([]), file ZipCode.csv:11153 data 33626
    regex_detector_test.go:84: Expected label ZipCode, got  ([]), file ZipCode.csv:11154 data 33629
    regex_detector_test.go:84: Expected label ZipCode, got  ([]), file ZipCode.csv:11155 data 33634
    regex_detector_test.go:84: Expected label ZipCode, got  ([]), file ZipCode.csv:11156 data 33635
    regex_detector_test.go:84: Expected label ZipCode, got  ([]), file ZipCode.csv:11157 data 33637
    regex_detector_test.go:84: Expected label ZipCode, got  ([]), file ZipCode.csv:11158 data 33647
    regex_detector_test.go:84: Expected label ZipCode, got  ([]), file ZipCode.csv:11159 data 33701
    regex_detector_test.go:84: Expected label ZipCode, got  ([]), file ZipCode.csv:11160 data 33702
    regex_detector_test.go:84: Expected label ZipCode, got  ([]), file ZipCode.csv:11161 data 33703
    regex_detector_test.go:84: Expected label ZipCode, got  ([]), file ZipCode.csv:11162 data 33704
    regex_detector_test.go:84: Expected label ZipCode, got  ([]), file ZipCode.csv:11163 data 33705
    regex_detector_test.go:84: Expected label ZipCode, got  ([]), file ZipCode.csv:11164 data 33706
    regex_detector_test.go:84: Expected label ZipCode, got  ([]), file ZipCode.csv:11165 data 33707
    regex_detector_test.go:84: Expected label ZipCode, got  ([]), file ZipCode.csv:11166 data 33708
    regex_detector_test.go:84: Expected label ZipCode, got  ([]), file ZipCode.csv:11167 data 33709
    regex_detector_test.go:84: Expected label ZipCode, got  ([]), file ZipCode.csv:11168 data 33710
    regex_detector_test.go:84: Expected label ZipCode, got  ([]), file ZipCode.csv:11169 data 33711
    regex_detector_test.go:84: Expected label ZipCode, got  ([]), file ZipCode.csv:11170 data 33712
    regex_detector_test.go:84: Expected label ZipCode, got  ([]), file ZipCode.csv:11171 data 33713
    regex_detector_test.go:84: Expected label ZipCode, got  ([]), file ZipCode.csv:11172 data 33714
    regex_detector_test.go:84: Expected label ZipCode, got  ([]), file ZipCode.csv:11173 data 33715
    regex_detector_test.go:84: Expected label ZipCode, got  ([]), file ZipCode.csv:11174 data 33716
    regex_detector_test.go:84: Expected label ZipCode, got  ([]), file ZipCode.csv:11175 data 33744
    regex_detector_test.go:84: Expected label ZipCode, got  ([]), file ZipCode.csv:11176 data 33755
    regex_detector_test.go:84: Expected label ZipCode, got  ([]), file ZipCode.csv:11177 data 33756
    regex_detector_test.go:84: Expected label ZipCode, got  ([]), file ZipCode.csv:11178 data 33759
    regex_detector_test.go:84: Expected label ZipCode, got  ([]), file ZipCode.csv:11179 data 33760
    regex_detector_test.go:84: Expected label ZipCode, got  ([]), file ZipCode.csv:11180 data 33761
    regex_detector_test.go:84: Expected label ZipCode, got  ([]), file ZipCode.csv:11181 data 33762
    regex_detector_test.go:84: Expected label ZipCode, got  ([]), file ZipCode.csv:11182 data 33763
    regex_detector_test.go:84: Expected label ZipCode, got  ([]), file ZipCode.csv:11183 data 33764
    regex_detector_test.go:84: Expected label ZipCode, got  ([]), file ZipCode.csv:11184 data 33765
    regex_detector_test.go:84: Expected label ZipCode, got  ([]), file ZipCode.csv:11185 data 33767
    regex_detector_test.go:84: Expected label ZipCode, got  ([]), file ZipCode.csv:11186 data 33770
    regex_detector_test.go:84: Expected label ZipCode, got  ([]), file ZipCode.csv:11187 data 33771
    regex_detector_test.go:84: Expected label ZipCode, got  ([]), file ZipCode.csv:11188 data 33772
    regex_detector_test.go:84: Expected label ZipCode, got  ([]), file ZipCode.csv:11189 data 33773
    regex_detector_test.go:84: Expected label ZipCode, got  ([]), file ZipCode.csv:11190 data 33774
    regex_detector_test.go:84: Expected label ZipCode, got  ([]), file ZipCode.csv:11191 data 33776
    regex_detector_test.go:84: Expected label ZipCode, got  ([]), file ZipCode.csv:11192 data 33777
    regex_detector_test.go:84: Expected label ZipCode, got  ([]), file ZipCode.csv:11193 data 33778
    regex_detector_test.go:84: Expected label ZipCode, got  ([]), file ZipCode.csv:11194 data 33781
    regex_detector_test.go:84: Expected label ZipCode, got  ([]), file ZipCode.csv:11195 data 33782
    regex_detector_test.go:84: Expected label ZipCode, got  ([]), file ZipCode.csv:11196 data 33785
    regex_detector_test.go:84: Expected label ZipCode, got  ([]), file ZipCode.csv:11197 data 33786
    regex_detector_test.go:84: Expected label ZipCode, got  ([]), file ZipCode.csv:11198 data 33801
    regex_detector_test.go:84: Expected label ZipCode, got  ([]), file ZipCode.csv:11199 data 33803
    regex_detector_test.go:84: Expected label ZipCode, got  ([]), file ZipCode.csv:11200 data 33805
    regex_detector_test.go:84: Expected label ZipCode, got  ([]), file ZipCode.csv:11201 data 33809
    regex_detector_test.go:84: Expected label ZipCode, got  ([]), file ZipCode.csv:11202 data 33810
    regex_detector_test.go:84: Expected label ZipCode, got  ([]), file ZipCode.csv:11203 data 33811
    regex_detector_test.go:84: Expected label ZipCode, got  ([]), file ZipCode.csv:11204 data 33812
    regex_detector_test.go:84: Expected label ZipCode, got  ([]), file ZipCode.csv:11205 data 33813
    regex_detector_test.go:84: Expected label ZipCode, got  ([]), file ZipCode.csv:11206 data 33815
    regex_detector_test.go:84: Expected label ZipCode, got  ([]), file ZipCode.csv:11207 data 33823
    regex_detector_test.go:84: Expected label ZipCode, got  ([]), file ZipCode.csv:11208 data 33825
    regex_detector_test.go:84: Expected label ZipCode, got  ([]), file ZipCode.csv:11209 data 33827
    regex_detector_test.go:84: Expected label ZipCode, got  ([]), file ZipCode.csv:11210 data 33830
    regex_detector_test.go:84: Expected label ZipCode, got  ([]), file ZipCode.csv:11211 data 33834
    regex_detector_test.go:84: Expected label ZipCode, got  ([]), file ZipCode.csv:11212 data 33835
    regex_detector_test.go:84: Expected label ZipCode, got  ([]), file ZipCode.csv:11213 data 33837
    regex_detector_test.go:84: Expected label ZipCode, got  ([]), file ZipCode.csv:11214 data 33838
    regex_detector_test.go:84: Expected label ZipCode, got  ([]), file ZipCode.csv:11215 data 33839
    regex_detector_test.go:84: Expected label ZipCode, got  ([]), file ZipCode.csv:11216 data 33840
    regex_detector_test.go:84: Expected label ZipCode, got  ([]), file ZipCode.csv:11217 data 33841
    regex_detector_test.go:84: Expected label ZipCode, got  ([]), file ZipCode.csv:11218 data 33843
    regex_detector_test.go:84: Expected label ZipCode, got  ([]), file ZipCode.csv:11219 data 33844
    regex_detector_test.go:84: Expected label ZipCode, got  ([]), file ZipCode.csv:11220 data 33847
    regex_detector_test.go:84: Expected label ZipCode, got  ([]), file ZipCode.csv:11221 data 33848
    regex_detector_test.go:84: Expected label ZipCode, got  ([]), file ZipCode.csv:11222 data 33849
    regex_detector_test.go:84: Expected label ZipCode, got  ([]), file ZipCode.csv:11223 data 33850
    regex_detector_test.go:84: Expected label ZipCode, got  ([]), file ZipCode.csv:11224 data 33851
    regex_detector_test.go:84: Expected label ZipCode, got  ([]), file ZipCode.csv:11225 data 33852
    regex_detector_test.go:84: Expected label ZipCode, got  ([]), file ZipCode.csv:11226 data 33853
    regex_detector_test.go:84: Expected label ZipCode, got  ([]), file ZipCode.csv:11227 data 33854
    regex_detector_test.go:84: Expected label ZipCode, got  ([]), file ZipCode.csv:11228 data 33855
    regex_detector_test.go:84: Expected label ZipCode, got  ([]), file ZipCode.csv:11229 data 33856
    regex_detector_test.go:84: Expected label ZipCode, got  ([]), file ZipCode.csv:11230 data 33857
    regex_detector_test.go:84: Expected label ZipCode, got  ([]), file ZipCode.csv:11231 data 33858
    regex_detector_test.go:84: Expected label ZipCode, got  ([]), file ZipCode.csv:11232 data 33859
    regex_detector_test.go:84: Expected label ZipCode, got  ([]), file ZipCode.csv:11233 data 33860
    regex_detector_test.go:84: Expected label ZipCode, got  ([]), file ZipCode.csv:11234 data 33865
    regex_detector_test.go:84: Expected label ZipCode, got  ([]), file ZipCode.csv:11235 data 33867
    regex_detector_test.go:84: Expected label ZipCode, got  ([]), file ZipCode.csv:11236 data 33868
    regex_detector_test.go:84: Expected label ZipCode, got  ([]), file ZipCode.csv:11237 data 33870
    regex_detector_test.go:84: Expected label ZipCode, got  ([]), file ZipCode.csv:11238 data 33872
    regex_detector_test.go:84: Expected label ZipCode, got  ([]), file ZipCode.csv:11239 data 33873
    regex_detector_test.go:84: Expected label ZipCode, got  ([]), file ZipCode.csv:11240 data 33875
    regex_detector_test.go:84: Expected label ZipCode, got  ([]), file ZipCode.csv:11241 data 33876
    regex_detector_test.go:84: Expected label ZipCode, got  ([]), file ZipCode.csv:11242 data 33877
    regex_detector_test.go:84: Expected label ZipCode, got  ([]), file ZipCode.csv:11243 data 33880
    regex_detector_test.go:84: Expected label ZipCode, got  ([]), file ZipCode.csv:11244 data 33881
    regex_detector_test.go:84: Expected label ZipCode, got  ([]), file ZipCode.csv:11245 data 33884
    regex_detector_test.go:84: Expected label ZipCode, got  ([]), file ZipCode.csv:11246 data 33890
    regex_detector_test.go:84: Expected label ZipCode, got  ([]), file ZipCode.csv:11247 data 33896
    regex_detector_test.go:84: Expected label ZipCode, got  ([]), file ZipCode.csv:11248 data 33897
    regex_detector_test.go:84: Expected label ZipCode, got  ([]), file ZipCode.csv:11249 data 33898
    regex_detector_test.go:84: Expected label ZipCode, got  ([]), file ZipCode.csv:11250 data 33901
    regex_detector_test.go:84: Expected label ZipCode, got  ([]), file ZipCode.csv:11251 data 33903
    regex_detector_test.go:84: Expected label ZipCode, got  ([]), file ZipCode.csv:11252 data 33904
    regex_detector_test.go:84: Expected label ZipCode, got  ([]), file ZipCode.csv:11253 data 33905
    regex_detector_test.go:84: Expected label ZipCode, got  ([]), file ZipCode.csv:11254 data 33907
    regex_detector_test.go:84: Expected label ZipCode, got  ([]), file ZipCode.csv:11255 data 33908
    regex_detector_test.go:84: Expected label ZipCode, got  ([]), file ZipCode.csv:11256 data 33909
    regex_detector_test.go:84: Expected label ZipCode, got  ([]), file ZipCode.csv:11257 data 33912
    regex_detector_test.go:84: Expected label ZipCode, got  ([]), file ZipCode.csv:11258 data 33913
    regex_detector_test.go:84: Expected label ZipCode, got  ([]), file ZipCode.csv:11259 data 33914
    regex_detector_test.go:84: Expected label ZipCode, got  ([]), file ZipCode.csv:11260 data 33916
    regex_detector_test.go:84: Expected label ZipCode, got  ([]), file ZipCode.csv:11261 data 33917
    regex_detector_test.go:84: Expected label ZipCode, got  ([]), file ZipCode.csv:11262 data 33919
    regex_detector_test.go:84: Expected label ZipCode, got  ([]), file ZipCode.csv:11263 data 33920
    regex_detector_test.go:84: Expected label ZipCode, got  ([]), file ZipCode.csv:11264 data 33921
    regex_detector_test.go:84: Expected label ZipCode, got  ([]), file ZipCode.csv:11265 data 33922
    regex_detector_test.go:84: Expected label ZipCode, got  ([]), file ZipCode.csv:11266 data 33924
    regex_detector_test.go:84: Expected label ZipCode, got  ([]), file ZipCode.csv:11267 data 33928
    regex_detector_test.go:84: Expected label ZipCode, got  ([]), file ZipCode.csv:11268 data 33930
    regex_detector_test.go:84: Expected label ZipCode, got  ([]), file ZipCode.csv:11269 data 33931
    regex_detector_test.go:84: Expected label ZipCode, got  ([]), file ZipCode.csv:11270 data 33935
    regex_detector_test.go:84: Expected label ZipCode, got  ([]), file ZipCode.csv:11271 data 33936
    regex_detector_test.go:84: Expected label ZipCode, got  ([]), file ZipCode.csv:11272 data 33944
    regex_detector_test.go:84: Expected label ZipCode, got  ([]), file ZipCode.csv:11273 data 33946
    regex_detector_test.go:84: Expected label ZipCode, got  ([]), file ZipCode.csv:11274 data 33947
    regex_detector_test.go:84: Expected label ZipCode, got  ([]), file ZipCode.csv:11275 data 33948
    regex_detector_test.go:84: Expected label ZipCode, got  ([]), file ZipCode.csv:11276 data 33950
    regex_detector_test.go:84: Expected label ZipCode, got  ([]), file ZipCode.csv:11277 data 33952
    regex_detector_test.go:84: Expected label ZipCode, got  ([]), file ZipCode.csv:11278 data 33953
    regex_detector_test.go:84: Expected label ZipCode, got  ([]), file ZipCode.csv:11279 data 33954
    regex_detector_test.go:84: Expected label ZipCode, got  ([]), file ZipCode.csv:11280 data 33955
    regex_detector_test.go:84: Expected label ZipCode, got  ([]), file ZipCode.csv:11281 data 33956
    regex_detector_test.go:84: Expected label ZipCode, got  ([]), file ZipCode.csv:11282 data 33957
    regex_detector_test.go:84: Expected label ZipCode, got  ([]), file ZipCode.csv:11283 data 33960
    regex_detector_test.go:84: Expected label ZipCode, got  ([]), file ZipCode.csv:11284 data 33965
    regex_detector_test.go:84: Expected label ZipCode, got  ([]), file ZipCode.csv:11285 data 33966
    regex_detector_test.go:84: Expected label ZipCode, got  ([]), file ZipCode.csv:11286 data 33967
    regex_detector_test.go:84: Expected label ZipCode, got  ([]), file ZipCode.csv:11287 data 33971
    regex_detector_test.go:84: Expected label ZipCode, got  ([]), file ZipCode.csv:11288 data 33972
    regex_detector_test.go:84: Expected label ZipCode, got  ([]), file ZipCode.csv:11289 data 33973
    regex_detector_test.go:84: Expected label ZipCode, got  ([]), file ZipCode.csv:11290 data 33974
    regex_detector_test.go:84: Expected label ZipCode, got  ([]), file ZipCode.csv:11291 data 33976
    regex_detector_test.go:84: Expected label ZipCode, got  ([]), file ZipCode.csv:11292 data 33980
    regex_detector_test.go:84: Expected label ZipCode, got  ([]), file ZipCode.csv:11293 data 33981
    regex_detector_test.go:84: Expected label ZipCode, got  ([]), file ZipCode.csv:11294 data 33982
    regex_detector_test.go:84: Expected label ZipCode, got  ([]), file ZipCode.csv:11295 data 33983
    regex_detector_test.go:84: Expected label ZipCode, got  ([]), file ZipCode.csv:11296 data 33990
    regex_detector_test.go:84: Expected label ZipCode, got  ([]), file ZipCode.csv:11297 data 33991
    regex_detector_test.go:84: Expected label ZipCode, got  ([]), file ZipCode.csv:11298 data 33993
    regex_detector_test.go:84: Expected label ZipCode, got  ([]), file ZipCode.csv:11299 data 34101
    regex_detector_test.go:84: Expected label ZipCode, got  ([]), file ZipCode.csv:11300 data 34102
    regex_detector_test.go:84: Expected label ZipCode, got  ([]), file ZipCode.csv:11301 data 34103
    regex_detector_test.go:84: Expected label ZipCode, got  ([]), file ZipCode.csv:11302 data 34104
    regex_detector_test.go:84: Expected label ZipCode, got  ([]), file ZipCode.csv:11303 data 34105
    regex_detector_test.go:84: Expected label ZipCode, got  ([]), file ZipCode.csv:11304 data 34108
    regex_detector_test.go:84: Expected label ZipCode, got  ([]), file ZipCode.csv:11305 data 34109
    regex_detector_test.go:84: Expected label ZipCode, got  ([]), file ZipCode.csv:11306 data 34110
    regex_detector_test.go:84: Expected label ZipCode, got  ([]), file ZipCode.csv:11307 data 34112
    regex_detector_test.go:84: Expected label ZipCode, got  ([]), file ZipCode.csv:11308 data 34113
    regex_detector_test.go:84: Expected label ZipCode, got  ([]), file ZipCode.csv:11309 data 34114
    regex_detector_test.go:84: Expected label ZipCode, got  ([]), file ZipCode.csv:11310 data 34116
    regex_detector_test.go:84: Expected label ZipCode, got  ([]), file ZipCode.csv:11311 data 34117
    regex_detector_test.go:84: Expected label ZipCode, got  ([]), file ZipCode.csv:11312 data 34119
    regex_detector_test.go:84: Expected label ZipCode, got  ([]), file ZipCode.csv:11313 data 34120
    regex_detector_test.go:84: Expected label ZipCode, got  ([]), file ZipCode.csv:11314 data 34134
    regex_detector_test.go:84: Expected label ZipCode, got  ([]), file ZipCode.csv:11315 data 34135
    regex_detector_test.go:84: Expected label ZipCode, got  ([]), file ZipCode.csv:11316 data 34137
    regex_detector_test.go:84: Expected label ZipCode, got  ([]), file ZipCode.csv:11317 data 34138
    regex_detector_test.go:84: Expected label ZipCode, got  ([]), file ZipCode.csv:11318 data 34139
    regex_detector_test.go:84: Expected label ZipCode, got  ([]), file ZipCode.csv:11319 data 34140
    regex_detector_test.go:84: Expected label ZipCode, got  ([]), file ZipCode.csv:11320 data 34141
    regex_detector_test.go:84: Expected label ZipCode, got  ([]), file ZipCode.csv:11321 data 34142
    regex_detector_test.go:84: Expected label ZipCode, got  ([]), file ZipCode.csv:11322 data 34145
    regex_detector_test.go:84: Expected label ZipCode, got  ([]), file ZipCode.csv:11323 data 34201
    regex_detector_test.go:84: Expected label ZipCode, got  ([]), file ZipCode.csv:11324 data 34202
    regex_detector_test.go:84: Expected label ZipCode, got  ([]), file ZipCode.csv:11325 data 34203
    regex_detector_test.go:84: Expected label ZipCode, got  ([]), file ZipCode.csv:11326 data 34205
    regex_detector_test.go:84: Expected label ZipCode, got  ([]), file ZipCode.csv:11327 data 34207
    regex_detector_test.go:84: Expected label ZipCode, got  ([]), file ZipCode.csv:11328 data 34208
    regex_detector_test.go:84: Expected label ZipCode, got  ([]), file ZipCode.csv:11329 data 34209
    regex_detector_test.go:84: Expected label ZipCode, got  ([]), file ZipCode.csv:11330 data 34210
    regex_detector_test.go:84: Expected label ZipCode, got  ([]), file ZipCode.csv:11331 data 34211
    regex_detector_test.go:84: Expected label ZipCode, got  ([]), file ZipCode.csv:11332 data 34212
    regex_detector_test.go:84: Expected label ZipCode, got  ([]), file ZipCode.csv:11333 data 34215
    regex_detector_test.go:84: Expected label ZipCode, got  ([]), file ZipCode.csv:11334 data 34216
    regex_detector_test.go:84: Expected label ZipCode, got  ([]), file ZipCode.csv:11335 data 34217
    regex_detector_test.go:84: Expected label ZipCode, got  ([]), file ZipCode.csv:11336 data 34219
    regex_detector_test.go:84: Expected label ZipCode, got  ([]), file ZipCode.csv:11337 data 34221
    regex_detector_test.go:84: Expected label ZipCode, got  ([]), file ZipCode.csv:11338 data 34222
    regex_detector_test.go:84: Expected label ZipCode, got  ([]), file ZipCode.csv:11339 data 34223
    regex_detector_test.go:84: Expected label ZipCode, got  ([]), file ZipCode.csv:11340 data 34224
    regex_detector_test.go:84: Expected label ZipCode, got  ([]), file ZipCode.csv:11341 data 34228
    regex_detector_test.go:84: Expected label ZipCode, got  ([]), file ZipCode.csv:11342 data 34229
    regex_detector_test.go:84: Expected label ZipCode, got  ([]), file ZipCode.csv:11343 data 34231
    regex_detector_test.go:84: Expected label ZipCode, got  ([]), file ZipCode.csv:11344 data 34232
    regex_detector_test.go:84: Expected label ZipCode, got  ([]), file ZipCode.csv:11345 data 34233
    regex_detector_test.go:84: Expected label ZipCode, got  ([]), file ZipCode.csv:11346 data 34234
    regex_detector_test.go:84: Expected label ZipCode, got  ([]), file ZipCode.csv:11347 data 34235
    regex_detector_test.go:84: Expected label ZipCode, got  ([]), file ZipCode.csv:11348 data 34236
    regex_detector_test.go:84: Expected label ZipCode, got  ([]), file ZipCode.csv:11349 data 34237
    regex_detector_test.go:84: Expected label ZipCode, got  ([]), file ZipCode.csv:11350 data 34238
    regex_detector_test.go:84: Expected label ZipCode, got  ([]), file ZipCode.csv:11351 data 34239
    regex_detector_test.go:84: Expected label ZipCode, got  ([]), file ZipCode.csv:11352 data 34240
    regex_detector_test.go:84: Expected label ZipCode, got  ([]), file ZipCode.csv:11353 data 34241
    regex_detector_test.go:84: Expected label ZipCode, got  ([]), file ZipCode.csv:11354 data 34242
    regex_detector_test.go:84: Expected label ZipCode, got  ([]), file ZipCode.csv:11355 data 34243
    regex_detector_test.go:84: Expected label ZipCode, got  ([]), file ZipCode.csv:11356 data 34250
    regex_detector_test.go:84: Expected label ZipCode, got  ([]), file ZipCode.csv:11357 data 34251
    regex_detector_test.go:84: Expected label ZipCode, got  ([]), file ZipCode.csv:11358 data 34266
    regex_detector_test.go:84: Expected label ZipCode, got  ([]), file ZipCode.csv:11359 data 34267
    regex_detector_test.go:84: Expected label ZipCode, got  ([]), file ZipCode.csv:11360 data 34268
    regex_detector_test.go:84: Expected label ZipCode, got  ([]), file ZipCode.csv:11361 data 34269
    regex_detector_test.go:84: Expected label ZipCode, got  ([]), file ZipCode.csv:11362 data 34275
    regex_detector_test.go:84: Expected label ZipCode, got  ([]), file ZipCode.csv:11363 data 34285
    regex_detector_test.go:84: Expected label ZipCode, got  ([]), file ZipCode.csv:11364 data 34286
    regex_detector_test.go:84: Expected label ZipCode, got  ([]), file ZipCode.csv:11365 data 34287
    regex_detector_test.go:84: Expected label ZipCode, got  ([]), file ZipCode.csv:11366 data 34288
    regex_detector_test.go:84: Expected label ZipCode, got  ([]), file ZipCode.csv:11367 data 34289
    regex_detector_test.go:84: Expected label ZipCode, got  ([]), file ZipCode.csv:11368 data 34291
    regex_detector_test.go:84: Expected label ZipCode, got  ([]), file ZipCode.csv:11369 data 34292
    regex_detector_test.go:84: Expected label ZipCode, got  ([]), file ZipCode.csv:11370 data 34293
    regex_detector_test.go:84: Expected label ZipCode, got  ([]), file ZipCode.csv:11371 data 34420
    regex_detector_test.go:84: Expected label ZipCode, got  ([]), file ZipCode.csv:11372 data 34428
    regex_detector_test.go:84: Expected label ZipCode, got  ([]), file ZipCode.csv:11373 data 34429
    regex_detector_test.go:84: Expected label ZipCode, got  ([]), file ZipCode.csv:11374 data 34431
    regex_detector_test.go:84: Expected label ZipCode, got  ([]), file ZipCode.csv:11375 data 34432
    regex_detector_test.go:84: Expected label ZipCode, got  ([]), file ZipCode.csv:11376 data 34433
    regex_detector_test.go:84: Expected label ZipCode, got  ([]), file ZipCode.csv:11377 data 34434
    regex_detector_test.go:84: Expected label ZipCode, got  ([]), file ZipCode.csv:11378 data 34436
    regex_detector_test.go:84: Expected label ZipCode, got  ([]), file ZipCode.csv:11379 data 34442
    regex_detector_test.go:84: Expected label ZipCode, got  ([]), file ZipCode.csv:11380 data 34445
    regex_detector_test.go:84: Expected label ZipCode, got  ([]), file ZipCode.csv:11381 data 34446
    regex_detector_test.go:84: Expected label ZipCode, got  ([]), file ZipCode.csv:11382 data 34448
    regex_detector_test.go:84: Expected label ZipCode, got  ([]), file ZipCode.csv:11383 data 34449
    regex_detector_test.go:84: Expected label ZipCode, got  ([]), file ZipCode.csv:11384 data 34450
    regex_detector_test.go:84: Expected label ZipCode, got  ([]), file ZipCode.csv:11385 data 34452
    regex_detector_test.go:84: Expected label ZipCode, got  ([]), file ZipCode.csv:11386 data 34453
    regex_detector_test.go:84: Expected label ZipCode, got  ([]), file ZipCode.csv:11387 data 34461
    regex_detector_test.go:84: Expected label ZipCode, got  ([]), file ZipCode.csv:11388 data 34465
    regex_detector_test.go:84: Expected label ZipCode, got  ([]), file ZipCode.csv:11389 data 34470
    regex_detector_test.go:84: Expected label ZipCode, got  ([]), file ZipCode.csv:11390 data 34471
    regex_detector_test.go:84: Expected label ZipCode, got  ([]), file ZipCode.csv:11391 data 34472
    regex_detector_test.go:84: Expected label ZipCode, got  ([]), file ZipCode.csv:11392 data 34473
    regex_detector_test.go:84: Expected label ZipCode, got  ([]), file ZipCode.csv:11393 data 34474
    regex_detector_test.go:84: Expected label ZipCode, got  ([]), file ZipCode.csv:11394 data 34475
    regex_detector_test.go:84: Expected label ZipCode, got  ([]), file ZipCode.csv:11395 data 34476
    regex_detector_test.go:84: Expected label ZipCode, got  ([]), file ZipCode.csv:11396 data 34479
    regex_detector_test.go:84: Expected label ZipCode, got  ([]), file ZipCode.csv:11397 data 34480
    regex_detector_test.go:84: Expected label ZipCode, got  ([]), file ZipCode.csv:11398 data 34481
    regex_detector_test.go:84: Expected label ZipCode, got  ([]), file ZipCode.csv:11399 data 34482
    regex_detector_test.go:84: Expected label ZipCode, got  ([]), file ZipCode.csv:11400 data 34484
    regex_detector_test.go:84: Expected label ZipCode, got  ([]), file ZipCode.csv:11401 data 34487
    regex_detector_test.go:84: Expected label ZipCode, got  ([]), file ZipCode.csv:11402 data 34488
    regex_detector_test.go:84: Expected label ZipCode, got  ([]), file ZipCode.csv:11403 data 34491
    regex_detector_test.go:84: Expected label ZipCode, got  ([]), file ZipCode.csv:11404 data 34498
    regex_detector_test.go:84: Expected label ZipCode, got  ([]), file ZipCode.csv:11405 data 34601
    regex_detector_test.go:84: Expected label ZipCode, got  ([]), file ZipCode.csv:11406 data 34602
    regex_detector_test.go:84: Expected label ZipCode, got  ([]), file ZipCode.csv:11407 data 34604
    regex_detector_test.go:84: Expected label ZipCode, got  ([]), file ZipCode.csv:11408 data 34606
    regex_detector_test.go:84: Expected label ZipCode, got  ([]), file ZipCode.csv:11409 data 34607
    regex_detector_test.go:84: Expected label ZipCode, got  ([]), file ZipCode.csv:11410 data 34608
    regex_detector_test.go:84: Expected label ZipCode, got  ([]), file ZipCode.csv:11411 data 34609
    regex_detector_test.go:84: Expected label ZipCode, got  ([]), file ZipCode.csv:11412 data 34610
    regex_detector_test.go:84: Expected label ZipCode, got  ([]), file ZipCode.csv:11413 data 34613
    regex_detector_test.go:84: Expected label ZipCode, got  ([]), file ZipCode.csv:11414 data 34614
    regex_detector_test.go:84: Expected label ZipCode, got  ([]), file ZipCode.csv:11415 data 34637
    regex_detector_test.go:84: Expected label ZipCode, got  ([]), file ZipCode.csv:11416 data 34638
    regex_detector_test.go:84: Expected label ZipCode, got  ([]), file ZipCode.csv:11417 data 34639
    regex_detector_test.go:84: Expected label ZipCode, got  ([]), file ZipCode.csv:11418 data 34652
    regex_detector_test.go:84: Expected label ZipCode, got  ([]), file ZipCode.csv:11419 data 34653
    regex_detector_test.go:84: Expected label ZipCode, got  ([]), file ZipCode.csv:11420 data 34654
    regex_detector_test.go:84: Expected label ZipCode, got  ([]), file ZipCode.csv:11421 data 34655
    regex_detector_test.go:84: Expected label ZipCode, got  ([]), file ZipCode.csv:11422 data 34661
    regex_detector_test.go:84: Expected label ZipCode, got  ([]), file ZipCode.csv:11423 data 34667
    regex_detector_test.go:84: Expected label ZipCode, got  ([]), file ZipCode.csv:11424 data 34668
    regex_detector_test.go:84: Expected label ZipCode, got  ([]), file ZipCode.csv:11425 data 34669
    regex_detector_test.go:84: Expected label ZipCode, got  ([]), file ZipCode.csv:11426 data 34677
    regex_detector_test.go:84: Expected label ZipCode, got  ([]), file ZipCode.csv:11427 data 34679
    regex_detector_test.go:84: Expected label ZipCode, got  ([]), file ZipCode.csv:11428 data 34681
    regex_detector_test.go:84: Expected label ZipCode, got  ([]), file ZipCode.csv:11429 data 34683
    regex_detector_test.go:84: Expected label ZipCode, got  ([]), file ZipCode.csv:11430 data 34684
    regex_detector_test.go:84: Expected label ZipCode, got  ([]), file ZipCode.csv:11431 data 34685
    regex_detector_test.go:84: Expected label ZipCode, got  ([]), file ZipCode.csv:11432 data 34688
    regex_detector_test.go:84: Expected label ZipCode, got  ([]), file ZipCode.csv:11433 data 34689
    regex_detector_test.go:84: Expected label ZipCode, got  ([]), file ZipCode.csv:11434 data 34690
    regex_detector_test.go:84: Expected label ZipCode, got  ([]), file ZipCode.csv:11435 data 34691
    regex_detector_test.go:84: Expected label ZipCode, got  ([]), file ZipCode.csv:11436 data 34695
    regex_detector_test.go:84: Expected label ZipCode, got  ([]), file ZipCode.csv:11437 data 34698
    regex_detector_test.go:84: Expected label ZipCode, got  ([]), file ZipCode.csv:11438 data 34705
    regex_detector_test.go:84: Expected label ZipCode, got  ([]), file ZipCode.csv:11439 data 34711
    regex_detector_test.go:84: Expected label ZipCode, got  ([]), file ZipCode.csv:11440 data 34714
    regex_detector_test.go:84: Expected label ZipCode, got  ([]), file ZipCode.csv:11441 data 34715
    regex_detector_test.go:84: Expected label ZipCode, got  ([]), file ZipCode.csv:11442 data 34729
    regex_detector_test.go:84: Expected label ZipCode, got  ([]), file ZipCode.csv:11443 data 34731
    regex_detector_test.go:84: Expected label ZipCode, got  ([]), file ZipCode.csv:11444 data 34734
    regex_detector_test.go:84: Expected label ZipCode, got  ([]), file ZipCode.csv:11445 data 34736
    regex_detector_test.go:84: Expected label ZipCode, got  ([]), file ZipCode.csv:11446 data 34737
    regex_detector_test.go:84: Expected label ZipCode, got  ([]), file ZipCode.csv:11447 data 34739
    regex_detector_test.go:84: Expected label ZipCode, got  ([]), file ZipCode.csv:11448 data 34741
    regex_detector_test.go:84: Expected label ZipCode, got  ([]), file ZipCode.csv:11449 data 34743
    regex_detector_test.go:84: Expected label ZipCode, got  ([]), file ZipCode.csv:11450 data 34744
    regex_detector_test.go:84: Expected label ZipCode, got  ([]), file ZipCode.csv:11451 data 34746
    regex_detector_test.go:84: Expected label ZipCode, got  ([]), file ZipCode.csv:11452 data 34747
    regex_detector_test.go:84: Expected label ZipCode, got  ([]), file ZipCode.csv:11453 data 34748
    regex_detector_test.go:84: Expected label ZipCode, got  ([]), file ZipCode.csv:11454 data 34753
    regex_detector_test.go:84: Expected label ZipCode, got  ([]), file ZipCode.csv:11455 data 34756
    regex_detector_test.go:84: Expected label ZipCode, got  ([]), file ZipCode.csv:11456 data 34758
    regex_detector_test.go:84: Expected label ZipCode, got  ([]), file ZipCode.csv:11457 data 34759
    regex_detector_test.go:84: Expected label ZipCode, got  ([]), file ZipCode.csv:11458 data 34760
    regex_detector_test.go:84: Expected label ZipCode, got  ([]), file ZipCode.csv:11459 data 34761
    regex_detector_test.go:84: Expected label ZipCode, got  ([]), file ZipCode.csv:11460 data 34762
    regex_detector_test.go:84: Expected label ZipCode, got  ([]), file ZipCode.csv:11461 data 34769
    regex_detector_test.go:84: Expected label ZipCode, got  ([]), file ZipCode.csv:11462 data 34771
    regex_detector_test.go:84: Expected label ZipCode, got  ([]), file ZipCode.csv:11463 data 34772
    regex_detector_test.go:84: Expected label ZipCode, got  ([]), file ZipCode.csv:11464 data 34773
    regex_detector_test.go:84: Expected label ZipCode, got  ([]), file ZipCode.csv:11465 data 34785
    regex_detector_test.go:84: Expected label ZipCode, got  ([]), file ZipCode.csv:11466 data 34786
    regex_detector_test.go:84: Expected label ZipCode, got  ([]), file ZipCode.csv:11467 data 34787
    regex_detector_test.go:84: Expected label ZipCode, got  ([]), file ZipCode.csv:11468 data 34788
    regex_detector_test.go:84: Expected label ZipCode, got  ([]), file ZipCode.csv:11469 data 34797
    regex_detector_test.go:84: Expected label ZipCode, got  ([]), file ZipCode.csv:11470 data 34945
    regex_detector_test.go:84: Expected label ZipCode, got  ([]), file ZipCode.csv:11471 data 34946
    regex_detector_test.go:84: Expected label ZipCode, got  ([]), file ZipCode.csv:11472 data 34947
    regex_detector_test.go:84: Expected label ZipCode, got  ([]), file ZipCode.csv:11473 data 34949
    regex_detector_test.go:84: Expected label ZipCode, got  ([]), file ZipCode.csv:11474 data 34950
    regex_detector_test.go:84: Expected label ZipCode, got  ([]), file ZipCode.csv:11475 data 34951
    regex_detector_test.go:84: Expected label ZipCode, got  ([]), file ZipCode.csv:11476 data 34952
    regex_detector_test.go:84: Expected label ZipCode, got  ([]), file ZipCode.csv:11477 data 34953
    regex_detector_test.go:84: Expected label ZipCode, got  ([]), file ZipCode.csv:11478 data 34956
    regex_detector_test.go:84: Expected label ZipCode, got  ([]), file ZipCode.csv:11479 data 34957
    regex_detector_test.go:84: Expected label ZipCode, got  ([]), file ZipCode.csv:11480 data 34972
    regex_detector_test.go:84: Expected label ZipCode, got  ([]), file ZipCode.csv:11481 data 34974
    regex_detector_test.go:84: Expected label ZipCode, got  ([]), file ZipCode.csv:11482 data 34981
    regex_detector_test.go:84: Expected label ZipCode, got  ([]), file ZipCode.csv:11483 data 34982
    regex_detector_test.go:84: Expected label ZipCode, got  ([]), file ZipCode.csv:11484 data 34983
    regex_detector_test.go:84: Expected label ZipCode, got  ([]), file ZipCode.csv:11485 data 34984
    regex_detector_test.go:84: Expected label ZipCode, got  ([]), file ZipCode.csv:11486 data 34986
    regex_detector_test.go:84: Expected label ZipCode, got  ([]), file ZipCode.csv:11487 data 34987
    regex_detector_test.go:84: Expected label ZipCode, got  ([]), file ZipCode.csv:11488 data 34990
    regex_detector_test.go:84: Expected label ZipCode, got  ([]), file ZipCode.csv:11489 data 34994
    regex_detector_test.go:84: Expected label ZipCode, got  ([]), file ZipCode.csv:11490 data 34996
    regex_detector_test.go:84: Expected label ZipCode, got  ([]), file ZipCode.csv:11491 data 34997
    regex_detector_test.go:84: Expected label ZipCode, got  ([]), file ZipCode.csv:11492 data 35004
    regex_detector_test.go:84: Expected label ZipCode, got  ([]), file ZipCode.csv:11493 data 35005
    regex_detector_test.go:84: Expected label ZipCode, got  ([]), file ZipCode.csv:11494 data 35006
    regex_detector_test.go:84: Expected label ZipCode, got  ([]), file ZipCode.csv:11495 data 35007
    regex_detector_test.go:84: Expected label ZipCode, got  ([]), file ZipCode.csv:11496 data 35010
    regex_detector_test.go:84: Expected label ZipCode, got  ([]), file ZipCode.csv:11497 data 35013
    regex_detector_test.go:84: Expected label ZipCode, got  ([]), file ZipCode.csv:11498 data 35014
    regex_detector_test.go:84: Expected label ZipCode, got  ([]), file ZipCode.csv:11499 data 35016
    regex_detector_test.go:84: Expected label ZipCode, got  ([]), file ZipCode.csv:11500 data 35019
    regex_detector_test.go:84: Expected label ZipCode, got  ([]), file ZipCode.csv:11501 data 35020
    regex_detector_test.go:84: Expected label ZipCode, got  ([]), file ZipCode.csv:11502 data 35022
    regex_detector_test.go:84: Expected label ZipCode, got  ([]), file ZipCode.csv:11503 data 35023
    regex_detector_test.go:84: Expected label ZipCode, got  ([]), file ZipCode.csv:11504 data 35031
    regex_detector_test.go:84: Expected label ZipCode, got  ([]), file ZipCode.csv:11505 data 35032
    regex_detector_test.go:84: Expected label ZipCode, got  ([]), file ZipCode.csv:11506 data 35033
    regex_detector_test.go:84: Expected label ZipCode, got  ([]), file ZipCode.csv:11507 data 35034
    regex_detector_test.go:84: Expected label ZipCode, got  ([]), file ZipCode.csv:11508 data 35035
    regex_detector_test.go:84: Expected label ZipCode, got  ([]), file ZipCode.csv:11509 data 35036
    regex_detector_test.go:84: Expected label ZipCode, got  ([]), file ZipCode.csv:11510 data 35040
    regex_detector_test.go:84: Expected label ZipCode, got  ([]), file ZipCode.csv:11511 data 35042
    regex_detector_test.go:84: Expected label ZipCode, got  ([]), file ZipCode.csv:11512 data 35043
    regex_detector_test.go:84: Expected label ZipCode, got  ([]), file ZipCode.csv:11513 data 35044
    regex_detector_test.go:84: Expected label ZipCode, got  ([]), file ZipCode.csv:11514 data 35045
    regex_detector_test.go:84: Expected label ZipCode, got  ([]), file ZipCode.csv:11515 data 35046
    regex_detector_test.go:84: Expected label ZipCode, got  ([]), file ZipCode.csv:11516 data 35049
    regex_detector_test.go:84: Expected label ZipCode, got  ([]), file ZipCode.csv:11517 data 35051
    regex_detector_test.go:84: Expected label ZipCode, got  ([]), file ZipCode.csv:11518 data 35052
    regex_detector_test.go:84: Expected label ZipCode, got  ([]), file ZipCode.csv:11519 data 35053
    regex_detector_test.go:84: Expected label ZipCode, got  ([]), file ZipCode.csv:11520 data 35054
    regex_detector_test.go:84: Expected label ZipCode, got  ([]), file ZipCode.csv:11521 data 35055
    regex_detector_test.go:84: Expected label ZipCode, got  ([]), file ZipCode.csv:11522 data 35057
    regex_detector_test.go:84: Expected label ZipCode, got  ([]), file ZipCode.csv:11523 data 35058
    regex_detector_test.go:84: Expected label ZipCode, got  ([]), file ZipCode.csv:11524 data 35060
    regex_detector_test.go:84: Expected label ZipCode, got  ([]), file ZipCode.csv:11525 data 35061
    regex_detector_test.go:84: Expected label ZipCode, got  ([]), file ZipCode.csv:11526 data 35062
    regex_detector_test.go:84: Expected label ZipCode, got  ([]), file ZipCode.csv:11527 data 35063
    regex_detector_test.go:84: Expected label ZipCode, got  ([]), file ZipCode.csv:11528 data 35064
    regex_detector_test.go:84: Expected label ZipCode, got  ([]), file ZipCode.csv:11529 data 35068
    regex_detector_test.go:84: Expected label ZipCode, got  ([]), file ZipCode.csv:11530 data 35070
    regex_detector_test.go:84: Expected label ZipCode, got  ([]), file ZipCode.csv:11531 data 35071
    regex_detector_test.go:84: Expected label ZipCode, got  ([]), file ZipCode.csv:11532 data 35072
    regex_detector_test.go:84: Expected label ZipCode, got  ([]), file ZipCode.csv:11533 data 35073
    regex_detector_test.go:84: Expected label ZipCode, got  ([]), file ZipCode.csv:11534 data 35074
    regex_detector_test.go:84: Expected label ZipCode, got  ([]), file ZipCode.csv:11535 data 35077
    regex_detector_test.go:84: Expected label ZipCode, got  ([]), file ZipCode.csv:11536 data 35078
    regex_detector_test.go:84: Expected label ZipCode, got  ([]), file ZipCode.csv:11537 data 35079
    regex_detector_test.go:84: Expected label ZipCode, got  ([]), file ZipCode.csv:11538 data 35080
    regex_detector_test.go:84: Expected label ZipCode, got  ([]), file ZipCode.csv:11539 data 35082
    regex_detector_test.go:84: Expected label ZipCode, got  ([]), file ZipCode.csv:11540 data 35083
    regex_detector_test.go:84: Expected label ZipCode, got  ([]), file ZipCode.csv:11541 data 35085
    regex_detector_test.go:84: Expected label ZipCode, got  ([]), file ZipCode.csv:11542 data 35087
    regex_detector_test.go:84: Expected label ZipCode, got  ([]), file ZipCode.csv:11543 data 35089
    regex_detector_test.go:84: Expected label ZipCode, got  ([]), file ZipCode.csv:11544 data 35091
    regex_detector_test.go:84: Expected label ZipCode, got  ([]), file ZipCode.csv:11545 data 35094
    regex_detector_test.go:84: Expected label ZipCode, got  ([]), file ZipCode.csv:11546 data 35096
    regex_detector_test.go:84: Expected label ZipCode, got  ([]), file ZipCode.csv:11547 data 35097
    regex_detector_test.go:84: Expected label ZipCode, got  ([]), file ZipCode.csv:11548 data 35098
    regex_detector_test.go:84: Expected label ZipCode, got  ([]), file ZipCode.csv:11549 data 35111
    regex_detector_test.go:84: Expected label ZipCode, got  ([]), file ZipCode.csv:11550 data 35112
    regex_detector_test.go:84: Expected label ZipCode, got  ([]), file ZipCode.csv:11551 data 35114
    regex_detector_test.go:84: Expected label ZipCode, got  ([]), file ZipCode.csv:11552 data 35115
    regex_detector_test.go:84: Expected label ZipCode, got  ([]), file ZipCode.csv:11553 data 35116
    regex_detector_test.go:84: Expected label ZipCode, got  ([]), file ZipCode.csv:11554 data 35117
    regex_detector_test.go:84: Expected label ZipCode, got  ([]), file ZipCode.csv:11555 data 35118
    regex_detector_test.go:84: Expected label ZipCode, got  ([]), file ZipCode.csv:11556 data 35119
    regex_detector_test.go:84: Expected label ZipCode, got  ([]), file ZipCode.csv:11557 data 35120
    regex_detector_test.go:84: Expected label ZipCode, got  ([]), file ZipCode.csv:11558 data 35121
    regex_detector_test.go:84: Expected label ZipCode, got  ([]), file ZipCode.csv:11559 data 35124
    regex_detector_test.go:84: Expected label ZipCode, got  ([]), file ZipCode.csv:11560 data 35125
    regex_detector_test.go:84: Expected label ZipCode, got  ([]), file ZipCode.csv:11561 data 35126
    regex_detector_test.go:84: Expected label ZipCode, got  ([]), file ZipCode.csv:11562 data 35127
    regex_detector_test.go:84: Expected label ZipCode, got  ([]), file ZipCode.csv:11563 data 35128
    regex_detector_test.go:84: Expected label ZipCode, got  ([]), file ZipCode.csv:11564 data 35130
    regex_detector_test.go:84: Expected label ZipCode, got  ([]), file ZipCode.csv:11565 data 35131
    regex_detector_test.go:84: Expected label ZipCode, got  ([]), file ZipCode.csv:11566 data 35133
    regex_detector_test.go:84: Expected label ZipCode, got  ([]), file ZipCode.csv:11567 data 35135
    regex_detector_test.go:84: Expected label ZipCode, got  ([]), file ZipCode.csv:11568 data 35136
    regex_detector_test.go:84: Expected label ZipCode, got  ([]), file ZipCode.csv:11569 data 35143
    regex_detector_test.go:84: Expected label ZipCode, got  ([]), file ZipCode.csv:11570 data 35146
    regex_detector_test.go:84: Expected label ZipCode, got  ([]), file ZipCode.csv:11571 data 35147
    regex_detector_test.go:84: Expected label ZipCode, got  ([]), file ZipCode.csv:11572 data 35148
    regex_detector_test.go:84: Expected label ZipCode, got  ([]), file ZipCode.csv:11573 data 35149
    regex_detector_test.go:84: Expected label ZipCode, got  ([]), file ZipCode.csv:11574 data 35150
    regex_detector_test.go:84: Expected label ZipCode, got  ([]), file ZipCode.csv:11575 data 35151
    regex_detector_test.go:84: Expected label ZipCode, got  ([]), file ZipCode.csv:11576 data 35160
    regex_detector_test.go:84: Expected label ZipCode, got  ([]), file ZipCode.csv:11577 data 35171
    regex_detector_test.go:84: Expected label ZipCode, got  ([]), file ZipCode.csv:11578 data 35172
    regex_detector_test.go:84: Expected label ZipCode, got  ([]), file ZipCode.csv:11579 data 35173
    regex_detector_test.go:84: Expected label ZipCode, got  ([]), file ZipCode.csv:11580 data 35175
    regex_detector_test.go:84: Expected label ZipCode, got  ([]), file ZipCode.csv:11581 data 35176
    regex_detector_test.go:84: Expected label ZipCode, got  ([]), file ZipCode.csv:11582 data 35178
    regex_detector_test.go:84: Expected label ZipCode, got  ([]), file ZipCode.csv:11583 data 35179
    regex_detector_test.go:84: Expected label ZipCode, got  ([]), file ZipCode.csv:11584 data 35180
    regex_detector_test.go:84: Expected label ZipCode, got  ([]), file ZipCode.csv:11585 data 35181
    regex_detector_test.go:84: Expected label ZipCode, got  ([]), file ZipCode.csv:11586 data 35183
    regex_detector_test.go:84: Expected label ZipCode, got  ([]), file ZipCode.csv:11587 data 35184
    regex_detector_test.go:84: Expected label ZipCode, got  ([]), file ZipCode.csv:11588 data 35185
    regex_detector_test.go:84: Expected label ZipCode, got  ([]), file ZipCode.csv:11589 data 35186
    regex_detector_test.go:84: Expected label ZipCode, got  ([]), file ZipCode.csv:11590 data 35188
    regex_detector_test.go:84: Expected label ZipCode, got  ([]), file ZipCode.csv:11591 data 35203
    regex_detector_test.go:84: Expected label ZipCode, got  ([]), file ZipCode.csv:11592 data 35204
    regex_detector_test.go:84: Expected label ZipCode, got  ([]), file ZipCode.csv:11593 data 35205
    regex_detector_test.go:84: Expected label ZipCode, got  ([]), file ZipCode.csv:11594 data 35206
    regex_detector_test.go:84: Expected label ZipCode, got  ([]), file ZipCode.csv:11595 data 35207
    regex_detector_test.go:84: Expected label ZipCode, got  ([]), file ZipCode.csv:11596 data 35208
    regex_detector_test.go:84: Expected label ZipCode, got  ([]), file ZipCode.csv:11597 data 35209
    regex_detector_test.go:84: Expected label ZipCode, got  ([]), file ZipCode.csv:11598 data 35210
    regex_detector_test.go:84: Expected label ZipCode, got  ([]), file ZipCode.csv:11599 data 35211
    regex_detector_test.go:84: Expected label ZipCode, got  ([]), file ZipCode.csv:11600 data 35212
    regex_detector_test.go:84: Expected label ZipCode, got  ([]), file ZipCode.csv:11601 data 35213
    regex_detector_test.go:84: Expected label ZipCode, got  ([]), file ZipCode.csv:11602 data 35214
    regex_detector_test.go:84: Expected label ZipCode, got  ([]), file ZipCode.csv:11603 data 35215
    regex_detector_test.go:84: Expected label ZipCode, got  ([]), file ZipCode.csv:11604 data 35216
    regex_detector_test.go:84: Expected label ZipCode, got  ([]), file ZipCode.csv:11605 data 35217
    regex_detector_test.go:84: Expected label ZipCode, got  ([]), file ZipCode.csv:11606 data 35218
    regex_detector_test.go:84: Expected label ZipCode, got  ([]), file ZipCode.csv:11607 data 35221
    regex_detector_test.go:84: Expected label ZipCode, got  ([]), file ZipCode.csv:11608 data 35222
    regex_detector_test.go:84: Expected label ZipCode, got  ([]), file ZipCode.csv:11609 data 35223
    regex_detector_test.go:84: Expected label ZipCode, got  ([]), file ZipCode.csv:11610 data 35224
    regex_detector_test.go:84: Expected label ZipCode, got  ([]), file ZipCode.csv:11611 data 35226
    regex_detector_test.go:84: Expected label ZipCode, got  ([]), file ZipCode.csv:11612 data 35228
    regex_detector_test.go:84: Expected label ZipCode, got  ([]), file ZipCode.csv:11613 data 35229
    regex_detector_test.go:84: Expected label ZipCode, got  ([]), file ZipCode.csv:11614 data 35233
    regex_detector_test.go:84: Expected label ZipCode, got  ([]), file ZipCode.csv:11615 data 35234
    regex_detector_test.go:84: Expected label ZipCode, got  ([]), file ZipCode.csv:11616 data 35235
    regex_detector_test.go:84: Expected label ZipCode, got  ([]), file ZipCode.csv:11617 data 35242
    regex_detector_test.go:84: Expected label ZipCode, got  ([]), file ZipCode.csv:11618 data 35243
    regex_detector_test.go:84: Expected label ZipCode, got  ([]), file ZipCode.csv:11619 data 35244
    regex_detector_test.go:84: Expected label ZipCode, got  ([]), file ZipCode.csv:11620 data 35249
    regex_detector_test.go:84: Expected label ZipCode, got  ([]), file ZipCode.csv:11621 data 35254
    regex_detector_test.go:84: Expected label ZipCode, got  ([]), file ZipCode.csv:11622 data 35401
    regex_detector_test.go:84: Expected label ZipCode, got  ([]), file ZipCode.csv:11623 data 35404
    regex_detector_test.go:84: Expected label ZipCode, got  ([]), file ZipCode.csv:11624 data 35405
    regex_detector_test.go:84: Expected label ZipCode, got  ([]), file ZipCode.csv:11625 data 35406
    regex_detector_test.go:84: Expected label ZipCode, got  ([]), file ZipCode.csv:11626 data 35441
    regex_detector_test.go:84: Expected label ZipCode, got  ([]), file ZipCode.csv:11627 data 35442
    regex_detector_test.go:84: Expected label ZipCode, got  ([]), file ZipCode.csv:11628 data 35443
    regex_detector_test.go:84: Expected label ZipCode, got  ([]), file ZipCode.csv:11629 data 35444
    regex_detector_test.go:84: Expected label ZipCode, got  ([]), file ZipCode.csv:11630 data 35446
    regex_detector_test.go:84: Expected label ZipCode, got  ([]), file ZipCode.csv:11631 data 35447
    regex_detector_test.go:84: Expected label ZipCode, got  ([]), file ZipCode.csv:11632 data 35452
    regex_detector_test.go:84: Expected label ZipCode, got  ([]), file ZipCode.csv:11633 data 35453
    regex_detector_test.go:84: Expected label ZipCode, got  ([]), file ZipCode.csv:11634 data 35456
    regex_detector_test.go:84: Expected label ZipCode, got  ([]), file ZipCode.csv:11635 data 35457
    regex_detector_test.go:84: Expected label ZipCode, got  ([]), file ZipCode.csv:11636 data 35458
    regex_detector_test.go:84: Expected label ZipCode, got  ([]), file ZipCode.csv:11637 data 35459
    regex_detector_test.go:84: Expected label ZipCode, got  ([]), file ZipCode.csv:11638 data 35460
    regex_detector_test.go:84: Expected label ZipCode, got  ([]), file ZipCode.csv:11639 data 35461
    regex_detector_test.go:84: Expected label ZipCode, got  ([]), file ZipCode.csv:11640 data 35462
    regex_detector_test.go:84: Expected label ZipCode, got  ([]), file ZipCode.csv:11641 data 35463
    regex_detector_test.go:84: Expected label ZipCode, got  ([]), file ZipCode.csv:11642 data 35464
    regex_detector_test.go:84: Expected label ZipCode, got  ([]), file ZipCode.csv:11643 data 35466
    regex_detector_test.go:84: Expected label ZipCode, got  ([]), file ZipCode.csv:11644 data 35469
    regex_detector_test.go:84: Expected label ZipCode, got  ([]), file ZipCode.csv:11645 data 35470
    regex_detector_test.go:84: Expected label ZipCode, got  ([]), file ZipCode.csv:11646 data 35473
    regex_detector_test.go:84: Expected label ZipCode, got  ([]), file ZipCode.csv:11647 data 35474
    regex_detector_test.go:84: Expected label ZipCode, got  ([]), file ZipCode.csv:11648 data 35475
    regex_detector_test.go:84: Expected label ZipCode, got  ([]), file ZipCode.csv:11649 data 35476
    regex_detector_test.go:84: Expected label ZipCode, got  ([]), file ZipCode.csv:11650 data 35477
    regex_detector_test.go:84: Expected label ZipCode, got  ([]), file ZipCode.csv:11651 data 35480
    regex_detector_test.go:84: Expected label ZipCode, got  ([]), file ZipCode.csv:11652 data 35481
    regex_detector_test.go:84: Expected label ZipCode, got  ([]), file ZipCode.csv:11653 data 35487
    regex_detector_test.go:84: Expected label ZipCode, got  ([]), file ZipCode.csv:11654 data 35490
    regex_detector_test.go:84: Expected label ZipCode, got  ([]), file ZipCode.csv:11655 data 35491
    regex_detector_test.go:84: Expected label ZipCode, got  ([]), file ZipCode.csv:11656 data 35501
    regex_detector_test.go:84: Expected label ZipCode, got  ([]), file ZipCode.csv:11657 data 35503
    regex_detector_test.go:84: Expected label ZipCode, got  ([]), file ZipCode.csv:11658 data 35504
    regex_detector_test.go:84: Expected label ZipCode, got  ([]), file ZipCode.csv:11659 data 35540
    regex_detector_test.go:84: Expected label ZipCode, got  ([]), file ZipCode.csv:11660 data 35541
    regex_detector_test.go:84: Expected label ZipCode, got  ([]), file ZipCode.csv:11661 data 35542
    regex_detector_test.go:84: Expected label ZipCode, got  ([]), file ZipCode.csv:11662 data 35543
    regex_detector_test.go:84: Expected label ZipCode, got  ([]), file ZipCode.csv:11663 data 35544
    regex_detector_test.go:84: Expected label ZipCode, got  ([]), file ZipCode.csv:11664 data 35545
    regex_detector_test.go:84: Expected label ZipCode, got  ([]), file ZipCode.csv:11665 data 35546
    regex_detector_test.go:84: Expected label ZipCode, got  ([]), file ZipCode.csv:11666 data 35548
    regex_detector_test.go:84: Expected label ZipCode, got  ([]), file ZipCode.csv:11667 data 35549
    regex_detector_test.go:84: Expected label ZipCode, got  ([]), file ZipCode.csv:11668 data 35550
    regex_detector_test.go:84: Expected label ZipCode, got  ([]), file ZipCode.csv:11669 data 35552
    regex_detector_test.go:84: Expected label ZipCode, got  ([]), file ZipCode.csv:11670 data 35553
    regex_detector_test.go:84: Expected label ZipCode, got  ([]), file ZipCode.csv:11671 data 35554
    regex_detector_test.go:84: Expected label ZipCode, got  ([]), file ZipCode.csv:11672 data 35555
    regex_detector_test.go:84: Expected label ZipCode, got  ([]), file ZipCode.csv:11673 data 35559
    regex_detector_test.go:84: Expected label ZipCode, got  ([]), file ZipCode.csv:11674 data 35563
    regex_detector_test.go:84: Expected label ZipCode, got  ([]), file ZipCode.csv:11675 data 35564
    regex_detector_test.go:84: Expected label ZipCode, got  ([]), file ZipCode.csv:11676 data 35565
    regex_detector_test.go:84: Expected label ZipCode, got  ([]), file ZipCode.csv:11677 data 35570
    regex_detector_test.go:84: Expected label ZipCode, got  ([]), file ZipCode.csv:11678 data 35571
    regex_detector_test.go:84: Expected label ZipCode, got  ([]), file ZipCode.csv:11679 data 35572
    regex_detector_test.go:84: Expected label ZipCode, got  ([]), file ZipCode.csv:11680 data 35573
    regex_detector_test.go:84: Expected label ZipCode, got  ([]), file ZipCode.csv:11681 data 35574
    regex_detector_test.go:84: Expected label ZipCode, got  ([]), file ZipCode.csv:11682 data 35575
    regex_detector_test.go:84: Expected label ZipCode, got  ([]), file ZipCode.csv:11683 data 35576
    regex_detector_test.go:84: Expected label ZipCode, got  ([]), file ZipCode.csv:11684 data 35577
    regex_detector_test.go:84: Expected label ZipCode, got  ([]), file ZipCode.csv:11685 data 35578
    regex_detector_test.go:84: Expected label ZipCode, got  ([]), file ZipCode.csv:11686 data 35579
    regex_detector_test.go:84: Expected label ZipCode, got  ([]), file ZipCode.csv:11687 data 35580
    regex_detector_test.go:84: Expected label ZipCode, got  ([]), file ZipCode.csv:11688 data 35581
    regex_detector_test.go:84: Expected label ZipCode, got  ([]), file ZipCode.csv:11689 data 35582
    regex_detector_test.go:84: Expected label ZipCode, got  ([]), file ZipCode.csv:11690 data 35584
    regex_detector_test.go:84: Expected label ZipCode, got  ([]), file ZipCode.csv:11691 data 35585
    regex_detector_test.go:84: Expected label ZipCode, got  ([]), file ZipCode.csv:11692 data 35586
    regex_detector_test.go:84: Expected label ZipCode, got  ([]), file ZipCode.csv:11693 data 35587
    regex_detector_test.go:84: Expected label ZipCode, got  ([]), file ZipCode.csv:11694 data 35592
    regex_detector_test.go:84: Expected label ZipCode, got  ([]), file ZipCode.csv:11695 data 35593
    regex_detector_test.go:84: Expected label ZipCode, got  ([]), file ZipCode.csv:11696 data 35594
    regex_detector_test.go:84: Expected label ZipCode, got  ([]), file ZipCode.csv:11697 data 35601
    regex_detector_test.go:84: Expected label ZipCode, got  ([]), file ZipCode.csv:11698 data 35603
    regex_detector_test.go:84: Expected label ZipCode, got  ([]), file ZipCode.csv:11699 data 35610
    regex_detector_test.go:84: Expected label ZipCode, got  ([]), file ZipCode.csv:11700 data 35611
    regex_detector_test.go:84: Expected label ZipCode, got  ([]), file ZipCode.csv:11701 data 35613
    regex_detector_test.go:84: Expected label ZipCode, got  ([]), file ZipCode.csv:11702 data 35614
    regex_detector_test.go:84: Expected label ZipCode, got  ([]), file ZipCode.csv:11703 data 35615
    regex_detector_test.go:84: Expected label ZipCode, got  ([]), file ZipCode.csv:11704 data 35616
    regex_detector_test.go:84: Expected label ZipCode, got  ([]), file ZipCode.csv:11705 data 35618
    regex_detector_test.go:84: Expected label ZipCode, got  ([]), file ZipCode.csv:11706 data 35619
    regex_detector_test.go:84: Expected label ZipCode, got  ([]), file ZipCode.csv:11707 data 35620
    regex_detector_test.go:84: Expected label ZipCode, got  ([]), file ZipCode.csv:11708 data 35621
    regex_detector_test.go:84: Expected label ZipCode, got  ([]), file ZipCode.csv:11709 data 35622
    regex_detector_test.go:84: Expected label ZipCode, got  ([]), file ZipCode.csv:11710 data 35630
    regex_detector_test.go:84: Expected label ZipCode, got  ([]), file ZipCode.csv:11711 data 35632
    regex_detector_test.go:84: Expected label ZipCode, got  ([]), file ZipCode.csv:11712 data 35633
    regex_detector_test.go:84: Expected label ZipCode, got  ([]), file ZipCode.csv:11713 data 35634
    regex_detector_test.go:84: Expected label ZipCode, got  ([]), file ZipCode.csv:11714 data 35640
    regex_detector_test.go:84: Expected label ZipCode, got  ([]), file ZipCode.csv:11715 data 35643
    regex_detector_test.go:84: Expected label ZipCode, got  ([]), file ZipCode.csv:11716 data 35645
    regex_detector_test.go:84: Expected label ZipCode, got  ([]), file ZipCode.csv:11717 data 35646
    regex_detector_test.go:84: Expected label ZipCode, got  ([]), file ZipCode.csv:11718 data 35647
    regex_detector_test.go:84: Expected label ZipCode, got  ([]), file ZipCode.csv:11719 data 35648
    regex_detector_test.go:84: Expected label ZipCode, got  ([]), file ZipCode.csv:11720 data 35649
    regex_detector_test.go:84: Expected label ZipCode, got  ([]), file ZipCode.csv:11721 data 35650
    regex_detector_test.go:84: Expected label ZipCode, got  ([]), file ZipCode.csv:11722 data 35651
    regex_detector_test.go:84: Expected label ZipCode, got  ([]), file ZipCode.csv:11723 data 35652
    regex_detector_test.go:84: Expected label ZipCode, got  ([]), file ZipCode.csv:11724 data 35653
    regex_detector_test.go:84: Expected label ZipCode, got  ([]), file ZipCode.csv:11725 data 35654
    regex_detector_test.go:84: Expected label ZipCode, got  ([]), file ZipCode.csv:11726 data 35660
    regex_detector_test.go:84: Expected label ZipCode, got  ([]), file ZipCode.csv:11727 data 35661
    regex_detector_test.go:84: Expected label ZipCode, got  ([]), file ZipCode.csv:11728 data 35670
    regex_detector_test.go:84: Expected label ZipCode, got  ([]), file ZipCode.csv:11729 data 35671
    regex_detector_test.go:84: Expected label ZipCode, got  ([]), file ZipCode.csv:11730 data 35672
    regex_detector_test.go:84: Expected label ZipCode, got  ([]), file ZipCode.csv:11731 data 35673
    regex_detector_test.go:84: Expected label ZipCode, got  ([]), file ZipCode.csv:11732 data 35674
    regex_detector_test.go:84: Expected label ZipCode, got  ([]), file ZipCode.csv:11733 data 35677
    regex_detector_test.go:84: Expected label ZipCode, got  ([]), file ZipCode.csv:11734 data 35739
    regex_detector_test.go:84: Expected label ZipCode, got  ([]), file ZipCode.csv:11735 data 35740
    regex_detector_test.go:84: Expected label ZipCode, got  ([]), file ZipCode.csv:11736 data 35741
    regex_detector_test.go:84: Expected label ZipCode, got  ([]), file ZipCode.csv:11737 data 35744
    regex_detector_test.go:84: Expected label ZipCode, got  ([]), file ZipCode.csv:11738 data 35745
    regex_detector_test.go:84: Expected label ZipCode, got  ([]), file ZipCode.csv:11739 data 35746
    regex_detector_test.go:84: Expected label ZipCode, got  ([]), file ZipCode.csv:11740 data 35747
    regex_detector_test.go:84: Expected label ZipCode, got  ([]), file ZipCode.csv:11741 data 35748
    regex_detector_test.go:84: Expected label ZipCode, got  ([]), file ZipCode.csv:11742 data 35749
    regex_detector_test.go:84: Expected label ZipCode, got  ([]), file ZipCode.csv:11743 data 35750
    regex_detector_test.go:84: Expected label ZipCode, got  ([]), file ZipCode.csv:11744 data 35751
    regex_detector_test.go:84: Expected label ZipCode, got  ([]), file ZipCode.csv:11745 data 35752
    regex_detector_test.go:84: Expected label ZipCode, got  ([]), file ZipCode.csv:11746 data 35754
    regex_detector_test.go:84: Expected label ZipCode, got  ([]), file ZipCode.csv:11747 data 35755
    regex_detector_test.go:84: Expected label ZipCode, got  ([]), file ZipCode.csv:11748 data 35756
    regex_detector_test.go:84: Expected label ZipCode, got  ([]), file ZipCode.csv:11749 data 35757
    regex_detector_test.go:84: Expected label ZipCode, got  ([]), file ZipCode.csv:11750 data 35758
    regex_detector_test.go:84: Expected label ZipCode, got  ([]), file ZipCode.csv:11751 data 35759
    regex_detector_test.go:84: Expected label ZipCode, got  ([]), file ZipCode.csv:11752 data 35760
    regex_detector_test.go:84: Expected label ZipCode, got  ([]), file ZipCode.csv:11753 data 35761
    regex_detector_test.go:84: Expected label ZipCode, got  ([]), file ZipCode.csv:11754 data 35763
    regex_detector_test.go:84: Expected label ZipCode, got  ([]), file ZipCode.csv:11755 data 35764
    regex_detector_test.go:84: Expected label ZipCode, got  ([]), file ZipCode.csv:11756 data 35765
    regex_detector_test.go:84: Expected label ZipCode, got  ([]), file ZipCode.csv:11757 data 35766
    regex_detector_test.go:84: Expected label ZipCode, got  ([]), file ZipCode.csv:11758 data 35768
    regex_detector_test.go:84: Expected label ZipCode, got  ([]), file ZipCode.csv:11759 data 35769
    regex_detector_test.go:84: Expected label ZipCode, got  ([]), file ZipCode.csv:11760 data 35771
    regex_detector_test.go:84: Expected label ZipCode, got  ([]), file ZipCode.csv:11761 data 35772
    regex_detector_test.go:84: Expected label ZipCode, got  ([]), file ZipCode.csv:11762 data 35773
    regex_detector_test.go:84: Expected label ZipCode, got  ([]), file ZipCode.csv:11763 data 35774
    regex_detector_test.go:84: Expected label ZipCode, got  ([]), file ZipCode.csv:11764 data 35775
    regex_detector_test.go:84: Expected label ZipCode, got  ([]), file ZipCode.csv:11765 data 35776
    regex_detector_test.go:84: Expected label ZipCode, got  ([]), file ZipCode.csv:11766 data 35801
    regex_detector_test.go:84: Expected label ZipCode, got  ([]), file ZipCode.csv:11767 data 35802
    regex_detector_test.go:84: Expected label ZipCode, got  ([]), file ZipCode.csv:11768 data 35803
    regex_detector_test.go:84: Expected label ZipCode, got  ([]), file ZipCode.csv:11769 data 35805
    regex_detector_test.go:84: Expected label ZipCode, got  ([]), file ZipCode.csv:11770 data 35806
    regex_detector_test.go:84: Expected label ZipCode, got  ([]), file ZipCode.csv:11771 data 35808
    regex_detector_test.go:84: Expected label ZipCode, got  ([]), file ZipCode.csv:11772 data 35810
    regex_detector_test.go:84: Expected label ZipCode, got  ([]), file ZipCode.csv:11773 data 35811
    regex_detector_test.go:84: Expected label ZipCode, got  ([]), file ZipCode.csv:11774 data 35816
    regex_detector_test.go:84: Expected label ZipCode, got  ([]), file ZipCode.csv:11775 data 35824
    regex_detector_test.go:84: Expected label ZipCode, got  ([]), file ZipCode.csv:11776 data 35896
    regex_detector_test.go:84: Expected label ZipCode, got  ([]), file ZipCode.csv:11777 data 35901
    regex_detector_test.go:84: Expected label ZipCode, got  ([]), file ZipCode.csv:11778 data 35903
    regex_detector_test.go:84: Expected label ZipCode, got  ([]), file ZipCode.csv:11779 data 35904
    regex_detector_test.go:84: Expected label ZipCode, got  ([]), file ZipCode.csv:11780 data 35905
    regex_detector_test.go:84: Expected label ZipCode, got  ([]), file ZipCode.csv:11781 data 35906
    regex_detector_test.go:84: Expected label ZipCode, got  ([]), file ZipCode.csv:11782 data 35907
    regex_detector_test.go:84: Expected label ZipCode, got  ([]), file ZipCode.csv:11783 data 35950
    regex_detector_test.go:84: Expected label ZipCode, got  ([]), file ZipCode.csv:11784 data 35951
    regex_detector_test.go:84: Expected label ZipCode, got  ([]), file ZipCode.csv:11785 data 35952
    regex_detector_test.go:84: Expected label ZipCode, got  ([]), file ZipCode.csv:11786 data 35953
    regex_detector_test.go:84: Expected label ZipCode, got  ([]), file ZipCode.csv:11787 data 35954
    regex_detector_test.go:84: Expected label ZipCode, got  ([]), file ZipCode.csv:11788 data 35956
    regex_detector_test.go:84: Expected label ZipCode, got  ([]), file ZipCode.csv:11789 data 35957
    regex_detector_test.go:84: Expected label ZipCode, got  ([]), file ZipCode.csv:11790 data 35958
    regex_detector_test.go:84: Expected label ZipCode, got  ([]), file ZipCode.csv:11791 data 35959
    regex_detector_test.go:84: Expected label ZipCode, got  ([]), file ZipCode.csv:11792 data 35960
    regex_detector_test.go:84: Expected label ZipCode, got  ([]), file ZipCode.csv:11793 data 35961
    regex_detector_test.go:84: Expected label ZipCode, got  ([]), file ZipCode.csv:11794 data 35962
    regex_detector_test.go:84: Expected label ZipCode, got  ([]), file ZipCode.csv:11795 data 35963
    regex_detector_test.go:84: Expected label ZipCode, got  ([]), file ZipCode.csv:11796 data 35966
    regex_detector_test.go:84: Expected label ZipCode, got  ([]), file ZipCode.csv:11797 data 35967
    regex_detector_test.go:84: Expected label ZipCode, got  ([]), file ZipCode.csv:11798 data 35968
    regex_detector_test.go:84: Expected label ZipCode, got  ([]), file ZipCode.csv:11799 data 35971
    regex_detector_test.go:84: Expected label ZipCode, got  ([]), file ZipCode.csv:11800 data 35972
    regex_detector_test.go:84: Expected label ZipCode, got  ([]), file ZipCode.csv:11801 data 35973
    regex_detector_test.go:84: Expected label ZipCode, got  ([]), file ZipCode.csv:11802 data 35974
    regex_detector_test.go:84: Expected label ZipCode, got  ([]), file ZipCode.csv:11803 data 35975
    regex_detector_test.go:84: Expected label ZipCode, got  ([]), file ZipCode.csv:11804 data 35976
    regex_detector_test.go:84: Expected label ZipCode, got  ([]), file ZipCode.csv:11805 data 35978
    regex_detector_test.go:84: Expected label ZipCode, got  ([]), file ZipCode.csv:11806 data 35979
    regex_detector_test.go:84: Expected label ZipCode, got  ([]), file ZipCode.csv:11807 data 35980
    regex_detector_test.go:84: Expected label ZipCode, got  ([]), file ZipCode.csv:11808 data 35981
    regex_detector_test.go:84: Expected label ZipCode, got  ([]), file ZipCode.csv:11809 data 35983
    regex_detector_test.go:84: Expected label ZipCode, got  ([]), file ZipCode.csv:11810 data 35984
    regex_detector_test.go:84: Expected label ZipCode, got  ([]), file ZipCode.csv:11811 data 35986
    regex_detector_test.go:84: Expected label ZipCode, got  ([]), file ZipCode.csv:11812 data 35987
    regex_detector_test.go:84: Expected label ZipCode, got  ([]), file ZipCode.csv:11813 data 35988
    regex_detector_test.go:84: Expected label ZipCode, got  ([]), file ZipCode.csv:11814 data 35989
    regex_detector_test.go:84: Expected label ZipCode, got  ([]), file ZipCode.csv:11815 data 35990
    regex_detector_test.go:84: Expected label ZipCode, got  ([]), file ZipCode.csv:11816 data 36003
    regex_detector_test.go:84: Expected label ZipCode, got  ([]), file ZipCode.csv:11817 data 36005
    regex_detector_test.go:84: Expected label ZipCode, got  ([]), file ZipCode.csv:11818 data 36006
    regex_detector_test.go:84: Expected label ZipCode, got  ([]), file ZipCode.csv:11819 data 36008
    regex_detector_test.go:84: Expected label ZipCode, got  ([]), file ZipCode.csv:11820 data 36009
    regex_detector_test.go:84: Expected label ZipCode, got  ([]), file ZipCode.csv:11821 data 36010
    regex_detector_test.go:84: Expected label ZipCode, got  ([]), file ZipCode.csv:11822 data 36013
    regex_detector_test.go:84: Expected label ZipCode, got  ([]), file ZipCode.csv:11823 data 36016
    regex_detector_test.go:84: Expected label ZipCode, got  ([]), file ZipCode.csv:11824 data 36017
    regex_detector_test.go:84: Expected label ZipCode, got  ([]), file ZipCode.csv:11825 data 36020
    regex_detector_test.go:84: Expected label ZipCode, got  ([]), file ZipCode.csv:11826 data 36022
    regex_detector_test.go:84: Expected label ZipCode, got  ([]), file ZipCode.csv:11827 data 36024
    regex_detector_test.go:84: Expected label ZipCode, got  ([]), file ZipCode.csv:11828 data 36025
    regex_detector_test.go:84: Expected label ZipCode, got  ([]), file ZipCode.csv:11829 data 36026
    regex_detector_test.go:84: Expected label ZipCode, got  ([]), file ZipCode.csv:11830 data 36027
    regex_detector_test.go:84: Expected label ZipCode, got  ([]), file ZipCode.csv:11831 data 36028
    regex_detector_test.go:84: Expected label ZipCode, got  ([]), file ZipCode.csv:11832 data 36029
    regex_detector_test.go:84: Expected label ZipCode, got  ([]), file ZipCode.csv:11833 data 36030
    regex_detector_test.go:84: Expected label ZipCode, got  ([]), file ZipCode.csv:11834 data 36031
    regex_detector_test.go:84: Expected label ZipCode, got  ([]), file ZipCode.csv:11835 data 36032
    regex_detector_test.go:84: Expected label ZipCode, got  ([]), file ZipCode.csv:11836 data 36033
    regex_detector_test.go:84: Expected label ZipCode, got  ([]), file ZipCode.csv:11837 data 36034
    regex_detector_test.go:84: Expected label ZipCode, got  ([]), file ZipCode.csv:11838 data 36035
    regex_detector_test.go:84: Expected label ZipCode, got  ([]), file ZipCode.csv:11839 data 36036
    regex_detector_test.go:84: Expected label ZipCode, got  ([]), file ZipCode.csv:11840 data 36037
    regex_detector_test.go:84: Expected label ZipCode, got  ([]), file ZipCode.csv:11841 data 36038
    regex_detector_test.go:84: Expected label ZipCode, got  ([]), file ZipCode.csv:11842 data 36039
    regex_detector_test.go:84: Expected label ZipCode, got  ([]), file ZipCode.csv:11843 data 36040
    regex_detector_test.go:84: Expected label ZipCode, got  ([]), file ZipCode.csv:11844 data 36041
    regex_detector_test.go:84: Expected label ZipCode, got  ([]), file ZipCode.csv:11845 data 36042
    regex_detector_test.go:84: Expected label ZipCode, got  ([]), file ZipCode.csv:11846 data 36043
    regex_detector_test.go:84: Expected label ZipCode, got  ([]), file ZipCode.csv:11847 data 36046
    regex_detector_test.go:84: Expected label ZipCode, got  ([]), file ZipCode.csv:11848 data 36047
    regex_detector_test.go:84: Expected label ZipCode, got  ([]), file ZipCode.csv:11849 data 36048
    regex_detector_test.go:84: Expected label ZipCode, got  ([]), file ZipCode.csv:11850 data 36049
    regex_detector_test.go:84: Expected label ZipCode, got  ([]), file ZipCode.csv:11851 data 36051
    regex_detector_test.go:84: Expected label ZipCode, got  ([]), file ZipCode.csv:11852 data 36052
    regex_detector_test.go:84: Expected label ZipCode, got  ([]), file ZipCode.csv:11853 data 36053
    regex_detector_test.go:84: Expected label ZipCode, got  ([]), file ZipCode.csv:11854 data 36054
    regex_detector_test.go:84: Expected label ZipCode, got  ([]), file ZipCode.csv:11855 data 36057
    regex_detector_test.go:84: Expected label ZipCode, got  ([]), file ZipCode.csv:11856 data 36064
    regex_detector_test.go:84: Expected label ZipCode, got  ([]), file ZipCode.csv:11857 data 36066
    regex_detector_test.go:84: Expected label ZipCode, got  ([]), file ZipCode.csv:11858 data 36067
    regex_detector_test.go:84: Expected label ZipCode, got  ([]), file ZipCode.csv:11859 data 36069
    regex_detector_test.go:84: Expected label ZipCode, got  ([]), file ZipCode.csv:11860 data 36071
    regex_detector_test.go:84: Expected label ZipCode, got  ([]), file ZipCode.csv:11861 data 36075
    regex_detector_test.go:84: Expected label ZipCode, got  ([]), file ZipCode.csv:11862 data 36078
    regex_detector_test.go:84: Expected label ZipCode, got  ([]), file ZipCode.csv:11863 data 36079
    regex_detector_test.go:84: Expected label ZipCode, got  ([]), file ZipCode.csv:11864 data 36080
    regex_detector_test.go:84: Expected label ZipCode, got  ([]), file ZipCode.csv:11865 data 36081
    regex_detector_test.go:84: Expected label ZipCode, got  ([]), file ZipCode.csv:11866 data 36082
    regex_detector_test.go:84: Expected label ZipCode, got  ([]), file ZipCode.csv:11867 data 36083
    regex_detector_test.go:84: Expected label ZipCode, got  ([]), file ZipCode.csv:11868 data 36088
    regex_detector_test.go:84: Expected label ZipCode, got  ([]), file ZipCode.csv:11869 data 36089
    regex_detector_test.go:84: Expected label ZipCode, got  ([]), file ZipCode.csv:11870 data 36091
    regex_detector_test.go:84: Expected label ZipCode, got  ([]), file ZipCode.csv:11871 data 36092
    regex_detector_test.go:84: Expected label ZipCode, got  ([]), file ZipCode.csv:11872 data 36093
    regex_detector_test.go:84: Expected label ZipCode, got  ([]), file ZipCode.csv:11873 data 36101
    regex_detector_test.go:84: Expected label ZipCode, got  ([]), file ZipCode.csv:11874 data 36104
    regex_detector_test.go:84: Expected label ZipCode, got  ([]), file ZipCode.csv:11875 data 36105
    regex_detector_test.go:84: Expected label ZipCode, got  ([]), file ZipCode.csv:11876 data 36106
    regex_detector_test.go:84: Expected label ZipCode, got  ([]), file ZipCode.csv:11877 data 36107
    regex_detector_test.go:84: Expected label ZipCode, got  ([]), file ZipCode.csv:11878 data 36108
    regex_detector_test.go:84: Expected label ZipCode, got  ([]), file ZipCode.csv:11879 data 36109
    regex_detector_test.go:84: Expected label ZipCode, got  ([]), file ZipCode.csv:11880 data 36110
    regex_detector_test.go:84: Expected label ZipCode, got  ([]), file ZipCode.csv:11881 data 36111
    regex_detector_test.go:84: Expected label ZipCode, got  ([]), file ZipCode.csv:11882 data 36112
    regex_detector_test.go:84: Expected label ZipCode, got  ([]), file ZipCode.csv:11883 data 36113
    regex_detector_test.go:84: Expected label ZipCode, got  ([]), file ZipCode.csv:11884 data 36114
    regex_detector_test.go:84: Expected label ZipCode, got  ([]), file ZipCode.csv:11885 data 36115
    regex_detector_test.go:84: Expected label ZipCode, got  ([]), file ZipCode.csv:11886 data 36116
    regex_detector_test.go:84: Expected label ZipCode, got  ([]), file ZipCode.csv:11887 data 36117
    regex_detector_test.go:84: Expected label ZipCode, got  ([]), file ZipCode.csv:11888 data 36130
    regex_detector_test.go:84: Expected label ZipCode, got  ([]), file ZipCode.csv:11889 data 36201
    regex_detector_test.go:84: Expected label ZipCode, got  ([]), file ZipCode.csv:11890 data 36203
    regex_detector_test.go:84: Expected label ZipCode, got  ([]), file ZipCode.csv:11891 data 36205
    regex_detector_test.go:84: Expected label ZipCode, got  ([]), file ZipCode.csv:11892 data 36206
    regex_detector_test.go:84: Expected label ZipCode, got  ([]), file ZipCode.csv:11893 data 36207
    regex_detector_test.go:84: Expected label ZipCode, got  ([]), file ZipCode.csv:11894 data 36250
    regex_detector_test.go:84: Expected label ZipCode, got  ([]), file ZipCode.csv:11895 data 36251
    regex_detector_test.go:84: Expected label ZipCode, got  ([]), file ZipCode.csv:11896 data 36255
    regex_detector_test.go:84: Expected label ZipCode, got  ([]), file ZipCode.csv:11897 data 36256
    regex_detector_test.go:84: Expected label ZipCode, got  ([]), file ZipCode.csv:11898 data 36258
    regex_detector_test.go:84: Expected label ZipCode, got  ([]), file ZipCode.csv:11899 data 36260
    regex_detector_test.go:84: Expected label ZipCode, got  ([]), file ZipCode.csv:11900 data 36262
    regex_detector_test.go:84: Expected label ZipCode, got  ([]), file ZipCode.csv:11901 data 36263
    regex_detector_test.go:84: Expected label ZipCode, got  ([]), file ZipCode.csv:11902 data 36264
    regex_detector_test.go:84: Expected label ZipCode, got  ([]), file ZipCode.csv:11903 data 36265
    regex_detector_test.go:84: Expected label ZipCode, got  ([]), file ZipCode.csv:11904 data 36266
    regex_detector_test.go:84: Expected label ZipCode, got  ([]), file ZipCode.csv:11905 data 36267
    regex_detector_test.go:84: Expected label ZipCode, got  ([]), file ZipCode.csv:11906 data 36268
    regex_detector_test.go:84: Expected label ZipCode, got  ([]), file ZipCode.csv:11907 data 36269
    regex_detector_test.go:84: Expected label ZipCode, got  ([]), file ZipCode.csv:11908 data 36271
    regex_detector_test.go:84: Expected label ZipCode, got  ([]), file ZipCode.csv:11909 data 36272
    regex_detector_test.go:84: Expected label ZipCode, got  ([]), file ZipCode.csv:11910 data 36273
    regex_detector_test.go:84: Expected label ZipCode, got  ([]), file ZipCode.csv:11911 data 36274
    regex_detector_test.go:84: Expected label ZipCode, got  ([]), file ZipCode.csv:11912 data 36276
    regex_detector_test.go:84: Expected label ZipCode, got  ([]), file ZipCode.csv:11913 data 36277
    regex_detector_test.go:84: Expected label ZipCode, got  ([]), file ZipCode.csv:11914 data 36278
    regex_detector_test.go:84: Expected label ZipCode, got  ([]), file ZipCode.csv:11915 data 36279
    regex_detector_test.go:84: Expected label ZipCode, got  ([]), file ZipCode.csv:11916 data 36280
    regex_detector_test.go:84: Expected label ZipCode, got  ([]), file ZipCode.csv:11917 data 36301
    regex_detector_test.go:84: Expected label ZipCode, got  ([]), file ZipCode.csv:11918 data 36303
    regex_detector_test.go:84: Expected label ZipCode, got  ([]), file ZipCode.csv:11919 data 36305
    regex_detector_test.go:84: Expected label ZipCode, got  ([]), file ZipCode.csv:11920 data 36310
    regex_detector_test.go:84: Expected label ZipCode, got  ([]), file ZipCode.csv:11921 data 36311
    regex_detector_test.go:84: Expected label ZipCode, got  ([]), file ZipCode.csv:11922 data 36312
    regex_detector_test.go:84: Expected label ZipCode, got  ([]), file ZipCode.csv:11923 data 36313
    regex_detector_test.go:84: Expected label ZipCode, got  ([]), file ZipCode.csv:11924 data 36314
    regex_detector_test.go:84: Expected label ZipCode, got  ([]), file ZipCode.csv:11925 data 36316
    regex_detector_test.go:84: Expected label ZipCode, got  ([]), file ZipCode.csv:11926 data 36317
    regex_detector_test.go:84: Expected label ZipCode, got  ([]), file ZipCode.csv:11927 data 36318
    regex_detector_test.go:84: Expected label ZipCode, got  ([]), file ZipCode.csv:11928 data 36319
    regex_detector_test.go:84: Expected label ZipCode, got  ([]), file ZipCode.csv:11929 data 36320
    regex_detector_test.go:84: Expected label ZipCode, got  ([]), file ZipCode.csv:11930 data 36321
    regex_detector_test.go:84: Expected label ZipCode, got  ([]), file ZipCode.csv:11931 data 36322
    regex_detector_test.go:84: Expected label ZipCode, got  ([]), file ZipCode.csv:11932 data 36323
    regex_detector_test.go:84: Expected label ZipCode, got  ([]), file ZipCode.csv:11933 data 36330
    regex_detector_test.go:84: Expected label ZipCode, got  ([]), file ZipCode.csv:11934 data 36340
    regex_detector_test.go:84: Expected label ZipCode, got  ([]), file ZipCode.csv:11935 data 36343
    regex_detector_test.go:84: Expected label ZipCode, got  ([]), file ZipCode.csv:11936 data 36344
    regex_detector_test.go:84: Expected label ZipCode, got  ([]), file ZipCode.csv:11937 data 36345
    regex_detector_test.go:84: Expected label ZipCode, got  ([]), file ZipCode.csv:11938 data 36346
    regex_detector_test.go:84: Expected label ZipCode, got  ([]), file ZipCode.csv:11939 data 36350
    regex_detector_test.go:84: Expected label ZipCode, got  ([]), file ZipCode.csv:11940 data 36351
    regex_detector_test.go:84: Expected label ZipCode, got  ([]), file ZipCode.csv:11941 data 36352
    regex_detector_test.go:84: Expected label ZipCode, got  ([]), file ZipCode.csv:11942 data 36353
    regex_detector_test.go:84: Expected label ZipCode, got  ([]), file ZipCode.csv:11943 data 36360
    regex_detector_test.go:84: Expected label ZipCode, got  ([]), file ZipCode.csv:11944 data 36362
    regex_detector_test.go:84: Expected label ZipCode, got  ([]), file ZipCode.csv:11945 data 36370
    regex_detector_test.go:84: Expected label ZipCode, got  ([]), file ZipCode.csv:11946 data 36371
    regex_detector_test.go:84: Expected label ZipCode, got  ([]), file ZipCode.csv:11947 data 36373
    regex_detector_test.go:84: Expected label ZipCode, got  ([]), file ZipCode.csv:11948 data 36374
    regex_detector_test.go:84: Expected label ZipCode, got  ([]), file ZipCode.csv:11949 data 36375
    regex_detector_test.go:84: Expected label ZipCode, got  ([]), file ZipCode.csv:11950 data 36376
    regex_detector_test.go:84: Expected label ZipCode, got  ([]), file ZipCode.csv:11951 data 36401
    regex_detector_test.go:84: Expected label ZipCode, got  ([]), file ZipCode.csv:11952 data 36420
    regex_detector_test.go:84: Expected label ZipCode, got  ([]), file ZipCode.csv:11953 data 36421
    regex_detector_test.go:84: Expected label ZipCode, got  ([]), file ZipCode.csv:11954 data 36425
    regex_detector_test.go:84: Expected label ZipCode, got  ([]), file ZipCode.csv:11955 data 36426
    regex_detector_test.go:84: Expected label ZipCode, got  ([]), file ZipCode.csv:11956 data 36432
    regex_detector_test.go:84: Expected label ZipCode, got  ([]), file ZipCode.csv:11957 data 36435
    regex_detector_test.go:84: Expected label ZipCode, got  ([]), file ZipCode.csv:11958 data 36436
    regex_detector_test.go:84: Expected label ZipCode, got  ([]), file ZipCode.csv:11959 data 36439
    regex_detector_test.go:84: Expected label ZipCode, got  ([]), file ZipCode.csv:11960 data 36441
    regex_detector_test.go:84: Expected label ZipCode, got  ([]), file ZipCode.csv:11961 data 36442
    regex_detector_test.go:84: Expected label ZipCode, got  ([]), file ZipCode.csv:11962 data 36444
    regex_detector_test.go:84: Expected label ZipCode, got  ([]), file ZipCode.csv:11963 data 36445
    regex_detector_test.go:84: Expected label ZipCode, got  ([]), file ZipCode.csv:11964 data 36446
    regex_detector_test.go:84: Expected label ZipCode, got  ([]), file ZipCode.csv:11965 data 36451
    regex_detector_test.go:84: Expected label ZipCode, got  ([]), file ZipCode.csv:11966 data 36453
    regex_detector_test.go:84: Expected label ZipCode, got  ([]), file ZipCode.csv:11967 data 36454
    regex_detector_test.go:84: Expected label ZipCode, got  ([]), file ZipCode.csv:11968 data 36455
    regex_detector_test.go:84: Expected label ZipCode, got  ([]), file ZipCode.csv:11969 data 36456
    regex_detector_test.go:84: Expected label ZipCode, got  ([]), file ZipCode.csv:11970 data 36460
    regex_detector_test.go:84: Expected label ZipCode, got  ([]), file ZipCode.csv:11971 data 36467
    regex_detector_test.go:84: Expected label ZipCode, got  ([]), file ZipCode.csv:11972 data 36470
    regex_detector_test.go:84: Expected label ZipCode, got  ([]), file ZipCode.csv:11973 data 36471
    regex_detector_test.go:84: Expected label ZipCode, got  ([]), file ZipCode.csv:11974 data 36473
    regex_detector_test.go:84: Expected label ZipCode, got  ([]), file ZipCode.csv:11975 data 36474
    regex_detector_test.go:84: Expected label ZipCode, got  ([]), file ZipCode.csv:11976 data 36475
    regex_detector_test.go:84: Expected label ZipCode, got  ([]), file ZipCode.csv:11977 data 36476
    regex_detector_test.go:84: Expected label ZipCode, got  ([]), file ZipCode.csv:11978 data 36477
    regex_detector_test.go:84: Expected label ZipCode, got  ([]), file ZipCode.csv:11979 data 36480
    regex_detector_test.go:84: Expected label ZipCode, got  ([]), file ZipCode.csv:11980 data 36481
    regex_detector_test.go:84: Expected label ZipCode, got  ([]), file ZipCode.csv:11981 data 36482
    regex_detector_test.go:84: Expected label ZipCode, got  ([]), file ZipCode.csv:11982 data 36483
    regex_detector_test.go:84: Expected label ZipCode, got  ([]), file ZipCode.csv:11983 data 36502
    regex_detector_test.go:84: Expected label ZipCode, got  ([]), file ZipCode.csv:11984 data 36503
    regex_detector_test.go:84: Expected label ZipCode, got  ([]), file ZipCode.csv:11985 data 36505
    regex_detector_test.go:84: Expected label ZipCode, got  ([]), file ZipCode.csv:11986 data 36507
    regex_detector_test.go:84: Expected label ZipCode, got  ([]), file ZipCode.csv:11987 data 36509
    regex_detector_test.go:84: Expected label ZipCode, got  ([]), file ZipCode.csv:11988 data 36511
    regex_detector_test.go:84: Expected label ZipCode, got  ([]), file ZipCode.csv:11989 data 36512
    regex_detector_test.go:84: Expected label ZipCode, got  ([]), file ZipCode.csv:11990 data 36513
    regex_detector_test.go:84: Expected label ZipCode, got  ([]), file ZipCode.csv:11991 data 36518
    regex_detector_test.go:84: Expected label ZipCode, got  ([]), file ZipCode.csv:11992 data 36521
    regex_detector_test.go:84: Expected label ZipCode, got  ([]), file ZipCode.csv:11993 data 36522
    regex_detector_test.go:84: Expected label ZipCode, got  ([]), file ZipCode.csv:11994 data 36523
    regex_detector_test.go:84: Expected label ZipCode, got  ([]), file ZipCode.csv:11995 data 36524
    regex_detector_test.go:84: Expected label ZipCode, got  ([]), file ZipCode.csv:11996 data 36525
    regex_detector_test.go:84: Expected label ZipCode, got  ([]), file ZipCode.csv:11997 data 36526
    regex_detector_test.go:84: Expected label ZipCode, got  ([]), file ZipCode.csv:11998 data 36527
    regex_detector_test.go:84: Expected label ZipCode, got  ([]), file ZipCode.csv:11999 data 36528
    regex_detector_test.go:84: Expected label ZipCode, got  ([]), file ZipCode.csv:12000 data 36529
    regex_detector_test.go:84: Expected label ZipCode, got  ([]), file ZipCode.csv:12001 data 36530
    regex_detector_test.go:84: Expected label ZipCode, got  ([]), file ZipCode.csv:12002 data 36532
    regex_detector_test.go:84: Expected label ZipCode, got  ([]), file ZipCode.csv:12003 data 36535
    regex_detector_test.go:84: Expected label ZipCode, got  ([]), file ZipCode.csv:12004 data 36538
    regex_detector_test.go:84: Expected label ZipCode, got  ([]), file ZipCode.csv:12005 data 36539
    regex_detector_test.go:84: Expected label ZipCode, got  ([]), file ZipCode.csv:12006 data 36540
    regex_detector_test.go:84: Expected label ZipCode, got  ([]), file ZipCode.csv:12007 data 36541
    regex_detector_test.go:84: Expected label ZipCode, got  ([]), file ZipCode.csv:12008 data 36542
    regex_detector_test.go:84: Expected label ZipCode, got  ([]), file ZipCode.csv:12009 data 36543
    regex_detector_test.go:84: Expected label ZipCode, got  ([]), file ZipCode.csv:12010 data 36544
    regex_detector_test.go:84: Expected label ZipCode, got  ([]), file ZipCode.csv:12011 data 36545
    regex_detector_test.go:84: Expected label ZipCode, got  ([]), file ZipCode.csv:12012 data 36547
    regex_detector_test.go:84: Expected label ZipCode, got  ([]), file ZipCode.csv:12013 data 36548
    regex_detector_test.go:84: Expected label ZipCode, got  ([]), file ZipCode.csv:12014 data 36549
    regex_detector_test.go:84: Expected label ZipCode, got  ([]), file ZipCode.csv:12015 data 36550
    regex_detector_test.go:84: Expected label ZipCode, got  ([]), file ZipCode.csv:12016 data 36551
    regex_detector_test.go:84: Expected label ZipCode, got  ([]), file ZipCode.csv:12017 data 36553
    regex_detector_test.go:84: Expected label ZipCode, got  ([]), file ZipCode.csv:12018 data 36555
    regex_detector_test.go:84: Expected label ZipCode, got  ([]), file ZipCode.csv:12019 data 36556
    regex_detector_test.go:84: Expected label ZipCode, got  ([]), file ZipCode.csv:12020 data 36558
    regex_detector_test.go:84: Expected label ZipCode, got  ([]), file ZipCode.csv:12021 data 36559
    regex_detector_test.go:84: Expected label ZipCode, got  ([]), file ZipCode.csv:12022 data 36560
    regex_detector_test.go:84: Expected label ZipCode, got  ([]), file ZipCode.csv:12023 data 36561
    regex_detector_test.go:84: Expected label ZipCode, got  ([]), file ZipCode.csv:12024 data 36562
    regex_detector_test.go:84: Expected label ZipCode, got  ([]), file ZipCode.csv:12025 data 36564
    regex_detector_test.go:84: Expected label ZipCode, got  ([]), file ZipCode.csv:12026 data 36567
    regex_detector_test.go:84: Expected label ZipCode, got  ([]), file ZipCode.csv:12027 data 36568
    regex_detector_test.go:84: Expected label ZipCode, got  ([]), file ZipCode.csv:12028 data 36569
    regex_detector_test.go:84: Expected label ZipCode, got  ([]), file ZipCode.csv:12029 data 36571
    regex_detector_test.go:84: Expected label ZipCode, got  ([]), file ZipCode.csv:12030 data 36572
    regex_detector_test.go:84: Expected label ZipCode, got  ([]), file ZipCode.csv:12031 data 36574
    regex_detector_test.go:84: Expected label ZipCode, got  ([]), file ZipCode.csv:12032 data 36575
    regex_detector_test.go:84: Expected label ZipCode, got  ([]), file ZipCode.csv:12033 data 36576
    regex_detector_test.go:84: Expected label ZipCode, got  ([]), file ZipCode.csv:12034 data 36578
    regex_detector_test.go:84: Expected label ZipCode, got  ([]), file ZipCode.csv:12035 data 36579
    regex_detector_test.go:84: Expected label ZipCode, got  ([]), file ZipCode.csv:12036 data 36580
    regex_detector_test.go:84: Expected label ZipCode, got  ([]), file ZipCode.csv:12037 data 36581
    regex_detector_test.go:84: Expected label ZipCode, got  ([]), file ZipCode.csv:12038 data 36582
    regex_detector_test.go:84: Expected label ZipCode, got  ([]), file ZipCode.csv:12039 data 36583
    regex_detector_test.go:84: Expected label ZipCode, got  ([]), file ZipCode.csv:12040 data 36584
    regex_detector_test.go:84: Expected label ZipCode, got  ([]), file ZipCode.csv:12041 data 36585
    regex_detector_test.go:84: Expected label ZipCode, got  ([]), file ZipCode.csv:12042 data 36587
    regex_detector_test.go:84: Expected label ZipCode, got  ([]), file ZipCode.csv:12043 data 36602
    regex_detector_test.go:84: Expected label ZipCode, got  ([]), file ZipCode.csv:12044 data 36603
    regex_detector_test.go:84: Expected label ZipCode, got  ([]), file ZipCode.csv:12045 data 36604
    regex_detector_test.go:84: Expected label ZipCode, got  ([]), file ZipCode.csv:12046 data 36605
    regex_detector_test.go:84: Expected label ZipCode, got  ([]), file ZipCode.csv:12047 data 36606
    regex_detector_test.go:84: Expected label ZipCode, got  ([]), file ZipCode.csv:12048 data 36607
    regex_detector_test.go:84: Expected label ZipCode, got  ([]), file ZipCode.csv:12049 data 36608
    regex_detector_test.go:84: Expected label ZipCode, got  ([]), file ZipCode.csv:12050 data 36609
    regex_detector_test.go:84: Expected label ZipCode, got  ([]), file ZipCode.csv:12051 data 36610
    regex_detector_test.go:84: Expected label ZipCode, got  ([]), file ZipCode.csv:12052 data 36611
    regex_detector_test.go:84: Expected label ZipCode, got  ([]), file ZipCode.csv:12053 data 36612
    regex_detector_test.go:84: Expected label ZipCode, got  ([]), file ZipCode.csv:12054 data 36613
    regex_detector_test.go:84: Expected label ZipCode, got  ([]), file ZipCode.csv:12055 data 36615
    regex_detector_test.go:84: Expected label ZipCode, got  ([]), file ZipCode.csv:12056 data 36617
    regex_detector_test.go:84: Expected label ZipCode, got  ([]), file ZipCode.csv:12057 data 36618
    regex_detector_test.go:84: Expected label ZipCode, got  ([]), file ZipCode.csv:12058 data 36619
    regex_detector_test.go:84: Expected label ZipCode, got  ([]), file ZipCode.csv:12059 data 36652
    regex_detector_test.go:84: Expected label ZipCode, got  ([]), file ZipCode.csv:12060 data 36663
    regex_detector_test.go:84: Expected label ZipCode, got  ([]), file ZipCode.csv:12061 data 36688
    regex_detector_test.go:84: Expected label ZipCode, got  ([]), file ZipCode.csv:12062 data 36693
    regex_detector_test.go:84: Expected label ZipCode, got  ([]), file ZipCode.csv:12063 data 36695
    regex_detector_test.go:84: Expected label ZipCode, got  ([]), file ZipCode.csv:12064 data 36701
    regex_detector_test.go:84: Expected label ZipCode, got  ([]), file ZipCode.csv:12065 data 36703
    regex_detector_test.go:84: Expected label ZipCode, got  ([]), file ZipCode.csv:12066 data 36720
    regex_detector_test.go:84: Expected label ZipCode, got  ([]), file ZipCode.csv:12067 data 36722
    regex_detector_test.go:84: Expected label ZipCode, got  ([]), file ZipCode.csv:12068 data 36723
    regex_detector_test.go:84: Expected label ZipCode, got  ([]), file ZipCode.csv:12069 data 36726
    regex_detector_test.go:84: Expected label ZipCode, got  ([]), file ZipCode.csv:12070 data 36727
    regex_detector_test.go:84: Expected label ZipCode, got  ([]), file ZipCode.csv:12071 data 36728
    regex_detector_test.go:84: Expected label ZipCode, got  ([]), file ZipCode.csv:12072 data 36732
    regex_detector_test.go:84: Expected label ZipCode, got  ([]), file ZipCode.csv:12073 data 36736
    regex_detector_test.go:84: Expected label ZipCode, got  ([]), file ZipCode.csv:12074 data 36738
    regex_detector_test.go:84: Expected label ZipCode, got  ([]), file ZipCode.csv:12075 data 36740
    regex_detector_test.go:84: Expected label ZipCode, got  ([]), file ZipCode.csv:12076 data 36741
    regex_detector_test.go:84: Expected label ZipCode, got  ([]), file ZipCode.csv:12077 data 36742
    regex_detector_test.go:84: Expected label ZipCode, got  ([]), file ZipCode.csv:12078 data 36744
    regex_detector_test.go:84: Expected label ZipCode, got  ([]), file ZipCode.csv:12079 data 36748
    regex_detector_test.go:84: Expected label ZipCode, got  ([]), file ZipCode.csv:12080 data 36749
    regex_detector_test.go:84: Expected label ZipCode, got  ([]), file ZipCode.csv:12081 data 36750
    regex_detector_test.go:84: Expected label ZipCode, got  ([]), file ZipCode.csv:12082 data 36751
    regex_detector_test.go:84: Expected label ZipCode, got  ([]), file ZipCode.csv:12083 data 36752
    regex_detector_test.go:84: Expected label ZipCode, got  ([]), file ZipCode.csv:12084 data 36753
    regex_detector_test.go:84: Expected label ZipCode, got  ([]), file ZipCode.csv:12085 data 36754
    regex_detector_test.go:84: Expected label ZipCode, got  ([]), file ZipCode.csv:12086 data 36756
    regex_detector_test.go:84: Expected label ZipCode, got  ([]), file ZipCode.csv:12087 data 36758
    regex_detector_test.go:84: Expected label ZipCode, got  ([]), file ZipCode.csv:12088 data 36759
    regex_detector_test.go:84: Expected label ZipCode, got  ([]), file ZipCode.csv:12089 data 36761
    regex_detector_test.go:84: Expected label ZipCode, got  ([]), file ZipCode.csv:12090 data 36763
    regex_detector_test.go:84: Expected label ZipCode, got  ([]), file ZipCode.csv:12091 data 36764
    regex_detector_test.go:84: Expected label ZipCode, got  ([]), file ZipCode.csv:12092 data 36765
    regex_detector_test.go:84: Expected label ZipCode, got  ([]), file ZipCode.csv:12093 data 36766
    regex_detector_test.go:84: Expected label ZipCode, got  ([]), file ZipCode.csv:12094 data 36767
    regex_detector_test.go:84: Expected label ZipCode, got  ([]), file ZipCode.csv:12095 data 36768
    regex_detector_test.go:84: Expected label ZipCode, got  ([]), file ZipCode.csv:12096 data 36769
    regex_detector_test.go:84: Expected label ZipCode, got  ([]), file ZipCode.csv:12097 data 36773
    regex_detector_test.go:84: Expected label ZipCode, got  ([]), file ZipCode.csv:12098 data 36775
    regex_detector_test.go:84: Expected label ZipCode, got  ([]), file ZipCode.csv:12099 data 36776
    regex_detector_test.go:84: Expected label ZipCode, got  ([]), file ZipCode.csv:12100 data 36782
    regex_detector_test.go:84: Expected label ZipCode, got  ([]), file ZipCode.csv:12101 data 36783
    regex_detector_test.go:84: Expected label ZipCode, got  ([]), file ZipCode.csv:12102 data 36784
    regex_detector_test.go:84: Expected label ZipCode, got  ([]), file ZipCode.csv:12103 data 36785
    regex_detector_test.go:84: Expected label ZipCode, got  ([]), file ZipCode.csv:12104 data 36786
    regex_detector_test.go:84: Expected label ZipCode, got  ([]), file ZipCode.csv:12105 data 36790
    regex_detector_test.go:84: Expected label ZipCode, got  ([]), file ZipCode.csv:12106 data 36792
    regex_detector_test.go:84: Expected label ZipCode, got  ([]), file ZipCode.csv:12107 data 36793
    regex_detector_test.go:84: Expected label ZipCode, got  ([]), file ZipCode.csv:12108 data 36801
    regex_detector_test.go:84: Expected label ZipCode, got  ([]), file ZipCode.csv:12109 data 36804
    regex_detector_test.go:84: Expected label ZipCode, got  ([]), file ZipCode.csv:12110 data 36830
    regex_detector_test.go:84: Expected label ZipCode, got  ([]), file ZipCode.csv:12111 data 36832
    regex_detector_test.go:84: Expected label ZipCode, got  ([]), file ZipCode.csv:12112 data 36849
    regex_detector_test.go:84: Expected label ZipCode, got  ([]), file ZipCode.csv:12113 data 36850
    regex_detector_test.go:84: Expected label ZipCode, got  ([]), file ZipCode.csv:12114 data 36851
    regex_detector_test.go:84: Expected label ZipCode, got  ([]), file ZipCode.csv:12115 data 36852
    regex_detector_test.go:84: Expected label ZipCode, got  ([]), file ZipCode.csv:12116 data 36853
    regex_detector_test.go:84: Expected label ZipCode, got  ([]), file ZipCode.csv:12117 data 36854
    regex_detector_test.go:84: Expected label ZipCode, got  ([]), file ZipCode.csv:12118 data 36855
    regex_detector_test.go:84: Expected label ZipCode, got  ([]), file ZipCode.csv:12119 data 36856
    regex_detector_test.go:84: Expected label ZipCode, got  ([]), file ZipCode.csv:12120 data 36858
    regex_detector_test.go:84: Expected label ZipCode, got  ([]), file ZipCode.csv:12121 data 36860
    regex_detector_test.go:84: Expected label ZipCode, got  ([]), file ZipCode.csv:12122 data 36861
    regex_detector_test.go:84: Expected label ZipCode, got  ([]), file ZipCode.csv:12123 data 36862
    regex_detector_test.go:84: Expected label ZipCode, got  ([]), file ZipCode.csv:12124 data 36863
    regex_detector_test.go:84: Expected label ZipCode, got  ([]), file ZipCode.csv:12125 data 36865
    regex_detector_test.go:84: Expected label ZipCode, got  ([]), file ZipCode.csv:12126 data 36866
    regex_detector_test.go:84: Expected label ZipCode, got  ([]), file ZipCode.csv:12127 data 36867
    regex_detector_test.go:84: Expected label ZipCode, got  ([]), file ZipCode.csv:12128 data 36869
    regex_detector_test.go:84: Expected label ZipCode, got  ([]), file ZipCode.csv:12129 data 36870
    regex_detector_test.go:84: Expected label ZipCode, got  ([]), file ZipCode.csv:12130 data 36871
    regex_detector_test.go:84: Expected label ZipCode, got  ([]), file ZipCode.csv:12131 data 36874
    regex_detector_test.go:84: Expected label ZipCode, got  ([]), file ZipCode.csv:12132 data 36875
    regex_detector_test.go:84: Expected label ZipCode, got  ([]), file ZipCode.csv:12133 data 36877
    regex_detector_test.go:84: Expected label ZipCode, got  ([]), file ZipCode.csv:12134 data 36879
    regex_detector_test.go:84: Expected label ZipCode, got  ([]), file ZipCode.csv:12135 data 36901
    regex_detector_test.go:84: Expected label ZipCode, got  ([]), file ZipCode.csv:12136 data 36904
    regex_detector_test.go:84: Expected label ZipCode, got  ([]), file ZipCode.csv:12137 data 36907
    regex_detector_test.go:84: Expected label ZipCode, got  ([]), file ZipCode.csv:12138 data 36908
    regex_detector_test.go:84: Expected label ZipCode, got  ([]), file ZipCode.csv:12139 data 36910
    regex_detector_test.go:84: Expected label ZipCode, got  ([]), file ZipCode.csv:12140 data 36912
    regex_detector_test.go:84: Expected label ZipCode, got  ([]), file ZipCode.csv:12141 data 36913
    regex_detector_test.go:84: Expected label ZipCode, got  ([]), file ZipCode.csv:12142 data 36915
    regex_detector_test.go:84: Expected label ZipCode, got  ([]), file ZipCode.csv:12143 data 36916
    regex_detector_test.go:84: Expected label ZipCode, got  ([]), file ZipCode.csv:12144 data 36919
    regex_detector_test.go:84: Expected label ZipCode, got  ([]), file ZipCode.csv:12145 data 36921
    regex_detector_test.go:84: Expected label ZipCode, got  ([]), file ZipCode.csv:12146 data 36922
    regex_detector_test.go:84: Expected label ZipCode, got  ([]), file ZipCode.csv:12147 data 36925
    regex_detector_test.go:84: Expected label ZipCode, got  ([]), file ZipCode.csv:12148 data 37010
    regex_detector_test.go:84: Expected label ZipCode, got  ([]), file ZipCode.csv:12149 data 37012
    regex_detector_test.go:84: Expected label ZipCode, got  ([]), file ZipCode.csv:12150 data 37013
    regex_detector_test.go:84: Expected label ZipCode, got  ([]), file ZipCode.csv:12151 data 37014
    regex_detector_test.go:84: Expected label ZipCode, got  ([]), file ZipCode.csv:12152 data 37015
    regex_detector_test.go:84: Expected label ZipCode, got  ([]), file ZipCode.csv:12153 data 37016
    regex_detector_test.go:84: Expected label ZipCode, got  ([]), file ZipCode.csv:12154 data 37018
    regex_detector_test.go:84: Expected label ZipCode, got  ([]), file ZipCode.csv:12155 data 37019
    regex_detector_test.go:84: Expected label ZipCode, got  ([]), file ZipCode.csv:12156 data 37020
    regex_detector_test.go:84: Expected label ZipCode, got  ([]), file ZipCode.csv:12157 data 37022
    regex_detector_test.go:84: Expected label ZipCode, got  ([]), file ZipCode.csv:12158 data 37023
    regex_detector_test.go:84: Expected label ZipCode, got  ([]), file ZipCode.csv:12159 data 37025
    regex_detector_test.go:84: Expected label ZipCode, got  ([]), file ZipCode.csv:12160 data 37026
    regex_detector_test.go:84: Expected label ZipCode, got  ([]), file ZipCode.csv:12161 data 37027
    regex_detector_test.go:84: Expected label ZipCode, got  ([]), file ZipCode.csv:12162 data 37028
    regex_detector_test.go:84: Expected label ZipCode, got  ([]), file ZipCode.csv:12163 data 37029
    regex_detector_test.go:84: Expected label ZipCode, got  ([]), file ZipCode.csv:12164 data 37030
    regex_detector_test.go:84: Expected label ZipCode, got  ([]), file ZipCode.csv:12165 data 37031
    regex_detector_test.go:84: Expected label ZipCode, got  ([]), file ZipCode.csv:12166 data 37032
    regex_detector_test.go:84: Expected label ZipCode, got  ([]), file ZipCode.csv:12167 data 37033
    regex_detector_test.go:84: Expected label ZipCode, got  ([]), file ZipCode.csv:12168 data 37034
    regex_detector_test.go:84: Expected label ZipCode, got  ([]), file ZipCode.csv:12169 data 37035
    regex_detector_test.go:84: Expected label ZipCode, got  ([]), file ZipCode.csv:12170 data 37036
    regex_detector_test.go:84: Expected label ZipCode, got  ([]), file ZipCode.csv:12171 data 37037
    regex_detector_test.go:84: Expected label ZipCode, got  ([]), file ZipCode.csv:12172 data 37040
    regex_detector_test.go:84: Expected label ZipCode, got  ([]), file ZipCode.csv:12173 data 37042
    regex_detector_test.go:84: Expected label ZipCode, got  ([]), file ZipCode.csv:12174 data 37043
    regex_detector_test.go:84: Expected label ZipCode, got  ([]), file ZipCode.csv:12175 data 37046
    regex_detector_test.go:84: Expected label ZipCode, got  ([]), file ZipCode.csv:12176 data 37047
    regex_detector_test.go:84: Expected label ZipCode, got  ([]), file ZipCode.csv:12177 data 37048
    regex_detector_test.go:84: Expected label ZipCode, got  ([]), file ZipCode.csv:12178 data 37049
    regex_detector_test.go:84: Expected label ZipCode, got  ([]), file ZipCode.csv:12179 data 37050
    regex_detector_test.go:84: Expected label ZipCode, got  ([]), file ZipCode.csv:12180 data 37051
    regex_detector_test.go:84: Expected label ZipCode, got  ([]), file ZipCode.csv:12181 data 37052
    regex_detector_test.go:84: Expected label ZipCode, got  ([]), file ZipCode.csv:12182 data 37055
    regex_detector_test.go:84: Expected label ZipCode, got  ([]), file ZipCode.csv:12183 data 37057
    regex_detector_test.go:84: Expected label ZipCode, got  ([]), file ZipCode.csv:12184 data 37058
    regex_detector_test.go:84: Expected label ZipCode, got  ([]), file ZipCode.csv:12185 data 37059
    regex_detector_test.go:84: Expected label ZipCode, got  ([]), file ZipCode.csv:12186 data 37060
    regex_detector_test.go:84: Expected label ZipCode, got  ([]), file ZipCode.csv:12187 data 37061
    regex_detector_test.go:84: Expected label ZipCode, got  ([]), file ZipCode.csv:12188 data 37062
    regex_detector_test.go:84: Expected label ZipCode, got  ([]), file ZipCode.csv:12189 data 37064
    regex_detector_test.go:84: Expected label ZipCode, got  ([]), file ZipCode.csv:12190 data 37066
    regex_detector_test.go:84: Expected label ZipCode, got  ([]), file ZipCode.csv:12191 data 37067
    regex_detector_test.go:84: Expected label ZipCode, got  ([]), file ZipCode.csv:12192 data 37069
    regex_detector_test.go:84: Expected label ZipCode, got  ([]), file ZipCode.csv:12193 data 37072
    regex_detector_test.go:84: Expected label ZipCode, got  ([]), file ZipCode.csv:12194 data 37073
    regex_detector_test.go:84: Expected label ZipCode, got  ([]), file ZipCode.csv:12195 data 37074
    regex_detector_test.go:84: Expected label ZipCode, got  ([]), file ZipCode.csv:12196 data 37075
    regex_detector_test.go:84: Expected label ZipCode, got  ([]), file ZipCode.csv:12197 data 37076
    regex_detector_test.go:84: Expected label ZipCode, got  ([]), file ZipCode.csv:12198 data 37078
    regex_detector_test.go:84: Expected label ZipCode, got  ([]), file ZipCode.csv:12199 data 37079
    regex_detector_test.go:84: Expected label ZipCode, got  ([]), file ZipCode.csv:12200 data 37080
    regex_detector_test.go:84: Expected label ZipCode, got  ([]), file ZipCode.csv:12201 data 37082
    regex_detector_test.go:84: Expected label ZipCode, got  ([]), file ZipCode.csv:12202 data 37083
    regex_detector_test.go:84: Expected label ZipCode, got  ([]), file ZipCode.csv:12203 data 37085
    regex_detector_test.go:84: Expected label ZipCode, got  ([]), file ZipCode.csv:12204 data 37086
    regex_detector_test.go:84: Expected label ZipCode, got  ([]), file ZipCode.csv:12205 data 37087
    regex_detector_test.go:84: Expected label ZipCode, got  ([]), file ZipCode.csv:12206 data 37090
    regex_detector_test.go:84: Expected label ZipCode, got  ([]), file ZipCode.csv:12207 data 37091
    regex_detector_test.go:84: Expected label ZipCode, got  ([]), file ZipCode.csv:12208 data 37095
    regex_detector_test.go:84: Expected label ZipCode, got  ([]), file ZipCode.csv:12209 data 37096
    regex_detector_test.go:84: Expected label ZipCode, got  ([]), file ZipCode.csv:12210 data 37097
    regex_detector_test.go:84: Expected label ZipCode, got  ([]), file ZipCode.csv:12211 data 37098
    regex_detector_test.go:84: Expected label ZipCode, got  ([]), file ZipCode.csv:12212 data 37101
    regex_detector_test.go:84: Expected label ZipCode, got  ([]), file ZipCode.csv:12213 data 37110
    regex_detector_test.go:84: Expected label ZipCode, got  ([]), file ZipCode.csv:12214 data 37115
    regex_detector_test.go:84: Expected label ZipCode, got  ([]), file ZipCode.csv:12215 data 37118
    regex_detector_test.go:84: Expected label ZipCode, got  ([]), file ZipCode.csv:12216 data 37122
    regex_detector_test.go:84: Expected label ZipCode, got  ([]), file ZipCode.csv:12217 data 37127
    regex_detector_test.go:84: Expected label ZipCode, got  ([]), file ZipCode.csv:12218 data 37128
    regex_detector_test.go:84: Expected label ZipCode, got  ([]), file ZipCode.csv:12219 data 37129
    regex_detector_test.go:84: Expected label ZipCode, got  ([]), file ZipCode.csv:12220 data 37130
    regex_detector_test.go:84: Expected label ZipCode, got  ([]), file ZipCode.csv:12221 data 37132
    regex_detector_test.go:84: Expected label ZipCode, got  ([]), file ZipCode.csv:12222 data 37134
    regex_detector_test.go:84: Expected label ZipCode, got  ([]), file ZipCode.csv:12223 data 37135
    regex_detector_test.go:84: Expected label ZipCode, got  ([]), file ZipCode.csv:12224 data 37137
    regex_detector_test.go:84: Expected label ZipCode, got  ([]), file ZipCode.csv:12225 data 37138
    regex_detector_test.go:84: Expected label ZipCode, got  ([]), file ZipCode.csv:12226 data 37140
    regex_detector_test.go:84: Expected label ZipCode, got  ([]), file ZipCode.csv:12227 data 37141
    regex_detector_test.go:84: Expected label ZipCode, got  ([]), file ZipCode.csv:12228 data 37142
    regex_detector_test.go:84: Expected label ZipCode, got  ([]), file ZipCode.csv:12229 data 37143
    regex_detector_test.go:84: Expected label ZipCode, got  ([]), file ZipCode.csv:12230 data 37144
    regex_detector_test.go:84: Expected label ZipCode, got  ([]), file ZipCode.csv:12231 data 37145
    regex_detector_test.go:84: Expected label ZipCode, got  ([]), file ZipCode.csv:12232 data 37146
    regex_detector_test.go:84: Expected label ZipCode, got  ([]), file ZipCode.csv:12233 data 37148
    regex_detector_test.go:84: Expected label ZipCode, got  ([]), file ZipCode.csv:12234 data 37149
    regex_detector_test.go:84: Expected label ZipCode, got  ([]), file ZipCode.csv:12235 data 37150
    regex_detector_test.go:84: Expected label ZipCode, got  ([]), file ZipCode.csv:12236 data 37151
    regex_detector_test.go:84: Expected label ZipCode, got  ([]), file ZipCode.csv:12237 data 37153
    regex_detector_test.go:84: Expected label ZipCode, got  ([]), file ZipCode.csv:12238 data 37160
    regex_detector_test.go:84: Expected label ZipCode, got  ([]), file ZipCode.csv:12239 data 37165
    regex_detector_test.go:84: Expected label ZipCode, got  ([]), file ZipCode.csv:12240 data 37166
    regex_detector_test.go:84: Expected label ZipCode, got  ([]), file ZipCode.csv:12241 data 37167
    regex_detector_test.go:84: Expected label ZipCode, got  ([]), file ZipCode.csv:12242 data 37171
    regex_detector_test.go:84: Expected label ZipCode, got  ([]), file ZipCode.csv:12243 data 37172
    regex_detector_test.go:84: Expected label ZipCode, got  ([]), file ZipCode.csv:12244 data 37174
    regex_detector_test.go:84: Expected label ZipCode, got  ([]), file ZipCode.csv:12245 data 37175
    regex_detector_test.go:84: Expected label ZipCode, got  ([]), file ZipCode.csv:12246 data 37178
    regex_detector_test.go:84: Expected label ZipCode, got  ([]), file ZipCode.csv:12247 data 37179
    regex_detector_test.go:84: Expected label ZipCode, got  ([]), file ZipCode.csv:12248 data 37180
    regex_detector_test.go:84: Expected label ZipCode, got  ([]), file ZipCode.csv:12249 data 37181
    regex_detector_test.go:84: Expected label ZipCode, got  ([]), file ZipCode.csv:12250 data 37183
    regex_detector_test.go:84: Expected label ZipCode, got  ([]), file ZipCode.csv:12251 data 37184
    regex_detector_test.go:84: Expected label ZipCode, got  ([]), file ZipCode.csv:12252 data 37185
    regex_detector_test.go:84: Expected label ZipCode, got  ([]), file ZipCode.csv:12253 data 37186
    regex_detector_test.go:84: Expected label ZipCode, got  ([]), file ZipCode.csv:12254 data 37187
    regex_detector_test.go:84: Expected label ZipCode, got  ([]), file ZipCode.csv:12255 data 37188
    regex_detector_test.go:84: Expected label ZipCode, got  ([]), file ZipCode.csv:12256 data 37189
    regex_detector_test.go:84: Expected label ZipCode, got  ([]), file ZipCode.csv:12257 data 37190
    regex_detector_test.go:84: Expected label ZipCode, got  ([]), file ZipCode.csv:12258 data 37191
    regex_detector_test.go:84: Expected label ZipCode, got  ([]), file ZipCode.csv:12259 data 37201
    regex_detector_test.go:84: Expected label ZipCode, got  ([]), file ZipCode.csv:12260 data 37203
    regex_detector_test.go:84: Expected label ZipCode, got  ([]), file ZipCode.csv:12261 data 37204
    regex_detector_test.go:84: Expected label ZipCode, got  ([]), file ZipCode.csv:12262 data 37205
    regex_detector_test.go:84: Expected label ZipCode, got  ([]), file ZipCode.csv:12263 data 37206
    regex_detector_test.go:84: Expected label ZipCode, got  ([]), file ZipCode.csv:12264 data 37207
    regex_detector_test.go:84: Expected label ZipCode, got  ([]), file ZipCode.csv:12265 data 37208
    regex_detector_test.go:84: Expected label ZipCode, got  ([]), file ZipCode.csv:12266 data 37209
    regex_detector_test.go:84: Expected label ZipCode, got  ([]), file ZipCode.csv:12267 data 37210
    regex_detector_test.go:84: Expected label ZipCode, got  ([]), file ZipCode.csv:12268 data 37211
    regex_detector_test.go:84: Expected label ZipCode, got  ([]), file ZipCode.csv:12269 data 37212
    regex_detector_test.go:84: Expected label ZipCode, got  ([]), file ZipCode.csv:12270 data 37213
    regex_detector_test.go:84: Expected label ZipCode, got  ([]), file ZipCode.csv:12271 data 37214
    regex_detector_test.go:84: Expected label ZipCode, got  ([]), file ZipCode.csv:12272 data 37215
    regex_detector_test.go:84: Expected label ZipCode, got  ([]), file ZipCode.csv:12273 data 37216
    regex_detector_test.go:84: Expected label ZipCode, got  ([]), file ZipCode.csv:12274 data 37217
    regex_detector_test.go:84: Expected label ZipCode, got  ([]), file ZipCode.csv:12275 data 37218
    regex_detector_test.go:84: Expected label ZipCode, got  ([]), file ZipCode.csv:12276 data 37219
    regex_detector_test.go:84: Expected label ZipCode, got  ([]), file ZipCode.csv:12277 data 37220
    regex_detector_test.go:84: Expected label ZipCode, got  ([]), file ZipCode.csv:12278 data 37221
    regex_detector_test.go:84: Expected label ZipCode, got  ([]), file ZipCode.csv:12279 data 37228
    regex_detector_test.go:84: Expected label ZipCode, got  ([]), file ZipCode.csv:12280 data 37232
    regex_detector_test.go:84: Expected label ZipCode, got  ([]), file ZipCode.csv:12281 data 37238
    regex_detector_test.go:84: Expected label ZipCode, got  ([]), file ZipCode.csv:12282 data 37301
    regex_detector_test.go:84: Expected label ZipCode, got  ([]), file ZipCode.csv:12283 data 37302
    regex_detector_test.go:84: Expected label ZipCode, got  ([]), file ZipCode.csv:12284 data 37303
    regex_detector_test.go:84: Expected label ZipCode, got  ([]), file ZipCode.csv:12285 data 37305
    regex_detector_test.go:84: Expected label ZipCode, got  ([]), file ZipCode.csv:12286 data 37306
    regex_detector_test.go:84: Expected label ZipCode, got  ([]), file ZipCode.csv:12287 data 37307
    regex_detector_test.go:84: Expected label ZipCode, got  ([]), file ZipCode.csv:12288 data 37308
    regex_detector_test.go:84: Expected label ZipCode, got  ([]), file ZipCode.csv:12289 data 37309
    regex_detector_test.go:84: Expected label ZipCode, got  ([]), file ZipCode.csv:12290 data 37310
    regex_detector_test.go:84: Expected label ZipCode, got  ([]), file ZipCode.csv:12291 data 37311
    regex_detector_test.go:84: Expected label ZipCode, got  ([]), file ZipCode.csv:12292 data 37312
    regex_detector_test.go:84: Expected label ZipCode, got  ([]), file ZipCode.csv:12293 data 37313
    regex_detector_test.go:84: Expected label ZipCode, got  ([]), file ZipCode.csv:12294 data 37315
    regex_detector_test.go:84: Expected label ZipCode, got  ([]), file ZipCode.csv:12295 data 37316
    regex_detector_test.go:84: Expected label ZipCode, got  ([]), file ZipCode.csv:12296 data 37317
    regex_detector_test.go:84: Expected label ZipCode, got  ([]), file ZipCode.csv:12297 data 37318
    regex_detector_test.go:84: Expected label ZipCode, got  ([]), file ZipCode.csv:12298 data 37321
    regex_detector_test.go:84: Expected label ZipCode, got  ([]), file ZipCode.csv:12299 data 37322
    regex_detector_test.go:84: Expected label ZipCode, got  ([]), file ZipCode.csv:12300 data 37323
    regex_detector_test.go:84: Expected label ZipCode, got  ([]), file ZipCode.csv:12301 data 37324
    regex_detector_test.go:84: Expected label ZipCode, got  ([]), file ZipCode.csv:12302 data 37325
    regex_detector_test.go:84: Expected label ZipCode, got  ([]), file ZipCode.csv:12303 data 37326
    regex_detector_test.go:84: Expected label ZipCode, got  ([]), file ZipCode.csv:12304 data 37327
    regex_detector_test.go:84: Expected label ZipCode, got  ([]), file ZipCode.csv:12305 data 37328
    regex_detector_test.go:84: Expected label ZipCode, got  ([]), file ZipCode.csv:12306 data 37329
    regex_detector_test.go:84: Expected label ZipCode, got  ([]), file ZipCode.csv:12307 data 37330
    regex_detector_test.go:84: Expected label ZipCode, got  ([]), file ZipCode.csv:12308 data 37331
    regex_detector_test.go:84: Expected label ZipCode, got  ([]), file ZipCode.csv:12309 data 37332
    regex_detector_test.go:84: Expected label ZipCode, got  ([]), file ZipCode.csv:12310 data 37333
    regex_detector_test.go:84: Expected label ZipCode, got  ([]), file ZipCode.csv:12311 data 37334
    regex_detector_test.go:84: Expected label ZipCode, got  ([]), file ZipCode.csv:12312 data 37335
    regex_detector_test.go:84: Expected label ZipCode, got  ([]), file ZipCode.csv:12313 data 37336
    regex_detector_test.go:84: Expected label ZipCode, got  ([]), file ZipCode.csv:12314 data 37337
    regex_detector_test.go:84: Expected label ZipCode, got  ([]), file ZipCode.csv:12315 data 37338
    regex_detector_test.go:84: Expected label ZipCode, got  ([]), file ZipCode.csv:12316 data 37339
    regex_detector_test.go:84: Expected label ZipCode, got  ([]), file ZipCode.csv:12317 data 37340
    regex_detector_test.go:84: Expected label ZipCode, got  ([]), file ZipCode.csv:12318 data 37341
    regex_detector_test.go:84: Expected label ZipCode, got  ([]), file ZipCode.csv:12319 data 37342
    regex_detector_test.go:84: Expected label ZipCode, got  ([]), file ZipCode.csv:12320 data 37343
    regex_detector_test.go:84: Expected label ZipCode, got  ([]), file ZipCode.csv:12321 data 37345
    regex_detector_test.go:84: Expected label ZipCode, got  ([]), file ZipCode.csv:12322 data 37347
    regex_detector_test.go:84: Expected label ZipCode, got  ([]), file ZipCode.csv:12323 data 37348
    regex_detector_test.go:84: Expected label ZipCode, got  ([]), file ZipCode.csv:12324 data 37350
    regex_detector_test.go:84: Expected label ZipCode, got  ([]), file ZipCode.csv:12325 data 37351
    regex_detector_test.go:84: Expected label ZipCode, got  ([]), file ZipCode.csv:12326 data 37352
    regex_detector_test.go:84: Expected label ZipCode, got  ([]), file ZipCode.csv:12327 data 37353
    regex_detector_test.go:84: Expected label ZipCode, got  ([]), file ZipCode.csv:12328 data 37354
    regex_detector_test.go:84: Expected label ZipCode, got  ([]), file ZipCode.csv:12329 data 37355
    regex_detector_test.go:84: Expected label ZipCode, got  ([]), file ZipCode.csv:12330 data 37356
    regex_detector_test.go:84: Expected label ZipCode, got  ([]), file ZipCode.csv:12331 data 37357
    regex_detector_test.go:84: Expected label ZipCode, got  ([]), file ZipCode.csv:12332 data 37359
    regex_detector_test.go:84: Expected label ZipCode, got  ([]), file ZipCode.csv:12333 data 37360
    regex_detector_test.go:84: Expected label ZipCode, got  ([]), file ZipCode.csv:12334 data 37361
    regex_detector_test.go:84: Expected label ZipCode, got  ([]), file ZipCode.csv:12335 data 37362
    regex_detector_test.go:84: Expected label ZipCode, got  ([]), file ZipCode.csv:12336 data 37363
    regex_detector_test.go:84: Expected label ZipCode, got  ([]), file ZipCode.csv:12337 data 37365
    regex_detector_test.go:84: Expected label ZipCode, got  ([]), file ZipCode.csv:12338 data 37366
    regex_detector_test.go:84: Expected label ZipCode, got  ([]), file ZipCode.csv:12339 data 37367
    regex_detector_test.go:84: Expected label ZipCode, got  ([]), file ZipCode.csv:12340 data 37369
    regex_detector_test.go:84: Expected label ZipCode, got  ([]), file ZipCode.csv:12341 data 37370
    regex_detector_test.go:84: Expected label ZipCode, got  ([]), file ZipCode.csv:12342 data 37373
    regex_detector_test.go:84: Expected label ZipCode, got  ([]), file ZipCode.csv:12343 data 37374
    regex_detector_test.go:84: Expected label ZipCode, got  ([]), file ZipCode.csv:12344 data 37375
    regex_detector_test.go:84: Expected label ZipCode, got  ([]), file ZipCode.csv:12345 data 37376
    regex_detector_test.go:84: Expected label ZipCode, got  ([]), file ZipCode.csv:12346 data 37377
    regex_detector_test.go:84: Expected label ZipCode, got  ([]), file ZipCode.csv:12347 data 37379
    regex_detector_test.go:84: Expected label ZipCode, got  ([]), file ZipCode.csv:12348 data 37380
    regex_detector_test.go:84: Expected label ZipCode, got  ([]), file ZipCode.csv:12349 data 37381
    regex_detector_test.go:84: Expected label ZipCode, got  ([]), file ZipCode.csv:12350 data 37383
    regex_detector_test.go:84: Expected label ZipCode, got  ([]), file ZipCode.csv:12351 data 37385
    regex_detector_test.go:84: Expected label ZipCode, got  ([]), file ZipCode.csv:12352 data 37387
    regex_detector_test.go:84: Expected label ZipCode, got  ([]), file ZipCode.csv:12353 data 37388
    regex_detector_test.go:84: Expected label ZipCode, got  ([]), file ZipCode.csv:12354 data 37391
    regex_detector_test.go:84: Expected label ZipCode, got  ([]), file ZipCode.csv:12355 data 37394
    regex_detector_test.go:84: Expected label ZipCode, got  ([]), file ZipCode.csv:12356 data 37396
    regex_detector_test.go:84: Expected label ZipCode, got  ([]), file ZipCode.csv:12357 data 37397
    regex_detector_test.go:84: Expected label ZipCode, got  ([]), file ZipCode.csv:12358 data 37398
    regex_detector_test.go:84: Expected label ZipCode, got  ([]), file ZipCode.csv:12359 data 37402
    regex_detector_test.go:84: Expected label ZipCode, got  ([]), file ZipCode.csv:12360 data 37403
    regex_detector_test.go:84: Expected label ZipCode, got  ([]), file ZipCode.csv:12361 data 37404
    regex_detector_test.go:84: Expected label ZipCode, got  ([]), file ZipCode.csv:12362 data 37405
    regex_detector_test.go:84: Expected label ZipCode, got  ([]), file ZipCode.csv:12363 data 37406
    regex_detector_test.go:84: Expected label ZipCode, got  ([]), file ZipCode.csv:12364 data 37407
    regex_detector_test.go:84: Expected label ZipCode, got  ([]), file ZipCode.csv:12365 data 37408
    regex_detector_test.go:84: Expected label ZipCode, got  ([]), file ZipCode.csv:12366 data 37409
    regex_detector_test.go:84: Expected label ZipCode, got  ([]), file ZipCode.csv:12367 data 37410
    regex_detector_test.go:84: Expected label ZipCode, got  ([]), file ZipCode.csv:12368 data 37411
    regex_detector_test.go:84: Expected label ZipCode, got  ([]), file ZipCode.csv:12369 data 37412
    regex_detector_test.go:84: Expected label ZipCode, got  ([]), file ZipCode.csv:12370 data 37415
    regex_detector_test.go:84: Expected label ZipCode, got  ([]), file ZipCode.csv:12371 data 37416
    regex_detector_test.go:84: Expected label ZipCode, got  ([]), file ZipCode.csv:12372 data 37419
    regex_detector_test.go:84: Expected label ZipCode, got  ([]), file ZipCode.csv:12373 data 37421
    regex_detector_test.go:84: Expected label ZipCode, got  ([]), file ZipCode.csv:12374 data 37450
    regex_detector_test.go:84: Expected label ZipCode, got  ([]), file ZipCode.csv:12375 data 37601
    regex_detector_test.go:84: Expected label ZipCode, got  ([]), file ZipCode.csv:12376 data 37604
    regex_detector_test.go:84: Expected label ZipCode, got  ([]), file ZipCode.csv:12377 data 37614
    regex_detector_test.go:84: Expected label ZipCode, got  ([]), file ZipCode.csv:12378 data 37615
    regex_detector_test.go:84: Expected label ZipCode, got  ([]), file ZipCode.csv:12379 data 37616
    regex_detector_test.go:84: Expected label ZipCode, got  ([]), file ZipCode.csv:12380 data 37617
    regex_detector_test.go:84: Expected label ZipCode, got  ([]), file ZipCode.csv:12381 data 37618
    regex_detector_test.go:84: Expected label ZipCode, got  ([]), file ZipCode.csv:12382 data 37620
    regex_detector_test.go:84: Expected label ZipCode, got  ([]), file ZipCode.csv:12383 data 37640
    regex_detector_test.go:84: Expected label ZipCode, got  ([]), file ZipCode.csv:12384 data 37641
    regex_detector_test.go:84: Expected label ZipCode, got  ([]), file ZipCode.csv:12385 data 37642
    regex_detector_test.go:84: Expected label ZipCode, got  ([]), file ZipCode.csv:12386 data 37643
    regex_detector_test.go:84: Expected label ZipCode, got  ([]), file ZipCode.csv:12387 data 37645
    regex_detector_test.go:84: Expected label ZipCode, got  ([]), file ZipCode.csv:12388 data 37650
    regex_detector_test.go:84: Expected label ZipCode, got  ([]), file ZipCode.csv:12389 data 37656
    regex_detector_test.go:84: Expected label ZipCode, got  ([]), file ZipCode.csv:12390 data 37657
    regex_detector_test.go:84: Expected label ZipCode, got  ([]), file ZipCode.csv:12391 data 37658
    regex_detector_test.go:84: Expected label ZipCode, got  ([]), file ZipCode.csv:12392 data 37659
    regex_detector_test.go:84: Expected label ZipCode, got  ([]), file ZipCode.csv:12393 data 37660
    regex_detector_test.go:84: Expected label ZipCode, got  ([]), file ZipCode.csv:12394 data 37663
    regex_detector_test.go:84: Expected label ZipCode, got  ([]), file ZipCode.csv:12395 data 37664
    regex_detector_test.go:84: Expected label ZipCode, got  ([]), file ZipCode.csv:12396 data 37665
    regex_detector_test.go:84: Expected label ZipCode, got  ([]), file ZipCode.csv:12397 data 37680
    regex_detector_test.go:84: Expected label ZipCode, got  ([]), file ZipCode.csv:12398 data 37681
    regex_detector_test.go:84: Expected label ZipCode, got  ([]), file ZipCode.csv:12399 data 37682
    regex_detector_test.go:84: Expected label ZipCode, got  ([]), file ZipCode.csv:12400 data 37683
    regex_detector_test.go:84: Expected label ZipCode, got  ([]), file ZipCode.csv:12401 data 37686
    regex_detector_test.go:84: Expected label ZipCode, got  ([]), file ZipCode.csv:12402 data 37687
    regex_detector_test.go:84: Expected label ZipCode, got  ([]), file ZipCode.csv:12403 data 37688
    regex_detector_test.go:84: Expected label ZipCode, got  ([]), file ZipCode.csv:12404 data 37690
    regex_detector_test.go:84: Expected label ZipCode, got  ([]), file ZipCode.csv:12405 data 37691
    regex_detector_test.go:84: Expected label ZipCode, got  ([]), file ZipCode.csv:12406 data 37692
    regex_detector_test.go:84: Expected label ZipCode, got  ([]), file ZipCode.csv:12407 data 37694
    regex_detector_test.go:84: Expected label ZipCode, got  ([]), file ZipCode.csv:12408 data 37701
    regex_detector_test.go:84: Expected label ZipCode, got  ([]), file ZipCode.csv:12409 data 37705
    regex_detector_test.go:84: Expected label ZipCode, got  ([]), file ZipCode.csv:12410 data 37708
    regex_detector_test.go:84: Expected label ZipCode, got  ([]), file ZipCode.csv:12411 data 37709
    regex_detector_test.go:84: Expected label ZipCode, got  ([]), file ZipCode.csv:12412 data 37710
    regex_detector_test.go:84: Expected label ZipCode, got  ([]), file ZipCode.csv:12413 data 37711
    regex_detector_test.go:84: Expected label ZipCode, got  ([]), file ZipCode.csv:12414 data 37713
    regex_detector_test.go:84: Expected label ZipCode, got  ([]), file ZipCode.csv:12415 data 37714
    regex_detector_test.go:84: Expected label ZipCode, got  ([]), file ZipCode.csv:12416 data 37715
    regex_detector_test.go:84: Expected label ZipCode, got  ([]), file ZipCode.csv:12417 data 37716
    regex_detector_test.go:84: Expected label ZipCode, got  ([]), file ZipCode.csv:12418 data 37719
    regex_detector_test.go:84: Expected label ZipCode, got  ([]), file ZipCode.csv:12419 data 37721
    regex_detector_test.go:84: Expected label ZipCode, got  ([]), file ZipCode.csv:12420 data 37722
    regex_detector_test.go:84: Expected label ZipCode, got  ([]), file ZipCode.csv:12421 data 37723
    regex_detector_test.go:84: Expected label ZipCode, got  ([]), file ZipCode.csv:12422 data 37724
    regex_detector_test.go:84: Expected label ZipCode, got  ([]), file ZipCode.csv:12423 data 37725
    regex_detector_test.go:84: Expected label ZipCode, got  ([]), file ZipCode.csv:12424 data 37726
    regex_detector_test.go:84: Expected label ZipCode, got  ([]), file ZipCode.csv:12425 data 37727
    regex_detector_test.go:84: Expected label ZipCode, got  ([]), file ZipCode.csv:12426 data 37729
    regex_detector_test.go:84: Expected label ZipCode, got  ([]), file ZipCode.csv:12427 data 37730
    regex_detector_test.go:84: Expected label ZipCode, got  ([]), file ZipCode.csv:12428 data 37731
    regex_detector_test.go:84: Expected label ZipCode, got  ([]), file ZipCode.csv:12429 data 37732
    regex_detector_test.go:84: Expected label ZipCode, got  ([]), file ZipCode.csv:12430 data 37733
    regex_detector_test.go:84: Expected label ZipCode, got  ([]), file ZipCode.csv:12431 data 37737
    regex_detector_test.go:84: Expected label ZipCode, got  ([]), file ZipCode.csv:12432 data 37738
    regex_detector_test.go:84: Expected label ZipCode, got  ([]), file ZipCode.csv:12433 data 37742
    regex_detector_test.go:84: Expected label ZipCode, got  ([]), file ZipCode.csv:12434 data 37743
    regex_detector_test.go:84: Expected label ZipCode, got  ([]), file ZipCode.csv:12435 data 37745
    regex_detector_test.go:84: Expected label ZipCode, got  ([]), file ZipCode.csv:12436 data 37748
    regex_detector_test.go:84: Expected label ZipCode, got  ([]), file ZipCode.csv:12437 data 37752
    regex_detector_test.go:84: Expected label ZipCode, got  ([]), file ZipCode.csv:12438 data 37753
    regex_detector_test.go:84: Expected label ZipCode, got  ([]), file ZipCode.csv:12439 data 37754
    regex_detector_test.go:84: Expected label ZipCode, got  ([]), file ZipCode.csv:12440 data 37755
    regex_detector_test.go:84: Expected label ZipCode, got  ([]), file ZipCode.csv:12441 data 37756
    regex_detector_test.go:84: Expected label ZipCode, got  ([]), file ZipCode.csv:12442 data 37757
    regex_detector_test.go:84: Expected label ZipCode, got  ([]), file ZipCode.csv:12443 data 37760
    regex_detector_test.go:84: Expected label ZipCode, got  ([]), file ZipCode.csv:12444 data 37762
    regex_detector_test.go:84: Expected label ZipCode, got  ([]), file ZipCode.csv:12445 data 37763
    regex_detector_test.go:84: Expected label ZipCode, got  ([]), file ZipCode.csv:12446 data 37764
    regex_detector_test.go:84: Expected label ZipCode, got  ([]), file ZipCode.csv:12447 data 37765
    regex_detector_test.go:84: Expected label ZipCode, got  ([]), file ZipCode.csv:12448 data 37766
    regex_detector_test.go:84: Expected label ZipCode, got  ([]), file ZipCode.csv:12449 data 37769
    regex_detector_test.go:84: Expected label ZipCode, got  ([]), file ZipCode.csv:12450 data 37770
    regex_detector_test.go:84: Expected label ZipCode, got  ([]), file ZipCode.csv:12451 data 37771
    regex_detector_test.go:84: Expected label ZipCode, got  ([]), file ZipCode.csv:12452 data 37772
    regex_detector_test.go:84: Expected label ZipCode, got  ([]), file ZipCode.csv:12453 data 37774
    regex_detector_test.go:84: Expected label ZipCode, got  ([]), file ZipCode.csv:12454 data 37777
    regex_detector_test.go:84: Expected label ZipCode, got  ([]), file ZipCode.csv:12455 data 37779
    regex_detector_test.go:84: Expected label ZipCode, got  ([]), file ZipCode.csv:12456 data 37801
    regex_detector_test.go:84: Expected label ZipCode, got  ([]), file ZipCode.csv:12457 data 37803
    regex_detector_test.go:84: Expected label ZipCode, got  ([]), file ZipCode.csv:12458 data 37804
    regex_detector_test.go:84: Expected label ZipCode, got  ([]), file ZipCode.csv:12459 data 37806
    regex_detector_test.go:84: Expected label ZipCode, got  ([]), file ZipCode.csv:12460 data 37807
    regex_detector_test.go:84: Expected label ZipCode, got  ([]), file ZipCode.csv:12461 data 37809
    regex_detector_test.go:84: Expected label ZipCode, got  ([]), file ZipCode.csv:12462 data 37810
    regex_detector_test.go:84: Expected label ZipCode, got  ([]), file ZipCode.csv:12463 data 37811
    regex_detector_test.go:84: Expected label ZipCode, got  ([]), file ZipCode.csv:12464 data 37813
    regex_detector_test.go:84: Expected label ZipCode, got  ([]), file ZipCode.csv:12465 data 37814
    regex_detector_test.go:84: Expected label ZipCode, got  ([]), file ZipCode.csv:12466 data 37818
    regex_detector_test.go:84: Expected label ZipCode, got  ([]), file ZipCode.csv:12467 data 37819
    regex_detector_test.go:84: Expected label ZipCode, got  ([]), file ZipCode.csv:12468 data 37820
    regex_detector_test.go:84: Expected label ZipCode, got  ([]), file ZipCode.csv:12469 data 37821
    regex_detector_test.go:84: Expected label ZipCode, got  ([]), file ZipCode.csv:12470 data 37825
    regex_detector_test.go:84: Expected label ZipCode, got  ([]), file ZipCode.csv:12471 data 37826
    regex_detector_test.go:84: Expected label ZipCode, got  ([]), file ZipCode.csv:12472 data 37828
    regex_detector_test.go:84: Expected label ZipCode, got  ([]), file ZipCode.csv:12473 data 37829
    regex_detector_test.go:84: Expected label ZipCode, got  ([]), file ZipCode.csv:12474 data 37830
    regex_detector_test.go:84: Expected label ZipCode, got  ([]), file ZipCode.csv:12475 data 37840
    regex_detector_test.go:84: Expected label ZipCode, got  ([]), file ZipCode.csv:12476 data 37841
    regex_detector_test.go:84: Expected label ZipCode, got  ([]), file ZipCode.csv:12477 data 37843
    regex_detector_test.go:84: Expected label ZipCode, got  ([]), file ZipCode.csv:12478 data 37845
    regex_detector_test.go:84: Expected label ZipCode, got  ([]), file ZipCode.csv:12479 data 37846
    regex_detector_test.go:84: Expected label ZipCode, got  ([]), file ZipCode.csv:12480 data 37847
    regex_detector_test.go:84: Expected label ZipCode, got  ([]), file ZipCode.csv:12481 data 37848
    regex_detector_test.go:84: Expected label ZipCode, got  ([]), file ZipCode.csv:12482 data 37849
    regex_detector_test.go:84: Expected label ZipCode, got  ([]), file ZipCode.csv:12483 data 37851
    regex_detector_test.go:84: Expected label ZipCode, got  ([]), file ZipCode.csv:12484 data 37852
    regex_detector_test.go:84: Expected label ZipCode, got  ([]), file ZipCode.csv:12485 data 37853
    regex_detector_test.go:84: Expected label ZipCode, got  ([]), file ZipCode.csv:12486 data 37854
    regex_detector_test.go:84: Expected label ZipCode, got  ([]), file ZipCode.csv:12487 data 37857
    regex_detector_test.go:84: Expected label ZipCode, got  ([]), file ZipCode.csv:12488 data 37860
    regex_detector_test.go:84: Expected label ZipCode, got  ([]), file ZipCode.csv:12489 data 37861
    regex_detector_test.go:84: Expected label ZipCode, got  ([]), file ZipCode.csv:12490 data 37862
    regex_detector_test.go:84: Expected label ZipCode, got  ([]), file ZipCode.csv:12491 data 37863
    regex_detector_test.go:84: Expected label ZipCode, got  ([]), file ZipCode.csv:12492 data 37865
    regex_detector_test.go:84: Expected label ZipCode, got  ([]), file ZipCode.csv:12493 data 37866
    regex_detector_test.go:84: Expected label ZipCode, got  ([]), file ZipCode.csv:12494 data 37869
    regex_detector_test.go:84: Expected label ZipCode, got  ([]), file ZipCode.csv:12495 data 37870
    regex_detector_test.go:84: Expected label ZipCode, got  ([]), file ZipCode.csv:12496 data 37871
    regex_detector_test.go:84: Expected label ZipCode, got  ([]), file ZipCode.csv:12497 data 37872
    regex_detector_test.go:84: Expected label ZipCode, got  ([]), file ZipCode.csv:12498 data 37873
    regex_detector_test.go:84: Expected label ZipCode, got  ([]), file ZipCode.csv:12499 data 37874
    regex_detector_test.go:84: Expected label ZipCode, got  ([]), file ZipCode.csv:12500 data 37876
    regex_detector_test.go:84: Expected label ZipCode, got  ([]), file ZipCode.csv:12501 data 37877
    regex_detector_test.go:84: Expected label ZipCode, got  ([]), file ZipCode.csv:12502 data 37878
    regex_detector_test.go:84: Expected label ZipCode, got  ([]), file ZipCode.csv:12503 data 37879
    regex_detector_test.go:84: Expected label ZipCode, got  ([]), file ZipCode.csv:12504 data 37880
    regex_detector_test.go:84: Expected label ZipCode, got  ([]), file ZipCode.csv:12505 data 37881
    regex_detector_test.go:84: Expected label ZipCode, got  ([]), file ZipCode.csv:12506 data 37882
    regex_detector_test.go:84: Expected label ZipCode, got  ([]), file ZipCode.csv:12507 data 37885
    regex_detector_test.go:84: Expected label ZipCode, got  ([]), file ZipCode.csv:12508 data 37886
    regex_detector_test.go:84: Expected label ZipCode, got  ([]), file ZipCode.csv:12509 data 37887
    regex_detector_test.go:84: Expected label ZipCode, got  ([]), file ZipCode.csv:12510 data 37888
    regex_detector_test.go:84: Expected label ZipCode, got  ([]), file ZipCode.csv:12511 data 37890
    regex_detector_test.go:84: Expected label ZipCode, got  ([]), file ZipCode.csv:12512 data 37891
    regex_detector_test.go:84: Expected label ZipCode, got  ([]), file ZipCode.csv:12513 data 37892
    regex_detector_test.go:84: Expected label ZipCode, got  ([]), file ZipCode.csv:12514 data 37902
    regex_detector_test.go:84: Expected label ZipCode, got  ([]), file ZipCode.csv:12515 data 37909
    regex_detector_test.go:84: Expected label ZipCode, got  ([]), file ZipCode.csv:12516 data 37912
    regex_detector_test.go:84: Expected label ZipCode, got  ([]), file ZipCode.csv:12517 data 37914
    regex_detector_test.go:84: Expected label ZipCode, got  ([]), file ZipCode.csv:12518 data 37915
    regex_detector_test.go:84: Expected label ZipCode, got  ([]), file ZipCode.csv:12519 data 37916
    regex_detector_test.go:84: Expected label ZipCode, got  ([]), file ZipCode.csv:12520 data 37917
    regex_detector_test.go:84: Expected label ZipCode, got  ([]), file ZipCode.csv:12521 data 37918
    regex_detector_test.go:84: Expected label ZipCode, got  ([]), file ZipCode.csv:12522 data 37919
    regex_detector_test.go:84: Expected label ZipCode, got  ([]), file ZipCode.csv:12523 data 37920
    regex_detector_test.go:84: Expected label ZipCode, got  ([]), file ZipCode.csv:12524 data 37921
    regex_detector_test.go:84: Expected label ZipCode, got  ([]), file ZipCode.csv:12525 data 37922
    regex_detector_test.go:84: Expected label ZipCode, got  ([]), file ZipCode.csv:12526 data 37923
    regex_detector_test.go:84: Expected label ZipCode, got  ([]), file ZipCode.csv:12527 data 37924
    regex_detector_test.go:84: Expected label ZipCode, got  ([]), file ZipCode.csv:12528 data 37929
    regex_detector_test.go:84: Expected label ZipCode, got  ([]), file ZipCode.csv:12529 data 37931
    regex_detector_test.go:84: Expected label ZipCode, got  ([]), file ZipCode.csv:12530 data 37932
    regex_detector_test.go:84: Expected label ZipCode, got  ([]), file ZipCode.csv:12531 data 37934
    regex_detector_test.go:84: Expected label ZipCode, got  ([]), file ZipCode.csv:12532 data 37938
    regex_detector_test.go:84: Expected label ZipCode, got  ([]), file ZipCode.csv:12533 data 38001
    regex_detector_test.go:84: Expected label ZipCode, got  ([]), file ZipCode.csv:12534 data 38002
    regex_detector_test.go:84: Expected label ZipCode, got  ([]), file ZipCode.csv:12535 data 38004
    regex_detector_test.go:84: Expected label ZipCode, got  ([]), file ZipCode.csv:12536 data 38006
    regex_detector_test.go:84: Expected label ZipCode, got  ([]), file ZipCode.csv:12537 data 38007
    regex_detector_test.go:84: Expected label ZipCode, got  ([]), file ZipCode.csv:12538 data 38008
    regex_detector_test.go:84: Expected label ZipCode, got  ([]), file ZipCode.csv:12539 data 38011
    regex_detector_test.go:84: Expected label ZipCode, got  ([]), file ZipCode.csv:12540 data 38012
    regex_detector_test.go:84: Expected label ZipCode, got  ([]), file ZipCode.csv:12541 data 38015
    regex_detector_test.go:84: Expected label ZipCode, got  ([]), file ZipCode.csv:12542 data 38016
    regex_detector_test.go:84: Expected label ZipCode, got  ([]), file ZipCode.csv:12543 data 38017
    regex_detector_test.go:84: Expected label ZipCode, got  ([]), file ZipCode.csv:12544 data 38018
    regex_detector_test.go:84: Expected label ZipCode, got  ([]), file ZipCode.csv:12545 data 38019
    regex_detector_test.go:84: Expected label ZipCode, got  ([]), file ZipCode.csv:12546 data 38021
    regex_detector_test.go:84: Expected label ZipCode, got  ([]), file ZipCode.csv:12547 data 38023
    regex_detector_test.go:84: Expected label ZipCode, got  ([]), file ZipCode.csv:12548 data 38024
    regex_detector_test.go:84: Expected label ZipCode, got  ([]), file ZipCode.csv:12549 data 38028
    regex_detector_test.go:84: Expected label ZipCode, got  ([]), file ZipCode.csv:12550 data 38029
    regex_detector_test.go:84: Expected label ZipCode, got  ([]), file ZipCode.csv:12551 data 38030
    regex_detector_test.go:84: Expected label ZipCode, got  ([]), file ZipCode.csv:12552 data 38034
    regex_detector_test.go:84: Expected label ZipCode, got  ([]), file ZipCode.csv:12553 data 38036
    regex_detector_test.go:84: Expected label ZipCode, got  ([]), file ZipCode.csv:12554 data 38037
    regex_detector_test.go:84: Expected label ZipCode, got  ([]), file ZipCode.csv:12555 data 38039
    regex_detector_test.go:84: Expected label ZipCode, got  ([]), file ZipCode.csv:12556 data 38040
    regex_detector_test.go:84: Expected label ZipCode, got  ([]), file ZipCode.csv:12557 data 38041
    regex_detector_test.go:84: Expected label ZipCode, got  ([]), file ZipCode.csv:12558 data 38042
    regex_detector_test.go:84: Expected label ZipCode, got  ([]), file ZipCode.csv:12559 data 38044
    regex_detector_test.go:84: Expected label ZipCode, got  ([]), file ZipCode.csv:12560 data 38046
    regex_detector_test.go:84: Expected label ZipCode, got  ([]), file ZipCode.csv:12561 data 38047
    regex_detector_test.go:84: Expected label ZipCode, got  ([]), file ZipCode.csv:12562 data 38049
    regex_detector_test.go:84: Expected label ZipCode, got  ([]), file ZipCode.csv:12563 data 38050
    regex_detector_test.go:84: Expected label ZipCode, got  ([]), file ZipCode.csv:12564 data 38052
    regex_detector_test.go:84: Expected label ZipCode, got  ([]), file ZipCode.csv:12565 data 38053
    regex_detector_test.go:84: Expected label ZipCode, got  ([]), file ZipCode.csv:12566 data 38054
    regex_detector_test.go:84: Expected label ZipCode, got  ([]), file ZipCode.csv:12567 data 38057
    regex_detector_test.go:84: Expected label ZipCode, got  ([]), file ZipCode.csv:12568 data 38058
    regex_detector_test.go:84: Expected label ZipCode, got  ([]), file ZipCode.csv:12569 data 38059
    regex_detector_test.go:84: Expected label ZipCode, got  ([]), file ZipCode.csv:12570 data 38060
    regex_detector_test.go:84: Expected label ZipCode, got  ([]), file ZipCode.csv:12571 data 38061
    regex_detector_test.go:84: Expected label ZipCode, got  ([]), file ZipCode.csv:12572 data 38063
    regex_detector_test.go:84: Expected label ZipCode, got  ([]), file ZipCode.csv:12573 data 38066
    regex_detector_test.go:84: Expected label ZipCode, got  ([]), file ZipCode.csv:12574 data 38067
    regex_detector_test.go:84: Expected label ZipCode, got  ([]), file ZipCode.csv:12575 data 38068
    regex_detector_test.go:84: Expected label ZipCode, got  ([]), file ZipCode.csv:12576 data 38069
    regex_detector_test.go:84: Expected label ZipCode, got  ([]), file ZipCode.csv:12577 data 38070
    regex_detector_test.go:84: Expected label ZipCode, got  ([]), file ZipCode.csv:12578 data 38075
    regex_detector_test.go:84: Expected label ZipCode, got  ([]), file ZipCode.csv:12579 data 38076
    regex_detector_test.go:84: Expected label ZipCode, got  ([]), file ZipCode.csv:12580 data 38077
    regex_detector_test.go:84: Expected label ZipCode, got  ([]), file ZipCode.csv:12581 data 38079
    regex_detector_test.go:84: Expected label ZipCode, got  ([]), file ZipCode.csv:12582 data 38080
    regex_detector_test.go:84: Expected label ZipCode, got  ([]), file ZipCode.csv:12583 data 38103
    regex_detector_test.go:84: Expected label ZipCode, got  ([]), file ZipCode.csv:12584 data 38104
    regex_detector_test.go:84: Expected label ZipCode, got  ([]), file ZipCode.csv:12585 data 38105
    regex_detector_test.go:84: Expected label ZipCode, got  ([]), file ZipCode.csv:12586 data 38106
    regex_detector_test.go:84: Expected label ZipCode, got  ([]), file ZipCode.csv:12587 data 38107
    regex_detector_test.go:84: Expected label ZipCode, got  ([]), file ZipCode.csv:12588 data 38108
    regex_detector_test.go:84: Expected label ZipCode, got  ([]), file ZipCode.csv:12589 data 38109
    regex_detector_test.go:84: Expected label ZipCode, got  ([]), file ZipCode.csv:12590 data 38111
    regex_detector_test.go:84: Expected label ZipCode, got  ([]), file ZipCode.csv:12591 data 38112
    regex_detector_test.go:84: Expected label ZipCode, got  ([]), file ZipCode.csv:12592 data 38113
    regex_detector_test.go:84: Expected label ZipCode, got  ([]), file ZipCode.csv:12593 data 38114
    regex_detector_test.go:84: Expected label ZipCode, got  ([]), file ZipCode.csv:12594 data 38115
    regex_detector_test.go:84: Expected label ZipCode, got  ([]), file ZipCode.csv:12595 data 38116
    regex_detector_test.go:84: Expected label ZipCode, got  ([]), file ZipCode.csv:12596 data 38117
    regex_detector_test.go:84: Expected label ZipCode, got  ([]), file ZipCode.csv:12597 data 38118
    regex_detector_test.go:84: Expected label ZipCode, got  ([]), file ZipCode.csv:12598 data 38119
    regex_detector_test.go:84: Expected label ZipCode, got  ([]), file ZipCode.csv:12599 data 38120
    regex_detector_test.go:84: Expected label ZipCode, got  ([]), file ZipCode.csv:12600 data 38122
    regex_detector_test.go:84: Expected label ZipCode, got  ([]), file ZipCode.csv:12601 data 38125
    regex_detector_test.go:84: Expected label ZipCode, got  ([]), file ZipCode.csv:12602 data 38126
    regex_detector_test.go:84: Expected label ZipCode, got  ([]), file ZipCode.csv:12603 data 38127
    regex_detector_test.go:84: Expected label ZipCode, got  ([]), file ZipCode.csv:12604 data 38128
    regex_detector_test.go:84: Expected label ZipCode, got  ([]), file ZipCode.csv:12605 data 38131
    regex_detector_test.go:84: Expected label ZipCode, got  ([]), file ZipCode.csv:12606 data 38132
    regex_detector_test.go:84: Expected label ZipCode, got  ([]), file ZipCode.csv:12607 data 38133
    regex_detector_test.go:84: Expected label ZipCode, got  ([]), file ZipCode.csv:12608 data 38134
    regex_detector_test.go:84: Expected label ZipCode, got  ([]), file ZipCode.csv:12609 data 38135
    regex_detector_test.go:84: Expected label ZipCode, got  ([]), file ZipCode.csv:12610 data 38138
    regex_detector_test.go:84: Expected label ZipCode, got  ([]), file ZipCode.csv:12611 data 38139
    regex_detector_test.go:84: Expected label ZipCode, got  ([]), file ZipCode.csv:12612 data 38141
    regex_detector_test.go:84: Expected label ZipCode, got  ([]), file ZipCode.csv:12613 data 38152
    regex_detector_test.go:84: Expected label ZipCode, got  ([]), file ZipCode.csv:12614 data 38201
    regex_detector_test.go:84: Expected label ZipCode, got  ([]), file ZipCode.csv:12615 data 38220
    regex_detector_test.go:84: Expected label ZipCode, got  ([]), file ZipCode.csv:12616 data 38221
    regex_detector_test.go:84: Expected label ZipCode, got  ([]), file ZipCode.csv:12617 data 38222
    regex_detector_test.go:84: Expected label ZipCode, got  ([]), file ZipCode.csv:12618 data 38224
    regex_detector_test.go:84: Expected label ZipCode, got  ([]), file ZipCode.csv:12619 data 38225
    regex_detector_test.go:84: Expected label ZipCode, got  ([]), file ZipCode.csv:12620 data 38226
    regex_detector_test.go:84: Expected label ZipCode, got  ([]), file ZipCode.csv:12621 data 38229
    regex_detector_test.go:84: Expected label ZipCode, got  ([]), file ZipCode.csv:12622 data 38230
    regex_detector_test.go:84: Expected label ZipCode, got  ([]), file ZipCode.csv:12623 data 38231
    regex_detector_test.go:84: Expected label ZipCode, got  ([]), file ZipCode.csv:12624 data 38232
    regex_detector_test.go:84: Expected label ZipCode, got  ([]), file ZipCode.csv:12625 data 38233
    regex_detector_test.go:84: Expected label ZipCode, got  ([]), file ZipCode.csv:12626 data 38235
    regex_detector_test.go:84: Expected label ZipCode, got  ([]), file ZipCode.csv:12627 data 38236
    regex_detector_test.go:84: Expected label ZipCode, got  ([]), file ZipCode.csv:12628 data 38237
    regex_detector_test.go:84: Expected label ZipCode, got  ([]), file ZipCode.csv:12629 data 38240
    regex_detector_test.go:84: Expected label ZipCode, got  ([]), file ZipCode.csv:12630 data 38241
    regex_detector_test.go:84: Expected label ZipCode, got  ([]), file ZipCode.csv:12631 data 38242
    regex_detector_test.go:84: Expected label ZipCode, got  ([]), file ZipCode.csv:12632 data 38251
    regex_detector_test.go:84: Expected label ZipCode, got  ([]), file ZipCode.csv:12633 data 38253
    regex_detector_test.go:84: Expected label ZipCode, got  ([]), file ZipCode.csv:12634 data 38254
    regex_detector_test.go:84: Expected label ZipCode, got  ([]), file ZipCode.csv:12635 data 38255
    regex_detector_test.go:84: Expected label ZipCode, got  ([]), file ZipCode.csv:12636 data 38256
    regex_detector_test.go:84: Expected label ZipCode, got  ([]), file ZipCode.csv:12637 data 38257
    regex_detector_test.go:84: Expected label ZipCode, got  ([]), file ZipCode.csv:12638 data 38258
    regex_detector_test.go:84: Expected label ZipCode, got  ([]), file ZipCode.csv:12639 data 38259
    regex_detector_test.go:84: Expected label ZipCode, got  ([]), file ZipCode.csv:12640 data 38260
    regex_detector_test.go:84: Expected label ZipCode, got  ([]), file ZipCode.csv:12641 data 38261
    regex_detector_test.go:84: Expected label ZipCode, got  ([]), file ZipCode.csv:12642 data 38301
    regex_detector_test.go:84: Expected label ZipCode, got  ([]), file ZipCode.csv:12643 data 38305
    regex_detector_test.go:84: Expected label ZipCode, got  ([]), file ZipCode.csv:12644 data 38310
    regex_detector_test.go:84: Expected label ZipCode, got  ([]), file ZipCode.csv:12645 data 38311
    regex_detector_test.go:84: Expected label ZipCode, got  ([]), file ZipCode.csv:12646 data 38313
    regex_detector_test.go:84: Expected label ZipCode, got  ([]), file ZipCode.csv:12647 data 38315
    regex_detector_test.go:84: Expected label ZipCode, got  ([]), file ZipCode.csv:12648 data 38316
    regex_detector_test.go:84: Expected label ZipCode, got  ([]), file ZipCode.csv:12649 data 38317
    regex_detector_test.go:84: Expected label ZipCode, got  ([]), file ZipCode.csv:12650 data 38318
    regex_detector_test.go:84: Expected label ZipCode, got  ([]), file ZipCode.csv:12651 data 38320
    regex_detector_test.go:84: Expected label ZipCode, got  ([]), file ZipCode.csv:12652 data 38321
    regex_detector_test.go:84: Expected label ZipCode, got  ([]), file ZipCode.csv:12653 data 38326
    regex_detector_test.go:84: Expected label ZipCode, got  ([]), file ZipCode.csv:12654 data 38327
    regex_detector_test.go:84: Expected label ZipCode, got  ([]), file ZipCode.csv:12655 data 38328
    regex_detector_test.go:84: Expected label ZipCode, got  ([]), file ZipCode.csv:12656 data 38329
    regex_detector_test.go:84: Expected label ZipCode, got  ([]), file ZipCode.csv:12657 data 38330
    regex_detector_test.go:84: Expected label ZipCode, got  ([]), file ZipCode.csv:12658 data 38332
    regex_detector_test.go:84: Expected label ZipCode, got  ([]), file ZipCode.csv:12659 data 38333
    regex_detector_test.go:84: Expected label ZipCode, got  ([]), file ZipCode.csv:12660 data 38334
    regex_detector_test.go:84: Expected label ZipCode, got  ([]), file ZipCode.csv:12661 data 38337
    regex_detector_test.go:84: Expected label ZipCode, got  ([]), file ZipCode.csv:12662 data 38338
    regex_detector_test.go:84: Expected label ZipCode, got  ([]), file ZipCode.csv:12663 data 38339
    regex_detector_test.go:84: Expected label ZipCode, got  ([]), file ZipCode.csv:12664 data 38340
    regex_detector_test.go:84: Expected label ZipCode, got  ([]), file ZipCode.csv:12665 data 38341
    regex_detector_test.go:84: Expected label ZipCode, got  ([]), file ZipCode.csv:12666 data 38342
    regex_detector_test.go:84: Expected label ZipCode, got  ([]), file ZipCode.csv:12667 data 38343
    regex_detector_test.go:84: Expected label ZipCode, got  ([]), file ZipCode.csv:12668 data 38344
    regex_detector_test.go:84: Expected label ZipCode, got  ([]), file ZipCode.csv:12669 data 38345
    regex_detector_test.go:84: Expected label ZipCode, got  ([]), file ZipCode.csv:12670 data 38347
    regex_detector_test.go:84: Expected label ZipCode, got  ([]), file ZipCode.csv:12671 data 38348
    regex_detector_test.go:84: Expected label ZipCode, got  ([]), file ZipCode.csv:12672 data 38351
    regex_detector_test.go:84: Expected label ZipCode, got  ([]), file ZipCode.csv:12673 data 38352
    regex_detector_test.go:84: Expected label ZipCode, got  ([]), file ZipCode.csv:12674 data 38355
    regex_detector_test.go:84: Expected label ZipCode, got  ([]), file ZipCode.csv:12675 data 38356
    regex_detector_test.go:84: Expected label ZipCode, got  ([]), file ZipCode.csv:12676 data 38357
    regex_detector_test.go:84: Expected label ZipCode, got  ([]), file ZipCode.csv:12677 data 38358
    regex_detector_test.go:84: Expected label ZipCode, got  ([]), file ZipCode.csv:12678 data 38359
    regex_detector_test.go:84: Expected label ZipCode, got  ([]), file ZipCode.csv:12679 data 38361
    regex_detector_test.go:84: Expected label ZipCode, got  ([]), file ZipCode.csv:12680 data 38362
    regex_detector_test.go:84: Expected label ZipCode, got  ([]), file ZipCode.csv:12681 data 38363
    regex_detector_test.go:84: Expected label ZipCode, got  ([]), file ZipCode.csv:12682 data 38365
    regex_detector_test.go:84: Expected label ZipCode, got  ([]), file ZipCode.csv:12683 data 38366
    regex_detector_test.go:84: Expected label ZipCode, got  ([]), file ZipCode.csv:12684 data 38367
    regex_detector_test.go:84: Expected label ZipCode, got  ([]), file ZipCode.csv:12685 data 38368
    regex_detector_test.go:84: Expected label ZipCode, got  ([]), file ZipCode.csv:12686 data 38369
    regex_detector_test.go:84: Expected label ZipCode, got  ([]), file ZipCode.csv:12687 data 38370
    regex_detector_test.go:84: Expected label ZipCode, got  ([]), file ZipCode.csv:12688 data 38371
    regex_detector_test.go:84: Expected label ZipCode, got  ([]), file ZipCode.csv:12689 data 38372
    regex_detector_test.go:84: Expected label ZipCode, got  ([]), file ZipCode.csv:12690 data 38374
    regex_detector_test.go:84: Expected label ZipCode, got  ([]), file ZipCode.csv:12691 data 38375
    regex_detector_test.go:84: Expected label ZipCode, got  ([]), file ZipCode.csv:12692 data 38376
    regex_detector_test.go:84: Expected label ZipCode, got  ([]), file ZipCode.csv:12693 data 38379
    regex_detector_test.go:84: Expected label ZipCode, got  ([]), file ZipCode.csv:12694 data 38380
    regex_detector_test.go:84: Expected label ZipCode, got  ([]), file ZipCode.csv:12695 data 38381
    regex_detector_test.go:84: Expected label ZipCode, got  ([]), file ZipCode.csv:12696 data 38382
    regex_detector_test.go:84: Expected label ZipCode, got  ([]), file ZipCode.csv:12697 data 38387
    regex_detector_test.go:84: Expected label ZipCode, got  ([]), file ZipCode.csv:12698 data 38388
    regex_detector_test.go:84: Expected label ZipCode, got  ([]), file ZipCode.csv:12699 data 38389
    regex_detector_test.go:84: Expected label ZipCode, got  ([]), file ZipCode.csv:12700 data 38390
    regex_detector_test.go:84: Expected label ZipCode, got  ([]), file ZipCode.csv:12701 data 38391
    regex_detector_test.go:84: Expected label ZipCode, got  ([]), file ZipCode.csv:12702 data 38392
    regex_detector_test.go:84: Expected label ZipCode, got  ([]), file ZipCode.csv:12703 data 38401
    regex_detector_test.go:84: Expected label ZipCode, got  ([]), file ZipCode.csv:12704 data 38425
    regex_detector_test.go:84: Expected label ZipCode, got  ([]), file ZipCode.csv:12705 data 38449
    regex_detector_test.go:84: Expected label ZipCode, got  ([]), file ZipCode.csv:12706 data 38450
    regex_detector_test.go:84: Expected label ZipCode, got  ([]), file ZipCode.csv:12707 data 38451
    regex_detector_test.go:84: Expected label ZipCode, got  ([]), file ZipCode.csv:12708 data 38452
    regex_detector_test.go:84: Expected label ZipCode, got  ([]), file ZipCode.csv:12709 data 38453
    regex_detector_test.go:84: Expected label ZipCode, got  ([]), file ZipCode.csv:12710 data 38454
    regex_detector_test.go:84: Expected label ZipCode, got  ([]), file ZipCode.csv:12711 data 38455
    regex_detector_test.go:84: Expected label ZipCode, got  ([]), file ZipCode.csv:12712 data 38456
    regex_detector_test.go:84: Expected label ZipCode, got  ([]), file ZipCode.csv:12713 data 38457
    regex_detector_test.go:84: Expected label ZipCode, got  ([]), file ZipCode.csv:12714 data 38459
    regex_detector_test.go:84: Expected label ZipCode, got  ([]), file ZipCode.csv:12715 data 38460
    regex_detector_test.go:84: Expected label ZipCode, got  ([]), file ZipCode.csv:12716 data 38461
    regex_detector_test.go:84: Expected label ZipCode, got  ([]), file ZipCode.csv:12717 data 38462
    regex_detector_test.go:84: Expected label ZipCode, got  ([]), file ZipCode.csv:12718 data 38463
    regex_detector_test.go:84: Expected label ZipCode, got  ([]), file ZipCode.csv:12719 data 38464
    regex_detector_test.go:84: Expected label ZipCode, got  ([]), file ZipCode.csv:12720 data 38468
    regex_detector_test.go:84: Expected label ZipCode, got  ([]), file ZipCode.csv:12721 data 38469
    regex_detector_test.go:84: Expected label ZipCode, got  ([]), file ZipCode.csv:12722 data 38471
    regex_detector_test.go:84: Expected label ZipCode, got  ([]), file ZipCode.csv:12723 data 38472
    regex_detector_test.go:84: Expected label ZipCode, got  ([]), file ZipCode.csv:12724 data 38473
    regex_detector_test.go:84: Expected label ZipCode, got  ([]), file ZipCode.csv:12725 data 38474
    regex_detector_test.go:84: Expected label ZipCode, got  ([]), file ZipCode.csv:12726 data 38475
    regex_detector_test.go:84: Expected label ZipCode, got  ([]), file ZipCode.csv:12727 data 38476
    regex_detector_test.go:84: Expected label ZipCode, got  ([]), file ZipCode.csv:12728 data 38477
    regex_detector_test.go:84: Expected label ZipCode, got  ([]), file ZipCode.csv:12729 data 38478
    regex_detector_test.go:84: Expected label ZipCode, got  ([]), file ZipCode.csv:12730 data 38481
    regex_detector_test.go:84: Expected label ZipCode, got  ([]), file ZipCode.csv:12731 data 38482
    regex_detector_test.go:84: Expected label ZipCode, got  ([]), file ZipCode.csv:12732 data 38483
    regex_detector_test.go:84: Expected label ZipCode, got  ([]), file ZipCode.csv:12733 data 38485
    regex_detector_test.go:84: Expected label ZipCode, got  ([]), file ZipCode.csv:12734 data 38486
    regex_detector_test.go:84: Expected label ZipCode, got  ([]), file ZipCode.csv:12735 data 38487
    regex_detector_test.go:84: Expected label ZipCode, got  ([]), file ZipCode.csv:12736 data 38488
    regex_detector_test.go:84: Expected label ZipCode, got  ([]), file ZipCode.csv:12737 data 38501
    regex_detector_test.go:84: Expected label ZipCode, got  ([]), file ZipCode.csv:12738 data 38503
    regex_detector_test.go:84: Expected label ZipCode, got  ([]), file ZipCode.csv:12739 data 38504
    regex_detector_test.go:84: Expected label ZipCode, got  ([]), file ZipCode.csv:12740 data 38505
    regex_detector_test.go:84: Expected label ZipCode, got  ([]), file ZipCode.csv:12741 data 38506
    regex_detector_test.go:84: Expected label ZipCode, got  ([]), file ZipCode.csv:12742 data 38541
    regex_detector_test.go:84: Expected label ZipCode, got  ([]), file ZipCode.csv:12743 data 38542
    regex_detector_test.go:84: Expected label ZipCode, got  ([]), file ZipCode.csv:12744 data 38543
    regex_detector_test.go:84: Expected label ZipCode, got  ([]), file ZipCode.csv:12745 data 38544
    regex_detector_test.go:84: Expected label ZipCode, got  ([]), file ZipCode.csv:12746 data 38545
    regex_detector_test.go:84: Expected label ZipCode, got  ([]), file ZipCode.csv:12747 data 38547
    regex_detector_test.go:84: Expected label ZipCode, got  ([]), file ZipCode.csv:12748 data 38548
    regex_detector_test.go:84: Expected label ZipCode, got  ([]), file ZipCode.csv:12749 data 38549
    regex_detector_test.go:84: Expected label ZipCode, got  ([]), file ZipCode.csv:12750 data 38550
    regex_detector_test.go:84: Expected label ZipCode, got  ([]), file ZipCode.csv:12751 data 38551
    regex_detector_test.go:84: Expected label ZipCode, got  ([]), file ZipCode.csv:12752 data 38552
    regex_detector_test.go:84: Expected label ZipCode, got  ([]), file ZipCode.csv:12753 data 38553
    regex_detector_test.go:84: Expected label ZipCode, got  ([]), file ZipCode.csv:12754 data 38554
    regex_detector_test.go:84: Expected label ZipCode, got  ([]), file ZipCode.csv:12755 data 38555
    regex_detector_test.go:84: Expected label ZipCode, got  ([]), file ZipCode.csv:12756 data 38556
    regex_detector_test.go:84: Expected label ZipCode, got  ([]), file ZipCode.csv:12757 data 38558
    regex_detector_test.go:84: Expected label ZipCode, got  ([]), file ZipCode.csv:12758 data 38559
    regex_detector_test.go:84: Expected label ZipCode, got  ([]), file ZipCode.csv:12759 data 38560
    regex_detector_test.go:84: Expected label ZipCode, got  ([]), file ZipCode.csv:12760 data 38562
    regex_detector_test.go:84: Expected label ZipCode, got  ([]), file ZipCode.csv:12761 data 38563
    regex_detector_test.go:84: Expected label ZipCode, got  ([]), file ZipCode.csv:12762 data 38564
    regex_detector_test.go:84: Expected label ZipCode, got  ([]), file ZipCode.csv:12763 data 38565
    regex_detector_test.go:84: Expected label ZipCode, got  ([]), file ZipCode.csv:12764 data 38567
    regex_detector_test.go:84: Expected label ZipCode, got  ([]), file ZipCode.csv:12765 data 38568
    regex_detector_test.go:84: Expected label ZipCode, got  ([]), file ZipCode.csv:12766 data 38569
    regex_detector_test.go:84: Expected label ZipCode, got  ([]), file ZipCode.csv:12767 data 38570
    regex_detector_test.go:84: Expected label ZipCode, got  ([]), file ZipCode.csv:12768 data 38571
    regex_detector_test.go:84: Expected label ZipCode, got  ([]), file ZipCode.csv:12769 data 38572
    regex_detector_test.go:84: Expected label ZipCode, got  ([]), file ZipCode.csv:12770 data 38573
    regex_detector_test.go:84: Expected label ZipCode, got  ([]), file ZipCode.csv:12771 data 38574
    regex_detector_test.go:84: Expected label ZipCode, got  ([]), file ZipCode.csv:12772 data 38575
    regex_detector_test.go:84: Expected label ZipCode, got  ([]), file ZipCode.csv:12773 data 38577
    regex_detector_test.go:84: Expected label ZipCode, got  ([]), file ZipCode.csv:12774 data 38578
    regex_detector_test.go:84: Expected label ZipCode, got  ([]), file ZipCode.csv:12775 data 38579
    regex_detector_test.go:84: Expected label ZipCode, got  ([]), file ZipCode.csv:12776 data 38580
    regex_detector_test.go:84: Expected label ZipCode, got  ([]), file ZipCode.csv:12777 data 38581
    regex_detector_test.go:84: Expected label ZipCode, got  ([]), file ZipCode.csv:12778 data 38582
    regex_detector_test.go:84: Expected label ZipCode, got  ([]), file ZipCode.csv:12779 data 38583
    regex_detector_test.go:84: Expected label ZipCode, got  ([]), file ZipCode.csv:12780 data 38585
    regex_detector_test.go:84: Expected label ZipCode, got  ([]), file ZipCode.csv:12781 data 38587
    regex_detector_test.go:84: Expected label ZipCode, got  ([]), file ZipCode.csv:12782 data 38588
    regex_detector_test.go:84: Expected label ZipCode, got  ([]), file ZipCode.csv:12783 data 38589
    regex_detector_test.go:84: Expected label ZipCode, got  ([]), file ZipCode.csv:12784 data 38601
    regex_detector_test.go:84: Expected label ZipCode, got  ([]), file ZipCode.csv:12785 data 38603
    regex_detector_test.go:84: Expected label ZipCode, got  ([]), file ZipCode.csv:12786 data 38606
    regex_detector_test.go:84: Expected label ZipCode, got  ([]), file ZipCode.csv:12787 data 38610
    regex_detector_test.go:84: Expected label ZipCode, got  ([]), file ZipCode.csv:12788 data 38611
    regex_detector_test.go:84: Expected label ZipCode, got  ([]), file ZipCode.csv:12789 data 38614
    regex_detector_test.go:84: Expected label ZipCode, got  ([]), file ZipCode.csv:12790 data 38617
    regex_detector_test.go:84: Expected label ZipCode, got  ([]), file ZipCode.csv:12791 data 38618
    regex_detector_test.go:84: Expected label ZipCode, got  ([]), file ZipCode.csv:12792 data 38619
    regex_detector_test.go:84: Expected label ZipCode, got  ([]), file ZipCode.csv:12793 data 38620
    regex_detector_test.go:84: Expected label ZipCode, got  ([]), file ZipCode.csv:12794 data 38621
    regex_detector_test.go:84: Expected label ZipCode, got  ([]), file ZipCode.csv:12795 data 38622
    regex_detector_test.go:84: Expected label ZipCode, got  ([]), file ZipCode.csv:12796 data 38623
    regex_detector_test.go:84: Expected label ZipCode, got  ([]), file ZipCode.csv:12797 data 38625
    regex_detector_test.go:84: Expected label ZipCode, got  ([]), file ZipCode.csv:12798 data 38626
    regex_detector_test.go:84: Expected label ZipCode, got  ([]), file ZipCode.csv:12799 data 38627
    regex_detector_test.go:84: Expected label ZipCode, got  ([]), file ZipCode.csv:12800 data 38629
    regex_detector_test.go:84: Expected label ZipCode, got  ([]), file ZipCode.csv:12801 data 38631
    regex_detector_test.go:84: Expected label ZipCode, got  ([]), file ZipCode.csv:12802 data 38632
    regex_detector_test.go:84: Expected label ZipCode, got  ([]), file ZipCode.csv:12803 data 38633
    regex_detector_test.go:84: Expected label ZipCode, got  ([]), file ZipCode.csv:12804 data 38635
    regex_detector_test.go:84: Expected label ZipCode, got  ([]), file ZipCode.csv:12805 data 38637
    regex_detector_test.go:84: Expected label ZipCode, got  ([]), file ZipCode.csv:12806 data 38639
    regex_detector_test.go:84: Expected label ZipCode, got  ([]), file ZipCode.csv:12807 data 38641
    regex_detector_test.go:84: Expected label ZipCode, got  ([]), file ZipCode.csv:12808 data 38642
    regex_detector_test.go:84: Expected label ZipCode, got  ([]), file ZipCode.csv:12809 data 38643
    regex_detector_test.go:84: Expected label ZipCode, got  ([]), file ZipCode.csv:12810 data 38644
    regex_detector_test.go:84: Expected label ZipCode, got  ([]), file ZipCode.csv:12811 data 38645
    regex_detector_test.go:84: Expected label ZipCode, got  ([]), file ZipCode.csv:12812 data 38646
    regex_detector_test.go:84: Expected label ZipCode, got  ([]), file ZipCode.csv:12813 data 38647
    regex_detector_test.go:84: Expected label ZipCode, got  ([]), file ZipCode.csv:12814 data 38650
    regex_detector_test.go:84: Expected label ZipCode, got  ([]), file ZipCode.csv:12815 data 38651
    regex_detector_test.go:84: Expected label ZipCode, got  ([]), file ZipCode.csv:12816 data 38652
    regex_detector_test.go:84: Expected label ZipCode, got  ([]), file ZipCode.csv:12817 data 38654
    regex_detector_test.go:84: Expected label ZipCode, got  ([]), file ZipCode.csv:12818 data 38655
    regex_detector_test.go:84: Expected label ZipCode, got  ([]), file ZipCode.csv:12819 data 38658
    regex_detector_test.go:84: Expected label ZipCode, got  ([]), file ZipCode.csv:12820 data 38659
    regex_detector_test.go:84: Expected label ZipCode, got  ([]), file ZipCode.csv:12821 data 38661
    regex_detector_test.go:84: Expected label ZipCode, got  ([]), file ZipCode.csv:12822 data 38663
    regex_detector_test.go:84: Expected label ZipCode, got  ([]), file ZipCode.csv:12823 data 38664
    regex_detector_test.go:84: Expected label ZipCode, got  ([]), file ZipCode.csv:12824 data 38665
    regex_detector_test.go:84: Expected label ZipCode, got  ([]), file ZipCode.csv:12825 data 38666
    regex_detector_test.go:84: Expected label ZipCode, got  ([]), file ZipCode.csv:12826 data 38668
    regex_detector_test.go:84: Expected label ZipCode, got  ([]), file ZipCode.csv:12827 data 38670
    regex_detector_test.go:84: Expected label ZipCode, got  ([]), file ZipCode.csv:12828 data 38671
    regex_detector_test.go:84: Expected label ZipCode, got  ([]), file ZipCode.csv:12829 data 38672
    regex_detector_test.go:84: Expected label ZipCode, got  ([]), file ZipCode.csv:12830 data 38673
    regex_detector_test.go:84: Expected label ZipCode, got  ([]), file ZipCode.csv:12831 data 38674
    regex_detector_test.go:84: Expected label ZipCode, got  ([]), file ZipCode.csv:12832 data 38676
    regex_detector_test.go:84: Expected label ZipCode, got  ([]), file ZipCode.csv:12833 data 38677
    regex_detector_test.go:84: Expected label ZipCode, got  ([]), file ZipCode.csv:12834 data 38680
    regex_detector_test.go:84: Expected label ZipCode, got  ([]), file ZipCode.csv:12835 data 38683
    regex_detector_test.go:84: Expected label ZipCode, got  ([]), file ZipCode.csv:12836 data 38685
    regex_detector_test.go:84: Expected label ZipCode, got  ([]), file ZipCode.csv:12837 data 38701
    regex_detector_test.go:84: Expected label ZipCode, got  ([]), file ZipCode.csv:12838 data 38703
    regex_detector_test.go:84: Expected label ZipCode, got  ([]), file ZipCode.csv:12839 data 38720
    regex_detector_test.go:84: Expected label ZipCode, got  ([]), file ZipCode.csv:12840 data 38721
    regex_detector_test.go:84: Expected label ZipCode, got  ([]), file ZipCode.csv:12841 data 38722
    regex_detector_test.go:84: Expected label ZipCode, got  ([]), file ZipCode.csv:12842 data 38723
    regex_detector_test.go:84: Expected label ZipCode, got  ([]), file ZipCode.csv:12843 data 38725
    regex_detector_test.go:84: Expected label ZipCode, got  ([]), file ZipCode.csv:12844 data 38726
    regex_detector_test.go:84: Expected label ZipCode, got  ([]), file ZipCode.csv:12845 data 38730
    regex_detector_test.go:84: Expected label ZipCode, got  ([]), file ZipCode.csv:12846 data 38731
    regex_detector_test.go:84: Expected label ZipCode, got  ([]), file ZipCode.csv:12847 data 38732
    regex_detector_test.go:84: Expected label ZipCode, got  ([]), file ZipCode.csv:12848 data 38733
    regex_detector_test.go:84: Expected label ZipCode, got  ([]), file ZipCode.csv:12849 data 38736
    regex_detector_test.go:84: Expected label ZipCode, got  ([]), file ZipCode.csv:12850 data 38737
    regex_detector_test.go:84: Expected label ZipCode, got  ([]), file ZipCode.csv:12851 data 38738
    regex_detector_test.go:84: Expected label ZipCode, got  ([]), file ZipCode.csv:12852 data 38740
    regex_detector_test.go:84: Expected label ZipCode, got  ([]), file ZipCode.csv:12853 data 38744
    regex_detector_test.go:84: Expected label ZipCode, got  ([]), file ZipCode.csv:12854 data 38745
    regex_detector_test.go:84: Expected label ZipCode, got  ([]), file ZipCode.csv:12855 data 38746
    regex_detector_test.go:84: Expected label ZipCode, got  ([]), file ZipCode.csv:12856 data 38748
    regex_detector_test.go:84: Expected label ZipCode, got  ([]), file ZipCode.csv:12857 data 38751
    regex_detector_test.go:84: Expected label ZipCode, got  ([]), file ZipCode.csv:12858 data 38753
    regex_detector_test.go:84: Expected label ZipCode, got  ([]), file ZipCode.csv:12859 data 38754
    regex_detector_test.go:84: Expected label ZipCode, got  ([]), file ZipCode.csv:12860 data 38756
    regex_detector_test.go:84: Expected label ZipCode, got  ([]), file ZipCode.csv:12861 data 38759
    regex_detector_test.go:84: Expected label ZipCode, got  ([]), file ZipCode.csv:12862 data 38760
    regex_detector_test.go:84: Expected label ZipCode, got  ([]), file ZipCode.csv:12863 data 38761
    regex_detector_test.go:84: Expected label ZipCode, got  ([]), file ZipCode.csv:12864 data 38762
    regex_detector_test.go:84: Expected label ZipCode, got  ([]), file ZipCode.csv:12865 data 38764
    regex_detector_test.go:84: Expected label ZipCode, got  ([]), file ZipCode.csv:12866 data 38765
    regex_detector_test.go:84: Expected label ZipCode, got  ([]), file ZipCode.csv:12867 data 38767
    regex_detector_test.go:84: Expected label ZipCode, got  ([]), file ZipCode.csv:12868 data 38768
    regex_detector_test.go:84: Expected label ZipCode, got  ([]), file ZipCode.csv:12869 data 38769
    regex_detector_test.go:84: Expected label ZipCode, got  ([]), file ZipCode.csv:12870 data 38771
    regex_detector_test.go:84: Expected label ZipCode, got  ([]), file ZipCode.csv:12871 data 38772
    regex_detector_test.go:84: Expected label ZipCode, got  ([]), file ZipCode.csv:12872 data 38773
    regex_detector_test.go:84: Expected label ZipCode, got  ([]), file ZipCode.csv:12873 data 38774
    regex_detector_test.go:84: Expected label ZipCode, got  ([]), file ZipCode.csv:12874 data 38776
    regex_detector_test.go:84: Expected label ZipCode, got  ([]), file ZipCode.csv:12875 data 38778
    regex_detector_test.go:84: Expected label ZipCode, got  ([]), file ZipCode.csv:12876 data 38781
    regex_detector_test.go:84: Expected label ZipCode, got  ([]), file ZipCode.csv:12877 data 38801
    regex_detector_test.go:84: Expected label ZipCode, got  ([]), file ZipCode.csv:12878 data 38804
    regex_detector_test.go:84: Expected label ZipCode, got  ([]), file ZipCode.csv:12879 data 38821
    regex_detector_test.go:84: Expected label ZipCode, got  ([]), file ZipCode.csv:12880 data 38824
    regex_detector_test.go:84: Expected label ZipCode, got  ([]), file ZipCode.csv:12881 data 38826
    regex_detector_test.go:84: Expected label ZipCode, got  ([]), file ZipCode.csv:12882 data 38827
    regex_detector_test.go:84: Expected label ZipCode, got  ([]), file ZipCode.csv:12883 data 38828
    regex_detector_test.go:84: Expected label ZipCode, got  ([]), file ZipCode.csv:12884 data 38829
    regex_detector_test.go:84: Expected label ZipCode, got  ([]), file ZipCode.csv:12885 data 38833
    regex_detector_test.go:84: Expected label ZipCode, got  ([]), file ZipCode.csv:12886 data 38834
    regex_detector_test.go:84: Expected label ZipCode, got  ([]), file ZipCode.csv:12887 data 38838
    regex_detector_test.go:84: Expected label ZipCode, got  ([]), file ZipCode.csv:12888 data 38839
    regex_detector_test.go:84: Expected label ZipCode, got  ([]), file ZipCode.csv:12889 data 38841
    regex_detector_test.go:84: Expected label ZipCode, got  ([]), file ZipCode.csv:12890 data 38843
    regex_detector_test.go:84: Expected label ZipCode, got  ([]), file ZipCode.csv:12891 data 38844
    regex_detector_test.go:84: Expected label ZipCode, got  ([]), file ZipCode.csv:12892 data 38846
    regex_detector_test.go:84: Expected label ZipCode, got  ([]), file ZipCode.csv:12893 data 38847
    regex_detector_test.go:84: Expected label ZipCode, got  ([]), file ZipCode.csv:12894 data 38848
    regex_detector_test.go:84: Expected label ZipCode, got  ([]), file ZipCode.csv:12895 data 38849
    regex_detector_test.go:84: Expected label ZipCode, got  ([]), file ZipCode.csv:12896 data 38850
    regex_detector_test.go:84: Expected label ZipCode, got  ([]), file ZipCode.csv:12897 data 38851
    regex_detector_test.go:84: Expected label ZipCode, got  ([]), file ZipCode.csv:12898 data 38852
    regex_detector_test.go:84: Expected label ZipCode, got  ([]), file ZipCode.csv:12899 data 38855
    regex_detector_test.go:84: Expected label ZipCode, got  ([]), file ZipCode.csv:12900 data 38856
    regex_detector_test.go:84: Expected label ZipCode, got  ([]), file ZipCode.csv:12901 data 38857
    regex_detector_test.go:84: Expected label ZipCode, got  ([]), file ZipCode.csv:12902 data 38858
    regex_detector_test.go:84: Expected label ZipCode, got  ([]), file ZipCode.csv:12903 data 38859
    regex_detector_test.go:84: Expected label ZipCode, got  ([]), file ZipCode.csv:12904 data 38860
    regex_detector_test.go:84: Expected label ZipCode, got  ([]), file ZipCode.csv:12905 data 38862
    regex_detector_test.go:84: Expected label ZipCode, got  ([]), file ZipCode.csv:12906 data 38863
    regex_detector_test.go:84: Expected label ZipCode, got  ([]), file ZipCode.csv:12907 data 38864
    regex_detector_test.go:84: Expected label ZipCode, got  ([]), file ZipCode.csv:12908 data 38865
    regex_detector_test.go:84: Expected label ZipCode, got  ([]), file ZipCode.csv:12909 data 38866
    regex_detector_test.go:84: Expected label ZipCode, got  ([]), file ZipCode.csv:12910 data 38868
    regex_detector_test.go:84: Expected label ZipCode, got  ([]), file ZipCode.csv:12911 data 38869
    regex_detector_test.go:84: Expected label ZipCode, got  ([]), file ZipCode.csv:12912 data 38870
    regex_detector_test.go:84: Expected label ZipCode, got  ([]), file ZipCode.csv:12913 data 38871
    regex_detector_test.go:84: Expected label ZipCode, got  ([]), file ZipCode.csv:12914 data 38873
    regex_detector_test.go:84: Expected label ZipCode, got  ([]), file ZipCode.csv:12915 data 38876
    regex_detector_test.go:84: Expected label ZipCode, got  ([]), file ZipCode.csv:12916 data 38878
    regex_detector_test.go:84: Expected label ZipCode, got  ([]), file ZipCode.csv:12917 data 38879
    regex_detector_test.go:84: Expected label ZipCode, got  ([]), file ZipCode.csv:12918 data 38901
    regex_detector_test.go:84: Expected label ZipCode, got  ([]), file ZipCode.csv:12919 data 38913
    regex_detector_test.go:84: Expected label ZipCode, got  ([]), file ZipCode.csv:12920 data 38914
    regex_detector_test.go:84: Expected label ZipCode, got  ([]), file ZipCode.csv:12921 data 38915
    regex_detector_test.go:84: Expected label ZipCode, got  ([]), file ZipCode.csv:12922 data 38916
    regex_detector_test.go:84: Expected label ZipCode, got  ([]), file ZipCode.csv:12923 data 38917
    regex_detector_test.go:84: Expected label ZipCode, got  ([]), file ZipCode.csv:12924 data 38920
    regex_detector_test.go:84: Expected label ZipCode, got  ([]), file ZipCode.csv:12925 data 38921
    regex_detector_test.go:84: Expected label ZipCode, got  ([]), file ZipCode.csv:12926 data 38922
    regex_detector_test.go:84: Expected label ZipCode, got  ([]), file ZipCode.csv:12927 data 38923
    regex_detector_test.go:84: Expected label ZipCode, got  ([]), file ZipCode.csv:12928 data 38924
    regex_detector_test.go:84: Expected label ZipCode, got  ([]), file ZipCode.csv:12929 data 38925
    regex_detector_test.go:84: Expected label ZipCode, got  ([]), file ZipCode.csv:12930 data 38927
    regex_detector_test.go:84: Expected label ZipCode, got  ([]), file ZipCode.csv:12931 data 38928
    regex_detector_test.go:84: Expected label ZipCode, got  ([]), file ZipCode.csv:12932 data 38929
    regex_detector_test.go:84: Expected label ZipCode, got  ([]), file ZipCode.csv:12933 data 38930
    regex_detector_test.go:84: Expected label ZipCode, got  ([]), file ZipCode.csv:12934 data 38940
    regex_detector_test.go:84: Expected label ZipCode, got  ([]), file ZipCode.csv:12935 data 38941
    regex_detector_test.go:84: Expected label ZipCode, got  ([]), file ZipCode.csv:12936 data 38943
    regex_detector_test.go:84: Expected label ZipCode, got  ([]), file ZipCode.csv:12937 data 38944
    regex_detector_test.go:84: Expected label ZipCode, got  ([]), file ZipCode.csv:12938 data 38946
    regex_detector_test.go:84: Expected label ZipCode, got  ([]), file ZipCode.csv:12939 data 38947
    regex_detector_test.go:84: Expected label ZipCode, got  ([]), file ZipCode.csv:12940 data 38948
    regex_detector_test.go:84: Expected label ZipCode, got  ([]), file ZipCode.csv:12941 data 38949
    regex_detector_test.go:84: Expected label ZipCode, got  ([]), file ZipCode.csv:12942 data 38950
    regex_detector_test.go:84: Expected label ZipCode, got  ([]), file ZipCode.csv:12943 data 38951
    regex_detector_test.go:84: Expected label ZipCode, got  ([]), file ZipCode.csv:12944 data 38952
    regex_detector_test.go:84: Expected label ZipCode, got  ([]), file ZipCode.csv:12945 data 38953
    regex_detector_test.go:84: Expected label ZipCode, got  ([]), file ZipCode.csv:12946 data 38954
    regex_detector_test.go:84: Expected label ZipCode, got  ([]), file ZipCode.csv:12947 data 38957
    regex_detector_test.go:84: Expected label ZipCode, got  ([]), file ZipCode.csv:12948 data 38961
    regex_detector_test.go:84: Expected label ZipCode, got  ([]), file ZipCode.csv:12949 data 38962
    regex_detector_test.go:84: Expected label ZipCode, got  ([]), file ZipCode.csv:12950 data 38963
    regex_detector_test.go:84: Expected label ZipCode, got  ([]), file ZipCode.csv:12951 data 38964
    regex_detector_test.go:84: Expected label ZipCode, got  ([]), file ZipCode.csv:12952 data 38965
    regex_detector_test.go:84: Expected label ZipCode, got  ([]), file ZipCode.csv:12953 data 38966
    regex_detector_test.go:84: Expected label ZipCode, got  ([]), file ZipCode.csv:12954 data 38967
    regex_detector_test.go:84: Expected label ZipCode, got  ([]), file ZipCode.csv:12955 data 39038
    regex_detector_test.go:84: Expected label ZipCode, got  ([]), file ZipCode.csv:12956 data 39039
    regex_detector_test.go:84: Expected label ZipCode, got  ([]), file ZipCode.csv:12957 data 39040
    regex_detector_test.go:84: Expected label ZipCode, got  ([]), file ZipCode.csv:12958 data 39041
    regex_detector_test.go:84: Expected label ZipCode, got  ([]), file ZipCode.csv:12959 data 39042
    regex_detector_test.go:84: Expected label ZipCode, got  ([]), file ZipCode.csv:12960 data 39044
    regex_detector_test.go:84: Expected label ZipCode, got  ([]), file ZipCode.csv:12961 data 39045
    regex_detector_test.go:84: Expected label ZipCode, got  ([]), file ZipCode.csv:12962 data 39046
    regex_detector_test.go:84: Expected label ZipCode, got  ([]), file ZipCode.csv:12963 data 39047
    regex_detector_test.go:84: Expected label ZipCode, got  ([]), file ZipCode.csv:12964 data 39051
    regex_detector_test.go:84: Expected label ZipCode, got  ([]), file ZipCode.csv:12965 data 39054
    regex_detector_test.go:84: Expected label ZipCode, got  ([]), file ZipCode.csv:12966 data 39056
    regex_detector_test.go:84: Expected label ZipCode, got  ([]), file ZipCode.csv:12967 data 39057
    regex_detector_test.go:84: Expected label ZipCode, got  ([]), file ZipCode.csv:12968 data 39058
    regex_detector_test.go:84: Expected label ZipCode, got  ([]), file ZipCode.csv:12969 data 39059
    regex_detector_test.go:84: Expected label ZipCode, got  ([]), file ZipCode.csv:12970 data 39061
    regex_detector_test.go:84: Expected label ZipCode, got  ([]), file ZipCode.csv:12971 data 39062
    regex_detector_test.go:84: Expected label ZipCode, got  ([]), file ZipCode.csv:12972 data 39063
    regex_detector_test.go:84: Expected label ZipCode, got  ([]), file ZipCode.csv:12973 data 39066
    regex_detector_test.go:84: Expected label ZipCode, got  ([]), file ZipCode.csv:12974 data 39067
    regex_detector_test.go:84: Expected label ZipCode, got  ([]), file ZipCode.csv:12975 data 39069
    regex_detector_test.go:84: Expected label ZipCode, got  ([]), file ZipCode.csv:12976 data 39071
    regex_detector_test.go:84: Expected label ZipCode, got  ([]), file ZipCode.csv:12977 data 39073
    regex_detector_test.go:84: Expected label ZipCode, got  ([]), file ZipCode.csv:12978 data 39074
    regex_detector_test.go:84: Expected label ZipCode, got  ([]), file ZipCode.csv:12979 data 39078
    regex_detector_test.go:84: Expected label ZipCode, got  ([]), file ZipCode.csv:12980 data 39079
    regex_detector_test.go:84: Expected label ZipCode, got  ([]), file ZipCode.csv:12981 data 39082
    regex_detector_test.go:84: Expected label ZipCode, got  ([]), file ZipCode.csv:12982 data 39083
    regex_detector_test.go:84: Expected label ZipCode, got  ([]), file ZipCode.csv:12983 data 39086
    regex_detector_test.go:84: Expected label ZipCode, got  ([]), file ZipCode.csv:12984 data 39088
    regex_detector_test.go:84: Expected label ZipCode, got  ([]), file ZipCode.csv:12985 data 39090
    regex_detector_test.go:84: Expected label ZipCode, got  ([]), file ZipCode.csv:12986 data 39092
    regex_detector_test.go:84: Expected label ZipCode, got  ([]), file ZipCode.csv:12987 data 39094
    regex_detector_test.go:84: Expected label ZipCode, got  ([]), file ZipCode.csv:12988 data 39095
    regex_detector_test.go:84: Expected label ZipCode, got  ([]), file ZipCode.csv:12989 data 39096
    regex_detector_test.go:84: Expected label ZipCode, got  ([]), file ZipCode.csv:12990 data 39097
    regex_detector_test.go:84: Expected label ZipCode, got  ([]), file ZipCode.csv:12991 data 39108
    regex_detector_test.go:84: Expected label ZipCode, got  ([]), file ZipCode.csv:12992 data 39110
    regex_detector_test.go:84: Expected label ZipCode, got  ([]), file ZipCode.csv:12993 data 39111
    regex_detector_test.go:84: Expected label ZipCode, got  ([]), file ZipCode.csv:12994 data 39113
    regex_detector_test.go:84: Expected label ZipCode, got  ([]), file ZipCode.csv:12995 data 39114
    regex_detector_test.go:84: Expected label ZipCode, got  ([]), file ZipCode.csv:12996 data 39115
    regex_detector_test.go:84: Expected label ZipCode, got  ([]), file ZipCode.csv:12997 data 39116
    regex_detector_test.go:84: Expected label ZipCode, got  ([]), file ZipCode.csv:12998 data 39117
    regex_detector_test.go:84: Expected label ZipCode, got  ([]), file ZipCode.csv:12999 data 39119
    regex_detector_test.go:84: Expected label ZipCode, got  ([]), file ZipCode.csv:13000 data 39120
    regex_detector_test.go:84: Expected label ZipCode, got  ([]), file ZipCode.csv:13001 data 39140
    regex_detector_test.go:84: Expected label ZipCode, got  ([]), file ZipCode.csv:13002 data 39144
    regex_detector_test.go:84: Expected label ZipCode, got  ([]), file ZipCode.csv:13003 data 39145
    regex_detector_test.go:84: Expected label ZipCode, got  ([]), file ZipCode.csv:13004 data 39146
    regex_detector_test.go:84: Expected label ZipCode, got  ([]), file ZipCode.csv:13005 data 39148
    regex_detector_test.go:84: Expected label ZipCode, got  ([]), file ZipCode.csv:13006 data 39149
    regex_detector_test.go:84: Expected label ZipCode, got  ([]), file ZipCode.csv:13007 data 39150
    regex_detector_test.go:84: Expected label ZipCode, got  ([]), file ZipCode.csv:13008 data 39152
    regex_detector_test.go:84: Expected label ZipCode, got  ([]), file ZipCode.csv:13009 data 39153
    regex_detector_test.go:84: Expected label ZipCode, got  ([]), file ZipCode.csv:13010 data 39154
    regex_detector_test.go:84: Expected label ZipCode, got  ([]), file ZipCode.csv:13011 data 39156
    regex_detector_test.go:84: Expected label ZipCode, got  ([]), file ZipCode.csv:13012 data 39157
    regex_detector_test.go:84: Expected label ZipCode, got  ([]), file ZipCode.csv:13013 data 39159
    regex_detector_test.go:84: Expected label ZipCode, got  ([]), file ZipCode.csv:13014 data 39160
    regex_detector_test.go:84: Expected label ZipCode, got  ([]), file ZipCode.csv:13015 data 39162
    regex_detector_test.go:84: Expected label ZipCode, got  ([]), file ZipCode.csv:13016 data 39166
    regex_detector_test.go:84: Expected label ZipCode, got  ([]), file ZipCode.csv:13017 data 39167
    regex_detector_test.go:84: Expected label ZipCode, got  ([]), file ZipCode.csv:13018 data 39168
    regex_detector_test.go:84: Expected label ZipCode, got  ([]), file ZipCode.csv:13019 data 39169
    regex_detector_test.go:84: Expected label ZipCode, got  ([]), file ZipCode.csv:13020 data 39170
    regex_detector_test.go:84: Expected label ZipCode, got  ([]), file ZipCode.csv:13021 data 39173
    regex_detector_test.go:84: Expected label ZipCode, got  ([]), file ZipCode.csv:13022 data 39174
    regex_detector_test.go:84: Expected label ZipCode, got  ([]), file ZipCode.csv:13023 data 39175
    regex_detector_test.go:84: Expected label ZipCode, got  ([]), file ZipCode.csv:13024 data 39176
    regex_detector_test.go:84: Expected label ZipCode, got  ([]), file ZipCode.csv:13025 data 39177
    regex_detector_test.go:84: Expected label ZipCode, got  ([]), file ZipCode.csv:13026 data 39179
    regex_detector_test.go:84: Expected label ZipCode, got  ([]), file ZipCode.csv:13027 data 39180
    regex_detector_test.go:84: Expected label ZipCode, got  ([]), file ZipCode.csv:13028 data 39183
    regex_detector_test.go:84: Expected label ZipCode, got  ([]), file ZipCode.csv:13029 data 39189
    regex_detector_test.go:84: Expected label ZipCode, got  ([]), file ZipCode.csv:13030 data 39191
    regex_detector_test.go:84: Expected label ZipCode, got  ([]), file ZipCode.csv:13031 data 39192
    regex_detector_test.go:84: Expected label ZipCode, got  ([]), file ZipCode.csv:13032 data 39193
    regex_detector_test.go:84: Expected label ZipCode, got  ([]), file ZipCode.csv:13033 data 39194
    regex_detector_test.go:84: Expected label ZipCode, got  ([]), file ZipCode.csv:13034 data 39201
    regex_detector_test.go:84: Expected label ZipCode, got  ([]), file ZipCode.csv:13035 data 39202
    regex_detector_test.go:84: Expected label ZipCode, got  ([]), file ZipCode.csv:13036 data 39203
    regex_detector_test.go:84: Expected label ZipCode, got  ([]), file ZipCode.csv:13037 data 39204
    regex_detector_test.go:84: Expected label ZipCode, got  ([]), file ZipCode.csv:13038 data 39206
    regex_detector_test.go:84: Expected label ZipCode, got  ([]), file ZipCode.csv:13039 data 39208
    regex_detector_test.go:84: Expected label ZipCode, got  ([]), file ZipCode.csv:13040 data 39209
    regex_detector_test.go:84: Expected label ZipCode, got  ([]), file ZipCode.csv:13041 data 39210
    regex_detector_test.go:84: Expected label ZipCode, got  ([]), file ZipCode.csv:13042 data 39211
    regex_detector_test.go:84: Expected label ZipCode, got  ([]), file ZipCode.csv:13043 data 39212
    regex_detector_test.go:84: Expected label ZipCode, got  ([]), file ZipCode.csv:13044 data 39213
    regex_detector_test.go:84: Expected label ZipCode, got  ([]), file ZipCode.csv:13045 data 39216
    regex_detector_test.go:84: Expected label ZipCode, got  ([]), file ZipCode.csv:13046 data 39217
    regex_detector_test.go:84: Expected label ZipCode, got  ([]), file ZipCode.csv:13047 data 39218
    regex_detector_test.go:84: Expected label ZipCode, got  ([]), file ZipCode.csv:13048 data 39232
    regex_detector_test.go:84: Expected label ZipCode, got  ([]), file ZipCode.csv:13049 data 39269
    regex_detector_test.go:84: Expected label ZipCode, got  ([]), file ZipCode.csv:13050 data 39272
    regex_detector_test.go:84: Expected label ZipCode, got  ([]), file ZipCode.csv:13051 data 39301
    regex_detector_test.go:84: Expected label ZipCode, got  ([]), file ZipCode.csv:13052 data 39305
    regex_detector_test.go:84: Expected label ZipCode, got  ([]), file ZipCode.csv:13053 data 39307
    regex_detector_test.go:84: Expected label ZipCode, got  ([]), file ZipCode.csv:13054 data 39309
    regex_detector_test.go:84: Expected label ZipCode, got  ([]), file ZipCode.csv:13055 data 39320
    regex_detector_test.go:84: Expected label ZipCode, got  ([]), file ZipCode.csv:13056 data 39322
    regex_detector_test.go:84: Expected label ZipCode, got  ([]), file ZipCode.csv:13057 data 39323
    regex_detector_test.go:84: Expected label ZipCode, got  ([]), file ZipCode.csv:13058 data 39324
    regex_detector_test.go:84: Expected label ZipCode, got  ([]), file ZipCode.csv:13059 data 39325
    regex_detector_test.go:84: Expected label ZipCode, got  ([]), file ZipCode.csv:13060 data 39326
    regex_detector_test.go:84: Expected label ZipCode, got  ([]), file ZipCode.csv:13061 data 39327
    regex_detector_test.go:84: Expected label ZipCode, got  ([]), file ZipCode.csv:13062 data 39328
    regex_detector_test.go:84: Expected label ZipCode, got  ([]), file ZipCode.csv:13063 data 39330
    regex_detector_test.go:84: Expected label ZipCode, got  ([]), file ZipCode.csv:13064 data 39332
    regex_detector_test.go:84: Expected label ZipCode, got  ([]), file ZipCode.csv:13065 data 39335
    regex_detector_test.go:84: Expected label ZipCode, got  ([]), file ZipCode.csv:13066 data 39336
    regex_detector_test.go:84: Expected label ZipCode, got  ([]), file ZipCode.csv:13067 data 39337
    regex_detector_test.go:84: Expected label ZipCode, got  ([]), file ZipCode.csv:13068 data 39338
    regex_detector_test.go:84: Expected label ZipCode, got  ([]), file ZipCode.csv:13069 data 39339
    regex_detector_test.go:84: Expected label ZipCode, got  ([]), file ZipCode.csv:13070 data 39341
    regex_detector_test.go:84: Expected label ZipCode, got  ([]), file ZipCode.csv:13071 data 39342
    regex_detector_test.go:84: Expected label ZipCode, got  ([]), file ZipCode.csv:13072 data 39345
    regex_detector_test.go:84: Expected label ZipCode, got  ([]), file ZipCode.csv:13073 data 39346
    regex_detector_test.go:84: Expected label ZipCode, got  ([]), file ZipCode.csv:13074 data 39347
    regex_detector_test.go:84: Expected label ZipCode, got  ([]), file ZipCode.csv:13075 data 39348
    regex_detector_test.go:84: Expected label ZipCode, got  ([]), file ZipCode.csv:13076 data 39350
    regex_detector_test.go:84: Expected label ZipCode, got  ([]), file ZipCode.csv:13077 data 39352
    regex_detector_test.go:84: Expected label ZipCode, got  ([]), file ZipCode.csv:13078 data 39354
    regex_detector_test.go:84: Expected label ZipCode, got  ([]), file ZipCode.csv:13079 data 39355
    regex_detector_test.go:84: Expected label ZipCode, got  ([]), file ZipCode.csv:13080 data 39356
    regex_detector_test.go:84: Expected label ZipCode, got  ([]), file ZipCode.csv:13081 data 39358
    regex_detector_test.go:84: Expected label ZipCode, got  ([]), file ZipCode.csv:13082 data 39359
    regex_detector_test.go:84: Expected label ZipCode, got  ([]), file ZipCode.csv:13083 data 39360
    regex_detector_test.go:84: Expected label ZipCode, got  ([]), file ZipCode.csv:13084 data 39361
    regex_detector_test.go:84: Expected label ZipCode, got  ([]), file ZipCode.csv:13085 data 39362
    regex_detector_test.go:84: Expected label ZipCode, got  ([]), file ZipCode.csv:13086 data 39363
    regex_detector_test.go:84: Expected label ZipCode, got  ([]), file ZipCode.csv:13087 data 39364
    regex_detector_test.go:84: Expected label ZipCode, got  ([]), file ZipCode.csv:13088 data 39365
    regex_detector_test.go:84: Expected label ZipCode, got  ([]), file ZipCode.csv:13089 data 39366
    regex_detector_test.go:84: Expected label ZipCode, got  ([]), file ZipCode.csv:13090 data 39367
    regex_detector_test.go:84: Expected label ZipCode, got  ([]), file ZipCode.csv:13091 data 39401
    regex_detector_test.go:84: Expected label ZipCode, got  ([]), file ZipCode.csv:13092 data 39402
    regex_detector_test.go:84: Expected label ZipCode, got  ([]), file ZipCode.csv:13093 data 39406
    regex_detector_test.go:84: Expected label ZipCode, got  ([]), file ZipCode.csv:13094 data 39421
    regex_detector_test.go:84: Expected label ZipCode, got  ([]), file ZipCode.csv:13095 data 39422
    regex_detector_test.go:84: Expected label ZipCode, got  ([]), file ZipCode.csv:13096 data 39423
    regex_detector_test.go:84: Expected label ZipCode, got  ([]), file ZipCode.csv:13097 data 39425
    regex_detector_test.go:84: Expected label ZipCode, got  ([]), file ZipCode.csv:13098 data 39426
    regex_detector_test.go:84: Expected label ZipCode, got  ([]), file ZipCode.csv:13099 data 39427
    regex_detector_test.go:84: Expected label ZipCode, got  ([]), file ZipCode.csv:13100 data 39428
    regex_detector_test.go:84: Expected label ZipCode, got  ([]), file ZipCode.csv:13101 data 39429
    regex_detector_test.go:84: Expected label ZipCode, got  ([]), file ZipCode.csv:13102 data 39437
    regex_detector_test.go:84: Expected label ZipCode, got  ([]), file ZipCode.csv:13103 data 39439
    regex_detector_test.go:84: Expected label ZipCode, got  ([]), file ZipCode.csv:13104 data 39440
    regex_detector_test.go:84: Expected label ZipCode, got  ([]), file ZipCode.csv:13105 data 39443
    regex_detector_test.go:84: Expected label ZipCode, got  ([]), file ZipCode.csv:13106 data 39451
    regex_detector_test.go:84: Expected label ZipCode, got  ([]), file ZipCode.csv:13107 data 39452
    regex_detector_test.go:84: Expected label ZipCode, got  ([]), file ZipCode.csv:13108 data 39455
    regex_detector_test.go:84: Expected label ZipCode, got  ([]), file ZipCode.csv:13109 data 39456
    regex_detector_test.go:84: Expected label ZipCode, got  ([]), file ZipCode.csv:13110 data 39459
    regex_detector_test.go:84: Expected label ZipCode, got  ([]), file ZipCode.csv:13111 data 39461
    regex_detector_test.go:84: Expected label ZipCode, got  ([]), file ZipCode.csv:13112 data 39462
    regex_detector_test.go:84: Expected label ZipCode, got  ([]), file ZipCode.csv:13113 data 39464
    regex_detector_test.go:84: Expected label ZipCode, got  ([]), file ZipCode.csv:13114 data 39465
    regex_detector_test.go:84: Expected label ZipCode, got  ([]), file ZipCode.csv:13115 data 39466
    regex_detector_test.go:84: Expected label ZipCode, got  ([]), file ZipCode.csv:13116 data 39470
    regex_detector_test.go:84: Expected label ZipCode, got  ([]), file ZipCode.csv:13117 data 39474
    regex_detector_test.go:84: Expected label ZipCode, got  ([]), file ZipCode.csv:13118 data 39475
    regex_detector_test.go:84: Expected label ZipCode, got  ([]), file ZipCode.csv:13119 data 39476
    regex_detector_test.go:84: Expected label ZipCode, got  ([]), file ZipCode.csv:13120 data 39477
    regex_detector_test.go:84: Expected label ZipCode, got  ([]), file ZipCode.csv:13121 data 39478
    regex_detector_test.go:84: Expected label ZipCode, got  ([]), file ZipCode.csv:13122 data 39479
    regex_detector_test.go:84: Expected label ZipCode, got  ([]), file ZipCode.csv:13123 data 39480
    regex_detector_test.go:84: Expected label ZipCode, got  ([]), file ZipCode.csv:13124 data 39481
    regex_detector_test.go:84: Expected label ZipCode, got  ([]), file ZipCode.csv:13125 data 39482
    regex_detector_test.go:84: Expected label ZipCode, got  ([]), file ZipCode.csv:13126 data 39483
    regex_detector_test.go:84: Expected label ZipCode, got  ([]), file ZipCode.csv:13127 data 39501
    regex_detector_test.go:84: Expected label ZipCode, got  ([]), file ZipCode.csv:13128 data 39503
    regex_detector_test.go:84: Expected label ZipCode, got  ([]), file ZipCode.csv:13129 data 39507
    regex_detector_test.go:84: Expected label ZipCode, got  ([]), file ZipCode.csv:13130 data 39520
    regex_detector_test.go:84: Expected label ZipCode, got  ([]), file ZipCode.csv:13131 data 39525
    regex_detector_test.go:84: Expected label ZipCode, got  ([]), file ZipCode.csv:13132 data 39529
    regex_detector_test.go:84: Expected label ZipCode, got  ([]), file ZipCode.csv:13133 data 39530
    regex_detector_test.go:84: Expected label ZipCode, got  ([]), file ZipCode.csv:13134 data 39531
    regex_detector_test.go:84: Expected label ZipCode, got  ([]), file ZipCode.csv:13135 data 39532
    regex_detector_test.go:84: Expected label ZipCode, got  ([]), file ZipCode.csv:13136 data 39534
    regex_detector_test.go:84: Expected label ZipCode, got  ([]), file ZipCode.csv:13137 data 39540
    regex_detector_test.go:84: Expected label ZipCode, got  ([]), file ZipCode.csv:13138 data 39553
    regex_detector_test.go:84: Expected label ZipCode, got  ([]), file ZipCode.csv:13139 data 39556
    regex_detector_test.go:84: Expected label ZipCode, got  ([]), file ZipCode.csv:13140 data 39560
    regex_detector_test.go:84: Expected label ZipCode, got  ([]), file ZipCode.csv:13141 data 39561
    regex_detector_test.go:84: Expected label ZipCode, got  ([]), file ZipCode.csv:13142 data 39562
    regex_detector_test.go:84: Expected label ZipCode, got  ([]), file ZipCode.csv:13143 data 39563
    regex_detector_test.go:84: Expected label ZipCode, got  ([]), file ZipCode.csv:13144 data 39564
    regex_detector_test.go:84: Expected label ZipCode, got  ([]), file ZipCode.csv:13145 data 39565
    regex_detector_test.go:84: Expected label ZipCode, got  ([]), file ZipCode.csv:13146 data 39567
    regex_detector_test.go:84: Expected label ZipCode, got  ([]), file ZipCode.csv:13147 data 39571
    regex_detector_test.go:84: Expected label ZipCode, got  ([]), file ZipCode.csv:13148 data 39572
    regex_detector_test.go:84: Expected label ZipCode, got  ([]), file ZipCode.csv:13149 data 39573
    regex_detector_test.go:84: Expected label ZipCode, got  ([]), file ZipCode.csv:13150 data 39574
    regex_detector_test.go:84: Expected label ZipCode, got  ([]), file ZipCode.csv:13151 data 39576
    regex_detector_test.go:84: Expected label ZipCode, got  ([]), file ZipCode.csv:13152 data 39577
    regex_detector_test.go:84: Expected label ZipCode, got  ([]), file ZipCode.csv:13153 data 39581
    regex_detector_test.go:84: Expected label ZipCode, got  ([]), file ZipCode.csv:13154 data 39595
    regex_detector_test.go:84: Expected label ZipCode, got  ([]), file ZipCode.csv:13155 data 39601
    regex_detector_test.go:84: Expected label ZipCode, got  ([]), file ZipCode.csv:13156 data 39629
    regex_detector_test.go:84: Expected label ZipCode, got  ([]), file ZipCode.csv:13157 data 39630
    regex_detector_test.go:84: Expected label ZipCode, got  ([]), file ZipCode.csv:13158 data 39631
    regex_detector_test.go:84: Expected label ZipCode, got  ([]), file ZipCode.csv:13159 data 39633
    regex_detector_test.go:84: Expected label ZipCode, got  ([]), file ZipCode.csv:13160 data 39635
    regex_detector_test.go:84: Expected label ZipCode, got  ([]), file ZipCode.csv:13161 data 39638
    regex_detector_test.go:84: Expected label ZipCode, got  ([]), file ZipCode.csv:13162 data 39641
    regex_detector_test.go:84: Expected label ZipCode, got  ([]), file ZipCode.csv:13163 data 39643
    regex_detector_test.go:84: Expected label ZipCode, got  ([]), file ZipCode.csv:13164 data 39645
    regex_detector_test.go:84: Expected label ZipCode, got  ([]), file ZipCode.csv:13165 data 39647
    regex_detector_test.go:84: Expected label ZipCode, got  ([]), file ZipCode.csv:13166 data 39648
    regex_detector_test.go:84: Expected label ZipCode, got  ([]), file ZipCode.csv:13167 data 39652
    regex_detector_test.go:84: Expected label ZipCode, got  ([]), file ZipCode.csv:13168 data 39653
    regex_detector_test.go:84: Expected label ZipCode, got  ([]), file ZipCode.csv:13169 data 39654
    regex_detector_test.go:84: Expected label ZipCode, got  ([]), file ZipCode.csv:13170 data 39656
    regex_detector_test.go:84: Expected label ZipCode, got  ([]), file ZipCode.csv:13171 data 39657
    regex_detector_test.go:84: Expected label ZipCode, got  ([]), file ZipCode.csv:13172 data 39661
    regex_detector_test.go:84: Expected label ZipCode, got  ([]), file ZipCode.csv:13173 data 39662
    regex_detector_test.go:84: Expected label ZipCode, got  ([]), file ZipCode.csv:13174 data 39663
    regex_detector_test.go:84: Expected label ZipCode, got  ([]), file ZipCode.csv:13175 data 39664
    regex_detector_test.go:84: Expected label ZipCode, got  ([]), file ZipCode.csv:13176 data 39665
    regex_detector_test.go:84: Expected label ZipCode, got  ([]), file ZipCode.csv:13177 data 39666
    regex_detector_test.go:84: Expected label ZipCode, got  ([]), file ZipCode.csv:13178 data 39667
    regex_detector_test.go:84: Expected label ZipCode, got  ([]), file ZipCode.csv:13179 data 39668
    regex_detector_test.go:84: Expected label ZipCode, got  ([]), file ZipCode.csv:13180 data 39669
    regex_detector_test.go:84: Expected label ZipCode, got  ([]), file ZipCode.csv:13181 data 39701
    regex_detector_test.go:84: Expected label ZipCode, got  ([]), file ZipCode.csv:13182 data 39702
    regex_detector_test.go:84: Expected label ZipCode, got  ([]), file ZipCode.csv:13183 data 39705
    regex_detector_test.go:84: Expected label ZipCode, got  ([]), file ZipCode.csv:13184 data 39730
    regex_detector_test.go:84: Expected label ZipCode, got  ([]), file ZipCode.csv:13185 data 39735
    regex_detector_test.go:84: Expected label ZipCode, got  ([]), file ZipCode.csv:13186 data 39736
    regex_detector_test.go:84: Expected label ZipCode, got  ([]), file ZipCode.csv:13187 data 39737
    regex_detector_test.go:84: Expected label ZipCode, got  ([]), file ZipCode.csv:13188 data 39739
    regex_detector_test.go:84: Expected label ZipCode, got  ([]), file ZipCode.csv:13189 data 39740
    regex_detector_test.go:84: Expected label ZipCode, got  ([]), file ZipCode.csv:13190 data 39741
    regex_detector_test.go:84: Expected label ZipCode, got  ([]), file ZipCode.csv:13191 data 39743
    regex_detector_test.go:84: Expected label ZipCode, got  ([]), file ZipCode.csv:13192 data 39744
    regex_detector_test.go:84: Expected label ZipCode, got  ([]), file ZipCode.csv:13193 data 39745
    regex_detector_test.go:84: Expected label ZipCode, got  ([]), file ZipCode.csv:13194 data 39746
    regex_detector_test.go:84: Expected label ZipCode, got  ([]), file ZipCode.csv:13195 data 39747
    regex_detector_test.go:84: Expected label ZipCode, got  ([]), file ZipCode.csv:13196 data 39750
    regex_detector_test.go:84: Expected label ZipCode, got  ([]), file ZipCode.csv:13197 data 39751
    regex_detector_test.go:84: Expected label ZipCode, got  ([]), file ZipCode.csv:13198 data 39752
    regex_detector_test.go:84: Expected label ZipCode, got  ([]), file ZipCode.csv:13199 data 39753
    regex_detector_test.go:84: Expected label ZipCode, got  ([]), file ZipCode.csv:13200 data 39755
    regex_detector_test.go:84: Expected label ZipCode, got  ([]), file ZipCode.csv:13201 data 39756
    regex_detector_test.go:84: Expected label ZipCode, got  ([]), file ZipCode.csv:13202 data 39759
    regex_detector_test.go:84: Expected label ZipCode, got  ([]), file ZipCode.csv:13203 data 39762
    regex_detector_test.go:84: Expected label ZipCode, got  ([]), file ZipCode.csv:13204 data 39766
    regex_detector_test.go:84: Expected label ZipCode, got  ([]), file ZipCode.csv:13205 data 39767
    regex_detector_test.go:84: Expected label ZipCode, got  ([]), file ZipCode.csv:13206 data 39769
    regex_detector_test.go:84: Expected label ZipCode, got  ([]), file ZipCode.csv:13207 data 39771
    regex_detector_test.go:84: Expected label ZipCode, got  ([]), file ZipCode.csv:13208 data 39772
    regex_detector_test.go:84: Expected label ZipCode, got  ([]), file ZipCode.csv:13209 data 39773
    regex_detector_test.go:84: Expected label ZipCode, got  ([]), file ZipCode.csv:13210 data 39776
    regex_detector_test.go:84: Expected label ZipCode, got  ([]), file ZipCode.csv:13211 data 39813
    regex_detector_test.go:84: Expected label ZipCode, got  ([]), file ZipCode.csv:13212 data 39815
    regex_detector_test.go:84: Expected label ZipCode, got  ([]), file ZipCode.csv:13213 data 39817
    regex_detector_test.go:84: Expected label ZipCode, got  ([]), file ZipCode.csv:13214 data 39819
    regex_detector_test.go:84: Expected label ZipCode, got  ([]), file ZipCode.csv:13215 data 39823
    regex_detector_test.go:84: Expected label ZipCode, got  ([]), file ZipCode.csv:13216 data 39824
    regex_detector_test.go:84: Expected label ZipCode, got  ([]), file ZipCode.csv:13217 data 39825
    regex_detector_test.go:84: Expected label ZipCode, got  ([]), file ZipCode.csv:13218 data 39826
    regex_detector_test.go:84: Expected label ZipCode, got  ([]), file ZipCode.csv:13219 data 39827
    regex_detector_test.go:84: Expected label ZipCode, got  ([]), file ZipCode.csv:13220 data 39828
    regex_detector_test.go:84: Expected label ZipCode, got  ([]), file ZipCode.csv:13221 data 39832
    regex_detector_test.go:84: Expected label ZipCode, got  ([]), file ZipCode.csv:13222 data 39834
    regex_detector_test.go:84: Expected label ZipCode, got  ([]), file ZipCode.csv:13223 data 39836
    regex_detector_test.go:84: Expected label ZipCode, got  ([]), file ZipCode.csv:13224 data 39837
    regex_detector_test.go:84: Expected label ZipCode, got  ([]), file ZipCode.csv:13225 data 39840
    regex_detector_test.go:84: Expected label ZipCode, got  ([]), file ZipCode.csv:13226 data 39841
    regex_detector_test.go:84: Expected label ZipCode, got  ([]), file ZipCode.csv:13227 data 39842
    regex_detector_test.go:84: Expected label ZipCode, got  ([]), file ZipCode.csv:13228 data 39845
    regex_detector_test.go:84: Expected label ZipCode, got  ([]), file ZipCode.csv:13229 data 39846
    regex_detector_test.go:84: Expected label ZipCode, got  ([]), file ZipCode.csv:13230 data 39851
    regex_detector_test.go:84: Expected label ZipCode, got  ([]), file ZipCode.csv:13231 data 39854
    regex_detector_test.go:84: Expected label ZipCode, got  ([]), file ZipCode.csv:13232 data 39859
    regex_detector_test.go:84: Expected label ZipCode, got  ([]), file ZipCode.csv:13233 data 39861
    regex_detector_test.go:84: Expected label ZipCode, got  ([]), file ZipCode.csv:13234 data 39862
    regex_detector_test.go:84: Expected label ZipCode, got  ([]), file ZipCode.csv:13235 data 39866
    regex_detector_test.go:84: Expected label ZipCode, got  ([]), file ZipCode.csv:13236 data 39867
    regex_detector_test.go:84: Expected label ZipCode, got  ([]), file ZipCode.csv:13237 data 39870
    regex_detector_test.go:84: Expected label ZipCode, got  ([]), file ZipCode.csv:13238 data 39877
    regex_detector_test.go:84: Expected label ZipCode, got  ([]), file ZipCode.csv:13239 data 39885
    regex_detector_test.go:84: Expected label ZipCode, got  ([]), file ZipCode.csv:13240 data 39886
    regex_detector_test.go:84: Expected label ZipCode, got  ([]), file ZipCode.csv:13241 data 39897
    regex_detector_test.go:84: Expected label ZipCode, got  ([]), file ZipCode.csv:13242 data 40003
    regex_detector_test.go:84: Expected label ZipCode, got  ([]), file ZipCode.csv:13243 data 40004
    regex_detector_test.go:84: Expected label ZipCode, got  ([]), file ZipCode.csv:13244 data 40006
    regex_detector_test.go:84: Expected label ZipCode, got  ([]), file ZipCode.csv:13245 data 40007
    regex_detector_test.go:84: Expected label ZipCode, got  ([]), file ZipCode.csv:13246 data 40008
    regex_detector_test.go:84: Expected label ZipCode, got  ([]), file ZipCode.csv:13247 data 40009
    regex_detector_test.go:84: Expected label ZipCode, got  ([]), file ZipCode.csv:13248 data 40010
    regex_detector_test.go:84: Expected label ZipCode, got  ([]), file ZipCode.csv:13249 data 40011
    regex_detector_test.go:84: Expected label ZipCode, got  ([]), file ZipCode.csv:13250 data 40012
    regex_detector_test.go:84: Expected label ZipCode, got  ([]), file ZipCode.csv:13251 data 40013
    regex_detector_test.go:84: Expected label ZipCode, got  ([]), file ZipCode.csv:13252 data 40014
    regex_detector_test.go:84: Expected label ZipCode, got  ([]), file ZipCode.csv:13253 data 40019
    regex_detector_test.go:84: Expected label ZipCode, got  ([]), file ZipCode.csv:13254 data 40020
    regex_detector_test.go:84: Expected label ZipCode, got  ([]), file ZipCode.csv:13255 data 40022
    regex_detector_test.go:84: Expected label ZipCode, got  ([]), file ZipCode.csv:13256 data 40023
    regex_detector_test.go:84: Expected label ZipCode, got  ([]), file ZipCode.csv:13257 data 40025
    regex_detector_test.go:84: Expected label ZipCode, got  ([]), file ZipCode.csv:13258 data 40026
    regex_detector_test.go:84: Expected label ZipCode, got  ([]), file ZipCode.csv:13259 data 40031
    regex_detector_test.go:84: Expected label ZipCode, got  ([]), file ZipCode.csv:13260 data 40033
    regex_detector_test.go:84: Expected label ZipCode, got  ([]), file ZipCode.csv:13261 data 40036
    regex_detector_test.go:84: Expected label ZipCode, got  ([]), file ZipCode.csv:13262 data 40037
    regex_detector_test.go:84: Expected label ZipCode, got  ([]), file ZipCode.csv:13263 data 40040
    regex_detector_test.go:84: Expected label ZipCode, got  ([]), file ZipCode.csv:13264 data 40041
    regex_detector_test.go:84: Expected label ZipCode, got  ([]), file ZipCode.csv:13265 data 40045
    regex_detector_test.go:84: Expected label ZipCode, got  ([]), file ZipCode.csv:13266 data 40046
    regex_detector_test.go:84: Expected label ZipCode, got  ([]), file ZipCode.csv:13267 data 40047
    regex_detector_test.go:84: Expected label ZipCode, got  ([]), file ZipCode.csv:13268 data 40049
    regex_detector_test.go:84: Expected label ZipCode, got  ([]), file ZipCode.csv:13269 data 40050
    regex_detector_test.go:84: Expected label ZipCode, got  ([]), file ZipCode.csv:13270 data 40051
    regex_detector_test.go:84: Expected label ZipCode, got  ([]), file ZipCode.csv:13271 data 40052
    regex_detector_test.go:84: Expected label ZipCode, got  ([]), file ZipCode.csv:13272 data 40055
    regex_detector_test.go:84: Expected label ZipCode, got  ([]), file ZipCode.csv:13273 data 40056
    regex_detector_test.go:84: Expected label ZipCode, got  ([]), file ZipCode.csv:13274 data 40057
    regex_detector_test.go:84: Expected label ZipCode, got  ([]), file ZipCode.csv:13275 data 40058
    regex_detector_test.go:84: Expected label ZipCode, got  ([]), file ZipCode.csv:13276 data 40059
    regex_detector_test.go:84: Expected label ZipCode, got  ([]), file ZipCode.csv:13277 data 40060
    regex_detector_test.go:84: Expected label ZipCode, got  ([]), file ZipCode.csv:13278 data 40061
    regex_detector_test.go:84: Expected label ZipCode, got  ([]), file ZipCode.csv:13279 data 40062
    regex_detector_test.go:84: Expected label ZipCode, got  ([]), file ZipCode.csv:13280 data 40063
    regex_detector_test.go:84: Expected label ZipCode, got  ([]), file ZipCode.csv:13281 data 40065
    regex_detector_test.go:84: Expected label ZipCode, got  ([]), file ZipCode.csv:13282 data 40067
    regex_detector_test.go:84: Expected label ZipCode, got  ([]), file ZipCode.csv:13283 data 40068
    regex_detector_test.go:84: Expected label ZipCode, got  ([]), file ZipCode.csv:13284 data 40069
    regex_detector_test.go:84: Expected label ZipCode, got  ([]), file ZipCode.csv:13285 data 40070
    regex_detector_test.go:84: Expected label ZipCode, got  ([]), file ZipCode.csv:13286 data 40071
    regex_detector_test.go:84: Expected label ZipCode, got  ([]), file ZipCode.csv:13287 data 40075
    regex_detector_test.go:84: Expected label ZipCode, got  ([]), file ZipCode.csv:13288 data 40076
    regex_detector_test.go:84: Expected label ZipCode, got  ([]), file ZipCode.csv:13289 data 40077
    regex_detector_test.go:84: Expected label ZipCode, got  ([]), file ZipCode.csv:13290 data 40078
    regex_detector_test.go:84: Expected label ZipCode, got  ([]), file ZipCode.csv:13291 data 40104
    regex_detector_test.go:84: Expected label ZipCode, got  ([]), file ZipCode.csv:13292 data 40107
    regex_detector_test.go:84: Expected label ZipCode, got  ([]), file ZipCode.csv:13293 data 40108
    regex_detector_test.go:84: Expected label ZipCode, got  ([]), file ZipCode.csv:13294 data 40109
    regex_detector_test.go:84: Expected label ZipCode, got  ([]), file ZipCode.csv:13295 data 40110
    regex_detector_test.go:84: Expected label ZipCode, got  ([]), file ZipCode.csv:13296 data 40111
    regex_detector_test.go:84: Expected label ZipCode, got  ([]), file ZipCode.csv:13297 data 40115
    regex_detector_test.go:84: Expected label ZipCode, got  ([]), file ZipCode.csv:13298 data 40117
    regex_detector_test.go:84: Expected label ZipCode, got  ([]), file ZipCode.csv:13299 data 40118
    regex_detector_test.go:84: Expected label ZipCode, got  ([]), file ZipCode.csv:13300 data 40119
    regex_detector_test.go:84: Expected label ZipCode, got  ([]), file ZipCode.csv:13301 data 40121
    regex_detector_test.go:84: Expected label ZipCode, got  ([]), file ZipCode.csv:13302 data 40140
    regex_detector_test.go:84: Expected label ZipCode, got  ([]), file ZipCode.csv:13303 data 40142
    regex_detector_test.go:84: Expected label ZipCode, got  ([]), file ZipCode.csv:13304 data 40143
    regex_detector_test.go:84: Expected label ZipCode, got  ([]), file ZipCode.csv:13305 data 40144
    regex_detector_test.go:84: Expected label ZipCode, got  ([]), file ZipCode.csv:13306 data 40145
    regex_detector_test.go:84: Expected label ZipCode, got  ([]), file ZipCode.csv:13307 data 40146
    regex_detector_test.go:84: Expected label ZipCode, got  ([]), file ZipCode.csv:13308 data 40150
    regex_detector_test.go:84: Expected label ZipCode, got  ([]), file ZipCode.csv:13309 data 40152
    regex_detector_test.go:84: Expected label ZipCode, got  ([]), file ZipCode.csv:13310 data 40155
    regex_detector_test.go:84: Expected label ZipCode, got  ([]), file ZipCode.csv:13311 data 40157
    regex_detector_test.go:84: Expected label ZipCode, got  ([]), file ZipCode.csv:13312 data 40160
    regex_detector_test.go:84: Expected label ZipCode, got  ([]), file ZipCode.csv:13313 data 40161
    regex_detector_test.go:84: Expected label ZipCode, got  ([]), file ZipCode.csv:13314 data 40162
    regex_detector_test.go:84: Expected label ZipCode, got  ([]), file ZipCode.csv:13315 data 40165
    regex_detector_test.go:84: Expected label ZipCode, got  ([]), file ZipCode.csv:13316 data 40170
    regex_detector_test.go:84: Expected label ZipCode, got  ([]), file ZipCode.csv:13317 data 40171
    regex_detector_test.go:84: Expected label ZipCode, got  ([]), file ZipCode.csv:13318 data 40175
    regex_detector_test.go:84: Expected label ZipCode, got  ([]), file ZipCode.csv:13319 data 40176
    regex_detector_test.go:84: Expected label ZipCode, got  ([]), file ZipCode.csv:13320 data 40177
    regex_detector_test.go:84: Expected label ZipCode, got  ([]), file ZipCode.csv:13321 data 40178
    regex_detector_test.go:84: Expected label ZipCode, got  ([]), file ZipCode.csv:13322 data 40202
    regex_detector_test.go:84: Expected label ZipCode, got  ([]), file ZipCode.csv:13323 data 40203
    regex_detector_test.go:84: Expected label ZipCode, got  ([]), file ZipCode.csv:13324 data 40204
    regex_detector_test.go:84: Expected label ZipCode, got  ([]), file ZipCode.csv:13325 data 40205
    regex_detector_test.go:84: Expected label ZipCode, got  ([]), file ZipCode.csv:13326 data 40206
    regex_detector_test.go:84: Expected label ZipCode, got  ([]), file ZipCode.csv:13327 data 40207
    regex_detector_test.go:84: Expected label ZipCode, got  ([]), file ZipCode.csv:13328 data 40208
    regex_detector_test.go:84: Expected label ZipCode, got  ([]), file ZipCode.csv:13329 data 40209
    regex_detector_test.go:84: Expected label ZipCode, got  ([]), file ZipCode.csv:13330 data 40210
    regex_detector_test.go:84: Expected label ZipCode, got  ([]), file ZipCode.csv:13331 data 40211
    regex_detector_test.go:84: Expected label ZipCode, got  ([]), file ZipCode.csv:13332 data 40212
    regex_detector_test.go:84: Expected label ZipCode, got  ([]), file ZipCode.csv:13333 data 40213
    regex_detector_test.go:84: Expected label ZipCode, got  ([]), file ZipCode.csv:13334 data 40214
    regex_detector_test.go:84: Expected label ZipCode, got  ([]), file ZipCode.csv:13335 data 40215
    regex_detector_test.go:84: Expected label ZipCode, got  ([]), file ZipCode.csv:13336 data 40216
    regex_detector_test.go:84: Expected label ZipCode, got  ([]), file ZipCode.csv:13337 data 40217
    regex_detector_test.go:84: Expected label ZipCode, got  ([]), file ZipCode.csv:13338 data 40218
    regex_detector_test.go:84: Expected label ZipCode, got  ([]), file ZipCode.csv:13339 data 40219
    regex_detector_test.go:84: Expected label ZipCode, got  ([]), file ZipCode.csv:13340 data 40220
    regex_detector_test.go:84: Expected label ZipCode, got  ([]), file ZipCode.csv:13341 data 40221
    regex_detector_test.go:84: Expected label ZipCode, got  ([]), file ZipCode.csv:13342 data 40222
    regex_detector_test.go:84: Expected label ZipCode, got  ([]), file ZipCode.csv:13343 data 40223
    regex_detector_test.go:84: Expected label ZipCode, got  ([]), file ZipCode.csv:13344 data 40228
    regex_detector_test.go:84: Expected label ZipCode, got  ([]), file ZipCode.csv:13345 data 40229
    regex_detector_test.go:84: Expected label ZipCode, got  ([]), file ZipCode.csv:13346 data 40231
    regex_detector_test.go:84: Expected label ZipCode, got  ([]), file ZipCode.csv:13347 data 40241
    regex_detector_test.go:84: Expected label ZipCode, got  ([]), file ZipCode.csv:13348 data 40242
    regex_detector_test.go:84: Expected label ZipCode, got  ([]), file ZipCode.csv:13349 data 40243
    regex_detector_test.go:84: Expected label ZipCode, got  ([]), file ZipCode.csv:13350 data 40245
    regex_detector_test.go:84: Expected label ZipCode, got  ([]), file ZipCode.csv:13351 data 40258
    regex_detector_test.go:84: Expected label ZipCode, got  ([]), file ZipCode.csv:13352 data 40272
    regex_detector_test.go:84: Expected label ZipCode, got  ([]), file ZipCode.csv:13353 data 40280
    regex_detector_test.go:84: Expected label ZipCode, got  ([]), file ZipCode.csv:13354 data 40291
    regex_detector_test.go:84: Expected label ZipCode, got  ([]), file ZipCode.csv:13355 data 40299
    regex_detector_test.go:84: Expected label ZipCode, got  ([]), file ZipCode.csv:13356 data 40310
    regex_detector_test.go:84: Expected label ZipCode, got  ([]), file ZipCode.csv:13357 data 40311
    regex_detector_test.go:84: Expected label ZipCode, got  ([]), file ZipCode.csv:13358 data 40312
    regex_detector_test.go:84: Expected label ZipCode, got  ([]), file ZipCode.csv:13359 data 40313
    regex_detector_test.go:84: Expected label ZipCode, got  ([]), file ZipCode.csv:13360 data 40316
    regex_detector_test.go:84: Expected label ZipCode, got  ([]), file ZipCode.csv:13361 data 40322
    regex_detector_test.go:84: Expected label ZipCode, got  ([]), file ZipCode.csv:13362 data 40324
    regex_detector_test.go:84: Expected label ZipCode, got  ([]), file ZipCode.csv:13363 data 40328
    regex_detector_test.go:84: Expected label ZipCode, got  ([]), file ZipCode.csv:13364 data 40330
    regex_detector_test.go:84: Expected label ZipCode, got  ([]), file ZipCode.csv:13365 data 40334
    regex_detector_test.go:84: Expected label ZipCode, got  ([]), file ZipCode.csv:13366 data 40336
    regex_detector_test.go:84: Expected label ZipCode, got  ([]), file ZipCode.csv:13367 data 40337
    regex_detector_test.go:84: Expected label ZipCode, got  ([]), file ZipCode.csv:13368 data 40339
    regex_detector_test.go:84: Expected label ZipCode, got  ([]), file ZipCode.csv:13369 data 40342
    regex_detector_test.go:84: Expected label ZipCode, got  ([]), file ZipCode.csv:13370 data 40346
    regex_detector_test.go:84: Expected label ZipCode, got  ([]), file ZipCode.csv:13371 data 40347
    regex_detector_test.go:84: Expected label ZipCode, got  ([]), file ZipCode.csv:13372 data 40348
    regex_detector_test.go:84: Expected label ZipCode, got  ([]), file ZipCode.csv:13373 data 40350
    regex_detector_test.go:84: Expected label ZipCode, got  ([]), file ZipCode.csv:13374 data 40351
    regex_detector_test.go:84: Expected label ZipCode, got  ([]), file ZipCode.csv:13375 data 40353
    regex_detector_test.go:84: Expected label ZipCode, got  ([]), file ZipCode.csv:13376 data 40355
    regex_detector_test.go:84: Expected label ZipCode, got  ([]), file ZipCode.csv:13377 data 40356
    regex_detector_test.go:84: Expected label ZipCode, got  ([]), file ZipCode.csv:13378 data 40357
    regex_detector_test.go:84: Expected label ZipCode, got  ([]), file ZipCode.csv:13379 data 40358
    regex_detector_test.go:84: Expected label ZipCode, got  ([]), file ZipCode.csv:13380 data 40359
    regex_detector_test.go:84: Expected label ZipCode, got  ([]), file ZipCode.csv:13381 data 40360
    regex_detector_test.go:84: Expected label ZipCode, got  ([]), file ZipCode.csv:13382 data 40361
    regex_detector_test.go:84: Expected label ZipCode, got  ([]), file ZipCode.csv:13383 data 40363
    regex_detector_test.go:84: Expected label ZipCode, got  ([]), file ZipCode.csv:13384 data 40370
    regex_detector_test.go:84: Expected label ZipCode, got  ([]), file ZipCode.csv:13385 data 40371
    regex_detector_test.go:84: Expected label ZipCode, got  ([]), file ZipCode.csv:13386 data 40372
    regex_detector_test.go:84: Expected label ZipCode, got  ([]), file ZipCode.csv:13387 data 40374
    regex_detector_test.go:84: Expected label ZipCode, got  ([]), file ZipCode.csv:13388 data 40376
    regex_detector_test.go:84: Expected label ZipCode, got  ([]), file ZipCode.csv:13389 data 40379
    regex_detector_test.go:84: Expected label ZipCode, got  ([]), file ZipCode.csv:13390 data 40380
    regex_detector_test.go:84: Expected label ZipCode, got  ([]), file ZipCode.csv:13391 data 40383
    regex_detector_test.go:84: Expected label ZipCode, got  ([]), file ZipCode.csv:13392 data 40385
    regex_detector_test.go:84: Expected label ZipCode, got  ([]), file ZipCode.csv:13393 data 40387
    regex_detector_test.go:84: Expected label ZipCode, got  ([]), file ZipCode.csv:13394 data 40390
    regex_detector_test.go:84: Expected label ZipCode, got  ([]), file ZipCode.csv:13395 data 40391
    regex_detector_test.go:84: Expected label ZipCode, got  ([]), file ZipCode.csv:13396 data 40402
    regex_detector_test.go:84: Expected label ZipCode, got  ([]), file ZipCode.csv:13397 data 40403
    regex_detector_test.go:84: Expected label ZipCode, got  ([]), file ZipCode.csv:13398 data 40404
    regex_detector_test.go:84: Expected label ZipCode, got  ([]), file ZipCode.csv:13399 data 40409
    regex_detector_test.go:84: Expected label ZipCode, got  ([]), file ZipCode.csv:13400 data 40419
    regex_detector_test.go:84: Expected label ZipCode, got  ([]), file ZipCode.csv:13401 data 40422
    regex_detector_test.go:84: Expected label ZipCode, got  ([]), file ZipCode.csv:13402 data 40434
    regex_detector_test.go:84: Expected label ZipCode, got  ([]), file ZipCode.csv:13403 data 40437
    regex_detector_test.go:84: Expected label ZipCode, got  ([]), file ZipCode.csv:13404 data 40440
    regex_detector_test.go:84: Expected label ZipCode, got  ([]), file ZipCode.csv:13405 data 40442
    regex_detector_test.go:84: Expected label ZipCode, got  ([]), file ZipCode.csv:13406 data 40444
    regex_detector_test.go:84: Expected label ZipCode, got  ([]), file ZipCode.csv:13407 data 40445
    regex_detector_test.go:84: Expected label ZipCode, got  ([]), file ZipCode.csv:13408 data 40447
    regex_detector_test.go:84: Expected label ZipCode, got  ([]), file ZipCode.csv:13409 data 40448
    regex_detector_test.go:84: Expected label ZipCode, got  ([]), file ZipCode.csv:13410 data 40456
    regex_detector_test.go:84: Expected label ZipCode, got  ([]), file ZipCode.csv:13411 data 40460
    regex_detector_test.go:84: Expected label ZipCode, got  ([]), file ZipCode.csv:13412 data 40461
    regex_detector_test.go:84: Expected label ZipCode, got  ([]), file ZipCode.csv:13413 data 40464
    regex_detector_test.go:84: Expected label ZipCode, got  ([]), file ZipCode.csv:13414 data 40468
    regex_detector_test.go:84: Expected label ZipCode, got  ([]), file ZipCode.csv:13415 data 40472
    regex_detector_test.go:84: Expected label ZipCode, got  ([]), file ZipCode.csv:13416 data 40475
    regex_detector_test.go:84: Expected label ZipCode, got  ([]), file ZipCode.csv:13417 data 40481
    regex_detector_test.go:84: Expected label ZipCode, got  ([]), file ZipCode.csv:13418 data 40484
    regex_detector_test.go:84: Expected label ZipCode, got  ([]), file ZipCode.csv:13419 data 40486
    regex_detector_test.go:84: Expected label ZipCode, got  ([]), file ZipCode.csv:13420 data 40489
    regex_detector_test.go:84: Expected label ZipCode, got  ([]), file ZipCode.csv:13421 data 40502
    regex_detector_test.go:84: Expected label ZipCode, got  ([]), file ZipCode.csv:13422 data 40503
    regex_detector_test.go:84: Expected label ZipCode, got  ([]), file ZipCode.csv:13423 data 40504
    regex_detector_test.go:84: Expected label ZipCode, got  ([]), file ZipCode.csv:13424 data 40505
    regex_detector_test.go:84: Expected label ZipCode, got  ([]), file ZipCode.csv:13425 data 40507
    regex_detector_test.go:84: Expected label ZipCode, got  ([]), file ZipCode.csv:13426 data 40508
    regex_detector_test.go:84: Expected label ZipCode, got  ([]), file ZipCode.csv:13427 data 40509
    regex_detector_test.go:84: Expected label ZipCode, got  ([]), file ZipCode.csv:13428 data 40510
    regex_detector_test.go:84: Expected label ZipCode, got  ([]), file ZipCode.csv:13429 data 40511
    regex_detector_test.go:84: Expected label ZipCode, got  ([]), file ZipCode.csv:13430 data 40513
    regex_detector_test.go:84: Expected label ZipCode, got  ([]), file ZipCode.csv:13431 data 40514
    regex_detector_test.go:84: Expected label ZipCode, got  ([]), file ZipCode.csv:13432 data 40515
    regex_detector_test.go:84: Expected label ZipCode, got  ([]), file ZipCode.csv:13433 data 40516
    regex_detector_test.go:84: Expected label ZipCode, got  ([]), file ZipCode.csv:13434 data 40517
    regex_detector_test.go:84: Expected label ZipCode, got  ([]), file ZipCode.csv:13435 data 40526
    regex_detector_test.go:84: Expected label ZipCode, got  ([]), file ZipCode.csv:13436 data 40536
    regex_detector_test.go:84: Expected label ZipCode, got  ([]), file ZipCode.csv:13437 data 40601
    regex_detector_test.go:84: Expected label ZipCode, got  ([]), file ZipCode.csv:13438 data 40701
    regex_detector_test.go:84: Expected label ZipCode, got  ([]), file ZipCode.csv:13439 data 40729
    regex_detector_test.go:84: Expected label ZipCode, got  ([]), file ZipCode.csv:13440 data 40734
    regex_detector_test.go:84: Expected label ZipCode, got  ([]), file ZipCode.csv:13441 data 40737
    regex_detector_test.go:84: Expected label ZipCode, got  ([]), file ZipCode.csv:13442 data 40740
    regex_detector_test.go:84: Expected label ZipCode, got  ([]), file ZipCode.csv:13443 data 40741
    regex_detector_test.go:84: Expected label ZipCode, got  ([]), file ZipCode.csv:13444 data 40744
    regex_detector_test.go:84: Expected label ZipCode, got  ([]), file ZipCode.csv:13445 data 40759
    regex_detector_test.go:84: Expected label ZipCode, got  ([]), file ZipCode.csv:13446 data 40763
    regex_detector_test.go:84: Expected label ZipCode, got  ([]), file ZipCode.csv:13447 data 40769
    regex_detector_test.go:84: Expected label ZipCode, got  ([]), file ZipCode.csv:13448 data 40771
    regex_detector_test.go:84: Expected label ZipCode, got  ([]), file ZipCode.csv:13449 data 40801
    regex_detector_test.go:84: Expected label ZipCode, got  ([]), file ZipCode.csv:13450 data 40803
    regex_detector_test.go:84: Expected label ZipCode, got  ([]), file ZipCode.csv:13451 data 40806
    regex_detector_test.go:84: Expected label ZipCode, got  ([]), file ZipCode.csv:13452 data 40807
    regex_detector_test.go:84: Expected label ZipCode, got  ([]), file ZipCode.csv:13453 data 40808
    regex_detector_test.go:84: Expected label ZipCode, got  ([]), file ZipCode.csv:13454 data 40810
    regex_detector_test.go:84: Expected label ZipCode, got  ([]), file ZipCode.csv:13455 data 40813
    regex_detector_test.go:84: Expected label ZipCode, got  ([]), file ZipCode.csv:13456 data 40815
    regex_detector_test.go:84: Expected label ZipCode, got  ([]), file ZipCode.csv:13457 data 40816
    regex_detector_test.go:84: Expected label ZipCode, got  ([]), file ZipCode.csv:13458 data 40818
    regex_detector_test.go:84: Expected label ZipCode, got  ([]), file ZipCode.csv:13459 data 40819
    regex_detector_test.go:84: Expected label ZipCode, got  ([]), file ZipCode.csv:13460 data 40820
    regex_detector_test.go:84: Expected label ZipCode, got  ([]), file ZipCode.csv:13461 data 40823
    regex_detector_test.go:84: Expected label ZipCode, got  ([]), file ZipCode.csv:13462 data 40824
    regex_detector_test.go:84: Expected label ZipCode, got  ([]), file ZipCode.csv:13463 data 40826
    regex_detector_test.go:84: Expected label ZipCode, got  ([]), file ZipCode.csv:13464 data 40827
    regex_detector_test.go:84: Expected label ZipCode, got  ([]), file ZipCode.csv:13465 data 40828
    regex_detector_test.go:84: Expected label ZipCode, got  ([]), file ZipCode.csv:13466 data 40829
    regex_detector_test.go:84: Expected label ZipCode, got  ([]), file ZipCode.csv:13467 data 40830
    regex_detector_test.go:84: Expected label ZipCode, got  ([]), file ZipCode.csv:13468 data 40831
    regex_detector_test.go:84: Expected label ZipCode, got  ([]), file ZipCode.csv:13469 data 40840
    regex_detector_test.go:84: Expected label ZipCode, got  ([]), file ZipCode.csv:13470 data 40843
    regex_detector_test.go:84: Expected label ZipCode, got  ([]), file ZipCode.csv:13471 data 40844
    regex_detector_test.go:84: Expected label ZipCode, got  ([]), file ZipCode.csv:13472 data 40845
    regex_detector_test.go:84: Expected label ZipCode, got  ([]), file ZipCode.csv:13473 data 40847
    regex_detector_test.go:84: Expected label ZipCode, got  ([]), file ZipCode.csv:13474 data 40849
    regex_detector_test.go:84: Expected label ZipCode, got  ([]), file ZipCode.csv:13475 data 40854
    regex_detector_test.go:84: Expected label ZipCode, got  ([]), file ZipCode.csv:13476 data 40855
    regex_detector_test.go:84: Expected label ZipCode, got  ([]), file ZipCode.csv:13477 data 40856
    regex_detector_test.go:84: Expected label ZipCode, got  ([]), file ZipCode.csv:13478 data 40858
    regex_detector_test.go:84: Expected label ZipCode, got  ([]), file ZipCode.csv:13479 data 40862
    regex_detector_test.go:84: Expected label ZipCode, got  ([]), file ZipCode.csv:13480 data 40863
    regex_detector_test.go:84: Expected label ZipCode, got  ([]), file ZipCode.csv:13481 data 40865
    regex_detector_test.go:84: Expected label ZipCode, got  ([]), file ZipCode.csv:13482 data 40868
    regex_detector_test.go:84: Expected label ZipCode, got  ([]), file ZipCode.csv:13483 data 40870
    regex_detector_test.go:84: Expected label ZipCode, got  ([]), file ZipCode.csv:13484 data 40873
    regex_detector_test.go:84: Expected label ZipCode, got  ([]), file ZipCode.csv:13485 data 40874
    regex_detector_test.go:84: Expected label ZipCode, got  ([]), file ZipCode.csv:13486 data 40902
    regex_detector_test.go:84: Expected label ZipCode, got  ([]), file ZipCode.csv:13487 data 40903
    regex_detector_test.go:84: Expected label ZipCode, got  ([]), file ZipCode.csv:13488 data 40906
    regex_detector_test.go:84: Expected label ZipCode, got  ([]), file ZipCode.csv:13489 data 40913
    regex_detector_test.go:84: Expected label ZipCode, got  ([]), file ZipCode.csv:13490 data 40914
    regex_detector_test.go:84: Expected label ZipCode, got  ([]), file ZipCode.csv:13491 data 40915
    regex_detector_test.go:84: Expected label ZipCode, got  ([]), file ZipCode.csv:13492 data 40921
    regex_detector_test.go:84: Expected label ZipCode, got  ([]), file ZipCode.csv:13493 data 40923
    regex_detector_test.go:84: Expected label ZipCode, got  ([]), file ZipCode.csv:13494 data 40927
    regex_detector_test.go:84: Expected label ZipCode, got  ([]), file ZipCode.csv:13495 data 40935
    regex_detector_test.go:84: Expected label ZipCode, got  ([]), file ZipCode.csv:13496 data 40939
    regex_detector_test.go:84: Expected label ZipCode, got  ([]), file ZipCode.csv:13497 data 40940
    regex_detector_test.go:84: Expected label ZipCode, got  ([]), file ZipCode.csv:13498 data 40941
    regex_detector_test.go:84: Expected label ZipCode, got  ([]), file ZipCode.csv:13499 data 40943
    regex_detector_test.go:84: Expected label ZipCode, got  ([]), file ZipCode.csv:13500 data 40946
    regex_detector_test.go:84: Expected label ZipCode, got  ([]), file ZipCode.csv:13501 data 40949
    regex_detector_test.go:84: Expected label ZipCode, got  ([]), file ZipCode.csv:13502 data 40953
    regex_detector_test.go:84: Expected label ZipCode, got  ([]), file ZipCode.csv:13503 data 40958
    regex_detector_test.go:84: Expected label ZipCode, got  ([]), file ZipCode.csv:13504 data 40962
    regex_detector_test.go:84: Expected label ZipCode, got  ([]), file ZipCode.csv:13505 data 40964
    regex_detector_test.go:84: Expected label ZipCode, got  ([]), file ZipCode.csv:13506 data 40965
    regex_detector_test.go:84: Expected label ZipCode, got  ([]), file ZipCode.csv:13507 data 40972
    regex_detector_test.go:84: Expected label ZipCode, got  ([]), file ZipCode.csv:13508 data 40977
    regex_detector_test.go:84: Expected label ZipCode, got  ([]), file ZipCode.csv:13509 data 40979
    regex_detector_test.go:84: Expected label ZipCode, got  ([]), file ZipCode.csv:13510 data 40981
    regex_detector_test.go:84: Expected label ZipCode, got  ([]), file ZipCode.csv:13511 data 40982
    regex_detector_test.go:84: Expected label ZipCode, got  ([]), file ZipCode.csv:13512 data 40983
    regex_detector_test.go:84: Expected label ZipCode, got  ([]), file ZipCode.csv:13513 data 40988
    regex_detector_test.go:84: Expected label ZipCode, got  ([]), file ZipCode.csv:13514 data 40995
    regex_detector_test.go:84: Expected label ZipCode, got  ([]), file ZipCode.csv:13515 data 40997
    regex_detector_test.go:84: Expected label ZipCode, got  ([]), file ZipCode.csv:13516 data 41001
    regex_detector_test.go:84: Expected label ZipCode, got  ([]), file ZipCode.csv:13517 data 41002
    regex_detector_test.go:84: Expected label ZipCode, got  ([]), file ZipCode.csv:13518 data 41003
    regex_detector_test.go:84: Expected label ZipCode, got  ([]), file ZipCode.csv:13519 data 41004
    regex_detector_test.go:84: Expected label ZipCode, got  ([]), file ZipCode.csv:13520 data 41005
    regex_detector_test.go:84: Expected label ZipCode, got  ([]), file ZipCode.csv:13521 data 41006
    regex_detector_test.go:84: Expected label ZipCode, got  ([]), file ZipCode.csv:13522 data 41007
    regex_detector_test.go:84: Expected label ZipCode, got  ([]), file ZipCode.csv:13523 data 41008
    regex_detector_test.go:84: Expected label ZipCode, got  ([]), file ZipCode.csv:13524 data 41010
    regex_detector_test.go:84: Expected label ZipCode, got  ([]), file ZipCode.csv:13525 data 41011
    regex_detector_test.go:84: Expected label ZipCode, got  ([]), file ZipCode.csv:13526 data 41014
    regex_detector_test.go:84: Expected label ZipCode, got  ([]), file ZipCode.csv:13527 data 41015
    regex_detector_test.go:84: Expected label ZipCode, got  ([]), file ZipCode.csv:13528 data 41016
    regex_detector_test.go:84: Expected label ZipCode, got  ([]), file ZipCode.csv:13529 data 41017
    regex_detector_test.go:84: Expected label ZipCode, got  ([]), file ZipCode.csv:13530 data 41018
    regex_detector_test.go:84: Expected label ZipCode, got  ([]), file ZipCode.csv:13531 data 41030
    regex_detector_test.go:84: Expected label ZipCode, got  ([]), file ZipCode.csv:13532 data 41031
    regex_detector_test.go:84: Expected label ZipCode, got  ([]), file ZipCode.csv:13533 data 41033
    regex_detector_test.go:84: Expected label ZipCode, got  ([]), file ZipCode.csv:13534 data 41034
    regex_detector_test.go:84: Expected label ZipCode, got  ([]), file ZipCode.csv:13535 data 41035
    regex_detector_test.go:84: Expected label ZipCode, got  ([]), file ZipCode.csv:13536 data 41039
    regex_detector_test.go:84: Expected label ZipCode, got  ([]), file ZipCode.csv:13537 data 41040
    regex_detector_test.go:84: Expected label ZipCode, got  ([]), file ZipCode.csv:13538 data 41041
    regex_detector_test.go:84: Expected label ZipCode, got  ([]), file ZipCode.csv:13539 data 41042
    regex_detector_test.go:84: Expected label ZipCode, got  ([]), file ZipCode.csv:13540 data 41043
    regex_detector_test.go:84: Expected label ZipCode, got  ([]), file ZipCode.csv:13541 data 41044
    regex_detector_test.go:84: Expected label ZipCode, got  ([]), file ZipCode.csv:13542 data 41045
    regex_detector_test.go:84: Expected label ZipCode, got  ([]), file ZipCode.csv:13543 data 41046
    regex_detector_test.go:84: Expected label ZipCode, got  ([]), file ZipCode.csv:13544 data 41048
    regex_detector_test.go:84: Expected label ZipCode, got  ([]), file ZipCode.csv:13545 data 41049
    regex_detector_test.go:84: Expected label ZipCode, got  ([]), file ZipCode.csv:13546 data 41051
    regex_detector_test.go:84: Expected label ZipCode, got  ([]), file ZipCode.csv:13547 data 41052
    regex_detector_test.go:84: Expected label ZipCode, got  ([]), file ZipCode.csv:13548 data 41055
    regex_detector_test.go:84: Expected label ZipCode, got  ([]), file ZipCode.csv:13549 data 41056
    regex_detector_test.go:84: Expected label ZipCode, got  ([]), file ZipCode.csv:13550 data 41059
    regex_detector_test.go:84: Expected label ZipCode, got  ([]), file ZipCode.csv:13551 data 41063
    regex_detector_test.go:84: Expected label ZipCode, got  ([]), file ZipCode.csv:13552 data 41064
    regex_detector_test.go:84: Expected label ZipCode, got  ([]), file ZipCode.csv:13553 data 41071
    regex_detector_test.go:84: Expected label ZipCode, got  ([]), file ZipCode.csv:13554 data 41073
    regex_detector_test.go:84: Expected label ZipCode, got  ([]), file ZipCode.csv:13555 data 41074
    regex_detector_test.go:84: Expected label ZipCode, got  ([]), file ZipCode.csv:13556 data 41075
    regex_detector_test.go:84: Expected label ZipCode, got  ([]), file ZipCode.csv:13557 data 41076
    regex_detector_test.go:84: Expected label ZipCode, got  ([]), file ZipCode.csv:13558 data 41080
    regex_detector_test.go:84: Expected label ZipCode, got  ([]), file ZipCode.csv:13559 data 41083
    regex_detector_test.go:84: Expected label ZipCode, got  ([]), file ZipCode.csv:13560 data 41085
    regex_detector_test.go:84: Expected label ZipCode, got  ([]), file ZipCode.csv:13561 data 41086
    regex_detector_test.go:84: Expected label ZipCode, got  ([]), file ZipCode.csv:13562 data 41091
    regex_detector_test.go:84: Expected label ZipCode, got  ([]), file ZipCode.csv:13563 data 41092
    regex_detector_test.go:84: Expected label ZipCode, got  ([]), file ZipCode.csv:13564 data 41093
    regex_detector_test.go:84: Expected label ZipCode, got  ([]), file ZipCode.csv:13565 data 41094
    regex_detector_test.go:84: Expected label ZipCode, got  ([]), file ZipCode.csv:13566 data 41095
    regex_detector_test.go:84: Expected label ZipCode, got  ([]), file ZipCode.csv:13567 data 41097
    regex_detector_test.go:84: Expected label ZipCode, got  ([]), file ZipCode.csv:13568 data 41098
    regex_detector_test.go:84: Expected label ZipCode, got  ([]), file ZipCode.csv:13569 data 41101
    regex_detector_test.go:84: Expected label ZipCode, got  ([]), file ZipCode.csv:13570 data 41102
    regex_detector_test.go:84: Expected label ZipCode, got  ([]), file ZipCode.csv:13571 data 41121
    regex_detector_test.go:84: Expected label ZipCode, got  ([]), file ZipCode.csv:13572 data 41124
    regex_detector_test.go:84: Expected label ZipCode, got  ([]), file ZipCode.csv:13573 data 41129
    regex_detector_test.go:84: Expected label ZipCode, got  ([]), file ZipCode.csv:13574 data 41132
    regex_detector_test.go:84: Expected label ZipCode, got  ([]), file ZipCode.csv:13575 data 41135
    regex_detector_test.go:84: Expected label ZipCode, got  ([]), file ZipCode.csv:13576 data 41139
    regex_detector_test.go:84: Expected label ZipCode, got  ([]), file ZipCode.csv:13577 data 41141
    regex_detector_test.go:84: Expected label ZipCode, got  ([]), file ZipCode.csv:13578 data 41142
    regex_detector_test.go:84: Expected label ZipCode, got  ([]), file ZipCode.csv:13579 data 41143
    regex_detector_test.go:84: Expected label ZipCode, got  ([]), file ZipCode.csv:13580 data 41144
    regex_detector_test.go:84: Expected label ZipCode, got  ([]), file ZipCode.csv:13581 data 41146
    regex_detector_test.go:84: Expected label ZipCode, got  ([]), file ZipCode.csv:13582 data 41149
    regex_detector_test.go:84: Expected label ZipCode, got  ([]), file ZipCode.csv:13583 data 41159
    regex_detector_test.go:84: Expected label ZipCode, got  ([]), file ZipCode.csv:13584 data 41164
    regex_detector_test.go:84: Expected label ZipCode, got  ([]), file ZipCode.csv:13585 data 41166
    regex_detector_test.go:84: Expected label ZipCode, got  ([]), file ZipCode.csv:13586 data 41168
    regex_detector_test.go:84: Expected label ZipCode, got  ([]), file ZipCode.csv:13587 data 41169
    regex_detector_test.go:84: Expected label ZipCode, got  ([]), file ZipCode.csv:13588 data 41171
    regex_detector_test.go:84: Expected label ZipCode, got  ([]), file ZipCode.csv:13589 data 41174
    regex_detector_test.go:84: Expected label ZipCode, got  ([]), file ZipCode.csv:13590 data 41175
    regex_detector_test.go:84: Expected label ZipCode, got  ([]), file ZipCode.csv:13591 data 41179
    regex_detector_test.go:84: Expected label ZipCode, got  ([]), file ZipCode.csv:13592 data 41180
    regex_detector_test.go:84: Expected label ZipCode, got  ([]), file ZipCode.csv:13593 data 41181
    regex_detector_test.go:84: Expected label ZipCode, got  ([]), file ZipCode.csv:13594 data 41183
    regex_detector_test.go:84: Expected label ZipCode, got  ([]), file ZipCode.csv:13595 data 41189
    regex_detector_test.go:84: Expected label ZipCode, got  ([]), file ZipCode.csv:13596 data 41201
    regex_detector_test.go:84: Expected label ZipCode, got  ([]), file ZipCode.csv:13597 data 41203
    regex_detector_test.go:84: Expected label ZipCode, got  ([]), file ZipCode.csv:13598 data 41204
    regex_detector_test.go:84: Expected label ZipCode, got  ([]), file ZipCode.csv:13599 data 41214
    regex_detector_test.go:84: Expected label ZipCode, got  ([]), file ZipCode.csv:13600 data 41216
    regex_detector_test.go:84: Expected label ZipCode, got  ([]), file ZipCode.csv:13601 data 41219
    regex_detector_test.go:84: Expected label ZipCode, got  ([]), file ZipCode.csv:13602 data 41222
    regex_detector_test.go:84: Expected label ZipCode, got  ([]), file ZipCode.csv:13603 data 41224
    regex_detector_test.go:84: Expected label ZipCode, got  ([]), file ZipCode.csv:13604 data 41226
    regex_detector_test.go:84: Expected label ZipCode, got  ([]), file ZipCode.csv:13605 data 41230
    regex_detector_test.go:84: Expected label ZipCode, got  ([]), file ZipCode.csv:13606 data 41231
    regex_detector_test.go:84: Expected label ZipCode, got  ([]), file ZipCode.csv:13607 data 41232
    regex_detector_test.go:84: Expected label ZipCode, got  ([]), file ZipCode.csv:13608 data 41234
    regex_detector_test.go:84: Expected label ZipCode, got  ([]), file ZipCode.csv:13609 data 41238
    regex_detector_test.go:84: Expected label ZipCode, got  ([]), file ZipCode.csv:13610 data 41240
    regex_detector_test.go:84: Expected label ZipCode, got  ([]), file ZipCode.csv:13611 data 41250
    regex_detector_test.go:84: Expected label ZipCode, got  ([]), file ZipCode.csv:13612 data 41254
    regex_detector_test.go:84: Expected label ZipCode, got  ([]), file ZipCode.csv:13613 data 41255
    regex_detector_test.go:84: Expected label ZipCode, got  ([]), file ZipCode.csv:13614 data 41256
    regex_detector_test.go:84: Expected label ZipCode, got  ([]), file ZipCode.csv:13615 data 41257
    regex_detector_test.go:84: Expected label ZipCode, got  ([]), file ZipCode.csv:13616 data 41260
    regex_detector_test.go:84: Expected label ZipCode, got  ([]), file ZipCode.csv:13617 data 41262
    regex_detector_test.go:84: Expected label ZipCode, got  ([]), file ZipCode.csv:13618 data 41263
    regex_detector_test.go:84: Expected label ZipCode, got  ([]), file ZipCode.csv:13619 data 41264
    regex_detector_test.go:84: Expected label ZipCode, got  ([]), file ZipCode.csv:13620 data 41265
    regex_detector_test.go:84: Expected label ZipCode, got  ([]), file ZipCode.csv:13621 data 41267
    regex_detector_test.go:84: Expected label ZipCode, got  ([]), file ZipCode.csv:13622 data 41268
    regex_detector_test.go:84: Expected label ZipCode, got  ([]), file ZipCode.csv:13623 data 41271
    regex_detector_test.go:84: Expected label ZipCode, got  ([]), file ZipCode.csv:13624 data 41274
    regex_detector_test.go:84: Expected label ZipCode, got  ([]), file ZipCode.csv:13625 data 41301
    regex_detector_test.go:84: Expected label ZipCode, got  ([]), file ZipCode.csv:13626 data 41310
    regex_detector_test.go:84: Expected label ZipCode, got  ([]), file ZipCode.csv:13627 data 41311
    regex_detector_test.go:84: Expected label ZipCode, got  ([]), file ZipCode.csv:13628 data 41314
    regex_detector_test.go:84: Expected label ZipCode, got  ([]), file ZipCode.csv:13629 data 41317
    regex_detector_test.go:84: Expected label ZipCode, got  ([]), file ZipCode.csv:13630 data 41332
    regex_detector_test.go:84: Expected label ZipCode, got  ([]), file ZipCode.csv:13631 data 41339
    regex_detector_test.go:84: Expected label ZipCode, got  ([]), file ZipCode.csv:13632 data 41348
    regex_detector_test.go:84: Expected label ZipCode, got  ([]), file ZipCode.csv:13633 data 41351
    regex_detector_test.go:84: Expected label ZipCode, got  ([]), file ZipCode.csv:13634 data 41352
    regex_detector_test.go:84: Expected label ZipCode, got  ([]), file ZipCode.csv:13635 data 41360
    regex_detector_test.go:84: Expected label ZipCode, got  ([]), file ZipCode.csv:13636 data 41364
    regex_detector_test.go:84: Expected label ZipCode, got  ([]), file ZipCode.csv:13637 data 41365
    regex_detector_test.go:84: Expected label ZipCode, got  ([]), file ZipCode.csv:13638 data 41366
    regex_detector_test.go:84: Expected label ZipCode, got  ([]), file ZipCode.csv:13639 data 41367
    regex_detector_test.go:84: Expected label ZipCode, got  ([]), file ZipCode.csv:13640 data 41385
    regex_detector_test.go:84: Expected label ZipCode, got  ([]), file ZipCode.csv:13641 data 41386
    regex_detector_test.go:84: Expected label ZipCode, got  ([]), file ZipCode.csv:13642 data 41390
    regex_detector_test.go:84: Expected label ZipCode, got  ([]), file ZipCode.csv:13643 data 41397
    regex_detector_test.go:84: Expected label ZipCode, got  ([]), file ZipCode.csv:13644 data 41408
    regex_detector_test.go:84: Expected label ZipCode, got  ([]), file ZipCode.csv:13645 data 41421
    regex_detector_test.go:84: Expected label ZipCode, got  ([]), file ZipCode.csv:13646 data 41425
    regex_detector_test.go:84: Expected label ZipCode, got  ([]), file ZipCode.csv:13647 data 41464
    regex_detector_test.go:84: Expected label ZipCode, got  ([]), file ZipCode.csv:13648 data 41465
    regex_detector_test.go:84: Expected label ZipCode, got  ([]), file ZipCode.csv:13649 data 41472
    regex_detector_test.go:84: Expected label ZipCode, got  ([]), file ZipCode.csv:13650 data 41501
    regex_detector_test.go:84: Expected label ZipCode, got  ([]), file ZipCode.csv:13651 data 41503
    regex_detector_test.go:84: Expected label ZipCode, got  ([]), file ZipCode.csv:13652 data 41512
    regex_detector_test.go:84: Expected label ZipCode, got  ([]), file ZipCode.csv:13653 data 41513
    regex_detector_test.go:84: Expected label ZipCode, got  ([]), file ZipCode.csv:13654 data 41514
    regex_detector_test.go:84: Expected label ZipCode, got  ([]), file ZipCode.csv:13655 data 41517
    regex_detector_test.go:84: Expected label ZipCode, got  ([]), file ZipCode.csv:13656 data 41519
    regex_detector_test.go:84: Expected label ZipCode, got  ([]), file ZipCode.csv:13657 data 41522
    regex_detector_test.go:84: Expected label ZipCode, got  ([]), file ZipCode.csv:13658 data 41524
    regex_detector_test.go:84: Expected label ZipCode, got  ([]), file ZipCode.csv:13659 data 41526
    regex_detector_test.go:84: Expected label ZipCode, got  ([]), file ZipCode.csv:13660 data 41527
    regex_detector_test.go:84: Expected label ZipCode, got  ([]), file ZipCode.csv:13661 data 41528
    regex_detector_test.go:84: Expected label ZipCode, got  ([]), file ZipCode.csv:13662 data 41531
    regex_detector_test.go:84: Expected label ZipCode, got  ([]), file ZipCode.csv:13663 data 41534
    regex_detector_test.go:84: Expected label ZipCode, got  ([]), file ZipCode.csv:13664 data 41535
    regex_detector_test.go:84: Expected label ZipCode, got  ([]), file ZipCode.csv:13665 data 41537
    regex_detector_test.go:84: Expected label ZipCode, got  ([]), file ZipCode.csv:13666 data 41538
    regex_detector_test.go:84: Expected label ZipCode, got  ([]), file ZipCode.csv:13667 data 41539
    regex_detector_test.go:84: Expected label ZipCode, got  ([]), file ZipCode.csv:13668 data 41540
    regex_detector_test.go:84: Expected label ZipCode, got  ([]), file ZipCode.csv:13669 data 41543
    regex_detector_test.go:84: Expected label ZipCode, got  ([]), file ZipCode.csv:13670 data 41544
    regex_detector_test.go:84: Expected label ZipCode, got  ([]), file ZipCode.csv:13671 data 41547
    regex_detector_test.go:84: Expected label ZipCode, got  ([]), file ZipCode.csv:13672 data 41548
    regex_detector_test.go:84: Expected label ZipCode, got  ([]), file ZipCode.csv:13673 data 41553
    regex_detector_test.go:84: Expected label ZipCode, got  ([]), file ZipCode.csv:13674 data 41554
    regex_detector_test.go:84: Expected label ZipCode, got  ([]), file ZipCode.csv:13675 data 41555
    regex_detector_test.go:84: Expected label ZipCode, got  ([]), file ZipCode.csv:13676 data 41557
    regex_detector_test.go:84: Expected label ZipCode, got  ([]), file ZipCode.csv:13677 data 41558
    regex_detector_test.go:84: Expected label ZipCode, got  ([]), file ZipCode.csv:13678 data 41559
    regex_detector_test.go:84: Expected label ZipCode, got  ([]), file ZipCode.csv:13679 data 41560
    regex_detector_test.go:84: Expected label ZipCode, got  ([]), file ZipCode.csv:13680 data 41562
    regex_detector_test.go:84: Expected label ZipCode, got  ([]), file ZipCode.csv:13681 data 41563
    regex_detector_test.go:84: Expected label ZipCode, got  ([]), file ZipCode.csv:13682 data 41564
    regex_detector_test.go:84: Expected label ZipCode, got  ([]), file ZipCode.csv:13683 data 41566
    regex_detector_test.go:84: Expected label ZipCode, got  ([]), file ZipCode.csv:13684 data 41567
    regex_detector_test.go:84: Expected label ZipCode, got  ([]), file ZipCode.csv:13685 data 41568
    regex_detector_test.go:84: Expected label ZipCode, got  ([]), file ZipCode.csv:13686 data 41571
    regex_detector_test.go:84: Expected label ZipCode, got  ([]), file ZipCode.csv:13687 data 41572
    regex_detector_test.go:84: Expected label ZipCode, got  ([]), file ZipCode.csv:13688 data 41601
    regex_detector_test.go:84: Expected label ZipCode, got  ([]), file ZipCode.csv:13689 data 41602
    regex_detector_test.go:84: Expected label ZipCode, got  ([]), file ZipCode.csv:13690 data 41603
    regex_detector_test.go:84: Expected label ZipCode, got  ([]), file ZipCode.csv:13691 data 41604
    regex_detector_test.go:84: Expected label ZipCode, got  ([]), file ZipCode.csv:13692 data 41605
    regex_detector_test.go:84: Expected label ZipCode, got  ([]), file ZipCode.csv:13693 data 41606
    regex_detector_test.go:84: Expected label ZipCode, got  ([]), file ZipCode.csv:13694 data 41607
    regex_detector_test.go:84: Expected label ZipCode, got  ([]), file ZipCode.csv:13695 data 41612
    regex_detector_test.go:84: Expected label ZipCode, got  ([]), file ZipCode.csv:13696 data 41615
    regex_detector_test.go:84: Expected label ZipCode, got  ([]), file ZipCode.csv:13697 data 41616
    regex_detector_test.go:84: Expected label ZipCode, got  ([]), file ZipCode.csv:13698 data 41619
    regex_detector_test.go:84: Expected label ZipCode, got  ([]), file ZipCode.csv:13699 data 41621
    regex_detector_test.go:84: Expected label ZipCode, got  ([]), file ZipCode.csv:13700 data 41622
    regex_detector_test.go:84: Expected label ZipCode, got  ([]), file ZipCode.csv:13701 data 41630
    regex_detector_test.go:84: Expected label ZipCode, got  ([]), file ZipCode.csv:13702 data 41631
    regex_detector_test.go:84: Expected label ZipCode, got  ([]), file ZipCode.csv:13703 data 41632
    regex_detector_test.go:84: Expected label ZipCode, got  ([]), file ZipCode.csv:13704 data 41635
    regex_detector_test.go:84: Expected label ZipCode, got  ([]), file ZipCode.csv:13705 data 41636
    regex_detector_test.go:84: Expected label ZipCode, got  ([]), file ZipCode.csv:13706 data 41640
    regex_detector_test.go:84: Expected label ZipCode, got  ([]), file ZipCode.csv:13707 data 41642
    regex_detector_test.go:84: Expected label ZipCode, got  ([]), file ZipCode.csv:13708 data 41643
    regex_detector_test.go:84: Expected label ZipCode, got  ([]), file ZipCode.csv:13709 data 41645
    regex_detector_test.go:84: Expected label ZipCode, got  ([]), file ZipCode.csv:13710 data 41647
    regex_detector_test.go:84: Expected label ZipCode, got  ([]), file ZipCode.csv:13711 data 41649
    regex_detector_test.go:84: Expected label ZipCode, got  ([]), file ZipCode.csv:13712 data 41650
    regex_detector_test.go:84: Expected label ZipCode, got  ([]), file ZipCode.csv:13713 data 41651
    regex_detector_test.go:84: Expected label ZipCode, got  ([]), file ZipCode.csv:13714 data 41653
    regex_detector_test.go:84: Expected label ZipCode, got  ([]), file ZipCode.csv:13715 data 41655
    regex_detector_test.go:84: Expected label ZipCode, got  ([]), file ZipCode.csv:13716 data 41659
    regex_detector_test.go:84: Expected label ZipCode, got  ([]), file ZipCode.csv:13717 data 41660
    regex_detector_test.go:84: Expected label ZipCode, got  ([]), file ZipCode.csv:13718 data 41663
    regex_detector_test.go:84: Expected label ZipCode, got  ([]), file ZipCode.csv:13719 data 41666
    regex_detector_test.go:84: Expected label ZipCode, got  ([]), file ZipCode.csv:13720 data 41667
    regex_detector_test.go:84: Expected label ZipCode, got  ([]), file ZipCode.csv:13721 data 41669
    regex_detector_test.go:84: Expected label ZipCode, got  ([]), file ZipCode.csv:13722 data 41701
    regex_detector_test.go:84: Expected label ZipCode, got  ([]), file ZipCode.csv:13723 data 41712
    regex_detector_test.go:84: Expected label ZipCode, got  ([]), file ZipCode.csv:13724 data 41713
    regex_detector_test.go:84: Expected label ZipCode, got  ([]), file ZipCode.csv:13725 data 41714
    regex_detector_test.go:84: Expected label ZipCode, got  ([]), file ZipCode.csv:13726 data 41719
    regex_detector_test.go:84: Expected label ZipCode, got  ([]), file ZipCode.csv:13727 data 41721
    regex_detector_test.go:84: Expected label ZipCode, got  ([]), file ZipCode.csv:13728 data 41722
    regex_detector_test.go:84: Expected label ZipCode, got  ([]), file ZipCode.csv:13729 data 41723
    regex_detector_test.go:84: Expected label ZipCode, got  ([]), file ZipCode.csv:13730 data 41725
    regex_detector_test.go:84: Expected label ZipCode, got  ([]), file ZipCode.csv:13731 data 41727
    regex_detector_test.go:84: Expected label ZipCode, got  ([]), file ZipCode.csv:13732 data 41729
    regex_detector_test.go:84: Expected label ZipCode, got  ([]), file ZipCode.csv:13733 data 41731
    regex_detector_test.go:84: Expected label ZipCode, got  ([]), file ZipCode.csv:13734 data 41735
    regex_detector_test.go:84: Expected label ZipCode, got  ([]), file ZipCode.csv:13735 data 41739
    regex_detector_test.go:84: Expected label ZipCode, got  ([]), file ZipCode.csv:13736 data 41740
    regex_detector_test.go:84: Expected label ZipCode, got  ([]), file ZipCode.csv:13737 data 41745
    regex_detector_test.go:84: Expected label ZipCode, got  ([]), file ZipCode.csv:13738 data 41746
    regex_detector_test.go:84: Expected label ZipCode, got  ([]), file ZipCode.csv:13739 data 41749
    regex_detector_test.go:84: Expected label ZipCode, got  ([]), file ZipCode.csv:13740 data 41751
    regex_detector_test.go:84: Expected label ZipCode, got  ([]), file ZipCode.csv:13741 data 41754
    regex_detector_test.go:84: Expected label ZipCode, got  ([]), file ZipCode.csv:13742 data 41759
    regex_detector_test.go:84: Expected label ZipCode, got  ([]), file ZipCode.csv:13743 data 41760
    regex_detector_test.go:84: Expected label ZipCode, got  ([]), file ZipCode.csv:13744 data 41762
    regex_detector_test.go:84: Expected label ZipCode, got  ([]), file ZipCode.csv:13745 data 41763
    regex_detector_test.go:84: Expected label ZipCode, got  ([]), file ZipCode.csv:13746 data 41764
    regex_detector_test.go:84: Expected label ZipCode, got  ([]), file ZipCode.csv:13747 data 41766
    regex_detector_test.go:84: Expected label ZipCode, got  ([]), file ZipCode.csv:13748 data 41772
    regex_detector_test.go:84: Expected label ZipCode, got  ([]), file ZipCode.csv:13749 data 41773
    regex_detector_test.go:84: Expected label ZipCode, got  ([]), file ZipCode.csv:13750 data 41774
    regex_detector_test.go:84: Expected label ZipCode, got  ([]), file ZipCode.csv:13751 data 41775
    regex_detector_test.go:84: Expected label ZipCode, got  ([]), file ZipCode.csv:13752 data 41776
    regex_detector_test.go:84: Expected label ZipCode, got  ([]), file ZipCode.csv:13753 data 41777
    regex_detector_test.go:84: Expected label ZipCode, got  ([]), file ZipCode.csv:13754 data 41778
    regex_detector_test.go:84: Expected label ZipCode, got  ([]), file ZipCode.csv:13755 data 41804
    regex_detector_test.go:84: Expected label ZipCode, got  ([]), file ZipCode.csv:13756 data 41810
    regex_detector_test.go:84: Expected label ZipCode, got  ([]), file ZipCode.csv:13757 data 41812
    regex_detector_test.go:84: Expected label ZipCode, got  ([]), file ZipCode.csv:13758 data 41815
    regex_detector_test.go:84: Expected label ZipCode, got  ([]), file ZipCode.csv:13759 data 41817
    regex_detector_test.go:84: Expected label ZipCode, got  ([]), file ZipCode.csv:13760 data 41819
    regex_detector_test.go:84: Expected label ZipCode, got  ([]), file ZipCode.csv:13761 data 41821
    regex_detector_test.go:84: Expected label ZipCode, got  ([]), file ZipCode.csv:13762 data 41822
    regex_detector_test.go:84: Expected label ZipCode, got  ([]), file ZipCode.csv:13763 data 41824
    regex_detector_test.go:84: Expected label ZipCode, got  ([]), file ZipCode.csv:13764 data 41825
    regex_detector_test.go:84: Expected label ZipCode, got  ([]), file ZipCode.csv:13765 data 41826
    regex_detector_test.go:84: Expected label ZipCode, got  ([]), file ZipCode.csv:13766 data 41828
    regex_detector_test.go:84: Expected label ZipCode, got  ([]), file ZipCode.csv:13767 data 41831
    regex_detector_test.go:84: Expected label ZipCode, got  ([]), file ZipCode.csv:13768 data 41832
    regex_detector_test.go:84: Expected label ZipCode, got  ([]), file ZipCode.csv:13769 data 41833
    regex_detector_test.go:84: Expected label ZipCode, got  ([]), file ZipCode.csv:13770 data 41834
    regex_detector_test.go:84: Expected label ZipCode, got  ([]), file ZipCode.csv:13771 data 41835
    regex_detector_test.go:84: Expected label ZipCode, got  ([]), file ZipCode.csv:13772 data 41836
    regex_detector_test.go:84: Expected label ZipCode, got  ([]), file ZipCode.csv:13773 data 41837
    regex_detector_test.go:84: Expected label ZipCode, got  ([]), file ZipCode.csv:13774 data 41838
    regex_detector_test.go:84: Expected label ZipCode, got  ([]), file ZipCode.csv:13775 data 41839
    regex_detector_test.go:84: Expected label ZipCode, got  ([]), file ZipCode.csv:13776 data 41840
    regex_detector_test.go:84: Expected label ZipCode, got  ([]), file ZipCode.csv:13777 data 41843
    regex_detector_test.go:84: Expected label ZipCode, got  ([]), file ZipCode.csv:13778 data 41844
    regex_detector_test.go:84: Expected label ZipCode, got  ([]), file ZipCode.csv:13779 data 41845
    regex_detector_test.go:84: Expected label ZipCode, got  ([]), file ZipCode.csv:13780 data 41847
    regex_detector_test.go:84: Expected label ZipCode, got  ([]), file ZipCode.csv:13781 data 41848
    regex_detector_test.go:84: Expected label ZipCode, got  ([]), file ZipCode.csv:13782 data 41849
    regex_detector_test.go:84: Expected label ZipCode, got  ([]), file ZipCode.csv:13783 data 41855
    regex_detector_test.go:84: Expected label ZipCode, got  ([]), file ZipCode.csv:13784 data 41858
    regex_detector_test.go:84: Expected label ZipCode, got  ([]), file ZipCode.csv:13785 data 41859
    regex_detector_test.go:84: Expected label ZipCode, got  ([]), file ZipCode.csv:13786 data 41861
    regex_detector_test.go:84: Expected label ZipCode, got  ([]), file ZipCode.csv:13787 data 41862
    regex_detector_test.go:84: Expected label ZipCode, got  ([]), file ZipCode.csv:13788 data 42001
    regex_detector_test.go:84: Expected label ZipCode, got  ([]), file ZipCode.csv:13789 data 42003
    regex_detector_test.go:84: Expected label ZipCode, got  ([]), file ZipCode.csv:13790 data 42020
    regex_detector_test.go:84: Expected label ZipCode, got  ([]), file ZipCode.csv:13791 data 42021
    regex_detector_test.go:84: Expected label ZipCode, got  ([]), file ZipCode.csv:13792 data 42022
    regex_detector_test.go:84: Expected label ZipCode, got  ([]), file ZipCode.csv:13793 data 42023
    regex_detector_test.go:84: Expected label ZipCode, got  ([]), file ZipCode.csv:13794 data 42024
    regex_detector_test.go:84: Expected label ZipCode, got  ([]), file ZipCode.csv:13795 data 42025
    regex_detector_test.go:84: Expected label ZipCode, got  ([]), file ZipCode.csv:13796 data 42027
    regex_detector_test.go:84: Expected label ZipCode, got  ([]), file ZipCode.csv:13797 data 42028
    regex_detector_test.go:84: Expected label ZipCode, got  ([]), file ZipCode.csv:13798 data 42029
    regex_detector_test.go:84: Expected label ZipCode, got  ([]), file ZipCode.csv:13799 data 42031
    regex_detector_test.go:84: Expected label ZipCode, got  ([]), file ZipCode.csv:13800 data 42032
    regex_detector_test.go:84: Expected label ZipCode, got  ([]), file ZipCode.csv:13801 data 42035
    regex_detector_test.go:84: Expected label ZipCode, got  ([]), file ZipCode.csv:13802 data 42036
    regex_detector_test.go:84: Expected label ZipCode, got  ([]), file ZipCode.csv:13803 data 42037
    regex_detector_test.go:84: Expected label ZipCode, got  ([]), file ZipCode.csv:13804 data 42038
    regex_detector_test.go:84: Expected label ZipCode, got  ([]), file ZipCode.csv:13805 data 42039
    regex_detector_test.go:84: Expected label ZipCode, got  ([]), file ZipCode.csv:13806 data 42040
    regex_detector_test.go:84: Expected label ZipCode, got  ([]), file ZipCode.csv:13807 data 42041
    regex_detector_test.go:84: Expected label ZipCode, got  ([]), file ZipCode.csv:13808 data 42044
    regex_detector_test.go:84: Expected label ZipCode, got  ([]), file ZipCode.csv:13809 data 42045
    regex_detector_test.go:84: Expected label ZipCode, got  ([]), file ZipCode.csv:13810 data 42047
    regex_detector_test.go:84: Expected label ZipCode, got  ([]), file ZipCode.csv:13811 data 42048
    regex_detector_test.go:84: Expected label ZipCode, got  ([]), file ZipCode.csv:13812 data 42049
    regex_detector_test.go:84: Expected label ZipCode, got  ([]), file ZipCode.csv:13813 data 42050
    regex_detector_test.go:84: Expected label ZipCode, got  ([]), file ZipCode.csv:13814 data 42051
    regex_detector_test.go:84: Expected label ZipCode, got  ([]), file ZipCode.csv:13815 data 42053
    regex_detector_test.go:84: Expected label ZipCode, got  ([]), file ZipCode.csv:13816 data 42054
    regex_detector_test.go:84: Expected label ZipCode, got  ([]), file ZipCode.csv:13817 data 42055
    regex_detector_test.go:84: Expected label ZipCode, got  ([]), file ZipCode.csv:13818 data 42056
    regex_detector_test.go:84: Expected label ZipCode, got  ([]), file ZipCode.csv:13819 data 42058
    regex_detector_test.go:84: Expected label ZipCode, got  ([]), file ZipCode.csv:13820 data 42060
    regex_detector_test.go:84: Expected label ZipCode, got  ([]), file ZipCode.csv:13821 data 42061
    regex_detector_test.go:84: Expected label ZipCode, got  ([]), file ZipCode.csv:13822 data 42064
    regex_detector_test.go:84: Expected label ZipCode, got  ([]), file ZipCode.csv:13823 data 42066
    regex_detector_test.go:84: Expected label ZipCode, got  ([]), file ZipCode.csv:13824 data 42069
    regex_detector_test.go:84: Expected label ZipCode, got  ([]), file ZipCode.csv:13825 data 42071
    regex_detector_test.go:84: Expected label ZipCode, got  ([]), file ZipCode.csv:13826 data 42076
    regex_detector_test.go:84: Expected label ZipCode, got  ([]), file ZipCode.csv:13827 data 42078
    regex_detector_test.go:84: Expected label ZipCode, got  ([]), file ZipCode.csv:13828 data 42079
    regex_detector_test.go:84: Expected label ZipCode, got  ([]), file ZipCode.csv:13829 data 42081
    regex_detector_test.go:84: Expected label ZipCode, got  ([]), file ZipCode.csv:13830 data 42082
    regex_detector_test.go:84: Expected label ZipCode, got  ([]), file ZipCode.csv:13831 data 42083
    regex_detector_test.go:84: Expected label ZipCode, got  ([]), file ZipCode.csv:13832 data 42085
    regex_detector_test.go:84: Expected label ZipCode, got  ([]), file ZipCode.csv:13833 data 42086
    regex_detector_test.go:84: Expected label ZipCode, got  ([]), file ZipCode.csv:13834 data 42087
    regex_detector_test.go:84: Expected label ZipCode, got  ([]), file ZipCode.csv:13835 data 42088
    regex_detector_test.go:84: Expected label ZipCode, got  ([]), file ZipCode.csv:13836 data 42101
    regex_detector_test.go:84: Expected label ZipCode, got  ([]), file ZipCode.csv:13837 data 42103
    regex_detector_test.go:84: Expected label ZipCode, got  ([]), file ZipCode.csv:13838 data 42104
    regex_detector_test.go:84: Expected label ZipCode, got  ([]), file ZipCode.csv:13839 data 42120
    regex_detector_test.go:84: Expected label ZipCode, got  ([]), file ZipCode.csv:13840 data 42122
    regex_detector_test.go:84: Expected label ZipCode, got  ([]), file ZipCode.csv:13841 data 42123
    regex_detector_test.go:84: Expected label ZipCode, got  ([]), file ZipCode.csv:13842 data 42124
    regex_detector_test.go:84: Expected label ZipCode, got  ([]), file ZipCode.csv:13843 data 42127
    regex_detector_test.go:84: Expected label ZipCode, got  ([]), file ZipCode.csv:13844 data 42129
    regex_detector_test.go:84: Expected label ZipCode, got  ([]), file ZipCode.csv:13845 data 42130
    regex_detector_test.go:84: Expected label ZipCode, got  ([]), file ZipCode.csv:13846 data 42131
    regex_detector_test.go:84: Expected label ZipCode, got  ([]), file ZipCode.csv:13847 data 42133
    regex_detector_test.go:84: Expected label ZipCode, got  ([]), file ZipCode.csv:13848 data 42134
    regex_detector_test.go:84: Expected label ZipCode, got  ([]), file ZipCode.csv:13849 data 42140
    regex_detector_test.go:84: Expected label ZipCode, got  ([]), file ZipCode.csv:13850 data 42141
    regex_detector_test.go:84: Expected label ZipCode, got  ([]), file ZipCode.csv:13851 data 42151
    regex_detector_test.go:84: Expected label ZipCode, got  ([]), file ZipCode.csv:13852 data 42153
    regex_detector_test.go:84: Expected label ZipCode, got  ([]), file ZipCode.csv:13853 data 42154
    regex_detector_test.go:84: Expected label ZipCode, got  ([]), file ZipCode.csv:13854 data 42156
    regex_detector_test.go:84: Expected label ZipCode, got  ([]), file ZipCode.csv:13855 data 42157
    regex_detector_test.go:84: Expected label ZipCode, got  ([]), file ZipCode.csv:13856 data 42159
    regex_detector_test.go:84: Expected label ZipCode, got  ([]), file ZipCode.csv:13857 data 42160
    regex_detector_test.go:84: Expected label ZipCode, got  ([]), file ZipCode.csv:13858 data 42163
    regex_detector_test.go:84: Expected label ZipCode, got  ([]), file ZipCode.csv:13859 data 42164
    regex_detector_test.go:84: Expected label ZipCode, got  ([]), file ZipCode.csv:13860 data 42166
    regex_detector_test.go:84: Expected label ZipCode, got  ([]), file ZipCode.csv:13861 data 42167
    regex_detector_test.go:84: Expected label ZipCode, got  ([]), file ZipCode.csv:13862 data 42170
    regex_detector_test.go:84: Expected label ZipCode, got  ([]), file ZipCode.csv:13863 data 42171
    regex_detector_test.go:84: Expected label ZipCode, got  ([]), file ZipCode.csv:13864 data 42202
    regex_detector_test.go:84: Expected label ZipCode, got  ([]), file ZipCode.csv:13865 data 42204
    regex_detector_test.go:84: Expected label ZipCode, got  ([]), file ZipCode.csv:13866 data 42206
    regex_detector_test.go:84: Expected label ZipCode, got  ([]), file ZipCode.csv:13867 data 42207
    regex_detector_test.go:84: Expected label ZipCode, got  ([]), file ZipCode.csv:13868 data 42210
    regex_detector_test.go:84: Expected label ZipCode, got  ([]), file ZipCode.csv:13869 data 42211
    regex_detector_test.go:84: Expected label ZipCode, got  ([]), file ZipCode.csv:13870 data 42214
    regex_detector_test.go:84: Expected label ZipCode, got  ([]), file ZipCode.csv:13871 data 42215
    regex_detector_test.go:84: Expected label ZipCode, got  ([]), file ZipCode.csv:13872 data 42217
    regex_detector_test.go:84: Expected label ZipCode, got  ([]), file ZipCode.csv:13873 data 42220
    regex_detector_test.go:84: Expected label ZipCode, got  ([]), file ZipCode.csv:13874 data 42223
    regex_detector_test.go:84: Expected label ZipCode, got  ([]), file ZipCode.csv:13875 data 42232
    regex_detector_test.go:84: Expected label ZipCode, got  ([]), file ZipCode.csv:13876 data 42234
    regex_detector_test.go:84: Expected label ZipCode, got  ([]), file ZipCode.csv:13877 data 42236
    regex_detector_test.go:84: Expected label ZipCode, got  ([]), file ZipCode.csv:13878 data 42240
    regex_detector_test.go:84: Expected label ZipCode, got  ([]), file ZipCode.csv:13879 data 42252
    regex_detector_test.go:84: Expected label ZipCode, got  ([]), file ZipCode.csv:13880 data 42254
    regex_detector_test.go:84: Expected label ZipCode, got  ([]), file ZipCode.csv:13881 data 42256
    regex_detector_test.go:84: Expected label ZipCode, got  ([]), file ZipCode.csv:13882 data 42259
    regex_detector_test.go:84: Expected label ZipCode, got  ([]), file ZipCode.csv:13883 data 42261
    regex_detector_test.go:84: Expected label ZipCode, got  ([]), file ZipCode.csv:13884 data 42262
    regex_detector_test.go:84: Expected label ZipCode, got  ([]), file ZipCode.csv:13885 data 42265
    regex_detector_test.go:84: Expected label ZipCode, got  ([]), file ZipCode.csv:13886 data 42266
    regex_detector_test.go:84: Expected label ZipCode, got  ([]), file ZipCode.csv:13887 data 42273
    regex_detector_test.go:84: Expected label ZipCode, got  ([]), file ZipCode.csv:13888 data 42274
    regex_detector_test.go:84: Expected label ZipCode, got  ([]), file ZipCode.csv:13889 data 42275
    regex_detector_test.go:84: Expected label ZipCode, got  ([]), file ZipCode.csv:13890 data 42276
    regex_detector_test.go:84: Expected label ZipCode, got  ([]), file ZipCode.csv:13891 data 42280
    regex_detector_test.go:84: Expected label ZipCode, got  ([]), file ZipCode.csv:13892 data 42285
    regex_detector_test.go:84: Expected label ZipCode, got  ([]), file ZipCode.csv:13893 data 42286
    regex_detector_test.go:84: Expected label ZipCode, got  ([]), file ZipCode.csv:13894 data 42301
    regex_detector_test.go:84: Expected label ZipCode, got  ([]), file ZipCode.csv:13895 data 42303
    regex_detector_test.go:84: Expected label ZipCode, got  ([]), file ZipCode.csv:13896 data 42320
    regex_detector_test.go:84: Expected label ZipCode, got  ([]), file ZipCode.csv:13897 data 42321
    regex_detector_test.go:84: Expected label ZipCode, got  ([]), file ZipCode.csv:13898 data 42322
    regex_detector_test.go:84: Expected label ZipCode, got  ([]), file ZipCode.csv:13899 data 42323
    regex_detector_test.go:84: Expected label ZipCode, got  ([]), file ZipCode.csv:13900 data 42324
    regex_detector_test.go:84: Expected label ZipCode, got  ([]), file ZipCode.csv:13901 data 42325
    regex_detector_test.go:84: Expected label ZipCode, got  ([]), file ZipCode.csv:13902 data 42326
    regex_detector_test.go:84: Expected label ZipCode, got  ([]), file ZipCode.csv:13903 data 42327
    regex_detector_test.go:84: Expected label ZipCode, got  ([]), file ZipCode.csv:13904 data 42328
    regex_detector_test.go:84: Expected label ZipCode, got  ([]), file ZipCode.csv:13905 data 42330
    regex_detector_test.go:84: Expected label ZipCode, got  ([]), file ZipCode.csv:13906 data 42332
    regex_detector_test.go:84: Expected label ZipCode, got  ([]), file ZipCode.csv:13907 data 42333
    regex_detector_test.go:84: Expected label ZipCode, got  ([]), file ZipCode.csv:13908 data 42337
    regex_detector_test.go:84: Expected label ZipCode, got  ([]), file ZipCode.csv:13909 data 42338
    regex_detector_test.go:84: Expected label ZipCode, got  ([]), file ZipCode.csv:13910 data 42339
    regex_detector_test.go:84: Expected label ZipCode, got  ([]), file ZipCode.csv:13911 data 42343
    regex_detector_test.go:84: Expected label ZipCode, got  ([]), file ZipCode.csv:13912 data 42344
    regex_detector_test.go:84: Expected label ZipCode, got  ([]), file ZipCode.csv:13913 data 42345
    regex_detector_test.go:84: Expected label ZipCode, got  ([]), file ZipCode.csv:13914 data 42347
    regex_detector_test.go:84: Expected label ZipCode, got  ([]), file ZipCode.csv:13915 data 42348
    regex_detector_test.go:84: Expected label ZipCode, got  ([]), file ZipCode.csv:13916 data 42349
    regex_detector_test.go:84: Expected label ZipCode, got  ([]), file ZipCode.csv:13917 data 42350
    regex_detector_test.go:84: Expected label ZipCode, got  ([]), file ZipCode.csv:13918 data 42351
    regex_detector_test.go:84: Expected label ZipCode, got  ([]), file ZipCode.csv:13919 data 42352
    regex_detector_test.go:84: Expected label ZipCode, got  ([]), file ZipCode.csv:13920 data 42354
    regex_detector_test.go:84: Expected label ZipCode, got  ([]), file ZipCode.csv:13921 data 42355
    regex_detector_test.go:84: Expected label ZipCode, got  ([]), file ZipCode.csv:13922 data 42356
    regex_detector_test.go:84: Expected label ZipCode, got  ([]), file ZipCode.csv:13923 data 42361
    regex_detector_test.go:84: Expected label ZipCode, got  ([]), file ZipCode.csv:13924 data 42366
    regex_detector_test.go:84: Expected label ZipCode, got  ([]), file ZipCode.csv:13925 data 42367
    regex_detector_test.go:84: Expected label ZipCode, got  ([]), file ZipCode.csv:13926 data 42368
    regex_detector_test.go:84: Expected label ZipCode, got  ([]), file ZipCode.csv:13927 data 42369
    regex_detector_test.go:84: Expected label ZipCode, got  ([]), file ZipCode.csv:13928 data 42370
    regex_detector_test.go:84: Expected label ZipCode, got  ([]), file ZipCode.csv:13929 data 42371
    regex_detector_test.go:84: Expected label ZipCode, got  ([]), file ZipCode.csv:13930 data 42372
    regex_detector_test.go:84: Expected label ZipCode, got  ([]), file ZipCode.csv:13931 data 42374
    regex_detector_test.go:84: Expected label ZipCode, got  ([]), file ZipCode.csv:13932 data 42376
    regex_detector_test.go:84: Expected label ZipCode, got  ([]), file ZipCode.csv:13933 data 42378
    regex_detector_test.go:84: Expected label ZipCode, got  ([]), file ZipCode.csv:13934 data 42404
    regex_detector_test.go:84: Expected label ZipCode, got  ([]), file ZipCode.csv:13935 data 42406
    regex_detector_test.go:84: Expected label ZipCode, got  ([]), file ZipCode.csv:13936 data 42408
    regex_detector_test.go:84: Expected label ZipCode, got  ([]), file ZipCode.csv:13937 data 42409
    regex_detector_test.go:84: Expected label ZipCode, got  ([]), file ZipCode.csv:13938 data 42410
    regex_detector_test.go:84: Expected label ZipCode, got  ([]), file ZipCode.csv:13939 data 42411
    regex_detector_test.go:84: Expected label ZipCode, got  ([]), file ZipCode.csv:13940 data 42413
    regex_detector_test.go:84: Expected label ZipCode, got  ([]), file ZipCode.csv:13941 data 42420
    regex_detector_test.go:84: Expected label ZipCode, got  ([]), file ZipCode.csv:13942 data 42431
    regex_detector_test.go:84: Expected label ZipCode, got  ([]), file ZipCode.csv:13943 data 42436
    regex_detector_test.go:84: Expected label ZipCode, got  ([]), file ZipCode.csv:13944 data 42437
    regex_detector_test.go:84: Expected label ZipCode, got  ([]), file ZipCode.csv:13945 data 42440
    regex_detector_test.go:84: Expected label ZipCode, got  ([]), file ZipCode.csv:13946 data 42441
    regex_detector_test.go:84: Expected label ZipCode, got  ([]), file ZipCode.csv:13947 data 42442
    regex_detector_test.go:84: Expected label ZipCode, got  ([]), file ZipCode.csv:13948 data 42444
    regex_detector_test.go:84: Expected label ZipCode, got  ([]), file ZipCode.csv:13949 data 42445
    regex_detector_test.go:84: Expected label ZipCode, got  ([]), file ZipCode.csv:13950 data 42450
    regex_detector_test.go:84: Expected label ZipCode, got  ([]), file ZipCode.csv:13951 data 42451
    regex_detector_test.go:84: Expected label ZipCode, got  ([]), file ZipCode.csv:13952 data 42452
    regex_detector_test.go:84: Expected label ZipCode, got  ([]), file ZipCode.csv:13953 data 42453
    regex_detector_test.go:84: Expected label ZipCode, got  ([]), file ZipCode.csv:13954 data 42455
    regex_detector_test.go:84: Expected label ZipCode, got  ([]), file ZipCode.csv:13955 data 42456
    regex_detector_test.go:84: Expected label ZipCode, got  ([]), file ZipCode.csv:13956 data 42458
    regex_detector_test.go:84: Expected label ZipCode, got  ([]), file ZipCode.csv:13957 data 42459
    regex_detector_test.go:84: Expected label ZipCode, got  ([]), file ZipCode.csv:13958 data 42461
    regex_detector_test.go:84: Expected label ZipCode, got  ([]), file ZipCode.csv:13959 data 42462
    regex_detector_test.go:84: Expected label ZipCode, got  ([]), file ZipCode.csv:13960 data 42463
    regex_detector_test.go:84: Expected label ZipCode, got  ([]), file ZipCode.csv:13961 data 42464
    regex_detector_test.go:84: Expected label ZipCode, got  ([]), file ZipCode.csv:13962 data 42501
    regex_detector_test.go:84: Expected label ZipCode, got  ([]), file ZipCode.csv:13963 data 42503
    regex_detector_test.go:84: Expected label ZipCode, got  ([]), file ZipCode.csv:13964 data 42516
    regex_detector_test.go:84: Expected label ZipCode, got  ([]), file ZipCode.csv:13965 data 42518
    regex_detector_test.go:84: Expected label ZipCode, got  ([]), file ZipCode.csv:13966 data 42519
    regex_detector_test.go:84: Expected label ZipCode, got  ([]), file ZipCode.csv:13967 data 42528
    regex_detector_test.go:84: Expected label ZipCode, got  ([]), file ZipCode.csv:13968 data 42533
    regex_detector_test.go:84: Expected label ZipCode, got  ([]), file ZipCode.csv:13969 data 42539
    regex_detector_test.go:84: Expected label ZipCode, got  ([]), file ZipCode.csv:13970 data 42541
    regex_detector_test.go:84: Expected label ZipCode, got  ([]), file ZipCode.csv:13971 data 42544
    regex_detector_test.go:84: Expected label ZipCode, got  ([]), file ZipCode.csv:13972 data 42553
    regex_detector_test.go:84: Expected label ZipCode, got  ([]), file ZipCode.csv:13973 data 42565
    regex_detector_test.go:84: Expected label ZipCode, got  ([]), file ZipCode.csv:13974 data 42566
    regex_detector_test.go:84: Expected label ZipCode, got  ([]), file ZipCode.csv:13975 data 42567
    regex_detector_test.go:84: Expected label ZipCode, got  ([]), file ZipCode.csv:13976 data 42602
    regex_detector_test.go:84: Expected label ZipCode, got  ([]), file ZipCode.csv:13977 data 42603
    regex_detector_test.go:84: Expected label ZipCode, got  ([]), file ZipCode.csv:13978 data 42629
    regex_detector_test.go:84: Expected label ZipCode, got  ([]), file ZipCode.csv:13979 data 42631
    regex_detector_test.go:84: Expected label ZipCode, got  ([]), file ZipCode.csv:13980 data 42633
    regex_detector_test.go:84: Expected label ZipCode, got  ([]), file ZipCode.csv:13981 data 42634
    regex_detector_test.go:84: Expected label ZipCode, got  ([]), file ZipCode.csv:13982 data 42635
    regex_detector_test.go:84: Expected label ZipCode, got  ([]), file ZipCode.csv:13983 data 42638
    regex_detector_test.go:84: Expected label ZipCode, got  ([]), file ZipCode.csv:13984 data 42642
    regex_detector_test.go:84: Expected label ZipCode, got  ([]), file ZipCode.csv:13985 data 42647
    regex_detector_test.go:84: Expected label ZipCode, got  ([]), file ZipCode.csv:13986 data 42649
    regex_detector_test.go:84: Expected label ZipCode, got  ([]), file ZipCode.csv:13987 data 42653
    regex_detector_test.go:84: Expected label ZipCode, got  ([]), file ZipCode.csv:13988 data 42701
    regex_detector_test.go:84: Expected label ZipCode, got  ([]), file ZipCode.csv:13989 data 42712
    regex_detector_test.go:84: Expected label ZipCode, got  ([]), file ZipCode.csv:13990 data 42713
    regex_detector_test.go:84: Expected label ZipCode, got  ([]), file ZipCode.csv:13991 data 42715
    regex_detector_test.go:84: Expected label ZipCode, got  ([]), file ZipCode.csv:13992 data 42716
    regex_detector_test.go:84: Expected label ZipCode, got  ([]), file ZipCode.csv:13993 data 42717
    regex_detector_test.go:84: Expected label ZipCode, got  ([]), file ZipCode.csv:13994 data 42718
    regex_detector_test.go:84: Expected label ZipCode, got  ([]), file ZipCode.csv:13995 data 42721
    regex_detector_test.go:84: Expected label ZipCode, got  ([]), file ZipCode.csv:13996 data 42722
    regex_detector_test.go:84: Expected label ZipCode, got  ([]), file ZipCode.csv:13997 data 42724
    regex_detector_test.go:84: Expected label ZipCode, got  ([]), file ZipCode.csv:13998 data 42726
    regex_detector_test.go:84: Expected label ZipCode, got  ([]), file ZipCode.csv:13999 data 42728
    regex_detector_test.go:84: Expected label ZipCode, got  ([]), file ZipCode.csv:14000 data 42729
    regex_detector_test.go:84: Expected label ZipCode, got  ([]), file ZipCode.csv:14001 data 42732
    regex_detector_test.go:84: Expected label ZipCode, got  ([]), file ZipCode.csv:14002 data 42733
    regex_detector_test.go:84: Expected label ZipCode, got  ([]), file ZipCode.csv:14003 data 42740
    regex_detector_test.go:84: Expected label ZipCode, got  ([]), file ZipCode.csv:14004 data 42741
    regex_detector_test.go:84: Expected label ZipCode, got  ([]), file ZipCode.csv:14005 data 42742
    regex_detector_test.go:84: Expected label ZipCode, got  ([]), file ZipCode.csv:14006 data 42743
    regex_detector_test.go:84: Expected label ZipCode, got  ([]), file ZipCode.csv:14007 data 42746
    regex_detector_test.go:84: Expected label ZipCode, got  ([]), file ZipCode.csv:14008 data 42748
    regex_detector_test.go:84: Expected label ZipCode, got  ([]), file ZipCode.csv:14009 data 42749
    regex_detector_test.go:84: Expected label ZipCode, got  ([]), file ZipCode.csv:14010 data 42753
    regex_detector_test.go:84: Expected label ZipCode, got  ([]), file ZipCode.csv:14011 data 42754
    regex_detector_test.go:84: Expected label ZipCode, got  ([]), file ZipCode.csv:14012 data 42757
    regex_detector_test.go:84: Expected label ZipCode, got  ([]), file ZipCode.csv:14013 data 42758
    regex_detector_test.go:84: Expected label ZipCode, got  ([]), file ZipCode.csv:14014 data 42759
    regex_detector_test.go:84: Expected label ZipCode, got  ([]), file ZipCode.csv:14015 data 42762
    regex_detector_test.go:84: Expected label ZipCode, got  ([]), file ZipCode.csv:14016 data 42764
    regex_detector_test.go:84: Expected label ZipCode, got  ([]), file ZipCode.csv:14017 data 42765
    regex_detector_test.go:84: Expected label ZipCode, got  ([]), file ZipCode.csv:14018 data 42776
    regex_detector_test.go:84: Expected label ZipCode, got  ([]), file ZipCode.csv:14019 data 42782
    regex_detector_test.go:84: Expected label ZipCode, got  ([]), file ZipCode.csv:14020 data 42784
    regex_detector_test.go:84: Expected label ZipCode, got  ([]), file ZipCode.csv:14021 data 42788
    regex_detector_test.go:84: Expected label ZipCode, got  ([]), file ZipCode.csv:14022 data 43001
    regex_detector_test.go:84: Expected label ZipCode, got  ([]), file ZipCode.csv:14023 data 43002
    regex_detector_test.go:84: Expected label ZipCode, got  ([]), file ZipCode.csv:14024 data 43003
    regex_detector_test.go:84: Expected label ZipCode, got  ([]), file ZipCode.csv:14025 data 43004
    regex_detector_test.go:84: Expected label ZipCode, got  ([]), file ZipCode.csv:14026 data 43005
    regex_detector_test.go:84: Expected label ZipCode, got  ([]), file ZipCode.csv:14027 data 43006
    regex_detector_test.go:84: Expected label ZipCode, got  ([]), file ZipCode.csv:14028 data 43007
    regex_detector_test.go:84: Expected label ZipCode, got  ([]), file ZipCode.csv:14029 data 43008
    regex_detector_test.go:84: Expected label ZipCode, got  ([]), file ZipCode.csv:14030 data 43009
    regex_detector_test.go:84: Expected label ZipCode, got  ([]), file ZipCode.csv:14031 data 43010
    regex_detector_test.go:84: Expected label ZipCode, got  ([]), file ZipCode.csv:14032 data 43011
    regex_detector_test.go:84: Expected label ZipCode, got  ([]), file ZipCode.csv:14033 data 43013
    regex_detector_test.go:84: Expected label ZipCode, got  ([]), file ZipCode.csv:14034 data 43014
    regex_detector_test.go:84: Expected label ZipCode, got  ([]), file ZipCode.csv:14035 data 43015
    regex_detector_test.go:84: Expected label ZipCode, got  ([]), file ZipCode.csv:14036 data 43016
    regex_detector_test.go:84: Expected label ZipCode, got  ([]), file ZipCode.csv:14037 data 43017
    regex_detector_test.go:84: Expected label ZipCode, got  ([]), file ZipCode.csv:14038 data 43018
    regex_detector_test.go:84: Expected label ZipCode, got  ([]), file ZipCode.csv:14039 data 43019
    regex_detector_test.go:84: Expected label ZipCode, got  ([]), file ZipCode.csv:14040 data 43021
    regex_detector_test.go:84: Expected label ZipCode, got  ([]), file ZipCode.csv:14041 data 43022
    regex_detector_test.go:84: Expected label ZipCode, got  ([]), file ZipCode.csv:14042 data 43023
    regex_detector_test.go:84: Expected label ZipCode, got  ([]), file ZipCode.csv:14043 data 43025
    regex_detector_test.go:84: Expected label ZipCode, got  ([]), file ZipCode.csv:14044 data 43026
    regex_detector_test.go:84: Expected label ZipCode, got  ([]), file ZipCode.csv:14045 data 43027
    regex_detector_test.go:84: Expected label ZipCode, got  ([]), file ZipCode.csv:14046 data 43028
    regex_detector_test.go:84: Expected label ZipCode, got  ([]), file ZipCode.csv:14047 data 43029
    regex_detector_test.go:84: Expected label ZipCode, got  ([]), file ZipCode.csv:14048 data 43030
    regex_detector_test.go:84: Expected label ZipCode, got  ([]), file ZipCode.csv:14049 data 43031
    regex_detector_test.go:84: Expected label ZipCode, got  ([]), file ZipCode.csv:14050 data 43032
    regex_detector_test.go:84: Expected label ZipCode, got  ([]), file ZipCode.csv:14051 data 43033
    regex_detector_test.go:84: Expected label ZipCode, got  ([]), file ZipCode.csv:14052 data 43035
    regex_detector_test.go:84: Expected label ZipCode, got  ([]), file ZipCode.csv:14053 data 43036
    regex_detector_test.go:84: Expected label ZipCode, got  ([]), file ZipCode.csv:14054 data 43037
    regex_detector_test.go:84: Expected label ZipCode, got  ([]), file ZipCode.csv:14055 data 43040
    regex_detector_test.go:84: Expected label ZipCode, got  ([]), file ZipCode.csv:14056 data 43044
    regex_detector_test.go:84: Expected label ZipCode, got  ([]), file ZipCode.csv:14057 data 43045
    regex_detector_test.go:84: Expected label ZipCode, got  ([]), file ZipCode.csv:14058 data 43046
    regex_detector_test.go:84: Expected label ZipCode, got  ([]), file ZipCode.csv:14059 data 43047
    regex_detector_test.go:84: Expected label ZipCode, got  ([]), file ZipCode.csv:14060 data 43050
    regex_detector_test.go:84: Expected label ZipCode, got  ([]), file ZipCode.csv:14061 data 43054
    regex_detector_test.go:84: Expected label ZipCode, got  ([]), file ZipCode.csv:14062 data 43055
    regex_detector_test.go:84: Expected label ZipCode, got  ([]), file ZipCode.csv:14063 data 43056
    regex_detector_test.go:84: Expected label ZipCode, got  ([]), file ZipCode.csv:14064 data 43060
    regex_detector_test.go:84: Expected label ZipCode, got  ([]), file ZipCode.csv:14065 data 43061
    regex_detector_test.go:84: Expected label ZipCode, got  ([]), file ZipCode.csv:14066 data 43062
    regex_detector_test.go:84: Expected label ZipCode, got  ([]), file ZipCode.csv:14067 data 43064
    regex_detector_test.go:84: Expected label ZipCode, got  ([]), file ZipCode.csv:14068 data 43065
    regex_detector_test.go:84: Expected label ZipCode, got  ([]), file ZipCode.csv:14069 data 43066
    regex_detector_test.go:84: Expected label ZipCode, got  ([]), file ZipCode.csv:14070 data 43067
    regex_detector_test.go:84: Expected label ZipCode, got  ([]), file ZipCode.csv:14071 data 43068
    regex_detector_test.go:84: Expected label ZipCode, got  ([]), file ZipCode.csv:14072 data 43070
    regex_detector_test.go:84: Expected label ZipCode, got  ([]), file ZipCode.csv:14073 data 43071
    regex_detector_test.go:84: Expected label ZipCode, got  ([]), file ZipCode.csv:14074 data 43072
    regex_detector_test.go:84: Expected label ZipCode, got  ([]), file ZipCode.csv:14075 data 43074
    regex_detector_test.go:84: Expected label ZipCode, got  ([]), file ZipCode.csv:14076 data 43076
    regex_detector_test.go:84: Expected label ZipCode, got  ([]), file ZipCode.csv:14077 data 43077
    regex_detector_test.go:84: Expected label ZipCode, got  ([]), file ZipCode.csv:14078 data 43078
    regex_detector_test.go:84: Expected label ZipCode, got  ([]), file ZipCode.csv:14079 data 43080
    regex_detector_test.go:84: Expected label ZipCode, got  ([]), file ZipCode.csv:14080 data 43081
    regex_detector_test.go:84: Expected label ZipCode, got  ([]), file ZipCode.csv:14081 data 43082
    regex_detector_test.go:84: Expected label ZipCode, got  ([]), file ZipCode.csv:14082 data 43084
    regex_detector_test.go:84: Expected label ZipCode, got  ([]), file ZipCode.csv:14083 data 43085
    regex_detector_test.go:84: Expected label ZipCode, got  ([]), file ZipCode.csv:14084 data 43101
    regex_detector_test.go:84: Expected label ZipCode, got  ([]), file ZipCode.csv:14085 data 43102
    regex_detector_test.go:84: Expected label ZipCode, got  ([]), file ZipCode.csv:14086 data 43103
    regex_detector_test.go:84: Expected label ZipCode, got  ([]), file ZipCode.csv:14087 data 43105
    regex_detector_test.go:84: Expected label ZipCode, got  ([]), file ZipCode.csv:14088 data 43106
    regex_detector_test.go:84: Expected label ZipCode, got  ([]), file ZipCode.csv:14089 data 43107
    regex_detector_test.go:84: Expected label ZipCode, got  ([]), file ZipCode.csv:14090 data 43109
    regex_detector_test.go:84: Expected label ZipCode, got  ([]), file ZipCode.csv:14091 data 43110
    regex_detector_test.go:84: Expected label ZipCode, got  ([]), file ZipCode.csv:14092 data 43111
    regex_detector_test.go:84: Expected label ZipCode, got  ([]), file ZipCode.csv:14093 data 43112
    regex_detector_test.go:84: Expected label ZipCode, got  ([]), file ZipCode.csv:14094 data 43113
    regex_detector_test.go:84: Expected label ZipCode, got  ([]), file ZipCode.csv:14095 data 43115
    regex_detector_test.go:84: Expected label ZipCode, got  ([]), file ZipCode.csv:14096 data 43116
    regex_detector_test.go:84: Expected label ZipCode, got  ([]), file ZipCode.csv:14097 data 43117
    regex_detector_test.go:84: Expected label ZipCode, got  ([]), file ZipCode.csv:14098 data 43119
    regex_detector_test.go:84: Expected label ZipCode, got  ([]), file ZipCode.csv:14099 data 43123
    regex_detector_test.go:84: Expected label ZipCode, got  ([]), file ZipCode.csv:14100 data 43125
    regex_detector_test.go:84: Expected label ZipCode, got  ([]), file ZipCode.csv:14101 data 43126
    regex_detector_test.go:84: Expected label ZipCode, got  ([]), file ZipCode.csv:14102 data 43127
    regex_detector_test.go:84: Expected label ZipCode, got  ([]), file ZipCode.csv:14103 data 43128
    regex_detector_test.go:84: Expected label ZipCode, got  ([]), file ZipCode.csv:14104 data 43130
    regex_detector_test.go:84: Expected label ZipCode, got  ([]), file ZipCode.csv:14105 data 43135
    regex_detector_test.go:84: Expected label ZipCode, got  ([]), file ZipCode.csv:14106 data 43136
    regex_detector_test.go:84: Expected label ZipCode, got  ([]), file ZipCode.csv:14107 data 43137
    regex_detector_test.go:84: Expected label ZipCode, got  ([]), file ZipCode.csv:14108 data 43138
    regex_detector_test.go:84: Expected label ZipCode, got  ([]), file ZipCode.csv:14109 data 43140
    regex_detector_test.go:84: Expected label ZipCode, got  ([]), file ZipCode.csv:14110 data 43142
    regex_detector_test.go:84: Expected label ZipCode, got  ([]), file ZipCode.csv:14111 data 43143
    regex_detector_test.go:84: Expected label ZipCode, got  ([]), file ZipCode.csv:14112 data 43144
    regex_detector_test.go:84: Expected label ZipCode, got  ([]), file ZipCode.csv:14113 data 43145
    regex_detector_test.go:84: Expected label ZipCode, got  ([]), file ZipCode.csv:14114 data 43146
    regex_detector_test.go:84: Expected label ZipCode, got  ([]), file ZipCode.csv:14115 data 43147
    regex_detector_test.go:84: Expected label ZipCode, got  ([]), file ZipCode.csv:14116 data 43148
    regex_detector_test.go:84: Expected label ZipCode, got  ([]), file ZipCode.csv:14117 data 43149
    regex_detector_test.go:84: Expected label ZipCode, got  ([]), file ZipCode.csv:14118 data 43150
    regex_detector_test.go:84: Expected label ZipCode, got  ([]), file ZipCode.csv:14119 data 43151
    regex_detector_test.go:84: Expected label ZipCode, got  ([]), file ZipCode.csv:14120 data 43152
    regex_detector_test.go:84: Expected label ZipCode, got  ([]), file ZipCode.csv:14121 data 43153
    regex_detector_test.go:84: Expected label ZipCode, got  ([]), file ZipCode.csv:14122 data 43154
    regex_detector_test.go:84: Expected label ZipCode, got  ([]), file ZipCode.csv:14123 data 43155
    regex_detector_test.go:84: Expected label ZipCode, got  ([]), file ZipCode.csv:14124 data 43156
    regex_detector_test.go:84: Expected label ZipCode, got  ([]), file ZipCode.csv:14125 data 43157
    regex_detector_test.go:84: Expected label ZipCode, got  ([]), file ZipCode.csv:14126 data 43158
    regex_detector_test.go:84: Expected label ZipCode, got  ([]), file ZipCode.csv:14127 data 43160
    regex_detector_test.go:84: Expected label ZipCode, got  ([]), file ZipCode.csv:14128 data 43162
    regex_detector_test.go:84: Expected label ZipCode, got  ([]), file ZipCode.csv:14129 data 43164
    regex_detector_test.go:84: Expected label ZipCode, got  ([]), file ZipCode.csv:14130 data 43201
    regex_detector_test.go:84: Expected label ZipCode, got  ([]), file ZipCode.csv:14131 data 43202
    regex_detector_test.go:84: Expected label ZipCode, got  ([]), file ZipCode.csv:14132 data 43203
    regex_detector_test.go:84: Expected label ZipCode, got  ([]), file ZipCode.csv:14133 data 43204
    regex_detector_test.go:84: Expected label ZipCode, got  ([]), file ZipCode.csv:14134 data 43205
    regex_detector_test.go:84: Expected label ZipCode, got  ([]), file ZipCode.csv:14135 data 43206
    regex_detector_test.go:84: Expected label ZipCode, got  ([]), file ZipCode.csv:14136 data 43207
    regex_detector_test.go:84: Expected label ZipCode, got  ([]), file ZipCode.csv:14137 data 43209
    regex_detector_test.go:84: Expected label ZipCode, got  ([]), file ZipCode.csv:14138 data 43210
    regex_detector_test.go:84: Expected label ZipCode, got  ([]), file ZipCode.csv:14139 data 43211
    regex_detector_test.go:84: Expected label ZipCode, got  ([]), file ZipCode.csv:14140 data 43212
    regex_detector_test.go:84: Expected label ZipCode, got  ([]), file ZipCode.csv:14141 data 43213
    regex_detector_test.go:84: Expected label ZipCode, got  ([]), file ZipCode.csv:14142 data 43214
    regex_detector_test.go:84: Expected label ZipCode, got  ([]), file ZipCode.csv:14143 data 43215
    regex_detector_test.go:84: Expected label ZipCode, got  ([]), file ZipCode.csv:14144 data 43217
    regex_detector_test.go:84: Expected label ZipCode, got  ([]), file ZipCode.csv:14145 data 43218
    regex_detector_test.go:84: Expected label ZipCode, got  ([]), file ZipCode.csv:14146 data 43219
    regex_detector_test.go:84: Expected label ZipCode, got  ([]), file ZipCode.csv:14147 data 43220
    regex_detector_test.go:84: Expected label ZipCode, got  ([]), file ZipCode.csv:14148 data 43221
    regex_detector_test.go:84: Expected label ZipCode, got  ([]), file ZipCode.csv:14149 data 43222
    regex_detector_test.go:84: Expected label ZipCode, got  ([]), file ZipCode.csv:14150 data 43223
    regex_detector_test.go:84: Expected label ZipCode, got  ([]), file ZipCode.csv:14151 data 43224
    regex_detector_test.go:84: Expected label ZipCode, got  ([]), file ZipCode.csv:14152 data 43227
    regex_detector_test.go:84: Expected label ZipCode, got  ([]), file ZipCode.csv:14153 data 43228
    regex_detector_test.go:84: Expected label ZipCode, got  ([]), file ZipCode.csv:14154 data 43229
    regex_detector_test.go:84: Expected label ZipCode, got  ([]), file ZipCode.csv:14155 data 43230
    regex_detector_test.go:84: Expected label ZipCode, got  ([]), file ZipCode.csv:14156 data 43231
    regex_detector_test.go:84: Expected label ZipCode, got  ([]), file ZipCode.csv:14157 data 43232
    regex_detector_test.go:84: Expected label ZipCode, got  ([]), file ZipCode.csv:14158 data 43235
    regex_detector_test.go:84: Expected label ZipCode, got  ([]), file ZipCode.csv:14159 data 43240
    regex_detector_test.go:84: Expected label ZipCode, got  ([]), file ZipCode.csv:14160 data 43302
    regex_detector_test.go:84: Expected label ZipCode, got  ([]), file ZipCode.csv:14161 data 43310
    regex_detector_test.go:84: Expected label ZipCode, got  ([]), file ZipCode.csv:14162 data 43311
    regex_detector_test.go:84: Expected label ZipCode, got  ([]), file ZipCode.csv:14163 data 43314
    regex_detector_test.go:84: Expected label ZipCode, got  ([]), file ZipCode.csv:14164 data 43315
    regex_detector_test.go:84: Expected label ZipCode, got  ([]), file ZipCode.csv:14165 data 43316
    regex_detector_test.go:84: Expected label ZipCode, got  ([]), file ZipCode.csv:14166 data 43317
    regex_detector_test.go:84: Expected label ZipCode, got  ([]), file ZipCode.csv:14167 data 43318
    regex_detector_test.go:84: Expected label ZipCode, got  ([]), file ZipCode.csv:14168 data 43319
    regex_detector_test.go:84: Expected label ZipCode, got  ([]), file ZipCode.csv:14169 data 43320
    regex_detector_test.go:84: Expected label ZipCode, got  ([]), file ZipCode.csv:14170 data 43321
    regex_detector_test.go:84: Expected label ZipCode, got  ([]), file ZipCode.csv:14171 data 43322
    regex_detector_test.go:84: Expected label ZipCode, got  ([]), file ZipCode.csv:14172 data 43323
    regex_detector_test.go:84: Expected label ZipCode, got  ([]), file ZipCode.csv:14173 data 43324
    regex_detector_test.go:84: Expected label ZipCode, got  ([]), file ZipCode.csv:14174 data 43325
    regex_detector_test.go:84: Expected label ZipCode, got  ([]), file ZipCode.csv:14175 data 43326
    regex_detector_test.go:84: Expected label ZipCode, got  ([]), file ZipCode.csv:14176 data 43330
    regex_detector_test.go:84: Expected label ZipCode, got  ([]), file ZipCode.csv:14177 data 43331
    regex_detector_test.go:84: Expected label ZipCode, got  ([]), file ZipCode.csv:14178 data 43332
    regex_detector_test.go:84: Expected label ZipCode, got  ([]), file ZipCode.csv:14179 data 43333
    regex_detector_test.go:84: Expected label ZipCode, got  ([]), file ZipCode.csv:14180 data 43334
    regex_detector_test.go:84: Expected label ZipCode, got  ([]), file ZipCode.csv:14181 data 43336
    regex_detector_test.go:84: Expected label ZipCode, got  ([]), file ZipCode.csv:14182 data 43337
    regex_detector_test.go:84: Expected label ZipCode, got  ([]), file ZipCode.csv:14183 data 43338
    regex_detector_test.go:84: Expected label ZipCode, got  ([]), file ZipCode.csv:14184 data 43340
    regex_detector_test.go:84: Expected label ZipCode, got  ([]), file ZipCode.csv:14185 data 43341
    regex_detector_test.go:84: Expected label ZipCode, got  ([]), file ZipCode.csv:14186 data 43342
    regex_detector_test.go:84: Expected label ZipCode, got  ([]), file ZipCode.csv:14187 data 43343
    regex_detector_test.go:84: Expected label ZipCode, got  ([]), file ZipCode.csv:14188 data 43344
    regex_detector_test.go:84: Expected label ZipCode, got  ([]), file ZipCode.csv:14189 data 43345
    regex_detector_test.go:84: Expected label ZipCode, got  ([]), file ZipCode.csv:14190 data 43346
    regex_detector_test.go:84: Expected label ZipCode, got  ([]), file ZipCode.csv:14191 data 43347
    regex_detector_test.go:84: Expected label ZipCode, got  ([]), file ZipCode.csv:14192 data 43348
    regex_detector_test.go:84: Expected label ZipCode, got  ([]), file ZipCode.csv:14193 data 43350
    regex_detector_test.go:84: Expected label ZipCode, got  ([]), file ZipCode.csv:14194 data 43351
    regex_detector_test.go:84: Expected label ZipCode, got  ([]), file ZipCode.csv:14195 data 43356
    regex_detector_test.go:84: Expected label ZipCode, got  ([]), file ZipCode.csv:14196 data 43357
    regex_detector_test.go:84: Expected label ZipCode, got  ([]), file ZipCode.csv:14197 data 43358
    regex_detector_test.go:84: Expected label ZipCode, got  ([]), file ZipCode.csv:14198 data 43359
    regex_detector_test.go:84: Expected label ZipCode, got  ([]), file ZipCode.csv:14199 data 43360
    regex_detector_test.go:84: Expected label ZipCode, got  ([]), file ZipCode.csv:14200 data 43402
    regex_detector_test.go:84: Expected label ZipCode, got  ([]), file ZipCode.csv:14201 data 43403
    regex_detector_test.go:84: Expected label ZipCode, got  ([]), file ZipCode.csv:14202 data 43406
    regex_detector_test.go:84: Expected label ZipCode, got  ([]), file ZipCode.csv:14203 data 43407
    regex_detector_test.go:84: Expected label ZipCode, got  ([]), file ZipCode.csv:14204 data 43408
    regex_detector_test.go:84: Expected label ZipCode, got  ([]), file ZipCode.csv:14205 data 43410
    regex_detector_test.go:84: Expected label ZipCode, got  ([]), file ZipCode.csv:14206 data 43412
    regex_detector_test.go:84: Expected label ZipCode, got  ([]), file ZipCode.csv:14207 data 43413
    regex_detector_test.go:84: Expected label ZipCode, got  ([]), file ZipCode.csv:14208 data 43414
    regex_detector_test.go:84: Expected label ZipCode, got  ([]), file ZipCode.csv:14209 data 43416
    regex_detector_test.go:84: Expected label ZipCode, got  ([]), file ZipCode.csv:14210 data 43420
    regex_detector_test.go:84: Expected label ZipCode, got  ([]), file ZipCode.csv:14211 data 43430
    regex_detector_test.go:84: Expected label ZipCode, got  ([]), file ZipCode.csv:14212 data 43431
    regex_detector_test.go:84: Expected label ZipCode, got  ([]), file ZipCode.csv:14213 data 43432
    regex_detector_test.go:84: Expected label ZipCode, got  ([]), file ZipCode.csv:14214 data 43433
    regex_detector_test.go:84: Expected label ZipCode, got  ([]), file ZipCode.csv:14215 data 43434
    regex_detector_test.go:84: Expected label ZipCode, got  ([]), file ZipCode.csv:14216 data 43435
    regex_detector_test.go:84: Expected label ZipCode, got  ([]), file ZipCode.csv:14217 data 43436
    regex_detector_test.go:84: Expected label ZipCode, got  ([]), file ZipCode.csv:14218 data 43437
    regex_detector_test.go:84: Expected label ZipCode, got  ([]), file ZipCode.csv:14219 data 43438
    regex_detector_test.go:84: Expected label ZipCode, got  ([]), file ZipCode.csv:14220 data 43439
    regex_detector_test.go:84: Expected label ZipCode, got  ([]), file ZipCode.csv:14221 data 43440
    regex_detector_test.go:84: Expected label ZipCode, got  ([]), file ZipCode.csv:14222 data 43442
    regex_detector_test.go:84: Expected label ZipCode, got  ([]), file ZipCode.csv:14223 data 43443
    regex_detector_test.go:84: Expected label ZipCode, got  ([]), file ZipCode.csv:14224 data 43445
    regex_detector_test.go:84: Expected label ZipCode, got  ([]), file ZipCode.csv:14225 data 43446
    regex_detector_test.go:84: Expected label ZipCode, got  ([]), file ZipCode.csv:14226 data 43447
    regex_detector_test.go:84: Expected label ZipCode, got  ([]), file ZipCode.csv:14227 data 43449
    regex_detector_test.go:84: Expected label ZipCode, got  ([]), file ZipCode.csv:14228 data 43450
    regex_detector_test.go:84: Expected label ZipCode, got  ([]), file ZipCode.csv:14229 data 43451
    regex_detector_test.go:84: Expected label ZipCode, got  ([]), file ZipCode.csv:14230 data 43452
    regex_detector_test.go:84: Expected label ZipCode, got  ([]), file ZipCode.csv:14231 data 43456
    regex_detector_test.go:84: Expected label ZipCode, got  ([]), file ZipCode.csv:14232 data 43457
    regex_detector_test.go:84: Expected label ZipCode, got  ([]), file ZipCode.csv:14233 data 43458
    regex_detector_test.go:84: Expected label ZipCode, got  ([]), file ZipCode.csv:14234 data 43460
    regex_detector_test.go:84: Expected label ZipCode, got  ([]), file ZipCode.csv:14235 data 43462
    regex_detector_test.go:84: Expected label ZipCode, got  ([]), file ZipCode.csv:14236 data 43463
    regex_detector_test.go:84: Expected label ZipCode, got  ([]), file ZipCode.csv:14237 data 43464
    regex_detector_test.go:84: Expected label ZipCode, got  ([]), file ZipCode.csv:14238 data 43465
    regex_detector_test.go:84: Expected label ZipCode, got  ([]), file ZipCode.csv:14239 data 43466
    regex_detector_test.go:84: Expected label ZipCode, got  ([]), file ZipCode.csv:14240 data 43467
    regex_detector_test.go:84: Expected label ZipCode, got  ([]), file ZipCode.csv:14241 data 43468
    regex_detector_test.go:84: Expected label ZipCode, got  ([]), file ZipCode.csv:14242 data 43469
    regex_detector_test.go:84: Expected label ZipCode, got  ([]), file ZipCode.csv:14243 data 43501
    regex_detector_test.go:84: Expected label ZipCode, got  ([]), file ZipCode.csv:14244 data 43502
    regex_detector_test.go:84: Expected label ZipCode, got  ([]), file ZipCode.csv:14245 data 43504
    regex_detector_test.go:84: Expected label ZipCode, got  ([]), file ZipCode.csv:14246 data 43505
    regex_detector_test.go:84: Expected label ZipCode, got  ([]), file ZipCode.csv:14247 data 43506
    regex_detector_test.go:84: Expected label ZipCode, got  ([]), file ZipCode.csv:14248 data 43510
    regex_detector_test.go:84: Expected label ZipCode, got  ([]), file ZipCode.csv:14249 data 43511
    regex_detector_test.go:84: Expected label ZipCode, got  ([]), file ZipCode.csv:14250 data 43512
    regex_detector_test.go:84: Expected label ZipCode, got  ([]), file ZipCode.csv:14251 data 43515
    regex_detector_test.go:84: Expected label ZipCode, got  ([]), file ZipCode.csv:14252 data 43516
    regex_detector_test.go:84: Expected label ZipCode, got  ([]), file ZipCode.csv:14253 data 43517
    regex_detector_test.go:84: Expected label ZipCode, got  ([]), file ZipCode.csv:14254 data 43518
    regex_detector_test.go:84: Expected label ZipCode, got  ([]), file ZipCode.csv:14255 data 43519
    regex_detector_test.go:84: Expected label ZipCode, got  ([]), file ZipCode.csv:14256 data 43520
    regex_detector_test.go:84: Expected label ZipCode, got  ([]), file ZipCode.csv:14257 data 43521
    regex_detector_test.go:84: Expected label ZipCode, got  ([]), file ZipCode.csv:14258 data 43522
    regex_detector_test.go:84: Expected label ZipCode, got  ([]), file ZipCode.csv:14259 data 43523
    regex_detector_test.go:84: Expected label ZipCode, got  ([]), file ZipCode.csv:14260 data 43524
    regex_detector_test.go:84: Expected label ZipCode, got  ([]), file ZipCode.csv:14261 data 43525
    regex_detector_test.go:84: Expected label ZipCode, got  ([]), file ZipCode.csv:14262 data 43526
    regex_detector_test.go:84: Expected label ZipCode, got  ([]), file ZipCode.csv:14263 data 43527
    regex_detector_test.go:84: Expected label ZipCode, got  ([]), file ZipCode.csv:14264 data 43528
    regex_detector_test.go:84: Expected label ZipCode, got  ([]), file ZipCode.csv:14265 data 43529
    regex_detector_test.go:84: Expected label ZipCode, got  ([]), file ZipCode.csv:14266 data 43530
    regex_detector_test.go:84: Expected label ZipCode, got  ([]), file ZipCode.csv:14267 data 43531
    regex_detector_test.go:84: Expected label ZipCode, got  ([]), file ZipCode.csv:14268 data 43532
    regex_detector_test.go:84: Expected label ZipCode, got  ([]), file ZipCode.csv:14269 data 43533
    regex_detector_test.go:84: Expected label ZipCode, got  ([]), file ZipCode.csv:14270 data 43534
    regex_detector_test.go:84: Expected label ZipCode, got  ([]), file ZipCode.csv:14271 data 43535
    regex_detector_test.go:84: Expected label ZipCode, got  ([]), file ZipCode.csv:14272 data 43536
    regex_detector_test.go:84: Expected label ZipCode, got  ([]), file ZipCode.csv:14273 data 43537
    regex_detector_test.go:84: Expected label ZipCode, got  ([]), file ZipCode.csv:14274 data 43540
    regex_detector_test.go:84: Expected label ZipCode, got  ([]), file ZipCode.csv:14275 data 43541
    regex_detector_test.go:84: Expected label ZipCode, got  ([]), file ZipCode.csv:14276 data 43542
    regex_detector_test.go:84: Expected label ZipCode, got  ([]), file ZipCode.csv:14277 data 43543
    regex_detector_test.go:84: Expected label ZipCode, got  ([]), file ZipCode.csv:14278 data 43545
    regex_detector_test.go:84: Expected label ZipCode, got  ([]), file ZipCode.csv:14279 data 43547
    regex_detector_test.go:84: Expected label ZipCode, got  ([]), file ZipCode.csv:14280 data 43548
    regex_detector_test.go:84: Expected label ZipCode, got  ([]), file ZipCode.csv:14281 data 43549
    regex_detector_test.go:84: Expected label ZipCode, got  ([]), file ZipCode.csv:14282 data 43551
    regex_detector_test.go:84: Expected label ZipCode, got  ([]), file ZipCode.csv:14283 data 43553
    regex_detector_test.go:84: Expected label ZipCode, got  ([]), file ZipCode.csv:14284 data 43554
    regex_detector_test.go:84: Expected label ZipCode, got  ([]), file ZipCode.csv:14285 data 43555
    regex_detector_test.go:84: Expected label ZipCode, got  ([]), file ZipCode.csv:14286 data 43556
    regex_detector_test.go:84: Expected label ZipCode, got  ([]), file ZipCode.csv:14287 data 43557
    regex_detector_test.go:84: Expected label ZipCode, got  ([]), file ZipCode.csv:14288 data 43558
    regex_detector_test.go:84: Expected label ZipCode, got  ([]), file ZipCode.csv:14289 data 43560
    regex_detector_test.go:84: Expected label ZipCode, got  ([]), file ZipCode.csv:14290 data 43565
    regex_detector_test.go:84: Expected label ZipCode, got  ([]), file ZipCode.csv:14291 data 43566
    regex_detector_test.go:84: Expected label ZipCode, got  ([]), file ZipCode.csv:14292 data 43567
    regex_detector_test.go:84: Expected label ZipCode, got  ([]), file ZipCode.csv:14293 data 43569
    regex_detector_test.go:84: Expected label ZipCode, got  ([]), file ZipCode.csv:14294 data 43570
    regex_detector_test.go:84: Expected label ZipCode, got  ([]), file ZipCode.csv:14295 data 43571
    regex_detector_test.go:84: Expected label ZipCode, got  ([]), file ZipCode.csv:14296 data 43604
    regex_detector_test.go:84: Expected label ZipCode, got  ([]), file ZipCode.csv:14297 data 43605
    regex_detector_test.go:84: Expected label ZipCode, got  ([]), file ZipCode.csv:14298 data 43606
    regex_detector_test.go:84: Expected label ZipCode, got  ([]), file ZipCode.csv:14299 data 43607
    regex_detector_test.go:84: Expected label ZipCode, got  ([]), file ZipCode.csv:14300 data 43608
    regex_detector_test.go:84: Expected label ZipCode, got  ([]), file ZipCode.csv:14301 data 43609
    regex_detector_test.go:84: Expected label ZipCode, got  ([]), file ZipCode.csv:14302 data 43610
    regex_detector_test.go:84: Expected label ZipCode, got  ([]), file ZipCode.csv:14303 data 43611
    regex_detector_test.go:84: Expected label ZipCode, got  ([]), file ZipCode.csv:14304 data 43612
    regex_detector_test.go:84: Expected label ZipCode, got  ([]), file ZipCode.csv:14305 data 43613
    regex_detector_test.go:84: Expected label ZipCode, got  ([]), file ZipCode.csv:14306 data 43614
    regex_detector_test.go:84: Expected label ZipCode, got  ([]), file ZipCode.csv:14307 data 43615
    regex_detector_test.go:84: Expected label ZipCode, got  ([]), file ZipCode.csv:14308 data 43616
    regex_detector_test.go:84: Expected label ZipCode, got  ([]), file ZipCode.csv:14309 data 43617
    regex_detector_test.go:84: Expected label ZipCode, got  ([]), file ZipCode.csv:14310 data 43619
    regex_detector_test.go:84: Expected label ZipCode, got  ([]), file ZipCode.csv:14311 data 43620
    regex_detector_test.go:84: Expected label ZipCode, got  ([]), file ZipCode.csv:14312 data 43623
    regex_detector_test.go:84: Expected label ZipCode, got  ([]), file ZipCode.csv:14313 data 43701
    regex_detector_test.go:84: Expected label ZipCode, got  ([]), file ZipCode.csv:14314 data 43711
    regex_detector_test.go:84: Expected label ZipCode, got  ([]), file ZipCode.csv:14315 data 43713
    regex_detector_test.go:84: Expected label ZipCode, got  ([]), file ZipCode.csv:14316 data 43716
    regex_detector_test.go:84: Expected label ZipCode, got  ([]), file ZipCode.csv:14317 data 43717
    regex_detector_test.go:84: Expected label ZipCode, got  ([]), file ZipCode.csv:14318 data 43718
    regex_detector_test.go:84: Expected label ZipCode, got  ([]), file ZipCode.csv:14319 data 43719
    regex_detector_test.go:84: Expected label ZipCode, got  ([]), file ZipCode.csv:14320 data 43720
    regex_detector_test.go:84: Expected label ZipCode, got  ([]), file ZipCode.csv:14321 data 43721
    regex_detector_test.go:84: Expected label ZipCode, got  ([]), file ZipCode.csv:14322 data 43722
    regex_detector_test.go:84: Expected label ZipCode, got  ([]), file ZipCode.csv:14323 data 43723
    regex_detector_test.go:84: Expected label ZipCode, got  ([]), file ZipCode.csv:14324 data 43724
    regex_detector_test.go:84: Expected label ZipCode, got  ([]), file ZipCode.csv:14325 data 43725
    regex_detector_test.go:84: Expected label ZipCode, got  ([]), file ZipCode.csv:14326 data 43727
    regex_detector_test.go:84: Expected label ZipCode, got  ([]), file ZipCode.csv:14327 data 43728
    regex_detector_test.go:84: Expected label ZipCode, got  ([]), file ZipCode.csv:14328 data 43730
    regex_detector_test.go:84: Expected label ZipCode, got  ([]), file ZipCode.csv:14329 data 43731
    regex_detector_test.go:84: Expected label ZipCode, got  ([]), file ZipCode.csv:14330 data 43732
    regex_detector_test.go:84: Expected label ZipCode, got  ([]), file ZipCode.csv:14331 data 43733
    regex_detector_test.go:84: Expected label ZipCode, got  ([]), file ZipCode.csv:14332 data 43734
    regex_detector_test.go:84: Expected label ZipCode, got  ([]), file ZipCode.csv:14333 data 43735
    regex_detector_test.go:84: Expected label ZipCode, got  ([]), file ZipCode.csv:14334 data 43736
    regex_detector_test.go:84: Expected label ZipCode, got  ([]), file ZipCode.csv:14335 data 43738
    regex_detector_test.go:84: Expected label ZipCode, got  ([]), file ZipCode.csv:14336 data 43739
    regex_detector_test.go:84: Expected label ZipCode, got  ([]), file ZipCode.csv:14337 data 43740
    regex_detector_test.go:84: Expected label ZipCode, got  ([]), file ZipCode.csv:14338 data 43746
    regex_detector_test.go:84: Expected label ZipCode, got  ([]), file ZipCode.csv:14339 data 43747
    regex_detector_test.go:84: Expected label ZipCode, got  ([]), file ZipCode.csv:14340 data 43748
    regex_detector_test.go:84: Expected label ZipCode, got  ([]), file ZipCode.csv:14341 data 43749
    regex_detector_test.go:84: Expected label ZipCode, got  ([]), file ZipCode.csv:14342 data 43750
    regex_detector_test.go:84: Expected label ZipCode, got  ([]), file ZipCode.csv:14343 data 43754
    regex_detector_test.go:84: Expected label ZipCode, got  ([]), file ZipCode.csv:14344 data 43755
    regex_detector_test.go:84: Expected label ZipCode, got  ([]), file ZipCode.csv:14345 data 43756
    regex_detector_test.go:84: Expected label ZipCode, got  ([]), file ZipCode.csv:14346 data 43758
    regex_detector_test.go:84: Expected label ZipCode, got  ([]), file ZipCode.csv:14347 data 43759
    regex_detector_test.go:84: Expected label ZipCode, got  ([]), file ZipCode.csv:14348 data 43760
    regex_detector_test.go:84: Expected label ZipCode, got  ([]), file ZipCode.csv:14349 data 43761
    regex_detector_test.go:84: Expected label ZipCode, got  ([]), file ZipCode.csv:14350 data 43762
    regex_detector_test.go:84: Expected label ZipCode, got  ([]), file ZipCode.csv:14351 data 43764
    regex_detector_test.go:84: Expected label ZipCode, got  ([]), file ZipCode.csv:14352 data 43766
    regex_detector_test.go:84: Expected label ZipCode, got  ([]), file ZipCode.csv:14353 data 43767
    regex_detector_test.go:84: Expected label ZipCode, got  ([]), file ZipCode.csv:14354 data 43768
    regex_detector_test.go:84: Expected label ZipCode, got  ([]), file ZipCode.csv:14355 data 43771
    regex_detector_test.go:84: Expected label ZipCode, got  ([]), file ZipCode.csv:14356 data 43772
    regex_detector_test.go:84: Expected label ZipCode, got  ([]), file ZipCode.csv:14357 data 43773
    regex_detector_test.go:84: Expected label ZipCode, got  ([]), file ZipCode.csv:14358 data 43777
    regex_detector_test.go:84: Expected label ZipCode, got  ([]), file ZipCode.csv:14359 data 43778
    regex_detector_test.go:84: Expected label ZipCode, got  ([]), file ZipCode.csv:14360 data 43779
    regex_detector_test.go:84: Expected label ZipCode, got  ([]), file ZipCode.csv:14361 data 43780
    regex_detector_test.go:84: Expected label ZipCode, got  ([]), file ZipCode.csv:14362 data 43782
    regex_detector_test.go:84: Expected label ZipCode, got  ([]), file ZipCode.csv:14363 data 43783
    regex_detector_test.go:84: Expected label ZipCode, got  ([]), file ZipCode.csv:14364 data 43786
    regex_detector_test.go:84: Expected label ZipCode, got  ([]), file ZipCode.csv:14365 data 43787
    regex_detector_test.go:84: Expected label ZipCode, got  ([]), file ZipCode.csv:14366 data 43788
    regex_detector_test.go:84: Expected label ZipCode, got  ([]), file ZipCode.csv:14367 data 43791
    regex_detector_test.go:84: Expected label ZipCode, got  ([]), file ZipCode.csv:14368 data 43793
    regex_detector_test.go:84: Expected label ZipCode, got  ([]), file ZipCode.csv:14369 data 43802
    regex_detector_test.go:84: Expected label ZipCode, got  ([]), file ZipCode.csv:14370 data 43804
    regex_detector_test.go:84: Expected label ZipCode, got  ([]), file ZipCode.csv:14371 data 43805
    regex_detector_test.go:84: Expected label ZipCode, got  ([]), file ZipCode.csv:14372 data 43811
    regex_detector_test.go:84: Expected label ZipCode, got  ([]), file ZipCode.csv:14373 data 43812
    regex_detector_test.go:84: Expected label ZipCode, got  ([]), file ZipCode.csv:14374 data 43821
    regex_detector_test.go:84: Expected label ZipCode, got  ([]), file ZipCode.csv:14375 data 43822
    regex_detector_test.go:84: Expected label ZipCode, got  ([]), file ZipCode.csv:14376 data 43824
    regex_detector_test.go:84: Expected label ZipCode, got  ([]), file ZipCode.csv:14377 data 43830
    regex_detector_test.go:84: Expected label ZipCode, got  ([]), file ZipCode.csv:14378 data 43832
    regex_detector_test.go:84: Expected label ZipCode, got  ([]), file ZipCode.csv:14379 data 43836
    regex_detector_test.go:84: Expected label ZipCode, got  ([]), file ZipCode.csv:14380 data 43837
    regex_detector_test.go:84: Expected label ZipCode, got  ([]), file ZipCode.csv:14381 data 43840
    regex_detector_test.go:84: Expected label ZipCode, got  ([]), file ZipCode.csv:14382 data 43842
    regex_detector_test.go:84: Expected label ZipCode, got  ([]), file ZipCode.csv:14383 data 43843
    regex_detector_test.go:84: Expected label ZipCode, got  ([]), file ZipCode.csv:14384 data 43844
    regex_detector_test.go:84: Expected label ZipCode, got  ([]), file ZipCode.csv:14385 data 43845
    regex_detector_test.go:84: Expected label ZipCode, got  ([]), file ZipCode.csv:14386 data 43901
    regex_detector_test.go:84: Expected label ZipCode, got  ([]), file ZipCode.csv:14387 data 43902
    regex_detector_test.go:84: Expected label ZipCode, got  ([]), file ZipCode.csv:14388 data 43903
    regex_detector_test.go:84: Expected label ZipCode, got  ([]), file ZipCode.csv:14389 data 43905
    regex_detector_test.go:84: Expected label ZipCode, got  ([]), file ZipCode.csv:14390 data 43906
    regex_detector_test.go:84: Expected label ZipCode, got  ([]), file ZipCode.csv:14391 data 43907
    regex_detector_test.go:84: Expected label ZipCode, got  ([]), file ZipCode.csv:14392 data 43908
    regex_detector_test.go:84: Expected label ZipCode, got  ([]), file ZipCode.csv:14393 data 43909
    regex_detector_test.go:84: Expected label ZipCode, got  ([]), file ZipCode.csv:14394 data 43910
    regex_detector_test.go:84: Expected label ZipCode, got  ([]), file ZipCode.csv:14395 data 43912
    regex_detector_test.go:84: Expected label ZipCode, got  ([]), file ZipCode.csv:14396 data 43913
    regex_detector_test.go:84: Expected label ZipCode, got  ([]), file ZipCode.csv:14397 data 43914
    regex_detector_test.go:84: Expected label ZipCode, got  ([]), file ZipCode.csv:14398 data 43915
    regex_detector_test.go:84: Expected label ZipCode, got  ([]), file ZipCode.csv:14399 data 43917
    regex_detector_test.go:84: Expected label ZipCode, got  ([]), file ZipCode.csv:14400 data 43920
    regex_detector_test.go:84: Expected label ZipCode, got  ([]), file ZipCode.csv:14401 data 43925
    regex_detector_test.go:84: Expected label ZipCode, got  ([]), file ZipCode.csv:14402 data 43926
    regex_detector_test.go:84: Expected label ZipCode, got  ([]), file ZipCode.csv:14403 data 43928
    regex_detector_test.go:84: Expected label ZipCode, got  ([]), file ZipCode.csv:14404 data 43930
    regex_detector_test.go:84: Expected label ZipCode, got  ([]), file ZipCode.csv:14405 data 43931
    regex_detector_test.go:84: Expected label ZipCode, got  ([]), file ZipCode.csv:14406 data 43932
    regex_detector_test.go:84: Expected label ZipCode, got  ([]), file ZipCode.csv:14407 data 43933
    regex_detector_test.go:84: Expected label ZipCode, got  ([]), file ZipCode.csv:14408 data 43934
    regex_detector_test.go:84: Expected label ZipCode, got  ([]), file ZipCode.csv:14409 data 43935
    regex_detector_test.go:84: Expected label ZipCode, got  ([]), file ZipCode.csv:14410 data 43938
    regex_detector_test.go:84: Expected label ZipCode, got  ([]), file ZipCode.csv:14411 data 43939
    regex_detector_test.go:84: Expected label ZipCode, got  ([]), file ZipCode.csv:14412 data 43940
    regex_detector_test.go:84: Expected label ZipCode, got  ([]), file ZipCode.csv:14413 data 43942
    regex_detector_test.go:84: Expected label ZipCode, got  ([]), file ZipCode.csv:14414 data 43943
    regex_detector_test.go:84: Expected label ZipCode, got  ([]), file ZipCode.csv:14415 data 43944
    regex_detector_test.go:84: Expected label ZipCode, got  ([]), file ZipCode.csv:14416 data 43945
    regex_detector_test.go:84: Expected label ZipCode, got  ([]), file ZipCode.csv:14417 data 43946
    regex_detector_test.go:84: Expected label ZipCode, got  ([]), file ZipCode.csv:14418 data 43947
    regex_detector_test.go:84: Expected label ZipCode, got  ([]), file ZipCode.csv:14419 data 43948
    regex_detector_test.go:84: Expected label ZipCode, got  ([]), file ZipCode.csv:14420 data 43950
    regex_detector_test.go:84: Expected label ZipCode, got  ([]), file ZipCode.csv:14421 data 43951
    regex_detector_test.go:84: Expected label ZipCode, got  ([]), file ZipCode.csv:14422 data 43952
    regex_detector_test.go:84: Expected label ZipCode, got  ([]), file ZipCode.csv:14423 data 43953
    regex_detector_test.go:84: Expected label ZipCode, got  ([]), file ZipCode.csv:14424 data 43961
    regex_detector_test.go:84: Expected label ZipCode, got  ([]), file ZipCode.csv:14425 data 43962
    regex_detector_test.go:84: Expected label ZipCode, got  ([]), file ZipCode.csv:14426 data 43963
    regex_detector_test.go:84: Expected label ZipCode, got  ([]), file ZipCode.csv:14427 data 43964
    regex_detector_test.go:84: Expected label ZipCode, got  ([]), file ZipCode.csv:14428 data 43967
    regex_detector_test.go:84: Expected label ZipCode, got  ([]), file ZipCode.csv:14429 data 43968
    regex_detector_test.go:84: Expected label ZipCode, got  ([]), file ZipCode.csv:14430 data 43971
    regex_detector_test.go:84: Expected label ZipCode, got  ([]), file ZipCode.csv:14431 data 43972
    regex_detector_test.go:84: Expected label ZipCode, got  ([]), file ZipCode.csv:14432 data 43973
    regex_detector_test.go:84: Expected label ZipCode, got  ([]), file ZipCode.csv:14433 data 43974
    regex_detector_test.go:84: Expected label ZipCode, got  ([]), file ZipCode.csv:14434 data 43976
    regex_detector_test.go:84: Expected label ZipCode, got  ([]), file ZipCode.csv:14435 data 43977
    regex_detector_test.go:84: Expected label ZipCode, got  ([]), file ZipCode.csv:14436 data 43981
    regex_detector_test.go:84: Expected label ZipCode, got  ([]), file ZipCode.csv:14437 data 43983
    regex_detector_test.go:84: Expected label ZipCode, got  ([]), file ZipCode.csv:14438 data 43985
    regex_detector_test.go:84: Expected label ZipCode, got  ([]), file ZipCode.csv:14439 data 43986
    regex_detector_test.go:84: Expected label ZipCode, got  ([]), file ZipCode.csv:14440 data 43988
    regex_detector_test.go:84: Expected label ZipCode, got  ([]), file ZipCode.csv:14441 data 44001
    regex_detector_test.go:84: Expected label ZipCode, got  ([]), file ZipCode.csv:14442 data 44003
    regex_detector_test.go:84: Expected label ZipCode, got  ([]), file ZipCode.csv:14443 data 44004
    regex_detector_test.go:84: Expected label ZipCode, got  ([]), file ZipCode.csv:14444 data 44010
    regex_detector_test.go:84: Expected label ZipCode, got  ([]), file ZipCode.csv:14445 data 44011
    regex_detector_test.go:84: Expected label ZipCode, got  ([]), file ZipCode.csv:14446 data 44012
    regex_detector_test.go:84: Expected label ZipCode, got  ([]), file ZipCode.csv:14447 data 44017
    regex_detector_test.go:84: Expected label ZipCode, got  ([]), file ZipCode.csv:14448 data 44021
    regex_detector_test.go:84: Expected label ZipCode, got  ([]), file ZipCode.csv:14449 data 44022
    regex_detector_test.go:84: Expected label ZipCode, got  ([]), file ZipCode.csv:14450 data 44023
    regex_detector_test.go:84: Expected label ZipCode, got  ([]), file ZipCode.csv:14451 data 44024
    regex_detector_test.go:84: Expected label ZipCode, got  ([]), file ZipCode.csv:14452 data 44026
    regex_detector_test.go:84: Expected label ZipCode, got  ([]), file ZipCode.csv:14453 data 44028
    regex_detector_test.go:84: Expected label ZipCode, got  ([]), file ZipCode.csv:14454 data 44030
    regex_detector_test.go:84: Expected label ZipCode, got  ([]), file ZipCode.csv:14455 data 44032
    regex_detector_test.go:84: Expected label ZipCode, got  ([]), file ZipCode.csv:14456 data 44035
    regex_detector_test.go:84: Expected label ZipCode, got  ([]), file ZipCode.csv:14457 data 44039
    regex_detector_test.go:84: Expected label ZipCode, got  ([]), file ZipCode.csv:14458 data 44040
    regex_detector_test.go:84: Expected label ZipCode, got  ([]), file ZipCode.csv:14459 data 44041
    regex_detector_test.go:84: Expected label ZipCode, got  ([]), file ZipCode.csv:14460 data 44044
    regex_detector_test.go:84: Expected label ZipCode, got  ([]), file ZipCode.csv:14461 data 44045
    regex_detector_test.go:84: Expected label ZipCode, got  ([]), file ZipCode.csv:14462 data 44046
    regex_detector_test.go:84: Expected label ZipCode, got  ([]), file ZipCode.csv:14463 data 44047
    regex_detector_test.go:84: Expected label ZipCode, got  ([]), file ZipCode.csv:14464 data 44048
    regex_detector_test.go:84: Expected label ZipCode, got  ([]), file ZipCode.csv:14465 data 44049
    regex_detector_test.go:84: Expected label ZipCode, got  ([]), file ZipCode.csv:14466 data 44050
    regex_detector_test.go:84: Expected label ZipCode, got  ([]), file ZipCode.csv:14467 data 44052
    regex_detector_test.go:84: Expected label ZipCode, got  ([]), file ZipCode.csv:14468 data 44053
    regex_detector_test.go:84: Expected label ZipCode, got  ([]), file ZipCode.csv:14469 data 44054
    regex_detector_test.go:84: Expected label ZipCode, got  ([]), file ZipCode.csv:14470 data 44055
    regex_detector_test.go:84: Expected label ZipCode, got  ([]), file ZipCode.csv:14471 data 44056
    regex_detector_test.go:84: Expected label ZipCode, got  ([]), file ZipCode.csv:14472 data 44057
    regex_detector_test.go:84: Expected label ZipCode, got  ([]), file ZipCode.csv:14473 data 44060
    regex_detector_test.go:84: Expected label ZipCode, got  ([]), file ZipCode.csv:14474 data 44062
    regex_detector_test.go:84: Expected label ZipCode, got  ([]), file ZipCode.csv:14475 data 44064
    regex_detector_test.go:84: Expected label ZipCode, got  ([]), file ZipCode.csv:14476 data 44065
    regex_detector_test.go:84: Expected label ZipCode, got  ([]), file ZipCode.csv:14477 data 44067
    regex_detector_test.go:84: Expected label ZipCode, got  ([]), file ZipCode.csv:14478 data 44068
    regex_detector_test.go:84: Expected label ZipCode, got  ([]), file ZipCode.csv:14479 data 44070
    regex_detector_test.go:84: Expected label ZipCode, got  ([]), file ZipCode.csv:14480 data 44072
    regex_detector_test.go:84: Expected label ZipCode, got  ([]), file ZipCode.csv:14481 data 44074
    regex_detector_test.go:84: Expected label ZipCode, got  ([]), file ZipCode.csv:14482 data 44076
    regex_detector_test.go:84: Expected label ZipCode, got  ([]), file ZipCode.csv:14483 data 44077
    regex_detector_test.go:84: Expected label ZipCode, got  ([]), file ZipCode.csv:14484 data 44080
    regex_detector_test.go:84: Expected label ZipCode, got  ([]), file ZipCode.csv:14485 data 44081
    regex_detector_test.go:84: Expected label ZipCode, got  ([]), file ZipCode.csv:14486 data 44082
    regex_detector_test.go:84: Expected label ZipCode, got  ([]), file ZipCode.csv:14487 data 44084
    regex_detector_test.go:84: Expected label ZipCode, got  ([]), file ZipCode.csv:14488 data 44085
    regex_detector_test.go:84: Expected label ZipCode, got  ([]), file ZipCode.csv:14489 data 44086
    regex_detector_test.go:84: Expected label ZipCode, got  ([]), file ZipCode.csv:14490 data 44087
    regex_detector_test.go:84: Expected label ZipCode, got  ([]), file ZipCode.csv:14491 data 44089
    regex_detector_test.go:84: Expected label ZipCode, got  ([]), file ZipCode.csv:14492 data 44090
    regex_detector_test.go:84: Expected label ZipCode, got  ([]), file ZipCode.csv:14493 data 44092
    regex_detector_test.go:84: Expected label ZipCode, got  ([]), file ZipCode.csv:14494 data 44093
    regex_detector_test.go:84: Expected label ZipCode, got  ([]), file ZipCode.csv:14495 data 44094
    regex_detector_test.go:84: Expected label ZipCode, got  ([]), file ZipCode.csv:14496 data 44095
    regex_detector_test.go:84: Expected label ZipCode, got  ([]), file ZipCode.csv:14497 data 44099
    regex_detector_test.go:84: Expected label ZipCode, got  ([]), file ZipCode.csv:14498 data 44101
    regex_detector_test.go:84: Expected label ZipCode, got  ([]), file ZipCode.csv:14499 data 44102
    regex_detector_test.go:84: Expected label ZipCode, got  ([]), file ZipCode.csv:14500 data 44103
    regex_detector_test.go:84: Expected label ZipCode, got  ([]), file ZipCode.csv:14501 data 44104
    regex_detector_test.go:84: Expected label ZipCode, got  ([]), file ZipCode.csv:14502 data 44105
    regex_detector_test.go:84: Expected label ZipCode, got  ([]), file ZipCode.csv:14503 data 44106
    regex_detector_test.go:84: Expected label ZipCode, got  ([]), file ZipCode.csv:14504 data 44107
    regex_detector_test.go:84: Expected label ZipCode, got  ([]), file ZipCode.csv:14505 data 44108
    regex_detector_test.go:84: Expected label ZipCode, got  ([]), file ZipCode.csv:14506 data 44109
    regex_detector_test.go:84: Expected label ZipCode, got  ([]), file ZipCode.csv:14507 data 44110
    regex_detector_test.go:84: Expected label ZipCode, got  ([]), file ZipCode.csv:14508 data 44111
    regex_detector_test.go:84: Expected label ZipCode, got  ([]), file ZipCode.csv:14509 data 44112
    regex_detector_test.go:84: Expected label ZipCode, got  ([]), file ZipCode.csv:14510 data 44113
    regex_detector_test.go:84: Expected label ZipCode, got  ([]), file ZipCode.csv:14511 data 44114
    regex_detector_test.go:84: Expected label ZipCode, got  ([]), file ZipCode.csv:14512 data 44115
    regex_detector_test.go:84: Expected label ZipCode, got  ([]), file ZipCode.csv:14513 data 44116
    regex_detector_test.go:84: Expected label ZipCode, got  ([]), file ZipCode.csv:14514 data 44117
    regex_detector_test.go:84: Expected label ZipCode, got  ([]), file ZipCode.csv:14515 data 44118
    regex_detector_test.go:84: Expected label ZipCode, got  ([]), file ZipCode.csv:14516 data 44119
    regex_detector_test.go:84: Expected label ZipCode, got  ([]), file ZipCode.csv:14517 data 44120
    regex_detector_test.go:84: Expected label ZipCode, got  ([]), file ZipCode.csv:14518 data 44121
    regex_detector_test.go:84: Expected label ZipCode, got  ([]), file ZipCode.csv:14519 data 44122
    regex_detector_test.go:84: Expected label ZipCode, got  ([]), file ZipCode.csv:14520 data 44123
    regex_detector_test.go:84: Expected label ZipCode, got  ([]), file ZipCode.csv:14521 data 44124
    regex_detector_test.go:84: Expected label ZipCode, got  ([]), file ZipCode.csv:14522 data 44125
    regex_detector_test.go:84: Expected label ZipCode, got  ([]), file ZipCode.csv:14523 data 44126
    regex_detector_test.go:84: Expected label ZipCode, got  ([]), file ZipCode.csv:14524 data 44127
    regex_detector_test.go:84: Expected label ZipCode, got  ([]), file ZipCode.csv:14525 data 44128
    regex_detector_test.go:84: Expected label ZipCode, got  ([]), file ZipCode.csv:14526 data 44129
    regex_detector_test.go:84: Expected label ZipCode, got  ([]), file ZipCode.csv:14527 data 44130
    regex_detector_test.go:84: Expected label ZipCode, got  ([]), file ZipCode.csv:14528 data 44131
    regex_detector_test.go:84: Expected label ZipCode, got  ([]), file ZipCode.csv:14529 data 44132
    regex_detector_test.go:84: Expected label ZipCode, got  ([]), file ZipCode.csv:14530 data 44133
    regex_detector_test.go:84: Expected label ZipCode, got  ([]), file ZipCode.csv:14531 data 44134
    regex_detector_test.go:84: Expected label ZipCode, got  ([]), file ZipCode.csv:14532 data 44135
    regex_detector_test.go:84: Expected label ZipCode, got  ([]), file ZipCode.csv:14533 data 44136
    regex_detector_test.go:84: Expected label ZipCode, got  ([]), file ZipCode.csv:14534 data 44137
    regex_detector_test.go:84: Expected label ZipCode, got  ([]), file ZipCode.csv:14535 data 44138
    regex_detector_test.go:84: Expected label ZipCode, got  ([]), file ZipCode.csv:14536 data 44139
    regex_detector_test.go:84: Expected label ZipCode, got  ([]), file ZipCode.csv:14537 data 44140
    regex_detector_test.go:84: Expected label ZipCode, got  ([]), file ZipCode.csv:14538 data 44141
    regex_detector_test.go:84: Expected label ZipCode, got  ([]), file ZipCode.csv:14539 data 44142
    regex_detector_test.go:84: Expected label ZipCode, got  ([]), file ZipCode.csv:14540 data 44143
    regex_detector_test.go:84: Expected label ZipCode, got  ([]), file ZipCode.csv:14541 data 44144
    regex_detector_test.go:84: Expected label ZipCode, got  ([]), file ZipCode.csv:14542 data 44145
    regex_detector_test.go:84: Expected label ZipCode, got  ([]), file ZipCode.csv:14543 data 44146
    regex_detector_test.go:84: Expected label ZipCode, got  ([]), file ZipCode.csv:14544 data 44147
    regex_detector_test.go:84: Expected label ZipCode, got  ([]), file ZipCode.csv:14545 data 44149
    regex_detector_test.go:84: Expected label ZipCode, got  ([]), file ZipCode.csv:14546 data 44201
    regex_detector_test.go:84: Expected label ZipCode, got  ([]), file ZipCode.csv:14547 data 44202
    regex_detector_test.go:84: Expected label ZipCode, got  ([]), file ZipCode.csv:14548 data 44203
    regex_detector_test.go:84: Expected label ZipCode, got  ([]), file ZipCode.csv:14549 data 44212
    regex_detector_test.go:84: Expected label ZipCode, got  ([]), file ZipCode.csv:14550 data 44214
    regex_detector_test.go:84: Expected label ZipCode, got  ([]), file ZipCode.csv:14551 data 44215
    regex_detector_test.go:84: Expected label ZipCode, got  ([]), file ZipCode.csv:14552 data 44216
    regex_detector_test.go:84: Expected label ZipCode, got  ([]), file ZipCode.csv:14553 data 44217
    regex_detector_test.go:84: Expected label ZipCode, got  ([]), file ZipCode.csv:14554 data 44221
    regex_detector_test.go:84: Expected label ZipCode, got  ([]), file ZipCode.csv:14555 data 44223
    regex_detector_test.go:84: Expected label ZipCode, got  ([]), file ZipCode.csv:14556 data 44224
    regex_detector_test.go:84: Expected label ZipCode, got  ([]), file ZipCode.csv:14557 data 44230
    regex_detector_test.go:84: Expected label ZipCode, got  ([]), file ZipCode.csv:14558 data 44231
    regex_detector_test.go:84: Expected label ZipCode, got  ([]), file ZipCode.csv:14559 data 44232
    regex_detector_test.go:84: Expected label ZipCode, got  ([]), file ZipCode.csv:14560 data 44233
    regex_detector_test.go:84: Expected label ZipCode, got  ([]), file ZipCode.csv:14561 data 44234
    regex_detector_test.go:84: Expected label ZipCode, got  ([]), file ZipCode.csv:14562 data 44235
    regex_detector_test.go:84: Expected label ZipCode, got  ([]), file ZipCode.csv:14563 data 44236
    regex_detector_test.go:84: Expected label ZipCode, got  ([]), file ZipCode.csv:14564 data 44240
    regex_detector_test.go:84: Expected label ZipCode, got  ([]), file ZipCode.csv:14565 data 44241
    regex_detector_test.go:84: Expected label ZipCode, got  ([]), file ZipCode.csv:14566 data 44243
    regex_detector_test.go:84: Expected label ZipCode, got  ([]), file ZipCode.csv:14567 data 44250
    regex_detector_test.go:84: Expected label ZipCode, got  ([]), file ZipCode.csv:14568 data 44251
    regex_detector_test.go:84: Expected label ZipCode, got  ([]), file ZipCode.csv:14569 data 44253
    regex_detector_test.go:84: Expected label ZipCode, got  ([]), file ZipCode.csv:14570 data 44254
    regex_detector_test.go:84: Expected label ZipCode, got  ([]), file ZipCode.csv:14571 data 44255
    regex_detector_test.go:84: Expected label ZipCode, got  ([]), file ZipCode.csv:14572 data 44256
    regex_detector_test.go:84: Expected label ZipCode, got  ([]), file ZipCode.csv:14573 data 44260
    regex_detector_test.go:84: Expected label ZipCode, got  ([]), file ZipCode.csv:14574 data 44262
    regex_detector_test.go:84: Expected label ZipCode, got  ([]), file ZipCode.csv:14575 data 44264
    regex_detector_test.go:84: Expected label ZipCode, got  ([]), file ZipCode.csv:14576 data 44266
    regex_detector_test.go:84: Expected label ZipCode, got  ([]), file ZipCode.csv:14577 data 44270
    regex_detector_test.go:84: Expected label ZipCode, got  ([]), file ZipCode.csv:14578 data 44272
    regex_detector_test.go:84: Expected label ZipCode, got  ([]), file ZipCode.csv:14579 data 44273
    regex_detector_test.go:84: Expected label ZipCode, got  ([]), file ZipCode.csv:14580 data 44274
    regex_detector_test.go:84: Expected label ZipCode, got  ([]), file ZipCode.csv:14581 data 44275
    regex_detector_test.go:84: Expected label ZipCode, got  ([]), file ZipCode.csv:14582 data 44276
    regex_detector_test.go:84: Expected label ZipCode, got  ([]), file ZipCode.csv:14583 data 44278
    regex_detector_test.go:84: Expected label ZipCode, got  ([]), file ZipCode.csv:14584 data 44280
    regex_detector_test.go:84: Expected label ZipCode, got  ([]), file ZipCode.csv:14585 data 44281
    regex_detector_test.go:84: Expected label ZipCode, got  ([]), file ZipCode.csv:14586 data 44285
    regex_detector_test.go:84: Expected label ZipCode, got  ([]), file ZipCode.csv:14587 data 44286
    regex_detector_test.go:84: Expected label ZipCode, got  ([]), file ZipCode.csv:14588 data 44287
    regex_detector_test.go:84: Expected label ZipCode, got  ([]), file ZipCode.csv:14589 data 44288
    regex_detector_test.go:84: Expected label ZipCode, got  ([]), file ZipCode.csv:14590 data 44301
    regex_detector_test.go:84: Expected label ZipCode, got  ([]), file ZipCode.csv:14591 data 44302
    regex_detector_test.go:84: Expected label ZipCode, got  ([]), file ZipCode.csv:14592 data 44303
    regex_detector_test.go:84: Expected label ZipCode, got  ([]), file ZipCode.csv:14593 data 44304
    regex_detector_test.go:84: Expected label ZipCode, got  ([]), file ZipCode.csv:14594 data 44305
    regex_detector_test.go:84: Expected label ZipCode, got  ([]), file ZipCode.csv:14595 data 44306
    regex_detector_test.go:84: Expected label ZipCode, got  ([]), file ZipCode.csv:14596 data 44307
    regex_detector_test.go:84: Expected label ZipCode, got  ([]), file ZipCode.csv:14597 data 44308
    regex_detector_test.go:84: Expected label ZipCode, got  ([]), file ZipCode.csv:14598 data 44310
    regex_detector_test.go:84: Expected label ZipCode, got  ([]), file ZipCode.csv:14599 data 44311
    regex_detector_test.go:84: Expected label ZipCode, got  ([]), file ZipCode.csv:14600 data 44312
    regex_detector_test.go:84: Expected label ZipCode, got  ([]), file ZipCode.csv:14601 data 44313
    regex_detector_test.go:84: Expected label ZipCode, got  ([]), file ZipCode.csv:14602 data 44314
    regex_detector_test.go:84: Expected label ZipCode, got  ([]), file ZipCode.csv:14603 data 44319
    regex_detector_test.go:84: Expected label ZipCode, got  ([]), file ZipCode.csv:14604 data 44320
    regex_detector_test.go:84: Expected label ZipCode, got  ([]), file ZipCode.csv:14605 data 44321
    regex_detector_test.go:84: Expected label ZipCode, got  ([]), file ZipCode.csv:14606 data 44325
    regex_detector_test.go:84: Expected label ZipCode, got  ([]), file ZipCode.csv:14607 data 44333
    regex_detector_test.go:84: Expected label ZipCode, got  ([]), file ZipCode.csv:14608 data 44401
    regex_detector_test.go:84: Expected label ZipCode, got  ([]), file ZipCode.csv:14609 data 44402
    regex_detector_test.go:84: Expected label ZipCode, got  ([]), file ZipCode.csv:14610 data 44403
    regex_detector_test.go:84: Expected label ZipCode, got  ([]), file ZipCode.csv:14611 data 44404
    regex_detector_test.go:84: Expected label ZipCode, got  ([]), file ZipCode.csv:14612 data 44405
    regex_detector_test.go:84: Expected label ZipCode, got  ([]), file ZipCode.csv:14613 data 44406
    regex_detector_test.go:84: Expected label ZipCode, got  ([]), file ZipCode.csv:14614 data 44408
    regex_detector_test.go:84: Expected label ZipCode, got  ([]), file ZipCode.csv:14615 data 44410
    regex_detector_test.go:84: Expected label ZipCode, got  ([]), file ZipCode.csv:14616 data 44411
    regex_detector_test.go:84: Expected label ZipCode, got  ([]), file ZipCode.csv:14617 data 44412
    regex_detector_test.go:84: Expected label ZipCode, got  ([]), file ZipCode.csv:14618 data 44413
    regex_detector_test.go:84: Expected label ZipCode, got  ([]), file ZipCode.csv:14619 data 44415
    regex_detector_test.go:84: Expected label ZipCode, got  ([]), file ZipCode.csv:14620 data 44417
    regex_detector_test.go:84: Expected label ZipCode, got  ([]), file ZipCode.csv:14621 data 44418
    regex_detector_test.go:84: Expected label ZipCode, got  ([]), file ZipCode.csv:14622 data 44420
    regex_detector_test.go:84: Expected label ZipCode, got  ([]), file ZipCode.csv:14623 data 44423
    regex_detector_test.go:84: Expected label ZipCode, got  ([]), file ZipCode.csv:14624 data 44424
    regex_detector_test.go:84: Expected label ZipCode, got  ([]), file ZipCode.csv:14625 data 44425
    regex_detector_test.go:84: Expected label ZipCode, got  ([]), file ZipCode.csv:14626 data 44427
    regex_detector_test.go:84: Expected label ZipCode, got  ([]), file ZipCode.csv:14627 data 44428
    regex_detector_test.go:84: Expected label ZipCode, got  ([]), file ZipCode.csv:14628 data 44429
    regex_detector_test.go:84: Expected label ZipCode, got  ([]), file ZipCode.csv:14629 data 44430
    regex_detector_test.go:84: Expected label ZipCode, got  ([]), file ZipCode.csv:14630 data 44431
    regex_detector_test.go:84: Expected label ZipCode, got  ([]), file ZipCode.csv:14631 data 44432
    regex_detector_test.go:84: Expected label ZipCode, got  ([]), file ZipCode.csv:14632 data 44436
    regex_detector_test.go:84: Expected label ZipCode, got  ([]), file ZipCode.csv:14633 data 44437
    regex_detector_test.go:84: Expected label ZipCode, got  ([]), file ZipCode.csv:14634 data 44438
    regex_detector_test.go:84: Expected label ZipCode, got  ([]), file ZipCode.csv:14635 data 44439
    regex_detector_test.go:84: Expected label ZipCode, got  ([]), file ZipCode.csv:14636 data 44440
    regex_detector_test.go:84: Expected label ZipCode, got  ([]), file ZipCode.csv:14637 data 44441
    regex_detector_test.go:84: Expected label ZipCode, got  ([]), file ZipCode.csv:14638 data 44442
    regex_detector_test.go:84: Expected label ZipCode, got  ([]), file ZipCode.csv:14639 data 44443
    regex_detector_test.go:84: Expected label ZipCode, got  ([]), file ZipCode.csv:14640 data 44444
    regex_detector_test.go:84: Expected label ZipCode, got  ([]), file ZipCode.csv:14641 data 44445
    regex_detector_test.go:84: Expected label ZipCode, got  ([]), file ZipCode.csv:14642 data 44446
    regex_detector_test.go:84: Expected label ZipCode, got  ([]), file ZipCode.csv:14643 data 44449
    regex_detector_test.go:84: Expected label ZipCode, got  ([]), file ZipCode.csv:14644 data 44450
    regex_detector_test.go:84: Expected label ZipCode, got  ([]), file ZipCode.csv:14645 data 44451
    regex_detector_test.go:84: Expected label ZipCode, got  ([]), file ZipCode.csv:14646 data 44452
    regex_detector_test.go:84: Expected label ZipCode, got  ([]), file ZipCode.csv:14647 data 44454
    regex_detector_test.go:84: Expected label ZipCode, got  ([]), file ZipCode.csv:14648 data 44455
    regex_detector_test.go:84: Expected label ZipCode, got  ([]), file ZipCode.csv:14649 data 44460
    regex_detector_test.go:84: Expected label ZipCode, got  ([]), file ZipCode.csv:14650 data 44470
    regex_detector_test.go:84: Expected label ZipCode, got  ([]), file ZipCode.csv:14651 data 44471
    regex_detector_test.go:84: Expected label ZipCode, got  ([]), file ZipCode.csv:14652 data 44473
    regex_detector_test.go:84: Expected label ZipCode, got  ([]), file ZipCode.csv:14653 data 44481
    regex_detector_test.go:84: Expected label ZipCode, got  ([]), file ZipCode.csv:14654 data 44483
    regex_detector_test.go:84: Expected label ZipCode, got  ([]), file ZipCode.csv:14655 data 44484
    regex_detector_test.go:84: Expected label ZipCode, got  ([]), file ZipCode.csv:14656 data 44485
    regex_detector_test.go:84: Expected label ZipCode, got  ([]), file ZipCode.csv:14657 data 44490
    regex_detector_test.go:84: Expected label ZipCode, got  ([]), file ZipCode.csv:14658 data 44491
    regex_detector_test.go:84: Expected label ZipCode, got  ([]), file ZipCode.csv:14659 data 44493
    regex_detector_test.go:84: Expected label ZipCode, got  ([]), file ZipCode.csv:14660 data 44502
    regex_detector_test.go:84: Expected label ZipCode, got  ([]), file ZipCode.csv:14661 data 44503
    regex_detector_test.go:84: Expected label ZipCode, got  ([]), file ZipCode.csv:14662 data 44504
    regex_detector_test.go:84: Expected label ZipCode, got  ([]), file ZipCode.csv:14663 data 44505
    regex_detector_test.go:84: Expected label ZipCode, got  ([]), file ZipCode.csv:14664 data 44506
    regex_detector_test.go:84: Expected label ZipCode, got  ([]), file ZipCode.csv:14665 data 44507
    regex_detector_test.go:84: Expected label ZipCode, got  ([]), file ZipCode.csv:14666 data 44509
    regex_detector_test.go:84: Expected label ZipCode, got  ([]), file ZipCode.csv:14667 data 44510
    regex_detector_test.go:84: Expected label ZipCode, got  ([]), file ZipCode.csv:14668 data 44511
    regex_detector_test.go:84: Expected label ZipCode, got  ([]), file ZipCode.csv:14669 data 44512
    regex_detector_test.go:84: Expected label ZipCode, got  ([]), file ZipCode.csv:14670 data 44514
    regex_detector_test.go:84: Expected label ZipCode, got  ([]), file ZipCode.csv:14671 data 44515
    regex_detector_test.go:84: Expected label ZipCode, got  ([]), file ZipCode.csv:14672 data 44555
    regex_detector_test.go:84: Expected label ZipCode, got  ([]), file ZipCode.csv:14673 data 44601
    regex_detector_test.go:84: Expected label ZipCode, got  ([]), file ZipCode.csv:14674 data 44606
    regex_detector_test.go:84: Expected label ZipCode, got  ([]), file ZipCode.csv:14675 data 44607
    regex_detector_test.go:84: Expected label ZipCode, got  ([]), file ZipCode.csv:14676 data 44608
    regex_detector_test.go:84: Expected label ZipCode, got  ([]), file ZipCode.csv:14677 data 44609
    regex_detector_test.go:84: Expected label ZipCode, got  ([]), file ZipCode.csv:14678 data 44610
    regex_detector_test.go:84: Expected label ZipCode, got  ([]), file ZipCode.csv:14679 data 44611
    regex_detector_test.go:84: Expected label ZipCode, got  ([]), file ZipCode.csv:14680 data 44612
    regex_detector_test.go:84: Expected label ZipCode, got  ([]), file ZipCode.csv:14681 data 44613
    regex_detector_test.go:84: Expected label ZipCode, got  ([]), file ZipCode.csv:14682 data 44614
    regex_detector_test.go:84: Expected label ZipCode, got  ([]), file ZipCode.csv:14683 data 44615
    regex_detector_test.go:84: Expected label ZipCode, got  ([]), file ZipCode.csv:14684 data 44618
    regex_detector_test.go:84: Expected label ZipCode, got  ([]), file ZipCode.csv:14685 data 44619
    regex_detector_test.go:84: Expected label ZipCode, got  ([]), file ZipCode.csv:14686 data 44620
    regex_detector_test.go:84: Expected label ZipCode, got  ([]), file ZipCode.csv:14687 data 44621
    regex_detector_test.go:84: Expected label ZipCode, got  ([]), file ZipCode.csv:14688 data 44622
    regex_detector_test.go:84: Expected label ZipCode, got  ([]), file ZipCode.csv:14689 data 44624
    regex_detector_test.go:84: Expected label ZipCode, got  ([]), file ZipCode.csv:14690 data 44625
    regex_detector_test.go:84: Expected label ZipCode, got  ([]), file ZipCode.csv:14691 data 44626
    regex_detector_test.go:84: Expected label ZipCode, got  ([]), file ZipCode.csv:14692 data 44627
    regex_detector_test.go:84: Expected label ZipCode, got  ([]), file ZipCode.csv:14693 data 44628
    regex_detector_test.go:84: Expected label ZipCode, got  ([]), file ZipCode.csv:14694 data 44629
    regex_detector_test.go:84: Expected label ZipCode, got  ([]), file ZipCode.csv:14695 data 44630
    regex_detector_test.go:84: Expected label ZipCode, got  ([]), file ZipCode.csv:14696 data 44632
    regex_detector_test.go:84: Expected label ZipCode, got  ([]), file ZipCode.csv:14697 data 44633
    regex_detector_test.go:84: Expected label ZipCode, got  ([]), file ZipCode.csv:14698 data 44634
    regex_detector_test.go:84: Expected label ZipCode, got  ([]), file ZipCode.csv:14699 data 44637
    regex_detector_test.go:84: Expected label ZipCode, got  ([]), file ZipCode.csv:14700 data 44638
    regex_detector_test.go:84: Expected label ZipCode, got  ([]), file ZipCode.csv:14701 data 44639
    regex_detector_test.go:84: Expected label ZipCode, got  ([]), file ZipCode.csv:14702 data 44640
    regex_detector_test.go:84: Expected label ZipCode, got  ([]), file ZipCode.csv:14703 data 44641
    regex_detector_test.go:84: Expected label ZipCode, got  ([]), file ZipCode.csv:14704 data 44643
    regex_detector_test.go:84: Expected label ZipCode, got  ([]), file ZipCode.csv:14705 data 44644
    regex_detector_test.go:84: Expected label ZipCode, got  ([]), file ZipCode.csv:14706 data 44645
    regex_detector_test.go:84: Expected label ZipCode, got  ([]), file ZipCode.csv:14707 data 44646
    regex_detector_test.go:84: Expected label ZipCode, got  ([]), file ZipCode.csv:14708 data 44647
    regex_detector_test.go:84: Expected label ZipCode, got  ([]), file ZipCode.csv:14709 data 44651
    regex_detector_test.go:84: Expected label ZipCode, got  ([]), file ZipCode.csv:14710 data 44652
    regex_detector_test.go:84: Expected label ZipCode, got  ([]), file ZipCode.csv:14711 data 44653
    regex_detector_test.go:84: Expected label ZipCode, got  ([]), file ZipCode.csv:14712 data 44654
    regex_detector_test.go:84: Expected label ZipCode, got  ([]), file ZipCode.csv:14713 data 44656
    regex_detector_test.go:84: Expected label ZipCode, got  ([]), file ZipCode.csv:14714 data 44657
    regex_detector_test.go:84: Expected label ZipCode, got  ([]), file ZipCode.csv:14715 data 44659
    regex_detector_test.go:84: Expected label ZipCode, got  ([]), file ZipCode.csv:14716 data 44660
    regex_detector_test.go:84: Expected label ZipCode, got  ([]), file ZipCode.csv:14717 data 44661
    regex_detector_test.go:84: Expected label ZipCode, got  ([]), file ZipCode.csv:14718 data 44662
    regex_detector_test.go:84: Expected label ZipCode, got  ([]), file ZipCode.csv:14719 data 44663
    regex_detector_test.go:84: Expected label ZipCode, got  ([]), file ZipCode.csv:14720 data 44665
    regex_detector_test.go:84: Expected label ZipCode, got  ([]), file ZipCode.csv:14721 data 44666
    regex_detector_test.go:84: Expected label ZipCode, got  ([]), file ZipCode.csv:14722 data 44667
    regex_detector_test.go:84: Expected label ZipCode, got  ([]), file ZipCode.csv:14723 data 44669
    regex_detector_test.go:84: Expected label ZipCode, got  ([]), file ZipCode.csv:14724 data 44670
    regex_detector_test.go:84: Expected label ZipCode, got  ([]), file ZipCode.csv:14725 data 44671
    regex_detector_test.go:84: Expected label ZipCode, got  ([]), file ZipCode.csv:14726 data 44672
    regex_detector_test.go:84: Expected label ZipCode, got  ([]), file ZipCode.csv:14727 data 44675
    regex_detector_test.go:84: Expected label ZipCode, got  ([]), file ZipCode.csv:14728 data 44676
    regex_detector_test.go:84: Expected label ZipCode, got  ([]), file ZipCode.csv:14729 data 44677
    regex_detector_test.go:84: Expected label ZipCode, got  ([]), file ZipCode.csv:14730 data 44678
    regex_detector_test.go:84: Expected label ZipCode, got  ([]), file ZipCode.csv:14731 data 44680
    regex_detector_test.go:84: Expected label ZipCode, got  ([]), file ZipCode.csv:14732 data 44681
    regex_detector_test.go:84: Expected label ZipCode, got  ([]), file ZipCode.csv:14733 data 44682
    regex_detector_test.go:84: Expected label ZipCode, got  ([]), file ZipCode.csv:14734 data 44683
    regex_detector_test.go:84: Expected label ZipCode, got  ([]), file ZipCode.csv:14735 data 44685
    regex_detector_test.go:84: Expected label ZipCode, got  ([]), file ZipCode.csv:14736 data 44687
    regex_detector_test.go:84: Expected label ZipCode, got  ([]), file ZipCode.csv:14737 data 44688
    regex_detector_test.go:84: Expected label ZipCode, got  ([]), file ZipCode.csv:14738 data 44689
    regex_detector_test.go:84: Expected label ZipCode, got  ([]), file ZipCode.csv:14739 data 44690
    regex_detector_test.go:84: Expected label ZipCode, got  ([]), file ZipCode.csv:14740 data 44691
    regex_detector_test.go:84: Expected label ZipCode, got  ([]), file ZipCode.csv:14741 data 44693
    regex_detector_test.go:84: Expected label ZipCode, got  ([]), file ZipCode.csv:14742 data 44695
    regex_detector_test.go:84: Expected label ZipCode, got  ([]), file ZipCode.csv:14743 data 44697
    regex_detector_test.go:84: Expected label ZipCode, got  ([]), file ZipCode.csv:14744 data 44699
    regex_detector_test.go:84: Expected label ZipCode, got  ([]), file ZipCode.csv:14745 data 44702
    regex_detector_test.go:84: Expected label ZipCode, got  ([]), file ZipCode.csv:14746 data 44703
    regex_detector_test.go:84: Expected label ZipCode, got  ([]), file ZipCode.csv:14747 data 44704
    regex_detector_test.go:84: Expected label ZipCode, got  ([]), file ZipCode.csv:14748 data 44705
    regex_detector_test.go:84: Expected label ZipCode, got  ([]), file ZipCode.csv:14749 data 44706
    regex_detector_test.go:84: Expected label ZipCode, got  ([]), file ZipCode.csv:14750 data 44707
    regex_detector_test.go:84: Expected label ZipCode, got  ([]), file ZipCode.csv:14751 data 44708
    regex_detector_test.go:84: Expected label ZipCode, got  ([]), file ZipCode.csv:14752 data 44709
    regex_detector_test.go:84: Expected label ZipCode, got  ([]), file ZipCode.csv:14753 data 44710
    regex_detector_test.go:84: Expected label ZipCode, got  ([]), file ZipCode.csv:14754 data 44714
    regex_detector_test.go:84: Expected label ZipCode, got  ([]), file ZipCode.csv:14755 data 44718
    regex_detector_test.go:84: Expected label ZipCode, got  ([]), file ZipCode.csv:14756 data 44720
    regex_detector_test.go:84: Expected label ZipCode, got  ([]), file ZipCode.csv:14757 data 44721
    regex_detector_test.go:84: Expected label ZipCode, got  ([]), file ZipCode.csv:14758 data 44730
    regex_detector_test.go:84: Expected label ZipCode, got  ([]), file ZipCode.csv:14759 data 44802
    regex_detector_test.go:84: Expected label ZipCode, got  ([]), file ZipCode.csv:14760 data 44804
    regex_detector_test.go:84: Expected label ZipCode, got  ([]), file ZipCode.csv:14761 data 44805
    regex_detector_test.go:84: Expected label ZipCode, got  ([]), file ZipCode.csv:14762 data 44807
    regex_detector_test.go:84: Expected label ZipCode, got  ([]), file ZipCode.csv:14763 data 44809
    regex_detector_test.go:84: Expected label ZipCode, got  ([]), file ZipCode.csv:14764 data 44811
    regex_detector_test.go:84: Expected label ZipCode, got  ([]), file ZipCode.csv:14765 data 44813
    regex_detector_test.go:84: Expected label ZipCode, got  ([]), file ZipCode.csv:14766 data 44814
    regex_detector_test.go:84: Expected label ZipCode, got  ([]), file ZipCode.csv:14767 data 44815
    regex_detector_test.go:84: Expected label ZipCode, got  ([]), file ZipCode.csv:14768 data 44817
    regex_detector_test.go:84: Expected label ZipCode, got  ([]), file ZipCode.csv:14769 data 44818
    regex_detector_test.go:84: Expected label ZipCode, got  ([]), file ZipCode.csv:14770 data 44820
    regex_detector_test.go:84: Expected label ZipCode, got  ([]), file ZipCode.csv:14771 data 44822
    regex_detector_test.go:84: Expected label ZipCode, got  ([]), file ZipCode.csv:14772 data 44824
    regex_detector_test.go:84: Expected label ZipCode, got  ([]), file ZipCode.csv:14773 data 44825
    regex_detector_test.go:84: Expected label ZipCode, got  ([]), file ZipCode.csv:14774 data 44826
    regex_detector_test.go:84: Expected label ZipCode, got  ([]), file ZipCode.csv:14775 data 44827
    regex_detector_test.go:84: Expected label ZipCode, got  ([]), file ZipCode.csv:14776 data 44828
    regex_detector_test.go:84: Expected label ZipCode, got  ([]), file ZipCode.csv:14777 data 44830
    regex_detector_test.go:84: Expected label ZipCode, got  ([]), file ZipCode.csv:14778 data 44833
    regex_detector_test.go:84: Expected label ZipCode, got  ([]), file ZipCode.csv:14779 data 44836
    regex_detector_test.go:84: Expected label ZipCode, got  ([]), file ZipCode.csv:14780 data 44837
    regex_detector_test.go:84: Expected label ZipCode, got  ([]), file ZipCode.csv:14781 data 44838
    regex_detector_test.go:84: Expected label ZipCode, got  ([]), file ZipCode.csv:14782 data 44839
    regex_detector_test.go:84: Expected label ZipCode, got  ([]), file ZipCode.csv:14783 data 44840
    regex_detector_test.go:84: Expected label ZipCode, got  ([]), file ZipCode.csv:14784 data 44841
    regex_detector_test.go:84: Expected label ZipCode, got  ([]), file ZipCode.csv:14785 data 44842
    regex_detector_test.go:84: Expected label ZipCode, got  ([]), file ZipCode.csv:14786 data 44843
    regex_detector_test.go:84: Expected label ZipCode, got  ([]), file ZipCode.csv:14787 data 44844
    regex_detector_test.go:84: Expected label ZipCode, got  ([]), file ZipCode.csv:14788 data 44846
    regex_detector_test.go:84: Expected label ZipCode, got  ([]), file ZipCode.csv:14789 data 44847
    regex_detector_test.go:84: Expected label ZipCode, got  ([]), file ZipCode.csv:14790 data 44849
    regex_detector_test.go:84: Expected label ZipCode, got  ([]), file ZipCode.csv:14791 data 44850
    regex_detector_test.go:84: Expected label ZipCode, got  ([]), file ZipCode.csv:14792 data 44851
    regex_detector_test.go:84: Expected label ZipCode, got  ([]), file ZipCode.csv:14793 data 44853
    regex_detector_test.go:84: Expected label ZipCode, got  ([]), file ZipCode.csv:14794 data 44854
    regex_detector_test.go:84: Expected label ZipCode, got  ([]), file ZipCode.csv:14795 data 44855
    regex_detector_test.go:84: Expected label ZipCode, got  ([]), file ZipCode.csv:14796 data 44856
    regex_detector_test.go:84: Expected label ZipCode, got  ([]), file ZipCode.csv:14797 data 44857
    regex_detector_test.go:84: Expected label ZipCode, got  ([]), file ZipCode.csv:14798 data 44859
    regex_detector_test.go:84: Expected label ZipCode, got  ([]), file ZipCode.csv:14799 data 44861
    regex_detector_test.go:84: Expected label ZipCode, got  ([]), file ZipCode.csv:14800 data 44864
    regex_detector_test.go:84: Expected label ZipCode, got  ([]), file ZipCode.csv:14801 data 44865
    regex_detector_test.go:84: Expected label ZipCode, got  ([]), file ZipCode.csv:14802 data 44866
    regex_detector_test.go:84: Expected label ZipCode, got  ([]), file ZipCode.csv:14803 data 44867
    regex_detector_test.go:84: Expected label ZipCode, got  ([]), file ZipCode.csv:14804 data 44870
    regex_detector_test.go:84: Expected label ZipCode, got  ([]), file ZipCode.csv:14805 data 44874
    regex_detector_test.go:84: Expected label ZipCode, got  ([]), file ZipCode.csv:14806 data 44875
    regex_detector_test.go:84: Expected label ZipCode, got  ([]), file ZipCode.csv:14807 data 44878
    regex_detector_test.go:84: Expected label ZipCode, got  ([]), file ZipCode.csv:14808 data 44880
    regex_detector_test.go:84: Expected label ZipCode, got  ([]), file ZipCode.csv:14809 data 44881
    regex_detector_test.go:84: Expected label ZipCode, got  ([]), file ZipCode.csv:14810 data 44882
    regex_detector_test.go:84: Expected label ZipCode, got  ([]), file ZipCode.csv:14811 data 44883
    regex_detector_test.go:84: Expected label ZipCode, got  ([]), file ZipCode.csv:14812 data 44887
    regex_detector_test.go:84: Expected label ZipCode, got  ([]), file ZipCode.csv:14813 data 44889
    regex_detector_test.go:84: Expected label ZipCode, got  ([]), file ZipCode.csv:14814 data 44890
    regex_detector_test.go:84: Expected label ZipCode, got  ([]), file ZipCode.csv:14815 data 44901
    regex_detector_test.go:84: Expected label ZipCode, got  ([]), file ZipCode.csv:14816 data 44902
    regex_detector_test.go:84: Expected label ZipCode, got  ([]), file ZipCode.csv:14817 data 44903
    regex_detector_test.go:84: Expected label ZipCode, got  ([]), file ZipCode.csv:14818 data 44904
    regex_detector_test.go:84: Expected label ZipCode, got  ([]), file ZipCode.csv:14819 data 44905
    regex_detector_test.go:84: Expected label ZipCode, got  ([]), file ZipCode.csv:14820 data 44906
    regex_detector_test.go:84: Expected label ZipCode, got  ([]), file ZipCode.csv:14821 data 44907
    regex_detector_test.go:84: Expected label ZipCode, got  ([]), file ZipCode.csv:14822 data 45001
    regex_detector_test.go:84: Expected label ZipCode, got  ([]), file ZipCode.csv:14823 data 45002
    regex_detector_test.go:84: Expected label ZipCode, got  ([]), file ZipCode.csv:14824 data 45003
    regex_detector_test.go:84: Expected label ZipCode, got  ([]), file ZipCode.csv:14825 data 45005
    regex_detector_test.go:84: Expected label ZipCode, got  ([]), file ZipCode.csv:14826 data 45011
    regex_detector_test.go:84: Expected label ZipCode, got  ([]), file ZipCode.csv:14827 data 45013
    regex_detector_test.go:84: Expected label ZipCode, got  ([]), file ZipCode.csv:14828 data 45014
    regex_detector_test.go:84: Expected label ZipCode, got  ([]), file ZipCode.csv:14829 data 45015
    regex_detector_test.go:84: Expected label ZipCode, got  ([]), file ZipCode.csv:14830 data 45030
    regex_detector_test.go:84: Expected label ZipCode, got  ([]), file ZipCode.csv:14831 data 45032
    regex_detector_test.go:84: Expected label ZipCode, got  ([]), file ZipCode.csv:14832 data 45033
    regex_detector_test.go:84: Expected label ZipCode, got  ([]), file ZipCode.csv:14833 data 45034
    regex_detector_test.go:84: Expected label ZipCode, got  ([]), file ZipCode.csv:14834 data 45036
    regex_detector_test.go:84: Expected label ZipCode, got  ([]), file ZipCode.csv:14835 data 45039
    regex_detector_test.go:84: Expected label ZipCode, got  ([]), file ZipCode.csv:14836 data 45040
    regex_detector_test.go:84: Expected label ZipCode, got  ([]), file ZipCode.csv:14837 data 45041
    regex_detector_test.go:84: Expected label ZipCode, got  ([]), file ZipCode.csv:14838 data 45042
    regex_detector_test.go:84: Expected label ZipCode, got  ([]), file ZipCode.csv:14839 data 45044
    regex_detector_test.go:84: Expected label ZipCode, got  ([]), file ZipCode.csv:14840 data 45050
    regex_detector_test.go:84: Expected label ZipCode, got  ([]), file ZipCode.csv:14841 data 45051
    regex_detector_test.go:84: Expected label ZipCode, got  ([]), file ZipCode.csv:14842 data 45052
    regex_detector_test.go:84: Expected label ZipCode, got  ([]), file ZipCode.csv:14843 data 45053
    regex_detector_test.go:84: Expected label ZipCode, got  ([]), file ZipCode.csv:14844 data 45054
    regex_detector_test.go:84: Expected label ZipCode, got  ([]), file ZipCode.csv:14845 data 45055
    regex_detector_test.go:84: Expected label ZipCode, got  ([]), file ZipCode.csv:14846 data 45056
    regex_detector_test.go:84: Expected label ZipCode, got  ([]), file ZipCode.csv:14847 data 45062
    regex_detector_test.go:84: Expected label ZipCode, got  ([]), file ZipCode.csv:14848 data 45064
    regex_detector_test.go:84: Expected label ZipCode, got  ([]), file ZipCode.csv:14849 data 45065
    regex_detector_test.go:84: Expected label ZipCode, got  ([]), file ZipCode.csv:14850 data 45066
    regex_detector_test.go:84: Expected label ZipCode, got  ([]), file ZipCode.csv:14851 data 45067
    regex_detector_test.go:84: Expected label ZipCode, got  ([]), file ZipCode.csv:14852 data 45068
    regex_detector_test.go:84: Expected label ZipCode, got  ([]), file ZipCode.csv:14853 data 45069
    regex_detector_test.go:84: Expected label ZipCode, got  ([]), file ZipCode.csv:14854 data 45070
    regex_detector_test.go:84: Expected label ZipCode, got  ([]), file ZipCode.csv:14855 data 45101
    regex_detector_test.go:84: Expected label ZipCode, got  ([]), file ZipCode.csv:14856 data 45102
    regex_detector_test.go:84: Expected label ZipCode, got  ([]), file ZipCode.csv:14857 data 45103
    regex_detector_test.go:84: Expected label ZipCode, got  ([]), file ZipCode.csv:14858 data 45105
    regex_detector_test.go:84: Expected label ZipCode, got  ([]), file ZipCode.csv:14859 data 45106
    regex_detector_test.go:84: Expected label ZipCode, got  ([]), file ZipCode.csv:14860 data 45107
    regex_detector_test.go:84: Expected label ZipCode, got  ([]), file ZipCode.csv:14861 data 45111
    regex_detector_test.go:84: Expected label ZipCode, got  ([]), file ZipCode.csv:14862 data 45112
    regex_detector_test.go:84: Expected label ZipCode, got  ([]), file ZipCode.csv:14863 data 45113
    regex_detector_test.go:84: Expected label ZipCode, got  ([]), file ZipCode.csv:14864 data 45115
    regex_detector_test.go:84: Expected label ZipCode, got  ([]), file ZipCode.csv:14865 data 45118
    regex_detector_test.go:84: Expected label ZipCode, got  ([]), file ZipCode.csv:14866 data 45119
    regex_detector_test.go:84: Expected label ZipCode, got  ([]), file ZipCode.csv:14867 data 45120
    regex_detector_test.go:84: Expected label ZipCode, got  ([]), file ZipCode.csv:14868 data 45121
    regex_detector_test.go:84: Expected label ZipCode, got  ([]), file ZipCode.csv:14869 data 45122
    regex_detector_test.go:84: Expected label ZipCode, got  ([]), file ZipCode.csv:14870 data 45123
    regex_detector_test.go:84: Expected label ZipCode, got  ([]), file ZipCode.csv:14871 data 45130
    regex_detector_test.go:84: Expected label ZipCode, got  ([]), file ZipCode.csv:14872 data 45131
    regex_detector_test.go:84: Expected label ZipCode, got  ([]), file ZipCode.csv:14873 data 45132
    regex_detector_test.go:84: Expected label ZipCode, got  ([]), file ZipCode.csv:14874 data 45133
    regex_detector_test.go:84: Expected label ZipCode, got  ([]), file ZipCode.csv:14875 data 45135
    regex_detector_test.go:84: Expected label ZipCode, got  ([]), file ZipCode.csv:14876 data 45140
    regex_detector_test.go:84: Expected label ZipCode, got  ([]), file ZipCode.csv:14877 data 45142
    regex_detector_test.go:84: Expected label ZipCode, got  ([]), file ZipCode.csv:14878 data 45144
    regex_detector_test.go:84: Expected label ZipCode, got  ([]), file ZipCode.csv:14879 data 45146
    regex_detector_test.go:84: Expected label ZipCode, got  ([]), file ZipCode.csv:14880 data 45147
    regex_detector_test.go:84: Expected label ZipCode, got  ([]), file ZipCode.csv:14881 data 45148
    regex_detector_test.go:84: Expected label ZipCode, got  ([]), file ZipCode.csv:14882 data 45150
    regex_detector_test.go:84: Expected label ZipCode, got  ([]), file ZipCode.csv:14883 data 45152
    regex_detector_test.go:84: Expected label ZipCode, got  ([]), file ZipCode.csv:14884 data 45153
    regex_detector_test.go:84: Expected label ZipCode, got  ([]), file ZipCode.csv:14885 data 45154
    regex_detector_test.go:84: Expected label ZipCode, got  ([]), file ZipCode.csv:14886 data 45155
    regex_detector_test.go:84: Expected label ZipCode, got  ([]), file ZipCode.csv:14887 data 45156
    regex_detector_test.go:84: Expected label ZipCode, got  ([]), file ZipCode.csv:14888 data 45157
    regex_detector_test.go:84: Expected label ZipCode, got  ([]), file ZipCode.csv:14889 data 45158
    regex_detector_test.go:84: Expected label ZipCode, got  ([]), file ZipCode.csv:14890 data 45159
    regex_detector_test.go:84: Expected label ZipCode, got  ([]), file ZipCode.csv:14891 data 45160
    regex_detector_test.go:84: Expected label ZipCode, got  ([]), file ZipCode.csv:14892 data 45162
    regex_detector_test.go:84: Expected label ZipCode, got  ([]), file ZipCode.csv:14893 data 45164
    regex_detector_test.go:84: Expected label ZipCode, got  ([]), file ZipCode.csv:14894 data 45166
    regex_detector_test.go:84: Expected label ZipCode, got  ([]), file ZipCode.csv:14895 data 45167
    regex_detector_test.go:84: Expected label ZipCode, got  ([]), file ZipCode.csv:14896 data 45168
    regex_detector_test.go:84: Expected label ZipCode, got  ([]), file ZipCode.csv:14897 data 45169
    regex_detector_test.go:84: Expected label ZipCode, got  ([]), file ZipCode.csv:14898 data 45171
    regex_detector_test.go:84: Expected label ZipCode, got  ([]), file ZipCode.csv:14899 data 45172
    regex_detector_test.go:84: Expected label ZipCode, got  ([]), file ZipCode.csv:14900 data 45174
    regex_detector_test.go:84: Expected label ZipCode, got  ([]), file ZipCode.csv:14901 data 45176
    regex_detector_test.go:84: Expected label ZipCode, got  ([]), file ZipCode.csv:14902 data 45177
    regex_detector_test.go:84: Expected label ZipCode, got  ([]), file ZipCode.csv:14903 data 45202
    regex_detector_test.go:84: Expected label ZipCode, got  ([]), file ZipCode.csv:14904 data 45203
    regex_detector_test.go:84: Expected label ZipCode, got  ([]), file ZipCode.csv:14905 data 45204
    regex_detector_test.go:84: Expected label ZipCode, got  ([]), file ZipCode.csv:14906 data 45205
    regex_detector_test.go:84: Expected label ZipCode, got  ([]), file ZipCode.csv:14907 data 45206
    regex_detector_test.go:84: Expected label ZipCode, got  ([]), file ZipCode.csv:14908 data 45207
    regex_detector_test.go:84: Expected label ZipCode, got  ([]), file ZipCode.csv:14909 data 45208
    regex_detector_test.go:84: Expected label ZipCode, got  ([]), file ZipCode.csv:14910 data 45209
    regex_detector_test.go:84: Expected label ZipCode, got  ([]), file ZipCode.csv:14911 data 45211
    regex_detector_test.go:84: Expected label ZipCode, got  ([]), file ZipCode.csv:14912 data 45212
    regex_detector_test.go:84: Expected label ZipCode, got  ([]), file ZipCode.csv:14913 data 45213
    regex_detector_test.go:84: Expected label ZipCode, got  ([]), file ZipCode.csv:14914 data 45214
    regex_detector_test.go:84: Expected label ZipCode, got  ([]), file ZipCode.csv:14915 data 45215
    regex_detector_test.go:84: Expected label ZipCode, got  ([]), file ZipCode.csv:14916 data 45216
    regex_detector_test.go:84: Expected label ZipCode, got  ([]), file ZipCode.csv:14917 data 45217
    regex_detector_test.go:84: Expected label ZipCode, got  ([]), file ZipCode.csv:14918 data 45218
    regex_detector_test.go:84: Expected label ZipCode, got  ([]), file ZipCode.csv:14919 data 45219
    regex_detector_test.go:84: Expected label ZipCode, got  ([]), file ZipCode.csv:14920 data 45220
    regex_detector_test.go:84: Expected label ZipCode, got  ([]), file ZipCode.csv:14921 data 45223
    regex_detector_test.go:84: Expected label ZipCode, got  ([]), file ZipCode.csv:14922 data 45224
    regex_detector_test.go:84: Expected label ZipCode, got  ([]), file ZipCode.csv:14923 data 45225
    regex_detector_test.go:84: Expected label ZipCode, got  ([]), file ZipCode.csv:14924 data 45226
    regex_detector_test.go:84: Expected label ZipCode, got  ([]), file ZipCode.csv:14925 data 45227
    regex_detector_test.go:84: Expected label ZipCode, got  ([]), file ZipCode.csv:14926 data 45229
    regex_detector_test.go:84: Expected label ZipCode, got  ([]), file ZipCode.csv:14927 data 45230
    regex_detector_test.go:84: Expected label ZipCode, got  ([]), file ZipCode.csv:14928 data 45231
    regex_detector_test.go:84: Expected label ZipCode, got  ([]), file ZipCode.csv:14929 data 45232
    regex_detector_test.go:84: Expected label ZipCode, got  ([]), file ZipCode.csv:14930 data 45233
    regex_detector_test.go:84: Expected label ZipCode, got  ([]), file ZipCode.csv:14931 data 45236
    regex_detector_test.go:84: Expected label ZipCode, got  ([]), file ZipCode.csv:14932 data 45237
    regex_detector_test.go:84: Expected label ZipCode, got  ([]), file ZipCode.csv:14933 data 45238
    regex_detector_test.go:84: Expected label ZipCode, got  ([]), file ZipCode.csv:14934 data 45239
    regex_detector_test.go:84: Expected label ZipCode, got  ([]), file ZipCode.csv:14935 data 45240
    regex_detector_test.go:84: Expected label ZipCode, got  ([]), file ZipCode.csv:14936 data 45241
    regex_detector_test.go:84: Expected label ZipCode, got  ([]), file ZipCode.csv:14937 data 45242
    regex_detector_test.go:84: Expected label ZipCode, got  ([]), file ZipCode.csv:14938 data 45243
    regex_detector_test.go:84: Expected label ZipCode, got  ([]), file ZipCode.csv:14939 data 45244
    regex_detector_test.go:84: Expected label ZipCode, got  ([]), file ZipCode.csv:14940 data 45245
    regex_detector_test.go:84: Expected label ZipCode, got  ([]), file ZipCode.csv:14941 data 45246
    regex_detector_test.go:84: Expected label ZipCode, got  ([]), file ZipCode.csv:14942 data 45247
    regex_detector_test.go:84: Expected label ZipCode, got  ([]), file ZipCode.csv:14943 data 45248
    regex_detector_test.go:84: Expected label ZipCode, got  ([]), file ZipCode.csv:14944 data 45249
    regex_detector_test.go:84: Expected label ZipCode, got  ([]), file ZipCode.csv:14945 data 45251
    regex_detector_test.go:84: Expected label ZipCode, got  ([]), file ZipCode.csv:14946 data 45252
    regex_detector_test.go:84: Expected label ZipCode, got  ([]), file ZipCode.csv:14947 data 45255
    regex_detector_test.go:84: Expected label ZipCode, got  ([]), file ZipCode.csv:14948 data 45267
    regex_detector_test.go:84: Expected label ZipCode, got  ([]), file ZipCode.csv:14949 data 45301
    regex_detector_test.go:84: Expected label ZipCode, got  ([]), file ZipCode.csv:14950 data 45302
    regex_detector_test.go:84: Expected label ZipCode, got  ([]), file ZipCode.csv:14951 data 45303
    regex_detector_test.go:84: Expected label ZipCode, got  ([]), file ZipCode.csv:14952 data 45304
    regex_detector_test.go:84: Expected label ZipCode, got  ([]), file ZipCode.csv:14953 data 45305
    regex_detector_test.go:84: Expected label ZipCode, got  ([]), file ZipCode.csv:14954 data 45306
    regex_detector_test.go:84: Expected label ZipCode, got  ([]), file ZipCode.csv:14955 data 45307
    regex_detector_test.go:84: Expected label ZipCode, got  ([]), file ZipCode.csv:14956 data 45308
    regex_detector_test.go:84: Expected label ZipCode, got  ([]), file ZipCode.csv:14957 data 45309
    regex_detector_test.go:84: Expected label ZipCode, got  ([]), file ZipCode.csv:14958 data 45310
    regex_detector_test.go:84: Expected label ZipCode, got  ([]), file ZipCode.csv:14959 data 45311
    regex_detector_test.go:84: Expected label ZipCode, got  ([]), file ZipCode.csv:14960 data 45312
    regex_detector_test.go:84: Expected label ZipCode, got  ([]), file ZipCode.csv:14961 data 45314
    regex_detector_test.go:84: Expected label ZipCode, got  ([]), file ZipCode.csv:14962 data 45315
    regex_detector_test.go:84: Expected label ZipCode, got  ([]), file ZipCode.csv:14963 data 45316
    regex_detector_test.go:84: Expected label ZipCode, got  ([]), file ZipCode.csv:14964 data 45317
    regex_detector_test.go:84: Expected label ZipCode, got  ([]), file ZipCode.csv:14965 data 45318
    regex_detector_test.go:84: Expected label ZipCode, got  ([]), file ZipCode.csv:14966 data 45319
    regex_detector_test.go:84: Expected label ZipCode, got  ([]), file ZipCode.csv:14967 data 45320
    regex_detector_test.go:84: Expected label ZipCode, got  ([]), file ZipCode.csv:14968 data 45321
    regex_detector_test.go:84: Expected label ZipCode, got  ([]), file ZipCode.csv:14969 data 45322
    regex_detector_test.go:84: Expected label ZipCode, got  ([]), file ZipCode.csv:14970 data 45323
    regex_detector_test.go:84: Expected label ZipCode, got  ([]), file ZipCode.csv:14971 data 45324
    regex_detector_test.go:84: Expected label ZipCode, got  ([]), file ZipCode.csv:14972 data 45325
    regex_detector_test.go:84: Expected label ZipCode, got  ([]), file ZipCode.csv:14973 data 45326
    regex_detector_test.go:84: Expected label ZipCode, got  ([]), file ZipCode.csv:14974 data 45327
    regex_detector_test.go:84: Expected label ZipCode, got  ([]), file ZipCode.csv:14975 data 45328
    regex_detector_test.go:84: Expected label ZipCode, got  ([]), file ZipCode.csv:14976 data 45330
    regex_detector_test.go:84: Expected label ZipCode, got  ([]), file ZipCode.csv:14977 data 45331
    regex_detector_test.go:84: Expected label ZipCode, got  ([]), file ZipCode.csv:14978 data 45332
    regex_detector_test.go:84: Expected label ZipCode, got  ([]), file ZipCode.csv:14979 data 45333
    regex_detector_test.go:84: Expected label ZipCode, got  ([]), file ZipCode.csv:14980 data 45334
    regex_detector_test.go:84: Expected label ZipCode, got  ([]), file ZipCode.csv:14981 data 45335
    regex_detector_test.go:84: Expected label ZipCode, got  ([]), file ZipCode.csv:14982 data 45336
    regex_detector_test.go:84: Expected label ZipCode, got  ([]), file ZipCode.csv:14983 data 45337
    regex_detector_test.go:84: Expected label ZipCode, got  ([]), file ZipCode.csv:14984 data 45338
    regex_detector_test.go:84: Expected label ZipCode, got  ([]), file ZipCode.csv:14985 data 45339
    regex_detector_test.go:84: Expected label ZipCode, got  ([]), file ZipCode.csv:14986 data 45340
    regex_detector_test.go:84: Expected label ZipCode, got  ([]), file ZipCode.csv:14987 data 45341
    regex_detector_test.go:84: Expected label ZipCode, got  ([]), file ZipCode.csv:14988 data 45342
    regex_detector_test.go:84: Expected label ZipCode, got  ([]), file ZipCode.csv:14989 data 45344
    regex_detector_test.go:84: Expected label ZipCode, got  ([]), file ZipCode.csv:14990 data 45345
    regex_detector_test.go:84: Expected label ZipCode, got  ([]), file ZipCode.csv:14991 data 45346
    regex_detector_test.go:84: Expected label ZipCode, got  ([]), file ZipCode.csv:14992 data 45347
    regex_detector_test.go:84: Expected label ZipCode, got  ([]), file ZipCode.csv:14993 data 45348
    regex_detector_test.go:84: Expected label ZipCode, got  ([]), file ZipCode.csv:14994 data 45349
    regex_detector_test.go:84: Expected label ZipCode, got  ([]), file ZipCode.csv:14995 data 45350
    regex_detector_test.go:84: Expected label ZipCode, got  ([]), file ZipCode.csv:14996 data 45351
    regex_detector_test.go:84: Expected label ZipCode, got  ([]), file ZipCode.csv:14997 data 45352
    regex_detector_test.go:84: Expected label ZipCode, got  ([]), file ZipCode.csv:14998 data 45353
    regex_detector_test.go:84: Expected label ZipCode, got  ([]), file ZipCode.csv:14999 data 45354
    regex_detector_test.go:84: Expected label ZipCode, got  ([]), file ZipCode.csv:15000 data 45356
    regex_detector_test.go:84: Expected label ZipCode, got  ([]), file ZipCode.csv:15001 data 45358
    regex_detector_test.go:84: Expected label ZipCode, got  ([]), file ZipCode.csv:15002 data 45359
    regex_detector_test.go:84: Expected label ZipCode, got  ([]), file ZipCode.csv:15003 data 45360
    regex_detector_test.go:84: Expected label ZipCode, got  ([]), file ZipCode.csv:15004 data 45361
    regex_detector_test.go:84: Expected label ZipCode, got  ([]), file ZipCode.csv:15005 data 45362
    regex_detector_test.go:84: Expected label ZipCode, got  ([]), file ZipCode.csv:15006 data 45363
    regex_detector_test.go:84: Expected label ZipCode, got  ([]), file ZipCode.csv:15007 data 45365
    regex_detector_test.go:84: Expected label ZipCode, got  ([]), file ZipCode.csv:15008 data 45368
    regex_detector_test.go:84: Expected label ZipCode, got  ([]), file ZipCode.csv:15009 data 45369
    regex_detector_test.go:84: Expected label ZipCode, got  ([]), file ZipCode.csv:15010 data 45370
    regex_detector_test.go:84: Expected label ZipCode, got  ([]), file ZipCode.csv:15011 data 45371
    regex_detector_test.go:84: Expected label ZipCode, got  ([]), file ZipCode.csv:15012 data 45372
    regex_detector_test.go:84: Expected label ZipCode, got  ([]), file ZipCode.csv:15013 data 45373
    regex_detector_test.go:84: Expected label ZipCode, got  ([]), file ZipCode.csv:15014 data 45377
    regex_detector_test.go:84: Expected label ZipCode, got  ([]), file ZipCode.csv:15015 data 45378
    regex_detector_test.go:84: Expected label ZipCode, got  ([]), file ZipCode.csv:15016 data 45380
    regex_detector_test.go:84: Expected label ZipCode, got  ([]), file ZipCode.csv:15017 data 45381
    regex_detector_test.go:84: Expected label ZipCode, got  ([]), file ZipCode.csv:15018 data 45382
    regex_detector_test.go:84: Expected label ZipCode, got  ([]), file ZipCode.csv:15019 data 45383
    regex_detector_test.go:84: Expected label ZipCode, got  ([]), file ZipCode.csv:15020 data 45384
    regex_detector_test.go:84: Expected label ZipCode, got  ([]), file ZipCode.csv:15021 data 45385
    regex_detector_test.go:84: Expected label ZipCode, got  ([]), file ZipCode.csv:15022 data 45387
    regex_detector_test.go:84: Expected label ZipCode, got  ([]), file ZipCode.csv:15023 data 45388
    regex_detector_test.go:84: Expected label ZipCode, got  ([]), file ZipCode.csv:15024 data 45389
    regex_detector_test.go:84: Expected label ZipCode, got  ([]), file ZipCode.csv:15025 data 45390
    regex_detector_test.go:84: Expected label ZipCode, got  ([]), file ZipCode.csv:15026 data 45402
    regex_detector_test.go:84: Expected label ZipCode, got  ([]), file ZipCode.csv:15027 data 45403
    regex_detector_test.go:84: Expected label ZipCode, got  ([]), file ZipCode.csv:15028 data 45404
    regex_detector_test.go:84: Expected label ZipCode, got  ([]), file ZipCode.csv:15029 data 45405
    regex_detector_test.go:84: Expected label ZipCode, got  ([]), file ZipCode.csv:15030 data 45406
    regex_detector_test.go:84: Expected label ZipCode, got  ([]), file ZipCode.csv:15031 data 45409
    regex_detector_test.go:84: Expected label ZipCode, got  ([]), file ZipCode.csv:15032 data 45410
    regex_detector_test.go:84: Expected label ZipCode, got  ([]), file ZipCode.csv:15033 data 45414
    regex_detector_test.go:84: Expected label ZipCode, got  ([]), file ZipCode.csv:15034 data 45415
    regex_detector_test.go:84: Expected label ZipCode, got  ([]), file ZipCode.csv:15035 data 45416
    regex_detector_test.go:84: Expected label ZipCode, got  ([]), file ZipCode.csv:15036 data 45417
    regex_detector_test.go:84: Expected label ZipCode, got  ([]), file ZipCode.csv:15037 data 45419
    regex_detector_test.go:84: Expected label ZipCode, got  ([]), file ZipCode.csv:15038 data 45420
    regex_detector_test.go:84: Expected label ZipCode, got  ([]), file ZipCode.csv:15039 data 45423
    regex_detector_test.go:84: Expected label ZipCode, got  ([]), file ZipCode.csv:15040 data 45424
    regex_detector_test.go:84: Expected label ZipCode, got  ([]), file ZipCode.csv:15041 data 45426
    regex_detector_test.go:84: Expected label ZipCode, got  ([]), file ZipCode.csv:15042 data 45428
    regex_detector_test.go:84: Expected label ZipCode, got  ([]), file ZipCode.csv:15043 data 45429
    regex_detector_test.go:84: Expected label ZipCode, got  ([]), file ZipCode.csv:15044 data 45430
    regex_detector_test.go:84: Expected label ZipCode, got  ([]), file ZipCode.csv:15045 data 45431
    regex_detector_test.go:84: Expected label ZipCode, got  ([]), file ZipCode.csv:15046 data 45432
    regex_detector_test.go:84: Expected label ZipCode, got  ([]), file ZipCode.csv:15047 data 45433
    regex_detector_test.go:84: Expected label ZipCode, got  ([]), file ZipCode.csv:15048 data 45434
    regex_detector_test.go:84: Expected label ZipCode, got  ([]), file ZipCode.csv:15049 data 45435
    regex_detector_test.go:84: Expected label ZipCode, got  ([]), file ZipCode.csv:15050 data 45439
    regex_detector_test.go:84: Expected label ZipCode, got  ([]), file ZipCode.csv:15051 data 45440
    regex_detector_test.go:84: Expected label ZipCode, got  ([]), file ZipCode.csv:15052 data 45449
    regex_detector_test.go:84: Expected label ZipCode, got  ([]), file ZipCode.csv:15053 data 45458
    regex_detector_test.go:84: Expected label ZipCode, got  ([]), file ZipCode.csv:15054 data 45459
    regex_detector_test.go:84: Expected label ZipCode, got  ([]), file ZipCode.csv:15055 data 45469
    regex_detector_test.go:84: Expected label ZipCode, got  ([]), file ZipCode.csv:15056 data 45501
    regex_detector_test.go:84: Expected label ZipCode, got  ([]), file ZipCode.csv:15057 data 45502
    regex_detector_test.go:84: Expected label ZipCode, got  ([]), file ZipCode.csv:15058 data 45503
    regex_detector_test.go:84: Expected label ZipCode, got  ([]), file ZipCode.csv:15059 data 45504
    regex_detector_test.go:84: Expected label ZipCode, got  ([]), file ZipCode.csv:15060 data 45505
    regex_detector_test.go:84: Expected label ZipCode, got  ([]), file ZipCode.csv:15061 data 45506
    regex_detector_test.go:84: Expected label ZipCode, got  ([]), file ZipCode.csv:15062 data 45601
    regex_detector_test.go:84: Expected label ZipCode, got  ([]), file ZipCode.csv:15063 data 45612
    regex_detector_test.go:84: Expected label ZipCode, got  ([]), file ZipCode.csv:15064 data 45613
    regex_detector_test.go:84: Expected label ZipCode, got  ([]), file ZipCode.csv:15065 data 45614
    regex_detector_test.go:84: Expected label ZipCode, got  ([]), file ZipCode.csv:15066 data 45616
    regex_detector_test.go:84: Expected label ZipCode, got  ([]), file ZipCode.csv:15067 data 45617
    regex_detector_test.go:84: Expected label ZipCode, got  ([]), file ZipCode.csv:15068 data 45618
    regex_detector_test.go:84: Expected label ZipCode, got  ([]), file ZipCode.csv:15069 data 45619
    regex_detector_test.go:84: Expected label ZipCode, got  ([]), file ZipCode.csv:15070 data 45620
    regex_detector_test.go:84: Expected label ZipCode, got  ([]), file ZipCode.csv:15071 data 45621
    regex_detector_test.go:84: Expected label ZipCode, got  ([]), file ZipCode.csv:15072 data 45622
    regex_detector_test.go:84: Expected label ZipCode, got  ([]), file ZipCode.csv:15073 data 45623
    regex_detector_test.go:84: Expected label ZipCode, got  ([]), file ZipCode.csv:15074 data 45624
    regex_detector_test.go:84: Expected label ZipCode, got  ([]), file ZipCode.csv:15075 data 45628
    regex_detector_test.go:84: Expected label ZipCode, got  ([]), file ZipCode.csv:15076 data 45629
    regex_detector_test.go:84: Expected label ZipCode, got  ([]), file ZipCode.csv:15077 data 45630
    regex_detector_test.go:84: Expected label ZipCode, got  ([]), file ZipCode.csv:15078 data 45631
    regex_detector_test.go:84: Expected label ZipCode, got  ([]), file ZipCode.csv:15079 data 45634
    regex_detector_test.go:84: Expected label ZipCode, got  ([]), file ZipCode.csv:15080 data 45636
    regex_detector_test.go:84: Expected label ZipCode, got  ([]), file ZipCode.csv:15081 data 45638
    regex_detector_test.go:84: Expected label ZipCode, got  ([]), file ZipCode.csv:15082 data 45640
    regex_detector_test.go:84: Expected label ZipCode, got  ([]), file ZipCode.csv:15083 data 45642
    regex_detector_test.go:84: Expected label ZipCode, got  ([]), file ZipCode.csv:15084 data 45644
    regex_detector_test.go:84: Expected label ZipCode, got  ([]), file ZipCode.csv:15085 data 45645
    regex_detector_test.go:84: Expected label ZipCode, got  ([]), file ZipCode.csv:15086 data 45646
    regex_detector_test.go:84: Expected label ZipCode, got  ([]), file ZipCode.csv:15087 data 45647
    regex_detector_test.go:84: Expected label ZipCode, got  ([]), file ZipCode.csv:15088 data 45648
    regex_detector_test.go:84: Expected label ZipCode, got  ([]), file ZipCode.csv:15089 data 45650
    regex_detector_test.go:84: Expected label ZipCode, got  ([]), file ZipCode.csv:15090 data 45651
    regex_detector_test.go:84: Expected label ZipCode, got  ([]), file ZipCode.csv:15091 data 45652
    regex_detector_test.go:84: Expected label ZipCode, got  ([]), file ZipCode.csv:15092 data 45653
    regex_detector_test.go:84: Expected label ZipCode, got  ([]), file ZipCode.csv:15093 data 45654
    regex_detector_test.go:84: Expected label ZipCode, got  ([]), file ZipCode.csv:15094 data 45656
    regex_detector_test.go:84: Expected label ZipCode, got  ([]), file ZipCode.csv:15095 data 45657
    regex_detector_test.go:84: Expected label ZipCode, got  ([]), file ZipCode.csv:15096 data 45658
    regex_detector_test.go:84: Expected label ZipCode, got  ([]), file ZipCode.csv:15097 data 45659
    regex_detector_test.go:84: Expected label ZipCode, got  ([]), file ZipCode.csv:15098 data 45660
    regex_detector_test.go:84: Expected label ZipCode, got  ([]), file ZipCode.csv:15099 data 45661
    regex_detector_test.go:84: Expected label ZipCode, got  ([]), file ZipCode.csv:15100 data 45662
    regex_detector_test.go:84: Expected label ZipCode, got  ([]), file ZipCode.csv:15101 data 45663
    regex_detector_test.go:84: Expected label ZipCode, got  ([]), file ZipCode.csv:15102 data 45669
    regex_detector_test.go:84: Expected label ZipCode, got  ([]), file ZipCode.csv:15103 data 45671
    regex_detector_test.go:84: Expected label ZipCode, got  ([]), file ZipCode.csv:15104 data 45672
    regex_detector_test.go:84: Expected label ZipCode, got  ([]), file ZipCode.csv:15105 data 45673
    regex_detector_test.go:84: Expected label ZipCode, got  ([]), file ZipCode.csv:15106 data 45674
    regex_detector_test.go:84: Expected label ZipCode, got  ([]), file ZipCode.csv:15107 data 45677
    regex_detector_test.go:84: Expected label ZipCode, got  ([]), file ZipCode.csv:15108 data 45678
    regex_detector_test.go:84: Expected label ZipCode, got  ([]), file ZipCode.csv:15109 data 45679
    regex_detector_test.go:84: Expected label ZipCode, got  ([]), file ZipCode.csv:15110 data 45680
    regex_detector_test.go:84: Expected label ZipCode, got  ([]), file ZipCode.csv:15111 data 45681
    regex_detector_test.go:84: Expected label ZipCode, got  ([]), file ZipCode.csv:15112 data 45682
    regex_detector_test.go:84: Expected label ZipCode, got  ([]), file ZipCode.csv:15113 data 45684
    regex_detector_test.go:84: Expected label ZipCode, got  ([]), file ZipCode.csv:15114 data 45685
    regex_detector_test.go:84: Expected label ZipCode, got  ([]), file ZipCode.csv:15115 data 45686
    regex_detector_test.go:84: Expected label ZipCode, got  ([]), file ZipCode.csv:15116 data 45688
    regex_detector_test.go:84: Expected label ZipCode, got  ([]), file ZipCode.csv:15117 data 45690
    regex_detector_test.go:84: Expected label ZipCode, got  ([]), file ZipCode.csv:15118 data 45692
    regex_detector_test.go:84: Expected label ZipCode, got  ([]), file ZipCode.csv:15119 data 45693
    regex_detector_test.go:84: Expected label ZipCode, got  ([]), file ZipCode.csv:15120 data 45694
    regex_detector_test.go:84: Expected label ZipCode, got  ([]), file ZipCode.csv:15121 data 45695
    regex_detector_test.go:84: Expected label ZipCode, got  ([]), file ZipCode.csv:15122 data 45696
    regex_detector_test.go:84: Expected label ZipCode, got  ([]), file ZipCode.csv:15123 data 45697
    regex_detector_test.go:84: Expected label ZipCode, got  ([]), file ZipCode.csv:15124 data 45698
    regex_detector_test.go:84: Expected label ZipCode, got  ([]), file ZipCode.csv:15125 data 45699
    regex_detector_test.go:84: Expected label ZipCode, got  ([]), file ZipCode.csv:15126 data 45701
    regex_detector_test.go:84: Expected label ZipCode, got  ([]), file ZipCode.csv:15127 data 45710
    regex_detector_test.go:84: Expected label ZipCode, got  ([]), file ZipCode.csv:15128 data 45711
    regex_detector_test.go:84: Expected label ZipCode, got  ([]), file ZipCode.csv:15129 data 45714
    regex_detector_test.go:84: Expected label ZipCode, got  ([]), file ZipCode.csv:15130 data 45715
    regex_detector_test.go:84: Expected label ZipCode, got  ([]), file ZipCode.csv:15131 data 45716
    regex_detector_test.go:84: Expected label ZipCode, got  ([]), file ZipCode.csv:15132 data 45719
    regex_detector_test.go:84: Expected label ZipCode, got  ([]), file ZipCode.csv:15133 data 45720
    regex_detector_test.go:84: Expected label ZipCode, got  ([]), file ZipCode.csv:15134 data 45721
    regex_detector_test.go:84: Expected label ZipCode, got  ([]), file ZipCode.csv:15135 data 45723
    regex_detector_test.go:84: Expected label ZipCode, got  ([]), file ZipCode.csv:15136 data 45724
    regex_detector_test.go:84: Expected label ZipCode, got  ([]), file ZipCode.csv:15137 data 45727
    regex_detector_test.go:84: Expected label ZipCode, got  ([]), file ZipCode.csv:15138 data 45729
    regex_detector_test.go:84: Expected label ZipCode, got  ([]), file ZipCode.csv:15139 data 45732
    regex_detector_test.go:84: Expected label ZipCode, got  ([]), file ZipCode.csv:15140 data 45734
    regex_detector_test.go:84: Expected label ZipCode, got  ([]), file ZipCode.csv:15141 data 45735
    regex_detector_test.go:84: Expected label ZipCode, got  ([]), file ZipCode.csv:15142 data 45739
    regex_detector_test.go:84: Expected label ZipCode, got  ([]), file ZipCode.csv:15143 data 45740
    regex_detector_test.go:84: Expected label ZipCode, got  ([]), file ZipCode.csv:15144 data 45741
    regex_detector_test.go:84: Expected label ZipCode, got  ([]), file ZipCode.csv:15145 data 45742
    regex_detector_test.go:84: Expected label ZipCode, got  ([]), file ZipCode.csv:15146 data 45743
    regex_detector_test.go:84: Expected label ZipCode, got  ([]), file ZipCode.csv:15147 data 45744
    regex_detector_test.go:84: Expected label ZipCode, got  ([]), file ZipCode.csv:15148 data 45745
    regex_detector_test.go:84: Expected label ZipCode, got  ([]), file ZipCode.csv:15149 data 45746
    regex_detector_test.go:84: Expected label ZipCode, got  ([]), file ZipCode.csv:15150 data 45750
    regex_detector_test.go:84: Expected label ZipCode, got  ([]), file ZipCode.csv:15151 data 45760
    regex_detector_test.go:84: Expected label ZipCode, got  ([]), file ZipCode.csv:15152 data 45761
    regex_detector_test.go:84: Expected label ZipCode, got  ([]), file ZipCode.csv:15153 data 45764
    regex_detector_test.go:84: Expected label ZipCode, got  ([]), file ZipCode.csv:15154 data 45766
    regex_detector_test.go:84: Expected label ZipCode, got  ([]), file ZipCode.csv:15155 data 45767
    regex_detector_test.go:84: Expected label ZipCode, got  ([]), file ZipCode.csv:15156 data 45768
    regex_detector_test.go:84: Expected label ZipCode, got  ([]), file ZipCode.csv:15157 data 45769
    regex_detector_test.go:84: Expected label ZipCode, got  ([]), file ZipCode.csv:15158 data 45770
    regex_detector_test.go:84: Expected label ZipCode, got  ([]), file ZipCode.csv:15159 data 45771
    regex_detector_test.go:84: Expected label ZipCode, got  ([]), file ZipCode.csv:15160 data 45772
    regex_detector_test.go:84: Expected label ZipCode, got  ([]), file ZipCode.csv:15161 data 45773
    regex_detector_test.go:84: Expected label ZipCode, got  ([]), file ZipCode.csv:15162 data 45775
    regex_detector_test.go:84: Expected label ZipCode, got  ([]), file ZipCode.csv:15163 data 45776
    regex_detector_test.go:84: Expected label ZipCode, got  ([]), file ZipCode.csv:15164 data 45778
    regex_detector_test.go:84: Expected label ZipCode, got  ([]), file ZipCode.csv:15165 data 45779
    regex_detector_test.go:84: Expected label ZipCode, got  ([]), file ZipCode.csv:15166 data 45780
    regex_detector_test.go:84: Expected label ZipCode, got  ([]), file ZipCode.csv:15167 data 45782
    regex_detector_test.go:84: Expected label ZipCode, got  ([]), file ZipCode.csv:15168 data 45783
    regex_detector_test.go:84: Expected label ZipCode, got  ([]), file ZipCode.csv:15169 data 45784
    regex_detector_test.go:84: Expected label ZipCode, got  ([]), file ZipCode.csv:15170 data 45786
    regex_detector_test.go:84: Expected label ZipCode, got  ([]), file ZipCode.csv:15171 data 45788
    regex_detector_test.go:84: Expected label ZipCode, got  ([]), file ZipCode.csv:15172 data 45789
    regex_detector_test.go:84: Expected label ZipCode, got  ([]), file ZipCode.csv:15173 data 45801
    regex_detector_test.go:84: Expected label ZipCode, got  ([]), file ZipCode.csv:15174 data 45804
    regex_detector_test.go:84: Expected label ZipCode, got  ([]), file ZipCode.csv:15175 data 45805
    regex_detector_test.go:84: Expected label ZipCode, got  ([]), file ZipCode.csv:15176 data 45806
    regex_detector_test.go:84: Expected label ZipCode, got  ([]), file ZipCode.csv:15177 data 45807
    regex_detector_test.go:84: Expected label ZipCode, got  ([]), file ZipCode.csv:15178 data 45808
    regex_detector_test.go:84: Expected label ZipCode, got  ([]), file ZipCode.csv:15179 data 45809
    regex_detector_test.go:84: Expected label ZipCode, got  ([]), file ZipCode.csv:15180 data 45810
    regex_detector_test.go:84: Expected label ZipCode, got  ([]), file ZipCode.csv:15181 data 45812
    regex_detector_test.go:84: Expected label ZipCode, got  ([]), file ZipCode.csv:15182 data 45813
    regex_detector_test.go:84: Expected label ZipCode, got  ([]), file ZipCode.csv:15183 data 45814
    regex_detector_test.go:84: Expected label ZipCode, got  ([]), file ZipCode.csv:15184 data 45815
    regex_detector_test.go:84: Expected label ZipCode, got  ([]), file ZipCode.csv:15185 data 45816
    regex_detector_test.go:84: Expected label ZipCode, got  ([]), file ZipCode.csv:15186 data 45817
    regex_detector_test.go:84: Expected label ZipCode, got  ([]), file ZipCode.csv:15187 data 45819
    regex_detector_test.go:84: Expected label ZipCode, got  ([]), file ZipCode.csv:15188 data 45820
    regex_detector_test.go:84: Expected label ZipCode, got  ([]), file ZipCode.csv:15189 data 45821
    regex_detector_test.go:84: Expected label ZipCode, got  ([]), file ZipCode.csv:15190 data 45822
    regex_detector_test.go:84: Expected label ZipCode, got  ([]), file ZipCode.csv:15191 data 45826
    regex_detector_test.go:84: Expected label ZipCode, got  ([]), file ZipCode.csv:15192 data 45827
    regex_detector_test.go:84: Expected label ZipCode, got  ([]), file ZipCode.csv:15193 data 45828
    regex_detector_test.go:84: Expected label ZipCode, got  ([]), file ZipCode.csv:15194 data 45830
    regex_detector_test.go:84: Expected label ZipCode, got  ([]), file ZipCode.csv:15195 data 45831
    regex_detector_test.go:84: Expected label ZipCode, got  ([]), file ZipCode.csv:15196 data 45832
    regex_detector_test.go:84: Expected label ZipCode, got  ([]), file ZipCode.csv:15197 data 45833
    regex_detector_test.go:84: Expected label ZipCode, got  ([]), file ZipCode.csv:15198 data 45835
    regex_detector_test.go:84: Expected label ZipCode, got  ([]), file ZipCode.csv:15199 data 45836
    regex_detector_test.go:84: Expected label ZipCode, got  ([]), file ZipCode.csv:15200 data 45838
    regex_detector_test.go:84: Expected label ZipCode, got  ([]), file ZipCode.csv:15201 data 45840
    regex_detector_test.go:84: Expected label ZipCode, got  ([]), file ZipCode.csv:15202 data 45841
    regex_detector_test.go:84: Expected label ZipCode, got  ([]), file ZipCode.csv:15203 data 45843
    regex_detector_test.go:84: Expected label ZipCode, got  ([]), file ZipCode.csv:15204 data 45844
    regex_detector_test.go:84: Expected label ZipCode, got  ([]), file ZipCode.csv:15205 data 45845
    regex_detector_test.go:84: Expected label ZipCode, got  ([]), file ZipCode.csv:15206 data 45846
    regex_detector_test.go:84: Expected label ZipCode, got  ([]), file ZipCode.csv:15207 data 45848
    regex_detector_test.go:84: Expected label ZipCode, got  ([]), file ZipCode.csv:15208 data 45849
    regex_detector_test.go:84: Expected label ZipCode, got  ([]), file ZipCode.csv:15209 data 45850
    regex_detector_test.go:84: Expected label ZipCode, got  ([]), file ZipCode.csv:15210 data 45851
    regex_detector_test.go:84: Expected label ZipCode, got  ([]), file ZipCode.csv:15211 data 45853
    regex_detector_test.go:84: Expected label ZipCode, got  ([]), file ZipCode.csv:15212 data 45854
    regex_detector_test.go:84: Expected label ZipCode, got  ([]), file ZipCode.csv:15213 data 45855
    regex_detector_test.go:84: Expected label ZipCode, got  ([]), file ZipCode.csv:15214 data 45856
    regex_detector_test.go:84: Expected label ZipCode, got  ([]), file ZipCode.csv:15215 data 45858
    regex_detector_test.go:84: Expected label ZipCode, got  ([]), file ZipCode.csv:15216 data 45859
    regex_detector_test.go:84: Expected label ZipCode, got  ([]), file ZipCode.csv:15217 data 45860
    regex_detector_test.go:84: Expected label ZipCode, got  ([]), file ZipCode.csv:15218 data 45861
    regex_detector_test.go:84: Expected label ZipCode, got  ([]), file ZipCode.csv:15219 data 45862
    regex_detector_test.go:84: Expected label ZipCode, got  ([]), file ZipCode.csv:15220 data 45863
    regex_detector_test.go:84: Expected label ZipCode, got  ([]), file ZipCode.csv:15221 data 45864
    regex_detector_test.go:84: Expected label ZipCode, got  ([]), file ZipCode.csv:15222 data 45865
    regex_detector_test.go:84: Expected label ZipCode, got  ([]), file ZipCode.csv:15223 data 45866
    regex_detector_test.go:84: Expected label ZipCode, got  ([]), file ZipCode.csv:15224 data 45867
    regex_detector_test.go:84: Expected label ZipCode, got  ([]), file ZipCode.csv:15225 data 45868
    regex_detector_test.go:84: Expected label ZipCode, got  ([]), file ZipCode.csv:15226 data 45869
    regex_detector_test.go:84: Expected label ZipCode, got  ([]), file ZipCode.csv:15227 data 45870
    regex_detector_test.go:84: Expected label ZipCode, got  ([]), file ZipCode.csv:15228 data 45871
    regex_detector_test.go:84: Expected label ZipCode, got  ([]), file ZipCode.csv:15229 data 45872
    regex_detector_test.go:84: Expected label ZipCode, got  ([]), file ZipCode.csv:15230 data 45873
    regex_detector_test.go:84: Expected label ZipCode, got  ([]), file ZipCode.csv:15231 data 45874
    regex_detector_test.go:84: Expected label ZipCode, got  ([]), file ZipCode.csv:15232 data 45875
    regex_detector_test.go:84: Expected label ZipCode, got  ([]), file ZipCode.csv:15233 data 45876
    regex_detector_test.go:84: Expected label ZipCode, got  ([]), file ZipCode.csv:15234 data 45877
    regex_detector_test.go:84: Expected label ZipCode, got  ([]), file ZipCode.csv:15235 data 45879
    regex_detector_test.go:84: Expected label ZipCode, got  ([]), file ZipCode.csv:15236 data 45880
    regex_detector_test.go:84: Expected label ZipCode, got  ([]), file ZipCode.csv:15237 data 45881
    regex_detector_test.go:84: Expected label ZipCode, got  ([]), file ZipCode.csv:15238 data 45882
    regex_detector_test.go:84: Expected label ZipCode, got  ([]), file ZipCode.csv:15239 data 45883
    regex_detector_test.go:84: Expected label ZipCode, got  ([]), file ZipCode.csv:15240 data 45884
    regex_detector_test.go:84: Expected label ZipCode, got  ([]), file ZipCode.csv:15241 data 45885
    regex_detector_test.go:84: Expected label ZipCode, got  ([]), file ZipCode.csv:15242 data 45886
    regex_detector_test.go:84: Expected label ZipCode, got  ([]), file ZipCode.csv:15243 data 45887
    regex_detector_test.go:84: Expected label ZipCode, got  ([]), file ZipCode.csv:15244 data 45888
    regex_detector_test.go:84: Expected label ZipCode, got  ([]), file ZipCode.csv:15245 data 45889
    regex_detector_test.go:84: Expected label ZipCode, got  ([]), file ZipCode.csv:15246 data 45890
    regex_detector_test.go:84: Expected label ZipCode, got  ([]), file ZipCode.csv:15247 data 45891
    regex_detector_test.go:84: Expected label ZipCode, got  ([]), file ZipCode.csv:15248 data 45893
    regex_detector_test.go:84: Expected label ZipCode, got  ([]), file ZipCode.csv:15249 data 45894
    regex_detector_test.go:84: Expected label ZipCode, got  ([]), file ZipCode.csv:15250 data 45895
    regex_detector_test.go:84: Expected label ZipCode, got  ([]), file ZipCode.csv:15251 data 45896
    regex_detector_test.go:84: Expected label ZipCode, got  ([]), file ZipCode.csv:15252 data 45897
    regex_detector_test.go:84: Expected label ZipCode, got  ([]), file ZipCode.csv:15253 data 45898
    regex_detector_test.go:84: Expected label ZipCode, got  ([]), file ZipCode.csv:15254 data 45899
    regex_detector_test.go:84: Expected label ZipCode, got  ([]), file ZipCode.csv:15255 data 46001
    regex_detector_test.go:84: Expected label ZipCode, got  ([]), file ZipCode.csv:15256 data 46011
    regex_detector_test.go:84: Expected label ZipCode, got  ([]), file ZipCode.csv:15257 data 46012
    regex_detector_test.go:84: Expected label ZipCode, got  ([]), file ZipCode.csv:15258 data 46013
    regex_detector_test.go:84: Expected label ZipCode, got  ([]), file ZipCode.csv:15259 data 46016
    regex_detector_test.go:84: Expected label ZipCode, got  ([]), file ZipCode.csv:15260 data 46017
    regex_detector_test.go:84: Expected label ZipCode, got  ([]), file ZipCode.csv:15261 data 46030
    regex_detector_test.go:84: Expected label ZipCode, got  ([]), file ZipCode.csv:15262 data 46031
    regex_detector_test.go:84: Expected label ZipCode, got  ([]), file ZipCode.csv:15263 data 46032
    regex_detector_test.go:84: Expected label ZipCode, got  ([]), file ZipCode.csv:15264 data 46033
    regex_detector_test.go:84: Expected label ZipCode, got  ([]), file ZipCode.csv:15265 data 46034
    regex_detector_test.go:84: Expected label ZipCode, got  ([]), file ZipCode.csv:15266 data 46035
    regex_detector_test.go:84: Expected label ZipCode, got  ([]), file ZipCode.csv:15267 data 46036
    regex_detector_test.go:84: Expected label ZipCode, got  ([]), file ZipCode.csv:15268 data 46037
    regex_detector_test.go:84: Expected label ZipCode, got  ([]), file ZipCode.csv:15269 data 46038
    regex_detector_test.go:84: Expected label ZipCode, got  ([]), file ZipCode.csv:15270 data 46039
    regex_detector_test.go:84: Expected label ZipCode, got  ([]), file ZipCode.csv:15271 data 46040
    regex_detector_test.go:84: Expected label ZipCode, got  ([]), file ZipCode.csv:15272 data 46041
    regex_detector_test.go:84: Expected label ZipCode, got  ([]), file ZipCode.csv:15273 data 46044
    regex_detector_test.go:84: Expected label ZipCode, got  ([]), file ZipCode.csv:15274 data 46045
    regex_detector_test.go:84: Expected label ZipCode, got  ([]), file ZipCode.csv:15275 data 46047
    regex_detector_test.go:84: Expected label ZipCode, got  ([]), file ZipCode.csv:15276 data 46048
    regex_detector_test.go:84: Expected label ZipCode, got  ([]), file ZipCode.csv:15277 data 46049
    regex_detector_test.go:84: Expected label ZipCode, got  ([]), file ZipCode.csv:15278 data 46050
    regex_detector_test.go:84: Expected label ZipCode, got  ([]), file ZipCode.csv:15279 data 46051
    regex_detector_test.go:84: Expected label ZipCode, got  ([]), file ZipCode.csv:15280 data 46052
    regex_detector_test.go:84: Expected label ZipCode, got  ([]), file ZipCode.csv:15281 data 46055
    regex_detector_test.go:84: Expected label ZipCode, got  ([]), file ZipCode.csv:15282 data 46056
    regex_detector_test.go:84: Expected label ZipCode, got  ([]), file ZipCode.csv:15283 data 46057
    regex_detector_test.go:84: Expected label ZipCode, got  ([]), file ZipCode.csv:15284 data 46058
    regex_detector_test.go:84: Expected label ZipCode, got  ([]), file ZipCode.csv:15285 data 46060
    regex_detector_test.go:84: Expected label ZipCode, got  ([]), file ZipCode.csv:15286 data 46062
    regex_detector_test.go:84: Expected label ZipCode, got  ([]), file ZipCode.csv:15287 data 46063
    regex_detector_test.go:84: Expected label ZipCode, got  ([]), file ZipCode.csv:15288 data 46064
    regex_detector_test.go:84: Expected label ZipCode, got  ([]), file ZipCode.csv:15289 data 46065
    regex_detector_test.go:84: Expected label ZipCode, got  ([]), file ZipCode.csv:15290 data 46068
    regex_detector_test.go:84: Expected label ZipCode, got  ([]), file ZipCode.csv:15291 data 46069
    regex_detector_test.go:84: Expected label ZipCode, got  ([]), file ZipCode.csv:15292 data 46070
    regex_detector_test.go:84: Expected label ZipCode, got  ([]), file ZipCode.csv:15293 data 46071
    regex_detector_test.go:84: Expected label ZipCode, got  ([]), file ZipCode.csv:15294 data 46072
    regex_detector_test.go:84: Expected label ZipCode, got  ([]), file ZipCode.csv:15295 data 46074
    regex_detector_test.go:84: Expected label ZipCode, got  ([]), file ZipCode.csv:15296 data 46075
    regex_detector_test.go:84: Expected label ZipCode, got  ([]), file ZipCode.csv:15297 data 46076
    regex_detector_test.go:84: Expected label ZipCode, got  ([]), file ZipCode.csv:15298 data 46077
    regex_detector_test.go:84: Expected label ZipCode, got  ([]), file ZipCode.csv:15299 data 46102
    regex_detector_test.go:84: Expected label ZipCode, got  ([]), file ZipCode.csv:15300 data 46103
    regex_detector_test.go:84: Expected label ZipCode, got  ([]), file ZipCode.csv:15301 data 46104
    regex_detector_test.go:84: Expected label ZipCode, got  ([]), file ZipCode.csv:15302 data 46105
    regex_detector_test.go:84: Expected label ZipCode, got  ([]), file ZipCode.csv:15303 data 46106
    regex_detector_test.go:84: Expected label ZipCode, got  ([]), file ZipCode.csv:15304 data 46107
    regex_detector_test.go:84: Expected label ZipCode, got  ([]), file ZipCode.csv:15305 data 46110
    regex_detector_test.go:84: Expected label ZipCode, got  ([]), file ZipCode.csv:15306 data 46111
    regex_detector_test.go:84: Expected label ZipCode, got  ([]), file ZipCode.csv:15307 data 46112
    regex_detector_test.go:84: Expected label ZipCode, got  ([]), file ZipCode.csv:15308 data 46113
    regex_detector_test.go:84: Expected label ZipCode, got  ([]), file ZipCode.csv:15309 data 46115
    regex_detector_test.go:84: Expected label ZipCode, got  ([]), file ZipCode.csv:15310 data 46117
    regex_detector_test.go:84: Expected label ZipCode, got  ([]), file ZipCode.csv:15311 data 46118
    regex_detector_test.go:84: Expected label ZipCode, got  ([]), file ZipCode.csv:15312 data 46120
    regex_detector_test.go:84: Expected label ZipCode, got  ([]), file ZipCode.csv:15313 data 46121
    regex_detector_test.go:84: Expected label ZipCode, got  ([]), file ZipCode.csv:15314 data 46122
    regex_detector_test.go:84: Expected label ZipCode, got  ([]), file ZipCode.csv:15315 data 46123
    regex_detector_test.go:84: Expected label ZipCode, got  ([]), file ZipCode.csv:15316 data 46124
    regex_detector_test.go:84: Expected label ZipCode, got  ([]), file ZipCode.csv:15317 data 46125
    regex_detector_test.go:84: Expected label ZipCode, got  ([]), file ZipCode.csv:15318 data 46126
    regex_detector_test.go:84: Expected label ZipCode, got  ([]), file ZipCode.csv:15319 data 46127
    regex_detector_test.go:84: Expected label ZipCode, got  ([]), file ZipCode.csv:15320 data 46128
    regex_detector_test.go:84: Expected label ZipCode, got  ([]), file ZipCode.csv:15321 data 46130
    regex_detector_test.go:84: Expected label ZipCode, got  ([]), file ZipCode.csv:15322 data 46131
    regex_detector_test.go:84: Expected label ZipCode, got  ([]), file ZipCode.csv:15323 data 46133
    regex_detector_test.go:84: Expected label ZipCode, got  ([]), file ZipCode.csv:15324 data 46135
    regex_detector_test.go:84: Expected label ZipCode, got  ([]), file ZipCode.csv:15325 data 46140
    regex_detector_test.go:84: Expected label ZipCode, got  ([]), file ZipCode.csv:15326 data 46142
    regex_detector_test.go:84: Expected label ZipCode, got  ([]), file ZipCode.csv:15327 data 46143
    regex_detector_test.go:84: Expected label ZipCode, got  ([]), file ZipCode.csv:15328 data 46144
    regex_detector_test.go:84: Expected label ZipCode, got  ([]), file ZipCode.csv:15329 data 46146
    regex_detector_test.go:84: Expected label ZipCode, got  ([]), file ZipCode.csv:15330 data 46147
    regex_detector_test.go:84: Expected label ZipCode, got  ([]), file ZipCode.csv:15331 data 46148
    regex_detector_test.go:84: Expected label ZipCode, got  ([]), file ZipCode.csv:15332 data 46149
    regex_detector_test.go:84: Expected label ZipCode, got  ([]), file ZipCode.csv:15333 data 46150
    regex_detector_test.go:84: Expected label ZipCode, got  ([]), file ZipCode.csv:15334 data 46151
    regex_detector_test.go:84: Expected label ZipCode, got  ([]), file ZipCode.csv:15335 data 46154
    regex_detector_test.go:84: Expected label ZipCode, got  ([]), file ZipCode.csv:15336 data 46155
    regex_detector_test.go:84: Expected label ZipCode, got  ([]), file ZipCode.csv:15337 data 46156
    regex_detector_test.go:84: Expected label ZipCode, got  ([]), file ZipCode.csv:15338 data 46157
    regex_detector_test.go:84: Expected label ZipCode, got  ([]), file ZipCode.csv:15339 data 46158
    regex_detector_test.go:84: Expected label ZipCode, got  ([]), file ZipCode.csv:15340 data 46160
    regex_detector_test.go:84: Expected label ZipCode, got  ([]), file ZipCode.csv:15341 data 46161
    regex_detector_test.go:84: Expected label ZipCode, got  ([]), file ZipCode.csv:15342 data 46162
    regex_detector_test.go:84: Expected label ZipCode, got  ([]), file ZipCode.csv:15343 data 46163
    regex_detector_test.go:84: Expected label ZipCode, got  ([]), file ZipCode.csv:15344 data 46164
    regex_detector_test.go:84: Expected label ZipCode, got  ([]), file ZipCode.csv:15345 data 46165
    regex_detector_test.go:84: Expected label ZipCode, got  ([]), file ZipCode.csv:15346 data 46166
    regex_detector_test.go:84: Expected label ZipCode, got  ([]), file ZipCode.csv:15347 data 46167
    regex_detector_test.go:84: Expected label ZipCode, got  ([]), file ZipCode.csv:15348 data 46168
    regex_detector_test.go:84: Expected label ZipCode, got  ([]), file ZipCode.csv:15349 data 46170
    regex_detector_test.go:84: Expected label ZipCode, got  ([]), file ZipCode.csv:15350 data 46171
    regex_detector_test.go:84: Expected label ZipCode, got  ([]), file ZipCode.csv:15351 data 46172
    regex_detector_test.go:84: Expected label ZipCode, got  ([]), file ZipCode.csv:15352 data 46173
    regex_detector_test.go:84: Expected label ZipCode, got  ([]), file ZipCode.csv:15353 data 46175
    regex_detector_test.go:84: Expected label ZipCode, got  ([]), file ZipCode.csv:15354 data 46176
    regex_detector_test.go:84: Expected label ZipCode, got  ([]), file ZipCode.csv:15355 data 46180
    regex_detector_test.go:84: Expected label ZipCode, got  ([]), file ZipCode.csv:15356 data 46181
    regex_detector_test.go:84: Expected label ZipCode, got  ([]), file ZipCode.csv:15357 data 46182
    regex_detector_test.go:84: Expected label ZipCode, got  ([]), file ZipCode.csv:15358 data 46183
    regex_detector_test.go:84: Expected label ZipCode, got  ([]), file ZipCode.csv:15359 data 46184
    regex_detector_test.go:84: Expected label ZipCode, got  ([]), file ZipCode.csv:15360 data 46186
    regex_detector_test.go:84: Expected label ZipCode, got  ([]), file ZipCode.csv:15361 data 46201
    regex_detector_test.go:84: Expected label ZipCode, got  ([]), file ZipCode.csv:15362 data 46202
    regex_detector_test.go:84: Expected label ZipCode, got  ([]), file ZipCode.csv:15363 data 46203
    regex_detector_test.go:84: Expected label ZipCode, got  ([]), file ZipCode.csv:15364 data 46204
    regex_detector_test.go:84: Expected label ZipCode, got  ([]), file ZipCode.csv:15365 data 46205
    regex_detector_test.go:84: Expected label ZipCode, got  ([]), file ZipCode.csv:15366 data 46206
    regex_detector_test.go:84: Expected label ZipCode, got  ([]), file ZipCode.csv:15367 data 46208
    regex_detector_test.go:84: Expected label ZipCode, got  ([]), file ZipCode.csv:15368 data 46214
    regex_detector_test.go:84: Expected label ZipCode, got  ([]), file ZipCode.csv:15369 data 46216
    regex_detector_test.go:84: Expected label ZipCode, got  ([]), file ZipCode.csv:15370 data 46217
    regex_detector_test.go:84: Expected label ZipCode, got  ([]), file ZipCode.csv:15371 data 46218
    regex_detector_test.go:84: Expected label ZipCode, got  ([]), file ZipCode.csv:15372 data 46219
    regex_detector_test.go:84: Expected label ZipCode, got  ([]), file ZipCode.csv:15373 data 46220
    regex_detector_test.go:84: Expected label ZipCode, got  ([]), file ZipCode.csv:15374 data 46221
    regex_detector_test.go:84: Expected label ZipCode, got  ([]), file ZipCode.csv:15375 data 46222
    regex_detector_test.go:84: Expected label ZipCode, got  ([]), file ZipCode.csv:15376 data 46224
    regex_detector_test.go:84: Expected label ZipCode, got  ([]), file ZipCode.csv:15377 data 46225
    regex_detector_test.go:84: Expected label ZipCode, got  ([]), file ZipCode.csv:15378 data 46226
    regex_detector_test.go:84: Expected label ZipCode, got  ([]), file ZipCode.csv:15379 data 46227
    regex_detector_test.go:84: Expected label ZipCode, got  ([]), file ZipCode.csv:15380 data 46228
    regex_detector_test.go:84: Expected label ZipCode, got  ([]), file ZipCode.csv:15381 data 46229
    regex_detector_test.go:84: Expected label ZipCode, got  ([]), file ZipCode.csv:15382 data 46231
    regex_detector_test.go:84: Expected label ZipCode, got  ([]), file ZipCode.csv:15383 data 46234
    regex_detector_test.go:84: Expected label ZipCode, got  ([]), file ZipCode.csv:15384 data 46235
    regex_detector_test.go:84: Expected label ZipCode, got  ([]), file ZipCode.csv:15385 data 46236
    regex_detector_test.go:84: Expected label ZipCode, got  ([]), file ZipCode.csv:15386 data 46237
    regex_detector_test.go:84: Expected label ZipCode, got  ([]), file ZipCode.csv:15387 data 46239
    regex_detector_test.go:84: Expected label ZipCode, got  ([]), file ZipCode.csv:15388 data 46240
    regex_detector_test.go:84: Expected label ZipCode, got  ([]), file ZipCode.csv:15389 data 46241
    regex_detector_test.go:84: Expected label ZipCode, got  ([]), file ZipCode.csv:15390 data 46250
    regex_detector_test.go:84: Expected label ZipCode, got  ([]), file ZipCode.csv:15391 data 46254
    regex_detector_test.go:84: Expected label ZipCode, got  ([]), file ZipCode.csv:15392 data 46256
    regex_detector_test.go:84: Expected label ZipCode, got  ([]), file ZipCode.csv:15393 data 46259
    regex_detector_test.go:84: Expected label ZipCode, got  ([]), file ZipCode.csv:15394 data 46260
    regex_detector_test.go:84: Expected label ZipCode, got  ([]), file ZipCode.csv:15395 data 46268
    regex_detector_test.go:84: Expected label ZipCode, got  ([]), file ZipCode.csv:15396 data 46278
    regex_detector_test.go:84: Expected label ZipCode, got  ([]), file ZipCode.csv:15397 data 46280
    regex_detector_test.go:84: Expected label ZipCode, got  ([]), file ZipCode.csv:15398 data 46290
    regex_detector_test.go:84: Expected label ZipCode, got  ([]), file ZipCode.csv:15399 data 46301
    regex_detector_test.go:84: Expected label ZipCode, got  ([]), file ZipCode.csv:15400 data 46302
    regex_detector_test.go:84: Expected label ZipCode, got  ([]), file ZipCode.csv:15401 data 46303
    regex_detector_test.go:84: Expected label ZipCode, got  ([]), file ZipCode.csv:15402 data 46304
    regex_detector_test.go:84: Expected label ZipCode, got  ([]), file ZipCode.csv:15403 data 46307
    regex_detector_test.go:84: Expected label ZipCode, got  ([]), file ZipCode.csv:15404 data 46310
    regex_detector_test.go:84: Expected label ZipCode, got  ([]), file ZipCode.csv:15405 data 46311
    regex_detector_test.go:84: Expected label ZipCode, got  ([]), file ZipCode.csv:15406 data 46312
    regex_detector_test.go:84: Expected label ZipCode, got  ([]), file ZipCode.csv:15407 data 46319
    regex_detector_test.go:84: Expected label ZipCode, got  ([]), file ZipCode.csv:15408 data 46320
    regex_detector_test.go:84: Expected label ZipCode, got  ([]), file ZipCode.csv:15409 data 46321
    regex_detector_test.go:84: Expected label ZipCode, got  ([]), file ZipCode.csv:15410 data 46322
    regex_detector_test.go:84: Expected label ZipCode, got  ([]), file ZipCode.csv:15411 data 46323
    regex_detector_test.go:84: Expected label ZipCode, got  ([]), file ZipCode.csv:15412 data 46324
    regex_detector_test.go:84: Expected label ZipCode, got  ([]), file ZipCode.csv:15413 data 46327
    regex_detector_test.go:84: Expected label ZipCode, got  ([]), file ZipCode.csv:15414 data 46340
    regex_detector_test.go:84: Expected label ZipCode, got  ([]), file ZipCode.csv:15415 data 46341
    regex_detector_test.go:84: Expected label ZipCode, got  ([]), file ZipCode.csv:15416 data 46342
    regex_detector_test.go:84: Expected label ZipCode, got  ([]), file ZipCode.csv:15417 data 46345
    regex_detector_test.go:84: Expected label ZipCode, got  ([]), file ZipCode.csv:15418 data 46346
    regex_detector_test.go:84: Expected label ZipCode, got  ([]), file ZipCode.csv:15419 data 46347
    regex_detector_test.go:84: Expected label ZipCode, got  ([]), file ZipCode.csv:15420 data 46348
    regex_detector_test.go:84: Expected label ZipCode, got  ([]), file ZipCode.csv:15421 data 46349
    regex_detector_test.go:84: Expected label ZipCode, got  ([]), file ZipCode.csv:15422 data 46350
    regex_detector_test.go:84: Expected label ZipCode, got  ([]), file ZipCode.csv:15423 data 46356
    regex_detector_test.go:84: Expected label ZipCode, got  ([]), file ZipCode.csv:15424 data 46360
    regex_detector_test.go:84: Expected label ZipCode, got  ([]), file ZipCode.csv:15425 data 46365
    regex_detector_test.go:84: Expected label ZipCode, got  ([]), file ZipCode.csv:15426 data 46366
    regex_detector_test.go:84: Expected label ZipCode, got  ([]), file ZipCode.csv:15427 data 46368
    regex_detector_test.go:84: Expected label ZipCode, got  ([]), file ZipCode.csv:15428 data 46371
    regex_detector_test.go:84: Expected label ZipCode, got  ([]), file ZipCode.csv:15429 data 46373
    regex_detector_test.go:84: Expected label ZipCode, got  ([]), file ZipCode.csv:15430 data 46374
    regex_detector_test.go:84: Expected label ZipCode, got  ([]), file ZipCode.csv:15431 data 46375
    regex_detector_test.go:84: Expected label ZipCode, got  ([]), file ZipCode.csv:15432 data 46376
    regex_detector_test.go:84: Expected label ZipCode, got  ([]), file ZipCode.csv:15433 data 46377
    regex_detector_test.go:84: Expected label ZipCode, got  ([]), file ZipCode.csv:15434 data 46379
    regex_detector_test.go:84: Expected label ZipCode, got  ([]), file ZipCode.csv:15435 data 46381
    regex_detector_test.go:84: Expected label ZipCode, got  ([]), file ZipCode.csv:15436 data 46382
    regex_detector_test.go:84: Expected label ZipCode, got  ([]), file ZipCode.csv:15437 data 46383
    regex_detector_test.go:84: Expected label ZipCode, got  ([]), file ZipCode.csv:15438 data 46385
    regex_detector_test.go:84: Expected label ZipCode, got  ([]), file ZipCode.csv:15439 data 46390
    regex_detector_test.go:84: Expected label ZipCode, got  ([]), file ZipCode.csv:15440 data 46391
    regex_detector_test.go:84: Expected label ZipCode, got  ([]), file ZipCode.csv:15441 data 46392
    regex_detector_test.go:84: Expected label ZipCode, got  ([]), file ZipCode.csv:15442 data 46393
    regex_detector_test.go:84: Expected label ZipCode, got  ([]), file ZipCode.csv:15443 data 46394
    regex_detector_test.go:84: Expected label ZipCode, got  ([]), file ZipCode.csv:15444 data 46402
    regex_detector_test.go:84: Expected label ZipCode, got  ([]), file ZipCode.csv:15445 data 46403
    regex_detector_test.go:84: Expected label ZipCode, got  ([]), file ZipCode.csv:15446 data 46404
    regex_detector_test.go:84: Expected label ZipCode, got  ([]), file ZipCode.csv:15447 data 46405
    regex_detector_test.go:84: Expected label ZipCode, got  ([]), file ZipCode.csv:15448 data 46406
    regex_detector_test.go:84: Expected label ZipCode, got  ([]), file ZipCode.csv:15449 data 46407
    regex_detector_test.go:84: Expected label ZipCode, got  ([]), file ZipCode.csv:15450 data 46408
    regex_detector_test.go:84: Expected label ZipCode, got  ([]), file ZipCode.csv:15451 data 46409
    regex_detector_test.go:84: Expected label ZipCode, got  ([]), file ZipCode.csv:15452 data 46410
    regex_detector_test.go:84: Expected label ZipCode, got  ([]), file ZipCode.csv:15453 data 46501
    regex_detector_test.go:84: Expected label ZipCode, got  ([]), file ZipCode.csv:15454 data 46502
    regex_detector_test.go:84: Expected label ZipCode, got  ([]), file ZipCode.csv:15455 data 46504
    regex_detector_test.go:84: Expected label ZipCode, got  ([]), file ZipCode.csv:15456 data 46506
    regex_detector_test.go:84: Expected label ZipCode, got  ([]), file ZipCode.csv:15457 data 46507
    regex_detector_test.go:84: Expected label ZipCode, got  ([]), file ZipCode.csv:15458 data 46508
    regex_detector_test.go:84: Expected label ZipCode, got  ([]), file ZipCode.csv:15459 data 46510
    regex_detector_test.go:84: Expected label ZipCode, got  ([]), file ZipCode.csv:15460 data 46511
    regex_detector_test.go:84: Expected label ZipCode, got  ([]), file ZipCode.csv:15461 data 46513
    regex_detector_test.go:84: Expected label ZipCode, got  ([]), file ZipCode.csv:15462 data 46514
    regex_detector_test.go:84: Expected label ZipCode, got  ([]), file ZipCode.csv:15463 data 46516
    regex_detector_test.go:84: Expected label ZipCode, got  ([]), file ZipCode.csv:15464 data 46517
    regex_detector_test.go:84: Expected label ZipCode, got  ([]), file ZipCode.csv:15465 data 46524
    regex_detector_test.go:84: Expected label ZipCode, got  ([]), file ZipCode.csv:15466 data 46526
    regex_detector_test.go:84: Expected label ZipCode, got  ([]), file ZipCode.csv:15467 data 46528
    regex_detector_test.go:84: Expected label ZipCode, got  ([]), file ZipCode.csv:15468 data 46530
    regex_detector_test.go:84: Expected label ZipCode, got  ([]), file ZipCode.csv:15469 data 46531
    regex_detector_test.go:84: Expected label ZipCode, got  ([]), file ZipCode.csv:15470 data 46532
    regex_detector_test.go:84: Expected label ZipCode, got  ([]), file ZipCode.csv:15471 data 46534
    regex_detector_test.go:84: Expected label ZipCode, got  ([]), file ZipCode.csv:15472 data 46536
    regex_detector_test.go:84: Expected label ZipCode, got  ([]), file ZipCode.csv:15473 data 46537
    regex_detector_test.go:84: Expected label ZipCode, got  ([]), file ZipCode.csv:15474 data 46538
    regex_detector_test.go:84: Expected label ZipCode, got  ([]), file ZipCode.csv:15475 data 46539
    regex_detector_test.go:84: Expected label ZipCode, got  ([]), file ZipCode.csv:15476 data 46540
    regex_detector_test.go:84: Expected label ZipCode, got  ([]), file ZipCode.csv:15477 data 46542
    regex_detector_test.go:84: Expected label ZipCode, got  ([]), file ZipCode.csv:15478 data 46543
    regex_detector_test.go:84: Expected label ZipCode, got  ([]), file ZipCode.csv:15479 data 46544
    regex_detector_test.go:84: Expected label ZipCode, got  ([]), file ZipCode.csv:15480 data 46545
    regex_detector_test.go:84: Expected label ZipCode, got  ([]), file ZipCode.csv:15481 data 46550
    regex_detector_test.go:84: Expected label ZipCode, got  ([]), file ZipCode.csv:15482 data 46552
    regex_detector_test.go:84: Expected label ZipCode, got  ([]), file ZipCode.csv:15483 data 46553
    regex_detector_test.go:84: Expected label ZipCode, got  ([]), file ZipCode.csv:15484 data 46554
    regex_detector_test.go:84: Expected label ZipCode, got  ([]), file ZipCode.csv:15485 data 46555
    regex_detector_test.go:84: Expected label ZipCode, got  ([]), file ZipCode.csv:15486 data 46556
    regex_detector_test.go:84: Expected label ZipCode, got  ([]), file ZipCode.csv:15487 data 46561
    regex_detector_test.go:84: Expected label ZipCode, got  ([]), file ZipCode.csv:15488 data 46562
    regex_detector_test.go:84: Expected label ZipCode, got  ([]), file ZipCode.csv:15489 data 46563
    regex_detector_test.go:84: Expected label ZipCode, got  ([]), file ZipCode.csv:15490 data 46565
    regex_detector_test.go:84: Expected label ZipCode, got  ([]), file ZipCode.csv:15491 data 46567
    regex_detector_test.go:84: Expected label ZipCode, got  ([]), file ZipCode.csv:15492 data 46570
    regex_detector_test.go:84: Expected label ZipCode, got  ([]), file ZipCode.csv:15493 data 46571
    regex_detector_test.go:84: Expected label ZipCode, got  ([]), file ZipCode.csv:15494 data 46572
    regex_detector_test.go:84: Expected label ZipCode, got  ([]), file ZipCode.csv:15495 data 46573
    regex_detector_test.go:84: Expected label ZipCode, got  ([]), file ZipCode.csv:15496 data 46574
    regex_detector_test.go:84: Expected label ZipCode, got  ([]), file ZipCode.csv:15497 data 46580
    regex_detector_test.go:84: Expected label ZipCode, got  ([]), file ZipCode.csv:15498 data 46582
    regex_detector_test.go:84: Expected label ZipCode, got  ([]), file ZipCode.csv:15499 data 46590
    regex_detector_test.go:84: Expected label ZipCode, got  ([]), file ZipCode.csv:15500 data 46595
    regex_detector_test.go:84: Expected label ZipCode, got  ([]), file ZipCode.csv:15501 data 46601
    regex_detector_test.go:84: Expected label ZipCode, got  ([]), file ZipCode.csv:15502 data 46613
    regex_detector_test.go:84: Expected label ZipCode, got  ([]), file ZipCode.csv:15503 data 46614
    regex_detector_test.go:84: Expected label ZipCode, got  ([]), file ZipCode.csv:15504 data 46615
    regex_detector_test.go:84: Expected label ZipCode, got  ([]), file ZipCode.csv:15505 data 46616
    regex_detector_test.go:84: Expected label ZipCode, got  ([]), file ZipCode.csv:15506 data 46617
    regex_detector_test.go:84: Expected label ZipCode, got  ([]), file ZipCode.csv:15507 data 46619
    regex_detector_test.go:84: Expected label ZipCode, got  ([]), file ZipCode.csv:15508 data 46624
    regex_detector_test.go:84: Expected label ZipCode, got  ([]), file ZipCode.csv:15509 data 46628
    regex_detector_test.go:84: Expected label ZipCode, got  ([]), file ZipCode.csv:15510 data 46635
    regex_detector_test.go:84: Expected label ZipCode, got  ([]), file ZipCode.csv:15511 data 46637
    regex_detector_test.go:84: Expected label ZipCode, got  ([]), file ZipCode.csv:15512 data 46701
    regex_detector_test.go:84: Expected label ZipCode, got  ([]), file ZipCode.csv:15513 data 46702
    regex_detector_test.go:84: Expected label ZipCode, got  ([]), file ZipCode.csv:15514 data 46703
    regex_detector_test.go:84: Expected label ZipCode, got  ([]), file ZipCode.csv:15515 data 46704
    regex_detector_test.go:84: Expected label ZipCode, got  ([]), file ZipCode.csv:15516 data 46705
    regex_detector_test.go:84: Expected label ZipCode, got  ([]), file ZipCode.csv:15517 data 46706
    regex_detector_test.go:84: Expected label ZipCode, got  ([]), file ZipCode.csv:15518 data 46710
    regex_detector_test.go:84: Expected label ZipCode, got  ([]), file ZipCode.csv:15519 data 46711
    regex_detector_test.go:84: Expected label ZipCode, got  ([]), file ZipCode.csv:15520 data 46714
    regex_detector_test.go:84: Expected label ZipCode, got  ([]), file ZipCode.csv:15521 data 46721
    regex_detector_test.go:84: Expected label ZipCode, got  ([]), file ZipCode.csv:15522 data 46723
    regex_detector_test.go:84: Expected label ZipCode, got  ([]), file ZipCode.csv:15523 data 46725
    regex_detector_test.go:84: Expected label ZipCode, got  ([]), file ZipCode.csv:15524 data 46730
    regex_detector_test.go:84: Expected label ZipCode, got  ([]), file ZipCode.csv:15525 data 46731
    regex_detector_test.go:84: Expected label ZipCode, got  ([]), file ZipCode.csv:15526 data 46732
    regex_detector_test.go:84: Expected label ZipCode, got  ([]), file ZipCode.csv:15527 data 46733
    regex_detector_test.go:84: Expected label ZipCode, got  ([]), file ZipCode.csv:15528 data 46737
    regex_detector_test.go:84: Expected label ZipCode, got  ([]), file ZipCode.csv:15529 data 46738
    regex_detector_test.go:84: Expected label ZipCode, got  ([]), file ZipCode.csv:15530 data 46740
    regex_detector_test.go:84: Expected label ZipCode, got  ([]), file ZipCode.csv:15531 data 46741
    regex_detector_test.go:84: Expected label ZipCode, got  ([]), file ZipCode.csv:15532 data 46742
    regex_detector_test.go:84: Expected label ZipCode, got  ([]), file ZipCode.csv:15533 data 46743
    regex_detector_test.go:84: Expected label ZipCode, got  ([]), file ZipCode.csv:15534 data 46745
    regex_detector_test.go:84: Expected label ZipCode, got  ([]), file ZipCode.csv:15535 data 46746
    regex_detector_test.go:84: Expected label ZipCode, got  ([]), file ZipCode.csv:15536 data 46747
    regex_detector_test.go:84: Expected label ZipCode, got  ([]), file ZipCode.csv:15537 data 46748
    regex_detector_test.go:84: Expected label ZipCode, got  ([]), file ZipCode.csv:15538 data 46750
    regex_detector_test.go:84: Expected label ZipCode, got  ([]), file ZipCode.csv:15539 data 46755
    regex_detector_test.go:84: Expected label ZipCode, got  ([]), file ZipCode.csv:15540 data 46759
    regex_detector_test.go:84: Expected label ZipCode, got  ([]), file ZipCode.csv:15541 data 46760
    regex_detector_test.go:84: Expected label ZipCode, got  ([]), file ZipCode.csv:15542 data 46761
    regex_detector_test.go:84: Expected label ZipCode, got  ([]), file ZipCode.csv:15543 data 46763
    regex_detector_test.go:84: Expected label ZipCode, got  ([]), file ZipCode.csv:15544 data 46764
    regex_detector_test.go:84: Expected label ZipCode, got  ([]), file ZipCode.csv:15545 data 46765
    regex_detector_test.go:84: Expected label ZipCode, got  ([]), file ZipCode.csv:15546 data 46766
    regex_detector_test.go:84: Expected label ZipCode, got  ([]), file ZipCode.csv:15547 data 46767
    regex_detector_test.go:84: Expected label ZipCode, got  ([]), file ZipCode.csv:15548 data 46770
    regex_detector_test.go:84: Expected label ZipCode, got  ([]), file ZipCode.csv:15549 data 46771
    regex_detector_test.go:84: Expected label ZipCode, got  ([]), file ZipCode.csv:15550 data 46772
    regex_detector_test.go:84: Expected label ZipCode, got  ([]), file ZipCode.csv:15551 data 46773
    regex_detector_test.go:84: Expected label ZipCode, got  ([]), file ZipCode.csv:15552 data 46774
    regex_detector_test.go:84: Expected label ZipCode, got  ([]), file ZipCode.csv:15553 data 46776
    regex_detector_test.go:84: Expected label ZipCode, got  ([]), file ZipCode.csv:15554 data 46777
    regex_detector_test.go:84: Expected label ZipCode, got  ([]), file ZipCode.csv:15555 data 46778
    regex_detector_test.go:84: Expected label ZipCode, got  ([]), file ZipCode.csv:15556 data 46779
    regex_detector_test.go:84: Expected label ZipCode, got  ([]), file ZipCode.csv:15557 data 46781
    regex_detector_test.go:84: Expected label ZipCode, got  ([]), file ZipCode.csv:15558 data 46783
    regex_detector_test.go:84: Expected label ZipCode, got  ([]), file ZipCode.csv:15559 data 46784
    regex_detector_test.go:84: Expected label ZipCode, got  ([]), file ZipCode.csv:15560 data 46785
    regex_detector_test.go:84: Expected label ZipCode, got  ([]), file ZipCode.csv:15561 data 46786
    regex_detector_test.go:84: Expected label ZipCode, got  ([]), file ZipCode.csv:15562 data 46787
    regex_detector_test.go:84: Expected label ZipCode, got  ([]), file ZipCode.csv:15563 data 46788
    regex_detector_test.go:84: Expected label ZipCode, got  ([]), file ZipCode.csv:15564 data 46789
    regex_detector_test.go:84: Expected label ZipCode, got  ([]), file ZipCode.csv:15565 data 46791
    regex_detector_test.go:84: Expected label ZipCode, got  ([]), file ZipCode.csv:15566 data 46792
    regex_detector_test.go:84: Expected label ZipCode, got  ([]), file ZipCode.csv:15567 data 46793
    regex_detector_test.go:84: Expected label ZipCode, got  ([]), file ZipCode.csv:15568 data 46794
    regex_detector_test.go:84: Expected label ZipCode, got  ([]), file ZipCode.csv:15569 data 46795
    regex_detector_test.go:84: Expected label ZipCode, got  ([]), file ZipCode.csv:15570 data 46796
    regex_detector_test.go:84: Expected label ZipCode, got  ([]), file ZipCode.csv:15571 data 46797
    regex_detector_test.go:84: Expected label ZipCode, got  ([]), file ZipCode.csv:15572 data 46798
    regex_detector_test.go:84: Expected label ZipCode, got  ([]), file ZipCode.csv:15573 data 46799
    regex_detector_test.go:84: Expected label ZipCode, got  ([]), file ZipCode.csv:15574 data 46802
    regex_detector_test.go:84: Expected label ZipCode, got  ([]), file ZipCode.csv:15575 data 46803
    regex_detector_test.go:84: Expected label ZipCode, got  ([]), file ZipCode.csv:15576 data 46804
    regex_detector_test.go:84: Expected label ZipCode, got  ([]), file ZipCode.csv:15577 data 46805
    regex_detector_test.go:84: Expected label ZipCode, got  ([]), file ZipCode.csv:15578 data 46806
    regex_detector_test.go:84: Expected label ZipCode, got  ([]), file ZipCode.csv:15579 data 46807
    regex_detector_test.go:84: Expected label ZipCode, got  ([]), file ZipCode.csv:15580 data 46808
    regex_detector_test.go:84: Expected label ZipCode, got  ([]), file ZipCode.csv:15581 data 46809
    regex_detector_test.go:84: Expected label ZipCode, got  ([]), file ZipCode.csv:15582 data 46814
    regex_detector_test.go:84: Expected label ZipCode, got  ([]), file ZipCode.csv:15583 data 46815
    regex_detector_test.go:84: Expected label ZipCode, got  ([]), file ZipCode.csv:15584 data 46816
    regex_detector_test.go:84: Expected label ZipCode, got  ([]), file ZipCode.csv:15585 data 46818
    regex_detector_test.go:84: Expected label ZipCode, got  ([]), file ZipCode.csv:15586 data 46819
    regex_detector_test.go:84: Expected label ZipCode, got  ([]), file ZipCode.csv:15587 data 46825
    regex_detector_test.go:84: Expected label ZipCode, got  ([]), file ZipCode.csv:15588 data 46835
    regex_detector_test.go:84: Expected label ZipCode, got  ([]), file ZipCode.csv:15589 data 46845
    regex_detector_test.go:84: Expected label ZipCode, got  ([]), file ZipCode.csv:15590 data 46901
    regex_detector_test.go:84: Expected label ZipCode, got  ([]), file ZipCode.csv:15591 data 46902
    regex_detector_test.go:84: Expected label ZipCode, got  ([]), file ZipCode.csv:15592 data 46910
    regex_detector_test.go:84: Expected label ZipCode, got  ([]), file ZipCode.csv:15593 data 46911
    regex_detector_test.go:84: Expected label ZipCode, got  ([]), file ZipCode.csv:15594 data 46913
    regex_detector_test.go:84: Expected label ZipCode, got  ([]), file ZipCode.csv:15595 data 46914
    regex_detector_test.go:84: Expected label ZipCode, got  ([]), file ZipCode.csv:15596 data 46915
    regex_detector_test.go:84: Expected label ZipCode, got  ([]), file ZipCode.csv:15597 data 46917
    regex_detector_test.go:84: Expected label ZipCode, got  ([]), file ZipCode.csv:15598 data 46919
    regex_detector_test.go:84: Expected label ZipCode, got  ([]), file ZipCode.csv:15599 data 46920
    regex_detector_test.go:84: Expected label ZipCode, got  ([]), file ZipCode.csv:15600 data 46922
    regex_detector_test.go:84: Expected label ZipCode, got  ([]), file ZipCode.csv:15601 data 46923
    regex_detector_test.go:84: Expected label ZipCode, got  ([]), file ZipCode.csv:15602 data 46926
    regex_detector_test.go:84: Expected label ZipCode, got  ([]), file ZipCode.csv:15603 data 46928
    regex_detector_test.go:84: Expected label ZipCode, got  ([]), file ZipCode.csv:15604 data 46929
    regex_detector_test.go:84: Expected label ZipCode, got  ([]), file ZipCode.csv:15605 data 46930
    regex_detector_test.go:84: Expected label ZipCode, got  ([]), file ZipCode.csv:15606 data 46931
    regex_detector_test.go:84: Expected label ZipCode, got  ([]), file ZipCode.csv:15607 data 46932
    regex_detector_test.go:84: Expected label ZipCode, got  ([]), file ZipCode.csv:15608 data 46933
    regex_detector_test.go:84: Expected label ZipCode, got  ([]), file ZipCode.csv:15609 data 46936
    regex_detector_test.go:84: Expected label ZipCode, got  ([]), file ZipCode.csv:15610 data 46937
    regex_detector_test.go:84: Expected label ZipCode, got  ([]), file ZipCode.csv:15611 data 46938
    regex_detector_test.go:84: Expected label ZipCode, got  ([]), file ZipCode.csv:15612 data 46939
    regex_detector_test.go:84: Expected label ZipCode, got  ([]), file ZipCode.csv:15613 data 46940
    regex_detector_test.go:84: Expected label ZipCode, got  ([]), file ZipCode.csv:15614 data 46941
    regex_detector_test.go:84: Expected label ZipCode, got  ([]), file ZipCode.csv:15615 data 46943
    regex_detector_test.go:84: Expected label ZipCode, got  ([]), file ZipCode.csv:15616 data 46945
    regex_detector_test.go:84: Expected label ZipCode, got  ([]), file ZipCode.csv:15617 data 46946
    regex_detector_test.go:84: Expected label ZipCode, got  ([]), file ZipCode.csv:15618 data 46947
    regex_detector_test.go:84: Expected label ZipCode, got  ([]), file ZipCode.csv:15619 data 46950
    regex_detector_test.go:84: Expected label ZipCode, got  ([]), file ZipCode.csv:15620 data 46951
    regex_detector_test.go:84: Expected label ZipCode, got  ([]), file ZipCode.csv:15621 data 46952
    regex_detector_test.go:84: Expected label ZipCode, got  ([]), file ZipCode.csv:15622 data 46953
    regex_detector_test.go:84: Expected label ZipCode, got  ([]), file ZipCode.csv:15623 data 46957
    regex_detector_test.go:84: Expected label ZipCode, got  ([]), file ZipCode.csv:15624 data 46958
    regex_detector_test.go:84: Expected label ZipCode, got  ([]), file ZipCode.csv:15625 data 46959
    regex_detector_test.go:84: Expected label ZipCode, got  ([]), file ZipCode.csv:15626 data 46960
    regex_detector_test.go:84: Expected label ZipCode, got  ([]), file ZipCode.csv:15627 data 46961
    regex_detector_test.go:84: Expected label ZipCode, got  ([]), file ZipCode.csv:15628 data 46962
    regex_detector_test.go:84: Expected label ZipCode, got  ([]), file ZipCode.csv:15629 data 46965
    regex_detector_test.go:84: Expected label ZipCode, got  ([]), file ZipCode.csv:15630 data 46967
    regex_detector_test.go:84: Expected label ZipCode, got  ([]), file ZipCode.csv:15631 data 46968
    regex_detector_test.go:84: Expected label ZipCode, got  ([]), file ZipCode.csv:15632 data 46970
    regex_detector_test.go:84: Expected label ZipCode, got  ([]), file ZipCode.csv:15633 data 46971
    regex_detector_test.go:84: Expected label ZipCode, got  ([]), file ZipCode.csv:15634 data 46974
    regex_detector_test.go:84: Expected label ZipCode, got  ([]), file ZipCode.csv:15635 data 46975
    regex_detector_test.go:84: Expected label ZipCode, got  ([]), file ZipCode.csv:15636 data 46978
    regex_detector_test.go:84: Expected label ZipCode, got  ([]), file ZipCode.csv:15637 data 46979
    regex_detector_test.go:84: Expected label ZipCode, got  ([]), file ZipCode.csv:15638 data 46980
    regex_detector_test.go:84: Expected label ZipCode, got  ([]), file ZipCode.csv:15639 data 46982
    regex_detector_test.go:84: Expected label ZipCode, got  ([]), file ZipCode.csv:15640 data 46984
    regex_detector_test.go:84: Expected label ZipCode, got  ([]), file ZipCode.csv:15641 data 46985
    regex_detector_test.go:84: Expected label ZipCode, got  ([]), file ZipCode.csv:15642 data 46986
    regex_detector_test.go:84: Expected label ZipCode, got  ([]), file ZipCode.csv:15643 data 46987
    regex_detector_test.go:84: Expected label ZipCode, got  ([]), file ZipCode.csv:15644 data 46988
    regex_detector_test.go:84: Expected label ZipCode, got  ([]), file ZipCode.csv:15645 data 46989
    regex_detector_test.go:84: Expected label ZipCode, got  ([]), file ZipCode.csv:15646 data 46990
    regex_detector_test.go:84: Expected label ZipCode, got  ([]), file ZipCode.csv:15647 data 46991
    regex_detector_test.go:84: Expected label ZipCode, got  ([]), file ZipCode.csv:15648 data 46992
    regex_detector_test.go:84: Expected label ZipCode, got  ([]), file ZipCode.csv:15649 data 46994
    regex_detector_test.go:84: Expected label ZipCode, got  ([]), file ZipCode.csv:15650 data 46996
    regex_detector_test.go:84: Expected label ZipCode, got  ([]), file ZipCode.csv:15651 data 46998
    regex_detector_test.go:84: Expected label ZipCode, got  ([]), file ZipCode.csv:15652 data 47001
    regex_detector_test.go:84: Expected label ZipCode, got  ([]), file ZipCode.csv:15653 data 47003
    regex_detector_test.go:84: Expected label ZipCode, got  ([]), file ZipCode.csv:15654 data 47006
    regex_detector_test.go:84: Expected label ZipCode, got  ([]), file ZipCode.csv:15655 data 47010
    regex_detector_test.go:84: Expected label ZipCode, got  ([]), file ZipCode.csv:15656 data 47011
    regex_detector_test.go:84: Expected label ZipCode, got  ([]), file ZipCode.csv:15657 data 47012
    regex_detector_test.go:84: Expected label ZipCode, got  ([]), file ZipCode.csv:15658 data 47016
    regex_detector_test.go:84: Expected label ZipCode, got  ([]), file ZipCode.csv:15659 data 47017
    regex_detector_test.go:84: Expected label ZipCode, got  ([]), file ZipCode.csv:15660 data 47018
    regex_detector_test.go:84: Expected label ZipCode, got  ([]), file ZipCode.csv:15661 data 47020
    regex_detector_test.go:84: Expected label ZipCode, got  ([]), file ZipCode.csv:15662 data 47021
    regex_detector_test.go:84: Expected label ZipCode, got  ([]), file ZipCode.csv:15663 data 47022
    regex_detector_test.go:84: Expected label ZipCode, got  ([]), file ZipCode.csv:15664 data 47023
    regex_detector_test.go:84: Expected label ZipCode, got  ([]), file ZipCode.csv:15665 data 47024
    regex_detector_test.go:84: Expected label ZipCode, got  ([]), file ZipCode.csv:15666 data 47025
    regex_detector_test.go:84: Expected label ZipCode, got  ([]), file ZipCode.csv:15667 data 47030
    regex_detector_test.go:84: Expected label ZipCode, got  ([]), file ZipCode.csv:15668 data 47031
    regex_detector_test.go:84: Expected label ZipCode, got  ([]), file ZipCode.csv:15669 data 47032
    regex_detector_test.go:84: Expected label ZipCode, got  ([]), file ZipCode.csv:15670 data 47033
    regex_detector_test.go:84: Expected label ZipCode, got  ([]), file ZipCode.csv:15671 data 47034
    regex_detector_test.go:84: Expected label ZipCode, got  ([]), file ZipCode.csv:15672 data 47035
    regex_detector_test.go:84: Expected label ZipCode, got  ([]), file ZipCode.csv:15673 data 47036
    regex_detector_test.go:84: Expected label ZipCode, got  ([]), file ZipCode.csv:15674 data 47037
    regex_detector_test.go:84: Expected label ZipCode, got  ([]), file ZipCode.csv:15675 data 47038
    regex_detector_test.go:84: Expected label ZipCode, got  ([]), file ZipCode.csv:15676 data 47040
    regex_detector_test.go:84: Expected label ZipCode, got  ([]), file ZipCode.csv:15677 data 47041
    regex_detector_test.go:84: Expected label ZipCode, got  ([]), file ZipCode.csv:15678 data 47042
    regex_detector_test.go:84: Expected label ZipCode, got  ([]), file ZipCode.csv:15679 data 47043
    regex_detector_test.go:84: Expected label ZipCode, got  ([]), file ZipCode.csv:15680 data 47060
    regex_detector_test.go:84: Expected label ZipCode, got  ([]), file ZipCode.csv:15681 data 47102
    regex_detector_test.go:84: Expected label ZipCode, got  ([]), file ZipCode.csv:15682 data 47104
    regex_detector_test.go:84: Expected label ZipCode, got  ([]), file ZipCode.csv:15683 data 47106
    regex_detector_test.go:84: Expected label ZipCode, got  ([]), file ZipCode.csv:15684 data 47108
    regex_detector_test.go:84: Expected label ZipCode, got  ([]), file ZipCode.csv:15685 data 47110
    regex_detector_test.go:84: Expected label ZipCode, got  ([]), file ZipCode.csv:15686 data 47111
    regex_detector_test.go:84: Expected label ZipCode, got  ([]), file ZipCode.csv:15687 data 47112
    regex_detector_test.go:84: Expected label ZipCode, got  ([]), file ZipCode.csv:15688 data 47114
    regex_detector_test.go:84: Expected label ZipCode, got  ([]), file ZipCode.csv:15689 data 47115
    regex_detector_test.go:84: Expected label ZipCode, got  ([]), file ZipCode.csv:15690 data 47116
    regex_detector_test.go:84: Expected label ZipCode, got  ([]), file ZipCode.csv:15691 data 47117
    regex_detector_test.go:84: Expected label ZipCode, got  ([]), file ZipCode.csv:15692 data 47118
    regex_detector_test.go:84: Expected label ZipCode, got  ([]), file ZipCode.csv:15693 data 47119
    regex_detector_test.go:84: Expected label ZipCode, got  ([]), file ZipCode.csv:15694 data 47120
    regex_detector_test.go:84: Expected label ZipCode, got  ([]), file ZipCode.csv:15695 data 47122
    regex_detector_test.go:84: Expected label ZipCode, got  ([]), file ZipCode.csv:15696 data 47123
    regex_detector_test.go:84: Expected label ZipCode, got  ([]), file ZipCode.csv:15697 data 47124
    regex_detector_test.go:84: Expected label ZipCode, got  ([]), file ZipCode.csv:15698 data 47125
    regex_detector_test.go:84: Expected label ZipCode, got  ([]), file ZipCode.csv:15699 data 47126
    regex_detector_test.go:84: Expected label ZipCode, got  ([]), file ZipCode.csv:15700 data 47129
    regex_detector_test.go:84: Expected label ZipCode, got  ([]), file ZipCode.csv:15701 data 47130
    regex_detector_test.go:84: Expected label ZipCode, got  ([]), file ZipCode.csv:15702 data 47135
    regex_detector_test.go:84: Expected label ZipCode, got  ([]), file ZipCode.csv:15703 data 47136
    regex_detector_test.go:84: Expected label ZipCode, got  ([]), file ZipCode.csv:15704 data 47137
    regex_detector_test.go:84: Expected label ZipCode, got  ([]), file ZipCode.csv:15705 data 47138
    regex_detector_test.go:84: Expected label ZipCode, got  ([]), file ZipCode.csv:15706 data 47140
    regex_detector_test.go:84: Expected label ZipCode, got  ([]), file ZipCode.csv:15707 data 47141
    regex_detector_test.go:84: Expected label ZipCode, got  ([]), file ZipCode.csv:15708 data 47142
    regex_detector_test.go:84: Expected label ZipCode, got  ([]), file ZipCode.csv:15709 data 47143
    regex_detector_test.go:84: Expected label ZipCode, got  ([]), file ZipCode.csv:15710 data 47145
    regex_detector_test.go:84: Expected label ZipCode, got  ([]), file ZipCode.csv:15711 data 47147
    regex_detector_test.go:84: Expected label ZipCode, got  ([]), file ZipCode.csv:15712 data 47150
    regex_detector_test.go:84: Expected label ZipCode, got  ([]), file ZipCode.csv:15713 data 47160
    regex_detector_test.go:84: Expected label ZipCode, got  ([]), file ZipCode.csv:15714 data 47161
    regex_detector_test.go:84: Expected label ZipCode, got  ([]), file ZipCode.csv:15715 data 47162
    regex_detector_test.go:84: Expected label ZipCode, got  ([]), file ZipCode.csv:15716 data 47163
    regex_detector_test.go:84: Expected label ZipCode, got  ([]), file ZipCode.csv:15717 data 47164
    regex_detector_test.go:84: Expected label ZipCode, got  ([]), file ZipCode.csv:15718 data 47165
    regex_detector_test.go:84: Expected label ZipCode, got  ([]), file ZipCode.csv:15719 data 47166
    regex_detector_test.go:84: Expected label ZipCode, got  ([]), file ZipCode.csv:15720 data 47167
    regex_detector_test.go:84: Expected label ZipCode, got  ([]), file ZipCode.csv:15721 data 47170
    regex_detector_test.go:84: Expected label ZipCode, got  ([]), file ZipCode.csv:15722 data 47172
    regex_detector_test.go:84: Expected label ZipCode, got  ([]), file ZipCode.csv:15723 data 47174
    regex_detector_test.go:84: Expected label ZipCode, got  ([]), file ZipCode.csv:15724 data 47175
    regex_detector_test.go:84: Expected label ZipCode, got  ([]), file ZipCode.csv:15725 data 47177
    regex_detector_test.go:84: Expected label ZipCode, got  ([]), file ZipCode.csv:15726 data 47201
    regex_detector_test.go:84: Expected label ZipCode, got  ([]), file ZipCode.csv:15727 data 47203
    regex_detector_test.go:84: Expected label ZipCode, got  ([]), file ZipCode.csv:15728 data 47220
    regex_detector_test.go:84: Expected label ZipCode, got  ([]), file ZipCode.csv:15729 data 47223
    regex_detector_test.go:84: Expected label ZipCode, got  ([]), file ZipCode.csv:15730 data 47224
    regex_detector_test.go:84: Expected label ZipCode, got  ([]), file ZipCode.csv:15731 data 47225
    regex_detector_test.go:84: Expected label ZipCode, got  ([]), file ZipCode.csv:15732 data 47226
    regex_detector_test.go:84: Expected label ZipCode, got  ([]), file ZipCode.csv:15733 data 47227
    regex_detector_test.go:84: Expected label ZipCode, got  ([]), file ZipCode.csv:15734 data 47229
    regex_detector_test.go:84: Expected label ZipCode, got  ([]), file ZipCode.csv:15735 data 47230
    regex_detector_test.go:84: Expected label ZipCode, got  ([]), file ZipCode.csv:15736 data 47231
    regex_detector_test.go:84: Expected label ZipCode, got  ([]), file ZipCode.csv:15737 data 47232
    regex_detector_test.go:84: Expected label ZipCode, got  ([]), file ZipCode.csv:15738 data 47234
    regex_detector_test.go:84: Expected label ZipCode, got  ([]), file ZipCode.csv:15739 data 47235
    regex_detector_test.go:84: Expected label ZipCode, got  ([]), file ZipCode.csv:15740 data 47236
    regex_detector_test.go:84: Expected label ZipCode, got  ([]), file ZipCode.csv:15741 data 47240
    regex_detector_test.go:84: Expected label ZipCode, got  ([]), file ZipCode.csv:15742 data 47243
    regex_detector_test.go:84: Expected label ZipCode, got  ([]), file ZipCode.csv:15743 data 47244
    regex_detector_test.go:84: Expected label ZipCode, got  ([]), file ZipCode.csv:15744 data 47246
    regex_detector_test.go:84: Expected label ZipCode, got  ([]), file ZipCode.csv:15745 data 47247
    regex_detector_test.go:84: Expected label ZipCode, got  ([]), file ZipCode.csv:15746 data 47250
    regex_detector_test.go:84: Expected label ZipCode, got  ([]), file ZipCode.csv:15747 data 47260
    regex_detector_test.go:84: Expected label ZipCode, got  ([]), file ZipCode.csv:15748 data 47263
    regex_detector_test.go:84: Expected label ZipCode, got  ([]), file ZipCode.csv:15749 data 47264
    regex_detector_test.go:84: Expected label ZipCode, got  ([]), file ZipCode.csv:15750 data 47265
    regex_detector_test.go:84: Expected label ZipCode, got  ([]), file ZipCode.csv:15751 data 47270
    regex_detector_test.go:84: Expected label ZipCode, got  ([]), file ZipCode.csv:15752 data 47272
    regex_detector_test.go:84: Expected label ZipCode, got  ([]), file ZipCode.csv:15753 data 47273
    regex_detector_test.go:84: Expected label ZipCode, got  ([]), file ZipCode.csv:15754 data 47274
    regex_detector_test.go:84: Expected label ZipCode, got  ([]), file ZipCode.csv:15755 data 47280
    regex_detector_test.go:84: Expected label ZipCode, got  ([]), file ZipCode.csv:15756 data 47281
    regex_detector_test.go:84: Expected label ZipCode, got  ([]), file ZipCode.csv:15757 data 47282
    regex_detector_test.go:84: Expected label ZipCode, got  ([]), file ZipCode.csv:15758 data 47283
    regex_detector_test.go:84: Expected label ZipCode, got  ([]), file ZipCode.csv:15759 data 47302
    regex_detector_test.go:84: Expected label ZipCode, got  ([]), file ZipCode.csv:15760 data 47303
    regex_detector_test.go:84: Expected label ZipCode, got  ([]), file ZipCode.csv:15761 data 47304
    regex_detector_test.go:84: Expected label ZipCode, got  ([]), file ZipCode.csv:15762 data 47305
    regex_detector_test.go:84: Expected label ZipCode, got  ([]), file ZipCode.csv:15763 data 47306
    regex_detector_test.go:84: Expected label ZipCode, got  ([]), file ZipCode.csv:15764 data 47320
    regex_detector_test.go:84: Expected label ZipCode, got  ([]), file ZipCode.csv:15765 data 47324
    regex_detector_test.go:84: Expected label ZipCode, got  ([]), file ZipCode.csv:15766 data 47325
    regex_detector_test.go:84: Expected label ZipCode, got  ([]), file ZipCode.csv:15767 data 47326
    regex_detector_test.go:84: Expected label ZipCode, got  ([]), file ZipCode.csv:15768 data 47327
    regex_detector_test.go:84: Expected label ZipCode, got  ([]), file ZipCode.csv:15769 data 47330
    regex_detector_test.go:84: Expected label ZipCode, got  ([]), file ZipCode.csv:15770 data 47331
    regex_detector_test.go:84: Expected label ZipCode, got  ([]), file ZipCode.csv:15771 data 47334
    regex_detector_test.go:84: Expected label ZipCode, got  ([]), file ZipCode.csv:15772 data 47335
    regex_detector_test.go:84: Expected label ZipCode, got  ([]), file ZipCode.csv:15773 data 47336
    regex_detector_test.go:84: Expected label ZipCode, got  ([]), file ZipCode.csv:15774 data 47337
    regex_detector_test.go:84: Expected label ZipCode, got  ([]), file ZipCode.csv:15775 data 47338
    regex_detector_test.go:84: Expected label ZipCode, got  ([]), file ZipCode.csv:15776 data 47339
    regex_detector_test.go:84: Expected label ZipCode, got  ([]), file ZipCode.csv:15777 data 47340
    regex_detector_test.go:84: Expected label ZipCode, got  ([]), file ZipCode.csv:15778 data 47341
    regex_detector_test.go:84: Expected label ZipCode, got  ([]), file ZipCode.csv:15779 data 47342
    regex_detector_test.go:84: Expected label ZipCode, got  ([]), file ZipCode.csv:15780 data 47344
    regex_detector_test.go:84: Expected label ZipCode, got  ([]), file ZipCode.csv:15781 data 47345
    regex_detector_test.go:84: Expected label ZipCode, got  ([]), file ZipCode.csv:15782 data 47346
    regex_detector_test.go:84: Expected label ZipCode, got  ([]), file ZipCode.csv:15783 data 47348
    regex_detector_test.go:84: Expected label ZipCode, got  ([]), file ZipCode.csv:15784 data 47351
    regex_detector_test.go:84: Expected label ZipCode, got  ([]), file ZipCode.csv:15785 data 47352
    regex_detector_test.go:84: Expected label ZipCode, got  ([]), file ZipCode.csv:15786 data 47353
    regex_detector_test.go:84: Expected label ZipCode, got  ([]), file ZipCode.csv:15787 data 47354
    regex_detector_test.go:84: Expected label ZipCode, got  ([]), file ZipCode.csv:15788 data 47355
    regex_detector_test.go:84: Expected label ZipCode, got  ([]), file ZipCode.csv:15789 data 47356
    regex_detector_test.go:84: Expected label ZipCode, got  ([]), file ZipCode.csv:15790 data 47357
    regex_detector_test.go:84: Expected label ZipCode, got  ([]), file ZipCode.csv:15791 data 47358
    regex_detector_test.go:84: Expected label ZipCode, got  ([]), file ZipCode.csv:15792 data 47359
    regex_detector_test.go:84: Expected label ZipCode, got  ([]), file ZipCode.csv:15793 data 47360
    regex_detector_test.go:84: Expected label ZipCode, got  ([]), file ZipCode.csv:15794 data 47361
    regex_detector_test.go:84: Expected label ZipCode, got  ([]), file ZipCode.csv:15795 data 47362
    regex_detector_test.go:84: Expected label ZipCode, got  ([]), file ZipCode.csv:15796 data 47366
    regex_detector_test.go:84: Expected label ZipCode, got  ([]), file ZipCode.csv:15797 data 47367
    regex_detector_test.go:84: Expected label ZipCode, got  ([]), file ZipCode.csv:15798 data 47368
    regex_detector_test.go:84: Expected label ZipCode, got  ([]), file ZipCode.csv:15799 data 47369
    regex_detector_test.go:84: Expected label ZipCode, got  ([]), file ZipCode.csv:15800 data 47370
    regex_detector_test.go:84: Expected label ZipCode, got  ([]), file ZipCode.csv:15801 data 47371
    regex_detector_test.go:84: Expected label ZipCode, got  ([]), file ZipCode.csv:15802 data 47373
    regex_detector_test.go:84: Expected label ZipCode, got  ([]), file ZipCode.csv:15803 data 47374
    regex_detector_test.go:84: Expected label ZipCode, got  ([]), file ZipCode.csv:15804 data 47380
    regex_detector_test.go:84: Expected label ZipCode, got  ([]), file ZipCode.csv:15805 data 47381
    regex_detector_test.go:84: Expected label ZipCode, got  ([]), file ZipCode.csv:15806 data 47382
    regex_detector_test.go:84: Expected label ZipCode, got  ([]), file ZipCode.csv:15807 data 47383
    regex_detector_test.go:84: Expected label ZipCode, got  ([]), file ZipCode.csv:15808 data 47384
    regex_detector_test.go:84: Expected label ZipCode, got  ([]), file ZipCode.csv:15809 data 47385
    regex_detector_test.go:84: Expected label ZipCode, got  ([]), file ZipCode.csv:15810 data 47386
    regex_detector_test.go:84: Expected label ZipCode, got  ([]), file ZipCode.csv:15811 data 47387
    regex_detector_test.go:84: Expected label ZipCode, got  ([]), file ZipCode.csv:15812 data 47388
    regex_detector_test.go:84: Expected label ZipCode, got  ([]), file ZipCode.csv:15813 data 47390
    regex_detector_test.go:84: Expected label ZipCode, got  ([]), file ZipCode.csv:15814 data 47392
    regex_detector_test.go:84: Expected label ZipCode, got  ([]), file ZipCode.csv:15815 data 47393
    regex_detector_test.go:84: Expected label ZipCode, got  ([]), file ZipCode.csv:15816 data 47394
    regex_detector_test.go:84: Expected label ZipCode, got  ([]), file ZipCode.csv:15817 data 47396
    regex_detector_test.go:84: Expected label ZipCode, got  ([]), file ZipCode.csv:15818 data 47401
    regex_detector_test.go:84: Expected label ZipCode, got  ([]), file ZipCode.csv:15819 data 47403
    regex_detector_test.go:84: Expected label ZipCode, got  ([]), file ZipCode.csv:15820 data 47404
    regex_detector_test.go:84: Expected label ZipCode, got  ([]), file ZipCode.csv:15821 data 47405
    regex_detector_test.go:84: Expected label ZipCode, got  ([]), file ZipCode.csv:15822 data 47406
    regex_detector_test.go:84: Expected label ZipCode, got  ([]), file ZipCode.csv:15823 data 47408
    regex_detector_test.go:84: Expected label ZipCode, got  ([]), file ZipCode.csv:15824 data 47420
    regex_detector_test.go:84: Expected label ZipCode, got  ([]), file ZipCode.csv:15825 data 47421
    regex_detector_test.go:84: Expected label ZipCode, got  ([]), file ZipCode.csv:15826 data 47424
    regex_detector_test.go:84: Expected label ZipCode, got  ([]), file ZipCode.csv:15827 data 47427
    regex_detector_test.go:84: Expected label ZipCode, got  ([]), file ZipCode.csv:15828 data 47429
    regex_detector_test.go:84: Expected label ZipCode, got  ([]), file ZipCode.csv:15829 data 47431
    regex_detector_test.go:84: Expected label ZipCode, got  ([]), file ZipCode.csv:15830 data 47432
    regex_detector_test.go:84: Expected label ZipCode, got  ([]), file ZipCode.csv:15831 data 47433
    regex_detector_test.go:84: Expected label ZipCode, got  ([]), file ZipCode.csv:15832 data 47434
    regex_detector_test.go:84: Expected label ZipCode, got  ([]), file ZipCode.csv:15833 data 47435
    regex_detector_test.go:84: Expected label ZipCode, got  ([]), file ZipCode.csv:15834 data 47436
    regex_detector_test.go:84: Expected label ZipCode, got  ([]), file ZipCode.csv:15835 data 47437
    regex_detector_test.go:84: Expected label ZipCode, got  ([]), file ZipCode.csv:15836 data 47438
    regex_detector_test.go:84: Expected label ZipCode, got  ([]), file ZipCode.csv:15837 data 47441
    regex_detector_test.go:84: Expected label ZipCode, got  ([]), file ZipCode.csv:15838 data 47443
    regex_detector_test.go:84: Expected label ZipCode, got  ([]), file ZipCode.csv:15839 data 47445
    regex_detector_test.go:84: Expected label ZipCode, got  ([]), file ZipCode.csv:15840 data 47446
    regex_detector_test.go:84: Expected label ZipCode, got  ([]), file ZipCode.csv:15841 data 47448
    regex_detector_test.go:84: Expected label ZipCode, got  ([]), file ZipCode.csv:15842 data 47449
    regex_detector_test.go:84: Expected label ZipCode, got  ([]), file ZipCode.csv:15843 data 47451
    regex_detector_test.go:84: Expected label ZipCode, got  ([]), file ZipCode.csv:15844 data 47452
    regex_detector_test.go:84: Expected label ZipCode, got  ([]), file ZipCode.csv:15845 data 47453
    regex_detector_test.go:84: Expected label ZipCode, got  ([]), file ZipCode.csv:15846 data 47454
    regex_detector_test.go:84: Expected label ZipCode, got  ([]), file ZipCode.csv:15847 data 47455
    regex_detector_test.go:84: Expected label ZipCode, got  ([]), file ZipCode.csv:15848 data 47456
    regex_detector_test.go:84: Expected label ZipCode, got  ([]), file ZipCode.csv:15849 data 47457
    regex_detector_test.go:84: Expected label ZipCode, got  ([]), file ZipCode.csv:15850 data 47458
    regex_detector_test.go:84: Expected label ZipCode, got  ([]), file ZipCode.csv:15851 data 47459
    regex_detector_test.go:84: Expected label ZipCode, got  ([]), file ZipCode.csv:15852 data 47460
    regex_detector_test.go:84: Expected label ZipCode, got  ([]), file ZipCode.csv:15853 data 47462
    regex_detector_test.go:84: Expected label ZipCode, got  ([]), file ZipCode.csv:15854 data 47464
    regex_detector_test.go:84: Expected label ZipCode, got  ([]), file ZipCode.csv:15855 data 47465
    regex_detector_test.go:84: Expected label ZipCode, got  ([]), file ZipCode.csv:15856 data 47467
    regex_detector_test.go:84: Expected label ZipCode, got  ([]), file ZipCode.csv:15857 data 47468
    regex_detector_test.go:84: Expected label ZipCode, got  ([]), file ZipCode.csv:15858 data 47469
    regex_detector_test.go:84: Expected label ZipCode, got  ([]), file ZipCode.csv:15859 data 47470
    regex_detector_test.go:84: Expected label ZipCode, got  ([]), file ZipCode.csv:15860 data 47471
    regex_detector_test.go:84: Expected label ZipCode, got  ([]), file ZipCode.csv:15861 data 47501
    regex_detector_test.go:84: Expected label ZipCode, got  ([]), file ZipCode.csv:15862 data 47512
    regex_detector_test.go:84: Expected label ZipCode, got  ([]), file ZipCode.csv:15863 data 47513
    regex_detector_test.go:84: Expected label ZipCode, got  ([]), file ZipCode.csv:15864 data 47514
    regex_detector_test.go:84: Expected label ZipCode, got  ([]), file ZipCode.csv:15865 data 47515
    regex_detector_test.go:84: Expected label ZipCode, got  ([]), file ZipCode.csv:15866 data 47516
    regex_detector_test.go:84: Expected label ZipCode, got  ([]), file ZipCode.csv:15867 data 47519
    regex_detector_test.go:84: Expected label ZipCode, got  ([]), file ZipCode.csv:15868 data 47520
    regex_detector_test.go:84: Expected label ZipCode, got  ([]), file ZipCode.csv:15869 data 47521
    regex_detector_test.go:84: Expected label ZipCode, got  ([]), file ZipCode.csv:15870 data 47522
    regex_detector_test.go:84: Expected label ZipCode, got  ([]), file ZipCode.csv:15871 data 47523
    regex_detector_test.go:84: Expected label ZipCode, got  ([]), file ZipCode.csv:15872 data 47524
    regex_detector_test.go:84: Expected label ZipCode, got  ([]), file ZipCode.csv:15873 data 47525
    regex_detector_test.go:84: Expected label ZipCode, got  ([]), file ZipCode.csv:15874 data 47527
    regex_detector_test.go:84: Expected label ZipCode, got  ([]), file ZipCode.csv:15875 data 47528
    regex_detector_test.go:84: Expected label ZipCode, got  ([]), file ZipCode.csv:15876 data 47529
    regex_detector_test.go:84: Expected label ZipCode, got  ([]), file ZipCode.csv:15877 data 47531
    regex_detector_test.go:84: Expected label ZipCode, got  ([]), file ZipCode.csv:15878 data 47532
    regex_detector_test.go:84: Expected label ZipCode, got  ([]), file ZipCode.csv:15879 data 47535
    regex_detector_test.go:84: Expected label ZipCode, got  ([]), file ZipCode.csv:15880 data 47537
    regex_detector_test.go:84: Expected label ZipCode, got  ([]), file ZipCode.csv:15881 data 47541
    regex_detector_test.go:84: Expected label ZipCode, got  ([]), file ZipCode.csv:15882 data 47542
    regex_detector_test.go:84: Expected label ZipCode, got  ([]), file ZipCode.csv:15883 data 47546
    regex_detector_test.go:84: Expected label ZipCode, got  ([]), file ZipCode.csv:15884 data 47550
    regex_detector_test.go:84: Expected label ZipCode, got  ([]), file ZipCode.csv:15885 data 47551
    regex_detector_test.go:84: Expected label ZipCode, got  ([]), file ZipCode.csv:15886 data 47552
    regex_detector_test.go:84: Expected label ZipCode, got  ([]), file ZipCode.csv:15887 data 47553
    regex_detector_test.go:84: Expected label ZipCode, got  ([]), file ZipCode.csv:15888 data 47557
    regex_detector_test.go:84: Expected label ZipCode, got  ([]), file ZipCode.csv:15889 data 47558
    regex_detector_test.go:84: Expected label ZipCode, got  ([]), file ZipCode.csv:15890 data 47561
    regex_detector_test.go:84: Expected label ZipCode, got  ([]), file ZipCode.csv:15891 data 47562
    regex_detector_test.go:84: Expected label ZipCode, got  ([]), file ZipCode.csv:15892 data 47564
    regex_detector_test.go:84: Expected label ZipCode, got  ([]), file ZipCode.csv:15893 data 47567
    regex_detector_test.go:84: Expected label ZipCode, got  ([]), file ZipCode.csv:15894 data 47568
    regex_detector_test.go:84: Expected label ZipCode, got  ([]), file ZipCode.csv:15895 data 47573
    regex_detector_test.go:84: Expected label ZipCode, got  ([]), file ZipCode.csv:15896 data 47574
    regex_detector_test.go:84: Expected label ZipCode, got  ([]), file ZipCode.csv:15897 data 47575
    regex_detector_test.go:84: Expected label ZipCode, got  ([]), file ZipCode.csv:15898 data 47576
    regex_detector_test.go:84: Expected label ZipCode, got  ([]), file ZipCode.csv:15899 data 47577
    regex_detector_test.go:84: Expected label ZipCode, got  ([]), file ZipCode.csv:15900 data 47578
    regex_detector_test.go:84: Expected label ZipCode, got  ([]), file ZipCode.csv:15901 data 47579
    regex_detector_test.go:84: Expected label ZipCode, got  ([]), file ZipCode.csv:15902 data 47580
    regex_detector_test.go:84: Expected label ZipCode, got  ([]), file ZipCode.csv:15903 data 47581
    regex_detector_test.go:84: Expected label ZipCode, got  ([]), file ZipCode.csv:15904 data 47584
    regex_detector_test.go:84: Expected label ZipCode, got  ([]), file ZipCode.csv:15905 data 47585
    regex_detector_test.go:84: Expected label ZipCode, got  ([]), file ZipCode.csv:15906 data 47586
    regex_detector_test.go:84: Expected label ZipCode, got  ([]), file ZipCode.csv:15907 data 47588
    regex_detector_test.go:84: Expected label ZipCode, got  ([]), file ZipCode.csv:15908 data 47590
    regex_detector_test.go:84: Expected label ZipCode, got  ([]), file ZipCode.csv:15909 data 47591
    regex_detector_test.go:84: Expected label ZipCode, got  ([]), file ZipCode.csv:15910 data 47596
    regex_detector_test.go:84: Expected label ZipCode, got  ([]), file ZipCode.csv:15911 data 47597
    regex_detector_test.go:84: Expected label ZipCode, got  ([]), file ZipCode.csv:15912 data 47598
    regex_detector_test.go:84: Expected label ZipCode, got  ([]), file ZipCode.csv:15913 data 47601
    regex_detector_test.go:84: Expected label ZipCode, got  ([]), file ZipCode.csv:15914 data 47610
    regex_detector_test.go:84: Expected label ZipCode, got  ([]), file ZipCode.csv:15915 data 47611
    regex_detector_test.go:84: Expected label ZipCode, got  ([]), file ZipCode.csv:15916 data 47612
    regex_detector_test.go:84: Expected label ZipCode, got  ([]), file ZipCode.csv:15917 data 47613
    regex_detector_test.go:84: Expected label ZipCode, got  ([]), file ZipCode.csv:15918 data 47615
    regex_detector_test.go:84: Expected label ZipCode, got  ([]), file ZipCode.csv:15919 data 47616
    regex_detector_test.go:84: Expected label ZipCode, got  ([]), file ZipCode.csv:15920 data 47619
    regex_detector_test.go:84: Expected label ZipCode, got  ([]), file ZipCode.csv:15921 data 47620
    regex_detector_test.go:84: Expected label ZipCode, got  ([]), file ZipCode.csv:15922 data 47630
    regex_detector_test.go:84: Expected label ZipCode, got  ([]), file ZipCode.csv:15923 data 47631
    regex_detector_test.go:84: Expected label ZipCode, got  ([]), file ZipCode.csv:15924 data 47633
    regex_detector_test.go:84: Expected label ZipCode, got  ([]), file ZipCode.csv:15925 data 47634
    regex_detector_test.go:84: Expected label ZipCode, got  ([]), file ZipCode.csv:15926 data 47635
    regex_detector_test.go:84: Expected label ZipCode, got  ([]), file ZipCode.csv:15927 data 47637
    regex_detector_test.go:84: Expected label ZipCode, got  ([]), file ZipCode.csv:15928 data 47638
    regex_detector_test.go:84: Expected label ZipCode, got  ([]), file ZipCode.csv:15929 data 47639
    regex_detector_test.go:84: Expected label ZipCode, got  ([]), file ZipCode.csv:15930 data 47640
    regex_detector_test.go:84: Expected label ZipCode, got  ([]), file ZipCode.csv:15931 data 47648
    regex_detector_test.go:84: Expected label ZipCode, got  ([]), file ZipCode.csv:15932 data 47649
    regex_detector_test.go:84: Expected label ZipCode, got  ([]), file ZipCode.csv:15933 data 47654
    regex_detector_test.go:84: Expected label ZipCode, got  ([]), file ZipCode.csv:15934 data 47660
    regex_detector_test.go:84: Expected label ZipCode, got  ([]), file ZipCode.csv:15935 data 47665
    regex_detector_test.go:84: Expected label ZipCode, got  ([]), file ZipCode.csv:15936 data 47666
    regex_detector_test.go:84: Expected label ZipCode, got  ([]), file ZipCode.csv:15937 data 47670
    regex_detector_test.go:84: Expected label ZipCode, got  ([]), file ZipCode.csv:15938 data 47683
    regex_detector_test.go:84: Expected label ZipCode, got  ([]), file ZipCode.csv:15939 data 47708
    regex_detector_test.go:84: Expected label ZipCode, got  ([]), file ZipCode.csv:15940 data 47710
    regex_detector_test.go:84: Expected label ZipCode, got  ([]), file ZipCode.csv:15941 data 47711
    regex_detector_test.go:84: Expected label ZipCode, got  ([]), file ZipCode.csv:15942 data 47712
    regex_detector_test.go:84: Expected label ZipCode, got  ([]), file ZipCode.csv:15943 data 47713
    regex_detector_test.go:84: Expected label ZipCode, got  ([]), file ZipCode.csv:15944 data 47714
    regex_detector_test.go:84: Expected label ZipCode, got  ([]), file ZipCode.csv:15945 data 47715
    regex_detector_test.go:84: Expected label ZipCode, got  ([]), file ZipCode.csv:15946 data 47720
    regex_detector_test.go:84: Expected label ZipCode, got  ([]), file ZipCode.csv:15947 data 47725
    regex_detector_test.go:84: Expected label ZipCode, got  ([]), file ZipCode.csv:15948 data 47802
    regex_detector_test.go:84: Expected label ZipCode, got  ([]), file ZipCode.csv:15949 data 47803
    regex_detector_test.go:84: Expected label ZipCode, got  ([]), file ZipCode.csv:15950 data 47804
    regex_detector_test.go:84: Expected label ZipCode, got  ([]), file ZipCode.csv:15951 data 47805
    regex_detector_test.go:84: Expected label ZipCode, got  ([]), file ZipCode.csv:15952 data 47807
    regex_detector_test.go:84: Expected label ZipCode, got  ([]), file ZipCode.csv:15953 data 47809
    regex_detector_test.go:84: Expected label ZipCode, got  ([]), file ZipCode.csv:15954 data 47831
    regex_detector_test.go:84: Expected label ZipCode, got  ([]), file ZipCode.csv:15955 data 47832
    regex_detector_test.go:84: Expected label ZipCode, got  ([]), file ZipCode.csv:15956 data 47833
    regex_detector_test.go:84: Expected label ZipCode, got  ([]), file ZipCode.csv:15957 data 47834
    regex_detector_test.go:84: Expected label ZipCode, got  ([]), file ZipCode.csv:15958 data 47836
    regex_detector_test.go:84: Expected label ZipCode, got  ([]), file ZipCode.csv:15959 data 47837
    regex_detector_test.go:84: Expected label ZipCode, got  ([]), file ZipCode.csv:15960 data 47838
    regex_detector_test.go:84: Expected label ZipCode, got  ([]), file ZipCode.csv:15961 data 47840
    regex_detector_test.go:84: Expected label ZipCode, got  ([]), file ZipCode.csv:15962 data 47841
    regex_detector_test.go:84: Expected label ZipCode, got  ([]), file ZipCode.csv:15963 data 47842
    regex_detector_test.go:84: Expected label ZipCode, got  ([]), file ZipCode.csv:15964 data 47845
    regex_detector_test.go:84: Expected label ZipCode, got  ([]), file ZipCode.csv:15965 data 47846
    regex_detector_test.go:84: Expected label ZipCode, got  ([]), file ZipCode.csv:15966 data 47847
    regex_detector_test.go:84: Expected label ZipCode, got  ([]), file ZipCode.csv:15967 data 47848
    regex_detector_test.go:84: Expected label ZipCode, got  ([]), file ZipCode.csv:15968 data 47849
    regex_detector_test.go:84: Expected label ZipCode, got  ([]), file ZipCode.csv:15969 data 47850
    regex_detector_test.go:84: Expected label ZipCode, got  ([]), file ZipCode.csv:15970 data 47851
    regex_detector_test.go:84: Expected label ZipCode, got  ([]), file ZipCode.csv:15971 data 47853
    regex_detector_test.go:84: Expected label ZipCode, got  ([]), file ZipCode.csv:15972 data 47854
    regex_detector_test.go:84: Expected label ZipCode, got  ([]), file ZipCode.csv:15973 data 47855
    regex_detector_test.go:84: Expected label ZipCode, got  ([]), file ZipCode.csv:15974 data 47857
    regex_detector_test.go:84: Expected label ZipCode, got  ([]), file ZipCode.csv:15975 data 47858
    regex_detector_test.go:84: Expected label ZipCode, got  ([]), file ZipCode.csv:15976 data 47859
    regex_detector_test.go:84: Expected label ZipCode, got  ([]), file ZipCode.csv:15977 data 47860
    regex_detector_test.go:84: Expected label ZipCode, got  ([]), file ZipCode.csv:15978 data 47861
    regex_detector_test.go:84: Expected label ZipCode, got  ([]), file ZipCode.csv:15979 data 47862
    regex_detector_test.go:84: Expected label ZipCode, got  ([]), file ZipCode.csv:15980 data 47863
    regex_detector_test.go:84: Expected label ZipCode, got  ([]), file ZipCode.csv:15981 data 47865
    regex_detector_test.go:84: Expected label ZipCode, got  ([]), file ZipCode.csv:15982 data 47866
    regex_detector_test.go:84: Expected label ZipCode, got  ([]), file ZipCode.csv:15983 data 47868
    regex_detector_test.go:84: Expected label ZipCode, got  ([]), file ZipCode.csv:15984 data 47869
    regex_detector_test.go:84: Expected label ZipCode, got  ([]), file ZipCode.csv:15985 data 47870
    regex_detector_test.go:84: Expected label ZipCode, got  ([]), file ZipCode.csv:15986 data 47871
    regex_detector_test.go:84: Expected label ZipCode, got  ([]), file ZipCode.csv:15987 data 47872
    regex_detector_test.go:84: Expected label ZipCode, got  ([]), file ZipCode.csv:15988 data 47874
    regex_detector_test.go:84: Expected label ZipCode, got  ([]), file ZipCode.csv:15989 data 47875
    regex_detector_test.go:84: Expected label ZipCode, got  ([]), file ZipCode.csv:15990 data 47876
    regex_detector_test.go:84: Expected label ZipCode, got  ([]), file ZipCode.csv:15991 data 47879
    regex_detector_test.go:84: Expected label ZipCode, got  ([]), file ZipCode.csv:15992 data 47880
    regex_detector_test.go:84: Expected label ZipCode, got  ([]), file ZipCode.csv:15993 data 47881
    regex_detector_test.go:84: Expected label ZipCode, got  ([]), file ZipCode.csv:15994 data 47882
    regex_detector_test.go:84: Expected label ZipCode, got  ([]), file ZipCode.csv:15995 data 47884
    regex_detector_test.go:84: Expected label ZipCode, got  ([]), file ZipCode.csv:15996 data 47885
    regex_detector_test.go:84: Expected label ZipCode, got  ([]), file ZipCode.csv:15997 data 47901
    regex_detector_test.go:84: Expected label ZipCode, got  ([]), file ZipCode.csv:15998 data 47904
    regex_detector_test.go:84: Expected label ZipCode, got  ([]), file ZipCode.csv:15999 data 47905
    regex_detector_test.go:84: Expected label ZipCode, got  ([]), file ZipCode.csv:16000 data 47906
    regex_detector_test.go:84: Expected label ZipCode, got  ([]), file ZipCode.csv:16001 data 47907
    regex_detector_test.go:84: Expected label ZipCode, got  ([]), file ZipCode.csv:16002 data 47909
    regex_detector_test.go:84: Expected label ZipCode, got  ([]), file ZipCode.csv:16003 data 47916
    regex_detector_test.go:84: Expected label ZipCode, got  ([]), file ZipCode.csv:16004 data 47917
    regex_detector_test.go:84: Expected label ZipCode, got  ([]), file ZipCode.csv:16005 data 47918
    regex_detector_test.go:84: Expected label ZipCode, got  ([]), file ZipCode.csv:16006 data 47920
    regex_detector_test.go:84: Expected label ZipCode, got  ([]), file ZipCode.csv:16007 data 47921
    regex_detector_test.go:84: Expected label ZipCode, got  ([]), file ZipCode.csv:16008 data 47922
    regex_detector_test.go:84: Expected label ZipCode, got  ([]), file ZipCode.csv:16009 data 47923
    regex_detector_test.go:84: Expected label ZipCode, got  ([]), file ZipCode.csv:16010 data 47924
    regex_detector_test.go:84: Expected label ZipCode, got  ([]), file ZipCode.csv:16011 data 47925
    regex_detector_test.go:84: Expected label ZipCode, got  ([]), file ZipCode.csv:16012 data 47926
    regex_detector_test.go:84: Expected label ZipCode, got  ([]), file ZipCode.csv:16013 data 47928
    regex_detector_test.go:84: Expected label ZipCode, got  ([]), file ZipCode.csv:16014 data 47929
    regex_detector_test.go:84: Expected label ZipCode, got  ([]), file ZipCode.csv:16015 data 47930
    regex_detector_test.go:84: Expected label ZipCode, got  ([]), file ZipCode.csv:16016 data 47932
    regex_detector_test.go:84: Expected label ZipCode, got  ([]), file ZipCode.csv:16017 data 47933
    regex_detector_test.go:84: Expected label ZipCode, got  ([]), file ZipCode.csv:16018 data 47940
    regex_detector_test.go:84: Expected label ZipCode, got  ([]), file ZipCode.csv:16019 data 47941
    regex_detector_test.go:84: Expected label ZipCode, got  ([]), file ZipCode.csv:16020 data 47942
    regex_detector_test.go:84: Expected label ZipCode, got  ([]), file ZipCode.csv:16021 data 47943
    regex_detector_test.go:84: Expected label ZipCode, got  ([]), file ZipCode.csv:16022 data 47944
    regex_detector_test.go:84: Expected label ZipCode, got  ([]), file ZipCode.csv:16023 data 47946
    regex_detector_test.go:84: Expected label ZipCode, got  ([]), file ZipCode.csv:16024 data 47948
    regex_detector_test.go:84: Expected label ZipCode, got  ([]), file ZipCode.csv:16025 data 47949
    regex_detector_test.go:84: Expected label ZipCode, got  ([]), file ZipCode.csv:16026 data 47950
    regex_detector_test.go:84: Expected label ZipCode, got  ([]), file ZipCode.csv:16027 data 47951
    regex_detector_test.go:84: Expected label ZipCode, got  ([]), file ZipCode.csv:16028 data 47952
    regex_detector_test.go:84: Expected label ZipCode, got  ([]), file ZipCode.csv:16029 data 47954
    regex_detector_test.go:84: Expected label ZipCode, got  ([]), file ZipCode.csv:16030 data 47955
    regex_detector_test.go:84: Expected label ZipCode, got  ([]), file ZipCode.csv:16031 data 47957
    regex_detector_test.go:84: Expected label ZipCode, got  ([]), file ZipCode.csv:16032 data 47958
    regex_detector_test.go:84: Expected label ZipCode, got  ([]), file ZipCode.csv:16033 data 47959
    regex_detector_test.go:84: Expected label ZipCode, got  ([]), file ZipCode.csv:16034 data 47960
    regex_detector_test.go:84: Expected label ZipCode, got  ([]), file ZipCode.csv:16035 data 47963
    regex_detector_test.go:84: Expected label ZipCode, got  ([]), file ZipCode.csv:16036 data 47964
    regex_detector_test.go:84: Expected label ZipCode, got  ([]), file ZipCode.csv:16037 data 47965
    regex_detector_test.go:84: Expected label ZipCode, got  ([]), file ZipCode.csv:16038 data 47966
    regex_detector_test.go:84: Expected label ZipCode, got  ([]), file ZipCode.csv:16039 data 47967
    regex_detector_test.go:84: Expected label ZipCode, got  ([]), file ZipCode.csv:16040 data 47968
    regex_detector_test.go:84: Expected label ZipCode, got  ([]), file ZipCode.csv:16041 data 47969
    regex_detector_test.go:84: Expected label ZipCode, got  ([]), file ZipCode.csv:16042 data 47970
    regex_detector_test.go:84: Expected label ZipCode, got  ([]), file ZipCode.csv:16043 data 47971
    regex_detector_test.go:84: Expected label ZipCode, got  ([]), file ZipCode.csv:16044 data 47974
    regex_detector_test.go:84: Expected label ZipCode, got  ([]), file ZipCode.csv:16045 data 47975
    regex_detector_test.go:84: Expected label ZipCode, got  ([]), file ZipCode.csv:16046 data 47977
    regex_detector_test.go:84: Expected label ZipCode, got  ([]), file ZipCode.csv:16047 data 47978
    regex_detector_test.go:84: Expected label ZipCode, got  ([]), file ZipCode.csv:16048 data 47980
    regex_detector_test.go:84: Expected label ZipCode, got  ([]), file ZipCode.csv:16049 data 47981
    regex_detector_test.go:84: Expected label ZipCode, got  ([]), file ZipCode.csv:16050 data 47982
    regex_detector_test.go:84: Expected label ZipCode, got  ([]), file ZipCode.csv:16051 data 47983
    regex_detector_test.go:84: Expected label ZipCode, got  ([]), file ZipCode.csv:16052 data 47986
    regex_detector_test.go:84: Expected label ZipCode, got  ([]), file ZipCode.csv:16053 data 47987
    regex_detector_test.go:84: Expected label ZipCode, got  ([]), file ZipCode.csv:16054 data 47989
    regex_detector_test.go:84: Expected label ZipCode, got  ([]), file ZipCode.csv:16055 data 47990
    regex_detector_test.go:84: Expected label ZipCode, got  ([]), file ZipCode.csv:16056 data 47991
    regex_detector_test.go:84: Expected label ZipCode, got  ([]), file ZipCode.csv:16057 data 47992
    regex_detector_test.go:84: Expected label ZipCode, got  ([]), file ZipCode.csv:16058 data 47993
    regex_detector_test.go:84: Expected label ZipCode, got  ([]), file ZipCode.csv:16059 data 47994
    regex_detector_test.go:84: Expected label ZipCode, got  ([]), file ZipCode.csv:16060 data 47995
    regex_detector_test.go:84: Expected label ZipCode, got  ([]), file ZipCode.csv:16061 data 47997
    regex_detector_test.go:84: Expected label ZipCode, got  ([]), file ZipCode.csv:16062 data 48001
    regex_detector_test.go:84: Expected label ZipCode, got  ([]), file ZipCode.csv:16063 data 48002
    regex_detector_test.go:84: Expected label ZipCode, got  ([]), file ZipCode.csv:16064 data 48003
    regex_detector_test.go:84: Expected label ZipCode, got  ([]), file ZipCode.csv:16065 data 48005
    regex_detector_test.go:84: Expected label ZipCode, got  ([]), file ZipCode.csv:16066 data 48006
    regex_detector_test.go:84: Expected label ZipCode, got  ([]), file ZipCode.csv:16067 data 48009
    regex_detector_test.go:84: Expected label ZipCode, got  ([]), file ZipCode.csv:16068 data 48014
    regex_detector_test.go:84: Expected label ZipCode, got  ([]), file ZipCode.csv:16069 data 48015
    regex_detector_test.go:84: Expected label ZipCode, got  ([]), file ZipCode.csv:16070 data 48017
    regex_detector_test.go:84: Expected label ZipCode, got  ([]), file ZipCode.csv:16071 data 48021
    regex_detector_test.go:84: Expected label ZipCode, got  ([]), file ZipCode.csv:16072 data 48022
    regex_detector_test.go:84: Expected label ZipCode, got  ([]), file ZipCode.csv:16073 data 48023
    regex_detector_test.go:84: Expected label ZipCode, got  ([]), file ZipCode.csv:16074 data 48025
    regex_detector_test.go:84: Expected label ZipCode, got  ([]), file ZipCode.csv:16075 data 48026
    regex_detector_test.go:84: Expected label ZipCode, got  ([]), file ZipCode.csv:16076 data 48027
    regex_detector_test.go:84: Expected label ZipCode, got  ([]), file ZipCode.csv:16077 data 48028
    regex_detector_test.go:84: Expected label ZipCode, got  ([]), file ZipCode.csv:16078 data 48030
    regex_detector_test.go:84: Expected label ZipCode, got  ([]), file ZipCode.csv:16079 data 48032
    regex_detector_test.go:84: Expected label ZipCode, got  ([]), file ZipCode.csv:16080 data 48033
    regex_detector_test.go:84: Expected label ZipCode, got  ([]), file ZipCode.csv:16081 data 48034
    regex_detector_test.go:84: Expected label ZipCode, got  ([]), file ZipCode.csv:16082 data 48035
    regex_detector_test.go:84: Expected label ZipCode, got  ([]), file ZipCode.csv:16083 data 48036
    regex_detector_test.go:84: Expected label ZipCode, got  ([]), file ZipCode.csv:16084 data 48038
    regex_detector_test.go:84: Expected label ZipCode, got  ([]), file ZipCode.csv:16085 data 48039
    regex_detector_test.go:84: Expected label ZipCode, got  ([]), file ZipCode.csv:16086 data 48040
    regex_detector_test.go:84: Expected label ZipCode, got  ([]), file ZipCode.csv:16087 data 48041
    regex_detector_test.go:84: Expected label ZipCode, got  ([]), file ZipCode.csv:16088 data 48042
    regex_detector_test.go:84: Expected label ZipCode, got  ([]), file ZipCode.csv:16089 data 48043
    regex_detector_test.go:84: Expected label ZipCode, got  ([]), file ZipCode.csv:16090 data 48044
    regex_detector_test.go:84: Expected label ZipCode, got  ([]), file ZipCode.csv:16091 data 48045
    regex_detector_test.go:84: Expected label ZipCode, got  ([]), file ZipCode.csv:16092 data 48047
    regex_detector_test.go:84: Expected label ZipCode, got  ([]), file ZipCode.csv:16093 data 48048
    regex_detector_test.go:84: Expected label ZipCode, got  ([]), file ZipCode.csv:16094 data 48049
    regex_detector_test.go:84: Expected label ZipCode, got  ([]), file ZipCode.csv:16095 data 48050
    regex_detector_test.go:84: Expected label ZipCode, got  ([]), file ZipCode.csv:16096 data 48051
    regex_detector_test.go:84: Expected label ZipCode, got  ([]), file ZipCode.csv:16097 data 48054
    regex_detector_test.go:84: Expected label ZipCode, got  ([]), file ZipCode.csv:16098 data 48059
    regex_detector_test.go:84: Expected label ZipCode, got  ([]), file ZipCode.csv:16099 data 48060
    regex_detector_test.go:84: Expected label ZipCode, got  ([]), file ZipCode.csv:16100 data 48062
    regex_detector_test.go:84: Expected label ZipCode, got  ([]), file ZipCode.csv:16101 data 48063
    regex_detector_test.go:84: Expected label ZipCode, got  ([]), file ZipCode.csv:16102 data 48064
    regex_detector_test.go:84: Expected label ZipCode, got  ([]), file ZipCode.csv:16103 data 48065
    regex_detector_test.go:84: Expected label ZipCode, got  ([]), file ZipCode.csv:16104 data 48066
    regex_detector_test.go:84: Expected label ZipCode, got  ([]), file ZipCode.csv:16105 data 48067
    regex_detector_test.go:84: Expected label ZipCode, got  ([]), file ZipCode.csv:16106 data 48069
    regex_detector_test.go:84: Expected label ZipCode, got  ([]), file ZipCode.csv:16107 data 48070
    regex_detector_test.go:84: Expected label ZipCode, got  ([]), file ZipCode.csv:16108 data 48071
    regex_detector_test.go:84: Expected label ZipCode, got  ([]), file ZipCode.csv:16109 data 48072
    regex_detector_test.go:84: Expected label ZipCode, got  ([]), file ZipCode.csv:16110 data 48073
    regex_detector_test.go:84: Expected label ZipCode, got  ([]), file ZipCode.csv:16111 data 48074
    regex_detector_test.go:84: Expected label ZipCode, got  ([]), file ZipCode.csv:16112 data 48075
    regex_detector_test.go:84: Expected label ZipCode, got  ([]), file ZipCode.csv:16113 data 48076
    regex_detector_test.go:84: Expected label ZipCode, got  ([]), file ZipCode.csv:16114 data 48079
    regex_detector_test.go:84: Expected label ZipCode, got  ([]), file ZipCode.csv:16115 data 48080
    regex_detector_test.go:84: Expected label ZipCode, got  ([]), file ZipCode.csv:16116 data 48081
    regex_detector_test.go:84: Expected label ZipCode, got  ([]), file ZipCode.csv:16117 data 48082
    regex_detector_test.go:84: Expected label ZipCode, got  ([]), file ZipCode.csv:16118 data 48083
    regex_detector_test.go:84: Expected label ZipCode, got  ([]), file ZipCode.csv:16119 data 48084
    regex_detector_test.go:84: Expected label ZipCode, got  ([]), file ZipCode.csv:16120 data 48085
    regex_detector_test.go:84: Expected label ZipCode, got  ([]), file ZipCode.csv:16121 data 48088
    regex_detector_test.go:84: Expected label ZipCode, got  ([]), file ZipCode.csv:16122 data 48089
    regex_detector_test.go:84: Expected label ZipCode, got  ([]), file ZipCode.csv:16123 data 48091
    regex_detector_test.go:84: Expected label ZipCode, got  ([]), file ZipCode.csv:16124 data 48092
    regex_detector_test.go:84: Expected label ZipCode, got  ([]), file ZipCode.csv:16125 data 48093
    regex_detector_test.go:84: Expected label ZipCode, got  ([]), file ZipCode.csv:16126 data 48094
    regex_detector_test.go:84: Expected label ZipCode, got  ([]), file ZipCode.csv:16127 data 48095
    regex_detector_test.go:84: Expected label ZipCode, got  ([]), file ZipCode.csv:16128 data 48096
    regex_detector_test.go:84: Expected label ZipCode, got  ([]), file ZipCode.csv:16129 data 48097
    regex_detector_test.go:84: Expected label ZipCode, got  ([]), file ZipCode.csv:16130 data 48098
    regex_detector_test.go:84: Expected label ZipCode, got  ([]), file ZipCode.csv:16131 data 48101
    regex_detector_test.go:84: Expected label ZipCode, got  ([]), file ZipCode.csv:16132 data 48103
    regex_detector_test.go:84: Expected label ZipCode, got  ([]), file ZipCode.csv:16133 data 48104
    regex_detector_test.go:84: Expected label ZipCode, got  ([]), file ZipCode.csv:16134 data 48105
    regex_detector_test.go:84: Expected label ZipCode, got  ([]), file ZipCode.csv:16135 data 48108
    regex_detector_test.go:84: Expected label ZipCode, got  ([]), file ZipCode.csv:16136 data 48109
    regex_detector_test.go:84: Expected label ZipCode, got  ([]), file ZipCode.csv:16137 data 48111
    regex_detector_test.go:84: Expected label ZipCode, got  ([]), file ZipCode.csv:16138 data 48114
    regex_detector_test.go:84: Expected label ZipCode, got  ([]), file ZipCode.csv:16139 data 48116
    regex_detector_test.go:84: Expected label ZipCode, got  ([]), file ZipCode.csv:16140 data 48117
    regex_detector_test.go:84: Expected label ZipCode, got  ([]), file ZipCode.csv:16141 data 48118
    regex_detector_test.go:84: Expected label ZipCode, got  ([]), file ZipCode.csv:16142 data 48120
    regex_detector_test.go:84: Expected label ZipCode, got  ([]), file ZipCode.csv:16143 data 48122
    regex_detector_test.go:84: Expected label ZipCode, got  ([]), file ZipCode.csv:16144 data 48124
    regex_detector_test.go:84: Expected label ZipCode, got  ([]), file ZipCode.csv:16145 data 48125
    regex_detector_test.go:84: Expected label ZipCode, got  ([]), file ZipCode.csv:16146 data 48126
    regex_detector_test.go:84: Expected label ZipCode, got  ([]), file ZipCode.csv:16147 data 48127
    regex_detector_test.go:84: Expected label ZipCode, got  ([]), file ZipCode.csv:16148 data 48128
    regex_detector_test.go:84: Expected label ZipCode, got  ([]), file ZipCode.csv:16149 data 48130
    regex_detector_test.go:84: Expected label ZipCode, got  ([]), file ZipCode.csv:16150 data 48131
    regex_detector_test.go:84: Expected label ZipCode, got  ([]), file ZipCode.csv:16151 data 48133
    regex_detector_test.go:84: Expected label ZipCode, got  ([]), file ZipCode.csv:16152 data 48134
    regex_detector_test.go:84: Expected label ZipCode, got  ([]), file ZipCode.csv:16153 data 48135
    regex_detector_test.go:84: Expected label ZipCode, got  ([]), file ZipCode.csv:16154 data 48137
    regex_detector_test.go:84: Expected label ZipCode, got  ([]), file ZipCode.csv:16155 data 48138
    regex_detector_test.go:84: Expected label ZipCode, got  ([]), file ZipCode.csv:16156 data 48139
    regex_detector_test.go:84: Expected label ZipCode, got  ([]), file ZipCode.csv:16157 data 48140
    regex_detector_test.go:84: Expected label ZipCode, got  ([]), file ZipCode.csv:16158 data 48141
    regex_detector_test.go:84: Expected label ZipCode, got  ([]), file ZipCode.csv:16159 data 48143
    regex_detector_test.go:84: Expected label ZipCode, got  ([]), file ZipCode.csv:16160 data 48144
    regex_detector_test.go:84: Expected label ZipCode, got  ([]), file ZipCode.csv:16161 data 48145
    regex_detector_test.go:84: Expected label ZipCode, got  ([]), file ZipCode.csv:16162 data 48146
    regex_detector_test.go:84: Expected label ZipCode, got  ([]), file ZipCode.csv:16163 data 48150
    regex_detector_test.go:84: Expected label ZipCode, got  ([]), file ZipCode.csv:16164 data 48152
    regex_detector_test.go:84: Expected label ZipCode, got  ([]), file ZipCode.csv:16165 data 48154
    regex_detector_test.go:84: Expected label ZipCode, got  ([]), file ZipCode.csv:16166 data 48157
    regex_detector_test.go:84: Expected label ZipCode, got  ([]), file ZipCode.csv:16167 data 48158
    regex_detector_test.go:84: Expected label ZipCode, got  ([]), file ZipCode.csv:16168 data 48159
    regex_detector_test.go:84: Expected label ZipCode, got  ([]), file ZipCode.csv:16169 data 48160
    regex_detector_test.go:84: Expected label ZipCode, got  ([]), file ZipCode.csv:16170 data 48161
    regex_detector_test.go:84: Expected label ZipCode, got  ([]), file ZipCode.csv:16171 data 48162
    regex_detector_test.go:84: Expected label ZipCode, got  ([]), file ZipCode.csv:16172 data 48164
    regex_detector_test.go:84: Expected label ZipCode, got  ([]), file ZipCode.csv:16173 data 48165
    regex_detector_test.go:84: Expected label ZipCode, got  ([]), file ZipCode.csv:16174 data 48166
    regex_detector_test.go:84: Expected label ZipCode, got  ([]), file ZipCode.csv:16175 data 48167
    regex_detector_test.go:84: Expected label ZipCode, got  ([]), file ZipCode.csv:16176 data 48168
    regex_detector_test.go:84: Expected label ZipCode, got  ([]), file ZipCode.csv:16177 data 48169
    regex_detector_test.go:84: Expected label ZipCode, got  ([]), file ZipCode.csv:16178 data 48170
    regex_detector_test.go:84: Expected label ZipCode, got  ([]), file ZipCode.csv:16179 data 48173
    regex_detector_test.go:84: Expected label ZipCode, got  ([]), file ZipCode.csv:16180 data 48174
    regex_detector_test.go:84: Expected label ZipCode, got  ([]), file ZipCode.csv:16181 data 48176
    regex_detector_test.go:84: Expected label ZipCode, got  ([]), file ZipCode.csv:16182 data 48177
    regex_detector_test.go:84: Expected label ZipCode, got  ([]), file ZipCode.csv:16183 data 48178
    regex_detector_test.go:84: Expected label ZipCode, got  ([]), file ZipCode.csv:16184 data 48179
    regex_detector_test.go:84: Expected label ZipCode, got  ([]), file ZipCode.csv:16185 data 48180
    regex_detector_test.go:84: Expected label ZipCode, got  ([]), file ZipCode.csv:16186 data 48182
    regex_detector_test.go:84: Expected label ZipCode, got  ([]), file ZipCode.csv:16187 data 48183
    regex_detector_test.go:84: Expected label ZipCode, got  ([]), file ZipCode.csv:16188 data 48184
    regex_detector_test.go:84: Expected label ZipCode, got  ([]), file ZipCode.csv:16189 data 48185
    regex_detector_test.go:84: Expected label ZipCode, got  ([]), file ZipCode.csv:16190 data 48186
    regex_detector_test.go:84: Expected label ZipCode, got  ([]), file ZipCode.csv:16191 data 48187
    regex_detector_test.go:84: Expected label ZipCode, got  ([]), file ZipCode.csv:16192 data 48188
    regex_detector_test.go:84: Expected label ZipCode, got  ([]), file ZipCode.csv:16193 data 48189
    regex_detector_test.go:84: Expected label ZipCode, got  ([]), file ZipCode.csv:16194 data 48190
    regex_detector_test.go:84: Expected label ZipCode, got  ([]), file ZipCode.csv:16195 data 48191
    regex_detector_test.go:84: Expected label ZipCode, got  ([]), file ZipCode.csv:16196 data 48192
    regex_detector_test.go:84: Expected label ZipCode, got  ([]), file ZipCode.csv:16197 data 48193
    regex_detector_test.go:84: Expected label ZipCode, got  ([]), file ZipCode.csv:16198 data 48195
    regex_detector_test.go:84: Expected label ZipCode, got  ([]), file ZipCode.csv:16199 data 48197
    regex_detector_test.go:84: Expected label ZipCode, got  ([]), file ZipCode.csv:16200 data 48198
    regex_detector_test.go:84: Expected label ZipCode, got  ([]), file ZipCode.csv:16201 data 48201
    regex_detector_test.go:84: Expected label ZipCode, got  ([]), file ZipCode.csv:16202 data 48202
    regex_detector_test.go:84: Expected label ZipCode, got  ([]), file ZipCode.csv:16203 data 48203
    regex_detector_test.go:84: Expected label ZipCode, got  ([]), file ZipCode.csv:16204 data 48204
    regex_detector_test.go:84: Expected label ZipCode, got  ([]), file ZipCode.csv:16205 data 48205
    regex_detector_test.go:84: Expected label ZipCode, got  ([]), file ZipCode.csv:16206 data 48206
    regex_detector_test.go:84: Expected label ZipCode, got  ([]), file ZipCode.csv:16207 data 48207
    regex_detector_test.go:84: Expected label ZipCode, got  ([]), file ZipCode.csv:16208 data 48208
    regex_detector_test.go:84: Expected label ZipCode, got  ([]), file ZipCode.csv:16209 data 48209
    regex_detector_test.go:84: Expected label ZipCode, got  ([]), file ZipCode.csv:16210 data 48210
    regex_detector_test.go:84: Expected label ZipCode, got  ([]), file ZipCode.csv:16211 data 48211
    regex_detector_test.go:84: Expected label ZipCode, got  ([]), file ZipCode.csv:16212 data 48212
    regex_detector_test.go:84: Expected label ZipCode, got  ([]), file ZipCode.csv:16213 data 48213
    regex_detector_test.go:84: Expected label ZipCode, got  ([]), file ZipCode.csv:16214 data 48214
    regex_detector_test.go:84: Expected label ZipCode, got  ([]), file ZipCode.csv:16215 data 48215
    regex_detector_test.go:84: Expected label ZipCode, got  ([]), file ZipCode.csv:16216 data 48216
    regex_detector_test.go:84: Expected label ZipCode, got  ([]), file ZipCode.csv:16217 data 48217
    regex_detector_test.go:84: Expected label ZipCode, got  ([]), file ZipCode.csv:16218 data 48218
    regex_detector_test.go:84: Expected label ZipCode, got  ([]), file ZipCode.csv:16219 data 48219
    regex_detector_test.go:84: Expected label ZipCode, got  ([]), file ZipCode.csv:16220 data 48220
    regex_detector_test.go:84: Expected label ZipCode, got  ([]), file ZipCode.csv:16221 data 48221
    regex_detector_test.go:84: Expected label ZipCode, got  ([]), file ZipCode.csv:16222 data 48223
    regex_detector_test.go:84: Expected label ZipCode, got  ([]), file ZipCode.csv:16223 data 48224
    regex_detector_test.go:84: Expected label ZipCode, got  ([]), file ZipCode.csv:16224 data 48225
    regex_detector_test.go:84: Expected label ZipCode, got  ([]), file ZipCode.csv:16225 data 48226
    regex_detector_test.go:84: Expected label ZipCode, got  ([]), file ZipCode.csv:16226 data 48227
    regex_detector_test.go:84: Expected label ZipCode, got  ([]), file ZipCode.csv:16227 data 48228
    regex_detector_test.go:84: Expected label ZipCode, got  ([]), file ZipCode.csv:16228 data 48229
    regex_detector_test.go:84: Expected label ZipCode, got  ([]), file ZipCode.csv:16229 data 48230
    regex_detector_test.go:84: Expected label ZipCode, got  ([]), file ZipCode.csv:16230 data 48233
    regex_detector_test.go:84: Expected label ZipCode, got  ([]), file ZipCode.csv:16231 data 48234
    regex_detector_test.go:84: Expected label ZipCode, got  ([]), file ZipCode.csv:16232 data 48235
    regex_detector_test.go:84: Expected label ZipCode, got  ([]), file ZipCode.csv:16233 data 48236
    regex_detector_test.go:84: Expected label ZipCode, got  ([]), file ZipCode.csv:16234 data 48237
    regex_detector_test.go:84: Expected label ZipCode, got  ([]), file ZipCode.csv:16235 data 48238
    regex_detector_test.go:84: Expected label ZipCode, got  ([]), file ZipCode.csv:16236 data 48239
    regex_detector_test.go:84: Expected label ZipCode, got  ([]), file ZipCode.csv:16237 data 48240
    regex_detector_test.go:84: Expected label ZipCode, got  ([]), file ZipCode.csv:16238 data 48242
    regex_detector_test.go:84: Expected label ZipCode, got  ([]), file ZipCode.csv:16239 data 48243
    regex_detector_test.go:84: Expected label ZipCode, got  ([]), file ZipCode.csv:16240 data 48301
    regex_detector_test.go:84: Expected label ZipCode, got  ([]), file ZipCode.csv:16241 data 48302
    regex_detector_test.go:84: Expected label ZipCode, got  ([]), file ZipCode.csv:16242 data 48304
    regex_detector_test.go:84: Expected label ZipCode, got  ([]), file ZipCode.csv:16243 data 48306
    regex_detector_test.go:84: Expected label ZipCode, got  ([]), file ZipCode.csv:16244 data 48307
    regex_detector_test.go:84: Expected label ZipCode, got  ([]), file ZipCode.csv:16245 data 48309
    regex_detector_test.go:84: Expected label ZipCode, got  ([]), file ZipCode.csv:16246 data 48310
    regex_detector_test.go:84: Expected label ZipCode, got  ([]), file ZipCode.csv:16247 data 48312
    regex_detector_test.go:84: Expected label ZipCode, got  ([]), file ZipCode.csv:16248 data 48313
    regex_detector_test.go:84: Expected label ZipCode, got  ([]), file ZipCode.csv:16249 data 48314
    regex_detector_test.go:84: Expected label ZipCode, got  ([]), file ZipCode.csv:16250 data 48315
    regex_detector_test.go:84: Expected label ZipCode, got  ([]), file ZipCode.csv:16251 data 48316
    regex_detector_test.go:84: Expected label ZipCode, got  ([]), file ZipCode.csv:16252 data 48317
    regex_detector_test.go:84: Expected label ZipCode, got  ([]), file ZipCode.csv:16253 data 48320
    regex_detector_test.go:84: Expected label ZipCode, got  ([]), file ZipCode.csv:16254 data 48322
    regex_detector_test.go:84: Expected label ZipCode, got  ([]), file ZipCode.csv:16255 data 48323
    regex_detector_test.go:84: Expected label ZipCode, got  ([]), file ZipCode.csv:16256 data 48324
    regex_detector_test.go:84: Expected label ZipCode, got  ([]), file ZipCode.csv:16257 data 48326
    regex_detector_test.go:84: Expected label ZipCode, got  ([]), file ZipCode.csv:16258 data 48327
    regex_detector_test.go:84: Expected label ZipCode, got  ([]), file ZipCode.csv:16259 data 48328
    regex_detector_test.go:84: Expected label ZipCode, got  ([]), file ZipCode.csv:16260 data 48329
    regex_detector_test.go:84: Expected label ZipCode, got  ([]), file ZipCode.csv:16261 data 48331
    regex_detector_test.go:84: Expected label ZipCode, got  ([]), file ZipCode.csv:16262 data 48334
    regex_detector_test.go:84: Expected label ZipCode, got  ([]), file ZipCode.csv:16263 data 48335
    regex_detector_test.go:84: Expected label ZipCode, got  ([]), file ZipCode.csv:16264 data 48336
    regex_detector_test.go:84: Expected label ZipCode, got  ([]), file ZipCode.csv:16265 data 48340
    regex_detector_test.go:84: Expected label ZipCode, got  ([]), file ZipCode.csv:16266 data 48341
    regex_detector_test.go:84: Expected label ZipCode, got  ([]), file ZipCode.csv:16267 data 48342
    regex_detector_test.go:84: Expected label ZipCode, got  ([]), file ZipCode.csv:16268 data 48346
    regex_detector_test.go:84: Expected label ZipCode, got  ([]), file ZipCode.csv:16269 data 48348
    regex_detector_test.go:84: Expected label ZipCode, got  ([]), file ZipCode.csv:16270 data 48350
    regex_detector_test.go:84: Expected label ZipCode, got  ([]), file ZipCode.csv:16271 data 48353
    regex_detector_test.go:84: Expected label ZipCode, got  ([]), file ZipCode.csv:16272 data 48356
    regex_detector_test.go:84: Expected label ZipCode, got  ([]), file ZipCode.csv:16273 data 48357
    regex_detector_test.go:84: Expected label ZipCode, got  ([]), file ZipCode.csv:16274 data 48359
    regex_detector_test.go:84: Expected label ZipCode, got  ([]), file ZipCode.csv:16275 data 48360
    regex_detector_test.go:84: Expected label ZipCode, got  ([]), file ZipCode.csv:16276 data 48362
    regex_detector_test.go:84: Expected label ZipCode, got  ([]), file ZipCode.csv:16277 data 48363
    regex_detector_test.go:84: Expected label ZipCode, got  ([]), file ZipCode.csv:16278 data 48367
    regex_detector_test.go:84: Expected label ZipCode, got  ([]), file ZipCode.csv:16279 data 48370
    regex_detector_test.go:84: Expected label ZipCode, got  ([]), file ZipCode.csv:16280 data 48371
    regex_detector_test.go:84: Expected label ZipCode, got  ([]), file ZipCode.csv:16281 data 48374
    regex_detector_test.go:84: Expected label ZipCode, got  ([]), file ZipCode.csv:16282 data 48375
    regex_detector_test.go:84: Expected label ZipCode, got  ([]), file ZipCode.csv:16283 data 48377
    regex_detector_test.go:84: Expected label ZipCode, got  ([]), file ZipCode.csv:16284 data 48380
    regex_detector_test.go:84: Expected label ZipCode, got  ([]), file ZipCode.csv:16285 data 48381
    regex_detector_test.go:84: Expected label ZipCode, got  ([]), file ZipCode.csv:16286 data 48382
    regex_detector_test.go:84: Expected label ZipCode, got  ([]), file ZipCode.csv:16287 data 48383
    regex_detector_test.go:84: Expected label ZipCode, got  ([]), file ZipCode.csv:16288 data 48386
    regex_detector_test.go:84: Expected label ZipCode, got  ([]), file ZipCode.csv:16289 data 48390
    regex_detector_test.go:84: Expected label ZipCode, got  ([]), file ZipCode.csv:16290 data 48393
    regex_detector_test.go:84: Expected label ZipCode, got  ([]), file ZipCode.csv:16291 data 48401
    regex_detector_test.go:84: Expected label ZipCode, got  ([]), file ZipCode.csv:16292 data 48410
    regex_detector_test.go:84: Expected label ZipCode, got  ([]), file ZipCode.csv:16293 data 48411
    regex_detector_test.go:84: Expected label ZipCode, got  ([]), file ZipCode.csv:16294 data 48412
    regex_detector_test.go:84: Expected label ZipCode, got  ([]), file ZipCode.csv:16295 data 48413
    regex_detector_test.go:84: Expected label ZipCode, got  ([]), file ZipCode.csv:16296 data 48414
    regex_detector_test.go:84: Expected label ZipCode, got  ([]), file ZipCode.csv:16297 data 48415
    regex_detector_test.go:84: Expected label ZipCode, got  ([]), file ZipCode.csv:16298 data 48416
    regex_detector_test.go:84: Expected label ZipCode, got  ([]), file ZipCode.csv:16299 data 48417
    regex_detector_test.go:84: Expected label ZipCode, got  ([]), file ZipCode.csv:16300 data 48418
    regex_detector_test.go:84: Expected label ZipCode, got  ([]), file ZipCode.csv:16301 data 48419
    regex_detector_test.go:84: Expected label ZipCode, got  ([]), file ZipCode.csv:16302 data 48420
    regex_detector_test.go:84: Expected label ZipCode, got  ([]), file ZipCode.csv:16303 data 48421
    regex_detector_test.go:84: Expected label ZipCode, got  ([]), file ZipCode.csv:16304 data 48422
    regex_detector_test.go:84: Expected label ZipCode, got  ([]), file ZipCode.csv:16305 data 48423
    regex_detector_test.go:84: Expected label ZipCode, got  ([]), file ZipCode.csv:16306 data 48426
    regex_detector_test.go:84: Expected label ZipCode, got  ([]), file ZipCode.csv:16307 data 48427
    regex_detector_test.go:84: Expected label ZipCode, got  ([]), file ZipCode.csv:16308 data 48428
    regex_detector_test.go:84: Expected label ZipCode, got  ([]), file ZipCode.csv:16309 data 48429
    regex_detector_test.go:84: Expected label ZipCode, got  ([]), file ZipCode.csv:16310 data 48430
    regex_detector_test.go:84: Expected label ZipCode, got  ([]), file ZipCode.csv:16311 data 48432
    regex_detector_test.go:84: Expected label ZipCode, got  ([]), file ZipCode.csv:16312 data 48433
    regex_detector_test.go:84: Expected label ZipCode, got  ([]), file ZipCode.csv:16313 data 48434
    regex_detector_test.go:84: Expected label ZipCode, got  ([]), file ZipCode.csv:16314 data 48435
    regex_detector_test.go:84: Expected label ZipCode, got  ([]), file ZipCode.csv:16315 data 48436
    regex_detector_test.go:84: Expected label ZipCode, got  ([]), file ZipCode.csv:16316 data 48437
    regex_detector_test.go:84: Expected label ZipCode, got  ([]), file ZipCode.csv:16317 data 48438
    regex_detector_test.go:84: Expected label ZipCode, got  ([]), file ZipCode.csv:16318 data 48439
    regex_detector_test.go:84: Expected label ZipCode, got  ([]), file ZipCode.csv:16319 data 48440
    regex_detector_test.go:84: Expected label ZipCode, got  ([]), file ZipCode.csv:16320 data 48441
    regex_detector_test.go:84: Expected label ZipCode, got  ([]), file ZipCode.csv:16321 data 48442
    regex_detector_test.go:84: Expected label ZipCode, got  ([]), file ZipCode.csv:16322 data 48444
    regex_detector_test.go:84: Expected label ZipCode, got  ([]), file ZipCode.csv:16323 data 48445
    regex_detector_test.go:84: Expected label ZipCode, got  ([]), file ZipCode.csv:16324 data 48446
    regex_detector_test.go:84: Expected label ZipCode, got  ([]), file ZipCode.csv:16325 data 48449
    regex_detector_test.go:84: Expected label ZipCode, got  ([]), file ZipCode.csv:16326 data 48450
    regex_detector_test.go:84: Expected label ZipCode, got  ([]), file ZipCode.csv:16327 data 48451
    regex_detector_test.go:84: Expected label ZipCode, got  ([]), file ZipCode.csv:16328 data 48453
    regex_detector_test.go:84: Expected label ZipCode, got  ([]), file ZipCode.csv:16329 data 48454
    regex_detector_test.go:84: Expected label ZipCode, got  ([]), file ZipCode.csv:16330 data 48455
    regex_detector_test.go:84: Expected label ZipCode, got  ([]), file ZipCode.csv:16331 data 48456
    regex_detector_test.go:84: Expected label ZipCode, got  ([]), file ZipCode.csv:16332 data 48457
    regex_detector_test.go:84: Expected label ZipCode, got  ([]), file ZipCode.csv:16333 data 48458
    regex_detector_test.go:84: Expected label ZipCode, got  ([]), file ZipCode.csv:16334 data 48460
    regex_detector_test.go:84: Expected label ZipCode, got  ([]), file ZipCode.csv:16335 data 48461
    regex_detector_test.go:84: Expected label ZipCode, got  ([]), file ZipCode.csv:16336 data 48462
    regex_detector_test.go:84: Expected label ZipCode, got  ([]), file ZipCode.csv:16337 data 48463
    regex_detector_test.go:84: Expected label ZipCode, got  ([]), file ZipCode.csv:16338 data 48464
    regex_detector_test.go:84: Expected label ZipCode, got  ([]), file ZipCode.csv:16339 data 48465
    regex_detector_test.go:84: Expected label ZipCode, got  ([]), file ZipCode.csv:16340 data 48466
    regex_detector_test.go:84: Expected label ZipCode, got  ([]), file ZipCode.csv:16341 data 48467
    regex_detector_test.go:84: Expected label ZipCode, got  ([]), file ZipCode.csv:16342 data 48468
    regex_detector_test.go:84: Expected label ZipCode, got  ([]), file ZipCode.csv:16343 data 48469
    regex_detector_test.go:84: Expected label ZipCode, got  ([]), file ZipCode.csv:16344 data 48470
    regex_detector_test.go:84: Expected label ZipCode, got  ([]), file ZipCode.csv:16345 data 48471
    regex_detector_test.go:84: Expected label ZipCode, got  ([]), file ZipCode.csv:16346 data 48472
    regex_detector_test.go:84: Expected label ZipCode, got  ([]), file ZipCode.csv:16347 data 48473
    regex_detector_test.go:84: Expected label ZipCode, got  ([]), file ZipCode.csv:16348 data 48475
    regex_detector_test.go:84: Expected label ZipCode, got  ([]), file ZipCode.csv:16349 data 48476
    regex_detector_test.go:84: Expected label ZipCode, got  ([]), file ZipCode.csv:16350 data 48502
    regex_detector_test.go:84: Expected label ZipCode, got  ([]), file ZipCode.csv:16351 data 48503
    regex_detector_test.go:84: Expected label ZipCode, got  ([]), file ZipCode.csv:16352 data 48504
    regex_detector_test.go:84: Expected label ZipCode, got  ([]), file ZipCode.csv:16353 data 48505
    regex_detector_test.go:84: Expected label ZipCode, got  ([]), file ZipCode.csv:16354 data 48506
    regex_detector_test.go:84: Expected label ZipCode, got  ([]), file ZipCode.csv:16355 data 48507
    regex_detector_test.go:84: Expected label ZipCode, got  ([]), file ZipCode.csv:16356 data 48509
    regex_detector_test.go:84: Expected label ZipCode, got  ([]), file ZipCode.csv:16357 data 48519
    regex_detector_test.go:84: Expected label ZipCode, got  ([]), file ZipCode.csv:16358 data 48529
    regex_detector_test.go:84: Expected label ZipCode, got  ([]), file ZipCode.csv:16359 data 48532
    regex_detector_test.go:84: Expected label ZipCode, got  ([]), file ZipCode.csv:16360 data 48601
    regex_detector_test.go:84: Expected label ZipCode, got  ([]), file ZipCode.csv:16361 data 48602
    regex_detector_test.go:84: Expected label ZipCode, got  ([]), file ZipCode.csv:16362 data 48603
    regex_detector_test.go:84: Expected label ZipCode, got  ([]), file ZipCode.csv:16363 data 48604
    regex_detector_test.go:84: Expected label ZipCode, got  ([]), file ZipCode.csv:16364 data 48607
    regex_detector_test.go:84: Expected label ZipCode, got  ([]), file ZipCode.csv:16365 data 48609
    regex_detector_test.go:84: Expected label ZipCode, got  ([]), file ZipCode.csv:16366 data 48610
    regex_detector_test.go:84: Expected label ZipCode, got  ([]), file ZipCode.csv:16367 data 48611
    regex_detector_test.go:84: Expected label ZipCode, got  ([]), file ZipCode.csv:16368 data 48612
    regex_detector_test.go:84: Expected label ZipCode, got  ([]), file ZipCode.csv:16369 data 48613
    regex_detector_test.go:84: Expected label ZipCode, got  ([]), file ZipCode.csv:16370 data 48614
    regex_detector_test.go:84: Expected label ZipCode, got  ([]), file ZipCode.csv:16371 data 48615
    regex_detector_test.go:84: Expected label ZipCode, got  ([]), file ZipCode.csv:16372 data 48616
    regex_detector_test.go:84: Expected label ZipCode, got  ([]), file ZipCode.csv:16373 data 48617
    regex_detector_test.go:84: Expected label ZipCode, got  ([]), file ZipCode.csv:16374 data 48618
    regex_detector_test.go:84: Expected label ZipCode, got  ([]), file ZipCode.csv:16375 data 48619
    regex_detector_test.go:84: Expected label ZipCode, got  ([]), file ZipCode.csv:16376 data 48620
    regex_detector_test.go:84: Expected label ZipCode, got  ([]), file ZipCode.csv:16377 data 48621
    regex_detector_test.go:84: Expected label ZipCode, got  ([]), file ZipCode.csv:16378 data 48622
    regex_detector_test.go:84: Expected label ZipCode, got  ([]), file ZipCode.csv:16379 data 48623
    regex_detector_test.go:84: Expected label ZipCode, got  ([]), file ZipCode.csv:16380 data 48624
    regex_detector_test.go:84: Expected label ZipCode, got  ([]), file ZipCode.csv:16381 data 48625
    regex_detector_test.go:84: Expected label ZipCode, got  ([]), file ZipCode.csv:16382 data 48626
    regex_detector_test.go:84: Expected label ZipCode, got  ([]), file ZipCode.csv:16383 data 48627
    regex_detector_test.go:84: Expected label ZipCode, got  ([]), file ZipCode.csv:16384 data 48628
    regex_detector_test.go:84: Expected label ZipCode, got  ([]), file ZipCode.csv:16385 data 48629
    regex_detector_test.go:84: Expected label ZipCode, got  ([]), file ZipCode.csv:16386 data 48630
    regex_detector_test.go:84: Expected label ZipCode, got  ([]), file ZipCode.csv:16387 data 48631
    regex_detector_test.go:84: Expected label ZipCode, got  ([]), file ZipCode.csv:16388 data 48632
    regex_detector_test.go:84: Expected label ZipCode, got  ([]), file ZipCode.csv:16389 data 48633
    regex_detector_test.go:84: Expected label ZipCode, got  ([]), file ZipCode.csv:16390 data 48634
    regex_detector_test.go:84: Expected label ZipCode, got  ([]), file ZipCode.csv:16391 data 48635
    regex_detector_test.go:84: Expected label ZipCode, got  ([]), file ZipCode.csv:16392 data 48636
    regex_detector_test.go:84: Expected label ZipCode, got  ([]), file ZipCode.csv:16393 data 48637
    regex_detector_test.go:84: Expected label ZipCode, got  ([]), file ZipCode.csv:16394 data 48638
    regex_detector_test.go:84: Expected label ZipCode, got  ([]), file ZipCode.csv:16395 data 48640
    regex_detector_test.go:84: Expected label ZipCode, got  ([]), file ZipCode.csv:16396 data 48642
    regex_detector_test.go:84: Expected label ZipCode, got  ([]), file ZipCode.csv:16397 data 48647
    regex_detector_test.go:84: Expected label ZipCode, got  ([]), file ZipCode.csv:16398 data 48649
    regex_detector_test.go:84: Expected label ZipCode, got  ([]), file ZipCode.csv:16399 data 48650
    regex_detector_test.go:84: Expected label ZipCode, got  ([]), file ZipCode.csv:16400 data 48651
    regex_detector_test.go:84: Expected label ZipCode, got  ([]), file ZipCode.csv:16401 data 48652
    regex_detector_test.go:84: Expected label ZipCode, got  ([]), file ZipCode.csv:16402 data 48653
    regex_detector_test.go:84: Expected label ZipCode, got  ([]), file ZipCode.csv:16403 data 48654
    regex_detector_test.go:84: Expected label ZipCode, got  ([]), file ZipCode.csv:16404 data 48655
    regex_detector_test.go:84: Expected label ZipCode, got  ([]), file ZipCode.csv:16405 data 48656
    regex_detector_test.go:84: Expected label ZipCode, got  ([]), file ZipCode.csv:16406 data 48657
    regex_detector_test.go:84: Expected label ZipCode, got  ([]), file ZipCode.csv:16407 data 48658
    regex_detector_test.go:84: Expected label ZipCode, got  ([]), file ZipCode.csv:16408 data 48659
    regex_detector_test.go:84: Expected label ZipCode, got  ([]), file ZipCode.csv:16409 data 48661
    regex_detector_test.go:84: Expected label ZipCode, got  ([]), file ZipCode.csv:16410 data 48662
    regex_detector_test.go:84: Expected label ZipCode, got  ([]), file ZipCode.csv:16411 data 48701
    regex_detector_test.go:84: Expected label ZipCode, got  ([]), file ZipCode.csv:16412 data 48703
    regex_detector_test.go:84: Expected label ZipCode, got  ([]), file ZipCode.csv:16413 data 48705
    regex_detector_test.go:84: Expected label ZipCode, got  ([]), file ZipCode.csv:16414 data 48706
    regex_detector_test.go:84: Expected label ZipCode, got  ([]), file ZipCode.csv:16415 data 48708
    regex_detector_test.go:84: Expected label ZipCode, got  ([]), file ZipCode.csv:16416 data 48710
    regex_detector_test.go:84: Expected label ZipCode, got  ([]), file ZipCode.csv:16417 data 48720
    regex_detector_test.go:84: Expected label ZipCode, got  ([]), file ZipCode.csv:16418 data 48721
    regex_detector_test.go:84: Expected label ZipCode, got  ([]), file ZipCode.csv:16419 data 48722
    regex_detector_test.go:84: Expected label ZipCode, got  ([]), file ZipCode.csv:16420 data 48723
    regex_detector_test.go:84: Expected label ZipCode, got  ([]), file ZipCode.csv:16421 data 48724
    regex_detector_test.go:84: Expected label ZipCode, got  ([]), file ZipCode.csv:16422 data 48725
    regex_detector_test.go:84: Expected label ZipCode, got  ([]), file ZipCode.csv:16423 data 48726
    regex_detector_test.go:84: Expected label ZipCode, got  ([]), file ZipCode.csv:16424 data 48727
    regex_detector_test.go:84: Expected label ZipCode, got  ([]), file ZipCode.csv:16425 data 48728
    regex_detector_test.go:84: Expected label ZipCode, got  ([]), file ZipCode.csv:16426 data 48729
    regex_detector_test.go:84: Expected label ZipCode, got  ([]), file ZipCode.csv:16427 data 48730
    regex_detector_test.go:84: Expected label ZipCode, got  ([]), file ZipCode.csv:16428 data 48731
    regex_detector_test.go:84: Expected label ZipCode, got  ([]), file ZipCode.csv:16429 data 48732
    regex_detector_test.go:84: Expected label ZipCode, got  ([]), file ZipCode.csv:16430 data 48733
    regex_detector_test.go:84: Expected label ZipCode, got  ([]), file ZipCode.csv:16431 data 48734
    regex_detector_test.go:84: Expected label ZipCode, got  ([]), file ZipCode.csv:16432 data 48735
    regex_detector_test.go:84: Expected label ZipCode, got  ([]), file ZipCode.csv:16433 data 48737
    regex_detector_test.go:84: Expected label ZipCode, got  ([]), file ZipCode.csv:16434 data 48738
    regex_detector_test.go:84: Expected label ZipCode, got  ([]), file ZipCode.csv:16435 data 48739
    regex_detector_test.go:84: Expected label ZipCode, got  ([]), file ZipCode.csv:16436 data 48740
    regex_detector_test.go:84: Expected label ZipCode, got  ([]), file ZipCode.csv:16437 data 48741
    regex_detector_test.go:84: Expected label ZipCode, got  ([]), file ZipCode.csv:16438 data 48742
    regex_detector_test.go:84: Expected label ZipCode, got  ([]), file ZipCode.csv:16439 data 48743
    regex_detector_test.go:84: Expected label ZipCode, got  ([]), file ZipCode.csv:16440 data 48744
    regex_detector_test.go:84: Expected label ZipCode, got  ([]), file ZipCode.csv:16441 data 48745
    regex_detector_test.go:84: Expected label ZipCode, got  ([]), file ZipCode.csv:16442 data 48746
    regex_detector_test.go:84: Expected label ZipCode, got  ([]), file ZipCode.csv:16443 data 48747
    regex_detector_test.go:84: Expected label ZipCode, got  ([]), file ZipCode.csv:16444 data 48748
    regex_detector_test.go:84: Expected label ZipCode, got  ([]), file ZipCode.csv:16445 data 48749
    regex_detector_test.go:84: Expected label ZipCode, got  ([]), file ZipCode.csv:16446 data 48750
    regex_detector_test.go:84: Expected label ZipCode, got  ([]), file ZipCode.csv:16447 data 48754
    regex_detector_test.go:84: Expected label ZipCode, got  ([]), file ZipCode.csv:16448 data 48755
    regex_detector_test.go:84: Expected label ZipCode, got  ([]), file ZipCode.csv:16449 data 48756
    regex_detector_test.go:84: Expected label ZipCode, got  ([]), file ZipCode.csv:16450 data 48757
    regex_detector_test.go:84: Expected label ZipCode, got  ([]), file ZipCode.csv:16451 data 48759
    regex_detector_test.go:84: Expected label ZipCode, got  ([]), file ZipCode.csv:16452 data 48760
    regex_detector_test.go:84: Expected label ZipCode, got  ([]), file ZipCode.csv:16453 data 48761
    regex_detector_test.go:84: Expected label ZipCode, got  ([]), file ZipCode.csv:16454 data 48762
    regex_detector_test.go:84: Expected label ZipCode, got  ([]), file ZipCode.csv:16455 data 48763
    regex_detector_test.go:84: Expected label ZipCode, got  ([]), file ZipCode.csv:16456 data 48765
    regex_detector_test.go:84: Expected label ZipCode, got  ([]), file ZipCode.csv:16457 data 48766
    regex_detector_test.go:84: Expected label ZipCode, got  ([]), file ZipCode.csv:16458 data 48767
    regex_detector_test.go:84: Expected label ZipCode, got  ([]), file ZipCode.csv:16459 data 48768
    regex_detector_test.go:84: Expected label ZipCode, got  ([]), file ZipCode.csv:16460 data 48770
    regex_detector_test.go:84: Expected label ZipCode, got  ([]), file ZipCode.csv:16461 data 48801
    regex_detector_test.go:84: Expected label ZipCode, got  ([]), file ZipCode.csv:16462 data 48806
    regex_detector_test.go:84: Expected label ZipCode, got  ([]), file ZipCode.csv:16463 data 48807
    regex_detector_test.go:84: Expected label ZipCode, got  ([]), file ZipCode.csv:16464 data 48808
    regex_detector_test.go:84: Expected label ZipCode, got  ([]), file ZipCode.csv:16465 data 48809
    regex_detector_test.go:84: Expected label ZipCode, got  ([]), file ZipCode.csv:16466 data 48811
    regex_detector_test.go:84: Expected label ZipCode, got  ([]), file ZipCode.csv:16467 data 48813
    regex_detector_test.go:84: Expected label ZipCode, got  ([]), file ZipCode.csv:16468 data 48815
    regex_detector_test.go:84: Expected label ZipCode, got  ([]), file ZipCode.csv:16469 data 48816
    regex_detector_test.go:84: Expected label ZipCode, got  ([]), file ZipCode.csv:16470 data 48817
    regex_detector_test.go:84: Expected label ZipCode, got  ([]), file ZipCode.csv:16471 data 48818
    regex_detector_test.go:84: Expected label ZipCode, got  ([]), file ZipCode.csv:16472 data 48819
    regex_detector_test.go:84: Expected label ZipCode, got  ([]), file ZipCode.csv:16473 data 48820
    regex_detector_test.go:84: Expected label ZipCode, got  ([]), file ZipCode.csv:16474 data 48821
    regex_detector_test.go:84: Expected label ZipCode, got  ([]), file ZipCode.csv:16475 data 48822
    regex_detector_test.go:84: Expected label ZipCode, got  ([]), file ZipCode.csv:16476 data 48823
    regex_detector_test.go:84: Expected label ZipCode, got  ([]), file ZipCode.csv:16477 data 48824
    regex_detector_test.go:84: Expected label ZipCode, got  ([]), file ZipCode.csv:16478 data 48825
    regex_detector_test.go:84: Expected label ZipCode, got  ([]), file ZipCode.csv:16479 data 48827
    regex_detector_test.go:84: Expected label ZipCode, got  ([]), file ZipCode.csv:16480 data 48829
    regex_detector_test.go:84: Expected label ZipCode, got  ([]), file ZipCode.csv:16481 data 48831
    regex_detector_test.go:84: Expected label ZipCode, got  ([]), file ZipCode.csv:16482 data 48832
    regex_detector_test.go:84: Expected label ZipCode, got  ([]), file ZipCode.csv:16483 data 48834
    regex_detector_test.go:84: Expected label ZipCode, got  ([]), file ZipCode.csv:16484 data 48835
    regex_detector_test.go:84: Expected label ZipCode, got  ([]), file ZipCode.csv:16485 data 48836
    regex_detector_test.go:84: Expected label ZipCode, got  ([]), file ZipCode.csv:16486 data 48837
    regex_detector_test.go:84: Expected label ZipCode, got  ([]), file ZipCode.csv:16487 data 48838
    regex_detector_test.go:84: Expected label ZipCode, got  ([]), file ZipCode.csv:16488 data 48840
    regex_detector_test.go:84: Expected label ZipCode, got  ([]), file ZipCode.csv:16489 data 48841
    regex_detector_test.go:84: Expected label ZipCode, got  ([]), file ZipCode.csv:16490 data 48842
    regex_detector_test.go:84: Expected label ZipCode, got  ([]), file ZipCode.csv:16491 data 48843
    regex_detector_test.go:84: Expected label ZipCode, got  ([]), file ZipCode.csv:16492 data 48845
    regex_detector_test.go:84: Expected label ZipCode, got  ([]), file ZipCode.csv:16493 data 48846
    regex_detector_test.go:84: Expected label ZipCode, got  ([]), file ZipCode.csv:16494 data 48847
    regex_detector_test.go:84: Expected label ZipCode, got  ([]), file ZipCode.csv:16495 data 48848
    regex_detector_test.go:84: Expected label ZipCode, got  ([]), file ZipCode.csv:16496 data 48849
    regex_detector_test.go:84: Expected label ZipCode, got  ([]), file ZipCode.csv:16497 data 48850
    regex_detector_test.go:84: Expected label ZipCode, got  ([]), file ZipCode.csv:16498 data 48851
    regex_detector_test.go:84: Expected label ZipCode, got  ([]), file ZipCode.csv:16499 data 48852
    regex_detector_test.go:84: Expected label ZipCode, got  ([]), file ZipCode.csv:16500 data 48853
    regex_detector_test.go:84: Expected label ZipCode, got  ([]), file ZipCode.csv:16501 data 48854
    regex_detector_test.go:84: Expected label ZipCode, got  ([]), file ZipCode.csv:16502 data 48855
    regex_detector_test.go:84: Expected label ZipCode, got  ([]), file ZipCode.csv:16503 data 48856
    regex_detector_test.go:84: Expected label ZipCode, got  ([]), file ZipCode.csv:16504 data 48857
    regex_detector_test.go:84: Expected label ZipCode, got  ([]), file ZipCode.csv:16505 data 48858
    regex_detector_test.go:84: Expected label ZipCode, got  ([]), file ZipCode.csv:16506 data 48859
    regex_detector_test.go:84: Expected label ZipCode, got  ([]), file ZipCode.csv:16507 data 48860
    regex_detector_test.go:84: Expected label ZipCode, got  ([]), file ZipCode.csv:16508 data 48861
    regex_detector_test.go:84: Expected label ZipCode, got  ([]), file ZipCode.csv:16509 data 48862
    regex_detector_test.go:84: Expected label ZipCode, got  ([]), file ZipCode.csv:16510 data 48864
    regex_detector_test.go:84: Expected label ZipCode, got  ([]), file ZipCode.csv:16511 data 48865
    regex_detector_test.go:84: Expected label ZipCode, got  ([]), file ZipCode.csv:16512 data 48866
    regex_detector_test.go:84: Expected label ZipCode, got  ([]), file ZipCode.csv:16513 data 48867
    regex_detector_test.go:84: Expected label ZipCode, got  ([]), file ZipCode.csv:16514 data 48870
    regex_detector_test.go:84: Expected label ZipCode, got  ([]), file ZipCode.csv:16515 data 48871
    regex_detector_test.go:84: Expected label ZipCode, got  ([]), file ZipCode.csv:16516 data 48872
    regex_detector_test.go:84: Expected label ZipCode, got  ([]), file ZipCode.csv:16517 data 48873
    regex_detector_test.go:84: Expected label ZipCode, got  ([]), file ZipCode.csv:16518 data 48874
    regex_detector_test.go:84: Expected label ZipCode, got  ([]), file ZipCode.csv:16519 data 48875
    regex_detector_test.go:84: Expected label ZipCode, got  ([]), file ZipCode.csv:16520 data 48876
    regex_detector_test.go:84: Expected label ZipCode, got  ([]), file ZipCode.csv:16521 data 48877
    regex_detector_test.go:84: Expected label ZipCode, got  ([]), file ZipCode.csv:16522 data 48878
    regex_detector_test.go:84: Expected label ZipCode, got  ([]), file ZipCode.csv:16523 data 48879
    regex_detector_test.go:84: Expected label ZipCode, got  ([]), file ZipCode.csv:16524 data 48880
    regex_detector_test.go:84: Expected label ZipCode, got  ([]), file ZipCode.csv:16525 data 48881
    regex_detector_test.go:84: Expected label ZipCode, got  ([]), file ZipCode.csv:16526 data 48883
    regex_detector_test.go:84: Expected label ZipCode, got  ([]), file ZipCode.csv:16527 data 48884
    regex_detector_test.go:84: Expected label ZipCode, got  ([]), file ZipCode.csv:16528 data 48885
    regex_detector_test.go:84: Expected label ZipCode, got  ([]), file ZipCode.csv:16529 data 48886
    regex_detector_test.go:84: Expected label ZipCode, got  ([]), file ZipCode.csv:16530 data 48888
    regex_detector_test.go:84: Expected label ZipCode, got  ([]), file ZipCode.csv:16531 data 48889
    regex_detector_test.go:84: Expected label ZipCode, got  ([]), file ZipCode.csv:16532 data 48890
    regex_detector_test.go:84: Expected label ZipCode, got  ([]), file ZipCode.csv:16533 data 48891
    regex_detector_test.go:84: Expected label ZipCode, got  ([]), file ZipCode.csv:16534 data 48892
    regex_detector_test.go:84: Expected label ZipCode, got  ([]), file ZipCode.csv:16535 data 48893
    regex_detector_test.go:84: Expected label ZipCode, got  ([]), file ZipCode.csv:16536 data 48894
    regex_detector_test.go:84: Expected label ZipCode, got  ([]), file ZipCode.csv:16537 data 48895
    regex_detector_test.go:84: Expected label ZipCode, got  ([]), file ZipCode.csv:16538 data 48896
    regex_detector_test.go:84: Expected label ZipCode, got  ([]), file ZipCode.csv:16539 data 48897
    regex_detector_test.go:84: Expected label ZipCode, got  ([]), file ZipCode.csv:16540 data 48906
    regex_detector_test.go:84: Expected label ZipCode, got  ([]), file ZipCode.csv:16541 data 48910
    regex_detector_test.go:84: Expected label ZipCode, got  ([]), file ZipCode.csv:16542 data 48911
    regex_detector_test.go:84: Expected label ZipCode, got  ([]), file ZipCode.csv:16543 data 48912
    regex_detector_test.go:84: Expected label ZipCode, got  ([]), file ZipCode.csv:16544 data 48915
    regex_detector_test.go:84: Expected label ZipCode, got  ([]), file ZipCode.csv:16545 data 48917
    regex_detector_test.go:84: Expected label ZipCode, got  ([]), file ZipCode.csv:16546 data 48933
    regex_detector_test.go:84: Expected label ZipCode, got  ([]), file ZipCode.csv:16547 data 49001
    regex_detector_test.go:84: Expected label ZipCode, got  ([]), file ZipCode.csv:16548 data 49002
    regex_detector_test.go:84: Expected label ZipCode, got  ([]), file ZipCode.csv:16549 data 49004
    regex_detector_test.go:84: Expected label ZipCode, got  ([]), file ZipCode.csv:16550 data 49006
    regex_detector_test.go:84: Expected label ZipCode, got  ([]), file ZipCode.csv:16551 data 49007
    regex_detector_test.go:84: Expected label ZipCode, got  ([]), file ZipCode.csv:16552 data 49008
    regex_detector_test.go:84: Expected label ZipCode, got  ([]), file ZipCode.csv:16553 data 49009
    regex_detector_test.go:84: Expected label ZipCode, got  ([]), file ZipCode.csv:16554 data 49010
    regex_detector_test.go:84: Expected label ZipCode, got  ([]), file ZipCode.csv:16555 data 49011
    regex_detector_test.go:84: Expected label ZipCode, got  ([]), file ZipCode.csv:16556 data 49012
    regex_detector_test.go:84: Expected label ZipCode, got  ([]), file ZipCode.csv:16557 data 49013
    regex_detector_test.go:84: Expected label ZipCode, got  ([]), file ZipCode.csv:16558 data 49014
    regex_detector_test.go:84: Expected label ZipCode, got  ([]), file ZipCode.csv:16559 data 49015
    regex_detector_test.go:84: Expected label ZipCode, got  ([]), file ZipCode.csv:16560 data 49017
    regex_detector_test.go:84: Expected label ZipCode, got  ([]), file ZipCode.csv:16561 data 49021
    regex_detector_test.go:84: Expected label ZipCode, got  ([]), file ZipCode.csv:16562 data 49022
    regex_detector_test.go:84: Expected label ZipCode, got  ([]), file ZipCode.csv:16563 data 49024
    regex_detector_test.go:84: Expected label ZipCode, got  ([]), file ZipCode.csv:16564 data 49026
    regex_detector_test.go:84: Expected label ZipCode, got  ([]), file ZipCode.csv:16565 data 49027
    regex_detector_test.go:84: Expected label ZipCode, got  ([]), file ZipCode.csv:16566 data 49028
    regex_detector_test.go:84: Expected label ZipCode, got  ([]), file ZipCode.csv:16567 data 49029
    regex_detector_test.go:84: Expected label ZipCode, got  ([]), file ZipCode.csv:16568 data 49030
    regex_detector_test.go:84: Expected label ZipCode, got  ([]), file ZipCode.csv:16569 data 49031
    regex_detector_test.go:84: Expected label ZipCode, got  ([]), file ZipCode.csv:16570 data 49032
    regex_detector_test.go:84: Expected label ZipCode, got  ([]), file ZipCode.csv:16571 data 49033
    regex_detector_test.go:84: Expected label ZipCode, got  ([]), file ZipCode.csv:16572 data 49034
    regex_detector_test.go:84: Expected label ZipCode, got  ([]), file ZipCode.csv:16573 data 49036
    regex_detector_test.go:84: Expected label ZipCode, got  ([]), file ZipCode.csv:16574 data 49037
    regex_detector_test.go:84: Expected label ZipCode, got  ([]), file ZipCode.csv:16575 data 49038
    regex_detector_test.go:84: Expected label ZipCode, got  ([]), file ZipCode.csv:16576 data 49040
    regex_detector_test.go:84: Expected label ZipCode, got  ([]), file ZipCode.csv:16577 data 49042
    regex_detector_test.go:84: Expected label ZipCode, got  ([]), file ZipCode.csv:16578 data 49043
    regex_detector_test.go:84: Expected label ZipCode, got  ([]), file ZipCode.csv:16579 data 49045
    regex_detector_test.go:84: Expected label ZipCode, got  ([]), file ZipCode.csv:16580 data 49046
    regex_detector_test.go:84: Expected label ZipCode, got  ([]), file ZipCode.csv:16581 data 49047
    regex_detector_test.go:84: Expected label ZipCode, got  ([]), file ZipCode.csv:16582 data 49048
    regex_detector_test.go:84: Expected label ZipCode, got  ([]), file ZipCode.csv:16583 data 49050
    regex_detector_test.go:84: Expected label ZipCode, got  ([]), file ZipCode.csv:16584 data 49051
    regex_detector_test.go:84: Expected label ZipCode, got  ([]), file ZipCode.csv:16585 data 49052
    regex_detector_test.go:84: Expected label ZipCode, got  ([]), file ZipCode.csv:16586 data 49053
    regex_detector_test.go:84: Expected label ZipCode, got  ([]), file ZipCode.csv:16587 data 49055
    regex_detector_test.go:84: Expected label ZipCode, got  ([]), file ZipCode.csv:16588 data 49056
    regex_detector_test.go:84: Expected label ZipCode, got  ([]), file ZipCode.csv:16589 data 49057
    regex_detector_test.go:84: Expected label ZipCode, got  ([]), file ZipCode.csv:16590 data 49058
    regex_detector_test.go:84: Expected label ZipCode, got  ([]), file ZipCode.csv:16591 data 49060
    regex_detector_test.go:84: Expected label ZipCode, got  ([]), file ZipCode.csv:16592 data 49061
    regex_detector_test.go:84: Expected label ZipCode, got  ([]), file ZipCode.csv:16593 data 49063
    regex_detector_test.go:84: Expected label ZipCode, got  ([]), file ZipCode.csv:16594 data 49064
    regex_detector_test.go:84: Expected label ZipCode, got  ([]), file ZipCode.csv:16595 data 49065
    regex_detector_test.go:84: Expected label ZipCode, got  ([]), file ZipCode.csv:16596 data 49066
    regex_detector_test.go:84: Expected label ZipCode, got  ([]), file ZipCode.csv:16597 data 49067
    regex_detector_test.go:84: Expected label ZipCode, got  ([]), file ZipCode.csv:16598 data 49068
    regex_detector_test.go:84: Expected label ZipCode, got  ([]), file ZipCode.csv:16599 data 49070
    regex_detector_test.go:84: Expected label ZipCode, got  ([]), file ZipCode.csv:16600 data 49071
    regex_detector_test.go:84: Expected label ZipCode, got  ([]), file ZipCode.csv:16601 data 49072
    regex_detector_test.go:84: Expected label ZipCode, got  ([]), file ZipCode.csv:16602 data 49073
    regex_detector_test.go:84: Expected label ZipCode, got  ([]), file ZipCode.csv:16603 data 49074
    regex_detector_test.go:84: Expected label ZipCode, got  ([]), file ZipCode.csv:16604 data 49075
    regex_detector_test.go:84: Expected label ZipCode, got  ([]), file ZipCode.csv:16605 data 49076
    regex_detector_test.go:84: Expected label ZipCode, got  ([]), file ZipCode.csv:16606 data 49078
    regex_detector_test.go:84: Expected label ZipCode, got  ([]), file ZipCode.csv:16607 data 49079
    regex_detector_test.go:84: Expected label ZipCode, got  ([]), file ZipCode.csv:16608 data 49080
    regex_detector_test.go:84: Expected label ZipCode, got  ([]), file ZipCode.csv:16609 data 49082
    regex_detector_test.go:84: Expected label ZipCode, got  ([]), file ZipCode.csv:16610 data 49083
    regex_detector_test.go:84: Expected label ZipCode, got  ([]), file ZipCode.csv:16611 data 49084
    regex_detector_test.go:84: Expected label ZipCode, got  ([]), file ZipCode.csv:16612 data 49085
    regex_detector_test.go:84: Expected label ZipCode, got  ([]), file ZipCode.csv:16613 data 49087
    regex_detector_test.go:84: Expected label ZipCode, got  ([]), file ZipCode.csv:16614 data 49088
    regex_detector_test.go:84: Expected label ZipCode, got  ([]), file ZipCode.csv:16615 data 49089
    regex_detector_test.go:84: Expected label ZipCode, got  ([]), file ZipCode.csv:16616 data 49090
    regex_detector_test.go:84: Expected label ZipCode, got  ([]), file ZipCode.csv:16617 data 49091
    regex_detector_test.go:84: Expected label ZipCode, got  ([]), file ZipCode.csv:16618 data 49092
    regex_detector_test.go:84: Expected label ZipCode, got  ([]), file ZipCode.csv:16619 data 49093
    regex_detector_test.go:84: Expected label ZipCode, got  ([]), file ZipCode.csv:16620 data 49094
    regex_detector_test.go:84: Expected label ZipCode, got  ([]), file ZipCode.csv:16621 data 49095
    regex_detector_test.go:84: Expected label ZipCode, got  ([]), file ZipCode.csv:16622 data 49096
    regex_detector_test.go:84: Expected label ZipCode, got  ([]), file ZipCode.csv:16623 data 49097
    regex_detector_test.go:84: Expected label ZipCode, got  ([]), file ZipCode.csv:16624 data 49098
    regex_detector_test.go:84: Expected label ZipCode, got  ([]), file ZipCode.csv:16625 data 49099
    regex_detector_test.go:84: Expected label ZipCode, got  ([]), file ZipCode.csv:16626 data 49101
    regex_detector_test.go:84: Expected label ZipCode, got  ([]), file ZipCode.csv:16627 data 49102
    regex_detector_test.go:84: Expected label ZipCode, got  ([]), file ZipCode.csv:16628 data 49103
    regex_detector_test.go:84: Expected label ZipCode, got  ([]), file ZipCode.csv:16629 data 49104
    regex_detector_test.go:84: Expected label ZipCode, got  ([]), file ZipCode.csv:16630 data 49106
    regex_detector_test.go:84: Expected label ZipCode, got  ([]), file ZipCode.csv:16631 data 49107
    regex_detector_test.go:84: Expected label ZipCode, got  ([]), file ZipCode.csv:16632 data 49111
    regex_detector_test.go:84: Expected label ZipCode, got  ([]), file ZipCode.csv:16633 data 49112
    regex_detector_test.go:84: Expected label ZipCode, got  ([]), file ZipCode.csv:16634 data 49113
    regex_detector_test.go:84: Expected label ZipCode, got  ([]), file ZipCode.csv:16635 data 49115
    regex_detector_test.go:84: Expected label ZipCode, got  ([]), file ZipCode.csv:16636 data 49116
    regex_detector_test.go:84: Expected label ZipCode, got  ([]), file ZipCode.csv:16637 data 49117
    regex_detector_test.go:84: Expected label ZipCode, got  ([]), file ZipCode.csv:16638 data 49119
    regex_detector_test.go:84: Expected label ZipCode, got  ([]), file ZipCode.csv:16639 data 49120
    regex_detector_test.go:84: Expected label ZipCode, got  ([]), file ZipCode.csv:16640 data 49125
    regex_detector_test.go:84: Expected label ZipCode, got  ([]), file ZipCode.csv:16641 data 49126
    regex_detector_test.go:84: Expected label ZipCode, got  ([]), file ZipCode.csv:16642 data 49127
    regex_detector_test.go:84: Expected label ZipCode, got  ([]), file ZipCode.csv:16643 data 49128
    regex_detector_test.go:84: Expected label ZipCode, got  ([]), file ZipCode.csv:16644 data 49129
    regex_detector_test.go:84: Expected label ZipCode, got  ([]), file ZipCode.csv:16645 data 49130
    regex_detector_test.go:84: Expected label ZipCode, got  ([]), file ZipCode.csv:16646 data 49201
    regex_detector_test.go:84: Expected label ZipCode, got  ([]), file ZipCode.csv:16647 data 49202
    regex_detector_test.go:84: Expected label ZipCode, got  ([]), file ZipCode.csv:16648 data 49203
    regex_detector_test.go:84: Expected label ZipCode, got  ([]), file ZipCode.csv:16649 data 49220
    regex_detector_test.go:84: Expected label ZipCode, got  ([]), file ZipCode.csv:16650 data 49221
    regex_detector_test.go:84: Expected label ZipCode, got  ([]), file ZipCode.csv:16651 data 49224
    regex_detector_test.go:84: Expected label ZipCode, got  ([]), file ZipCode.csv:16652 data 49227
    regex_detector_test.go:84: Expected label ZipCode, got  ([]), file ZipCode.csv:16653 data 49228
    regex_detector_test.go:84: Expected label ZipCode, got  ([]), file ZipCode.csv:16654 data 49229
    regex_detector_test.go:84: Expected label ZipCode, got  ([]), file ZipCode.csv:16655 data 49230
    regex_detector_test.go:84: Expected label ZipCode, got  ([]), file ZipCode.csv:16656 data 49232
    regex_detector_test.go:84: Expected label ZipCode, got  ([]), file ZipCode.csv:16657 data 49233
    regex_detector_test.go:84: Expected label ZipCode, got  ([]), file ZipCode.csv:16658 data 49234
    regex_detector_test.go:84: Expected label ZipCode, got  ([]), file ZipCode.csv:16659 data 49235
    regex_detector_test.go:84: Expected label ZipCode, got  ([]), file ZipCode.csv:16660 data 49236
    regex_detector_test.go:84: Expected label ZipCode, got  ([]), file ZipCode.csv:16661 data 49237
    regex_detector_test.go:84: Expected label ZipCode, got  ([]), file ZipCode.csv:16662 data 49238
    regex_detector_test.go:84: Expected label ZipCode, got  ([]), file ZipCode.csv:16663 data 49240
    regex_detector_test.go:84: Expected label ZipCode, got  ([]), file ZipCode.csv:16664 data 49241
    regex_detector_test.go:84: Expected label ZipCode, got  ([]), file ZipCode.csv:16665 data 49242
    regex_detector_test.go:84: Expected label ZipCode, got  ([]), file ZipCode.csv:16666 data 49245
    regex_detector_test.go:84: Expected label ZipCode, got  ([]), file ZipCode.csv:16667 data 49246
    regex_detector_test.go:84: Expected label ZipCode, got  ([]), file ZipCode.csv:16668 data 49247
    regex_detector_test.go:84: Expected label ZipCode, got  ([]), file ZipCode.csv:16669 data 49248
    regex_detector_test.go:84: Expected label ZipCode, got  ([]), file ZipCode.csv:16670 data 49249
    regex_detector_test.go:84: Expected label ZipCode, got  ([]), file ZipCode.csv:16671 data 49250
    regex_detector_test.go:84: Expected label ZipCode, got  ([]), file ZipCode.csv:16672 data 49251
    regex_detector_test.go:84: Expected label ZipCode, got  ([]), file ZipCode.csv:16673 data 49252
    regex_detector_test.go:84: Expected label ZipCode, got  ([]), file ZipCode.csv:16674 data 49253
    regex_detector_test.go:84: Expected label ZipCode, got  ([]), file ZipCode.csv:16675 data 49254
    regex_detector_test.go:84: Expected label ZipCode, got  ([]), file ZipCode.csv:16676 data 49255
    regex_detector_test.go:84: Expected label ZipCode, got  ([]), file ZipCode.csv:16677 data 49256
    regex_detector_test.go:84: Expected label ZipCode, got  ([]), file ZipCode.csv:16678 data 49258
    regex_detector_test.go:84: Expected label ZipCode, got  ([]), file ZipCode.csv:16679 data 49259
    regex_detector_test.go:84: Expected label ZipCode, got  ([]), file ZipCode.csv:16680 data 49261
    regex_detector_test.go:84: Expected label ZipCode, got  ([]), file ZipCode.csv:16681 data 49262
    regex_detector_test.go:84: Expected label ZipCode, got  ([]), file ZipCode.csv:16682 data 49263
    regex_detector_test.go:84: Expected label ZipCode, got  ([]), file ZipCode.csv:16683 data 49264
    regex_detector_test.go:84: Expected label ZipCode, got  ([]), file ZipCode.csv:16684 data 49265
    regex_detector_test.go:84: Expected label ZipCode, got  ([]), file ZipCode.csv:16685 data 49266
    regex_detector_test.go:84: Expected label ZipCode, got  ([]), file ZipCode.csv:16686 data 49267
    regex_detector_test.go:84: Expected label ZipCode, got  ([]), file ZipCode.csv:16687 data 49268
    regex_detector_test.go:84: Expected label ZipCode, got  ([]), file ZipCode.csv:16688 data 49269
    regex_detector_test.go:84: Expected label ZipCode, got  ([]), file ZipCode.csv:16689 data 49270
    regex_detector_test.go:84: Expected label ZipCode, got  ([]), file ZipCode.csv:16690 data 49271
    regex_detector_test.go:84: Expected label ZipCode, got  ([]), file ZipCode.csv:16691 data 49272
    regex_detector_test.go:84: Expected label ZipCode, got  ([]), file ZipCode.csv:16692 data 49274
    regex_detector_test.go:84: Expected label ZipCode, got  ([]), file ZipCode.csv:16693 data 49276
    regex_detector_test.go:84: Expected label ZipCode, got  ([]), file ZipCode.csv:16694 data 49277
    regex_detector_test.go:84: Expected label ZipCode, got  ([]), file ZipCode.csv:16695 data 49279
    regex_detector_test.go:84: Expected label ZipCode, got  ([]), file ZipCode.csv:16696 data 49282
    regex_detector_test.go:84: Expected label ZipCode, got  ([]), file ZipCode.csv:16697 data 49283
    regex_detector_test.go:84: Expected label ZipCode, got  ([]), file ZipCode.csv:16698 data 49284
    regex_detector_test.go:84: Expected label ZipCode, got  ([]), file ZipCode.csv:16699 data 49285
    regex_detector_test.go:84: Expected label ZipCode, got  ([]), file ZipCode.csv:16700 data 49286
    regex_detector_test.go:84: Expected label ZipCode, got  ([]), file ZipCode.csv:16701 data 49287
    regex_detector_test.go:84: Expected label ZipCode, got  ([]), file ZipCode.csv:16702 data 49288
    regex_detector_test.go:84: Expected label ZipCode, got  ([]), file ZipCode.csv:16703 data 49289
    regex_detector_test.go:84: Expected label ZipCode, got  ([]), file ZipCode.csv:16704 data 49301
    regex_detector_test.go:84: Expected label ZipCode, got  ([]), file ZipCode.csv:16705 data 49302
    regex_detector_test.go:84: Expected label ZipCode, got  ([]), file ZipCode.csv:16706 data 49303
    regex_detector_test.go:84: Expected label ZipCode, got  ([]), file ZipCode.csv:16707 data 49304
    regex_detector_test.go:84: Expected label ZipCode, got  ([]), file ZipCode.csv:16708 data 49305
    regex_detector_test.go:84: Expected label ZipCode, got  ([]), file ZipCode.csv:16709 data 49306
    regex_detector_test.go:84: Expected label ZipCode, got  ([]), file ZipCode.csv:16710 data 49307
    regex_detector_test.go:84: Expected label ZipCode, got  ([]), file ZipCode.csv:16711 data 49309
    regex_detector_test.go:84: Expected label ZipCode, got  ([]), file ZipCode.csv:16712 data 49310
    regex_detector_test.go:84: Expected label ZipCode, got  ([]), file ZipCode.csv:16713 data 49312
    regex_detector_test.go:84: Expected label ZipCode, got  ([]), file ZipCode.csv:16714 data 49315
    regex_detector_test.go:84: Expected label ZipCode, got  ([]), file ZipCode.csv:16715 data 49316
    regex_detector_test.go:84: Expected label ZipCode, got  ([]), file ZipCode.csv:16716 data 49318
    regex_detector_test.go:84: Expected label ZipCode, got  ([]), file ZipCode.csv:16717 data 49319
    regex_detector_test.go:84: Expected label ZipCode, got  ([]), file ZipCode.csv:16718 data 49320
    regex_detector_test.go:84: Expected label ZipCode, got  ([]), file ZipCode.csv:16719 data 49321
    regex_detector_test.go:84: Expected label ZipCode, got  ([]), file ZipCode.csv:16720 data 49322
    regex_detector_test.go:84: Expected label ZipCode, got  ([]), file ZipCode.csv:16721 data 49323
    regex_detector_test.go:84: Expected label ZipCode, got  ([]), file ZipCode.csv:16722 data 49325
    regex_detector_test.go:84: Expected label ZipCode, got  ([]), file ZipCode.csv:16723 data 49326
    regex_detector_test.go:84: Expected label ZipCode, got  ([]), file ZipCode.csv:16724 data 49327
    regex_detector_test.go:84: Expected label ZipCode, got  ([]), file ZipCode.csv:16725 data 49328
    regex_detector_test.go:84: Expected label ZipCode, got  ([]), file ZipCode.csv:16726 data 49329
    regex_detector_test.go:84: Expected label ZipCode, got  ([]), file ZipCode.csv:16727 data 49330
    regex_detector_test.go:84: Expected label ZipCode, got  ([]), file ZipCode.csv:16728 data 49331
    regex_detector_test.go:84: Expected label ZipCode, got  ([]), file ZipCode.csv:16729 data 49332
    regex_detector_test.go:84: Expected label ZipCode, got  ([]), file ZipCode.csv:16730 data 49333
    regex_detector_test.go:84: Expected label ZipCode, got  ([]), file ZipCode.csv:16731 data 49335
    regex_detector_test.go:84: Expected label ZipCode, got  ([]), file ZipCode.csv:16732 data 49336
    regex_detector_test.go:84: Expected label ZipCode, got  ([]), file ZipCode.csv:16733 data 49337
    regex_detector_test.go:84: Expected label ZipCode, got  ([]), file ZipCode.csv:16734 data 49338
    regex_detector_test.go:84: Expected label ZipCode, got  ([]), file ZipCode.csv:16735 data 49339
    regex_detector_test.go:84: Expected label ZipCode, got  ([]), file ZipCode.csv:16736 data 49340
    regex_detector_test.go:84: Expected label ZipCode, got  ([]), file ZipCode.csv:16737 data 49341
    regex_detector_test.go:84: Expected label ZipCode, got  ([]), file ZipCode.csv:16738 data 49342
    regex_detector_test.go:84: Expected label ZipCode, got  ([]), file ZipCode.csv:16739 data 49343
    regex_detector_test.go:84: Expected label ZipCode, got  ([]), file ZipCode.csv:16740 data 49344
    regex_detector_test.go:84: Expected label ZipCode, got  ([]), file ZipCode.csv:16741 data 49345
    regex_detector_test.go:84: Expected label ZipCode, got  ([]), file ZipCode.csv:16742 data 49346
    regex_detector_test.go:84: Expected label ZipCode, got  ([]), file ZipCode.csv:16743 data 49347
    regex_detector_test.go:84: Expected label ZipCode, got  ([]), file ZipCode.csv:16744 data 49348
    regex_detector_test.go:84: Expected label ZipCode, got  ([]), file ZipCode.csv:16745 data 49349
    regex_detector_test.go:84: Expected label ZipCode, got  ([]), file ZipCode.csv:16746 data 49401
    regex_detector_test.go:84: Expected label ZipCode, got  ([]), file ZipCode.csv:16747 data 49402
    regex_detector_test.go:84: Expected label ZipCode, got  ([]), file ZipCode.csv:16748 data 49403
    regex_detector_test.go:84: Expected label ZipCode, got  ([]), file ZipCode.csv:16749 data 49404
    regex_detector_test.go:84: Expected label ZipCode, got  ([]), file ZipCode.csv:16750 data 49405
    regex_detector_test.go:84: Expected label ZipCode, got  ([]), file ZipCode.csv:16751 data 49406
    regex_detector_test.go:84: Expected label ZipCode, got  ([]), file ZipCode.csv:16752 data 49408
    regex_detector_test.go:84: Expected label ZipCode, got  ([]), file ZipCode.csv:16753 data 49409
    regex_detector_test.go:84: Expected label ZipCode, got  ([]), file ZipCode.csv:16754 data 49410
    regex_detector_test.go:84: Expected label ZipCode, got  ([]), file ZipCode.csv:16755 data 49411
    regex_detector_test.go:84: Expected label ZipCode, got  ([]), file ZipCode.csv:16756 data 49412
    regex_detector_test.go:84: Expected label ZipCode, got  ([]), file ZipCode.csv:16757 data 49415
    regex_detector_test.go:84: Expected label ZipCode, got  ([]), file ZipCode.csv:16758 data 49417
    regex_detector_test.go:84: Expected label ZipCode, got  ([]), file ZipCode.csv:16759 data 49418
    regex_detector_test.go:84: Expected label ZipCode, got  ([]), file ZipCode.csv:16760 data 49419
    regex_detector_test.go:84: Expected label ZipCode, got  ([]), file ZipCode.csv:16761 data 49420
    regex_detector_test.go:84: Expected label ZipCode, got  ([]), file ZipCode.csv:16762 data 49421
    regex_detector_test.go:84: Expected label ZipCode, got  ([]), file ZipCode.csv:16763 data 49423
    regex_detector_test.go:84: Expected label ZipCode, got  ([]), file ZipCode.csv:16764 data 49424
    regex_detector_test.go:84: Expected label ZipCode, got  ([]), file ZipCode.csv:16765 data 49425
    regex_detector_test.go:84: Expected label ZipCode, got  ([]), file ZipCode.csv:16766 data 49426
    regex_detector_test.go:84: Expected label ZipCode, got  ([]), file ZipCode.csv:16767 data 49428
    regex_detector_test.go:84: Expected label ZipCode, got  ([]), file ZipCode.csv:16768 data 49430
    regex_detector_test.go:84: Expected label ZipCode, got  ([]), file ZipCode.csv:16769 data 49431
    regex_detector_test.go:84: Expected label ZipCode, got  ([]), file ZipCode.csv:16770 data 49434
    regex_detector_test.go:84: Expected label ZipCode, got  ([]), file ZipCode.csv:16771 data 49435
    regex_detector_test.go:84: Expected label ZipCode, got  ([]), file ZipCode.csv:16772 data 49436
    regex_detector_test.go:84: Expected label ZipCode, got  ([]), file ZipCode.csv:16773 data 49437
    regex_detector_test.go:84: Expected label ZipCode, got  ([]), file ZipCode.csv:16774 data 49440
    regex_detector_test.go:84: Expected label ZipCode, got  ([]), file ZipCode.csv:16775 data 49441
    regex_detector_test.go:84: Expected label ZipCode, got  ([]), file ZipCode.csv:16776 data 49442
    regex_detector_test.go:84: Expected label ZipCode, got  ([]), file ZipCode.csv:16777 data 49443
    regex_detector_test.go:84: Expected label ZipCode, got  ([]), file ZipCode.csv:16778 data 49444
    regex_detector_test.go:84: Expected label ZipCode, got  ([]), file ZipCode.csv:16779 data 49445
    regex_detector_test.go:84: Expected label ZipCode, got  ([]), file ZipCode.csv:16780 data 49446
    regex_detector_test.go:84: Expected label ZipCode, got  ([]), file ZipCode.csv:16781 data 49448
    regex_detector_test.go:84: Expected label ZipCode, got  ([]), file ZipCode.csv:16782 data 49449
    regex_detector_test.go:84: Expected label ZipCode, got  ([]), file ZipCode.csv:16783 data 49450
    regex_detector_test.go:84: Expected label ZipCode, got  ([]), file ZipCode.csv:16784 data 49451
    regex_detector_test.go:84: Expected label ZipCode, got  ([]), file ZipCode.csv:16785 data 49452
    regex_detector_test.go:84: Expected label ZipCode, got  ([]), file ZipCode.csv:16786 data 49453
    regex_detector_test.go:84: Expected label ZipCode, got  ([]), file ZipCode.csv:16787 data 49454
    regex_detector_test.go:84: Expected label ZipCode, got  ([]), file ZipCode.csv:16788 data 49455
    regex_detector_test.go:84: Expected label ZipCode, got  ([]), file ZipCode.csv:16789 data 49456
    regex_detector_test.go:84: Expected label ZipCode, got  ([]), file ZipCode.csv:16790 data 49457
    regex_detector_test.go:84: Expected label ZipCode, got  ([]), file ZipCode.csv:16791 data 49458
    regex_detector_test.go:84: Expected label ZipCode, got  ([]), file ZipCode.csv:16792 data 49459
    regex_detector_test.go:84: Expected label ZipCode, got  ([]), file ZipCode.csv:16793 data 49460
    regex_detector_test.go:84: Expected label ZipCode, got  ([]), file ZipCode.csv:16794 data 49461
    regex_detector_test.go:84: Expected label ZipCode, got  ([]), file ZipCode.csv:16795 data 49464
    regex_detector_test.go:84: Expected label ZipCode, got  ([]), file ZipCode.csv:16796 data 49503
    regex_detector_test.go:84: Expected label ZipCode, got  ([]), file ZipCode.csv:16797 data 49504
    regex_detector_test.go:84: Expected label ZipCode, got  ([]), file ZipCode.csv:16798 data 49505
    regex_detector_test.go:84: Expected label ZipCode, got  ([]), file ZipCode.csv:16799 data 49506
    regex_detector_test.go:84: Expected label ZipCode, got  ([]), file ZipCode.csv:16800 data 49507
    regex_detector_test.go:84: Expected label ZipCode, got  ([]), file ZipCode.csv:16801 data 49508
    regex_detector_test.go:84: Expected label ZipCode, got  ([]), file ZipCode.csv:16802 data 49509
    regex_detector_test.go:84: Expected label ZipCode, got  ([]), file ZipCode.csv:16803 data 49512
    regex_detector_test.go:84: Expected label ZipCode, got  ([]), file ZipCode.csv:16804 data 49519
    regex_detector_test.go:84: Expected label ZipCode, got  ([]), file ZipCode.csv:16805 data 49525
    regex_detector_test.go:84: Expected label ZipCode, got  ([]), file ZipCode.csv:16806 data 49534
    regex_detector_test.go:84: Expected label ZipCode, got  ([]), file ZipCode.csv:16807 data 49544
    regex_detector_test.go:84: Expected label ZipCode, got  ([]), file ZipCode.csv:16808 data 49546
    regex_detector_test.go:84: Expected label ZipCode, got  ([]), file ZipCode.csv:16809 data 49548
    regex_detector_test.go:84: Expected label ZipCode, got  ([]), file ZipCode.csv:16810 data 49601
    regex_detector_test.go:84: Expected label ZipCode, got  ([]), file ZipCode.csv:16811 data 49611
    regex_detector_test.go:84: Expected label ZipCode, got  ([]), file ZipCode.csv:16812 data 49612
    regex_detector_test.go:84: Expected label ZipCode, got  ([]), file ZipCode.csv:16813 data 49613
    regex_detector_test.go:84: Expected label ZipCode, got  ([]), file ZipCode.csv:16814 data 49614
    regex_detector_test.go:84: Expected label ZipCode, got  ([]), file ZipCode.csv:16815 data 49615
    regex_detector_test.go:84: Expected label ZipCode, got  ([]), file ZipCode.csv:16816 data 49616
    regex_detector_test.go:84: Expected label ZipCode, got  ([]), file ZipCode.csv:16817 data 49617
    regex_detector_test.go:84: Expected label ZipCode, got  ([]), file ZipCode.csv:16818 data 49618
    regex_detector_test.go:84: Expected label ZipCode, got  ([]), file ZipCode.csv:16819 data 49619
    regex_detector_test.go:84: Expected label ZipCode, got  ([]), file ZipCode.csv:16820 data 49620
    regex_detector_test.go:84: Expected label ZipCode, got  ([]), file ZipCode.csv:16821 data 49621
    regex_detector_test.go:84: Expected label ZipCode, got  ([]), file ZipCode.csv:16822 data 49622
    regex_detector_test.go:84: Expected label ZipCode, got  ([]), file ZipCode.csv:16823 data 49623
    regex_detector_test.go:84: Expected label ZipCode, got  ([]), file ZipCode.csv:16824 data 49625
    regex_detector_test.go:84: Expected label ZipCode, got  ([]), file ZipCode.csv:16825 data 49626
    regex_detector_test.go:84: Expected label ZipCode, got  ([]), file ZipCode.csv:16826 data 49627
    regex_detector_test.go:84: Expected label ZipCode, got  ([]), file ZipCode.csv:16827 data 49628
    regex_detector_test.go:84: Expected label ZipCode, got  ([]), file ZipCode.csv:16828 data 49629
    regex_detector_test.go:84: Expected label ZipCode, got  ([]), file ZipCode.csv:16829 data 49630
    regex_detector_test.go:84: Expected label ZipCode, got  ([]), file ZipCode.csv:16830 data 49631
    regex_detector_test.go:84: Expected label ZipCode, got  ([]), file ZipCode.csv:16831 data 49632
    regex_detector_test.go:84: Expected label ZipCode, got  ([]), file ZipCode.csv:16832 data 49633
    regex_detector_test.go:84: Expected label ZipCode, got  ([]), file ZipCode.csv:16833 data 49634
    regex_detector_test.go:84: Expected label ZipCode, got  ([]), file ZipCode.csv:16834 data 49635
    regex_detector_test.go:84: Expected label ZipCode, got  ([]), file ZipCode.csv:16835 data 49636
    regex_detector_test.go:84: Expected label ZipCode, got  ([]), file ZipCode.csv:16836 data 49637
    regex_detector_test.go:84: Expected label ZipCode, got  ([]), file ZipCode.csv:16837 data 49638
    regex_detector_test.go:84: Expected label ZipCode, got  ([]), file ZipCode.csv:16838 data 49639
    regex_detector_test.go:84: Expected label ZipCode, got  ([]), file ZipCode.csv:16839 data 49640
    regex_detector_test.go:84: Expected label ZipCode, got  ([]), file ZipCode.csv:16840 data 49642
    regex_detector_test.go:84: Expected label ZipCode, got  ([]), file ZipCode.csv:16841 data 49643
    regex_detector_test.go:84: Expected label ZipCode, got  ([]), file ZipCode.csv:16842 data 49644
    regex_detector_test.go:84: Expected label ZipCode, got  ([]), file ZipCode.csv:16843 data 49645
    regex_detector_test.go:84: Expected label ZipCode, got  ([]), file ZipCode.csv:16844 data 49646
    regex_detector_test.go:84: Expected label ZipCode, got  ([]), file ZipCode.csv:16845 data 49648
    regex_detector_test.go:84: Expected label ZipCode, got  ([]), file ZipCode.csv:16846 data 49649
    regex_detector_test.go:84: Expected label ZipCode, got  ([]), file ZipCode.csv:16847 data 49650
    regex_detector_test.go:84: Expected label ZipCode, got  ([]), file ZipCode.csv:16848 data 49651
    regex_detector_test.go:84: Expected label ZipCode, got  ([]), file ZipCode.csv:16849 data 49653
    regex_detector_test.go:84: Expected label ZipCode, got  ([]), file ZipCode.csv:16850 data 49654
    regex_detector_test.go:84: Expected label ZipCode, got  ([]), file ZipCode.csv:16851 data 49655
    regex_detector_test.go:84: Expected label ZipCode, got  ([]), file ZipCode.csv:16852 data 49656
    regex_detector_test.go:84: Expected label ZipCode, got  ([]), file ZipCode.csv:16853 data 49657
    regex_detector_test.go:84: Expected label ZipCode, got  ([]), file ZipCode.csv:16854 data 49659
    regex_detector_test.go:84: Expected label ZipCode, got  ([]), file ZipCode.csv:16855 data 49660
    regex_detector_test.go:84: Expected label ZipCode, got  ([]), file ZipCode.csv:16856 data 49663
    regex_detector_test.go:84: Expected label ZipCode, got  ([]), file ZipCode.csv:16857 data 49664
    regex_detector_test.go:84: Expected label ZipCode, got  ([]), file ZipCode.csv:16858 data 49665
    regex_detector_test.go:84: Expected label ZipCode, got  ([]), file ZipCode.csv:16859 data 49667
    regex_detector_test.go:84: Expected label ZipCode, got  ([]), file ZipCode.csv:16860 data 49668
    regex_detector_test.go:84: Expected label ZipCode, got  ([]), file ZipCode.csv:16861 data 49670
    regex_detector_test.go:84: Expected label ZipCode, got  ([]), file ZipCode.csv:16862 data 49674
    regex_detector_test.go:84: Expected label ZipCode, got  ([]), file ZipCode.csv:16863 data 49675
    regex_detector_test.go:84: Expected label ZipCode, got  ([]), file ZipCode.csv:16864 data 49676
    regex_detector_test.go:84: Expected label ZipCode, got  ([]), file ZipCode.csv:16865 data 49677
    regex_detector_test.go:84: Expected label ZipCode, got  ([]), file ZipCode.csv:16866 data 49679
    regex_detector_test.go:84: Expected label ZipCode, got  ([]), file ZipCode.csv:16867 data 49680
    regex_detector_test.go:84: Expected label ZipCode, got  ([]), file ZipCode.csv:16868 data 49682
    regex_detector_test.go:84: Expected label ZipCode, got  ([]), file ZipCode.csv:16869 data 49683
    regex_detector_test.go:84: Expected label ZipCode, got  ([]), file ZipCode.csv:16870 data 49684
    regex_detector_test.go:84: Expected label ZipCode, got  ([]), file ZipCode.csv:16871 data 49685
    regex_detector_test.go:84: Expected label ZipCode, got  ([]), file ZipCode.csv:16872 data 49686
    regex_detector_test.go:84: Expected label ZipCode, got  ([]), file ZipCode.csv:16873 data 49688
    regex_detector_test.go:84: Expected label ZipCode, got  ([]), file ZipCode.csv:16874 data 49689
    regex_detector_test.go:84: Expected label ZipCode, got  ([]), file ZipCode.csv:16875 data 49690
    regex_detector_test.go:84: Expected label ZipCode, got  ([]), file ZipCode.csv:16876 data 49696
    regex_detector_test.go:84: Expected label ZipCode, got  ([]), file ZipCode.csv:16877 data 49701
    regex_detector_test.go:84: Expected label ZipCode, got  ([]), file ZipCode.csv:16878 data 49705
    regex_detector_test.go:84: Expected label ZipCode, got  ([]), file ZipCode.csv:16879 data 49706
    regex_detector_test.go:84: Expected label ZipCode, got  ([]), file ZipCode.csv:16880 data 49707
    regex_detector_test.go:84: Expected label ZipCode, got  ([]), file ZipCode.csv:16881 data 49709
    regex_detector_test.go:84: Expected label ZipCode, got  ([]), file ZipCode.csv:16882 data 49710
    regex_detector_test.go:84: Expected label ZipCode, got  ([]), file ZipCode.csv:16883 data 49712
    regex_detector_test.go:84: Expected label ZipCode, got  ([]), file ZipCode.csv:16884 data 49713
    regex_detector_test.go:84: Expected label ZipCode, got  ([]), file ZipCode.csv:16885 data 49715
    regex_detector_test.go:84: Expected label ZipCode, got  ([]), file ZipCode.csv:16886 data 49716
    regex_detector_test.go:84: Expected label ZipCode, got  ([]), file ZipCode.csv:16887 data 49717
    regex_detector_test.go:84: Expected label ZipCode, got  ([]), file ZipCode.csv:16888 data 49718
    regex_detector_test.go:84: Expected label ZipCode, got  ([]), file ZipCode.csv:16889 data 49719
    regex_detector_test.go:84: Expected label ZipCode, got  ([]), file ZipCode.csv:16890 data 49720
    regex_detector_test.go:84: Expected label ZipCode, got  ([]), file ZipCode.csv:16891 data 49721
    regex_detector_test.go:84: Expected label ZipCode, got  ([]), file ZipCode.csv:16892 data 49722
    regex_detector_test.go:84: Expected label ZipCode, got  ([]), file ZipCode.csv:16893 data 49724
    regex_detector_test.go:84: Expected label ZipCode, got  ([]), file ZipCode.csv:16894 data 49725
    regex_detector_test.go:84: Expected label ZipCode, got  ([]), file ZipCode.csv:16895 data 49726
    regex_detector_test.go:84: Expected label ZipCode, got  ([]), file ZipCode.csv:16896 data 49727
    regex_detector_test.go:84: Expected label ZipCode, got  ([]), file ZipCode.csv:16897 data 49728
    regex_detector_test.go:84: Expected label ZipCode, got  ([]), file ZipCode.csv:16898 data 49729
    regex_detector_test.go:84: Expected label ZipCode, got  ([]), file ZipCode.csv:16899 data 49730
    regex_detector_test.go:84: Expected label ZipCode, got  ([]), file ZipCode.csv:16900 data 49733
    regex_detector_test.go:84: Expected label ZipCode, got  ([]), file ZipCode.csv:16901 data 49735
    regex_detector_test.go:84: Expected label ZipCode, got  ([]), file ZipCode.csv:16902 data 49736
    regex_detector_test.go:84: Expected label ZipCode, got  ([]), file ZipCode.csv:16903 data 49738
    regex_detector_test.go:84: Expected label ZipCode, got  ([]), file ZipCode.csv:16904 data 49740
    regex_detector_test.go:84: Expected label ZipCode, got  ([]), file ZipCode.csv:16905 data 49743
    regex_detector_test.go:84: Expected label ZipCode, got  ([]), file ZipCode.csv:16906 data 49744
    regex_detector_test.go:84: Expected label ZipCode, got  ([]), file ZipCode.csv:16907 data 49745
    regex_detector_test.go:84: Expected label ZipCode, got  ([]), file ZipCode.csv:16908 data 49746
    regex_detector_test.go:84: Expected label ZipCode, got  ([]), file ZipCode.csv:16909 data 49747
    regex_detector_test.go:84: Expected label ZipCode, got  ([]), file ZipCode.csv:16910 data 49748
    regex_detector_test.go:84: Expected label ZipCode, got  ([]), file ZipCode.csv:16911 data 49749
    regex_detector_test.go:84: Expected label ZipCode, got  ([]), file ZipCode.csv:16912 data 49751
    regex_detector_test.go:84: Expected label ZipCode, got  ([]), file ZipCode.csv:16913 data 49752
    regex_detector_test.go:84: Expected label ZipCode, got  ([]), file ZipCode.csv:16914 data 49753
    regex_detector_test.go:84: Expected label ZipCode, got  ([]), file ZipCode.csv:16915 data 49755
    regex_detector_test.go:84: Expected label ZipCode, got  ([]), file ZipCode.csv:16916 data 49756
    regex_detector_test.go:84: Expected label ZipCode, got  ([]), file ZipCode.csv:16917 data 49757
    regex_detector_test.go:84: Expected label ZipCode, got  ([]), file ZipCode.csv:16918 data 49759
    regex_detector_test.go:84: Expected label ZipCode, got  ([]), file ZipCode.csv:16919 data 49760
    regex_detector_test.go:84: Expected label ZipCode, got  ([]), file ZipCode.csv:16920 data 49762
    regex_detector_test.go:84: Expected label ZipCode, got  ([]), file ZipCode.csv:16921 data 49764
    regex_detector_test.go:84: Expected label ZipCode, got  ([]), file ZipCode.csv:16922 data 49765
    regex_detector_test.go:84: Expected label ZipCode, got  ([]), file ZipCode.csv:16923 data 49766
    regex_detector_test.go:84: Expected label ZipCode, got  ([]), file ZipCode.csv:16924 data 49768
    regex_detector_test.go:84: Expected label ZipCode, got  ([]), file ZipCode.csv:16925 data 49769
    regex_detector_test.go:84: Expected label ZipCode, got  ([]), file ZipCode.csv:16926 data 49770
    regex_detector_test.go:84: Expected label ZipCode, got  ([]), file ZipCode.csv:16927 data 49774
    regex_detector_test.go:84: Expected label ZipCode, got  ([]), file ZipCode.csv:16928 data 49775
    regex_detector_test.go:84: Expected label ZipCode, got  ([]), file ZipCode.csv:16929 data 49776
    regex_detector_test.go:84: Expected label ZipCode, got  ([]), file ZipCode.csv:16930 data 49777
    regex_detector_test.go:84: Expected label ZipCode, got  ([]), file ZipCode.csv:16931 data 49779
    regex_detector_test.go:84: Expected label ZipCode, got  ([]), file ZipCode.csv:16932 data 49780
    regex_detector_test.go:84: Expected label ZipCode, got  ([]), file ZipCode.csv:16933 data 49781
    regex_detector_test.go:84: Expected label ZipCode, got  ([]), file ZipCode.csv:16934 data 49782
    regex_detector_test.go:84: Expected label ZipCode, got  ([]), file ZipCode.csv:16935 data 49783
    regex_detector_test.go:84: Expected label ZipCode, got  ([]), file ZipCode.csv:16936 data 49784
    regex_detector_test.go:84: Expected label ZipCode, got  ([]), file ZipCode.csv:16937 data 49788
    regex_detector_test.go:84: Expected label ZipCode, got  ([]), file ZipCode.csv:16938 data 49791
    regex_detector_test.go:84: Expected label ZipCode, got  ([]), file ZipCode.csv:16939 data 49793
    regex_detector_test.go:84: Expected label ZipCode, got  ([]), file ZipCode.csv:16940 data 49795
    regex_detector_test.go:84: Expected label ZipCode, got  ([]), file ZipCode.csv:16941 data 49796
    regex_detector_test.go:84: Expected label ZipCode, got  ([]), file ZipCode.csv:16942 data 49799
    regex_detector_test.go:84: Expected label ZipCode, got  ([]), file ZipCode.csv:16943 data 49801
    regex_detector_test.go:84: Expected label ZipCode, got  ([]), file ZipCode.csv:16944 data 49802
    regex_detector_test.go:84: Expected label ZipCode, got  ([]), file ZipCode.csv:16945 data 49805
    regex_detector_test.go:84: Expected label ZipCode, got  ([]), file ZipCode.csv:16946 data 49806
    regex_detector_test.go:84: Expected label ZipCode, got  ([]), file ZipCode.csv:16947 data 49807
    regex_detector_test.go:84: Expected label ZipCode, got  ([]), file ZipCode.csv:16948 data 49808
    regex_detector_test.go:84: Expected label ZipCode, got  ([]), file ZipCode.csv:16949 data 49812
    regex_detector_test.go:84: Expected label ZipCode, got  ([]), file ZipCode.csv:16950 data 49814
    regex_detector_test.go:84: Expected label ZipCode, got  ([]), file ZipCode.csv:16951 data 49815
    regex_detector_test.go:84: Expected label ZipCode, got  ([]), file ZipCode.csv:16952 data 49816
    regex_detector_test.go:84: Expected label ZipCode, got  ([]), file ZipCode.csv:16953 data 49817
    regex_detector_test.go:84: Expected label ZipCode, got  ([]), file ZipCode.csv:16954 data 49818
    regex_detector_test.go:84: Expected label ZipCode, got  ([]), file ZipCode.csv:16955 data 49820
    regex_detector_test.go:84: Expected label ZipCode, got  ([]), file ZipCode.csv:16956 data 49821
    regex_detector_test.go:84: Expected label ZipCode, got  ([]), file ZipCode.csv:16957 data 49822
    regex_detector_test.go:84: Expected label ZipCode, got  ([]), file ZipCode.csv:16958 data 49825
    regex_detector_test.go:84: Expected label ZipCode, got  ([]), file ZipCode.csv:16959 data 49826
    regex_detector_test.go:84: Expected label ZipCode, got  ([]), file ZipCode.csv:16960 data 49827
    regex_detector_test.go:84: Expected label ZipCode, got  ([]), file ZipCode.csv:16961 data 49829
    regex_detector_test.go:84: Expected label ZipCode, got  ([]), file ZipCode.csv:16962 data 49831
    regex_detector_test.go:84: Expected label ZipCode, got  ([]), file ZipCode.csv:16963 data 49833
    regex_detector_test.go:84: Expected label ZipCode, got  ([]), file ZipCode.csv:16964 data 49834
    regex_detector_test.go:84: Expected label ZipCode, got  ([]), file ZipCode.csv:16965 data 49835
    regex_detector_test.go:84: Expected label ZipCode, got  ([]), file ZipCode.csv:16966 data 49836
    regex_detector_test.go:84: Expected label ZipCode, got  ([]), file ZipCode.csv:16967 data 49837
    regex_detector_test.go:84: Expected label ZipCode, got  ([]), file ZipCode.csv:16968 data 49838
    regex_detector_test.go:84: Expected label ZipCode, got  ([]), file ZipCode.csv:16969 data 49839
    regex_detector_test.go:84: Expected label ZipCode, got  ([]), file ZipCode.csv:16970 data 49840
    regex_detector_test.go:84: Expected label ZipCode, got  ([]), file ZipCode.csv:16971 data 49841
    regex_detector_test.go:84: Expected label ZipCode, got  ([]), file ZipCode.csv:16972 data 49847
    regex_detector_test.go:84: Expected label ZipCode, got  ([]), file ZipCode.csv:16973 data 49848
    regex_detector_test.go:84: Expected label ZipCode, got  ([]), file ZipCode.csv:16974 data 49849
    regex_detector_test.go:84: Expected label ZipCode, got  ([]), file ZipCode.csv:16975 data 49852
    regex_detector_test.go:84: Expected label ZipCode, got  ([]), file ZipCode.csv:16976 data 49853
    regex_detector_test.go:84: Expected label ZipCode, got  ([]), file ZipCode.csv:16977 data 49854
    regex_detector_test.go:84: Expected label ZipCode, got  ([]), file ZipCode.csv:16978 data 49855
    regex_detector_test.go:84: Expected label ZipCode, got  ([]), file ZipCode.csv:16979 data 49858
    regex_detector_test.go:84: Expected label ZipCode, got  ([]), file ZipCode.csv:16980 data 49861
    regex_detector_test.go:84: Expected label ZipCode, got  ([]), file ZipCode.csv:16981 data 49862
    regex_detector_test.go:84: Expected label ZipCode, got  ([]), file ZipCode.csv:16982 data 49863
    regex_detector_test.go:84: Expected label ZipCode, got  ([]), file ZipCode.csv:16983 data 49864
    regex_detector_test.go:84: Expected label ZipCode, got  ([]), file ZipCode.csv:16984 data 49866
    regex_detector_test.go:84: Expected label ZipCode, got  ([]), file ZipCode.csv:16985 data 49868
    regex_detector_test.go:84: Expected label ZipCode, got  ([]), file ZipCode.csv:16986 data 49870
    regex_detector_test.go:84: Expected label ZipCode, got  ([]), file ZipCode.csv:16987 data 49871
    regex_detector_test.go:84: Expected label ZipCode, got  ([]), file ZipCode.csv:16988 data 49872
    regex_detector_test.go:84: Expected label ZipCode, got  ([]), file ZipCode.csv:16989 data 49873
    regex_detector_test.go:84: Expected label ZipCode, got  ([]), file ZipCode.csv:16990 data 49874
    regex_detector_test.go:84: Expected label ZipCode, got  ([]), file ZipCode.csv:16991 data 49876
    regex_detector_test.go:84: Expected label ZipCode, got  ([]), file ZipCode.csv:16992 data 49877
    regex_detector_test.go:84: Expected label ZipCode, got  ([]), file ZipCode.csv:16993 data 49878
    regex_detector_test.go:84: Expected label ZipCode, got  ([]), file ZipCode.csv:16994 data 49879
    regex_detector_test.go:84: Expected label ZipCode, got  ([]), file ZipCode.csv:16995 data 49880
    regex_detector_test.go:84: Expected label ZipCode, got  ([]), file ZipCode.csv:16996 data 49881
    regex_detector_test.go:84: Expected label ZipCode, got  ([]), file ZipCode.csv:16997 data 49883
    regex_detector_test.go:84: Expected label ZipCode, got  ([]), file ZipCode.csv:16998 data 49884
    regex_detector_test.go:84: Expected label ZipCode, got  ([]), file ZipCode.csv:16999 data 49885
    regex_detector_test.go:84: Expected label ZipCode, got  ([]), file ZipCode.csv:17000 data 49886
    regex_detector_test.go:84: Expected label ZipCode, got  ([]), file ZipCode.csv:17001 data 49887
    regex_detector_test.go:84: Expected label ZipCode, got  ([]), file ZipCode.csv:17002 data 49891
    regex_detector_test.go:84: Expected label ZipCode, got  ([]), file ZipCode.csv:17003 data 49892
    regex_detector_test.go:84: Expected label ZipCode, got  ([]), file ZipCode.csv:17004 data 49893
    regex_detector_test.go:84: Expected label ZipCode, got  ([]), file ZipCode.csv:17005 data 49894
    regex_detector_test.go:84: Expected label ZipCode, got  ([]), file ZipCode.csv:17006 data 49895
    regex_detector_test.go:84: Expected label ZipCode, got  ([]), file ZipCode.csv:17007 data 49896
    regex_detector_test.go:84: Expected label ZipCode, got  ([]), file ZipCode.csv:17008 data 49901
    regex_detector_test.go:84: Expected label ZipCode, got  ([]), file ZipCode.csv:17009 data 49902
    regex_detector_test.go:84: Expected label ZipCode, got  ([]), file ZipCode.csv:17010 data 49903
    regex_detector_test.go:84: Expected label ZipCode, got  ([]), file ZipCode.csv:17011 data 49905
    regex_detector_test.go:84: Expected label ZipCode, got  ([]), file ZipCode.csv:17012 data 49908
    regex_detector_test.go:84: Expected label ZipCode, got  ([]), file ZipCode.csv:17013 data 49910
    regex_detector_test.go:84: Expected label ZipCode, got  ([]), file ZipCode.csv:17014 data 49911
    regex_detector_test.go:84: Expected label ZipCode, got  ([]), file ZipCode.csv:17015 data 49912
    regex_detector_test.go:84: Expected label ZipCode, got  ([]), file ZipCode.csv:17016 data 49913
    regex_detector_test.go:84: Expected label ZipCode, got  ([]), file ZipCode.csv:17017 data 49915
    regex_detector_test.go:84: Expected label ZipCode, got  ([]), file ZipCode.csv:17018 data 49916
    regex_detector_test.go:84: Expected label ZipCode, got  ([]), file ZipCode.csv:17019 data 49917
    regex_detector_test.go:84: Expected label ZipCode, got  ([]), file ZipCode.csv:17020 data 49918
    regex_detector_test.go:84: Expected label ZipCode, got  ([]), file ZipCode.csv:17021 data 49919
    regex_detector_test.go:84: Expected label ZipCode, got  ([]), file ZipCode.csv:17022 data 49920
    regex_detector_test.go:84: Expected label ZipCode, got  ([]), file ZipCode.csv:17023 data 49921
    regex_detector_test.go:84: Expected label ZipCode, got  ([]), file ZipCode.csv:17024 data 49922
    regex_detector_test.go:84: Expected label ZipCode, got  ([]), file ZipCode.csv:17025 data 49925
    regex_detector_test.go:84: Expected label ZipCode, got  ([]), file ZipCode.csv:17026 data 49927
    regex_detector_test.go:84: Expected label ZipCode, got  ([]), file ZipCode.csv:17027 data 49929
    regex_detector_test.go:84: Expected label ZipCode, got  ([]), file ZipCode.csv:17028 data 49930
    regex_detector_test.go:84: Expected label ZipCode, got  ([]), file ZipCode.csv:17029 data 49931
    regex_detector_test.go:84: Expected label ZipCode, got  ([]), file ZipCode.csv:17030 data 49934
    regex_detector_test.go:84: Expected label ZipCode, got  ([]), file ZipCode.csv:17031 data 49935
    regex_detector_test.go:84: Expected label ZipCode, got  ([]), file ZipCode.csv:17032 data 49938
    regex_detector_test.go:84: Expected label ZipCode, got  ([]), file ZipCode.csv:17033 data 49942
    regex_detector_test.go:84: Expected label ZipCode, got  ([]), file ZipCode.csv:17034 data 49945
    regex_detector_test.go:84: Expected label ZipCode, got  ([]), file ZipCode.csv:17035 data 49946
    regex_detector_test.go:84: Expected label ZipCode, got  ([]), file ZipCode.csv:17036 data 49947
    regex_detector_test.go:84: Expected label ZipCode, got  ([]), file ZipCode.csv:17037 data 49948
    regex_detector_test.go:84: Expected label ZipCode, got  ([]), file ZipCode.csv:17038 data 49950
    regex_detector_test.go:84: Expected label ZipCode, got  ([]), file ZipCode.csv:17039 data 49952
    regex_detector_test.go:84: Expected label ZipCode, got  ([]), file ZipCode.csv:17040 data 49953
    regex_detector_test.go:84: Expected label ZipCode, got  ([]), file ZipCode.csv:17041 data 49955
    regex_detector_test.go:84: Expected label ZipCode, got  ([]), file ZipCode.csv:17042 data 49958
    regex_detector_test.go:84: Expected label ZipCode, got  ([]), file ZipCode.csv:17043 data 49959
    regex_detector_test.go:84: Expected label ZipCode, got  ([]), file ZipCode.csv:17044 data 49960
    regex_detector_test.go:84: Expected label ZipCode, got  ([]), file ZipCode.csv:17045 data 49961
    regex_detector_test.go:84: Expected label ZipCode, got  ([]), file ZipCode.csv:17046 data 49962
    regex_detector_test.go:84: Expected label ZipCode, got  ([]), file ZipCode.csv:17047 data 49963
    regex_detector_test.go:84: Expected label ZipCode, got  ([]), file ZipCode.csv:17048 data 49965
    regex_detector_test.go:84: Expected label ZipCode, got  ([]), file ZipCode.csv:17049 data 49967
    regex_detector_test.go:84: Expected label ZipCode, got  ([]), file ZipCode.csv:17050 data 49968
    regex_detector_test.go:84: Expected label ZipCode, got  ([]), file ZipCode.csv:17051 data 49969
    regex_detector_test.go:84: Expected label ZipCode, got  ([]), file ZipCode.csv:17052 data 49970
    regex_detector_test.go:84: Expected label ZipCode, got  ([]), file ZipCode.csv:17053 data 49971
    regex_detector_test.go:84: Expected label ZipCode, got  ([]), file ZipCode.csv:17054 data 50001
    regex_detector_test.go:84: Expected label ZipCode, got  ([]), file ZipCode.csv:17055 data 50002
    regex_detector_test.go:84: Expected label ZipCode, got  ([]), file ZipCode.csv:17056 data 50003
    regex_detector_test.go:84: Expected label ZipCode, got  ([]), file ZipCode.csv:17057 data 50005
    regex_detector_test.go:84: Expected label ZipCode, got  ([]), file ZipCode.csv:17058 data 50006
    regex_detector_test.go:84: Expected label ZipCode, got  ([]), file ZipCode.csv:17059 data 50007
    regex_detector_test.go:84: Expected label ZipCode, got  ([]), file ZipCode.csv:17060 data 50008
    regex_detector_test.go:84: Expected label ZipCode, got  ([]), file ZipCode.csv:17061 data 50009
    regex_detector_test.go:84: Expected label ZipCode, got  ([]), file ZipCode.csv:17062 data 50010
    regex_detector_test.go:84: Expected label ZipCode, got  ([]), file ZipCode.csv:17063 data 50012
    regex_detector_test.go:84: Expected label ZipCode, got  ([]), file ZipCode.csv:17064 data 50013
    regex_detector_test.go:84: Expected label ZipCode, got  ([]), file ZipCode.csv:17065 data 50014
    regex_detector_test.go:84: Expected label ZipCode, got  ([]), file ZipCode.csv:17066 data 50020
    regex_detector_test.go:84: Expected label ZipCode, got  ([]), file ZipCode.csv:17067 data 50021
    regex_detector_test.go:84: Expected label ZipCode, got  ([]), file ZipCode.csv:17068 data 50022
    regex_detector_test.go:84: Expected label ZipCode, got  ([]), file ZipCode.csv:17069 data 50023
    regex_detector_test.go:84: Expected label ZipCode, got  ([]), file ZipCode.csv:17070 data 50025
    regex_detector_test.go:84: Expected label ZipCode, got  ([]), file ZipCode.csv:17071 data 50026
    regex_detector_test.go:84: Expected label ZipCode, got  ([]), file ZipCode.csv:17072 data 50027
    regex_detector_test.go:84: Expected label ZipCode, got  ([]), file ZipCode.csv:17073 data 50028
    regex_detector_test.go:84: Expected label ZipCode, got  ([]), file ZipCode.csv:17074 data 50029
    regex_detector_test.go:84: Expected label ZipCode, got  ([]), file ZipCode.csv:17075 data 50031
    regex_detector_test.go:84: Expected label ZipCode, got  ([]), file ZipCode.csv:17076 data 50032
    regex_detector_test.go:84: Expected label ZipCode, got  ([]), file ZipCode.csv:17077 data 50033
    regex_detector_test.go:84: Expected label ZipCode, got  ([]), file ZipCode.csv:17078 data 50034
    regex_detector_test.go:84: Expected label ZipCode, got  ([]), file ZipCode.csv:17079 data 50035
    regex_detector_test.go:84: Expected label ZipCode, got  ([]), file ZipCode.csv:17080 data 50036
    regex_detector_test.go:84: Expected label ZipCode, got  ([]), file ZipCode.csv:17081 data 50038
    regex_detector_test.go:84: Expected label ZipCode, got  ([]), file ZipCode.csv:17082 data 50039
    regex_detector_test.go:84: Expected label ZipCode, got  ([]), file ZipCode.csv:17083 data 50040
    regex_detector_test.go:84: Expected label ZipCode, got  ([]), file ZipCode.csv:17084 data 50041
    regex_detector_test.go:84: Expected label ZipCode, got  ([]), file ZipCode.csv:17085 data 50042
    regex_detector_test.go:84: Expected label ZipCode, got  ([]), file ZipCode.csv:17086 data 50044
    regex_detector_test.go:84: Expected label ZipCode, got  ([]), file ZipCode.csv:17087 data 50046
    regex_detector_test.go:84: Expected label ZipCode, got  ([]), file ZipCode.csv:17088 data 50047
    regex_detector_test.go:84: Expected label ZipCode, got  ([]), file ZipCode.csv:17089 data 50048
    regex_detector_test.go:84: Expected label ZipCode, got  ([]), file ZipCode.csv:17090 data 50049
    regex_detector_test.go:84: Expected label ZipCode, got  ([]), file ZipCode.csv:17091 data 50050
    regex_detector_test.go:84: Expected label ZipCode, got  ([]), file ZipCode.csv:17092 data 50051
    regex_detector_test.go:84: Expected label ZipCode, got  ([]), file ZipCode.csv:17093 data 50052
    regex_detector_test.go:84: Expected label ZipCode, got  ([]), file ZipCode.csv:17094 data 50054
    regex_detector_test.go:84: Expected label ZipCode, got  ([]), file ZipCode.csv:17095 data 50055
    regex_detector_test.go:84: Expected label ZipCode, got  ([]), file ZipCode.csv:17096 data 50056
    regex_detector_test.go:84: Expected label ZipCode, got  ([]), file ZipCode.csv:17097 data 50057
    regex_detector_test.go:84: Expected label ZipCode, got  ([]), file ZipCode.csv:17098 data 50058
    regex_detector_test.go:84: Expected label ZipCode, got  ([]), file ZipCode.csv:17099 data 50060
    regex_detector_test.go:84: Expected label ZipCode, got  ([]), file ZipCode.csv:17100 data 50061
    regex_detector_test.go:84: Expected label ZipCode, got  ([]), file ZipCode.csv:17101 data 50062
    regex_detector_test.go:84: Expected label ZipCode, got  ([]), file ZipCode.csv:17102 data 50063
    regex_detector_test.go:84: Expected label ZipCode, got  ([]), file ZipCode.csv:17103 data 50064
    regex_detector_test.go:84: Expected label ZipCode, got  ([]), file ZipCode.csv:17104 data 50065
    regex_detector_test.go:84: Expected label ZipCode, got  ([]), file ZipCode.csv:17105 data 50066
    regex_detector_test.go:84: Expected label ZipCode, got  ([]), file ZipCode.csv:17106 data 50067
    regex_detector_test.go:84: Expected label ZipCode, got  ([]), file ZipCode.csv:17107 data 50068
    regex_detector_test.go:84: Expected label ZipCode, got  ([]), file ZipCode.csv:17108 data 50069
    regex_detector_test.go:84: Expected label ZipCode, got  ([]), file ZipCode.csv:17109 data 50070
    regex_detector_test.go:84: Expected label ZipCode, got  ([]), file ZipCode.csv:17110 data 50071
    regex_detector_test.go:84: Expected label ZipCode, got  ([]), file ZipCode.csv:17111 data 50072
    regex_detector_test.go:84: Expected label ZipCode, got  ([]), file ZipCode.csv:17112 data 50073
    regex_detector_test.go:84: Expected label ZipCode, got  ([]), file ZipCode.csv:17113 data 50074
    regex_detector_test.go:84: Expected label ZipCode, got  ([]), file ZipCode.csv:17114 data 50075
    regex_detector_test.go:84: Expected label ZipCode, got  ([]), file ZipCode.csv:17115 data 50076
    regex_detector_test.go:84: Expected label ZipCode, got  ([]), file ZipCode.csv:17116 data 50078
    regex_detector_test.go:84: Expected label ZipCode, got  ([]), file ZipCode.csv:17117 data 50101
    regex_detector_test.go:84: Expected label ZipCode, got  ([]), file ZipCode.csv:17118 data 50102
    regex_detector_test.go:84: Expected label ZipCode, got  ([]), file ZipCode.csv:17119 data 50103
    regex_detector_test.go:84: Expected label ZipCode, got  ([]), file ZipCode.csv:17120 data 50104
    regex_detector_test.go:84: Expected label ZipCode, got  ([]), file ZipCode.csv:17121 data 50105
    regex_detector_test.go:84: Expected label ZipCode, got  ([]), file ZipCode.csv:17122 data 50106
    regex_detector_test.go:84: Expected label ZipCode, got  ([]), file ZipCode.csv:17123 data 50107
    regex_detector_test.go:84: Expected label ZipCode, got  ([]), file ZipCode.csv:17124 data 50108
    regex_detector_test.go:84: Expected label ZipCode, got  ([]), file ZipCode.csv:17125 data 50109
    regex_detector_test.go:84: Expected label ZipCode, got  ([]), file ZipCode.csv:17126 data 50110
    regex_detector_test.go:84: Expected label ZipCode, got  ([]), file ZipCode.csv:17127 data 50111
    regex_detector_test.go:84: Expected label ZipCode, got  ([]), file ZipCode.csv:17128 data 50112
    regex_detector_test.go:84: Expected label ZipCode, got  ([]), file ZipCode.csv:17129 data 50115
    regex_detector_test.go:84: Expected label ZipCode, got  ([]), file ZipCode.csv:17130 data 50116
    regex_detector_test.go:84: Expected label ZipCode, got  ([]), file ZipCode.csv:17131 data 50117
    regex_detector_test.go:84: Expected label ZipCode, got  ([]), file ZipCode.csv:17132 data 50118
    regex_detector_test.go:84: Expected label ZipCode, got  ([]), file ZipCode.csv:17133 data 50119
    regex_detector_test.go:84: Expected label ZipCode, got  ([]), file ZipCode.csv:17134 data 50120
    regex_detector_test.go:84: Expected label ZipCode, got  ([]), file ZipCode.csv:17135 data 50122
    regex_detector_test.go:84: Expected label ZipCode, got  ([]), file ZipCode.csv:17136 data 50123
    regex_detector_test.go:84: Expected label ZipCode, got  ([]), file ZipCode.csv:17137 data 50124
    regex_detector_test.go:84: Expected label ZipCode, got  ([]), file ZipCode.csv:17138 data 50125
    regex_detector_test.go:84: Expected label ZipCode, got  ([]), file ZipCode.csv:17139 data 50126
    regex_detector_test.go:84: Expected label ZipCode, got  ([]), file ZipCode.csv:17140 data 50127
    regex_detector_test.go:84: Expected label ZipCode, got  ([]), file ZipCode.csv:17141 data 50128
    regex_detector_test.go:84: Expected label ZipCode, got  ([]), file ZipCode.csv:17142 data 50129
    regex_detector_test.go:84: Expected label ZipCode, got  ([]), file ZipCode.csv:17143 data 50130
    regex_detector_test.go:84: Expected label ZipCode, got  ([]), file ZipCode.csv:17144 data 50131
    regex_detector_test.go:84: Expected label ZipCode, got  ([]), file ZipCode.csv:17145 data 50132
    regex_detector_test.go:84: Expected label ZipCode, got  ([]), file ZipCode.csv:17146 data 50133
    regex_detector_test.go:84: Expected label ZipCode, got  ([]), file ZipCode.csv:17147 data 50134
    regex_detector_test.go:84: Expected label ZipCode, got  ([]), file ZipCode.csv:17148 data 50135
    regex_detector_test.go:84: Expected label ZipCode, got  ([]), file ZipCode.csv:17149 data 50136
    regex_detector_test.go:84: Expected label ZipCode, got  ([]), file ZipCode.csv:17150 data 50137
    regex_detector_test.go:84: Expected label ZipCode, got  ([]), file ZipCode.csv:17151 data 50138
    regex_detector_test.go:84: Expected label ZipCode, got  ([]), file ZipCode.csv:17152 data 50139
    regex_detector_test.go:84: Expected label ZipCode, got  ([]), file ZipCode.csv:17153 data 50140
    regex_detector_test.go:84: Expected label ZipCode, got  ([]), file ZipCode.csv:17154 data 50141
    regex_detector_test.go:84: Expected label ZipCode, got  ([]), file ZipCode.csv:17155 data 50142
    regex_detector_test.go:84: Expected label ZipCode, got  ([]), file ZipCode.csv:17156 data 50143
    regex_detector_test.go:84: Expected label ZipCode, got  ([]), file ZipCode.csv:17157 data 50144
    regex_detector_test.go:84: Expected label ZipCode, got  ([]), file ZipCode.csv:17158 data 50145
    regex_detector_test.go:84: Expected label ZipCode, got  ([]), file ZipCode.csv:17159 data 50146
    regex_detector_test.go:84: Expected label ZipCode, got  ([]), file ZipCode.csv:17160 data 50147
    regex_detector_test.go:84: Expected label ZipCode, got  ([]), file ZipCode.csv:17161 data 50148
    regex_detector_test.go:84: Expected label ZipCode, got  ([]), file ZipCode.csv:17162 data 50149
    regex_detector_test.go:84: Expected label ZipCode, got  ([]), file ZipCode.csv:17163 data 50150
    regex_detector_test.go:84: Expected label ZipCode, got  ([]), file ZipCode.csv:17164 data 50151
    regex_detector_test.go:84: Expected label ZipCode, got  ([]), file ZipCode.csv:17165 data 50152
    regex_detector_test.go:84: Expected label ZipCode, got  ([]), file ZipCode.csv:17166 data 50153
    regex_detector_test.go:84: Expected label ZipCode, got  ([]), file ZipCode.csv:17167 data 50154
    regex_detector_test.go:84: Expected label ZipCode, got  ([]), file ZipCode.csv:17168 data 50155
    regex_detector_test.go:84: Expected label ZipCode, got  ([]), file ZipCode.csv:17169 data 50156
    regex_detector_test.go:84: Expected label ZipCode, got  ([]), file ZipCode.csv:17170 data 50157
    regex_detector_test.go:84: Expected label ZipCode, got  ([]), file ZipCode.csv:17171 data 50158
    regex_detector_test.go:84: Expected label ZipCode, got  ([]), file ZipCode.csv:17172 data 50160
    regex_detector_test.go:84: Expected label ZipCode, got  ([]), file ZipCode.csv:17173 data 50161
    regex_detector_test.go:84: Expected label ZipCode, got  ([]), file ZipCode.csv:17174 data 50162
    regex_detector_test.go:84: Expected label ZipCode, got  ([]), file ZipCode.csv:17175 data 50163
    regex_detector_test.go:84: Expected label ZipCode, got  ([]), file ZipCode.csv:17176 data 50164
    regex_detector_test.go:84: Expected label ZipCode, got  ([]), file ZipCode.csv:17177 data 50165
    regex_detector_test.go:84: Expected label ZipCode, got  ([]), file ZipCode.csv:17178 data 50166
    regex_detector_test.go:84: Expected label ZipCode, got  ([]), file ZipCode.csv:17179 data 50167
    regex_detector_test.go:84: Expected label ZipCode, got  ([]), file ZipCode.csv:17180 data 50168
    regex_detector_test.go:84: Expected label ZipCode, got  ([]), file ZipCode.csv:17181 data 50169
    regex_detector_test.go:84: Expected label ZipCode, got  ([]), file ZipCode.csv:17182 data 50170
    regex_detector_test.go:84: Expected label ZipCode, got  ([]), file ZipCode.csv:17183 data 50171
    regex_detector_test.go:84: Expected label ZipCode, got  ([]), file ZipCode.csv:17184 data 50173
    regex_detector_test.go:84: Expected label ZipCode, got  ([]), file ZipCode.csv:17185 data 50174
    regex_detector_test.go:84: Expected label ZipCode, got  ([]), file ZipCode.csv:17186 data 50201
    regex_detector_test.go:84: Expected label ZipCode, got  ([]), file ZipCode.csv:17187 data 50206
    regex_detector_test.go:84: Expected label ZipCode, got  ([]), file ZipCode.csv:17188 data 50207
    regex_detector_test.go:84: Expected label ZipCode, got  ([]), file ZipCode.csv:17189 data 50208
    regex_detector_test.go:84: Expected label ZipCode, got  ([]), file ZipCode.csv:17190 data 50210
    regex_detector_test.go:84: Expected label ZipCode, got  ([]), file ZipCode.csv:17191 data 50211
    regex_detector_test.go:84: Expected label ZipCode, got  ([]), file ZipCode.csv:17192 data 50212
    regex_detector_test.go:84: Expected label ZipCode, got  ([]), file ZipCode.csv:17193 data 50213
    regex_detector_test.go:84: Expected label ZipCode, got  ([]), file ZipCode.csv:17194 data 50214
    regex_detector_test.go:84: Expected label ZipCode, got  ([]), file ZipCode.csv:17195 data 50216
    regex_detector_test.go:84: Expected label ZipCode, got  ([]), file ZipCode.csv:17196 data 50217
    regex_detector_test.go:84: Expected label ZipCode, got  ([]), file ZipCode.csv:17197 data 50218
    regex_detector_test.go:84: Expected label ZipCode, got  ([]), file ZipCode.csv:17198 data 50219
    regex_detector_test.go:84: Expected label ZipCode, got  ([]), file ZipCode.csv:17199 data 50220
    regex_detector_test.go:84: Expected label ZipCode, got  ([]), file ZipCode.csv:17200 data 50222
    regex_detector_test.go:84: Expected label ZipCode, got  ([]), file ZipCode.csv:17201 data 50223
    regex_detector_test.go:84: Expected label ZipCode, got  ([]), file ZipCode.csv:17202 data 50225
    regex_detector_test.go:84: Expected label ZipCode, got  ([]), file ZipCode.csv:17203 data 50226
    regex_detector_test.go:84: Expected label ZipCode, got  ([]), file ZipCode.csv:17204 data 50227
    regex_detector_test.go:84: Expected label ZipCode, got  ([]), file ZipCode.csv:17205 data 50228
    regex_detector_test.go:84: Expected label ZipCode, got  ([]), file ZipCode.csv:17206 data 50229
    regex_detector_test.go:84: Expected label ZipCode, got  ([]), file ZipCode.csv:17207 data 50230
    regex_detector_test.go:84: Expected label ZipCode, got  ([]), file ZipCode.csv:17208 data 50231
    regex_detector_test.go:84: Expected label ZipCode, got  ([]), file ZipCode.csv:17209 data 50232
    regex_detector_test.go:84: Expected label ZipCode, got  ([]), file ZipCode.csv:17210 data 50233
    regex_detector_test.go:84: Expected label ZipCode, got  ([]), file ZipCode.csv:17211 data 50234
    regex_detector_test.go:84: Expected label ZipCode, got  ([]), file ZipCode.csv:17212 data 50235
    regex_detector_test.go:84: Expected label ZipCode, got  ([]), file ZipCode.csv:17213 data 50236
    regex_detector_test.go:84: Expected label ZipCode, got  ([]), file ZipCode.csv:17214 data 50237
    regex_detector_test.go:84: Expected label ZipCode, got  ([]), file ZipCode.csv:17215 data 50238
    regex_detector_test.go:84: Expected label ZipCode, got  ([]), file ZipCode.csv:17216 data 50239
    regex_detector_test.go:84: Expected label ZipCode, got  ([]), file ZipCode.csv:17217 data 50240
    regex_detector_test.go:84: Expected label ZipCode, got  ([]), file ZipCode.csv:17218 data 50241
    regex_detector_test.go:84: Expected label ZipCode, got  ([]), file ZipCode.csv:17219 data 50242
    regex_detector_test.go:84: Expected label ZipCode, got  ([]), file ZipCode.csv:17220 data 50243
    regex_detector_test.go:84: Expected label ZipCode, got  ([]), file ZipCode.csv:17221 data 50244
    regex_detector_test.go:84: Expected label ZipCode, got  ([]), file ZipCode.csv:17222 data 50246
    regex_detector_test.go:84: Expected label ZipCode, got  ([]), file ZipCode.csv:17223 data 50247
    regex_detector_test.go:84: Expected label ZipCode, got  ([]), file ZipCode.csv:17224 data 50248
    regex_detector_test.go:84: Expected label ZipCode, got  ([]), file ZipCode.csv:17225 data 50249
    regex_detector_test.go:84: Expected label ZipCode, got  ([]), file ZipCode.csv:17226 data 50250
    regex_detector_test.go:84: Expected label ZipCode, got  ([]), file ZipCode.csv:17227 data 50251
    regex_detector_test.go:84: Expected label ZipCode, got  ([]), file ZipCode.csv:17228 data 50252
    regex_detector_test.go:84: Expected label ZipCode, got  ([]), file ZipCode.csv:17229 data 50254
    regex_detector_test.go:84: Expected label ZipCode, got  ([]), file ZipCode.csv:17230 data 50255
    regex_detector_test.go:84: Expected label ZipCode, got  ([]), file ZipCode.csv:17231 data 50256
    regex_detector_test.go:84: Expected label ZipCode, got  ([]), file ZipCode.csv:17232 data 50257
    regex_detector_test.go:84: Expected label ZipCode, got  ([]), file ZipCode.csv:17233 data 50258
    regex_detector_test.go:84: Expected label ZipCode, got  ([]), file ZipCode.csv:17234 data 50261
    regex_detector_test.go:84: Expected label ZipCode, got  ([]), file ZipCode.csv:17235 data 50262
    regex_detector_test.go:84: Expected label ZipCode, got  ([]), file ZipCode.csv:17236 data 50263
    regex_detector_test.go:84: Expected label ZipCode, got  ([]), file ZipCode.csv:17237 data 50264
    regex_detector_test.go:84: Expected label ZipCode, got  ([]), file ZipCode.csv:17238 data 50265
    regex_detector_test.go:84: Expected label ZipCode, got  ([]), file ZipCode.csv:17239 data 50266
    regex_detector_test.go:84: Expected label ZipCode, got  ([]), file ZipCode.csv:17240 data 50268
    regex_detector_test.go:84: Expected label ZipCode, got  ([]), file ZipCode.csv:17241 data 50269
    regex_detector_test.go:84: Expected label ZipCode, got  ([]), file ZipCode.csv:17242 data 50271
    regex_detector_test.go:84: Expected label ZipCode, got  ([]), file ZipCode.csv:17243 data 50272
    regex_detector_test.go:84: Expected label ZipCode, got  ([]), file ZipCode.csv:17244 data 50273
    regex_detector_test.go:84: Expected label ZipCode, got  ([]), file ZipCode.csv:17245 data 50274
    regex_detector_test.go:84: Expected label ZipCode, got  ([]), file ZipCode.csv:17246 data 50275
    regex_detector_test.go:84: Expected label ZipCode, got  ([]), file ZipCode.csv:17247 data 50276
    regex_detector_test.go:84: Expected label ZipCode, got  ([]), file ZipCode.csv:17248 data 50277
    regex_detector_test.go:84: Expected label ZipCode, got  ([]), file ZipCode.csv:17249 data 50278
    regex_detector_test.go:84: Expected label ZipCode, got  ([]), file ZipCode.csv:17250 data 50309
    regex_detector_test.go:84: Expected label ZipCode, got  ([]), file ZipCode.csv:17251 data 50310
    regex_detector_test.go:84: Expected label ZipCode, got  ([]), file ZipCode.csv:17252 data 50311
    regex_detector_test.go:84: Expected label ZipCode, got  ([]), file ZipCode.csv:17253 data 50312
    regex_detector_test.go:84: Expected label ZipCode, got  ([]), file ZipCode.csv:17254 data 50313
    regex_detector_test.go:84: Expected label ZipCode, got  ([]), file ZipCode.csv:17255 data 50314
    regex_detector_test.go:84: Expected label ZipCode, got  ([]), file ZipCode.csv:17256 data 50315
    regex_detector_test.go:84: Expected label ZipCode, got  ([]), file ZipCode.csv:17257 data 50316
    regex_detector_test.go:84: Expected label ZipCode, got  ([]), file ZipCode.csv:17258 data 50317
    regex_detector_test.go:84: Expected label ZipCode, got  ([]), file ZipCode.csv:17259 data 50319
    regex_detector_test.go:84: Expected label ZipCode, got  ([]), file ZipCode.csv:17260 data 50320
    regex_detector_test.go:84: Expected label ZipCode, got  ([]), file ZipCode.csv:17261 data 50321
    regex_detector_test.go:84: Expected label ZipCode, got  ([]), file ZipCode.csv:17262 data 50322
    regex_detector_test.go:84: Expected label ZipCode, got  ([]), file ZipCode.csv:17263 data 50323
    regex_detector_test.go:84: Expected label ZipCode, got  ([]), file ZipCode.csv:17264 data 50324
    regex_detector_test.go:84: Expected label ZipCode, got  ([]), file ZipCode.csv:17265 data 50325
    regex_detector_test.go:84: Expected label ZipCode, got  ([]), file ZipCode.csv:17266 data 50327
    regex_detector_test.go:84: Expected label ZipCode, got  ([]), file ZipCode.csv:17267 data 50401
    regex_detector_test.go:84: Expected label ZipCode, got  ([]), file ZipCode.csv:17268 data 50420
    regex_detector_test.go:84: Expected label ZipCode, got  ([]), file ZipCode.csv:17269 data 50421
    regex_detector_test.go:84: Expected label ZipCode, got  ([]), file ZipCode.csv:17270 data 50423
    regex_detector_test.go:84: Expected label ZipCode, got  ([]), file ZipCode.csv:17271 data 50424
    regex_detector_test.go:84: Expected label ZipCode, got  ([]), file ZipCode.csv:17272 data 50426
    regex_detector_test.go:84: Expected label ZipCode, got  ([]), file ZipCode.csv:17273 data 50427
    regex_detector_test.go:84: Expected label ZipCode, got  ([]), file ZipCode.csv:17274 data 50428
    regex_detector_test.go:84: Expected label ZipCode, got  ([]), file ZipCode.csv:17275 data 50430
    regex_detector_test.go:84: Expected label ZipCode, got  ([]), file ZipCode.csv:17276 data 50431
    regex_detector_test.go:84: Expected label ZipCode, got  ([]), file ZipCode.csv:17277 data 50432
    regex_detector_test.go:84: Expected label ZipCode, got  ([]), file ZipCode.csv:17278 data 50433
    regex_detector_test.go:84: Expected label ZipCode, got  ([]), file ZipCode.csv:17279 data 50434
    regex_detector_test.go:84: Expected label ZipCode, got  ([]), file ZipCode.csv:17280 data 50435
    regex_detector_test.go:84: Expected label ZipCode, got  ([]), file ZipCode.csv:17281 data 50436
    regex_detector_test.go:84: Expected label ZipCode, got  ([]), file ZipCode.csv:17282 data 50438
    regex_detector_test.go:84: Expected label ZipCode, got  ([]), file ZipCode.csv:17283 data 50439
    regex_detector_test.go:84: Expected label ZipCode, got  ([]), file ZipCode.csv:17284 data 50440
    regex_detector_test.go:84: Expected label ZipCode, got  ([]), file ZipCode.csv:17285 data 50441
    regex_detector_test.go:84: Expected label ZipCode, got  ([]), file ZipCode.csv:17286 data 50444
    regex_detector_test.go:84: Expected label ZipCode, got  ([]), file ZipCode.csv:17287 data 50446
    regex_detector_test.go:84: Expected label ZipCode, got  ([]), file ZipCode.csv:17288 data 50447
    regex_detector_test.go:84: Expected label ZipCode, got  ([]), file ZipCode.csv:17289 data 50448
    regex_detector_test.go:84: Expected label ZipCode, got  ([]), file ZipCode.csv:17290 data 50449
    regex_detector_test.go:84: Expected label ZipCode, got  ([]), file ZipCode.csv:17291 data 50450
    regex_detector_test.go:84: Expected label ZipCode, got  ([]), file ZipCode.csv:17292 data 50451
    regex_detector_test.go:84: Expected label ZipCode, got  ([]), file ZipCode.csv:17293 data 50452
    regex_detector_test.go:84: Expected label ZipCode, got  ([]), file ZipCode.csv:17294 data 50453
    regex_detector_test.go:84: Expected label ZipCode, got  ([]), file ZipCode.csv:17295 data 50454
    regex_detector_test.go:84: Expected label ZipCode, got  ([]), file ZipCode.csv:17296 data 50455
    regex_detector_test.go:84: Expected label ZipCode, got  ([]), file ZipCode.csv:17297 data 50456
    regex_detector_test.go:84: Expected label ZipCode, got  ([]), file ZipCode.csv:17298 data 50457
    regex_detector_test.go:84: Expected label ZipCode, got  ([]), file ZipCode.csv:17299 data 50458
    regex_detector_test.go:84: Expected label ZipCode, got  ([]), file ZipCode.csv:17300 data 50459
    regex_detector_test.go:84: Expected label ZipCode, got  ([]), file ZipCode.csv:17301 data 50460
    regex_detector_test.go:84: Expected label ZipCode, got  ([]), file ZipCode.csv:17302 data 50461
    regex_detector_test.go:84: Expected label ZipCode, got  ([]), file ZipCode.csv:17303 data 50464
    regex_detector_test.go:84: Expected label ZipCode, got  ([]), file ZipCode.csv:17304 data 50465
    regex_detector_test.go:84: Expected label ZipCode, got  ([]), file ZipCode.csv:17305 data 50466
    regex_detector_test.go:84: Expected label ZipCode, got  ([]), file ZipCode.csv:17306 data 50467
    regex_detector_test.go:84: Expected label ZipCode, got  ([]), file ZipCode.csv:17307 data 50468
    regex_detector_test.go:84: Expected label ZipCode, got  ([]), file ZipCode.csv:17308 data 50469
    regex_detector_test.go:84: Expected label ZipCode, got  ([]), file ZipCode.csv:17309 data 50470
    regex_detector_test.go:84: Expected label ZipCode, got  ([]), file ZipCode.csv:17310 data 50471
    regex_detector_test.go:84: Expected label ZipCode, got  ([]), file ZipCode.csv:17311 data 50472
    regex_detector_test.go:84: Expected label ZipCode, got  ([]), file ZipCode.csv:17312 data 50473
    regex_detector_test.go:84: Expected label ZipCode, got  ([]), file ZipCode.csv:17313 data 50475
    regex_detector_test.go:84: Expected label ZipCode, got  ([]), file ZipCode.csv:17314 data 50476
    regex_detector_test.go:84: Expected label ZipCode, got  ([]), file ZipCode.csv:17315 data 50477
    regex_detector_test.go:84: Expected label ZipCode, got  ([]), file ZipCode.csv:17316 data 50478
    regex_detector_test.go:84: Expected label ZipCode, got  ([]), file ZipCode.csv:17317 data 50479
    regex_detector_test.go:84: Expected label ZipCode, got  ([]), file ZipCode.csv:17318 data 50480
    regex_detector_test.go:84: Expected label ZipCode, got  ([]), file ZipCode.csv:17319 data 50482
    regex_detector_test.go:84: Expected label ZipCode, got  ([]), file ZipCode.csv:17320 data 50483
    regex_detector_test.go:84: Expected label ZipCode, got  ([]), file ZipCode.csv:17321 data 50484
    regex_detector_test.go:84: Expected label ZipCode, got  ([]), file ZipCode.csv:17322 data 50501
    regex_detector_test.go:84: Expected label ZipCode, got  ([]), file ZipCode.csv:17323 data 50510
    regex_detector_test.go:84: Expected label ZipCode, got  ([]), file ZipCode.csv:17324 data 50511
    regex_detector_test.go:84: Expected label ZipCode, got  ([]), file ZipCode.csv:17325 data 50514
    regex_detector_test.go:84: Expected label ZipCode, got  ([]), file ZipCode.csv:17326 data 50515
    regex_detector_test.go:84: Expected label ZipCode, got  ([]), file ZipCode.csv:17327 data 50516
    regex_detector_test.go:84: Expected label ZipCode, got  ([]), file ZipCode.csv:17328 data 50517
    regex_detector_test.go:84: Expected label ZipCode, got  ([]), file ZipCode.csv:17329 data 50518
    regex_detector_test.go:84: Expected label ZipCode, got  ([]), file ZipCode.csv:17330 data 50519
    regex_detector_test.go:84: Expected label ZipCode, got  ([]), file ZipCode.csv:17331 data 50520
    regex_detector_test.go:84: Expected label ZipCode, got  ([]), file ZipCode.csv:17332 data 50521
    regex_detector_test.go:84: Expected label ZipCode, got  ([]), file ZipCode.csv:17333 data 50522
    regex_detector_test.go:84: Expected label ZipCode, got  ([]), file ZipCode.csv:17334 data 50523
    regex_detector_test.go:84: Expected label ZipCode, got  ([]), file ZipCode.csv:17335 data 50524
    regex_detector_test.go:84: Expected label ZipCode, got  ([]), file ZipCode.csv:17336 data 50525
    regex_detector_test.go:84: Expected label ZipCode, got  ([]), file ZipCode.csv:17337 data 50527
    regex_detector_test.go:84: Expected label ZipCode, got  ([]), file ZipCode.csv:17338 data 50528
    regex_detector_test.go:84: Expected label ZipCode, got  ([]), file ZipCode.csv:17339 data 50529
    regex_detector_test.go:84: Expected label ZipCode, got  ([]), file ZipCode.csv:17340 data 50530
    regex_detector_test.go:84: Expected label ZipCode, got  ([]), file ZipCode.csv:17341 data 50531
    regex_detector_test.go:84: Expected label ZipCode, got  ([]), file ZipCode.csv:17342 data 50532
    regex_detector_test.go:84: Expected label ZipCode, got  ([]), file ZipCode.csv:17343 data 50533
    regex_detector_test.go:84: Expected label ZipCode, got  ([]), file ZipCode.csv:17344 data 50535
    regex_detector_test.go:84: Expected label ZipCode, got  ([]), file ZipCode.csv:17345 data 50536
    regex_detector_test.go:84: Expected label ZipCode, got  ([]), file ZipCode.csv:17346 data 50538
    regex_detector_test.go:84: Expected label ZipCode, got  ([]), file ZipCode.csv:17347 data 50539
    regex_detector_test.go:84: Expected label ZipCode, got  ([]), file ZipCode.csv:17348 data 50540
    regex_detector_test.go:84: Expected label ZipCode, got  ([]), file ZipCode.csv:17349 data 50541
    regex_detector_test.go:84: Expected label ZipCode, got  ([]), file ZipCode.csv:17350 data 50542
    regex_detector_test.go:84: Expected label ZipCode, got  ([]), file ZipCode.csv:17351 data 50543
    regex_detector_test.go:84: Expected label ZipCode, got  ([]), file ZipCode.csv:17352 data 50544
    regex_detector_test.go:84: Expected label ZipCode, got  ([]), file ZipCode.csv:17353 data 50545
    regex_detector_test.go:84: Expected label ZipCode, got  ([]), file ZipCode.csv:17354 data 50546
    regex_detector_test.go:84: Expected label ZipCode, got  ([]), file ZipCode.csv:17355 data 50548
    regex_detector_test.go:84: Expected label ZipCode, got  ([]), file ZipCode.csv:17356 data 50551
    regex_detector_test.go:84: Expected label ZipCode, got  ([]), file ZipCode.csv:17357 data 50552
    regex_detector_test.go:84: Expected label ZipCode, got  ([]), file ZipCode.csv:17358 data 50554
    regex_detector_test.go:84: Expected label ZipCode, got  ([]), file ZipCode.csv:17359 data 50556
    regex_detector_test.go:84: Expected label ZipCode, got  ([]), file ZipCode.csv:17360 data 50557
    regex_detector_test.go:84: Expected label ZipCode, got  ([]), file ZipCode.csv:17361 data 50558
    regex_detector_test.go:84: Expected label ZipCode, got  ([]), file ZipCode.csv:17362 data 50559
    regex_detector_test.go:84: Expected label ZipCode, got  ([]), file ZipCode.csv:17363 data 50560
    regex_detector_test.go:84: Expected label ZipCode, got  ([]), file ZipCode.csv:17364 data 50561
    regex_detector_test.go:84: Expected label ZipCode, got  ([]), file ZipCode.csv:17365 data 50562
    regex_detector_test.go:84: Expected label ZipCode, got  ([]), file ZipCode.csv:17366 data 50563
    regex_detector_test.go:84: Expected label ZipCode, got  ([]), file ZipCode.csv:17367 data 50565
    regex_detector_test.go:84: Expected label ZipCode, got  ([]), file ZipCode.csv:17368 data 50566
    regex_detector_test.go:84: Expected label ZipCode, got  ([]), file ZipCode.csv:17369 data 50567
    regex_detector_test.go:84: Expected label ZipCode, got  ([]), file ZipCode.csv:17370 data 50568
    regex_detector_test.go:84: Expected label ZipCode, got  ([]), file ZipCode.csv:17371 data 50569
    regex_detector_test.go:84: Expected label ZipCode, got  ([]), file ZipCode.csv:17372 data 50570
    regex_detector_test.go:84: Expected label ZipCode, got  ([]), file ZipCode.csv:17373 data 50571
    regex_detector_test.go:84: Expected label ZipCode, got  ([]), file ZipCode.csv:17374 data 50573
    regex_detector_test.go:84: Expected label ZipCode, got  ([]), file ZipCode.csv:17375 data 50574
    regex_detector_test.go:84: Expected label ZipCode, got  ([]), file ZipCode.csv:17376 data 50575
    regex_detector_test.go:84: Expected label ZipCode, got  ([]), file ZipCode.csv:17377 data 50576
    regex_detector_test.go:84: Expected label ZipCode, got  ([]), file ZipCode.csv:17378 data 50577
    regex_detector_test.go:84: Expected label ZipCode, got  ([]), file ZipCode.csv:17379 data 50578
    regex_detector_test.go:84: Expected label ZipCode, got  ([]), file ZipCode.csv:17380 data 50579
    regex_detector_test.go:84: Expected label ZipCode, got  ([]), file ZipCode.csv:17381 data 50581
    regex_detector_test.go:84: Expected label ZipCode, got  ([]), file ZipCode.csv:17382 data 50582
    regex_detector_test.go:84: Expected label ZipCode, got  ([]), file ZipCode.csv:17383 data 50583
    regex_detector_test.go:84: Expected label ZipCode, got  ([]), file ZipCode.csv:17384 data 50585
    regex_detector_test.go:84: Expected label ZipCode, got  ([]), file ZipCode.csv:17385 data 50586
    regex_detector_test.go:84: Expected label ZipCode, got  ([]), file ZipCode.csv:17386 data 50588
    regex_detector_test.go:84: Expected label ZipCode, got  ([]), file ZipCode.csv:17387 data 50590
    regex_detector_test.go:84: Expected label ZipCode, got  ([]), file ZipCode.csv:17388 data 50591
    regex_detector_test.go:84: Expected label ZipCode, got  ([]), file ZipCode.csv:17389 data 50592
    regex_detector_test.go:84: Expected label ZipCode, got  ([]), file ZipCode.csv:17390 data 50593
    regex_detector_test.go:84: Expected label ZipCode, got  ([]), file ZipCode.csv:17391 data 50594
    regex_detector_test.go:84: Expected label ZipCode, got  ([]), file ZipCode.csv:17392 data 50595
    regex_detector_test.go:84: Expected label ZipCode, got  ([]), file ZipCode.csv:17393 data 50597
    regex_detector_test.go:84: Expected label ZipCode, got  ([]), file ZipCode.csv:17394 data 50598
    regex_detector_test.go:84: Expected label ZipCode, got  ([]), file ZipCode.csv:17395 data 50599
    regex_detector_test.go:84: Expected label ZipCode, got  ([]), file ZipCode.csv:17396 data 50601
    regex_detector_test.go:84: Expected label ZipCode, got  ([]), file ZipCode.csv:17397 data 50602
    regex_detector_test.go:84: Expected label ZipCode, got  ([]), file ZipCode.csv:17398 data 50603
    regex_detector_test.go:84: Expected label ZipCode, got  ([]), file ZipCode.csv:17399 data 50604
    regex_detector_test.go:84: Expected label ZipCode, got  ([]), file ZipCode.csv:17400 data 50605
    regex_detector_test.go:84: Expected label ZipCode, got  ([]), file ZipCode.csv:17401 data 50606
    regex_detector_test.go:84: Expected label ZipCode, got  ([]), file ZipCode.csv:17402 data 50607
    regex_detector_test.go:84: Expected label ZipCode, got  ([]), file ZipCode.csv:17403 data 50608
    regex_detector_test.go:84: Expected label ZipCode, got  ([]), file ZipCode.csv:17404 data 50609
    regex_detector_test.go:84: Expected label ZipCode, got  ([]), file ZipCode.csv:17405 data 50611
    regex_detector_test.go:84: Expected label ZipCode, got  ([]), file ZipCode.csv:17406 data 50612
    regex_detector_test.go:84: Expected label ZipCode, got  ([]), file ZipCode.csv:17407 data 50613
    regex_detector_test.go:84: Expected label ZipCode, got  ([]), file ZipCode.csv:17408 data 50616
    regex_detector_test.go:84: Expected label ZipCode, got  ([]), file ZipCode.csv:17409 data 50619
    regex_detector_test.go:84: Expected label ZipCode, got  ([]), file ZipCode.csv:17410 data 50620
    regex_detector_test.go:84: Expected label ZipCode, got  ([]), file ZipCode.csv:17411 data 50621
    regex_detector_test.go:84: Expected label ZipCode, got  ([]), file ZipCode.csv:17412 data 50622
    regex_detector_test.go:84: Expected label ZipCode, got  ([]), file ZipCode.csv:17413 data 50623
    regex_detector_test.go:84: Expected label ZipCode, got  ([]), file ZipCode.csv:17414 data 50624
    regex_detector_test.go:84: Expected label ZipCode, got  ([]), file ZipCode.csv:17415 data 50625
    regex_detector_test.go:84: Expected label ZipCode, got  ([]), file ZipCode.csv:17416 data 50626
    regex_detector_test.go:84: Expected label ZipCode, got  ([]), file ZipCode.csv:17417 data 50627
    regex_detector_test.go:84: Expected label ZipCode, got  ([]), file ZipCode.csv:17418 data 50628
    regex_detector_test.go:84: Expected label ZipCode, got  ([]), file ZipCode.csv:17419 data 50629
    regex_detector_test.go:84: Expected label ZipCode, got  ([]), file ZipCode.csv:17420 data 50630
    regex_detector_test.go:84: Expected label ZipCode, got  ([]), file ZipCode.csv:17421 data 50631
    regex_detector_test.go:84: Expected label ZipCode, got  ([]), file ZipCode.csv:17422 data 50632
    regex_detector_test.go:84: Expected label ZipCode, got  ([]), file ZipCode.csv:17423 data 50633
    regex_detector_test.go:84: Expected label ZipCode, got  ([]), file ZipCode.csv:17424 data 50634
    regex_detector_test.go:84: Expected label ZipCode, got  ([]), file ZipCode.csv:17425 data 50635
    regex_detector_test.go:84: Expected label ZipCode, got  ([]), file ZipCode.csv:17426 data 50636
    regex_detector_test.go:84: Expected label ZipCode, got  ([]), file ZipCode.csv:17427 data 50638
    regex_detector_test.go:84: Expected label ZipCode, got  ([]), file ZipCode.csv:17428 data 50641
    regex_detector_test.go:84: Expected label ZipCode, got  ([]), file ZipCode.csv:17429 data 50642
    regex_detector_test.go:84: Expected label ZipCode, got  ([]), file ZipCode.csv:17430 data 50643
    regex_detector_test.go:84: Expected label ZipCode, got  ([]), file ZipCode.csv:17431 data 50644
    regex_detector_test.go:84: Expected label ZipCode, got  ([]), file ZipCode.csv:17432 data 50645
    regex_detector_test.go:84: Expected label ZipCode, got  ([]), file ZipCode.csv:17433 data 50647
    regex_detector_test.go:84: Expected label ZipCode, got  ([]), file ZipCode.csv:17434 data 50648
    regex_detector_test.go:84: Expected label ZipCode, got  ([]), file ZipCode.csv:17435 data 50649
    regex_detector_test.go:84: Expected label ZipCode, got  ([]), file ZipCode.csv:17436 data 50650
    regex_detector_test.go:84: Expected label ZipCode, got  ([]), file ZipCode.csv:17437 data 50651
    regex_detector_test.go:84: Expected label ZipCode, got  ([]), file ZipCode.csv:17438 data 50652
    regex_detector_test.go:84: Expected label ZipCode, got  ([]), file ZipCode.csv:17439 data 50653
    regex_detector_test.go:84: Expected label ZipCode, got  ([]), file ZipCode.csv:17440 data 50654
    regex_detector_test.go:84: Expected label ZipCode, got  ([]), file ZipCode.csv:17441 data 50655
    regex_detector_test.go:84: Expected label ZipCode, got  ([]), file ZipCode.csv:17442 data 50657
    regex_detector_test.go:84: Expected label ZipCode, got  ([]), file ZipCode.csv:17443 data 50658
    regex_detector_test.go:84: Expected label ZipCode, got  ([]), file ZipCode.csv:17444 data 50659
    regex_detector_test.go:84: Expected label ZipCode, got  ([]), file ZipCode.csv:17445 data 50660
    regex_detector_test.go:84: Expected label ZipCode, got  ([]), file ZipCode.csv:17446 data 50662
    regex_detector_test.go:84: Expected label ZipCode, got  ([]), file ZipCode.csv:17447 data 50664
    regex_detector_test.go:84: Expected label ZipCode, got  ([]), file ZipCode.csv:17448 data 50665
    regex_detector_test.go:84: Expected label ZipCode, got  ([]), file ZipCode.csv:17449 data 50666
    regex_detector_test.go:84: Expected label ZipCode, got  ([]), file ZipCode.csv:17450 data 50667
    regex_detector_test.go:84: Expected label ZipCode, got  ([]), file ZipCode.csv:17451 data 50668
    regex_detector_test.go:84: Expected label ZipCode, got  ([]), file ZipCode.csv:17452 data 50669
    regex_detector_test.go:84: Expected label ZipCode, got  ([]), file ZipCode.csv:17453 data 50670
    regex_detector_test.go:84: Expected label ZipCode, got  ([]), file ZipCode.csv:17454 data 50671
    regex_detector_test.go:84: Expected label ZipCode, got  ([]), file ZipCode.csv:17455 data 50672
    regex_detector_test.go:84: Expected label ZipCode, got  ([]), file ZipCode.csv:17456 data 50673
    regex_detector_test.go:84: Expected label ZipCode, got  ([]), file ZipCode.csv:17457 data 50674
    regex_detector_test.go:84: Expected label ZipCode, got  ([]), file ZipCode.csv:17458 data 50675
    regex_detector_test.go:84: Expected label ZipCode, got  ([]), file ZipCode.csv:17459 data 50676
    regex_detector_test.go:84: Expected label ZipCode, got  ([]), file ZipCode.csv:17460 data 50677
    regex_detector_test.go:84: Expected label ZipCode, got  ([]), file ZipCode.csv:17461 data 50680
    regex_detector_test.go:84: Expected label ZipCode, got  ([]), file ZipCode.csv:17462 data 50681
    regex_detector_test.go:84: Expected label ZipCode, got  ([]), file ZipCode.csv:17463 data 50682
    regex_detector_test.go:84: Expected label ZipCode, got  ([]), file ZipCode.csv:17464 data 50701
    regex_detector_test.go:84: Expected label ZipCode, got  ([]), file ZipCode.csv:17465 data 50702
    regex_detector_test.go:84: Expected label ZipCode, got  ([]), file ZipCode.csv:17466 data 50703
    regex_detector_test.go:84: Expected label ZipCode, got  ([]), file ZipCode.csv:17467 data 50707
    regex_detector_test.go:84: Expected label ZipCode, got  ([]), file ZipCode.csv:17468 data 50801
    regex_detector_test.go:84: Expected label ZipCode, got  ([]), file ZipCode.csv:17469 data 50830
    regex_detector_test.go:84: Expected label ZipCode, got  ([]), file ZipCode.csv:17470 data 50831
    regex_detector_test.go:84: Expected label ZipCode, got  ([]), file ZipCode.csv:17471 data 50833
    regex_detector_test.go:84: Expected label ZipCode, got  ([]), file ZipCode.csv:17472 data 50835
    regex_detector_test.go:84: Expected label ZipCode, got  ([]), file ZipCode.csv:17473 data 50836
    regex_detector_test.go:84: Expected label ZipCode, got  ([]), file ZipCode.csv:17474 data 50837
    regex_detector_test.go:84: Expected label ZipCode, got  ([]), file ZipCode.csv:17475 data 50839
    regex_detector_test.go:84: Expected label ZipCode, got  ([]), file ZipCode.csv:17476 data 50840
    regex_detector_test.go:84: Expected label ZipCode, got  ([]), file ZipCode.csv:17477 data 50841
    regex_detector_test.go:84: Expected label ZipCode, got  ([]), file ZipCode.csv:17478 data 50842
    regex_detector_test.go:84: Expected label ZipCode, got  ([]), file ZipCode.csv:17479 data 50843
    regex_detector_test.go:84: Expected label ZipCode, got  ([]), file ZipCode.csv:17480 data 50845
    regex_detector_test.go:84: Expected label ZipCode, got  ([]), file ZipCode.csv:17481 data 50846
    regex_detector_test.go:84: Expected label ZipCode, got  ([]), file ZipCode.csv:17482 data 50847
    regex_detector_test.go:84: Expected label ZipCode, got  ([]), file ZipCode.csv:17483 data 50848
    regex_detector_test.go:84: Expected label ZipCode, got  ([]), file ZipCode.csv:17484 data 50849
    regex_detector_test.go:84: Expected label ZipCode, got  ([]), file ZipCode.csv:17485 data 50851
    regex_detector_test.go:84: Expected label ZipCode, got  ([]), file ZipCode.csv:17486 data 50853
    regex_detector_test.go:84: Expected label ZipCode, got  ([]), file ZipCode.csv:17487 data 50854
    regex_detector_test.go:84: Expected label ZipCode, got  ([]), file ZipCode.csv:17488 data 50857
    regex_detector_test.go:84: Expected label ZipCode, got  ([]), file ZipCode.csv:17489 data 50858
    regex_detector_test.go:84: Expected label ZipCode, got  ([]), file ZipCode.csv:17490 data 50859
    regex_detector_test.go:84: Expected label ZipCode, got  ([]), file ZipCode.csv:17491 data 50860
    regex_detector_test.go:84: Expected label ZipCode, got  ([]), file ZipCode.csv:17492 data 50861
    regex_detector_test.go:84: Expected label ZipCode, got  ([]), file ZipCode.csv:17493 data 50862
    regex_detector_test.go:84: Expected label ZipCode, got  ([]), file ZipCode.csv:17494 data 50863
    regex_detector_test.go:84: Expected label ZipCode, got  ([]), file ZipCode.csv:17495 data 50864
    regex_detector_test.go:84: Expected label ZipCode, got  ([]), file ZipCode.csv:17496 data 51001
    regex_detector_test.go:84: Expected label ZipCode, got  ([]), file ZipCode.csv:17497 data 51002
    regex_detector_test.go:84: Expected label ZipCode, got  ([]), file ZipCode.csv:17498 data 51003
    regex_detector_test.go:84: Expected label ZipCode, got  ([]), file ZipCode.csv:17499 data 51004
    regex_detector_test.go:84: Expected label ZipCode, got  ([]), file ZipCode.csv:17500 data 51005
    regex_detector_test.go:84: Expected label ZipCode, got  ([]), file ZipCode.csv:17501 data 51006
    regex_detector_test.go:84: Expected label ZipCode, got  ([]), file ZipCode.csv:17502 data 51007
    regex_detector_test.go:84: Expected label ZipCode, got  ([]), file ZipCode.csv:17503 data 51008
    regex_detector_test.go:84: Expected label ZipCode, got  ([]), file ZipCode.csv:17504 data 51009
    regex_detector_test.go:84: Expected label ZipCode, got  ([]), file ZipCode.csv:17505 data 51010
    regex_detector_test.go:84: Expected label ZipCode, got  ([]), file ZipCode.csv:17506 data 51011
    regex_detector_test.go:84: Expected label ZipCode, got  ([]), file ZipCode.csv:17507 data 51012
    regex_detector_test.go:84: Expected label ZipCode, got  ([]), file ZipCode.csv:17508 data 51014
    regex_detector_test.go:84: Expected label ZipCode, got  ([]), file ZipCode.csv:17509 data 51015
    regex_detector_test.go:84: Expected label ZipCode, got  ([]), file ZipCode.csv:17510 data 51016
    regex_detector_test.go:84: Expected label ZipCode, got  ([]), file ZipCode.csv:17511 data 51018
    regex_detector_test.go:84: Expected label ZipCode, got  ([]), file ZipCode.csv:17512 data 51019
    regex_detector_test.go:84: Expected label ZipCode, got  ([]), file ZipCode.csv:17513 data 51020
    regex_detector_test.go:84: Expected label ZipCode, got  ([]), file ZipCode.csv:17514 data 51022
    regex_detector_test.go:84: Expected label ZipCode, got  ([]), file ZipCode.csv:17515 data 51023
    regex_detector_test.go:84: Expected label ZipCode, got  ([]), file ZipCode.csv:17516 data 51024
    regex_detector_test.go:84: Expected label ZipCode, got  ([]), file ZipCode.csv:17517 data 51025
    regex_detector_test.go:84: Expected label ZipCode, got  ([]), file ZipCode.csv:17518 data 51026
    regex_detector_test.go:84: Expected label ZipCode, got  ([]), file ZipCode.csv:17519 data 51027
    regex_detector_test.go:84: Expected label ZipCode, got  ([]), file ZipCode.csv:17520 data 51028
    regex_detector_test.go:84: Expected label ZipCode, got  ([]), file ZipCode.csv:17521 data 51029
    regex_detector_test.go:84: Expected label ZipCode, got  ([]), file ZipCode.csv:17522 data 51030
    regex_detector_test.go:84: Expected label ZipCode, got  ([]), file ZipCode.csv:17523 data 51031
    regex_detector_test.go:84: Expected label ZipCode, got  ([]), file ZipCode.csv:17524 data 51033
    regex_detector_test.go:84: Expected label ZipCode, got  ([]), file ZipCode.csv:17525 data 51034
    regex_detector_test.go:84: Expected label ZipCode, got  ([]), file ZipCode.csv:17526 data 51035
    regex_detector_test.go:84: Expected label ZipCode, got  ([]), file ZipCode.csv:17527 data 51036
    regex_detector_test.go:84: Expected label ZipCode, got  ([]), file ZipCode.csv:17528 data 51037
    regex_detector_test.go:84: Expected label ZipCode, got  ([]), file ZipCode.csv:17529 data 51038
    regex_detector_test.go:84: Expected label ZipCode, got  ([]), file ZipCode.csv:17530 data 51039
    regex_detector_test.go:84: Expected label ZipCode, got  ([]), file ZipCode.csv:17531 data 51040
    regex_detector_test.go:84: Expected label ZipCode, got  ([]), file ZipCode.csv:17532 data 51041
    regex_detector_test.go:84: Expected label ZipCode, got  ([]), file ZipCode.csv:17533 data 51044
    regex_detector_test.go:84: Expected label ZipCode, got  ([]), file ZipCode.csv:17534 data 51045
    regex_detector_test.go:84: Expected label ZipCode, got  ([]), file ZipCode.csv:17535 data 51046
    regex_detector_test.go:84: Expected label ZipCode, got  ([]), file ZipCode.csv:17536 data 51047
    regex_detector_test.go:84: Expected label ZipCode, got  ([]), file ZipCode.csv:17537 data 51048
    regex_detector_test.go:84: Expected label ZipCode, got  ([]), file ZipCode.csv:17538 data 51049
    regex_detector_test.go:84: Expected label ZipCode, got  ([]), file ZipCode.csv:17539 data 51050
    regex_detector_test.go:84: Expected label ZipCode, got  ([]), file ZipCode.csv:17540 data 51051
    regex_detector_test.go:84: Expected label ZipCode, got  ([]), file ZipCode.csv:17541 data 51052
    regex_detector_test.go:84: Expected label ZipCode, got  ([]), file ZipCode.csv:17542 data 51053
    regex_detector_test.go:84: Expected label ZipCode, got  ([]), file ZipCode.csv:17543 data 51054
    regex_detector_test.go:84: Expected label ZipCode, got  ([]), file ZipCode.csv:17544 data 51055
    regex_detector_test.go:84: Expected label ZipCode, got  ([]), file ZipCode.csv:17545 data 51056
    regex_detector_test.go:84: Expected label ZipCode, got  ([]), file ZipCode.csv:17546 data 51058
    regex_detector_test.go:84: Expected label ZipCode, got  ([]), file ZipCode.csv:17547 data 51060
    regex_detector_test.go:84: Expected label ZipCode, got  ([]), file ZipCode.csv:17548 data 51061
    regex_detector_test.go:84: Expected label ZipCode, got  ([]), file ZipCode.csv:17549 data 51062
    regex_detector_test.go:84: Expected label ZipCode, got  ([]), file ZipCode.csv:17550 data 51063
    regex_detector_test.go:84: Expected label ZipCode, got  ([]), file ZipCode.csv:17551 data 51101
    regex_detector_test.go:84: Expected label ZipCode, got  ([]), file ZipCode.csv:17552 data 51103
    regex_detector_test.go:84: Expected label ZipCode, got  ([]), file ZipCode.csv:17553 data 51104
    regex_detector_test.go:84: Expected label ZipCode, got  ([]), file ZipCode.csv:17554 data 51105
    regex_detector_test.go:84: Expected label ZipCode, got  ([]), file ZipCode.csv:17555 data 51106
    regex_detector_test.go:84: Expected label ZipCode, got  ([]), file ZipCode.csv:17556 data 51108
    regex_detector_test.go:84: Expected label ZipCode, got  ([]), file ZipCode.csv:17557 data 51109
    regex_detector_test.go:84: Expected label ZipCode, got  ([]), file ZipCode.csv:17558 data 51111
    regex_detector_test.go:84: Expected label ZipCode, got  ([]), file ZipCode.csv:17559 data 51201
    regex_detector_test.go:84: Expected label ZipCode, got  ([]), file ZipCode.csv:17560 data 51230
    regex_detector_test.go:84: Expected label ZipCode, got  ([]), file ZipCode.csv:17561 data 51231
    regex_detector_test.go:84: Expected label ZipCode, got  ([]), file ZipCode.csv:17562 data 51232
    regex_detector_test.go:84: Expected label ZipCode, got  ([]), file ZipCode.csv:17563 data 51234
    regex_detector_test.go:84: Expected label ZipCode, got  ([]), file ZipCode.csv:17564 data 51235
    regex_detector_test.go:84: Expected label ZipCode, got  ([]), file ZipCode.csv:17565 data 51237
    regex_detector_test.go:84: Expected label ZipCode, got  ([]), file ZipCode.csv:17566 data 51238
    regex_detector_test.go:84: Expected label ZipCode, got  ([]), file ZipCode.csv:17567 data 51239
    regex_detector_test.go:84: Expected label ZipCode, got  ([]), file ZipCode.csv:17568 data 51240
    regex_detector_test.go:84: Expected label ZipCode, got  ([]), file ZipCode.csv:17569 data 51241
    regex_detector_test.go:84: Expected label ZipCode, got  ([]), file ZipCode.csv:17570 data 51242
    regex_detector_test.go:84: Expected label ZipCode, got  ([]), file ZipCode.csv:17571 data 51243
    regex_detector_test.go:84: Expected label ZipCode, got  ([]), file ZipCode.csv:17572 data 51244
    regex_detector_test.go:84: Expected label ZipCode, got  ([]), file ZipCode.csv:17573 data 51245
    regex_detector_test.go:84: Expected label ZipCode, got  ([]), file ZipCode.csv:17574 data 51246
    regex_detector_test.go:84: Expected label ZipCode, got  ([]), file ZipCode.csv:17575 data 51247
    regex_detector_test.go:84: Expected label ZipCode, got  ([]), file ZipCode.csv:17576 data 51248
    regex_detector_test.go:84: Expected label ZipCode, got  ([]), file ZipCode.csv:17577 data 51249
    regex_detector_test.go:84: Expected label ZipCode, got  ([]), file ZipCode.csv:17578 data 51250
    regex_detector_test.go:84: Expected label ZipCode, got  ([]), file ZipCode.csv:17579 data 51301
    regex_detector_test.go:84: Expected label ZipCode, got  ([]), file ZipCode.csv:17580 data 51331
    regex_detector_test.go:84: Expected label ZipCode, got  ([]), file ZipCode.csv:17581 data 51333
    regex_detector_test.go:84: Expected label ZipCode, got  ([]), file ZipCode.csv:17582 data 51334
    regex_detector_test.go:84: Expected label ZipCode, got  ([]), file ZipCode.csv:17583 data 51338
    regex_detector_test.go:84: Expected label ZipCode, got  ([]), file ZipCode.csv:17584 data 51340
    regex_detector_test.go:84: Expected label ZipCode, got  ([]), file ZipCode.csv:17585 data 51341
    regex_detector_test.go:84: Expected label ZipCode, got  ([]), file ZipCode.csv:17586 data 51342
    regex_detector_test.go:84: Expected label ZipCode, got  ([]), file ZipCode.csv:17587 data 51343
    regex_detector_test.go:84: Expected label ZipCode, got  ([]), file ZipCode.csv:17588 data 51345
    regex_detector_test.go:84: Expected label ZipCode, got  ([]), file ZipCode.csv:17589 data 51346
    regex_detector_test.go:84: Expected label ZipCode, got  ([]), file ZipCode.csv:17590 data 51347
    regex_detector_test.go:84: Expected label ZipCode, got  ([]), file ZipCode.csv:17591 data 51350
    regex_detector_test.go:84: Expected label ZipCode, got  ([]), file ZipCode.csv:17592 data 51351
    regex_detector_test.go:84: Expected label ZipCode, got  ([]), file ZipCode.csv:17593 data 51354
    regex_detector_test.go:84: Expected label ZipCode, got  ([]), file ZipCode.csv:17594 data 51355
    regex_detector_test.go:84: Expected label ZipCode, got  ([]), file ZipCode.csv:17595 data 51357
    regex_detector_test.go:84: Expected label ZipCode, got  ([]), file ZipCode.csv:17596 data 51358
    regex_detector_test.go:84: Expected label ZipCode, got  ([]), file ZipCode.csv:17597 data 51360
    regex_detector_test.go:84: Expected label ZipCode, got  ([]), file ZipCode.csv:17598 data 51363
    regex_detector_test.go:84: Expected label ZipCode, got  ([]), file ZipCode.csv:17599 data 51364
    regex_detector_test.go:84: Expected label ZipCode, got  ([]), file ZipCode.csv:17600 data 51365
    regex_detector_test.go:84: Expected label ZipCode, got  ([]), file ZipCode.csv:17601 data 51366
    regex_detector_test.go:84: Expected label ZipCode, got  ([]), file ZipCode.csv:17602 data 51401
    regex_detector_test.go:84: Expected label ZipCode, got  ([]), file ZipCode.csv:17603 data 51430
    regex_detector_test.go:84: Expected label ZipCode, got  ([]), file ZipCode.csv:17604 data 51431
    regex_detector_test.go:84: Expected label ZipCode, got  ([]), file ZipCode.csv:17605 data 51432
    regex_detector_test.go:84: Expected label ZipCode, got  ([]), file ZipCode.csv:17606 data 51433
    regex_detector_test.go:84: Expected label ZipCode, got  ([]), file ZipCode.csv:17607 data 51436
    regex_detector_test.go:84: Expected label ZipCode, got  ([]), file ZipCode.csv:17608 data 51439
    regex_detector_test.go:84: Expected label ZipCode, got  ([]), file ZipCode.csv:17609 data 51440
    regex_detector_test.go:84: Expected label ZipCode, got  ([]), file ZipCode.csv:17610 data 51441
    regex_detector_test.go:84: Expected label ZipCode, got  ([]), file ZipCode.csv:17611 data 51442
    regex_detector_test.go:84: Expected label ZipCode, got  ([]), file ZipCode.csv:17612 data 51443
    regex_detector_test.go:84: Expected label ZipCode, got  ([]), file ZipCode.csv:17613 data 51444
    regex_detector_test.go:84: Expected label ZipCode, got  ([]), file ZipCode.csv:17614 data 51445
    regex_detector_test.go:84: Expected label ZipCode, got  ([]), file ZipCode.csv:17615 data 51446
    regex_detector_test.go:84: Expected label ZipCode, got  ([]), file ZipCode.csv:17616 data 51447
    regex_detector_test.go:84: Expected label ZipCode, got  ([]), file ZipCode.csv:17617 data 51448
    regex_detector_test.go:84: Expected label ZipCode, got  ([]), file ZipCode.csv:17618 data 51449
    regex_detector_test.go:84: Expected label ZipCode, got  ([]), file ZipCode.csv:17619 data 51450
    regex_detector_test.go:84: Expected label ZipCode, got  ([]), file ZipCode.csv:17620 data 51451
    regex_detector_test.go:84: Expected label ZipCode, got  ([]), file ZipCode.csv:17621 data 51452
    regex_detector_test.go:84: Expected label ZipCode, got  ([]), file ZipCode.csv:17622 data 51453
    regex_detector_test.go:84: Expected label ZipCode, got  ([]), file ZipCode.csv:17623 data 51454
    regex_detector_test.go:84: Expected label ZipCode, got  ([]), file ZipCode.csv:17624 data 51455
    regex_detector_test.go:84: Expected label ZipCode, got  ([]), file ZipCode.csv:17625 data 51458
    regex_detector_test.go:84: Expected label ZipCode, got  ([]), file ZipCode.csv:17626 data 51459
    regex_detector_test.go:84: Expected label ZipCode, got  ([]), file ZipCode.csv:17627 data 51460
    regex_detector_test.go:84: Expected label ZipCode, got  ([]), file ZipCode.csv:17628 data 51461
    regex_detector_test.go:84: Expected label ZipCode, got  ([]), file ZipCode.csv:17629 data 51462
    regex_detector_test.go:84: Expected label ZipCode, got  ([]), file ZipCode.csv:17630 data 51463
    regex_detector_test.go:84: Expected label ZipCode, got  ([]), file ZipCode.csv:17631 data 51465
    regex_detector_test.go:84: Expected label ZipCode, got  ([]), file ZipCode.csv:17632 data 51466
    regex_detector_test.go:84: Expected label ZipCode, got  ([]), file ZipCode.csv:17633 data 51467
    regex_detector_test.go:84: Expected label ZipCode, got  ([]), file ZipCode.csv:17634 data 51501
    regex_detector_test.go:84: Expected label ZipCode, got  ([]), file ZipCode.csv:17635 data 51503
    regex_detector_test.go:84: Expected label ZipCode, got  ([]), file ZipCode.csv:17636 data 51510
    regex_detector_test.go:84: Expected label ZipCode, got  ([]), file ZipCode.csv:17637 data 51520
    regex_detector_test.go:84: Expected label ZipCode, got  ([]), file ZipCode.csv:17638 data 51521
    regex_detector_test.go:84: Expected label ZipCode, got  ([]), file ZipCode.csv:17639 data 51523
    regex_detector_test.go:84: Expected label ZipCode, got  ([]), file ZipCode.csv:17640 data 51525
    regex_detector_test.go:84: Expected label ZipCode, got  ([]), file ZipCode.csv:17641 data 51526
    regex_detector_test.go:84: Expected label ZipCode, got  ([]), file ZipCode.csv:17642 data 51527
    regex_detector_test.go:84: Expected label ZipCode, got  ([]), file ZipCode.csv:17643 data 51528
    regex_detector_test.go:84: Expected label ZipCode, got  ([]), file ZipCode.csv:17644 data 51529
    regex_detector_test.go:84: Expected label ZipCode, got  ([]), file ZipCode.csv:17645 data 51530
    regex_detector_test.go:84: Expected label ZipCode, got  ([]), file ZipCode.csv:17646 data 51531
    regex_detector_test.go:84: Expected label ZipCode, got  ([]), file ZipCode.csv:17647 data 51532
    regex_detector_test.go:84: Expected label ZipCode, got  ([]), file ZipCode.csv:17648 data 51533
    regex_detector_test.go:84: Expected label ZipCode, got  ([]), file ZipCode.csv:17649 data 51534
    regex_detector_test.go:84: Expected label ZipCode, got  ([]), file ZipCode.csv:17650 data 51535
    regex_detector_test.go:84: Expected label ZipCode, got  ([]), file ZipCode.csv:17651 data 51536
    regex_detector_test.go:84: Expected label ZipCode, got  ([]), file ZipCode.csv:17652 data 51537
    regex_detector_test.go:84: Expected label ZipCode, got  ([]), file ZipCode.csv:17653 data 51540
    regex_detector_test.go:84: Expected label ZipCode, got  ([]), file ZipCode.csv:17654 data 51541
    regex_detector_test.go:84: Expected label ZipCode, got  ([]), file ZipCode.csv:17655 data 51542
    regex_detector_test.go:84: Expected label ZipCode, got  ([]), file ZipCode.csv:17656 data 51543
    regex_detector_test.go:84: Expected label ZipCode, got  ([]), file ZipCode.csv:17657 data 51544
    regex_detector_test.go:84: Expected label ZipCode, got  ([]), file ZipCode.csv:17658 data 51545
    regex_detector_test.go:84: Expected label ZipCode, got  ([]), file ZipCode.csv:17659 data 51546
    regex_detector_test.go:84: Expected label ZipCode, got  ([]), file ZipCode.csv:17660 data 51548
    regex_detector_test.go:84: Expected label ZipCode, got  ([]), file ZipCode.csv:17661 data 51549
    regex_detector_test.go:84: Expected label ZipCode, got  ([]), file ZipCode.csv:17662 data 51550
    regex_detector_test.go:84: Expected label ZipCode, got  ([]), file ZipCode.csv:17663 data 51551
    regex_detector_test.go:84: Expected label ZipCode, got  ([]), file ZipCode.csv:17664 data 51552
    regex_detector_test.go:84: Expected label ZipCode, got  ([]), file ZipCode.csv:17665 data 51553
    regex_detector_test.go:84: Expected label ZipCode, got  ([]), file ZipCode.csv:17666 data 51554
    regex_detector_test.go:84: Expected label ZipCode, got  ([]), file ZipCode.csv:17667 data 51555
    regex_detector_test.go:84: Expected label ZipCode, got  ([]), file ZipCode.csv:17668 data 51556
    regex_detector_test.go:84: Expected label ZipCode, got  ([]), file ZipCode.csv:17669 data 51557
    regex_detector_test.go:84: Expected label ZipCode, got  ([]), file ZipCode.csv:17670 data 51558
    regex_detector_test.go:84: Expected label ZipCode, got  ([]), file ZipCode.csv:17671 data 51559
    regex_detector_test.go:84: Expected label ZipCode, got  ([]), file ZipCode.csv:17672 data 51560
    regex_detector_test.go:84: Expected label ZipCode, got  ([]), file ZipCode.csv:17673 data 51561
    regex_detector_test.go:84: Expected label ZipCode, got  ([]), file ZipCode.csv:17674 data 51562
    regex_detector_test.go:84: Expected label ZipCode, got  ([]), file ZipCode.csv:17675 data 51563
    regex_detector_test.go:84: Expected label ZipCode, got  ([]), file ZipCode.csv:17676 data 51564
    regex_detector_test.go:84: Expected label ZipCode, got  ([]), file ZipCode.csv:17677 data 51565
    regex_detector_test.go:84: Expected label ZipCode, got  ([]), file ZipCode.csv:17678 data 51566
    regex_detector_test.go:84: Expected label ZipCode, got  ([]), file ZipCode.csv:17679 data 51570
    regex_detector_test.go:84: Expected label ZipCode, got  ([]), file ZipCode.csv:17680 data 51571
    regex_detector_test.go:84: Expected label ZipCode, got  ([]), file ZipCode.csv:17681 data 51572
    regex_detector_test.go:84: Expected label ZipCode, got  ([]), file ZipCode.csv:17682 data 51573
    regex_detector_test.go:84: Expected label ZipCode, got  ([]), file ZipCode.csv:17683 data 51575
    regex_detector_test.go:84: Expected label ZipCode, got  ([]), file ZipCode.csv:17684 data 51576
    regex_detector_test.go:84: Expected label ZipCode, got  ([]), file ZipCode.csv:17685 data 51577
    regex_detector_test.go:84: Expected label ZipCode, got  ([]), file ZipCode.csv:17686 data 51578
    regex_detector_test.go:84: Expected label ZipCode, got  ([]), file ZipCode.csv:17687 data 51579
    regex_detector_test.go:84: Expected label ZipCode, got  ([]), file ZipCode.csv:17688 data 51601
    regex_detector_test.go:84: Expected label ZipCode, got  ([]), file ZipCode.csv:17689 data 51630
    regex_detector_test.go:84: Expected label ZipCode, got  ([]), file ZipCode.csv:17690 data 51631
    regex_detector_test.go:84: Expected label ZipCode, got  ([]), file ZipCode.csv:17691 data 51632
    regex_detector_test.go:84: Expected label ZipCode, got  ([]), file ZipCode.csv:17692 data 51636
    regex_detector_test.go:84: Expected label ZipCode, got  ([]), file ZipCode.csv:17693 data 51637
    regex_detector_test.go:84: Expected label ZipCode, got  ([]), file ZipCode.csv:17694 data 51638
    regex_detector_test.go:84: Expected label ZipCode, got  ([]), file ZipCode.csv:17695 data 51639
    regex_detector_test.go:84: Expected label ZipCode, got  ([]), file ZipCode.csv:17696 data 51640
    regex_detector_test.go:84: Expected label ZipCode, got  ([]), file ZipCode.csv:17697 data 51645
    regex_detector_test.go:84: Expected label ZipCode, got  ([]), file ZipCode.csv:17698 data 51646
    regex_detector_test.go:84: Expected label ZipCode, got  ([]), file ZipCode.csv:17699 data 51647
    regex_detector_test.go:84: Expected label ZipCode, got  ([]), file ZipCode.csv:17700 data 51648
    regex_detector_test.go:84: Expected label ZipCode, got  ([]), file ZipCode.csv:17701 data 51649
    regex_detector_test.go:84: Expected label ZipCode, got  ([]), file ZipCode.csv:17702 data 51650
    regex_detector_test.go:84: Expected label ZipCode, got  ([]), file ZipCode.csv:17703 data 51651
    regex_detector_test.go:84: Expected label ZipCode, got  ([]), file ZipCode.csv:17704 data 51652
    regex_detector_test.go:84: Expected label ZipCode, got  ([]), file ZipCode.csv:17705 data 51653
    regex_detector_test.go:84: Expected label ZipCode, got  ([]), file ZipCode.csv:17706 data 51654
    regex_detector_test.go:84: Expected label ZipCode, got  ([]), file ZipCode.csv:17707 data 51656
    regex_detector_test.go:84: Expected label ZipCode, got  ([]), file ZipCode.csv:17708 data 52001
    regex_detector_test.go:84: Expected label ZipCode, got  ([]), file ZipCode.csv:17709 data 52002
    regex_detector_test.go:84: Expected label ZipCode, got  ([]), file ZipCode.csv:17710 data 52003
    regex_detector_test.go:84: Expected label ZipCode, got  ([]), file ZipCode.csv:17711 data 52030
    regex_detector_test.go:84: Expected label ZipCode, got  ([]), file ZipCode.csv:17712 data 52031
    regex_detector_test.go:84: Expected label ZipCode, got  ([]), file ZipCode.csv:17713 data 52032
    regex_detector_test.go:84: Expected label ZipCode, got  ([]), file ZipCode.csv:17714 data 52033
    regex_detector_test.go:84: Expected label ZipCode, got  ([]), file ZipCode.csv:17715 data 52035
    regex_detector_test.go:84: Expected label ZipCode, got  ([]), file ZipCode.csv:17716 data 52036
    regex_detector_test.go:84: Expected label ZipCode, got  ([]), file ZipCode.csv:17717 data 52037
    regex_detector_test.go:84: Expected label ZipCode, got  ([]), file ZipCode.csv:17718 data 52038
    regex_detector_test.go:84: Expected label ZipCode, got  ([]), file ZipCode.csv:17719 data 52039
    regex_detector_test.go:84: Expected label ZipCode, got  ([]), file ZipCode.csv:17720 data 52040
    regex_detector_test.go:84: Expected label ZipCode, got  ([]), file ZipCode.csv:17721 data 52041
    regex_detector_test.go:84: Expected label ZipCode, got  ([]), file ZipCode.csv:17722 data 52042
    regex_detector_test.go:84: Expected label ZipCode, got  ([]), file ZipCode.csv:17723 data 52043
    regex_detector_test.go:84: Expected label ZipCode, got  ([]), file ZipCode.csv:17724 data 52044
    regex_detector_test.go:84: Expected label ZipCode, got  ([]), file ZipCode.csv:17725 data 52045
    regex_detector_test.go:84: Expected label ZipCode, got  ([]), file ZipCode.csv:17726 data 52046
    regex_detector_test.go:84: Expected label ZipCode, got  ([]), file ZipCode.csv:17727 data 52047
    regex_detector_test.go:84: Expected label ZipCode, got  ([]), file ZipCode.csv:17728 data 52048
    regex_detector_test.go:84: Expected label ZipCode, got  ([]), file ZipCode.csv:17729 data 52049
    regex_detector_test.go:84: Expected label ZipCode, got  ([]), file ZipCode.csv:17730 data 52050
    regex_detector_test.go:84: Expected label ZipCode, got  ([]), file ZipCode.csv:17731 data 52052
    regex_detector_test.go:84: Expected label ZipCode, got  ([]), file ZipCode.csv:17732 data 52053
    regex_detector_test.go:84: Expected label ZipCode, got  ([]), file ZipCode.csv:17733 data 52054
    regex_detector_test.go:84: Expected label ZipCode, got  ([]), file ZipCode.csv:17734 data 52056
    regex_detector_test.go:84: Expected label ZipCode, got  ([]), file ZipCode.csv:17735 data 52057
    regex_detector_test.go:84: Expected label ZipCode, got  ([]), file ZipCode.csv:17736 data 52060
    regex_detector_test.go:84: Expected label ZipCode, got  ([]), file ZipCode.csv:17737 data 52064
    regex_detector_test.go:84: Expected label ZipCode, got  ([]), file ZipCode.csv:17738 data 52065
    regex_detector_test.go:84: Expected label ZipCode, got  ([]), file ZipCode.csv:17739 data 52066
    regex_detector_test.go:84: Expected label ZipCode, got  ([]), file ZipCode.csv:17740 data 52068
    regex_detector_test.go:84: Expected label ZipCode, got  ([]), file ZipCode.csv:17741 data 52069
    regex_detector_test.go:84: Expected label ZipCode, got  ([]), file ZipCode.csv:17742 data 52070
    regex_detector_test.go:84: Expected label ZipCode, got  ([]), file ZipCode.csv:17743 data 52071
    regex_detector_test.go:84: Expected label ZipCode, got  ([]), file ZipCode.csv:17744 data 52072
    regex_detector_test.go:84: Expected label ZipCode, got  ([]), file ZipCode.csv:17745 data 52073
    regex_detector_test.go:84: Expected label ZipCode, got  ([]), file ZipCode.csv:17746 data 52074
    regex_detector_test.go:84: Expected label ZipCode, got  ([]), file ZipCode.csv:17747 data 52075
    regex_detector_test.go:84: Expected label ZipCode, got  ([]), file ZipCode.csv:17748 data 52076
    regex_detector_test.go:84: Expected label ZipCode, got  ([]), file ZipCode.csv:17749 data 52077
    regex_detector_test.go:84: Expected label ZipCode, got  ([]), file ZipCode.csv:17750 data 52078
    regex_detector_test.go:84: Expected label ZipCode, got  ([]), file ZipCode.csv:17751 data 52079
    regex_detector_test.go:84: Expected label ZipCode, got  ([]), file ZipCode.csv:17752 data 52101
    regex_detector_test.go:84: Expected label ZipCode, got  ([]), file ZipCode.csv:17753 data 52132
    regex_detector_test.go:84: Expected label ZipCode, got  ([]), file ZipCode.csv:17754 data 52133
    regex_detector_test.go:84: Expected label ZipCode, got  ([]), file ZipCode.csv:17755 data 52134
    regex_detector_test.go:84: Expected label ZipCode, got  ([]), file ZipCode.csv:17756 data 52135
    regex_detector_test.go:84: Expected label ZipCode, got  ([]), file ZipCode.csv:17757 data 52136
    regex_detector_test.go:84: Expected label ZipCode, got  ([]), file ZipCode.csv:17758 data 52140
    regex_detector_test.go:84: Expected label ZipCode, got  ([]), file ZipCode.csv:17759 data 52141
    regex_detector_test.go:84: Expected label ZipCode, got  ([]), file ZipCode.csv:17760 data 52142
    regex_detector_test.go:84: Expected label ZipCode, got  ([]), file ZipCode.csv:17761 data 52144
    regex_detector_test.go:84: Expected label ZipCode, got  ([]), file ZipCode.csv:17762 data 52146
    regex_detector_test.go:84: Expected label ZipCode, got  ([]), file ZipCode.csv:17763 data 52147
    regex_detector_test.go:84: Expected label ZipCode, got  ([]), file ZipCode.csv:17764 data 52151
    regex_detector_test.go:84: Expected label ZipCode, got  ([]), file ZipCode.csv:17765 data 52154
    regex_detector_test.go:84: Expected label ZipCode, got  ([]), file ZipCode.csv:17766 data 52155
    regex_detector_test.go:84: Expected label ZipCode, got  ([]), file ZipCode.csv:17767 data 52156
    regex_detector_test.go:84: Expected label ZipCode, got  ([]), file ZipCode.csv:17768 data 52157
    regex_detector_test.go:84: Expected label ZipCode, got  ([]), file ZipCode.csv:17769 data 52158
    regex_detector_test.go:84: Expected label ZipCode, got  ([]), file ZipCode.csv:17770 data 52159
    regex_detector_test.go:84: Expected label ZipCode, got  ([]), file ZipCode.csv:17771 data 52160
    regex_detector_test.go:84: Expected label ZipCode, got  ([]), file ZipCode.csv:17772 data 52161
    regex_detector_test.go:84: Expected label ZipCode, got  ([]), file ZipCode.csv:17773 data 52162
    regex_detector_test.go:84: Expected label ZipCode, got  ([]), file ZipCode.csv:17774 data 52163
    regex_detector_test.go:84: Expected label ZipCode, got  ([]), file ZipCode.csv:17775 data 52164
    regex_detector_test.go:84: Expected label ZipCode, got  ([]), file ZipCode.csv:17776 data 52165
    regex_detector_test.go:84: Expected label ZipCode, got  ([]), file ZipCode.csv:17777 data 52166
    regex_detector_test.go:84: Expected label ZipCode, got  ([]), file ZipCode.csv:17778 data 52168
    regex_detector_test.go:84: Expected label ZipCode, got  ([]), file ZipCode.csv:17779 data 52169
    regex_detector_test.go:84: Expected label ZipCode, got  ([]), file ZipCode.csv:17780 data 52170
    regex_detector_test.go:84: Expected label ZipCode, got  ([]), file ZipCode.csv:17781 data 52171
    regex_detector_test.go:84: Expected label ZipCode, got  ([]), file ZipCode.csv:17782 data 52172
    regex_detector_test.go:84: Expected label ZipCode, got  ([]), file ZipCode.csv:17783 data 52175
    regex_detector_test.go:84: Expected label ZipCode, got  ([]), file ZipCode.csv:17784 data 52201
    regex_detector_test.go:84: Expected label ZipCode, got  ([]), file ZipCode.csv:17785 data 52202
    regex_detector_test.go:84: Expected label ZipCode, got  ([]), file ZipCode.csv:17786 data 52203
    regex_detector_test.go:84: Expected label ZipCode, got  ([]), file ZipCode.csv:17787 data 52205
    regex_detector_test.go:84: Expected label ZipCode, got  ([]), file ZipCode.csv:17788 data 52206
    regex_detector_test.go:84: Expected label ZipCode, got  ([]), file ZipCode.csv:17789 data 52207
    regex_detector_test.go:84: Expected label ZipCode, got  ([]), file ZipCode.csv:17790 data 52208
    regex_detector_test.go:84: Expected label ZipCode, got  ([]), file ZipCode.csv:17791 data 52209
    regex_detector_test.go:84: Expected label ZipCode, got  ([]), file ZipCode.csv:17792 data 52210
    regex_detector_test.go:84: Expected label ZipCode, got  ([]), file ZipCode.csv:17793 data 52211
    regex_detector_test.go:84: Expected label ZipCode, got  ([]), file ZipCode.csv:17794 data 52212
    regex_detector_test.go:84: Expected label ZipCode, got  ([]), file ZipCode.csv:17795 data 52213
    regex_detector_test.go:84: Expected label ZipCode, got  ([]), file ZipCode.csv:17796 data 52214
    regex_detector_test.go:84: Expected label ZipCode, got  ([]), file ZipCode.csv:17797 data 52215
    regex_detector_test.go:84: Expected label ZipCode, got  ([]), file ZipCode.csv:17798 data 52216
    regex_detector_test.go:84: Expected label ZipCode, got  ([]), file ZipCode.csv:17799 data 52217
    regex_detector_test.go:84: Expected label ZipCode, got  ([]), file ZipCode.csv:17800 data 52218
    regex_detector_test.go:84: Expected label ZipCode, got  ([]), file ZipCode.csv:17801 data 52219
    regex_detector_test.go:84: Expected label ZipCode, got  ([]), file ZipCode.csv:17802 data 52220
    regex_detector_test.go:84: Expected label ZipCode, got  ([]), file ZipCode.csv:17803 data 52221
    regex_detector_test.go:84: Expected label ZipCode, got  ([]), file ZipCode.csv:17804 data 52222
    regex_detector_test.go:84: Expected label ZipCode, got  ([]), file ZipCode.csv:17805 data 52223
    regex_detector_test.go:84: Expected label ZipCode, got  ([]), file ZipCode.csv:17806 data 52224
    regex_detector_test.go:84: Expected label ZipCode, got  ([]), file ZipCode.csv:17807 data 52225
    regex_detector_test.go:84: Expected label ZipCode, got  ([]), file ZipCode.csv:17808 data 52227
    regex_detector_test.go:84: Expected label ZipCode, got  ([]), file ZipCode.csv:17809 data 52228
    regex_detector_test.go:84: Expected label ZipCode, got  ([]), file ZipCode.csv:17810 data 52229
    regex_detector_test.go:84: Expected label ZipCode, got  ([]), file ZipCode.csv:17811 data 52231
    regex_detector_test.go:84: Expected label ZipCode, got  ([]), file ZipCode.csv:17812 data 52232
    regex_detector_test.go:84: Expected label ZipCode, got  ([]), file ZipCode.csv:17813 data 52233
    regex_detector_test.go:84: Expected label ZipCode, got  ([]), file ZipCode.csv:17814 data 52235
    regex_detector_test.go:84: Expected label ZipCode, got  ([]), file ZipCode.csv:17815 data 52236
    regex_detector_test.go:84: Expected label ZipCode, got  ([]), file ZipCode.csv:17816 data 52237
    regex_detector_test.go:84: Expected label ZipCode, got  ([]), file ZipCode.csv:17817 data 52240
    regex_detector_test.go:84: Expected label ZipCode, got  ([]), file ZipCode.csv:17818 data 52241
    regex_detector_test.go:84: Expected label ZipCode, got  ([]), file ZipCode.csv:17819 data 52242
    regex_detector_test.go:84: Expected label ZipCode, got  ([]), file ZipCode.csv:17820 data 52245
    regex_detector_test.go:84: Expected label ZipCode, got  ([]), file ZipCode.csv:17821 data 52246
    regex_detector_test.go:84: Expected label ZipCode, got  ([]), file ZipCode.csv:17822 data 52247
    regex_detector_test.go:84: Expected label ZipCode, got  ([]), file ZipCode.csv:17823 data 52248
    regex_detector_test.go:84: Expected label ZipCode, got  ([]), file ZipCode.csv:17824 data 52249
    regex_detector_test.go:84: Expected label ZipCode, got  ([]), file ZipCode.csv:17825 data 52251
    regex_detector_test.go:84: Expected label ZipCode, got  ([]), file ZipCode.csv:17826 data 52252
    regex_detector_test.go:84: Expected label ZipCode, got  ([]), file ZipCode.csv:17827 data 52253
    regex_detector_test.go:84: Expected label ZipCode, got  ([]), file ZipCode.csv:17828 data 52254
    regex_detector_test.go:84: Expected label ZipCode, got  ([]), file ZipCode.csv:17829 data 52255
    regex_detector_test.go:84: Expected label ZipCode, got  ([]), file ZipCode.csv:17830 data 52257
    regex_detector_test.go:84: Expected label ZipCode, got  ([]), file ZipCode.csv:17831 data 52301
    regex_detector_test.go:84: Expected label ZipCode, got  ([]), file ZipCode.csv:17832 data 52302
    regex_detector_test.go:84: Expected label ZipCode, got  ([]), file ZipCode.csv:17833 data 52305
    regex_detector_test.go:84: Expected label ZipCode, got  ([]), file ZipCode.csv:17834 data 52306
    regex_detector_test.go:84: Expected label ZipCode, got  ([]), file ZipCode.csv:17835 data 52307
    regex_detector_test.go:84: Expected label ZipCode, got  ([]), file ZipCode.csv:17836 data 52308
    regex_detector_test.go:84: Expected label ZipCode, got  ([]), file ZipCode.csv:17837 data 52309
    regex_detector_test.go:84: Expected label ZipCode, got  ([]), file ZipCode.csv:17838 data 52310
    regex_detector_test.go:84: Expected label ZipCode, got  ([]), file ZipCode.csv:17839 data 52312
    regex_detector_test.go:84: Expected label ZipCode, got  ([]), file ZipCode.csv:17840 data 52313
    regex_detector_test.go:84: Expected label ZipCode, got  ([]), file ZipCode.csv:17841 data 52314
    regex_detector_test.go:84: Expected label ZipCode, got  ([]), file ZipCode.csv:17842 data 52315
    regex_detector_test.go:84: Expected label ZipCode, got  ([]), file ZipCode.csv:17843 data 52316
    regex_detector_test.go:84: Expected label ZipCode, got  ([]), file ZipCode.csv:17844 data 52317
    regex_detector_test.go:84: Expected label ZipCode, got  ([]), file ZipCode.csv:17845 data 52318
    regex_detector_test.go:84: Expected label ZipCode, got  ([]), file ZipCode.csv:17846 data 52320
    regex_detector_test.go:84: Expected label ZipCode, got  ([]), file ZipCode.csv:17847 data 52321
    regex_detector_test.go:84: Expected label ZipCode, got  ([]), file ZipCode.csv:17848 data 52322
    regex_detector_test.go:84: Expected label ZipCode, got  ([]), file ZipCode.csv:17849 data 52323
    regex_detector_test.go:84: Expected label ZipCode, got  ([]), file ZipCode.csv:17850 data 52324
    regex_detector_test.go:84: Expected label ZipCode, got  ([]), file ZipCode.csv:17851 data 52325
    regex_detector_test.go:84: Expected label ZipCode, got  ([]), file ZipCode.csv:17852 data 52326
    regex_detector_test.go:84: Expected label ZipCode, got  ([]), file ZipCode.csv:17853 data 52327
    regex_detector_test.go:84: Expected label ZipCode, got  ([]), file ZipCode.csv:17854 data 52328
    regex_detector_test.go:84: Expected label ZipCode, got  ([]), file ZipCode.csv:17855 data 52329
    regex_detector_test.go:84: Expected label ZipCode, got  ([]), file ZipCode.csv:17856 data 52330
    regex_detector_test.go:84: Expected label ZipCode, got  ([]), file ZipCode.csv:17857 data 52332
    regex_detector_test.go:84: Expected label ZipCode, got  ([]), file ZipCode.csv:17858 data 52333
    regex_detector_test.go:84: Expected label ZipCode, got  ([]), file ZipCode.csv:17859 data 52334
    regex_detector_test.go:84: Expected label ZipCode, got  ([]), file ZipCode.csv:17860 data 52335
    regex_detector_test.go:84: Expected label ZipCode, got  ([]), file ZipCode.csv:17861 data 52336
    regex_detector_test.go:84: Expected label ZipCode, got  ([]), file ZipCode.csv:17862 data 52337
    regex_detector_test.go:84: Expected label ZipCode, got  ([]), file ZipCode.csv:17863 data 52338
    regex_detector_test.go:84: Expected label ZipCode, got  ([]), file ZipCode.csv:17864 data 52339
    regex_detector_test.go:84: Expected label ZipCode, got  ([]), file ZipCode.csv:17865 data 52340
    regex_detector_test.go:84: Expected label ZipCode, got  ([]), file ZipCode.csv:17866 data 52341
    regex_detector_test.go:84: Expected label ZipCode, got  ([]), file ZipCode.csv:17867 data 52342
    regex_detector_test.go:84: Expected label ZipCode, got  ([]), file ZipCode.csv:17868 data 52344
    regex_detector_test.go:84: Expected label ZipCode, got  ([]), file ZipCode.csv:17869 data 52345
    regex_detector_test.go:84: Expected label ZipCode, got  ([]), file ZipCode.csv:17870 data 52346
    regex_detector_test.go:84: Expected label ZipCode, got  ([]), file ZipCode.csv:17871 data 52347
    regex_detector_test.go:84: Expected label ZipCode, got  ([]), file ZipCode.csv:17872 data 52348
    regex_detector_test.go:84: Expected label ZipCode, got  ([]), file ZipCode.csv:17873 data 52349
    regex_detector_test.go:84: Expected label ZipCode, got  ([]), file ZipCode.csv:17874 data 52351
    regex_detector_test.go:84: Expected label ZipCode, got  ([]), file ZipCode.csv:17875 data 52352
    regex_detector_test.go:84: Expected label ZipCode, got  ([]), file ZipCode.csv:17876 data 52353
    regex_detector_test.go:84: Expected label ZipCode, got  ([]), file ZipCode.csv:17877 data 52354
    regex_detector_test.go:84: Expected label ZipCode, got  ([]), file ZipCode.csv:17878 data 52355
    regex_detector_test.go:84: Expected label ZipCode, got  ([]), file ZipCode.csv:17879 data 52356
    regex_detector_test.go:84: Expected label ZipCode, got  ([]), file ZipCode.csv:17880 data 52358
    regex_detector_test.go:84: Expected label ZipCode, got  ([]), file ZipCode.csv:17881 data 52359
    regex_detector_test.go:84: Expected label ZipCode, got  ([]), file ZipCode.csv:17882 data 52361
    regex_detector_test.go:84: Expected label ZipCode, got  ([]), file ZipCode.csv:17883 data 52362
    regex_detector_test.go:84: Expected label ZipCode, got  ([]), file ZipCode.csv:17884 data 52401
    regex_detector_test.go:84: Expected label ZipCode, got  ([]), file ZipCode.csv:17885 data 52402
    regex_detector_test.go:84: Expected label ZipCode, got  ([]), file ZipCode.csv:17886 data 52403
    regex_detector_test.go:84: Expected label ZipCode, got  ([]), file ZipCode.csv:17887 data 52404
    regex_detector_test.go:84: Expected label ZipCode, got  ([]), file ZipCode.csv:17888 data 52405
    regex_detector_test.go:84: Expected label ZipCode, got  ([]), file ZipCode.csv:17889 data 52411
    regex_detector_test.go:84: Expected label ZipCode, got  ([]), file ZipCode.csv:17890 data 52501
    regex_detector_test.go:84: Expected label ZipCode, got  ([]), file ZipCode.csv:17891 data 52530
    regex_detector_test.go:84: Expected label ZipCode, got  ([]), file ZipCode.csv:17892 data 52531
    regex_detector_test.go:84: Expected label ZipCode, got  ([]), file ZipCode.csv:17893 data 52533
    regex_detector_test.go:84: Expected label ZipCode, got  ([]), file ZipCode.csv:17894 data 52534
    regex_detector_test.go:84: Expected label ZipCode, got  ([]), file ZipCode.csv:17895 data 52535
    regex_detector_test.go:84: Expected label ZipCode, got  ([]), file ZipCode.csv:17896 data 52536
    regex_detector_test.go:84: Expected label ZipCode, got  ([]), file ZipCode.csv:17897 data 52537
    regex_detector_test.go:84: Expected label ZipCode, got  ([]), file ZipCode.csv:17898 data 52540
    regex_detector_test.go:84: Expected label ZipCode, got  ([]), file ZipCode.csv:17899 data 52542
    regex_detector_test.go:84: Expected label ZipCode, got  ([]), file ZipCode.csv:17900 data 52543
    regex_detector_test.go:84: Expected label ZipCode, got  ([]), file ZipCode.csv:17901 data 52544
    regex_detector_test.go:84: Expected label ZipCode, got  ([]), file ZipCode.csv:17902 data 52548
    regex_detector_test.go:84: Expected label ZipCode, got  ([]), file ZipCode.csv:17903 data 52549
    regex_detector_test.go:84: Expected label ZipCode, got  ([]), file ZipCode.csv:17904 data 52550
    regex_detector_test.go:84: Expected label ZipCode, got  ([]), file ZipCode.csv:17905 data 52551
    regex_detector_test.go:84: Expected label ZipCode, got  ([]), file ZipCode.csv:17906 data 52552
    regex_detector_test.go:84: Expected label ZipCode, got  ([]), file ZipCode.csv:17907 data 52553
    regex_detector_test.go:84: Expected label ZipCode, got  ([]), file ZipCode.csv:17908 data 52554
    regex_detector_test.go:84: Expected label ZipCode, got  ([]), file ZipCode.csv:17909 data 52555
    regex_detector_test.go:84: Expected label ZipCode, got  ([]), file ZipCode.csv:17910 data 52556
    regex_detector_test.go:84: Expected label ZipCode, got  ([]), file ZipCode.csv:17911 data 52557
    regex_detector_test.go:84: Expected label ZipCode, got  ([]), file ZipCode.csv:17912 data 52560
    regex_detector_test.go:84: Expected label ZipCode, got  ([]), file ZipCode.csv:17913 data 52561
    regex_detector_test.go:84: Expected label ZipCode, got  ([]), file ZipCode.csv:17914 data 52562
    regex_detector_test.go:84: Expected label ZipCode, got  ([]), file ZipCode.csv:17915 data 52563
    regex_detector_test.go:84: Expected label ZipCode, got  ([]), file ZipCode.csv:17916 data 52565
    regex_detector_test.go:84: Expected label ZipCode, got  ([]), file ZipCode.csv:17917 data 52566
    regex_detector_test.go:84: Expected label ZipCode, got  ([]), file ZipCode.csv:17918 data 52567
    regex_detector_test.go:84: Expected label ZipCode, got  ([]), file ZipCode.csv:17919 data 52568
    regex_detector_test.go:84: Expected label ZipCode, got  ([]), file ZipCode.csv:17920 data 52569
    regex_detector_test.go:84: Expected label ZipCode, got  ([]), file ZipCode.csv:17921 data 52570
    regex_detector_test.go:84: Expected label ZipCode, got  ([]), file ZipCode.csv:17922 data 52571
    regex_detector_test.go:84: Expected label ZipCode, got  ([]), file ZipCode.csv:17923 data 52572
    regex_detector_test.go:84: Expected label ZipCode, got  ([]), file ZipCode.csv:17924 data 52573
    regex_detector_test.go:84: Expected label ZipCode, got  ([]), file ZipCode.csv:17925 data 52574
    regex_detector_test.go:84: Expected label ZipCode, got  ([]), file ZipCode.csv:17926 data 52576
    regex_detector_test.go:84: Expected label ZipCode, got  ([]), file ZipCode.csv:17927 data 52577
    regex_detector_test.go:84: Expected label ZipCode, got  ([]), file ZipCode.csv:17928 data 52580
    regex_detector_test.go:84: Expected label ZipCode, got  ([]), file ZipCode.csv:17929 data 52581
    regex_detector_test.go:84: Expected label ZipCode, got  ([]), file ZipCode.csv:17930 data 52583
    regex_detector_test.go:84: Expected label ZipCode, got  ([]), file ZipCode.csv:17931 data 52584
    regex_detector_test.go:84: Expected label ZipCode, got  ([]), file ZipCode.csv:17932 data 52585
    regex_detector_test.go:84: Expected label ZipCode, got  ([]), file ZipCode.csv:17933 data 52586
    regex_detector_test.go:84: Expected label ZipCode, got  ([]), file ZipCode.csv:17934 data 52588
    regex_detector_test.go:84: Expected label ZipCode, got  ([]), file ZipCode.csv:17935 data 52590
    regex_detector_test.go:84: Expected label ZipCode, got  ([]), file ZipCode.csv:17936 data 52591
    regex_detector_test.go:84: Expected label ZipCode, got  ([]), file ZipCode.csv:17937 data 52593
    regex_detector_test.go:84: Expected label ZipCode, got  ([]), file ZipCode.csv:17938 data 52594
    regex_detector_test.go:84: Expected label ZipCode, got  ([]), file ZipCode.csv:17939 data 52595
    regex_detector_test.go:84: Expected label ZipCode, got  ([]), file ZipCode.csv:17940 data 52601
    regex_detector_test.go:84: Expected label ZipCode, got  ([]), file ZipCode.csv:17941 data 52619
    regex_detector_test.go:84: Expected label ZipCode, got  ([]), file ZipCode.csv:17942 data 52620
    regex_detector_test.go:84: Expected label ZipCode, got  ([]), file ZipCode.csv:17943 data 52621
    regex_detector_test.go:84: Expected label ZipCode, got  ([]), file ZipCode.csv:17944 data 52623
    regex_detector_test.go:84: Expected label ZipCode, got  ([]), file ZipCode.csv:17945 data 52624
    regex_detector_test.go:84: Expected label ZipCode, got  ([]), file ZipCode.csv:17946 data 52625
    regex_detector_test.go:84: Expected label ZipCode, got  ([]), file ZipCode.csv:17947 data 52626
    regex_detector_test.go:84: Expected label ZipCode, got  ([]), file ZipCode.csv:17948 data 52627
    regex_detector_test.go:84: Expected label ZipCode, got  ([]), file ZipCode.csv:17949 data 52630
    regex_detector_test.go:84: Expected label ZipCode, got  ([]), file ZipCode.csv:17950 data 52631
    regex_detector_test.go:84: Expected label ZipCode, got  ([]), file ZipCode.csv:17951 data 52632
    regex_detector_test.go:84: Expected label ZipCode, got  ([]), file ZipCode.csv:17952 data 52635
    regex_detector_test.go:84: Expected label ZipCode, got  ([]), file ZipCode.csv:17953 data 52637
    regex_detector_test.go:84: Expected label ZipCode, got  ([]), file ZipCode.csv:17954 data 52638
    regex_detector_test.go:84: Expected label ZipCode, got  ([]), file ZipCode.csv:17955 data 52639
    regex_detector_test.go:84: Expected label ZipCode, got  ([]), file ZipCode.csv:17956 data 52640
    regex_detector_test.go:84: Expected label ZipCode, got  ([]), file ZipCode.csv:17957 data 52641
    regex_detector_test.go:84: Expected label ZipCode, got  ([]), file ZipCode.csv:17958 data 52644
    regex_detector_test.go:84: Expected label ZipCode, got  ([]), file ZipCode.csv:17959 data 52645
    regex_detector_test.go:84: Expected label ZipCode, got  ([]), file ZipCode.csv:17960 data 52646
    regex_detector_test.go:84: Expected label ZipCode, got  ([]), file ZipCode.csv:17961 data 52647
    regex_detector_test.go:84: Expected label ZipCode, got  ([]), file ZipCode.csv:17962 data 52649
    regex_detector_test.go:84: Expected label ZipCode, got  ([]), file ZipCode.csv:17963 data 52650
    regex_detector_test.go:84: Expected label ZipCode, got  ([]), file ZipCode.csv:17964 data 52651
    regex_detector_test.go:84: Expected label ZipCode, got  ([]), file ZipCode.csv:17965 data 52652
    regex_detector_test.go:84: Expected label ZipCode, got  ([]), file ZipCode.csv:17966 data 52653
    regex_detector_test.go:84: Expected label ZipCode, got  ([]), file ZipCode.csv:17967 data 52654
    regex_detector_test.go:84: Expected label ZipCode, got  ([]), file ZipCode.csv:17968 data 52655
    regex_detector_test.go:84: Expected label ZipCode, got  ([]), file ZipCode.csv:17969 data 52656
    regex_detector_test.go:84: Expected label ZipCode, got  ([]), file ZipCode.csv:17970 data 52657
    regex_detector_test.go:84: Expected label ZipCode, got  ([]), file ZipCode.csv:17971 data 52658
    regex_detector_test.go:84: Expected label ZipCode, got  ([]), file ZipCode.csv:17972 data 52659
    regex_detector_test.go:84: Expected label ZipCode, got  ([]), file ZipCode.csv:17973 data 52660
    regex_detector_test.go:84: Expected label ZipCode, got  ([]), file ZipCode.csv:17974 data 52701
    regex_detector_test.go:84: Expected label ZipCode, got  ([]), file ZipCode.csv:17975 data 52720
    regex_detector_test.go:84: Expected label ZipCode, got  ([]), file ZipCode.csv:17976 data 52721
    regex_detector_test.go:84: Expected label ZipCode, got  ([]), file ZipCode.csv:17977 data 52722
    regex_detector_test.go:84: Expected label ZipCode, got  ([]), file ZipCode.csv:17978 data 52726
    regex_detector_test.go:84: Expected label ZipCode, got  ([]), file ZipCode.csv:17979 data 52727
    regex_detector_test.go:84: Expected label ZipCode, got  ([]), file ZipCode.csv:17980 data 52728
    regex_detector_test.go:84: Expected label ZipCode, got  ([]), file ZipCode.csv:17981 data 52729
    regex_detector_test.go:84: Expected label ZipCode, got  ([]), file ZipCode.csv:17982 data 52730
    regex_detector_test.go:84: Expected label ZipCode, got  ([]), file ZipCode.csv:17983 data 52731
    regex_detector_test.go:84: Expected label ZipCode, got  ([]), file ZipCode.csv:17984 data 52732
    regex_detector_test.go:84: Expected label ZipCode, got  ([]), file ZipCode.csv:17985 data 52737
    regex_detector_test.go:84: Expected label ZipCode, got  ([]), file ZipCode.csv:17986 data 52738
    regex_detector_test.go:84: Expected label ZipCode, got  ([]), file ZipCode.csv:17987 data 52739
    regex_detector_test.go:84: Expected label ZipCode, got  ([]), file ZipCode.csv:17988 data 52742
    regex_detector_test.go:84: Expected label ZipCode, got  ([]), file ZipCode.csv:17989 data 52745
    regex_detector_test.go:84: Expected label ZipCode, got  ([]), file ZipCode.csv:17990 data 52746
    regex_detector_test.go:84: Expected label ZipCode, got  ([]), file ZipCode.csv:17991 data 52747
    regex_detector_test.go:84: Expected label ZipCode, got  ([]), file ZipCode.csv:17992 data 52748
    regex_detector_test.go:84: Expected label ZipCode, got  ([]), file ZipCode.csv:17993 data 52749
    regex_detector_test.go:84: Expected label ZipCode, got  ([]), file ZipCode.csv:17994 data 52750
    regex_detector_test.go:84: Expected label ZipCode, got  ([]), file ZipCode.csv:17995 data 52751
    regex_detector_test.go:84: Expected label ZipCode, got  ([]), file ZipCode.csv:17996 data 52752
    regex_detector_test.go:84: Expected label ZipCode, got  ([]), file ZipCode.csv:17997 data 52753
    regex_detector_test.go:84: Expected label ZipCode, got  ([]), file ZipCode.csv:17998 data 52754
    regex_detector_test.go:84: Expected label ZipCode, got  ([]), file ZipCode.csv:17999 data 52755
    regex_detector_test.go:84: Expected label ZipCode, got  ([]), file ZipCode.csv:18000 data 52756
    regex_detector_test.go:84: Expected label ZipCode, got  ([]), file ZipCode.csv:18001 data 52757
    regex_detector_test.go:84: Expected label ZipCode, got  ([]), file ZipCode.csv:18002 data 52758
    regex_detector_test.go:84: Expected label ZipCode, got  ([]), file ZipCode.csv:18003 data 52759
    regex_detector_test.go:84: Expected label ZipCode, got  ([]), file ZipCode.csv:18004 data 52760
    regex_detector_test.go:84: Expected label ZipCode, got  ([]), file ZipCode.csv:18005 data 52761
    regex_detector_test.go:84: Expected label ZipCode, got  ([]), file ZipCode.csv:18006 data 52765
    regex_detector_test.go:84: Expected label ZipCode, got  ([]), file ZipCode.csv:18007 data 52766
    regex_detector_test.go:84: Expected label ZipCode, got  ([]), file ZipCode.csv:18008 data 52767
    regex_detector_test.go:84: Expected label ZipCode, got  ([]), file ZipCode.csv:18009 data 52768
    regex_detector_test.go:84: Expected label ZipCode, got  ([]), file ZipCode.csv:18010 data 52769
    regex_detector_test.go:84: Expected label ZipCode, got  ([]), file ZipCode.csv:18011 data 52771
    regex_detector_test.go:84: Expected label ZipCode, got  ([]), file ZipCode.csv:18012 data 52772
    regex_detector_test.go:84: Expected label ZipCode, got  ([]), file ZipCode.csv:18013 data 52773
    regex_detector_test.go:84: Expected label ZipCode, got  ([]), file ZipCode.csv:18014 data 52774
    regex_detector_test.go:84: Expected label ZipCode, got  ([]), file ZipCode.csv:18015 data 52776
    regex_detector_test.go:84: Expected label ZipCode, got  ([]), file ZipCode.csv:18016 data 52777
    regex_detector_test.go:84: Expected label ZipCode, got  ([]), file ZipCode.csv:18017 data 52778
    regex_detector_test.go:84: Expected label ZipCode, got  ([]), file ZipCode.csv:18018 data 52801
    regex_detector_test.go:84: Expected label ZipCode, got  ([]), file ZipCode.csv:18019 data 52802
    regex_detector_test.go:84: Expected label ZipCode, got  ([]), file ZipCode.csv:18020 data 52803
    regex_detector_test.go:84: Expected label ZipCode, got  ([]), file ZipCode.csv:18021 data 52804
    regex_detector_test.go:84: Expected label ZipCode, got  ([]), file ZipCode.csv:18022 data 52806
    regex_detector_test.go:84: Expected label ZipCode, got  ([]), file ZipCode.csv:18023 data 52807
    regex_detector_test.go:84: Expected label ZipCode, got  ([]), file ZipCode.csv:18024 data 53001
    regex_detector_test.go:84: Expected label ZipCode, got  ([]), file ZipCode.csv:18025 data 53002
    regex_detector_test.go:84: Expected label ZipCode, got  ([]), file ZipCode.csv:18026 data 53003
    regex_detector_test.go:84: Expected label ZipCode, got  ([]), file ZipCode.csv:18027 data 53004
    regex_detector_test.go:84: Expected label ZipCode, got  ([]), file ZipCode.csv:18028 data 53005
    regex_detector_test.go:84: Expected label ZipCode, got  ([]), file ZipCode.csv:18029 data 53006
    regex_detector_test.go:84: Expected label ZipCode, got  ([]), file ZipCode.csv:18030 data 53007
    regex_detector_test.go:84: Expected label ZipCode, got  ([]), file ZipCode.csv:18031 data 53010
    regex_detector_test.go:84: Expected label ZipCode, got  ([]), file ZipCode.csv:18032 data 53011
    regex_detector_test.go:84: Expected label ZipCode, got  ([]), file ZipCode.csv:18033 data 53012
    regex_detector_test.go:84: Expected label ZipCode, got  ([]), file ZipCode.csv:18034 data 53013
    regex_detector_test.go:84: Expected label ZipCode, got  ([]), file ZipCode.csv:18035 data 53014
    regex_detector_test.go:84: Expected label ZipCode, got  ([]), file ZipCode.csv:18036 data 53015
    regex_detector_test.go:84: Expected label ZipCode, got  ([]), file ZipCode.csv:18037 data 53016
    regex_detector_test.go:84: Expected label ZipCode, got  ([]), file ZipCode.csv:18038 data 53017
    regex_detector_test.go:84: Expected label ZipCode, got  ([]), file ZipCode.csv:18039 data 53018
    regex_detector_test.go:84: Expected label ZipCode, got  ([]), file ZipCode.csv:18040 data 53019
    regex_detector_test.go:84: Expected label ZipCode, got  ([]), file ZipCode.csv:18041 data 53020
    regex_detector_test.go:84: Expected label ZipCode, got  ([]), file ZipCode.csv:18042 data 53021
    regex_detector_test.go:84: Expected label ZipCode, got  ([]), file ZipCode.csv:18043 data 53022
    regex_detector_test.go:84: Expected label ZipCode, got  ([]), file ZipCode.csv:18044 data 53023
    regex_detector_test.go:84: Expected label ZipCode, got  ([]), file ZipCode.csv:18045 data 53024
    regex_detector_test.go:84: Expected label ZipCode, got  ([]), file ZipCode.csv:18046 data 53027
    regex_detector_test.go:84: Expected label ZipCode, got  ([]), file ZipCode.csv:18047 data 53029
    regex_detector_test.go:84: Expected label ZipCode, got  ([]), file ZipCode.csv:18048 data 53031
    regex_detector_test.go:84: Expected label ZipCode, got  ([]), file ZipCode.csv:18049 data 53032
    regex_detector_test.go:84: Expected label ZipCode, got  ([]), file ZipCode.csv:18050 data 53033
    regex_detector_test.go:84: Expected label ZipCode, got  ([]), file ZipCode.csv:18051 data 53034
    regex_detector_test.go:84: Expected label ZipCode, got  ([]), file ZipCode.csv:18052 data 53035
    regex_detector_test.go:84: Expected label ZipCode, got  ([]), file ZipCode.csv:18053 data 53036
    regex_detector_test.go:84: Expected label ZipCode, got  ([]), file ZipCode.csv:18054 data 53037
    regex_detector_test.go:84: Expected label ZipCode, got  ([]), file ZipCode.csv:18055 data 53038
    regex_detector_test.go:84: Expected label ZipCode, got  ([]), file ZipCode.csv:18056 data 53039
    regex_detector_test.go:84: Expected label ZipCode, got  ([]), file ZipCode.csv:18057 data 53040
    regex_detector_test.go:84: Expected label ZipCode, got  ([]), file ZipCode.csv:18058 data 53042
    regex_detector_test.go:84: Expected label ZipCode, got  ([]), file ZipCode.csv:18059 data 53044
    regex_detector_test.go:84: Expected label ZipCode, got  ([]), file ZipCode.csv:18060 data 53045
    regex_detector_test.go:84: Expected label ZipCode, got  ([]), file ZipCode.csv:18061 data 53046
    regex_detector_test.go:84: Expected label ZipCode, got  ([]), file ZipCode.csv:18062 data 53047
    regex_detector_test.go:84: Expected label ZipCode, got  ([]), file ZipCode.csv:18063 data 53048
    regex_detector_test.go:84: Expected label ZipCode, got  ([]), file ZipCode.csv:18064 data 53049
    regex_detector_test.go:84: Expected label ZipCode, got  ([]), file ZipCode.csv:18065 data 53050
    regex_detector_test.go:84: Expected label ZipCode, got  ([]), file ZipCode.csv:18066 data 53051
    regex_detector_test.go:84: Expected label ZipCode, got  ([]), file ZipCode.csv:18067 data 53057
    regex_detector_test.go:84: Expected label ZipCode, got  ([]), file ZipCode.csv:18068 data 53058
    regex_detector_test.go:84: Expected label ZipCode, got  ([]), file ZipCode.csv:18069 data 53059
    regex_detector_test.go:84: Expected label ZipCode, got  ([]), file ZipCode.csv:18070 data 53061
    regex_detector_test.go:84: Expected label ZipCode, got  ([]), file ZipCode.csv:18071 data 53063
    regex_detector_test.go:84: Expected label ZipCode, got  ([]), file ZipCode.csv:18072 data 53065
    regex_detector_test.go:84: Expected label ZipCode, got  ([]), file ZipCode.csv:18073 data 53066
    regex_detector_test.go:84: Expected label ZipCode, got  ([]), file ZipCode.csv:18074 data 53069
    regex_detector_test.go:84: Expected label ZipCode, got  ([]), file ZipCode.csv:18075 data 53070
    regex_detector_test.go:84: Expected label ZipCode, got  ([]), file ZipCode.csv:18076 data 53072
    regex_detector_test.go:84: Expected label ZipCode, got  ([]), file ZipCode.csv:18077 data 53073
    regex_detector_test.go:84: Expected label ZipCode, got  ([]), file ZipCode.csv:18078 data 53074
    regex_detector_test.go:84: Expected label ZipCode, got  ([]), file ZipCode.csv:18079 data 53075
    regex_detector_test.go:84: Expected label ZipCode, got  ([]), file ZipCode.csv:18080 data 53076
    regex_detector_test.go:84: Expected label ZipCode, got  ([]), file ZipCode.csv:18081 data 53078
    regex_detector_test.go:84: Expected label ZipCode, got  ([]), file ZipCode.csv:18082 data 53079
    regex_detector_test.go:84: Expected label ZipCode, got  ([]), file ZipCode.csv:18083 data 53080
    regex_detector_test.go:84: Expected label ZipCode, got  ([]), file ZipCode.csv:18084 data 53081
    regex_detector_test.go:84: Expected label ZipCode, got  ([]), file ZipCode.csv:18085 data 53083
    regex_detector_test.go:84: Expected label ZipCode, got  ([]), file ZipCode.csv:18086 data 53085
    regex_detector_test.go:84: Expected label ZipCode, got  ([]), file ZipCode.csv:18087 data 53086
    regex_detector_test.go:84: Expected label ZipCode, got  ([]), file ZipCode.csv:18088 data 53088
    regex_detector_test.go:84: Expected label ZipCode, got  ([]), file ZipCode.csv:18089 data 53089
    regex_detector_test.go:84: Expected label ZipCode, got  ([]), file ZipCode.csv:18090 data 53090
    regex_detector_test.go:84: Expected label ZipCode, got  ([]), file ZipCode.csv:18091 data 53091
    regex_detector_test.go:84: Expected label ZipCode, got  ([]), file ZipCode.csv:18092 data 53092
    regex_detector_test.go:84: Expected label ZipCode, got  ([]), file ZipCode.csv:18093 data 53093
    regex_detector_test.go:84: Expected label ZipCode, got  ([]), file ZipCode.csv:18094 data 53094
    regex_detector_test.go:84: Expected label ZipCode, got  ([]), file ZipCode.csv:18095 data 53095
    regex_detector_test.go:84: Expected label ZipCode, got  ([]), file ZipCode.csv:18096 data 53097
    regex_detector_test.go:84: Expected label ZipCode, got  ([]), file ZipCode.csv:18097 data 53098
    regex_detector_test.go:84: Expected label ZipCode, got  ([]), file ZipCode.csv:18098 data 53099
    regex_detector_test.go:84: Expected label ZipCode, got  ([]), file ZipCode.csv:18099 data 53103
    regex_detector_test.go:84: Expected label ZipCode, got  ([]), file ZipCode.csv:18100 data 53104
    regex_detector_test.go:84: Expected label ZipCode, got  ([]), file ZipCode.csv:18101 data 53105
    regex_detector_test.go:84: Expected label ZipCode, got  ([]), file ZipCode.csv:18102 data 53108
    regex_detector_test.go:84: Expected label ZipCode, got  ([]), file ZipCode.csv:18103 data 53110
    regex_detector_test.go:84: Expected label ZipCode, got  ([]), file ZipCode.csv:18104 data 53114
    regex_detector_test.go:84: Expected label ZipCode, got  ([]), file ZipCode.csv:18105 data 53115
    regex_detector_test.go:84: Expected label ZipCode, got  ([]), file ZipCode.csv:18106 data 53118
    regex_detector_test.go:84: Expected label ZipCode, got  ([]), file ZipCode.csv:18107 data 53119
    regex_detector_test.go:84: Expected label ZipCode, got  ([]), file ZipCode.csv:18108 data 53120
    regex_detector_test.go:84: Expected label ZipCode, got  ([]), file ZipCode.csv:18109 data 53121
    regex_detector_test.go:84: Expected label ZipCode, got  ([]), file ZipCode.csv:18110 data 53122
    regex_detector_test.go:84: Expected label ZipCode, got  ([]), file ZipCode.csv:18111 data 53125
    regex_detector_test.go:84: Expected label ZipCode, got  ([]), file ZipCode.csv:18112 data 53126
    regex_detector_test.go:84: Expected label ZipCode, got  ([]), file ZipCode.csv:18113 data 53127
    regex_detector_test.go:84: Expected label ZipCode, got  ([]), file ZipCode.csv:18114 data 53128
    regex_detector_test.go:84: Expected label ZipCode, got  ([]), file ZipCode.csv:18115 data 53129
    regex_detector_test.go:84: Expected label ZipCode, got  ([]), file ZipCode.csv:18116 data 53130
    regex_detector_test.go:84: Expected label ZipCode, got  ([]), file ZipCode.csv:18117 data 53132
    regex_detector_test.go:84: Expected label ZipCode, got  ([]), file ZipCode.csv:18118 data 53137
    regex_detector_test.go:84: Expected label ZipCode, got  ([]), file ZipCode.csv:18119 data 53139
    regex_detector_test.go:84: Expected label ZipCode, got  ([]), file ZipCode.csv:18120 data 53140
    regex_detector_test.go:84: Expected label ZipCode, got  ([]), file ZipCode.csv:18121 data 53142
    regex_detector_test.go:84: Expected label ZipCode, got  ([]), file ZipCode.csv:18122 data 53143
    regex_detector_test.go:84: Expected label ZipCode, got  ([]), file ZipCode.csv:18123 data 53144
    regex_detector_test.go:84: Expected label ZipCode, got  ([]), file ZipCode.csv:18124 data 53146
    regex_detector_test.go:84: Expected label ZipCode, got  ([]), file ZipCode.csv:18125 data 53147
    regex_detector_test.go:84: Expected label ZipCode, got  ([]), file ZipCode.csv:18126 data 53149
    regex_detector_test.go:84: Expected label ZipCode, got  ([]), file ZipCode.csv:18127 data 53150
    regex_detector_test.go:84: Expected label ZipCode, got  ([]), file ZipCode.csv:18128 data 53151
    regex_detector_test.go:84: Expected label ZipCode, got  ([]), file ZipCode.csv:18129 data 53153
    regex_detector_test.go:84: Expected label ZipCode, got  ([]), file ZipCode.csv:18130 data 53154
    regex_detector_test.go:84: Expected label ZipCode, got  ([]), file ZipCode.csv:18131 data 53156
    regex_detector_test.go:84: Expected label ZipCode, got  ([]), file ZipCode.csv:18132 data 53157
    regex_detector_test.go:84: Expected label ZipCode, got  ([]), file ZipCode.csv:18133 data 53158
    regex_detector_test.go:84: Expected label ZipCode, got  ([]), file ZipCode.csv:18134 data 53167
    regex_detector_test.go:84: Expected label ZipCode, got  ([]), file ZipCode.csv:18135 data 53168
    regex_detector_test.go:84: Expected label ZipCode, got  ([]), file ZipCode.csv:18136 data 53170
    regex_detector_test.go:84: Expected label ZipCode, got  ([]), file ZipCode.csv:18137 data 53172
    regex_detector_test.go:84: Expected label ZipCode, got  ([]), file ZipCode.csv:18138 data 53176
    regex_detector_test.go:84: Expected label ZipCode, got  ([]), file ZipCode.csv:18139 data 53177
    regex_detector_test.go:84: Expected label ZipCode, got  ([]), file ZipCode.csv:18140 data 53178
    regex_detector_test.go:84: Expected label ZipCode, got  ([]), file ZipCode.csv:18141 data 53179
    regex_detector_test.go:84: Expected label ZipCode, got  ([]), file ZipCode.csv:18142 data 53181
    regex_detector_test.go:84: Expected label ZipCode, got  ([]), file ZipCode.csv:18143 data 53182
    regex_detector_test.go:84: Expected label ZipCode, got  ([]), file ZipCode.csv:18144 data 53183
    regex_detector_test.go:84: Expected label ZipCode, got  ([]), file ZipCode.csv:18145 data 53184
    regex_detector_test.go:84: Expected label ZipCode, got  ([]), file ZipCode.csv:18146 data 53185
    regex_detector_test.go:84: Expected label ZipCode, got  ([]), file ZipCode.csv:18147 data 53186
    regex_detector_test.go:84: Expected label ZipCode, got  ([]), file ZipCode.csv:18148 data 53188
    regex_detector_test.go:84: Expected label ZipCode, got  ([]), file ZipCode.csv:18149 data 53189
    regex_detector_test.go:84: Expected label ZipCode, got  ([]), file ZipCode.csv:18150 data 53190
    regex_detector_test.go:84: Expected label ZipCode, got  ([]), file ZipCode.csv:18151 data 53191
    regex_detector_test.go:84: Expected label ZipCode, got  ([]), file ZipCode.csv:18152 data 53192
    regex_detector_test.go:84: Expected label ZipCode, got  ([]), file ZipCode.csv:18153 data 53195
    regex_detector_test.go:84: Expected label ZipCode, got  ([]), file ZipCode.csv:18154 data 53202
    regex_detector_test.go:84: Expected label ZipCode, got  ([]), file ZipCode.csv:18155 data 53203
    regex_detector_test.go:84: Expected label ZipCode, got  ([]), file ZipCode.csv:18156 data 53204
    regex_detector_test.go:84: Expected label ZipCode, got  ([]), file ZipCode.csv:18157 data 53205
    regex_detector_test.go:84: Expected label ZipCode, got  ([]), file ZipCode.csv:18158 data 53206
    regex_detector_test.go:84: Expected label ZipCode, got  ([]), file ZipCode.csv:18159 data 53207
    regex_detector_test.go:84: Expected label ZipCode, got  ([]), file ZipCode.csv:18160 data 53208
    regex_detector_test.go:84: Expected label ZipCode, got  ([]), file ZipCode.csv:18161 data 53209
    regex_detector_test.go:84: Expected label ZipCode, got  ([]), file ZipCode.csv:18162 data 53210
    regex_detector_test.go:84: Expected label ZipCode, got  ([]), file ZipCode.csv:18163 data 53211
    regex_detector_test.go:84: Expected label ZipCode, got  ([]), file ZipCode.csv:18164 data 53212
    regex_detector_test.go:84: Expected label ZipCode, got  ([]), file ZipCode.csv:18165 data 53213
    regex_detector_test.go:84: Expected label ZipCode, got  ([]), file ZipCode.csv:18166 data 53214
    regex_detector_test.go:84: Expected label ZipCode, got  ([]), file ZipCode.csv:18167 data 53215
    regex_detector_test.go:84: Expected label ZipCode, got  ([]), file ZipCode.csv:18168 data 53216
    regex_detector_test.go:84: Expected label ZipCode, got  ([]), file ZipCode.csv:18169 data 53217
    regex_detector_test.go:84: Expected label ZipCode, got  ([]), file ZipCode.csv:18170 data 53218
    regex_detector_test.go:84: Expected label ZipCode, got  ([]), file ZipCode.csv:18171 data 53219
    regex_detector_test.go:84: Expected label ZipCode, got  ([]), file ZipCode.csv:18172 data 53220
    regex_detector_test.go:84: Expected label ZipCode, got  ([]), file ZipCode.csv:18173 data 53221
    regex_detector_test.go:84: Expected label ZipCode, got  ([]), file ZipCode.csv:18174 data 53222
    regex_detector_test.go:84: Expected label ZipCode, got  ([]), file ZipCode.csv:18175 data 53223
    regex_detector_test.go:84: Expected label ZipCode, got  ([]), file ZipCode.csv:18176 data 53224
    regex_detector_test.go:84: Expected label ZipCode, got  ([]), file ZipCode.csv:18177 data 53225
    regex_detector_test.go:84: Expected label ZipCode, got  ([]), file ZipCode.csv:18178 data 53226
    regex_detector_test.go:84: Expected label ZipCode, got  ([]), file ZipCode.csv:18179 data 53227
    regex_detector_test.go:84: Expected label ZipCode, got  ([]), file ZipCode.csv:18180 data 53228
    regex_detector_test.go:84: Expected label ZipCode, got  ([]), file ZipCode.csv:18181 data 53233
    regex_detector_test.go:84: Expected label ZipCode, got  ([]), file ZipCode.csv:18182 data 53235
    regex_detector_test.go:84: Expected label ZipCode, got  ([]), file ZipCode.csv:18183 data 53295
    regex_detector_test.go:84: Expected label ZipCode, got  ([]), file ZipCode.csv:18184 data 53402
    regex_detector_test.go:84: Expected label ZipCode, got  ([]), file ZipCode.csv:18185 data 53403
    regex_detector_test.go:84: Expected label ZipCode, got  ([]), file ZipCode.csv:18186 data 53404
    regex_detector_test.go:84: Expected label ZipCode, got  ([]), file ZipCode.csv:18187 data 53405
    regex_detector_test.go:84: Expected label ZipCode, got  ([]), file ZipCode.csv:18188 data 53406
    regex_detector_test.go:84: Expected label ZipCode, got  ([]), file ZipCode.csv:18189 data 53501
    regex_detector_test.go:84: Expected label ZipCode, got  ([]), file ZipCode.csv:18190 data 53502
    regex_detector_test.go:84: Expected label ZipCode, got  ([]), file ZipCode.csv:18191 data 53503
    regex_detector_test.go:84: Expected label ZipCode, got  ([]), file ZipCode.csv:18192 data 53504
    regex_detector_test.go:84: Expected label ZipCode, got  ([]), file ZipCode.csv:18193 data 53505
    regex_detector_test.go:84: Expected label ZipCode, got  ([]), file ZipCode.csv:18194 data 53506
    regex_detector_test.go:84: Expected label ZipCode, got  ([]), file ZipCode.csv:18195 data 53507
    regex_detector_test.go:84: Expected label ZipCode, got  ([]), file ZipCode.csv:18196 data 53508
    regex_detector_test.go:84: Expected label ZipCode, got  ([]), file ZipCode.csv:18197 data 53510
    regex_detector_test.go:84: Expected label ZipCode, got  ([]), file ZipCode.csv:18198 data 53511
    regex_detector_test.go:84: Expected label ZipCode, got  ([]), file ZipCode.csv:18199 data 53515
    regex_detector_test.go:84: Expected label ZipCode, got  ([]), file ZipCode.csv:18200 data 53516
    regex_detector_test.go:84: Expected label ZipCode, got  ([]), file ZipCode.csv:18201 data 53517
    regex_detector_test.go:84: Expected label ZipCode, got  ([]), file ZipCode.csv:18202 data 53518
    regex_detector_test.go:84: Expected label ZipCode, got  ([]), file ZipCode.csv:18203 data 53520
    regex_detector_test.go:84: Expected label ZipCode, got  ([]), file ZipCode.csv:18204 data 53521
    regex_detector_test.go:84: Expected label ZipCode, got  ([]), file ZipCode.csv:18205 data 53522
    regex_detector_test.go:84: Expected label ZipCode, got  ([]), file ZipCode.csv:18206 data 53523
    regex_detector_test.go:84: Expected label ZipCode, got  ([]), file ZipCode.csv:18207 data 53525
    regex_detector_test.go:84: Expected label ZipCode, got  ([]), file ZipCode.csv:18208 data 53526
    regex_detector_test.go:84: Expected label ZipCode, got  ([]), file ZipCode.csv:18209 data 53527
    regex_detector_test.go:84: Expected label ZipCode, got  ([]), file ZipCode.csv:18210 data 53528
    regex_detector_test.go:84: Expected label ZipCode, got  ([]), file ZipCode.csv:18211 data 53529
    regex_detector_test.go:84: Expected label ZipCode, got  ([]), file ZipCode.csv:18212 data 53530
    regex_detector_test.go:84: Expected label ZipCode, got  ([]), file ZipCode.csv:18213 data 53531
    regex_detector_test.go:84: Expected label ZipCode, got  ([]), file ZipCode.csv:18214 data 53532
    regex_detector_test.go:84: Expected label ZipCode, got  ([]), file ZipCode.csv:18215 data 53533
    regex_detector_test.go:84: Expected label ZipCode, got  ([]), file ZipCode.csv:18216 data 53534
    regex_detector_test.go:84: Expected label ZipCode, got  ([]), file ZipCode.csv:18217 data 53536
    regex_detector_test.go:84: Expected label ZipCode, got  ([]), file ZipCode.csv:18218 data 53537
    regex_detector_test.go:84: Expected label ZipCode, got  ([]), file ZipCode.csv:18219 data 53538
    regex_detector_test.go:84: Expected label ZipCode, got  ([]), file ZipCode.csv:18220 data 53540
    regex_detector_test.go:84: Expected label ZipCode, got  ([]), file ZipCode.csv:18221 data 53541
    regex_detector_test.go:84: Expected label ZipCode, got  ([]), file ZipCode.csv:18222 data 53543
    regex_detector_test.go:84: Expected label ZipCode, got  ([]), file ZipCode.csv:18223 data 53544
    regex_detector_test.go:84: Expected label ZipCode, got  ([]), file ZipCode.csv:18224 data 53545
    regex_detector_test.go:84: Expected label ZipCode, got  ([]), file ZipCode.csv:18225 data 53546
    regex_detector_test.go:84: Expected label ZipCode, got  ([]), file ZipCode.csv:18226 data 53548
    regex_detector_test.go:84: Expected label ZipCode, got  ([]), file ZipCode.csv:18227 data 53549
    regex_detector_test.go:84: Expected label ZipCode, got  ([]), file ZipCode.csv:18228 data 53550
    regex_detector_test.go:84: Expected label ZipCode, got  ([]), file ZipCode.csv:18229 data 53551
    regex_detector_test.go:84: Expected label ZipCode, got  ([]), file ZipCode.csv:18230 data 53553
    regex_detector_test.go:84: Expected label ZipCode, got  ([]), file ZipCode.csv:18231 data 53554
    regex_detector_test.go:84: Expected label ZipCode, got  ([]), file ZipCode.csv:18232 data 53555
    regex_detector_test.go:84: Expected label ZipCode, got  ([]), file ZipCode.csv:18233 data 53556
    regex_detector_test.go:84: Expected label ZipCode, got  ([]), file ZipCode.csv:18234 data 53557
    regex_detector_test.go:84: Expected label ZipCode, got  ([]), file ZipCode.csv:18235 data 53558
    regex_detector_test.go:84: Expected label ZipCode, got  ([]), file ZipCode.csv:18236 data 53559
    regex_detector_test.go:84: Expected label ZipCode, got  ([]), file ZipCode.csv:18237 data 53560
    regex_detector_test.go:84: Expected label ZipCode, got  ([]), file ZipCode.csv:18238 data 53561
    regex_detector_test.go:84: Expected label ZipCode, got  ([]), file ZipCode.csv:18239 data 53562
    regex_detector_test.go:84: Expected label ZipCode, got  ([]), file ZipCode.csv:18240 data 53563
    regex_detector_test.go:84: Expected label ZipCode, got  ([]), file ZipCode.csv:18241 data 53565
    regex_detector_test.go:84: Expected label ZipCode, got  ([]), file ZipCode.csv:18242 data 53566
    regex_detector_test.go:84: Expected label ZipCode, got  ([]), file ZipCode.csv:18243 data 53569
    regex_detector_test.go:84: Expected label ZipCode, got  ([]), file ZipCode.csv:18244 data 53570
    regex_detector_test.go:84: Expected label ZipCode, got  ([]), file ZipCode.csv:18245 data 53571
    regex_detector_test.go:84: Expected label ZipCode, got  ([]), file ZipCode.csv:18246 data 53572
    regex_detector_test.go:84: Expected label ZipCode, got  ([]), file ZipCode.csv:18247 data 53573
    regex_detector_test.go:84: Expected label ZipCode, got  ([]), file ZipCode.csv:18248 data 53574
    regex_detector_test.go:84: Expected label ZipCode, got  ([]), file ZipCode.csv:18249 data 53575
    regex_detector_test.go:84: Expected label ZipCode, got  ([]), file ZipCode.csv:18250 data 53576
    regex_detector_test.go:84: Expected label ZipCode, got  ([]), file ZipCode.csv:18251 data 53577
    regex_detector_test.go:84: Expected label ZipCode, got  ([]), file ZipCode.csv:18252 data 53578
    regex_detector_test.go:84: Expected label ZipCode, got  ([]), file ZipCode.csv:18253 data 53579
    regex_detector_test.go:84: Expected label ZipCode, got  ([]), file ZipCode.csv:18254 data 53580
    regex_detector_test.go:84: Expected label ZipCode, got  ([]), file ZipCode.csv:18255 data 53581
    regex_detector_test.go:84: Expected label ZipCode, got  ([]), file ZipCode.csv:18256 data 53582
    regex_detector_test.go:84: Expected label ZipCode, got  ([]), file ZipCode.csv:18257 data 53583
    regex_detector_test.go:84: Expected label ZipCode, got  ([]), file ZipCode.csv:18258 data 53584
    regex_detector_test.go:84: Expected label ZipCode, got  ([]), file ZipCode.csv:18259 data 53585
    regex_detector_test.go:84: Expected label ZipCode, got  ([]), file ZipCode.csv:18260 data 53586
    regex_detector_test.go:84: Expected label ZipCode, got  ([]), file ZipCode.csv:18261 data 53587
    regex_detector_test.go:84: Expected label ZipCode, got  ([]), file ZipCode.csv:18262 data 53588
    regex_detector_test.go:84: Expected label ZipCode, got  ([]), file ZipCode.csv:18263 data 53589
    regex_detector_test.go:84: Expected label ZipCode, got  ([]), file ZipCode.csv:18264 data 53590
    regex_detector_test.go:84: Expected label ZipCode, got  ([]), file ZipCode.csv:18265 data 53593
    regex_detector_test.go:84: Expected label ZipCode, got  ([]), file ZipCode.csv:18266 data 53594
    regex_detector_test.go:84: Expected label ZipCode, got  ([]), file ZipCode.csv:18267 data 53597
    regex_detector_test.go:84: Expected label ZipCode, got  ([]), file ZipCode.csv:18268 data 53598
    regex_detector_test.go:84: Expected label ZipCode, got  ([]), file ZipCode.csv:18269 data 53599
    regex_detector_test.go:84: Expected label ZipCode, got  ([]), file ZipCode.csv:18270 data 53703
    regex_detector_test.go:84: Expected label ZipCode, got  ([]), file ZipCode.csv:18271 data 53704
    regex_detector_test.go:84: Expected label ZipCode, got  ([]), file ZipCode.csv:18272 data 53705
    regex_detector_test.go:84: Expected label ZipCode, got  ([]), file ZipCode.csv:18273 data 53706
    regex_detector_test.go:84: Expected label ZipCode, got  ([]), file ZipCode.csv:18274 data 53711
    regex_detector_test.go:84: Expected label ZipCode, got  ([]), file ZipCode.csv:18275 data 53713
    regex_detector_test.go:84: Expected label ZipCode, got  ([]), file ZipCode.csv:18276 data 53714
    regex_detector_test.go:84: Expected label ZipCode, got  ([]), file ZipCode.csv:18277 data 53715
    regex_detector_test.go:84: Expected label ZipCode, got  ([]), file ZipCode.csv:18278 data 53716
    regex_detector_test.go:84: Expected label ZipCode, got  ([]), file ZipCode.csv:18279 data 53717
    regex_detector_test.go:84: Expected label ZipCode, got  ([]), file ZipCode.csv:18280 data 53718
    regex_detector_test.go:84: Expected label ZipCode, got  ([]), file ZipCode.csv:18281 data 53719
    regex_detector_test.go:84: Expected label ZipCode, got  ([]), file ZipCode.csv:18282 data 53726
    regex_detector_test.go:84: Expected label ZipCode, got  ([]), file ZipCode.csv:18283 data 53792
    regex_detector_test.go:84: Expected label ZipCode, got  ([]), file ZipCode.csv:18284 data 53801
    regex_detector_test.go:84: Expected label ZipCode, got  ([]), file ZipCode.csv:18285 data 53802
    regex_detector_test.go:84: Expected label ZipCode, got  ([]), file ZipCode.csv:18286 data 53803
    regex_detector_test.go:84: Expected label ZipCode, got  ([]), file ZipCode.csv:18287 data 53804
    regex_detector_test.go:84: Expected label ZipCode, got  ([]), file ZipCode.csv:18288 data 53805
    regex_detector_test.go:84: Expected label ZipCode, got  ([]), file ZipCode.csv:18289 data 53806
    regex_detector_test.go:84: Expected label ZipCode, got  ([]), file ZipCode.csv:18290 data 53807
    regex_detector_test.go:84: Expected label ZipCode, got  ([]), file ZipCode.csv:18291 data 53808
    regex_detector_test.go:84: Expected label ZipCode, got  ([]), file ZipCode.csv:18292 data 53809
    regex_detector_test.go:84: Expected label ZipCode, got  ([]), file ZipCode.csv:18293 data 53810
    regex_detector_test.go:84: Expected label ZipCode, got  ([]), file ZipCode.csv:18294 data 53811
    regex_detector_test.go:84: Expected label ZipCode, got  ([]), file ZipCode.csv:18295 data 53812
    regex_detector_test.go:84: Expected label ZipCode, got  ([]), file ZipCode.csv:18296 data 53813
    regex_detector_test.go:84: Expected label ZipCode, got  ([]), file ZipCode.csv:18297 data 53816
    regex_detector_test.go:84: Expected label ZipCode, got  ([]), file ZipCode.csv:18298 data 53817
    regex_detector_test.go:84: Expected label ZipCode, got  ([]), file ZipCode.csv:18299 data 53818
    regex_detector_test.go:84: Expected label ZipCode, got  ([]), file ZipCode.csv:18300 data 53820
    regex_detector_test.go:84: Expected label ZipCode, got  ([]), file ZipCode.csv:18301 data 53821
    regex_detector_test.go:84: Expected label ZipCode, got  ([]), file ZipCode.csv:18302 data 53825
    regex_detector_test.go:84: Expected label ZipCode, got  ([]), file ZipCode.csv:18303 data 53826
    regex_detector_test.go:84: Expected label ZipCode, got  ([]), file ZipCode.csv:18304 data 53827
    regex_detector_test.go:84: Expected label ZipCode, got  ([]), file ZipCode.csv:18305 data 53901
    regex_detector_test.go:84: Expected label ZipCode, got  ([]), file ZipCode.csv:18306 data 53910
    regex_detector_test.go:84: Expected label ZipCode, got  ([]), file ZipCode.csv:18307 data 53911
    regex_detector_test.go:84: Expected label ZipCode, got  ([]), file ZipCode.csv:18308 data 53913
    regex_detector_test.go:84: Expected label ZipCode, got  ([]), file ZipCode.csv:18309 data 53916
    regex_detector_test.go:84: Expected label ZipCode, got  ([]), file ZipCode.csv:18310 data 53919
    regex_detector_test.go:84: Expected label ZipCode, got  ([]), file ZipCode.csv:18311 data 53920
    regex_detector_test.go:84: Expected label ZipCode, got  ([]), file ZipCode.csv:18312 data 53922
    regex_detector_test.go:84: Expected label ZipCode, got  ([]), file ZipCode.csv:18313 data 53923
    regex_detector_test.go:84: Expected label ZipCode, got  ([]), file ZipCode.csv:18314 data 53924
    regex_detector_test.go:84: Expected label ZipCode, got  ([]), file ZipCode.csv:18315 data 53925
    regex_detector_test.go:84: Expected label ZipCode, got  ([]), file ZipCode.csv:18316 data 53926
    regex_detector_test.go:84: Expected label ZipCode, got  ([]), file ZipCode.csv:18317 data 53928
    regex_detector_test.go:84: Expected label ZipCode, got  ([]), file ZipCode.csv:18318 data 53929
    regex_detector_test.go:84: Expected label ZipCode, got  ([]), file ZipCode.csv:18319 data 53930
    regex_detector_test.go:84: Expected label ZipCode, got  ([]), file ZipCode.csv:18320 data 53931
    regex_detector_test.go:84: Expected label ZipCode, got  ([]), file ZipCode.csv:18321 data 53932
    regex_detector_test.go:84: Expected label ZipCode, got  ([]), file ZipCode.csv:18322 data 53933
    regex_detector_test.go:84: Expected label ZipCode, got  ([]), file ZipCode.csv:18323 data 53934
    regex_detector_test.go:84: Expected label ZipCode, got  ([]), file ZipCode.csv:18324 data 53935
    regex_detector_test.go:84: Expected label ZipCode, got  ([]), file ZipCode.csv:18325 data 53936
    regex_detector_test.go:84: Expected label ZipCode, got  ([]), file ZipCode.csv:18326 data 53937
    regex_detector_test.go:84: Expected label ZipCode, got  ([]), file ZipCode.csv:18327 data 53939
    regex_detector_test.go:84: Expected label ZipCode, got  ([]), file ZipCode.csv:18328 data 53940
    regex_detector_test.go:84: Expected label ZipCode, got  ([]), file ZipCode.csv:18329 data 53941
    regex_detector_test.go:84: Expected label ZipCode, got  ([]), file ZipCode.csv:18330 data 53942
    regex_detector_test.go:84: Expected label ZipCode, got  ([]), file ZipCode.csv:18331 data 53943
    regex_detector_test.go:84: Expected label ZipCode, got  ([]), file ZipCode.csv:18332 data 53944
    regex_detector_test.go:84: Expected label ZipCode, got  ([]), file ZipCode.csv:18333 data 53946
    regex_detector_test.go:84: Expected label ZipCode, got  ([]), file ZipCode.csv:18334 data 53947
    regex_detector_test.go:84: Expected label ZipCode, got  ([]), file ZipCode.csv:18335 data 53948
    regex_detector_test.go:84: Expected label ZipCode, got  ([]), file ZipCode.csv:18336 data 53949
    regex_detector_test.go:84: Expected label ZipCode, got  ([]), file ZipCode.csv:18337 data 53950
    regex_detector_test.go:84: Expected label ZipCode, got  ([]), file ZipCode.csv:18338 data 53951
    regex_detector_test.go:84: Expected label ZipCode, got  ([]), file ZipCode.csv:18339 data 53952
    regex_detector_test.go:84: Expected label ZipCode, got  ([]), file ZipCode.csv:18340 data 53953
    regex_detector_test.go:84: Expected label ZipCode, got  ([]), file ZipCode.csv:18341 data 53954
    regex_detector_test.go:84: Expected label ZipCode, got  ([]), file ZipCode.csv:18342 data 53955
    regex_detector_test.go:84: Expected label ZipCode, got  ([]), file ZipCode.csv:18343 data 53956
    regex_detector_test.go:84: Expected label ZipCode, got  ([]), file ZipCode.csv:18344 data 53959
    regex_detector_test.go:84: Expected label ZipCode, got  ([]), file ZipCode.csv:18345 data 53960
    regex_detector_test.go:84: Expected label ZipCode, got  ([]), file ZipCode.csv:18346 data 53961
    regex_detector_test.go:84: Expected label ZipCode, got  ([]), file ZipCode.csv:18347 data 53962
    regex_detector_test.go:84: Expected label ZipCode, got  ([]), file ZipCode.csv:18348 data 53963
    regex_detector_test.go:84: Expected label ZipCode, got  ([]), file ZipCode.csv:18349 data 53964
    regex_detector_test.go:84: Expected label ZipCode, got  ([]), file ZipCode.csv:18350 data 53965
    regex_detector_test.go:84: Expected label ZipCode, got  ([]), file ZipCode.csv:18351 data 53968
    regex_detector_test.go:84: Expected label ZipCode, got  ([]), file ZipCode.csv:18352 data 53969
    regex_detector_test.go:84: Expected label ZipCode, got  ([]), file ZipCode.csv:18353 data 54001
    regex_detector_test.go:84: Expected label ZipCode, got  ([]), file ZipCode.csv:18354 data 54002
    regex_detector_test.go:84: Expected label ZipCode, got  ([]), file ZipCode.csv:18355 data 54003
    regex_detector_test.go:84: Expected label ZipCode, got  ([]), file ZipCode.csv:18356 data 54004
    regex_detector_test.go:84: Expected label ZipCode, got  ([]), file ZipCode.csv:18357 data 54005
    regex_detector_test.go:84: Expected label ZipCode, got  ([]), file ZipCode.csv:18358 data 54006
    regex_detector_test.go:84: Expected label ZipCode, got  ([]), file ZipCode.csv:18359 data 54007
    regex_detector_test.go:84: Expected label ZipCode, got  ([]), file ZipCode.csv:18360 data 54009
    regex_detector_test.go:84: Expected label ZipCode, got  ([]), file ZipCode.csv:18361 data 54011
    regex_detector_test.go:84: Expected label ZipCode, got  ([]), file ZipCode.csv:18362 data 54013
    regex_detector_test.go:84: Expected label ZipCode, got  ([]), file ZipCode.csv:18363 data 54014
    regex_detector_test.go:84: Expected label ZipCode, got  ([]), file ZipCode.csv:18364 data 54015
    regex_detector_test.go:84: Expected label ZipCode, got  ([]), file ZipCode.csv:18365 data 54016
    regex_detector_test.go:84: Expected label ZipCode, got  ([]), file ZipCode.csv:18366 data 54017
    regex_detector_test.go:84: Expected label ZipCode, got  ([]), file ZipCode.csv:18367 data 54020
    regex_detector_test.go:84: Expected label ZipCode, got  ([]), file ZipCode.csv:18368 data 54021
    regex_detector_test.go:84: Expected label ZipCode, got  ([]), file ZipCode.csv:18369 data 54022
    regex_detector_test.go:84: Expected label ZipCode, got  ([]), file ZipCode.csv:18370 data 54023
    regex_detector_test.go:84: Expected label ZipCode, got  ([]), file ZipCode.csv:18371 data 54024
    regex_detector_test.go:84: Expected label ZipCode, got  ([]), file ZipCode.csv:18372 data 54025
    regex_detector_test.go:84: Expected label ZipCode, got  ([]), file ZipCode.csv:18373 data 54026
    regex_detector_test.go:84: Expected label ZipCode, got  ([]), file ZipCode.csv:18374 data 54027
    regex_detector_test.go:84: Expected label ZipCode, got  ([]), file ZipCode.csv:18375 data 54028
    regex_detector_test.go:84: Expected label ZipCode, got  ([]), file ZipCode.csv:18376 data 54082
    regex_detector_test.go:84: Expected label ZipCode, got  ([]), file ZipCode.csv:18377 data 54101
    regex_detector_test.go:84: Expected label ZipCode, got  ([]), file ZipCode.csv:18378 data 54102
    regex_detector_test.go:84: Expected label ZipCode, got  ([]), file ZipCode.csv:18379 data 54103
    regex_detector_test.go:84: Expected label ZipCode, got  ([]), file ZipCode.csv:18380 data 54104
    regex_detector_test.go:84: Expected label ZipCode, got  ([]), file ZipCode.csv:18381 data 54106
    regex_detector_test.go:84: Expected label ZipCode, got  ([]), file ZipCode.csv:18382 data 54107
    regex_detector_test.go:84: Expected label ZipCode, got  ([]), file ZipCode.csv:18383 data 54110
    regex_detector_test.go:84: Expected label ZipCode, got  ([]), file ZipCode.csv:18384 data 54111
    regex_detector_test.go:84: Expected label ZipCode, got  ([]), file ZipCode.csv:18385 data 54112
    regex_detector_test.go:84: Expected label ZipCode, got  ([]), file ZipCode.csv:18386 data 54113
    regex_detector_test.go:84: Expected label ZipCode, got  ([]), file ZipCode.csv:18387 data 54114
    regex_detector_test.go:84: Expected label ZipCode, got  ([]), file ZipCode.csv:18388 data 54115
    regex_detector_test.go:84: Expected label ZipCode, got  ([]), file ZipCode.csv:18389 data 54119
    regex_detector_test.go:84: Expected label ZipCode, got  ([]), file ZipCode.csv:18390 data 54120
    regex_detector_test.go:84: Expected label ZipCode, got  ([]), file ZipCode.csv:18391 data 54121
    regex_detector_test.go:84: Expected label ZipCode, got  ([]), file ZipCode.csv:18392 data 54123
    regex_detector_test.go:84: Expected label ZipCode, got  ([]), file ZipCode.csv:18393 data 54124
    regex_detector_test.go:84: Expected label ZipCode, got  ([]), file ZipCode.csv:18394 data 54125
    regex_detector_test.go:84: Expected label ZipCode, got  ([]), file ZipCode.csv:18395 data 54126
    regex_detector_test.go:84: Expected label ZipCode, got  ([]), file ZipCode.csv:18396 data 54127
    regex_detector_test.go:84: Expected label ZipCode, got  ([]), file ZipCode.csv:18397 data 54128
    regex_detector_test.go:84: Expected label ZipCode, got  ([]), file ZipCode.csv:18398 data 54129
    regex_detector_test.go:84: Expected label ZipCode, got  ([]), file ZipCode.csv:18399 data 54130
    regex_detector_test.go:84: Expected label ZipCode, got  ([]), file ZipCode.csv:18400 data 54135
    regex_detector_test.go:84: Expected label ZipCode, got  ([]), file ZipCode.csv:18401 data 54136
    regex_detector_test.go:84: Expected label ZipCode, got  ([]), file ZipCode.csv:18402 data 54137
    regex_detector_test.go:84: Expected label ZipCode, got  ([]), file ZipCode.csv:18403 data 54138
    regex_detector_test.go:84: Expected label ZipCode, got  ([]), file ZipCode.csv:18404 data 54139
    regex_detector_test.go:84: Expected label ZipCode, got  ([]), file ZipCode.csv:18405 data 54140
    regex_detector_test.go:84: Expected label ZipCode, got  ([]), file ZipCode.csv:18406 data 54141
    regex_detector_test.go:84: Expected label ZipCode, got  ([]), file ZipCode.csv:18407 data 54143
    regex_detector_test.go:84: Expected label ZipCode, got  ([]), file ZipCode.csv:18408 data 54149
    regex_detector_test.go:84: Expected label ZipCode, got  ([]), file ZipCode.csv:18409 data 54150
    regex_detector_test.go:84: Expected label ZipCode, got  ([]), file ZipCode.csv:18410 data 54151
    regex_detector_test.go:84: Expected label ZipCode, got  ([]), file ZipCode.csv:18411 data 54152
    regex_detector_test.go:84: Expected label ZipCode, got  ([]), file ZipCode.csv:18412 data 54153
    regex_detector_test.go:84: Expected label ZipCode, got  ([]), file ZipCode.csv:18413 data 54154
    regex_detector_test.go:84: Expected label ZipCode, got  ([]), file ZipCode.csv:18414 data 54155
    regex_detector_test.go:84: Expected label ZipCode, got  ([]), file ZipCode.csv:18415 data 54156
    regex_detector_test.go:84: Expected label ZipCode, got  ([]), file ZipCode.csv:18416 data 54157
    regex_detector_test.go:84: Expected label ZipCode, got  ([]), file ZipCode.csv:18417 data 54159
    regex_detector_test.go:84: Expected label ZipCode, got  ([]), file ZipCode.csv:18418 data 54160
    regex_detector_test.go:84: Expected label ZipCode, got  ([]), file ZipCode.csv:18419 data 54161
    regex_detector_test.go:84: Expected label ZipCode, got  ([]), file ZipCode.csv:18420 data 54162
    regex_detector_test.go:84: Expected label ZipCode, got  ([]), file ZipCode.csv:18421 data 54165
    regex_detector_test.go:84: Expected label ZipCode, got  ([]), file ZipCode.csv:18422 data 54166
    regex_detector_test.go:84: Expected label ZipCode, got  ([]), file ZipCode.csv:18423 data 54169
    regex_detector_test.go:84: Expected label ZipCode, got  ([]), file ZipCode.csv:18424 data 54170
    regex_detector_test.go:84: Expected label ZipCode, got  ([]), file ZipCode.csv:18425 data 54171
    regex_detector_test.go:84: Expected label ZipCode, got  ([]), file ZipCode.csv:18426 data 54173
    regex_detector_test.go:84: Expected label ZipCode, got  ([]), file ZipCode.csv:18427 data 54174
    regex_detector_test.go:84: Expected label ZipCode, got  ([]), file ZipCode.csv:18428 data 54175
    regex_detector_test.go:84: Expected label ZipCode, got  ([]), file ZipCode.csv:18429 data 54177
    regex_detector_test.go:84: Expected label ZipCode, got  ([]), file ZipCode.csv:18430 data 54180
    regex_detector_test.go:84: Expected label ZipCode, got  ([]), file ZipCode.csv:18431 data 54201
    regex_detector_test.go:84: Expected label ZipCode, got  ([]), file ZipCode.csv:18432 data 54202
    regex_detector_test.go:84: Expected label ZipCode, got  ([]), file ZipCode.csv:18433 data 54204
    regex_detector_test.go:84: Expected label ZipCode, got  ([]), file ZipCode.csv:18434 data 54205
    regex_detector_test.go:84: Expected label ZipCode, got  ([]), file ZipCode.csv:18435 data 54207
    regex_detector_test.go:84: Expected label ZipCode, got  ([]), file ZipCode.csv:18436 data 54208
    regex_detector_test.go:84: Expected label ZipCode, got  ([]), file ZipCode.csv:18437 data 54209
    regex_detector_test.go:84: Expected label ZipCode, got  ([]), file ZipCode.csv:18438 data 54210
    regex_detector_test.go:84: Expected label ZipCode, got  ([]), file ZipCode.csv:18439 data 54211
    regex_detector_test.go:84: Expected label ZipCode, got  ([]), file ZipCode.csv:18440 data 54212
    regex_detector_test.go:84: Expected label ZipCode, got  ([]), file ZipCode.csv:18441 data 54213
    regex_detector_test.go:84: Expected label ZipCode, got  ([]), file ZipCode.csv:18442 data 54214
    regex_detector_test.go:84: Expected label ZipCode, got  ([]), file ZipCode.csv:18443 data 54215
    regex_detector_test.go:84: Expected label ZipCode, got  ([]), file ZipCode.csv:18444 data 54216
    regex_detector_test.go:84: Expected label ZipCode, got  ([]), file ZipCode.csv:18445 data 54217
    regex_detector_test.go:84: Expected label ZipCode, got  ([]), file ZipCode.csv:18446 data 54220
    regex_detector_test.go:84: Expected label ZipCode, got  ([]), file ZipCode.csv:18447 data 54227
    regex_detector_test.go:84: Expected label ZipCode, got  ([]), file ZipCode.csv:18448 data 54228
    regex_detector_test.go:84: Expected label ZipCode, got  ([]), file ZipCode.csv:18449 data 54229
    regex_detector_test.go:84: Expected label ZipCode, got  ([]), file ZipCode.csv:18450 data 54230
    regex_detector_test.go:84: Expected label ZipCode, got  ([]), file ZipCode.csv:18451 data 54232
    regex_detector_test.go:84: Expected label ZipCode, got  ([]), file ZipCode.csv:18452 data 54234
    regex_detector_test.go:84: Expected label ZipCode, got  ([]), file ZipCode.csv:18453 data 54235
    regex_detector_test.go:84: Expected label ZipCode, got  ([]), file ZipCode.csv:18454 data 54241
    regex_detector_test.go:84: Expected label ZipCode, got  ([]), file ZipCode.csv:18455 data 54245
    regex_detector_test.go:84: Expected label ZipCode, got  ([]), file ZipCode.csv:18456 data 54246
    regex_detector_test.go:84: Expected label ZipCode, got  ([]), file ZipCode.csv:18457 data 54247
    regex_detector_test.go:84: Expected label ZipCode, got  ([]), file ZipCode.csv:18458 data 54301
    regex_detector_test.go:84: Expected label ZipCode, got  ([]), file ZipCode.csv:18459 data 54302
    regex_detector_test.go:84: Expected label ZipCode, got  ([]), file ZipCode.csv:18460 data 54303
    regex_detector_test.go:84: Expected label ZipCode, got  ([]), file ZipCode.csv:18461 data 54304
    regex_detector_test.go:84: Expected label ZipCode, got  ([]), file ZipCode.csv:18462 data 54307
    regex_detector_test.go:84: Expected label ZipCode, got  ([]), file ZipCode.csv:18463 data 54311
    regex_detector_test.go:84: Expected label ZipCode, got  ([]), file ZipCode.csv:18464 data 54313
    regex_detector_test.go:84: Expected label ZipCode, got  ([]), file ZipCode.csv:18465 data 54401
    regex_detector_test.go:84: Expected label ZipCode, got  ([]), file ZipCode.csv:18466 data 54403
    regex_detector_test.go:84: Expected label ZipCode, got  ([]), file ZipCode.csv:18467 data 54405
    regex_detector_test.go:84: Expected label ZipCode, got  ([]), file ZipCode.csv:18468 data 54406
    regex_detector_test.go:84: Expected label ZipCode, got  ([]), file ZipCode.csv:18469 data 54407
    regex_detector_test.go:84: Expected label ZipCode, got  ([]), file ZipCode.csv:18470 data 54408
    regex_detector_test.go:84: Expected label ZipCode, got  ([]), file ZipCode.csv:18471 data 54409
    regex_detector_test.go:84: Expected label ZipCode, got  ([]), file ZipCode.csv:18472 data 54410
    regex_detector_test.go:84: Expected label ZipCode, got  ([]), file ZipCode.csv:18473 data 54411
    regex_detector_test.go:84: Expected label ZipCode, got  ([]), file ZipCode.csv:18474 data 54412
    regex_detector_test.go:84: Expected label ZipCode, got  ([]), file ZipCode.csv:18475 data 54413
    regex_detector_test.go:84: Expected label ZipCode, got  ([]), file ZipCode.csv:18476 data 54414
    regex_detector_test.go:84: Expected label ZipCode, got  ([]), file ZipCode.csv:18477 data 54416
    regex_detector_test.go:84: Expected label ZipCode, got  ([]), file ZipCode.csv:18478 data 54417
    regex_detector_test.go:84: Expected label ZipCode, got  ([]), file ZipCode.csv:18479 data 54418
    regex_detector_test.go:84: Expected label ZipCode, got  ([]), file ZipCode.csv:18480 data 54420
    regex_detector_test.go:84: Expected label ZipCode, got  ([]), file ZipCode.csv:18481 data 54421
    regex_detector_test.go:84: Expected label ZipCode, got  ([]), file ZipCode.csv:18482 data 54422
    regex_detector_test.go:84: Expected label ZipCode, got  ([]), file ZipCode.csv:18483 data 54423
    regex_detector_test.go:84: Expected label ZipCode, got  ([]), file ZipCode.csv:18484 data 54424
    regex_detector_test.go:84: Expected label ZipCode, got  ([]), file ZipCode.csv:18485 data 54425
    regex_detector_test.go:84: Expected label ZipCode, got  ([]), file ZipCode.csv:18486 data 54426
    regex_detector_test.go:84: Expected label ZipCode, got  ([]), file ZipCode.csv:18487 data 54427
    regex_detector_test.go:84: Expected label ZipCode, got  ([]), file ZipCode.csv:18488 data 54428
    regex_detector_test.go:84: Expected label ZipCode, got  ([]), file ZipCode.csv:18489 data 54430
    regex_detector_test.go:84: Expected label ZipCode, got  ([]), file ZipCode.csv:18490 data 54433
    regex_detector_test.go:84: Expected label ZipCode, got  ([]), file ZipCode.csv:18491 data 54435
    regex_detector_test.go:84: Expected label ZipCode, got  ([]), file ZipCode.csv:18492 data 54436
    regex_detector_test.go:84: Expected label ZipCode, got  ([]), file ZipCode.csv:18493 data 54437
    regex_detector_test.go:84: Expected label ZipCode, got  ([]), file ZipCode.csv:18494 data 54440
    regex_detector_test.go:84: Expected label ZipCode, got  ([]), file ZipCode.csv:18495 data 54441
    regex_detector_test.go:84: Expected label ZipCode, got  ([]), file ZipCode.csv:18496 data 54442
    regex_detector_test.go:84: Expected label ZipCode, got  ([]), file ZipCode.csv:18497 data 54443
    regex_detector_test.go:84: Expected label ZipCode, got  ([]), file ZipCode.csv:18498 data 54446
    regex_detector_test.go:84: Expected label ZipCode, got  ([]), file ZipCode.csv:18499 data 54447
    regex_detector_test.go:84: Expected label ZipCode, got  ([]), file ZipCode.csv:18500 data 54448
    regex_detector_test.go:84: Expected label ZipCode, got  ([]), file ZipCode.csv:18501 data 54449
    regex_detector_test.go:84: Expected label ZipCode, got  ([]), file ZipCode.csv:18502 data 54450
    regex_detector_test.go:84: Expected label ZipCode, got  ([]), file ZipCode.csv:18503 data 54451
    regex_detector_test.go:84: Expected label ZipCode, got  ([]), file ZipCode.csv:18504 data 54452
    regex_detector_test.go:84: Expected label ZipCode, got  ([]), file ZipCode.csv:18505 data 54454
    regex_detector_test.go:84: Expected label ZipCode, got  ([]), file ZipCode.csv:18506 data 54455
    regex_detector_test.go:84: Expected label ZipCode, got  ([]), file ZipCode.csv:18507 data 54456
    regex_detector_test.go:84: Expected label ZipCode, got  ([]), file ZipCode.csv:18508 data 54457
    regex_detector_test.go:84: Expected label ZipCode, got  ([]), file ZipCode.csv:18509 data 54458
    regex_detector_test.go:84: Expected label ZipCode, got  ([]), file ZipCode.csv:18510 data 54459
    regex_detector_test.go:84: Expected label ZipCode, got  ([]), file ZipCode.csv:18511 data 54460
    regex_detector_test.go:84: Expected label ZipCode, got  ([]), file ZipCode.csv:18512 data 54462
    regex_detector_test.go:84: Expected label ZipCode, got  ([]), file ZipCode.csv:18513 data 54463
    regex_detector_test.go:84: Expected label ZipCode, got  ([]), file ZipCode.csv:18514 data 54464
    regex_detector_test.go:84: Expected label ZipCode, got  ([]), file ZipCode.csv:18515 data 54465
    regex_detector_test.go:84: Expected label ZipCode, got  ([]), file ZipCode.csv:18516 data 54466
    regex_detector_test.go:84: Expected label ZipCode, got  ([]), file ZipCode.csv:18517 data 54467
    regex_detector_test.go:84: Expected label ZipCode, got  ([]), file ZipCode.csv:18518 data 54469
    regex_detector_test.go:84: Expected label ZipCode, got  ([]), file ZipCode.csv:18519 data 54470
    regex_detector_test.go:84: Expected label ZipCode, got  ([]), file ZipCode.csv:18520 data 54471
    regex_detector_test.go:84: Expected label ZipCode, got  ([]), file ZipCode.csv:18521 data 54473
    regex_detector_test.go:84: Expected label ZipCode, got  ([]), file ZipCode.csv:18522 data 54474
    regex_detector_test.go:84: Expected label ZipCode, got  ([]), file ZipCode.csv:18523 data 54475
    regex_detector_test.go:84: Expected label ZipCode, got  ([]), file ZipCode.csv:18524 data 54476
    regex_detector_test.go:84: Expected label ZipCode, got  ([]), file ZipCode.csv:18525 data 54479
    regex_detector_test.go:84: Expected label ZipCode, got  ([]), file ZipCode.csv:18526 data 54480
    regex_detector_test.go:84: Expected label ZipCode, got  ([]), file ZipCode.csv:18527 data 54481
    regex_detector_test.go:84: Expected label ZipCode, got  ([]), file ZipCode.csv:18528 data 54482
    regex_detector_test.go:84: Expected label ZipCode, got  ([]), file ZipCode.csv:18529 data 54484
    regex_detector_test.go:84: Expected label ZipCode, got  ([]), file ZipCode.csv:18530 data 54485
    regex_detector_test.go:84: Expected label ZipCode, got  ([]), file ZipCode.csv:18531 data 54486
    regex_detector_test.go:84: Expected label ZipCode, got  ([]), file ZipCode.csv:18532 data 54487
    regex_detector_test.go:84: Expected label ZipCode, got  ([]), file ZipCode.csv:18533 data 54488
    regex_detector_test.go:84: Expected label ZipCode, got  ([]), file ZipCode.csv:18534 data 54489
    regex_detector_test.go:84: Expected label ZipCode, got  ([]), file ZipCode.csv:18535 data 54490
    regex_detector_test.go:84: Expected label ZipCode, got  ([]), file ZipCode.csv:18536 data 54491
    regex_detector_test.go:84: Expected label ZipCode, got  ([]), file ZipCode.csv:18537 data 54493
    regex_detector_test.go:84: Expected label ZipCode, got  ([]), file ZipCode.csv:18538 data 54494
    regex_detector_test.go:84: Expected label ZipCode, got  ([]), file ZipCode.csv:18539 data 54495
    regex_detector_test.go:84: Expected label ZipCode, got  ([]), file ZipCode.csv:18540 data 54498
    regex_detector_test.go:84: Expected label ZipCode, got  ([]), file ZipCode.csv:18541 data 54499
    regex_detector_test.go:84: Expected label ZipCode, got  ([]), file ZipCode.csv:18542 data 54501
    regex_detector_test.go:84: Expected label ZipCode, got  ([]), file ZipCode.csv:18543 data 54511
    regex_detector_test.go:84: Expected label ZipCode, got  ([]), file ZipCode.csv:18544 data 54512
    regex_detector_test.go:84: Expected label ZipCode, got  ([]), file ZipCode.csv:18545 data 54513
    regex_detector_test.go:84: Expected label ZipCode, got  ([]), file ZipCode.csv:18546 data 54514
    regex_detector_test.go:84: Expected label ZipCode, got  ([]), file ZipCode.csv:18547 data 54515
    regex_detector_test.go:84: Expected label ZipCode, got  ([]), file ZipCode.csv:18548 data 54517
    regex_detector_test.go:84: Expected label ZipCode, got  ([]), file ZipCode.csv:18549 data 54519
    regex_detector_test.go:84: Expected label ZipCode, got  ([]), file ZipCode.csv:18550 data 54520
    regex_detector_test.go:84: Expected label ZipCode, got  ([]), file ZipCode.csv:18551 data 54521
    regex_detector_test.go:84: Expected label ZipCode, got  ([]), file ZipCode.csv:18552 data 54524
    regex_detector_test.go:84: Expected label ZipCode, got  ([]), file ZipCode.csv:18553 data 54525
    regex_detector_test.go:84: Expected label ZipCode, got  ([]), file ZipCode.csv:18554 data 54526
    regex_detector_test.go:84: Expected label ZipCode, got  ([]), file ZipCode.csv:18555 data 54527
    regex_detector_test.go:84: Expected label ZipCode, got  ([]), file ZipCode.csv:18556 data 54529
    regex_detector_test.go:84: Expected label ZipCode, got  ([]), file ZipCode.csv:18557 data 54530
    regex_detector_test.go:84: Expected label ZipCode, got  ([]), file ZipCode.csv:18558 data 54531
    regex_detector_test.go:84: Expected label ZipCode, got  ([]), file ZipCode.csv:18559 data 54534
    regex_detector_test.go:84: Expected label ZipCode, got  ([]), file ZipCode.csv:18560 data 54536
    regex_detector_test.go:84: Expected label ZipCode, got  ([]), file ZipCode.csv:18561 data 54537
    regex_detector_test.go:84: Expected label ZipCode, got  ([]), file ZipCode.csv:18562 data 54538
    regex_detector_test.go:84: Expected label ZipCode, got  ([]), file ZipCode.csv:18563 data 54539
    regex_detector_test.go:84: Expected label ZipCode, got  ([]), file ZipCode.csv:18564 data 54540
    regex_detector_test.go:84: Expected label ZipCode, got  ([]), file ZipCode.csv:18565 data 54541
    regex_detector_test.go:84: Expected label ZipCode, got  ([]), file ZipCode.csv:18566 data 54542
    regex_detector_test.go:84: Expected label ZipCode, got  ([]), file ZipCode.csv:18567 data 54545
    regex_detector_test.go:84: Expected label ZipCode, got  ([]), file ZipCode.csv:18568 data 54546
    regex_detector_test.go:84: Expected label ZipCode, got  ([]), file ZipCode.csv:18569 data 54547
    regex_detector_test.go:84: Expected label ZipCode, got  ([]), file ZipCode.csv:18570 data 54548
    regex_detector_test.go:84: Expected label ZipCode, got  ([]), file ZipCode.csv:18571 data 54550
    regex_detector_test.go:84: Expected label ZipCode, got  ([]), file ZipCode.csv:18572 data 54552
    regex_detector_test.go:84: Expected label ZipCode, got  ([]), file ZipCode.csv:18573 data 54554
    regex_detector_test.go:84: Expected label ZipCode, got  ([]), file ZipCode.csv:18574 data 54555
    regex_detector_test.go:84: Expected label ZipCode, got  ([]), file ZipCode.csv:18575 data 54556
    regex_detector_test.go:84: Expected label ZipCode, got  ([]), file ZipCode.csv:18576 data 54557
    regex_detector_test.go:84: Expected label ZipCode, got  ([]), file ZipCode.csv:18577 data 54558
    regex_detector_test.go:84: Expected label ZipCode, got  ([]), file ZipCode.csv:18578 data 54559
    regex_detector_test.go:84: Expected label ZipCode, got  ([]), file ZipCode.csv:18579 data 54560
    regex_detector_test.go:84: Expected label ZipCode, got  ([]), file ZipCode.csv:18580 data 54561
    regex_detector_test.go:84: Expected label ZipCode, got  ([]), file ZipCode.csv:18581 data 54562
    regex_detector_test.go:84: Expected label ZipCode, got  ([]), file ZipCode.csv:18582 data 54563
    regex_detector_test.go:84: Expected label ZipCode, got  ([]), file ZipCode.csv:18583 data 54564
    regex_detector_test.go:84: Expected label ZipCode, got  ([]), file ZipCode.csv:18584 data 54565
    regex_detector_test.go:84: Expected label ZipCode, got  ([]), file ZipCode.csv:18585 data 54566
    regex_detector_test.go:84: Expected label ZipCode, got  ([]), file ZipCode.csv:18586 data 54568
    regex_detector_test.go:84: Expected label ZipCode, got  ([]), file ZipCode.csv:18587 data 54601
    regex_detector_test.go:84: Expected label ZipCode, got  ([]), file ZipCode.csv:18588 data 54603
    regex_detector_test.go:84: Expected label ZipCode, got  ([]), file ZipCode.csv:18589 data 54610
    regex_detector_test.go:84: Expected label ZipCode, got  ([]), file ZipCode.csv:18590 data 54611
    regex_detector_test.go:84: Expected label ZipCode, got  ([]), file ZipCode.csv:18591 data 54612
    regex_detector_test.go:84: Expected label ZipCode, got  ([]), file ZipCode.csv:18592 data 54613
    regex_detector_test.go:84: Expected label ZipCode, got  ([]), file ZipCode.csv:18593 data 54614
    regex_detector_test.go:84: Expected label ZipCode, got  ([]), file ZipCode.csv:18594 data 54615
    regex_detector_test.go:84: Expected label ZipCode, got  ([]), file ZipCode.csv:18595 data 54616
    regex_detector_test.go:84: Expected label ZipCode, got  ([]), file ZipCode.csv:18596 data 54618
    regex_detector_test.go:84: Expected label ZipCode, got  ([]), file ZipCode.csv:18597 data 54619
    regex_detector_test.go:84: Expected label ZipCode, got  ([]), file ZipCode.csv:18598 data 54621
    regex_detector_test.go:84: Expected label ZipCode, got  ([]), file ZipCode.csv:18599 data 54622
    regex_detector_test.go:84: Expected label ZipCode, got  ([]), file ZipCode.csv:18600 data 54623
    regex_detector_test.go:84: Expected label ZipCode, got  ([]), file ZipCode.csv:18601 data 54624
    regex_detector_test.go:84: Expected label ZipCode, got  ([]), file ZipCode.csv:18602 data 54625
    regex_detector_test.go:84: Expected label ZipCode, got  ([]), file ZipCode.csv:18603 data 54626
    regex_detector_test.go:84: Expected label ZipCode, got  ([]), file ZipCode.csv:18604 data 54627
    regex_detector_test.go:84: Expected label ZipCode, got  ([]), file ZipCode.csv:18605 data 54628
    regex_detector_test.go:84: Expected label ZipCode, got  ([]), file ZipCode.csv:18606 data 54629
    regex_detector_test.go:84: Expected label ZipCode, got  ([]), file ZipCode.csv:18607 data 54630
    regex_detector_test.go:84: Expected label ZipCode, got  ([]), file ZipCode.csv:18608 data 54631
    regex_detector_test.go:84: Expected label ZipCode, got  ([]), file ZipCode.csv:18609 data 54632
    regex_detector_test.go:84: Expected label ZipCode, got  ([]), file ZipCode.csv:18610 data 54634
    regex_detector_test.go:84: Expected label ZipCode, got  ([]), file ZipCode.csv:18611 data 54635
    regex_detector_test.go:84: Expected label ZipCode, got  ([]), file ZipCode.csv:18612 data 54636
    regex_detector_test.go:84: Expected label ZipCode, got  ([]), file ZipCode.csv:18613 data 54637
    regex_detector_test.go:84: Expected label ZipCode, got  ([]), file ZipCode.csv:18614 data 54638
    regex_detector_test.go:84: Expected label ZipCode, got  ([]), file ZipCode.csv:18615 data 54639
    regex_detector_test.go:84: Expected label ZipCode, got  ([]), file ZipCode.csv:18616 data 54642
    regex_detector_test.go:84: Expected label ZipCode, got  ([]), file ZipCode.csv:18617 data 54643
    regex_detector_test.go:84: Expected label ZipCode, got  ([]), file ZipCode.csv:18618 data 54644
    regex_detector_test.go:84: Expected label ZipCode, got  ([]), file ZipCode.csv:18619 data 54645
    regex_detector_test.go:84: Expected label ZipCode, got  ([]), file ZipCode.csv:18620 data 54646
    regex_detector_test.go:84: Expected label ZipCode, got  ([]), file ZipCode.csv:18621 data 54648
    regex_detector_test.go:84: Expected label ZipCode, got  ([]), file ZipCode.csv:18622 data 54650
    regex_detector_test.go:84: Expected label ZipCode, got  ([]), file ZipCode.csv:18623 data 54651
    regex_detector_test.go:84: Expected label ZipCode, got  ([]), file ZipCode.csv:18624 data 54652
    regex_detector_test.go:84: Expected label ZipCode, got  ([]), file ZipCode.csv:18625 data 54653
    regex_detector_test.go:84: Expected label ZipCode, got  ([]), file ZipCode.csv:18626 data 54654
    regex_detector_test.go:84: Expected label ZipCode, got  ([]), file ZipCode.csv:18627 data 54655
    regex_detector_test.go:84: Expected label ZipCode, got  ([]), file ZipCode.csv:18628 data 54656
    regex_detector_test.go:84: Expected label ZipCode, got  ([]), file ZipCode.csv:18629 data 54657
    regex_detector_test.go:84: Expected label ZipCode, got  ([]), file ZipCode.csv:18630 data 54658
    regex_detector_test.go:84: Expected label ZipCode, got  ([]), file ZipCode.csv:18631 data 54659
    regex_detector_test.go:84: Expected label ZipCode, got  ([]), file ZipCode.csv:18632 data 54660
    regex_detector_test.go:84: Expected label ZipCode, got  ([]), file ZipCode.csv:18633 data 54661
    regex_detector_test.go:84: Expected label ZipCode, got  ([]), file ZipCode.csv:18634 data 54664
    regex_detector_test.go:84: Expected label ZipCode, got  ([]), file ZipCode.csv:18635 data 54665
    regex_detector_test.go:84: Expected label ZipCode, got  ([]), file ZipCode.csv:18636 data 54666
    regex_detector_test.go:84: Expected label ZipCode, got  ([]), file ZipCode.csv:18637 data 54667
    regex_detector_test.go:84: Expected label ZipCode, got  ([]), file ZipCode.csv:18638 data 54669
    regex_detector_test.go:84: Expected label ZipCode, got  ([]), file ZipCode.csv:18639 data 54670
    regex_detector_test.go:84: Expected label ZipCode, got  ([]), file ZipCode.csv:18640 data 54701
    regex_detector_test.go:84: Expected label ZipCode, got  ([]), file ZipCode.csv:18641 data 54703
    regex_detector_test.go:84: Expected label ZipCode, got  ([]), file ZipCode.csv:18642 data 54720
    regex_detector_test.go:84: Expected label ZipCode, got  ([]), file ZipCode.csv:18643 data 54721
    regex_detector_test.go:84: Expected label ZipCode, got  ([]), file ZipCode.csv:18644 data 54722
    regex_detector_test.go:84: Expected label ZipCode, got  ([]), file ZipCode.csv:18645 data 54723
    regex_detector_test.go:84: Expected label ZipCode, got  ([]), file ZipCode.csv:18646 data 54724
    regex_detector_test.go:84: Expected label ZipCode, got  ([]), file ZipCode.csv:18647 data 54725
    regex_detector_test.go:84: Expected label ZipCode, got  ([]), file ZipCode.csv:18648 data 54726
    regex_detector_test.go:84: Expected label ZipCode, got  ([]), file ZipCode.csv:18649 data 54727
    regex_detector_test.go:84: Expected label ZipCode, got  ([]), file ZipCode.csv:18650 data 54728
    regex_detector_test.go:84: Expected label ZipCode, got  ([]), file ZipCode.csv:18651 data 54729
    regex_detector_test.go:84: Expected label ZipCode, got  ([]), file ZipCode.csv:18652 data 54730
    regex_detector_test.go:84: Expected label ZipCode, got  ([]), file ZipCode.csv:18653 data 54731
    regex_detector_test.go:84: Expected label ZipCode, got  ([]), file ZipCode.csv:18654 data 54732
    regex_detector_test.go:84: Expected label ZipCode, got  ([]), file ZipCode.csv:18655 data 54733
    regex_detector_test.go:84: Expected label ZipCode, got  ([]), file ZipCode.csv:18656 data 54734
    regex_detector_test.go:84: Expected label ZipCode, got  ([]), file ZipCode.csv:18657 data 54736
    regex_detector_test.go:84: Expected label ZipCode, got  ([]), file ZipCode.csv:18658 data 54737
    regex_detector_test.go:84: Expected label ZipCode, got  ([]), file ZipCode.csv:18659 data 54738
    regex_detector_test.go:84: Expected label ZipCode, got  ([]), file ZipCode.csv:18660 data 54739
    regex_detector_test.go:84: Expected label ZipCode, got  ([]), file ZipCode.csv:18661 data 54740
    regex_detector_test.go:84: Expected label ZipCode, got  ([]), file ZipCode.csv:18662 data 54741
    regex_detector_test.go:84: Expected label ZipCode, got  ([]), file ZipCode.csv:18663 data 54742
    regex_detector_test.go:84: Expected label ZipCode, got  ([]), file ZipCode.csv:18664 data 54745
    regex_detector_test.go:84: Expected label ZipCode, got  ([]), file ZipCode.csv:18665 data 54746
    regex_detector_test.go:84: Expected label ZipCode, got  ([]), file ZipCode.csv:18666 data 54747
    regex_detector_test.go:84: Expected label ZipCode, got  ([]), file ZipCode.csv:18667 data 54748
    regex_detector_test.go:84: Expected label ZipCode, got  ([]), file ZipCode.csv:18668 data 54749
    regex_detector_test.go:84: Expected label ZipCode, got  ([]), file ZipCode.csv:18669 data 54750
    regex_detector_test.go:84: Expected label ZipCode, got  ([]), file ZipCode.csv:18670 data 54751
    regex_detector_test.go:84: Expected label ZipCode, got  ([]), file ZipCode.csv:18671 data 54754
    regex_detector_test.go:84: Expected label ZipCode, got  ([]), file ZipCode.csv:18672 data 54755
    regex_detector_test.go:84: Expected label ZipCode, got  ([]), file ZipCode.csv:18673 data 54756
    regex_detector_test.go:84: Expected label ZipCode, got  ([]), file ZipCode.csv:18674 data 54757
    regex_detector_test.go:84: Expected label ZipCode, got  ([]), file ZipCode.csv:18675 data 54758
    regex_detector_test.go:84: Expected label ZipCode, got  ([]), file ZipCode.csv:18676 data 54759
    regex_detector_test.go:84: Expected label ZipCode, got  ([]), file ZipCode.csv:18677 data 54760
    regex_detector_test.go:84: Expected label ZipCode, got  ([]), file ZipCode.csv:18678 data 54761
    regex_detector_test.go:84: Expected label ZipCode, got  ([]), file ZipCode.csv:18679 data 54762
    regex_detector_test.go:84: Expected label ZipCode, got  ([]), file ZipCode.csv:18680 data 54763
    regex_detector_test.go:84: Expected label ZipCode, got  ([]), file ZipCode.csv:18681 data 54766
    regex_detector_test.go:84: Expected label ZipCode, got  ([]), file ZipCode.csv:18682 data 54767
    regex_detector_test.go:84: Expected label ZipCode, got  ([]), file ZipCode.csv:18683 data 54768
    regex_detector_test.go:84: Expected label ZipCode, got  ([]), file ZipCode.csv:18684 data 54769
    regex_detector_test.go:84: Expected label ZipCode, got  ([]), file ZipCode.csv:18685 data 54770
    regex_detector_test.go:84: Expected label ZipCode, got  ([]), file ZipCode.csv:18686 data 54771
    regex_detector_test.go:84: Expected label ZipCode, got  ([]), file ZipCode.csv:18687 data 54772
    regex_detector_test.go:84: Expected label ZipCode, got  ([]), file ZipCode.csv:18688 data 54773
    regex_detector_test.go:84: Expected label ZipCode, got  ([]), file ZipCode.csv:18689 data 54801
    regex_detector_test.go:84: Expected label ZipCode, got  ([]), file ZipCode.csv:18690 data 54805
    regex_detector_test.go:84: Expected label ZipCode, got  ([]), file ZipCode.csv:18691 data 54806
    regex_detector_test.go:84: Expected label ZipCode, got  ([]), file ZipCode.csv:18692 data 54810
    regex_detector_test.go:84: Expected label ZipCode, got  ([]), file ZipCode.csv:18693 data 54812
    regex_detector_test.go:84: Expected label ZipCode, got  ([]), file ZipCode.csv:18694 data 54813
    regex_detector_test.go:84: Expected label ZipCode, got  ([]), file ZipCode.csv:18695 data 54814
    regex_detector_test.go:84: Expected label ZipCode, got  ([]), file ZipCode.csv:18696 data 54817
    regex_detector_test.go:84: Expected label ZipCode, got  ([]), file ZipCode.csv:18697 data 54819
    regex_detector_test.go:84: Expected label ZipCode, got  ([]), file ZipCode.csv:18698 data 54820
    regex_detector_test.go:84: Expected label ZipCode, got  ([]), file ZipCode.csv:18699 data 54821
    regex_detector_test.go:84: Expected label ZipCode, got  ([]), file ZipCode.csv:18700 data 54822
    regex_detector_test.go:84: Expected label ZipCode, got  ([]), file ZipCode.csv:18701 data 54824
    regex_detector_test.go:84: Expected label ZipCode, got  ([]), file ZipCode.csv:18702 data 54826
    regex_detector_test.go:84: Expected label ZipCode, got  ([]), file ZipCode.csv:18703 data 54827
    regex_detector_test.go:84: Expected label ZipCode, got  ([]), file ZipCode.csv:18704 data 54828
    regex_detector_test.go:84: Expected label ZipCode, got  ([]), file ZipCode.csv:18705 data 54829
    regex_detector_test.go:84: Expected label ZipCode, got  ([]), file ZipCode.csv:18706 data 54830
    regex_detector_test.go:84: Expected label ZipCode, got  ([]), file ZipCode.csv:18707 data 54832
    regex_detector_test.go:84: Expected label ZipCode, got  ([]), file ZipCode.csv:18708 data 54835
    regex_detector_test.go:84: Expected label ZipCode, got  ([]), file ZipCode.csv:18709 data 54836
    regex_detector_test.go:84: Expected label ZipCode, got  ([]), file ZipCode.csv:18710 data 54837
    regex_detector_test.go:84: Expected label ZipCode, got  ([]), file ZipCode.csv:18711 data 54838
    regex_detector_test.go:84: Expected label ZipCode, got  ([]), file ZipCode.csv:18712 data 54839
    regex_detector_test.go:84: Expected label ZipCode, got  ([]), file ZipCode.csv:18713 data 54840
    regex_detector_test.go:84: Expected label ZipCode, got  ([]), file ZipCode.csv:18714 data 54841
    regex_detector_test.go:84: Expected label ZipCode, got  ([]), file ZipCode.csv:18715 data 54842
    regex_detector_test.go:84: Expected label ZipCode, got  ([]), file ZipCode.csv:18716 data 54843
    regex_detector_test.go:84: Expected label ZipCode, got  ([]), file ZipCode.csv:18717 data 54844
    regex_detector_test.go:84: Expected label ZipCode, got  ([]), file ZipCode.csv:18718 data 54845
    regex_detector_test.go:84: Expected label ZipCode, got  ([]), file ZipCode.csv:18719 data 54846
    regex_detector_test.go:84: Expected label ZipCode, got  ([]), file ZipCode.csv:18720 data 54847
    regex_detector_test.go:84: Expected label ZipCode, got  ([]), file ZipCode.csv:18721 data 54848
    regex_detector_test.go:84: Expected label ZipCode, got  ([]), file ZipCode.csv:18722 data 54849
    regex_detector_test.go:84: Expected label ZipCode, got  ([]), file ZipCode.csv:18723 data 54850
    regex_detector_test.go:84: Expected label ZipCode, got  ([]), file ZipCode.csv:18724 data 54853
    regex_detector_test.go:84: Expected label ZipCode, got  ([]), file ZipCode.csv:18725 data 54854
    regex_detector_test.go:84: Expected label ZipCode, got  ([]), file ZipCode.csv:18726 data 54855
    regex_detector_test.go:84: Expected label ZipCode, got  ([]), file ZipCode.csv:18727 data 54856
    regex_detector_test.go:84: Expected label ZipCode, got  ([]), file ZipCode.csv:18728 data 54857
    regex_detector_test.go:84: Expected label ZipCode, got  ([]), file ZipCode.csv:18729 data 54858
    regex_detector_test.go:84: Expected label ZipCode, got  ([]), file ZipCode.csv:18730 data 54859
    regex_detector_test.go:84: Expected label ZipCode, got  ([]), file ZipCode.csv:18731 data 54861
    regex_detector_test.go:84: Expected label ZipCode, got  ([]), file ZipCode.csv:18732 data 54862
    regex_detector_test.go:84: Expected label ZipCode, got  ([]), file ZipCode.csv:18733 data 54864
    regex_detector_test.go:84: Expected label ZipCode, got  ([]), file ZipCode.csv:18734 data 54865
    regex_detector_test.go:84: Expected label ZipCode, got  ([]), file ZipCode.csv:18735 data 54867
    regex_detector_test.go:84: Expected label ZipCode, got  ([]), file ZipCode.csv:18736 data 54868
    regex_detector_test.go:84: Expected label ZipCode, got  ([]), file ZipCode.csv:18737 data 54870
    regex_detector_test.go:84: Expected label ZipCode, got  ([]), file ZipCode.csv:18738 data 54871
    regex_detector_test.go:84: Expected label ZipCode, got  ([]), file ZipCode.csv:18739 data 54872
    regex_detector_test.go:84: Expected label ZipCode, got  ([]), file ZipCode.csv:18740 data 54873
    regex_detector_test.go:84: Expected label ZipCode, got  ([]), file ZipCode.csv:18741 data 54874
    regex_detector_test.go:84: Expected label ZipCode, got  ([]), file ZipCode.csv:18742 data 54875
    regex_detector_test.go:84: Expected label ZipCode, got  ([]), file ZipCode.csv:18743 data 54876
    regex_detector_test.go:84: Expected label ZipCode, got  ([]), file ZipCode.csv:18744 data 54880
    regex_detector_test.go:84: Expected label ZipCode, got  ([]), file ZipCode.csv:18745 data 54888
    regex_detector_test.go:84: Expected label ZipCode, got  ([]), file ZipCode.csv:18746 data 54889
    regex_detector_test.go:84: Expected label ZipCode, got  ([]), file ZipCode.csv:18747 data 54891
    regex_detector_test.go:84: Expected label ZipCode, got  ([]), file ZipCode.csv:18748 data 54893
    regex_detector_test.go:84: Expected label ZipCode, got  ([]), file ZipCode.csv:18749 data 54895
    regex_detector_test.go:84: Expected label ZipCode, got  ([]), file ZipCode.csv:18750 data 54896
    regex_detector_test.go:84: Expected label ZipCode, got  ([]), file ZipCode.csv:18751 data 54901
    regex_detector_test.go:84: Expected label ZipCode, got  ([]), file ZipCode.csv:18752 data 54902
    regex_detector_test.go:84: Expected label ZipCode, got  ([]), file ZipCode.csv:18753 data 54904
    regex_detector_test.go:84: Expected label ZipCode, got  ([]), file ZipCode.csv:18754 data 54909
    regex_detector_test.go:84: Expected label ZipCode, got  ([]), file ZipCode.csv:18755 data 54911
    regex_detector_test.go:84: Expected label ZipCode, got  ([]), file ZipCode.csv:18756 data 54913
    regex_detector_test.go:84: Expected label ZipCode, got  ([]), file ZipCode.csv:18757 data 54914
    regex_detector_test.go:84: Expected label ZipCode, got  ([]), file ZipCode.csv:18758 data 54915
    regex_detector_test.go:84: Expected label ZipCode, got  ([]), file ZipCode.csv:18759 data 54921
    regex_detector_test.go:84: Expected label ZipCode, got  ([]), file ZipCode.csv:18760 data 54922
    regex_detector_test.go:84: Expected label ZipCode, got  ([]), file ZipCode.csv:18761 data 54923
    regex_detector_test.go:84: Expected label ZipCode, got  ([]), file ZipCode.csv:18762 data 54926
    regex_detector_test.go:84: Expected label ZipCode, got  ([]), file ZipCode.csv:18763 data 54927
    regex_detector_test.go:84: Expected label ZipCode, got  ([]), file ZipCode.csv:18764 data 54928
    regex_detector_test.go:84: Expected label ZipCode, got  ([]), file ZipCode.csv:18765 data 54929
    regex_detector_test.go:84: Expected label ZipCode, got  ([]), file ZipCode.csv:18766 data 54930
    regex_detector_test.go:84: Expected label ZipCode, got  ([]), file ZipCode.csv:18767 data 54931
    regex_detector_test.go:84: Expected label ZipCode, got  ([]), file ZipCode.csv:18768 data 54932
    regex_detector_test.go:84: Expected label ZipCode, got  ([]), file ZipCode.csv:18769 data 54933
    regex_detector_test.go:84: Expected label ZipCode, got  ([]), file ZipCode.csv:18770 data 54935
    regex_detector_test.go:84: Expected label ZipCode, got  ([]), file ZipCode.csv:18771 data 54937
    regex_detector_test.go:84: Expected label ZipCode, got  ([]), file ZipCode.csv:18772 data 54940
    regex_detector_test.go:84: Expected label ZipCode, got  ([]), file ZipCode.csv:18773 data 54941
    regex_detector_test.go:84: Expected label ZipCode, got  ([]), file ZipCode.csv:18774 data 54942
    regex_detector_test.go:84: Expected label ZipCode, got  ([]), file ZipCode.csv:18775 data 54943
    regex_detector_test.go:84: Expected label ZipCode, got  ([]), file ZipCode.csv:18776 data 54944
    regex_detector_test.go:84: Expected label ZipCode, got  ([]), file ZipCode.csv:18777 data 54945
    regex_detector_test.go:84: Expected label ZipCode, got  ([]), file ZipCode.csv:18778 data 54946
    regex_detector_test.go:84: Expected label ZipCode, got  ([]), file ZipCode.csv:18779 data 54947
    regex_detector_test.go:84: Expected label ZipCode, got  ([]), file ZipCode.csv:18780 data 54948
    regex_detector_test.go:84: Expected label ZipCode, got  ([]), file ZipCode.csv:18781 data 54949
    regex_detector_test.go:84: Expected label ZipCode, got  ([]), file ZipCode.csv:18782 data 54950
    regex_detector_test.go:84: Expected label ZipCode, got  ([]), file ZipCode.csv:18783 data 54952
    regex_detector_test.go:84: Expected label ZipCode, got  ([]), file ZipCode.csv:18784 data 54956
    regex_detector_test.go:84: Expected label ZipCode, got  ([]), file ZipCode.csv:18785 data 54960
    regex_detector_test.go:84: Expected label ZipCode, got  ([]), file ZipCode.csv:18786 data 54961
    regex_detector_test.go:84: Expected label ZipCode, got  ([]), file ZipCode.csv:18787 data 54962
    regex_detector_test.go:84: Expected label ZipCode, got  ([]), file ZipCode.csv:18788 data 54963
    regex_detector_test.go:84: Expected label ZipCode, got  ([]), file ZipCode.csv:18789 data 54964
    regex_detector_test.go:84: Expected label ZipCode, got  ([]), file ZipCode.csv:18790 data 54965
    regex_detector_test.go:84: Expected label ZipCode, got  ([]), file ZipCode.csv:18791 data 54966
    regex_detector_test.go:84: Expected label ZipCode, got  ([]), file ZipCode.csv:18792 data 54967
    regex_detector_test.go:84: Expected label ZipCode, got  ([]), file ZipCode.csv:18793 data 54968
    regex_detector_test.go:84: Expected label ZipCode, got  ([]), file ZipCode.csv:18794 data 54970
    regex_detector_test.go:84: Expected label ZipCode, got  ([]), file ZipCode.csv:18795 data 54971
    regex_detector_test.go:84: Expected label ZipCode, got  ([]), file ZipCode.csv:18796 data 54974
    regex_detector_test.go:84: Expected label ZipCode, got  ([]), file ZipCode.csv:18797 data 54977
    regex_detector_test.go:84: Expected label ZipCode, got  ([]), file ZipCode.csv:18798 data 54978
    regex_detector_test.go:84: Expected label ZipCode, got  ([]), file ZipCode.csv:18799 data 54979
    regex_detector_test.go:84: Expected label ZipCode, got  ([]), file ZipCode.csv:18800 data 54980
    regex_detector_test.go:84: Expected label ZipCode, got  ([]), file ZipCode.csv:18801 data 54981
    regex_detector_test.go:84: Expected label ZipCode, got  ([]), file ZipCode.csv:18802 data 54982
    regex_detector_test.go:84: Expected label ZipCode, got  ([]), file ZipCode.csv:18803 data 54983
    regex_detector_test.go:84: Expected label ZipCode, got  ([]), file ZipCode.csv:18804 data 54984
    regex_detector_test.go:84: Expected label ZipCode, got  ([]), file ZipCode.csv:18805 data 54985
    regex_detector_test.go:84: Expected label ZipCode, got  ([]), file ZipCode.csv:18806 data 54986
    regex_detector_test.go:84: Expected label ZipCode, got  ([]), file ZipCode.csv:18807 data 55001
    regex_detector_test.go:84: Expected label ZipCode, got  ([]), file ZipCode.csv:18808 data 55003
    regex_detector_test.go:84: Expected label ZipCode, got  ([]), file ZipCode.csv:18809 data 55005
    regex_detector_test.go:84: Expected label ZipCode, got  ([]), file ZipCode.csv:18810 data 55006
    regex_detector_test.go:84: Expected label ZipCode, got  ([]), file ZipCode.csv:18811 data 55007
    regex_detector_test.go:84: Expected label ZipCode, got  ([]), file ZipCode.csv:18812 data 55008
    regex_detector_test.go:84: Expected label ZipCode, got  ([]), file ZipCode.csv:18813 data 55009
    regex_detector_test.go:84: Expected label ZipCode, got  ([]), file ZipCode.csv:18814 data 55011
    regex_detector_test.go:84: Expected label ZipCode, got  ([]), file ZipCode.csv:18815 data 55012
    regex_detector_test.go:84: Expected label ZipCode, got  ([]), file ZipCode.csv:18816 data 55013
    regex_detector_test.go:84: Expected label ZipCode, got  ([]), file ZipCode.csv:18817 data 55014
    regex_detector_test.go:84: Expected label ZipCode, got  ([]), file ZipCode.csv:18818 data 55016
    regex_detector_test.go:84: Expected label ZipCode, got  ([]), file ZipCode.csv:18819 data 55017
    regex_detector_test.go:84: Expected label ZipCode, got  ([]), file ZipCode.csv:18820 data 55018
    regex_detector_test.go:84: Expected label ZipCode, got  ([]), file ZipCode.csv:18821 data 55019
    regex_detector_test.go:84: Expected label ZipCode, got  ([]), file ZipCode.csv:18822 data 55020
    regex_detector_test.go:84: Expected label ZipCode, got  ([]), file ZipCode.csv:18823 data 55021
    regex_detector_test.go:84: Expected label ZipCode, got  ([]), file ZipCode.csv:18824 data 55024
    regex_detector_test.go:84: Expected label ZipCode, got  ([]), file ZipCode.csv:18825 data 55025
    regex_detector_test.go:84: Expected label ZipCode, got  ([]), file ZipCode.csv:18826 data 55026
    regex_detector_test.go:84: Expected label ZipCode, got  ([]), file ZipCode.csv:18827 data 55027
    regex_detector_test.go:84: Expected label ZipCode, got  ([]), file ZipCode.csv:18828 data 55029
    regex_detector_test.go:84: Expected label ZipCode, got  ([]), file ZipCode.csv:18829 data 55030
    regex_detector_test.go:84: Expected label ZipCode, got  ([]), file ZipCode.csv:18830 data 55031
    regex_detector_test.go:84: Expected label ZipCode, got  ([]), file ZipCode.csv:18831 data 55032
    regex_detector_test.go:84: Expected label ZipCode, got  ([]), file ZipCode.csv:18832 data 55033
    regex_detector_test.go:84: Expected label ZipCode, got  ([]), file ZipCode.csv:18833 data 55036
    regex_detector_test.go:84: Expected label ZipCode, got  ([]), file ZipCode.csv:18834 data 55037
    regex_detector_test.go:84: Expected label ZipCode, got  ([]), file ZipCode.csv:18835 data 55038
    regex_detector_test.go:84: Expected label ZipCode, got  ([]), file ZipCode.csv:18836 data 55040
    regex_detector_test.go:84: Expected label ZipCode, got  ([]), file ZipCode.csv:18837 data 55041
    regex_detector_test.go:84: Expected label ZipCode, got  ([]), file ZipCode.csv:18838 data 55042
    regex_detector_test.go:84: Expected label ZipCode, got  ([]), file ZipCode.csv:18839 data 55043
    regex_detector_test.go:84: Expected label ZipCode, got  ([]), file ZipCode.csv:18840 data 55044
    regex_detector_test.go:84: Expected label ZipCode, got  ([]), file ZipCode.csv:18841 data 55045
    regex_detector_test.go:84: Expected label ZipCode, got  ([]), file ZipCode.csv:18842 data 55046
    regex_detector_test.go:84: Expected label ZipCode, got  ([]), file ZipCode.csv:18843 data 55047
    regex_detector_test.go:84: Expected label ZipCode, got  ([]), file ZipCode.csv:18844 data 55049
    regex_detector_test.go:84: Expected label ZipCode, got  ([]), file ZipCode.csv:18845 data 55051
    regex_detector_test.go:84: Expected label ZipCode, got  ([]), file ZipCode.csv:18846 data 55052
    regex_detector_test.go:84: Expected label ZipCode, got  ([]), file ZipCode.csv:18847 data 55053
    regex_detector_test.go:84: Expected label ZipCode, got  ([]), file ZipCode.csv:18848 data 55054
    regex_detector_test.go:84: Expected label ZipCode, got  ([]), file ZipCode.csv:18849 data 55055
    regex_detector_test.go:84: Expected label ZipCode, got  ([]), file ZipCode.csv:18850 data 55056
    regex_detector_test.go:84: Expected label ZipCode, got  ([]), file ZipCode.csv:18851 data 55057
    regex_detector_test.go:84: Expected label ZipCode, got  ([]), file ZipCode.csv:18852 data 55060
    regex_detector_test.go:84: Expected label ZipCode, got  ([]), file ZipCode.csv:18853 data 55063
    regex_detector_test.go:84: Expected label ZipCode, got  ([]), file ZipCode.csv:18854 data 55065
    regex_detector_test.go:84: Expected label ZipCode, got  ([]), file ZipCode.csv:18855 data 55066
    regex_detector_test.go:84: Expected label ZipCode, got  ([]), file ZipCode.csv:18856 data 55068
    regex_detector_test.go:84: Expected label ZipCode, got  ([]), file ZipCode.csv:18857 data 55069
    regex_detector_test.go:84: Expected label ZipCode, got  ([]), file ZipCode.csv:18858 data 55070
    regex_detector_test.go:84: Expected label ZipCode, got  ([]), file ZipCode.csv:18859 data 55071
    regex_detector_test.go:84: Expected label ZipCode, got  ([]), file ZipCode.csv:18860 data 55072
    regex_detector_test.go:84: Expected label ZipCode, got  ([]), file ZipCode.csv:18861 data 55073
    regex_detector_test.go:84: Expected label ZipCode, got  ([]), file ZipCode.csv:18862 data 55074
    regex_detector_test.go:84: Expected label ZipCode, got  ([]), file ZipCode.csv:18863 data 55075
    regex_detector_test.go:84: Expected label ZipCode, got  ([]), file ZipCode.csv:18864 data 55076
    regex_detector_test.go:84: Expected label ZipCode, got  ([]), file ZipCode.csv:18865 data 55077
    regex_detector_test.go:84: Expected label ZipCode, got  ([]), file ZipCode.csv:18866 data 55079
    regex_detector_test.go:84: Expected label ZipCode, got  ([]), file ZipCode.csv:18867 data 55080
    regex_detector_test.go:84: Expected label ZipCode, got  ([]), file ZipCode.csv:18868 data 55082
    regex_detector_test.go:84: Expected label ZipCode, got  ([]), file ZipCode.csv:18869 data 55084
    regex_detector_test.go:84: Expected label ZipCode, got  ([]), file ZipCode.csv:18870 data 55085
    regex_detector_test.go:84: Expected label ZipCode, got  ([]), file ZipCode.csv:18871 data 55087
    regex_detector_test.go:84: Expected label ZipCode, got  ([]), file ZipCode.csv:18872 data 55088
    regex_detector_test.go:84: Expected label ZipCode, got  ([]), file ZipCode.csv:18873 data 55089
    regex_detector_test.go:84: Expected label ZipCode, got  ([]), file ZipCode.csv:18874 data 55090
    regex_detector_test.go:84: Expected label ZipCode, got  ([]), file ZipCode.csv:18875 data 55092
    regex_detector_test.go:84: Expected label ZipCode, got  ([]), file ZipCode.csv:18876 data 55101
    regex_detector_test.go:84: Expected label ZipCode, got  ([]), file ZipCode.csv:18877 data 55102
    regex_detector_test.go:84: Expected label ZipCode, got  ([]), file ZipCode.csv:18878 data 55103
    regex_detector_test.go:84: Expected label ZipCode, got  ([]), file ZipCode.csv:18879 data 55104
    regex_detector_test.go:84: Expected label ZipCode, got  ([]), file ZipCode.csv:18880 data 55105
    regex_detector_test.go:84: Expected label ZipCode, got  ([]), file ZipCode.csv:18881 data 55106
    regex_detector_test.go:84: Expected label ZipCode, got  ([]), file ZipCode.csv:18882 data 55107
    regex_detector_test.go:84: Expected label ZipCode, got  ([]), file ZipCode.csv:18883 data 55108
    regex_detector_test.go:84: Expected label ZipCode, got  ([]), file ZipCode.csv:18884 data 55109
    regex_detector_test.go:84: Expected label ZipCode, got  ([]), file ZipCode.csv:18885 data 55110
    regex_detector_test.go:84: Expected label ZipCode, got  ([]), file ZipCode.csv:18886 data 55111
    regex_detector_test.go:84: Expected label ZipCode, got  ([]), file ZipCode.csv:18887 data 55112
    regex_detector_test.go:84: Expected label ZipCode, got  ([]), file ZipCode.csv:18888 data 55113
    regex_detector_test.go:84: Expected label ZipCode, got  ([]), file ZipCode.csv:18889 data 55114
    regex_detector_test.go:84: Expected label ZipCode, got  ([]), file ZipCode.csv:18890 data 55115
    regex_detector_test.go:84: Expected label ZipCode, got  ([]), file ZipCode.csv:18891 data 55116
    regex_detector_test.go:84: Expected label ZipCode, got  ([]), file ZipCode.csv:18892 data 55117
    regex_detector_test.go:84: Expected label ZipCode, got  ([]), file ZipCode.csv:18893 data 55118
    regex_detector_test.go:84: Expected label ZipCode, got  ([]), file ZipCode.csv:18894 data 55119
    regex_detector_test.go:84: Expected label ZipCode, got  ([]), file ZipCode.csv:18895 data 55120
    regex_detector_test.go:84: Expected label ZipCode, got  ([]), file ZipCode.csv:18896 data 55121
    regex_detector_test.go:84: Expected label ZipCode, got  ([]), file ZipCode.csv:18897 data 55122
    regex_detector_test.go:84: Expected label ZipCode, got  ([]), file ZipCode.csv:18898 data 55123
    regex_detector_test.go:84: Expected label ZipCode, got  ([]), file ZipCode.csv:18899 data 55124
    regex_detector_test.go:84: Expected label ZipCode, got  ([]), file ZipCode.csv:18900 data 55125
    regex_detector_test.go:84: Expected label ZipCode, got  ([]), file ZipCode.csv:18901 data 55126
    regex_detector_test.go:84: Expected label ZipCode, got  ([]), file ZipCode.csv:18902 data 55127
    regex_detector_test.go:84: Expected label ZipCode, got  ([]), file ZipCode.csv:18903 data 55128
    regex_detector_test.go:84: Expected label ZipCode, got  ([]), file ZipCode.csv:18904 data 55129
    regex_detector_test.go:84: Expected label ZipCode, got  ([]), file ZipCode.csv:18905 data 55130
    regex_detector_test.go:84: Expected label ZipCode, got  ([]), file ZipCode.csv:18906 data 55150
    regex_detector_test.go:84: Expected label ZipCode, got  ([]), file ZipCode.csv:18907 data 55155
    regex_detector_test.go:84: Expected label ZipCode, got  ([]), file ZipCode.csv:18908 data 55301
    regex_detector_test.go:84: Expected label ZipCode, got  ([]), file ZipCode.csv:18909 data 55302
    regex_detector_test.go:84: Expected label ZipCode, got  ([]), file ZipCode.csv:18910 data 55303
    regex_detector_test.go:84: Expected label ZipCode, got  ([]), file ZipCode.csv:18911 data 55304
    regex_detector_test.go:84: Expected label ZipCode, got  ([]), file ZipCode.csv:18912 data 55305
    regex_detector_test.go:84: Expected label ZipCode, got  ([]), file ZipCode.csv:18913 data 55306
    regex_detector_test.go:84: Expected label ZipCode, got  ([]), file ZipCode.csv:18914 data 55307
    regex_detector_test.go:84: Expected label ZipCode, got  ([]), file ZipCode.csv:18915 data 55308
    regex_detector_test.go:84: Expected label ZipCode, got  ([]), file ZipCode.csv:18916 data 55309
    regex_detector_test.go:84: Expected label ZipCode, got  ([]), file ZipCode.csv:18917 data 55310
    regex_detector_test.go:84: Expected label ZipCode, got  ([]), file ZipCode.csv:18918 data 55311
    regex_detector_test.go:84: Expected label ZipCode, got  ([]), file ZipCode.csv:18919 data 55312
    regex_detector_test.go:84: Expected label ZipCode, got  ([]), file ZipCode.csv:18920 data 55313
    regex_detector_test.go:84: Expected label ZipCode, got  ([]), file ZipCode.csv:18921 data 55314
    regex_detector_test.go:84: Expected label ZipCode, got  ([]), file ZipCode.csv:18922 data 55315
    regex_detector_test.go:84: Expected label ZipCode, got  ([]), file ZipCode.csv:18923 data 55316
    regex_detector_test.go:84: Expected label ZipCode, got  ([]), file ZipCode.csv:18924 data 55317
    regex_detector_test.go:84: Expected label ZipCode, got  ([]), file ZipCode.csv:18925 data 55318
    regex_detector_test.go:84: Expected label ZipCode, got  ([]), file ZipCode.csv:18926 data 55319
    regex_detector_test.go:84: Expected label ZipCode, got  ([]), file ZipCode.csv:18927 data 55320
    regex_detector_test.go:84: Expected label ZipCode, got  ([]), file ZipCode.csv:18928 data 55321
    regex_detector_test.go:84: Expected label ZipCode, got  ([]), file ZipCode.csv:18929 data 55322
    regex_detector_test.go:84: Expected label ZipCode, got  ([]), file ZipCode.csv:18930 data 55324
    regex_detector_test.go:84: Expected label ZipCode, got  ([]), file ZipCode.csv:18931 data 55325
    regex_detector_test.go:84: Expected label ZipCode, got  ([]), file ZipCode.csv:18932 data 55327
    regex_detector_test.go:84: Expected label ZipCode, got  ([]), file ZipCode.csv:18933 data 55328
    regex_detector_test.go:84: Expected label ZipCode, got  ([]), file ZipCode.csv:18934 data 55329
    regex_detector_test.go:84: Expected label ZipCode, got  ([]), file ZipCode.csv:18935 data 55330
    regex_detector_test.go:84: Expected label ZipCode, got  ([]), file ZipCode.csv:18936 data 55331
    regex_detector_test.go:84: Expected label ZipCode, got  ([]), file ZipCode.csv:18937 data 55332
    regex_detector_test.go:84: Expected label ZipCode, got  ([]), file ZipCode.csv:18938 data 55333
    regex_detector_test.go:84: Expected label ZipCode, got  ([]), file ZipCode.csv:18939 data 55334
    regex_detector_test.go:84: Expected label ZipCode, got  ([]), file ZipCode.csv:18940 data 55335
    regex_detector_test.go:84: Expected label ZipCode, got  ([]), file ZipCode.csv:18941 data 55336
    regex_detector_test.go:84: Expected label ZipCode, got  ([]), file ZipCode.csv:18942 data 55337
    regex_detector_test.go:84: Expected label ZipCode, got  ([]), file ZipCode.csv:18943 data 55338
    regex_detector_test.go:84: Expected label ZipCode, got  ([]), file ZipCode.csv:18944 data 55339
    regex_detector_test.go:84: Expected label ZipCode, got  ([]), file ZipCode.csv:18945 data 55340
    regex_detector_test.go:84: Expected label ZipCode, got  ([]), file ZipCode.csv:18946 data 55341
    regex_detector_test.go:84: Expected label ZipCode, got  ([]), file ZipCode.csv:18947 data 55342
    regex_detector_test.go:84: Expected label ZipCode, got  ([]), file ZipCode.csv:18948 data 55343
    regex_detector_test.go:84: Expected label ZipCode, got  ([]), file ZipCode.csv:18949 data 55344
    regex_detector_test.go:84: Expected label ZipCode, got  ([]), file ZipCode.csv:18950 data 55345
    regex_detector_test.go:84: Expected label ZipCode, got  ([]), file ZipCode.csv:18951 data 55346
    regex_detector_test.go:84: Expected label ZipCode, got  ([]), file ZipCode.csv:18952 data 55347
    regex_detector_test.go:84: Expected label ZipCode, got  ([]), file ZipCode.csv:18953 data 55349
    regex_detector_test.go:84: Expected label ZipCode, got  ([]), file ZipCode.csv:18954 data 55350
    regex_detector_test.go:84: Expected label ZipCode, got  ([]), file ZipCode.csv:18955 data 55352
    regex_detector_test.go:84: Expected label ZipCode, got  ([]), file ZipCode.csv:18956 data 55353
    regex_detector_test.go:84: Expected label ZipCode, got  ([]), file ZipCode.csv:18957 data 55354
    regex_detector_test.go:84: Expected label ZipCode, got  ([]), file ZipCode.csv:18958 data 55355
    regex_detector_test.go:84: Expected label ZipCode, got  ([]), file ZipCode.csv:18959 data 55356
    regex_detector_test.go:84: Expected label ZipCode, got  ([]), file ZipCode.csv:18960 data 55357
    regex_detector_test.go:84: Expected label ZipCode, got  ([]), file ZipCode.csv:18961 data 55358
    regex_detector_test.go:84: Expected label ZipCode, got  ([]), file ZipCode.csv:18962 data 55359
    regex_detector_test.go:84: Expected label ZipCode, got  ([]), file ZipCode.csv:18963 data 55360
    regex_detector_test.go:84: Expected label ZipCode, got  ([]), file ZipCode.csv:18964 data 55362
    regex_detector_test.go:84: Expected label ZipCode, got  ([]), file ZipCode.csv:18965 data 55363
    regex_detector_test.go:84: Expected label ZipCode, got  ([]), file ZipCode.csv:18966 data 55364
    regex_detector_test.go:84: Expected label ZipCode, got  ([]), file ZipCode.csv:18967 data 55366
    regex_detector_test.go:84: Expected label ZipCode, got  ([]), file ZipCode.csv:18968 data 55367
    regex_detector_test.go:84: Expected label ZipCode, got  ([]), file ZipCode.csv:18969 data 55368
    regex_detector_test.go:84: Expected label ZipCode, got  ([]), file ZipCode.csv:18970 data 55369
    regex_detector_test.go:84: Expected label ZipCode, got  ([]), file ZipCode.csv:18971 data 55370
    regex_detector_test.go:84: Expected label ZipCode, got  ([]), file ZipCode.csv:18972 data 55371
    regex_detector_test.go:84: Expected label ZipCode, got  ([]), file ZipCode.csv:18973 data 55372
    regex_detector_test.go:84: Expected label ZipCode, got  ([]), file ZipCode.csv:18974 data 55373
    regex_detector_test.go:84: Expected label ZipCode, got  ([]), file ZipCode.csv:18975 data 55374
    regex_detector_test.go:84: Expected label ZipCode, got  ([]), file ZipCode.csv:18976 data 55375
    regex_detector_test.go:84: Expected label ZipCode, got  ([]), file ZipCode.csv:18977 data 55376
    regex_detector_test.go:84: Expected label ZipCode, got  ([]), file ZipCode.csv:18978 data 55378
    regex_detector_test.go:84: Expected label ZipCode, got  ([]), file ZipCode.csv:18979 data 55379
    regex_detector_test.go:84: Expected label ZipCode, got  ([]), file ZipCode.csv:18980 data 55381
    regex_detector_test.go:84: Expected label ZipCode, got  ([]), file ZipCode.csv:18981 data 55382
    regex_detector_test.go:84: Expected label ZipCode, got  ([]), file ZipCode.csv:18982 data 55384
    regex_detector_test.go:84: Expected label ZipCode, got  ([]), file ZipCode.csv:18983 data 55385
    regex_detector_test.go:84: Expected label ZipCode, got  ([]), file ZipCode.csv:18984 data 55386
    regex_detector_test.go:84: Expected label ZipCode, got  ([]), file ZipCode.csv:18985 data 55387
    regex_detector_test.go:84: Expected label ZipCode, got  ([]), file ZipCode.csv:18986 data 55388
    regex_detector_test.go:84: Expected label ZipCode, got  ([]), file ZipCode.csv:18987 data 55389
    regex_detector_test.go:84: Expected label ZipCode, got  ([]), file ZipCode.csv:18988 data 55390
    regex_detector_test.go:84: Expected label ZipCode, got  ([]), file ZipCode.csv:18989 data 55391
    regex_detector_test.go:84: Expected label ZipCode, got  ([]), file ZipCode.csv:18990 data 55395
    regex_detector_test.go:84: Expected label ZipCode, got  ([]), file ZipCode.csv:18991 data 55396
    regex_detector_test.go:84: Expected label ZipCode, got  ([]), file ZipCode.csv:18992 data 55397
    regex_detector_test.go:84: Expected label ZipCode, got  ([]), file ZipCode.csv:18993 data 55398
    regex_detector_test.go:84: Expected label ZipCode, got  ([]), file ZipCode.csv:18994 data 55401
    regex_detector_test.go:84: Expected label ZipCode, got  ([]), file ZipCode.csv:18995 data 55402
    regex_detector_test.go:84: Expected label ZipCode, got  ([]), file ZipCode.csv:18996 data 55403
    regex_detector_test.go:84: Expected label ZipCode, got  ([]), file ZipCode.csv:18997 data 55404
    regex_detector_test.go:84: Expected label ZipCode, got  ([]), file ZipCode.csv:18998 data 55405
    regex_detector_test.go:84: Expected label ZipCode, got  ([]), file ZipCode.csv:18999 data 55406
    regex_detector_test.go:84: Expected label ZipCode, got  ([]), file ZipCode.csv:19000 data 55407
    regex_detector_test.go:84: Expected label ZipCode, got  ([]), file ZipCode.csv:19001 data 55408
    regex_detector_test.go:84: Expected label ZipCode, got  ([]), file ZipCode.csv:19002 data 55409
    regex_detector_test.go:84: Expected label ZipCode, got  ([]), file ZipCode.csv:19003 data 55410
    regex_detector_test.go:84: Expected label ZipCode, got  ([]), file ZipCode.csv:19004 data 55411
    regex_detector_test.go:84: Expected label ZipCode, got  ([]), file ZipCode.csv:19005 data 55412
    regex_detector_test.go:84: Expected label ZipCode, got  ([]), file ZipCode.csv:19006 data 55413
    regex_detector_test.go:84: Expected label ZipCode, got  ([]), file ZipCode.csv:19007 data 55414
    regex_detector_test.go:84: Expected label ZipCode, got  ([]), file ZipCode.csv:19008 data 55415
    regex_detector_test.go:84: Expected label ZipCode, got  ([]), file ZipCode.csv:19009 data 55416
    regex_detector_test.go:84: Expected label ZipCode, got  ([]), file ZipCode.csv:19010 data 55417
    regex_detector_test.go:84: Expected label ZipCode, got  ([]), file ZipCode.csv:19011 data 55418
    regex_detector_test.go:84: Expected label ZipCode, got  ([]), file ZipCode.csv:19012 data 55419
    regex_detector_test.go:84: Expected label ZipCode, got  ([]), file ZipCode.csv:19013 data 55420
    regex_detector_test.go:84: Expected label ZipCode, got  ([]), file ZipCode.csv:19014 data 55421
    regex_detector_test.go:84: Expected label ZipCode, got  ([]), file ZipCode.csv:19015 data 55422
    regex_detector_test.go:84: Expected label ZipCode, got  ([]), file ZipCode.csv:19016 data 55423
    regex_detector_test.go:84: Expected label ZipCode, got  ([]), file ZipCode.csv:19017 data 55424
    regex_detector_test.go:84: Expected label ZipCode, got  ([]), file ZipCode.csv:19018 data 55425
    regex_detector_test.go:84: Expected label ZipCode, got  ([]), file ZipCode.csv:19019 data 55426
    regex_detector_test.go:84: Expected label ZipCode, got  ([]), file ZipCode.csv:19020 data 55427
    regex_detector_test.go:84: Expected label ZipCode, got  ([]), file ZipCode.csv:19021 data 55428
    regex_detector_test.go:84: Expected label ZipCode, got  ([]), file ZipCode.csv:19022 data 55429
    regex_detector_test.go:84: Expected label ZipCode, got  ([]), file ZipCode.csv:19023 data 55430
    regex_detector_test.go:84: Expected label ZipCode, got  ([]), file ZipCode.csv:19024 data 55431
    regex_detector_test.go:84: Expected label ZipCode, got  ([]), file ZipCode.csv:19025 data 55432
    regex_detector_test.go:84: Expected label ZipCode, got  ([]), file ZipCode.csv:19026 data 55433
    regex_detector_test.go:84: Expected label ZipCode, got  ([]), file ZipCode.csv:19027 data 55434
    regex_detector_test.go:84: Expected label ZipCode, got  ([]), file ZipCode.csv:19028 data 55435
    regex_detector_test.go:84: Expected label ZipCode, got  ([]), file ZipCode.csv:19029 data 55436
    regex_detector_test.go:84: Expected label ZipCode, got  ([]), file ZipCode.csv:19030 data 55437
    regex_detector_test.go:84: Expected label ZipCode, got  ([]), file ZipCode.csv:19031 data 55438
    regex_detector_test.go:84: Expected label ZipCode, got  ([]), file ZipCode.csv:19032 data 55439
    regex_detector_test.go:84: Expected label ZipCode, got  ([]), file ZipCode.csv:19033 data 55441
    regex_detector_test.go:84: Expected label ZipCode, got  ([]), file ZipCode.csv:19034 data 55442
    regex_detector_test.go:84: Expected label ZipCode, got  ([]), file ZipCode.csv:19035 data 55443
    regex_detector_test.go:84: Expected label ZipCode, got  ([]), file ZipCode.csv:19036 data 55444
    regex_detector_test.go:84: Expected label ZipCode, got  ([]), file ZipCode.csv:19037 data 55445
    regex_detector_test.go:84: Expected label ZipCode, got  ([]), file ZipCode.csv:19038 data 55446
    regex_detector_test.go:84: Expected label ZipCode, got  ([]), file ZipCode.csv:19039 data 55447
    regex_detector_test.go:84: Expected label ZipCode, got  ([]), file ZipCode.csv:19040 data 55448
    regex_detector_test.go:84: Expected label ZipCode, got  ([]), file ZipCode.csv:19041 data 55449
    regex_detector_test.go:84: Expected label ZipCode, got  ([]), file ZipCode.csv:19042 data 55450
    regex_detector_test.go:84: Expected label ZipCode, got  ([]), file ZipCode.csv:19043 data 55454
    regex_detector_test.go:84: Expected label ZipCode, got  ([]), file ZipCode.csv:19044 data 55455
    regex_detector_test.go:84: Expected label ZipCode, got  ([]), file ZipCode.csv:19045 data 55601
    regex_detector_test.go:84: Expected label ZipCode, got  ([]), file ZipCode.csv:19046 data 55602
    regex_detector_test.go:84: Expected label ZipCode, got  ([]), file ZipCode.csv:19047 data 55603
    regex_detector_test.go:84: Expected label ZipCode, got  ([]), file ZipCode.csv:19048 data 55604
    regex_detector_test.go:84: Expected label ZipCode, got  ([]), file ZipCode.csv:19049 data 55605
    regex_detector_test.go:84: Expected label ZipCode, got  ([]), file ZipCode.csv:19050 data 55606
    regex_detector_test.go:84: Expected label ZipCode, got  ([]), file ZipCode.csv:19051 data 55607
    regex_detector_test.go:84: Expected label ZipCode, got  ([]), file ZipCode.csv:19052 data 55609
    regex_detector_test.go:84: Expected label ZipCode, got  ([]), file ZipCode.csv:19053 data 55612
    regex_detector_test.go:84: Expected label ZipCode, got  ([]), file ZipCode.csv:19054 data 55613
    regex_detector_test.go:84: Expected label ZipCode, got  ([]), file ZipCode.csv:19055 data 55614
    regex_detector_test.go:84: Expected label ZipCode, got  ([]), file ZipCode.csv:19056 data 55615
    regex_detector_test.go:84: Expected label ZipCode, got  ([]), file ZipCode.csv:19057 data 55616
    regex_detector_test.go:84: Expected label ZipCode, got  ([]), file ZipCode.csv:19058 data 55702
    regex_detector_test.go:84: Expected label ZipCode, got  ([]), file ZipCode.csv:19059 data 55703
    regex_detector_test.go:84: Expected label ZipCode, got  ([]), file ZipCode.csv:19060 data 55704
    regex_detector_test.go:84: Expected label ZipCode, got  ([]), file ZipCode.csv:19061 data 55705
    regex_detector_test.go:84: Expected label ZipCode, got  ([]), file ZipCode.csv:19062 data 55706
    regex_detector_test.go:84: Expected label ZipCode, got  ([]), file ZipCode.csv:19063 data 55707
    regex_detector_test.go:84: Expected label ZipCode, got  ([]), file ZipCode.csv:19064 data 55708
    regex_detector_test.go:84: Expected label ZipCode, got  ([]), file ZipCode.csv:19065 data 55709
    regex_detector_test.go:84: Expected label ZipCode, got  ([]), file ZipCode.csv:19066 data 55710
    regex_detector_test.go:84: Expected label ZipCode, got  ([]), file ZipCode.csv:19067 data 55711
    regex_detector_test.go:84: Expected label ZipCode, got  ([]), file ZipCode.csv:19068 data 55712
    regex_detector_test.go:84: Expected label ZipCode, got  ([]), file ZipCode.csv:19069 data 55713
    regex_detector_test.go:84: Expected label ZipCode, got  ([]), file ZipCode.csv:19070 data 55716
    regex_detector_test.go:84: Expected label ZipCode, got  ([]), file ZipCode.csv:19071 data 55717
    regex_detector_test.go:84: Expected label ZipCode, got  ([]), file ZipCode.csv:19072 data 55718
    regex_detector_test.go:84: Expected label ZipCode, got  ([]), file ZipCode.csv:19073 data 55719
    regex_detector_test.go:84: Expected label ZipCode, got  ([]), file ZipCode.csv:19074 data 55720
    regex_detector_test.go:84: Expected label ZipCode, got  ([]), file ZipCode.csv:19075 data 55721
    regex_detector_test.go:84: Expected label ZipCode, got  ([]), file ZipCode.csv:19076 data 55722
    regex_detector_test.go:84: Expected label ZipCode, got  ([]), file ZipCode.csv:19077 data 55723
    regex_detector_test.go:84: Expected label ZipCode, got  ([]), file ZipCode.csv:19078 data 55724
    regex_detector_test.go:84: Expected label ZipCode, got  ([]), file ZipCode.csv:19079 data 55725
    regex_detector_test.go:84: Expected label ZipCode, got  ([]), file ZipCode.csv:19080 data 55726
    regex_detector_test.go:84: Expected label ZipCode, got  ([]), file ZipCode.csv:19081 data 55731
    regex_detector_test.go:84: Expected label ZipCode, got  ([]), file ZipCode.csv:19082 data 55732
    regex_detector_test.go:84: Expected label ZipCode, got  ([]), file ZipCode.csv:19083 data 55733
    regex_detector_test.go:84: Expected label ZipCode, got  ([]), file ZipCode.csv:19084 data 55734
    regex_detector_test.go:84: Expected label ZipCode, got  ([]), file ZipCode.csv:19085 data 55735
    regex_detector_test.go:84: Expected label ZipCode, got  ([]), file ZipCode.csv:19086 data 55736
    regex_detector_test.go:84: Expected label ZipCode, got  ([]), file ZipCode.csv:19087 data 55738
    regex_detector_test.go:84: Expected label ZipCode, got  ([]), file ZipCode.csv:19088 data 55741
    regex_detector_test.go:84: Expected label ZipCode, got  ([]), file ZipCode.csv:19089 data 55742
    regex_detector_test.go:84: Expected label ZipCode, got  ([]), file ZipCode.csv:19090 data 55744
    regex_detector_test.go:84: Expected label ZipCode, got  ([]), file ZipCode.csv:19091 data 55746
    regex_detector_test.go:84: Expected label ZipCode, got  ([]), file ZipCode.csv:19092 data 55748
    regex_detector_test.go:84: Expected label ZipCode, got  ([]), file ZipCode.csv:19093 data 55749
    regex_detector_test.go:84: Expected label ZipCode, got  ([]), file ZipCode.csv:19094 data 55750
    regex_detector_test.go:84: Expected label ZipCode, got  ([]), file ZipCode.csv:19095 data 55751
    regex_detector_test.go:84: Expected label ZipCode, got  ([]), file ZipCode.csv:19096 data 55752
    regex_detector_test.go:84: Expected label ZipCode, got  ([]), file ZipCode.csv:19097 data 55753
    regex_detector_test.go:84: Expected label ZipCode, got  ([]), file ZipCode.csv:19098 data 55756
    regex_detector_test.go:84: Expected label ZipCode, got  ([]), file ZipCode.csv:19099 data 55757
    regex_detector_test.go:84: Expected label ZipCode, got  ([]), file ZipCode.csv:19100 data 55758
    regex_detector_test.go:84: Expected label ZipCode, got  ([]), file ZipCode.csv:19101 data 55760
    regex_detector_test.go:84: Expected label ZipCode, got  ([]), file ZipCode.csv:19102 data 55763
    regex_detector_test.go:84: Expected label ZipCode, got  ([]), file ZipCode.csv:19103 data 55764
    regex_detector_test.go:84: Expected label ZipCode, got  ([]), file ZipCode.csv:19104 data 55765
    regex_detector_test.go:84: Expected label ZipCode, got  ([]), file ZipCode.csv:19105 data 55767
    regex_detector_test.go:84: Expected label ZipCode, got  ([]), file ZipCode.csv:19106 data 55768
    regex_detector_test.go:84: Expected label ZipCode, got  ([]), file ZipCode.csv:19107 data 55769
    regex_detector_test.go:84: Expected label ZipCode, got  ([]), file ZipCode.csv:19108 data 55771
    regex_detector_test.go:84: Expected label ZipCode, got  ([]), file ZipCode.csv:19109 data 55772
    regex_detector_test.go:84: Expected label ZipCode, got  ([]), file ZipCode.csv:19110 data 55775
    regex_detector_test.go:84: Expected label ZipCode, got  ([]), file ZipCode.csv:19111 data 55779
    regex_detector_test.go:84: Expected label ZipCode, got  ([]), file ZipCode.csv:19112 data 55780
    regex_detector_test.go:84: Expected label ZipCode, got  ([]), file ZipCode.csv:19113 data 55781
    regex_detector_test.go:84: Expected label ZipCode, got  ([]), file ZipCode.csv:19114 data 55782
    regex_detector_test.go:84: Expected label ZipCode, got  ([]), file ZipCode.csv:19115 data 55783
    regex_detector_test.go:84: Expected label ZipCode, got  ([]), file ZipCode.csv:19116 data 55784
    regex_detector_test.go:84: Expected label ZipCode, got  ([]), file ZipCode.csv:19117 data 55785
    regex_detector_test.go:84: Expected label ZipCode, got  ([]), file ZipCode.csv:19118 data 55786
    regex_detector_test.go:84: Expected label ZipCode, got  ([]), file ZipCode.csv:19119 data 55787
    regex_detector_test.go:84: Expected label ZipCode, got  ([]), file ZipCode.csv:19120 data 55790
    regex_detector_test.go:84: Expected label ZipCode, got  ([]), file ZipCode.csv:19121 data 55792
    regex_detector_test.go:84: Expected label ZipCode, got  ([]), file ZipCode.csv:19122 data 55793
    regex_detector_test.go:84: Expected label ZipCode, got  ([]), file ZipCode.csv:19123 data 55795
    regex_detector_test.go:84: Expected label ZipCode, got  ([]), file ZipCode.csv:19124 data 55796
    regex_detector_test.go:84: Expected label ZipCode, got  ([]), file ZipCode.csv:19125 data 55797
    regex_detector_test.go:84: Expected label ZipCode, got  ([]), file ZipCode.csv:19126 data 55798
    regex_detector_test.go:84: Expected label ZipCode, got  ([]), file ZipCode.csv:19127 data 55802
    regex_detector_test.go:84: Expected label ZipCode, got  ([]), file ZipCode.csv:19128 data 55803
    regex_detector_test.go:84: Expected label ZipCode, got  ([]), file ZipCode.csv:19129 data 55804
    regex_detector_test.go:84: Expected label ZipCode, got  ([]), file ZipCode.csv:19130 data 55805
    regex_detector_test.go:84: Expected label ZipCode, got  ([]), file ZipCode.csv:19131 data 55806
    regex_detector_test.go:84: Expected label ZipCode, got  ([]), file ZipCode.csv:19132 data 55807
    regex_detector_test.go:84: Expected label ZipCode, got  ([]), file ZipCode.csv:19133 data 55808
    regex_detector_test.go:84: Expected label ZipCode, got  ([]), file ZipCode.csv:19134 data 55810
    regex_detector_test.go:84: Expected label ZipCode, got  ([]), file ZipCode.csv:19135 data 55811
    regex_detector_test.go:84: Expected label ZipCode, got  ([]), file ZipCode.csv:19136 data 55812
    regex_detector_test.go:84: Expected label ZipCode, got  ([]), file ZipCode.csv:19137 data 55814
    regex_detector_test.go:84: Expected label ZipCode, got  ([]), file ZipCode.csv:19138 data 55901
    regex_detector_test.go:84: Expected label ZipCode, got  ([]), file ZipCode.csv:19139 data 55902
    regex_detector_test.go:84: Expected label ZipCode, got  ([]), file ZipCode.csv:19140 data 55903
    regex_detector_test.go:84: Expected label ZipCode, got  ([]), file ZipCode.csv:19141 data 55904
    regex_detector_test.go:84: Expected label ZipCode, got  ([]), file ZipCode.csv:19142 data 55905
    regex_detector_test.go:84: Expected label ZipCode, got  ([]), file ZipCode.csv:19143 data 55906
    regex_detector_test.go:84: Expected label ZipCode, got  ([]), file ZipCode.csv:19144 data 55909
    regex_detector_test.go:84: Expected label ZipCode, got  ([]), file ZipCode.csv:19145 data 55910
    regex_detector_test.go:84: Expected label ZipCode, got  ([]), file ZipCode.csv:19146 data 55912
    regex_detector_test.go:84: Expected label ZipCode, got  ([]), file ZipCode.csv:19147 data 55917
    regex_detector_test.go:84: Expected label ZipCode, got  ([]), file ZipCode.csv:19148 data 55918
    regex_detector_test.go:84: Expected label ZipCode, got  ([]), file ZipCode.csv:19149 data 55919
    regex_detector_test.go:84: Expected label ZipCode, got  ([]), file ZipCode.csv:19150 data 55920
    regex_detector_test.go:84: Expected label ZipCode, got  ([]), file ZipCode.csv:19151 data 55921
    regex_detector_test.go:84: Expected label ZipCode, got  ([]), file ZipCode.csv:19152 data 55922
    regex_detector_test.go:84: Expected label ZipCode, got  ([]), file ZipCode.csv:19153 data 55923
    regex_detector_test.go:84: Expected label ZipCode, got  ([]), file ZipCode.csv:19154 data 55924
    regex_detector_test.go:84: Expected label ZipCode, got  ([]), file ZipCode.csv:19155 data 55925
    regex_detector_test.go:84: Expected label ZipCode, got  ([]), file ZipCode.csv:19156 data 55926
    regex_detector_test.go:84: Expected label ZipCode, got  ([]), file ZipCode.csv:19157 data 55927
    regex_detector_test.go:84: Expected label ZipCode, got  ([]), file ZipCode.csv:19158 data 55929
    regex_detector_test.go:84: Expected label ZipCode, got  ([]), file ZipCode.csv:19159 data 55931
    regex_detector_test.go:84: Expected label ZipCode, got  ([]), file ZipCode.csv:19160 data 55932
    regex_detector_test.go:84: Expected label ZipCode, got  ([]), file ZipCode.csv:19161 data 55933
    regex_detector_test.go:84: Expected label ZipCode, got  ([]), file ZipCode.csv:19162 data 55934
    regex_detector_test.go:84: Expected label ZipCode, got  ([]), file ZipCode.csv:19163 data 55935
    regex_detector_test.go:84: Expected label ZipCode, got  ([]), file ZipCode.csv:19164 data 55936
    regex_detector_test.go:84: Expected label ZipCode, got  ([]), file ZipCode.csv:19165 data 55939
    regex_detector_test.go:84: Expected label ZipCode, got  ([]), file ZipCode.csv:19166 data 55940
    regex_detector_test.go:84: Expected label ZipCode, got  ([]), file ZipCode.csv:19167 data 55941
    regex_detector_test.go:84: Expected label ZipCode, got  ([]), file ZipCode.csv:19168 data 55943
    regex_detector_test.go:84: Expected label ZipCode, got  ([]), file ZipCode.csv:19169 data 55944
    regex_detector_test.go:84: Expected label ZipCode, got  ([]), file ZipCode.csv:19170 data 55945
    regex_detector_test.go:84: Expected label ZipCode, got  ([]), file ZipCode.csv:19171 data 55946
    regex_detector_test.go:84: Expected label ZipCode, got  ([]), file ZipCode.csv:19172 data 55947
    regex_detector_test.go:84: Expected label ZipCode, got  ([]), file ZipCode.csv:19173 data 55949
    regex_detector_test.go:84: Expected label ZipCode, got  ([]), file ZipCode.csv:19174 data 55950
    regex_detector_test.go:84: Expected label ZipCode, got  ([]), file ZipCode.csv:19175 data 55951
    regex_detector_test.go:84: Expected label ZipCode, got  ([]), file ZipCode.csv:19176 data 55952
    regex_detector_test.go:84: Expected label ZipCode, got  ([]), file ZipCode.csv:19177 data 55953
    regex_detector_test.go:84: Expected label ZipCode, got  ([]), file ZipCode.csv:19178 data 55954
    regex_detector_test.go:84: Expected label ZipCode, got  ([]), file ZipCode.csv:19179 data 55955
    regex_detector_test.go:84: Expected label ZipCode, got  ([]), file ZipCode.csv:19180 data 55956
    regex_detector_test.go:84: Expected label ZipCode, got  ([]), file ZipCode.csv:19181 data 55957
    regex_detector_test.go:84: Expected label ZipCode, got  ([]), file ZipCode.csv:19182 data 55959
    regex_detector_test.go:84: Expected label ZipCode, got  ([]), file ZipCode.csv:19183 data 55960
    regex_detector_test.go:84: Expected label ZipCode, got  ([]), file ZipCode.csv:19184 data 55961
    regex_detector_test.go:84: Expected label ZipCode, got  ([]), file ZipCode.csv:19185 data 55962
    regex_detector_test.go:84: Expected label ZipCode, got  ([]), file ZipCode.csv:19186 data 55963
    regex_detector_test.go:84: Expected label ZipCode, got  ([]), file ZipCode.csv:19187 data 55964
    regex_detector_test.go:84: Expected label ZipCode, got  ([]), file ZipCode.csv:19188 data 55965
    regex_detector_test.go:84: Expected label ZipCode, got  ([]), file ZipCode.csv:19189 data 55967
    regex_detector_test.go:84: Expected label ZipCode, got  ([]), file ZipCode.csv:19190 data 55968
    regex_detector_test.go:84: Expected label ZipCode, got  ([]), file ZipCode.csv:19191 data 55969
    regex_detector_test.go:84: Expected label ZipCode, got  ([]), file ZipCode.csv:19192 data 55970
    regex_detector_test.go:84: Expected label ZipCode, got  ([]), file ZipCode.csv:19193 data 55971
    regex_detector_test.go:84: Expected label ZipCode, got  ([]), file ZipCode.csv:19194 data 55972
    regex_detector_test.go:84: Expected label ZipCode, got  ([]), file ZipCode.csv:19195 data 55973
    regex_detector_test.go:84: Expected label ZipCode, got  ([]), file ZipCode.csv:19196 data 55974
    regex_detector_test.go:84: Expected label ZipCode, got  ([]), file ZipCode.csv:19197 data 55975
    regex_detector_test.go:84: Expected label ZipCode, got  ([]), file ZipCode.csv:19198 data 55976
    regex_detector_test.go:84: Expected label ZipCode, got  ([]), file ZipCode.csv:19199 data 55977
    regex_detector_test.go:84: Expected label ZipCode, got  ([]), file ZipCode.csv:19200 data 55979
    regex_detector_test.go:84: Expected label ZipCode, got  ([]), file ZipCode.csv:19201 data 55981
    regex_detector_test.go:84: Expected label ZipCode, got  ([]), file ZipCode.csv:19202 data 55982
    regex_detector_test.go:84: Expected label ZipCode, got  ([]), file ZipCode.csv:19203 data 55983
    regex_detector_test.go:84: Expected label ZipCode, got  ([]), file ZipCode.csv:19204 data 55985
    regex_detector_test.go:84: Expected label ZipCode, got  ([]), file ZipCode.csv:19205 data 55987
    regex_detector_test.go:84: Expected label ZipCode, got  ([]), file ZipCode.csv:19206 data 55990
    regex_detector_test.go:84: Expected label ZipCode, got  ([]), file ZipCode.csv:19207 data 55991
    regex_detector_test.go:84: Expected label ZipCode, got  ([]), file ZipCode.csv:19208 data 55992
    regex_detector_test.go:84: Expected label ZipCode, got  ([]), file ZipCode.csv:19209 data 56001
    regex_detector_test.go:84: Expected label ZipCode, got  ([]), file ZipCode.csv:19210 data 56003
    regex_detector_test.go:84: Expected label ZipCode, got  ([]), file ZipCode.csv:19211 data 56007
    regex_detector_test.go:84: Expected label ZipCode, got  ([]), file ZipCode.csv:19212 data 56009
    regex_detector_test.go:84: Expected label ZipCode, got  ([]), file ZipCode.csv:19213 data 56010
    regex_detector_test.go:84: Expected label ZipCode, got  ([]), file ZipCode.csv:19214 data 56011
    regex_detector_test.go:84: Expected label ZipCode, got  ([]), file ZipCode.csv:19215 data 56013
    regex_detector_test.go:84: Expected label ZipCode, got  ([]), file ZipCode.csv:19216 data 56014
    regex_detector_test.go:84: Expected label ZipCode, got  ([]), file ZipCode.csv:19217 data 56016
    regex_detector_test.go:84: Expected label ZipCode, got  ([]), file ZipCode.csv:19218 data 56017
    regex_detector_test.go:84: Expected label ZipCode, got  ([]), file ZipCode.csv:19219 data 56019
    regex_detector_test.go:84: Expected label ZipCode, got  ([]), file ZipCode.csv:19220 data 56020
    regex_detector_test.go:84: Expected label ZipCode, got  ([]), file ZipCode.csv:19221 data 56021
    regex_detector_test.go:84: Expected label ZipCode, got  ([]), file ZipCode.csv:19222 data 56022
    regex_detector_test.go:84: Expected label ZipCode, got  ([]), file ZipCode.csv:19223 data 56023
    regex_detector_test.go:84: Expected label ZipCode, got  ([]), file ZipCode.csv:19224 data 56024
    regex_detector_test.go:84: Expected label ZipCode, got  ([]), file ZipCode.csv:19225 data 56025
    regex_detector_test.go:84: Expected label ZipCode, got  ([]), file ZipCode.csv:19226 data 56026
    regex_detector_test.go:84: Expected label ZipCode, got  ([]), file ZipCode.csv:19227 data 56027
    regex_detector_test.go:84: Expected label ZipCode, got  ([]), file ZipCode.csv:19228 data 56028
    regex_detector_test.go:84: Expected label ZipCode, got  ([]), file ZipCode.csv:19229 data 56029
    regex_detector_test.go:84: Expected label ZipCode, got  ([]), file ZipCode.csv:19230 data 56030
    regex_detector_test.go:84: Expected label ZipCode, got  ([]), file ZipCode.csv:19231 data 56031
    regex_detector_test.go:84: Expected label ZipCode, got  ([]), file ZipCode.csv:19232 data 56032
    regex_detector_test.go:84: Expected label ZipCode, got  ([]), file ZipCode.csv:19233 data 56033
    regex_detector_test.go:84: Expected label ZipCode, got  ([]), file ZipCode.csv:19234 data 56034
    regex_detector_test.go:84: Expected label ZipCode, got  ([]), file ZipCode.csv:19235 data 56035
    regex_detector_test.go:84: Expected label ZipCode, got  ([]), file ZipCode.csv:19236 data 56036
    regex_detector_test.go:84: Expected label ZipCode, got  ([]), file ZipCode.csv:19237 data 56037
    regex_detector_test.go:84: Expected label ZipCode, got  ([]), file ZipCode.csv:19238 data 56039
    regex_detector_test.go:84: Expected label ZipCode, got  ([]), file ZipCode.csv:19239 data 56041
    regex_detector_test.go:84: Expected label ZipCode, got  ([]), file ZipCode.csv:19240 data 56042
    regex_detector_test.go:84: Expected label ZipCode, got  ([]), file ZipCode.csv:19241 data 56043
    regex_detector_test.go:84: Expected label ZipCode, got  ([]), file ZipCode.csv:19242 data 56044
    regex_detector_test.go:84: Expected label ZipCode, got  ([]), file ZipCode.csv:19243 data 56045
    regex_detector_test.go:84: Expected label ZipCode, got  ([]), file ZipCode.csv:19244 data 56046
    regex_detector_test.go:84: Expected label ZipCode, got  ([]), file ZipCode.csv:19245 data 56048
    regex_detector_test.go:84: Expected label ZipCode, got  ([]), file ZipCode.csv:19246 data 56050
    regex_detector_test.go:84: Expected label ZipCode, got  ([]), file ZipCode.csv:19247 data 56051
    regex_detector_test.go:84: Expected label ZipCode, got  ([]), file ZipCode.csv:19248 data 56052
    regex_detector_test.go:84: Expected label ZipCode, got  ([]), file ZipCode.csv:19249 data 56054
    regex_detector_test.go:84: Expected label ZipCode, got  ([]), file ZipCode.csv:19250 data 56055
    regex_detector_test.go:84: Expected label ZipCode, got  ([]), file ZipCode.csv:19251 data 56056
    regex_detector_test.go:84: Expected label ZipCode, got  ([]), file ZipCode.csv:19252 data 56057
    regex_detector_test.go:84: Expected label ZipCode, got  ([]), file ZipCode.csv:19253 data 56058
    regex_detector_test.go:84: Expected label ZipCode, got  ([]), file ZipCode.csv:19254 data 56060
    regex_detector_test.go:84: Expected label ZipCode, got  ([]), file ZipCode.csv:19255 data 56062
    regex_detector_test.go:84: Expected label ZipCode, got  ([]), file ZipCode.csv:19256 data 56063
    regex_detector_test.go:84: Expected label ZipCode, got  ([]), file ZipCode.csv:19257 data 56065
    regex_detector_test.go:84: Expected label ZipCode, got  ([]), file ZipCode.csv:19258 data 56068
    regex_detector_test.go:84: Expected label ZipCode, got  ([]), file ZipCode.csv:19259 data 56069
    regex_detector_test.go:84: Expected label ZipCode, got  ([]), file ZipCode.csv:19260 data 56071
    regex_detector_test.go:84: Expected label ZipCode, got  ([]), file ZipCode.csv:19261 data 56072
    regex_detector_test.go:84: Expected label ZipCode, got  ([]), file ZipCode.csv:19262 data 56073
    regex_detector_test.go:84: Expected label ZipCode, got  ([]), file ZipCode.csv:19263 data 56074
    regex_detector_test.go:84: Expected label ZipCode, got  ([]), file ZipCode.csv:19264 data 56075
    regex_detector_test.go:84: Expected label ZipCode, got  ([]), file ZipCode.csv:19265 data 56078
    regex_detector_test.go:84: Expected label ZipCode, got  ([]), file ZipCode.csv:19266 data 56080
    regex_detector_test.go:84: Expected label ZipCode, got  ([]), file ZipCode.csv:19267 data 56081
    regex_detector_test.go:84: Expected label ZipCode, got  ([]), file ZipCode.csv:19268 data 56082
    regex_detector_test.go:84: Expected label ZipCode, got  ([]), file ZipCode.csv:19269 data 56083
    regex_detector_test.go:84: Expected label ZipCode, got  ([]), file ZipCode.csv:19270 data 56085
    regex_detector_test.go:84: Expected label ZipCode, got  ([]), file ZipCode.csv:19271 data 56087
    regex_detector_test.go:84: Expected label ZipCode, got  ([]), file ZipCode.csv:19272 data 56088
    regex_detector_test.go:84: Expected label ZipCode, got  ([]), file ZipCode.csv:19273 data 56089
    regex_detector_test.go:84: Expected label ZipCode, got  ([]), file ZipCode.csv:19274 data 56090
    regex_detector_test.go:84: Expected label ZipCode, got  ([]), file ZipCode.csv:19275 data 56091
    regex_detector_test.go:84: Expected label ZipCode, got  ([]), file ZipCode.csv:19276 data 56093
    regex_detector_test.go:84: Expected label ZipCode, got  ([]), file ZipCode.csv:19277 data 56096
    regex_detector_test.go:84: Expected label ZipCode, got  ([]), file ZipCode.csv:19278 data 56097
    regex_detector_test.go:84: Expected label ZipCode, got  ([]), file ZipCode.csv:19279 data 56098
    regex_detector_test.go:84: Expected label ZipCode, got  ([]), file ZipCode.csv:19280 data 56101
    regex_detector_test.go:84: Expected label ZipCode, got  ([]), file ZipCode.csv:19281 data 56110
    regex_detector_test.go:84: Expected label ZipCode, got  ([]), file ZipCode.csv:19282 data 56111
    regex_detector_test.go:84: Expected label ZipCode, got  ([]), file ZipCode.csv:19283 data 56113
    regex_detector_test.go:84: Expected label ZipCode, got  ([]), file ZipCode.csv:19284 data 56114
    regex_detector_test.go:84: Expected label ZipCode, got  ([]), file ZipCode.csv:19285 data 56115
    regex_detector_test.go:84: Expected label ZipCode, got  ([]), file ZipCode.csv:19286 data 56116
    regex_detector_test.go:84: Expected label ZipCode, got  ([]), file ZipCode.csv:19287 data 56117
    regex_detector_test.go:84: Expected label ZipCode, got  ([]), file ZipCode.csv:19288 data 56118
    regex_detector_test.go:84: Expected label ZipCode, got  ([]), file ZipCode.csv:19289 data 56119
    regex_detector_test.go:84: Expected label ZipCode, got  ([]), file ZipCode.csv:19290 data 56120
    regex_detector_test.go:84: Expected label ZipCode, got  ([]), file ZipCode.csv:19291 data 56121
    regex_detector_test.go:84: Expected label ZipCode, got  ([]), file ZipCode.csv:19292 data 56122
    regex_detector_test.go:84: Expected label ZipCode, got  ([]), file ZipCode.csv:19293 data 56123
    regex_detector_test.go:84: Expected label ZipCode, got  ([]), file ZipCode.csv:19294 data 56125
    regex_detector_test.go:84: Expected label ZipCode, got  ([]), file ZipCode.csv:19295 data 56127
    regex_detector_test.go:84: Expected label ZipCode, got  ([]), file ZipCode.csv:19296 data 56128
    regex_detector_test.go:84: Expected label ZipCode, got  ([]), file ZipCode.csv:19297 data 56129
    regex_detector_test.go:84: Expected label ZipCode, got  ([]), file ZipCode.csv:19298 data 56131
    regex_detector_test.go:84: Expected label ZipCode, got  ([]), file ZipCode.csv:19299 data 56132
    regex_detector_test.go:84: Expected label ZipCode, got  ([]), file ZipCode.csv:19300 data 56134
    regex_detector_test.go:84: Expected label ZipCode, got  ([]), file ZipCode.csv:19301 data 56136
    regex_detector_test.go:84: Expected label ZipCode, got  ([]), file ZipCode.csv:19302 data 56137
    regex_detector_test.go:84: Expected label ZipCode, got  ([]), file ZipCode.csv:19303 data 56138
    regex_detector_test.go:84: Expected label ZipCode, got  ([]), file ZipCode.csv:19304 data 56139
    regex_detector_test.go:84: Expected label ZipCode, got  ([]), file ZipCode.csv:19305 data 56140
    regex_detector_test.go:84: Expected label ZipCode, got  ([]), file ZipCode.csv:19306 data 56141
    regex_detector_test.go:84: Expected label ZipCode, got  ([]), file ZipCode.csv:19307 data 56142
    regex_detector_test.go:84: Expected label ZipCode, got  ([]), file ZipCode.csv:19308 data 56143
    regex_detector_test.go:84: Expected label ZipCode, got  ([]), file ZipCode.csv:19309 data 56144
    regex_detector_test.go:84: Expected label ZipCode, got  ([]), file ZipCode.csv:19310 data 56145
    regex_detector_test.go:84: Expected label ZipCode, got  ([]), file ZipCode.csv:19311 data 56146
    regex_detector_test.go:84: Expected label ZipCode, got  ([]), file ZipCode.csv:19312 data 56147
    regex_detector_test.go:84: Expected label ZipCode, got  ([]), file ZipCode.csv:19313 data 56149
    regex_detector_test.go:84: Expected label ZipCode, got  ([]), file ZipCode.csv:19314 data 56150
    regex_detector_test.go:84: Expected label ZipCode, got  ([]), file ZipCode.csv:19315 data 56151
    regex_detector_test.go:84: Expected label ZipCode, got  ([]), file ZipCode.csv:19316 data 56152
    regex_detector_test.go:84: Expected label ZipCode, got  ([]), file ZipCode.csv:19317 data 56153
    regex_detector_test.go:84: Expected label ZipCode, got  ([]), file ZipCode.csv:19318 data 56155
    regex_detector_test.go:84: Expected label ZipCode, got  ([]), file ZipCode.csv:19319 data 56156
    regex_detector_test.go:84: Expected label ZipCode, got  ([]), file ZipCode.csv:19320 data 56157
    regex_detector_test.go:84: Expected label ZipCode, got  ([]), file ZipCode.csv:19321 data 56158
    regex_detector_test.go:84: Expected label ZipCode, got  ([]), file ZipCode.csv:19322 data 56159
    regex_detector_test.go:84: Expected label ZipCode, got  ([]), file ZipCode.csv:19323 data 56160
    regex_detector_test.go:84: Expected label ZipCode, got  ([]), file ZipCode.csv:19324 data 56161
    regex_detector_test.go:84: Expected label ZipCode, got  ([]), file ZipCode.csv:19325 data 56162
    regex_detector_test.go:84: Expected label ZipCode, got  ([]), file ZipCode.csv:19326 data 56164
    regex_detector_test.go:84: Expected label ZipCode, got  ([]), file ZipCode.csv:19327 data 56165
    regex_detector_test.go:84: Expected label ZipCode, got  ([]), file ZipCode.csv:19328 data 56166
    regex_detector_test.go:84: Expected label ZipCode, got  ([]), file ZipCode.csv:19329 data 56167
    regex_detector_test.go:84: Expected label ZipCode, got  ([]), file ZipCode.csv:19330 data 56168
    regex_detector_test.go:84: Expected label ZipCode, got  ([]), file ZipCode.csv:19331 data 56169
    regex_detector_test.go:84: Expected label ZipCode, got  ([]), file ZipCode.csv:19332 data 56170
    regex_detector_test.go:84: Expected label ZipCode, got  ([]), file ZipCode.csv:19333 data 56171
    regex_detector_test.go:84: Expected label ZipCode, got  ([]), file ZipCode.csv:19334 data 56172
    regex_detector_test.go:84: Expected label ZipCode, got  ([]), file ZipCode.csv:19335 data 56173
    regex_detector_test.go:84: Expected label ZipCode, got  ([]), file ZipCode.csv:19336 data 56174
    regex_detector_test.go:84: Expected label ZipCode, got  ([]), file ZipCode.csv:19337 data 56175
    regex_detector_test.go:84: Expected label ZipCode, got  ([]), file ZipCode.csv:19338 data 56176
    regex_detector_test.go:84: Expected label ZipCode, got  ([]), file ZipCode.csv:19339 data 56178
    regex_detector_test.go:84: Expected label ZipCode, got  ([]), file ZipCode.csv:19340 data 56180
    regex_detector_test.go:84: Expected label ZipCode, got  ([]), file ZipCode.csv:19341 data 56181
    regex_detector_test.go:84: Expected label ZipCode, got  ([]), file ZipCode.csv:19342 data 56183
    regex_detector_test.go:84: Expected label ZipCode, got  ([]), file ZipCode.csv:19343 data 56185
    regex_detector_test.go:84: Expected label ZipCode, got  ([]), file ZipCode.csv:19344 data 56186
    regex_detector_test.go:84: Expected label ZipCode, got  ([]), file ZipCode.csv:19345 data 56187
    regex_detector_test.go:84: Expected label ZipCode, got  ([]), file ZipCode.csv:19346 data 56201
    regex_detector_test.go:84: Expected label ZipCode, got  ([]), file ZipCode.csv:19347 data 56207
    regex_detector_test.go:84: Expected label ZipCode, got  ([]), file ZipCode.csv:19348 data 56208
    regex_detector_test.go:84: Expected label ZipCode, got  ([]), file ZipCode.csv:19349 data 56209
    regex_detector_test.go:84: Expected label ZipCode, got  ([]), file ZipCode.csv:19350 data 56210
    regex_detector_test.go:84: Expected label ZipCode, got  ([]), file ZipCode.csv:19351 data 56211
    regex_detector_test.go:84: Expected label ZipCode, got  ([]), file ZipCode.csv:19352 data 56212
    regex_detector_test.go:84: Expected label ZipCode, got  ([]), file ZipCode.csv:19353 data 56214
    regex_detector_test.go:84: Expected label ZipCode, got  ([]), file ZipCode.csv:19354 data 56215
    regex_detector_test.go:84: Expected label ZipCode, got  ([]), file ZipCode.csv:19355 data 56216
    regex_detector_test.go:84: Expected label ZipCode, got  ([]), file ZipCode.csv:19356 data 56218
    regex_detector_test.go:84: Expected label ZipCode, got  ([]), file ZipCode.csv:19357 data 56219
    regex_detector_test.go:84: Expected label ZipCode, got  ([]), file ZipCode.csv:19358 data 56220
    regex_detector_test.go:84: Expected label ZipCode, got  ([]), file ZipCode.csv:19359 data 56221
    regex_detector_test.go:84: Expected label ZipCode, got  ([]), file ZipCode.csv:19360 data 56222
    regex_detector_test.go:84: Expected label ZipCode, got  ([]), file ZipCode.csv:19361 data 56223
    regex_detector_test.go:84: Expected label ZipCode, got  ([]), file ZipCode.csv:19362 data 56224
    regex_detector_test.go:84: Expected label ZipCode, got  ([]), file ZipCode.csv:19363 data 56225
    regex_detector_test.go:84: Expected label ZipCode, got  ([]), file ZipCode.csv:19364 data 56226
    regex_detector_test.go:84: Expected label ZipCode, got  ([]), file ZipCode.csv:19365 data 56227
    regex_detector_test.go:84: Expected label ZipCode, got  ([]), file ZipCode.csv:19366 data 56228
    regex_detector_test.go:84: Expected label ZipCode, got  ([]), file ZipCode.csv:19367 data 56229
    regex_detector_test.go:84: Expected label ZipCode, got  ([]), file ZipCode.csv:19368 data 56230
    regex_detector_test.go:84: Expected label ZipCode, got  ([]), file ZipCode.csv:19369 data 56231
    regex_detector_test.go:84: Expected label ZipCode, got  ([]), file ZipCode.csv:19370 data 56232
    regex_detector_test.go:84: Expected label ZipCode, got  ([]), file ZipCode.csv:19371 data 56235
    regex_detector_test.go:84: Expected label ZipCode, got  ([]), file ZipCode.csv:19372 data 56236
    regex_detector_test.go:84: Expected label ZipCode, got  ([]), file ZipCode.csv:19373 data 56237
    regex_detector_test.go:84: Expected label ZipCode, got  ([]), file ZipCode.csv:19374 data 56239
    regex_detector_test.go:84: Expected label ZipCode, got  ([]), file ZipCode.csv:19375 data 56240
    regex_detector_test.go:84: Expected label ZipCode, got  ([]), file ZipCode.csv:19376 data 56241
    regex_detector_test.go:84: Expected label ZipCode, got  ([]), file ZipCode.csv:19377 data 56243
    regex_detector_test.go:84: Expected label ZipCode, got  ([]), file ZipCode.csv:19378 data 56244
    regex_detector_test.go:84: Expected label ZipCode, got  ([]), file ZipCode.csv:19379 data 56245
    regex_detector_test.go:84: Expected label ZipCode, got  ([]), file ZipCode.csv:19380 data 56248
    regex_detector_test.go:84: Expected label ZipCode, got  ([]), file ZipCode.csv:19381 data 56249
    regex_detector_test.go:84: Expected label ZipCode, got  ([]), file ZipCode.csv:19382 data 56251
    regex_detector_test.go:84: Expected label ZipCode, got  ([]), file ZipCode.csv:19383 data 56252
    regex_detector_test.go:84: Expected label ZipCode, got  ([]), file ZipCode.csv:19384 data 56253
    regex_detector_test.go:84: Expected label ZipCode, got  ([]), file ZipCode.csv:19385 data 56255
    regex_detector_test.go:84: Expected label ZipCode, got  ([]), file ZipCode.csv:19386 data 56256
    regex_detector_test.go:84: Expected label ZipCode, got  ([]), file ZipCode.csv:19387 data 56257
    regex_detector_test.go:84: Expected label ZipCode, got  ([]), file ZipCode.csv:19388 data 56258
    regex_detector_test.go:84: Expected label ZipCode, got  ([]), file ZipCode.csv:19389 data 56260
    regex_detector_test.go:84: Expected label ZipCode, got  ([]), file ZipCode.csv:19390 data 56262
    regex_detector_test.go:84: Expected label ZipCode, got  ([]), file ZipCode.csv:19391 data 56263
    regex_detector_test.go:84: Expected label ZipCode, got  ([]), file ZipCode.csv:19392 data 56264
    regex_detector_test.go:84: Expected label ZipCode, got  ([]), file ZipCode.csv:19393 data 56265
    regex_detector_test.go:84: Expected label ZipCode, got  ([]), file ZipCode.csv:19394 data 56266
    regex_detector_test.go:84: Expected label ZipCode, got  ([]), file ZipCode.csv:19395 data 56267
    regex_detector_test.go:84: Expected label ZipCode, got  ([]), file ZipCode.csv:19396 data 56270
    regex_detector_test.go:84: Expected label ZipCode, got  ([]), file ZipCode.csv:19397 data 56271
    regex_detector_test.go:84: Expected label ZipCode, got  ([]), file ZipCode.csv:19398 data 56273
    regex_detector_test.go:84: Expected label ZipCode, got  ([]), file ZipCode.csv:19399 data 56274
    regex_detector_test.go:84: Expected label ZipCode, got  ([]), file ZipCode.csv:19400 data 56276
    regex_detector_test.go:84: Expected label ZipCode, got  ([]), file ZipCode.csv:19401 data 56277
    regex_detector_test.go:84: Expected label ZipCode, got  ([]), file ZipCode.csv:19402 data 56278
    regex_detector_test.go:84: Expected label ZipCode, got  ([]), file ZipCode.csv:19403 data 56279
    regex_detector_test.go:84: Expected label ZipCode, got  ([]), file ZipCode.csv:19404 data 56280
    regex_detector_test.go:84: Expected label ZipCode, got  ([]), file ZipCode.csv:19405 data 56281
    regex_detector_test.go:84: Expected label ZipCode, got  ([]), file ZipCode.csv:19406 data 56282
    regex_detector_test.go:84: Expected label ZipCode, got  ([]), file ZipCode.csv:19407 data 56283
    regex_detector_test.go:84: Expected label ZipCode, got  ([]), file ZipCode.csv:19408 data 56284
    regex_detector_test.go:84: Expected label ZipCode, got  ([]), file ZipCode.csv:19409 data 56285
    regex_detector_test.go:84: Expected label ZipCode, got  ([]), file ZipCode.csv:19410 data 56287
    regex_detector_test.go:84: Expected label ZipCode, got  ([]), file ZipCode.csv:19411 data 56288
    regex_detector_test.go:84: Expected label ZipCode, got  ([]), file ZipCode.csv:19412 data 56289
    regex_detector_test.go:84: Expected label ZipCode, got  ([]), file ZipCode.csv:19413 data 56291
    regex_detector_test.go:84: Expected label ZipCode, got  ([]), file ZipCode.csv:19414 data 56292
    regex_detector_test.go:84: Expected label ZipCode, got  ([]), file ZipCode.csv:19415 data 56293
    regex_detector_test.go:84: Expected label ZipCode, got  ([]), file ZipCode.csv:19416 data 56294
    regex_detector_test.go:84: Expected label ZipCode, got  ([]), file ZipCode.csv:19417 data 56295
    regex_detector_test.go:84: Expected label ZipCode, got  ([]), file ZipCode.csv:19418 data 56296
    regex_detector_test.go:84: Expected label ZipCode, got  ([]), file ZipCode.csv:19419 data 56297
    regex_detector_test.go:84: Expected label ZipCode, got  ([]), file ZipCode.csv:19420 data 56301
    regex_detector_test.go:84: Expected label ZipCode, got  ([]), file ZipCode.csv:19421 data 56303
    regex_detector_test.go:84: Expected label ZipCode, got  ([]), file ZipCode.csv:19422 data 56304
    regex_detector_test.go:84: Expected label ZipCode, got  ([]), file ZipCode.csv:19423 data 56307
    regex_detector_test.go:84: Expected label ZipCode, got  ([]), file ZipCode.csv:19424 data 56308
    regex_detector_test.go:84: Expected label ZipCode, got  ([]), file ZipCode.csv:19425 data 56309
    regex_detector_test.go:84: Expected label ZipCode, got  ([]), file ZipCode.csv:19426 data 56310
    regex_detector_test.go:84: Expected label ZipCode, got  ([]), file ZipCode.csv:19427 data 56311
    regex_detector_test.go:84: Expected label ZipCode, got  ([]), file ZipCode.csv:19428 data 56312
    regex_detector_test.go:84: Expected label ZipCode, got  ([]), file ZipCode.csv:19429 data 56313
    regex_detector_test.go:84: Expected label ZipCode, got  ([]), file ZipCode.csv:19430 data 56314
    regex_detector_test.go:84: Expected label ZipCode, got  ([]), file ZipCode.csv:19431 data 56315
    regex_detector_test.go:84: Expected label ZipCode, got  ([]), file ZipCode.csv:19432 data 56316
    regex_detector_test.go:84: Expected label ZipCode, got  ([]), file ZipCode.csv:19433 data 56318
    regex_detector_test.go:84: Expected label ZipCode, got  ([]), file ZipCode.csv:19434 data 56319
    regex_detector_test.go:84: Expected label ZipCode, got  ([]), file ZipCode.csv:19435 data 56320
    regex_detector_test.go:84: Expected label ZipCode, got  ([]), file ZipCode.csv:19436 data 56321
    regex_detector_test.go:84: Expected label ZipCode, got  ([]), file ZipCode.csv:19437 data 56323
    regex_detector_test.go:84: Expected label ZipCode, got  ([]), file ZipCode.csv:19438 data 56324
    regex_detector_test.go:84: Expected label ZipCode, got  ([]), file ZipCode.csv:19439 data 56325
    regex_detector_test.go:84: Expected label ZipCode, got  ([]), file ZipCode.csv:19440 data 56326
    regex_detector_test.go:84: Expected label ZipCode, got  ([]), file ZipCode.csv:19441 data 56327
    regex_detector_test.go:84: Expected label ZipCode, got  ([]), file ZipCode.csv:19442 data 56328
    regex_detector_test.go:84: Expected label ZipCode, got  ([]), file ZipCode.csv:19443 data 56329
    regex_detector_test.go:84: Expected label ZipCode, got  ([]), file ZipCode.csv:19444 data 56330
    regex_detector_test.go:84: Expected label ZipCode, got  ([]), file ZipCode.csv:19445 data 56331
    regex_detector_test.go:84: Expected label ZipCode, got  ([]), file ZipCode.csv:19446 data 56332
    regex_detector_test.go:84: Expected label ZipCode, got  ([]), file ZipCode.csv:19447 data 56334
    regex_detector_test.go:84: Expected label ZipCode, got  ([]), file ZipCode.csv:19448 data 56335
    regex_detector_test.go:84: Expected label ZipCode, got  ([]), file ZipCode.csv:19449 data 56336
    regex_detector_test.go:84: Expected label ZipCode, got  ([]), file ZipCode.csv:19450 data 56338
    regex_detector_test.go:84: Expected label ZipCode, got  ([]), file ZipCode.csv:19451 data 56339
    regex_detector_test.go:84: Expected label ZipCode, got  ([]), file ZipCode.csv:19452 data 56340
    regex_detector_test.go:84: Expected label ZipCode, got  ([]), file ZipCode.csv:19453 data 56342
    regex_detector_test.go:84: Expected label ZipCode, got  ([]), file ZipCode.csv:19454 data 56343
    regex_detector_test.go:84: Expected label ZipCode, got  ([]), file ZipCode.csv:19455 data 56345
    regex_detector_test.go:84: Expected label ZipCode, got  ([]), file ZipCode.csv:19456 data 56347
    regex_detector_test.go:84: Expected label ZipCode, got  ([]), file ZipCode.csv:19457 data 56349
    regex_detector_test.go:84: Expected label ZipCode, got  ([]), file ZipCode.csv:19458 data 56350
    regex_detector_test.go:84: Expected label ZipCode, got  ([]), file ZipCode.csv:19459 data 56352
    regex_detector_test.go:84: Expected label ZipCode, got  ([]), file ZipCode.csv:19460 data 56353
    regex_detector_test.go:84: Expected label ZipCode, got  ([]), file ZipCode.csv:19461 data 56354
    regex_detector_test.go:84: Expected label ZipCode, got  ([]), file ZipCode.csv:19462 data 56355
    regex_detector_test.go:84: Expected label ZipCode, got  ([]), file ZipCode.csv:19463 data 56356
    regex_detector_test.go:84: Expected label ZipCode, got  ([]), file ZipCode.csv:19464 data 56357
    regex_detector_test.go:84: Expected label ZipCode, got  ([]), file ZipCode.csv:19465 data 56358
    regex_detector_test.go:84: Expected label ZipCode, got  ([]), file ZipCode.csv:19466 data 56359
    regex_detector_test.go:84: Expected label ZipCode, got  ([]), file ZipCode.csv:19467 data 56360
    regex_detector_test.go:84: Expected label ZipCode, got  ([]), file ZipCode.csv:19468 data 56361
    regex_detector_test.go:84: Expected label ZipCode, got  ([]), file ZipCode.csv:19469 data 56362
    regex_detector_test.go:84: Expected label ZipCode, got  ([]), file ZipCode.csv:19470 data 56363
    regex_detector_test.go:84: Expected label ZipCode, got  ([]), file ZipCode.csv:19471 data 56364
    regex_detector_test.go:84: Expected label ZipCode, got  ([]), file ZipCode.csv:19472 data 56367
    regex_detector_test.go:84: Expected label ZipCode, got  ([]), file ZipCode.csv:19473 data 56368
    regex_detector_test.go:84: Expected label ZipCode, got  ([]), file ZipCode.csv:19474 data 56369
    regex_detector_test.go:84: Expected label ZipCode, got  ([]), file ZipCode.csv:19475 data 56371
    regex_detector_test.go:84: Expected label ZipCode, got  ([]), file ZipCode.csv:19476 data 56373
    regex_detector_test.go:84: Expected label ZipCode, got  ([]), file ZipCode.csv:19477 data 56374
    regex_detector_test.go:84: Expected label ZipCode, got  ([]), file ZipCode.csv:19478 data 56375
    regex_detector_test.go:84: Expected label ZipCode, got  ([]), file ZipCode.csv:19479 data 56376
    regex_detector_test.go:84: Expected label ZipCode, got  ([]), file ZipCode.csv:19480 data 56377
    regex_detector_test.go:84: Expected label ZipCode, got  ([]), file ZipCode.csv:19481 data 56378
    regex_detector_test.go:84: Expected label ZipCode, got  ([]), file ZipCode.csv:19482 data 56379
    regex_detector_test.go:84: Expected label ZipCode, got  ([]), file ZipCode.csv:19483 data 56381
    regex_detector_test.go:84: Expected label ZipCode, got  ([]), file ZipCode.csv:19484 data 56382
    regex_detector_test.go:84: Expected label ZipCode, got  ([]), file ZipCode.csv:19485 data 56384
    regex_detector_test.go:84: Expected label ZipCode, got  ([]), file ZipCode.csv:19486 data 56385
    regex_detector_test.go:84: Expected label ZipCode, got  ([]), file ZipCode.csv:19487 data 56386
    regex_detector_test.go:84: Expected label ZipCode, got  ([]), file ZipCode.csv:19488 data 56387
    regex_detector_test.go:84: Expected label ZipCode, got  ([]), file ZipCode.csv:19489 data 56389
    regex_detector_test.go:84: Expected label ZipCode, got  ([]), file ZipCode.csv:19490 data 56401
    regex_detector_test.go:84: Expected label ZipCode, got  ([]), file ZipCode.csv:19491 data 56425
    regex_detector_test.go:84: Expected label ZipCode, got  ([]), file ZipCode.csv:19492 data 56431
    regex_detector_test.go:84: Expected label ZipCode, got  ([]), file ZipCode.csv:19493 data 56433
    regex_detector_test.go:84: Expected label ZipCode, got  ([]), file ZipCode.csv:19494 data 56434
    regex_detector_test.go:84: Expected label ZipCode, got  ([]), file ZipCode.csv:19495 data 56435
    regex_detector_test.go:84: Expected label ZipCode, got  ([]), file ZipCode.csv:19496 data 56437
    regex_detector_test.go:84: Expected label ZipCode, got  ([]), file ZipCode.csv:19497 data 56438
    regex_detector_test.go:84: Expected label ZipCode, got  ([]), file ZipCode.csv:19498 data 56440
    regex_detector_test.go:84: Expected label ZipCode, got  ([]), file ZipCode.csv:19499 data 56441
    regex_detector_test.go:84: Expected label ZipCode, got  ([]), file ZipCode.csv:19500 data 56442
    regex_detector_test.go:84: Expected label ZipCode, got  ([]), file ZipCode.csv:19501 data 56443
    regex_detector_test.go:84: Expected label ZipCode, got  ([]), file ZipCode.csv:19502 data 56444
    regex_detector_test.go:84: Expected label ZipCode, got  ([]), file ZipCode.csv:19503 data 56446
    regex_detector_test.go:84: Expected label ZipCode, got  ([]), file ZipCode.csv:19504 data 56447
    regex_detector_test.go:84: Expected label ZipCode, got  ([]), file ZipCode.csv:19505 data 56448
    regex_detector_test.go:84: Expected label ZipCode, got  ([]), file ZipCode.csv:19506 data 56449
    regex_detector_test.go:84: Expected label ZipCode, got  ([]), file ZipCode.csv:19507 data 56450
    regex_detector_test.go:84: Expected label ZipCode, got  ([]), file ZipCode.csv:19508 data 56452
    regex_detector_test.go:84: Expected label ZipCode, got  ([]), file ZipCode.csv:19509 data 56453
    regex_detector_test.go:84: Expected label ZipCode, got  ([]), file ZipCode.csv:19510 data 56455
    regex_detector_test.go:84: Expected label ZipCode, got  ([]), file ZipCode.csv:19511 data 56458
    regex_detector_test.go:84: Expected label ZipCode, got  ([]), file ZipCode.csv:19512 data 56461
    regex_detector_test.go:84: Expected label ZipCode, got  ([]), file ZipCode.csv:19513 data 56464
    regex_detector_test.go:84: Expected label ZipCode, got  ([]), file ZipCode.csv:19514 data 56465
    regex_detector_test.go:84: Expected label ZipCode, got  ([]), file ZipCode.csv:19515 data 56466
    regex_detector_test.go:84: Expected label ZipCode, got  ([]), file ZipCode.csv:19516 data 56467
    regex_detector_test.go:84: Expected label ZipCode, got  ([]), file ZipCode.csv:19517 data 56468
    regex_detector_test.go:84: Expected label ZipCode, got  ([]), file ZipCode.csv:19518 data 56469
    regex_detector_test.go:84: Expected label ZipCode, got  ([]), file ZipCode.csv:19519 data 56470
    regex_detector_test.go:84: Expected label ZipCode, got  ([]), file ZipCode.csv:19520 data 56472
    regex_detector_test.go:84: Expected label ZipCode, got  ([]), file ZipCode.csv:19521 data 56473
    regex_detector_test.go:84: Expected label ZipCode, got  ([]), file ZipCode.csv:19522 data 56474
    regex_detector_test.go:84: Expected label ZipCode, got  ([]), file ZipCode.csv:19523 data 56475
    regex_detector_test.go:84: Expected label ZipCode, got  ([]), file ZipCode.csv:19524 data 56477
    regex_detector_test.go:84: Expected label ZipCode, got  ([]), file ZipCode.csv:19525 data 56479
    regex_detector_test.go:84: Expected label ZipCode, got  ([]), file ZipCode.csv:19526 data 56481
    regex_detector_test.go:84: Expected label ZipCode, got  ([]), file ZipCode.csv:19527 data 56482
    regex_detector_test.go:84: Expected label ZipCode, got  ([]), file ZipCode.csv:19528 data 56484
    regex_detector_test.go:84: Expected label ZipCode, got  ([]), file ZipCode.csv:19529 data 56501
    regex_detector_test.go:84: Expected label ZipCode, got  ([]), file ZipCode.csv:19530 data 56510
    regex_detector_test.go:84: Expected label ZipCode, got  ([]), file ZipCode.csv:19531 data 56511
    regex_detector_test.go:84: Expected label ZipCode, got  ([]), file ZipCode.csv:19532 data 56514
    regex_detector_test.go:84: Expected label ZipCode, got  ([]), file ZipCode.csv:19533 data 56515
    regex_detector_test.go:84: Expected label ZipCode, got  ([]), file ZipCode.csv:19534 data 56516
    regex_detector_test.go:84: Expected label ZipCode, got  ([]), file ZipCode.csv:19535 data 56517
    regex_detector_test.go:84: Expected label ZipCode, got  ([]), file ZipCode.csv:19536 data 56518
    regex_detector_test.go:84: Expected label ZipCode, got  ([]), file ZipCode.csv:19537 data 56519
    regex_detector_test.go:84: Expected label ZipCode, got  ([]), file ZipCode.csv:19538 data 56520
    regex_detector_test.go:84: Expected label ZipCode, got  ([]), file ZipCode.csv:19539 data 56521
    regex_detector_test.go:84: Expected label ZipCode, got  ([]), file ZipCode.csv:19540 data 56522
    regex_detector_test.go:84: Expected label ZipCode, got  ([]), file ZipCode.csv:19541 data 56523
    regex_detector_test.go:84: Expected label ZipCode, got  ([]), file ZipCode.csv:19542 data 56524
    regex_detector_test.go:84: Expected label ZipCode, got  ([]), file ZipCode.csv:19543 data 56525
    regex_detector_test.go:84: Expected label ZipCode, got  ([]), file ZipCode.csv:19544 data 56527
    regex_detector_test.go:84: Expected label ZipCode, got  ([]), file ZipCode.csv:19545 data 56528
    regex_detector_test.go:84: Expected label ZipCode, got  ([]), file ZipCode.csv:19546 data 56529
    regex_detector_test.go:84: Expected label ZipCode, got  ([]), file ZipCode.csv:19547 data 56531
    regex_detector_test.go:84: Expected label ZipCode, got  ([]), file ZipCode.csv:19548 data 56533
    regex_detector_test.go:84: Expected label ZipCode, got  ([]), file ZipCode.csv:19549 data 56534
    regex_detector_test.go:84: Expected label ZipCode, got  ([]), file ZipCode.csv:19550 data 56535
    regex_detector_test.go:84: Expected label ZipCode, got  ([]), file ZipCode.csv:19551 data 56536
    regex_detector_test.go:84: Expected label ZipCode, got  ([]), file ZipCode.csv:19552 data 56537
    regex_detector_test.go:84: Expected label ZipCode, got  ([]), file ZipCode.csv:19553 data 56540
    regex_detector_test.go:84: Expected label ZipCode, got  ([]), file ZipCode.csv:19554 data 56541
    regex_detector_test.go:84: Expected label ZipCode, got  ([]), file ZipCode.csv:19555 data 56542
    regex_detector_test.go:84: Expected label ZipCode, got  ([]), file ZipCode.csv:19556 data 56543
    regex_detector_test.go:84: Expected label ZipCode, got  ([]), file ZipCode.csv:19557 data 56544
    regex_detector_test.go:84: Expected label ZipCode, got  ([]), file ZipCode.csv:19558 data 56545
    regex_detector_test.go:84: Expected label ZipCode, got  ([]), file ZipCode.csv:19559 data 56546
    regex_detector_test.go:84: Expected label ZipCode, got  ([]), file ZipCode.csv:19560 data 56547
    regex_detector_test.go:84: Expected label ZipCode, got  ([]), file ZipCode.csv:19561 data 56548
    regex_detector_test.go:84: Expected label ZipCode, got  ([]), file ZipCode.csv:19562 data 56549
    regex_detector_test.go:84: Expected label ZipCode, got  ([]), file ZipCode.csv:19563 data 56550
    regex_detector_test.go:84: Expected label ZipCode, got  ([]), file ZipCode.csv:19564 data 56551
    regex_detector_test.go:84: Expected label ZipCode, got  ([]), file ZipCode.csv:19565 data 56552
    regex_detector_test.go:84: Expected label ZipCode, got  ([]), file ZipCode.csv:19566 data 56553
    regex_detector_test.go:84: Expected label ZipCode, got  ([]), file ZipCode.csv:19567 data 56554
    regex_detector_test.go:84: Expected label ZipCode, got  ([]), file ZipCode.csv:19568 data 56556
    regex_detector_test.go:84: Expected label ZipCode, got  ([]), file ZipCode.csv:19569 data 56557
    regex_detector_test.go:84: Expected label ZipCode, got  ([]), file ZipCode.csv:19570 data 56560
    regex_detector_test.go:84: Expected label ZipCode, got  ([]), file ZipCode.csv:19571 data 56562
    regex_detector_test.go:84: Expected label ZipCode, got  ([]), file ZipCode.csv:19572 data 56563
    regex_detector_test.go:84: Expected label ZipCode, got  ([]), file ZipCode.csv:19573 data 56565
    regex_detector_test.go:84: Expected label ZipCode, got  ([]), file ZipCode.csv:19574 data 56566
    regex_detector_test.go:84: Expected label ZipCode, got  ([]), file ZipCode.csv:19575 data 56567
    regex_detector_test.go:84: Expected label ZipCode, got  ([]), file ZipCode.csv:19576 data 56568
    regex_detector_test.go:84: Expected label ZipCode, got  ([]), file ZipCode.csv:19577 data 56569
    regex_detector_test.go:84: Expected label ZipCode, got  ([]), file ZipCode.csv:19578 data 56570
    regex_detector_test.go:84: Expected label ZipCode, got  ([]), file ZipCode.csv:19579 data 56571
    regex_detector_test.go:84: Expected label ZipCode, got  ([]), file ZipCode.csv:19580 data 56572
    regex_detector_test.go:84: Expected label ZipCode, got  ([]), file ZipCode.csv:19581 data 56573
    regex_detector_test.go:84: Expected label ZipCode, got  ([]), file ZipCode.csv:19582 data 56574
    regex_detector_test.go:84: Expected label ZipCode, got  ([]), file ZipCode.csv:19583 data 56575
    regex_detector_test.go:84: Expected label ZipCode, got  ([]), file ZipCode.csv:19584 data 56576
    regex_detector_test.go:84: Expected label ZipCode, got  ([]), file ZipCode.csv:19585 data 56578
    regex_detector_test.go:84: Expected label ZipCode, got  ([]), file ZipCode.csv:19586 data 56579
    regex_detector_test.go:84: Expected label ZipCode, got  ([]), file ZipCode.csv:19587 data 56580
    regex_detector_test.go:84: Expected label ZipCode, got  ([]), file ZipCode.csv:19588 data 56581
    regex_detector_test.go:84: Expected label ZipCode, got  ([]), file ZipCode.csv:19589 data 56583
    regex_detector_test.go:84: Expected label ZipCode, got  ([]), file ZipCode.csv:19590 data 56584
    regex_detector_test.go:84: Expected label ZipCode, got  ([]), file ZipCode.csv:19591 data 56585
    regex_detector_test.go:84: Expected label ZipCode, got  ([]), file ZipCode.csv:19592 data 56586
    regex_detector_test.go:84: Expected label ZipCode, got  ([]), file ZipCode.csv:19593 data 56587
    regex_detector_test.go:84: Expected label ZipCode, got  ([]), file ZipCode.csv:19594 data 56588
    regex_detector_test.go:84: Expected label ZipCode, got  ([]), file ZipCode.csv:19595 data 56589
    regex_detector_test.go:84: Expected label ZipCode, got  ([]), file ZipCode.csv:19596 data 56590
    regex_detector_test.go:84: Expected label ZipCode, got  ([]), file ZipCode.csv:19597 data 56591
    regex_detector_test.go:84: Expected label ZipCode, got  ([]), file ZipCode.csv:19598 data 56592
    regex_detector_test.go:84: Expected label ZipCode, got  ([]), file ZipCode.csv:19599 data 56594
    regex_detector_test.go:84: Expected label ZipCode, got  ([]), file ZipCode.csv:19600 data 56601
    regex_detector_test.go:84: Expected label ZipCode, got  ([]), file ZipCode.csv:19601 data 56621
    regex_detector_test.go:84: Expected label ZipCode, got  ([]), file ZipCode.csv:19602 data 56623
    regex_detector_test.go:84: Expected label ZipCode, got  ([]), file ZipCode.csv:19603 data 56626
    regex_detector_test.go:84: Expected label ZipCode, got  ([]), file ZipCode.csv:19604 data 56627
    regex_detector_test.go:84: Expected label ZipCode, got  ([]), file ZipCode.csv:19605 data 56628
    regex_detector_test.go:84: Expected label ZipCode, got  ([]), file ZipCode.csv:19606 data 56629
    regex_detector_test.go:84: Expected label ZipCode, got  ([]), file ZipCode.csv:19607 data 56630
    regex_detector_test.go:84: Expected label ZipCode, got  ([]), file ZipCode.csv:19608 data 56633
    regex_detector_test.go:84: Expected label ZipCode, got  ([]), file ZipCode.csv:19609 data 56634
    regex_detector_test.go:84: Expected label ZipCode, got  ([]), file ZipCode.csv:19610 data 56636
    regex_detector_test.go:84: Expected label ZipCode, got  ([]), file ZipCode.csv:19611 data 56637
    regex_detector_test.go:84: Expected label ZipCode, got  ([]), file ZipCode.csv:19612 data 56639
    regex_detector_test.go:84: Expected label ZipCode, got  ([]), file ZipCode.csv:19613 data 56641
    regex_detector_test.go:84: Expected label ZipCode, got  ([]), file ZipCode.csv:19614 data 56644
    regex_detector_test.go:84: Expected label ZipCode, got  ([]), file ZipCode.csv:19615 data 56646
    regex_detector_test.go:84: Expected label ZipCode, got  ([]), file ZipCode.csv:19616 data 56647
    regex_detector_test.go:84: Expected label ZipCode, got  ([]), file ZipCode.csv:19617 data 56649
    regex_detector_test.go:84: Expected label ZipCode, got  ([]), file ZipCode.csv:19618 data 56650
    regex_detector_test.go:84: Expected label ZipCode, got  ([]), file ZipCode.csv:19619 data 56651
    regex_detector_test.go:84: Expected label ZipCode, got  ([]), file ZipCode.csv:19620 data 56652
    regex_detector_test.go:84: Expected label ZipCode, got  ([]), file ZipCode.csv:19621 data 56653
    regex_detector_test.go:84: Expected label ZipCode, got  ([]), file ZipCode.csv:19622 data 56654
    regex_detector_test.go:84: Expected label ZipCode, got  ([]), file ZipCode.csv:19623 data 56655
    regex_detector_test.go:84: Expected label ZipCode, got  ([]), file ZipCode.csv:19624 data 56657
    regex_detector_test.go:84: Expected label ZipCode, got  ([]), file ZipCode.csv:19625 data 56658
    regex_detector_test.go:84: Expected label ZipCode, got  ([]), file ZipCode.csv:19626 data 56659
    regex_detector_test.go:84: Expected label ZipCode, got  ([]), file ZipCode.csv:19627 data 56660
    regex_detector_test.go:84: Expected label ZipCode, got  ([]), file ZipCode.csv:19628 data 56661
    regex_detector_test.go:84: Expected label ZipCode, got  ([]), file ZipCode.csv:19629 data 56662
    regex_detector_test.go:84: Expected label ZipCode, got  ([]), file ZipCode.csv:19630 data 56663
    regex_detector_test.go:84: Expected label ZipCode, got  ([]), file ZipCode.csv:19631 data 56666
    regex_detector_test.go:84: Expected label ZipCode, got  ([]), file ZipCode.csv:19632 data 56667
    regex_detector_test.go:84: Expected label ZipCode, got  ([]), file ZipCode.csv:19633 data 56668
    regex_detector_test.go:84: Expected label ZipCode, got  ([]), file ZipCode.csv:19634 data 56669
    regex_detector_test.go:84: Expected label ZipCode, got  ([]), file ZipCode.csv:19635 data 56670
    regex_detector_test.go:84: Expected label ZipCode, got  ([]), file ZipCode.csv:19636 data 56671
    regex_detector_test.go:84: Expected label ZipCode, got  ([]), file ZipCode.csv:19637 data 56672
    regex_detector_test.go:84: Expected label ZipCode, got  ([]), file ZipCode.csv:19638 data 56673
    regex_detector_test.go:84: Expected label ZipCode, got  ([]), file ZipCode.csv:19639 data 56676
    regex_detector_test.go:84: Expected label ZipCode, got  ([]), file ZipCode.csv:19640 data 56678
    regex_detector_test.go:84: Expected label ZipCode, got  ([]), file ZipCode.csv:19641 data 56680
    regex_detector_test.go:84: Expected label ZipCode, got  ([]), file ZipCode.csv:19642 data 56681
    regex_detector_test.go:84: Expected label ZipCode, got  ([]), file ZipCode.csv:19643 data 56683
    regex_detector_test.go:84: Expected label ZipCode, got  ([]), file ZipCode.csv:19644 data 56684
    regex_detector_test.go:84: Expected label ZipCode, got  ([]), file ZipCode.csv:19645 data 56685
    regex_detector_test.go:84: Expected label ZipCode, got  ([]), file ZipCode.csv:19646 data 56686
    regex_detector_test.go:84: Expected label ZipCode, got  ([]), file ZipCode.csv:19647 data 56688
    regex_detector_test.go:84: Expected label ZipCode, got  ([]), file ZipCode.csv:19648 data 56701
    regex_detector_test.go:84: Expected label ZipCode, got  ([]), file ZipCode.csv:19649 data 56710
    regex_detector_test.go:84: Expected label ZipCode, got  ([]), file ZipCode.csv:19650 data 56711
    regex_detector_test.go:84: Expected label ZipCode, got  ([]), file ZipCode.csv:19651 data 56713
    regex_detector_test.go:84: Expected label ZipCode, got  ([]), file ZipCode.csv:19652 data 56714
    regex_detector_test.go:84: Expected label ZipCode, got  ([]), file ZipCode.csv:19653 data 56715
    regex_detector_test.go:84: Expected label ZipCode, got  ([]), file ZipCode.csv:19654 data 56716
    regex_detector_test.go:84: Expected label ZipCode, got  ([]), file ZipCode.csv:19655 data 56720
    regex_detector_test.go:84: Expected label ZipCode, got  ([]), file ZipCode.csv:19656 data 56721
    regex_detector_test.go:84: Expected label ZipCode, got  ([]), file ZipCode.csv:19657 data 56722
    regex_detector_test.go:84: Expected label ZipCode, got  ([]), file ZipCode.csv:19658 data 56723
    regex_detector_test.go:84: Expected label ZipCode, got  ([]), file ZipCode.csv:19659 data 56724
    regex_detector_test.go:84: Expected label ZipCode, got  ([]), file ZipCode.csv:19660 data 56725
    regex_detector_test.go:84: Expected label ZipCode, got  ([]), file ZipCode.csv:19661 data 56726
    regex_detector_test.go:84: Expected label ZipCode, got  ([]), file ZipCode.csv:19662 data 56727
    regex_detector_test.go:84: Expected label ZipCode, got  ([]), file ZipCode.csv:19663 data 56728
    regex_detector_test.go:84: Expected label ZipCode, got  ([]), file ZipCode.csv:19664 data 56729
    regex_detector_test.go:84: Expected label ZipCode, got  ([]), file ZipCode.csv:19665 data 56731
    regex_detector_test.go:84: Expected label ZipCode, got  ([]), file ZipCode.csv:19666 data 56732
    regex_detector_test.go:84: Expected label ZipCode, got  ([]), file ZipCode.csv:19667 data 56733
    regex_detector_test.go:84: Expected label ZipCode, got  ([]), file ZipCode.csv:19668 data 56734
    regex_detector_test.go:84: Expected label ZipCode, got  ([]), file ZipCode.csv:19669 data 56735
    regex_detector_test.go:84: Expected label ZipCode, got  ([]), file ZipCode.csv:19670 data 56736
    regex_detector_test.go:84: Expected label ZipCode, got  ([]), file ZipCode.csv:19671 data 56737
    regex_detector_test.go:84: Expected label ZipCode, got  ([]), file ZipCode.csv:19672 data 56738
    regex_detector_test.go:84: Expected label ZipCode, got  ([]), file ZipCode.csv:19673 data 56742
    regex_detector_test.go:84: Expected label ZipCode, got  ([]), file ZipCode.csv:19674 data 56744
    regex_detector_test.go:84: Expected label ZipCode, got  ([]), file ZipCode.csv:19675 data 56748
    regex_detector_test.go:84: Expected label ZipCode, got  ([]), file ZipCode.csv:19676 data 56750
    regex_detector_test.go:84: Expected label ZipCode, got  ([]), file ZipCode.csv:19677 data 56751
    regex_detector_test.go:84: Expected label ZipCode, got  ([]), file ZipCode.csv:19678 data 56754
    regex_detector_test.go:84: Expected label ZipCode, got  ([]), file ZipCode.csv:19679 data 56755
    regex_detector_test.go:84: Expected label ZipCode, got  ([]), file ZipCode.csv:19680 data 56756
    regex_detector_test.go:84: Expected label ZipCode, got  ([]), file ZipCode.csv:19681 data 56757
    regex_detector_test.go:84: Expected label ZipCode, got  ([]), file ZipCode.csv:19682 data 56758
    regex_detector_test.go:84: Expected label ZipCode, got  ([]), file ZipCode.csv:19683 data 56759
    regex_detector_test.go:84: Expected label ZipCode, got  ([]), file ZipCode.csv:19684 data 56760
    regex_detector_test.go:84: Expected label ZipCode, got  ([]), file ZipCode.csv:19685 data 56761
    regex_detector_test.go:84: Expected label ZipCode, got  ([]), file ZipCode.csv:19686 data 56762
    regex_detector_test.go:84: Expected label ZipCode, got  ([]), file ZipCode.csv:19687 data 56763
    regex_detector_test.go:84: Expected label ZipCode, got  ([]), file ZipCode.csv:19688 data 57001
    regex_detector_test.go:84: Expected label ZipCode, got  ([]), file ZipCode.csv:19689 data 57002
    regex_detector_test.go:84: Expected label ZipCode, got  ([]), file ZipCode.csv:19690 data 57003
    regex_detector_test.go:84: Expected label ZipCode, got  ([]), file ZipCode.csv:19691 data 57004
    regex_detector_test.go:84: Expected label ZipCode, got  ([]), file ZipCode.csv:19692 data 57005
    regex_detector_test.go:84: Expected label ZipCode, got  ([]), file ZipCode.csv:19693 data 57006
    regex_detector_test.go:84: Expected label ZipCode, got  ([]), file ZipCode.csv:19694 data 57007
    regex_detector_test.go:84: Expected label ZipCode, got  ([]), file ZipCode.csv:19695 data 57010
    regex_detector_test.go:84: Expected label ZipCode, got  ([]), file ZipCode.csv:19696 data 57012
    regex_detector_test.go:84: Expected label ZipCode, got  ([]), file ZipCode.csv:19697 data 57013
    regex_detector_test.go:84: Expected label ZipCode, got  ([]), file ZipCode.csv:19698 data 57014
    regex_detector_test.go:84: Expected label ZipCode, got  ([]), file ZipCode.csv:19699 data 57015
    regex_detector_test.go:84: Expected label ZipCode, got  ([]), file ZipCode.csv:19700 data 57016
    regex_detector_test.go:84: Expected label ZipCode, got  ([]), file ZipCode.csv:19701 data 57017
    regex_detector_test.go:84: Expected label ZipCode, got  ([]), file ZipCode.csv:19702 data 57018
    regex_detector_test.go:84: Expected label ZipCode, got  ([]), file ZipCode.csv:19703 data 57020
    regex_detector_test.go:84: Expected label ZipCode, got  ([]), file ZipCode.csv:19704 data 57021
    regex_detector_test.go:84: Expected label ZipCode, got  ([]), file ZipCode.csv:19705 data 57022
    regex_detector_test.go:84: Expected label ZipCode, got  ([]), file ZipCode.csv:19706 data 57024
    regex_detector_test.go:84: Expected label ZipCode, got  ([]), file ZipCode.csv:19707 data 57025
    regex_detector_test.go:84: Expected label ZipCode, got  ([]), file ZipCode.csv:19708 data 57026
    regex_detector_test.go:84: Expected label ZipCode, got  ([]), file ZipCode.csv:19709 data 57027
    regex_detector_test.go:84: Expected label ZipCode, got  ([]), file ZipCode.csv:19710 data 57028
    regex_detector_test.go:84: Expected label ZipCode, got  ([]), file ZipCode.csv:19711 data 57029
    regex_detector_test.go:84: Expected label ZipCode, got  ([]), file ZipCode.csv:19712 data 57030
    regex_detector_test.go:84: Expected label ZipCode, got  ([]), file ZipCode.csv:19713 data 57031
    regex_detector_test.go:84: Expected label ZipCode, got  ([]), file ZipCode.csv:19714 data 57032
    regex_detector_test.go:84: Expected label ZipCode, got  ([]), file ZipCode.csv:19715 data 57033
    regex_detector_test.go:84: Expected label ZipCode, got  ([]), file ZipCode.csv:19716 data 57034
    regex_detector_test.go:84: Expected label ZipCode, got  ([]), file ZipCode.csv:19717 data 57035
    regex_detector_test.go:84: Expected label ZipCode, got  ([]), file ZipCode.csv:19718 data 57036
    regex_detector_test.go:84: Expected label ZipCode, got  ([]), file ZipCode.csv:19719 data 57037
    regex_detector_test.go:84: Expected label ZipCode, got  ([]), file ZipCode.csv:19720 data 57038
    regex_detector_test.go:84: Expected label ZipCode, got  ([]), file ZipCode.csv:19721 data 57039
    regex_detector_test.go:84: Expected label ZipCode, got  ([]), file ZipCode.csv:19722 data 57040
    regex_detector_test.go:84: Expected label ZipCode, got  ([]), file ZipCode.csv:19723 data 57041
    regex_detector_test.go:84: Expected label ZipCode, got  ([]), file ZipCode.csv:19724 data 57042
    regex_detector_test.go:84: Expected label ZipCode, got  ([]), file ZipCode.csv:19725 data 57043
    regex_detector_test.go:84: Expected label ZipCode, got  ([]), file ZipCode.csv:19726 data 57045
    regex_detector_test.go:84: Expected label ZipCode, got  ([]), file ZipCode.csv:19727 data 57046
    regex_detector_test.go:84: Expected label ZipCode, got  ([]), file ZipCode.csv:19728 data 57047
    regex_detector_test.go:84: Expected label ZipCode, got  ([]), file ZipCode.csv:19729 data 57048
    regex_detector_test.go:84: Expected label ZipCode, got  ([]), file ZipCode.csv:19730 data 57049
    regex_detector_test.go:84: Expected label ZipCode, got  ([]), file ZipCode.csv:19731 data 57050
    regex_detector_test.go:84: Expected label ZipCode, got  ([]), file ZipCode.csv:19732 data 57051
    regex_detector_test.go:84: Expected label ZipCode, got  ([]), file ZipCode.csv:19733 data 57052
    regex_detector_test.go:84: Expected label ZipCode, got  ([]), file ZipCode.csv:19734 data 57053
    regex_detector_test.go:84: Expected label ZipCode, got  ([]), file ZipCode.csv:19735 data 57054
    regex_detector_test.go:84: Expected label ZipCode, got  ([]), file ZipCode.csv:19736 data 57055
    regex_detector_test.go:84: Expected label ZipCode, got  ([]), file ZipCode.csv:19737 data 57057
    regex_detector_test.go:84: Expected label ZipCode, got  ([]), file ZipCode.csv:19738 data 57058
    regex_detector_test.go:84: Expected label ZipCode, got  ([]), file ZipCode.csv:19739 data 57059
    regex_detector_test.go:84: Expected label ZipCode, got  ([]), file ZipCode.csv:19740 data 57061
    regex_detector_test.go:84: Expected label ZipCode, got  ([]), file ZipCode.csv:19741 data 57062
    regex_detector_test.go:84: Expected label ZipCode, got  ([]), file ZipCode.csv:19742 data 57063
    regex_detector_test.go:84: Expected label ZipCode, got  ([]), file ZipCode.csv:19743 data 57064
    regex_detector_test.go:84: Expected label ZipCode, got  ([]), file ZipCode.csv:19744 data 57065
    regex_detector_test.go:84: Expected label ZipCode, got  ([]), file ZipCode.csv:19745 data 57066
    regex_detector_test.go:84: Expected label ZipCode, got  ([]), file ZipCode.csv:19746 data 57067
    regex_detector_test.go:84: Expected label ZipCode, got  ([]), file ZipCode.csv:19747 data 57068
    regex_detector_test.go:84: Expected label ZipCode, got  ([]), file ZipCode.csv:19748 data 57069
    regex_detector_test.go:84: Expected label ZipCode, got  ([]), file ZipCode.csv:19749 data 57070
    regex_detector_test.go:84: Expected label ZipCode, got  ([]), file ZipCode.csv:19750 data 57071
    regex_detector_test.go:84: Expected label ZipCode, got  ([]), file ZipCode.csv:19751 data 57072
    regex_detector_test.go:84: Expected label ZipCode, got  ([]), file ZipCode.csv:19752 data 57073
    regex_detector_test.go:84: Expected label ZipCode, got  ([]), file ZipCode.csv:19753 data 57075
    regex_detector_test.go:84: Expected label ZipCode, got  ([]), file ZipCode.csv:19754 data 57076
    regex_detector_test.go:84: Expected label ZipCode, got  ([]), file ZipCode.csv:19755 data 57077
    regex_detector_test.go:84: Expected label ZipCode, got  ([]), file ZipCode.csv:19756 data 57078
    regex_detector_test.go:84: Expected label ZipCode, got  ([]), file ZipCode.csv:19757 data 57103
    regex_detector_test.go:84: Expected label ZipCode, got  ([]), file ZipCode.csv:19758 data 57104
    regex_detector_test.go:84: Expected label ZipCode, got  ([]), file ZipCode.csv:19759 data 57105
    regex_detector_test.go:84: Expected label ZipCode, got  ([]), file ZipCode.csv:19760 data 57106
    regex_detector_test.go:84: Expected label ZipCode, got  ([]), file ZipCode.csv:19761 data 57107
    regex_detector_test.go:84: Expected label ZipCode, got  ([]), file ZipCode.csv:19762 data 57108
    regex_detector_test.go:84: Expected label ZipCode, got  ([]), file ZipCode.csv:19763 data 57110
    regex_detector_test.go:84: Expected label ZipCode, got  ([]), file ZipCode.csv:19764 data 57117
    regex_detector_test.go:84: Expected label ZipCode, got  ([]), file ZipCode.csv:19765 data 57197
    regex_detector_test.go:84: Expected label ZipCode, got  ([]), file ZipCode.csv:19766 data 57201
    regex_detector_test.go:84: Expected label ZipCode, got  ([]), file ZipCode.csv:19767 data 57212
    regex_detector_test.go:84: Expected label ZipCode, got  ([]), file ZipCode.csv:19768 data 57213
    regex_detector_test.go:84: Expected label ZipCode, got  ([]), file ZipCode.csv:19769 data 57214
    regex_detector_test.go:84: Expected label ZipCode, got  ([]), file ZipCode.csv:19770 data 57216
    regex_detector_test.go:84: Expected label ZipCode, got  ([]), file ZipCode.csv:19771 data 57217
    regex_detector_test.go:84: Expected label ZipCode, got  ([]), file ZipCode.csv:19772 data 57218
    regex_detector_test.go:84: Expected label ZipCode, got  ([]), file ZipCode.csv:19773 data 57219
    regex_detector_test.go:84: Expected label ZipCode, got  ([]), file ZipCode.csv:19774 data 57220
    regex_detector_test.go:84: Expected label ZipCode, got  ([]), file ZipCode.csv:19775 data 57221
    regex_detector_test.go:84: Expected label ZipCode, got  ([]), file ZipCode.csv:19776 data 57223
    regex_detector_test.go:84: Expected label ZipCode, got  ([]), file ZipCode.csv:19777 data 57224
    regex_detector_test.go:84: Expected label ZipCode, got  ([]), file ZipCode.csv:19778 data 57225
    regex_detector_test.go:84: Expected label ZipCode, got  ([]), file ZipCode.csv:19779 data 57226
    regex_detector_test.go:84: Expected label ZipCode, got  ([]), file ZipCode.csv:19780 data 57227
    regex_detector_test.go:84: Expected label ZipCode, got  ([]), file ZipCode.csv:19781 data 57231
    regex_detector_test.go:84: Expected label ZipCode, got  ([]), file ZipCode.csv:19782 data 57232
    regex_detector_test.go:84: Expected label ZipCode, got  ([]), file ZipCode.csv:19783 data 57233
    regex_detector_test.go:84: Expected label ZipCode, got  ([]), file ZipCode.csv:19784 data 57234
    regex_detector_test.go:84: Expected label ZipCode, got  ([]), file ZipCode.csv:19785 data 57235
    regex_detector_test.go:84: Expected label ZipCode, got  ([]), file ZipCode.csv:19786 data 57236
    regex_detector_test.go:84: Expected label ZipCode, got  ([]), file ZipCode.csv:19787 data 57237
    regex_detector_test.go:84: Expected label ZipCode, got  ([]), file ZipCode.csv:19788 data 57238
    regex_detector_test.go:84: Expected label ZipCode, got  ([]), file ZipCode.csv:19789 data 57239
    regex_detector_test.go:84: Expected label ZipCode, got  ([]), file ZipCode.csv:19790 data 57241
    regex_detector_test.go:84: Expected label ZipCode, got  ([]), file ZipCode.csv:19791 data 57242
    regex_detector_test.go:84: Expected label ZipCode, got  ([]), file ZipCode.csv:19792 data 57243
    regex_detector_test.go:84: Expected label ZipCode, got  ([]), file ZipCode.csv:19793 data 57245
    regex_detector_test.go:84: Expected label ZipCode, got  ([]), file ZipCode.csv:19794 data 57246
    regex_detector_test.go:84: Expected label ZipCode, got  ([]), file ZipCode.csv:19795 data 57247
    regex_detector_test.go:84: Expected label ZipCode, got  ([]), file ZipCode.csv:19796 data 57248
    regex_detector_test.go:84: Expected label ZipCode, got  ([]), file ZipCode.csv:19797 data 57249
    regex_detector_test.go:84: Expected label ZipCode, got  ([]), file ZipCode.csv:19798 data 57251
    regex_detector_test.go:84: Expected label ZipCode, got  ([]), file ZipCode.csv:19799 data 57252
    regex_detector_test.go:84: Expected label ZipCode, got  ([]), file ZipCode.csv:19800 data 57255
    regex_detector_test.go:84: Expected label ZipCode, got  ([]), file ZipCode.csv:19801 data 57256
    regex_detector_test.go:84: Expected label ZipCode, got  ([]), file ZipCode.csv:19802 data 57257
    regex_detector_test.go:84: Expected label ZipCode, got  ([]), file ZipCode.csv:19803 data 57258
    regex_detector_test.go:84: Expected label ZipCode, got  ([]), file ZipCode.csv:19804 data 57259
    regex_detector_test.go:84: Expected label ZipCode, got  ([]), file ZipCode.csv:19805 data 57260
    regex_detector_test.go:84: Expected label ZipCode, got  ([]), file ZipCode.csv:19806 data 57261
    regex_detector_test.go:84: Expected label ZipCode, got  ([]), file ZipCode.csv:19807 data 57262
    regex_detector_test.go:84: Expected label ZipCode, got  ([]), file ZipCode.csv:19808 data 57263
    regex_detector_test.go:84: Expected label ZipCode, got  ([]), file ZipCode.csv:19809 data 57264
    regex_detector_test.go:84: Expected label ZipCode, got  ([]), file ZipCode.csv:19810 data 57265
    regex_detector_test.go:84: Expected label ZipCode, got  ([]), file ZipCode.csv:19811 data 57266
    regex_detector_test.go:84: Expected label ZipCode, got  ([]), file ZipCode.csv:19812 data 57268
    regex_detector_test.go:84: Expected label ZipCode, got  ([]), file ZipCode.csv:19813 data 57269
    regex_detector_test.go:84: Expected label ZipCode, got  ([]), file ZipCode.csv:19814 data 57270
    regex_detector_test.go:84: Expected label ZipCode, got  ([]), file ZipCode.csv:19815 data 57271
    regex_detector_test.go:84: Expected label ZipCode, got  ([]), file ZipCode.csv:19816 data 57272
    regex_detector_test.go:84: Expected label ZipCode, got  ([]), file ZipCode.csv:19817 data 57273
    regex_detector_test.go:84: Expected label ZipCode, got  ([]), file ZipCode.csv:19818 data 57274
    regex_detector_test.go:84: Expected label ZipCode, got  ([]), file ZipCode.csv:19819 data 57276
    regex_detector_test.go:84: Expected label ZipCode, got  ([]), file ZipCode.csv:19820 data 57278
    regex_detector_test.go:84: Expected label ZipCode, got  ([]), file ZipCode.csv:19821 data 57279
    regex_detector_test.go:84: Expected label ZipCode, got  ([]), file ZipCode.csv:19822 data 57301
    regex_detector_test.go:84: Expected label ZipCode, got  ([]), file ZipCode.csv:19823 data 57311
    regex_detector_test.go:84: Expected label ZipCode, got  ([]), file ZipCode.csv:19824 data 57312
    regex_detector_test.go:84: Expected label ZipCode, got  ([]), file ZipCode.csv:19825 data 57313
    regex_detector_test.go:84: Expected label ZipCode, got  ([]), file ZipCode.csv:19826 data 57314
    regex_detector_test.go:84: Expected label ZipCode, got  ([]), file ZipCode.csv:19827 data 57315
    regex_detector_test.go:84: Expected label ZipCode, got  ([]), file ZipCode.csv:19828 data 57317
    regex_detector_test.go:84: Expected label ZipCode, got  ([]), file ZipCode.csv:19829 data 57319
    regex_detector_test.go:84: Expected label ZipCode, got  ([]), file ZipCode.csv:19830 data 57321
    regex_detector_test.go:84: Expected label ZipCode, got  ([]), file ZipCode.csv:19831 data 57322
    regex_detector_test.go:84: Expected label ZipCode, got  ([]), file ZipCode.csv:19832 data 57323
    regex_detector_test.go:84: Expected label ZipCode, got  ([]), file ZipCode.csv:19833 data 57324
    regex_detector_test.go:84: Expected label ZipCode, got  ([]), file ZipCode.csv:19834 data 57325
    regex_detector_test.go:84: Expected label ZipCode, got  ([]), file ZipCode.csv:19835 data 57328
    regex_detector_test.go:84: Expected label ZipCode, got  ([]), file ZipCode.csv:19836 data 57329
    regex_detector_test.go:84: Expected label ZipCode, got  ([]), file ZipCode.csv:19837 data 57330
    regex_detector_test.go:84: Expected label ZipCode, got  ([]), file ZipCode.csv:19838 data 57331
    regex_detector_test.go:84: Expected label ZipCode, got  ([]), file ZipCode.csv:19839 data 57332
    regex_detector_test.go:84: Expected label ZipCode, got  ([]), file ZipCode.csv:19840 data 57334
    regex_detector_test.go:84: Expected label ZipCode, got  ([]), file ZipCode.csv:19841 data 57335
    regex_detector_test.go:84: Expected label ZipCode, got  ([]), file ZipCode.csv:19842 data 57337
    regex_detector_test.go:84: Expected label ZipCode, got  ([]), file ZipCode.csv:19843 data 57339
    regex_detector_test.go:84: Expected label ZipCode, got  ([]), file ZipCode.csv:19844 data 57340
    regex_detector_test.go:84: Expected label ZipCode, got  ([]), file ZipCode.csv:19845 data 57341
    regex_detector_test.go:84: Expected label ZipCode, got  ([]), file ZipCode.csv:19846 data 57342
    regex_detector_test.go:84: Expected label ZipCode, got  ([]), file ZipCode.csv:19847 data 57344
    regex_detector_test.go:84: Expected label ZipCode, got  ([]), file ZipCode.csv:19848 data 57345
    regex_detector_test.go:84: Expected label ZipCode, got  ([]), file ZipCode.csv:19849 data 57346
    regex_detector_test.go:84: Expected label ZipCode, got  ([]), file ZipCode.csv:19850 data 57348
    regex_detector_test.go:84: Expected label ZipCode, got  ([]), file ZipCode.csv:19851 data 57349
    regex_detector_test.go:84: Expected label ZipCode, got  ([]), file ZipCode.csv:19852 data 57350
    regex_detector_test.go:84: Expected label ZipCode, got  ([]), file ZipCode.csv:19853 data 57353
    regex_detector_test.go:84: Expected label ZipCode, got  ([]), file ZipCode.csv:19854 data 57354
    regex_detector_test.go:84: Expected label ZipCode, got  ([]), file ZipCode.csv:19855 data 57355
    regex_detector_test.go:84: Expected label ZipCode, got  ([]), file ZipCode.csv:19856 data 57356
    regex_detector_test.go:84: Expected label ZipCode, got  ([]), file ZipCode.csv:19857 data 57358
    regex_detector_test.go:84: Expected label ZipCode, got  ([]), file ZipCode.csv:19858 data 57359
    regex_detector_test.go:84: Expected label ZipCode, got  ([]), file ZipCode.csv:19859 data 57361
    regex_detector_test.go:84: Expected label ZipCode, got  ([]), file ZipCode.csv:19860 data 57362
    regex_detector_test.go:84: Expected label ZipCode, got  ([]), file ZipCode.csv:19861 data 57363
    regex_detector_test.go:84: Expected label ZipCode, got  ([]), file ZipCode.csv:19862 data 57364
    regex_detector_test.go:84: Expected label ZipCode, got  ([]), file ZipCode.csv:19863 data 57365
    regex_detector_test.go:84: Expected label ZipCode, got  ([]), file ZipCode.csv:19864 data 57366
    regex_detector_test.go:84: Expected label ZipCode, got  ([]), file ZipCode.csv:19865 data 57367
    regex_detector_test.go:84: Expected label ZipCode, got  ([]), file ZipCode.csv:19866 data 57368
    regex_detector_test.go:84: Expected label ZipCode, got  ([]), file ZipCode.csv:19867 data 57369
    regex_detector_test.go:84: Expected label ZipCode, got  ([]), file ZipCode.csv:19868 data 57370
    regex_detector_test.go:84: Expected label ZipCode, got  ([]), file ZipCode.csv:19869 data 57371
    regex_detector_test.go:84: Expected label ZipCode, got  ([]), file ZipCode.csv:19870 data 57373
    regex_detector_test.go:84: Expected label ZipCode, got  ([]), file ZipCode.csv:19871 data 57374
    regex_detector_test.go:84: Expected label ZipCode, got  ([]), file ZipCode.csv:19872 data 57375
    regex_detector_test.go:84: Expected label ZipCode, got  ([]), file ZipCode.csv:19873 data 57376
    regex_detector_test.go:84: Expected label ZipCode, got  ([]), file ZipCode.csv:19874 data 57379
    regex_detector_test.go:84: Expected label ZipCode, got  ([]), file ZipCode.csv:19875 data 57380
    regex_detector_test.go:84: Expected label ZipCode, got  ([]), file ZipCode.csv:19876 data 57381
    regex_detector_test.go:84: Expected label ZipCode, got  ([]), file ZipCode.csv:19877 data 57382
    regex_detector_test.go:84: Expected label ZipCode, got  ([]), file ZipCode.csv:19878 data 57383
    regex_detector_test.go:84: Expected label ZipCode, got  ([]), file ZipCode.csv:19879 data 57384
    regex_detector_test.go:84: Expected label ZipCode, got  ([]), file ZipCode.csv:19880 data 57385
    regex_detector_test.go:84: Expected label ZipCode, got  ([]), file ZipCode.csv:19881 data 57386
    regex_detector_test.go:84: Expected label ZipCode, got  ([]), file ZipCode.csv:19882 data 57401
    regex_detector_test.go:84: Expected label ZipCode, got  ([]), file ZipCode.csv:19883 data 57420
    regex_detector_test.go:84: Expected label ZipCode, got  ([]), file ZipCode.csv:19884 data 57421
    regex_detector_test.go:84: Expected label ZipCode, got  ([]), file ZipCode.csv:19885 data 57422
    regex_detector_test.go:84: Expected label ZipCode, got  ([]), file ZipCode.csv:19886 data 57424
    regex_detector_test.go:84: Expected label ZipCode, got  ([]), file ZipCode.csv:19887 data 57426
    regex_detector_test.go:84: Expected label ZipCode, got  ([]), file ZipCode.csv:19888 data 57427
    regex_detector_test.go:84: Expected label ZipCode, got  ([]), file ZipCode.csv:19889 data 57428
    regex_detector_test.go:84: Expected label ZipCode, got  ([]), file ZipCode.csv:19890 data 57429
    regex_detector_test.go:84: Expected label ZipCode, got  ([]), file ZipCode.csv:19891 data 57430
    regex_detector_test.go:84: Expected label ZipCode, got  ([]), file ZipCode.csv:19892 data 57432
    regex_detector_test.go:84: Expected label ZipCode, got  ([]), file ZipCode.csv:19893 data 57433
    regex_detector_test.go:84: Expected label ZipCode, got  ([]), file ZipCode.csv:19894 data 57434
    regex_detector_test.go:84: Expected label ZipCode, got  ([]), file ZipCode.csv:19895 data 57435
    regex_detector_test.go:84: Expected label ZipCode, got  ([]), file ZipCode.csv:19896 data 57436
    regex_detector_test.go:84: Expected label ZipCode, got  ([]), file ZipCode.csv:19897 data 57437
    regex_detector_test.go:84: Expected label ZipCode, got  ([]), file ZipCode.csv:19898 data 57438
    regex_detector_test.go:84: Expected label ZipCode, got  ([]), file ZipCode.csv:19899 data 57439
    regex_detector_test.go:84: Expected label ZipCode, got  ([]), file ZipCode.csv:19900 data 57440
    regex_detector_test.go:84: Expected label ZipCode, got  ([]), file ZipCode.csv:19901 data 57441
    regex_detector_test.go:84: Expected label ZipCode, got  ([]), file ZipCode.csv:19902 data 57442
    regex_detector_test.go:84: Expected label ZipCode, got  ([]), file ZipCode.csv:19903 data 57445
    regex_detector_test.go:84: Expected label ZipCode, got  ([]), file ZipCode.csv:19904 data 57446
    regex_detector_test.go:84: Expected label ZipCode, got  ([]), file ZipCode.csv:19905 data 57448
    regex_detector_test.go:84: Expected label ZipCode, got  ([]), file ZipCode.csv:19906 data 57449
    regex_detector_test.go:84: Expected label ZipCode, got  ([]), file ZipCode.csv:19907 data 57450
    regex_detector_test.go:84: Expected label ZipCode, got  ([]), file ZipCode.csv:19908 data 57451
    regex_detector_test.go:84: Expected label ZipCode, got  ([]), file ZipCode.csv:19909 data 57452
    regex_detector_test.go:84: Expected label ZipCode, got  ([]), file ZipCode.csv:19910 data 57454
    regex_detector_test.go:84: Expected label ZipCode, got  ([]), file ZipCode.csv:19911 data 57455
    regex_detector_test.go:84: Expected label ZipCode, got  ([]), file ZipCode.csv:19912 data 57456
    regex_detector_test.go:84: Expected label ZipCode, got  ([]), file ZipCode.csv:19913 data 57457
    regex_detector_test.go:84: Expected label ZipCode, got  ([]), file ZipCode.csv:19914 data 57460
    regex_detector_test.go:84: Expected label ZipCode, got  ([]), file ZipCode.csv:19915 data 57461
    regex_detector_test.go:84: Expected label ZipCode, got  ([]), file ZipCode.csv:19916 data 57465
    regex_detector_test.go:84: Expected label ZipCode, got  ([]), file ZipCode.csv:19917 data 57466
    regex_detector_test.go:84: Expected label ZipCode, got  ([]), file ZipCode.csv:19918 data 57467
    regex_detector_test.go:84: Expected label ZipCode, got  ([]), file ZipCode.csv:19919 data 57468
    regex_detector_test.go:84: Expected label ZipCode, got  ([]), file ZipCode.csv:19920 data 57469
    regex_detector_test.go:84: Expected label ZipCode, got  ([]), file ZipCode.csv:19921 data 57470
    regex_detector_test.go:84: Expected label ZipCode, got  ([]), file ZipCode.csv:19922 data 57471
    regex_detector_test.go:84: Expected label ZipCode, got  ([]), file ZipCode.csv:19923 data 57472
    regex_detector_test.go:84: Expected label ZipCode, got  ([]), file ZipCode.csv:19924 data 57473
    regex_detector_test.go:84: Expected label ZipCode, got  ([]), file ZipCode.csv:19925 data 57474
    regex_detector_test.go:84: Expected label ZipCode, got  ([]), file ZipCode.csv:19926 data 57475
    regex_detector_test.go:84: Expected label ZipCode, got  ([]), file ZipCode.csv:19927 data 57476
    regex_detector_test.go:84: Expected label ZipCode, got  ([]), file ZipCode.csv:19928 data 57477
    regex_detector_test.go:84: Expected label ZipCode, got  ([]), file ZipCode.csv:19929 data 57479
    regex_detector_test.go:84: Expected label ZipCode, got  ([]), file ZipCode.csv:19930 data 57481
    regex_detector_test.go:84: Expected label ZipCode, got  ([]), file ZipCode.csv:19931 data 57501
    regex_detector_test.go:84: Expected label ZipCode, got  ([]), file ZipCode.csv:19932 data 57520
    regex_detector_test.go:84: Expected label ZipCode, got  ([]), file ZipCode.csv:19933 data 57521
    regex_detector_test.go:84: Expected label ZipCode, got  ([]), file ZipCode.csv:19934 data 57522
    regex_detector_test.go:84: Expected label ZipCode, got  ([]), file ZipCode.csv:19935 data 57523
    regex_detector_test.go:84: Expected label ZipCode, got  ([]), file ZipCode.csv:19936 data 57528
    regex_detector_test.go:84: Expected label ZipCode, got  ([]), file ZipCode.csv:19937 data 57529
    regex_detector_test.go:84: Expected label ZipCode, got  ([]), file ZipCode.csv:19938 data 57531
    regex_detector_test.go:84: Expected label ZipCode, got  ([]), file ZipCode.csv:19939 data 57532
    regex_detector_test.go:84: Expected label ZipCode, got  ([]), file ZipCode.csv:19940 data 57533
    regex_detector_test.go:84: Expected label ZipCode, got  ([]), file ZipCode.csv:19941 data 57534
    regex_detector_test.go:84: Expected label ZipCode, got  ([]), file ZipCode.csv:19942 data 57536
    regex_detector_test.go:84: Expected label ZipCode, got  ([]), file ZipCode.csv:19943 data 57537
    regex_detector_test.go:84: Expected label ZipCode, got  ([]), file ZipCode.csv:19944 data 57538
    regex_detector_test.go:84: Expected label ZipCode, got  ([]), file ZipCode.csv:19945 data 57540
    regex_detector_test.go:84: Expected label ZipCode, got  ([]), file ZipCode.csv:19946 data 57541
    regex_detector_test.go:84: Expected label ZipCode, got  ([]), file ZipCode.csv:19947 data 57543
    regex_detector_test.go:84: Expected label ZipCode, got  ([]), file ZipCode.csv:19948 data 57544
    regex_detector_test.go:84: Expected label ZipCode, got  ([]), file ZipCode.csv:19949 data 57547
    regex_detector_test.go:84: Expected label ZipCode, got  ([]), file ZipCode.csv:19950 data 57548
    regex_detector_test.go:84: Expected label ZipCode, got  ([]), file ZipCode.csv:19951 data 57551
    regex_detector_test.go:84: Expected label ZipCode, got  ([]), file ZipCode.csv:19952 data 57552
    regex_detector_test.go:84: Expected label ZipCode, got  ([]), file ZipCode.csv:19953 data 57553
    regex_detector_test.go:84: Expected label ZipCode, got  ([]), file ZipCode.csv:19954 data 57555
    regex_detector_test.go:84: Expected label ZipCode, got  ([]), file ZipCode.csv:19955 data 57559
    regex_detector_test.go:84: Expected label ZipCode, got  ([]), file ZipCode.csv:19956 data 57560
    regex_detector_test.go:84: Expected label ZipCode, got  ([]), file ZipCode.csv:19957 data 57562
    regex_detector_test.go:84: Expected label ZipCode, got  ([]), file ZipCode.csv:19958 data 57563
    regex_detector_test.go:84: Expected label ZipCode, got  ([]), file ZipCode.csv:19959 data 57564
    regex_detector_test.go:84: Expected label ZipCode, got  ([]), file ZipCode.csv:19960 data 57566
    regex_detector_test.go:84: Expected label ZipCode, got  ([]), file ZipCode.csv:19961 data 57567
    regex_detector_test.go:84: Expected label ZipCode, got  ([]), file ZipCode.csv:19962 data 57568
    regex_detector_test.go:84: Expected label ZipCode, got  ([]), file ZipCode.csv:19963 data 57569
    regex_detector_test.go:84: Expected label ZipCode, got  ([]), file ZipCode.csv:19964 data 57570
    regex_detector_test.go:84: Expected label ZipCode, got  ([]), file ZipCode.csv:19965 data 57571
    regex_detector_test.go:84: Expected label ZipCode, got  ([]), file ZipCode.csv:19966 data 57572
    regex_detector_test.go:84: Expected label ZipCode, got  ([]), file ZipCode.csv:19967 data 57574
    regex_detector_test.go:84: Expected label ZipCode, got  ([]), file ZipCode.csv:19968 data 57576
    regex_detector_test.go:84: Expected label ZipCode, got  ([]), file ZipCode.csv:19969 data 57577
    regex_detector_test.go:84: Expected label ZipCode, got  ([]), file ZipCode.csv:19970 data 57579
    regex_detector_test.go:84: Expected label ZipCode, got  ([]), file ZipCode.csv:19971 data 57580
    regex_detector_test.go:84: Expected label ZipCode, got  ([]), file ZipCode.csv:19972 data 57584
    regex_detector_test.go:84: Expected label ZipCode, got  ([]), file ZipCode.csv:19973 data 57585
    regex_detector_test.go:84: Expected label ZipCode, got  ([]), file ZipCode.csv:19974 data 57601
    regex_detector_test.go:84: Expected label ZipCode, got  ([]), file ZipCode.csv:19975 data 57620
    regex_detector_test.go:84: Expected label ZipCode, got  ([]), file ZipCode.csv:19976 data 57621
    regex_detector_test.go:84: Expected label ZipCode, got  ([]), file ZipCode.csv:19977 data 57622
    regex_detector_test.go:84: Expected label ZipCode, got  ([]), file ZipCode.csv:19978 data 57623
    regex_detector_test.go:84: Expected label ZipCode, got  ([]), file ZipCode.csv:19979 data 57625
    regex_detector_test.go:84: Expected label ZipCode, got  ([]), file ZipCode.csv:19980 data 57626
    regex_detector_test.go:84: Expected label ZipCode, got  ([]), file ZipCode.csv:19981 data 57630
    regex_detector_test.go:84: Expected label ZipCode, got  ([]), file ZipCode.csv:19982 data 57631
    regex_detector_test.go:84: Expected label ZipCode, got  ([]), file ZipCode.csv:19983 data 57632
    regex_detector_test.go:84: Expected label ZipCode, got  ([]), file ZipCode.csv:19984 data 57633
    regex_detector_test.go:84: Expected label ZipCode, got  ([]), file ZipCode.csv:19985 data 57634
    regex_detector_test.go:84: Expected label ZipCode, got  ([]), file ZipCode.csv:19986 data 57636
    regex_detector_test.go:84: Expected label ZipCode, got  ([]), file ZipCode.csv:19987 data 57638
    regex_detector_test.go:84: Expected label ZipCode, got  ([]), file ZipCode.csv:19988 data 57639
    regex_detector_test.go:84: Expected label ZipCode, got  ([]), file ZipCode.csv:19989 data 57640
    regex_detector_test.go:84: Expected label ZipCode, got  ([]), file ZipCode.csv:19990 data 57641
    regex_detector_test.go:84: Expected label ZipCode, got  ([]), file ZipCode.csv:19991 data 57642
    regex_detector_test.go:84: Expected label ZipCode, got  ([]), file ZipCode.csv:19992 data 57644
    regex_detector_test.go:84: Expected label ZipCode, got  ([]), file ZipCode.csv:19993 data 57645
    regex_detector_test.go:84: Expected label ZipCode, got  ([]), file ZipCode.csv:19994 data 57646
    regex_detector_test.go:84: Expected label ZipCode, got  ([]), file ZipCode.csv:19995 data 57648
    regex_detector_test.go:84: Expected label ZipCode, got  ([]), file ZipCode.csv:19996 data 57649
    regex_detector_test.go:84: Expected label ZipCode, got  ([]), file ZipCode.csv:19997 data 57650
    regex_detector_test.go:84: Expected label ZipCode, got  ([]), file ZipCode.csv:19998 data 57651
    regex_detector_test.go:84: Expected label ZipCode, got  ([]), file ZipCode.csv:19999 data 57652
    regex_detector_test.go:84: Expected label ZipCode, got  ([]), file ZipCode.csv:20000 data 57656
    regex_detector_test.go:84: Expected label ZipCode, got  ([]), file ZipCode.csv:20001 data 57657
    regex_detector_test.go:84: Expected label ZipCode, got  ([]), file ZipCode.csv:20002 data 57658
    regex_detector_test.go:84: Expected label ZipCode, got  ([]), file ZipCode.csv:20003 data 57659
    regex_detector_test.go:84: Expected label ZipCode, got  ([]), file ZipCode.csv:20004 data 57660
    regex_detector_test.go:84: Expected label ZipCode, got  ([]), file ZipCode.csv:20005 data 57661
    regex_detector_test.go:84: Expected label ZipCode, got  ([]), file ZipCode.csv:20006 data 57701
    regex_detector_test.go:84: Expected label ZipCode, got  ([]), file ZipCode.csv:20007 data 57702
    regex_detector_test.go:84: Expected label ZipCode, got  ([]), file ZipCode.csv:20008 data 57703
    regex_detector_test.go:84: Expected label ZipCode, got  ([]), file ZipCode.csv:20009 data 57706
    regex_detector_test.go:84: Expected label ZipCode, got  ([]), file ZipCode.csv:20010 data 57714
    regex_detector_test.go:84: Expected label ZipCode, got  ([]), file ZipCode.csv:20011 data 57716
    regex_detector_test.go:84: Expected label ZipCode, got  ([]), file ZipCode.csv:20012 data 57717
    regex_detector_test.go:84: Expected label ZipCode, got  ([]), file ZipCode.csv:20013 data 57718
    regex_detector_test.go:84: Expected label ZipCode, got  ([]), file ZipCode.csv:20014 data 57719
    regex_detector_test.go:84: Expected label ZipCode, got  ([]), file ZipCode.csv:20015 data 57720
    regex_detector_test.go:84: Expected label ZipCode, got  ([]), file ZipCode.csv:20016 data 57722
    regex_detector_test.go:84: Expected label ZipCode, got  ([]), file ZipCode.csv:20017 data 57724
    regex_detector_test.go:84: Expected label ZipCode, got  ([]), file ZipCode.csv:20018 data 57725
    regex_detector_test.go:84: Expected label ZipCode, got  ([]), file ZipCode.csv:20019 data 57730
    regex_detector_test.go:84: Expected label ZipCode, got  ([]), file ZipCode.csv:20020 data 57732
    regex_detector_test.go:84: Expected label ZipCode, got  ([]), file ZipCode.csv:20021 data 57735
    regex_detector_test.go:84: Expected label ZipCode, got  ([]), file ZipCode.csv:20022 data 57737
    regex_detector_test.go:84: Expected label ZipCode, got  ([]), file ZipCode.csv:20023 data 57738
    regex_detector_test.go:84: Expected label ZipCode, got  ([]), file ZipCode.csv:20024 data 57741
    regex_detector_test.go:84: Expected label ZipCode, got  ([]), file ZipCode.csv:20025 data 57744
    regex_detector_test.go:84: Expected label ZipCode, got  ([]), file ZipCode.csv:20026 data 57745
    regex_detector_test.go:84: Expected label ZipCode, got  ([]), file ZipCode.csv:20027 data 57747
    regex_detector_test.go:84: Expected label ZipCode, got  ([]), file ZipCode.csv:20028 data 57748
    regex_detector_test.go:84: Expected label ZipCode, got  ([]), file ZipCode.csv:20029 data 57750
    regex_detector_test.go:84: Expected label ZipCode, got  ([]), file ZipCode.csv:20030 data 57751
    regex_detector_test.go:84: Expected label ZipCode, got  ([]), file ZipCode.csv:20031 data 57752
    regex_detector_test.go:84: Expected label ZipCode, got  ([]), file ZipCode.csv:20032 data 57754
    regex_detector_test.go:84: Expected label ZipCode, got  ([]), file ZipCode.csv:20033 data 57755
    regex_detector_test.go:84: Expected label ZipCode, got  ([]), file ZipCode.csv:20034 data 57756
    regex_detector_test.go:84: Expected label ZipCode, got  ([]), file ZipCode.csv:20035 data 57758
    regex_detector_test.go:84: Expected label ZipCode, got  ([]), file ZipCode.csv:20036 data 57759
    regex_detector_test.go:84: Expected label ZipCode, got  ([]), file ZipCode.csv:20037 data 57760
    regex_detector_test.go:84: Expected label ZipCode, got  ([]), file ZipCode.csv:20038 data 57761
    regex_detector_test.go:84: Expected label ZipCode, got  ([]), file ZipCode.csv:20039 data 57762
    regex_detector_test.go:84: Expected label ZipCode, got  ([]), file ZipCode.csv:20040 data 57763
    regex_detector_test.go:84: Expected label ZipCode, got  ([]), file ZipCode.csv:20041 data 57764
    regex_detector_test.go:84: Expected label ZipCode, got  ([]), file ZipCode.csv:20042 data 57766
    regex_detector_test.go:84: Expected label ZipCode, got  ([]), file ZipCode.csv:20043 data 57767
    regex_detector_test.go:84: Expected label ZipCode, got  ([]), file ZipCode.csv:20044 data 57769
    regex_detector_test.go:84: Expected label ZipCode, got  ([]), file ZipCode.csv:20045 data 57770
    regex_detector_test.go:84: Expected label ZipCode, got  ([]), file ZipCode.csv:20046 data 57772
    regex_detector_test.go:84: Expected label ZipCode, got  ([]), file ZipCode.csv:20047 data 57773
    regex_detector_test.go:84: Expected label ZipCode, got  ([]), file ZipCode.csv:20048 data 57775
    regex_detector_test.go:84: Expected label ZipCode, got  ([]), file ZipCode.csv:20049 data 57776
    regex_detector_test.go:84: Expected label ZipCode, got  ([]), file ZipCode.csv:20050 data 57779
    regex_detector_test.go:84: Expected label ZipCode, got  ([]), file ZipCode.csv:20051 data 57780
    regex_detector_test.go:84: Expected label ZipCode, got  ([]), file ZipCode.csv:20052 data 57782
    regex_detector_test.go:84: Expected label ZipCode, got  ([]), file ZipCode.csv:20053 data 57783
    regex_detector_test.go:84: Expected label ZipCode, got  ([]), file ZipCode.csv:20054 data 57785
    regex_detector_test.go:84: Expected label ZipCode, got  ([]), file ZipCode.csv:20055 data 57787
    regex_detector_test.go:84: Expected label ZipCode, got  ([]), file ZipCode.csv:20056 data 57788
    regex_detector_test.go:84: Expected label ZipCode, got  ([]), file ZipCode.csv:20057 data 57790
    regex_detector_test.go:84: Expected label ZipCode, got  ([]), file ZipCode.csv:20058 data 57791
    regex_detector_test.go:84: Expected label ZipCode, got  ([]), file ZipCode.csv:20059 data 57792
    regex_detector_test.go:84: Expected label ZipCode, got  ([]), file ZipCode.csv:20060 data 57793
    regex_detector_test.go:84: Expected label ZipCode, got  ([]), file ZipCode.csv:20061 data 57794
    regex_detector_test.go:84: Expected label ZipCode, got  ([]), file ZipCode.csv:20062 data 57799
    regex_detector_test.go:84: Expected label ZipCode, got  ([]), file ZipCode.csv:20063 data 58001
    regex_detector_test.go:84: Expected label ZipCode, got  ([]), file ZipCode.csv:20064 data 58002
    regex_detector_test.go:84: Expected label ZipCode, got  ([]), file ZipCode.csv:20065 data 58004
    regex_detector_test.go:84: Expected label ZipCode, got  ([]), file ZipCode.csv:20066 data 58005
    regex_detector_test.go:84: Expected label ZipCode, got  ([]), file ZipCode.csv:20067 data 58006
    regex_detector_test.go:84: Expected label ZipCode, got  ([]), file ZipCode.csv:20068 data 58007
    regex_detector_test.go:84: Expected label ZipCode, got  ([]), file ZipCode.csv:20069 data 58008
    regex_detector_test.go:84: Expected label ZipCode, got  ([]), file ZipCode.csv:20070 data 58009
    regex_detector_test.go:84: Expected label ZipCode, got  ([]), file ZipCode.csv:20071 data 58011
    regex_detector_test.go:84: Expected label ZipCode, got  ([]), file ZipCode.csv:20072 data 58012
    regex_detector_test.go:84: Expected label ZipCode, got  ([]), file ZipCode.csv:20073 data 58013
    regex_detector_test.go:84: Expected label ZipCode, got  ([]), file ZipCode.csv:20074 data 58015
    regex_detector_test.go:84: Expected label ZipCode, got  ([]), file ZipCode.csv:20075 data 58016
    regex_detector_test.go:84: Expected label ZipCode, got  ([]), file ZipCode.csv:20076 data 58017
    regex_detector_test.go:84: Expected label ZipCode, got  ([]), file ZipCode.csv:20077 data 58018
    regex_detector_test.go:84: Expected label ZipCode, got  ([]), file ZipCode.csv:20078 data 58021
    regex_detector_test.go:84: Expected label ZipCode, got  ([]), file ZipCode.csv:20079 data 58027
    regex_detector_test.go:84: Expected label ZipCode, got  ([]), file ZipCode.csv:20080 data 58029
    regex_detector_test.go:84: Expected label ZipCode, got  ([]), file ZipCode.csv:20081 data 58030
    regex_detector_test.go:84: Expected label ZipCode, got  ([]), file ZipCode.csv:20082 data 58031
    regex_detector_test.go:84: Expected label ZipCode, got  ([]), file ZipCode.csv:20083 data 58032
    regex_detector_test.go:84: Expected label ZipCode, got  ([]), file ZipCode.csv:20084 data 58033
    regex_detector_test.go:84: Expected label ZipCode, got  ([]), file ZipCode.csv:20085 data 58035
    regex_detector_test.go:84: Expected label ZipCode, got  ([]), file ZipCode.csv:20086 data 58036
    regex_detector_test.go:84: Expected label ZipCode, got  ([]), file ZipCode.csv:20087 data 58038
    regex_detector_test.go:84: Expected label ZipCode, got  ([]), file ZipCode.csv:20088 data 58040
    regex_detector_test.go:84: Expected label ZipCode, got  ([]), file ZipCode.csv:20089 data 58041
    regex_detector_test.go:84: Expected label ZipCode, got  ([]), file ZipCode.csv:20090 data 58042
    regex_detector_test.go:84: Expected label ZipCode, got  ([]), file ZipCode.csv:20091 data 58043
    regex_detector_test.go:84: Expected label ZipCode, got  ([]), file ZipCode.csv:20092 data 58045
    regex_detector_test.go:84: Expected label ZipCode, got  ([]), file ZipCode.csv:20093 data 58046
    regex_detector_test.go:84: Expected label ZipCode, got  ([]), file ZipCode.csv:20094 data 58047
    regex_detector_test.go:84: Expected label ZipCode, got  ([]), file ZipCode.csv:20095 data 58048
    regex_detector_test.go:84: Expected label ZipCode, got  ([]), file ZipCode.csv:20096 data 58049
    regex_detector_test.go:84: Expected label ZipCode, got  ([]), file ZipCode.csv:20097 data 58051
    regex_detector_test.go:84: Expected label ZipCode, got  ([]), file ZipCode.csv:20098 data 58052
    regex_detector_test.go:84: Expected label ZipCode, got  ([]), file ZipCode.csv:20099 data 58053
    regex_detector_test.go:84: Expected label ZipCode, got  ([]), file ZipCode.csv:20100 data 58054
    regex_detector_test.go:84: Expected label ZipCode, got  ([]), file ZipCode.csv:20101 data 58056
    regex_detector_test.go:84: Expected label ZipCode, got  ([]), file ZipCode.csv:20102 data 58057
    regex_detector_test.go:84: Expected label ZipCode, got  ([]), file ZipCode.csv:20103 data 58058
    regex_detector_test.go:84: Expected label ZipCode, got  ([]), file ZipCode.csv:20104 data 58059
    regex_detector_test.go:84: Expected label ZipCode, got  ([]), file ZipCode.csv:20105 data 58060
    regex_detector_test.go:84: Expected label ZipCode, got  ([]), file ZipCode.csv:20106 data 58061
    regex_detector_test.go:84: Expected label ZipCode, got  ([]), file ZipCode.csv:20107 data 58062
    regex_detector_test.go:84: Expected label ZipCode, got  ([]), file ZipCode.csv:20108 data 58063
    regex_detector_test.go:84: Expected label ZipCode, got  ([]), file ZipCode.csv:20109 data 58064
    regex_detector_test.go:84: Expected label ZipCode, got  ([]), file ZipCode.csv:20110 data 58065
    regex_detector_test.go:84: Expected label ZipCode, got  ([]), file ZipCode.csv:20111 data 58067
    regex_detector_test.go:84: Expected label ZipCode, got  ([]), file ZipCode.csv:20112 data 58068
    regex_detector_test.go:84: Expected label ZipCode, got  ([]), file ZipCode.csv:20113 data 58069
    regex_detector_test.go:84: Expected label ZipCode, got  ([]), file ZipCode.csv:20114 data 58071
    regex_detector_test.go:84: Expected label ZipCode, got  ([]), file ZipCode.csv:20115 data 58072
    regex_detector_test.go:84: Expected label ZipCode, got  ([]), file ZipCode.csv:20116 data 58074
    regex_detector_test.go:84: Expected label ZipCode, got  ([]), file ZipCode.csv:20117 data 58075
    regex_detector_test.go:84: Expected label ZipCode, got  ([]), file ZipCode.csv:20118 data 58076
    regex_detector_test.go:84: Expected label ZipCode, got  ([]), file ZipCode.csv:20119 data 58077
    regex_detector_test.go:84: Expected label ZipCode, got  ([]), file ZipCode.csv:20120 data 58078
    regex_detector_test.go:84: Expected label ZipCode, got  ([]), file ZipCode.csv:20121 data 58079
    regex_detector_test.go:84: Expected label ZipCode, got  ([]), file ZipCode.csv:20122 data 58081
    regex_detector_test.go:84: Expected label ZipCode, got  ([]), file ZipCode.csv:20123 data 58102
    regex_detector_test.go:84: Expected label ZipCode, got  ([]), file ZipCode.csv:20124 data 58103
    regex_detector_test.go:84: Expected label ZipCode, got  ([]), file ZipCode.csv:20125 data 58104
    regex_detector_test.go:84: Expected label ZipCode, got  ([]), file ZipCode.csv:20126 data 58105
    regex_detector_test.go:84: Expected label ZipCode, got  ([]), file ZipCode.csv:20127 data 58201
    regex_detector_test.go:84: Expected label ZipCode, got  ([]), file ZipCode.csv:20128 data 58202
    regex_detector_test.go:84: Expected label ZipCode, got  ([]), file ZipCode.csv:20129 data 58203
    regex_detector_test.go:84: Expected label ZipCode, got  ([]), file ZipCode.csv:20130 data 58204
    regex_detector_test.go:84: Expected label ZipCode, got  ([]), file ZipCode.csv:20131 data 58205
    regex_detector_test.go:84: Expected label ZipCode, got  ([]), file ZipCode.csv:20132 data 58210
    regex_detector_test.go:84: Expected label ZipCode, got  ([]), file ZipCode.csv:20133 data 58212
    regex_detector_test.go:84: Expected label ZipCode, got  ([]), file ZipCode.csv:20134 data 58214
    regex_detector_test.go:84: Expected label ZipCode, got  ([]), file ZipCode.csv:20135 data 58216
    regex_detector_test.go:84: Expected label ZipCode, got  ([]), file ZipCode.csv:20136 data 58218
    regex_detector_test.go:84: Expected label ZipCode, got  ([]), file ZipCode.csv:20137 data 58219
    regex_detector_test.go:84: Expected label ZipCode, got  ([]), file ZipCode.csv:20138 data 58220
    regex_detector_test.go:84: Expected label ZipCode, got  ([]), file ZipCode.csv:20139 data 58222
    regex_detector_test.go:84: Expected label ZipCode, got  ([]), file ZipCode.csv:20140 data 58223
    regex_detector_test.go:84: Expected label ZipCode, got  ([]), file ZipCode.csv:20141 data 58224
    regex_detector_test.go:84: Expected label ZipCode, got  ([]), file ZipCode.csv:20142 data 58225
    regex_detector_test.go:84: Expected label ZipCode, got  ([]), file ZipCode.csv:20143 data 58227
    regex_detector_test.go:84: Expected label ZipCode, got  ([]), file ZipCode.csv:20144 data 58228
    regex_detector_test.go:84: Expected label ZipCode, got  ([]), file ZipCode.csv:20145 data 58229
    regex_detector_test.go:84: Expected label ZipCode, got  ([]), file ZipCode.csv:20146 data 58230
    regex_detector_test.go:84: Expected label ZipCode, got  ([]), file ZipCode.csv:20147 data 58231
    regex_detector_test.go:84: Expected label ZipCode, got  ([]), file ZipCode.csv:20148 data 58233
    regex_detector_test.go:84: Expected label ZipCode, got  ([]), file ZipCode.csv:20149 data 58235
    regex_detector_test.go:84: Expected label ZipCode, got  ([]), file ZipCode.csv:20150 data 58236
    regex_detector_test.go:84: Expected label ZipCode, got  ([]), file ZipCode.csv:20151 data 58237
    regex_detector_test.go:84: Expected label ZipCode, got  ([]), file ZipCode.csv:20152 data 58238
    regex_detector_test.go:84: Expected label ZipCode, got  ([]), file ZipCode.csv:20153 data 58239
    regex_detector_test.go:84: Expected label ZipCode, got  ([]), file ZipCode.csv:20154 data 58240
    regex_detector_test.go:84: Expected label ZipCode, got  ([]), file ZipCode.csv:20155 data 58241
    regex_detector_test.go:84: Expected label ZipCode, got  ([]), file ZipCode.csv:20156 data 58243
    regex_detector_test.go:84: Expected label ZipCode, got  ([]), file ZipCode.csv:20157 data 58244
    regex_detector_test.go:84: Expected label ZipCode, got  ([]), file ZipCode.csv:20158 data 58249
    regex_detector_test.go:84: Expected label ZipCode, got  ([]), file ZipCode.csv:20159 data 58250
    regex_detector_test.go:84: Expected label ZipCode, got  ([]), file ZipCode.csv:20160 data 58251
    regex_detector_test.go:84: Expected label ZipCode, got  ([]), file ZipCode.csv:20161 data 58254
    regex_detector_test.go:84: Expected label ZipCode, got  ([]), file ZipCode.csv:20162 data 58255
    regex_detector_test.go:84: Expected label ZipCode, got  ([]), file ZipCode.csv:20163 data 58256
    regex_detector_test.go:84: Expected label ZipCode, got  ([]), file ZipCode.csv:20164 data 58257
    regex_detector_test.go:84: Expected label ZipCode, got  ([]), file ZipCode.csv:20165 data 58258
    regex_detector_test.go:84: Expected label ZipCode, got  ([]), file ZipCode.csv:20166 data 58259
    regex_detector_test.go:84: Expected label ZipCode, got  ([]), file ZipCode.csv:20167 data 58260
    regex_detector_test.go:84: Expected label ZipCode, got  ([]), file ZipCode.csv:20168 data 58261
    regex_detector_test.go:84: Expected label ZipCode, got  ([]), file ZipCode.csv:20169 data 58262
    regex_detector_test.go:84: Expected label ZipCode, got  ([]), file ZipCode.csv:20170 data 58265
    regex_detector_test.go:84: Expected label ZipCode, got  ([]), file ZipCode.csv:20171 data 58266
    regex_detector_test.go:84: Expected label ZipCode, got  ([]), file ZipCode.csv:20172 data 58267
    regex_detector_test.go:84: Expected label ZipCode, got  ([]), file ZipCode.csv:20173 data 58269
    regex_detector_test.go:84: Expected label ZipCode, got  ([]), file ZipCode.csv:20174 data 58270
    regex_detector_test.go:84: Expected label ZipCode, got  ([]), file ZipCode.csv:20175 data 58271
    regex_detector_test.go:84: Expected label ZipCode, got  ([]), file ZipCode.csv:20176 data 58272
    regex_detector_test.go:84: Expected label ZipCode, got  ([]), file ZipCode.csv:20177 data 58273
    regex_detector_test.go:84: Expected label ZipCode, got  ([]), file ZipCode.csv:20178 data 58274
    regex_detector_test.go:84: Expected label ZipCode, got  ([]), file ZipCode.csv:20179 data 58275
    regex_detector_test.go:84: Expected label ZipCode, got  ([]), file ZipCode.csv:20180 data 58276
    regex_detector_test.go:84: Expected label ZipCode, got  ([]), file ZipCode.csv:20181 data 58277
    regex_detector_test.go:84: Expected label ZipCode, got  ([]), file ZipCode.csv:20182 data 58278
    regex_detector_test.go:84: Expected label ZipCode, got  ([]), file ZipCode.csv:20183 data 58281
    regex_detector_test.go:84: Expected label ZipCode, got  ([]), file ZipCode.csv:20184 data 58282
    regex_detector_test.go:84: Expected label ZipCode, got  ([]), file ZipCode.csv:20185 data 58301
    regex_detector_test.go:84: Expected label ZipCode, got  ([]), file ZipCode.csv:20186 data 58310
    regex_detector_test.go:84: Expected label ZipCode, got  ([]), file ZipCode.csv:20187 data 58311
    regex_detector_test.go:84: Expected label ZipCode, got  ([]), file ZipCode.csv:20188 data 58313
    regex_detector_test.go:84: Expected label ZipCode, got  ([]), file ZipCode.csv:20189 data 58316
    regex_detector_test.go:84: Expected label ZipCode, got  ([]), file ZipCode.csv:20190 data 58317
    regex_detector_test.go:84: Expected label ZipCode, got  ([]), file ZipCode.csv:20191 data 58318
    regex_detector_test.go:84: Expected label ZipCode, got  ([]), file ZipCode.csv:20192 data 58321
    regex_detector_test.go:84: Expected label ZipCode, got  ([]), file ZipCode.csv:20193 data 58323
    regex_detector_test.go:84: Expected label ZipCode, got  ([]), file ZipCode.csv:20194 data 58324
    regex_detector_test.go:84: Expected label ZipCode, got  ([]), file ZipCode.csv:20195 data 58325
    regex_detector_test.go:84: Expected label ZipCode, got  ([]), file ZipCode.csv:20196 data 58327
    regex_detector_test.go:84: Expected label ZipCode, got  ([]), file ZipCode.csv:20197 data 58329
    regex_detector_test.go:84: Expected label ZipCode, got  ([]), file ZipCode.csv:20198 data 58330
    regex_detector_test.go:84: Expected label ZipCode, got  ([]), file ZipCode.csv:20199 data 58331
    regex_detector_test.go:84: Expected label ZipCode, got  ([]), file ZipCode.csv:20200 data 58332
    regex_detector_test.go:84: Expected label ZipCode, got  ([]), file ZipCode.csv:20201 data 58335
    regex_detector_test.go:84: Expected label ZipCode, got  ([]), file ZipCode.csv:20202 data 58338
    regex_detector_test.go:84: Expected label ZipCode, got  ([]), file ZipCode.csv:20203 data 58339
    regex_detector_test.go:84: Expected label ZipCode, got  ([]), file ZipCode.csv:20204 data 58341
    regex_detector_test.go:84: Expected label ZipCode, got  ([]), file ZipCode.csv:20205 data 58343
    regex_detector_test.go:84: Expected label ZipCode, got  ([]), file ZipCode.csv:20206 data 58344
    regex_detector_test.go:84: Expected label ZipCode, got  ([]), file ZipCode.csv:20207 data 58345
    regex_detector_test.go:84: Expected label ZipCode, got  ([]), file ZipCode.csv:20208 data 58346
    regex_detector_test.go:84: Expected label ZipCode, got  ([]), file ZipCode.csv:20209 data 58348
    regex_detector_test.go:84: Expected label ZipCode, got  ([]), file ZipCode.csv:20210 data 58351
    regex_detector_test.go:84: Expected label ZipCode, got  ([]), file ZipCode.csv:20211 data 58352
    regex_detector_test.go:84: Expected label ZipCode, got  ([]), file ZipCode.csv:20212 data 58353
    regex_detector_test.go:84: Expected label ZipCode, got  ([]), file ZipCode.csv:20213 data 58355
    regex_detector_test.go:84: Expected label ZipCode, got  ([]), file ZipCode.csv:20214 data 58356
    regex_detector_test.go:84: Expected label ZipCode, got  ([]), file ZipCode.csv:20215 data 58357
    regex_detector_test.go:84: Expected label ZipCode, got  ([]), file ZipCode.csv:20216 data 58361
    regex_detector_test.go:84: Expected label ZipCode, got  ([]), file ZipCode.csv:20217 data 58362
    regex_detector_test.go:84: Expected label ZipCode, got  ([]), file ZipCode.csv:20218 data 58363
    regex_detector_test.go:84: Expected label ZipCode, got  ([]), file ZipCode.csv:20219 data 58365
    regex_detector_test.go:84: Expected label ZipCode, got  ([]), file ZipCode.csv:20220 data 58366
    regex_detector_test.go:84: Expected label ZipCode, got  ([]), file ZipCode.csv:20221 data 58367
    regex_detector_test.go:84: Expected label ZipCode, got  ([]), file ZipCode.csv:20222 data 58368
    regex_detector_test.go:84: Expected label ZipCode, got  ([]), file ZipCode.csv:20223 data 58369
    regex_detector_test.go:84: Expected label ZipCode, got  ([]), file ZipCode.csv:20224 data 58370
    regex_detector_test.go:84: Expected label ZipCode, got  ([]), file ZipCode.csv:20225 data 58372
    regex_detector_test.go:84: Expected label ZipCode, got  ([]), file ZipCode.csv:20226 data 58374
    regex_detector_test.go:84: Expected label ZipCode, got  ([]), file ZipCode.csv:20227 data 58377
    regex_detector_test.go:84: Expected label ZipCode, got  ([]), file ZipCode.csv:20228 data 58379
    regex_detector_test.go:84: Expected label ZipCode, got  ([]), file ZipCode.csv:20229 data 58380
    regex_detector_test.go:84: Expected label ZipCode, got  ([]), file ZipCode.csv:20230 data 58381
    regex_detector_test.go:84: Expected label ZipCode, got  ([]), file ZipCode.csv:20231 data 58382
    regex_detector_test.go:84: Expected label ZipCode, got  ([]), file ZipCode.csv:20232 data 58384
    regex_detector_test.go:84: Expected label ZipCode, got  ([]), file ZipCode.csv:20233 data 58385
    regex_detector_test.go:84: Expected label ZipCode, got  ([]), file ZipCode.csv:20234 data 58386
    regex_detector_test.go:84: Expected label ZipCode, got  ([]), file ZipCode.csv:20235 data 58401
    regex_detector_test.go:84: Expected label ZipCode, got  ([]), file ZipCode.csv:20236 data 58402
    regex_detector_test.go:84: Expected label ZipCode, got  ([]), file ZipCode.csv:20237 data 58405
    regex_detector_test.go:84: Expected label ZipCode, got  ([]), file ZipCode.csv:20238 data 58413
    regex_detector_test.go:84: Expected label ZipCode, got  ([]), file ZipCode.csv:20239 data 58415
    regex_detector_test.go:84: Expected label ZipCode, got  ([]), file ZipCode.csv:20240 data 58416
    regex_detector_test.go:84: Expected label ZipCode, got  ([]), file ZipCode.csv:20241 data 58418
    regex_detector_test.go:84: Expected label ZipCode, got  ([]), file ZipCode.csv:20242 data 58420
    regex_detector_test.go:84: Expected label ZipCode, got  ([]), file ZipCode.csv:20243 data 58421
    regex_detector_test.go:84: Expected label ZipCode, got  ([]), file ZipCode.csv:20244 data 58422
    regex_detector_test.go:84: Expected label ZipCode, got  ([]), file ZipCode.csv:20245 data 58423
    regex_detector_test.go:84: Expected label ZipCode, got  ([]), file ZipCode.csv:20246 data 58424
    regex_detector_test.go:84: Expected label ZipCode, got  ([]), file ZipCode.csv:20247 data 58425
    regex_detector_test.go:84: Expected label ZipCode, got  ([]), file ZipCode.csv:20248 data 58426
    regex_detector_test.go:84: Expected label ZipCode, got  ([]), file ZipCode.csv:20249 data 58428
    regex_detector_test.go:84: Expected label ZipCode, got  ([]), file ZipCode.csv:20250 data 58429
    regex_detector_test.go:84: Expected label ZipCode, got  ([]), file ZipCode.csv:20251 data 58430
    regex_detector_test.go:84: Expected label ZipCode, got  ([]), file ZipCode.csv:20252 data 58431
    regex_detector_test.go:84: Expected label ZipCode, got  ([]), file ZipCode.csv:20253 data 58433
    regex_detector_test.go:84: Expected label ZipCode, got  ([]), file ZipCode.csv:20254 data 58436
    regex_detector_test.go:84: Expected label ZipCode, got  ([]), file ZipCode.csv:20255 data 58438
    regex_detector_test.go:84: Expected label ZipCode, got  ([]), file ZipCode.csv:20256 data 58439
    regex_detector_test.go:84: Expected label ZipCode, got  ([]), file ZipCode.csv:20257 data 58440
    regex_detector_test.go:84: Expected label ZipCode, got  ([]), file ZipCode.csv:20258 data 58441
    regex_detector_test.go:84: Expected label ZipCode, got  ([]), file ZipCode.csv:20259 data 58442
    regex_detector_test.go:84: Expected label ZipCode, got  ([]), file ZipCode.csv:20260 data 58443
    regex_detector_test.go:84: Expected label ZipCode, got  ([]), file ZipCode.csv:20261 data 58444
    regex_detector_test.go:84: Expected label ZipCode, got  ([]), file ZipCode.csv:20262 data 58445
    regex_detector_test.go:84: Expected label ZipCode, got  ([]), file ZipCode.csv:20263 data 58448
    regex_detector_test.go:84: Expected label ZipCode, got  ([]), file ZipCode.csv:20264 data 58451
    regex_detector_test.go:84: Expected label ZipCode, got  ([]), file ZipCode.csv:20265 data 58452
    regex_detector_test.go:84: Expected label ZipCode, got  ([]), file ZipCode.csv:20266 data 58454
    regex_detector_test.go:84: Expected label ZipCode, got  ([]), file ZipCode.csv:20267 data 58455
    regex_detector_test.go:84: Expected label ZipCode, got  ([]), file ZipCode.csv:20268 data 58456
    regex_detector_test.go:84: Expected label ZipCode, got  ([]), file ZipCode.csv:20269 data 58458
    regex_detector_test.go:84: Expected label ZipCode, got  ([]), file ZipCode.csv:20270 data 58460
    regex_detector_test.go:84: Expected label ZipCode, got  ([]), file ZipCode.csv:20271 data 58461
    regex_detector_test.go:84: Expected label ZipCode, got  ([]), file ZipCode.csv:20272 data 58463
    regex_detector_test.go:84: Expected label ZipCode, got  ([]), file ZipCode.csv:20273 data 58464
    regex_detector_test.go:84: Expected label ZipCode, got  ([]), file ZipCode.csv:20274 data 58466
    regex_detector_test.go:84: Expected label ZipCode, got  ([]), file ZipCode.csv:20275 data 58467
    regex_detector_test.go:84: Expected label ZipCode, got  ([]), file ZipCode.csv:20276 data 58472
    regex_detector_test.go:84: Expected label ZipCode, got  ([]), file ZipCode.csv:20277 data 58474
    regex_detector_test.go:84: Expected label ZipCode, got  ([]), file ZipCode.csv:20278 data 58475
    regex_detector_test.go:84: Expected label ZipCode, got  ([]), file ZipCode.csv:20279 data 58476
    regex_detector_test.go:84: Expected label ZipCode, got  ([]), file ZipCode.csv:20280 data 58477
    regex_detector_test.go:84: Expected label ZipCode, got  ([]), file ZipCode.csv:20281 data 58478
    regex_detector_test.go:84: Expected label ZipCode, got  ([]), file ZipCode.csv:20282 data 58479
    regex_detector_test.go:84: Expected label ZipCode, got  ([]), file ZipCode.csv:20283 data 58480
    regex_detector_test.go:84: Expected label ZipCode, got  ([]), file ZipCode.csv:20284 data 58481
    regex_detector_test.go:84: Expected label ZipCode, got  ([]), file ZipCode.csv:20285 data 58482
    regex_detector_test.go:84: Expected label ZipCode, got  ([]), file ZipCode.csv:20286 data 58483
    regex_detector_test.go:84: Expected label ZipCode, got  ([]), file ZipCode.csv:20287 data 58484
    regex_detector_test.go:84: Expected label ZipCode, got  ([]), file ZipCode.csv:20288 data 58486
    regex_detector_test.go:84: Expected label ZipCode, got  ([]), file ZipCode.csv:20289 data 58487
    regex_detector_test.go:84: Expected label ZipCode, got  ([]), file ZipCode.csv:20290 data 58488
    regex_detector_test.go:84: Expected label ZipCode, got  ([]), file ZipCode.csv:20291 data 58490
    regex_detector_test.go:84: Expected label ZipCode, got  ([]), file ZipCode.csv:20292 data 58492
    regex_detector_test.go:84: Expected label ZipCode, got  ([]), file ZipCode.csv:20293 data 58494
    regex_detector_test.go:84: Expected label ZipCode, got  ([]), file ZipCode.csv:20294 data 58495
    regex_detector_test.go:84: Expected label ZipCode, got  ([]), file ZipCode.csv:20295 data 58496
    regex_detector_test.go:84: Expected label ZipCode, got  ([]), file ZipCode.csv:20296 data 58497
    regex_detector_test.go:84: Expected label ZipCode, got  ([]), file ZipCode.csv:20297 data 58501
    regex_detector_test.go:84: Expected label ZipCode, got  ([]), file ZipCode.csv:20298 data 58503
    regex_detector_test.go:84: Expected label ZipCode, got  ([]), file ZipCode.csv:20299 data 58504
    regex_detector_test.go:84: Expected label ZipCode, got  ([]), file ZipCode.csv:20300 data 58505
    regex_detector_test.go:84: Expected label ZipCode, got  ([]), file ZipCode.csv:20301 data 58520
    regex_detector_test.go:84: Expected label ZipCode, got  ([]), file ZipCode.csv:20302 data 58521
    regex_detector_test.go:84: Expected label ZipCode, got  ([]), file ZipCode.csv:20303 data 58523
    regex_detector_test.go:84: Expected label ZipCode, got  ([]), file ZipCode.csv:20304 data 58524
    regex_detector_test.go:84: Expected label ZipCode, got  ([]), file ZipCode.csv:20305 data 58528
    regex_detector_test.go:84: Expected label ZipCode, got  ([]), file ZipCode.csv:20306 data 58529
    regex_detector_test.go:84: Expected label ZipCode, got  ([]), file ZipCode.csv:20307 data 58530
    regex_detector_test.go:84: Expected label ZipCode, got  ([]), file ZipCode.csv:20308 data 58531
    regex_detector_test.go:84: Expected label ZipCode, got  ([]), file ZipCode.csv:20309 data 58532
    regex_detector_test.go:84: Expected label ZipCode, got  ([]), file ZipCode.csv:20310 data 58533
    regex_detector_test.go:84: Expected label ZipCode, got  ([]), file ZipCode.csv:20311 data 58535
    regex_detector_test.go:84: Expected label ZipCode, got  ([]), file ZipCode.csv:20312 data 58538
    regex_detector_test.go:84: Expected label ZipCode, got  ([]), file ZipCode.csv:20313 data 58540
    regex_detector_test.go:84: Expected label ZipCode, got  ([]), file ZipCode.csv:20314 data 58541
    regex_detector_test.go:84: Expected label ZipCode, got  ([]), file ZipCode.csv:20315 data 58542
    regex_detector_test.go:84: Expected label ZipCode, got  ([]), file ZipCode.csv:20316 data 58544
    regex_detector_test.go:84: Expected label ZipCode, got  ([]), file ZipCode.csv:20317 data 58545
    regex_detector_test.go:84: Expected label ZipCode, got  ([]), file ZipCode.csv:20318 data 58549
    regex_detector_test.go:84: Expected label ZipCode, got  ([]), file ZipCode.csv:20319 data 58552
    regex_detector_test.go:84: Expected label ZipCode, got  ([]), file ZipCode.csv:20320 data 58554
    regex_detector_test.go:84: Expected label ZipCode, got  ([]), file ZipCode.csv:20321 data 58558
    regex_detector_test.go:84: Expected label ZipCode, got  ([]), file ZipCode.csv:20322 data 58559
    regex_detector_test.go:84: Expected label ZipCode, got  ([]), file ZipCode.csv:20323 data 58560
    regex_detector_test.go:84: Expected label ZipCode, got  ([]), file ZipCode.csv:20324 data 58561
    regex_detector_test.go:84: Expected label ZipCode, got  ([]), file ZipCode.csv:20325 data 58562
    regex_detector_test.go:84: Expected label ZipCode, got  ([]), file ZipCode.csv:20326 data 58563
    regex_detector_test.go:84: Expected label ZipCode, got  ([]), file ZipCode.csv:20327 data 58564
    regex_detector_test.go:84: Expected label ZipCode, got  ([]), file ZipCode.csv:20328 data 58565
    regex_detector_test.go:84: Expected label ZipCode, got  ([]), file ZipCode.csv:20329 data 58566
    regex_detector_test.go:84: Expected label ZipCode, got  ([]), file ZipCode.csv:20330 data 58568
    regex_detector_test.go:84: Expected label ZipCode, got  ([]), file ZipCode.csv:20331 data 58569
    regex_detector_test.go:84: Expected label ZipCode, got  ([]), file ZipCode.csv:20332 data 58570
    regex_detector_test.go:84: Expected label ZipCode, got  ([]), file ZipCode.csv:20333 data 58571
    regex_detector_test.go:84: Expected label ZipCode, got  ([]), file ZipCode.csv:20334 data 58572
    regex_detector_test.go:84: Expected label ZipCode, got  ([]), file ZipCode.csv:20335 data 58573
    regex_detector_test.go:84: Expected label ZipCode, got  ([]), file ZipCode.csv:20336 data 58575
    regex_detector_test.go:84: Expected label ZipCode, got  ([]), file ZipCode.csv:20337 data 58576
    regex_detector_test.go:84: Expected label ZipCode, got  ([]), file ZipCode.csv:20338 data 58577
    regex_detector_test.go:84: Expected label ZipCode, got  ([]), file ZipCode.csv:20339 data 58579
    regex_detector_test.go:84: Expected label ZipCode, got  ([]), file ZipCode.csv:20340 data 58580
    regex_detector_test.go:84: Expected label ZipCode, got  ([]), file ZipCode.csv:20341 data 58581
    regex_detector_test.go:84: Expected label ZipCode, got  ([]), file ZipCode.csv:20342 data 58601
    regex_detector_test.go:84: Expected label ZipCode, got  ([]), file ZipCode.csv:20343 data 58620
    regex_detector_test.go:84: Expected label ZipCode, got  ([]), file ZipCode.csv:20344 data 58621
    regex_detector_test.go:84: Expected label ZipCode, got  ([]), file ZipCode.csv:20345 data 58622
    regex_detector_test.go:84: Expected label ZipCode, got  ([]), file ZipCode.csv:20346 data 58623
    regex_detector_test.go:84: Expected label ZipCode, got  ([]), file ZipCode.csv:20347 data 58625
    regex_detector_test.go:84: Expected label ZipCode, got  ([]), file ZipCode.csv:20348 data 58626
    regex_detector_test.go:84: Expected label ZipCode, got  ([]), file ZipCode.csv:20349 data 58627
    regex_detector_test.go:84: Expected label ZipCode, got  ([]), file ZipCode.csv:20350 data 58630
    regex_detector_test.go:84: Expected label ZipCode, got  ([]), file ZipCode.csv:20351 data 58631
    regex_detector_test.go:84: Expected label ZipCode, got  ([]), file ZipCode.csv:20352 data 58632
    regex_detector_test.go:84: Expected label ZipCode, got  ([]), file ZipCode.csv:20353 data 58634
    regex_detector_test.go:84: Expected label ZipCode, got  ([]), file ZipCode.csv:20354 data 58636
    regex_detector_test.go:84: Expected label ZipCode, got  ([]), file ZipCode.csv:20355 data 58638
    regex_detector_test.go:84: Expected label ZipCode, got  ([]), file ZipCode.csv:20356 data 58639
    regex_detector_test.go:84: Expected label ZipCode, got  ([]), file ZipCode.csv:20357 data 58640
    regex_detector_test.go:84: Expected label ZipCode, got  ([]), file ZipCode.csv:20358 data 58641
    regex_detector_test.go:84: Expected label ZipCode, got  ([]), file ZipCode.csv:20359 data 58642
    regex_detector_test.go:84: Expected label ZipCode, got  ([]), file ZipCode.csv:20360 data 58643
    regex_detector_test.go:84: Expected label ZipCode, got  ([]), file ZipCode.csv:20361 data 58644
    regex_detector_test.go:84: Expected label ZipCode, got  ([]), file ZipCode.csv:20362 data 58645
    regex_detector_test.go:84: Expected label ZipCode, got  ([]), file ZipCode.csv:20363 data 58646
    regex_detector_test.go:84: Expected label ZipCode, got  ([]), file ZipCode.csv:20364 data 58647
    regex_detector_test.go:84: Expected label ZipCode, got  ([]), file ZipCode.csv:20365 data 58649
    regex_detector_test.go:84: Expected label ZipCode, got  ([]), file ZipCode.csv:20366 data 58650
    regex_detector_test.go:84: Expected label ZipCode, got  ([]), file ZipCode.csv:20367 data 58651
    regex_detector_test.go:84: Expected label ZipCode, got  ([]), file ZipCode.csv:20368 data 58652
    regex_detector_test.go:84: Expected label ZipCode, got  ([]), file ZipCode.csv:20369 data 58653
    regex_detector_test.go:84: Expected label ZipCode, got  ([]), file ZipCode.csv:20370 data 58654
    regex_detector_test.go:84: Expected label ZipCode, got  ([]), file ZipCode.csv:20371 data 58655
    regex_detector_test.go:84: Expected label ZipCode, got  ([]), file ZipCode.csv:20372 data 58656
    regex_detector_test.go:84: Expected label ZipCode, got  ([]), file ZipCode.csv:20373 data 58701
    regex_detector_test.go:84: Expected label ZipCode, got  ([]), file ZipCode.csv:20374 data 58703
    regex_detector_test.go:84: Expected label ZipCode, got  ([]), file ZipCode.csv:20375 data 58704
    regex_detector_test.go:84: Expected label ZipCode, got  ([]), file ZipCode.csv:20376 data 58705
    regex_detector_test.go:84: Expected label ZipCode, got  ([]), file ZipCode.csv:20377 data 58707
    regex_detector_test.go:84: Expected label ZipCode, got  ([]), file ZipCode.csv:20378 data 58710
    regex_detector_test.go:84: Expected label ZipCode, got  ([]), file ZipCode.csv:20379 data 58711
    regex_detector_test.go:84: Expected label ZipCode, got  ([]), file ZipCode.csv:20380 data 58712
    regex_detector_test.go:84: Expected label ZipCode, got  ([]), file ZipCode.csv:20381 data 58713
    regex_detector_test.go:84: Expected label ZipCode, got  ([]), file ZipCode.csv:20382 data 58716
    regex_detector_test.go:84: Expected label ZipCode, got  ([]), file ZipCode.csv:20383 data 58718
    regex_detector_test.go:84: Expected label ZipCode, got  ([]), file ZipCode.csv:20384 data 58721
    regex_detector_test.go:84: Expected label ZipCode, got  ([]), file ZipCode.csv:20385 data 58722
    regex_detector_test.go:84: Expected label ZipCode, got  ([]), file ZipCode.csv:20386 data 58723
    regex_detector_test.go:84: Expected label ZipCode, got  ([]), file ZipCode.csv:20387 data 58725
    regex_detector_test.go:84: Expected label ZipCode, got  ([]), file ZipCode.csv:20388 data 58727
    regex_detector_test.go:84: Expected label ZipCode, got  ([]), file ZipCode.csv:20389 data 58730
    regex_detector_test.go:84: Expected label ZipCode, got  ([]), file ZipCode.csv:20390 data 58731
    regex_detector_test.go:84: Expected label ZipCode, got  ([]), file ZipCode.csv:20391 data 58733
    regex_detector_test.go:84: Expected label ZipCode, got  ([]), file ZipCode.csv:20392 data 58734
    regex_detector_test.go:84: Expected label ZipCode, got  ([]), file ZipCode.csv:20393 data 58735
    regex_detector_test.go:84: Expected label ZipCode, got  ([]), file ZipCode.csv:20394 data 58736
    regex_detector_test.go:84: Expected label ZipCode, got  ([]), file ZipCode.csv:20395 data 58737
    regex_detector_test.go:84: Expected label ZipCode, got  ([]), file ZipCode.csv:20396 data 58740
    regex_detector_test.go:84: Expected label ZipCode, got  ([]), file ZipCode.csv:20397 data 58741
    regex_detector_test.go:84: Expected label ZipCode, got  ([]), file ZipCode.csv:20398 data 58744
    regex_detector_test.go:84: Expected label ZipCode, got  ([]), file ZipCode.csv:20399 data 58746
    regex_detector_test.go:84: Expected label ZipCode, got  ([]), file ZipCode.csv:20400 data 58748
    regex_detector_test.go:84: Expected label ZipCode, got  ([]), file ZipCode.csv:20401 data 58750
    regex_detector_test.go:84: Expected label ZipCode, got  ([]), file ZipCode.csv:20402 data 58752
    regex_detector_test.go:84: Expected label ZipCode, got  ([]), file ZipCode.csv:20403 data 58755
    regex_detector_test.go:84: Expected label ZipCode, got  ([]), file ZipCode.csv:20404 data 58756
    regex_detector_test.go:84: Expected label ZipCode, got  ([]), file ZipCode.csv:20405 data 58757
    regex_detector_test.go:84: Expected label ZipCode, got  ([]), file ZipCode.csv:20406 data 58758
    regex_detector_test.go:84: Expected label ZipCode, got  ([]), file ZipCode.csv:20407 data 58759
    regex_detector_test.go:84: Expected label ZipCode, got  ([]), file ZipCode.csv:20408 data 58760
    regex_detector_test.go:84: Expected label ZipCode, got  ([]), file ZipCode.csv:20409 data 58761
    regex_detector_test.go:84: Expected label ZipCode, got  ([]), file ZipCode.csv:20410 data 58762
    regex_detector_test.go:84: Expected label ZipCode, got  ([]), file ZipCode.csv:20411 data 58763
    regex_detector_test.go:84: Expected label ZipCode, got  ([]), file ZipCode.csv:20412 data 58765
    regex_detector_test.go:84: Expected label ZipCode, got  ([]), file ZipCode.csv:20413 data 58768
    regex_detector_test.go:84: Expected label ZipCode, got  ([]), file ZipCode.csv:20414 data 58769
    regex_detector_test.go:84: Expected label ZipCode, got  ([]), file ZipCode.csv:20415 data 58770
    regex_detector_test.go:84: Expected label ZipCode, got  ([]), file ZipCode.csv:20416 data 58771
    regex_detector_test.go:84: Expected label ZipCode, got  ([]), file ZipCode.csv:20417 data 58772
    regex_detector_test.go:84: Expected label ZipCode, got  ([]), file ZipCode.csv:20418 data 58773
    regex_detector_test.go:84: Expected label ZipCode, got  ([]), file ZipCode.csv:20419 data 58775
    regex_detector_test.go:84: Expected label ZipCode, got  ([]), file ZipCode.csv:20420 data 58776
    regex_detector_test.go:84: Expected label ZipCode, got  ([]), file ZipCode.csv:20421 data 58778
    regex_detector_test.go:84: Expected label ZipCode, got  ([]), file ZipCode.csv:20422 data 58779
    regex_detector_test.go:84: Expected label ZipCode, got  ([]), file ZipCode.csv:20423 data 58781
    regex_detector_test.go:84: Expected label ZipCode, got  ([]), file ZipCode.csv:20424 data 58782
    regex_detector_test.go:84: Expected label ZipCode, got  ([]), file ZipCode.csv:20425 data 58783
    regex_detector_test.go:84: Expected label ZipCode, got  ([]), file ZipCode.csv:20426 data 58784
    regex_detector_test.go:84: Expected label ZipCode, got  ([]), file ZipCode.csv:20427 data 58785
    regex_detector_test.go:84: Expected label ZipCode, got  ([]), file ZipCode.csv:20428 data 58787
    regex_detector_test.go:84: Expected label ZipCode, got  ([]), file ZipCode.csv:20429 data 58788
    regex_detector_test.go:84: Expected label ZipCode, got  ([]), file ZipCode.csv:20430 data 58789
    regex_detector_test.go:84: Expected label ZipCode, got  ([]), file ZipCode.csv:20431 data 58790
    regex_detector_test.go:84: Expected label ZipCode, got  ([]), file ZipCode.csv:20432 data 58792
    regex_detector_test.go:84: Expected label ZipCode, got  ([]), file ZipCode.csv:20433 data 58793
    regex_detector_test.go:84: Expected label ZipCode, got  ([]), file ZipCode.csv:20434 data 58794
    regex_detector_test.go:84: Expected label ZipCode, got  ([]), file ZipCode.csv:20435 data 58795
    regex_detector_test.go:84: Expected label ZipCode, got  ([]), file ZipCode.csv:20436 data 58801
    regex_detector_test.go:84: Expected label ZipCode, got  ([]), file ZipCode.csv:20437 data 58830
    regex_detector_test.go:84: Expected label ZipCode, got  ([]), file ZipCode.csv:20438 data 58831
    regex_detector_test.go:84: Expected label ZipCode, got  ([]), file ZipCode.csv:20439 data 58833
    regex_detector_test.go:84: Expected label ZipCode, got  ([]), file ZipCode.csv:20440 data 58835
    regex_detector_test.go:84: Expected label ZipCode, got  ([]), file ZipCode.csv:20441 data 58838
    regex_detector_test.go:84: Expected label ZipCode, got  ([]), file ZipCode.csv:20442 data 58843
    regex_detector_test.go:84: Expected label ZipCode, got  ([]), file ZipCode.csv:20443 data 58844
    regex_detector_test.go:84: Expected label ZipCode, got  ([]), file ZipCode.csv:20444 data 58845
    regex_detector_test.go:84: Expected label ZipCode, got  ([]), file ZipCode.csv:20445 data 58847
    regex_detector_test.go:84: Expected label ZipCode, got  ([]), file ZipCode.csv:20446 data 58849
    regex_detector_test.go:84: Expected label ZipCode, got  ([]), file ZipCode.csv:20447 data 58852
    regex_detector_test.go:84: Expected label ZipCode, got  ([]), file ZipCode.csv:20448 data 58853
    regex_detector_test.go:84: Expected label ZipCode, got  ([]), file ZipCode.csv:20449 data 58854
    regex_detector_test.go:84: Expected label ZipCode, got  ([]), file ZipCode.csv:20450 data 58856
    regex_detector_test.go:84: Expected label ZipCode, got  ([]), file ZipCode.csv:20451 data 59001
    regex_detector_test.go:84: Expected label ZipCode, got  ([]), file ZipCode.csv:20452 data 59002
    regex_detector_test.go:84: Expected label ZipCode, got  ([]), file ZipCode.csv:20453 data 59003
    regex_detector_test.go:84: Expected label ZipCode, got  ([]), file ZipCode.csv:20454 data 59006
    regex_detector_test.go:84: Expected label ZipCode, got  ([]), file ZipCode.csv:20455 data 59007
    regex_detector_test.go:84: Expected label ZipCode, got  ([]), file ZipCode.csv:20456 data 59008
    regex_detector_test.go:84: Expected label ZipCode, got  ([]), file ZipCode.csv:20457 data 59010
    regex_detector_test.go:84: Expected label ZipCode, got  ([]), file ZipCode.csv:20458 data 59011
    regex_detector_test.go:84: Expected label ZipCode, got  ([]), file ZipCode.csv:20459 data 59012
    regex_detector_test.go:84: Expected label ZipCode, got  ([]), file ZipCode.csv:20460 data 59013
    regex_detector_test.go:84: Expected label ZipCode, got  ([]), file ZipCode.csv:20461 data 59014
    regex_detector_test.go:84: Expected label ZipCode, got  ([]), file ZipCode.csv:20462 data 59015
    regex_detector_test.go:84: Expected label ZipCode, got  ([]), file ZipCode.csv:20463 data 59016
    regex_detector_test.go:84: Expected label ZipCode, got  ([]), file ZipCode.csv:20464 data 59018
    regex_detector_test.go:84: Expected label ZipCode, got  ([]), file ZipCode.csv:20465 data 59019
    regex_detector_test.go:84: Expected label ZipCode, got  ([]), file ZipCode.csv:20466 data 59020
    regex_detector_test.go:84: Expected label ZipCode, got  ([]), file ZipCode.csv:20467 data 59022
    regex_detector_test.go:84: Expected label ZipCode, got  ([]), file ZipCode.csv:20468 data 59024
    regex_detector_test.go:84: Expected label ZipCode, got  ([]), file ZipCode.csv:20469 data 59025
    regex_detector_test.go:84: Expected label ZipCode, got  ([]), file ZipCode.csv:20470 data 59026
    regex_detector_test.go:84: Expected label ZipCode, got  ([]), file ZipCode.csv:20471 data 59027
    regex_detector_test.go:84: Expected label ZipCode, got  ([]), file ZipCode.csv:20472 data 59028
    regex_detector_test.go:84: Expected label ZipCode, got  ([]), file ZipCode.csv:20473 data 59029
    regex_detector_test.go:84: Expected label ZipCode, got  ([]), file ZipCode.csv:20474 data 59030
    regex_detector_test.go:84: Expected label ZipCode, got  ([]), file ZipCode.csv:20475 data 59031
    regex_detector_test.go:84: Expected label ZipCode, got  ([]), file ZipCode.csv:20476 data 59032
    regex_detector_test.go:84: Expected label ZipCode, got  ([]), file ZipCode.csv:20477 data 59033
    regex_detector_test.go:84: Expected label ZipCode, got  ([]), file ZipCode.csv:20478 data 59034
    regex_detector_test.go:84: Expected label ZipCode, got  ([]), file ZipCode.csv:20479 data 59035
    regex_detector_test.go:84: Expected label ZipCode, got  ([]), file ZipCode.csv:20480 data 59036
    regex_detector_test.go:84: Expected label ZipCode, got  ([]), file ZipCode.csv:20481 data 59037
    regex_detector_test.go:84: Expected label ZipCode, got  ([]), file ZipCode.csv:20482 data 59038
    regex_detector_test.go:84: Expected label ZipCode, got  ([]), file ZipCode.csv:20483 data 59039
    regex_detector_test.go:84: Expected label ZipCode, got  ([]), file ZipCode.csv:20484 data 59041
    regex_detector_test.go:84: Expected label ZipCode, got  ([]), file ZipCode.csv:20485 data 59043
    regex_detector_test.go:84: Expected label ZipCode, got  ([]), file ZipCode.csv:20486 data 59044
    regex_detector_test.go:84: Expected label ZipCode, got  ([]), file ZipCode.csv:20487 data 59046
    regex_detector_test.go:84: Expected label ZipCode, got  ([]), file ZipCode.csv:20488 data 59047
    regex_detector_test.go:84: Expected label ZipCode, got  ([]), file ZipCode.csv:20489 data 59050
    regex_detector_test.go:84: Expected label ZipCode, got  ([]), file ZipCode.csv:20490 data 59052
    regex_detector_test.go:84: Expected label ZipCode, got  ([]), file ZipCode.csv:20491 data 59053
    regex_detector_test.go:84: Expected label ZipCode, got  ([]), file ZipCode.csv:20492 data 59054
    regex_detector_test.go:84: Expected label ZipCode, got  ([]), file ZipCode.csv:20493 data 59055
    regex_detector_test.go:84: Expected label ZipCode, got  ([]), file ZipCode.csv:20494 data 59057
    regex_detector_test.go:84: Expected label ZipCode, got  ([]), file ZipCode.csv:20495 data 59058
    regex_detector_test.go:84: Expected label ZipCode, got  ([]), file ZipCode.csv:20496 data 59059
    regex_detector_test.go:84: Expected label ZipCode, got  ([]), file ZipCode.csv:20497 data 59061
    regex_detector_test.go:84: Expected label ZipCode, got  ([]), file ZipCode.csv:20498 data 59062
    regex_detector_test.go:84: Expected label ZipCode, got  ([]), file ZipCode.csv:20499 data 59063
    regex_detector_test.go:84: Expected label ZipCode, got  ([]), file ZipCode.csv:20500 data 59064
    regex_detector_test.go:84: Expected label ZipCode, got  ([]), file ZipCode.csv:20501 data 59065
    regex_detector_test.go:84: Expected label ZipCode, got  ([]), file ZipCode.csv:20502 data 59066
    regex_detector_test.go:84: Expected label ZipCode, got  ([]), file ZipCode.csv:20503 data 59067
    regex_detector_test.go:84: Expected label ZipCode, got  ([]), file ZipCode.csv:20504 data 59068
    regex_detector_test.go:84: Expected label ZipCode, got  ([]), file ZipCode.csv:20505 data 59069
    regex_detector_test.go:84: Expected label ZipCode, got  ([]), file ZipCode.csv:20506 data 59070
    regex_detector_test.go:84: Expected label ZipCode, got  ([]), file ZipCode.csv:20507 data 59071
    regex_detector_test.go:84: Expected label ZipCode, got  ([]), file ZipCode.csv:20508 data 59072
    regex_detector_test.go:84: Expected label ZipCode, got  ([]), file ZipCode.csv:20509 data 59074
    regex_detector_test.go:84: Expected label ZipCode, got  ([]), file ZipCode.csv:20510 data 59075
    regex_detector_test.go:84: Expected label ZipCode, got  ([]), file ZipCode.csv:20511 data 59076
    regex_detector_test.go:84: Expected label ZipCode, got  ([]), file ZipCode.csv:20512 data 59077
    regex_detector_test.go:84: Expected label ZipCode, got  ([]), file ZipCode.csv:20513 data 59078
    regex_detector_test.go:84: Expected label ZipCode, got  ([]), file ZipCode.csv:20514 data 59079
    regex_detector_test.go:84: Expected label ZipCode, got  ([]), file ZipCode.csv:20515 data 59081
    regex_detector_test.go:84: Expected label ZipCode, got  ([]), file ZipCode.csv:20516 data 59082
    regex_detector_test.go:84: Expected label ZipCode, got  ([]), file ZipCode.csv:20517 data 59083
    regex_detector_test.go:84: Expected label ZipCode, got  ([]), file ZipCode.csv:20518 data 59085
    regex_detector_test.go:84: Expected label ZipCode, got  ([]), file ZipCode.csv:20519 data 59086
    regex_detector_test.go:84: Expected label ZipCode, got  ([]), file ZipCode.csv:20520 data 59087
    regex_detector_test.go:84: Expected label ZipCode, got  ([]), file ZipCode.csv:20521 data 59088
    regex_detector_test.go:84: Expected label ZipCode, got  ([]), file ZipCode.csv:20522 data 59089
    regex_detector_test.go:84: Expected label ZipCode, got  ([]), file ZipCode.csv:20523 data 59101
    regex_detector_test.go:84: Expected label ZipCode, got  ([]), file ZipCode.csv:20524 data 59102
    regex_detector_test.go:84: Expected label ZipCode, got  ([]), file ZipCode.csv:20525 data 59105
    regex_detector_test.go:84: Expected label ZipCode, got  ([]), file ZipCode.csv:20526 data 59106
    regex_detector_test.go:84: Expected label ZipCode, got  ([]), file ZipCode.csv:20527 data 59201
    regex_detector_test.go:84: Expected label ZipCode, got  ([]), file ZipCode.csv:20528 data 59211
    regex_detector_test.go:84: Expected label ZipCode, got  ([]), file ZipCode.csv:20529 data 59212
    regex_detector_test.go:84: Expected label ZipCode, got  ([]), file ZipCode.csv:20530 data 59213
    regex_detector_test.go:84: Expected label ZipCode, got  ([]), file ZipCode.csv:20531 data 59214
    regex_detector_test.go:84: Expected label ZipCode, got  ([]), file ZipCode.csv:20532 data 59215
    regex_detector_test.go:84: Expected label ZipCode, got  ([]), file ZipCode.csv:20533 data 59217
    regex_detector_test.go:84: Expected label ZipCode, got  ([]), file ZipCode.csv:20534 data 59218
    regex_detector_test.go:84: Expected label ZipCode, got  ([]), file ZipCode.csv:20535 data 59219
    regex_detector_test.go:84: Expected label ZipCode, got  ([]), file ZipCode.csv:20536 data 59221
    regex_detector_test.go:84: Expected label ZipCode, got  ([]), file ZipCode.csv:20537 data 59222
    regex_detector_test.go:84: Expected label ZipCode, got  ([]), file ZipCode.csv:20538 data 59223
    regex_detector_test.go:84: Expected label ZipCode, got  ([]), file ZipCode.csv:20539 data 59225
    regex_detector_test.go:84: Expected label ZipCode, got  ([]), file ZipCode.csv:20540 data 59226
    regex_detector_test.go:84: Expected label ZipCode, got  ([]), file ZipCode.csv:20541 data 59230
    regex_detector_test.go:84: Expected label ZipCode, got  ([]), file ZipCode.csv:20542 data 59231
    regex_detector_test.go:84: Expected label ZipCode, got  ([]), file ZipCode.csv:20543 data 59240
    regex_detector_test.go:84: Expected label ZipCode, got  ([]), file ZipCode.csv:20544 data 59241
    regex_detector_test.go:84: Expected label ZipCode, got  ([]), file ZipCode.csv:20545 data 59242
    regex_detector_test.go:84: Expected label ZipCode, got  ([]), file ZipCode.csv:20546 data 59243
    regex_detector_test.go:84: Expected label ZipCode, got  ([]), file ZipCode.csv:20547 data 59244
    regex_detector_test.go:84: Expected label ZipCode, got  ([]), file ZipCode.csv:20548 data 59247
    regex_detector_test.go:84: Expected label ZipCode, got  ([]), file ZipCode.csv:20549 data 59248
    regex_detector_test.go:84: Expected label ZipCode, got  ([]), file ZipCode.csv:20550 data 59250
    regex_detector_test.go:84: Expected label ZipCode, got  ([]), file ZipCode.csv:20551 data 59252
    regex_detector_test.go:84: Expected label ZipCode, got  ([]), file ZipCode.csv:20552 data 59253
    regex_detector_test.go:84: Expected label ZipCode, got  ([]), file ZipCode.csv:20553 data 59254
    regex_detector_test.go:84: Expected label ZipCode, got  ([]), file ZipCode.csv:20554 data 59255
    regex_detector_test.go:84: Expected label ZipCode, got  ([]), file ZipCode.csv:20555 data 59256
    regex_detector_test.go:84: Expected label ZipCode, got  ([]), file ZipCode.csv:20556 data 59257
    regex_detector_test.go:84: Expected label ZipCode, got  ([]), file ZipCode.csv:20557 data 59258
    regex_detector_test.go:84: Expected label ZipCode, got  ([]), file ZipCode.csv:20558 data 59259
    regex_detector_test.go:84: Expected label ZipCode, got  ([]), file ZipCode.csv:20559 data 59260
    regex_detector_test.go:84: Expected label ZipCode, got  ([]), file ZipCode.csv:20560 data 59261
    regex_detector_test.go:84: Expected label ZipCode, got  ([]), file ZipCode.csv:20561 data 59262
    regex_detector_test.go:84: Expected label ZipCode, got  ([]), file ZipCode.csv:20562 data 59263
    regex_detector_test.go:84: Expected label ZipCode, got  ([]), file ZipCode.csv:20563 data 59270
    regex_detector_test.go:84: Expected label ZipCode, got  ([]), file ZipCode.csv:20564 data 59273
    regex_detector_test.go:84: Expected label ZipCode, got  ([]), file ZipCode.csv:20565 data 59274
    regex_detector_test.go:84: Expected label ZipCode, got  ([]), file ZipCode.csv:20566 data 59275
    regex_detector_test.go:84: Expected label ZipCode, got  ([]), file ZipCode.csv:20567 data 59276
    regex_detector_test.go:84: Expected label ZipCode, got  ([]), file ZipCode.csv:20568 data 59301
    regex_detector_test.go:84: Expected label ZipCode, got  ([]), file ZipCode.csv:20569 data 59311
    regex_detector_test.go:84: Expected label ZipCode, got  ([]), file ZipCode.csv:20570 data 59312
    regex_detector_test.go:84: Expected label ZipCode, got  ([]), file ZipCode.csv:20571 data 59313
    regex_detector_test.go:84: Expected label ZipCode, got  ([]), file ZipCode.csv:20572 data 59314
    regex_detector_test.go:84: Expected label ZipCode, got  ([]), file ZipCode.csv:20573 data 59315
    regex_detector_test.go:84: Expected label ZipCode, got  ([]), file ZipCode.csv:20574 data 59316
    regex_detector_test.go:84: Expected label ZipCode, got  ([]), file ZipCode.csv:20575 data 59317
    regex_detector_test.go:84: Expected label ZipCode, got  ([]), file ZipCode.csv:20576 data 59318
    regex_detector_test.go:84: Expected label ZipCode, got  ([]), file ZipCode.csv:20577 data 59319
    regex_detector_test.go:84: Expected label ZipCode, got  ([]), file ZipCode.csv:20578 data 59322
    regex_detector_test.go:84: Expected label ZipCode, got  ([]), file ZipCode.csv:20579 data 59323
    regex_detector_test.go:84: Expected label ZipCode, got  ([]), file ZipCode.csv:20580 data 59324
    regex_detector_test.go:84: Expected label ZipCode, got  ([]), file ZipCode.csv:20581 data 59326
    regex_detector_test.go:84: Expected label ZipCode, got  ([]), file ZipCode.csv:20582 data 59327
    regex_detector_test.go:84: Expected label ZipCode, got  ([]), file ZipCode.csv:20583 data 59330
    regex_detector_test.go:84: Expected label ZipCode, got  ([]), file ZipCode.csv:20584 data 59332
    regex_detector_test.go:84: Expected label ZipCode, got  ([]), file ZipCode.csv:20585 data 59333
    regex_detector_test.go:84: Expected label ZipCode, got  ([]), file ZipCode.csv:20586 data 59336
    regex_detector_test.go:84: Expected label ZipCode, got  ([]), file ZipCode.csv:20587 data 59337
    regex_detector_test.go:84: Expected label ZipCode, got  ([]), file ZipCode.csv:20588 data 59338
    regex_detector_test.go:84: Expected label ZipCode, got  ([]), file ZipCode.csv:20589 data 59339
    regex_detector_test.go:84: Expected label ZipCode, got  ([]), file ZipCode.csv:20590 data 59343
    regex_detector_test.go:84: Expected label ZipCode, got  ([]), file ZipCode.csv:20591 data 59344
    regex_detector_test.go:84: Expected label ZipCode, got  ([]), file ZipCode.csv:20592 data 59345
    regex_detector_test.go:84: Expected label ZipCode, got  ([]), file ZipCode.csv:20593 data 59347
    regex_detector_test.go:84: Expected label ZipCode, got  ([]), file ZipCode.csv:20594 data 59349
    regex_detector_test.go:84: Expected label ZipCode, got  ([]), file ZipCode.csv:20595 data 59351
    regex_detector_test.go:84: Expected label ZipCode, got  ([]), file ZipCode.csv:20596 data 59353
    regex_detector_test.go:84: Expected label ZipCode, got  ([]), file ZipCode.csv:20597 data 59354
    regex_detector_test.go:84: Expected label ZipCode, got  ([]), file ZipCode.csv:20598 data 59401
    regex_detector_test.go:84: Expected label ZipCode, got  ([]), file ZipCode.csv:20599 data 59404
    regex_detector_test.go:84: Expected label ZipCode, got  ([]), file ZipCode.csv:20600 data 59405
    regex_detector_test.go:84: Expected label ZipCode, got  ([]), file ZipCode.csv:20601 data 59410
    regex_detector_test.go:84: Expected label ZipCode, got  ([]), file ZipCode.csv:20602 data 59411
    regex_detector_test.go:84: Expected label ZipCode, got  ([]), file ZipCode.csv:20603 data 59412
    regex_detector_test.go:84: Expected label ZipCode, got  ([]), file ZipCode.csv:20604 data 59414
    regex_detector_test.go:84: Expected label ZipCode, got  ([]), file ZipCode.csv:20605 data 59416
    regex_detector_test.go:84: Expected label ZipCode, got  ([]), file ZipCode.csv:20606 data 59417
    regex_detector_test.go:84: Expected label ZipCode, got  ([]), file ZipCode.csv:20607 data 59418
    regex_detector_test.go:84: Expected label ZipCode, got  ([]), file ZipCode.csv:20608 data 59419
    regex_detector_test.go:84: Expected label ZipCode, got  ([]), file ZipCode.csv:20609 data 59420
    regex_detector_test.go:84: Expected label ZipCode, got  ([]), file ZipCode.csv:20610 data 59421
    regex_detector_test.go:84: Expected label ZipCode, got  ([]), file ZipCode.csv:20611 data 59422
    regex_detector_test.go:84: Expected label ZipCode, got  ([]), file ZipCode.csv:20612 data 59424
    regex_detector_test.go:84: Expected label ZipCode, got  ([]), file ZipCode.csv:20613 data 59425
    regex_detector_test.go:84: Expected label ZipCode, got  ([]), file ZipCode.csv:20614 data 59427
    regex_detector_test.go:84: Expected label ZipCode, got  ([]), file ZipCode.csv:20615 data 59430
    regex_detector_test.go:84: Expected label ZipCode, got  ([]), file ZipCode.csv:20616 data 59432
    regex_detector_test.go:84: Expected label ZipCode, got  ([]), file ZipCode.csv:20617 data 59433
    regex_detector_test.go:84: Expected label ZipCode, got  ([]), file ZipCode.csv:20618 data 59434
    regex_detector_test.go:84: Expected label ZipCode, got  ([]), file ZipCode.csv:20619 data 59435
    regex_detector_test.go:84: Expected label ZipCode, got  ([]), file ZipCode.csv:20620 data 59436
    regex_detector_test.go:84: Expected label ZipCode, got  ([]), file ZipCode.csv:20621 data 59440
    regex_detector_test.go:84: Expected label ZipCode, got  ([]), file ZipCode.csv:20622 data 59441
    regex_detector_test.go:84: Expected label ZipCode, got  ([]), file ZipCode.csv:20623 data 59442
    regex_detector_test.go:84: Expected label ZipCode, got  ([]), file ZipCode.csv:20624 data 59443
    regex_detector_test.go:84: Expected label ZipCode, got  ([]), file ZipCode.csv:20625 data 59444
    regex_detector_test.go:84: Expected label ZipCode, got  ([]), file ZipCode.csv:20626 data 59446
    regex_detector_test.go:84: Expected label ZipCode, got  ([]), file ZipCode.csv:20627 data 59447
    regex_detector_test.go:84: Expected label ZipCode, got  ([]), file ZipCode.csv:20628 data 59448
    regex_detector_test.go:84: Expected label ZipCode, got  ([]), file ZipCode.csv:20629 data 59450
    regex_detector_test.go:84: Expected label ZipCode, got  ([]), file ZipCode.csv:20630 data 59451
    regex_detector_test.go:84: Expected label ZipCode, got  ([]), file ZipCode.csv:20631 data 59452
    regex_detector_test.go:84: Expected label ZipCode, got  ([]), file ZipCode.csv:20632 data 59453
    regex_detector_test.go:84: Expected label ZipCode, got  ([]), file ZipCode.csv:20633 data 59454
    regex_detector_test.go:84: Expected label ZipCode, got  ([]), file ZipCode.csv:20634 data 59456
    regex_detector_test.go:84: Expected label ZipCode, got  ([]), file ZipCode.csv:20635 data 59457
    regex_detector_test.go:84: Expected label ZipCode, got  ([]), file ZipCode.csv:20636 data 59460
    regex_detector_test.go:84: Expected label ZipCode, got  ([]), file ZipCode.csv:20637 data 59461
    regex_detector_test.go:84: Expected label ZipCode, got  ([]), file ZipCode.csv:20638 data 59462
    regex_detector_test.go:84: Expected label ZipCode, got  ([]), file ZipCode.csv:20639 data 59463
    regex_detector_test.go:84: Expected label ZipCode, got  ([]), file ZipCode.csv:20640 data 59464
    regex_detector_test.go:84: Expected label ZipCode, got  ([]), file ZipCode.csv:20641 data 59465
    regex_detector_test.go:84: Expected label ZipCode, got  ([]), file ZipCode.csv:20642 data 59466
    regex_detector_test.go:84: Expected label ZipCode, got  ([]), file ZipCode.csv:20643 data 59467
    regex_detector_test.go:84: Expected label ZipCode, got  ([]), file ZipCode.csv:20644 data 59468
    regex_detector_test.go:84: Expected label ZipCode, got  ([]), file ZipCode.csv:20645 data 59469
    regex_detector_test.go:84: Expected label ZipCode, got  ([]), file ZipCode.csv:20646 data 59471
    regex_detector_test.go:84: Expected label ZipCode, got  ([]), file ZipCode.csv:20647 data 59472
    regex_detector_test.go:84: Expected label ZipCode, got  ([]), file ZipCode.csv:20648 data 59474
    regex_detector_test.go:84: Expected label ZipCode, got  ([]), file ZipCode.csv:20649 data 59477
    regex_detector_test.go:84: Expected label ZipCode, got  ([]), file ZipCode.csv:20650 data 59479
    regex_detector_test.go:84: Expected label ZipCode, got  ([]), file ZipCode.csv:20651 data 59480
    regex_detector_test.go:84: Expected label ZipCode, got  ([]), file ZipCode.csv:20652 data 59482
    regex_detector_test.go:84: Expected label ZipCode, got  ([]), file ZipCode.csv:20653 data 59483
    regex_detector_test.go:84: Expected label ZipCode, got  ([]), file ZipCode.csv:20654 data 59484
    regex_detector_test.go:84: Expected label ZipCode, got  ([]), file ZipCode.csv:20655 data 59485
    regex_detector_test.go:84: Expected label ZipCode, got  ([]), file ZipCode.csv:20656 data 59486
    regex_detector_test.go:84: Expected label ZipCode, got  ([]), file ZipCode.csv:20657 data 59487
    regex_detector_test.go:84: Expected label ZipCode, got  ([]), file ZipCode.csv:20658 data 59489
    regex_detector_test.go:84: Expected label ZipCode, got  ([]), file ZipCode.csv:20659 data 59501
    regex_detector_test.go:84: Expected label ZipCode, got  ([]), file ZipCode.csv:20660 data 59520
    regex_detector_test.go:84: Expected label ZipCode, got  ([]), file ZipCode.csv:20661 data 59521
    regex_detector_test.go:84: Expected label ZipCode, got  ([]), file ZipCode.csv:20662 data 59522
    regex_detector_test.go:84: Expected label ZipCode, got  ([]), file ZipCode.csv:20663 data 59523
    regex_detector_test.go:84: Expected label ZipCode, got  ([]), file ZipCode.csv:20664 data 59524
    regex_detector_test.go:84: Expected label ZipCode, got  ([]), file ZipCode.csv:20665 data 59525
    regex_detector_test.go:84: Expected label ZipCode, got  ([]), file ZipCode.csv:20666 data 59526
    regex_detector_test.go:84: Expected label ZipCode, got  ([]), file ZipCode.csv:20667 data 59527
    regex_detector_test.go:84: Expected label ZipCode, got  ([]), file ZipCode.csv:20668 data 59528
    regex_detector_test.go:84: Expected label ZipCode, got  ([]), file ZipCode.csv:20669 data 59529
    regex_detector_test.go:84: Expected label ZipCode, got  ([]), file ZipCode.csv:20670 data 59530
    regex_detector_test.go:84: Expected label ZipCode, got  ([]), file ZipCode.csv:20671 data 59531
    regex_detector_test.go:84: Expected label ZipCode, got  ([]), file ZipCode.csv:20672 data 59532
    regex_detector_test.go:84: Expected label ZipCode, got  ([]), file ZipCode.csv:20673 data 59535
    regex_detector_test.go:84: Expected label ZipCode, got  ([]), file ZipCode.csv:20674 data 59537
    regex_detector_test.go:84: Expected label ZipCode, got  ([]), file ZipCode.csv:20675 data 59538
    regex_detector_test.go:84: Expected label ZipCode, got  ([]), file ZipCode.csv:20676 data 59540
    regex_detector_test.go:84: Expected label ZipCode, got  ([]), file ZipCode.csv:20677 data 59542
    regex_detector_test.go:84: Expected label ZipCode, got  ([]), file ZipCode.csv:20678 data 59544
    regex_detector_test.go:84: Expected label ZipCode, got  ([]), file ZipCode.csv:20679 data 59545
    regex_detector_test.go:84: Expected label ZipCode, got  ([]), file ZipCode.csv:20680 data 59546
    regex_detector_test.go:84: Expected label ZipCode, got  ([]), file ZipCode.csv:20681 data 59547
    regex_detector_test.go:84: Expected label ZipCode, got  ([]), file ZipCode.csv:20682 data 59601
    regex_detector_test.go:84: Expected label ZipCode, got  ([]), file ZipCode.csv:20683 data 59602
    regex_detector_test.go:84: Expected label ZipCode, got  ([]), file ZipCode.csv:20684 data 59623
    regex_detector_test.go:84: Expected label ZipCode, got  ([]), file ZipCode.csv:20685 data 59625
    regex_detector_test.go:84: Expected label ZipCode, got  ([]), file ZipCode.csv:20686 data 59631
    regex_detector_test.go:84: Expected label ZipCode, got  ([]), file ZipCode.csv:20687 data 59632
    regex_detector_test.go:84: Expected label ZipCode, got  ([]), file ZipCode.csv:20688 data 59633
    regex_detector_test.go:84: Expected label ZipCode, got  ([]), file ZipCode.csv:20689 data 59634
    regex_detector_test.go:84: Expected label ZipCode, got  ([]), file ZipCode.csv:20690 data 59635
    regex_detector_test.go:84: Expected label ZipCode, got  ([]), file ZipCode.csv:20691 data 59636
    regex_detector_test.go:84: Expected label ZipCode, got  ([]), file ZipCode.csv:20692 data 59638
    regex_detector_test.go:84: Expected label ZipCode, got  ([]), file ZipCode.csv:20693 data 59639
    regex_detector_test.go:84: Expected label ZipCode, got  ([]), file ZipCode.csv:20694 data 59640
    regex_detector_test.go:84: Expected label ZipCode, got  ([]), file ZipCode.csv:20695 data 59642
    regex_detector_test.go:84: Expected label ZipCode, got  ([]), file ZipCode.csv:20696 data 59643
    regex_detector_test.go:84: Expected label ZipCode, got  ([]), file ZipCode.csv:20697 data 59644
    regex_detector_test.go:84: Expected label ZipCode, got  ([]), file ZipCode.csv:20698 data 59645
    regex_detector_test.go:84: Expected label ZipCode, got  ([]), file ZipCode.csv:20699 data 59647
    regex_detector_test.go:84: Expected label ZipCode, got  ([]), file ZipCode.csv:20700 data 59648
    regex_detector_test.go:84: Expected label ZipCode, got  ([]), file ZipCode.csv:20701 data 59701
    regex_detector_test.go:84: Expected label ZipCode, got  ([]), file ZipCode.csv:20702 data 59710
    regex_detector_test.go:84: Expected label ZipCode, got  ([]), file ZipCode.csv:20703 data 59711
    regex_detector_test.go:84: Expected label ZipCode, got  ([]), file ZipCode.csv:20704 data 59713
    regex_detector_test.go:84: Expected label ZipCode, got  ([]), file ZipCode.csv:20705 data 59714
    regex_detector_test.go:84: Expected label ZipCode, got  ([]), file ZipCode.csv:20706 data 59715
    regex_detector_test.go:84: Expected label ZipCode, got  ([]), file ZipCode.csv:20707 data 59716
    regex_detector_test.go:84: Expected label ZipCode, got  ([]), file ZipCode.csv:20708 data 59718
    regex_detector_test.go:84: Expected label ZipCode, got  ([]), file ZipCode.csv:20709 data 59720
    regex_detector_test.go:84: Expected label ZipCode, got  ([]), file ZipCode.csv:20710 data 59721
    regex_detector_test.go:84: Expected label ZipCode, got  ([]), file ZipCode.csv:20711 data 59722
    regex_detector_test.go:84: Expected label ZipCode, got  ([]), file ZipCode.csv:20712 data 59724
    regex_detector_test.go:84: Expected label ZipCode, got  ([]), file ZipCode.csv:20713 data 59725
    regex_detector_test.go:84: Expected label ZipCode, got  ([]), file ZipCode.csv:20714 data 59727
    regex_detector_test.go:84: Expected label ZipCode, got  ([]), file ZipCode.csv:20715 data 59728
    regex_detector_test.go:84: Expected label ZipCode, got  ([]), file ZipCode.csv:20716 data 59729
    regex_detector_test.go:84: Expected label ZipCode, got  ([]), file ZipCode.csv:20717 data 59730
    regex_detector_test.go:84: Expected label ZipCode, got  ([]), file ZipCode.csv:20718 data 59731
    regex_detector_test.go:84: Expected label ZipCode, got  ([]), file ZipCode.csv:20719 data 59732
    regex_detector_test.go:84: Expected label ZipCode, got  ([]), file ZipCode.csv:20720 data 59733
    regex_detector_test.go:84: Expected label ZipCode, got  ([]), file ZipCode.csv:20721 data 59735
    regex_detector_test.go:84: Expected label ZipCode, got  ([]), file ZipCode.csv:20722 data 59736
    regex_detector_test.go:84: Expected label ZipCode, got  ([]), file ZipCode.csv:20723 data 59739
    regex_detector_test.go:84: Expected label ZipCode, got  ([]), file ZipCode.csv:20724 data 59740
    regex_detector_test.go:84: Expected label ZipCode, got  ([]), file ZipCode.csv:20725 data 59741
    regex_detector_test.go:84: Expected label ZipCode, got  ([]), file ZipCode.csv:20726 data 59743
    regex_detector_test.go:84: Expected label ZipCode, got  ([]), file ZipCode.csv:20727 data 59745
    regex_detector_test.go:84: Expected label ZipCode, got  ([]), file ZipCode.csv:20728 data 59746
    regex_detector_test.go:84: Expected label ZipCode, got  ([]), file ZipCode.csv:20729 data 59747
    regex_detector_test.go:84: Expected label ZipCode, got  ([]), file ZipCode.csv:20730 data 59748
    regex_detector_test.go:84: Expected label ZipCode, got  ([]), file ZipCode.csv:20731 data 59749
    regex_detector_test.go:84: Expected label ZipCode, got  ([]), file ZipCode.csv:20732 data 59750
    regex_detector_test.go:84: Expected label ZipCode, got  ([]), file ZipCode.csv:20733 data 59751
    regex_detector_test.go:84: Expected label ZipCode, got  ([]), file ZipCode.csv:20734 data 59752
    regex_detector_test.go:84: Expected label ZipCode, got  ([]), file ZipCode.csv:20735 data 59754
    regex_detector_test.go:84: Expected label ZipCode, got  ([]), file ZipCode.csv:20736 data 59755
    regex_detector_test.go:84: Expected label ZipCode, got  ([]), file ZipCode.csv:20737 data 59756
    regex_detector_test.go:84: Expected label ZipCode, got  ([]), file ZipCode.csv:20738 data 59758
    regex_detector_test.go:84: Expected label ZipCode, got  ([]), file ZipCode.csv:20739 data 59759
    regex_detector_test.go:84: Expected label ZipCode, got  ([]), file ZipCode.csv:20740 data 59760
    regex_detector_test.go:84: Expected label ZipCode, got  ([]), file ZipCode.csv:20741 data 59761
    regex_detector_test.go:84: Expected label ZipCode, got  ([]), file ZipCode.csv:20742 data 59762
    regex_detector_test.go:84: Expected label ZipCode, got  ([]), file ZipCode.csv:20743 data 59801
    regex_detector_test.go:84: Expected label ZipCode, got  ([]), file ZipCode.csv:20744 data 59802
    regex_detector_test.go:84: Expected label ZipCode, got  ([]), file ZipCode.csv:20745 data 59803
    regex_detector_test.go:84: Expected label ZipCode, got  ([]), file ZipCode.csv:20746 data 59804
    regex_detector_test.go:84: Expected label ZipCode, got  ([]), file ZipCode.csv:20747 data 59808
    regex_detector_test.go:84: Expected label ZipCode, got  ([]), file ZipCode.csv:20748 data 59812
    regex_detector_test.go:84: Expected label ZipCode, got  ([]), file ZipCode.csv:20749 data 59820
    regex_detector_test.go:84: Expected label ZipCode, got  ([]), file ZipCode.csv:20750 data 59821
    regex_detector_test.go:84: Expected label ZipCode, got  ([]), file ZipCode.csv:20751 data 59823
    regex_detector_test.go:84: Expected label ZipCode, got  ([]), file ZipCode.csv:20752 data 59824
    regex_detector_test.go:84: Expected label ZipCode, got  ([]), file ZipCode.csv:20753 data 59825
    regex_detector_test.go:84: Expected label ZipCode, got  ([]), file ZipCode.csv:20754 data 59826
    regex_detector_test.go:84: Expected label ZipCode, got  ([]), file ZipCode.csv:20755 data 59827
    regex_detector_test.go:84: Expected label ZipCode, got  ([]), file ZipCode.csv:20756 data 59828
    regex_detector_test.go:84: Expected label ZipCode, got  ([]), file ZipCode.csv:20757 data 59829
    regex_detector_test.go:84: Expected label ZipCode, got  ([]), file ZipCode.csv:20758 data 59830
    regex_detector_test.go:84: Expected label ZipCode, got  ([]), file ZipCode.csv:20759 data 59831
    regex_detector_test.go:84: Expected label ZipCode, got  ([]), file ZipCode.csv:20760 data 59832
    regex_detector_test.go:84: Expected label ZipCode, got  ([]), file ZipCode.csv:20761 data 59833
    regex_detector_test.go:84: Expected label ZipCode, got  ([]), file ZipCode.csv:20762 data 59834
    regex_detector_test.go:84: Expected label ZipCode, got  ([]), file ZipCode.csv:20763 data 59837
    regex_detector_test.go:84: Expected label ZipCode, got  ([]), file ZipCode.csv:20764 data 59840
    regex_detector_test.go:84: Expected label ZipCode, got  ([]), file ZipCode.csv:20765 data 59841
    regex_detector_test.go:84: Expected label ZipCode, got  ([]), file ZipCode.csv:20766 data 59842
    regex_detector_test.go:84: Expected label ZipCode, got  ([]), file ZipCode.csv:20767 data 59843
    regex_detector_test.go:84: Expected label ZipCode, got  ([]), file ZipCode.csv:20768 data 59844
    regex_detector_test.go:84: Expected label ZipCode, got  ([]), file ZipCode.csv:20769 data 59845
    regex_detector_test.go:84: Expected label ZipCode, got  ([]), file ZipCode.csv:20770 data 59846
    regex_detector_test.go:84: Expected label ZipCode, got  ([]), file ZipCode.csv:20771 data 59847
    regex_detector_test.go:84: Expected label ZipCode, got  ([]), file ZipCode.csv:20772 data 59848
    regex_detector_test.go:84: Expected label ZipCode, got  ([]), file ZipCode.csv:20773 data 59851
    regex_detector_test.go:84: Expected label ZipCode, got  ([]), file ZipCode.csv:20774 data 59853
    regex_detector_test.go:84: Expected label ZipCode, got  ([]), file ZipCode.csv:20775 data 59854
    regex_detector_test.go:84: Expected label ZipCode, got  ([]), file ZipCode.csv:20776 data 59855
    regex_detector_test.go:84: Expected label ZipCode, got  ([]), file ZipCode.csv:20777 data 59856
    regex_detector_test.go:84: Expected label ZipCode, got  ([]), file ZipCode.csv:20778 data 59858
    regex_detector_test.go:84: Expected label ZipCode, got  ([]), file ZipCode.csv:20779 data 59859
    regex_detector_test.go:84: Expected label ZipCode, got  ([]), file ZipCode.csv:20780 data 59860
    regex_detector_test.go:84: Expected label ZipCode, got  ([]), file ZipCode.csv:20781 data 59863
    regex_detector_test.go:84: Expected label ZipCode, got  ([]), file ZipCode.csv:20782 data 59864
    regex_detector_test.go:84: Expected label ZipCode, got  ([]), file ZipCode.csv:20783 data 59865
    regex_detector_test.go:84: Expected label ZipCode, got  ([]), file ZipCode.csv:20784 data 59866
    regex_detector_test.go:84: Expected label ZipCode, got  ([]), file ZipCode.csv:20785 data 59867
    regex_detector_test.go:84: Expected label ZipCode, got  ([]), file ZipCode.csv:20786 data 59868
    regex_detector_test.go:84: Expected label ZipCode, got  ([]), file ZipCode.csv:20787 data 59870
    regex_detector_test.go:84: Expected label ZipCode, got  ([]), file ZipCode.csv:20788 data 59871
    regex_detector_test.go:84: Expected label ZipCode, got  ([]), file ZipCode.csv:20789 data 59872
    regex_detector_test.go:84: Expected label ZipCode, got  ([]), file ZipCode.csv:20790 data 59873
    regex_detector_test.go:84: Expected label ZipCode, got  ([]), file ZipCode.csv:20791 data 59874
    regex_detector_test.go:84: Expected label ZipCode, got  ([]), file ZipCode.csv:20792 data 59875
    regex_detector_test.go:84: Expected label ZipCode, got  ([]), file ZipCode.csv:20793 data 59901
    regex_detector_test.go:84: Expected label ZipCode, got  ([]), file ZipCode.csv:20794 data 59910
    regex_detector_test.go:84: Expected label ZipCode, got  ([]), file ZipCode.csv:20795 data 59911
    regex_detector_test.go:84: Expected label ZipCode, got  ([]), file ZipCode.csv:20796 data 59912
    regex_detector_test.go:84: Expected label ZipCode, got  ([]), file ZipCode.csv:20797 data 59913
    regex_detector_test.go:84: Expected label ZipCode, got  ([]), file ZipCode.csv:20798 data 59914
    regex_detector_test.go:84: Expected label ZipCode, got  ([]), file ZipCode.csv:20799 data 59915
    regex_detector_test.go:84: Expected label ZipCode, got  ([]), file ZipCode.csv:20800 data 59916
    regex_detector_test.go:84: Expected label ZipCode, got  ([]), file ZipCode.csv:20801 data 59917
    regex_detector_test.go:84: Expected label ZipCode, got  ([]), file ZipCode.csv:20802 data 59918
    regex_detector_test.go:84: Expected label ZipCode, got  ([]), file ZipCode.csv:20803 data 59919
    regex_detector_test.go:84: Expected label ZipCode, got  ([]), file ZipCode.csv:20804 data 59920
    regex_detector_test.go:84: Expected label ZipCode, got  ([]), file ZipCode.csv:20805 data 59922
    regex_detector_test.go:84: Expected label ZipCode, got  ([]), file ZipCode.csv:20806 data 59923
    regex_detector_test.go:84: Expected label ZipCode, got  ([]), file ZipCode.csv:20807 data 59925
    regex_detector_test.go:84: Expected label ZipCode, got  ([]), file ZipCode.csv:20808 data 59926
    regex_detector_test.go:84: Expected label ZipCode, got  ([]), file ZipCode.csv:20809 data 59927
    regex_detector_test.go:84: Expected label ZipCode, got  ([]), file ZipCode.csv:20810 data 59928
    regex_detector_test.go:84: Expected label ZipCode, got  ([]), file ZipCode.csv:20811 data 59929
    regex_detector_test.go:84: Expected label ZipCode, got  ([]), file ZipCode.csv:20812 data 59930
    regex_detector_test.go:84: Expected label ZipCode, got  ([]), file ZipCode.csv:20813 data 59931
    regex_detector_test.go:84: Expected label ZipCode, got  ([]), file ZipCode.csv:20814 data 59932
    regex_detector_test.go:84: Expected label ZipCode, got  ([]), file ZipCode.csv:20815 data 59933
    regex_detector_test.go:84: Expected label ZipCode, got  ([]), file ZipCode.csv:20816 data 59934
    regex_detector_test.go:84: Expected label ZipCode, got  ([]), file ZipCode.csv:20817 data 59935
    regex_detector_test.go:84: Expected label ZipCode, got  ([]), file ZipCode.csv:20818 data 59936
    regex_detector_test.go:84: Expected label ZipCode, got  ([]), file ZipCode.csv:20819 data 59937
    regex_detector_test.go:84: Expected label ZipCode, got  ([]), file ZipCode.csv:20820 data 60002
    regex_detector_test.go:84: Expected label ZipCode, got  ([]), file ZipCode.csv:20821 data 60004
    regex_detector_test.go:84: Expected label ZipCode, got  ([]), file ZipCode.csv:20822 data 60005
    regex_detector_test.go:84: Expected label ZipCode, got  ([]), file ZipCode.csv:20823 data 60007
    regex_detector_test.go:84: Expected label ZipCode, got  ([]), file ZipCode.csv:20824 data 60008
    regex_detector_test.go:84: Expected label ZipCode, got  ([]), file ZipCode.csv:20825 data 60010
    regex_detector_test.go:84: Expected label ZipCode, got  ([]), file ZipCode.csv:20826 data 60012
    regex_detector_test.go:84: Expected label ZipCode, got  ([]), file ZipCode.csv:20827 data 60013
    regex_detector_test.go:84: Expected label ZipCode, got  ([]), file ZipCode.csv:20828 data 60014
    regex_detector_test.go:84: Expected label ZipCode, got  ([]), file ZipCode.csv:20829 data 60015
    regex_detector_test.go:84: Expected label ZipCode, got  ([]), file ZipCode.csv:20830 data 60016
    regex_detector_test.go:84: Expected label ZipCode, got  ([]), file ZipCode.csv:20831 data 60018
    regex_detector_test.go:84: Expected label ZipCode, got  ([]), file ZipCode.csv:20832 data 60020
    regex_detector_test.go:84: Expected label ZipCode, got  ([]), file ZipCode.csv:20833 data 60021
    regex_detector_test.go:84: Expected label ZipCode, got  ([]), file ZipCode.csv:20834 data 60022
    regex_detector_test.go:84: Expected label ZipCode, got  ([]), file ZipCode.csv:20835 data 60025
    regex_detector_test.go:84: Expected label ZipCode, got  ([]), file ZipCode.csv:20836 data 60026
    regex_detector_test.go:84: Expected label ZipCode, got  ([]), file ZipCode.csv:20837 data 60029
    regex_detector_test.go:84: Expected label ZipCode, got  ([]), file ZipCode.csv:20838 data 60030
    regex_detector_test.go:84: Expected label ZipCode, got  ([]), file ZipCode.csv:20839 data 60031
    regex_detector_test.go:84: Expected label ZipCode, got  ([]), file ZipCode.csv:20840 data 60033
    regex_detector_test.go:84: Expected label ZipCode, got  ([]), file ZipCode.csv:20841 data 60034
    regex_detector_test.go:84: Expected label ZipCode, got  ([]), file ZipCode.csv:20842 data 60035
    regex_detector_test.go:84: Expected label ZipCode, got  ([]), file ZipCode.csv:20843 data 60040
    regex_detector_test.go:84: Expected label ZipCode, got  ([]), file ZipCode.csv:20844 data 60041
    regex_detector_test.go:84: Expected label ZipCode, got  ([]), file ZipCode.csv:20845 data 60042
    regex_detector_test.go:84: Expected label ZipCode, got  ([]), file ZipCode.csv:20846 data 60043
    regex_detector_test.go:84: Expected label ZipCode, got  ([]), file ZipCode.csv:20847 data 60044
    regex_detector_test.go:84: Expected label ZipCode, got  ([]), file ZipCode.csv:20848 data 60045
    regex_detector_test.go:84: Expected label ZipCode, got  ([]), file ZipCode.csv:20849 data 60046
    regex_detector_test.go:84: Expected label ZipCode, got  ([]), file ZipCode.csv:20850 data 60047
    regex_detector_test.go:84: Expected label ZipCode, got  ([]), file ZipCode.csv:20851 data 60048
    regex_detector_test.go:84: Expected label ZipCode, got  ([]), file ZipCode.csv:20852 data 60050
    regex_detector_test.go:84: Expected label ZipCode, got  ([]), file ZipCode.csv:20853 data 60051
    regex_detector_test.go:84: Expected label ZipCode, got  ([]), file ZipCode.csv:20854 data 60053
    regex_detector_test.go:84: Expected label ZipCode, got  ([]), file ZipCode.csv:20855 data 60056
    regex_detector_test.go:84: Expected label ZipCode, got  ([]), file ZipCode.csv:20856 data 60060
    regex_detector_test.go:84: Expected label ZipCode, got  ([]), file ZipCode.csv:20857 data 60061
    regex_detector_test.go:84: Expected label ZipCode, got  ([]), file ZipCode.csv:20858 data 60062
    regex_detector_test.go:84: Expected label ZipCode, got  ([]), file ZipCode.csv:20859 data 60064
    regex_detector_test.go:84: Expected label ZipCode, got  ([]), file ZipCode.csv:20860 data 60067
    regex_detector_test.go:84: Expected label ZipCode, got  ([]), file ZipCode.csv:20861 data 60068
    regex_detector_test.go:84: Expected label ZipCode, got  ([]), file ZipCode.csv:20862 data 60069
    regex_detector_test.go:84: Expected label ZipCode, got  ([]), file ZipCode.csv:20863 data 60070
    regex_detector_test.go:84: Expected label ZipCode, got  ([]), file ZipCode.csv:20864 data 60071
    regex_detector_test.go:84: Expected label ZipCode, got  ([]), file ZipCode.csv:20865 data 60072
    regex_detector_test.go:84: Expected label ZipCode, got  ([]), file ZipCode.csv:20866 data 60073
    regex_detector_test.go:84: Expected label ZipCode, got  ([]), file ZipCode.csv:20867 data 60074
    regex_detector_test.go:84: Expected label ZipCode, got  ([]), file ZipCode.csv:20868 data 60075
    regex_detector_test.go:84: Expected label ZipCode, got  ([]), file ZipCode.csv:20869 data 60076
    regex_detector_test.go:84: Expected label ZipCode, got  ([]), file ZipCode.csv:20870 data 60077
    regex_detector_test.go:84: Expected label ZipCode, got  ([]), file ZipCode.csv:20871 data 60081
    regex_detector_test.go:84: Expected label ZipCode, got  ([]), file ZipCode.csv:20872 data 60083
    regex_detector_test.go:84: Expected label ZipCode, got  ([]), file ZipCode.csv:20873 data 60084
    regex_detector_test.go:84: Expected label ZipCode, got  ([]), file ZipCode.csv:20874 data 60085
    regex_detector_test.go:84: Expected label ZipCode, got  ([]), file ZipCode.csv:20875 data 60087
    regex_detector_test.go:84: Expected label ZipCode, got  ([]), file ZipCode.csv:20876 data 60088
    regex_detector_test.go:84: Expected label ZipCode, got  ([]), file ZipCode.csv:20877 data 60089
    regex_detector_test.go:84: Expected label ZipCode, got  ([]), file ZipCode.csv:20878 data 60090
    regex_detector_test.go:84: Expected label ZipCode, got  ([]), file ZipCode.csv:20879 data 60091
    regex_detector_test.go:84: Expected label ZipCode, got  ([]), file ZipCode.csv:20880 data 60093
    regex_detector_test.go:84: Expected label ZipCode, got  ([]), file ZipCode.csv:20881 data 60096
    regex_detector_test.go:84: Expected label ZipCode, got  ([]), file ZipCode.csv:20882 data 60097
    regex_detector_test.go:84: Expected label ZipCode, got  ([]), file ZipCode.csv:20883 data 60098
    regex_detector_test.go:84: Expected label ZipCode, got  ([]), file ZipCode.csv:20884 data 60099
    regex_detector_test.go:84: Expected label ZipCode, got  ([]), file ZipCode.csv:20885 data 60101
    regex_detector_test.go:84: Expected label ZipCode, got  ([]), file ZipCode.csv:20886 data 60102
    regex_detector_test.go:84: Expected label ZipCode, got  ([]), file ZipCode.csv:20887 data 60103
    regex_detector_test.go:84: Expected label ZipCode, got  ([]), file ZipCode.csv:20888 data 60104
    regex_detector_test.go:84: Expected label ZipCode, got  ([]), file ZipCode.csv:20889 data 60106
    regex_detector_test.go:84: Expected label ZipCode, got  ([]), file ZipCode.csv:20890 data 60107
    regex_detector_test.go:84: Expected label ZipCode, got  ([]), file ZipCode.csv:20891 data 60108
    regex_detector_test.go:84: Expected label ZipCode, got  ([]), file ZipCode.csv:20892 data 60109
    regex_detector_test.go:84: Expected label ZipCode, got  ([]), file ZipCode.csv:20893 data 60110
    regex_detector_test.go:84: Expected label ZipCode, got  ([]), file ZipCode.csv:20894 data 60111
    regex_detector_test.go:84: Expected label ZipCode, got  ([]), file ZipCode.csv:20895 data 60112
    regex_detector_test.go:84: Expected label ZipCode, got  ([]), file ZipCode.csv:20896 data 60113
    regex_detector_test.go:84: Expected label ZipCode, got  ([]), file ZipCode.csv:20897 data 60115
    regex_detector_test.go:84: Expected label ZipCode, got  ([]), file ZipCode.csv:20898 data 60118
    regex_detector_test.go:84: Expected label ZipCode, got  ([]), file ZipCode.csv:20899 data 60119
    regex_detector_test.go:84: Expected label ZipCode, got  ([]), file ZipCode.csv:20900 data 60120
    regex_detector_test.go:84: Expected label ZipCode, got  ([]), file ZipCode.csv:20901 data 60123
    regex_detector_test.go:84: Expected label ZipCode, got  ([]), file ZipCode.csv:20902 data 60124
    regex_detector_test.go:84: Expected label ZipCode, got  ([]), file ZipCode.csv:20903 data 60126
    regex_detector_test.go:84: Expected label ZipCode, got  ([]), file ZipCode.csv:20904 data 60129
    regex_detector_test.go:84: Expected label ZipCode, got  ([]), file ZipCode.csv:20905 data 60130
    regex_detector_test.go:84: Expected label ZipCode, got  ([]), file ZipCode.csv:20906 data 60131
    regex_detector_test.go:84: Expected label ZipCode, got  ([]), file ZipCode.csv:20907 data 60133
    regex_detector_test.go:84: Expected label ZipCode, got  ([]), file ZipCode.csv:20908 data 60134
    regex_detector_test.go:84: Expected label ZipCode, got  ([]), file ZipCode.csv:20909 data 60135
    regex_detector_test.go:84: Expected label ZipCode, got  ([]), file ZipCode.csv:20910 data 60136
    regex_detector_test.go:84: Expected label ZipCode, got  ([]), file ZipCode.csv:20911 data 60137
    regex_detector_test.go:84: Expected label ZipCode, got  ([]), file ZipCode.csv:20912 data 60139
    regex_detector_test.go:84: Expected label ZipCode, got  ([]), file ZipCode.csv:20913 data 60140
    regex_detector_test.go:84: Expected label ZipCode, got  ([]), file ZipCode.csv:20914 data 60141
    regex_detector_test.go:84: Expected label ZipCode, got  ([]), file ZipCode.csv:20915 data 60142
    regex_detector_test.go:84: Expected label ZipCode, got  ([]), file ZipCode.csv:20916 data 60143
    regex_detector_test.go:84: Expected label ZipCode, got  ([]), file ZipCode.csv:20917 data 60144
    regex_detector_test.go:84: Expected label ZipCode, got  ([]), file ZipCode.csv:20918 data 60145
    regex_detector_test.go:84: Expected label ZipCode, got  ([]), file ZipCode.csv:20919 data 60146
    regex_detector_test.go:84: Expected label ZipCode, got  ([]), file ZipCode.csv:20920 data 60148
    regex_detector_test.go:84: Expected label ZipCode, got  ([]), file ZipCode.csv:20921 data 60150
    regex_detector_test.go:84: Expected label ZipCode, got  ([]), file ZipCode.csv:20922 data 60151
    regex_detector_test.go:84: Expected label ZipCode, got  ([]), file ZipCode.csv:20923 data 60152
    regex_detector_test.go:84: Expected label ZipCode, got  ([]), file ZipCode.csv:20924 data 60153
    regex_detector_test.go:84: Expected label ZipCode, got  ([]), file ZipCode.csv:20925 data 60154
    regex_detector_test.go:84: Expected label ZipCode, got  ([]), file ZipCode.csv:20926 data 60155
    regex_detector_test.go:84: Expected label ZipCode, got  ([]), file ZipCode.csv:20927 data 60156
    regex_detector_test.go:84: Expected label ZipCode, got  ([]), file ZipCode.csv:20928 data 60157
    regex_detector_test.go:84: Expected label ZipCode, got  ([]), file ZipCode.csv:20929 data 60160
    regex_detector_test.go:84: Expected label ZipCode, got  ([]), file ZipCode.csv:20930 data 60162
    regex_detector_test.go:84: Expected label ZipCode, got  ([]), file ZipCode.csv:20931 data 60163
    regex_detector_test.go:84: Expected label ZipCode, got  ([]), file ZipCode.csv:20932 data 60164
    regex_detector_test.go:84: Expected label ZipCode, got  ([]), file ZipCode.csv:20933 data 60165
    regex_detector_test.go:84: Expected label ZipCode, got  ([]), file ZipCode.csv:20934 data 60169
    regex_detector_test.go:84: Expected label ZipCode, got  ([]), file ZipCode.csv:20935 data 60171
    regex_detector_test.go:84: Expected label ZipCode, got  ([]), file ZipCode.csv:20936 data 60172
    regex_detector_test.go:84: Expected label ZipCode, got  ([]), file ZipCode.csv:20937 data 60173
    regex_detector_test.go:84: Expected label ZipCode, got  ([]), file ZipCode.csv:20938 data 60174
    regex_detector_test.go:84: Expected label ZipCode, got  ([]), file ZipCode.csv:20939 data 60175
    regex_detector_test.go:84: Expected label ZipCode, got  ([]), file ZipCode.csv:20940 data 60176
    regex_detector_test.go:84: Expected label ZipCode, got  ([]), file ZipCode.csv:20941 data 60177
    regex_detector_test.go:84: Expected label ZipCode, got  ([]), file ZipCode.csv:20942 data 60178
    regex_detector_test.go:84: Expected label ZipCode, got  ([]), file ZipCode.csv:20943 data 60180
    regex_detector_test.go:84: Expected label ZipCode, got  ([]), file ZipCode.csv:20944 data 60181
    regex_detector_test.go:84: Expected label ZipCode, got  ([]), file ZipCode.csv:20945 data 60183
    regex_detector_test.go:84: Expected label ZipCode, got  ([]), file ZipCode.csv:20946 data 60184
    regex_detector_test.go:84: Expected label ZipCode, got  ([]), file ZipCode.csv:20947 data 60185
    regex_detector_test.go:84: Expected label ZipCode, got  ([]), file ZipCode.csv:20948 data 60187
    regex_detector_test.go:84: Expected label ZipCode, got  ([]), file ZipCode.csv:20949 data 60188
    regex_detector_test.go:84: Expected label ZipCode, got  ([]), file ZipCode.csv:20950 data 60189
    regex_detector_test.go:84: Expected label ZipCode, got  ([]), file ZipCode.csv:20951 data 60190
    regex_detector_test.go:84: Expected label ZipCode, got  ([]), file ZipCode.csv:20952 data 60191
    regex_detector_test.go:84: Expected label ZipCode, got  ([]), file ZipCode.csv:20953 data 60192
    regex_detector_test.go:84: Expected label ZipCode, got  ([]), file ZipCode.csv:20954 data 60193
    regex_detector_test.go:84: Expected label ZipCode, got  ([]), file ZipCode.csv:20955 data 60194
    regex_detector_test.go:84: Expected label ZipCode, got  ([]), file ZipCode.csv:20956 data 60195
    regex_detector_test.go:84: Expected label ZipCode, got  ([]), file ZipCode.csv:20957 data 60201
    regex_detector_test.go:84: Expected label ZipCode, got  ([]), file ZipCode.csv:20958 data 60202
    regex_detector_test.go:84: Expected label ZipCode, got  ([]), file ZipCode.csv:20959 data 60203
    regex_detector_test.go:84: Expected label ZipCode, got  ([]), file ZipCode.csv:20960 data 60208
    regex_detector_test.go:84: Expected label ZipCode, got  ([]), file ZipCode.csv:20961 data 60301
    regex_detector_test.go:84: Expected label ZipCode, got  ([]), file ZipCode.csv:20962 data 60302
    regex_detector_test.go:84: Expected label ZipCode, got  ([]), file ZipCode.csv:20963 data 60304
    regex_detector_test.go:84: Expected label ZipCode, got  ([]), file ZipCode.csv:20964 data 60305
    regex_detector_test.go:84: Expected label ZipCode, got  ([]), file ZipCode.csv:20965 data 60401
    regex_detector_test.go:84: Expected label ZipCode, got  ([]), file ZipCode.csv:20966 data 60402
    regex_detector_test.go:84: Expected label ZipCode, got  ([]), file ZipCode.csv:20967 data 60403
    regex_detector_test.go:84: Expected label ZipCode, got  ([]), file ZipCode.csv:20968 data 60404
    regex_detector_test.go:84: Expected label ZipCode, got  ([]), file ZipCode.csv:20969 data 60406
    regex_detector_test.go:84: Expected label ZipCode, got  ([]), file ZipCode.csv:20970 data 60407
    regex_detector_test.go:84: Expected label ZipCode, got  ([]), file ZipCode.csv:20971 data 60408
    regex_detector_test.go:84: Expected label ZipCode, got  ([]), file ZipCode.csv:20972 data 60409
    regex_detector_test.go:84: Expected label ZipCode, got  ([]), file ZipCode.csv:20973 data 60410
    regex_detector_test.go:84: Expected label ZipCode, got  ([]), file ZipCode.csv:20974 data 60411
    regex_detector_test.go:84: Expected label ZipCode, got  ([]), file ZipCode.csv:20975 data 60415
    regex_detector_test.go:84: Expected label ZipCode, got  ([]), file ZipCode.csv:20976 data 60416
    regex_detector_test.go:84: Expected label ZipCode, got  ([]), file ZipCode.csv:20977 data 60417
    regex_detector_test.go:84: Expected label ZipCode, got  ([]), file ZipCode.csv:20978 data 60418
    regex_detector_test.go:84: Expected label ZipCode, got  ([]), file ZipCode.csv:20979 data 60419
    regex_detector_test.go:84: Expected label ZipCode, got  ([]), file ZipCode.csv:20980 data 60420
    regex_detector_test.go:84: Expected label ZipCode, got  ([]), file ZipCode.csv:20981 data 60421
    regex_detector_test.go:84: Expected label ZipCode, got  ([]), file ZipCode.csv:20982 data 60422
    regex_detector_test.go:84: Expected label ZipCode, got  ([]), file ZipCode.csv:20983 data 60423
    regex_detector_test.go:84: Expected label ZipCode, got  ([]), file ZipCode.csv:20984 data 60424
    regex_detector_test.go:84: Expected label ZipCode, got  ([]), file ZipCode.csv:20985 data 60425
    regex_detector_test.go:84: Expected label ZipCode, got  ([]), file ZipCode.csv:20986 data 60426
    regex_detector_test.go:84: Expected label ZipCode, got  ([]), file ZipCode.csv:20987 data 60428
    regex_detector_test.go:84: Expected label ZipCode, got  ([]), file ZipCode.csv:20988 data 60429
    regex_detector_test.go:84: Expected label ZipCode, got  ([]), file ZipCode.csv:20989 data 60430
    regex_detector_test.go:84: Expected label ZipCode, got  ([]), file ZipCode.csv:20990 data 60431
    regex_detector_test.go:84: Expected label ZipCode, got  ([]), file ZipCode.csv:20991 data 60432
    regex_detector_test.go:84: Expected label ZipCode, got  ([]), file ZipCode.csv:20992 data 60433
    regex_detector_test.go:84: Expected label ZipCode, got  ([]), file ZipCode.csv:20993 data 60435
    regex_detector_test.go:84: Expected label ZipCode, got  ([]), file ZipCode.csv:20994 data 60436
    regex_detector_test.go:84: Expected label ZipCode, got  ([]), file ZipCode.csv:20995 data 60437
    regex_detector_test.go:84: Expected label ZipCode, got  ([]), file ZipCode.csv:20996 data 60438
    regex_detector_test.go:84: Expected label ZipCode, got  ([]), file ZipCode.csv:20997 data 60439
    regex_detector_test.go:84: Expected label ZipCode, got  ([]), file ZipCode.csv:20998 data 60440
    regex_detector_test.go:84: Expected label ZipCode, got  ([]), file ZipCode.csv:20999 data 60441
    regex_detector_test.go:84: Expected label ZipCode, got  ([]), file ZipCode.csv:21000 data 60442
    regex_detector_test.go:84: Expected label ZipCode, got  ([]), file ZipCode.csv:21001 data 60443
    regex_detector_test.go:84: Expected label ZipCode, got  ([]), file ZipCode.csv:21002 data 60444
    regex_detector_test.go:84: Expected label ZipCode, got  ([]), file ZipCode.csv:21003 data 60445
    regex_detector_test.go:84: Expected label ZipCode, got  ([]), file ZipCode.csv:21004 data 60446
    regex_detector_test.go:84: Expected label ZipCode, got  ([]), file ZipCode.csv:21005 data 60447
    regex_detector_test.go:84: Expected label ZipCode, got  ([]), file ZipCode.csv:21006 data 60448
    regex_detector_test.go:84: Expected label ZipCode, got  ([]), file ZipCode.csv:21007 data 60449
    regex_detector_test.go:84: Expected label ZipCode, got  ([]), file ZipCode.csv:21008 data 60450
    regex_detector_test.go:84: Expected label ZipCode, got  ([]), file ZipCode.csv:21009 data 60451
    regex_detector_test.go:84: Expected label ZipCode, got  ([]), file ZipCode.csv:21010 data 60452
    regex_detector_test.go:84: Expected label ZipCode, got  ([]), file ZipCode.csv:21011 data 60453
    regex_detector_test.go:84: Expected label ZipCode, got  ([]), file ZipCode.csv:21012 data 60455
    regex_detector_test.go:84: Expected label ZipCode, got  ([]), file ZipCode.csv:21013 data 60456
    regex_detector_test.go:84: Expected label ZipCode, got  ([]), file ZipCode.csv:21014 data 60457
    regex_detector_test.go:84: Expected label ZipCode, got  ([]), file ZipCode.csv:21015 data 60458
    regex_detector_test.go:84: Expected label ZipCode, got  ([]), file ZipCode.csv:21016 data 60459
    regex_detector_test.go:84: Expected label ZipCode, got  ([]), file ZipCode.csv:21017 data 60460
    regex_detector_test.go:84: Expected label ZipCode, got  ([]), file ZipCode.csv:21018 data 60461
    regex_detector_test.go:84: Expected label ZipCode, got  ([]), file ZipCode.csv:21019 data 60462
    regex_detector_test.go:84: Expected label ZipCode, got  ([]), file ZipCode.csv:21020 data 60463
    regex_detector_test.go:84: Expected label ZipCode, got  ([]), file ZipCode.csv:21021 data 60464
    regex_detector_test.go:84: Expected label ZipCode, got  ([]), file ZipCode.csv:21022 data 60465
    regex_detector_test.go:84: Expected label ZipCode, got  ([]), file ZipCode.csv:21023 data 60466
    regex_detector_test.go:84: Expected label ZipCode, got  ([]), file ZipCode.csv:21024 data 60467
    regex_detector_test.go:84: Expected label ZipCode, got  ([]), file ZipCode.csv:21025 data 60468
    regex_detector_test.go:84: Expected label ZipCode, got  ([]), file ZipCode.csv:21026 data 60469
    regex_detector_test.go:84: Expected label ZipCode, got  ([]), file ZipCode.csv:21027 data 60470
    regex_detector_test.go:84: Expected label ZipCode, got  ([]), file ZipCode.csv:21028 data 60471
    regex_detector_test.go:84: Expected label ZipCode, got  ([]), file ZipCode.csv:21029 data 60472
    regex_detector_test.go:84: Expected label ZipCode, got  ([]), file ZipCode.csv:21030 data 60473
    regex_detector_test.go:84: Expected label ZipCode, got  ([]), file ZipCode.csv:21031 data 60474
    regex_detector_test.go:84: Expected label ZipCode, got  ([]), file ZipCode.csv:21032 data 60475
    regex_detector_test.go:84: Expected label ZipCode, got  ([]), file ZipCode.csv:21033 data 60476
    regex_detector_test.go:84: Expected label ZipCode, got  ([]), file ZipCode.csv:21034 data 60477
    regex_detector_test.go:84: Expected label ZipCode, got  ([]), file ZipCode.csv:21035 data 60478
    regex_detector_test.go:84: Expected label ZipCode, got  ([]), file ZipCode.csv:21036 data 60479
    regex_detector_test.go:84: Expected label ZipCode, got  ([]), file ZipCode.csv:21037 data 60480
    regex_detector_test.go:84: Expected label ZipCode, got  ([]), file ZipCode.csv:21038 data 60481
    regex_detector_test.go:84: Expected label ZipCode, got  ([]), file ZipCode.csv:21039 data 60482
    regex_detector_test.go:84: Expected label ZipCode, got  ([]), file ZipCode.csv:21040 data 60484
    regex_detector_test.go:84: Expected label ZipCode, got  ([]), file ZipCode.csv:21041 data 60487
    regex_detector_test.go:84: Expected label ZipCode, got  ([]), file ZipCode.csv:21042 data 60490
    regex_detector_test.go:84: Expected label ZipCode, got  ([]), file ZipCode.csv:21043 data 60491
    regex_detector_test.go:84: Expected label ZipCode, got  ([]), file ZipCode.csv:21044 data 60501
    regex_detector_test.go:84: Expected label ZipCode, got  ([]), file ZipCode.csv:21045 data 60502
    regex_detector_test.go:84: Expected label ZipCode, got  ([]), file ZipCode.csv:21046 data 60503
    regex_detector_test.go:84: Expected label ZipCode, got  ([]), file ZipCode.csv:21047 data 60504
    regex_detector_test.go:84: Expected label ZipCode, got  ([]), file ZipCode.csv:21048 data 60505
    regex_detector_test.go:84: Expected label ZipCode, got  ([]), file ZipCode.csv:21049 data 60506
    regex_detector_test.go:84: Expected label ZipCode, got  ([]), file ZipCode.csv:21050 data 60510
    regex_detector_test.go:84: Expected label ZipCode, got  ([]), file ZipCode.csv:21051 data 60511
    regex_detector_test.go:84: Expected label ZipCode, got  ([]), file ZipCode.csv:21052 data 60512
    regex_detector_test.go:84: Expected label ZipCode, got  ([]), file ZipCode.csv:21053 data 60513
    regex_detector_test.go:84: Expected label ZipCode, got  ([]), file ZipCode.csv:21054 data 60514
    regex_detector_test.go:84: Expected label ZipCode, got  ([]), file ZipCode.csv:21055 data 60515
    regex_detector_test.go:84: Expected label ZipCode, got  ([]), file ZipCode.csv:21056 data 60516
    regex_detector_test.go:84: Expected label ZipCode, got  ([]), file ZipCode.csv:21057 data 60517
    regex_detector_test.go:84: Expected label ZipCode, got  ([]), file ZipCode.csv:21058 data 60518
    regex_detector_test.go:84: Expected label ZipCode, got  ([]), file ZipCode.csv:21059 data 60519
    regex_detector_test.go:84: Expected label ZipCode, got  ([]), file ZipCode.csv:21060 data 60520
    regex_detector_test.go:84: Expected label ZipCode, got  ([]), file ZipCode.csv:21061 data 60521
    regex_detector_test.go:84: Expected label ZipCode, got  ([]), file ZipCode.csv:21062 data 60523
    regex_detector_test.go:84: Expected label ZipCode, got  ([]), file ZipCode.csv:21063 data 60525
    regex_detector_test.go:84: Expected label ZipCode, got  ([]), file ZipCode.csv:21064 data 60526
    regex_detector_test.go:84: Expected label ZipCode, got  ([]), file ZipCode.csv:21065 data 60527
    regex_detector_test.go:84: Expected label ZipCode, got  ([]), file ZipCode.csv:21066 data 60530
    regex_detector_test.go:84: Expected label ZipCode, got  ([]), file ZipCode.csv:21067 data 60531
    regex_detector_test.go:84: Expected label ZipCode, got  ([]), file ZipCode.csv:21068 data 60532
    regex_detector_test.go:84: Expected label ZipCode, got  ([]), file ZipCode.csv:21069 data 60534
    regex_detector_test.go:84: Expected label ZipCode, got  ([]), file ZipCode.csv:21070 data 60536
    regex_detector_test.go:84: Expected label ZipCode, got  ([]), file ZipCode.csv:21071 data 60537
    regex_detector_test.go:84: Expected label ZipCode, got  ([]), file ZipCode.csv:21072 data 60538
    regex_detector_test.go:84: Expected label ZipCode, got  ([]), file ZipCode.csv:21073 data 60539
    regex_detector_test.go:84: Expected label ZipCode, got  ([]), file ZipCode.csv:21074 data 60540
    regex_detector_test.go:84: Expected label ZipCode, got  ([]), file ZipCode.csv:21075 data 60541
    regex_detector_test.go:84: Expected label ZipCode, got  ([]), file ZipCode.csv:21076 data 60542
    regex_detector_test.go:84: Expected label ZipCode, got  ([]), file ZipCode.csv:21077 data 60543
    regex_detector_test.go:84: Expected label ZipCode, got  ([]), file ZipCode.csv:21078 data 60544
    regex_detector_test.go:84: Expected label ZipCode, got  ([]), file ZipCode.csv:21079 data 60545
    regex_detector_test.go:84: Expected label ZipCode, got  ([]), file ZipCode.csv:21080 data 60546
    regex_detector_test.go:84: Expected label ZipCode, got  ([]), file ZipCode.csv:21081 data 60548
    regex_detector_test.go:84: Expected label ZipCode, got  ([]), file ZipCode.csv:21082 data 60549
    regex_detector_test.go:84: Expected label ZipCode, got  ([]), file ZipCode.csv:21083 data 60550
    regex_detector_test.go:84: Expected label ZipCode, got  ([]), file ZipCode.csv:21084 data 60551
    regex_detector_test.go:84: Expected label ZipCode, got  ([]), file ZipCode.csv:21085 data 60552
    regex_detector_test.go:84: Expected label ZipCode, got  ([]), file ZipCode.csv:21086 data 60553
    regex_detector_test.go:84: Expected label ZipCode, got  ([]), file ZipCode.csv:21087 data 60554
    regex_detector_test.go:84: Expected label ZipCode, got  ([]), file ZipCode.csv:21088 data 60555
    regex_detector_test.go:84: Expected label ZipCode, got  ([]), file ZipCode.csv:21089 data 60556
    regex_detector_test.go:84: Expected label ZipCode, got  ([]), file ZipCode.csv:21090 data 60557
    regex_detector_test.go:84: Expected label ZipCode, got  ([]), file ZipCode.csv:21091 data 60558
    regex_detector_test.go:84: Expected label ZipCode, got  ([]), file ZipCode.csv:21092 data 60559
    regex_detector_test.go:84: Expected label ZipCode, got  ([]), file ZipCode.csv:21093 data 60560
    regex_detector_test.go:84: Expected label ZipCode, got  ([]), file ZipCode.csv:21094 data 60561
    regex_detector_test.go:84: Expected label ZipCode, got  ([]), file ZipCode.csv:21095 data 60563
    regex_detector_test.go:84: Expected label ZipCode, got  ([]), file ZipCode.csv:21096 data 60564
    regex_detector_test.go:84: Expected label ZipCode, got  ([]), file ZipCode.csv:21097 data 60565
    regex_detector_test.go:84: Expected label ZipCode, got  ([]), file ZipCode.csv:21098 data 60585
    regex_detector_test.go:84: Expected label ZipCode, got  ([]), file ZipCode.csv:21099 data 60586
    regex_detector_test.go:84: Expected label ZipCode, got  ([]), file ZipCode.csv:21100 data 60601
    regex_detector_test.go:84: Expected label ZipCode, got  ([]), file ZipCode.csv:21101 data 60602
    regex_detector_test.go:84: Expected label ZipCode, got  ([]), file ZipCode.csv:21102 data 60603
    regex_detector_test.go:84: Expected label ZipCode, got  ([]), file ZipCode.csv:21103 data 60604
    regex_detector_test.go:84: Expected label ZipCode, got  ([]), file ZipCode.csv:21104 data 60605
    regex_detector_test.go:84: Expected label ZipCode, got  ([]), file ZipCode.csv:21105 data 60606
    regex_detector_test.go:84: Expected label ZipCode, got  ([]), file ZipCode.csv:21106 data 60607
    regex_detector_test.go:84: Expected label ZipCode, got  ([]), file ZipCode.csv:21107 data 60608
    regex_detector_test.go:84: Expected label ZipCode, got  ([]), file ZipCode.csv:21108 data 60609
    regex_detector_test.go:84: Expected label ZipCode, got  ([]), file ZipCode.csv:21109 data 60610
    regex_detector_test.go:84: Expected label ZipCode, got  ([]), file ZipCode.csv:21110 data 60611
    regex_detector_test.go:84: Expected label ZipCode, got  ([]), file ZipCode.csv:21111 data 60612
    regex_detector_test.go:84: Expected label ZipCode, got  ([]), file ZipCode.csv:21112 data 60613
    regex_detector_test.go:84: Expected label ZipCode, got  ([]), file ZipCode.csv:21113 data 60614
    regex_detector_test.go:84: Expected label ZipCode, got  ([]), file ZipCode.csv:21114 data 60615
    regex_detector_test.go:84: Expected label ZipCode, got  ([]), file ZipCode.csv:21115 data 60616
    regex_detector_test.go:84: Expected label ZipCode, got  ([]), file ZipCode.csv:21116 data 60617
    regex_detector_test.go:84: Expected label ZipCode, got  ([]), file ZipCode.csv:21117 data 60618
    regex_detector_test.go:84: Expected label ZipCode, got  ([]), file ZipCode.csv:21118 data 60619
    regex_detector_test.go:84: Expected label ZipCode, got  ([]), file ZipCode.csv:21119 data 60620
    regex_detector_test.go:84: Expected label ZipCode, got  ([]), file ZipCode.csv:21120 data 60621
    regex_detector_test.go:84: Expected label ZipCode, got  ([]), file ZipCode.csv:21121 data 60622
    regex_detector_test.go:84: Expected label ZipCode, got  ([]), file ZipCode.csv:21122 data 60623
    regex_detector_test.go:84: Expected label ZipCode, got  ([]), file ZipCode.csv:21123 data 60624
    regex_detector_test.go:84: Expected label ZipCode, got  ([]), file ZipCode.csv:21124 data 60625
    regex_detector_test.go:84: Expected label ZipCode, got  ([]), file ZipCode.csv:21125 data 60626
    regex_detector_test.go:84: Expected label ZipCode, got  ([]), file ZipCode.csv:21126 data 60628
    regex_detector_test.go:84: Expected label ZipCode, got  ([]), file ZipCode.csv:21127 data 60629
    regex_detector_test.go:84: Expected label ZipCode, got  ([]), file ZipCode.csv:21128 data 60630
    regex_detector_test.go:84: Expected label ZipCode, got  ([]), file ZipCode.csv:21129 data 60631
    regex_detector_test.go:84: Expected label ZipCode, got  ([]), file ZipCode.csv:21130 data 60632
    regex_detector_test.go:84: Expected label ZipCode, got  ([]), file ZipCode.csv:21131 data 60633
    regex_detector_test.go:84: Expected label ZipCode, got  ([]), file ZipCode.csv:21132 data 60634
    regex_detector_test.go:84: Expected label ZipCode, got  ([]), file ZipCode.csv:21133 data 60636
    regex_detector_test.go:84: Expected label ZipCode, got  ([]), file ZipCode.csv:21134 data 60637
    regex_detector_test.go:84: Expected label ZipCode, got  ([]), file ZipCode.csv:21135 data 60638
    regex_detector_test.go:84: Expected label ZipCode, got  ([]), file ZipCode.csv:21136 data 60639
    regex_detector_test.go:84: Expected label ZipCode, got  ([]), file ZipCode.csv:21137 data 60640
    regex_detector_test.go:84: Expected label ZipCode, got  ([]), file ZipCode.csv:21138 data 60641
    regex_detector_test.go:84: Expected label ZipCode, got  ([]), file ZipCode.csv:21139 data 60642
    regex_detector_test.go:84: Expected label ZipCode, got  ([]), file ZipCode.csv:21140 data 60643
    regex_detector_test.go:84: Expected label ZipCode, got  ([]), file ZipCode.csv:21141 data 60644
    regex_detector_test.go:84: Expected label ZipCode, got  ([]), file ZipCode.csv:21142 data 60645
    regex_detector_test.go:84: Expected label ZipCode, got  ([]), file ZipCode.csv:21143 data 60646
    regex_detector_test.go:84: Expected label ZipCode, got  ([]), file ZipCode.csv:21144 data 60647
    regex_detector_test.go:84: Expected label ZipCode, got  ([]), file ZipCode.csv:21145 data 60649
    regex_detector_test.go:84: Expected label ZipCode, got  ([]), file ZipCode.csv:21146 data 60651
    regex_detector_test.go:84: Expected label ZipCode, got  ([]), file ZipCode.csv:21147 data 60652
    regex_detector_test.go:84: Expected label ZipCode, got  ([]), file ZipCode.csv:21148 data 60653
    regex_detector_test.go:84: Expected label ZipCode, got  ([]), file ZipCode.csv:21149 data 60654
    regex_detector_test.go:84: Expected label ZipCode, got  ([]), file ZipCode.csv:21150 data 60655
    regex_detector_test.go:84: Expected label ZipCode, got  ([]), file ZipCode.csv:21151 data 60656
    regex_detector_test.go:84: Expected label ZipCode, got  ([]), file ZipCode.csv:21152 data 60657
    regex_detector_test.go:84: Expected label ZipCode, got  ([]), file ZipCode.csv:21153 data 60659
    regex_detector_test.go:84: Expected label ZipCode, got  ([]), file ZipCode.csv:21154 data 60660
    regex_detector_test.go:84: Expected label ZipCode, got  ([]), file ZipCode.csv:21155 data 60661
    regex_detector_test.go:84: Expected label ZipCode, got  ([]), file ZipCode.csv:21156 data 60706
    regex_detector_test.go:84: Expected label ZipCode, got  ([]), file ZipCode.csv:21157 data 60707
    regex_detector_test.go:84: Expected label ZipCode, got  ([]), file ZipCode.csv:21158 data 60712
    regex_detector_test.go:84: Expected label ZipCode, got  ([]), file ZipCode.csv:21159 data 60714
    regex_detector_test.go:84: Expected label ZipCode, got  ([]), file ZipCode.csv:21160 data 60803
    regex_detector_test.go:84: Expected label ZipCode, got  ([]), file ZipCode.csv:21161 data 60804
    regex_detector_test.go:84: Expected label ZipCode, got  ([]), file ZipCode.csv:21162 data 60805
    regex_detector_test.go:84: Expected label ZipCode, got  ([]), file ZipCode.csv:21163 data 60827
    regex_detector_test.go:84: Expected label ZipCode, got  ([]), file ZipCode.csv:21164 data 60901
    regex_detector_test.go:84: Expected label ZipCode, got  ([]), file ZipCode.csv:21165 data 60910
    regex_detector_test.go:84: Expected label ZipCode, got  ([]), file ZipCode.csv:21166 data 60911
    regex_detector_test.go:84: Expected label ZipCode, got  ([]), file ZipCode.csv:21167 data 60912
    regex_detector_test.go:84: Expected label ZipCode, got  ([]), file ZipCode.csv:21168 data 60913
    regex_detector_test.go:84: Expected label ZipCode, got  ([]), file ZipCode.csv:21169 data 60914
    regex_detector_test.go:84: Expected label ZipCode, got  ([]), file ZipCode.csv:21170 data 60915
    regex_detector_test.go:84: Expected label ZipCode, got  ([]), file ZipCode.csv:21171 data 60917
    regex_detector_test.go:84: Expected label ZipCode, got  ([]), file ZipCode.csv:21172 data 60918
    regex_detector_test.go:84: Expected label ZipCode, got  ([]), file ZipCode.csv:21173 data 60919
    regex_detector_test.go:84: Expected label ZipCode, got  ([]), file ZipCode.csv:21174 data 60920
    regex_detector_test.go:84: Expected label ZipCode, got  ([]), file ZipCode.csv:21175 data 60921
    regex_detector_test.go:84: Expected label ZipCode, got  ([]), file ZipCode.csv:21176 data 60922
    regex_detector_test.go:84: Expected label ZipCode, got  ([]), file ZipCode.csv:21177 data 60924
    regex_detector_test.go:84: Expected label ZipCode, got  ([]), file ZipCode.csv:21178 data 60926
    regex_detector_test.go:84: Expected label ZipCode, got  ([]), file ZipCode.csv:21179 data 60927
    regex_detector_test.go:84: Expected label ZipCode, got  ([]), file ZipCode.csv:21180 data 60928
    regex_detector_test.go:84: Expected label ZipCode, got  ([]), file ZipCode.csv:21181 data 60929
    regex_detector_test.go:84: Expected label ZipCode, got  ([]), file ZipCode.csv:21182 data 60930
    regex_detector_test.go:84: Expected label ZipCode, got  ([]), file ZipCode.csv:21183 data 60931
    regex_detector_test.go:84: Expected label ZipCode, got  ([]), file ZipCode.csv:21184 data 60932
    regex_detector_test.go:84: Expected label ZipCode, got  ([]), file ZipCode.csv:21185 data 60933
    regex_detector_test.go:84: Expected label ZipCode, got  ([]), file ZipCode.csv:21186 data 60934
    regex_detector_test.go:84: Expected label ZipCode, got  ([]), file ZipCode.csv:21187 data 60935
    regex_detector_test.go:84: Expected label ZipCode, got  ([]), file ZipCode.csv:21188 data 60936
    regex_detector_test.go:84: Expected label ZipCode, got  ([]), file ZipCode.csv:21189 data 60938
    regex_detector_test.go:84: Expected label ZipCode, got  ([]), file ZipCode.csv:21190 data 60939
    regex_detector_test.go:84: Expected label ZipCode, got  ([]), file ZipCode.csv:21191 data 60940
    regex_detector_test.go:84: Expected label ZipCode, got  ([]), file ZipCode.csv:21192 data 60941
    regex_detector_test.go:84: Expected label ZipCode, got  ([]), file ZipCode.csv:21193 data 60942
    regex_detector_test.go:84: Expected label ZipCode, got  ([]), file ZipCode.csv:21194 data 60945
    regex_detector_test.go:84: Expected label ZipCode, got  ([]), file ZipCode.csv:21195 data 60946
    regex_detector_test.go:84: Expected label ZipCode, got  ([]), file ZipCode.csv:21196 data 60948
    regex_detector_test.go:84: Expected label ZipCode, got  ([]), file ZipCode.csv:21197 data 60949
    regex_detector_test.go:84: Expected label ZipCode, got  ([]), file ZipCode.csv:21198 data 60950
    regex_detector_test.go:84: Expected label ZipCode, got  ([]), file ZipCode.csv:21199 data 60951
    regex_detector_test.go:84: Expected label ZipCode, got  ([]), file ZipCode.csv:21200 data 60952
    regex_detector_test.go:84: Expected label ZipCode, got  ([]), file ZipCode.csv:21201 data 60953
    regex_detector_test.go:84: Expected label ZipCode, got  ([]), file ZipCode.csv:21202 data 60954
    regex_detector_test.go:84: Expected label ZipCode, got  ([]), file ZipCode.csv:21203 data 60955
    regex_detector_test.go:84: Expected label ZipCode, got  ([]), file ZipCode.csv:21204 data 60956
    regex_detector_test.go:84: Expected label ZipCode, got  ([]), file ZipCode.csv:21205 data 60957
    regex_detector_test.go:84: Expected label ZipCode, got  ([]), file ZipCode.csv:21206 data 60958
    regex_detector_test.go:84: Expected label ZipCode, got  ([]), file ZipCode.csv:21207 data 60959
    regex_detector_test.go:84: Expected label ZipCode, got  ([]), file ZipCode.csv:21208 data 60960
    regex_detector_test.go:84: Expected label ZipCode, got  ([]), file ZipCode.csv:21209 data 60961
    regex_detector_test.go:84: Expected label ZipCode, got  ([]), file ZipCode.csv:21210 data 60962
    regex_detector_test.go:84: Expected label ZipCode, got  ([]), file ZipCode.csv:21211 data 60963
    regex_detector_test.go:84: Expected label ZipCode, got  ([]), file ZipCode.csv:21212 data 60964
    regex_detector_test.go:84: Expected label ZipCode, got  ([]), file ZipCode.csv:21213 data 60966
    regex_detector_test.go:84: Expected label ZipCode, got  ([]), file ZipCode.csv:21214 data 60967
    regex_detector_test.go:84: Expected label ZipCode, got  ([]), file ZipCode.csv:21215 data 60968
    regex_detector_test.go:84: Expected label ZipCode, got  ([]), file ZipCode.csv:21216 data 60969
    regex_detector_test.go:84: Expected label ZipCode, got  ([]), file ZipCode.csv:21217 data 60970
    regex_detector_test.go:84: Expected label ZipCode, got  ([]), file ZipCode.csv:21218 data 60973
    regex_detector_test.go:84: Expected label ZipCode, got  ([]), file ZipCode.csv:21219 data 60974
    regex_detector_test.go:84: Expected label ZipCode, got  ([]), file ZipCode.csv:21220 data 61001
    regex_detector_test.go:84: Expected label ZipCode, got  ([]), file ZipCode.csv:21221 data 61006
    regex_detector_test.go:84: Expected label ZipCode, got  ([]), file ZipCode.csv:21222 data 61007
    regex_detector_test.go:84: Expected label ZipCode, got  ([]), file ZipCode.csv:21223 data 61008
    regex_detector_test.go:84: Expected label ZipCode, got  ([]), file ZipCode.csv:21224 data 61010
    regex_detector_test.go:84: Expected label ZipCode, got  ([]), file ZipCode.csv:21225 data 61011
    regex_detector_test.go:84: Expected label ZipCode, got  ([]), file ZipCode.csv:21226 data 61012
    regex_detector_test.go:84: Expected label ZipCode, got  ([]), file ZipCode.csv:21227 data 61013
    regex_detector_test.go:84: Expected label ZipCode, got  ([]), file ZipCode.csv:21228 data 61014
    regex_detector_test.go:84: Expected label ZipCode, got  ([]), file ZipCode.csv:21229 data 61015
    regex_detector_test.go:84: Expected label ZipCode, got  ([]), file ZipCode.csv:21230 data 61016
    regex_detector_test.go:84: Expected label ZipCode, got  ([]), file ZipCode.csv:21231 data 61018
    regex_detector_test.go:84: Expected label ZipCode, got  ([]), file ZipCode.csv:21232 data 61019
    regex_detector_test.go:84: Expected label ZipCode, got  ([]), file ZipCode.csv:21233 data 61020
    regex_detector_test.go:84: Expected label ZipCode, got  ([]), file ZipCode.csv:21234 data 61021
    regex_detector_test.go:84: Expected label ZipCode, got  ([]), file ZipCode.csv:21235 data 61024
    regex_detector_test.go:84: Expected label ZipCode, got  ([]), file ZipCode.csv:21236 data 61025
    regex_detector_test.go:84: Expected label ZipCode, got  ([]), file ZipCode.csv:21237 data 61027
    regex_detector_test.go:84: Expected label ZipCode, got  ([]), file ZipCode.csv:21238 data 61028
    regex_detector_test.go:84: Expected label ZipCode, got  ([]), file ZipCode.csv:21239 data 61030
    regex_detector_test.go:84: Expected label ZipCode, got  ([]), file ZipCode.csv:21240 data 61031
    regex_detector_test.go:84: Expected label ZipCode, got  ([]), file ZipCode.csv:21241 data 61032
    regex_detector_test.go:84: Expected label ZipCode, got  ([]), file ZipCode.csv:21242 data 61036
    regex_detector_test.go:84: Expected label ZipCode, got  ([]), file ZipCode.csv:21243 data 61037
    regex_detector_test.go:84: Expected label ZipCode, got  ([]), file ZipCode.csv:21244 data 61038
    regex_detector_test.go:84: Expected label ZipCode, got  ([]), file ZipCode.csv:21245 data 61039
    regex_detector_test.go:84: Expected label ZipCode, got  ([]), file ZipCode.csv:21246 data 61041
    regex_detector_test.go:84: Expected label ZipCode, got  ([]), file ZipCode.csv:21247 data 61042
    regex_detector_test.go:84: Expected label ZipCode, got  ([]), file ZipCode.csv:21248 data 61043
    regex_detector_test.go:84: Expected label ZipCode, got  ([]), file ZipCode.csv:21249 data 61044
    regex_detector_test.go:84: Expected label ZipCode, got  ([]), file ZipCode.csv:21250 data 61046
    regex_detector_test.go:84: Expected label ZipCode, got  ([]), file ZipCode.csv:21251 data 61047
    regex_detector_test.go:84: Expected label ZipCode, got  ([]), file ZipCode.csv:21252 data 61048
    regex_detector_test.go:84: Expected label ZipCode, got  ([]), file ZipCode.csv:21253 data 61049
    regex_detector_test.go:84: Expected label ZipCode, got  ([]), file ZipCode.csv:21254 data 61050
    regex_detector_test.go:84: Expected label ZipCode, got  ([]), file ZipCode.csv:21255 data 61051
    regex_detector_test.go:84: Expected label ZipCode, got  ([]), file ZipCode.csv:21256 data 61052
    regex_detector_test.go:84: Expected label ZipCode, got  ([]), file ZipCode.csv:21257 data 61053
    regex_detector_test.go:84: Expected label ZipCode, got  ([]), file ZipCode.csv:21258 data 61054
    regex_detector_test.go:84: Expected label ZipCode, got  ([]), file ZipCode.csv:21259 data 61057
    regex_detector_test.go:84: Expected label ZipCode, got  ([]), file ZipCode.csv:21260 data 61059
    regex_detector_test.go:84: Expected label ZipCode, got  ([]), file ZipCode.csv:21261 data 61060
    regex_detector_test.go:84: Expected label ZipCode, got  ([]), file ZipCode.csv:21262 data 61061
    regex_detector_test.go:84: Expected label ZipCode, got  ([]), file ZipCode.csv:21263 data 61062
    regex_detector_test.go:84: Expected label ZipCode, got  ([]), file ZipCode.csv:21264 data 61063
    regex_detector_test.go:84: Expected label ZipCode, got  ([]), file ZipCode.csv:21265 data 61064
    regex_detector_test.go:84: Expected label ZipCode, got  ([]), file ZipCode.csv:21266 data 61065
    regex_detector_test.go:84: Expected label ZipCode, got  ([]), file ZipCode.csv:21267 data 61067
    regex_detector_test.go:84: Expected label ZipCode, got  ([]), file ZipCode.csv:21268 data 61068
    regex_detector_test.go:84: Expected label ZipCode, got  ([]), file ZipCode.csv:21269 data 61070
    regex_detector_test.go:84: Expected label ZipCode, got  ([]), file ZipCode.csv:21270 data 61071
    regex_detector_test.go:84: Expected label ZipCode, got  ([]), file ZipCode.csv:21271 data 61072
    regex_detector_test.go:84: Expected label ZipCode, got  ([]), file ZipCode.csv:21272 data 61073
    regex_detector_test.go:84: Expected label ZipCode, got  ([]), file ZipCode.csv:21273 data 61074
    regex_detector_test.go:84: Expected label ZipCode, got  ([]), file ZipCode.csv:21274 data 61075
    regex_detector_test.go:84: Expected label ZipCode, got  ([]), file ZipCode.csv:21275 data 61077
    regex_detector_test.go:84: Expected label ZipCode, got  ([]), file ZipCode.csv:21276 data 61078
    regex_detector_test.go:84: Expected label ZipCode, got  ([]), file ZipCode.csv:21277 data 61079
    regex_detector_test.go:84: Expected label ZipCode, got  ([]), file ZipCode.csv:21278 data 61080
    regex_detector_test.go:84: Expected label ZipCode, got  ([]), file ZipCode.csv:21279 data 61081
    regex_detector_test.go:84: Expected label ZipCode, got  ([]), file ZipCode.csv:21280 data 61084
    regex_detector_test.go:84: Expected label ZipCode, got  ([]), file ZipCode.csv:21281 data 61085
    regex_detector_test.go:84: Expected label ZipCode, got  ([]), file ZipCode.csv:21282 data 61087
    regex_detector_test.go:84: Expected label ZipCode, got  ([]), file ZipCode.csv:21283 data 61088
    regex_detector_test.go:84: Expected label ZipCode, got  ([]), file ZipCode.csv:21284 data 61089
    regex_detector_test.go:84: Expected label ZipCode, got  ([]), file ZipCode.csv:21285 data 61091
    regex_detector_test.go:84: Expected label ZipCode, got  ([]), file ZipCode.csv:21286 data 61101
    regex_detector_test.go:84: Expected label ZipCode, got  ([]), file ZipCode.csv:21287 data 61102
    regex_detector_test.go:84: Expected label ZipCode, got  ([]), file ZipCode.csv:21288 data 61103
    regex_detector_test.go:84: Expected label ZipCode, got  ([]), file ZipCode.csv:21289 data 61104
    regex_detector_test.go:84: Expected label ZipCode, got  ([]), file ZipCode.csv:21290 data 61107
    regex_detector_test.go:84: Expected label ZipCode, got  ([]), file ZipCode.csv:21291 data 61108
    regex_detector_test.go:84: Expected label ZipCode, got  ([]), file ZipCode.csv:21292 data 61109
    regex_detector_test.go:84: Expected label ZipCode, got  ([]), file ZipCode.csv:21293 data 61111
    regex_detector_test.go:84: Expected label ZipCode, got  ([]), file ZipCode.csv:21294 data 61112
    regex_detector_test.go:84: Expected label ZipCode, got  ([]), file ZipCode.csv:21295 data 61114
    regex_detector_test.go:84: Expected label ZipCode, got  ([]), file ZipCode.csv:21296 data 61115
    regex_detector_test.go:84: Expected label ZipCode, got  ([]), file ZipCode.csv:21297 data 61201
    regex_detector_test.go:84: Expected label ZipCode, got  ([]), file ZipCode.csv:21298 data 61230
    regex_detector_test.go:84: Expected label ZipCode, got  ([]), file ZipCode.csv:21299 data 61231
    regex_detector_test.go:84: Expected label ZipCode, got  ([]), file ZipCode.csv:21300 data 61232
    regex_detector_test.go:84: Expected label ZipCode, got  ([]), file ZipCode.csv:21301 data 61233
    regex_detector_test.go:84: Expected label ZipCode, got  ([]), file ZipCode.csv:21302 data 61234
    regex_detector_test.go:84: Expected label ZipCode, got  ([]), file ZipCode.csv:21303 data 61235
    regex_detector_test.go:84: Expected label ZipCode, got  ([]), file ZipCode.csv:21304 data 61236
    regex_detector_test.go:84: Expected label ZipCode, got  ([]), file ZipCode.csv:21305 data 61237
    regex_detector_test.go:84: Expected label ZipCode, got  ([]), file ZipCode.csv:21306 data 61238
    regex_detector_test.go:84: Expected label ZipCode, got  ([]), file ZipCode.csv:21307 data 61239
    regex_detector_test.go:84: Expected label ZipCode, got  ([]), file ZipCode.csv:21308 data 61240
    regex_detector_test.go:84: Expected label ZipCode, got  ([]), file ZipCode.csv:21309 data 61241
    regex_detector_test.go:84: Expected label ZipCode, got  ([]), file ZipCode.csv:21310 data 61242
    regex_detector_test.go:84: Expected label ZipCode, got  ([]), file ZipCode.csv:21311 data 61243
    regex_detector_test.go:84: Expected label ZipCode, got  ([]), file ZipCode.csv:21312 data 61244
    regex_detector_test.go:84: Expected label ZipCode, got  ([]), file ZipCode.csv:21313 data 61250
    regex_detector_test.go:84: Expected label ZipCode, got  ([]), file ZipCode.csv:21314 data 61251
    regex_detector_test.go:84: Expected label ZipCode, got  ([]), file ZipCode.csv:21315 data 61252
    regex_detector_test.go:84: Expected label ZipCode, got  ([]), file ZipCode.csv:21316 data 61254
    regex_detector_test.go:84: Expected label ZipCode, got  ([]), file ZipCode.csv:21317 data 61256
    regex_detector_test.go:84: Expected label ZipCode, got  ([]), file ZipCode.csv:21318 data 61257
    regex_detector_test.go:84: Expected label ZipCode, got  ([]), file ZipCode.csv:21319 data 61258
    regex_detector_test.go:84: Expected label ZipCode, got  ([]), file ZipCode.csv:21320 data 61259
    regex_detector_test.go:84: Expected label ZipCode, got  ([]), file ZipCode.csv:21321 data 61260
    regex_detector_test.go:84: Expected label ZipCode, got  ([]), file ZipCode.csv:21322 data 61261
    regex_detector_test.go:84: Expected label ZipCode, got  ([]), file ZipCode.csv:21323 data 61262
    regex_detector_test.go:84: Expected label ZipCode, got  ([]), file ZipCode.csv:21324 data 61263
    regex_detector_test.go:84: Expected label ZipCode, got  ([]), file ZipCode.csv:21325 data 61264
    regex_detector_test.go:84: Expected label ZipCode, got  ([]), file ZipCode.csv:21326 data 61265
    regex_detector_test.go:84: Expected label ZipCode, got  ([]), file ZipCode.csv:21327 data 61270
    regex_detector_test.go:84: Expected label ZipCode, got  ([]), file ZipCode.csv:21328 data 61272
    regex_detector_test.go:84: Expected label ZipCode, got  ([]), file ZipCode.csv:21329 data 61273
    regex_detector_test.go:84: Expected label ZipCode, got  ([]), file ZipCode.csv:21330 data 61274
    regex_detector_test.go:84: Expected label ZipCode, got  ([]), file ZipCode.csv:21331 data 61275
    regex_detector_test.go:84: Expected label ZipCode, got  ([]), file ZipCode.csv:21332 data 61276
    regex_detector_test.go:84: Expected label ZipCode, got  ([]), file ZipCode.csv:21333 data 61277
    regex_detector_test.go:84: Expected label ZipCode, got  ([]), file ZipCode.csv:21334 data 61278
    regex_detector_test.go:84: Expected label ZipCode, got  ([]), file ZipCode.csv:21335 data 61279
    regex_detector_test.go:84: Expected label ZipCode, got  ([]), file ZipCode.csv:21336 data 61281
    regex_detector_test.go:84: Expected label ZipCode, got  ([]), file ZipCode.csv:21337 data 61282
    regex_detector_test.go:84: Expected label ZipCode, got  ([]), file ZipCode.csv:21338 data 61283
    regex_detector_test.go:84: Expected label ZipCode, got  ([]), file ZipCode.csv:21339 data 61284
    regex_detector_test.go:84: Expected label ZipCode, got  ([]), file ZipCode.csv:21340 data 61285
    regex_detector_test.go:84: Expected label ZipCode, got  ([]), file ZipCode.csv:21341 data 61301
    regex_detector_test.go:84: Expected label ZipCode, got  ([]), file ZipCode.csv:21342 data 61310
    regex_detector_test.go:84: Expected label ZipCode, got  ([]), file ZipCode.csv:21343 data 61311
    regex_detector_test.go:84: Expected label ZipCode, got  ([]), file ZipCode.csv:21344 data 61312
    regex_detector_test.go:84: Expected label ZipCode, got  ([]), file ZipCode.csv:21345 data 61313
    regex_detector_test.go:84: Expected label ZipCode, got  ([]), file ZipCode.csv:21346 data 61314
    regex_detector_test.go:84: Expected label ZipCode, got  ([]), file ZipCode.csv:21347 data 61315
    regex_detector_test.go:84: Expected label ZipCode, got  ([]), file ZipCode.csv:21348 data 61316
    regex_detector_test.go:84: Expected label ZipCode, got  ([]), file ZipCode.csv:21349 data 61317
    regex_detector_test.go:84: Expected label ZipCode, got  ([]), file ZipCode.csv:21350 data 61318
    regex_detector_test.go:84: Expected label ZipCode, got  ([]), file ZipCode.csv:21351 data 61319
    regex_detector_test.go:84: Expected label ZipCode, got  ([]), file ZipCode.csv:21352 data 61320
    regex_detector_test.go:84: Expected label ZipCode, got  ([]), file ZipCode.csv:21353 data 61321
    regex_detector_test.go:84: Expected label ZipCode, got  ([]), file ZipCode.csv:21354 data 61322
    regex_detector_test.go:84: Expected label ZipCode, got  ([]), file ZipCode.csv:21355 data 61323
    regex_detector_test.go:84: Expected label ZipCode, got  ([]), file ZipCode.csv:21356 data 61324
    regex_detector_test.go:84: Expected label ZipCode, got  ([]), file ZipCode.csv:21357 data 61325
    regex_detector_test.go:84: Expected label ZipCode, got  ([]), file ZipCode.csv:21358 data 61326
    regex_detector_test.go:84: Expected label ZipCode, got  ([]), file ZipCode.csv:21359 data 61327
    regex_detector_test.go:84: Expected label ZipCode, got  ([]), file ZipCode.csv:21360 data 61328
    regex_detector_test.go:84: Expected label ZipCode, got  ([]), file ZipCode.csv:21361 data 61329
    regex_detector_test.go:84: Expected label ZipCode, got  ([]), file ZipCode.csv:21362 data 61330
    regex_detector_test.go:84: Expected label ZipCode, got  ([]), file ZipCode.csv:21363 data 61331
    regex_detector_test.go:84: Expected label ZipCode, got  ([]), file ZipCode.csv:21364 data 61332
    regex_detector_test.go:84: Expected label ZipCode, got  ([]), file ZipCode.csv:21365 data 61333
    regex_detector_test.go:84: Expected label ZipCode, got  ([]), file ZipCode.csv:21366 data 61334
    regex_detector_test.go:84: Expected label ZipCode, got  ([]), file ZipCode.csv:21367 data 61335
    regex_detector_test.go:84: Expected label ZipCode, got  ([]), file ZipCode.csv:21368 data 61336
    regex_detector_test.go:84: Expected label ZipCode, got  ([]), file ZipCode.csv:21369 data 61337
    regex_detector_test.go:84: Expected label ZipCode, got  ([]), file ZipCode.csv:21370 data 61338
    regex_detector_test.go:84: Expected label ZipCode, got  ([]), file ZipCode.csv:21371 data 61340
    regex_detector_test.go:84: Expected label ZipCode, got  ([]), file ZipCode.csv:21372 data 61341
    regex_detector_test.go:84: Expected label ZipCode, got  ([]), file ZipCode.csv:21373 data 61342
    regex_detector_test.go:84: Expected label ZipCode, got  ([]), file ZipCode.csv:21374 data 61344
    regex_detector_test.go:84: Expected label ZipCode, got  ([]), file ZipCode.csv:21375 data 61345
    regex_detector_test.go:84: Expected label ZipCode, got  ([]), file ZipCode.csv:21376 data 61346
    regex_detector_test.go:84: Expected label ZipCode, got  ([]), file ZipCode.csv:21377 data 61348
    regex_detector_test.go:84: Expected label ZipCode, got  ([]), file ZipCode.csv:21378 data 61349
    regex_detector_test.go:84: Expected label ZipCode, got  ([]), file ZipCode.csv:21379 data 61350
    regex_detector_test.go:84: Expected label ZipCode, got  ([]), file ZipCode.csv:21380 data 61353
    regex_detector_test.go:84: Expected label ZipCode, got  ([]), file ZipCode.csv:21381 data 61354
    regex_detector_test.go:84: Expected label ZipCode, got  ([]), file ZipCode.csv:21382 data 61356
    regex_detector_test.go:84: Expected label ZipCode, got  ([]), file ZipCode.csv:21383 data 61358
    regex_detector_test.go:84: Expected label ZipCode, got  ([]), file ZipCode.csv:21384 data 61359
    regex_detector_test.go:84: Expected label ZipCode, got  ([]), file ZipCode.csv:21385 data 61360
    regex_detector_test.go:84: Expected label ZipCode, got  ([]), file ZipCode.csv:21386 data 61361
    regex_detector_test.go:84: Expected label ZipCode, got  ([]), file ZipCode.csv:21387 data 61362
    regex_detector_test.go:84: Expected label ZipCode, got  ([]), file ZipCode.csv:21388 data 61363
    regex_detector_test.go:84: Expected label ZipCode, got  ([]), file ZipCode.csv:21389 data 61364
    regex_detector_test.go:84: Expected label ZipCode, got  ([]), file ZipCode.csv:21390 data 61367
    regex_detector_test.go:84: Expected label ZipCode, got  ([]), file ZipCode.csv:21391 data 61368
    regex_detector_test.go:84: Expected label ZipCode, got  ([]), file ZipCode.csv:21392 data 61369
    regex_detector_test.go:84: Expected label ZipCode, got  ([]), file ZipCode.csv:21393 data 61370
    regex_detector_test.go:84: Expected label ZipCode, got  ([]), file ZipCode.csv:21394 data 61371
    regex_detector_test.go:84: Expected label ZipCode, got  ([]), file ZipCode.csv:21395 data 61372
    regex_detector_test.go:84: Expected label ZipCode, got  ([]), file ZipCode.csv:21396 data 61373
    regex_detector_test.go:84: Expected label ZipCode, got  ([]), file ZipCode.csv:21397 data 61374
    regex_detector_test.go:84: Expected label ZipCode, got  ([]), file ZipCode.csv:21398 data 61375
    regex_detector_test.go:84: Expected label ZipCode, got  ([]), file ZipCode.csv:21399 data 61376
    regex_detector_test.go:84: Expected label ZipCode, got  ([]), file ZipCode.csv:21400 data 61377
    regex_detector_test.go:84: Expected label ZipCode, got  ([]), file ZipCode.csv:21401 data 61378
    regex_detector_test.go:84: Expected label ZipCode, got  ([]), file ZipCode.csv:21402 data 61379
    regex_detector_test.go:84: Expected label ZipCode, got  ([]), file ZipCode.csv:21403 data 61401
    regex_detector_test.go:84: Expected label ZipCode, got  ([]), file ZipCode.csv:21404 data 61402
    regex_detector_test.go:84: Expected label ZipCode, got  ([]), file ZipCode.csv:21405 data 61410
    regex_detector_test.go:84: Expected label ZipCode, got  ([]), file ZipCode.csv:21406 data 61411
    regex_detector_test.go:84: Expected label ZipCode, got  ([]), file ZipCode.csv:21407 data 61412
    regex_detector_test.go:84: Expected label ZipCode, got  ([]), file ZipCode.csv:21408 data 61413
    regex_detector_test.go:84: Expected label ZipCode, got  ([]), file ZipCode.csv:21409 data 61414
    regex_detector_test.go:84: Expected label ZipCode, got  ([]), file ZipCode.csv:21410 data 61415
    regex_detector_test.go:84: Expected label ZipCode, got  ([]), file ZipCode.csv:21411 data 61416
    regex_detector_test.go:84: Expected label ZipCode, got  ([]), file ZipCode.csv:21412 data 61417
    regex_detector_test.go:84: Expected label ZipCode, got  ([]), file ZipCode.csv:21413 data 61418
    regex_detector_test.go:84: Expected label ZipCode, got  ([]), file ZipCode.csv:21414 data 61419
    regex_detector_test.go:84: Expected label ZipCode, got  ([]), file ZipCode.csv:21415 data 61420
    regex_detector_test.go:84: Expected label ZipCode, got  ([]), file ZipCode.csv:21416 data 61421
    regex_detector_test.go:84: Expected label ZipCode, got  ([]), file ZipCode.csv:21417 data 61422
    regex_detector_test.go:84: Expected label ZipCode, got  ([]), file ZipCode.csv:21418 data 61423
    regex_detector_test.go:84: Expected label ZipCode, got  ([]), file ZipCode.csv:21419 data 61424
    regex_detector_test.go:84: Expected label ZipCode, got  ([]), file ZipCode.csv:21420 data 61425
    regex_detector_test.go:84: Expected label ZipCode, got  ([]), file ZipCode.csv:21421 data 61426
    regex_detector_test.go:84: Expected label ZipCode, got  ([]), file ZipCode.csv:21422 data 61427
    regex_detector_test.go:84: Expected label ZipCode, got  ([]), file ZipCode.csv:21423 data 61428
    regex_detector_test.go:84: Expected label ZipCode, got  ([]), file ZipCode.csv:21424 data 61430
    regex_detector_test.go:84: Expected label ZipCode, got  ([]), file ZipCode.csv:21425 data 61431
    regex_detector_test.go:84: Expected label ZipCode, got  ([]), file ZipCode.csv:21426 data 61432
    regex_detector_test.go:84: Expected label ZipCode, got  ([]), file ZipCode.csv:21427 data 61433
    regex_detector_test.go:84: Expected label ZipCode, got  ([]), file ZipCode.csv:21428 data 61434
    regex_detector_test.go:84: Expected label ZipCode, got  ([]), file ZipCode.csv:21429 data 61435
    regex_detector_test.go:84: Expected label ZipCode, got  ([]), file ZipCode.csv:21430 data 61436
    regex_detector_test.go:84: Expected label ZipCode, got  ([]), file ZipCode.csv:21431 data 61437
    regex_detector_test.go:84: Expected label ZipCode, got  ([]), file ZipCode.csv:21432 data 61438
    regex_detector_test.go:84: Expected label ZipCode, got  ([]), file ZipCode.csv:21433 data 61439
    regex_detector_test.go:84: Expected label ZipCode, got  ([]), file ZipCode.csv:21434 data 61440
    regex_detector_test.go:84: Expected label ZipCode, got  ([]), file ZipCode.csv:21435 data 61441
    regex_detector_test.go:84: Expected label ZipCode, got  ([]), file ZipCode.csv:21436 data 61442
    regex_detector_test.go:84: Expected label ZipCode, got  ([]), file ZipCode.csv:21437 data 61443
    regex_detector_test.go:84: Expected label ZipCode, got  ([]), file ZipCode.csv:21438 data 61447
    regex_detector_test.go:84: Expected label ZipCode, got  ([]), file ZipCode.csv:21439 data 61448
    regex_detector_test.go:84: Expected label ZipCode, got  ([]), file ZipCode.csv:21440 data 61449
    regex_detector_test.go:84: Expected label ZipCode, got  ([]), file ZipCode.csv:21441 data 61450
    regex_detector_test.go:84: Expected label ZipCode, got  ([]), file ZipCode.csv:21442 data 61451
    regex_detector_test.go:84: Expected label ZipCode, got  ([]), file ZipCode.csv:21443 data 61452
    regex_detector_test.go:84: Expected label ZipCode, got  ([]), file ZipCode.csv:21444 data 61453
    regex_detector_test.go:84: Expected label ZipCode, got  ([]), file ZipCode.csv:21445 data 61454
    regex_detector_test.go:84: Expected label ZipCode, got  ([]), file ZipCode.csv:21446 data 61455
    regex_detector_test.go:84: Expected label ZipCode, got  ([]), file ZipCode.csv:21447 data 61458
    regex_detector_test.go:84: Expected label ZipCode, got  ([]), file ZipCode.csv:21448 data 61459
    regex_detector_test.go:84: Expected label ZipCode, got  ([]), file ZipCode.csv:21449 data 61460
    regex_detector_test.go:84: Expected label ZipCode, got  ([]), file ZipCode.csv:21450 data 61462
    regex_detector_test.go:84: Expected label ZipCode, got  ([]), file ZipCode.csv:21451 data 61465
    regex_detector_test.go:84: Expected label ZipCode, got  ([]), file ZipCode.csv:21452 data 61466
    regex_detector_test.go:84: Expected label ZipCode, got  ([]), file ZipCode.csv:21453 data 61467
    regex_detector_test.go:84: Expected label ZipCode, got  ([]), file ZipCode.csv:21454 data 61468
    regex_detector_test.go:84: Expected label ZipCode, got  ([]), file ZipCode.csv:21455 data 61469
    regex_detector_test.go:84: Expected label ZipCode, got  ([]), file ZipCode.csv:21456 data 61470
    regex_detector_test.go:84: Expected label ZipCode, got  ([]), file ZipCode.csv:21457 data 61471
    regex_detector_test.go:84: Expected label ZipCode, got  ([]), file ZipCode.csv:21458 data 61472
    regex_detector_test.go:84: Expected label ZipCode, got  ([]), file ZipCode.csv:21459 data 61473
    regex_detector_test.go:84: Expected label ZipCode, got  ([]), file ZipCode.csv:21460 data 61474
    regex_detector_test.go:84: Expected label ZipCode, got  ([]), file ZipCode.csv:21461 data 61475
    regex_detector_test.go:84: Expected label ZipCode, got  ([]), file ZipCode.csv:21462 data 61476
    regex_detector_test.go:84: Expected label ZipCode, got  ([]), file ZipCode.csv:21463 data 61477
    regex_detector_test.go:84: Expected label ZipCode, got  ([]), file ZipCode.csv:21464 data 61478
    regex_detector_test.go:84: Expected label ZipCode, got  ([]), file ZipCode.csv:21465 data 61479
    regex_detector_test.go:84: Expected label ZipCode, got  ([]), file ZipCode.csv:21466 data 61480
    regex_detector_test.go:84: Expected label ZipCode, got  ([]), file ZipCode.csv:21467 data 61482
    regex_detector_test.go:84: Expected label ZipCode, got  ([]), file ZipCode.csv:21468 data 61483
    regex_detector_test.go:84: Expected label ZipCode, got  ([]), file ZipCode.csv:21469 data 61484
    regex_detector_test.go:84: Expected label ZipCode, got  ([]), file ZipCode.csv:21470 data 61485
    regex_detector_test.go:84: Expected label ZipCode, got  ([]), file ZipCode.csv:21471 data 61486
    regex_detector_test.go:84: Expected label ZipCode, got  ([]), file ZipCode.csv:21472 data 61488
    regex_detector_test.go:84: Expected label ZipCode, got  ([]), file ZipCode.csv:21473 data 61489
    regex_detector_test.go:84: Expected label ZipCode, got  ([]), file ZipCode.csv:21474 data 61490
    regex_detector_test.go:84: Expected label ZipCode, got  ([]), file ZipCode.csv:21475 data 61491
    regex_detector_test.go:84: Expected label ZipCode, got  ([]), file ZipCode.csv:21476 data 61501
    regex_detector_test.go:84: Expected label ZipCode, got  ([]), file ZipCode.csv:21477 data 61516
    regex_detector_test.go:84: Expected label ZipCode, got  ([]), file ZipCode.csv:21478 data 61517
    regex_detector_test.go:84: Expected label ZipCode, got  ([]), file ZipCode.csv:21479 data 61519
    regex_detector_test.go:84: Expected label ZipCode, got  ([]), file ZipCode.csv:21480 data 61520
    regex_detector_test.go:84: Expected label ZipCode, got  ([]), file ZipCode.csv:21481 data 61523
    regex_detector_test.go:84: Expected label ZipCode, got  ([]), file ZipCode.csv:21482 data 61524
    regex_detector_test.go:84: Expected label ZipCode, got  ([]), file ZipCode.csv:21483 data 61525
    regex_detector_test.go:84: Expected label ZipCode, got  ([]), file ZipCode.csv:21484 data 61526
    regex_detector_test.go:84: Expected label ZipCode, got  ([]), file ZipCode.csv:21485 data 61528
    regex_detector_test.go:84: Expected label ZipCode, got  ([]), file ZipCode.csv:21486 data 61529
    regex_detector_test.go:84: Expected label ZipCode, got  ([]), file ZipCode.csv:21487 data 61530
    regex_detector_test.go:84: Expected label ZipCode, got  ([]), file ZipCode.csv:21488 data 61531
    regex_detector_test.go:84: Expected label ZipCode, got  ([]), file ZipCode.csv:21489 data 61532
    regex_detector_test.go:84: Expected label ZipCode, got  ([]), file ZipCode.csv:21490 data 61533
    regex_detector_test.go:84: Expected label ZipCode, got  ([]), file ZipCode.csv:21491 data 61534
    regex_detector_test.go:84: Expected label ZipCode, got  ([]), file ZipCode.csv:21492 data 61535
    regex_detector_test.go:84: Expected label ZipCode, got  ([]), file ZipCode.csv:21493 data 61536
    regex_detector_test.go:84: Expected label ZipCode, got  ([]), file ZipCode.csv:21494 data 61537
    regex_detector_test.go:84: Expected label ZipCode, got  ([]), file ZipCode.csv:21495 data 61539
    regex_detector_test.go:84: Expected label ZipCode, got  ([]), file ZipCode.csv:21496 data 61540
    regex_detector_test.go:84: Expected label ZipCode, got  ([]), file ZipCode.csv:21497 data 61541
    regex_detector_test.go:84: Expected label ZipCode, got  ([]), file ZipCode.csv:21498 data 61542
    regex_detector_test.go:84: Expected label ZipCode, got  ([]), file ZipCode.csv:21499 data 61543
    regex_detector_test.go:84: Expected label ZipCode, got  ([]), file ZipCode.csv:21500 data 61544
    regex_detector_test.go:84: Expected label ZipCode, got  ([]), file ZipCode.csv:21501 data 61545
    regex_detector_test.go:84: Expected label ZipCode, got  ([]), file ZipCode.csv:21502 data 61546
    regex_detector_test.go:84: Expected label ZipCode, got  ([]), file ZipCode.csv:21503 data 61547
    regex_detector_test.go:84: Expected label ZipCode, got  ([]), file ZipCode.csv:21504 data 61548
    regex_detector_test.go:84: Expected label ZipCode, got  ([]), file ZipCode.csv:21505 data 61550
    regex_detector_test.go:84: Expected label ZipCode, got  ([]), file ZipCode.csv:21506 data 61552
    regex_detector_test.go:84: Expected label ZipCode, got  ([]), file ZipCode.csv:21507 data 61553
    regex_detector_test.go:84: Expected label ZipCode, got  ([]), file ZipCode.csv:21508 data 61554
    regex_detector_test.go:84: Expected label ZipCode, got  ([]), file ZipCode.csv:21509 data 61559
    regex_detector_test.go:84: Expected label ZipCode, got  ([]), file ZipCode.csv:21510 data 61560
    regex_detector_test.go:84: Expected label ZipCode, got  ([]), file ZipCode.csv:21511 data 61561
    regex_detector_test.go:84: Expected label ZipCode, got  ([]), file ZipCode.csv:21512 data 61562
    regex_detector_test.go:84: Expected label ZipCode, got  ([]), file ZipCode.csv:21513 data 61563
    regex_detector_test.go:84: Expected label ZipCode, got  ([]), file ZipCode.csv:21514 data 61564
    regex_detector_test.go:84: Expected label ZipCode, got  ([]), file ZipCode.csv:21515 data 61565
    regex_detector_test.go:84: Expected label ZipCode, got  ([]), file ZipCode.csv:21516 data 61567
    regex_detector_test.go:84: Expected label ZipCode, got  ([]), file ZipCode.csv:21517 data 61568
    regex_detector_test.go:84: Expected label ZipCode, got  ([]), file ZipCode.csv:21518 data 61569
    regex_detector_test.go:84: Expected label ZipCode, got  ([]), file ZipCode.csv:21519 data 61570
    regex_detector_test.go:84: Expected label ZipCode, got  ([]), file ZipCode.csv:21520 data 61571
    regex_detector_test.go:84: Expected label ZipCode, got  ([]), file ZipCode.csv:21521 data 61572
    regex_detector_test.go:84: Expected label ZipCode, got  ([]), file ZipCode.csv:21522 data 61602
    regex_detector_test.go:84: Expected label ZipCode, got  ([]), file ZipCode.csv:21523 data 61603
    regex_detector_test.go:84: Expected label ZipCode, got  ([]), file ZipCode.csv:21524 data 61604
    regex_detector_test.go:84: Expected label ZipCode, got  ([]), file ZipCode.csv:21525 data 61605
    regex_detector_test.go:84: Expected label ZipCode, got  ([]), file ZipCode.csv:21526 data 61606
    regex_detector_test.go:84: Expected label ZipCode, got  ([]), file ZipCode.csv:21527 data 61607
    regex_detector_test.go:84: Expected label ZipCode, got  ([]), file ZipCode.csv:21528 data 61610
    regex_detector_test.go:84: Expected label ZipCode, got  ([]), file ZipCode.csv:21529 data 61611
    regex_detector_test.go:84: Expected label ZipCode, got  ([]), file ZipCode.csv:21530 data 61614
    regex_detector_test.go:84: Expected label ZipCode, got  ([]), file ZipCode.csv:21531 data 61615
    regex_detector_test.go:84: Expected label ZipCode, got  ([]), file ZipCode.csv:21532 data 61616
    regex_detector_test.go:84: Expected label ZipCode, got  ([]), file ZipCode.csv:21533 data 61625
    regex_detector_test.go:84: Expected label ZipCode, got  ([]), file ZipCode.csv:21534 data 61701
    regex_detector_test.go:84: Expected label ZipCode, got  ([]), file ZipCode.csv:21535 data 61704
    regex_detector_test.go:84: Expected label ZipCode, got  ([]), file ZipCode.csv:21536 data 61705
    regex_detector_test.go:84: Expected label ZipCode, got  ([]), file ZipCode.csv:21537 data 61720
    regex_detector_test.go:84: Expected label ZipCode, got  ([]), file ZipCode.csv:21538 data 61721
    regex_detector_test.go:84: Expected label ZipCode, got  ([]), file ZipCode.csv:21539 data 61722
    regex_detector_test.go:84: Expected label ZipCode, got  ([]), file ZipCode.csv:21540 data 61723
    regex_detector_test.go:84: Expected label ZipCode, got  ([]), file ZipCode.csv:21541 data 61724
    regex_detector_test.go:84: Expected label ZipCode, got  ([]), file ZipCode.csv:21542 data 61725
    regex_detector_test.go:84: Expected label ZipCode, got  ([]), file ZipCode.csv:21543 data 61726
    regex_detector_test.go:84: Expected label ZipCode, got  ([]), file ZipCode.csv:21544 data 61727
    regex_detector_test.go:84: Expected label ZipCode, got  ([]), file ZipCode.csv:21545 data 61728
    regex_detector_test.go:84: Expected label ZipCode, got  ([]), file ZipCode.csv:21546 data 61729
    regex_detector_test.go:84: Expected label ZipCode, got  ([]), file ZipCode.csv:21547 data 61730
    regex_detector_test.go:84: Expected label ZipCode, got  ([]), file ZipCode.csv:21548 data 61731
    regex_detector_test.go:84: Expected label ZipCode, got  ([]), file ZipCode.csv:21549 data 61732
    regex_detector_test.go:84: Expected label ZipCode, got  ([]), file ZipCode.csv:21550 data 61733
    regex_detector_test.go:84: Expected label ZipCode, got  ([]), file ZipCode.csv:21551 data 61734
    regex_detector_test.go:84: Expected label ZipCode, got  ([]), file ZipCode.csv:21552 data 61735
    regex_detector_test.go:84: Expected label ZipCode, got  ([]), file ZipCode.csv:21553 data 61736
    regex_detector_test.go:84: Expected label ZipCode, got  ([]), file ZipCode.csv:21554 data 61737
    regex_detector_test.go:84: Expected label ZipCode, got  ([]), file ZipCode.csv:21555 data 61738
    regex_detector_test.go:84: Expected label ZipCode, got  ([]), file ZipCode.csv:21556 data 61739
    regex_detector_test.go:84: Expected label ZipCode, got  ([]), file ZipCode.csv:21557 data 61740
    regex_detector_test.go:84: Expected label ZipCode, got  ([]), file ZipCode.csv:21558 data 61741
    regex_detector_test.go:84: Expected label ZipCode, got  ([]), file ZipCode.csv:21559 data 61742
    regex_detector_test.go:84: Expected label ZipCode, got  ([]), file ZipCode.csv:21560 data 61743
    regex_detector_test.go:84: Expected label ZipCode, got  ([]), file ZipCode.csv:21561 data 61744
    regex_detector_test.go:84: Expected label ZipCode, got  ([]), file ZipCode.csv:21562 data 61745
    regex_detector_test.go:84: Expected label ZipCode, got  ([]), file ZipCode.csv:21563 data 61747
    regex_detector_test.go:84: Expected label ZipCode, got  ([]), file ZipCode.csv:21564 data 61748
    regex_detector_test.go:84: Expected label ZipCode, got  ([]), file ZipCode.csv:21565 data 61749
    regex_detector_test.go:84: Expected label ZipCode, got  ([]), file ZipCode.csv:21566 data 61750
    regex_detector_test.go:84: Expected label ZipCode, got  ([]), file ZipCode.csv:21567 data 61751
    regex_detector_test.go:84: Expected label ZipCode, got  ([]), file ZipCode.csv:21568 data 61752
    regex_detector_test.go:84: Expected label ZipCode, got  ([]), file ZipCode.csv:21569 data 61753
    regex_detector_test.go:84: Expected label ZipCode, got  ([]), file ZipCode.csv:21570 data 61754
    regex_detector_test.go:84: Expected label ZipCode, got  ([]), file ZipCode.csv:21571 data 61755
    regex_detector_test.go:84: Expected label ZipCode, got  ([]), file ZipCode.csv:21572 data 61756
    regex_detector_test.go:84: Expected label ZipCode, got  ([]), file ZipCode.csv:21573 data 61759
    regex_detector_test.go:84: Expected label ZipCode, got  ([]), file ZipCode.csv:21574 data 61760
    regex_detector_test.go:84: Expected label ZipCode, got  ([]), file ZipCode.csv:21575 data 61761
    regex_detector_test.go:84: Expected label ZipCode, got  ([]), file ZipCode.csv:21576 data 61764
    regex_detector_test.go:84: Expected label ZipCode, got  ([]), file ZipCode.csv:21577 data 61769
    regex_detector_test.go:84: Expected label ZipCode, got  ([]), file ZipCode.csv:21578 data 61770
    regex_detector_test.go:84: Expected label ZipCode, got  ([]), file ZipCode.csv:21579 data 61771
    regex_detector_test.go:84: Expected label ZipCode, got  ([]), file ZipCode.csv:21580 data 61772
    regex_detector_test.go:84: Expected label ZipCode, got  ([]), file ZipCode.csv:21581 data 61773
    regex_detector_test.go:84: Expected label ZipCode, got  ([]), file ZipCode.csv:21582 data 61774
    regex_detector_test.go:84: Expected label ZipCode, got  ([]), file ZipCode.csv:21583 data 61775
    regex_detector_test.go:84: Expected label ZipCode, got  ([]), file ZipCode.csv:21584 data 61776
    regex_detector_test.go:84: Expected label ZipCode, got  ([]), file ZipCode.csv:21585 data 61777
    regex_detector_test.go:84: Expected label ZipCode, got  ([]), file ZipCode.csv:21586 data 61778
    regex_detector_test.go:84: Expected label ZipCode, got  ([]), file ZipCode.csv:21587 data 61801
    regex_detector_test.go:84: Expected label ZipCode, got  ([]), file ZipCode.csv:21588 data 61802
    regex_detector_test.go:84: Expected label ZipCode, got  ([]), file ZipCode.csv:21589 data 61810
    regex_detector_test.go:84: Expected label ZipCode, got  ([]), file ZipCode.csv:21590 data 61811
    regex_detector_test.go:84: Expected label ZipCode, got  ([]), file ZipCode.csv:21591 data 61812
    regex_detector_test.go:84: Expected label ZipCode, got  ([]), file ZipCode.csv:21592 data 61813
    regex_detector_test.go:84: Expected label ZipCode, got  ([]), file ZipCode.csv:21593 data 61814
    regex_detector_test.go:84: Expected label ZipCode, got  ([]), file ZipCode.csv:21594 data 61815
    regex_detector_test.go:84: Expected label ZipCode, got  ([]), file ZipCode.csv:21595 data 61816
    regex_detector_test.go:84: Expected label ZipCode, got  ([]), file ZipCode.csv:21596 data 61817
    regex_detector_test.go:84: Expected label ZipCode, got  ([]), file ZipCode.csv:21597 data 61818
    regex_detector_test.go:84: Expected label ZipCode, got  ([]), file ZipCode.csv:21598 data 61820
    regex_detector_test.go:84: Expected label ZipCode, got  ([]), file ZipCode.csv:21599 data 61821
    regex_detector_test.go:84: Expected label ZipCode, got  ([]), file ZipCode.csv:21600 data 61822
    regex_detector_test.go:84: Expected label ZipCode, got  ([]), file ZipCode.csv:21601 data 61830
    regex_detector_test.go:84: Expected label ZipCode, got  ([]), file ZipCode.csv:21602 data 61831
    regex_detector_test.go:84: Expected label ZipCode, got  ([]), file ZipCode.csv:21603 data 61832
    regex_detector_test.go:84: Expected label ZipCode, got  ([]), file ZipCode.csv:21604 data 61833
    regex_detector_test.go:84: Expected label ZipCode, got  ([]), file ZipCode.csv:21605 data 61834
    regex_detector_test.go:84: Expected label ZipCode, got  ([]), file ZipCode.csv:21606 data 61839
    regex_detector_test.go:84: Expected label ZipCode, got  ([]), file ZipCode.csv:21607 data 61840
    regex_detector_test.go:84: Expected label ZipCode, got  ([]), file ZipCode.csv:21608 data 61841
    regex_detector_test.go:84: Expected label ZipCode, got  ([]), file ZipCode.csv:21609 data 61842
    regex_detector_test.go:84: Expected label ZipCode, got  ([]), file ZipCode.csv:21610 data 61843
    regex_detector_test.go:84: Expected label ZipCode, got  ([]), file ZipCode.csv:21611 data 61844
    regex_detector_test.go:84: Expected label ZipCode, got  ([]), file ZipCode.csv:21612 data 61845
    regex_detector_test.go:84: Expected label ZipCode, got  ([]), file ZipCode.csv:21613 data 61846
    regex_detector_test.go:84: Expected label ZipCode, got  ([]), file ZipCode.csv:21614 data 61847
    regex_detector_test.go:84: Expected label ZipCode, got  ([]), file ZipCode.csv:21615 data 61848
    regex_detector_test.go:84: Expected label ZipCode, got  ([]), file ZipCode.csv:21616 data 61849
    regex_detector_test.go:84: Expected label ZipCode, got  ([]), file ZipCode.csv:21617 data 61850
    regex_detector_test.go:84: Expected label ZipCode, got  ([]), file ZipCode.csv:21618 data 61851
    regex_detector_test.go:84: Expected label ZipCode, got  ([]), file ZipCode.csv:21619 data 61852
    regex_detector_test.go:84: Expected label ZipCode, got  ([]), file ZipCode.csv:21620 data 61853
    regex_detector_test.go:84: Expected label ZipCode, got  ([]), file ZipCode.csv:21621 data 61854
    regex_detector_test.go:84: Expected label ZipCode, got  ([]), file ZipCode.csv:21622 data 61855
    regex_detector_test.go:84: Expected label ZipCode, got  ([]), file ZipCode.csv:21623 data 61856
    regex_detector_test.go:84: Expected label ZipCode, got  ([]), file ZipCode.csv:21624 data 61857
    regex_detector_test.go:84: Expected label ZipCode, got  ([]), file ZipCode.csv:21625 data 61858
    regex_detector_test.go:84: Expected label ZipCode, got  ([]), file ZipCode.csv:21626 data 61859
    regex_detector_test.go:84: Expected label ZipCode, got  ([]), file ZipCode.csv:21627 data 61862
    regex_detector_test.go:84: Expected label ZipCode, got  ([]), file ZipCode.csv:21628 data 61863
    regex_detector_test.go:84: Expected label ZipCode, got  ([]), file ZipCode.csv:21629 data 61864
    regex_detector_test.go:84: Expected label ZipCode, got  ([]), file ZipCode.csv:21630 data 61865
    regex_detector_test.go:84: Expected label ZipCode, got  ([]), file ZipCode.csv:21631 data 61866
    regex_detector_test.go:84: Expected label ZipCode, got  ([]), file ZipCode.csv:21632 data 61870
    regex_detector_test.go:84: Expected label ZipCode, got  ([]), file ZipCode.csv:21633 data 61871
    regex_detector_test.go:84: Expected label ZipCode, got  ([]), file ZipCode.csv:21634 data 61872
    regex_detector_test.go:84: Expected label ZipCode, got  ([]), file ZipCode.csv:21635 data 61873
    regex_detector_test.go:84: Expected label ZipCode, got  ([]), file ZipCode.csv:21636 data 61874
    regex_detector_test.go:84: Expected label ZipCode, got  ([]), file ZipCode.csv:21637 data 61875
    regex_detector_test.go:84: Expected label ZipCode, got  ([]), file ZipCode.csv:21638 data 61876
    regex_detector_test.go:84: Expected label ZipCode, got  ([]), file ZipCode.csv:21639 data 61877
    regex_detector_test.go:84: Expected label ZipCode, got  ([]), file ZipCode.csv:21640 data 61878
    regex_detector_test.go:84: Expected label ZipCode, got  ([]), file ZipCode.csv:21641 data 61880
    regex_detector_test.go:84: Expected label ZipCode, got  ([]), file ZipCode.csv:21642 data 61882
    regex_detector_test.go:84: Expected label ZipCode, got  ([]), file ZipCode.csv:21643 data 61883
    regex_detector_test.go:84: Expected label ZipCode, got  ([]), file ZipCode.csv:21644 data 61884
    regex_detector_test.go:84: Expected label ZipCode, got  ([]), file ZipCode.csv:21645 data 61910
    regex_detector_test.go:84: Expected label ZipCode, got  ([]), file ZipCode.csv:21646 data 61911
    regex_detector_test.go:84: Expected label ZipCode, got  ([]), file ZipCode.csv:21647 data 61912
    regex_detector_test.go:84: Expected label ZipCode, got  ([]), file ZipCode.csv:21648 data 61913
    regex_detector_test.go:84: Expected label ZipCode, got  ([]), file ZipCode.csv:21649 data 61914
    regex_detector_test.go:84: Expected label ZipCode, got  ([]), file ZipCode.csv:21650 data 61917
    regex_detector_test.go:84: Expected label ZipCode, got  ([]), file ZipCode.csv:21651 data 61919
    regex_detector_test.go:84: Expected label ZipCode, got  ([]), file ZipCode.csv:21652 data 61920
    regex_detector_test.go:84: Expected label ZipCode, got  ([]), file ZipCode.csv:21653 data 61924
    regex_detector_test.go:84: Expected label ZipCode, got  ([]), file ZipCode.csv:21654 data 61925
    regex_detector_test.go:84: Expected label ZipCode, got  ([]), file ZipCode.csv:21655 data 61928
    regex_detector_test.go:84: Expected label ZipCode, got  ([]), file ZipCode.csv:21656 data 61929
    regex_detector_test.go:84: Expected label ZipCode, got  ([]), file ZipCode.csv:21657 data 61930
    regex_detector_test.go:84: Expected label ZipCode, got  ([]), file ZipCode.csv:21658 data 61931
    regex_detector_test.go:84: Expected label ZipCode, got  ([]), file ZipCode.csv:21659 data 61932
    regex_detector_test.go:84: Expected label ZipCode, got  ([]), file ZipCode.csv:21660 data 61933
    regex_detector_test.go:84: Expected label ZipCode, got  ([]), file ZipCode.csv:21661 data 61936
    regex_detector_test.go:84: Expected label ZipCode, got  ([]), file ZipCode.csv:21662 data 61937
    regex_detector_test.go:84: Expected label ZipCode, got  ([]), file ZipCode.csv:21663 data 61938
    regex_detector_test.go:84: Expected label ZipCode, got  ([]), file ZipCode.csv:21664 data 61940
    regex_detector_test.go:84: Expected label ZipCode, got  ([]), file ZipCode.csv:21665 data 61941
    regex_detector_test.go:84: Expected label ZipCode, got  ([]), file ZipCode.csv:21666 data 61942
    regex_detector_test.go:84: Expected label ZipCode, got  ([]), file ZipCode.csv:21667 data 61943
    regex_detector_test.go:84: Expected label ZipCode, got  ([]), file ZipCode.csv:21668 data 61944
    regex_detector_test.go:84: Expected label ZipCode, got  ([]), file ZipCode.csv:21669 data 61949
    regex_detector_test.go:84: Expected label ZipCode, got  ([]), file ZipCode.csv:21670 data 61951
    regex_detector_test.go:84: Expected label ZipCode, got  ([]), file ZipCode.csv:21671 data 61953
    regex_detector_test.go:84: Expected label ZipCode, got  ([]), file ZipCode.csv:21672 data 61955
    regex_detector_test.go:84: Expected label ZipCode, got  ([]), file ZipCode.csv:21673 data 61956
    regex_detector_test.go:84: Expected label ZipCode, got  ([]), file ZipCode.csv:21674 data 61957
    regex_detector_test.go:84: Expected label ZipCode, got  ([]), file ZipCode.csv:21675 data 62001
    regex_detector_test.go:84: Expected label ZipCode, got  ([]), file ZipCode.csv:21676 data 62002
    regex_detector_test.go:84: Expected label ZipCode, got  ([]), file ZipCode.csv:21677 data 62006
    regex_detector_test.go:84: Expected label ZipCode, got  ([]), file ZipCode.csv:21678 data 62009
    regex_detector_test.go:84: Expected label ZipCode, got  ([]), file ZipCode.csv:21679 data 62010
    regex_detector_test.go:84: Expected label ZipCode, got  ([]), file ZipCode.csv:21680 data 62011
    regex_detector_test.go:84: Expected label ZipCode, got  ([]), file ZipCode.csv:21681 data 62012
    regex_detector_test.go:84: Expected label ZipCode, got  ([]), file ZipCode.csv:21682 data 62013
    regex_detector_test.go:84: Expected label ZipCode, got  ([]), file ZipCode.csv:21683 data 62014
    regex_detector_test.go:84: Expected label ZipCode, got  ([]), file ZipCode.csv:21684 data 62015
    regex_detector_test.go:84: Expected label ZipCode, got  ([]), file ZipCode.csv:21685 data 62016
    regex_detector_test.go:84: Expected label ZipCode, got  ([]), file ZipCode.csv:21686 data 62017
    regex_detector_test.go:84: Expected label ZipCode, got  ([]), file ZipCode.csv:21687 data 62018
    regex_detector_test.go:84: Expected label ZipCode, got  ([]), file ZipCode.csv:21688 data 62019
    regex_detector_test.go:84: Expected label ZipCode, got  ([]), file ZipCode.csv:21689 data 62021
    regex_detector_test.go:84: Expected label ZipCode, got  ([]), file ZipCode.csv:21690 data 62022
    regex_detector_test.go:84: Expected label ZipCode, got  ([]), file ZipCode.csv:21691 data 62023
    regex_detector_test.go:84: Expected label ZipCode, got  ([]), file ZipCode.csv:21692 data 62024
    regex_detector_test.go:84: Expected label ZipCode, got  ([]), file ZipCode.csv:21693 data 62025
    regex_detector_test.go:84: Expected label ZipCode, got  ([]), file ZipCode.csv:21694 data 62026
    regex_detector_test.go:84: Expected label ZipCode, got  ([]), file ZipCode.csv:21695 data 62027
    regex_detector_test.go:84: Expected label ZipCode, got  ([]), file ZipCode.csv:21696 data 62028
    regex_detector_test.go:84: Expected label ZipCode, got  ([]), file ZipCode.csv:21697 data 62030
    regex_detector_test.go:84: Expected label ZipCode, got  ([]), file ZipCode.csv:21698 data 62031
    regex_detector_test.go:84: Expected label ZipCode, got  ([]), file ZipCode.csv:21699 data 62032
    regex_detector_test.go:84: Expected label ZipCode, got  ([]), file ZipCode.csv:21700 data 62033
    regex_detector_test.go:84: Expected label ZipCode, got  ([]), file ZipCode.csv:21701 data 62034
    regex_detector_test.go:84: Expected label ZipCode, got  ([]), file ZipCode.csv:21702 data 62035
    regex_detector_test.go:84: Expected label ZipCode, got  ([]), file ZipCode.csv:21703 data 62036
    regex_detector_test.go:84: Expected label ZipCode, got  ([]), file ZipCode.csv:21704 data 62037
    regex_detector_test.go:84: Expected label ZipCode, got  ([]), file ZipCode.csv:21705 data 62040
    regex_detector_test.go:84: Expected label ZipCode, got  ([]), file ZipCode.csv:21706 data 62044
    regex_detector_test.go:84: Expected label ZipCode, got  ([]), file ZipCode.csv:21707 data 62045
    regex_detector_test.go:84: Expected label ZipCode, got  ([]), file ZipCode.csv:21708 data 62046
    regex_detector_test.go:84: Expected label ZipCode, got  ([]), file ZipCode.csv:21709 data 62047
    regex_detector_test.go:84: Expected label ZipCode, got  ([]), file ZipCode.csv:21710 data 62048
    regex_detector_test.go:84: Expected label ZipCode, got  ([]), file ZipCode.csv:21711 data 62049
    regex_detector_test.go:84: Expected label ZipCode, got  ([]), file ZipCode.csv:21712 data 62050
    regex_detector_test.go:84: Expected label ZipCode, got  ([]), file ZipCode.csv:21713 data 62051
    regex_detector_test.go:84: Expected label ZipCode, got  ([]), file ZipCode.csv:21714 data 62052
    regex_detector_test.go:84: Expected label ZipCode, got  ([]), file ZipCode.csv:21715 data 62053
    regex_detector_test.go:84: Expected label ZipCode, got  ([]), file ZipCode.csv:21716 data 62054
    regex_detector_test.go:84: Expected label ZipCode, got  ([]), file ZipCode.csv:21717 data 62056
    regex_detector_test.go:84: Expected label ZipCode, got  ([]), file ZipCode.csv:21718 data 62058
    regex_detector_test.go:84: Expected label ZipCode, got  ([]), file ZipCode.csv:21719 data 62059
    regex_detector_test.go:84: Expected label ZipCode, got  ([]), file ZipCode.csv:21720 data 62060
    regex_detector_test.go:84: Expected label ZipCode, got  ([]), file ZipCode.csv:21721 data 62061
    regex_detector_test.go:84: Expected label ZipCode, got  ([]), file ZipCode.csv:21722 data 62062
    regex_detector_test.go:84: Expected label ZipCode, got  ([]), file ZipCode.csv:21723 data 62063
    regex_detector_test.go:84: Expected label ZipCode, got  ([]), file ZipCode.csv:21724 data 62067
    regex_detector_test.go:84: Expected label ZipCode, got  ([]), file ZipCode.csv:21725 data 62069
    regex_detector_test.go:84: Expected label ZipCode, got  ([]), file ZipCode.csv:21726 data 62074
    regex_detector_test.go:84: Expected label ZipCode, got  ([]), file ZipCode.csv:21727 data 62075
    regex_detector_test.go:84: Expected label ZipCode, got  ([]), file ZipCode.csv:21728 data 62076
    regex_detector_test.go:84: Expected label ZipCode, got  ([]), file ZipCode.csv:21729 data 62077
    regex_detector_test.go:84: Expected label ZipCode, got  ([]), file ZipCode.csv:21730 data 62078
    regex_detector_test.go:84: Expected label ZipCode, got  ([]), file ZipCode.csv:21731 data 62079
    regex_detector_test.go:84: Expected label ZipCode, got  ([]), file ZipCode.csv:21732 data 62080
    regex_detector_test.go:84: Expected label ZipCode, got  ([]), file ZipCode.csv:21733 data 62081
    regex_detector_test.go:84: Expected label ZipCode, got  ([]), file ZipCode.csv:21734 data 62082
    regex_detector_test.go:84: Expected label ZipCode, got  ([]), file ZipCode.csv:21735 data 62083
    regex_detector_test.go:84: Expected label ZipCode, got  ([]), file ZipCode.csv:21736 data 62084
    regex_detector_test.go:84: Expected label ZipCode, got  ([]), file ZipCode.csv:21737 data 62085
    regex_detector_test.go:84: Expected label ZipCode, got  ([]), file ZipCode.csv:21738 data 62086
    regex_detector_test.go:84: Expected label ZipCode, got  ([]), file ZipCode.csv:21739 data 62087
    regex_detector_test.go:84: Expected label ZipCode, got  ([]), file ZipCode.csv:21740 data 62088
    regex_detector_test.go:84: Expected label ZipCode, got  ([]), file ZipCode.csv:21741 data 62089
    regex_detector_test.go:84: Expected label ZipCode, got  ([]), file ZipCode.csv:21742 data 62090
    regex_detector_test.go:84: Expected label ZipCode, got  ([]), file ZipCode.csv:21743 data 62091
    regex_detector_test.go:84: Expected label ZipCode, got  ([]), file ZipCode.csv:21744 data 62092
    regex_detector_test.go:84: Expected label ZipCode, got  ([]), file ZipCode.csv:21745 data 62093
    regex_detector_test.go:84: Expected label ZipCode, got  ([]), file ZipCode.csv:21746 data 62094
    regex_detector_test.go:84: Expected label ZipCode, got  ([]), file ZipCode.csv:21747 data 62095
    regex_detector_test.go:84: Expected label ZipCode, got  ([]), file ZipCode.csv:21748 data 62097
    regex_detector_test.go:84: Expected label ZipCode, got  ([]), file ZipCode.csv:21749 data 62098
    regex_detector_test.go:84: Expected label ZipCode, got  ([]), file ZipCode.csv:21750 data 62201
    regex_detector_test.go:84: Expected label ZipCode, got  ([]), file ZipCode.csv:21751 data 62203
    regex_detector_test.go:84: Expected label ZipCode, got  ([]), file ZipCode.csv:21752 data 62204
    regex_detector_test.go:84: Expected label ZipCode, got  ([]), file ZipCode.csv:21753 data 62205
    regex_detector_test.go:84: Expected label ZipCode, got  ([]), file ZipCode.csv:21754 data 62206
    regex_detector_test.go:84: Expected label ZipCode, got  ([]), file ZipCode.csv:21755 data 62207
    regex_detector_test.go:84: Expected label ZipCode, got  ([]), file ZipCode.csv:21756 data 62208
    regex_detector_test.go:84: Expected label ZipCode, got  ([]), file ZipCode.csv:21757 data 62214
    regex_detector_test.go:84: Expected label ZipCode, got  ([]), file ZipCode.csv:21758 data 62215
    regex_detector_test.go:84: Expected label ZipCode, got  ([]), file ZipCode.csv:21759 data 62216
    regex_detector_test.go:84: Expected label ZipCode, got  ([]), file ZipCode.csv:21760 data 62217
    regex_detector_test.go:84: Expected label ZipCode, got  ([]), file ZipCode.csv:21761 data 62218
    regex_detector_test.go:84: Expected label ZipCode, got  ([]), file ZipCode.csv:21762 data 62219
    regex_detector_test.go:84: Expected label ZipCode, got  ([]), file ZipCode.csv:21763 data 62220
    regex_detector_test.go:84: Expected label ZipCode, got  ([]), file ZipCode.csv:21764 data 62221
    regex_detector_test.go:84: Expected label ZipCode, got  ([]), file ZipCode.csv:21765 data 62223
    regex_detector_test.go:84: Expected label ZipCode, got  ([]), file ZipCode.csv:21766 data 62225
    regex_detector_test.go:84: Expected label ZipCode, got  ([]), file ZipCode.csv:21767 data 62226
    regex_detector_test.go:84: Expected label ZipCode, got  ([]), file ZipCode.csv:21768 data 62230
    regex_detector_test.go:84: Expected label ZipCode, got  ([]), file ZipCode.csv:21769 data 62231
    regex_detector_test.go:84: Expected label ZipCode, got  ([]), file ZipCode.csv:21770 data 62232
    regex_detector_test.go:84: Expected label ZipCode, got  ([]), file ZipCode.csv:21771 data 62233
    regex_detector_test.go:84: Expected label ZipCode, got  ([]), file ZipCode.csv:21772 data 62234
    regex_detector_test.go:84: Expected label ZipCode, got  ([]), file ZipCode.csv:21773 data 62236
    regex_detector_test.go:84: Expected label ZipCode, got  ([]), file ZipCode.csv:21774 data 62237
    regex_detector_test.go:84: Expected label ZipCode, got  ([]), file ZipCode.csv:21775 data 62238
    regex_detector_test.go:84: Expected label ZipCode, got  ([]), file ZipCode.csv:21776 data 62239
    regex_detector_test.go:84: Expected label ZipCode, got  ([]), file ZipCode.csv:21777 data 62240
    regex_detector_test.go:84: Expected label ZipCode, got  ([]), file ZipCode.csv:21778 data 62241
    regex_detector_test.go:84: Expected label ZipCode, got  ([]), file ZipCode.csv:21779 data 62242
    regex_detector_test.go:84: Expected label ZipCode, got  ([]), file ZipCode.csv:21780 data 62243
    regex_detector_test.go:84: Expected label ZipCode, got  ([]), file ZipCode.csv:21781 data 62244
    regex_detector_test.go:84: Expected label ZipCode, got  ([]), file ZipCode.csv:21782 data 62245
    regex_detector_test.go:84: Expected label ZipCode, got  ([]), file ZipCode.csv:21783 data 62246
    regex_detector_test.go:84: Expected label ZipCode, got  ([]), file ZipCode.csv:21784 data 62248
    regex_detector_test.go:84: Expected label ZipCode, got  ([]), file ZipCode.csv:21785 data 62249
    regex_detector_test.go:84: Expected label ZipCode, got  ([]), file ZipCode.csv:21786 data 62250
    regex_detector_test.go:84: Expected label ZipCode, got  ([]), file ZipCode.csv:21787 data 62253
    regex_detector_test.go:84: Expected label ZipCode, got  ([]), file ZipCode.csv:21788 data 62254
    regex_detector_test.go:84: Expected label ZipCode, got  ([]), file ZipCode.csv:21789 data 62255
    regex_detector_test.go:84: Expected label ZipCode, got  ([]), file ZipCode.csv:21790 data 62256
    regex_detector_test.go:84: Expected label ZipCode, got  ([]), file ZipCode.csv:21791 data 62257
    regex_detector_test.go:84: Expected label ZipCode, got  ([]), file ZipCode.csv:21792 data 62258
    regex_detector_test.go:84: Expected label ZipCode, got  ([]), file ZipCode.csv:21793 data 62260
    regex_detector_test.go:84: Expected label ZipCode, got  ([]), file ZipCode.csv:21794 data 62261
    regex_detector_test.go:84: Expected label ZipCode, got  ([]), file ZipCode.csv:21795 data 62262
    regex_detector_test.go:84: Expected label ZipCode, got  ([]), file ZipCode.csv:21796 data 62263
    regex_detector_test.go:84: Expected label ZipCode, got  ([]), file ZipCode.csv:21797 data 62264
    regex_detector_test.go:84: Expected label ZipCode, got  ([]), file ZipCode.csv:21798 data 62265
    regex_detector_test.go:84: Expected label ZipCode, got  ([]), file ZipCode.csv:21799 data 62266
    regex_detector_test.go:84: Expected label ZipCode, got  ([]), file ZipCode.csv:21800 data 62268
    regex_detector_test.go:84: Expected label ZipCode, got  ([]), file ZipCode.csv:21801 data 62269
    regex_detector_test.go:84: Expected label ZipCode, got  ([]), file ZipCode.csv:21802 data 62271
    regex_detector_test.go:84: Expected label ZipCode, got  ([]), file ZipCode.csv:21803 data 62272
    regex_detector_test.go:84: Expected label ZipCode, got  ([]), file ZipCode.csv:21804 data 62273
    regex_detector_test.go:84: Expected label ZipCode, got  ([]), file ZipCode.csv:21805 data 62274
    regex_detector_test.go:84: Expected label ZipCode, got  ([]), file ZipCode.csv:21806 data 62275
    regex_detector_test.go:84: Expected label ZipCode, got  ([]), file ZipCode.csv:21807 data 62277
    regex_detector_test.go:84: Expected label ZipCode, got  ([]), file ZipCode.csv:21808 data 62278
    regex_detector_test.go:84: Expected label ZipCode, got  ([]), file ZipCode.csv:21809 data 62279
    regex_detector_test.go:84: Expected label ZipCode, got  ([]), file ZipCode.csv:21810 data 62280
    regex_detector_test.go:84: Expected label ZipCode, got  ([]), file ZipCode.csv:21811 data 62281
    regex_detector_test.go:84: Expected label ZipCode, got  ([]), file ZipCode.csv:21812 data 62282
    regex_detector_test.go:84: Expected label ZipCode, got  ([]), file ZipCode.csv:21813 data 62284
    regex_detector_test.go:84: Expected label ZipCode, got  ([]), file ZipCode.csv:21814 data 62285
    regex_detector_test.go:84: Expected label ZipCode, got  ([]), file ZipCode.csv:21815 data 62286
    regex_detector_test.go:84: Expected label ZipCode, got  ([]), file ZipCode.csv:21816 data 62288
    regex_detector_test.go:84: Expected label ZipCode, got  ([]), file ZipCode.csv:21817 data 62289
    regex_detector_test.go:84: Expected label ZipCode, got  ([]), file ZipCode.csv:21818 data 62292
    regex_detector_test.go:84: Expected label ZipCode, got  ([]), file ZipCode.csv:21819 data 62293
    regex_detector_test.go:84: Expected label ZipCode, got  ([]), file ZipCode.csv:21820 data 62294
    regex_detector_test.go:84: Expected label ZipCode, got  ([]), file ZipCode.csv:21821 data 62295
    regex_detector_test.go:84: Expected label ZipCode, got  ([]), file ZipCode.csv:21822 data 62297
    regex_detector_test.go:84: Expected label ZipCode, got  ([]), file ZipCode.csv:21823 data 62298
    regex_detector_test.go:84: Expected label ZipCode, got  ([]), file ZipCode.csv:21824 data 62301
    regex_detector_test.go:84: Expected label ZipCode, got  ([]), file ZipCode.csv:21825 data 62305
    regex_detector_test.go:84: Expected label ZipCode, got  ([]), file ZipCode.csv:21826 data 62311
    regex_detector_test.go:84: Expected label ZipCode, got  ([]), file ZipCode.csv:21827 data 62312
    regex_detector_test.go:84: Expected label ZipCode, got  ([]), file ZipCode.csv:21828 data 62313
    regex_detector_test.go:84: Expected label ZipCode, got  ([]), file ZipCode.csv:21829 data 62314
    regex_detector_test.go:84: Expected label ZipCode, got  ([]), file ZipCode.csv:21830 data 62316
    regex_detector_test.go:84: Expected label ZipCode, got  ([]), file ZipCode.csv:21831 data 62319
    regex_detector_test.go:84: Expected label ZipCode, got  ([]), file ZipCode.csv:21832 data 62320
    regex_detector_test.go:84: Expected label ZipCode, got  ([]), file ZipCode.csv:21833 data 62321
    regex_detector_test.go:84: Expected label ZipCode, got  ([]), file ZipCode.csv:21834 data 62323
    regex_detector_test.go:84: Expected label ZipCode, got  ([]), file ZipCode.csv:21835 data 62324
    regex_detector_test.go:84: Expected label ZipCode, got  ([]), file ZipCode.csv:21836 data 62325
    regex_detector_test.go:84: Expected label ZipCode, got  ([]), file ZipCode.csv:21837 data 62326
    regex_detector_test.go:84: Expected label ZipCode, got  ([]), file ZipCode.csv:21838 data 62330
    regex_detector_test.go:84: Expected label ZipCode, got  ([]), file ZipCode.csv:21839 data 62334
    regex_detector_test.go:84: Expected label ZipCode, got  ([]), file ZipCode.csv:21840 data 62336
    regex_detector_test.go:84: Expected label ZipCode, got  ([]), file ZipCode.csv:21841 data 62338
    regex_detector_test.go:84: Expected label ZipCode, got  ([]), file ZipCode.csv:21842 data 62339
    regex_detector_test.go:84: Expected label ZipCode, got  ([]), file ZipCode.csv:21843 data 62340
    regex_detector_test.go:84: Expected label ZipCode, got  ([]), file ZipCode.csv:21844 data 62341
    regex_detector_test.go:84: Expected label ZipCode, got  ([]), file ZipCode.csv:21845 data 62343
    regex_detector_test.go:84: Expected label ZipCode, got  ([]), file ZipCode.csv:21846 data 62344
    regex_detector_test.go:84: Expected label ZipCode, got  ([]), file ZipCode.csv:21847 data 62345
    regex_detector_test.go:84: Expected label ZipCode, got  ([]), file ZipCode.csv:21848 data 62346
    regex_detector_test.go:84: Expected label ZipCode, got  ([]), file ZipCode.csv:21849 data 62347
    regex_detector_test.go:84: Expected label ZipCode, got  ([]), file ZipCode.csv:21850 data 62348
    regex_detector_test.go:84: Expected label ZipCode, got  ([]), file ZipCode.csv:21851 data 62349
    regex_detector_test.go:84: Expected label ZipCode, got  ([]), file ZipCode.csv:21852 data 62351
    regex_detector_test.go:84: Expected label ZipCode, got  ([]), file ZipCode.csv:21853 data 62352
    regex_detector_test.go:84: Expected label ZipCode, got  ([]), file ZipCode.csv:21854 data 62353
    regex_detector_test.go:84: Expected label ZipCode, got  ([]), file ZipCode.csv:21855 data 62354
    regex_detector_test.go:84: Expected label ZipCode, got  ([]), file ZipCode.csv:21856 data 62355
    regex_detector_test.go:84: Expected label ZipCode, got  ([]), file ZipCode.csv:21857 data 62356
    regex_detector_test.go:84: Expected label ZipCode, got  ([]), file ZipCode.csv:21858 data 62357
    regex_detector_test.go:84: Expected label ZipCode, got  ([]), file ZipCode.csv:21859 data 62358
    regex_detector_test.go:84: Expected label ZipCode, got  ([]), file ZipCode.csv:21860 data 62359
    regex_detector_test.go:84: Expected label ZipCode, got  ([]), file ZipCode.csv:21861 data 62360
    regex_detector_test.go:84: Expected label ZipCode, got  ([]), file ZipCode.csv:21862 data 62361
    regex_detector_test.go:84: Expected label ZipCode, got  ([]), file ZipCode.csv:21863 data 62362
    regex_detector_test.go:84: Expected label ZipCode, got  ([]), file ZipCode.csv:21864 data 62363
    regex_detector_test.go:84: Expected label ZipCode, got  ([]), file ZipCode.csv:21865 data 62365
    regex_detector_test.go:84: Expected label ZipCode, got  ([]), file ZipCode.csv:21866 data 62366
    regex_detector_test.go:84: Expected label ZipCode, got  ([]), file ZipCode.csv:21867 data 62367
    regex_detector_test.go:84: Expected label ZipCode, got  ([]), file ZipCode.csv:21868 data 62370
    regex_detector_test.go:84: Expected label ZipCode, got  ([]), file ZipCode.csv:21869 data 62373
    regex_detector_test.go:84: Expected label ZipCode, got  ([]), file ZipCode.csv:21870 data 62374
    regex_detector_test.go:84: Expected label ZipCode, got  ([]), file ZipCode.csv:21871 data 62375
    regex_detector_test.go:84: Expected label ZipCode, got  ([]), file ZipCode.csv:21872 data 62376
    regex_detector_test.go:84: Expected label ZipCode, got  ([]), file ZipCode.csv:21873 data 62378
    regex_detector_test.go:84: Expected label ZipCode, got  ([]), file ZipCode.csv:21874 data 62379
    regex_detector_test.go:84: Expected label ZipCode, got  ([]), file ZipCode.csv:21875 data 62380
    regex_detector_test.go:84: Expected label ZipCode, got  ([]), file ZipCode.csv:21876 data 62401
    regex_detector_test.go:84: Expected label ZipCode, got  ([]), file ZipCode.csv:21877 data 62410
    regex_detector_test.go:84: Expected label ZipCode, got  ([]), file ZipCode.csv:21878 data 62411
    regex_detector_test.go:84: Expected label ZipCode, got  ([]), file ZipCode.csv:21879 data 62413
    regex_detector_test.go:84: Expected label ZipCode, got  ([]), file ZipCode.csv:21880 data 62414
    regex_detector_test.go:84: Expected label ZipCode, got  ([]), file ZipCode.csv:21881 data 62417
    regex_detector_test.go:84: Expected label ZipCode, got  ([]), file ZipCode.csv:21882 data 62418
    regex_detector_test.go:84: Expected label ZipCode, got  ([]), file ZipCode.csv:21883 data 62419
    regex_detector_test.go:84: Expected label ZipCode, got  ([]), file ZipCode.csv:21884 data 62420
    regex_detector_test.go:84: Expected label ZipCode, got  ([]), file ZipCode.csv:21885 data 62421
    regex_detector_test.go:84: Expected label ZipCode, got  ([]), file ZipCode.csv:21886 data 62422
    regex_detector_test.go:84: Expected label ZipCode, got  ([]), file ZipCode.csv:21887 data 62423
    regex_detector_test.go:84: Expected label ZipCode, got  ([]), file ZipCode.csv:21888 data 62424
    regex_detector_test.go:84: Expected label ZipCode, got  ([]), file ZipCode.csv:21889 data 62425
    regex_detector_test.go:84: Expected label ZipCode, got  ([]), file ZipCode.csv:21890 data 62426
    regex_detector_test.go:84: Expected label ZipCode, got  ([]), file ZipCode.csv:21891 data 62427
    regex_detector_test.go:84: Expected label ZipCode, got  ([]), file ZipCode.csv:21892 data 62428
    regex_detector_test.go:84: Expected label ZipCode, got  ([]), file ZipCode.csv:21893 data 62431
    regex_detector_test.go:84: Expected label ZipCode, got  ([]), file ZipCode.csv:21894 data 62432
    regex_detector_test.go:84: Expected label ZipCode, got  ([]), file ZipCode.csv:21895 data 62433
    regex_detector_test.go:84: Expected label ZipCode, got  ([]), file ZipCode.csv:21896 data 62434
    regex_detector_test.go:84: Expected label ZipCode, got  ([]), file ZipCode.csv:21897 data 62436
    regex_detector_test.go:84: Expected label ZipCode, got  ([]), file ZipCode.csv:21898 data 62438
    regex_detector_test.go:84: Expected label ZipCode, got  ([]), file ZipCode.csv:21899 data 62439
    regex_detector_test.go:84: Expected label ZipCode, got  ([]), file ZipCode.csv:21900 data 62440
    regex_detector_test.go:84: Expected label ZipCode, got  ([]), file ZipCode.csv:21901 data 62441
    regex_detector_test.go:84: Expected label ZipCode, got  ([]), file ZipCode.csv:21902 data 62442
    regex_detector_test.go:84: Expected label ZipCode, got  ([]), file ZipCode.csv:21903 data 62443
    regex_detector_test.go:84: Expected label ZipCode, got  ([]), file ZipCode.csv:21904 data 62444
    regex_detector_test.go:84: Expected label ZipCode, got  ([]), file ZipCode.csv:21905 data 62445
    regex_detector_test.go:84: Expected label ZipCode, got  ([]), file ZipCode.csv:21906 data 62446
    regex_detector_test.go:84: Expected label ZipCode, got  ([]), file ZipCode.csv:21907 data 62447
    regex_detector_test.go:84: Expected label ZipCode, got  ([]), file ZipCode.csv:21908 data 62448
    regex_detector_test.go:84: Expected label ZipCode, got  ([]), file ZipCode.csv:21909 data 62449
    regex_detector_test.go:84: Expected label ZipCode, got  ([]), file ZipCode.csv:21910 data 62450
    regex_detector_test.go:84: Expected label ZipCode, got  ([]), file ZipCode.csv:21911 data 62451
    regex_detector_test.go:84: Expected label ZipCode, got  ([]), file ZipCode.csv:21912 data 62452
    regex_detector_test.go:84: Expected label ZipCode, got  ([]), file ZipCode.csv:21913 data 62454
    regex_detector_test.go:84: Expected label ZipCode, got  ([]), file ZipCode.csv:21914 data 62458
    regex_detector_test.go:84: Expected label ZipCode, got  ([]), file ZipCode.csv:21915 data 62459
    regex_detector_test.go:84: Expected label ZipCode, got  ([]), file ZipCode.csv:21916 data 62460
    regex_detector_test.go:84: Expected label ZipCode, got  ([]), file ZipCode.csv:21917 data 62461
    regex_detector_test.go:84: Expected label ZipCode, got  ([]), file ZipCode.csv:21918 data 62462
    regex_detector_test.go:84: Expected label ZipCode, got  ([]), file ZipCode.csv:21919 data 62463
    regex_detector_test.go:84: Expected label ZipCode, got  ([]), file ZipCode.csv:21920 data 62464
    regex_detector_test.go:84: Expected label ZipCode, got  ([]), file ZipCode.csv:21921 data 62465
    regex_detector_test.go:84: Expected label ZipCode, got  ([]), file ZipCode.csv:21922 data 62466
    regex_detector_test.go:84: Expected label ZipCode, got  ([]), file ZipCode.csv:21923 data 62467
    regex_detector_test.go:84: Expected label ZipCode, got  ([]), file ZipCode.csv:21924 data 62468
    regex_detector_test.go:84: Expected label ZipCode, got  ([]), file ZipCode.csv:21925 data 62469
    regex_detector_test.go:84: Expected label ZipCode, got  ([]), file ZipCode.csv:21926 data 62471
    regex_detector_test.go:84: Expected label ZipCode, got  ([]), file ZipCode.csv:21927 data 62473
    regex_detector_test.go:84: Expected label ZipCode, got  ([]), file ZipCode.csv:21928 data 62474
    regex_detector_test.go:84: Expected label ZipCode, got  ([]), file ZipCode.csv:21929 data 62475
    regex_detector_test.go:84: Expected label ZipCode, got  ([]), file ZipCode.csv:21930 data 62476
    regex_detector_test.go:84: Expected label ZipCode, got  ([]), file ZipCode.csv:21931 data 62477
    regex_detector_test.go:84: Expected label ZipCode, got  ([]), file ZipCode.csv:21932 data 62478
    regex_detector_test.go:84: Expected label ZipCode, got  ([]), file ZipCode.csv:21933 data 62479
    regex_detector_test.go:84: Expected label ZipCode, got  ([]), file ZipCode.csv:21934 data 62480
    regex_detector_test.go:84: Expected label ZipCode, got  ([]), file ZipCode.csv:21935 data 62481
    regex_detector_test.go:84: Expected label ZipCode, got  ([]), file ZipCode.csv:21936 data 62501
    regex_detector_test.go:84: Expected label ZipCode, got  ([]), file ZipCode.csv:21937 data 62510
    regex_detector_test.go:84: Expected label ZipCode, got  ([]), file ZipCode.csv:21938 data 62512
    regex_detector_test.go:84: Expected label ZipCode, got  ([]), file ZipCode.csv:21939 data 62513
    regex_detector_test.go:84: Expected label ZipCode, got  ([]), file ZipCode.csv:21940 data 62514
    regex_detector_test.go:84: Expected label ZipCode, got  ([]), file ZipCode.csv:21941 data 62515
    regex_detector_test.go:84: Expected label ZipCode, got  ([]), file ZipCode.csv:21942 data 62517
    regex_detector_test.go:84: Expected label ZipCode, got  ([]), file ZipCode.csv:21943 data 62518
    regex_detector_test.go:84: Expected label ZipCode, got  ([]), file ZipCode.csv:21944 data 62519
    regex_detector_test.go:84: Expected label ZipCode, got  ([]), file ZipCode.csv:21945 data 62520
    regex_detector_test.go:84: Expected label ZipCode, got  ([]), file ZipCode.csv:21946 data 62521
    regex_detector_test.go:84: Expected label ZipCode, got  ([]), file ZipCode.csv:21947 data 62522
    regex_detector_test.go:84: Expected label ZipCode, got  ([]), file ZipCode.csv:21948 data 62523
    regex_detector_test.go:84: Expected label ZipCode, got  ([]), file ZipCode.csv:21949 data 62526
    regex_detector_test.go:84: Expected label ZipCode, got  ([]), file ZipCode.csv:21950 data 62530
    regex_detector_test.go:84: Expected label ZipCode, got  ([]), file ZipCode.csv:21951 data 62531
    regex_detector_test.go:84: Expected label ZipCode, got  ([]), file ZipCode.csv:21952 data 62532
    regex_detector_test.go:84: Expected label ZipCode, got  ([]), file ZipCode.csv:21953 data 62533
    regex_detector_test.go:84: Expected label ZipCode, got  ([]), file ZipCode.csv:21954 data 62534
    regex_detector_test.go:84: Expected label ZipCode, got  ([]), file ZipCode.csv:21955 data 62535
    regex_detector_test.go:84: Expected label ZipCode, got  ([]), file ZipCode.csv:21956 data 62536
    regex_detector_test.go:84: Expected label ZipCode, got  ([]), file ZipCode.csv:21957 data 62537
    regex_detector_test.go:84: Expected label ZipCode, got  ([]), file ZipCode.csv:21958 data 62538
    regex_detector_test.go:84: Expected label ZipCode, got  ([]), file ZipCode.csv:21959 data 62539
    regex_detector_test.go:84: Expected label ZipCode, got  ([]), file ZipCode.csv:21960 data 62540
    regex_detector_test.go:84: Expected label ZipCode, got  ([]), file ZipCode.csv:21961 data 62541
    regex_detector_test.go:84: Expected label ZipCode, got  ([]), file ZipCode.csv:21962 data 62543
    regex_detector_test.go:84: Expected label ZipCode, got  ([]), file ZipCode.csv:21963 data 62544
    regex_detector_test.go:84: Expected label ZipCode, got  ([]), file ZipCode.csv:21964 data 62545
    regex_detector_test.go:84: Expected label ZipCode, got  ([]), file ZipCode.csv:21965 data 62546
    regex_detector_test.go:84: Expected label ZipCode, got  ([]), file ZipCode.csv:21966 data 62547
    regex_detector_test.go:84: Expected label ZipCode, got  ([]), file ZipCode.csv:21967 data 62548
    regex_detector_test.go:84: Expected label ZipCode, got  ([]), file ZipCode.csv:21968 data 62549
    regex_detector_test.go:84: Expected label ZipCode, got  ([]), file ZipCode.csv:21969 data 62550
    regex_detector_test.go:84: Expected label ZipCode, got  ([]), file ZipCode.csv:21970 data 62551
    regex_detector_test.go:84: Expected label ZipCode, got  ([]), file ZipCode.csv:21971 data 62553
    regex_detector_test.go:84: Expected label ZipCode, got  ([]), file ZipCode.csv:21972 data 62554
    regex_detector_test.go:84: Expected label ZipCode, got  ([]), file ZipCode.csv:21973 data 62555
    regex_detector_test.go:84: Expected label ZipCode, got  ([]), file ZipCode.csv:21974 data 62556
    regex_detector_test.go:84: Expected label ZipCode, got  ([]), file ZipCode.csv:21975 data 62557
    regex_detector_test.go:84: Expected label ZipCode, got  ([]), file ZipCode.csv:21976 data 62558
    regex_detector_test.go:84: Expected label ZipCode, got  ([]), file ZipCode.csv:21977 data 62560
    regex_detector_test.go:84: Expected label ZipCode, got  ([]), file ZipCode.csv:21978 data 62561
    regex_detector_test.go:84: Expected label ZipCode, got  ([]), file ZipCode.csv:21979 data 62563
    regex_detector_test.go:84: Expected label ZipCode, got  ([]), file ZipCode.csv:21980 data 62565
    regex_detector_test.go:84: Expected label ZipCode, got  ([]), file ZipCode.csv:21981 data 62567
    regex_detector_test.go:84: Expected label ZipCode, got  ([]), file ZipCode.csv:21982 data 62568
    regex_detector_test.go:84: Expected label ZipCode, got  ([]), file ZipCode.csv:21983 data 62570
    regex_detector_test.go:84: Expected label ZipCode, got  ([]), file ZipCode.csv:21984 data 62571
    regex_detector_test.go:84: Expected label ZipCode, got  ([]), file ZipCode.csv:21985 data 62572
    regex_detector_test.go:84: Expected label ZipCode, got  ([]), file ZipCode.csv:21986 data 62573
    regex_detector_test.go:84: Expected label ZipCode, got  ([]), file ZipCode.csv:21987 data 62601
    regex_detector_test.go:84: Expected label ZipCode, got  ([]), file ZipCode.csv:21988 data 62610
    regex_detector_test.go:84: Expected label ZipCode, got  ([]), file ZipCode.csv:21989 data 62611
    regex_detector_test.go:84: Expected label ZipCode, got  ([]), file ZipCode.csv:21990 data 62612
    regex_detector_test.go:84: Expected label ZipCode, got  ([]), file ZipCode.csv:21991 data 62613
    regex_detector_test.go:84: Expected label ZipCode, got  ([]), file ZipCode.csv:21992 data 62615
    regex_detector_test.go:84: Expected label ZipCode, got  ([]), file ZipCode.csv:21993 data 62617
    regex_detector_test.go:84: Expected label ZipCode, got  ([]), file ZipCode.csv:21994 data 62618
    regex_detector_test.go:84: Expected label ZipCode, got  ([]), file ZipCode.csv:21995 data 62621
    regex_detector_test.go:84: Expected label ZipCode, got  ([]), file ZipCode.csv:21996 data 62622
    regex_detector_test.go:84: Expected label ZipCode, got  ([]), file ZipCode.csv:21997 data 62624
    regex_detector_test.go:84: Expected label ZipCode, got  ([]), file ZipCode.csv:21998 data 62625
    regex_detector_test.go:84: Expected label ZipCode, got  ([]), file ZipCode.csv:21999 data 62626
    regex_detector_test.go:84: Expected label ZipCode, got  ([]), file ZipCode.csv:22000 data 62627
    regex_detector_test.go:84: Expected label ZipCode, got  ([]), file ZipCode.csv:22001 data 62628
    regex_detector_test.go:84: Expected label ZipCode, got  ([]), file ZipCode.csv:22002 data 62629
    regex_detector_test.go:84: Expected label ZipCode, got  ([]), file ZipCode.csv:22003 data 62630
    regex_detector_test.go:84: Expected label ZipCode, got  ([]), file ZipCode.csv:22004 data 62631
    regex_detector_test.go:84: Expected label ZipCode, got  ([]), file ZipCode.csv:22005 data 62633
    regex_detector_test.go:84: Expected label ZipCode, got  ([]), file ZipCode.csv:22006 data 62634
    regex_detector_test.go:84: Expected label ZipCode, got  ([]), file ZipCode.csv:22007 data 62635
    regex_detector_test.go:84: Expected label ZipCode, got  ([]), file ZipCode.csv:22008 data 62638
    regex_detector_test.go:84: Expected label ZipCode, got  ([]), file ZipCode.csv:22009 data 62639
    regex_detector_test.go:84: Expected label ZipCode, got  ([]), file ZipCode.csv:22010 data 62640
    regex_detector_test.go:84: Expected label ZipCode, got  ([]), file ZipCode.csv:22011 data 62642
    regex_detector_test.go:84: Expected label ZipCode, got  ([]), file ZipCode.csv:22012 data 62643
    regex_detector_test.go:84: Expected label ZipCode, got  ([]), file ZipCode.csv:22013 data 62644
    regex_detector_test.go:84: Expected label ZipCode, got  ([]), file ZipCode.csv:22014 data 62649
    regex_detector_test.go:84: Expected label ZipCode, got  ([]), file ZipCode.csv:22015 data 62650
    regex_detector_test.go:84: Expected label ZipCode, got  ([]), file ZipCode.csv:22016 data 62655
    regex_detector_test.go:84: Expected label ZipCode, got  ([]), file ZipCode.csv:22017 data 62656
    regex_detector_test.go:84: Expected label ZipCode, got  ([]), file ZipCode.csv:22018 data 62661
    regex_detector_test.go:84: Expected label ZipCode, got  ([]), file ZipCode.csv:22019 data 62663
    regex_detector_test.go:84: Expected label ZipCode, got  ([]), file ZipCode.csv:22020 data 62664
    regex_detector_test.go:84: Expected label ZipCode, got  ([]), file ZipCode.csv:22021 data 62665
    regex_detector_test.go:84: Expected label ZipCode, got  ([]), file ZipCode.csv:22022 data 62666
    regex_detector_test.go:84: Expected label ZipCode, got  ([]), file ZipCode.csv:22023 data 62667
    regex_detector_test.go:84: Expected label ZipCode, got  ([]), file ZipCode.csv:22024 data 62668
    regex_detector_test.go:84: Expected label ZipCode, got  ([]), file ZipCode.csv:22025 data 62670
    regex_detector_test.go:84: Expected label ZipCode, got  ([]), file ZipCode.csv:22026 data 62671
    regex_detector_test.go:84: Expected label ZipCode, got  ([]), file ZipCode.csv:22027 data 62672
    regex_detector_test.go:84: Expected label ZipCode, got  ([]), file ZipCode.csv:22028 data 62673
    regex_detector_test.go:84: Expected label ZipCode, got  ([]), file ZipCode.csv:22029 data 62674
    regex_detector_test.go:84: Expected label ZipCode, got  ([]), file ZipCode.csv:22030 data 62675
    regex_detector_test.go:84: Expected label ZipCode, got  ([]), file ZipCode.csv:22031 data 62677
    regex_detector_test.go:84: Expected label ZipCode, got  ([]), file ZipCode.csv:22032 data 62681
    regex_detector_test.go:84: Expected label ZipCode, got  ([]), file ZipCode.csv:22033 data 62682
    regex_detector_test.go:84: Expected label ZipCode, got  ([]), file ZipCode.csv:22034 data 62684
    regex_detector_test.go:84: Expected label ZipCode, got  ([]), file ZipCode.csv:22035 data 62685
    regex_detector_test.go:84: Expected label ZipCode, got  ([]), file ZipCode.csv:22036 data 62688
    regex_detector_test.go:84: Expected label ZipCode, got  ([]), file ZipCode.csv:22037 data 62689
    regex_detector_test.go:84: Expected label ZipCode, got  ([]), file ZipCode.csv:22038 data 62690
    regex_detector_test.go:84: Expected label ZipCode, got  ([]), file ZipCode.csv:22039 data 62691
    regex_detector_test.go:84: Expected label ZipCode, got  ([]), file ZipCode.csv:22040 data 62692
    regex_detector_test.go:84: Expected label ZipCode, got  ([]), file ZipCode.csv:22041 data 62693
    regex_detector_test.go:84: Expected label ZipCode, got  ([]), file ZipCode.csv:22042 data 62694
    regex_detector_test.go:84: Expected label ZipCode, got  ([]), file ZipCode.csv:22043 data 62695
    regex_detector_test.go:84: Expected label ZipCode, got  ([]), file ZipCode.csv:22044 data 62701
    regex_detector_test.go:84: Expected label ZipCode, got  ([]), file ZipCode.csv:22045 data 62702
    regex_detector_test.go:84: Expected label ZipCode, got  ([]), file ZipCode.csv:22046 data 62703
    regex_detector_test.go:84: Expected label ZipCode, got  ([]), file ZipCode.csv:22047 data 62704
    regex_detector_test.go:84: Expected label ZipCode, got  ([]), file ZipCode.csv:22048 data 62706
    regex_detector_test.go:84: Expected label ZipCode, got  ([]), file ZipCode.csv:22049 data 62707
    regex_detector_test.go:84: Expected label ZipCode, got  ([]), file ZipCode.csv:22050 data 62711
    regex_detector_test.go:84: Expected label ZipCode, got  ([]), file ZipCode.csv:22051 data 62712
    regex_detector_test.go:84: Expected label ZipCode, got  ([]), file ZipCode.csv:22052 data 62801
    regex_detector_test.go:84: Expected label ZipCode, got  ([]), file ZipCode.csv:22053 data 62803
    regex_detector_test.go:84: Expected label ZipCode, got  ([]), file ZipCode.csv:22054 data 62806
    regex_detector_test.go:84: Expected label ZipCode, got  ([]), file ZipCode.csv:22055 data 62807
    regex_detector_test.go:84: Expected label ZipCode, got  ([]), file ZipCode.csv:22056 data 62808
    regex_detector_test.go:84: Expected label ZipCode, got  ([]), file ZipCode.csv:22057 data 62809
    regex_detector_test.go:84: Expected label ZipCode, got  ([]), file ZipCode.csv:22058 data 62810
    regex_detector_test.go:84: Expected label ZipCode, got  ([]), file ZipCode.csv:22059 data 62811
    regex_detector_test.go:84: Expected label ZipCode, got  ([]), file ZipCode.csv:22060 data 62812
    regex_detector_test.go:84: Expected label ZipCode, got  ([]), file ZipCode.csv:22061 data 62814
    regex_detector_test.go:84: Expected label ZipCode, got  ([]), file ZipCode.csv:22062 data 62815
    regex_detector_test.go:84: Expected label ZipCode, got  ([]), file ZipCode.csv:22063 data 62816
    regex_detector_test.go:84: Expected label ZipCode, got  ([]), file ZipCode.csv:22064 data 62817
    regex_detector_test.go:84: Expected label ZipCode, got  ([]), file ZipCode.csv:22065 data 62818
    regex_detector_test.go:84: Expected label ZipCode, got  ([]), file ZipCode.csv:22066 data 62819
    regex_detector_test.go:84: Expected label ZipCode, got  ([]), file ZipCode.csv:22067 data 62820
    regex_detector_test.go:84: Expected label ZipCode, got  ([]), file ZipCode.csv:22068 data 62821
    regex_detector_test.go:84: Expected label ZipCode, got  ([]), file ZipCode.csv:22069 data 62822
    regex_detector_test.go:84: Expected label ZipCode, got  ([]), file ZipCode.csv:22070 data 62823
    regex_detector_test.go:84: Expected label ZipCode, got  ([]), file ZipCode.csv:22071 data 62824
    regex_detector_test.go:84: Expected label ZipCode, got  ([]), file ZipCode.csv:22072 data 62825
    regex_detector_test.go:84: Expected label ZipCode, got  ([]), file ZipCode.csv:22073 data 62827
    regex_detector_test.go:84: Expected label ZipCode, got  ([]), file ZipCode.csv:22074 data 62828
    regex_detector_test.go:84: Expected label ZipCode, got  ([]), file ZipCode.csv:22075 data 62829
    regex_detector_test.go:84: Expected label ZipCode, got  ([]), file ZipCode.csv:22076 data 62830
    regex_detector_test.go:84: Expected label ZipCode, got  ([]), file ZipCode.csv:22077 data 62831
    regex_detector_test.go:84: Expected label ZipCode, got  ([]), file ZipCode.csv:22078 data 62832
    regex_detector_test.go:84: Expected label ZipCode, got  ([]), file ZipCode.csv:22079 data 62833
    regex_detector_test.go:84: Expected label ZipCode, got  ([]), file ZipCode.csv:22080 data 62835
    regex_detector_test.go:84: Expected label ZipCode, got  ([]), file ZipCode.csv:22081 data 62836
    regex_detector_test.go:84: Expected label ZipCode, got  ([]), file ZipCode.csv:22082 data 62837
    regex_detector_test.go:84: Expected label ZipCode, got  ([]), file ZipCode.csv:22083 data 62838
    regex_detector_test.go:84: Expected label ZipCode, got  ([]), file ZipCode.csv:22084 data 62839
    regex_detector_test.go:84: Expected label ZipCode, got  ([]), file ZipCode.csv:22085 data 62841
    regex_detector_test.go:84: Expected label ZipCode, got  ([]), file ZipCode.csv:22086 data 62842
    regex_detector_test.go:84: Expected label ZipCode, got  ([]), file ZipCode.csv:22087 data 62843
    regex_detector_test.go:84: Expected label ZipCode, got  ([]), file ZipCode.csv:22088 data 62844
    regex_detector_test.go:84: Expected label ZipCode, got  ([]), file ZipCode.csv:22089 data 62846
    regex_detector_test.go:84: Expected label ZipCode, got  ([]), file ZipCode.csv:22090 data 62848
    regex_detector_test.go:84: Expected label ZipCode, got  ([]), file ZipCode.csv:22091 data 62849
    regex_detector_test.go:84: Expected label ZipCode, got  ([]), file ZipCode.csv:22092 data 62850
    regex_detector_test.go:84: Expected label ZipCode, got  ([]), file ZipCode.csv:22093 data 62851
    regex_detector_test.go:84: Expected label ZipCode, got  ([]), file ZipCode.csv:22094 data 62852
    regex_detector_test.go:84: Expected label ZipCode, got  ([]), file ZipCode.csv:22095 data 62853
    regex_detector_test.go:84: Expected label ZipCode, got  ([]), file ZipCode.csv:22096 data 62854
    regex_detector_test.go:84: Expected label ZipCode, got  ([]), file ZipCode.csv:22097 data 62856
    regex_detector_test.go:84: Expected label ZipCode, got  ([]), file ZipCode.csv:22098 data 62858
    regex_detector_test.go:84: Expected label ZipCode, got  ([]), file ZipCode.csv:22099 data 62859
    regex_detector_test.go:84: Expected label ZipCode, got  ([]), file ZipCode.csv:22100 data 62860
    regex_detector_test.go:84: Expected label ZipCode, got  ([]), file ZipCode.csv:22101 data 62861
    regex_detector_test.go:84: Expected label ZipCode, got  ([]), file ZipCode.csv:22102 data 62862
    regex_detector_test.go:84: Expected label ZipCode, got  ([]), file ZipCode.csv:22103 data 62863
    regex_detector_test.go:84: Expected label ZipCode, got  ([]), file ZipCode.csv:22104 data 62864
    regex_detector_test.go:84: Expected label ZipCode, got  ([]), file ZipCode.csv:22105 data 62865
    regex_detector_test.go:84: Expected label ZipCode, got  ([]), file ZipCode.csv:22106 data 62867
    regex_detector_test.go:84: Expected label ZipCode, got  ([]), file ZipCode.csv:22107 data 62868
    regex_detector_test.go:84: Expected label ZipCode, got  ([]), file ZipCode.csv:22108 data 62869
    regex_detector_test.go:84: Expected label ZipCode, got  ([]), file ZipCode.csv:22109 data 62870
    regex_detector_test.go:84: Expected label ZipCode, got  ([]), file ZipCode.csv:22110 data 62871
    regex_detector_test.go:84: Expected label ZipCode, got  ([]), file ZipCode.csv:22111 data 62872
    regex_detector_test.go:84: Expected label ZipCode, got  ([]), file ZipCode.csv:22112 data 62874
    regex_detector_test.go:84: Expected label ZipCode, got  ([]), file ZipCode.csv:22113 data 62875
    regex_detector_test.go:84: Expected label ZipCode, got  ([]), file ZipCode.csv:22114 data 62876
    regex_detector_test.go:84: Expected label ZipCode, got  ([]), file ZipCode.csv:22115 data 62877
    regex_detector_test.go:84: Expected label ZipCode, got  ([]), file ZipCode.csv:22116 data 62878
    regex_detector_test.go:84: Expected label ZipCode, got  ([]), file ZipCode.csv:22117 data 62879
    regex_detector_test.go:84: Expected label ZipCode, got  ([]), file ZipCode.csv:22118 data 62880
    regex_detector_test.go:84: Expected label ZipCode, got  ([]), file ZipCode.csv:22119 data 62881
    regex_detector_test.go:84: Expected label ZipCode, got  ([]), file ZipCode.csv:22120 data 62882
    regex_detector_test.go:84: Expected label ZipCode, got  ([]), file ZipCode.csv:22121 data 62883
    regex_detector_test.go:84: Expected label ZipCode, got  ([]), file ZipCode.csv:22122 data 62884
    regex_detector_test.go:84: Expected label ZipCode, got  ([]), file ZipCode.csv:22123 data 62885
    regex_detector_test.go:84: Expected label ZipCode, got  ([]), file ZipCode.csv:22124 data 62886
    regex_detector_test.go:84: Expected label ZipCode, got  ([]), file ZipCode.csv:22125 data 62887
    regex_detector_test.go:84: Expected label ZipCode, got  ([]), file ZipCode.csv:22126 data 62888
    regex_detector_test.go:84: Expected label ZipCode, got  ([]), file ZipCode.csv:22127 data 62889
    regex_detector_test.go:84: Expected label ZipCode, got  ([]), file ZipCode.csv:22128 data 62890
    regex_detector_test.go:84: Expected label ZipCode, got  ([]), file ZipCode.csv:22129 data 62891
    regex_detector_test.go:84: Expected label ZipCode, got  ([]), file ZipCode.csv:22130 data 62892
    regex_detector_test.go:84: Expected label ZipCode, got  ([]), file ZipCode.csv:22131 data 62893
    regex_detector_test.go:84: Expected label ZipCode, got  ([]), file ZipCode.csv:22132 data 62894
    regex_detector_test.go:84: Expected label ZipCode, got  ([]), file ZipCode.csv:22133 data 62895
    regex_detector_test.go:84: Expected label ZipCode, got  ([]), file ZipCode.csv:22134 data 62896
    regex_detector_test.go:84: Expected label ZipCode, got  ([]), file ZipCode.csv:22135 data 62897
    regex_detector_test.go:84: Expected label ZipCode, got  ([]), file ZipCode.csv:22136 data 62898
    regex_detector_test.go:84: Expected label ZipCode, got  ([]), file ZipCode.csv:22137 data 62899
    regex_detector_test.go:84: Expected label ZipCode, got  ([]), file ZipCode.csv:22138 data 62901
    regex_detector_test.go:84: Expected label ZipCode, got  ([]), file ZipCode.csv:22139 data 62902
    regex_detector_test.go:84: Expected label ZipCode, got  ([]), file ZipCode.csv:22140 data 62903
    regex_detector_test.go:84: Expected label ZipCode, got  ([]), file ZipCode.csv:22141 data 62905
    regex_detector_test.go:84: Expected label ZipCode, got  ([]), file ZipCode.csv:22142 data 62906
    regex_detector_test.go:84: Expected label ZipCode, got  ([]), file ZipCode.csv:22143 data 62907
    regex_detector_test.go:84: Expected label ZipCode, got  ([]), file ZipCode.csv:22144 data 62908
    regex_detector_test.go:84: Expected label ZipCode, got  ([]), file ZipCode.csv:22145 data 62910
    regex_detector_test.go:84: Expected label ZipCode, got  ([]), file ZipCode.csv:22146 data 62912
    regex_detector_test.go:84: Expected label ZipCode, got  ([]), file ZipCode.csv:22147 data 62914
    regex_detector_test.go:84: Expected label ZipCode, got  ([]), file ZipCode.csv:22148 data 62915
    regex_detector_test.go:84: Expected label ZipCode, got  ([]), file ZipCode.csv:22149 data 62916
    regex_detector_test.go:84: Expected label ZipCode, got  ([]), file ZipCode.csv:22150 data 62917
    regex_detector_test.go:84: Expected label ZipCode, got  ([]), file ZipCode.csv:22151 data 62918
    regex_detector_test.go:84: Expected label ZipCode, got  ([]), file ZipCode.csv:22152 data 62919
    regex_detector_test.go:84: Expected label ZipCode, got  ([]), file ZipCode.csv:22153 data 62920
    regex_detector_test.go:84: Expected label ZipCode, got  ([]), file ZipCode.csv:22154 data 62921
    regex_detector_test.go:84: Expected label ZipCode, got  ([]), file ZipCode.csv:22155 data 62922
    regex_detector_test.go:84: Expected label ZipCode, got  ([]), file ZipCode.csv:22156 data 62923
    regex_detector_test.go:84: Expected label ZipCode, got  ([]), file ZipCode.csv:22157 data 62924
    regex_detector_test.go:84: Expected label ZipCode, got  ([]), file ZipCode.csv:22158 data 62926
    regex_detector_test.go:84: Expected label ZipCode, got  ([]), file ZipCode.csv:22159 data 62927
    regex_detector_test.go:84: Expected label ZipCode, got  ([]), file ZipCode.csv:22160 data 62928
    regex_detector_test.go:84: Expected label ZipCode, got  ([]), file ZipCode.csv:22161 data 62930
    regex_detector_test.go:84: Expected label ZipCode, got  ([]), file ZipCode.csv:22162 data 62931
    regex_detector_test.go:84: Expected label ZipCode, got  ([]), file ZipCode.csv:22163 data 62932
    regex_detector_test.go:84: Expected label ZipCode, got  ([]), file ZipCode.csv:22164 data 62933
    regex_detector_test.go:84: Expected label ZipCode, got  ([]), file ZipCode.csv:22165 data 62934
    regex_detector_test.go:84: Expected label ZipCode, got  ([]), file ZipCode.csv:22166 data 62935
    regex_detector_test.go:84: Expected label ZipCode, got  ([]), file ZipCode.csv:22167 data 62938
    regex_detector_test.go:84: Expected label ZipCode, got  ([]), file ZipCode.csv:22168 data 62939
    regex_detector_test.go:84: Expected label ZipCode, got  ([]), file ZipCode.csv:22169 data 62940
    regex_detector_test.go:84: Expected label ZipCode, got  ([]), file ZipCode.csv:22170 data 62941
    regex_detector_test.go:84: Expected label ZipCode, got  ([]), file ZipCode.csv:22171 data 62942
    regex_detector_test.go:84: Expected label ZipCode, got  ([]), file ZipCode.csv:22172 data 62943
    regex_detector_test.go:84: Expected label ZipCode, got  ([]), file ZipCode.csv:22173 data 62946
    regex_detector_test.go:84: Expected label ZipCode, got  ([]), file ZipCode.csv:22174 data 62947
    regex_detector_test.go:84: Expected label ZipCode, got  ([]), file ZipCode.csv:22175 data 62948
    regex_detector_test.go:84: Expected label ZipCode, got  ([]), file ZipCode.csv:22176 data 62949
    regex_detector_test.go:84: Expected label ZipCode, got  ([]), file ZipCode.csv:22177 data 62950
    regex_detector_test.go:84: Expected label ZipCode, got  ([]), file ZipCode.csv:22178 data 62951
    regex_detector_test.go:84: Expected label ZipCode, got  ([]), file ZipCode.csv:22179 data 62952
    regex_detector_test.go:84: Expected label ZipCode, got  ([]), file ZipCode.csv:22180 data 62953
    regex_detector_test.go:84: Expected label ZipCode, got  ([]), file ZipCode.csv:22181 data 62954
    regex_detector_test.go:84: Expected label ZipCode, got  ([]), file ZipCode.csv:22182 data 62956
    regex_detector_test.go:84: Expected label ZipCode, got  ([]), file ZipCode.csv:22183 data 62957
    regex_detector_test.go:84: Expected label ZipCode, got  ([]), file ZipCode.csv:22184 data 62958
    regex_detector_test.go:84: Expected label ZipCode, got  ([]), file ZipCode.csv:22185 data 62959
    regex_detector_test.go:84: Expected label ZipCode, got  ([]), file ZipCode.csv:22186 data 62960
    regex_detector_test.go:84: Expected label ZipCode, got  ([]), file ZipCode.csv:22187 data 62961
    regex_detector_test.go:84: Expected label ZipCode, got  ([]), file ZipCode.csv:22188 data 62962
    regex_detector_test.go:84: Expected label ZipCode, got  ([]), file ZipCode.csv:22189 data 62963
    regex_detector_test.go:84: Expected label ZipCode, got  ([]), file ZipCode.csv:22190 data 62964
    regex_detector_test.go:84: Expected label ZipCode, got  ([]), file ZipCode.csv:22191 data 62965
    regex_detector_test.go:84: Expected label ZipCode, got  ([]), file ZipCode.csv:22192 data 62966
    regex_detector_test.go:84: Expected label ZipCode, got  ([]), file ZipCode.csv:22193 data 62967
    regex_detector_test.go:84: Expected label ZipCode, got  ([]), file ZipCode.csv:22194 data 62969
    regex_detector_test.go:84: Expected label ZipCode, got  ([]), file ZipCode.csv:22195 data 62970
    regex_detector_test.go:84: Expected label ZipCode, got  ([]), file ZipCode.csv:22196 data 62972
    regex_detector_test.go:84: Expected label ZipCode, got  ([]), file ZipCode.csv:22197 data 62974
    regex_detector_test.go:84: Expected label ZipCode, got  ([]), file ZipCode.csv:22198 data 62975
    regex_detector_test.go:84: Expected label ZipCode, got  ([]), file ZipCode.csv:22199 data 62976
    regex_detector_test.go:84: Expected label ZipCode, got  ([]), file ZipCode.csv:22200 data 62977
    regex_detector_test.go:84: Expected label ZipCode, got  ([]), file ZipCode.csv:22201 data 62979
    regex_detector_test.go:84: Expected label ZipCode, got  ([]), file ZipCode.csv:22202 data 62982
    regex_detector_test.go:84: Expected label ZipCode, got  ([]), file ZipCode.csv:22203 data 62983
    regex_detector_test.go:84: Expected label ZipCode, got  ([]), file ZipCode.csv:22204 data 62984
    regex_detector_test.go:84: Expected label ZipCode, got  ([]), file ZipCode.csv:22205 data 62985
    regex_detector_test.go:84: Expected label ZipCode, got  ([]), file ZipCode.csv:22206 data 62987
    regex_detector_test.go:84: Expected label ZipCode, got  ([]), file ZipCode.csv:22207 data 62988
    regex_detector_test.go:84: Expected label ZipCode, got  ([]), file ZipCode.csv:22208 data 62990
    regex_detector_test.go:84: Expected label ZipCode, got  ([]), file ZipCode.csv:22209 data 62992
    regex_detector_test.go:84: Expected label ZipCode, got  ([]), file ZipCode.csv:22210 data 62994
    regex_detector_test.go:84: Expected label ZipCode, got  ([]), file ZipCode.csv:22211 data 62995
    regex_detector_test.go:84: Expected label ZipCode, got  ([]), file ZipCode.csv:22212 data 62996
    regex_detector_test.go:84: Expected label ZipCode, got  ([]), file ZipCode.csv:22213 data 62997
    regex_detector_test.go:84: Expected label ZipCode, got  ([]), file ZipCode.csv:22214 data 62998
    regex_detector_test.go:84: Expected label ZipCode, got  ([]), file ZipCode.csv:22215 data 62999
    regex_detector_test.go:84: Expected label ZipCode, got  ([]), file ZipCode.csv:22216 data 63005
    regex_detector_test.go:84: Expected label ZipCode, got  ([]), file ZipCode.csv:22217 data 63010
    regex_detector_test.go:84: Expected label ZipCode, got  ([]), file ZipCode.csv:22218 data 63011
    regex_detector_test.go:84: Expected label ZipCode, got  ([]), file ZipCode.csv:22219 data 63012
    regex_detector_test.go:84: Expected label ZipCode, got  ([]), file ZipCode.csv:22220 data 63013
    regex_detector_test.go:84: Expected label ZipCode, got  ([]), file ZipCode.csv:22221 data 63014
    regex_detector_test.go:84: Expected label ZipCode, got  ([]), file ZipCode.csv:22222 data 63015
    regex_detector_test.go:84: Expected label ZipCode, got  ([]), file ZipCode.csv:22223 data 63016
    regex_detector_test.go:84: Expected label ZipCode, got  ([]), file ZipCode.csv:22224 data 63017
    regex_detector_test.go:84: Expected label ZipCode, got  ([]), file ZipCode.csv:22225 data 63019
    regex_detector_test.go:84: Expected label ZipCode, got  ([]), file ZipCode.csv:22226 data 63020
    regex_detector_test.go:84: Expected label ZipCode, got  ([]), file ZipCode.csv:22227 data 63021
    regex_detector_test.go:84: Expected label ZipCode, got  ([]), file ZipCode.csv:22228 data 63023
    regex_detector_test.go:84: Expected label ZipCode, got  ([]), file ZipCode.csv:22229 data 63025
    regex_detector_test.go:84: Expected label ZipCode, got  ([]), file ZipCode.csv:22230 data 63026
    regex_detector_test.go:84: Expected label ZipCode, got  ([]), file ZipCode.csv:22231 data 63028
    regex_detector_test.go:84: Expected label ZipCode, got  ([]), file ZipCode.csv:22232 data 63030
    regex_detector_test.go:84: Expected label ZipCode, got  ([]), file ZipCode.csv:22233 data 63031
    regex_detector_test.go:84: Expected label ZipCode, got  ([]), file ZipCode.csv:22234 data 63033
    regex_detector_test.go:84: Expected label ZipCode, got  ([]), file ZipCode.csv:22235 data 63034
    regex_detector_test.go:84: Expected label ZipCode, got  ([]), file ZipCode.csv:22236 data 63036
    regex_detector_test.go:84: Expected label ZipCode, got  ([]), file ZipCode.csv:22237 data 63037
    regex_detector_test.go:84: Expected label ZipCode, got  ([]), file ZipCode.csv:22238 data 63038
    regex_detector_test.go:84: Expected label ZipCode, got  ([]), file ZipCode.csv:22239 data 63039
    regex_detector_test.go:84: Expected label ZipCode, got  ([]), file ZipCode.csv:22240 data 63040
    regex_detector_test.go:84: Expected label ZipCode, got  ([]), file ZipCode.csv:22241 data 63041
    regex_detector_test.go:84: Expected label ZipCode, got  ([]), file ZipCode.csv:22242 data 63042
    regex_detector_test.go:84: Expected label ZipCode, got  ([]), file ZipCode.csv:22243 data 63043
    regex_detector_test.go:84: Expected label ZipCode, got  ([]), file ZipCode.csv:22244 data 63044
    regex_detector_test.go:84: Expected label ZipCode, got  ([]), file ZipCode.csv:22245 data 63045
    regex_detector_test.go:84: Expected label ZipCode, got  ([]), file ZipCode.csv:22246 data 63047
    regex_detector_test.go:84: Expected label ZipCode, got  ([]), file ZipCode.csv:22247 data 63048
    regex_detector_test.go:84: Expected label ZipCode, got  ([]), file ZipCode.csv:22248 data 63049
    regex_detector_test.go:84: Expected label ZipCode, got  ([]), file ZipCode.csv:22249 data 63050
    regex_detector_test.go:84: Expected label ZipCode, got  ([]), file ZipCode.csv:22250 data 63051
    regex_detector_test.go:84: Expected label ZipCode, got  ([]), file ZipCode.csv:22251 data 63052
    regex_detector_test.go:84: Expected label ZipCode, got  ([]), file ZipCode.csv:22252 data 63053
    regex_detector_test.go:84: Expected label ZipCode, got  ([]), file ZipCode.csv:22253 data 63055
    regex_detector_test.go:84: Expected label ZipCode, got  ([]), file ZipCode.csv:22254 data 63056
    regex_detector_test.go:84: Expected label ZipCode, got  ([]), file ZipCode.csv:22255 data 63060
    regex_detector_test.go:84: Expected label ZipCode, got  ([]), file ZipCode.csv:22256 data 63061
    regex_detector_test.go:84: Expected label ZipCode, got  ([]), file ZipCode.csv:22257 data 63068
    regex_detector_test.go:84: Expected label ZipCode, got  ([]), file ZipCode.csv:22258 data 63069
    regex_detector_test.go:84: Expected label ZipCode, got  ([]), file ZipCode.csv:22259 data 63070
    regex_detector_test.go:84: Expected label ZipCode, got  ([]), file ZipCode.csv:22260 data 63071
    regex_detector_test.go:84: Expected label ZipCode, got  ([]), file ZipCode.csv:22261 data 63072
    regex_detector_test.go:84: Expected label ZipCode, got  ([]), file ZipCode.csv:22262 data 63073
    regex_detector_test.go:84: Expected label ZipCode, got  ([]), file ZipCode.csv:22263 data 63074
    regex_detector_test.go:84: Expected label ZipCode, got  ([]), file ZipCode.csv:22264 data 63077
    regex_detector_test.go:84: Expected label ZipCode, got  ([]), file ZipCode.csv:22265 data 63079
    regex_detector_test.go:84: Expected label ZipCode, got  ([]), file ZipCode.csv:22266 data 63080
    regex_detector_test.go:84: Expected label ZipCode, got  ([]), file ZipCode.csv:22267 data 63084
    regex_detector_test.go:84: Expected label ZipCode, got  ([]), file ZipCode.csv:22268 data 63087
    regex_detector_test.go:84: Expected label ZipCode, got  ([]), file ZipCode.csv:22269 data 63088
    regex_detector_test.go:84: Expected label ZipCode, got  ([]), file ZipCode.csv:22270 data 63089
    regex_detector_test.go:84: Expected label ZipCode, got  ([]), file ZipCode.csv:22271 data 63090
    regex_detector_test.go:84: Expected label ZipCode, got  ([]), file ZipCode.csv:22272 data 63091
    regex_detector_test.go:84: Expected label ZipCode, got  ([]), file ZipCode.csv:22273 data 63101
    regex_detector_test.go:84: Expected label ZipCode, got  ([]), file ZipCode.csv:22274 data 63102
    regex_detector_test.go:84: Expected label ZipCode, got  ([]), file ZipCode.csv:22275 data 63103
    regex_detector_test.go:84: Expected label ZipCode, got  ([]), file ZipCode.csv:22276 data 63104
    regex_detector_test.go:84: Expected label ZipCode, got  ([]), file ZipCode.csv:22277 data 63105
    regex_detector_test.go:84: Expected label ZipCode, got  ([]), file ZipCode.csv:22278 data 63106
    regex_detector_test.go:84: Expected label ZipCode, got  ([]), file ZipCode.csv:22279 data 63107
    regex_detector_test.go:84: Expected label ZipCode, got  ([]), file ZipCode.csv:22280 data 63108
    regex_detector_test.go:84: Expected label ZipCode, got  ([]), file ZipCode.csv:22281 data 63109
    regex_detector_test.go:84: Expected label ZipCode, got  ([]), file ZipCode.csv:22282 data 63110
    regex_detector_test.go:84: Expected label ZipCode, got  ([]), file ZipCode.csv:22283 data 63111
    regex_detector_test.go:84: Expected label ZipCode, got  ([]), file ZipCode.csv:22284 data 63112
    regex_detector_test.go:84: Expected label ZipCode, got  ([]), file ZipCode.csv:22285 data 63113
    regex_detector_test.go:84: Expected label ZipCode, got  ([]), file ZipCode.csv:22286 data 63114
    regex_detector_test.go:84: Expected label ZipCode, got  ([]), file ZipCode.csv:22287 data 63115
    regex_detector_test.go:84: Expected label ZipCode, got  ([]), file ZipCode.csv:22288 data 63116
    regex_detector_test.go:84: Expected label ZipCode, got  ([]), file ZipCode.csv:22289 data 63117
    regex_detector_test.go:84: Expected label ZipCode, got  ([]), file ZipCode.csv:22290 data 63118
    regex_detector_test.go:84: Expected label ZipCode, got  ([]), file ZipCode.csv:22291 data 63119
    regex_detector_test.go:84: Expected label ZipCode, got  ([]), file ZipCode.csv:22292 data 63120
    regex_detector_test.go:84: Expected label ZipCode, got  ([]), file ZipCode.csv:22293 data 63121
    regex_detector_test.go:84: Expected label ZipCode, got  ([]), file ZipCode.csv:22294 data 63122
    regex_detector_test.go:84: Expected label ZipCode, got  ([]), file ZipCode.csv:22295 data 63123
    regex_detector_test.go:84: Expected label ZipCode, got  ([]), file ZipCode.csv:22296 data 63124
    regex_detector_test.go:84: Expected label ZipCode, got  ([]), file ZipCode.csv:22297 data 63125
    regex_detector_test.go:84: Expected label ZipCode, got  ([]), file ZipCode.csv:22298 data 63126
    regex_detector_test.go:84: Expected label ZipCode, got  ([]), file ZipCode.csv:22299 data 63127
    regex_detector_test.go:84: Expected label ZipCode, got  ([]), file ZipCode.csv:22300 data 63128
    regex_detector_test.go:84: Expected label ZipCode, got  ([]), file ZipCode.csv:22301 data 63129
    regex_detector_test.go:84: Expected label ZipCode, got  ([]), file ZipCode.csv:22302 data 63130
    regex_detector_test.go:84: Expected label ZipCode, got  ([]), file ZipCode.csv:22303 data 63131
    regex_detector_test.go:84: Expected label ZipCode, got  ([]), file ZipCode.csv:22304 data 63132
    regex_detector_test.go:84: Expected label ZipCode, got  ([]), file ZipCode.csv:22305 data 63133
    regex_detector_test.go:84: Expected label ZipCode, got  ([]), file ZipCode.csv:22306 data 63134
    regex_detector_test.go:84: Expected label ZipCode, got  ([]), file ZipCode.csv:22307 data 63135
    regex_detector_test.go:84: Expected label ZipCode, got  ([]), file ZipCode.csv:22308 data 63136
    regex_detector_test.go:84: Expected label ZipCode, got  ([]), file ZipCode.csv:22309 data 63137
    regex_detector_test.go:84: Expected label ZipCode, got  ([]), file ZipCode.csv:22310 data 63138
    regex_detector_test.go:84: Expected label ZipCode, got  ([]), file ZipCode.csv:22311 data 63139
    regex_detector_test.go:84: Expected label ZipCode, got  ([]), file ZipCode.csv:22312 data 63140
    regex_detector_test.go:84: Expected label ZipCode, got  ([]), file ZipCode.csv:22313 data 63141
    regex_detector_test.go:84: Expected label ZipCode, got  ([]), file ZipCode.csv:22314 data 63143
    regex_detector_test.go:84: Expected label ZipCode, got  ([]), file ZipCode.csv:22315 data 63144
    regex_detector_test.go:84: Expected label ZipCode, got  ([]), file ZipCode.csv:22316 data 63146
    regex_detector_test.go:84: Expected label ZipCode, got  ([]), file ZipCode.csv:22317 data 63147
    regex_detector_test.go:84: Expected label ZipCode, got  ([]), file ZipCode.csv:22318 data 63155
    regex_detector_test.go:84: Expected label ZipCode, got  ([]), file ZipCode.csv:22319 data 63301
    regex_detector_test.go:84: Expected label ZipCode, got  ([]), file ZipCode.csv:22320 data 63303
    regex_detector_test.go:84: Expected label ZipCode, got  ([]), file ZipCode.csv:22321 data 63304
    regex_detector_test.go:84: Expected label ZipCode, got  ([]), file ZipCode.csv:22322 data 63330
    regex_detector_test.go:84: Expected label ZipCode, got  ([]), file ZipCode.csv:22323 data 63332
    regex_detector_test.go:84: Expected label ZipCode, got  ([]), file ZipCode.csv:22324 data 63333
    regex_detector_test.go:84: Expected label ZipCode, got  ([]), file ZipCode.csv:22325 data 63334
    regex_detector_test.go:84: Expected label ZipCode, got  ([]), file ZipCode.csv:22326 data 63336
    regex_detector_test.go:84: Expected label ZipCode, got  ([]), file ZipCode.csv:22327 data 63339
    regex_detector_test.go:84: Expected label ZipCode, got  ([]), file ZipCode.csv:22328 data 63341
    regex_detector_test.go:84: Expected label ZipCode, got  ([]), file ZipCode.csv:22329 data 63343
    regex_detector_test.go:84: Expected label ZipCode, got  ([]), file ZipCode.csv:22330 data 63344
    regex_detector_test.go:84: Expected label ZipCode, got  ([]), file ZipCode.csv:22331 data 63345
    regex_detector_test.go:84: Expected label ZipCode, got  ([]), file ZipCode.csv:22332 data 63347
    regex_detector_test.go:84: Expected label ZipCode, got  ([]), file ZipCode.csv:22333 data 63348
    regex_detector_test.go:84: Expected label ZipCode, got  ([]), file ZipCode.csv:22334 data 63349
    regex_detector_test.go:84: Expected label ZipCode, got  ([]), file ZipCode.csv:22335 data 63350
    regex_detector_test.go:84: Expected label ZipCode, got  ([]), file ZipCode.csv:22336 data 63351
    regex_detector_test.go:84: Expected label ZipCode, got  ([]), file ZipCode.csv:22337 data 63352
    regex_detector_test.go:84: Expected label ZipCode, got  ([]), file ZipCode.csv:22338 data 63353
    regex_detector_test.go:84: Expected label ZipCode, got  ([]), file ZipCode.csv:22339 data 63357
    regex_detector_test.go:84: Expected label ZipCode, got  ([]), file ZipCode.csv:22340 data 63359
    regex_detector_test.go:84: Expected label ZipCode, got  ([]), file ZipCode.csv:22341 data 63361
    regex_detector_test.go:84: Expected label ZipCode, got  ([]), file ZipCode.csv:22342 data 63362
    regex_detector_test.go:84: Expected label ZipCode, got  ([]), file ZipCode.csv:22343 data 63363
    regex_detector_test.go:84: Expected label ZipCode, got  ([]), file ZipCode.csv:22344 data 63365
    regex_detector_test.go:84: Expected label ZipCode, got  ([]), file ZipCode.csv:22345 data 63366
    regex_detector_test.go:84: Expected label ZipCode, got  ([]), file ZipCode.csv:22346 data 63367
    regex_detector_test.go:84: Expected label ZipCode, got  ([]), file ZipCode.csv:22347 data 63368
    regex_detector_test.go:84: Expected label ZipCode, got  ([]), file ZipCode.csv:22348 data 63369
    regex_detector_test.go:84: Expected label ZipCode, got  ([]), file ZipCode.csv:22349 data 63373
    regex_detector_test.go:84: Expected label ZipCode, got  ([]), file ZipCode.csv:22350 data 63376
    regex_detector_test.go:84: Expected label ZipCode, got  ([]), file ZipCode.csv:22351 data 63377
    regex_detector_test.go:84: Expected label ZipCode, got  ([]), file ZipCode.csv:22352 data 63379
    regex_detector_test.go:84: Expected label ZipCode, got  ([]), file ZipCode.csv:22353 data 63380
    regex_detector_test.go:84: Expected label ZipCode, got  ([]), file ZipCode.csv:22354 data 63381
    regex_detector_test.go:84: Expected label ZipCode, got  ([]), file ZipCode.csv:22355 data 63382
    regex_detector_test.go:84: Expected label ZipCode, got  ([]), file ZipCode.csv:22356 data 63383
    regex_detector_test.go:84: Expected label ZipCode, got  ([]), file ZipCode.csv:22357 data 63384
    regex_detector_test.go:84: Expected label ZipCode, got  ([]), file ZipCode.csv:22358 data 63385
    regex_detector_test.go:84: Expected label ZipCode, got  ([]), file ZipCode.csv:22359 data 63386
    regex_detector_test.go:84: Expected label ZipCode, got  ([]), file ZipCode.csv:22360 data 63387
    regex_detector_test.go:84: Expected label ZipCode, got  ([]), file ZipCode.csv:22361 data 63388
    regex_detector_test.go:84: Expected label ZipCode, got  ([]), file ZipCode.csv:22362 data 63389
    regex_detector_test.go:84: Expected label ZipCode, got  ([]), file ZipCode.csv:22363 data 63390
    regex_detector_test.go:84: Expected label ZipCode, got  ([]), file ZipCode.csv:22364 data 63401
    regex_detector_test.go:84: Expected label ZipCode, got  ([]), file ZipCode.csv:22365 data 63430
    regex_detector_test.go:84: Expected label ZipCode, got  ([]), file ZipCode.csv:22366 data 63431
    regex_detector_test.go:84: Expected label ZipCode, got  ([]), file ZipCode.csv:22367 data 63432
    regex_detector_test.go:84: Expected label ZipCode, got  ([]), file ZipCode.csv:22368 data 63433
    regex_detector_test.go:84: Expected label ZipCode, got  ([]), file ZipCode.csv:22369 data 63434
    regex_detector_test.go:84: Expected label ZipCode, got  ([]), file ZipCode.csv:22370 data 63435
    regex_detector_test.go:84: Expected label ZipCode, got  ([]), file ZipCode.csv:22371 data 63436
    regex_detector_test.go:84: Expected label ZipCode, got  ([]), file ZipCode.csv:22372 data 63437
    regex_detector_test.go:84: Expected label ZipCode, got  ([]), file ZipCode.csv:22373 data 63438
    regex_detector_test.go:84: Expected label ZipCode, got  ([]), file ZipCode.csv:22374 data 63439
    regex_detector_test.go:84: Expected label ZipCode, got  ([]), file ZipCode.csv:22375 data 63440
    regex_detector_test.go:84: Expected label ZipCode, got  ([]), file ZipCode.csv:22376 data 63441
    regex_detector_test.go:84: Expected label ZipCode, got  ([]), file ZipCode.csv:22377 data 63443
    regex_detector_test.go:84: Expected label ZipCode, got  ([]), file ZipCode.csv:22378 data 63445
    regex_detector_test.go:84: Expected label ZipCode, got  ([]), file ZipCode.csv:22379 data 63446
    regex_detector_test.go:84: Expected label ZipCode, got  ([]), file ZipCode.csv:22380 data 63447
    regex_detector_test.go:84: Expected label ZipCode, got  ([]), file ZipCode.csv:22381 data 63448
    regex_detector_test.go:84: Expected label ZipCode, got  ([]), file ZipCode.csv:22382 data 63450
    regex_detector_test.go:84: Expected label ZipCode, got  ([]), file ZipCode.csv:22383 data 63451
    regex_detector_test.go:84: Expected label ZipCode, got  ([]), file ZipCode.csv:22384 data 63452
    regex_detector_test.go:84: Expected label ZipCode, got  ([]), file ZipCode.csv:22385 data 63453
    regex_detector_test.go:84: Expected label ZipCode, got  ([]), file ZipCode.csv:22386 data 63454
    regex_detector_test.go:84: Expected label ZipCode, got  ([]), file ZipCode.csv:22387 data 63456
    regex_detector_test.go:84: Expected label ZipCode, got  ([]), file ZipCode.csv:22388 data 63457
    regex_detector_test.go:84: Expected label ZipCode, got  ([]), file ZipCode.csv:22389 data 63458
    regex_detector_test.go:84: Expected label ZipCode, got  ([]), file ZipCode.csv:22390 data 63459
    regex_detector_test.go:84: Expected label ZipCode, got  ([]), file ZipCode.csv:22391 data 63460
    regex_detector_test.go:84: Expected label ZipCode, got  ([]), file ZipCode.csv:22392 data 63461
    regex_detector_test.go:84: Expected label ZipCode, got  ([]), file ZipCode.csv:22393 data 63462
    regex_detector_test.go:84: Expected label ZipCode, got  ([]), file ZipCode.csv:22394 data 63463
    regex_detector_test.go:84: Expected label ZipCode, got  ([]), file ZipCode.csv:22395 data 63465
    regex_detector_test.go:84: Expected label ZipCode, got  ([]), file ZipCode.csv:22396 data 63466
    regex_detector_test.go:84: Expected label ZipCode, got  ([]), file ZipCode.csv:22397 data 63467
    regex_detector_test.go:84: Expected label ZipCode, got  ([]), file ZipCode.csv:22398 data 63468
    regex_detector_test.go:84: Expected label ZipCode, got  ([]), file ZipCode.csv:22399 data 63469
    regex_detector_test.go:84: Expected label ZipCode, got  ([]), file ZipCode.csv:22400 data 63471
    regex_detector_test.go:84: Expected label ZipCode, got  ([]), file ZipCode.csv:22401 data 63472
    regex_detector_test.go:84: Expected label ZipCode, got  ([]), file ZipCode.csv:22402 data 63473
    regex_detector_test.go:84: Expected label ZipCode, got  ([]), file ZipCode.csv:22403 data 63474
    regex_detector_test.go:84: Expected label ZipCode, got  ([]), file ZipCode.csv:22404 data 63501
    regex_detector_test.go:84: Expected label ZipCode, got  ([]), file ZipCode.csv:22405 data 63530
    regex_detector_test.go:84: Expected label ZipCode, got  ([]), file ZipCode.csv:22406 data 63531
    regex_detector_test.go:84: Expected label ZipCode, got  ([]), file ZipCode.csv:22407 data 63532
    regex_detector_test.go:84: Expected label ZipCode, got  ([]), file ZipCode.csv:22408 data 63533
    regex_detector_test.go:84: Expected label ZipCode, got  ([]), file ZipCode.csv:22409 data 63534
    regex_detector_test.go:84: Expected label ZipCode, got  ([]), file ZipCode.csv:22410 data 63535
    regex_detector_test.go:84: Expected label ZipCode, got  ([]), file ZipCode.csv:22411 data 63536
    regex_detector_test.go:84: Expected label ZipCode, got  ([]), file ZipCode.csv:22412 data 63537
    regex_detector_test.go:84: Expected label ZipCode, got  ([]), file ZipCode.csv:22413 data 63538
    regex_detector_test.go:84: Expected label ZipCode, got  ([]), file ZipCode.csv:22414 data 63539
    regex_detector_test.go:84: Expected label ZipCode, got  ([]), file ZipCode.csv:22415 data 63540
    regex_detector_test.go:84: Expected label ZipCode, got  ([]), file ZipCode.csv:22416 data 63541
    regex_detector_test.go:84: Expected label ZipCode, got  ([]), file ZipCode.csv:22417 data 63543
    regex_detector_test.go:84: Expected label ZipCode, got  ([]), file ZipCode.csv:22418 data 63544
    regex_detector_test.go:84: Expected label ZipCode, got  ([]), file ZipCode.csv:22419 data 63545
    regex_detector_test.go:84: Expected label ZipCode, got  ([]), file ZipCode.csv:22420 data 63546
    regex_detector_test.go:84: Expected label ZipCode, got  ([]), file ZipCode.csv:22421 data 63547
    regex_detector_test.go:84: Expected label ZipCode, got  ([]), file ZipCode.csv:22422 data 63548
    regex_detector_test.go:84: Expected label ZipCode, got  ([]), file ZipCode.csv:22423 data 63549
    regex_detector_test.go:84: Expected label ZipCode, got  ([]), file ZipCode.csv:22424 data 63551
    regex_detector_test.go:84: Expected label ZipCode, got  ([]), file ZipCode.csv:22425 data 63552
    regex_detector_test.go:84: Expected label ZipCode, got  ([]), file ZipCode.csv:22426 data 63555
    regex_detector_test.go:84: Expected label ZipCode, got  ([]), file ZipCode.csv:22427 data 63556
    regex_detector_test.go:84: Expected label ZipCode, got  ([]), file ZipCode.csv:22428 data 63557
    regex_detector_test.go:84: Expected label ZipCode, got  ([]), file ZipCode.csv:22429 data 63558
    regex_detector_test.go:84: Expected label ZipCode, got  ([]), file ZipCode.csv:22430 data 63559
    regex_detector_test.go:84: Expected label ZipCode, got  ([]), file ZipCode.csv:22431 data 63560
    regex_detector_test.go:84: Expected label ZipCode, got  ([]), file ZipCode.csv:22432 data 63561
    regex_detector_test.go:84: Expected label ZipCode, got  ([]), file ZipCode.csv:22433 data 63563
    regex_detector_test.go:84: Expected label ZipCode, got  ([]), file ZipCode.csv:22434 data 63565
    regex_detector_test.go:84: Expected label ZipCode, got  ([]), file ZipCode.csv:22435 data 63566
    regex_detector_test.go:84: Expected label ZipCode, got  ([]), file ZipCode.csv:22436 data 63567
    regex_detector_test.go:84: Expected label ZipCode, got  ([]), file ZipCode.csv:22437 data 63601
    regex_detector_test.go:84: Expected label ZipCode, got  ([]), file ZipCode.csv:22438 data 63620
    regex_detector_test.go:84: Expected label ZipCode, got  ([]), file ZipCode.csv:22439 data 63621
    regex_detector_test.go:84: Expected label ZipCode, got  ([]), file ZipCode.csv:22440 data 63622
    regex_detector_test.go:84: Expected label ZipCode, got  ([]), file ZipCode.csv:22441 data 63623
    regex_detector_test.go:84: Expected label ZipCode, got  ([]), file ZipCode.csv:22442 data 63624
    regex_detector_test.go:84: Expected label ZipCode, got  ([]), file ZipCode.csv:22443 data 63625
    regex_detector_test.go:84: Expected label ZipCode, got  ([]), file ZipCode.csv:22444 data 63626
    regex_detector_test.go:84: Expected label ZipCode, got  ([]), file ZipCode.csv:22445 data 63627
    regex_detector_test.go:84: Expected label ZipCode, got  ([]), file ZipCode.csv:22446 data 63628
    regex_detector_test.go:84: Expected label ZipCode, got  ([]), file ZipCode.csv:22447 data 63629
    regex_detector_test.go:84: Expected label ZipCode, got  ([]), file ZipCode.csv:22448 data 63630
    regex_detector_test.go:84: Expected label ZipCode, got  ([]), file ZipCode.csv:22449 data 63631
    regex_detector_test.go:84: Expected label ZipCode, got  ([]), file ZipCode.csv:22450 data 63633
    regex_detector_test.go:84: Expected label ZipCode, got  ([]), file ZipCode.csv:22451 data 63636
    regex_detector_test.go:84: Expected label ZipCode, got  ([]), file ZipCode.csv:22452 data 63637
    regex_detector_test.go:84: Expected label ZipCode, got  ([]), file ZipCode.csv:22453 data 63638
    regex_detector_test.go:84: Expected label ZipCode, got  ([]), file ZipCode.csv:22454 data 63640
    regex_detector_test.go:84: Expected label ZipCode, got  ([]), file ZipCode.csv:22455 data 63645
    regex_detector_test.go:84: Expected label ZipCode, got  ([]), file ZipCode.csv:22456 data 63648
    regex_detector_test.go:84: Expected label ZipCode, got  ([]), file ZipCode.csv:22457 data 63650
    regex_detector_test.go:84: Expected label ZipCode, got  ([]), file ZipCode.csv:22458 data 63653
    regex_detector_test.go:84: Expected label ZipCode, got  ([]), file ZipCode.csv:22459 data 63654
    regex_detector_test.go:84: Expected label ZipCode, got  ([]), file ZipCode.csv:22460 data 63655
    regex_detector_test.go:84: Expected label ZipCode, got  ([]), file ZipCode.csv:22461 data 63656
    regex_detector_test.go:84: Expected label ZipCode, got  ([]), file ZipCode.csv:22462 data 63660
    regex_detector_test.go:84: Expected label ZipCode, got  ([]), file ZipCode.csv:22463 data 63662
    regex_detector_test.go:84: Expected label ZipCode, got  ([]), file ZipCode.csv:22464 data 63663
    regex_detector_test.go:84: Expected label ZipCode, got  ([]), file ZipCode.csv:22465 data 63664
    regex_detector_test.go:84: Expected label ZipCode, got  ([]), file ZipCode.csv:22466 data 63665
    regex_detector_test.go:84: Expected label ZipCode, got  ([]), file ZipCode.csv:22467 data 63670
    regex_detector_test.go:84: Expected label ZipCode, got  ([]), file ZipCode.csv:22468 data 63673
    regex_detector_test.go:84: Expected label ZipCode, got  ([]), file ZipCode.csv:22469 data 63674
    regex_detector_test.go:84: Expected label ZipCode, got  ([]), file ZipCode.csv:22470 data 63675
    regex_detector_test.go:84: Expected label ZipCode, got  ([]), file ZipCode.csv:22471 data 63701
    regex_detector_test.go:84: Expected label ZipCode, got  ([]), file ZipCode.csv:22472 data 63703
    regex_detector_test.go:84: Expected label ZipCode, got  ([]), file ZipCode.csv:22473 data 63730
    regex_detector_test.go:84: Expected label ZipCode, got  ([]), file ZipCode.csv:22474 data 63732
    regex_detector_test.go:84: Expected label ZipCode, got  ([]), file ZipCode.csv:22475 data 63735
    regex_detector_test.go:84: Expected label ZipCode, got  ([]), file ZipCode.csv:22476 data 63736
    regex_detector_test.go:84: Expected label ZipCode, got  ([]), file ZipCode.csv:22477 data 63738
    regex_detector_test.go:84: Expected label ZipCode, got  ([]), file ZipCode.csv:22478 data 63739
    regex_detector_test.go:84: Expected label ZipCode, got  ([]), file ZipCode.csv:22479 data 63740
    regex_detector_test.go:84: Expected label ZipCode, got  ([]), file ZipCode.csv:22480 data 63742
    regex_detector_test.go:84: Expected label ZipCode, got  ([]), file ZipCode.csv:22481 data 63743
    regex_detector_test.go:84: Expected label ZipCode, got  ([]), file ZipCode.csv:22482 data 63744
    regex_detector_test.go:84: Expected label ZipCode, got  ([]), file ZipCode.csv:22483 data 63745
    regex_detector_test.go:84: Expected label ZipCode, got  ([]), file ZipCode.csv:22484 data 63746
    regex_detector_test.go:84: Expected label ZipCode, got  ([]), file ZipCode.csv:22485 data 63747
    regex_detector_test.go:84: Expected label ZipCode, got  ([]), file ZipCode.csv:22486 data 63748
    regex_detector_test.go:84: Expected label ZipCode, got  ([]), file ZipCode.csv:22487 data 63750
    regex_detector_test.go:84: Expected label ZipCode, got  ([]), file ZipCode.csv:22488 data 63751
    regex_detector_test.go:84: Expected label ZipCode, got  ([]), file ZipCode.csv:22489 data 63755
    regex_detector_test.go:84: Expected label ZipCode, got  ([]), file ZipCode.csv:22490 data 63758
    regex_detector_test.go:84: Expected label ZipCode, got  ([]), file ZipCode.csv:22491 data 63760
    regex_detector_test.go:84: Expected label ZipCode, got  ([]), file ZipCode.csv:22492 data 63763
    regex_detector_test.go:84: Expected label ZipCode, got  ([]), file ZipCode.csv:22493 data 63764
    regex_detector_test.go:84: Expected label ZipCode, got  ([]), file ZipCode.csv:22494 data 63766
    regex_detector_test.go:84: Expected label ZipCode, got  ([]), file ZipCode.csv:22495 data 63767
    regex_detector_test.go:84: Expected label ZipCode, got  ([]), file ZipCode.csv:22496 data 63769
    regex_detector_test.go:84: Expected label ZipCode, got  ([]), file ZipCode.csv:22497 data 63770
    regex_detector_test.go:84: Expected label ZipCode, got  ([]), file ZipCode.csv:22498 data 63771
    regex_detector_test.go:84: Expected label ZipCode, got  ([]), file ZipCode.csv:22499 data 63774
    regex_detector_test.go:84: Expected label ZipCode, got  ([]), file ZipCode.csv:22500 data 63775
    regex_detector_test.go:84: Expected label ZipCode, got  ([]), file ZipCode.csv:22501 data 63780
    regex_detector_test.go:84: Expected label ZipCode, got  ([]), file ZipCode.csv:22502 data 63781
    regex_detector_test.go:84: Expected label ZipCode, got  ([]), file ZipCode.csv:22503 data 63782
    regex_detector_test.go:84: Expected label ZipCode, got  ([]), file ZipCode.csv:22504 data 63783
    regex_detector_test.go:84: Expected label ZipCode, got  ([]), file ZipCode.csv:22505 data 63784
    regex_detector_test.go:84: Expected label ZipCode, got  ([]), file ZipCode.csv:22506 data 63785
    regex_detector_test.go:84: Expected label ZipCode, got  ([]), file ZipCode.csv:22507 data 63787
    regex_detector_test.go:84: Expected label ZipCode, got  ([]), file ZipCode.csv:22508 data 63801
    regex_detector_test.go:84: Expected label ZipCode, got  ([]), file ZipCode.csv:22509 data 63820
    regex_detector_test.go:84: Expected label ZipCode, got  ([]), file ZipCode.csv:22510 data 63821
    regex_detector_test.go:84: Expected label ZipCode, got  ([]), file ZipCode.csv:22511 data 63822
    regex_detector_test.go:84: Expected label ZipCode, got  ([]), file ZipCode.csv:22512 data 63823
    regex_detector_test.go:84: Expected label ZipCode, got  ([]), file ZipCode.csv:22513 data 63824
    regex_detector_test.go:84: Expected label ZipCode, got  ([]), file ZipCode.csv:22514 data 63825
    regex_detector_test.go:84: Expected label ZipCode, got  ([]), file ZipCode.csv:22515 data 63826
    regex_detector_test.go:84: Expected label ZipCode, got  ([]), file ZipCode.csv:22516 data 63827
    regex_detector_test.go:84: Expected label ZipCode, got  ([]), file ZipCode.csv:22517 data 63828
    regex_detector_test.go:84: Expected label ZipCode, got  ([]), file ZipCode.csv:22518 data 63829
    regex_detector_test.go:84: Expected label ZipCode, got  ([]), file ZipCode.csv:22519 data 63830
    regex_detector_test.go:84: Expected label ZipCode, got  ([]), file ZipCode.csv:22520 data 63833
    regex_detector_test.go:84: Expected label ZipCode, got  ([]), file ZipCode.csv:22521 data 63834
    regex_detector_test.go:84: Expected label ZipCode, got  ([]), file ZipCode.csv:22522 data 63837
    regex_detector_test.go:84: Expected label ZipCode, got  ([]), file ZipCode.csv:22523 data 63839
    regex_detector_test.go:84: Expected label ZipCode, got  ([]), file ZipCode.csv:22524 data 63840
    regex_detector_test.go:84: Expected label ZipCode, got  ([]), file ZipCode.csv:22525 data 63841
    regex_detector_test.go:84: Expected label ZipCode, got  ([]), file ZipCode.csv:22526 data 63845
    regex_detector_test.go:84: Expected label ZipCode, got  ([]), file ZipCode.csv:22527 data 63846
    regex_detector_test.go:84: Expected label ZipCode, got  ([]), file ZipCode.csv:22528 data 63847
    regex_detector_test.go:84: Expected label ZipCode, got  ([]), file ZipCode.csv:22529 data 63848
    regex_detector_test.go:84: Expected label ZipCode, got  ([]), file ZipCode.csv:22530 data 63849
    regex_detector_test.go:84: Expected label ZipCode, got  ([]), file ZipCode.csv:22531 data 63850
    regex_detector_test.go:84: Expected label ZipCode, got  ([]), file ZipCode.csv:22532 data 63851
    regex_detector_test.go:84: Expected label ZipCode, got  ([]), file ZipCode.csv:22533 data 63852
    regex_detector_test.go:84: Expected label ZipCode, got  ([]), file ZipCode.csv:22534 data 63853
    regex_detector_test.go:84: Expected label ZipCode, got  ([]), file ZipCode.csv:22535 data 63855
    regex_detector_test.go:84: Expected label ZipCode, got  ([]), file ZipCode.csv:22536 data 63857
    regex_detector_test.go:84: Expected label ZipCode, got  ([]), file ZipCode.csv:22537 data 63860
    regex_detector_test.go:84: Expected label ZipCode, got  ([]), file ZipCode.csv:22538 data 63862
    regex_detector_test.go:84: Expected label ZipCode, got  ([]), file ZipCode.csv:22539 data 63863
    regex_detector_test.go:84: Expected label ZipCode, got  ([]), file ZipCode.csv:22540 data 63866
    regex_detector_test.go:84: Expected label ZipCode, got  ([]), file ZipCode.csv:22541 data 63867
    regex_detector_test.go:84: Expected label ZipCode, got  ([]), file ZipCode.csv:22542 data 63868
    regex_detector_test.go:84: Expected label ZipCode, got  ([]), file ZipCode.csv:22543 data 63869
    regex_detector_test.go:84: Expected label ZipCode, got  ([]), file ZipCode.csv:22544 data 63870
    regex_detector_test.go:84: Expected label ZipCode, got  ([]), file ZipCode.csv:22545 data 63873
    regex_detector_test.go:84: Expected label ZipCode, got  ([]), file ZipCode.csv:22546 data 63874
    regex_detector_test.go:84: Expected label ZipCode, got  ([]), file ZipCode.csv:22547 data 63876
    regex_detector_test.go:84: Expected label ZipCode, got  ([]), file ZipCode.csv:22548 data 63877
    regex_detector_test.go:84: Expected label ZipCode, got  ([]), file ZipCode.csv:22549 data 63878
    regex_detector_test.go:84: Expected label ZipCode, got  ([]), file ZipCode.csv:22550 data 63879
    regex_detector_test.go:84: Expected label ZipCode, got  ([]), file ZipCode.csv:22551 data 63880
    regex_detector_test.go:84: Expected label ZipCode, got  ([]), file ZipCode.csv:22552 data 63882
    regex_detector_test.go:84: Expected label ZipCode, got  ([]), file ZipCode.csv:22553 data 63901
    regex_detector_test.go:84: Expected label ZipCode, got  ([]), file ZipCode.csv:22554 data 63932
    regex_detector_test.go:84: Expected label ZipCode, got  ([]), file ZipCode.csv:22555 data 63933
    regex_detector_test.go:84: Expected label ZipCode, got  ([]), file ZipCode.csv:22556 data 63934
    regex_detector_test.go:84: Expected label ZipCode, got  ([]), file ZipCode.csv:22557 data 63935
    regex_detector_test.go:84: Expected label ZipCode, got  ([]), file ZipCode.csv:22558 data 63936
    regex_detector_test.go:84: Expected label ZipCode, got  ([]), file ZipCode.csv:22559 data 63937
    regex_detector_test.go:84: Expected label ZipCode, got  ([]), file ZipCode.csv:22560 data 63939
    regex_detector_test.go:84: Expected label ZipCode, got  ([]), file ZipCode.csv:22561 data 63940
    regex_detector_test.go:84: Expected label ZipCode, got  ([]), file ZipCode.csv:22562 data 63941
    regex_detector_test.go:84: Expected label ZipCode, got  ([]), file ZipCode.csv:22563 data 63942
    regex_detector_test.go:84: Expected label ZipCode, got  ([]), file ZipCode.csv:22564 data 63943
    regex_detector_test.go:84: Expected label ZipCode, got  ([]), file ZipCode.csv:22565 data 63944
    regex_detector_test.go:84: Expected label ZipCode, got  ([]), file ZipCode.csv:22566 data 63945
    regex_detector_test.go:84: Expected label ZipCode, got  ([]), file ZipCode.csv:22567 data 63950
    regex_detector_test.go:84: Expected label ZipCode, got  ([]), file ZipCode.csv:22568 data 63951
    regex_detector_test.go:84: Expected label ZipCode, got  ([]), file ZipCode.csv:22569 data 63952
    regex_detector_test.go:84: Expected label ZipCode, got  ([]), file ZipCode.csv:22570 data 63953
    regex_detector_test.go:84: Expected label ZipCode, got  ([]), file ZipCode.csv:22571 data 63954
    regex_detector_test.go:84: Expected label ZipCode, got  ([]), file ZipCode.csv:22572 data 63955
    regex_detector_test.go:84: Expected label ZipCode, got  ([]), file ZipCode.csv:22573 data 63956
    regex_detector_test.go:84: Expected label ZipCode, got  ([]), file ZipCode.csv:22574 data 63957
    regex_detector_test.go:84: Expected label ZipCode, got  ([]), file ZipCode.csv:22575 data 63960
    regex_detector_test.go:84: Expected label ZipCode, got  ([]), file ZipCode.csv:22576 data 63961
    regex_detector_test.go:84: Expected label ZipCode, got  ([]), file ZipCode.csv:22577 data 63962
    regex_detector_test.go:84: Expected label ZipCode, got  ([]), file ZipCode.csv:22578 data 63964
    regex_detector_test.go:84: Expected label ZipCode, got  ([]), file ZipCode.csv:22579 data 63965
    regex_detector_test.go:84: Expected label ZipCode, got  ([]), file ZipCode.csv:22580 data 63966
    regex_detector_test.go:84: Expected label ZipCode, got  ([]), file ZipCode.csv:22581 data 63967
    regex_detector_test.go:84: Expected label ZipCode, got  ([]), file ZipCode.csv:22582 data 64001
    regex_detector_test.go:84: Expected label ZipCode, got  ([]), file ZipCode.csv:22583 data 64011
    regex_detector_test.go:84: Expected label ZipCode, got  ([]), file ZipCode.csv:22584 data 64012
    regex_detector_test.go:84: Expected label ZipCode, got  ([]), file ZipCode.csv:22585 data 64014
    regex_detector_test.go:84: Expected label ZipCode, got  ([]), file ZipCode.csv:22586 data 64015
    regex_detector_test.go:84: Expected label ZipCode, got  ([]), file ZipCode.csv:22587 data 64016
    regex_detector_test.go:84: Expected label ZipCode, got  ([]), file ZipCode.csv:22588 data 64017
    regex_detector_test.go:84: Expected label ZipCode, got  ([]), file ZipCode.csv:22589 data 64018
    regex_detector_test.go:84: Expected label ZipCode, got  ([]), file ZipCode.csv:22590 data 64019
    regex_detector_test.go:84: Expected label ZipCode, got  ([]), file ZipCode.csv:22591 data 64020
    regex_detector_test.go:84: Expected label ZipCode, got  ([]), file ZipCode.csv:22592 data 64021
    regex_detector_test.go:84: Expected label ZipCode, got  ([]), file ZipCode.csv:22593 data 64022
    regex_detector_test.go:84: Expected label ZipCode, got  ([]), file ZipCode.csv:22594 data 64024
    regex_detector_test.go:84: Expected label ZipCode, got  ([]), file ZipCode.csv:22595 data 64028
    regex_detector_test.go:84: Expected label ZipCode, got  ([]), file ZipCode.csv:22596 data 64029
    regex_detector_test.go:84: Expected label ZipCode, got  ([]), file ZipCode.csv:22597 data 64030
    regex_detector_test.go:84: Expected label ZipCode, got  ([]), file ZipCode.csv:22598 data 64034
    regex_detector_test.go:84: Expected label ZipCode, got  ([]), file ZipCode.csv:22599 data 64035
    regex_detector_test.go:84: Expected label ZipCode, got  ([]), file ZipCode.csv:22600 data 64036
    regex_detector_test.go:84: Expected label ZipCode, got  ([]), file ZipCode.csv:22601 data 64037
    regex_detector_test.go:84: Expected label ZipCode, got  ([]), file ZipCode.csv:22602 data 64040
    regex_detector_test.go:84: Expected label ZipCode, got  ([]), file ZipCode.csv:22603 data 64048
    regex_detector_test.go:84: Expected label ZipCode, got  ([]), file ZipCode.csv:22604 data 64050
    regex_detector_test.go:84: Expected label ZipCode, got  ([]), file ZipCode.csv:22605 data 64052
    regex_detector_test.go:84: Expected label ZipCode, got  ([]), file ZipCode.csv:22606 data 64053
    regex_detector_test.go:84: Expected label ZipCode, got  ([]), file ZipCode.csv:22607 data 64054
    regex_detector_test.go:84: Expected label ZipCode, got  ([]), file ZipCode.csv:22608 data 64055
    regex_detector_test.go:84: Expected label ZipCode, got  ([]), file ZipCode.csv:22609 data 64056
    regex_detector_test.go:84: Expected label ZipCode, got  ([]), file ZipCode.csv:22610 data 64057
    regex_detector_test.go:84: Expected label ZipCode, got  ([]), file ZipCode.csv:22611 data 64058
    regex_detector_test.go:84: Expected label ZipCode, got  ([]), file ZipCode.csv:22612 data 64060
    regex_detector_test.go:84: Expected label ZipCode, got  ([]), file ZipCode.csv:22613 data 64061
    regex_detector_test.go:84: Expected label ZipCode, got  ([]), file ZipCode.csv:22614 data 64062
    regex_detector_test.go:84: Expected label ZipCode, got  ([]), file ZipCode.csv:22615 data 64063
    regex_detector_test.go:84: Expected label ZipCode, got  ([]), file ZipCode.csv:22616 data 64064
    regex_detector_test.go:84: Expected label ZipCode, got  ([]), file ZipCode.csv:22617 data 64065
    regex_detector_test.go:84: Expected label ZipCode, got  ([]), file ZipCode.csv:22618 data 64066
    regex_detector_test.go:84: Expected label ZipCode, got  ([]), file ZipCode.csv:22619 data 64067
    regex_detector_test.go:84: Expected label ZipCode, got  ([]), file ZipCode.csv:22620 data 64068
    regex_detector_test.go:84: Expected label ZipCode, got  ([]), file ZipCode.csv:22621 data 64070
    regex_detector_test.go:84: Expected label ZipCode, got  ([]), file ZipCode.csv:22622 data 64071
    regex_detector_test.go:84: Expected label ZipCode, got  ([]), file ZipCode.csv:22623 data 64072
    regex_detector_test.go:84: Expected label ZipCode, got  ([]), file ZipCode.csv:22624 data 64074
    regex_detector_test.go:84: Expected label ZipCode, got  ([]), file ZipCode.csv:22625 data 64075
    regex_detector_test.go:84: Expected label ZipCode, got  ([]), file ZipCode.csv:22626 data 64076
    regex_detector_test.go:84: Expected label ZipCode, got  ([]), file ZipCode.csv:22627 data 64077
    regex_detector_test.go:84: Expected label ZipCode, got  ([]), file ZipCode.csv:22628 data 64078
    regex_detector_test.go:84: Expected label ZipCode, got  ([]), file ZipCode.csv:22629 data 64079
    regex_detector_test.go:84: Expected label ZipCode, got  ([]), file ZipCode.csv:22630 data 64080
    regex_detector_test.go:84: Expected label ZipCode, got  ([]), file ZipCode.csv:22631 data 64081
    regex_detector_test.go:84: Expected label ZipCode, got  ([]), file ZipCode.csv:22632 data 64082
    regex_detector_test.go:84: Expected label ZipCode, got  ([]), file ZipCode.csv:22633 data 64083
    regex_detector_test.go:84: Expected label ZipCode, got  ([]), file ZipCode.csv:22634 data 64084
    regex_detector_test.go:84: Expected label ZipCode, got  ([]), file ZipCode.csv:22635 data 64085
    regex_detector_test.go:84: Expected label ZipCode, got  ([]), file ZipCode.csv:22636 data 64086
    regex_detector_test.go:84: Expected label ZipCode, got  ([]), file ZipCode.csv:22637 data 64088
    regex_detector_test.go:84: Expected label ZipCode, got  ([]), file ZipCode.csv:22638 data 64089
    regex_detector_test.go:84: Expected label ZipCode, got  ([]), file ZipCode.csv:22639 data 64090
    regex_detector_test.go:84: Expected label ZipCode, got  ([]), file ZipCode.csv:22640 data 64092
    regex_detector_test.go:84: Expected label ZipCode, got  ([]), file ZipCode.csv:22641 data 64093
    regex_detector_test.go:84: Expected label ZipCode, got  ([]), file ZipCode.csv:22642 data 64096
    regex_detector_test.go:84: Expected label ZipCode, got  ([]), file ZipCode.csv:22643 data 64097
    regex_detector_test.go:84: Expected label ZipCode, got  ([]), file ZipCode.csv:22644 data 64098
    regex_detector_test.go:84: Expected label ZipCode, got  ([]), file ZipCode.csv:22645 data 64101
    regex_detector_test.go:84: Expected label ZipCode, got  ([]), file ZipCode.csv:22646 data 64102
    regex_detector_test.go:84: Expected label ZipCode, got  ([]), file ZipCode.csv:22647 data 64105
    regex_detector_test.go:84: Expected label ZipCode, got  ([]), file ZipCode.csv:22648 data 64106
    regex_detector_test.go:84: Expected label ZipCode, got  ([]), file ZipCode.csv:22649 data 64108
    regex_detector_test.go:84: Expected label ZipCode, got  ([]), file ZipCode.csv:22650 data 64109
    regex_detector_test.go:84: Expected label ZipCode, got  ([]), file ZipCode.csv:22651 data 64110
    regex_detector_test.go:84: Expected label ZipCode, got  ([]), file ZipCode.csv:22652 data 64111
    regex_detector_test.go:84: Expected label ZipCode, got  ([]), file ZipCode.csv:22653 data 64112
    regex_detector_test.go:84: Expected label ZipCode, got  ([]), file ZipCode.csv:22654 data 64113
    regex_detector_test.go:84: Expected label ZipCode, got  ([]), file ZipCode.csv:22655 data 64114
    regex_detector_test.go:84: Expected label ZipCode, got  ([]), file ZipCode.csv:22656 data 64116
    regex_detector_test.go:84: Expected label ZipCode, got  ([]), file ZipCode.csv:22657 data 64117
    regex_detector_test.go:84: Expected label ZipCode, got  ([]), file ZipCode.csv:22658 data 64118
    regex_detector_test.go:84: Expected label ZipCode, got  ([]), file ZipCode.csv:22659 data 64119
    regex_detector_test.go:84: Expected label ZipCode, got  ([]), file ZipCode.csv:22660 data 64120
    regex_detector_test.go:84: Expected label ZipCode, got  ([]), file ZipCode.csv:22661 data 64123
    regex_detector_test.go:84: Expected label ZipCode, got  ([]), file ZipCode.csv:22662 data 64124
    regex_detector_test.go:84: Expected label ZipCode, got  ([]), file ZipCode.csv:22663 data 64125
    regex_detector_test.go:84: Expected label ZipCode, got  ([]), file ZipCode.csv:22664 data 64126
    regex_detector_test.go:84: Expected label ZipCode, got  ([]), file ZipCode.csv:22665 data 64127
    regex_detector_test.go:84: Expected label ZipCode, got  ([]), file ZipCode.csv:22666 data 64128
    regex_detector_test.go:84: Expected label ZipCode, got  ([]), file ZipCode.csv:22667 data 64129
    regex_detector_test.go:84: Expected label ZipCode, got  ([]), file ZipCode.csv:22668 data 64130
    regex_detector_test.go:84: Expected label ZipCode, got  ([]), file ZipCode.csv:22669 data 64131
    regex_detector_test.go:84: Expected label ZipCode, got  ([]), file ZipCode.csv:22670 data 64132
    regex_detector_test.go:84: Expected label ZipCode, got  ([]), file ZipCode.csv:22671 data 64133
    regex_detector_test.go:84: Expected label ZipCode, got  ([]), file ZipCode.csv:22672 data 64134
    regex_detector_test.go:84: Expected label ZipCode, got  ([]), file ZipCode.csv:22673 data 64136
    regex_detector_test.go:84: Expected label ZipCode, got  ([]), file ZipCode.csv:22674 data 64137
    regex_detector_test.go:84: Expected label ZipCode, got  ([]), file ZipCode.csv:22675 data 64138
    regex_detector_test.go:84: Expected label ZipCode, got  ([]), file ZipCode.csv:22676 data 64139
    regex_detector_test.go:84: Expected label ZipCode, got  ([]), file ZipCode.csv:22677 data 64145
    regex_detector_test.go:84: Expected label ZipCode, got  ([]), file ZipCode.csv:22678 data 64146
    regex_detector_test.go:84: Expected label ZipCode, got  ([]), file ZipCode.csv:22679 data 64147
    regex_detector_test.go:84: Expected label ZipCode, got  ([]), file ZipCode.csv:22680 data 64149
    regex_detector_test.go:84: Expected label ZipCode, got  ([]), file ZipCode.csv:22681 data 64150
    regex_detector_test.go:84: Expected label ZipCode, got  ([]), file ZipCode.csv:22682 data 64151
    regex_detector_test.go:84: Expected label ZipCode, got  ([]), file ZipCode.csv:22683 data 64152
    regex_detector_test.go:84: Expected label ZipCode, got  ([]), file ZipCode.csv:22684 data 64153
    regex_detector_test.go:84: Expected label ZipCode, got  ([]), file ZipCode.csv:22685 data 64154
    regex_detector_test.go:84: Expected label ZipCode, got  ([]), file ZipCode.csv:22686 data 64155
    regex_detector_test.go:84: Expected label ZipCode, got  ([]), file ZipCode.csv:22687 data 64156
    regex_detector_test.go:84: Expected label ZipCode, got  ([]), file ZipCode.csv:22688 data 64157
    regex_detector_test.go:84: Expected label ZipCode, got  ([]), file ZipCode.csv:22689 data 64158
    regex_detector_test.go:84: Expected label ZipCode, got  ([]), file ZipCode.csv:22690 data 64161
    regex_detector_test.go:84: Expected label ZipCode, got  ([]), file ZipCode.csv:22691 data 64163
    regex_detector_test.go:84: Expected label ZipCode, got  ([]), file ZipCode.csv:22692 data 64164
    regex_detector_test.go:84: Expected label ZipCode, got  ([]), file ZipCode.csv:22693 data 64165
    regex_detector_test.go:84: Expected label ZipCode, got  ([]), file ZipCode.csv:22694 data 64166
    regex_detector_test.go:84: Expected label ZipCode, got  ([]), file ZipCode.csv:22695 data 64167
    regex_detector_test.go:84: Expected label ZipCode, got  ([]), file ZipCode.csv:22696 data 64401
    regex_detector_test.go:84: Expected label ZipCode, got  ([]), file ZipCode.csv:22697 data 64402
    regex_detector_test.go:84: Expected label ZipCode, got  ([]), file ZipCode.csv:22698 data 64420
    regex_detector_test.go:84: Expected label ZipCode, got  ([]), file ZipCode.csv:22699 data 64421
    regex_detector_test.go:84: Expected label ZipCode, got  ([]), file ZipCode.csv:22700 data 64422
    regex_detector_test.go:84: Expected label ZipCode, got  ([]), file ZipCode.csv:22701 data 64423
    regex_detector_test.go:84: Expected label ZipCode, got  ([]), file ZipCode.csv:22702 data 64424
    regex_detector_test.go:84: Expected label ZipCode, got  ([]), file ZipCode.csv:22703 data 64426
    regex_detector_test.go:84: Expected label ZipCode, got  ([]), file ZipCode.csv:22704 data 64427
    regex_detector_test.go:84: Expected label ZipCode, got  ([]), file ZipCode.csv:22705 data 64428
    regex_detector_test.go:84: Expected label ZipCode, got  ([]), file ZipCode.csv:22706 data 64429
    regex_detector_test.go:84: Expected label ZipCode, got  ([]), file ZipCode.csv:22707 data 64430
    regex_detector_test.go:84: Expected label ZipCode, got  ([]), file ZipCode.csv:22708 data 64431
    regex_detector_test.go:84: Expected label ZipCode, got  ([]), file ZipCode.csv:22709 data 64432
    regex_detector_test.go:84: Expected label ZipCode, got  ([]), file ZipCode.csv:22710 data 64433
    regex_detector_test.go:84: Expected label ZipCode, got  ([]), file ZipCode.csv:22711 data 64434
    regex_detector_test.go:84: Expected label ZipCode, got  ([]), file ZipCode.csv:22712 data 64436
    regex_detector_test.go:84: Expected label ZipCode, got  ([]), file ZipCode.csv:22713 data 64437
    regex_detector_test.go:84: Expected label ZipCode, got  ([]), file ZipCode.csv:22714 data 64438
    regex_detector_test.go:84: Expected label ZipCode, got  ([]), file ZipCode.csv:22715 data 64439
    regex_detector_test.go:84: Expected label ZipCode, got  ([]), file ZipCode.csv:22716 data 64440
    regex_detector_test.go:84: Expected label ZipCode, got  ([]), file ZipCode.csv:22717 data 64441
    regex_detector_test.go:84: Expected label ZipCode, got  ([]), file ZipCode.csv:22718 data 64442
    regex_detector_test.go:84: Expected label ZipCode, got  ([]), file ZipCode.csv:22719 data 64443
    regex_detector_test.go:84: Expected label ZipCode, got  ([]), file ZipCode.csv:22720 data 64444
    regex_detector_test.go:84: Expected label ZipCode, got  ([]), file ZipCode.csv:22721 data 64445
    regex_detector_test.go:84: Expected label ZipCode, got  ([]), file ZipCode.csv:22722 data 64446
    regex_detector_test.go:84: Expected label ZipCode, got  ([]), file ZipCode.csv:22723 data 64448
    regex_detector_test.go:84: Expected label ZipCode, got  ([]), file ZipCode.csv:22724 data 64449
    regex_detector_test.go:84: Expected label ZipCode, got  ([]), file ZipCode.csv:22725 data 64451
    regex_detector_test.go:84: Expected label ZipCode, got  ([]), file ZipCode.csv:22726 data 64453
    regex_detector_test.go:84: Expected label ZipCode, got  ([]), file ZipCode.csv:22727 data 64454
    regex_detector_test.go:84: Expected label ZipCode, got  ([]), file ZipCode.csv:22728 data 64455
    regex_detector_test.go:84: Expected label ZipCode, got  ([]), file ZipCode.csv:22729 data 64456
    regex_detector_test.go:84: Expected label ZipCode, got  ([]), file ZipCode.csv:22730 data 64457
    regex_detector_test.go:84: Expected label ZipCode, got  ([]), file ZipCode.csv:22731 data 64458
    regex_detector_test.go:84: Expected label ZipCode, got  ([]), file ZipCode.csv:22732 data 64459
    regex_detector_test.go:84: Expected label ZipCode, got  ([]), file ZipCode.csv:22733 data 64461
    regex_detector_test.go:84: Expected label ZipCode, got  ([]), file ZipCode.csv:22734 data 64463
    regex_detector_test.go:84: Expected label ZipCode, got  ([]), file ZipCode.csv:22735 data 64465
    regex_detector_test.go:84: Expected label ZipCode, got  ([]), file ZipCode.csv:22736 data 64466
    regex_detector_test.go:84: Expected label ZipCode, got  ([]), file ZipCode.csv:22737 data 64467
    regex_detector_test.go:84: Expected label ZipCode, got  ([]), file ZipCode.csv:22738 data 64468
    regex_detector_test.go:84: Expected label ZipCode, got  ([]), file ZipCode.csv:22739 data 64469
    regex_detector_test.go:84: Expected label ZipCode, got  ([]), file ZipCode.csv:22740 data 64470
    regex_detector_test.go:84: Expected label ZipCode, got  ([]), file ZipCode.csv:22741 data 64471
    regex_detector_test.go:84: Expected label ZipCode, got  ([]), file ZipCode.csv:22742 data 64473
    regex_detector_test.go:84: Expected label ZipCode, got  ([]), file ZipCode.csv:22743 data 64474
    regex_detector_test.go:84: Expected label ZipCode, got  ([]), file ZipCode.csv:22744 data 64475
    regex_detector_test.go:84: Expected label ZipCode, got  ([]), file ZipCode.csv:22745 data 64476
    regex_detector_test.go:84: Expected label ZipCode, got  ([]), file ZipCode.csv:22746 data 64477
    regex_detector_test.go:84: Expected label ZipCode, got  ([]), file ZipCode.csv:22747 data 64479
    regex_detector_test.go:84: Expected label ZipCode, got  ([]), file ZipCode.csv:22748 data 64480
    regex_detector_test.go:84: Expected label ZipCode, got  ([]), file ZipCode.csv:22749 data 64481
    regex_detector_test.go:84: Expected label ZipCode, got  ([]), file ZipCode.csv:22750 data 64482
    regex_detector_test.go:84: Expected label ZipCode, got  ([]), file ZipCode.csv:22751 data 64483
    regex_detector_test.go:84: Expected label ZipCode, got  ([]), file ZipCode.csv:22752 data 64484
    regex_detector_test.go:84: Expected label ZipCode, got  ([]), file ZipCode.csv:22753 data 64485
    regex_detector_test.go:84: Expected label ZipCode, got  ([]), file ZipCode.csv:22754 data 64486
    regex_detector_test.go:84: Expected label ZipCode, got  ([]), file ZipCode.csv:22755 data 64487
    regex_detector_test.go:84: Expected label ZipCode, got  ([]), file ZipCode.csv:22756 data 64489
    regex_detector_test.go:84: Expected label ZipCode, got  ([]), file ZipCode.csv:22757 data 64490
    regex_detector_test.go:84: Expected label ZipCode, got  ([]), file ZipCode.csv:22758 data 64491
    regex_detector_test.go:84: Expected label ZipCode, got  ([]), file ZipCode.csv:22759 data 64492
    regex_detector_test.go:84: Expected label ZipCode, got  ([]), file ZipCode.csv:22760 data 64493
    regex_detector_test.go:84: Expected label ZipCode, got  ([]), file ZipCode.csv:22761 data 64494
    regex_detector_test.go:84: Expected label ZipCode, got  ([]), file ZipCode.csv:22762 data 64496
    regex_detector_test.go:84: Expected label ZipCode, got  ([]), file ZipCode.csv:22763 data 64497
    regex_detector_test.go:84: Expected label ZipCode, got  ([]), file ZipCode.csv:22764 data 64498
    regex_detector_test.go:84: Expected label ZipCode, got  ([]), file ZipCode.csv:22765 data 64499
    regex_detector_test.go:84: Expected label ZipCode, got  ([]), file ZipCode.csv:22766 data 64501
    regex_detector_test.go:84: Expected label ZipCode, got  ([]), file ZipCode.csv:22767 data 64503
    regex_detector_test.go:84: Expected label ZipCode, got  ([]), file ZipCode.csv:22768 data 64504
    regex_detector_test.go:84: Expected label ZipCode, got  ([]), file ZipCode.csv:22769 data 64505
    regex_detector_test.go:84: Expected label ZipCode, got  ([]), file ZipCode.csv:22770 data 64506
    regex_detector_test.go:84: Expected label ZipCode, got  ([]), file ZipCode.csv:22771 data 64507
    regex_detector_test.go:84: Expected label ZipCode, got  ([]), file ZipCode.csv:22772 data 64601
    regex_detector_test.go:84: Expected label ZipCode, got  ([]), file ZipCode.csv:22773 data 64620
    regex_detector_test.go:84: Expected label ZipCode, got  ([]), file ZipCode.csv:22774 data 64622
    regex_detector_test.go:84: Expected label ZipCode, got  ([]), file ZipCode.csv:22775 data 64623
    regex_detector_test.go:84: Expected label ZipCode, got  ([]), file ZipCode.csv:22776 data 64624
    regex_detector_test.go:84: Expected label ZipCode, got  ([]), file ZipCode.csv:22777 data 64625
    regex_detector_test.go:84: Expected label ZipCode, got  ([]), file ZipCode.csv:22778 data 64628
    regex_detector_test.go:84: Expected label ZipCode, got  ([]), file ZipCode.csv:22779 data 64630
    regex_detector_test.go:84: Expected label ZipCode, got  ([]), file ZipCode.csv:22780 data 64631
    regex_detector_test.go:84: Expected label ZipCode, got  ([]), file ZipCode.csv:22781 data 64632
    regex_detector_test.go:84: Expected label ZipCode, got  ([]), file ZipCode.csv:22782 data 64633
    regex_detector_test.go:84: Expected label ZipCode, got  ([]), file ZipCode.csv:22783 data 64635
    regex_detector_test.go:84: Expected label ZipCode, got  ([]), file ZipCode.csv:22784 data 64636
    regex_detector_test.go:84: Expected label ZipCode, got  ([]), file ZipCode.csv:22785 data 64637
    regex_detector_test.go:84: Expected label ZipCode, got  ([]), file ZipCode.csv:22786 data 64638
    regex_detector_test.go:84: Expected label ZipCode, got  ([]), file ZipCode.csv:22787 data 64639
    regex_detector_test.go:84: Expected label ZipCode, got  ([]), file ZipCode.csv:22788 data 64640
    regex_detector_test.go:84: Expected label ZipCode, got  ([]), file ZipCode.csv:22789 data 64641
    regex_detector_test.go:84: Expected label ZipCode, got  ([]), file ZipCode.csv:22790 data 64642
    regex_detector_test.go:84: Expected label ZipCode, got  ([]), file ZipCode.csv:22791 data 64643
    regex_detector_test.go:84: Expected label ZipCode, got  ([]), file ZipCode.csv:22792 data 64644
    regex_detector_test.go:84: Expected label ZipCode, got  ([]), file ZipCode.csv:22793 data 64645
    regex_detector_test.go:84: Expected label ZipCode, got  ([]), file ZipCode.csv:22794 data 64646
    regex_detector_test.go:84: Expected label ZipCode, got  ([]), file ZipCode.csv:22795 data 64647
    regex_detector_test.go:84: Expected label ZipCode, got  ([]), file ZipCode.csv:22796 data 64648
    regex_detector_test.go:84: Expected label ZipCode, got  ([]), file ZipCode.csv:22797 data 64649
    regex_detector_test.go:84: Expected label ZipCode, got  ([]), file ZipCode.csv:22798 data 64650
    regex_detector_test.go:84: Expected label ZipCode, got  ([]), file ZipCode.csv:22799 data 64651
    regex_detector_test.go:84: Expected label ZipCode, got  ([]), file ZipCode.csv:22800 data 64652
    regex_detector_test.go:84: Expected label ZipCode, got  ([]), file ZipCode.csv:22801 data 64653
    regex_detector_test.go:84: Expected label ZipCode, got  ([]), file ZipCode.csv:22802 data 64654
    regex_detector_test.go:84: Expected label ZipCode, got  ([]), file ZipCode.csv:22803 data 64655
    regex_detector_test.go:84: Expected label ZipCode, got  ([]), file ZipCode.csv:22804 data 64656
    regex_detector_test.go:84: Expected label ZipCode, got  ([]), file ZipCode.csv:22805 data 64657
    regex_detector_test.go:84: Expected label ZipCode, got  ([]), file ZipCode.csv:22806 data 64658
    regex_detector_test.go:84: Expected label ZipCode, got  ([]), file ZipCode.csv:22807 data 64659
    regex_detector_test.go:84: Expected label ZipCode, got  ([]), file ZipCode.csv:22808 data 64660
    regex_detector_test.go:84: Expected label ZipCode, got  ([]), file ZipCode.csv:22809 data 64661
    regex_detector_test.go:84: Expected label ZipCode, got  ([]), file ZipCode.csv:22810 data 64664
    regex_detector_test.go:84: Expected label ZipCode, got  ([]), file ZipCode.csv:22811 data 64667
    regex_detector_test.go:84: Expected label ZipCode, got  ([]), file ZipCode.csv:22812 data 64668
    regex_detector_test.go:84: Expected label ZipCode, got  ([]), file ZipCode.csv:22813 data 64670
    regex_detector_test.go:84: Expected label ZipCode, got  ([]), file ZipCode.csv:22814 data 64671
    regex_detector_test.go:84: Expected label ZipCode, got  ([]), file ZipCode.csv:22815 data 64672
    regex_detector_test.go:84: Expected label ZipCode, got  ([]), file ZipCode.csv:22816 data 64673
    regex_detector_test.go:84: Expected label ZipCode, got  ([]), file ZipCode.csv:22817 data 64674
    regex_detector_test.go:84: Expected label ZipCode, got  ([]), file ZipCode.csv:22818 data 64676
    regex_detector_test.go:84: Expected label ZipCode, got  ([]), file ZipCode.csv:22819 data 64679
    regex_detector_test.go:84: Expected label ZipCode, got  ([]), file ZipCode.csv:22820 data 64681
    regex_detector_test.go:84: Expected label ZipCode, got  ([]), file ZipCode.csv:22821 data 64682
    regex_detector_test.go:84: Expected label ZipCode, got  ([]), file ZipCode.csv:22822 data 64683
    regex_detector_test.go:84: Expected label ZipCode, got  ([]), file ZipCode.csv:22823 data 64686
    regex_detector_test.go:84: Expected label ZipCode, got  ([]), file ZipCode.csv:22824 data 64688
    regex_detector_test.go:84: Expected label ZipCode, got  ([]), file ZipCode.csv:22825 data 64689
    regex_detector_test.go:84: Expected label ZipCode, got  ([]), file ZipCode.csv:22826 data 64701
    regex_detector_test.go:84: Expected label ZipCode, got  ([]), file ZipCode.csv:22827 data 64720
    regex_detector_test.go:84: Expected label ZipCode, got  ([]), file ZipCode.csv:22828 data 64722
    regex_detector_test.go:84: Expected label ZipCode, got  ([]), file ZipCode.csv:22829 data 64723
    regex_detector_test.go:84: Expected label ZipCode, got  ([]), file ZipCode.csv:22830 data 64724
    regex_detector_test.go:84: Expected label ZipCode, got  ([]), file ZipCode.csv:22831 data 64725
    regex_detector_test.go:84: Expected label ZipCode, got  ([]), file ZipCode.csv:22832 data 64726
    regex_detector_test.go:84: Expected label ZipCode, got  ([]), file ZipCode.csv:22833 data 64728
    regex_detector_test.go:84: Expected label ZipCode, got  ([]), file ZipCode.csv:22834 data 64730
    regex_detector_test.go:84: Expected label ZipCode, got  ([]), file ZipCode.csv:22835 data 64733
    regex_detector_test.go:84: Expected label ZipCode, got  ([]), file ZipCode.csv:22836 data 64734
    regex_detector_test.go:84: Expected label ZipCode, got  ([]), file ZipCode.csv:22837 data 64735
    regex_detector_test.go:84: Expected label ZipCode, got  ([]), file ZipCode.csv:22838 data 64738
    regex_detector_test.go:84: Expected label ZipCode, got  ([]), file ZipCode.csv:22839 data 64739
    regex_detector_test.go:84: Expected label ZipCode, got  ([]), file ZipCode.csv:22840 data 64740
    regex_detector_test.go:84: Expected label ZipCode, got  ([]), file ZipCode.csv:22841 data 64741
    regex_detector_test.go:84: Expected label ZipCode, got  ([]), file ZipCode.csv:22842 data 64742
    regex_detector_test.go:84: Expected label ZipCode, got  ([]), file ZipCode.csv:22843 data 64743
    regex_detector_test.go:84: Expected label ZipCode, got  ([]), file ZipCode.csv:22844 data 64744
    regex_detector_test.go:84: Expected label ZipCode, got  ([]), file ZipCode.csv:22845 data 64745
    regex_detector_test.go:84: Expected label ZipCode, got  ([]), file ZipCode.csv:22846 data 64746
    regex_detector_test.go:84: Expected label ZipCode, got  ([]), file ZipCode.csv:22847 data 64747
    regex_detector_test.go:84: Expected label ZipCode, got  ([]), file ZipCode.csv:22848 data 64748
    regex_detector_test.go:84: Expected label ZipCode, got  ([]), file ZipCode.csv:22849 data 64750
    regex_detector_test.go:84: Expected label ZipCode, got  ([]), file ZipCode.csv:22850 data 64752
    regex_detector_test.go:84: Expected label ZipCode, got  ([]), file ZipCode.csv:22851 data 64755
    regex_detector_test.go:84: Expected label ZipCode, got  ([]), file ZipCode.csv:22852 data 64756
    regex_detector_test.go:84: Expected label ZipCode, got  ([]), file ZipCode.csv:22853 data 64759
    regex_detector_test.go:84: Expected label ZipCode, got  ([]), file ZipCode.csv:22854 data 64761
    regex_detector_test.go:84: Expected label ZipCode, got  ([]), file ZipCode.csv:22855 data 64762
    regex_detector_test.go:84: Expected label ZipCode, got  ([]), file ZipCode.csv:22856 data 64763
    regex_detector_test.go:84: Expected label ZipCode, got  ([]), file ZipCode.csv:22857 data 64765
    regex_detector_test.go:84: Expected label ZipCode, got  ([]), file ZipCode.csv:22858 data 64767
    regex_detector_test.go:84: Expected label ZipCode, got  ([]), file ZipCode.csv:22859 data 64769
    regex_detector_test.go:84: Expected label ZipCode, got  ([]), file ZipCode.csv:22860 data 64770
    regex_detector_test.go:84: Expected label ZipCode, got  ([]), file ZipCode.csv:22861 data 64771
    regex_detector_test.go:84: Expected label ZipCode, got  ([]), file ZipCode.csv:22862 data 64772
    regex_detector_test.go:84: Expected label ZipCode, got  ([]), file ZipCode.csv:22863 data 64776
    regex_detector_test.go:84: Expected label ZipCode, got  ([]), file ZipCode.csv:22864 data 64778
    regex_detector_test.go:84: Expected label ZipCode, got  ([]), file ZipCode.csv:22865 data 64779
    regex_detector_test.go:84: Expected label ZipCode, got  ([]), file ZipCode.csv:22866 data 64780
    regex_detector_test.go:84: Expected label ZipCode, got  ([]), file ZipCode.csv:22867 data 64781
    regex_detector_test.go:84: Expected label ZipCode, got  ([]), file ZipCode.csv:22868 data 64783
    regex_detector_test.go:84: Expected label ZipCode, got  ([]), file ZipCode.csv:22869 data 64784
    regex_detector_test.go:84: Expected label ZipCode, got  ([]), file ZipCode.csv:22870 data 64788
    regex_detector_test.go:84: Expected label ZipCode, got  ([]), file ZipCode.csv:22871 data 64790
    regex_detector_test.go:84: Expected label ZipCode, got  ([]), file ZipCode.csv:22872 data 64801
    regex_detector_test.go:84: Expected label ZipCode, got  ([]), file ZipCode.csv:22873 data 64804
    regex_detector_test.go:84: Expected label ZipCode, got  ([]), file ZipCode.csv:22874 data 64830
    regex_detector_test.go:84: Expected label ZipCode, got  ([]), file ZipCode.csv:22875 data 64831
    regex_detector_test.go:84: Expected label ZipCode, got  ([]), file ZipCode.csv:22876 data 64832
    regex_detector_test.go:84: Expected label ZipCode, got  ([]), file ZipCode.csv:22877 data 64833
    regex_detector_test.go:84: Expected label ZipCode, got  ([]), file ZipCode.csv:22878 data 64834
    regex_detector_test.go:84: Expected label ZipCode, got  ([]), file ZipCode.csv:22879 data 64835
    regex_detector_test.go:84: Expected label ZipCode, got  ([]), file ZipCode.csv:22880 data 64836
    regex_detector_test.go:84: Expected label ZipCode, got  ([]), file ZipCode.csv:22881 data 64840
    regex_detector_test.go:84: Expected label ZipCode, got  ([]), file ZipCode.csv:22882 data 64841
    regex_detector_test.go:84: Expected label ZipCode, got  ([]), file ZipCode.csv:22883 data 64842
    regex_detector_test.go:84: Expected label ZipCode, got  ([]), file ZipCode.csv:22884 data 64843
    regex_detector_test.go:84: Expected label ZipCode, got  ([]), file ZipCode.csv:22885 data 64844
    regex_detector_test.go:84: Expected label ZipCode, got  ([]), file ZipCode.csv:22886 data 64847
    regex_detector_test.go:84: Expected label ZipCode, got  ([]), file ZipCode.csv:22887 data 64848
    regex_detector_test.go:84: Expected label ZipCode, got  ([]), file ZipCode.csv:22888 data 64849
    regex_detector_test.go:84: Expected label ZipCode, got  ([]), file ZipCode.csv:22889 data 64850
    regex_detector_test.go:84: Expected label ZipCode, got  ([]), file ZipCode.csv:22890 data 64854
    regex_detector_test.go:84: Expected label ZipCode, got  ([]), file ZipCode.csv:22891 data 64855
    regex_detector_test.go:84: Expected label ZipCode, got  ([]), file ZipCode.csv:22892 data 64856
    regex_detector_test.go:84: Expected label ZipCode, got  ([]), file ZipCode.csv:22893 data 64857
    regex_detector_test.go:84: Expected label ZipCode, got  ([]), file ZipCode.csv:22894 data 64858
    regex_detector_test.go:84: Expected label ZipCode, got  ([]), file ZipCode.csv:22895 data 64859
    regex_detector_test.go:84: Expected label ZipCode, got  ([]), file ZipCode.csv:22896 data 64861
    regex_detector_test.go:84: Expected label ZipCode, got  ([]), file ZipCode.csv:22897 data 64862
    regex_detector_test.go:84: Expected label ZipCode, got  ([]), file ZipCode.csv:22898 data 64863
    regex_detector_test.go:84: Expected label ZipCode, got  ([]), file ZipCode.csv:22899 data 64865
    regex_detector_test.go:84: Expected label ZipCode, got  ([]), file ZipCode.csv:22900 data 64866
    regex_detector_test.go:84: Expected label ZipCode, got  ([]), file ZipCode.csv:22901 data 64867
    regex_detector_test.go:84: Expected label ZipCode, got  ([]), file ZipCode.csv:22902 data 64868
    regex_detector_test.go:84: Expected label ZipCode, got  ([]), file ZipCode.csv:22903 data 64870
    regex_detector_test.go:84: Expected label ZipCode, got  ([]), file ZipCode.csv:22904 data 64873
    regex_detector_test.go:84: Expected label ZipCode, got  ([]), file ZipCode.csv:22905 data 64874
    regex_detector_test.go:84: Expected label ZipCode, got  ([]), file ZipCode.csv:22906 data 65001
    regex_detector_test.go:84: Expected label ZipCode, got  ([]), file ZipCode.csv:22907 data 65010
    regex_detector_test.go:84: Expected label ZipCode, got  ([]), file ZipCode.csv:22908 data 65011
    regex_detector_test.go:84: Expected label ZipCode, got  ([]), file ZipCode.csv:22909 data 65013
    regex_detector_test.go:84: Expected label ZipCode, got  ([]), file ZipCode.csv:22910 data 65014
    regex_detector_test.go:84: Expected label ZipCode, got  ([]), file ZipCode.csv:22911 data 65016
    regex_detector_test.go:84: Expected label ZipCode, got  ([]), file ZipCode.csv:22912 data 65017
    regex_detector_test.go:84: Expected label ZipCode, got  ([]), file ZipCode.csv:22913 data 65018
    regex_detector_test.go:84: Expected label ZipCode, got  ([]), file ZipCode.csv:22914 data 65020
    regex_detector_test.go:84: Expected label ZipCode, got  ([]), file ZipCode.csv:22915 data 65023
    regex_detector_test.go:84: Expected label ZipCode, got  ([]), file ZipCode.csv:22916 data 65024
    regex_detector_test.go:84: Expected label ZipCode, got  ([]), file ZipCode.csv:22917 data 65025
    regex_detector_test.go:84: Expected label ZipCode, got  ([]), file ZipCode.csv:22918 data 65026
    regex_detector_test.go:84: Expected label ZipCode, got  ([]), file ZipCode.csv:22919 data 65032
    regex_detector_test.go:84: Expected label ZipCode, got  ([]), file ZipCode.csv:22920 data 65034
    regex_detector_test.go:84: Expected label ZipCode, got  ([]), file ZipCode.csv:22921 data 65035
    regex_detector_test.go:84: Expected label ZipCode, got  ([]), file ZipCode.csv:22922 data 65037
    regex_detector_test.go:84: Expected label ZipCode, got  ([]), file ZipCode.csv:22923 data 65039
    regex_detector_test.go:84: Expected label ZipCode, got  ([]), file ZipCode.csv:22924 data 65040
    regex_detector_test.go:84: Expected label ZipCode, got  ([]), file ZipCode.csv:22925 data 65041
    regex_detector_test.go:84: Expected label ZipCode, got  ([]), file ZipCode.csv:22926 data 65043
    regex_detector_test.go:84: Expected label ZipCode, got  ([]), file ZipCode.csv:22927 data 65046
    regex_detector_test.go:84: Expected label ZipCode, got  ([]), file ZipCode.csv:22928 data 65047
    regex_detector_test.go:84: Expected label ZipCode, got  ([]), file ZipCode.csv:22929 data 65048
    regex_detector_test.go:84: Expected label ZipCode, got  ([]), file ZipCode.csv:22930 data 65049
    regex_detector_test.go:84: Expected label ZipCode, got  ([]), file ZipCode.csv:22931 data 65050
    regex_detector_test.go:84: Expected label ZipCode, got  ([]), file ZipCode.csv:22932 data 65051
    regex_detector_test.go:84: Expected label ZipCode, got  ([]), file ZipCode.csv:22933 data 65052
    regex_detector_test.go:84: Expected label ZipCode, got  ([]), file ZipCode.csv:22934 data 65053
    regex_detector_test.go:84: Expected label ZipCode, got  ([]), file ZipCode.csv:22935 data 65054
    regex_detector_test.go:84: Expected label ZipCode, got  ([]), file ZipCode.csv:22936 data 65058
    regex_detector_test.go:84: Expected label ZipCode, got  ([]), file ZipCode.csv:22937 data 65059
    regex_detector_test.go:84: Expected label ZipCode, got  ([]), file ZipCode.csv:22938 data 65061
    regex_detector_test.go:84: Expected label ZipCode, got  ([]), file ZipCode.csv:22939 data 65062
    regex_detector_test.go:84: Expected label ZipCode, got  ([]), file ZipCode.csv:22940 data 65063
    regex_detector_test.go:84: Expected label ZipCode, got  ([]), file ZipCode.csv:22941 data 65064
    regex_detector_test.go:84: Expected label ZipCode, got  ([]), file ZipCode.csv:22942 data 65065
    regex_detector_test.go:84: Expected label ZipCode, got  ([]), file ZipCode.csv:22943 data 65066
    regex_detector_test.go:84: Expected label ZipCode, got  ([]), file ZipCode.csv:22944 data 65067
    regex_detector_test.go:84: Expected label ZipCode, got  ([]), file ZipCode.csv:22945 data 65068
    regex_detector_test.go:84: Expected label ZipCode, got  ([]), file ZipCode.csv:22946 data 65069
    regex_detector_test.go:84: Expected label ZipCode, got  ([]), file ZipCode.csv:22947 data 65072
    regex_detector_test.go:84: Expected label ZipCode, got  ([]), file ZipCode.csv:22948 data 65074
    regex_detector_test.go:84: Expected label ZipCode, got  ([]), file ZipCode.csv:22949 data 65075
    regex_detector_test.go:84: Expected label ZipCode, got  ([]), file ZipCode.csv:22950 data 65076
    regex_detector_test.go:84: Expected label ZipCode, got  ([]), file ZipCode.csv:22951 data 65077
    regex_detector_test.go:84: Expected label ZipCode, got  ([]), file ZipCode.csv:22952 data 65078
    regex_detector_test.go:84: Expected label ZipCode, got  ([]), file ZipCode.csv:22953 data 65079
    regex_detector_test.go:84: Expected label ZipCode, got  ([]), file ZipCode.csv:22954 data 65080
    regex_detector_test.go:84: Expected label ZipCode, got  ([]), file ZipCode.csv:22955 data 65081
    regex_detector_test.go:84: Expected label ZipCode, got  ([]), file ZipCode.csv:22956 data 65082
    regex_detector_test.go:84: Expected label ZipCode, got  ([]), file ZipCode.csv:22957 data 65083
    regex_detector_test.go:84: Expected label ZipCode, got  ([]), file ZipCode.csv:22958 data 65084
    regex_detector_test.go:84: Expected label ZipCode, got  ([]), file ZipCode.csv:22959 data 65085
    regex_detector_test.go:84: Expected label ZipCode, got  ([]), file ZipCode.csv:22960 data 65101
    regex_detector_test.go:84: Expected label ZipCode, got  ([]), file ZipCode.csv:22961 data 65109
    regex_detector_test.go:84: Expected label ZipCode, got  ([]), file ZipCode.csv:22962 data 65201
    regex_detector_test.go:84: Expected label ZipCode, got  ([]), file ZipCode.csv:22963 data 65202
    regex_detector_test.go:84: Expected label ZipCode, got  ([]), file ZipCode.csv:22964 data 65203
    regex_detector_test.go:84: Expected label ZipCode, got  ([]), file ZipCode.csv:22965 data 65215
    regex_detector_test.go:84: Expected label ZipCode, got  ([]), file ZipCode.csv:22966 data 65216
    regex_detector_test.go:84: Expected label ZipCode, got  ([]), file ZipCode.csv:22967 data 65230
    regex_detector_test.go:84: Expected label ZipCode, got  ([]), file ZipCode.csv:22968 data 65231
    regex_detector_test.go:84: Expected label ZipCode, got  ([]), file ZipCode.csv:22969 data 65232
    regex_detector_test.go:84: Expected label ZipCode, got  ([]), file ZipCode.csv:22970 data 65233
    regex_detector_test.go:84: Expected label ZipCode, got  ([]), file ZipCode.csv:22971 data 65236
    regex_detector_test.go:84: Expected label ZipCode, got  ([]), file ZipCode.csv:22972 data 65237
    regex_detector_test.go:84: Expected label ZipCode, got  ([]), file ZipCode.csv:22973 data 65239
    regex_detector_test.go:84: Expected label ZipCode, got  ([]), file ZipCode.csv:22974 data 65240
    regex_detector_test.go:84: Expected label ZipCode, got  ([]), file ZipCode.csv:22975 data 65243
    regex_detector_test.go:84: Expected label ZipCode, got  ([]), file ZipCode.csv:22976 data 65244
    regex_detector_test.go:84: Expected label ZipCode, got  ([]), file ZipCode.csv:22977 data 65246
    regex_detector_test.go:84: Expected label ZipCode, got  ([]), file ZipCode.csv:22978 data 65247
    regex_detector_test.go:84: Expected label ZipCode, got  ([]), file ZipCode.csv:22979 data 65248
    regex_detector_test.go:84: Expected label ZipCode, got  ([]), file ZipCode.csv:22980 data 65250
    regex_detector_test.go:84: Expected label ZipCode, got  ([]), file ZipCode.csv:22981 data 65251
    regex_detector_test.go:84: Expected label ZipCode, got  ([]), file ZipCode.csv:22982 data 65254
    regex_detector_test.go:84: Expected label ZipCode, got  ([]), file ZipCode.csv:22983 data 65255
    regex_detector_test.go:84: Expected label ZipCode, got  ([]), file ZipCode.csv:22984 data 65256
    regex_detector_test.go:84: Expected label ZipCode, got  ([]), file ZipCode.csv:22985 data 65257
    regex_detector_test.go:84: Expected label ZipCode, got  ([]), file ZipCode.csv:22986 data 65258
    regex_detector_test.go:84: Expected label ZipCode, got  ([]), file ZipCode.csv:22987 data 65259
    regex_detector_test.go:84: Expected label ZipCode, got  ([]), file ZipCode.csv:22988 data 65260
    regex_detector_test.go:84: Expected label ZipCode, got  ([]), file ZipCode.csv:22989 data 65261
    regex_detector_test.go:84: Expected label ZipCode, got  ([]), file ZipCode.csv:22990 data 65262
    regex_detector_test.go:84: Expected label ZipCode, got  ([]), file ZipCode.csv:22991 data 65263
    regex_detector_test.go:84: Expected label ZipCode, got  ([]), file ZipCode.csv:22992 data 65264
    regex_detector_test.go:84: Expected label ZipCode, got  ([]), file ZipCode.csv:22993 data 65265
    regex_detector_test.go:84: Expected label ZipCode, got  ([]), file ZipCode.csv:22994 data 65270
    regex_detector_test.go:84: Expected label ZipCode, got  ([]), file ZipCode.csv:22995 data 65274
    regex_detector_test.go:84: Expected label ZipCode, got  ([]), file ZipCode.csv:22996 data 65275
    regex_detector_test.go:84: Expected label ZipCode, got  ([]), file ZipCode.csv:22997 data 65276
    regex_detector_test.go:84: Expected label ZipCode, got  ([]), file ZipCode.csv:22998 data 65278
    regex_detector_test.go:84: Expected label ZipCode, got  ([]), file ZipCode.csv:22999 data 65279
    regex_detector_test.go:84: Expected label ZipCode, got  ([]), file ZipCode.csv:23000 data 65280
    regex_detector_test.go:84: Expected label ZipCode, got  ([]), file ZipCode.csv:23001 data 65281
    regex_detector_test.go:84: Expected label ZipCode, got  ([]), file ZipCode.csv:23002 data 65282
    regex_detector_test.go:84: Expected label ZipCode, got  ([]), file ZipCode.csv:23003 data 65283
    regex_detector_test.go:84: Expected label ZipCode, got  ([]), file ZipCode.csv:23004 data 65284
    regex_detector_test.go:84: Expected label ZipCode, got  ([]), file ZipCode.csv:23005 data 65285
    regex_detector_test.go:84: Expected label ZipCode, got  ([]), file ZipCode.csv:23006 data 65286
    regex_detector_test.go:84: Expected label ZipCode, got  ([]), file ZipCode.csv:23007 data 65287
    regex_detector_test.go:84: Expected label ZipCode, got  ([]), file ZipCode.csv:23008 data 65301
    regex_detector_test.go:84: Expected label ZipCode, got  ([]), file ZipCode.csv:23009 data 65305
    regex_detector_test.go:84: Expected label ZipCode, got  ([]), file ZipCode.csv:23010 data 65320
    regex_detector_test.go:84: Expected label ZipCode, got  ([]), file ZipCode.csv:23011 data 65321
    regex_detector_test.go:84: Expected label ZipCode, got  ([]), file ZipCode.csv:23012 data 65322
    regex_detector_test.go:84: Expected label ZipCode, got  ([]), file ZipCode.csv:23013 data 65323
    regex_detector_test.go:84: Expected label ZipCode, got  ([]), file ZipCode.csv:23014 data 65324
    regex_detector_test.go:84: Expected label ZipCode, got  ([]), file ZipCode.csv:23015 data 65325
    regex_detector_test.go:84: Expected label ZipCode, got  ([]), file ZipCode.csv:23016 data 65326
    regex_detector_test.go:84: Expected label ZipCode, got  ([]), file ZipCode.csv:23017 data 65327
    regex_detector_test.go:84: Expected label ZipCode, got  ([]), file ZipCode.csv:23018 data 65329
    regex_detector_test.go:84: Expected label ZipCode, got  ([]), file ZipCode.csv:23019 data 65330
    regex_detector_test.go:84: Expected label ZipCode, got  ([]), file ZipCode.csv:23020 data 65332
    regex_detector_test.go:84: Expected label ZipCode, got  ([]), file ZipCode.csv:23021 data 65333
    regex_detector_test.go:84: Expected label ZipCode, got  ([]), file ZipCode.csv:23022 data 65334
    regex_detector_test.go:84: Expected label ZipCode, got  ([]), file ZipCode.csv:23023 data 65335
    regex_detector_test.go:84: Expected label ZipCode, got  ([]), file ZipCode.csv:23024 data 65336
    regex_detector_test.go:84: Expected label ZipCode, got  ([]), file ZipCode.csv:23025 data 65337
    regex_detector_test.go:84: Expected label ZipCode, got  ([]), file ZipCode.csv:23026 data 65338
    regex_detector_test.go:84: Expected label ZipCode, got  ([]), file ZipCode.csv:23027 data 65339
    regex_detector_test.go:84: Expected label ZipCode, got  ([]), file ZipCode.csv:23028 data 65340
    regex_detector_test.go:84: Expected label ZipCode, got  ([]), file ZipCode.csv:23029 data 65344
    regex_detector_test.go:84: Expected label ZipCode, got  ([]), file ZipCode.csv:23030 data 65345
    regex_detector_test.go:84: Expected label ZipCode, got  ([]), file ZipCode.csv:23031 data 65347
    regex_detector_test.go:84: Expected label ZipCode, got  ([]), file ZipCode.csv:23032 data 65348
    regex_detector_test.go:84: Expected label ZipCode, got  ([]), file ZipCode.csv:23033 data 65349
    regex_detector_test.go:84: Expected label ZipCode, got  ([]), file ZipCode.csv:23034 data 65350
    regex_detector_test.go:84: Expected label ZipCode, got  ([]), file ZipCode.csv:23035 data 65351
    regex_detector_test.go:84: Expected label ZipCode, got  ([]), file ZipCode.csv:23036 data 65354
    regex_detector_test.go:84: Expected label ZipCode, got  ([]), file ZipCode.csv:23037 data 65355
    regex_detector_test.go:84: Expected label ZipCode, got  ([]), file ZipCode.csv:23038 data 65360
    regex_detector_test.go:84: Expected label ZipCode, got  ([]), file ZipCode.csv:23039 data 65401
    regex_detector_test.go:84: Expected label ZipCode, got  ([]), file ZipCode.csv:23040 data 65409
    regex_detector_test.go:84: Expected label ZipCode, got  ([]), file ZipCode.csv:23041 data 65436
    regex_detector_test.go:84: Expected label ZipCode, got  ([]), file ZipCode.csv:23042 data 65438
    regex_detector_test.go:84: Expected label ZipCode, got  ([]), file ZipCode.csv:23043 data 65439
    regex_detector_test.go:84: Expected label ZipCode, got  ([]), file ZipCode.csv:23044 data 65440
    regex_detector_test.go:84: Expected label ZipCode, got  ([]), file ZipCode.csv:23045 data 65441
    regex_detector_test.go:84: Expected label ZipCode, got  ([]), file ZipCode.csv:23046 data 65443
    regex_detector_test.go:84: Expected label ZipCode, got  ([]), file ZipCode.csv:23047 data 65444
    regex_detector_test.go:84: Expected label ZipCode, got  ([]), file ZipCode.csv:23048 data 65446
    regex_detector_test.go:84: Expected label ZipCode, got  ([]), file ZipCode.csv:23049 data 65449
    regex_detector_test.go:84: Expected label ZipCode, got  ([]), file ZipCode.csv:23050 data 65452
    regex_detector_test.go:84: Expected label ZipCode, got  ([]), file ZipCode.csv:23051 data 65453
    regex_detector_test.go:84: Expected label ZipCode, got  ([]), file ZipCode.csv:23052 data 65456
    regex_detector_test.go:84: Expected label ZipCode, got  ([]), file ZipCode.csv:23053 data 65457
    regex_detector_test.go:84: Expected label ZipCode, got  ([]), file ZipCode.csv:23054 data 65459
    regex_detector_test.go:84: Expected label ZipCode, got  ([]), file ZipCode.csv:23055 data 65461
    regex_detector_test.go:84: Expected label ZipCode, got  ([]), file ZipCode.csv:23056 data 65462
    regex_detector_test.go:84: Expected label ZipCode, got  ([]), file ZipCode.csv:23057 data 65463
    regex_detector_test.go:84: Expected label ZipCode, got  ([]), file ZipCode.csv:23058 data 65464
    regex_detector_test.go:84: Expected label ZipCode, got  ([]), file ZipCode.csv:23059 data 65466
    regex_detector_test.go:84: Expected label ZipCode, got  ([]), file ZipCode.csv:23060 data 65468
    regex_detector_test.go:84: Expected label ZipCode, got  ([]), file ZipCode.csv:23061 data 65470
    regex_detector_test.go:84: Expected label ZipCode, got  ([]), file ZipCode.csv:23062 data 65473
    regex_detector_test.go:84: Expected label ZipCode, got  ([]), file ZipCode.csv:23063 data 65479
    regex_detector_test.go:84: Expected label ZipCode, got  ([]), file ZipCode.csv:23064 data 65483
    regex_detector_test.go:84: Expected label ZipCode, got  ([]), file ZipCode.csv:23065 data 65484
    regex_detector_test.go:84: Expected label ZipCode, got  ([]), file ZipCode.csv:23066 data 65486
    regex_detector_test.go:84: Expected label ZipCode, got  ([]), file ZipCode.csv:23067 data 65501
    regex_detector_test.go:84: Expected label ZipCode, got  ([]), file ZipCode.csv:23068 data 65529
    regex_detector_test.go:84: Expected label ZipCode, got  ([]), file ZipCode.csv:23069 data 65534
    regex_detector_test.go:84: Expected label ZipCode, got  ([]), file ZipCode.csv:23070 data 65535
    regex_detector_test.go:84: Expected label ZipCode, got  ([]), file ZipCode.csv:23071 data 65536
    regex_detector_test.go:84: Expected label ZipCode, got  ([]), file ZipCode.csv:23072 data 65541
    regex_detector_test.go:84: Expected label ZipCode, got  ([]), file ZipCode.csv:23073 data 65542
    regex_detector_test.go:84: Expected label ZipCode, got  ([]), file ZipCode.csv:23074 data 65543
    regex_detector_test.go:84: Expected label ZipCode, got  ([]), file ZipCode.csv:23075 data 65548
    regex_detector_test.go:84: Expected label ZipCode, got  ([]), file ZipCode.csv:23076 data 65550
    regex_detector_test.go:84: Expected label ZipCode, got  ([]), file ZipCode.csv:23077 data 65552
    regex_detector_test.go:84: Expected label ZipCode, got  ([]), file ZipCode.csv:23078 data 65555
    regex_detector_test.go:84: Expected label ZipCode, got  ([]), file ZipCode.csv:23079 data 65556
    regex_detector_test.go:84: Expected label ZipCode, got  ([]), file ZipCode.csv:23080 data 65557
    regex_detector_test.go:84: Expected label ZipCode, got  ([]), file ZipCode.csv:23081 data 65559
    regex_detector_test.go:84: Expected label ZipCode, got  ([]), file ZipCode.csv:23082 data 65560
    regex_detector_test.go:84: Expected label ZipCode, got  ([]), file ZipCode.csv:23083 data 65564
    regex_detector_test.go:84: Expected label ZipCode, got  ([]), file ZipCode.csv:23084 data 65565
    regex_detector_test.go:84: Expected label ZipCode, got  ([]), file ZipCode.csv:23085 data 65566
    regex_detector_test.go:84: Expected label ZipCode, got  ([]), file ZipCode.csv:23086 data 65567
    regex_detector_test.go:84: Expected label ZipCode, got  ([]), file ZipCode.csv:23087 data 65570
    regex_detector_test.go:84: Expected label ZipCode, got  ([]), file ZipCode.csv:23088 data 65571
    regex_detector_test.go:84: Expected label ZipCode, got  ([]), file ZipCode.csv:23089 data 65580
    regex_detector_test.go:84: Expected label ZipCode, got  ([]), file ZipCode.csv:23090 data 65582
    regex_detector_test.go:84: Expected label ZipCode, got  ([]), file ZipCode.csv:23091 data 65583
    regex_detector_test.go:84: Expected label ZipCode, got  ([]), file ZipCode.csv:23092 data 65584
    regex_detector_test.go:84: Expected label ZipCode, got  ([]), file ZipCode.csv:23093 data 65586
    regex_detector_test.go:84: Expected label ZipCode, got  ([]), file ZipCode.csv:23094 data 65588
    regex_detector_test.go:84: Expected label ZipCode, got  ([]), file ZipCode.csv:23095 data 65589
    regex_detector_test.go:84: Expected label ZipCode, got  ([]), file ZipCode.csv:23096 data 65590
    regex_detector_test.go:84: Expected label ZipCode, got  ([]), file ZipCode.csv:23097 data 65591
    regex_detector_test.go:84: Expected label ZipCode, got  ([]), file ZipCode.csv:23098 data 65601
    regex_detector_test.go:84: Expected label ZipCode, got  ([]), file ZipCode.csv:23099 data 65603
    regex_detector_test.go:84: Expected label ZipCode, got  ([]), file ZipCode.csv:23100 data 65604
    regex_detector_test.go:84: Expected label ZipCode, got  ([]), file ZipCode.csv:23101 data 65605
    regex_detector_test.go:84: Expected label ZipCode, got  ([]), file ZipCode.csv:23102 data 65606
    regex_detector_test.go:84: Expected label ZipCode, got  ([]), file ZipCode.csv:23103 data 65608
    regex_detector_test.go:84: Expected label ZipCode, got  ([]), file ZipCode.csv:23104 data 65609
    regex_detector_test.go:84: Expected label ZipCode, got  ([]), file ZipCode.csv:23105 data 65610
    regex_detector_test.go:84: Expected label ZipCode, got  ([]), file ZipCode.csv:23106 data 65611
    regex_detector_test.go:84: Expected label ZipCode, got  ([]), file ZipCode.csv:23107 data 65612
    regex_detector_test.go:84: Expected label ZipCode, got  ([]), file ZipCode.csv:23108 data 65613
    regex_detector_test.go:84: Expected label ZipCode, got  ([]), file ZipCode.csv:23109 data 65614
    regex_detector_test.go:84: Expected label ZipCode, got  ([]), file ZipCode.csv:23110 data 65616
    regex_detector_test.go:84: Expected label ZipCode, got  ([]), file ZipCode.csv:23111 data 65617
    regex_detector_test.go:84: Expected label ZipCode, got  ([]), file ZipCode.csv:23112 data 65618
    regex_detector_test.go:84: Expected label ZipCode, got  ([]), file ZipCode.csv:23113 data 65619
    regex_detector_test.go:84: Expected label ZipCode, got  ([]), file ZipCode.csv:23114 data 65620
    regex_detector_test.go:84: Expected label ZipCode, got  ([]), file ZipCode.csv:23115 data 65622
    regex_detector_test.go:84: Expected label ZipCode, got  ([]), file ZipCode.csv:23116 data 65623
    regex_detector_test.go:84: Expected label ZipCode, got  ([]), file ZipCode.csv:23117 data 65624
    regex_detector_test.go:84: Expected label ZipCode, got  ([]), file ZipCode.csv:23118 data 65625
    regex_detector_test.go:84: Expected label ZipCode, got  ([]), file ZipCode.csv:23119 data 65626
    regex_detector_test.go:84: Expected label ZipCode, got  ([]), file ZipCode.csv:23120 data 65627
    regex_detector_test.go:84: Expected label ZipCode, got  ([]), file ZipCode.csv:23121 data 65629
    regex_detector_test.go:84: Expected label ZipCode, got  ([]), file ZipCode.csv:23122 data 65630
    regex_detector_test.go:84: Expected label ZipCode, got  ([]), file ZipCode.csv:23123 data 65631
    regex_detector_test.go:84: Expected label ZipCode, got  ([]), file ZipCode.csv:23124 data 65632
    regex_detector_test.go:84: Expected label ZipCode, got  ([]), file ZipCode.csv:23125 data 65633
    regex_detector_test.go:84: Expected label ZipCode, got  ([]), file ZipCode.csv:23126 data 65634
    regex_detector_test.go:84: Expected label ZipCode, got  ([]), file ZipCode.csv:23127 data 65635
    regex_detector_test.go:84: Expected label ZipCode, got  ([]), file ZipCode.csv:23128 data 65637
    regex_detector_test.go:84: Expected label ZipCode, got  ([]), file ZipCode.csv:23129 data 65638
    regex_detector_test.go:84: Expected label ZipCode, got  ([]), file ZipCode.csv:23130 data 65640
    regex_detector_test.go:84: Expected label ZipCode, got  ([]), file ZipCode.csv:23131 data 65641
    regex_detector_test.go:84: Expected label ZipCode, got  ([]), file ZipCode.csv:23132 data 65644
    regex_detector_test.go:84: Expected label ZipCode, got  ([]), file ZipCode.csv:23133 data 65646
    regex_detector_test.go:84: Expected label ZipCode, got  ([]), file ZipCode.csv:23134 data 65647
    regex_detector_test.go:84: Expected label ZipCode, got  ([]), file ZipCode.csv:23135 data 65648
    regex_detector_test.go:84: Expected label ZipCode, got  ([]), file ZipCode.csv:23136 data 65649
    regex_detector_test.go:84: Expected label ZipCode, got  ([]), file ZipCode.csv:23137 data 65650
    regex_detector_test.go:84: Expected label ZipCode, got  ([]), file ZipCode.csv:23138 data 65652
    regex_detector_test.go:84: Expected label ZipCode, got  ([]), file ZipCode.csv:23139 data 65653
    regex_detector_test.go:84: Expected label ZipCode, got  ([]), file ZipCode.csv:23140 data 65654
    regex_detector_test.go:84: Expected label ZipCode, got  ([]), file ZipCode.csv:23141 data 65655
    regex_detector_test.go:84: Expected label ZipCode, got  ([]), file ZipCode.csv:23142 data 65656
    regex_detector_test.go:84: Expected label ZipCode, got  ([]), file ZipCode.csv:23143 data 65657
    regex_detector_test.go:84: Expected label ZipCode, got  ([]), file ZipCode.csv:23144 data 65658
    regex_detector_test.go:84: Expected label ZipCode, got  ([]), file ZipCode.csv:23145 data 65660
    regex_detector_test.go:84: Expected label ZipCode, got  ([]), file ZipCode.csv:23146 data 65661
    regex_detector_test.go:84: Expected label ZipCode, got  ([]), file ZipCode.csv:23147 data 65662
    regex_detector_test.go:84: Expected label ZipCode, got  ([]), file ZipCode.csv:23148 data 65663
    regex_detector_test.go:84: Expected label ZipCode, got  ([]), file ZipCode.csv:23149 data 65664
    regex_detector_test.go:84: Expected label ZipCode, got  ([]), file ZipCode.csv:23150 data 65666
    regex_detector_test.go:84: Expected label ZipCode, got  ([]), file ZipCode.csv:23151 data 65667
    regex_detector_test.go:84: Expected label ZipCode, got  ([]), file ZipCode.csv:23152 data 65668
    regex_detector_test.go:84: Expected label ZipCode, got  ([]), file ZipCode.csv:23153 data 65669
    regex_detector_test.go:84: Expected label ZipCode, got  ([]), file ZipCode.csv:23154 data 65672
    regex_detector_test.go:84: Expected label ZipCode, got  ([]), file ZipCode.csv:23155 data 65674
    regex_detector_test.go:84: Expected label ZipCode, got  ([]), file ZipCode.csv:23156 data 65675
    regex_detector_test.go:84: Expected label ZipCode, got  ([]), file ZipCode.csv:23157 data 65676
    regex_detector_test.go:84: Expected label ZipCode, got  ([]), file ZipCode.csv:23158 data 65679
    regex_detector_test.go:84: Expected label ZipCode, got  ([]), file ZipCode.csv:23159 data 65680
    regex_detector_test.go:84: Expected label ZipCode, got  ([]), file ZipCode.csv:23160 data 65681
    regex_detector_test.go:84: Expected label ZipCode, got  ([]), file ZipCode.csv:23161 data 65682
    regex_detector_test.go:84: Expected label ZipCode, got  ([]), file ZipCode.csv:23162 data 65685
    regex_detector_test.go:84: Expected label ZipCode, got  ([]), file ZipCode.csv:23163 data 65686
    regex_detector_test.go:84: Expected label ZipCode, got  ([]), file ZipCode.csv:23164 data 65688
    regex_detector_test.go:84: Expected label ZipCode, got  ([]), file ZipCode.csv:23165 data 65689
    regex_detector_test.go:84: Expected label ZipCode, got  ([]), file ZipCode.csv:23166 data 65690
    regex_detector_test.go:84: Expected label ZipCode, got  ([]), file ZipCode.csv:23167 data 65692
    regex_detector_test.go:84: Expected label ZipCode, got  ([]), file ZipCode.csv:23168 data 65702
    regex_detector_test.go:84: Expected label ZipCode, got  ([]), file ZipCode.csv:23169 data 65704
    regex_detector_test.go:84: Expected label ZipCode, got  ([]), file ZipCode.csv:23170 data 65705
    regex_detector_test.go:84: Expected label ZipCode, got  ([]), file ZipCode.csv:23171 data 65706
    regex_detector_test.go:84: Expected label ZipCode, got  ([]), file ZipCode.csv:23172 data 65707
    regex_detector_test.go:84: Expected label ZipCode, got  ([]), file ZipCode.csv:23173 data 65708
    regex_detector_test.go:84: Expected label ZipCode, got  ([]), file ZipCode.csv:23174 data 65710
    regex_detector_test.go:84: Expected label ZipCode, got  ([]), file ZipCode.csv:23175 data 65711
    regex_detector_test.go:84: Expected label ZipCode, got  ([]), file ZipCode.csv:23176 data 65712
    regex_detector_test.go:84: Expected label ZipCode, got  ([]), file ZipCode.csv:23177 data 65713
    regex_detector_test.go:84: Expected label ZipCode, got  ([]), file ZipCode.csv:23178 data 65714
    regex_detector_test.go:84: Expected label ZipCode, got  ([]), file ZipCode.csv:23179 data 65715
    regex_detector_test.go:84: Expected label ZipCode, got  ([]), file ZipCode.csv:23180 data 65717
    regex_detector_test.go:84: Expected label ZipCode, got  ([]), file ZipCode.csv:23181 data 65720
    regex_detector_test.go:84: Expected label ZipCode, got  ([]), file ZipCode.csv:23182 data 65721
    regex_detector_test.go:84: Expected label ZipCode, got  ([]), file ZipCode.csv:23183 data 65722
    regex_detector_test.go:84: Expected label ZipCode, got  ([]), file ZipCode.csv:23184 data 65723
    regex_detector_test.go:84: Expected label ZipCode, got  ([]), file ZipCode.csv:23185 data 65724
    regex_detector_test.go:84: Expected label ZipCode, got  ([]), file ZipCode.csv:23186 data 65725
    regex_detector_test.go:84: Expected label ZipCode, got  ([]), file ZipCode.csv:23187 data 65726
    regex_detector_test.go:84: Expected label ZipCode, got  ([]), file ZipCode.csv:23188 data 65727
    regex_detector_test.go:84: Expected label ZipCode, got  ([]), file ZipCode.csv:23189 data 65728
    regex_detector_test.go:84: Expected label ZipCode, got  ([]), file ZipCode.csv:23190 data 65729
    regex_detector_test.go:84: Expected label ZipCode, got  ([]), file ZipCode.csv:23191 data 65730
    regex_detector_test.go:84: Expected label ZipCode, got  ([]), file ZipCode.csv:23192 data 65731
    regex_detector_test.go:84: Expected label ZipCode, got  ([]), file ZipCode.csv:23193 data 65732
    regex_detector_test.go:84: Expected label ZipCode, got  ([]), file ZipCode.csv:23194 data 65733
    regex_detector_test.go:84: Expected label ZipCode, got  ([]), file ZipCode.csv:23195 data 65734
    regex_detector_test.go:84: Expected label ZipCode, got  ([]), file ZipCode.csv:23196 data 65735
    regex_detector_test.go:84: Expected label ZipCode, got  ([]), file ZipCode.csv:23197 data 65737
    regex_detector_test.go:84: Expected label ZipCode, got  ([]), file ZipCode.csv:23198 data 65738
    regex_detector_test.go:84: Expected label ZipCode, got  ([]), file ZipCode.csv:23199 data 65739
    regex_detector_test.go:84: Expected label ZipCode, got  ([]), file ZipCode.csv:23200 data 65740
    regex_detector_test.go:84: Expected label ZipCode, got  ([]), file ZipCode.csv:23201 data 65741
    regex_detector_test.go:84: Expected label ZipCode, got  ([]), file ZipCode.csv:23202 data 65742
    regex_detector_test.go:84: Expected label ZipCode, got  ([]), file ZipCode.csv:23203 data 65744
    regex_detector_test.go:84: Expected label ZipCode, got  ([]), file ZipCode.csv:23204 data 65745
    regex_detector_test.go:84: Expected label ZipCode, got  ([]), file ZipCode.csv:23205 data 65746
    regex_detector_test.go:84: Expected label ZipCode, got  ([]), file ZipCode.csv:23206 data 65747
    regex_detector_test.go:84: Expected label ZipCode, got  ([]), file ZipCode.csv:23207 data 65752
    regex_detector_test.go:84: Expected label ZipCode, got  ([]), file ZipCode.csv:23208 data 65753
    regex_detector_test.go:84: Expected label ZipCode, got  ([]), file ZipCode.csv:23209 data 65754
    regex_detector_test.go:84: Expected label ZipCode, got  ([]), file ZipCode.csv:23210 data 65755
    regex_detector_test.go:84: Expected label ZipCode, got  ([]), file ZipCode.csv:23211 data 65756
    regex_detector_test.go:84: Expected label ZipCode, got  ([]), file ZipCode.csv:23212 data 65757
    regex_detector_test.go:84: Expected label ZipCode, got  ([]), file ZipCode.csv:23213 data 65759
    regex_detector_test.go:84: Expected label ZipCode, got  ([]), file ZipCode.csv:23214 data 65760
    regex_detector_test.go:84: Expected label ZipCode, got  ([]), file ZipCode.csv:23215 data 65761
    regex_detector_test.go:84: Expected label ZipCode, got  ([]), file ZipCode.csv:23216 data 65762
    regex_detector_test.go:84: Expected label ZipCode, got  ([]), file ZipCode.csv:23217 data 65764
    regex_detector_test.go:84: Expected label ZipCode, got  ([]), file ZipCode.csv:23218 data 65766
    regex_detector_test.go:84: Expected label ZipCode, got  ([]), file ZipCode.csv:23219 data 65767
    regex_detector_test.go:84: Expected label ZipCode, got  ([]), file ZipCode.csv:23220 data 65768
    regex_detector_test.go:84: Expected label ZipCode, got  ([]), file ZipCode.csv:23221 data 65769
    regex_detector_test.go:84: Expected label ZipCode, got  ([]), file ZipCode.csv:23222 data 65770
    regex_detector_test.go:84: Expected label ZipCode, got  ([]), file ZipCode.csv:23223 data 65771
    regex_detector_test.go:84: Expected label ZipCode, got  ([]), file ZipCode.csv:23224 data 65772
    regex_detector_test.go:84: Expected label ZipCode, got  ([]), file ZipCode.csv:23225 data 65773
    regex_detector_test.go:84: Expected label ZipCode, got  ([]), file ZipCode.csv:23226 data 65774
    regex_detector_test.go:84: Expected label ZipCode, got  ([]), file ZipCode.csv:23227 data 65775
    regex_detector_test.go:84: Expected label ZipCode, got  ([]), file ZipCode.csv:23228 data 65777
    regex_detector_test.go:84: Expected label ZipCode, got  ([]), file ZipCode.csv:23229 data 65778
    regex_detector_test.go:84: Expected label ZipCode, got  ([]), file ZipCode.csv:23230 data 65779
    regex_detector_test.go:84: Expected label ZipCode, got  ([]), file ZipCode.csv:23231 data 65781
    regex_detector_test.go:84: Expected label ZipCode, got  ([]), file ZipCode.csv:23232 data 65783
    regex_detector_test.go:84: Expected label ZipCode, got  ([]), file ZipCode.csv:23233 data 65784
    regex_detector_test.go:84: Expected label ZipCode, got  ([]), file ZipCode.csv:23234 data 65785
    regex_detector_test.go:84: Expected label ZipCode, got  ([]), file ZipCode.csv:23235 data 65786
    regex_detector_test.go:84: Expected label ZipCode, got  ([]), file ZipCode.csv:23236 data 65787
    regex_detector_test.go:84: Expected label ZipCode, got  ([]), file ZipCode.csv:23237 data 65788
    regex_detector_test.go:84: Expected label ZipCode, got  ([]), file ZipCode.csv:23238 data 65789
    regex_detector_test.go:84: Expected label ZipCode, got  ([]), file ZipCode.csv:23239 data 65790
    regex_detector_test.go:84: Expected label ZipCode, got  ([]), file ZipCode.csv:23240 data 65791
    regex_detector_test.go:84: Expected label ZipCode, got  ([]), file ZipCode.csv:23241 data 65793
    regex_detector_test.go:84: Expected label ZipCode, got  ([]), file ZipCode.csv:23242 data 65801
    regex_detector_test.go:84: Expected label ZipCode, got  ([]), file ZipCode.csv:23243 data 65802
    regex_detector_test.go:84: Expected label ZipCode, got  ([]), file ZipCode.csv:23244 data 65803
    regex_detector_test.go:84: Expected label ZipCode, got  ([]), file ZipCode.csv:23245 data 65804
    regex_detector_test.go:84: Expected label ZipCode, got  ([]), file ZipCode.csv:23246 data 65806
    regex_detector_test.go:84: Expected label ZipCode, got  ([]), file ZipCode.csv:23247 data 65807
    regex_detector_test.go:84: Expected label ZipCode, got  ([]), file ZipCode.csv:23248 data 65809
    regex_detector_test.go:84: Expected label ZipCode, got  ([]), file ZipCode.csv:23249 data 65810
    regex_detector_test.go:84: Expected label ZipCode, got  ([]), file ZipCode.csv:23250 data 65897
    regex_detector_test.go:84: Expected label ZipCode, got  ([]), file ZipCode.csv:23251 data 66002
    regex_detector_test.go:84: Expected label ZipCode, got  ([]), file ZipCode.csv:23252 data 66006
    regex_detector_test.go:84: Expected label ZipCode, got  ([]), file ZipCode.csv:23253 data 66007
    regex_detector_test.go:84: Expected label ZipCode, got  ([]), file ZipCode.csv:23254 data 66008
    regex_detector_test.go:84: Expected label ZipCode, got  ([]), file ZipCode.csv:23255 data 66010
    regex_detector_test.go:84: Expected label ZipCode, got  ([]), file ZipCode.csv:23256 data 66012
    regex_detector_test.go:84: Expected label ZipCode, got  ([]), file ZipCode.csv:23257 data 66013
    regex_detector_test.go:84: Expected label ZipCode, got  ([]), file ZipCode.csv:23258 data 66014
    regex_detector_test.go:84: Expected label ZipCode, got  ([]), file ZipCode.csv:23259 data 66015
    regex_detector_test.go:84: Expected label ZipCode, got  ([]), file ZipCode.csv:23260 data 66016
    regex_detector_test.go:84: Expected label ZipCode, got  ([]), file ZipCode.csv:23261 data 66017
    regex_detector_test.go:84: Expected label ZipCode, got  ([]), file ZipCode.csv:23262 data 66018
    regex_detector_test.go:84: Expected label ZipCode, got  ([]), file ZipCode.csv:23263 data 66020
    regex_detector_test.go:84: Expected label ZipCode, got  ([]), file ZipCode.csv:23264 data 66021
    regex_detector_test.go:84: Expected label ZipCode, got  ([]), file ZipCode.csv:23265 data 66023
    regex_detector_test.go:84: Expected label ZipCode, got  ([]), file ZipCode.csv:23266 data 66024
    regex_detector_test.go:84: Expected label ZipCode, got  ([]), file ZipCode.csv:23267 data 66025
    regex_detector_test.go:84: Expected label ZipCode, got  ([]), file ZipCode.csv:23268 data 66026
    regex_detector_test.go:84: Expected label ZipCode, got  ([]), file ZipCode.csv:23269 data 66027
    regex_detector_test.go:84: Expected label ZipCode, got  ([]), file ZipCode.csv:23270 data 66030
    regex_detector_test.go:84: Expected label ZipCode, got  ([]), file ZipCode.csv:23271 data 66031
    regex_detector_test.go:84: Expected label ZipCode, got  ([]), file ZipCode.csv:23272 data 66032
    regex_detector_test.go:84: Expected label ZipCode, got  ([]), file ZipCode.csv:23273 data 66033
    regex_detector_test.go:84: Expected label ZipCode, got  ([]), file ZipCode.csv:23274 data 66035
    regex_detector_test.go:84: Expected label ZipCode, got  ([]), file ZipCode.csv:23275 data 66039
    regex_detector_test.go:84: Expected label ZipCode, got  ([]), file ZipCode.csv:23276 data 66040
    regex_detector_test.go:84: Expected label ZipCode, got  ([]), file ZipCode.csv:23277 data 66041
    regex_detector_test.go:84: Expected label ZipCode, got  ([]), file ZipCode.csv:23278 data 66042
    regex_detector_test.go:84: Expected label ZipCode, got  ([]), file ZipCode.csv:23279 data 66043
    regex_detector_test.go:84: Expected label ZipCode, got  ([]), file ZipCode.csv:23280 data 66044
    regex_detector_test.go:84: Expected label ZipCode, got  ([]), file ZipCode.csv:23281 data 66045
    regex_detector_test.go:84: Expected label ZipCode, got  ([]), file ZipCode.csv:23282 data 66046
    regex_detector_test.go:84: Expected label ZipCode, got  ([]), file ZipCode.csv:23283 data 66047
    regex_detector_test.go:84: Expected label ZipCode, got  ([]), file ZipCode.csv:23284 data 66048
    regex_detector_test.go:84: Expected label ZipCode, got  ([]), file ZipCode.csv:23285 data 66049
    regex_detector_test.go:84: Expected label ZipCode, got  ([]), file ZipCode.csv:23286 data 66050
    regex_detector_test.go:84: Expected label ZipCode, got  ([]), file ZipCode.csv:23287 data 66052
    regex_detector_test.go:84: Expected label ZipCode, got  ([]), file ZipCode.csv:23288 data 66053
    regex_detector_test.go:84: Expected label ZipCode, got  ([]), file ZipCode.csv:23289 data 66054
    regex_detector_test.go:84: Expected label ZipCode, got  ([]), file ZipCode.csv:23290 data 66056
    regex_detector_test.go:84: Expected label ZipCode, got  ([]), file ZipCode.csv:23291 data 66058
    regex_detector_test.go:84: Expected label ZipCode, got  ([]), file ZipCode.csv:23292 data 66060
    regex_detector_test.go:84: Expected label ZipCode, got  ([]), file ZipCode.csv:23293 data 66061
    regex_detector_test.go:84: Expected label ZipCode, got  ([]), file ZipCode.csv:23294 data 66062
    regex_detector_test.go:84: Expected label ZipCode, got  ([]), file ZipCode.csv:23295 data 66064
    regex_detector_test.go:84: Expected label ZipCode, got  ([]), file ZipCode.csv:23296 data 66066
    regex_detector_test.go:84: Expected label ZipCode, got  ([]), file ZipCode.csv:23297 data 66067
    regex_detector_test.go:84: Expected label ZipCode, got  ([]), file ZipCode.csv:23298 data 66070
    regex_detector_test.go:84: Expected label ZipCode, got  ([]), file ZipCode.csv:23299 data 66071
    regex_detector_test.go:84: Expected label ZipCode, got  ([]), file ZipCode.csv:23300 data 66072
    regex_detector_test.go:84: Expected label ZipCode, got  ([]), file ZipCode.csv:23301 data 66073
    regex_detector_test.go:84: Expected label ZipCode, got  ([]), file ZipCode.csv:23302 data 66075
    regex_detector_test.go:84: Expected label ZipCode, got  ([]), file ZipCode.csv:23303 data 66076
    regex_detector_test.go:84: Expected label ZipCode, got  ([]), file ZipCode.csv:23304 data 66078
    regex_detector_test.go:84: Expected label ZipCode, got  ([]), file ZipCode.csv:23305 data 66079
    regex_detector_test.go:84: Expected label ZipCode, got  ([]), file ZipCode.csv:23306 data 66080
    regex_detector_test.go:84: Expected label ZipCode, got  ([]), file ZipCode.csv:23307 data 66083
    regex_detector_test.go:84: Expected label ZipCode, got  ([]), file ZipCode.csv:23308 data 66085
    regex_detector_test.go:84: Expected label ZipCode, got  ([]), file ZipCode.csv:23309 data 66086
    regex_detector_test.go:84: Expected label ZipCode, got  ([]), file ZipCode.csv:23310 data 66087
    regex_detector_test.go:84: Expected label ZipCode, got  ([]), file ZipCode.csv:23311 data 66088
    regex_detector_test.go:84: Expected label ZipCode, got  ([]), file ZipCode.csv:23312 data 66090
    regex_detector_test.go:84: Expected label ZipCode, got  ([]), file ZipCode.csv:23313 data 66091
    regex_detector_test.go:84: Expected label ZipCode, got  ([]), file ZipCode.csv:23314 data 66092
    regex_detector_test.go:84: Expected label ZipCode, got  ([]), file ZipCode.csv:23315 data 66093
    regex_detector_test.go:84: Expected label ZipCode, got  ([]), file ZipCode.csv:23316 data 66094
    regex_detector_test.go:84: Expected label ZipCode, got  ([]), file ZipCode.csv:23317 data 66095
    regex_detector_test.go:84: Expected label ZipCode, got  ([]), file ZipCode.csv:23318 data 66097
    regex_detector_test.go:84: Expected label ZipCode, got  ([]), file ZipCode.csv:23319 data 66101
    regex_detector_test.go:84: Expected label ZipCode, got  ([]), file ZipCode.csv:23320 data 66102
    regex_detector_test.go:84: Expected label ZipCode, got  ([]), file ZipCode.csv:23321 data 66103
    regex_detector_test.go:84: Expected label ZipCode, got  ([]), file ZipCode.csv:23322 data 66104
    regex_detector_test.go:84: Expected label ZipCode, got  ([]), file ZipCode.csv:23323 data 66105
    regex_detector_test.go:84: Expected label ZipCode, got  ([]), file ZipCode.csv:23324 data 66106
    regex_detector_test.go:84: Expected label ZipCode, got  ([]), file ZipCode.csv:23325 data 66109
    regex_detector_test.go:84: Expected label ZipCode, got  ([]), file ZipCode.csv:23326 data 66111
    regex_detector_test.go:84: Expected label ZipCode, got  ([]), file ZipCode.csv:23327 data 66112
    regex_detector_test.go:84: Expected label ZipCode, got  ([]), file ZipCode.csv:23328 data 66115
    regex_detector_test.go:84: Expected label ZipCode, got  ([]), file ZipCode.csv:23329 data 66118
    regex_detector_test.go:84: Expected label ZipCode, got  ([]), file ZipCode.csv:23330 data 66160
    regex_detector_test.go:84: Expected label ZipCode, got  ([]), file ZipCode.csv:23331 data 66202
    regex_detector_test.go:84: Expected label ZipCode, got  ([]), file ZipCode.csv:23332 data 66203
    regex_detector_test.go:84: Expected label ZipCode, got  ([]), file ZipCode.csv:23333 data 66204
    regex_detector_test.go:84: Expected label ZipCode, got  ([]), file ZipCode.csv:23334 data 66205
    regex_detector_test.go:84: Expected label ZipCode, got  ([]), file ZipCode.csv:23335 data 66206
    regex_detector_test.go:84: Expected label ZipCode, got  ([]), file ZipCode.csv:23336 data 66207
    regex_detector_test.go:84: Expected label ZipCode, got  ([]), file ZipCode.csv:23337 data 66208
    regex_detector_test.go:84: Expected label ZipCode, got  ([]), file ZipCode.csv:23338 data 66209
    regex_detector_test.go:84: Expected label ZipCode, got  ([]), file ZipCode.csv:23339 data 66210
    regex_detector_test.go:84: Expected label ZipCode, got  ([]), file ZipCode.csv:23340 data 66211
    regex_detector_test.go:84: Expected label ZipCode, got  ([]), file ZipCode.csv:23341 data 66212
    regex_detector_test.go:84: Expected label ZipCode, got  ([]), file ZipCode.csv:23342 data 66213
    regex_detector_test.go:84: Expected label ZipCode, got  ([]), file ZipCode.csv:23343 data 66214
    regex_detector_test.go:84: Expected label ZipCode, got  ([]), file ZipCode.csv:23344 data 66215
    regex_detector_test.go:84: Expected label ZipCode, got  ([]), file ZipCode.csv:23345 data 66216
    regex_detector_test.go:84: Expected label ZipCode, got  ([]), file ZipCode.csv:23346 data 66217
    regex_detector_test.go:84: Expected label ZipCode, got  ([]), file ZipCode.csv:23347 data 66218
    regex_detector_test.go:84: Expected label ZipCode, got  ([]), file ZipCode.csv:23348 data 66219
    regex_detector_test.go:84: Expected label ZipCode, got  ([]), file ZipCode.csv:23349 data 66220
    regex_detector_test.go:84: Expected label ZipCode, got  ([]), file ZipCode.csv:23350 data 66221
    regex_detector_test.go:84: Expected label ZipCode, got  ([]), file ZipCode.csv:23351 data 66223
    regex_detector_test.go:84: Expected label ZipCode, got  ([]), file ZipCode.csv:23352 data 66224
    regex_detector_test.go:84: Expected label ZipCode, got  ([]), file ZipCode.csv:23353 data 66226
    regex_detector_test.go:84: Expected label ZipCode, got  ([]), file ZipCode.csv:23354 data 66227
    regex_detector_test.go:84: Expected label ZipCode, got  ([]), file ZipCode.csv:23355 data 66251
    regex_detector_test.go:84: Expected label ZipCode, got  ([]), file ZipCode.csv:23356 data 66401
    regex_detector_test.go:84: Expected label ZipCode, got  ([]), file ZipCode.csv:23357 data 66402
    regex_detector_test.go:84: Expected label ZipCode, got  ([]), file ZipCode.csv:23358 data 66403
    regex_detector_test.go:84: Expected label ZipCode, got  ([]), file ZipCode.csv:23359 data 66404
    regex_detector_test.go:84: Expected label ZipCode, got  ([]), file ZipCode.csv:23360 data 66406
    regex_detector_test.go:84: Expected label ZipCode, got  ([]), file ZipCode.csv:23361 data 66407
    regex_detector_test.go:84: Expected label ZipCode, got  ([]), file ZipCode.csv:23362 data 66408
    regex_detector_test.go:84: Expected label ZipCode, got  ([]), file ZipCode.csv:23363 data 66409
    regex_detector_test.go:84: Expected label ZipCode, got  ([]), file ZipCode.csv:23364 data 66411
    regex_detector_test.go:84: Expected label ZipCode, got  ([]), file ZipCode.csv:23365 data 66412
    regex_detector_test.go:84: Expected label ZipCode, got  ([]), file ZipCode.csv:23366 data 66413
    regex_detector_test.go:84: Expected label ZipCode, got  ([]), file ZipCode.csv:23367 data 66414
    regex_detector_test.go:84: Expected label ZipCode, got  ([]), file ZipCode.csv:23368 data 66415
    regex_detector_test.go:84: Expected label ZipCode, got  ([]), file ZipCode.csv:23369 data 66416
    regex_detector_test.go:84: Expected label ZipCode, got  ([]), file ZipCode.csv:23370 data 66417
    regex_detector_test.go:84: Expected label ZipCode, got  ([]), file ZipCode.csv:23371 data 66418
    regex_detector_test.go:84: Expected label ZipCode, got  ([]), file ZipCode.csv:23372 data 66419
    regex_detector_test.go:84: Expected label ZipCode, got  ([]), file ZipCode.csv:23373 data 66422
    regex_detector_test.go:84: Expected label ZipCode, got  ([]), file ZipCode.csv:23374 data 66423
    regex_detector_test.go:84: Expected label ZipCode, got  ([]), file ZipCode.csv:23375 data 66424
    regex_detector_test.go:84: Expected label ZipCode, got  ([]), file ZipCode.csv:23376 data 66425
    regex_detector_test.go:84: Expected label ZipCode, got  ([]), file ZipCode.csv:23377 data 66427
    regex_detector_test.go:84: Expected label ZipCode, got  ([]), file ZipCode.csv:23378 data 66428
    regex_detector_test.go:84: Expected label ZipCode, got  ([]), file ZipCode.csv:23379 data 66429
    regex_detector_test.go:84: Expected label ZipCode, got  ([]), file ZipCode.csv:23380 data 66431
    regex_detector_test.go:84: Expected label ZipCode, got  ([]), file ZipCode.csv:23381 data 66432
    regex_detector_test.go:84: Expected label ZipCode, got  ([]), file ZipCode.csv:23382 data 66434
    regex_detector_test.go:84: Expected label ZipCode, got  ([]), file ZipCode.csv:23383 data 66436
    regex_detector_test.go:84: Expected label ZipCode, got  ([]), file ZipCode.csv:23384 data 66438
    regex_detector_test.go:84: Expected label ZipCode, got  ([]), file ZipCode.csv:23385 data 66439
    regex_detector_test.go:84: Expected label ZipCode, got  ([]), file ZipCode.csv:23386 data 66440
    regex_detector_test.go:84: Expected label ZipCode, got  ([]), file ZipCode.csv:23387 data 66441
    regex_detector_test.go:84: Expected label ZipCode, got  ([]), file ZipCode.csv:23388 data 66442
    regex_detector_test.go:84: Expected label ZipCode, got  ([]), file ZipCode.csv:23389 data 66449
    regex_detector_test.go:84: Expected label ZipCode, got  ([]), file ZipCode.csv:23390 data 66451
    regex_detector_test.go:84: Expected label ZipCode, got  ([]), file ZipCode.csv:23391 data 66501
    regex_detector_test.go:84: Expected label ZipCode, got  ([]), file ZipCode.csv:23392 data 66502
    regex_detector_test.go:84: Expected label ZipCode, got  ([]), file ZipCode.csv:23393 data 66503
    regex_detector_test.go:84: Expected label ZipCode, got  ([]), file ZipCode.csv:23394 data 66506
    regex_detector_test.go:84: Expected label ZipCode, got  ([]), file ZipCode.csv:23395 data 66507
    regex_detector_test.go:84: Expected label ZipCode, got  ([]), file ZipCode.csv:23396 data 66508
    regex_detector_test.go:84: Expected label ZipCode, got  ([]), file ZipCode.csv:23397 data 66509
    regex_detector_test.go:84: Expected label ZipCode, got  ([]), file ZipCode.csv:23398 data 66510
    regex_detector_test.go:84: Expected label ZipCode, got  ([]), file ZipCode.csv:23399 data 66512
    regex_detector_test.go:84: Expected label ZipCode, got  ([]), file ZipCode.csv:23400 data 66514
    regex_detector_test.go:84: Expected label ZipCode, got  ([]), file ZipCode.csv:23401 data 66515
    regex_detector_test.go:84: Expected label ZipCode, got  ([]), file ZipCode.csv:23402 data 66516
    regex_detector_test.go:84: Expected label ZipCode, got  ([]), file ZipCode.csv:23403 data 66517
    regex_detector_test.go:84: Expected label ZipCode, got  ([]), file ZipCode.csv:23404 data 66518
    regex_detector_test.go:84: Expected label ZipCode, got  ([]), file ZipCode.csv:23405 data 66520
    regex_detector_test.go:84: Expected label ZipCode, got  ([]), file ZipCode.csv:23406 data 66521
    regex_detector_test.go:84: Expected label ZipCode, got  ([]), file ZipCode.csv:23407 data 66522
    regex_detector_test.go:84: Expected label ZipCode, got  ([]), file ZipCode.csv:23408 data 66523
    regex_detector_test.go:84: Expected label ZipCode, got  ([]), file ZipCode.csv:23409 data 66524
    regex_detector_test.go:84: Expected label ZipCode, got  ([]), file ZipCode.csv:23410 data 66526
    regex_detector_test.go:84: Expected label ZipCode, got  ([]), file ZipCode.csv:23411 data 66527
    regex_detector_test.go:84: Expected label ZipCode, got  ([]), file ZipCode.csv:23412 data 66528
    regex_detector_test.go:84: Expected label ZipCode, got  ([]), file ZipCode.csv:23413 data 66531
    regex_detector_test.go:84: Expected label ZipCode, got  ([]), file ZipCode.csv:23414 data 66532
    regex_detector_test.go:84: Expected label ZipCode, got  ([]), file ZipCode.csv:23415 data 66533
    regex_detector_test.go:84: Expected label ZipCode, got  ([]), file ZipCode.csv:23416 data 66534
    regex_detector_test.go:84: Expected label ZipCode, got  ([]), file ZipCode.csv:23417 data 66535
    regex_detector_test.go:84: Expected label ZipCode, got  ([]), file ZipCode.csv:23418 data 66536
    regex_detector_test.go:84: Expected label ZipCode, got  ([]), file ZipCode.csv:23419 data 66537
    regex_detector_test.go:84: Expected label ZipCode, got  ([]), file ZipCode.csv:23420 data 66538
    regex_detector_test.go:84: Expected label ZipCode, got  ([]), file ZipCode.csv:23421 data 66539
    regex_detector_test.go:84: Expected label ZipCode, got  ([]), file ZipCode.csv:23422 data 66540
    regex_detector_test.go:84: Expected label ZipCode, got  ([]), file ZipCode.csv:23423 data 66541
    regex_detector_test.go:84: Expected label ZipCode, got  ([]), file ZipCode.csv:23424 data 66542
    regex_detector_test.go:84: Expected label ZipCode, got  ([]), file ZipCode.csv:23425 data 66543
    regex_detector_test.go:84: Expected label ZipCode, got  ([]), file ZipCode.csv:23426 data 66544
    regex_detector_test.go:84: Expected label ZipCode, got  ([]), file ZipCode.csv:23427 data 66546
    regex_detector_test.go:84: Expected label ZipCode, got  ([]), file ZipCode.csv:23428 data 66547
    regex_detector_test.go:84: Expected label ZipCode, got  ([]), file ZipCode.csv:23429 data 66548
    regex_detector_test.go:84: Expected label ZipCode, got  ([]), file ZipCode.csv:23430 data 66549
    regex_detector_test.go:84: Expected label ZipCode, got  ([]), file ZipCode.csv:23431 data 66550
    regex_detector_test.go:84: Expected label ZipCode, got  ([]), file ZipCode.csv:23432 data 66552
    regex_detector_test.go:84: Expected label ZipCode, got  ([]), file ZipCode.csv:23433 data 66554
    regex_detector_test.go:84: Expected label ZipCode, got  ([]), file ZipCode.csv:23434 data 66603
    regex_detector_test.go:84: Expected label ZipCode, got  ([]), file ZipCode.csv:23435 data 66604
    regex_detector_test.go:84: Expected label ZipCode, got  ([]), file ZipCode.csv:23436 data 66605
    regex_detector_test.go:84: Expected label ZipCode, got  ([]), file ZipCode.csv:23437 data 66606
    regex_detector_test.go:84: Expected label ZipCode, got  ([]), file ZipCode.csv:23438 data 66607
    regex_detector_test.go:84: Expected label ZipCode, got  ([]), file ZipCode.csv:23439 data 66608
    regex_detector_test.go:84: Expected label ZipCode, got  ([]), file ZipCode.csv:23440 data 66609
    regex_detector_test.go:84: Expected label ZipCode, got  ([]), file ZipCode.csv:23441 data 66610
    regex_detector_test.go:84: Expected label ZipCode, got  ([]), file ZipCode.csv:23442 data 66611
    regex_detector_test.go:84: Expected label ZipCode, got  ([]), file ZipCode.csv:23443 data 66612
    regex_detector_test.go:84: Expected label ZipCode, got  ([]), file ZipCode.csv:23444 data 66614
    regex_detector_test.go:84: Expected label ZipCode, got  ([]), file ZipCode.csv:23445 data 66615
    regex_detector_test.go:84: Expected label ZipCode, got  ([]), file ZipCode.csv:23446 data 66616
    regex_detector_test.go:84: Expected label ZipCode, got  ([]), file ZipCode.csv:23447 data 66617
    regex_detector_test.go:84: Expected label ZipCode, got  ([]), file ZipCode.csv:23448 data 66618
    regex_detector_test.go:84: Expected label ZipCode, got  ([]), file ZipCode.csv:23449 data 66619
    regex_detector_test.go:84: Expected label ZipCode, got  ([]), file ZipCode.csv:23450 data 66621
    regex_detector_test.go:84: Expected label ZipCode, got  ([]), file ZipCode.csv:23451 data 66622
    regex_detector_test.go:84: Expected label ZipCode, got  ([]), file ZipCode.csv:23452 data 66701
    regex_detector_test.go:84: Expected label ZipCode, got  ([]), file ZipCode.csv:23453 data 66710
    regex_detector_test.go:84: Expected label ZipCode, got  ([]), file ZipCode.csv:23454 data 66711
    regex_detector_test.go:84: Expected label ZipCode, got  ([]), file ZipCode.csv:23455 data 66712
    regex_detector_test.go:84: Expected label ZipCode, got  ([]), file ZipCode.csv:23456 data 66713
    regex_detector_test.go:84: Expected label ZipCode, got  ([]), file ZipCode.csv:23457 data 66714
    regex_detector_test.go:84: Expected label ZipCode, got  ([]), file ZipCode.csv:23458 data 66716
    regex_detector_test.go:84: Expected label ZipCode, got  ([]), file ZipCode.csv:23459 data 66717
    regex_detector_test.go:84: Expected label ZipCode, got  ([]), file ZipCode.csv:23460 data 66720
    regex_detector_test.go:84: Expected label ZipCode, got  ([]), file ZipCode.csv:23461 data 66724
    regex_detector_test.go:84: Expected label ZipCode, got  ([]), file ZipCode.csv:23462 data 66725
    regex_detector_test.go:84: Expected label ZipCode, got  ([]), file ZipCode.csv:23463 data 66732
    regex_detector_test.go:84: Expected label ZipCode, got  ([]), file ZipCode.csv:23464 data 66733
    regex_detector_test.go:84: Expected label ZipCode, got  ([]), file ZipCode.csv:23465 data 66734
    regex_detector_test.go:84: Expected label ZipCode, got  ([]), file ZipCode.csv:23466 data 66735
    regex_detector_test.go:84: Expected label ZipCode, got  ([]), file ZipCode.csv:23467 data 66736
    regex_detector_test.go:84: Expected label ZipCode, got  ([]), file ZipCode.csv:23468 data 66738
    regex_detector_test.go:84: Expected label ZipCode, got  ([]), file ZipCode.csv:23469 data 66739
    regex_detector_test.go:84: Expected label ZipCode, got  ([]), file ZipCode.csv:23470 data 66740
    regex_detector_test.go:84: Expected label ZipCode, got  ([]), file ZipCode.csv:23471 data 66741
    regex_detector_test.go:84: Expected label ZipCode, got  ([]), file ZipCode.csv:23472 data 66742
    regex_detector_test.go:84: Expected label ZipCode, got  ([]), file ZipCode.csv:23473 data 66743
    regex_detector_test.go:84: Expected label ZipCode, got  ([]), file ZipCode.csv:23474 data 66746
    regex_detector_test.go:84: Expected label ZipCode, got  ([]), file ZipCode.csv:23475 data 66748
    regex_detector_test.go:84: Expected label ZipCode, got  ([]), file ZipCode.csv:23476 data 66749
    regex_detector_test.go:84: Expected label ZipCode, got  ([]), file ZipCode.csv:23477 data 66751
    regex_detector_test.go:84: Expected label ZipCode, got  ([]), file ZipCode.csv:23478 data 66753
    regex_detector_test.go:84: Expected label ZipCode, got  ([]), file ZipCode.csv:23479 data 66754
    regex_detector_test.go:84: Expected label ZipCode, got  ([]), file ZipCode.csv:23480 data 66755
    regex_detector_test.go:84: Expected label ZipCode, got  ([]), file ZipCode.csv:23481 data 66756
    regex_detector_test.go:84: Expected label ZipCode, got  ([]), file ZipCode.csv:23482 data 66757
    regex_detector_test.go:84: Expected label ZipCode, got  ([]), file ZipCode.csv:23483 data 66758
    regex_detector_test.go:84: Expected label ZipCode, got  ([]), file ZipCode.csv:23484 data 66760
    regex_detector_test.go:84: Expected label ZipCode, got  ([]), file ZipCode.csv:23485 data 66761
    regex_detector_test.go:84: Expected label ZipCode, got  ([]), file ZipCode.csv:23486 data 66762
    regex_detector_test.go:84: Expected label ZipCode, got  ([]), file ZipCode.csv:23487 data 66763
    regex_detector_test.go:84: Expected label ZipCode, got  ([]), file ZipCode.csv:23488 data 66767
    regex_detector_test.go:84: Expected label ZipCode, got  ([]), file ZipCode.csv:23489 data 66769
    regex_detector_test.go:84: Expected label ZipCode, got  ([]), file ZipCode.csv:23490 data 66770
    regex_detector_test.go:84: Expected label ZipCode, got  ([]), file ZipCode.csv:23491 data 66771
    regex_detector_test.go:84: Expected label ZipCode, got  ([]), file ZipCode.csv:23492 data 66772
    regex_detector_test.go:84: Expected label ZipCode, got  ([]), file ZipCode.csv:23493 data 66773
    regex_detector_test.go:84: Expected label ZipCode, got  ([]), file ZipCode.csv:23494 data 66775
    regex_detector_test.go:84: Expected label ZipCode, got  ([]), file ZipCode.csv:23495 data 66776
    regex_detector_test.go:84: Expected label ZipCode, got  ([]), file ZipCode.csv:23496 data 66777
    regex_detector_test.go:84: Expected label ZipCode, got  ([]), file ZipCode.csv:23497 data 66778
    regex_detector_test.go:84: Expected label ZipCode, got  ([]), file ZipCode.csv:23498 data 66779
    regex_detector_test.go:84: Expected label ZipCode, got  ([]), file ZipCode.csv:23499 data 66780
    regex_detector_test.go:84: Expected label ZipCode, got  ([]), file ZipCode.csv:23500 data 66781
    regex_detector_test.go:84: Expected label ZipCode, got  ([]), file ZipCode.csv:23501 data 66782
    regex_detector_test.go:84: Expected label ZipCode, got  ([]), file ZipCode.csv:23502 data 66783
    regex_detector_test.go:84: Expected label ZipCode, got  ([]), file ZipCode.csv:23503 data 66801
    regex_detector_test.go:84: Expected label ZipCode, got  ([]), file ZipCode.csv:23504 data 66830
    regex_detector_test.go:84: Expected label ZipCode, got  ([]), file ZipCode.csv:23505 data 66833
    regex_detector_test.go:84: Expected label ZipCode, got  ([]), file ZipCode.csv:23506 data 66834
    regex_detector_test.go:84: Expected label ZipCode, got  ([]), file ZipCode.csv:23507 data 66835
    regex_detector_test.go:84: Expected label ZipCode, got  ([]), file ZipCode.csv:23508 data 66838
    regex_detector_test.go:84: Expected label ZipCode, got  ([]), file ZipCode.csv:23509 data 66839
    regex_detector_test.go:84: Expected label ZipCode, got  ([]), file ZipCode.csv:23510 data 66840
    regex_detector_test.go:84: Expected label ZipCode, got  ([]), file ZipCode.csv:23511 data 66842
    regex_detector_test.go:84: Expected label ZipCode, got  ([]), file ZipCode.csv:23512 data 66843
    regex_detector_test.go:84: Expected label ZipCode, got  ([]), file ZipCode.csv:23513 data 66845
    regex_detector_test.go:84: Expected label ZipCode, got  ([]), file ZipCode.csv:23514 data 66846
    regex_detector_test.go:84: Expected label ZipCode, got  ([]), file ZipCode.csv:23515 data 66849
    regex_detector_test.go:84: Expected label ZipCode, got  ([]), file ZipCode.csv:23516 data 66850
    regex_detector_test.go:84: Expected label ZipCode, got  ([]), file ZipCode.csv:23517 data 66851
    regex_detector_test.go:84: Expected label ZipCode, got  ([]), file ZipCode.csv:23518 data 66852
    regex_detector_test.go:84: Expected label ZipCode, got  ([]), file ZipCode.csv:23519 data 66853
    regex_detector_test.go:84: Expected label ZipCode, got  ([]), file ZipCode.csv:23520 data 66854
    regex_detector_test.go:84: Expected label ZipCode, got  ([]), file ZipCode.csv:23521 data 66856
    regex_detector_test.go:84: Expected label ZipCode, got  ([]), file ZipCode.csv:23522 data 66857
    regex_detector_test.go:84: Expected label ZipCode, got  ([]), file ZipCode.csv:23523 data 66858
    regex_detector_test.go:84: Expected label ZipCode, got  ([]), file ZipCode.csv:23524 data 66859
    regex_detector_test.go:84: Expected label ZipCode, got  ([]), file ZipCode.csv:23525 data 66860
    regex_detector_test.go:84: Expected label ZipCode, got  ([]), file ZipCode.csv:23526 data 66861
    regex_detector_test.go:84: Expected label ZipCode, got  ([]), file ZipCode.csv:23527 data 66862
    regex_detector_test.go:84: Expected label ZipCode, got  ([]), file ZipCode.csv:23528 data 66863
    regex_detector_test.go:84: Expected label ZipCode, got  ([]), file ZipCode.csv:23529 data 66864
    regex_detector_test.go:84: Expected label ZipCode, got  ([]), file ZipCode.csv:23530 data 66865
    regex_detector_test.go:84: Expected label ZipCode, got  ([]), file ZipCode.csv:23531 data 66866
    regex_detector_test.go:84: Expected label ZipCode, got  ([]), file ZipCode.csv:23532 data 66868
    regex_detector_test.go:84: Expected label ZipCode, got  ([]), file ZipCode.csv:23533 data 66869
    regex_detector_test.go:84: Expected label ZipCode, got  ([]), file ZipCode.csv:23534 data 66870
    regex_detector_test.go:84: Expected label ZipCode, got  ([]), file ZipCode.csv:23535 data 66871
    regex_detector_test.go:84: Expected label ZipCode, got  ([]), file ZipCode.csv:23536 data 66872
    regex_detector_test.go:84: Expected label ZipCode, got  ([]), file ZipCode.csv:23537 data 66873
    regex_detector_test.go:84: Expected label ZipCode, got  ([]), file ZipCode.csv:23538 data 66901
    regex_detector_test.go:84: Expected label ZipCode, got  ([]), file ZipCode.csv:23539 data 66930
    regex_detector_test.go:84: Expected label ZipCode, got  ([]), file ZipCode.csv:23540 data 66932
    regex_detector_test.go:84: Expected label ZipCode, got  ([]), file ZipCode.csv:23541 data 66933
    regex_detector_test.go:84: Expected label ZipCode, got  ([]), file ZipCode.csv:23542 data 66935
    regex_detector_test.go:84: Expected label ZipCode, got  ([]), file ZipCode.csv:23543 data 66936
    regex_detector_test.go:84: Expected label ZipCode, got  ([]), file ZipCode.csv:23544 data 66937
    regex_detector_test.go:84: Expected label ZipCode, got  ([]), file ZipCode.csv:23545 data 66938
    regex_detector_test.go:84: Expected label ZipCode, got  ([]), file ZipCode.csv:23546 data 66939
    regex_detector_test.go:84: Expected label ZipCode, got  ([]), file ZipCode.csv:23547 data 66940
    regex_detector_test.go:84: Expected label ZipCode, got  ([]), file ZipCode.csv:23548 data 66941
    regex_detector_test.go:84: Expected label ZipCode, got  ([]), file ZipCode.csv:23549 data 66942
    regex_detector_test.go:84: Expected label ZipCode, got  ([]), file ZipCode.csv:23550 data 66943
    regex_detector_test.go:84: Expected label ZipCode, got  ([]), file ZipCode.csv:23551 data 66944
    regex_detector_test.go:84: Expected label ZipCode, got  ([]), file ZipCode.csv:23552 data 66945
    regex_detector_test.go:84: Expected label ZipCode, got  ([]), file ZipCode.csv:23553 data 66946
    regex_detector_test.go:84: Expected label ZipCode, got  ([]), file ZipCode.csv:23554 data 66948
    regex_detector_test.go:84: Expected label ZipCode, got  ([]), file ZipCode.csv:23555 data 66949
    regex_detector_test.go:84: Expected label ZipCode, got  ([]), file ZipCode.csv:23556 data 66951
    regex_detector_test.go:84: Expected label ZipCode, got  ([]), file ZipCode.csv:23557 data 66952
    regex_detector_test.go:84: Expected label ZipCode, got  ([]), file ZipCode.csv:23558 data 66953
    regex_detector_test.go:84: Expected label ZipCode, got  ([]), file ZipCode.csv:23559 data 66955
    regex_detector_test.go:84: Expected label ZipCode, got  ([]), file ZipCode.csv:23560 data 66956
    regex_detector_test.go:84: Expected label ZipCode, got  ([]), file ZipCode.csv:23561 data 66958
    regex_detector_test.go:84: Expected label ZipCode, got  ([]), file ZipCode.csv:23562 data 66959
    regex_detector_test.go:84: Expected label ZipCode, got  ([]), file ZipCode.csv:23563 data 66960
    regex_detector_test.go:84: Expected label ZipCode, got  ([]), file ZipCode.csv:23564 data 66961
    regex_detector_test.go:84: Expected label ZipCode, got  ([]), file ZipCode.csv:23565 data 66962
    regex_detector_test.go:84: Expected label ZipCode, got  ([]), file ZipCode.csv:23566 data 66963
    regex_detector_test.go:84: Expected label ZipCode, got  ([]), file ZipCode.csv:23567 data 66964
    regex_detector_test.go:84: Expected label ZipCode, got  ([]), file ZipCode.csv:23568 data 66966
    regex_detector_test.go:84: Expected label ZipCode, got  ([]), file ZipCode.csv:23569 data 66967
    regex_detector_test.go:84: Expected label ZipCode, got  ([]), file ZipCode.csv:23570 data 66968
    regex_detector_test.go:84: Expected label ZipCode, got  ([]), file ZipCode.csv:23571 data 66970
    regex_detector_test.go:84: Expected label ZipCode, got  ([]), file ZipCode.csv:23572 data 67001
    regex_detector_test.go:84: Expected label ZipCode, got  ([]), file ZipCode.csv:23573 data 67002
    regex_detector_test.go:84: Expected label ZipCode, got  ([]), file ZipCode.csv:23574 data 67003
    regex_detector_test.go:84: Expected label ZipCode, got  ([]), file ZipCode.csv:23575 data 67004
    regex_detector_test.go:84: Expected label ZipCode, got  ([]), file ZipCode.csv:23576 data 67005
    regex_detector_test.go:84: Expected label ZipCode, got  ([]), file ZipCode.csv:23577 data 67008
    regex_detector_test.go:84: Expected label ZipCode, got  ([]), file ZipCode.csv:23578 data 67009
    regex_detector_test.go:84: Expected label ZipCode, got  ([]), file ZipCode.csv:23579 data 67010
    regex_detector_test.go:84: Expected label ZipCode, got  ([]), file ZipCode.csv:23580 data 67012
    regex_detector_test.go:84: Expected label ZipCode, got  ([]), file ZipCode.csv:23581 data 67013
    regex_detector_test.go:84: Expected label ZipCode, got  ([]), file ZipCode.csv:23582 data 67016
    regex_detector_test.go:84: Expected label ZipCode, got  ([]), file ZipCode.csv:23583 data 67017
    regex_detector_test.go:84: Expected label ZipCode, got  ([]), file ZipCode.csv:23584 data 67018
    regex_detector_test.go:84: Expected label ZipCode, got  ([]), file ZipCode.csv:23585 data 67019
    regex_detector_test.go:84: Expected label ZipCode, got  ([]), file ZipCode.csv:23586 data 67020
    regex_detector_test.go:84: Expected label ZipCode, got  ([]), file ZipCode.csv:23587 data 67021
    regex_detector_test.go:84: Expected label ZipCode, got  ([]), file ZipCode.csv:23588 data 67022
    regex_detector_test.go:84: Expected label ZipCode, got  ([]), file ZipCode.csv:23589 data 67023
    regex_detector_test.go:84: Expected label ZipCode, got  ([]), file ZipCode.csv:23590 data 67024
    regex_detector_test.go:84: Expected label ZipCode, got  ([]), file ZipCode.csv:23591 data 67025
    regex_detector_test.go:84: Expected label ZipCode, got  ([]), file ZipCode.csv:23592 data 67026
    regex_detector_test.go:84: Expected label ZipCode, got  ([]), file ZipCode.csv:23593 data 67028
    regex_detector_test.go:84: Expected label ZipCode, got  ([]), file ZipCode.csv:23594 data 67029
    regex_detector_test.go:84: Expected label ZipCode, got  ([]), file ZipCode.csv:23595 data 67030
    regex_detector_test.go:84: Expected label ZipCode, got  ([]), file ZipCode.csv:23596 data 67031
    regex_detector_test.go:84: Expected label ZipCode, got  ([]), file ZipCode.csv:23597 data 67035
    regex_detector_test.go:84: Expected label ZipCode, got  ([]), file ZipCode.csv:23598 data 67036
    regex_detector_test.go:84: Expected label ZipCode, got  ([]), file ZipCode.csv:23599 data 67037
    regex_detector_test.go:84: Expected label ZipCode, got  ([]), file ZipCode.csv:23600 data 67038
    regex_detector_test.go:84: Expected label ZipCode, got  ([]), file ZipCode.csv:23601 data 67039
    regex_detector_test.go:84: Expected label ZipCode, got  ([]), file ZipCode.csv:23602 data 67041
    regex_detector_test.go:84: Expected label ZipCode, got  ([]), file ZipCode.csv:23603 data 67042
    regex_detector_test.go:84: Expected label ZipCode, got  ([]), file ZipCode.csv:23604 data 67045
    regex_detector_test.go:84: Expected label ZipCode, got  ([]), file ZipCode.csv:23605 data 67047
    regex_detector_test.go:84: Expected label ZipCode, got  ([]), file ZipCode.csv:23606 data 67049
    regex_detector_test.go:84: Expected label ZipCode, got  ([]), file ZipCode.csv:23607 data 67050
    regex_detector_test.go:84: Expected label ZipCode, got  ([]), file ZipCode.csv:23608 data 67051
    regex_detector_test.go:84: Expected label ZipCode, got  ([]), file ZipCode.csv:23609 data 67052
    regex_detector_test.go:84: Expected label ZipCode, got  ([]), file ZipCode.csv:23610 data 67053
    regex_detector_test.go:84: Expected label ZipCode, got  ([]), file ZipCode.csv:23611 data 67054
    regex_detector_test.go:84: Expected label ZipCode, got  ([]), file ZipCode.csv:23612 data 67055
    regex_detector_test.go:84: Expected label ZipCode, got  ([]), file ZipCode.csv:23613 data 67056
    regex_detector_test.go:84: Expected label ZipCode, got  ([]), file ZipCode.csv:23614 data 67057
    regex_detector_test.go:84: Expected label ZipCode, got  ([]), file ZipCode.csv:23615 data 67058
    regex_detector_test.go:84: Expected label ZipCode, got  ([]), file ZipCode.csv:23616 data 67059
    regex_detector_test.go:84: Expected label ZipCode, got  ([]), file ZipCode.csv:23617 data 67060
    regex_detector_test.go:84: Expected label ZipCode, got  ([]), file ZipCode.csv:23618 data 67061
    regex_detector_test.go:84: Expected label ZipCode, got  ([]), file ZipCode.csv:23619 data 67062
    regex_detector_test.go:84: Expected label ZipCode, got  ([]), file ZipCode.csv:23620 data 67063
    regex_detector_test.go:84: Expected label ZipCode, got  ([]), file ZipCode.csv:23621 data 67065
    regex_detector_test.go:84: Expected label ZipCode, got  ([]), file ZipCode.csv:23622 data 67066
    regex_detector_test.go:84: Expected label ZipCode, got  ([]), file ZipCode.csv:23623 data 67067
    regex_detector_test.go:84: Expected label ZipCode, got  ([]), file ZipCode.csv:23624 data 67068
    regex_detector_test.go:84: Expected label ZipCode, got  ([]), file ZipCode.csv:23625 data 67070
    regex_detector_test.go:84: Expected label ZipCode, got  ([]), file ZipCode.csv:23626 data 67071
    regex_detector_test.go:84: Expected label ZipCode, got  ([]), file ZipCode.csv:23627 data 67072
    regex_detector_test.go:84: Expected label ZipCode, got  ([]), file ZipCode.csv:23628 data 67073
    regex_detector_test.go:84: Expected label ZipCode, got  ([]), file ZipCode.csv:23629 data 67074
    regex_detector_test.go:84: Expected label ZipCode, got  ([]), file ZipCode.csv:23630 data 67101
    regex_detector_test.go:84: Expected label ZipCode, got  ([]), file ZipCode.csv:23631 data 67102
    regex_detector_test.go:84: Expected label ZipCode, got  ([]), file ZipCode.csv:23632 data 67103
    regex_detector_test.go:84: Expected label ZipCode, got  ([]), file ZipCode.csv:23633 data 67104
    regex_detector_test.go:84: Expected label ZipCode, got  ([]), file ZipCode.csv:23634 data 67105
    regex_detector_test.go:84: Expected label ZipCode, got  ([]), file ZipCode.csv:23635 data 67106
    regex_detector_test.go:84: Expected label ZipCode, got  ([]), file ZipCode.csv:23636 data 67107
    regex_detector_test.go:84: Expected label ZipCode, got  ([]), file ZipCode.csv:23637 data 67108
    regex_detector_test.go:84: Expected label ZipCode, got  ([]), file ZipCode.csv:23638 data 67109
    regex_detector_test.go:84: Expected label ZipCode, got  ([]), file ZipCode.csv:23639 data 67110
    regex_detector_test.go:84: Expected label ZipCode, got  ([]), file ZipCode.csv:23640 data 67111
    regex_detector_test.go:84: Expected label ZipCode, got  ([]), file ZipCode.csv:23641 data 67112
    regex_detector_test.go:84: Expected label ZipCode, got  ([]), file ZipCode.csv:23642 data 67114
    regex_detector_test.go:84: Expected label ZipCode, got  ([]), file ZipCode.csv:23643 data 67117
    regex_detector_test.go:84: Expected label ZipCode, got  ([]), file ZipCode.csv:23644 data 67118
    regex_detector_test.go:84: Expected label ZipCode, got  ([]), file ZipCode.csv:23645 data 67119
    regex_detector_test.go:84: Expected label ZipCode, got  ([]), file ZipCode.csv:23646 data 67120
    regex_detector_test.go:84: Expected label ZipCode, got  ([]), file ZipCode.csv:23647 data 67122
    regex_detector_test.go:84: Expected label ZipCode, got  ([]), file ZipCode.csv:23648 data 67123
    regex_detector_test.go:84: Expected label ZipCode, got  ([]), file ZipCode.csv:23649 data 67124
    regex_detector_test.go:84: Expected label ZipCode, got  ([]), file ZipCode.csv:23650 data 67127
    regex_detector_test.go:84: Expected label ZipCode, got  ([]), file ZipCode.csv:23651 data 67131
    regex_detector_test.go:84: Expected label ZipCode, got  ([]), file ZipCode.csv:23652 data 67132
    regex_detector_test.go:84: Expected label ZipCode, got  ([]), file ZipCode.csv:23653 data 67133
    regex_detector_test.go:84: Expected label ZipCode, got  ([]), file ZipCode.csv:23654 data 67134
    regex_detector_test.go:84: Expected label ZipCode, got  ([]), file ZipCode.csv:23655 data 67135
    regex_detector_test.go:84: Expected label ZipCode, got  ([]), file ZipCode.csv:23656 data 67137
    regex_detector_test.go:84: Expected label ZipCode, got  ([]), file ZipCode.csv:23657 data 67138
    regex_detector_test.go:84: Expected label ZipCode, got  ([]), file ZipCode.csv:23658 data 67140
    regex_detector_test.go:84: Expected label ZipCode, got  ([]), file ZipCode.csv:23659 data 67142
    regex_detector_test.go:84: Expected label ZipCode, got  ([]), file ZipCode.csv:23660 data 67143
    regex_detector_test.go:84: Expected label ZipCode, got  ([]), file ZipCode.csv:23661 data 67144
    regex_detector_test.go:84: Expected label ZipCode, got  ([]), file ZipCode.csv:23662 data 67146
    regex_detector_test.go:84: Expected label ZipCode, got  ([]), file ZipCode.csv:23663 data 67147
    regex_detector_test.go:84: Expected label ZipCode, got  ([]), file ZipCode.csv:23664 data 67149
    regex_detector_test.go:84: Expected label ZipCode, got  ([]), file ZipCode.csv:23665 data 67150
    regex_detector_test.go:84: Expected label ZipCode, got  ([]), file ZipCode.csv:23666 data 67151
    regex_detector_test.go:84: Expected label ZipCode, got  ([]), file ZipCode.csv:23667 data 67152
    regex_detector_test.go:84: Expected label ZipCode, got  ([]), file ZipCode.csv:23668 data 67154
    regex_detector_test.go:84: Expected label ZipCode, got  ([]), file ZipCode.csv:23669 data 67155
    regex_detector_test.go:84: Expected label ZipCode, got  ([]), file ZipCode.csv:23670 data 67156
    regex_detector_test.go:84: Expected label ZipCode, got  ([]), file ZipCode.csv:23671 data 67159
    regex_detector_test.go:84: Expected label ZipCode, got  ([]), file ZipCode.csv:23672 data 67202
    regex_detector_test.go:84: Expected label ZipCode, got  ([]), file ZipCode.csv:23673 data 67203
    regex_detector_test.go:84: Expected label ZipCode, got  ([]), file ZipCode.csv:23674 data 67204
    regex_detector_test.go:84: Expected label ZipCode, got  ([]), file ZipCode.csv:23675 data 67205
    regex_detector_test.go:84: Expected label ZipCode, got  ([]), file ZipCode.csv:23676 data 67206
    regex_detector_test.go:84: Expected label ZipCode, got  ([]), file ZipCode.csv:23677 data 67207
    regex_detector_test.go:84: Expected label ZipCode, got  ([]), file ZipCode.csv:23678 data 67208
    regex_detector_test.go:84: Expected label ZipCode, got  ([]), file ZipCode.csv:23679 data 67209
    regex_detector_test.go:84: Expected label ZipCode, got  ([]), file ZipCode.csv:23680 data 67210
    regex_detector_test.go:84: Expected label ZipCode, got  ([]), file ZipCode.csv:23681 data 67211
    regex_detector_test.go:84: Expected label ZipCode, got  ([]), file ZipCode.csv:23682 data 67212
    regex_detector_test.go:84: Expected label ZipCode, got  ([]), file ZipCode.csv:23683 data 67213
    regex_detector_test.go:84: Expected label ZipCode, got  ([]), file ZipCode.csv:23684 data 67214
    regex_detector_test.go:84: Expected label ZipCode, got  ([]), file ZipCode.csv:23685 data 67215
    regex_detector_test.go:84: Expected label ZipCode, got  ([]), file ZipCode.csv:23686 data 67216
    regex_detector_test.go:84: Expected label ZipCode, got  ([]), file ZipCode.csv:23687 data 67217
    regex_detector_test.go:84: Expected label ZipCode, got  ([]), file ZipCode.csv:23688 data 67218
    regex_detector_test.go:84: Expected label ZipCode, got  ([]), file ZipCode.csv:23689 data 67219
    regex_detector_test.go:84: Expected label ZipCode, got  ([]), file ZipCode.csv:23690 data 67220
    regex_detector_test.go:84: Expected label ZipCode, got  ([]), file ZipCode.csv:23691 data 67221
    regex_detector_test.go:84: Expected label ZipCode, got  ([]), file ZipCode.csv:23692 data 67223
    regex_detector_test.go:84: Expected label ZipCode, got  ([]), file ZipCode.csv:23693 data 67226
    regex_detector_test.go:84: Expected label ZipCode, got  ([]), file ZipCode.csv:23694 data 67227
    regex_detector_test.go:84: Expected label ZipCode, got  ([]), file ZipCode.csv:23695 data 67228
    regex_detector_test.go:84: Expected label ZipCode, got  ([]), file ZipCode.csv:23696 data 67230
    regex_detector_test.go:84: Expected label ZipCode, got  ([]), file ZipCode.csv:23697 data 67232
    regex_detector_test.go:84: Expected label ZipCode, got  ([]), file ZipCode.csv:23698 data 67235
    regex_detector_test.go:84: Expected label ZipCode, got  ([]), file ZipCode.csv:23699 data 67260
    regex_detector_test.go:84: Expected label ZipCode, got  ([]), file ZipCode.csv:23700 data 67301
    regex_detector_test.go:84: Expected label ZipCode, got  ([]), file ZipCode.csv:23701 data 67330
    regex_detector_test.go:84: Expected label ZipCode, got  ([]), file ZipCode.csv:23702 data 67332
    regex_detector_test.go:84: Expected label ZipCode, got  ([]), file ZipCode.csv:23703 data 67333
    regex_detector_test.go:84: Expected label ZipCode, got  ([]), file ZipCode.csv:23704 data 67334
    regex_detector_test.go:84: Expected label ZipCode, got  ([]), file ZipCode.csv:23705 data 67335
    regex_detector_test.go:84: Expected label ZipCode, got  ([]), file ZipCode.csv:23706 data 67336
    regex_detector_test.go:84: Expected label ZipCode, got  ([]), file ZipCode.csv:23707 data 67337
    regex_detector_test.go:84: Expected label ZipCode, got  ([]), file ZipCode.csv:23708 data 67340
    regex_detector_test.go:84: Expected label ZipCode, got  ([]), file ZipCode.csv:23709 data 67341
    regex_detector_test.go:84: Expected label ZipCode, got  ([]), file ZipCode.csv:23710 data 67342
    regex_detector_test.go:84: Expected label ZipCode, got  ([]), file ZipCode.csv:23711 data 67344
    regex_detector_test.go:84: Expected label ZipCode, got  ([]), file ZipCode.csv:23712 data 67345
    regex_detector_test.go:84: Expected label ZipCode, got  ([]), file ZipCode.csv:23713 data 67346
    regex_detector_test.go:84: Expected label ZipCode, got  ([]), file ZipCode.csv:23714 data 67347
    regex_detector_test.go:84: Expected label ZipCode, got  ([]), file ZipCode.csv:23715 data 67349
    regex_detector_test.go:84: Expected label ZipCode, got  ([]), file ZipCode.csv:23716 data 67351
    regex_detector_test.go:84: Expected label ZipCode, got  ([]), file ZipCode.csv:23717 data 67352
    regex_detector_test.go:84: Expected label ZipCode, got  ([]), file ZipCode.csv:23718 data 67353
    regex_detector_test.go:84: Expected label ZipCode, got  ([]), file ZipCode.csv:23719 data 67354
    regex_detector_test.go:84: Expected label ZipCode, got  ([]), file ZipCode.csv:23720 data 67355
    regex_detector_test.go:84: Expected label ZipCode, got  ([]), file ZipCode.csv:23721 data 67356
    regex_detector_test.go:84: Expected label ZipCode, got  ([]), file ZipCode.csv:23722 data 67357
    regex_detector_test.go:84: Expected label ZipCode, got  ([]), file ZipCode.csv:23723 data 67360
    regex_detector_test.go:84: Expected label ZipCode, got  ([]), file ZipCode.csv:23724 data 67361
    regex_detector_test.go:84: Expected label ZipCode, got  ([]), file ZipCode.csv:23725 data 67363
    regex_detector_test.go:84: Expected label ZipCode, got  ([]), file ZipCode.csv:23726 data 67364
    regex_detector_test.go:84: Expected label ZipCode, got  ([]), file ZipCode.csv:23727 data 67401
    regex_detector_test.go:84: Expected label ZipCode, got  ([]), file ZipCode.csv:23728 data 67410
    regex_detector_test.go:84: Expected label ZipCode, got  ([]), file ZipCode.csv:23729 data 67416
    regex_detector_test.go:84: Expected label ZipCode, got  ([]), file ZipCode.csv:23730 data 67417
    regex_detector_test.go:84: Expected label ZipCode, got  ([]), file ZipCode.csv:23731 data 67418
    regex_detector_test.go:84: Expected label ZipCode, got  ([]), file ZipCode.csv:23732 data 67420
    regex_detector_test.go:84: Expected label ZipCode, got  ([]), file ZipCode.csv:23733 data 67422
    regex_detector_test.go:84: Expected label ZipCode, got  ([]), file ZipCode.csv:23734 data 67423
    regex_detector_test.go:84: Expected label ZipCode, got  ([]), file ZipCode.csv:23735 data 67425
    regex_detector_test.go:84: Expected label ZipCode, got  ([]), file ZipCode.csv:23736 data 67427
    regex_detector_test.go:84: Expected label ZipCode, got  ([]), file ZipCode.csv:23737 data 67428
    regex_detector_test.go:84: Expected label ZipCode, got  ([]), file ZipCode.csv:23738 data 67430
    regex_detector_test.go:84: Expected label ZipCode, got  ([]), file ZipCode.csv:23739 data 67431
    regex_detector_test.go:84: Expected label ZipCode, got  ([]), file ZipCode.csv:23740 data 67432
    regex_detector_test.go:84: Expected label ZipCode, got  ([]), file ZipCode.csv:23741 data 67436
    regex_detector_test.go:84: Expected label ZipCode, got  ([]), file ZipCode.csv:23742 data 67437
    regex_detector_test.go:84: Expected label ZipCode, got  ([]), file ZipCode.csv:23743 data 67438
    regex_detector_test.go:84: Expected label ZipCode, got  ([]), file ZipCode.csv:23744 data 67439
    regex_detector_test.go:84: Expected label ZipCode, got  ([]), file ZipCode.csv:23745 data 67441
    regex_detector_test.go:84: Expected label ZipCode, got  ([]), file ZipCode.csv:23746 data 67442
    regex_detector_test.go:84: Expected label ZipCode, got  ([]), file ZipCode.csv:23747 data 67443
    regex_detector_test.go:84: Expected label ZipCode, got  ([]), file ZipCode.csv:23748 data 67444
    regex_detector_test.go:84: Expected label ZipCode, got  ([]), file ZipCode.csv:23749 data 67445
    regex_detector_test.go:84: Expected label ZipCode, got  ([]), file ZipCode.csv:23750 data 67446
    regex_detector_test.go:84: Expected label ZipCode, got  ([]), file ZipCode.csv:23751 data 67447
    regex_detector_test.go:84: Expected label ZipCode, got  ([]), file ZipCode.csv:23752 data 67448
    regex_detector_test.go:84: Expected label ZipCode, got  ([]), file ZipCode.csv:23753 data 67449
    regex_detector_test.go:84: Expected label ZipCode, got  ([]), file ZipCode.csv:23754 data 67450
    regex_detector_test.go:84: Expected label ZipCode, got  ([]), file ZipCode.csv:23755 data 67451
    regex_detector_test.go:84: Expected label ZipCode, got  ([]), file ZipCode.csv:23756 data 67452
    regex_detector_test.go:84: Expected label ZipCode, got  ([]), file ZipCode.csv:23757 data 67454
    regex_detector_test.go:84: Expected label ZipCode, got  ([]), file ZipCode.csv:23758 data 67455
    regex_detector_test.go:84: Expected label ZipCode, got  ([]), file ZipCode.csv:23759 data 67456
    regex_detector_test.go:84: Expected label ZipCode, got  ([]), file ZipCode.csv:23760 data 67457
    regex_detector_test.go:84: Expected label ZipCode, got  ([]), file ZipCode.csv:23761 data 67458
    regex_detector_test.go:84: Expected label ZipCode, got  ([]), file ZipCode.csv:23762 data 67459
    regex_detector_test.go:84: Expected label ZipCode, got  ([]), file ZipCode.csv:23763 data 67460
    regex_detector_test.go:84: Expected label ZipCode, got  ([]), file ZipCode.csv:23764 data 67464
    regex_detector_test.go:84: Expected label ZipCode, got  ([]), file ZipCode.csv:23765 data 67466
    regex_detector_test.go:84: Expected label ZipCode, got  ([]), file ZipCode.csv:23766 data 67467
    regex_detector_test.go:84: Expected label ZipCode, got  ([]), file ZipCode.csv:23767 data 67468
    regex_detector_test.go:84: Expected label ZipCode, got  ([]), file ZipCode.csv:23768 data 67470
    regex_detector_test.go:84: Expected label ZipCode, got  ([]), file ZipCode.csv:23769 data 67473
    regex_detector_test.go:84: Expected label ZipCode, got  ([]), file ZipCode.csv:23770 data 67474
    regex_detector_test.go:84: Expected label ZipCode, got  ([]), file ZipCode.csv:23771 data 67475
    regex_detector_test.go:84: Expected label ZipCode, got  ([]), file ZipCode.csv:23772 data 67476
    regex_detector_test.go:84: Expected label ZipCode, got  ([]), file ZipCode.csv:23773 data 67478
    regex_detector_test.go:84: Expected label ZipCode, got  ([]), file ZipCode.csv:23774 data 67480
    regex_detector_test.go:84: Expected label ZipCode, got  ([]), file ZipCode.csv:23775 data 67481
    regex_detector_test.go:84: Expected label ZipCode, got  ([]), file ZipCode.csv:23776 data 67482
    regex_detector_test.go:84: Expected label ZipCode, got  ([]), file ZipCode.csv:23777 data 67483
    regex_detector_test.go:84: Expected label ZipCode, got  ([]), file ZipCode.csv:23778 data 67484
    regex_detector_test.go:84: Expected label ZipCode, got  ([]), file ZipCode.csv:23779 data 67485
    regex_detector_test.go:84: Expected label ZipCode, got  ([]), file ZipCode.csv:23780 data 67487
    regex_detector_test.go:84: Expected label ZipCode, got  ([]), file ZipCode.csv:23781 data 67490
    regex_detector_test.go:84: Expected label ZipCode, got  ([]), file ZipCode.csv:23782 data 67491
    regex_detector_test.go:84: Expected label ZipCode, got  ([]), file ZipCode.csv:23783 data 67492
    regex_detector_test.go:84: Expected label ZipCode, got  ([]), file ZipCode.csv:23784 data 67501
    regex_detector_test.go:84: Expected label ZipCode, got  ([]), file ZipCode.csv:23785 data 67502
    regex_detector_test.go:84: Expected label ZipCode, got  ([]), file ZipCode.csv:23786 data 67505
    regex_detector_test.go:84: Expected label ZipCode, got  ([]), file ZipCode.csv:23787 data 67510
    regex_detector_test.go:84: Expected label ZipCode, got  ([]), file ZipCode.csv:23788 data 67511
    regex_detector_test.go:84: Expected label ZipCode, got  ([]), file ZipCode.csv:23789 data 67512
    regex_detector_test.go:84: Expected label ZipCode, got  ([]), file ZipCode.csv:23790 data 67513
    regex_detector_test.go:84: Expected label ZipCode, got  ([]), file ZipCode.csv:23791 data 67514
    regex_detector_test.go:84: Expected label ZipCode, got  ([]), file ZipCode.csv:23792 data 67515
    regex_detector_test.go:84: Expected label ZipCode, got  ([]), file ZipCode.csv:23793 data 67516
    regex_detector_test.go:84: Expected label ZipCode, got  ([]), file ZipCode.csv:23794 data 67518
    regex_detector_test.go:84: Expected label ZipCode, got  ([]), file ZipCode.csv:23795 data 67519
    regex_detector_test.go:84: Expected label ZipCode, got  ([]), file ZipCode.csv:23796 data 67520
    regex_detector_test.go:84: Expected label ZipCode, got  ([]), file ZipCode.csv:23797 data 67521
    regex_detector_test.go:84: Expected label ZipCode, got  ([]), file ZipCode.csv:23798 data 67522
    regex_detector_test.go:84: Expected label ZipCode, got  ([]), file ZipCode.csv:23799 data 67523
    regex_detector_test.go:84: Expected label ZipCode, got  ([]), file ZipCode.csv:23800 data 67524
    regex_detector_test.go:84: Expected label ZipCode, got  ([]), file ZipCode.csv:23801 data 67525
    regex_detector_test.go:84: Expected label ZipCode, got  ([]), file ZipCode.csv:23802 data 67526
    regex_detector_test.go:84: Expected label ZipCode, got  ([]), file ZipCode.csv:23803 data 67529
    regex_detector_test.go:84: Expected label ZipCode, got  ([]), file ZipCode.csv:23804 data 67530
    regex_detector_test.go:84: Expected label ZipCode, got  ([]), file ZipCode.csv:23805 data 67543
    regex_detector_test.go:84: Expected label ZipCode, got  ([]), file ZipCode.csv:23806 data 67544
    regex_detector_test.go:84: Expected label ZipCode, got  ([]), file ZipCode.csv:23807 data 67545
    regex_detector_test.go:84: Expected label ZipCode, got  ([]), file ZipCode.csv:23808 data 67546
    regex_detector_test.go:84: Expected label ZipCode, got  ([]), file ZipCode.csv:23809 data 67547
    regex_detector_test.go:84: Expected label ZipCode, got  ([]), file ZipCode.csv:23810 data 67548
    regex_detector_test.go:84: Expected label ZipCode, got  ([]), file ZipCode.csv:23811 data 67550
    regex_detector_test.go:84: Expected label ZipCode, got  ([]), file ZipCode.csv:23812 data 67552
    regex_detector_test.go:84: Expected label ZipCode, got  ([]), file ZipCode.csv:23813 data 67553
    regex_detector_test.go:84: Expected label ZipCode, got  ([]), file ZipCode.csv:23814 data 67554
    regex_detector_test.go:84: Expected label ZipCode, got  ([]), file ZipCode.csv:23815 data 67556
    regex_detector_test.go:84: Expected label ZipCode, got  ([]), file ZipCode.csv:23816 data 67557
    regex_detector_test.go:84: Expected label ZipCode, got  ([]), file ZipCode.csv:23817 data 67559
    regex_detector_test.go:84: Expected label ZipCode, got  ([]), file ZipCode.csv:23818 data 67560
    regex_detector_test.go:84: Expected label ZipCode, got  ([]), file ZipCode.csv:23819 data 67561
    regex_detector_test.go:84: Expected label ZipCode, got  ([]), file ZipCode.csv:23820 data 67563
    regex_detector_test.go:84: Expected label ZipCode, got  ([]), file ZipCode.csv:23821 data 67564
    regex_detector_test.go:84: Expected label ZipCode, got  ([]), file ZipCode.csv:23822 data 67565
    regex_detector_test.go:84: Expected label ZipCode, got  ([]), file ZipCode.csv:23823 data 67566
    regex_detector_test.go:84: Expected label ZipCode, got  ([]), file ZipCode.csv:23824 data 67567
    regex_detector_test.go:84: Expected label ZipCode, got  ([]), file ZipCode.csv:23825 data 67568
    regex_detector_test.go:84: Expected label ZipCode, got  ([]), file ZipCode.csv:23826 data 67570
    regex_detector_test.go:84: Expected label ZipCode, got  ([]), file ZipCode.csv:23827 data 67572
    regex_detector_test.go:84: Expected label ZipCode, got  ([]), file ZipCode.csv:23828 data 67573
    regex_detector_test.go:84: Expected label ZipCode, got  ([]), file ZipCode.csv:23829 data 67574
    regex_detector_test.go:84: Expected label ZipCode, got  ([]), file ZipCode.csv:23830 data 67575
    regex_detector_test.go:84: Expected label ZipCode, got  ([]), file ZipCode.csv:23831 data 67576
    regex_detector_test.go:84: Expected label ZipCode, got  ([]), file ZipCode.csv:23832 data 67578
    regex_detector_test.go:84: Expected label ZipCode, got  ([]), file ZipCode.csv:23833 data 67579
    regex_detector_test.go:84: Expected label ZipCode, got  ([]), file ZipCode.csv:23834 data 67581
    regex_detector_test.go:84: Expected label ZipCode, got  ([]), file ZipCode.csv:23835 data 67583
    regex_detector_test.go:84: Expected label ZipCode, got  ([]), file ZipCode.csv:23836 data 67584
    regex_detector_test.go:84: Expected label ZipCode, got  ([]), file ZipCode.csv:23837 data 67601
    regex_detector_test.go:84: Expected label ZipCode, got  ([]), file ZipCode.csv:23838 data 67621
    regex_detector_test.go:84: Expected label ZipCode, got  ([]), file ZipCode.csv:23839 data 67622
    regex_detector_test.go:84: Expected label ZipCode, got  ([]), file ZipCode.csv:23840 data 67623
    regex_detector_test.go:84: Expected label ZipCode, got  ([]), file ZipCode.csv:23841 data 67625
    regex_detector_test.go:84: Expected label ZipCode, got  ([]), file ZipCode.csv:23842 data 67626
    regex_detector_test.go:84: Expected label ZipCode, got  ([]), file ZipCode.csv:23843 data 67627
    regex_detector_test.go:84: Expected label ZipCode, got  ([]), file ZipCode.csv:23844 data 67628
    regex_detector_test.go:84: Expected label ZipCode, got  ([]), file ZipCode.csv:23845 data 67629
    regex_detector_test.go:84: Expected label ZipCode, got  ([]), file ZipCode.csv:23846 data 67631
    regex_detector_test.go:84: Expected label ZipCode, got  ([]), file ZipCode.csv:23847 data 67632
    regex_detector_test.go:84: Expected label ZipCode, got  ([]), file ZipCode.csv:23848 data 67634
    regex_detector_test.go:84: Expected label ZipCode, got  ([]), file ZipCode.csv:23849 data 67635
    regex_detector_test.go:84: Expected label ZipCode, got  ([]), file ZipCode.csv:23850 data 67637
    regex_detector_test.go:84: Expected label ZipCode, got  ([]), file ZipCode.csv:23851 data 67638
    regex_detector_test.go:84: Expected label ZipCode, got  ([]), file ZipCode.csv:23852 data 67639
    regex_detector_test.go:84: Expected label ZipCode, got  ([]), file ZipCode.csv:23853 data 67640
    regex_detector_test.go:84: Expected label ZipCode, got  ([]), file ZipCode.csv:23854 data 67642
    regex_detector_test.go:84: Expected label ZipCode, got  ([]), file ZipCode.csv:23855 data 67643
    regex_detector_test.go:84: Expected label ZipCode, got  ([]), file ZipCode.csv:23856 data 67644
    regex_detector_test.go:84: Expected label ZipCode, got  ([]), file ZipCode.csv:23857 data 67645
    regex_detector_test.go:84: Expected label ZipCode, got  ([]), file ZipCode.csv:23858 data 67646
    regex_detector_test.go:84: Expected label ZipCode, got  ([]), file ZipCode.csv:23859 data 67647
    regex_detector_test.go:84: Expected label ZipCode, got  ([]), file ZipCode.csv:23860 data 67648
    regex_detector_test.go:84: Expected label ZipCode, got  ([]), file ZipCode.csv:23861 data 67649
    regex_detector_test.go:84: Expected label ZipCode, got  ([]), file ZipCode.csv:23862 data 67650
    regex_detector_test.go:84: Expected label ZipCode, got  ([]), file ZipCode.csv:23863 data 67651
    regex_detector_test.go:84: Expected label ZipCode, got  ([]), file ZipCode.csv:23864 data 67653
    regex_detector_test.go:84: Expected label ZipCode, got  ([]), file ZipCode.csv:23865 data 67654
    regex_detector_test.go:84: Expected label ZipCode, got  ([]), file ZipCode.csv:23866 data 67656
    regex_detector_test.go:84: Expected label ZipCode, got  ([]), file ZipCode.csv:23867 data 67657
    regex_detector_test.go:84: Expected label ZipCode, got  ([]), file ZipCode.csv:23868 data 67658
    regex_detector_test.go:84: Expected label ZipCode, got  ([]), file ZipCode.csv:23869 data 67659
    regex_detector_test.go:84: Expected label ZipCode, got  ([]), file ZipCode.csv:23870 data 67660
    regex_detector_test.go:84: Expected label ZipCode, got  ([]), file ZipCode.csv:23871 data 67661
    regex_detector_test.go:84: Expected label ZipCode, got  ([]), file ZipCode.csv:23872 data 67663
    regex_detector_test.go:84: Expected label ZipCode, got  ([]), file ZipCode.csv:23873 data 67664
    regex_detector_test.go:84: Expected label ZipCode, got  ([]), file ZipCode.csv:23874 data 67665
    regex_detector_test.go:84: Expected label ZipCode, got  ([]), file ZipCode.csv:23875 data 67667
    regex_detector_test.go:84: Expected label ZipCode, got  ([]), file ZipCode.csv:23876 data 67669
    regex_detector_test.go:84: Expected label ZipCode, got  ([]), file ZipCode.csv:23877 data 67671
    regex_detector_test.go:84: Expected label ZipCode, got  ([]), file ZipCode.csv:23878 data 67672
    regex_detector_test.go:84: Expected label ZipCode, got  ([]), file ZipCode.csv:23879 data 67673
    regex_detector_test.go:84: Expected label ZipCode, got  ([]), file ZipCode.csv:23880 data 67674
    regex_detector_test.go:84: Expected label ZipCode, got  ([]), file ZipCode.csv:23881 data 67675
    regex_detector_test.go:84: Expected label ZipCode, got  ([]), file ZipCode.csv:23882 data 67701
    regex_detector_test.go:84: Expected label ZipCode, got  ([]), file ZipCode.csv:23883 data 67730
    regex_detector_test.go:84: Expected label ZipCode, got  ([]), file ZipCode.csv:23884 data 67731
    regex_detector_test.go:84: Expected label ZipCode, got  ([]), file ZipCode.csv:23885 data 67732
    regex_detector_test.go:84: Expected label ZipCode, got  ([]), file ZipCode.csv:23886 data 67733
    regex_detector_test.go:84: Expected label ZipCode, got  ([]), file ZipCode.csv:23887 data 67734
    regex_detector_test.go:84: Expected label ZipCode, got  ([]), file ZipCode.csv:23888 data 67735
    regex_detector_test.go:84: Expected label ZipCode, got  ([]), file ZipCode.csv:23889 data 67736
    regex_detector_test.go:84: Expected label ZipCode, got  ([]), file ZipCode.csv:23890 data 67737
    regex_detector_test.go:84: Expected label ZipCode, got  ([]), file ZipCode.csv:23891 data 67738
    regex_detector_test.go:84: Expected label ZipCode, got  ([]), file ZipCode.csv:23892 data 67739
    regex_detector_test.go:84: Expected label ZipCode, got  ([]), file ZipCode.csv:23893 data 67740
    regex_detector_test.go:84: Expected label ZipCode, got  ([]), file ZipCode.csv:23894 data 67741
    regex_detector_test.go:84: Expected label ZipCode, got  ([]), file ZipCode.csv:23895 data 67743
    regex_detector_test.go:84: Expected label ZipCode, got  ([]), file ZipCode.csv:23896 data 67744
    regex_detector_test.go:84: Expected label ZipCode, got  ([]), file ZipCode.csv:23897 data 67745
    regex_detector_test.go:84: Expected label ZipCode, got  ([]), file ZipCode.csv:23898 data 67747
    regex_detector_test.go:84: Expected label ZipCode, got  ([]), file ZipCode.csv:23899 data 67748
    regex_detector_test.go:84: Expected label ZipCode, got  ([]), file ZipCode.csv:23900 data 67749
    regex_detector_test.go:84: Expected label ZipCode, got  ([]), file ZipCode.csv:23901 data 67751
    regex_detector_test.go:84: Expected label ZipCode, got  ([]), file ZipCode.csv:23902 data 67752
    regex_detector_test.go:84: Expected label ZipCode, got  ([]), file ZipCode.csv:23903 data 67753
    regex_detector_test.go:84: Expected label ZipCode, got  ([]), file ZipCode.csv:23904 data 67756
    regex_detector_test.go:84: Expected label ZipCode, got  ([]), file ZipCode.csv:23905 data 67757
    regex_detector_test.go:84: Expected label ZipCode, got  ([]), file ZipCode.csv:23906 data 67758
    regex_detector_test.go:84: Expected label ZipCode, got  ([]), file ZipCode.csv:23907 data 67761
    regex_detector_test.go:84: Expected label ZipCode, got  ([]), file ZipCode.csv:23908 data 67762
    regex_detector_test.go:84: Expected label ZipCode, got  ([]), file ZipCode.csv:23909 data 67764
    regex_detector_test.go:84: Expected label ZipCode, got  ([]), file ZipCode.csv:23910 data 67801
    regex_detector_test.go:84: Expected label ZipCode, got  ([]), file ZipCode.csv:23911 data 67831
    regex_detector_test.go:84: Expected label ZipCode, got  ([]), file ZipCode.csv:23912 data 67834
    regex_detector_test.go:84: Expected label ZipCode, got  ([]), file ZipCode.csv:23913 data 67835
    regex_detector_test.go:84: Expected label ZipCode, got  ([]), file ZipCode.csv:23914 data 67836
    regex_detector_test.go:84: Expected label ZipCode, got  ([]), file ZipCode.csv:23915 data 67837
    regex_detector_test.go:84: Expected label ZipCode, got  ([]), file ZipCode.csv:23916 data 67838
    regex_detector_test.go:84: Expected label ZipCode, got  ([]), file ZipCode.csv:23917 data 67839
    regex_detector_test.go:84: Expected label ZipCode, got  ([]), file ZipCode.csv:23918 data 67840
    regex_detector_test.go:84: Expected label ZipCode, got  ([]), file ZipCode.csv:23919 data 67841
    regex_detector_test.go:84: Expected label ZipCode, got  ([]), file ZipCode.csv:23920 data 67842
    regex_detector_test.go:84: Expected label ZipCode, got  ([]), file ZipCode.csv:23921 data 67843
    regex_detector_test.go:84: Expected label ZipCode, got  ([]), file ZipCode.csv:23922 data 67844
    regex_detector_test.go:84: Expected label ZipCode, got  ([]), file ZipCode.csv:23923 data 67846
    regex_detector_test.go:84: Expected label ZipCode, got  ([]), file ZipCode.csv:23924 data 67849
    regex_detector_test.go:84: Expected label ZipCode, got  ([]), file ZipCode.csv:23925 data 67850
    regex_detector_test.go:84: Expected label ZipCode, got  ([]), file ZipCode.csv:23926 data 67851
    regex_detector_test.go:84: Expected label ZipCode, got  ([]), file ZipCode.csv:23927 data 67853
    regex_detector_test.go:84: Expected label ZipCode, got  ([]), file ZipCode.csv:23928 data 67854
    regex_detector_test.go:84: Expected label ZipCode, got  ([]), file ZipCode.csv:23929 data 67855
    regex_detector_test.go:84: Expected label ZipCode, got  ([]), file ZipCode.csv:23930 data 67857
    regex_detector_test.go:84: Expected label ZipCode, got  ([]), file ZipCode.csv:23931 data 67859
    regex_detector_test.go:84: Expected label ZipCode, got  ([]), file ZipCode.csv:23932 data 67860
    regex_detector_test.go:84: Expected label ZipCode, got  ([]), file ZipCode.csv:23933 data 67861
    regex_detector_test.go:84: Expected label ZipCode, got  ([]), file ZipCode.csv:23934 data 67862
    regex_detector_test.go:84: Expected label ZipCode, got  ([]), file ZipCode.csv:23935 data 67863
    regex_detector_test.go:84: Expected label ZipCode, got  ([]), file ZipCode.csv:23936 data 67864
    regex_detector_test.go:84: Expected label ZipCode, got  ([]), file ZipCode.csv:23937 data 67865
    regex_detector_test.go:84: Expected label ZipCode, got  ([]), file ZipCode.csv:23938 data 67867
    regex_detector_test.go:84: Expected label ZipCode, got  ([]), file ZipCode.csv:23939 data 67868
    regex_detector_test.go:84: Expected label ZipCode, got  ([]), file ZipCode.csv:23940 data 67869
    regex_detector_test.go:84: Expected label ZipCode, got  ([]), file ZipCode.csv:23941 data 67870
    regex_detector_test.go:84: Expected label ZipCode, got  ([]), file ZipCode.csv:23942 data 67871
    regex_detector_test.go:84: Expected label ZipCode, got  ([]), file ZipCode.csv:23943 data 67876
    regex_detector_test.go:84: Expected label ZipCode, got  ([]), file ZipCode.csv:23944 data 67877
    regex_detector_test.go:84: Expected label ZipCode, got  ([]), file ZipCode.csv:23945 data 67878
    regex_detector_test.go:84: Expected label ZipCode, got  ([]), file ZipCode.csv:23946 data 67879
    regex_detector_test.go:84: Expected label ZipCode, got  ([]), file ZipCode.csv:23947 data 67880
    regex_detector_test.go:84: Expected label ZipCode, got  ([]), file ZipCode.csv:23948 data 67882
    regex_detector_test.go:84: Expected label ZipCode, got  ([]), file ZipCode.csv:23949 data 67901
    regex_detector_test.go:84: Expected label ZipCode, got  ([]), file ZipCode.csv:23950 data 67950
    regex_detector_test.go:84: Expected label ZipCode, got  ([]), file ZipCode.csv:23951 data 67951
    regex_detector_test.go:84: Expected label ZipCode, got  ([]), file ZipCode.csv:23952 data 67952
    regex_detector_test.go:84: Expected label ZipCode, got  ([]), file ZipCode.csv:23953 data 67953
    regex_detector_test.go:84: Expected label ZipCode, got  ([]), file ZipCode.csv:23954 data 67954
    regex_detector_test.go:84: Expected label ZipCode, got  ([]), file ZipCode.csv:23955 data 68001
    regex_detector_test.go:84: Expected label ZipCode, got  ([]), file ZipCode.csv:23956 data 68002
    regex_detector_test.go:84: Expected label ZipCode, got  ([]), file ZipCode.csv:23957 data 68003
    regex_detector_test.go:84: Expected label ZipCode, got  ([]), file ZipCode.csv:23958 data 68004
    regex_detector_test.go:84: Expected label ZipCode, got  ([]), file ZipCode.csv:23959 data 68005
    regex_detector_test.go:84: Expected label ZipCode, got  ([]), file ZipCode.csv:23960 data 68007
    regex_detector_test.go:84: Expected label ZipCode, got  ([]), file ZipCode.csv:23961 data 68008
    regex_detector_test.go:84: Expected label ZipCode, got  ([]), file ZipCode.csv:23962 data 68010
    regex_detector_test.go:84: Expected label ZipCode, got  ([]), file ZipCode.csv:23963 data 68014
    regex_detector_test.go:84: Expected label ZipCode, got  ([]), file ZipCode.csv:23964 data 68015
    regex_detector_test.go:84: Expected label ZipCode, got  ([]), file ZipCode.csv:23965 data 68016
    regex_detector_test.go:84: Expected label ZipCode, got  ([]), file ZipCode.csv:23966 data 68017
    regex_detector_test.go:84: Expected label ZipCode, got  ([]), file ZipCode.csv:23967 data 68018
    regex_detector_test.go:84: Expected label ZipCode, got  ([]), file ZipCode.csv:23968 data 68019
    regex_detector_test.go:84: Expected label ZipCode, got  ([]), file ZipCode.csv:23969 data 68020
    regex_detector_test.go:84: Expected label ZipCode, got  ([]), file ZipCode.csv:23970 data 68022
    regex_detector_test.go:84: Expected label ZipCode, got  ([]), file ZipCode.csv:23971 data 68023
    regex_detector_test.go:84: Expected label ZipCode, got  ([]), file ZipCode.csv:23972 data 68025
    regex_detector_test.go:84: Expected label ZipCode, got  ([]), file ZipCode.csv:23973 data 68028
    regex_detector_test.go:84: Expected label ZipCode, got  ([]), file ZipCode.csv:23974 data 68029
    regex_detector_test.go:84: Expected label ZipCode, got  ([]), file ZipCode.csv:23975 data 68030
    regex_detector_test.go:84: Expected label ZipCode, got  ([]), file ZipCode.csv:23976 data 68031
    regex_detector_test.go:84: Expected label ZipCode, got  ([]), file ZipCode.csv:23977 data 68033
    regex_detector_test.go:84: Expected label ZipCode, got  ([]), file ZipCode.csv:23978 data 68034
    regex_detector_test.go:84: Expected label ZipCode, got  ([]), file ZipCode.csv:23979 data 68036
    regex_detector_test.go:84: Expected label ZipCode, got  ([]), file ZipCode.csv:23980 data 68037
    regex_detector_test.go:84: Expected label ZipCode, got  ([]), file ZipCode.csv:23981 data 68038
    regex_detector_test.go:84: Expected label ZipCode, got  ([]), file ZipCode.csv:23982 data 68039
    regex_detector_test.go:84: Expected label ZipCode, got  ([]), file ZipCode.csv:23983 data 68040
    regex_detector_test.go:84: Expected label ZipCode, got  ([]), file ZipCode.csv:23984 data 68041
    regex_detector_test.go:84: Expected label ZipCode, got  ([]), file ZipCode.csv:23985 data 68042
    regex_detector_test.go:84: Expected label ZipCode, got  ([]), file ZipCode.csv:23986 data 68044
    regex_detector_test.go:84: Expected label ZipCode, got  ([]), file ZipCode.csv:23987 data 68045
    regex_detector_test.go:84: Expected label ZipCode, got  ([]), file ZipCode.csv:23988 data 68046
    regex_detector_test.go:84: Expected label ZipCode, got  ([]), file ZipCode.csv:23989 data 68047
    regex_detector_test.go:84: Expected label ZipCode, got  ([]), file ZipCode.csv:23990 data 68048
    regex_detector_test.go:84: Expected label ZipCode, got  ([]), file ZipCode.csv:23991 data 68050
    regex_detector_test.go:84: Expected label ZipCode, got  ([]), file ZipCode.csv:23992 data 68055
    regex_detector_test.go:84: Expected label ZipCode, got  ([]), file ZipCode.csv:23993 data 68056
    regex_detector_test.go:84: Expected label ZipCode, got  ([]), file ZipCode.csv:23994 data 68057
    regex_detector_test.go:84: Expected label ZipCode, got  ([]), file ZipCode.csv:23995 data 68058
    regex_detector_test.go:84: Expected label ZipCode, got  ([]), file ZipCode.csv:23996 data 68059
    regex_detector_test.go:84: Expected label ZipCode, got  ([]), file ZipCode.csv:23997 data 68061
    regex_detector_test.go:84: Expected label ZipCode, got  ([]), file ZipCode.csv:23998 data 68062
    regex_detector_test.go:84: Expected label ZipCode, got  ([]), file ZipCode.csv:23999 data 68063
    regex_detector_test.go:84: Expected label ZipCode, got  ([]), file ZipCode.csv:24000 data 68064
    regex_detector_test.go:84: Expected label ZipCode, got  ([]), file ZipCode.csv:24001 data 68065
    regex_detector_test.go:84: Expected label ZipCode, got  ([]), file ZipCode.csv:24002 data 68066
    regex_detector_test.go:84: Expected label ZipCode, got  ([]), file ZipCode.csv:24003 data 68067
    regex_detector_test.go:84: Expected label ZipCode, got  ([]), file ZipCode.csv:24004 data 68068
    regex_detector_test.go:84: Expected label ZipCode, got  ([]), file ZipCode.csv:24005 data 68069
    regex_detector_test.go:84: Expected label ZipCode, got  ([]), file ZipCode.csv:24006 data 68070
    regex_detector_test.go:84: Expected label ZipCode, got  ([]), file ZipCode.csv:24007 data 68071
    regex_detector_test.go:84: Expected label ZipCode, got  ([]), file ZipCode.csv:24008 data 68072
    regex_detector_test.go:84: Expected label ZipCode, got  ([]), file ZipCode.csv:24009 data 68073
    regex_detector_test.go:84: Expected label ZipCode, got  ([]), file ZipCode.csv:24010 data 68102
    regex_detector_test.go:84: Expected label ZipCode, got  ([]), file ZipCode.csv:24011 data 68104
    regex_detector_test.go:84: Expected label ZipCode, got  ([]), file ZipCode.csv:24012 data 68105
    regex_detector_test.go:84: Expected label ZipCode, got  ([]), file ZipCode.csv:24013 data 68106
    regex_detector_test.go:84: Expected label ZipCode, got  ([]), file ZipCode.csv:24014 data 68107
    regex_detector_test.go:84: Expected label ZipCode, got  ([]), file ZipCode.csv:24015 data 68108
    regex_detector_test.go:84: Expected label ZipCode, got  ([]), file ZipCode.csv:24016 data 68110
    regex_detector_test.go:84: Expected label ZipCode, got  ([]), file ZipCode.csv:24017 data 68111
    regex_detector_test.go:84: Expected label ZipCode, got  ([]), file ZipCode.csv:24018 data 68112
    regex_detector_test.go:84: Expected label ZipCode, got  ([]), file ZipCode.csv:24019 data 68113
    regex_detector_test.go:84: Expected label ZipCode, got  ([]), file ZipCode.csv:24020 data 68114
    regex_detector_test.go:84: Expected label ZipCode, got  ([]), file ZipCode.csv:24021 data 68116
    regex_detector_test.go:84: Expected label ZipCode, got  ([]), file ZipCode.csv:24022 data 68117
    regex_detector_test.go:84: Expected label ZipCode, got  ([]), file ZipCode.csv:24023 data 68118
    regex_detector_test.go:84: Expected label ZipCode, got  ([]), file ZipCode.csv:24024 data 68122
    regex_detector_test.go:84: Expected label ZipCode, got  ([]), file ZipCode.csv:24025 data 68123
    regex_detector_test.go:84: Expected label ZipCode, got  ([]), file ZipCode.csv:24026 data 68124
    regex_detector_test.go:84: Expected label ZipCode, got  ([]), file ZipCode.csv:24027 data 68127
    regex_detector_test.go:84: Expected label ZipCode, got  ([]), file ZipCode.csv:24028 data 68128
    regex_detector_test.go:84: Expected label ZipCode, got  ([]), file ZipCode.csv:24029 data 68130
    regex_detector_test.go:84: Expected label ZipCode, got  ([]), file ZipCode.csv:24030 data 68131
    regex_detector_test.go:84: Expected label ZipCode, got  ([]), file ZipCode.csv:24031 data 68132
    regex_detector_test.go:84: Expected label ZipCode, got  ([]), file ZipCode.csv:24032 data 68133
    regex_detector_test.go:84: Expected label ZipCode, got  ([]), file ZipCode.csv:24033 data 68134
    regex_detector_test.go:84: Expected label ZipCode, got  ([]), file ZipCode.csv:24034 data 68135
    regex_detector_test.go:84: Expected label ZipCode, got  ([]), file ZipCode.csv:24035 data 68136
    regex_detector_test.go:84: Expected label ZipCode, got  ([]), file ZipCode.csv:24036 data 68137
    regex_detector_test.go:84: Expected label ZipCode, got  ([]), file ZipCode.csv:24037 data 68138
    regex_detector_test.go:84: Expected label ZipCode, got  ([]), file ZipCode.csv:24038 data 68142
    regex_detector_test.go:84: Expected label ZipCode, got  ([]), file ZipCode.csv:24039 data 68144
    regex_detector_test.go:84: Expected label ZipCode, got  ([]), file ZipCode.csv:24040 data 68147
    regex_detector_test.go:84: Expected label ZipCode, got  ([]), file ZipCode.csv:24041 data 68152
    regex_detector_test.go:84: Expected label ZipCode, got  ([]), file ZipCode.csv:24042 data 68154
    regex_detector_test.go:84: Expected label ZipCode, got  ([]), file ZipCode.csv:24043 data 68157
    regex_detector_test.go:84: Expected label ZipCode, got  ([]), file ZipCode.csv:24044 data 68164
    regex_detector_test.go:84: Expected label ZipCode, got  ([]), file ZipCode.csv:24045 data 68178
    regex_detector_test.go:84: Expected label ZipCode, got  ([]), file ZipCode.csv:24046 data 68182
    regex_detector_test.go:84: Expected label ZipCode, got  ([]), file ZipCode.csv:24047 data 68183
    regex_detector_test.go:84: Expected label ZipCode, got  ([]), file ZipCode.csv:24048 data 68301
    regex_detector_test.go:84: Expected label ZipCode, got  ([]), file ZipCode.csv:24049 data 68303
    regex_detector_test.go:84: Expected label ZipCode, got  ([]), file ZipCode.csv:24050 data 68304
    regex_detector_test.go:84: Expected label ZipCode, got  ([]), file ZipCode.csv:24051 data 68305
    regex_detector_test.go:84: Expected label ZipCode, got  ([]), file ZipCode.csv:24052 data 68307
    regex_detector_test.go:84: Expected label ZipCode, got  ([]), file ZipCode.csv:24053 data 68309
    regex_detector_test.go:84: Expected label ZipCode, got  ([]), file ZipCode.csv:24054 data 68310
    regex_detector_test.go:84: Expected label ZipCode, got  ([]), file ZipCode.csv:24055 data 68313
    regex_detector_test.go:84: Expected label ZipCode, got  ([]), file ZipCode.csv:24056 data 68314
    regex_detector_test.go:84: Expected label ZipCode, got  ([]), file ZipCode.csv:24057 data 68315
    regex_detector_test.go:84: Expected label ZipCode, got  ([]), file ZipCode.csv:24058 data 68316
    regex_detector_test.go:84: Expected label ZipCode, got  ([]), file ZipCode.csv:24059 data 68317
    regex_detector_test.go:84: Expected label ZipCode, got  ([]), file ZipCode.csv:24060 data 68318
    regex_detector_test.go:84: Expected label ZipCode, got  ([]), file ZipCode.csv:24061 data 68319
    regex_detector_test.go:84: Expected label ZipCode, got  ([]), file ZipCode.csv:24062 data 68320
    regex_detector_test.go:84: Expected label ZipCode, got  ([]), file ZipCode.csv:24063 data 68321
    regex_detector_test.go:84: Expected label ZipCode, got  ([]), file ZipCode.csv:24064 data 68322
    regex_detector_test.go:84: Expected label ZipCode, got  ([]), file ZipCode.csv:24065 data 68323
    regex_detector_test.go:84: Expected label ZipCode, got  ([]), file ZipCode.csv:24066 data 68324
    regex_detector_test.go:84: Expected label ZipCode, got  ([]), file ZipCode.csv:24067 data 68325
    regex_detector_test.go:84: Expected label ZipCode, got  ([]), file ZipCode.csv:24068 data 68326
    regex_detector_test.go:84: Expected label ZipCode, got  ([]), file ZipCode.csv:24069 data 68327
    regex_detector_test.go:84: Expected label ZipCode, got  ([]), file ZipCode.csv:24070 data 68328
    regex_detector_test.go:84: Expected label ZipCode, got  ([]), file ZipCode.csv:24071 data 68329
    regex_detector_test.go:84: Expected label ZipCode, got  ([]), file ZipCode.csv:24072 data 68330
    regex_detector_test.go:84: Expected label ZipCode, got  ([]), file ZipCode.csv:24073 data 68331
    regex_detector_test.go:84: Expected label ZipCode, got  ([]), file ZipCode.csv:24074 data 68332
    regex_detector_test.go:84: Expected label ZipCode, got  ([]), file ZipCode.csv:24075 data 68333
    regex_detector_test.go:84: Expected label ZipCode, got  ([]), file ZipCode.csv:24076 data 68335
    regex_detector_test.go:84: Expected label ZipCode, got  ([]), file ZipCode.csv:24077 data 68336
    regex_detector_test.go:84: Expected label ZipCode, got  ([]), file ZipCode.csv:24078 data 68337
    regex_detector_test.go:84: Expected label ZipCode, got  ([]), file ZipCode.csv:24079 data 68338
    regex_detector_test.go:84: Expected label ZipCode, got  ([]), file ZipCode.csv:24080 data 68339
    regex_detector_test.go:84: Expected label ZipCode, got  ([]), file ZipCode.csv:24081 data 68340
    regex_detector_test.go:84: Expected label ZipCode, got  ([]), file ZipCode.csv:24082 data 68341
    regex_detector_test.go:84: Expected label ZipCode, got  ([]), file ZipCode.csv:24083 data 68342
    regex_detector_test.go:84: Expected label ZipCode, got  ([]), file ZipCode.csv:24084 data 68343
    regex_detector_test.go:84: Expected label ZipCode, got  ([]), file ZipCode.csv:24085 data 68344
    regex_detector_test.go:84: Expected label ZipCode, got  ([]), file ZipCode.csv:24086 data 68345
    regex_detector_test.go:84: Expected label ZipCode, got  ([]), file ZipCode.csv:24087 data 68346
    regex_detector_test.go:84: Expected label ZipCode, got  ([]), file ZipCode.csv:24088 data 68347
    regex_detector_test.go:84: Expected label ZipCode, got  ([]), file ZipCode.csv:24089 data 68348
    regex_detector_test.go:84: Expected label ZipCode, got  ([]), file ZipCode.csv:24090 data 68349
    regex_detector_test.go:84: Expected label ZipCode, got  ([]), file ZipCode.csv:24091 data 68350
    regex_detector_test.go:84: Expected label ZipCode, got  ([]), file ZipCode.csv:24092 data 68351
    regex_detector_test.go:84: Expected label ZipCode, got  ([]), file ZipCode.csv:24093 data 68352
    regex_detector_test.go:84: Expected label ZipCode, got  ([]), file ZipCode.csv:24094 data 68354
    regex_detector_test.go:84: Expected label ZipCode, got  ([]), file ZipCode.csv:24095 data 68355
    regex_detector_test.go:84: Expected label ZipCode, got  ([]), file ZipCode.csv:24096 data 68357
    regex_detector_test.go:84: Expected label ZipCode, got  ([]), file ZipCode.csv:24097 data 68358
    regex_detector_test.go:84: Expected label ZipCode, got  ([]), file ZipCode.csv:24098 data 68359
    regex_detector_test.go:84: Expected label ZipCode, got  ([]), file ZipCode.csv:24099 data 68360
    regex_detector_test.go:84: Expected label ZipCode, got  ([]), file ZipCode.csv:24100 data 68361
    regex_detector_test.go:84: Expected label ZipCode, got  ([]), file ZipCode.csv:24101 data 68362
    regex_detector_test.go:84: Expected label ZipCode, got  ([]), file ZipCode.csv:24102 data 68364
    regex_detector_test.go:84: Expected label ZipCode, got  ([]), file ZipCode.csv:24103 data 68365
    regex_detector_test.go:84: Expected label ZipCode, got  ([]), file ZipCode.csv:24104 data 68366
    regex_detector_test.go:84: Expected label ZipCode, got  ([]), file ZipCode.csv:24105 data 68367
    regex_detector_test.go:84: Expected label ZipCode, got  ([]), file ZipCode.csv:24106 data 68368
    regex_detector_test.go:84: Expected label ZipCode, got  ([]), file ZipCode.csv:24107 data 68370
    regex_detector_test.go:84: Expected label ZipCode, got  ([]), file ZipCode.csv:24108 data 68371
    regex_detector_test.go:84: Expected label ZipCode, got  ([]), file ZipCode.csv:24109 data 68372
    regex_detector_test.go:84: Expected label ZipCode, got  ([]), file ZipCode.csv:24110 data 68375
    regex_detector_test.go:84: Expected label ZipCode, got  ([]), file ZipCode.csv:24111 data 68376
    regex_detector_test.go:84: Expected label ZipCode, got  ([]), file ZipCode.csv:24112 data 68377
    regex_detector_test.go:84: Expected label ZipCode, got  ([]), file ZipCode.csv:24113 data 68378
    regex_detector_test.go:84: Expected label ZipCode, got  ([]), file ZipCode.csv:24114 data 68379
    regex_detector_test.go:84: Expected label ZipCode, got  ([]), file ZipCode.csv:24115 data 68380
    regex_detector_test.go:84: Expected label ZipCode, got  ([]), file ZipCode.csv:24116 data 68381
    regex_detector_test.go:84: Expected label ZipCode, got  ([]), file ZipCode.csv:24117 data 68382
    regex_detector_test.go:84: Expected label ZipCode, got  ([]), file ZipCode.csv:24118 data 68401
    regex_detector_test.go:84: Expected label ZipCode, got  ([]), file ZipCode.csv:24119 data 68402
    regex_detector_test.go:84: Expected label ZipCode, got  ([]), file ZipCode.csv:24120 data 68403
    regex_detector_test.go:84: Expected label ZipCode, got  ([]), file ZipCode.csv:24121 data 68404
    regex_detector_test.go:84: Expected label ZipCode, got  ([]), file ZipCode.csv:24122 data 68405
    regex_detector_test.go:84: Expected label ZipCode, got  ([]), file ZipCode.csv:24123 data 68406
    regex_detector_test.go:84: Expected label ZipCode, got  ([]), file ZipCode.csv:24124 data 68407
    regex_detector_test.go:84: Expected label ZipCode, got  ([]), file ZipCode.csv:24125 data 68409
    regex_detector_test.go:84: Expected label ZipCode, got  ([]), file ZipCode.csv:24126 data 68410
    regex_detector_test.go:84: Expected label ZipCode, got  ([]), file ZipCode.csv:24127 data 68413
    regex_detector_test.go:84: Expected label ZipCode, got  ([]), file ZipCode.csv:24128 data 68414
    regex_detector_test.go:84: Expected label ZipCode, got  ([]), file ZipCode.csv:24129 data 68415
    regex_detector_test.go:84: Expected label ZipCode, got  ([]), file ZipCode.csv:24130 data 68416
    regex_detector_test.go:84: Expected label ZipCode, got  ([]), file ZipCode.csv:24131 data 68417
    regex_detector_test.go:84: Expected label ZipCode, got  ([]), file ZipCode.csv:24132 data 68418
    regex_detector_test.go:84: Expected label ZipCode, got  ([]), file ZipCode.csv:24133 data 68419
    regex_detector_test.go:84: Expected label ZipCode, got  ([]), file ZipCode.csv:24134 data 68420
    regex_detector_test.go:84: Expected label ZipCode, got  ([]), file ZipCode.csv:24135 data 68421
    regex_detector_test.go:84: Expected label ZipCode, got  ([]), file ZipCode.csv:24136 data 68422
    regex_detector_test.go:84: Expected label ZipCode, got  ([]), file ZipCode.csv:24137 data 68423
    regex_detector_test.go:84: Expected label ZipCode, got  ([]), file ZipCode.csv:24138 data 68424
    regex_detector_test.go:84: Expected label ZipCode, got  ([]), file ZipCode.csv:24139 data 68428
    regex_detector_test.go:84: Expected label ZipCode, got  ([]), file ZipCode.csv:24140 data 68429
    regex_detector_test.go:84: Expected label ZipCode, got  ([]), file ZipCode.csv:24141 data 68430
    regex_detector_test.go:84: Expected label ZipCode, got  ([]), file ZipCode.csv:24142 data 68431
    regex_detector_test.go:84: Expected label ZipCode, got  ([]), file ZipCode.csv:24143 data 68433
    regex_detector_test.go:84: Expected label ZipCode, got  ([]), file ZipCode.csv:24144 data 68434
    regex_detector_test.go:84: Expected label ZipCode, got  ([]), file ZipCode.csv:24145 data 68436
    regex_detector_test.go:84: Expected label ZipCode, got  ([]), file ZipCode.csv:24146 data 68437
    regex_detector_test.go:84: Expected label ZipCode, got  ([]), file ZipCode.csv:24147 data 68438
    regex_detector_test.go:84: Expected label ZipCode, got  ([]), file ZipCode.csv:24148 data 68439
    regex_detector_test.go:84: Expected label ZipCode, got  ([]), file ZipCode.csv:24149 data 68440
    regex_detector_test.go:84: Expected label ZipCode, got  ([]), file ZipCode.csv:24150 data 68441
    regex_detector_test.go:84: Expected label ZipCode, got  ([]), file ZipCode.csv:24151 data 68442
    regex_detector_test.go:84: Expected label ZipCode, got  ([]), file ZipCode.csv:24152 data 68443
    regex_detector_test.go:84: Expected label ZipCode, got  ([]), file ZipCode.csv:24153 data 68444
    regex_detector_test.go:84: Expected label ZipCode, got  ([]), file ZipCode.csv:24154 data 68445
    regex_detector_test.go:84: Expected label ZipCode, got  ([]), file ZipCode.csv:24155 data 68446
    regex_detector_test.go:84: Expected label ZipCode, got  ([]), file ZipCode.csv:24156 data 68447
    regex_detector_test.go:84: Expected label ZipCode, got  ([]), file ZipCode.csv:24157 data 68448
    regex_detector_test.go:84: Expected label ZipCode, got  ([]), file ZipCode.csv:24158 data 68450
    regex_detector_test.go:84: Expected label ZipCode, got  ([]), file ZipCode.csv:24159 data 68452
    regex_detector_test.go:84: Expected label ZipCode, got  ([]), file ZipCode.csv:24160 data 68453
    regex_detector_test.go:84: Expected label ZipCode, got  ([]), file ZipCode.csv:24161 data 68454
    regex_detector_test.go:84: Expected label ZipCode, got  ([]), file ZipCode.csv:24162 data 68455
    regex_detector_test.go:84: Expected label ZipCode, got  ([]), file ZipCode.csv:24163 data 68456
    regex_detector_test.go:84: Expected label ZipCode, got  ([]), file ZipCode.csv:24164 data 68457
    regex_detector_test.go:84: Expected label ZipCode, got  ([]), file ZipCode.csv:24165 data 68458
    regex_detector_test.go:84: Expected label ZipCode, got  ([]), file ZipCode.csv:24166 data 68460
    regex_detector_test.go:84: Expected label ZipCode, got  ([]), file ZipCode.csv:24167 data 68461
    regex_detector_test.go:84: Expected label ZipCode, got  ([]), file ZipCode.csv:24168 data 68462
    regex_detector_test.go:84: Expected label ZipCode, got  ([]), file ZipCode.csv:24169 data 68463
    regex_detector_test.go:84: Expected label ZipCode, got  ([]), file ZipCode.csv:24170 data 68464
    regex_detector_test.go:84: Expected label ZipCode, got  ([]), file ZipCode.csv:24171 data 68465
    regex_detector_test.go:84: Expected label ZipCode, got  ([]), file ZipCode.csv:24172 data 68466
    regex_detector_test.go:84: Expected label ZipCode, got  ([]), file ZipCode.csv:24173 data 68467
    regex_detector_test.go:84: Expected label ZipCode, got  ([]), file ZipCode.csv:24174 data 68502
    regex_detector_test.go:84: Expected label ZipCode, got  ([]), file ZipCode.csv:24175 data 68503
    regex_detector_test.go:84: Expected label ZipCode, got  ([]), file ZipCode.csv:24176 data 68504
    regex_detector_test.go:84: Expected label ZipCode, got  ([]), file ZipCode.csv:24177 data 68505
    regex_detector_test.go:84: Expected label ZipCode, got  ([]), file ZipCode.csv:24178 data 68506
    regex_detector_test.go:84: Expected label ZipCode, got  ([]), file ZipCode.csv:24179 data 68507
    regex_detector_test.go:84: Expected label ZipCode, got  ([]), file ZipCode.csv:24180 data 68508
    regex_detector_test.go:84: Expected label ZipCode, got  ([]), file ZipCode.csv:24181 data 68510
    regex_detector_test.go:84: Expected label ZipCode, got  ([]), file ZipCode.csv:24182 data 68512
    regex_detector_test.go:84: Expected label ZipCode, got  ([]), file ZipCode.csv:24183 data 68514
    regex_detector_test.go:84: Expected label ZipCode, got  ([]), file ZipCode.csv:24184 data 68516
    regex_detector_test.go:84: Expected label ZipCode, got  ([]), file ZipCode.csv:24185 data 68517
    regex_detector_test.go:84: Expected label ZipCode, got  ([]), file ZipCode.csv:24186 data 68520
    regex_detector_test.go:84: Expected label ZipCode, got  ([]), file ZipCode.csv:24187 data 68521
    regex_detector_test.go:84: Expected label ZipCode, got  ([]), file ZipCode.csv:24188 data 68522
    regex_detector_test.go:84: Expected label ZipCode, got  ([]), file ZipCode.csv:24189 data 68523
    regex_detector_test.go:84: Expected label ZipCode, got  ([]), file ZipCode.csv:24190 data 68524
    regex_detector_test.go:84: Expected label ZipCode, got  ([]), file ZipCode.csv:24191 data 68526
    regex_detector_test.go:84: Expected label ZipCode, got  ([]), file ZipCode.csv:24192 data 68527
    regex_detector_test.go:84: Expected label ZipCode, got  ([]), file ZipCode.csv:24193 data 68528
    regex_detector_test.go:84: Expected label ZipCode, got  ([]), file ZipCode.csv:24194 data 68531
    regex_detector_test.go:84: Expected label ZipCode, got  ([]), file ZipCode.csv:24195 data 68532
    regex_detector_test.go:84: Expected label ZipCode, got  ([]), file ZipCode.csv:24196 data 68588
    regex_detector_test.go:84: Expected label ZipCode, got  ([]), file ZipCode.csv:24197 data 68601
    regex_detector_test.go:84: Expected label ZipCode, got  ([]), file ZipCode.csv:24198 data 68620
    regex_detector_test.go:84: Expected label ZipCode, got  ([]), file ZipCode.csv:24199 data 68621
    regex_detector_test.go:84: Expected label ZipCode, got  ([]), file ZipCode.csv:24200 data 68622
    regex_detector_test.go:84: Expected label ZipCode, got  ([]), file ZipCode.csv:24201 data 68623
    regex_detector_test.go:84: Expected label ZipCode, got  ([]), file ZipCode.csv:24202 data 68624
    regex_detector_test.go:84: Expected label ZipCode, got  ([]), file ZipCode.csv:24203 data 68626
    regex_detector_test.go:84: Expected label ZipCode, got  ([]), file ZipCode.csv:24204 data 68627
    regex_detector_test.go:84: Expected label ZipCode, got  ([]), file ZipCode.csv:24205 data 68628
    regex_detector_test.go:84: Expected label ZipCode, got  ([]), file ZipCode.csv:24206 data 68629
    regex_detector_test.go:84: Expected label ZipCode, got  ([]), file ZipCode.csv:24207 data 68631
    regex_detector_test.go:84: Expected label ZipCode, got  ([]), file ZipCode.csv:24208 data 68632
    regex_detector_test.go:84: Expected label ZipCode, got  ([]), file ZipCode.csv:24209 data 68633
    regex_detector_test.go:84: Expected label ZipCode, got  ([]), file ZipCode.csv:24210 data 68634
    regex_detector_test.go:84: Expected label ZipCode, got  ([]), file ZipCode.csv:24211 data 68635
    regex_detector_test.go:84: Expected label ZipCode, got  ([]), file ZipCode.csv:24212 data 68636
    regex_detector_test.go:84: Expected label ZipCode, got  ([]), file ZipCode.csv:24213 data 68637
    regex_detector_test.go:84: Expected label ZipCode, got  ([]), file ZipCode.csv:24214 data 68638
    regex_detector_test.go:84: Expected label ZipCode, got  ([]), file ZipCode.csv:24215 data 68640
    regex_detector_test.go:84: Expected label ZipCode, got  ([]), file ZipCode.csv:24216 data 68641
    regex_detector_test.go:84: Expected label ZipCode, got  ([]), file ZipCode.csv:24217 data 68642
    regex_detector_test.go:84: Expected label ZipCode, got  ([]), file ZipCode.csv:24218 data 68643
    regex_detector_test.go:84: Expected label ZipCode, got  ([]), file ZipCode.csv:24219 data 68644
    regex_detector_test.go:84: Expected label ZipCode, got  ([]), file ZipCode.csv:24220 data 68647
    regex_detector_test.go:84: Expected label ZipCode, got  ([]), file ZipCode.csv:24221 data 68648
    regex_detector_test.go:84: Expected label ZipCode, got  ([]), file ZipCode.csv:24222 data 68649
    regex_detector_test.go:84: Expected label ZipCode, got  ([]), file ZipCode.csv:24223 data 68651
    regex_detector_test.go:84: Expected label ZipCode, got  ([]), file ZipCode.csv:24224 data 68652
    regex_detector_test.go:84: Expected label ZipCode, got  ([]), file ZipCode.csv:24225 data 68653
    regex_detector_test.go:84: Expected label ZipCode, got  ([]), file ZipCode.csv:24226 data 68654
    regex_detector_test.go:84: Expected label ZipCode, got  ([]), file ZipCode.csv:24227 data 68655
    regex_detector_test.go:84: Expected label ZipCode, got  ([]), file ZipCode.csv:24228 data 68658
    regex_detector_test.go:84: Expected label ZipCode, got  ([]), file ZipCode.csv:24229 data 68659
    regex_detector_test.go:84: Expected label ZipCode, got  ([]), file ZipCode.csv:24230 data 68660
    regex_detector_test.go:84: Expected label ZipCode, got  ([]), file ZipCode.csv:24231 data 68661
    regex_detector_test.go:84: Expected label ZipCode, got  ([]), file ZipCode.csv:24232 data 68662
    regex_detector_test.go:84: Expected label ZipCode, got  ([]), file ZipCode.csv:24233 data 68663
    regex_detector_test.go:84: Expected label ZipCode, got  ([]), file ZipCode.csv:24234 data 68664
    regex_detector_test.go:84: Expected label ZipCode, got  ([]), file ZipCode.csv:24235 data 68665
    regex_detector_test.go:84: Expected label ZipCode, got  ([]), file ZipCode.csv:24236 data 68666
    regex_detector_test.go:84: Expected label ZipCode, got  ([]), file ZipCode.csv:24237 data 68667
    regex_detector_test.go:84: Expected label ZipCode, got  ([]), file ZipCode.csv:24238 data 68669
    regex_detector_test.go:84: Expected label ZipCode, got  ([]), file ZipCode.csv:24239 data 68701
    regex_detector_test.go:84: Expected label ZipCode, got  ([]), file ZipCode.csv:24240 data 68710
    regex_detector_test.go:84: Expected label ZipCode, got  ([]), file ZipCode.csv:24241 data 68711
    regex_detector_test.go:84: Expected label ZipCode, got  ([]), file ZipCode.csv:24242 data 68713
    regex_detector_test.go:84: Expected label ZipCode, got  ([]), file ZipCode.csv:24243 data 68714
    regex_detector_test.go:84: Expected label ZipCode, got  ([]), file ZipCode.csv:24244 data 68715
    regex_detector_test.go:84: Expected label ZipCode, got  ([]), file ZipCode.csv:24245 data 68716
    regex_detector_test.go:84: Expected label ZipCode, got  ([]), file ZipCode.csv:24246 data 68717
    regex_detector_test.go:84: Expected label ZipCode, got  ([]), file ZipCode.csv:24247 data 68718
    regex_detector_test.go:84: Expected label ZipCode, got  ([]), file ZipCode.csv:24248 data 68719
    regex_detector_test.go:84: Expected label ZipCode, got  ([]), file ZipCode.csv:24249 data 68720
    regex_detector_test.go:84: Expected label ZipCode, got  ([]), file ZipCode.csv:24250 data 68722
    regex_detector_test.go:84: Expected label ZipCode, got  ([]), file ZipCode.csv:24251 data 68723
    regex_detector_test.go:84: Expected label ZipCode, got  ([]), file ZipCode.csv:24252 data 68724
    regex_detector_test.go:84: Expected label ZipCode, got  ([]), file ZipCode.csv:24253 data 68725
    regex_detector_test.go:84: Expected label ZipCode, got  ([]), file ZipCode.csv:24254 data 68726
    regex_detector_test.go:84: Expected label ZipCode, got  ([]), file ZipCode.csv:24255 data 68727
    regex_detector_test.go:84: Expected label ZipCode, got  ([]), file ZipCode.csv:24256 data 68728
    regex_detector_test.go:84: Expected label ZipCode, got  ([]), file ZipCode.csv:24257 data 68729
    regex_detector_test.go:84: Expected label ZipCode, got  ([]), file ZipCode.csv:24258 data 68730
    regex_detector_test.go:84: Expected label ZipCode, got  ([]), file ZipCode.csv:24259 data 68731
    regex_detector_test.go:84: Expected label ZipCode, got  ([]), file ZipCode.csv:24260 data 68732
    regex_detector_test.go:84: Expected label ZipCode, got  ([]), file ZipCode.csv:24261 data 68733
    regex_detector_test.go:84: Expected label ZipCode, got  ([]), file ZipCode.csv:24262 data 68734
    regex_detector_test.go:84: Expected label ZipCode, got  ([]), file ZipCode.csv:24263 data 68735
    regex_detector_test.go:84: Expected label ZipCode, got  ([]), file ZipCode.csv:24264 data 68736
    regex_detector_test.go:84: Expected label ZipCode, got  ([]), file ZipCode.csv:24265 data 68739
    regex_detector_test.go:84: Expected label ZipCode, got  ([]), file ZipCode.csv:24266 data 68740
    regex_detector_test.go:84: Expected label ZipCode, got  ([]), file ZipCode.csv:24267 data 68741
    regex_detector_test.go:84: Expected label ZipCode, got  ([]), file ZipCode.csv:24268 data 68742
    regex_detector_test.go:84: Expected label ZipCode, got  ([]), file ZipCode.csv:24269 data 68743
    regex_detector_test.go:84: Expected label ZipCode, got  ([]), file ZipCode.csv:24270 data 68745
    regex_detector_test.go:84: Expected label ZipCode, got  ([]), file ZipCode.csv:24271 data 68746
    regex_detector_test.go:84: Expected label ZipCode, got  ([]), file ZipCode.csv:24272 data 68747
    regex_detector_test.go:84: Expected label ZipCode, got  ([]), file ZipCode.csv:24273 data 68748
    regex_detector_test.go:84: Expected label ZipCode, got  ([]), file ZipCode.csv:24274 data 68749
    regex_detector_test.go:84: Expected label ZipCode, got  ([]), file ZipCode.csv:24275 data 68751
    regex_detector_test.go:84: Expected label ZipCode, got  ([]), file ZipCode.csv:24276 data 68752
    regex_detector_test.go:84: Expected label ZipCode, got  ([]), file ZipCode.csv:24277 data 68753
    regex_detector_test.go:84: Expected label ZipCode, got  ([]), file ZipCode.csv:24278 data 68755
    regex_detector_test.go:84: Expected label ZipCode, got  ([]), file ZipCode.csv:24279 data 68756
    regex_detector_test.go:84: Expected label ZipCode, got  ([]), file ZipCode.csv:24280 data 68757
    regex_detector_test.go:84: Expected label ZipCode, got  ([]), file ZipCode.csv:24281 data 68758
    regex_detector_test.go:84: Expected label ZipCode, got  ([]), file ZipCode.csv:24282 data 68759
    regex_detector_test.go:84: Expected label ZipCode, got  ([]), file ZipCode.csv:24283 data 68760
    regex_detector_test.go:84: Expected label ZipCode, got  ([]), file ZipCode.csv:24284 data 68761
    regex_detector_test.go:84: Expected label ZipCode, got  ([]), file ZipCode.csv:24285 data 68763
    regex_detector_test.go:84: Expected label ZipCode, got  ([]), file ZipCode.csv:24286 data 68764
    regex_detector_test.go:84: Expected label ZipCode, got  ([]), file ZipCode.csv:24287 data 68765
    regex_detector_test.go:84: Expected label ZipCode, got  ([]), file ZipCode.csv:24288 data 68766
    regex_detector_test.go:84: Expected label ZipCode, got  ([]), file ZipCode.csv:24289 data 68767
    regex_detector_test.go:84: Expected label ZipCode, got  ([]), file ZipCode.csv:24290 data 68768
    regex_detector_test.go:84: Expected label ZipCode, got  ([]), file ZipCode.csv:24291 data 68769
    regex_detector_test.go:84: Expected label ZipCode, got  ([]), file ZipCode.csv:24292 data 68770
    regex_detector_test.go:84: Expected label ZipCode, got  ([]), file ZipCode.csv:24293 data 68771
    regex_detector_test.go:84: Expected label ZipCode, got  ([]), file ZipCode.csv:24294 data 68773
    regex_detector_test.go:84: Expected label ZipCode, got  ([]), file ZipCode.csv:24295 data 68774
    regex_detector_test.go:84: Expected label ZipCode, got  ([]), file ZipCode.csv:24296 data 68776
    regex_detector_test.go:84: Expected label ZipCode, got  ([]), file ZipCode.csv:24297 data 68777
    regex_detector_test.go:84: Expected label ZipCode, got  ([]), file ZipCode.csv:24298 data 68778
    regex_detector_test.go:84: Expected label ZipCode, got  ([]), file ZipCode.csv:24299 data 68779
    regex_detector_test.go:84: Expected label ZipCode, got  ([]), file ZipCode.csv:24300 data 68780
    regex_detector_test.go:84: Expected label ZipCode, got  ([]), file ZipCode.csv:24301 data 68781
    regex_detector_test.go:84: Expected label ZipCode, got  ([]), file ZipCode.csv:24302 data 68783
    regex_detector_test.go:84: Expected label ZipCode, got  ([]), file ZipCode.csv:24303 data 68784
    regex_detector_test.go:84: Expected label ZipCode, got  ([]), file ZipCode.csv:24304 data 68785
    regex_detector_test.go:84: Expected label ZipCode, got  ([]), file ZipCode.csv:24305 data 68786
    regex_detector_test.go:84: Expected label ZipCode, got  ([]), file ZipCode.csv:24306 data 68787
    regex_detector_test.go:84: Expected label ZipCode, got  ([]), file ZipCode.csv:24307 data 68788
    regex_detector_test.go:84: Expected label ZipCode, got  ([]), file ZipCode.csv:24308 data 68789
    regex_detector_test.go:84: Expected label ZipCode, got  ([]), file ZipCode.csv:24309 data 68790
    regex_detector_test.go:84: Expected label ZipCode, got  ([]), file ZipCode.csv:24310 data 68791
    regex_detector_test.go:84: Expected label ZipCode, got  ([]), file ZipCode.csv:24311 data 68792
    regex_detector_test.go:84: Expected label ZipCode, got  ([]), file ZipCode.csv:24312 data 68801
    regex_detector_test.go:84: Expected label ZipCode, got  ([]), file ZipCode.csv:24313 data 68803
    regex_detector_test.go:84: Expected label ZipCode, got  ([]), file ZipCode.csv:24314 data 68810
    regex_detector_test.go:84: Expected label ZipCode, got  ([]), file ZipCode.csv:24315 data 68812
    regex_detector_test.go:84: Expected label ZipCode, got  ([]), file ZipCode.csv:24316 data 68813
    regex_detector_test.go:84: Expected label ZipCode, got  ([]), file ZipCode.csv:24317 data 68814
    regex_detector_test.go:84: Expected label ZipCode, got  ([]), file ZipCode.csv:24318 data 68815
    regex_detector_test.go:84: Expected label ZipCode, got  ([]), file ZipCode.csv:24319 data 68816
    regex_detector_test.go:84: Expected label ZipCode, got  ([]), file ZipCode.csv:24320 data 68817
    regex_detector_test.go:84: Expected label ZipCode, got  ([]), file ZipCode.csv:24321 data 68818
    regex_detector_test.go:84: Expected label ZipCode, got  ([]), file ZipCode.csv:24322 data 68820
    regex_detector_test.go:84: Expected label ZipCode, got  ([]), file ZipCode.csv:24323 data 68821
    regex_detector_test.go:84: Expected label ZipCode, got  ([]), file ZipCode.csv:24324 data 68822
    regex_detector_test.go:84: Expected label ZipCode, got  ([]), file ZipCode.csv:24325 data 68823
    regex_detector_test.go:84: Expected label ZipCode, got  ([]), file ZipCode.csv:24326 data 68824
    regex_detector_test.go:84: Expected label ZipCode, got  ([]), file ZipCode.csv:24327 data 68825
    regex_detector_test.go:84: Expected label ZipCode, got  ([]), file ZipCode.csv:24328 data 68826
    regex_detector_test.go:84: Expected label ZipCode, got  ([]), file ZipCode.csv:24329 data 68827
    regex_detector_test.go:84: Expected label ZipCode, got  ([]), file ZipCode.csv:24330 data 68828
    regex_detector_test.go:84: Expected label ZipCode, got  ([]), file ZipCode.csv:24331 data 68831
    regex_detector_test.go:84: Expected label ZipCode, got  ([]), file ZipCode.csv:24332 data 68832
    regex_detector_test.go:84: Expected label ZipCode, got  ([]), file ZipCode.csv:24333 data 68833
    regex_detector_test.go:84: Expected label ZipCode, got  ([]), file ZipCode.csv:24334 data 68834
    regex_detector_test.go:84: Expected label ZipCode, got  ([]), file ZipCode.csv:24335 data 68835
    regex_detector_test.go:84: Expected label ZipCode, got  ([]), file ZipCode.csv:24336 data 68836
    regex_detector_test.go:84: Expected label ZipCode, got  ([]), file ZipCode.csv:24337 data 68837
    regex_detector_test.go:84: Expected label ZipCode, got  ([]), file ZipCode.csv:24338 data 68838
    regex_detector_test.go:84: Expected label ZipCode, got  ([]), file ZipCode.csv:24339 data 68840
    regex_detector_test.go:84: Expected label ZipCode, got  ([]), file ZipCode.csv:24340 data 68841
    regex_detector_test.go:84: Expected label ZipCode, got  ([]), file ZipCode.csv:24341 data 68842
    regex_detector_test.go:84: Expected label ZipCode, got  ([]), file ZipCode.csv:24342 data 68843
    regex_detector_test.go:84: Expected label ZipCode, got  ([]), file ZipCode.csv:24343 data 68844
    regex_detector_test.go:84: Expected label ZipCode, got  ([]), file ZipCode.csv:24344 data 68845
    regex_detector_test.go:84: Expected label ZipCode, got  ([]), file ZipCode.csv:24345 data 68846
    regex_detector_test.go:84: Expected label ZipCode, got  ([]), file ZipCode.csv:24346 data 68847
    regex_detector_test.go:84: Expected label ZipCode, got  ([]), file ZipCode.csv:24347 data 68849
    regex_detector_test.go:84: Expected label ZipCode, got  ([]), file ZipCode.csv:24348 data 68850
    regex_detector_test.go:84: Expected label ZipCode, got  ([]), file ZipCode.csv:24349 data 68852
    regex_detector_test.go:84: Expected label ZipCode, got  ([]), file ZipCode.csv:24350 data 68853
    regex_detector_test.go:84: Expected label ZipCode, got  ([]), file ZipCode.csv:24351 data 68854
    regex_detector_test.go:84: Expected label ZipCode, got  ([]), file ZipCode.csv:24352 data 68855
    regex_detector_test.go:84: Expected label ZipCode, got  ([]), file ZipCode.csv:24353 data 68856
    regex_detector_test.go:84: Expected label ZipCode, got  ([]), file ZipCode.csv:24354 data 68858
    regex_detector_test.go:84: Expected label ZipCode, got  ([]), file ZipCode.csv:24355 data 68859
    regex_detector_test.go:84: Expected label ZipCode, got  ([]), file ZipCode.csv:24356 data 68860
    regex_detector_test.go:84: Expected label ZipCode, got  ([]), file ZipCode.csv:24357 data 68861
    regex_detector_test.go:84: Expected label ZipCode, got  ([]), file ZipCode.csv:24358 data 68862
    regex_detector_test.go:84: Expected label ZipCode, got  ([]), file ZipCode.csv:24359 data 68863
    regex_detector_test.go:84: Expected label ZipCode, got  ([]), file ZipCode.csv:24360 data 68864
    regex_detector_test.go:84: Expected label ZipCode, got  ([]), file ZipCode.csv:24361 data 68865
    regex_detector_test.go:84: Expected label ZipCode, got  ([]), file ZipCode.csv:24362 data 68866
    regex_detector_test.go:84: Expected label ZipCode, got  ([]), file ZipCode.csv:24363 data 68869
    regex_detector_test.go:84: Expected label ZipCode, got  ([]), file ZipCode.csv:24364 data 68870
    regex_detector_test.go:84: Expected label ZipCode, got  ([]), file ZipCode.csv:24365 data 68871
    regex_detector_test.go:84: Expected label ZipCode, got  ([]), file ZipCode.csv:24366 data 68872
    regex_detector_test.go:84: Expected label ZipCode, got  ([]), file ZipCode.csv:24367 data 68873
    regex_detector_test.go:84: Expected label ZipCode, got  ([]), file ZipCode.csv:24368 data 68874
    regex_detector_test.go:84: Expected label ZipCode, got  ([]), file ZipCode.csv:24369 data 68875
    regex_detector_test.go:84: Expected label ZipCode, got  ([]), file ZipCode.csv:24370 data 68876
    regex_detector_test.go:84: Expected label ZipCode, got  ([]), file ZipCode.csv:24371 data 68878
    regex_detector_test.go:84: Expected label ZipCode, got  ([]), file ZipCode.csv:24372 data 68879
    regex_detector_test.go:84: Expected label ZipCode, got  ([]), file ZipCode.csv:24373 data 68881
    regex_detector_test.go:84: Expected label ZipCode, got  ([]), file ZipCode.csv:24374 data 68882
    regex_detector_test.go:84: Expected label ZipCode, got  ([]), file ZipCode.csv:24375 data 68883
    regex_detector_test.go:84: Expected label ZipCode, got  ([]), file ZipCode.csv:24376 data 68901
    regex_detector_test.go:84: Expected label ZipCode, got  ([]), file ZipCode.csv:24377 data 68920
    regex_detector_test.go:84: Expected label ZipCode, got  ([]), file ZipCode.csv:24378 data 68922
    regex_detector_test.go:84: Expected label ZipCode, got  ([]), file ZipCode.csv:24379 data 68923
    regex_detector_test.go:84: Expected label ZipCode, got  ([]), file ZipCode.csv:24380 data 68924
    regex_detector_test.go:84: Expected label ZipCode, got  ([]), file ZipCode.csv:24381 data 68925
    regex_detector_test.go:84: Expected label ZipCode, got  ([]), file ZipCode.csv:24382 data 68926
    regex_detector_test.go:84: Expected label ZipCode, got  ([]), file ZipCode.csv:24383 data 68927
    regex_detector_test.go:84: Expected label ZipCode, got  ([]), file ZipCode.csv:24384 data 68928
    regex_detector_test.go:84: Expected label ZipCode, got  ([]), file ZipCode.csv:24385 data 68929
    regex_detector_test.go:84: Expected label ZipCode, got  ([]), file ZipCode.csv:24386 data 68930
    regex_detector_test.go:84: Expected label ZipCode, got  ([]), file ZipCode.csv:24387 data 68932
    regex_detector_test.go:84: Expected label ZipCode, got  ([]), file ZipCode.csv:24388 data 68933
    regex_detector_test.go:84: Expected label ZipCode, got  ([]), file ZipCode.csv:24389 data 68934
    regex_detector_test.go:84: Expected label ZipCode, got  ([]), file ZipCode.csv:24390 data 68935
    regex_detector_test.go:84: Expected label ZipCode, got  ([]), file ZipCode.csv:24391 data 68936
    regex_detector_test.go:84: Expected label ZipCode, got  ([]), file ZipCode.csv:24392 data 68937
    regex_detector_test.go:84: Expected label ZipCode, got  ([]), file ZipCode.csv:24393 data 68938
    regex_detector_test.go:84: Expected label ZipCode, got  ([]), file ZipCode.csv:24394 data 68939
    regex_detector_test.go:84: Expected label ZipCode, got  ([]), file ZipCode.csv:24395 data 68940
    regex_detector_test.go:84: Expected label ZipCode, got  ([]), file ZipCode.csv:24396 data 68941
    regex_detector_test.go:84: Expected label ZipCode, got  ([]), file ZipCode.csv:24397 data 68942
    regex_detector_test.go:84: Expected label ZipCode, got  ([]), file ZipCode.csv:24398 data 68943
    regex_detector_test.go:84: Expected label ZipCode, got  ([]), file ZipCode.csv:24399 data 68944
    regex_detector_test.go:84: Expected label ZipCode, got  ([]), file ZipCode.csv:24400 data 68945
    regex_detector_test.go:84: Expected label ZipCode, got  ([]), file ZipCode.csv:24401 data 68946
    regex_detector_test.go:84: Expected label ZipCode, got  ([]), file ZipCode.csv:24402 data 68947
    regex_detector_test.go:84: Expected label ZipCode, got  ([]), file ZipCode.csv:24403 data 68948
    regex_detector_test.go:84: Expected label ZipCode, got  ([]), file ZipCode.csv:24404 data 68949
    regex_detector_test.go:84: Expected label ZipCode, got  ([]), file ZipCode.csv:24405 data 68950
    regex_detector_test.go:84: Expected label ZipCode, got  ([]), file ZipCode.csv:24406 data 68952
    regex_detector_test.go:84: Expected label ZipCode, got  ([]), file ZipCode.csv:24407 data 68954
    regex_detector_test.go:84: Expected label ZipCode, got  ([]), file ZipCode.csv:24408 data 68955
    regex_detector_test.go:84: Expected label ZipCode, got  ([]), file ZipCode.csv:24409 data 68956
    regex_detector_test.go:84: Expected label ZipCode, got  ([]), file ZipCode.csv:24410 data 68957
    regex_detector_test.go:84: Expected label ZipCode, got  ([]), file ZipCode.csv:24411 data 68958
    regex_detector_test.go:84: Expected label ZipCode, got  ([]), file ZipCode.csv:24412 data 68959
    regex_detector_test.go:84: Expected label ZipCode, got  ([]), file ZipCode.csv:24413 data 68960
    regex_detector_test.go:84: Expected label ZipCode, got  ([]), file ZipCode.csv:24414 data 68961
    regex_detector_test.go:84: Expected label ZipCode, got  ([]), file ZipCode.csv:24415 data 68964
    regex_detector_test.go:84: Expected label ZipCode, got  ([]), file ZipCode.csv:24416 data 68966
    regex_detector_test.go:84: Expected label ZipCode, got  ([]), file ZipCode.csv:24417 data 68967
    regex_detector_test.go:84: Expected label ZipCode, got  ([]), file ZipCode.csv:24418 data 68970
    regex_detector_test.go:84: Expected label ZipCode, got  ([]), file ZipCode.csv:24419 data 68971
    regex_detector_test.go:84: Expected label ZipCode, got  ([]), file ZipCode.csv:24420 data 68972
    regex_detector_test.go:84: Expected label ZipCode, got  ([]), file ZipCode.csv:24421 data 68973
    regex_detector_test.go:84: Expected label ZipCode, got  ([]), file ZipCode.csv:24422 data 68974
    regex_detector_test.go:84: Expected label ZipCode, got  ([]), file ZipCode.csv:24423 data 68975
    regex_detector_test.go:84: Expected label ZipCode, got  ([]), file ZipCode.csv:24424 data 68976
    regex_detector_test.go:84: Expected label ZipCode, got  ([]), file ZipCode.csv:24425 data 68977
    regex_detector_test.go:84: Expected label ZipCode, got  ([]), file ZipCode.csv:24426 data 68978
    regex_detector_test.go:84: Expected label ZipCode, got  ([]), file ZipCode.csv:24427 data 68979
    regex_detector_test.go:84: Expected label ZipCode, got  ([]), file ZipCode.csv:24428 data 68980
    regex_detector_test.go:84: Expected label ZipCode, got  ([]), file ZipCode.csv:24429 data 68981
    regex_detector_test.go:84: Expected label ZipCode, got  ([]), file ZipCode.csv:24430 data 68982
    regex_detector_test.go:84: Expected label ZipCode, got  ([]), file ZipCode.csv:24431 data 69001
    regex_detector_test.go:84: Expected label ZipCode, got  ([]), file ZipCode.csv:24432 data 69020
    regex_detector_test.go:84: Expected label ZipCode, got  ([]), file ZipCode.csv:24433 data 69021
    regex_detector_test.go:84: Expected label ZipCode, got  ([]), file ZipCode.csv:24434 data 69022
    regex_detector_test.go:84: Expected label ZipCode, got  ([]), file ZipCode.csv:24435 data 69023
    regex_detector_test.go:84: Expected label ZipCode, got  ([]), file ZipCode.csv:24436 data 69024
    regex_detector_test.go:84: Expected label ZipCode, got  ([]), file ZipCode.csv:24437 data 69025
    regex_detector_test.go:84: Expected label ZipCode, got  ([]), file ZipCode.csv:24438 data 69026
    regex_detector_test.go:84: Expected label ZipCode, got  ([]), file ZipCode.csv:24439 data 69027
    regex_detector_test.go:84: Expected label ZipCode, got  ([]), file ZipCode.csv:24440 data 69028
    regex_detector_test.go:84: Expected label ZipCode, got  ([]), file ZipCode.csv:24441 data 69029
    regex_detector_test.go:84: Expected label ZipCode, got  ([]), file ZipCode.csv:24442 data 69030
    regex_detector_test.go:84: Expected label ZipCode, got  ([]), file ZipCode.csv:24443 data 69032
    regex_detector_test.go:84: Expected label ZipCode, got  ([]), file ZipCode.csv:24444 data 69033
    regex_detector_test.go:84: Expected label ZipCode, got  ([]), file ZipCode.csv:24445 data 69034
    regex_detector_test.go:84: Expected label ZipCode, got  ([]), file ZipCode.csv:24446 data 69036
    regex_detector_test.go:84: Expected label ZipCode, got  ([]), file ZipCode.csv:24447 data 69037
    regex_detector_test.go:84: Expected label ZipCode, got  ([]), file ZipCode.csv:24448 data 69038
    regex_detector_test.go:84: Expected label ZipCode, got  ([]), file ZipCode.csv:24449 data 69039
    regex_detector_test.go:84: Expected label ZipCode, got  ([]), file ZipCode.csv:24450 data 69040
    regex_detector_test.go:84: Expected label ZipCode, got  ([]), file ZipCode.csv:24451 data 69041
    regex_detector_test.go:84: Expected label ZipCode, got  ([]), file ZipCode.csv:24452 data 69042
    regex_detector_test.go:84: Expected label ZipCode, got  ([]), file ZipCode.csv:24453 data 69043
    regex_detector_test.go:84: Expected label ZipCode, got  ([]), file ZipCode.csv:24454 data 69044
    regex_detector_test.go:84: Expected label ZipCode, got  ([]), file ZipCode.csv:24455 data 69045
    regex_detector_test.go:84: Expected label ZipCode, got  ([]), file ZipCode.csv:24456 data 69046
    regex_detector_test.go:84: Expected label ZipCode, got  ([]), file ZipCode.csv:24457 data 69101
    regex_detector_test.go:84: Expected label ZipCode, got  ([]), file ZipCode.csv:24458 data 69120
    regex_detector_test.go:84: Expected label ZipCode, got  ([]), file ZipCode.csv:24459 data 69121
    regex_detector_test.go:84: Expected label ZipCode, got  ([]), file ZipCode.csv:24460 data 69122
    regex_detector_test.go:84: Expected label ZipCode, got  ([]), file ZipCode.csv:24461 data 69123
    regex_detector_test.go:84: Expected label ZipCode, got  ([]), file ZipCode.csv:24462 data 69125
    regex_detector_test.go:84: Expected label ZipCode, got  ([]), file ZipCode.csv:24463 data 69127
    regex_detector_test.go:84: Expected label ZipCode, got  ([]), file ZipCode.csv:24464 data 69128
    regex_detector_test.go:84: Expected label ZipCode, got  ([]), file ZipCode.csv:24465 data 69129
    regex_detector_test.go:84: Expected label ZipCode, got  ([]), file ZipCode.csv:24466 data 69130
    regex_detector_test.go:84: Expected label ZipCode, got  ([]), file ZipCode.csv:24467 data 69131
    regex_detector_test.go:84: Expected label ZipCode, got  ([]), file ZipCode.csv:24468 data 69132
    regex_detector_test.go:84: Expected label ZipCode, got  ([]), file ZipCode.csv:24469 data 69133
    regex_detector_test.go:84: Expected label ZipCode, got  ([]), file ZipCode.csv:24470 data 69134
    regex_detector_test.go:84: Expected label ZipCode, got  ([]), file ZipCode.csv:24471 data 69135
    regex_detector_test.go:84: Expected label ZipCode, got  ([]), file ZipCode.csv:24472 data 69138
    regex_detector_test.go:84: Expected label ZipCode, got  ([]), file ZipCode.csv:24473 data 69140
    regex_detector_test.go:84: Expected label ZipCode, got  ([]), file ZipCode.csv:24474 data 69141
    regex_detector_test.go:84: Expected label ZipCode, got  ([]), file ZipCode.csv:24475 data 69142
    regex_detector_test.go:84: Expected label ZipCode, got  ([]), file ZipCode.csv:24476 data 69143
    regex_detector_test.go:84: Expected label ZipCode, got  ([]), file ZipCode.csv:24477 data 69144
    regex_detector_test.go:84: Expected label ZipCode, got  ([]), file ZipCode.csv:24478 data 69145
    regex_detector_test.go:84: Expected label ZipCode, got  ([]), file ZipCode.csv:24479 data 69146
    regex_detector_test.go:84: Expected label ZipCode, got  ([]), file ZipCode.csv:24480 data 69147
    regex_detector_test.go:84: Expected label ZipCode, got  ([]), file ZipCode.csv:24481 data 69148
    regex_detector_test.go:84: Expected label ZipCode, got  ([]), file ZipCode.csv:24482 data 69149
    regex_detector_test.go:84: Expected label ZipCode, got  ([]), file ZipCode.csv:24483 data 69150
    regex_detector_test.go:84: Expected label ZipCode, got  ([]), file ZipCode.csv:24484 data 69151
    regex_detector_test.go:84: Expected label ZipCode, got  ([]), file ZipCode.csv:24485 data 69152
    regex_detector_test.go:84: Expected label ZipCode, got  ([]), file ZipCode.csv:24486 data 69153
    regex_detector_test.go:84: Expected label ZipCode, got  ([]), file ZipCode.csv:24487 data 69154
    regex_detector_test.go:84: Expected label ZipCode, got  ([]), file ZipCode.csv:24488 data 69155
    regex_detector_test.go:84: Expected label ZipCode, got  ([]), file ZipCode.csv:24489 data 69156
    regex_detector_test.go:84: Expected label ZipCode, got  ([]), file ZipCode.csv:24490 data 69157
    regex_detector_test.go:84: Expected label ZipCode, got  ([]), file ZipCode.csv:24491 data 69161
    regex_detector_test.go:84: Expected label ZipCode, got  ([]), file ZipCode.csv:24492 data 69162
    regex_detector_test.go:84: Expected label ZipCode, got  ([]), file ZipCode.csv:24493 data 69163
    regex_detector_test.go:84: Expected label ZipCode, got  ([]), file ZipCode.csv:24494 data 69165
    regex_detector_test.go:84: Expected label ZipCode, got  ([]), file ZipCode.csv:24495 data 69166
    regex_detector_test.go:84: Expected label ZipCode, got  ([]), file ZipCode.csv:24496 data 69167
    regex_detector_test.go:84: Expected label ZipCode, got  ([]), file ZipCode.csv:24497 data 69168
    regex_detector_test.go:84: Expected label ZipCode, got  ([]), file ZipCode.csv:24498 data 69169
    regex_detector_test.go:84: Expected label ZipCode, got  ([]), file ZipCode.csv:24499 data 69170
    regex_detector_test.go:84: Expected label ZipCode, got  ([]), file ZipCode.csv:24500 data 69171
    regex_detector_test.go:84: Expected label ZipCode, got  ([]), file ZipCode.csv:24501 data 69201
    regex_detector_test.go:84: Expected label ZipCode, got  ([]), file ZipCode.csv:24502 data 69210
    regex_detector_test.go:84: Expected label ZipCode, got  ([]), file ZipCode.csv:24503 data 69211
    regex_detector_test.go:84: Expected label ZipCode, got  ([]), file ZipCode.csv:24504 data 69212
    regex_detector_test.go:84: Expected label ZipCode, got  ([]), file ZipCode.csv:24505 data 69214
    regex_detector_test.go:84: Expected label ZipCode, got  ([]), file ZipCode.csv:24506 data 69216
    regex_detector_test.go:84: Expected label ZipCode, got  ([]), file ZipCode.csv:24507 data 69217
    regex_detector_test.go:84: Expected label ZipCode, got  ([]), file ZipCode.csv:24508 data 69218
    regex_detector_test.go:84: Expected label ZipCode, got  ([]), file ZipCode.csv:24509 data 69219
    regex_detector_test.go:84: Expected label ZipCode, got  ([]), file ZipCode.csv:24510 data 69220
    regex_detector_test.go:84: Expected label ZipCode, got  ([]), file ZipCode.csv:24511 data 69221
    regex_detector_test.go:84: Expected label ZipCode, got  ([]), file ZipCode.csv:24512 data 69301
    regex_detector_test.go:84: Expected label ZipCode, got  ([]), file ZipCode.csv:24513 data 69331
    regex_detector_test.go:84: Expected label ZipCode, got  ([]), file ZipCode.csv:24514 data 69333
    regex_detector_test.go:84: Expected label ZipCode, got  ([]), file ZipCode.csv:24515 data 69334
    regex_detector_test.go:84: Expected label ZipCode, got  ([]), file ZipCode.csv:24516 data 69335
    regex_detector_test.go:84: Expected label ZipCode, got  ([]), file ZipCode.csv:24517 data 69336
    regex_detector_test.go:84: Expected label ZipCode, got  ([]), file ZipCode.csv:24518 data 69337
    regex_detector_test.go:84: Expected label ZipCode, got  ([]), file ZipCode.csv:24519 data 69339
    regex_detector_test.go:84: Expected label ZipCode, got  ([]), file ZipCode.csv:24520 data 69340
    regex_detector_test.go:84: Expected label ZipCode, got  ([]), file ZipCode.csv:24521 data 69341
    regex_detector_test.go:84: Expected label ZipCode, got  ([]), file ZipCode.csv:24522 data 69343
    regex_detector_test.go:84: Expected label ZipCode, got  ([]), file ZipCode.csv:24523 data 69345
    regex_detector_test.go:84: Expected label ZipCode, got  ([]), file ZipCode.csv:24524 data 69346
    regex_detector_test.go:84: Expected label ZipCode, got  ([]), file ZipCode.csv:24525 data 69347
    regex_detector_test.go:84: Expected label ZipCode, got  ([]), file ZipCode.csv:24526 data 69348
    regex_detector_test.go:84: Expected label ZipCode, got  ([]), file ZipCode.csv:24527 data 69350
    regex_detector_test.go:84: Expected label ZipCode, got  ([]), file ZipCode.csv:24528 data 69351
    regex_detector_test.go:84: Expected label ZipCode, got  ([]), file ZipCode.csv:24529 data 69352
    regex_detector_test.go:84: Expected label ZipCode, got  ([]), file ZipCode.csv:24530 data 69353
    regex_detector_test.go:84: Expected label ZipCode, got  ([]), file ZipCode.csv:24531 data 69354
    regex_detector_test.go:84: Expected label ZipCode, got  ([]), file ZipCode.csv:24532 data 69355
    regex_detector_test.go:84: Expected label ZipCode, got  ([]), file ZipCode.csv:24533 data 69356
    regex_detector_test.go:84: Expected label ZipCode, got  ([]), file ZipCode.csv:24534 data 69357
    regex_detector_test.go:84: Expected label ZipCode, got  ([]), file ZipCode.csv:24535 data 69358
    regex_detector_test.go:84: Expected label ZipCode, got  ([]), file ZipCode.csv:24536 data 69360
    regex_detector_test.go:84: Expected label ZipCode, got  ([]), file ZipCode.csv:24537 data 69361
    regex_detector_test.go:84: Expected label ZipCode, got  ([]), file ZipCode.csv:24538 data 69365
    regex_detector_test.go:84: Expected label ZipCode, got  ([]), file ZipCode.csv:24539 data 69366
    regex_detector_test.go:84: Expected label ZipCode, got  ([]), file ZipCode.csv:24540 data 69367
    regex_detector_test.go:84: Expected label ZipCode, got  ([]), file ZipCode.csv:24541 data 70001
    regex_detector_test.go:84: Expected label ZipCode, got  ([]), file ZipCode.csv:24542 data 70002
    regex_detector_test.go:84: Expected label ZipCode, got  ([]), file ZipCode.csv:24543 data 70003
    regex_detector_test.go:84: Expected label ZipCode, got  ([]), file ZipCode.csv:24544 data 70005
    regex_detector_test.go:84: Expected label ZipCode, got  ([]), file ZipCode.csv:24545 data 70006
    regex_detector_test.go:84: Expected label ZipCode, got  ([]), file ZipCode.csv:24546 data 70030
    regex_detector_test.go:84: Expected label ZipCode, got  ([]), file ZipCode.csv:24547 data 70031
    regex_detector_test.go:84: Expected label ZipCode, got  ([]), file ZipCode.csv:24548 data 70032
    regex_detector_test.go:84: Expected label ZipCode, got  ([]), file ZipCode.csv:24549 data 70036
    regex_detector_test.go:84: Expected label ZipCode, got  ([]), file ZipCode.csv:24550 data 70037
    regex_detector_test.go:84: Expected label ZipCode, got  ([]), file ZipCode.csv:24551 data 70038
    regex_detector_test.go:84: Expected label ZipCode, got  ([]), file ZipCode.csv:24552 data 70039
    regex_detector_test.go:84: Expected label ZipCode, got  ([]), file ZipCode.csv:24553 data 70040
    regex_detector_test.go:84: Expected label ZipCode, got  ([]), file ZipCode.csv:24554 data 70041
    regex_detector_test.go:84: Expected label ZipCode, got  ([]), file ZipCode.csv:24555 data 70043
    regex_detector_test.go:84: Expected label ZipCode, got  ([]), file ZipCode.csv:24556 data 70047
    regex_detector_test.go:84: Expected label ZipCode, got  ([]), file ZipCode.csv:24557 data 70049
    regex_detector_test.go:84: Expected label ZipCode, got  ([]), file ZipCode.csv:24558 data 70050
    regex_detector_test.go:84: Expected label ZipCode, got  ([]), file ZipCode.csv:24559 data 70051
    regex_detector_test.go:84: Expected label ZipCode, got  ([]), file ZipCode.csv:24560 data 70052
    regex_detector_test.go:84: Expected label ZipCode, got  ([]), file ZipCode.csv:24561 data 70053
    regex_detector_test.go:84: Expected label ZipCode, got  ([]), file ZipCode.csv:24562 data 70056
    regex_detector_test.go:84: Expected label ZipCode, got  ([]), file ZipCode.csv:24563 data 70057
    regex_detector_test.go:84: Expected label ZipCode, got  ([]), file ZipCode.csv:24564 data 70058
    regex_detector_test.go:84: Expected label ZipCode, got  ([]), file ZipCode.csv:24565 data 70062
    regex_detector_test.go:84: Expected label ZipCode, got  ([]), file ZipCode.csv:24566 data 70065
    regex_detector_test.go:84: Expected label ZipCode, got  ([]), file ZipCode.csv:24567 data 70067
    regex_detector_test.go:84: Expected label ZipCode, got  ([]), file ZipCode.csv:24568 data 70068
    regex_detector_test.go:84: Expected label ZipCode, got  ([]), file ZipCode.csv:24569 data 70070
    regex_detector_test.go:84: Expected label ZipCode, got  ([]), file ZipCode.csv:24570 data 70071
    regex_detector_test.go:84: Expected label ZipCode, got  ([]), file ZipCode.csv:24571 data 70072
    regex_detector_test.go:84: Expected label ZipCode, got  ([]), file ZipCode.csv:24572 data 70075
    regex_detector_test.go:84: Expected label ZipCode, got  ([]), file ZipCode.csv:24573 data 70076
    regex_detector_test.go:84: Expected label ZipCode, got  ([]), file ZipCode.csv:24574 data 70079
    regex_detector_test.go:84: Expected label ZipCode, got  ([]), file ZipCode.csv:24575 data 70080
    regex_detector_test.go:84: Expected label ZipCode, got  ([]), file ZipCode.csv:24576 data 70082
    regex_detector_test.go:84: Expected label ZipCode, got  ([]), file ZipCode.csv:24577 data 70083
    regex_detector_test.go:84: Expected label ZipCode, got  ([]), file ZipCode.csv:24578 data 70084
    regex_detector_test.go:84: Expected label ZipCode, got  ([]), file ZipCode.csv:24579 data 70085
    regex_detector_test.go:84: Expected label ZipCode, got  ([]), file ZipCode.csv:24580 data 70086
    regex_detector_test.go:84: Expected label ZipCode, got  ([]), file ZipCode.csv:24581 data 70087
    regex_detector_test.go:84: Expected label ZipCode, got  ([]), file ZipCode.csv:24582 data 70090
    regex_detector_test.go:84: Expected label ZipCode, got  ([]), file ZipCode.csv:24583 data 70091
    regex_detector_test.go:84: Expected label ZipCode, got  ([]), file ZipCode.csv:24584 data 70092
    regex_detector_test.go:84: Expected label ZipCode, got  ([]), file ZipCode.csv:24585 data 70094
    regex_detector_test.go:84: Expected label ZipCode, got  ([]), file ZipCode.csv:24586 data 70112
    regex_detector_test.go:84: Expected label ZipCode, got  ([]), file ZipCode.csv:24587 data 70113
    regex_detector_test.go:84: Expected label ZipCode, got  ([]), file ZipCode.csv:24588 data 70114
    regex_detector_test.go:84: Expected label ZipCode, got  ([]), file ZipCode.csv:24589 data 70115
    regex_detector_test.go:84: Expected label ZipCode, got  ([]), file ZipCode.csv:24590 data 70116
    regex_detector_test.go:84: Expected label ZipCode, got  ([]), file ZipCode.csv:24591 data 70117
    regex_detector_test.go:84: Expected label ZipCode, got  ([]), file ZipCode.csv:24592 data 70118
    regex_detector_test.go:84: Expected label ZipCode, got  ([]), file ZipCode.csv:24593 data 70119
    regex_detector_test.go:84: Expected label ZipCode, got  ([]), file ZipCode.csv:24594 data 70121
    regex_detector_test.go:84: Expected label ZipCode, got  ([]), file ZipCode.csv:24595 data 70122
    regex_detector_test.go:84: Expected label ZipCode, got  ([]), file ZipCode.csv:24596 data 70123
    regex_detector_test.go:84: Expected label ZipCode, got  ([]), file ZipCode.csv:24597 data 70124
    regex_detector_test.go:84: Expected label ZipCode, got  ([]), file ZipCode.csv:24598 data 70125
    regex_detector_test.go:84: Expected label ZipCode, got  ([]), file ZipCode.csv:24599 data 70126
    regex_detector_test.go:84: Expected label ZipCode, got  ([]), file ZipCode.csv:24600 data 70127
    regex_detector_test.go:84: Expected label ZipCode, got  ([]), file ZipCode.csv:24601 data 70128
    regex_detector_test.go:84: Expected label ZipCode, got  ([]), file ZipCode.csv:24602 data 70129
    regex_detector_test.go:84: Expected label ZipCode, got  ([]), file ZipCode.csv:24603 data 70130
    regex_detector_test.go:84: Expected label ZipCode, got  ([]), file ZipCode.csv:24604 data 70131
    regex_detector_test.go:84: Expected label ZipCode, got  ([]), file ZipCode.csv:24605 data 70139
    regex_detector_test.go:84: Expected label ZipCode, got  ([]), file ZipCode.csv:24606 data 70148
    regex_detector_test.go:84: Expected label ZipCode, got  ([]), file ZipCode.csv:24607 data 70163
    regex_detector_test.go:84: Expected label ZipCode, got  ([]), file ZipCode.csv:24608 data 70301
    regex_detector_test.go:84: Expected label ZipCode, got  ([]), file ZipCode.csv:24609 data 70310
    regex_detector_test.go:84: Expected label ZipCode, got  ([]), file ZipCode.csv:24610 data 70339
    regex_detector_test.go:84: Expected label ZipCode, got  ([]), file ZipCode.csv:24611 data 70340
    regex_detector_test.go:84: Expected label ZipCode, got  ([]), file ZipCode.csv:24612 data 70341
    regex_detector_test.go:84: Expected label ZipCode, got  ([]), file ZipCode.csv:24613 data 70342
    regex_detector_test.go:84: Expected label ZipCode, got  ([]), file ZipCode.csv:24614 data 70343
    regex_detector_test.go:84: Expected label ZipCode, got  ([]), file ZipCode.csv:24615 data 70344
    regex_detector_test.go:84: Expected label ZipCode, got  ([]), file ZipCode.csv:24616 data 70345
    regex_detector_test.go:84: Expected label ZipCode, got  ([]), file ZipCode.csv:24617 data 70346
    regex_detector_test.go:84: Expected label ZipCode, got  ([]), file ZipCode.csv:24618 data 70352
    regex_detector_test.go:84: Expected label ZipCode, got  ([]), file ZipCode.csv:24619 data 70353
    regex_detector_test.go:84: Expected label ZipCode, got  ([]), file ZipCode.csv:24620 data 70354
    regex_detector_test.go:84: Expected label ZipCode, got  ([]), file ZipCode.csv:24621 data 70355
    regex_detector_test.go:84: Expected label ZipCode, got  ([]), file ZipCode.csv:24622 data 70356
    regex_detector_test.go:84: Expected label ZipCode, got  ([]), file ZipCode.csv:24623 data 70357
    regex_detector_test.go:84: Expected label ZipCode, got  ([]), file ZipCode.csv:24624 data 70358
    regex_detector_test.go:84: Expected label ZipCode, got  ([]), file ZipCode.csv:24625 data 70359
    regex_detector_test.go:84: Expected label ZipCode, got  ([]), file ZipCode.csv:24626 data 70360
    regex_detector_test.go:84: Expected label ZipCode, got  ([]), file ZipCode.csv:24627 data 70363
    regex_detector_test.go:84: Expected label ZipCode, got  ([]), file ZipCode.csv:24628 data 70364
    regex_detector_test.go:84: Expected label ZipCode, got  ([]), file ZipCode.csv:24629 data 70372
    regex_detector_test.go:84: Expected label ZipCode, got  ([]), file ZipCode.csv:24630 data 70373
    regex_detector_test.go:84: Expected label ZipCode, got  ([]), file ZipCode.csv:24631 data 70374
    regex_detector_test.go:84: Expected label ZipCode, got  ([]), file ZipCode.csv:24632 data 70375
    regex_detector_test.go:84: Expected label ZipCode, got  ([]), file ZipCode.csv:24633 data 70377
    regex_detector_test.go:84: Expected label ZipCode, got  ([]), file ZipCode.csv:24634 data 70380
    regex_detector_test.go:84: Expected label ZipCode, got  ([]), file ZipCode.csv:24635 data 70390
    regex_detector_test.go:84: Expected label ZipCode, got  ([]), file ZipCode.csv:24636 data 70391
    regex_detector_test.go:84: Expected label ZipCode, got  ([]), file ZipCode.csv:24637 data 70392
    regex_detector_test.go:84: Expected label ZipCode, got  ([]), file ZipCode.csv:24638 data 70393
    regex_detector_test.go:84: Expected label ZipCode, got  ([]), file ZipCode.csv:24639 data 70394
    regex_detector_test.go:84: Expected label ZipCode, got  ([]), file ZipCode.csv:24640 data 70395
    regex_detector_test.go:84: Expected label ZipCode, got  ([]), file ZipCode.csv:24641 data 70397
    regex_detector_test.go:84: Expected label ZipCode, got  ([]), file ZipCode.csv:24642 data 70401
    regex_detector_test.go:84: Expected label ZipCode, got  ([]), file ZipCode.csv:24643 data 70402
    regex_detector_test.go:84: Expected label ZipCode, got  ([]), file ZipCode.csv:24644 data 70403
    regex_detector_test.go:84: Expected label ZipCode, got  ([]), file ZipCode.csv:24645 data 70420
    regex_detector_test.go:84: Expected label ZipCode, got  ([]), file ZipCode.csv:24646 data 70422
    regex_detector_test.go:84: Expected label ZipCode, got  ([]), file ZipCode.csv:24647 data 70426
    regex_detector_test.go:84: Expected label ZipCode, got  ([]), file ZipCode.csv:24648 data 70427
    regex_detector_test.go:84: Expected label ZipCode, got  ([]), file ZipCode.csv:24649 data 70431
    regex_detector_test.go:84: Expected label ZipCode, got  ([]), file ZipCode.csv:24650 data 70433
    regex_detector_test.go:84: Expected label ZipCode, got  ([]), file ZipCode.csv:24651 data 70435
    regex_detector_test.go:84: Expected label ZipCode, got  ([]), file ZipCode.csv:24652 data 70436
    regex_detector_test.go:84: Expected label ZipCode, got  ([]), file ZipCode.csv:24653 data 70437
    regex_detector_test.go:84: Expected label ZipCode, got  ([]), file ZipCode.csv:24654 data 70438
    regex_detector_test.go:84: Expected label ZipCode, got  ([]), file ZipCode.csv:24655 data 70441
    regex_detector_test.go:84: Expected label ZipCode, got  ([]), file ZipCode.csv:24656 data 70442
    regex_detector_test.go:84: Expected label ZipCode, got  ([]), file ZipCode.csv:24657 data 70443
    regex_detector_test.go:84: Expected label ZipCode, got  ([]), file ZipCode.csv:24658 data 70444
    regex_detector_test.go:84: Expected label ZipCode, got  ([]), file ZipCode.csv:24659 data 70445
    regex_detector_test.go:84: Expected label ZipCode, got  ([]), file ZipCode.csv:24660 data 70446
    regex_detector_test.go:84: Expected label ZipCode, got  ([]), file ZipCode.csv:24661 data 70447
    regex_detector_test.go:84: Expected label ZipCode, got  ([]), file ZipCode.csv:24662 data 70448
    regex_detector_test.go:84: Expected label ZipCode, got  ([]), file ZipCode.csv:24663 data 70449
    regex_detector_test.go:84: Expected label ZipCode, got  ([]), file ZipCode.csv:24664 data 70450
    regex_detector_test.go:84: Expected label ZipCode, got  ([]), file ZipCode.csv:24665 data 70451
    regex_detector_test.go:84: Expected label ZipCode, got  ([]), file ZipCode.csv:24666 data 70452
    regex_detector_test.go:84: Expected label ZipCode, got  ([]), file ZipCode.csv:24667 data 70453
    regex_detector_test.go:84: Expected label ZipCode, got  ([]), file ZipCode.csv:24668 data 70454
    regex_detector_test.go:84: Expected label ZipCode, got  ([]), file ZipCode.csv:24669 data 70455
    regex_detector_test.go:84: Expected label ZipCode, got  ([]), file ZipCode.csv:24670 data 70456
    regex_detector_test.go:84: Expected label ZipCode, got  ([]), file ZipCode.csv:24671 data 70457
    regex_detector_test.go:84: Expected label ZipCode, got  ([]), file ZipCode.csv:24672 data 70458
    regex_detector_test.go:84: Expected label ZipCode, got  ([]), file ZipCode.csv:24673 data 70460
    regex_detector_test.go:84: Expected label ZipCode, got  ([]), file ZipCode.csv:24674 data 70461
    regex_detector_test.go:84: Expected label ZipCode, got  ([]), file ZipCode.csv:24675 data 70462
    regex_detector_test.go:84: Expected label ZipCode, got  ([]), file ZipCode.csv:24676 data 70463
    regex_detector_test.go:84: Expected label ZipCode, got  ([]), file ZipCode.csv:24677 data 70464
    regex_detector_test.go:84: Expected label ZipCode, got  ([]), file ZipCode.csv:24678 data 70465
    regex_detector_test.go:84: Expected label ZipCode, got  ([]), file ZipCode.csv:24679 data 70466
    regex_detector_test.go:84: Expected label ZipCode, got  ([]), file ZipCode.csv:24680 data 70471
    regex_detector_test.go:84: Expected label ZipCode, got  ([]), file ZipCode.csv:24681 data 70501
    regex_detector_test.go:84: Expected label ZipCode, got  ([]), file ZipCode.csv:24682 data 70503
    regex_detector_test.go:84: Expected label ZipCode, got  ([]), file ZipCode.csv:24683 data 70506
    regex_detector_test.go:84: Expected label ZipCode, got  ([]), file ZipCode.csv:24684 data 70507
    regex_detector_test.go:84: Expected label ZipCode, got  ([]), file ZipCode.csv:24685 data 70508
    regex_detector_test.go:84: Expected label ZipCode, got  ([]), file ZipCode.csv:24686 data 70510
    regex_detector_test.go:84: Expected label ZipCode, got  ([]), file ZipCode.csv:24687 data 70512
    regex_detector_test.go:84: Expected label ZipCode, got  ([]), file ZipCode.csv:24688 data 70513
    regex_detector_test.go:84: Expected label ZipCode, got  ([]), file ZipCode.csv:24689 data 70514
    regex_detector_test.go:84: Expected label ZipCode, got  ([]), file ZipCode.csv:24690 data 70515
    regex_detector_test.go:84: Expected label ZipCode, got  ([]), file ZipCode.csv:24691 data 70516
    regex_detector_test.go:84: Expected label ZipCode, got  ([]), file ZipCode.csv:24692 data 70517
    regex_detector_test.go:84: Expected label ZipCode, got  ([]), file ZipCode.csv:24693 data 70518
    regex_detector_test.go:84: Expected label ZipCode, got  ([]), file ZipCode.csv:24694 data 70519
    regex_detector_test.go:84: Expected label ZipCode, got  ([]), file ZipCode.csv:24695 data 70520
    regex_detector_test.go:84: Expected label ZipCode, got  ([]), file ZipCode.csv:24696 data 70522
    regex_detector_test.go:84: Expected label ZipCode, got  ([]), file ZipCode.csv:24697 data 70523
    regex_detector_test.go:84: Expected label ZipCode, got  ([]), file ZipCode.csv:24698 data 70524
    regex_detector_test.go:84: Expected label ZipCode, got  ([]), file ZipCode.csv:24699 data 70525
    regex_detector_test.go:84: Expected label ZipCode, got  ([]), file ZipCode.csv:24700 data 70526
    regex_detector_test.go:84: Expected label ZipCode, got  ([]), file ZipCode.csv:24701 data 70528
    regex_detector_test.go:84: Expected label ZipCode, got  ([]), file ZipCode.csv:24702 data 70529
    regex_detector_test.go:84: Expected label ZipCode, got  ([]), file ZipCode.csv:24703 data 70531
    regex_detector_test.go:84: Expected label ZipCode, got  ([]), file ZipCode.csv:24704 data 70532
    regex_detector_test.go:84: Expected label ZipCode, got  ([]), file ZipCode.csv:24705 data 70533
    regex_detector_test.go:84: Expected label ZipCode, got  ([]), file ZipCode.csv:24706 data 70534
    regex_detector_test.go:84: Expected label ZipCode, got  ([]), file ZipCode.csv:24707 data 70535
    regex_detector_test.go:84: Expected label ZipCode, got  ([]), file ZipCode.csv:24708 data 70537
    regex_detector_test.go:84: Expected label ZipCode, got  ([]), file ZipCode.csv:24709 data 70538
    regex_detector_test.go:84: Expected label ZipCode, got  ([]), file ZipCode.csv:24710 data 70541
    regex_detector_test.go:84: Expected label ZipCode, got  ([]), file ZipCode.csv:24711 data 70542
    regex_detector_test.go:84: Expected label ZipCode, got  ([]), file ZipCode.csv:24712 data 70543
    regex_detector_test.go:84: Expected label ZipCode, got  ([]), file ZipCode.csv:24713 data 70544
    regex_detector_test.go:84: Expected label ZipCode, got  ([]), file ZipCode.csv:24714 data 70546
    regex_detector_test.go:84: Expected label ZipCode, got  ([]), file ZipCode.csv:24715 data 70548
    regex_detector_test.go:84: Expected label ZipCode, got  ([]), file ZipCode.csv:24716 data 70549
    regex_detector_test.go:84: Expected label ZipCode, got  ([]), file ZipCode.csv:24717 data 70550
    regex_detector_test.go:84: Expected label ZipCode, got  ([]), file ZipCode.csv:24718 data 70551
    regex_detector_test.go:84: Expected label ZipCode, got  ([]), file ZipCode.csv:24719 data 70552
    regex_detector_test.go:84: Expected label ZipCode, got  ([]), file ZipCode.csv:24720 data 70554
    regex_detector_test.go:84: Expected label ZipCode, got  ([]), file ZipCode.csv:24721 data 70555
    regex_detector_test.go:84: Expected label ZipCode, got  ([]), file ZipCode.csv:24722 data 70556
    regex_detector_test.go:84: Expected label ZipCode, got  ([]), file ZipCode.csv:24723 data 70558
    regex_detector_test.go:84: Expected label ZipCode, got  ([]), file ZipCode.csv:24724 data 70559
    regex_detector_test.go:84: Expected label ZipCode, got  ([]), file ZipCode.csv:24725 data 70560
    regex_detector_test.go:84: Expected label ZipCode, got  ([]), file ZipCode.csv:24726 data 70563
    regex_detector_test.go:84: Expected label ZipCode, got  ([]), file ZipCode.csv:24727 data 70570
    regex_detector_test.go:84: Expected label ZipCode, got  ([]), file ZipCode.csv:24728 data 70575
    regex_detector_test.go:84: Expected label ZipCode, got  ([]), file ZipCode.csv:24729 data 70576
    regex_detector_test.go:84: Expected label ZipCode, got  ([]), file ZipCode.csv:24730 data 70577
    regex_detector_test.go:84: Expected label ZipCode, got  ([]), file ZipCode.csv:24731 data 70578
    regex_detector_test.go:84: Expected label ZipCode, got  ([]), file ZipCode.csv:24732 data 70580
    regex_detector_test.go:84: Expected label ZipCode, got  ([]), file ZipCode.csv:24733 data 70581
    regex_detector_test.go:84: Expected label ZipCode, got  ([]), file ZipCode.csv:24734 data 70582
    regex_detector_test.go:84: Expected label ZipCode, got  ([]), file ZipCode.csv:24735 data 70583
    regex_detector_test.go:84: Expected label ZipCode, got  ([]), file ZipCode.csv:24736 data 70584
    regex_detector_test.go:84: Expected label ZipCode, got  ([]), file ZipCode.csv:24737 data 70585
    regex_detector_test.go:84: Expected label ZipCode, got  ([]), file ZipCode.csv:24738 data 70586
    regex_detector_test.go:84: Expected label ZipCode, got  ([]), file ZipCode.csv:24739 data 70589
    regex_detector_test.go:84: Expected label ZipCode, got  ([]), file ZipCode.csv:24740 data 70591
    regex_detector_test.go:84: Expected label ZipCode, got  ([]), file ZipCode.csv:24741 data 70592
    regex_detector_test.go:84: Expected label ZipCode, got  ([]), file ZipCode.csv:24742 data 70601
    regex_detector_test.go:84: Expected label ZipCode, got  ([]), file ZipCode.csv:24743 data 70605
    regex_detector_test.go:84: Expected label ZipCode, got  ([]), file ZipCode.csv:24744 data 70607
    regex_detector_test.go:84: Expected label ZipCode, got  ([]), file ZipCode.csv:24745 data 70609
    regex_detector_test.go:84: Expected label ZipCode, got  ([]), file ZipCode.csv:24746 data 70611
    regex_detector_test.go:84: Expected label ZipCode, got  ([]), file ZipCode.csv:24747 data 70615
    regex_detector_test.go:84: Expected label ZipCode, got  ([]), file ZipCode.csv:24748 data 70629
    regex_detector_test.go:84: Expected label ZipCode, got  ([]), file ZipCode.csv:24749 data 70630
    regex_detector_test.go:84: Expected label ZipCode, got  ([]), file ZipCode.csv:24750 data 70631
    regex_detector_test.go:84: Expected label ZipCode, got  ([]), file ZipCode.csv:24751 data 70632
    regex_detector_test.go:84: Expected label ZipCode, got  ([]), file ZipCode.csv:24752 data 70633
    regex_detector_test.go:84: Expected label ZipCode, got  ([]), file ZipCode.csv:24753 data 70634
    regex_detector_test.go:84: Expected label ZipCode, got  ([]), file ZipCode.csv:24754 data 70637
    regex_detector_test.go:84: Expected label ZipCode, got  ([]), file ZipCode.csv:24755 data 70638
    regex_detector_test.go:84: Expected label ZipCode, got  ([]), file ZipCode.csv:24756 data 70639
    regex_detector_test.go:84: Expected label ZipCode, got  ([]), file ZipCode.csv:24757 data 70640
    regex_detector_test.go:84: Expected label ZipCode, got  ([]), file ZipCode.csv:24758 data 70643
    regex_detector_test.go:84: Expected label ZipCode, got  ([]), file ZipCode.csv:24759 data 70644
    regex_detector_test.go:84: Expected label ZipCode, got  ([]), file ZipCode.csv:24760 data 70645
    regex_detector_test.go:84: Expected label ZipCode, got  ([]), file ZipCode.csv:24761 data 70646
    regex_detector_test.go:84: Expected label ZipCode, got  ([]), file ZipCode.csv:24762 data 70647
    regex_detector_test.go:84: Expected label ZipCode, got  ([]), file ZipCode.csv:24763 data 70648
    regex_detector_test.go:84: Expected label ZipCode, got  ([]), file ZipCode.csv:24764 data 70650
    regex_detector_test.go:84: Expected label ZipCode, got  ([]), file ZipCode.csv:24765 data 70651
    regex_detector_test.go:84: Expected label ZipCode, got  ([]), file ZipCode.csv:24766 data 70652
    regex_detector_test.go:84: Expected label ZipCode, got  ([]), file ZipCode.csv:24767 data 70653
    regex_detector_test.go:84: Expected label ZipCode, got  ([]), file ZipCode.csv:24768 data 70654
    regex_detector_test.go:84: Expected label ZipCode, got  ([]), file ZipCode.csv:24769 data 70655
    regex_detector_test.go:84: Expected label ZipCode, got  ([]), file ZipCode.csv:24770 data 70656
    regex_detector_test.go:84: Expected label ZipCode, got  ([]), file ZipCode.csv:24771 data 70657
    regex_detector_test.go:84: Expected label ZipCode, got  ([]), file ZipCode.csv:24772 data 70658
    regex_detector_test.go:84: Expected label ZipCode, got  ([]), file ZipCode.csv:24773 data 70659
    regex_detector_test.go:84: Expected label ZipCode, got  ([]), file ZipCode.csv:24774 data 70660
    regex_detector_test.go:84: Expected label ZipCode, got  ([]), file ZipCode.csv:24775 data 70661
    regex_detector_test.go:84: Expected label ZipCode, got  ([]), file ZipCode.csv:24776 data 70662
    regex_detector_test.go:84: Expected label ZipCode, got  ([]), file ZipCode.csv:24777 data 70663
    regex_detector_test.go:84: Expected label ZipCode, got  ([]), file ZipCode.csv:24778 data 70665
    regex_detector_test.go:84: Expected label ZipCode, got  ([]), file ZipCode.csv:24779 data 70668
    regex_detector_test.go:84: Expected label ZipCode, got  ([]), file ZipCode.csv:24780 data 70669
    regex_detector_test.go:84: Expected label ZipCode, got  ([]), file ZipCode.csv:24781 data 70706
    regex_detector_test.go:84: Expected label ZipCode, got  ([]), file ZipCode.csv:24782 data 70710
    regex_detector_test.go:84: Expected label ZipCode, got  ([]), file ZipCode.csv:24783 data 70711
    regex_detector_test.go:84: Expected label ZipCode, got  ([]), file ZipCode.csv:24784 data 70712
    regex_detector_test.go:84: Expected label ZipCode, got  ([]), file ZipCode.csv:24785 data 70714
    regex_detector_test.go:84: Expected label ZipCode, got  ([]), file ZipCode.csv:24786 data 70715
    regex_detector_test.go:84: Expected label ZipCode, got  ([]), file ZipCode.csv:24787 data 70719
    regex_detector_test.go:84: Expected label ZipCode, got  ([]), file ZipCode.csv:24788 data 70721
    regex_detector_test.go:84: Expected label ZipCode, got  ([]), file ZipCode.csv:24789 data 70722
    regex_detector_test.go:84: Expected label ZipCode, got  ([]), file ZipCode.csv:24790 data 70723
    regex_detector_test.go:84: Expected label ZipCode, got  ([]), file ZipCode.csv:24791 data 70725
    regex_detector_test.go:84: Expected label ZipCode, got  ([]), file ZipCode.csv:24792 data 70726
    regex_detector_test.go:84: Expected label ZipCode, got  ([]), file ZipCode.csv:24793 data 70729
    regex_detector_test.go:84: Expected label ZipCode, got  ([]), file ZipCode.csv:24794 data 70730
    regex_detector_test.go:84: Expected label ZipCode, got  ([]), file ZipCode.csv:24795 data 70732
    regex_detector_test.go:84: Expected label ZipCode, got  ([]), file ZipCode.csv:24796 data 70733
    regex_detector_test.go:84: Expected label ZipCode, got  ([]), file ZipCode.csv:24797 data 70734
    regex_detector_test.go:84: Expected label ZipCode, got  ([]), file ZipCode.csv:24798 data 70736
    regex_detector_test.go:84: Expected label ZipCode, got  ([]), file ZipCode.csv:24799 data 70737
    regex_detector_test.go:84: Expected label ZipCode, got  ([]), file ZipCode.csv:24800 data 70739
    regex_detector_test.go:84: Expected label ZipCode, got  ([]), file ZipCode.csv:24801 data 70740
    regex_detector_test.go:84: Expected label ZipCode, got  ([]), file ZipCode.csv:24802 data 70743
    regex_detector_test.go:84: Expected label ZipCode, got  ([]), file ZipCode.csv:24803 data 70744
    regex_detector_test.go:84: Expected label ZipCode, got  ([]), file ZipCode.csv:24804 data 70747
    regex_detector_test.go:84: Expected label ZipCode, got  ([]), file ZipCode.csv:24805 data 70748
    regex_detector_test.go:84: Expected label ZipCode, got  ([]), file ZipCode.csv:24806 data 70749
    regex_detector_test.go:84: Expected label ZipCode, got  ([]), file ZipCode.csv:24807 data 70750
    regex_detector_test.go:84: Expected label ZipCode, got  ([]), file ZipCode.csv:24808 data 70752
    regex_detector_test.go:84: Expected label ZipCode, got  ([]), file ZipCode.csv:24809 data 70753
    regex_detector_test.go:84: Expected label ZipCode, got  ([]), file ZipCode.csv:24810 data 70754
    regex_detector_test.go:84: Expected label ZipCode, got  ([]), file ZipCode.csv:24811 data 70755
    regex_detector_test.go:84: Expected label ZipCode, got  ([]), file ZipCode.csv:24812 data 70756
    regex_detector_test.go:84: Expected label ZipCode, got  ([]), file ZipCode.csv:24813 data 70757
    regex_detector_test.go:84: Expected label ZipCode, got  ([]), file ZipCode.csv:24814 data 70759
    regex_detector_test.go:84: Expected label ZipCode, got  ([]), file ZipCode.csv:24815 data 70760
    regex_detector_test.go:84: Expected label ZipCode, got  ([]), file ZipCode.csv:24816 data 70761
    regex_detector_test.go:84: Expected label ZipCode, got  ([]), file ZipCode.csv:24817 data 70762
    regex_detector_test.go:84: Expected label ZipCode, got  ([]), file ZipCode.csv:24818 data 70763
    regex_detector_test.go:84: Expected label ZipCode, got  ([]), file ZipCode.csv:24819 data 70764
    regex_detector_test.go:84: Expected label ZipCode, got  ([]), file ZipCode.csv:24820 data 70767
    regex_detector_test.go:84: Expected label ZipCode, got  ([]), file ZipCode.csv:24821 data 70769
    regex_detector_test.go:84: Expected label ZipCode, got  ([]), file ZipCode.csv:24822 data 70770
    regex_detector_test.go:84: Expected label ZipCode, got  ([]), file ZipCode.csv:24823 data 70772
    regex_detector_test.go:84: Expected label ZipCode, got  ([]), file ZipCode.csv:24824 data 70773
    regex_detector_test.go:84: Expected label ZipCode, got  ([]), file ZipCode.csv:24825 data 70774
    regex_detector_test.go:84: Expected label ZipCode, got  ([]), file ZipCode.csv:24826 data 70775
    regex_detector_test.go:84: Expected label ZipCode, got  ([]), file ZipCode.csv:24827 data 70776
    regex_detector_test.go:84: Expected label ZipCode, got  ([]), file ZipCode.csv:24828 data 70777
    regex_detector_test.go:84: Expected label ZipCode, got  ([]), file ZipCode.csv:24829 data 70778
    regex_detector_test.go:84: Expected label ZipCode, got  ([]), file ZipCode.csv:24830 data 70780
    regex_detector_test.go:84: Expected label ZipCode, got  ([]), file ZipCode.csv:24831 data 70782
    regex_detector_test.go:84: Expected label ZipCode, got  ([]), file ZipCode.csv:24832 data 70783
    regex_detector_test.go:84: Expected label ZipCode, got  ([]), file ZipCode.csv:24833 data 70785
    regex_detector_test.go:84: Expected label ZipCode, got  ([]), file ZipCode.csv:24834 data 70786
    regex_detector_test.go:84: Expected label ZipCode, got  ([]), file ZipCode.csv:24835 data 70787
    regex_detector_test.go:84: Expected label ZipCode, got  ([]), file ZipCode.csv:24836 data 70788
    regex_detector_test.go:84: Expected label ZipCode, got  ([]), file ZipCode.csv:24837 data 70789
    regex_detector_test.go:84: Expected label ZipCode, got  ([]), file ZipCode.csv:24838 data 70791
    regex_detector_test.go:84: Expected label ZipCode, got  ([]), file ZipCode.csv:24839 data 70801
    regex_detector_test.go:84: Expected label ZipCode, got  ([]), file ZipCode.csv:24840 data 70802
    regex_detector_test.go:84: Expected label ZipCode, got  ([]), file ZipCode.csv:24841 data 70803
    regex_detector_test.go:84: Expected label ZipCode, got  ([]), file ZipCode.csv:24842 data 70805
    regex_detector_test.go:84: Expected label ZipCode, got  ([]), file ZipCode.csv:24843 data 70806
    regex_detector_test.go:84: Expected label ZipCode, got  ([]), file ZipCode.csv:24844 data 70807
    regex_detector_test.go:84: Expected label ZipCode, got  ([]), file ZipCode.csv:24845 data 70808
    regex_detector_test.go:84: Expected label ZipCode, got  ([]), file ZipCode.csv:24846 data 70809
    regex_detector_test.go:84: Expected label ZipCode, got  ([]), file ZipCode.csv:24847 data 70810
    regex_detector_test.go:84: Expected label ZipCode, got  ([]), file ZipCode.csv:24848 data 70811
    regex_detector_test.go:84: Expected label ZipCode, got  ([]), file ZipCode.csv:24849 data 70812
    regex_detector_test.go:84: Expected label ZipCode, got  ([]), file ZipCode.csv:24850 data 70813
    regex_detector_test.go:84: Expected label ZipCode, got  ([]), file ZipCode.csv:24851 data 70814
    regex_detector_test.go:84: Expected label ZipCode, got  ([]), file ZipCode.csv:24852 data 70815
    regex_detector_test.go:84: Expected label ZipCode, got  ([]), file ZipCode.csv:24853 data 70816
    regex_detector_test.go:84: Expected label ZipCode, got  ([]), file ZipCode.csv:24854 data 70817
    regex_detector_test.go:84: Expected label ZipCode, got  ([]), file ZipCode.csv:24855 data 70818
    regex_detector_test.go:84: Expected label ZipCode, got  ([]), file ZipCode.csv:24856 data 70819
    regex_detector_test.go:84: Expected label ZipCode, got  ([]), file ZipCode.csv:24857 data 70820
    regex_detector_test.go:84: Expected label ZipCode, got  ([]), file ZipCode.csv:24858 data 70825
    regex_detector_test.go:84: Expected label ZipCode, got  ([]), file ZipCode.csv:24859 data 70836
    regex_detector_test.go:84: Expected label ZipCode, got  ([]), file ZipCode.csv:24860 data 71001
    regex_detector_test.go:84: Expected label ZipCode, got  ([]), file ZipCode.csv:24861 data 71002
    regex_detector_test.go:84: Expected label ZipCode, got  ([]), file ZipCode.csv:24862 data 71003
    regex_detector_test.go:84: Expected label ZipCode, got  ([]), file ZipCode.csv:24863 data 71004
    regex_detector_test.go:84: Expected label ZipCode, got  ([]), file ZipCode.csv:24864 data 71006
    regex_detector_test.go:84: Expected label ZipCode, got  ([]), file ZipCode.csv:24865 data 71007
    regex_detector_test.go:84: Expected label ZipCode, got  ([]), file ZipCode.csv:24866 data 71008
    regex_detector_test.go:84: Expected label ZipCode, got  ([]), file ZipCode.csv:24867 data 71009
    regex_detector_test.go:84: Expected label ZipCode, got  ([]), file ZipCode.csv:24868 data 71016
    regex_detector_test.go:84: Expected label ZipCode, got  ([]), file ZipCode.csv:24869 data 71018
    regex_detector_test.go:84: Expected label ZipCode, got  ([]), file ZipCode.csv:24870 data 71019
    regex_detector_test.go:84: Expected label ZipCode, got  ([]), file ZipCode.csv:24871 data 71021
    regex_detector_test.go:84: Expected label ZipCode, got  ([]), file ZipCode.csv:24872 data 71023
    regex_detector_test.go:84: Expected label ZipCode, got  ([]), file ZipCode.csv:24873 data 71024
    regex_detector_test.go:84: Expected label ZipCode, got  ([]), file ZipCode.csv:24874 data 71027
    regex_detector_test.go:84: Expected label ZipCode, got  ([]), file ZipCode.csv:24875 data 71028
    regex_detector_test.go:84: Expected label ZipCode, got  ([]), file ZipCode.csv:24876 data 71029
    regex_detector_test.go:84: Expected label ZipCode, got  ([]), file ZipCode.csv:24877 data 71030
    regex_detector_test.go:84: Expected label ZipCode, got  ([]), file ZipCode.csv:24878 data 71031
    regex_detector_test.go:84: Expected label ZipCode, got  ([]), file ZipCode.csv:24879 data 71032
    regex_detector_test.go:84: Expected label ZipCode, got  ([]), file ZipCode.csv:24880 data 71033
    regex_detector_test.go:84: Expected label ZipCode, got  ([]), file ZipCode.csv:24881 data 71034
    regex_detector_test.go:84: Expected label ZipCode, got  ([]), file ZipCode.csv:24882 data 71037
    regex_detector_test.go:84: Expected label ZipCode, got  ([]), file ZipCode.csv:24883 data 71038
    regex_detector_test.go:84: Expected label ZipCode, got  ([]), file ZipCode.csv:24884 data 71039
    regex_detector_test.go:84: Expected label ZipCode, got  ([]), file ZipCode.csv:24885 data 71040
    regex_detector_test.go:84: Expected label ZipCode, got  ([]), file ZipCode.csv:24886 data 71043
    regex_detector_test.go:84: Expected label ZipCode, got  ([]), file ZipCode.csv:24887 data 71044
    regex_detector_test.go:84: Expected label ZipCode, got  ([]), file ZipCode.csv:24888 data 71045
    regex_detector_test.go:84: Expected label ZipCode, got  ([]), file ZipCode.csv:24889 data 71046
    regex_detector_test.go:84: Expected label ZipCode, got  ([]), file ZipCode.csv:24890 data 71047
    regex_detector_test.go:84: Expected label ZipCode, got  ([]), file ZipCode.csv:24891 data 71048
    regex_detector_test.go:84: Expected label ZipCode, got  ([]), file ZipCode.csv:24892 data 71049
    regex_detector_test.go:84: Expected label ZipCode, got  ([]), file ZipCode.csv:24893 data 71051
    regex_detector_test.go:84: Expected label ZipCode, got  ([]), file ZipCode.csv:24894 data 71052
    regex_detector_test.go:84: Expected label ZipCode, got  ([]), file ZipCode.csv:24895 data 71055
    regex_detector_test.go:84: Expected label ZipCode, got  ([]), file ZipCode.csv:24896 data 71060
    regex_detector_test.go:84: Expected label ZipCode, got  ([]), file ZipCode.csv:24897 data 71061
    regex_detector_test.go:84: Expected label ZipCode, got  ([]), file ZipCode.csv:24898 data 71063
    regex_detector_test.go:84: Expected label ZipCode, got  ([]), file ZipCode.csv:24899 data 71064
    regex_detector_test.go:84: Expected label ZipCode, got  ([]), file ZipCode.csv:24900 data 71065
    regex_detector_test.go:84: Expected label ZipCode, got  ([]), file ZipCode.csv:24901 data 71066
    regex_detector_test.go:84: Expected label ZipCode, got  ([]), file ZipCode.csv:24902 data 71067
    regex_detector_test.go:84: Expected label ZipCode, got  ([]), file ZipCode.csv:24903 data 71068
    regex_detector_test.go:84: Expected label ZipCode, got  ([]), file ZipCode.csv:24904 data 71069
    regex_detector_test.go:84: Expected label ZipCode, got  ([]), file ZipCode.csv:24905 data 71070
    regex_detector_test.go:84: Expected label ZipCode, got  ([]), file ZipCode.csv:24906 data 71071
    regex_detector_test.go:84: Expected label ZipCode, got  ([]), file ZipCode.csv:24907 data 71072
    regex_detector_test.go:84: Expected label ZipCode, got  ([]), file ZipCode.csv:24908 data 71073
    regex_detector_test.go:84: Expected label ZipCode, got  ([]), file ZipCode.csv:24909 data 71075
    regex_detector_test.go:84: Expected label ZipCode, got  ([]), file ZipCode.csv:24910 data 71078
    regex_detector_test.go:84: Expected label ZipCode, got  ([]), file ZipCode.csv:24911 data 71079
    regex_detector_test.go:84: Expected label ZipCode, got  ([]), file ZipCode.csv:24912 data 71082
    regex_detector_test.go:84: Expected label ZipCode, got  ([]), file ZipCode.csv:24913 data 71101
    regex_detector_test.go:84: Expected label ZipCode, got  ([]), file ZipCode.csv:24914 data 71103
    regex_detector_test.go:84: Expected label ZipCode, got  ([]), file ZipCode.csv:24915 data 71104
    regex_detector_test.go:84: Expected label ZipCode, got  ([]), file ZipCode.csv:24916 data 71105
    regex_detector_test.go:84: Expected label ZipCode, got  ([]), file ZipCode.csv:24917 data 71106
    regex_detector_test.go:84: Expected label ZipCode, got  ([]), file ZipCode.csv:24918 data 71107
    regex_detector_test.go:84: Expected label ZipCode, got  ([]), file ZipCode.csv:24919 data 71108
    regex_detector_test.go:84: Expected label ZipCode, got  ([]), file ZipCode.csv:24920 data 71109
    regex_detector_test.go:84: Expected label ZipCode, got  ([]), file ZipCode.csv:24921 data 71110
    regex_detector_test.go:84: Expected label ZipCode, got  ([]), file ZipCode.csv:24922 data 71111
    regex_detector_test.go:84: Expected label ZipCode, got  ([]), file ZipCode.csv:24923 data 71112
    regex_detector_test.go:84: Expected label ZipCode, got  ([]), file ZipCode.csv:24924 data 71115
    regex_detector_test.go:84: Expected label ZipCode, got  ([]), file ZipCode.csv:24925 data 71118
    regex_detector_test.go:84: Expected label ZipCode, got  ([]), file ZipCode.csv:24926 data 71119
    regex_detector_test.go:84: Expected label ZipCode, got  ([]), file ZipCode.csv:24927 data 71129
    regex_detector_test.go:84: Expected label ZipCode, got  ([]), file ZipCode.csv:24928 data 71201
    regex_detector_test.go:84: Expected label ZipCode, got  ([]), file ZipCode.csv:24929 data 71202
    regex_detector_test.go:84: Expected label ZipCode, got  ([]), file ZipCode.csv:24930 data 71203
    regex_detector_test.go:84: Expected label ZipCode, got  ([]), file ZipCode.csv:24931 data 71209
    regex_detector_test.go:84: Expected label ZipCode, got  ([]), file ZipCode.csv:24932 data 71212
    regex_detector_test.go:84: Expected label ZipCode, got  ([]), file ZipCode.csv:24933 data 71218
    regex_detector_test.go:84: Expected label ZipCode, got  ([]), file ZipCode.csv:24934 data 71219
    regex_detector_test.go:84: Expected label ZipCode, got  ([]), file ZipCode.csv:24935 data 71220
    regex_detector_test.go:84: Expected label ZipCode, got  ([]), file ZipCode.csv:24936 data 71222
    regex_detector_test.go:84: Expected label ZipCode, got  ([]), file ZipCode.csv:24937 data 71223
    regex_detector_test.go:84: Expected label ZipCode, got  ([]), file ZipCode.csv:24938 data 71225
    regex_detector_test.go:84: Expected label ZipCode, got  ([]), file ZipCode.csv:24939 data 71226
    regex_detector_test.go:84: Expected label ZipCode, got  ([]), file ZipCode.csv:24940 data 71227
    regex_detector_test.go:84: Expected label ZipCode, got  ([]), file ZipCode.csv:24941 data 71229
    regex_detector_test.go:84: Expected label ZipCode, got  ([]), file ZipCode.csv:24942 data 71230
    regex_detector_test.go:84: Expected label ZipCode, got  ([]), file ZipCode.csv:24943 data 71232
    regex_detector_test.go:84: Expected label ZipCode, got  ([]), file ZipCode.csv:24944 data 71233
    regex_detector_test.go:84: Expected label ZipCode, got  ([]), file ZipCode.csv:24945 data 71234
    regex_detector_test.go:84: Expected label ZipCode, got  ([]), file ZipCode.csv:24946 data 71235
    regex_detector_test.go:84: Expected label ZipCode, got  ([]), file ZipCode.csv:24947 data 71237
    regex_detector_test.go:84: Expected label ZipCode, got  ([]), file ZipCode.csv:24948 data 71238
    regex_detector_test.go:84: Expected label ZipCode, got  ([]), file ZipCode.csv:24949 data 71241
    regex_detector_test.go:84: Expected label ZipCode, got  ([]), file ZipCode.csv:24950 data 71242
    regex_detector_test.go:84: Expected label ZipCode, got  ([]), file ZipCode.csv:24951 data 71243
    regex_detector_test.go:84: Expected label ZipCode, got  ([]), file ZipCode.csv:24952 data 71245
    regex_detector_test.go:84: Expected label ZipCode, got  ([]), file ZipCode.csv:24953 data 71247
    regex_detector_test.go:84: Expected label ZipCode, got  ([]), file ZipCode.csv:24954 data 71250
    regex_detector_test.go:84: Expected label ZipCode, got  ([]), file ZipCode.csv:24955 data 71251
    regex_detector_test.go:84: Expected label ZipCode, got  ([]), file ZipCode.csv:24956 data 71253
    regex_detector_test.go:84: Expected label ZipCode, got  ([]), file ZipCode.csv:24957 data 71254
    regex_detector_test.go:84: Expected label ZipCode, got  ([]), file ZipCode.csv:24958 data 71256
    regex_detector_test.go:84: Expected label ZipCode, got  ([]), file ZipCode.csv:24959 data 71259
    regex_detector_test.go:84: Expected label ZipCode, got  ([]), file ZipCode.csv:24960 data 71260
    regex_detector_test.go:84: Expected label ZipCode, got  ([]), file ZipCode.csv:24961 data 71261
    regex_detector_test.go:84: Expected label ZipCode, got  ([]), file ZipCode.csv:24962 data 71263
    regex_detector_test.go:84: Expected label ZipCode, got  ([]), file ZipCode.csv:24963 data 71264
    regex_detector_test.go:84: Expected label ZipCode, got  ([]), file ZipCode.csv:24964 data 71266
    regex_detector_test.go:84: Expected label ZipCode, got  ([]), file ZipCode.csv:24965 data 71268
    regex_detector_test.go:84: Expected label ZipCode, got  ([]), file ZipCode.csv:24966 data 71269
    regex_detector_test.go:84: Expected label ZipCode, got  ([]), file ZipCode.csv:24967 data 71270
    regex_detector_test.go:84: Expected label ZipCode, got  ([]), file ZipCode.csv:24968 data 71272
    regex_detector_test.go:84: Expected label ZipCode, got  ([]), file ZipCode.csv:24969 data 71275
    regex_detector_test.go:84: Expected label ZipCode, got  ([]), file ZipCode.csv:24970 data 71276
    regex_detector_test.go:84: Expected label ZipCode, got  ([]), file ZipCode.csv:24971 data 71277
    regex_detector_test.go:84: Expected label ZipCode, got  ([]), file ZipCode.csv:24972 data 71279
    regex_detector_test.go:84: Expected label ZipCode, got  ([]), file ZipCode.csv:24973 data 71280
    regex_detector_test.go:84: Expected label ZipCode, got  ([]), file ZipCode.csv:24974 data 71282
    regex_detector_test.go:84: Expected label ZipCode, got  ([]), file ZipCode.csv:24975 data 71286
    regex_detector_test.go:84: Expected label ZipCode, got  ([]), file ZipCode.csv:24976 data 71291
    regex_detector_test.go:84: Expected label ZipCode, got  ([]), file ZipCode.csv:24977 data 71292
    regex_detector_test.go:84: Expected label ZipCode, got  ([]), file ZipCode.csv:24978 data 71295
    regex_detector_test.go:84: Expected label ZipCode, got  ([]), file ZipCode.csv:24979 data 71301
    regex_detector_test.go:84: Expected label ZipCode, got  ([]), file ZipCode.csv:24980 data 71302
    regex_detector_test.go:84: Expected label ZipCode, got  ([]), file ZipCode.csv:24981 data 71303
    regex_detector_test.go:84: Expected label ZipCode, got  ([]), file ZipCode.csv:24982 data 71316
    regex_detector_test.go:84: Expected label ZipCode, got  ([]), file ZipCode.csv:24983 data 71320
    regex_detector_test.go:84: Expected label ZipCode, got  ([]), file ZipCode.csv:24984 data 71322
    regex_detector_test.go:84: Expected label ZipCode, got  ([]), file ZipCode.csv:24985 data 71323
    regex_detector_test.go:84: Expected label ZipCode, got  ([]), file ZipCode.csv:24986 data 71325
    regex_detector_test.go:84: Expected label ZipCode, got  ([]), file ZipCode.csv:24987 data 71326
    regex_detector_test.go:84: Expected label ZipCode, got  ([]), file ZipCode.csv:24988 data 71327
    regex_detector_test.go:84: Expected label ZipCode, got  ([]), file ZipCode.csv:24989 data 71328
    regex_detector_test.go:84: Expected label ZipCode, got  ([]), file ZipCode.csv:24990 data 71330
    regex_detector_test.go:84: Expected label ZipCode, got  ([]), file ZipCode.csv:24991 data 71331
    regex_detector_test.go:84: Expected label ZipCode, got  ([]), file ZipCode.csv:24992 data 71333
    regex_detector_test.go:84: Expected label ZipCode, got  ([]), file ZipCode.csv:24993 data 71334
    regex_detector_test.go:84: Expected label ZipCode, got  ([]), file ZipCode.csv:24994 data 71336
    regex_detector_test.go:84: Expected label ZipCode, got  ([]), file ZipCode.csv:24995 data 71339
    regex_detector_test.go:84: Expected label ZipCode, got  ([]), file ZipCode.csv:24996 data 71340
    regex_detector_test.go:84: Expected label ZipCode, got  ([]), file ZipCode.csv:24997 data 71341
    regex_detector_test.go:84: Expected label ZipCode, got  ([]), file ZipCode.csv:24998 data 71342
    regex_detector_test.go:84: Expected label ZipCode, got  ([]), file ZipCode.csv:24999 data 71343
    regex_detector_test.go:84: Expected label ZipCode, got  ([]), file ZipCode.csv:25000 data 71345
    regex_detector_test.go:84: Expected label ZipCode, got  ([]), file ZipCode.csv:25001 data 71346
    regex_detector_test.go:84: Expected label ZipCode, got  ([]), file ZipCode.csv:25002 data 71350
    regex_detector_test.go:84: Expected label ZipCode, got  ([]), file ZipCode.csv:25003 data 71351
    regex_detector_test.go:84: Expected label ZipCode, got  ([]), file ZipCode.csv:25004 data 71353
    regex_detector_test.go:84: Expected label ZipCode, got  ([]), file ZipCode.csv:25005 data 71354
    regex_detector_test.go:84: Expected label ZipCode, got  ([]), file ZipCode.csv:25006 data 71355
    regex_detector_test.go:84: Expected label ZipCode, got  ([]), file ZipCode.csv:25007 data 71356
    regex_detector_test.go:84: Expected label ZipCode, got  ([]), file ZipCode.csv:25008 data 71357
    regex_detector_test.go:84: Expected label ZipCode, got  ([]), file ZipCode.csv:25009 data 71358
    regex_detector_test.go:84: Expected label ZipCode, got  ([]), file ZipCode.csv:25010 data 71359
    regex_detector_test.go:84: Expected label ZipCode, got  ([]), file ZipCode.csv:25011 data 71360
    regex_detector_test.go:84: Expected label ZipCode, got  ([]), file ZipCode.csv:25012 data 71362
    regex_detector_test.go:84: Expected label ZipCode, got  ([]), file ZipCode.csv:25013 data 71366
    regex_detector_test.go:84: Expected label ZipCode, got  ([]), file ZipCode.csv:25014 data 71367
    regex_detector_test.go:84: Expected label ZipCode, got  ([]), file ZipCode.csv:25015 data 71368
    regex_detector_test.go:84: Expected label ZipCode, got  ([]), file ZipCode.csv:25016 data 71369
    regex_detector_test.go:84: Expected label ZipCode, got  ([]), file ZipCode.csv:25017 data 71371
    regex_detector_test.go:84: Expected label ZipCode, got  ([]), file ZipCode.csv:25018 data 71373
    regex_detector_test.go:84: Expected label ZipCode, got  ([]), file ZipCode.csv:25019 data 71375
    regex_detector_test.go:84: Expected label ZipCode, got  ([]), file ZipCode.csv:25020 data 71378
    regex_detector_test.go:84: Expected label ZipCode, got  ([]), file ZipCode.csv:25021 data 71401
    regex_detector_test.go:84: Expected label ZipCode, got  ([]), file ZipCode.csv:25022 data 71403
    regex_detector_test.go:84: Expected label ZipCode, got  ([]), file ZipCode.csv:25023 data 71404
    regex_detector_test.go:84: Expected label ZipCode, got  ([]), file ZipCode.csv:25024 data 71405
    regex_detector_test.go:84: Expected label ZipCode, got  ([]), file ZipCode.csv:25025 data 71406
    regex_detector_test.go:84: Expected label ZipCode, got  ([]), file ZipCode.csv:25026 data 71407
    regex_detector_test.go:84: Expected label ZipCode, got  ([]), file ZipCode.csv:25027 data 71409
    regex_detector_test.go:84: Expected label ZipCode, got  ([]), file ZipCode.csv:25028 data 71410
    regex_detector_test.go:84: Expected label ZipCode, got  ([]), file ZipCode.csv:25029 data 71411
    regex_detector_test.go:84: Expected label ZipCode, got  ([]), file ZipCode.csv:25030 data 71414
    regex_detector_test.go:84: Expected label ZipCode, got  ([]), file ZipCode.csv:25031 data 71415
    regex_detector_test.go:84: Expected label ZipCode, got  ([]), file ZipCode.csv:25032 data 71416
    regex_detector_test.go:84: Expected label ZipCode, got  ([]), file ZipCode.csv:25033 data 71417
    regex_detector_test.go:84: Expected label ZipCode, got  ([]), file ZipCode.csv:25034 data 71418
    regex_detector_test.go:84: Expected label ZipCode, got  ([]), file ZipCode.csv:25035 data 71419
    regex_detector_test.go:84: Expected label ZipCode, got  ([]), file ZipCode.csv:25036 data 71422
    regex_detector_test.go:84: Expected label ZipCode, got  ([]), file ZipCode.csv:25037 data 71423
    regex_detector_test.go:84: Expected label ZipCode, got  ([]), file ZipCode.csv:25038 data 71424
    regex_detector_test.go:84: Expected label ZipCode, got  ([]), file ZipCode.csv:25039 data 71425
    regex_detector_test.go:84: Expected label ZipCode, got  ([]), file ZipCode.csv:25040 data 71426
    regex_detector_test.go:84: Expected label ZipCode, got  ([]), file ZipCode.csv:25041 data 71427
    regex_detector_test.go:84: Expected label ZipCode, got  ([]), file ZipCode.csv:25042 data 71428
    regex_detector_test.go:84: Expected label ZipCode, got  ([]), file ZipCode.csv:25043 data 71429
    regex_detector_test.go:84: Expected label ZipCode, got  ([]), file ZipCode.csv:25044 data 71430
    regex_detector_test.go:84: Expected label ZipCode, got  ([]), file ZipCode.csv:25045 data 71432
    regex_detector_test.go:84: Expected label ZipCode, got  ([]), file ZipCode.csv:25046 data 71433
    regex_detector_test.go:84: Expected label ZipCode, got  ([]), file ZipCode.csv:25047 data 71434
    regex_detector_test.go:84: Expected label ZipCode, got  ([]), file ZipCode.csv:25048 data 71435
    regex_detector_test.go:84: Expected label ZipCode, got  ([]), file ZipCode.csv:25049 data 71438
    regex_detector_test.go:84: Expected label ZipCode, got  ([]), file ZipCode.csv:25050 data 71439
    regex_detector_test.go:84: Expected label ZipCode, got  ([]), file ZipCode.csv:25051 data 71441
    regex_detector_test.go:84: Expected label ZipCode, got  ([]), file ZipCode.csv:25052 data 71446
    regex_detector_test.go:84: Expected label ZipCode, got  ([]), file ZipCode.csv:25053 data 71447
    regex_detector_test.go:84: Expected label ZipCode, got  ([]), file ZipCode.csv:25054 data 71449
    regex_detector_test.go:84: Expected label ZipCode, got  ([]), file ZipCode.csv:25055 data 71450
    regex_detector_test.go:84: Expected label ZipCode, got  ([]), file ZipCode.csv:25056 data 71452
    regex_detector_test.go:84: Expected label ZipCode, got  ([]), file ZipCode.csv:25057 data 71454
    regex_detector_test.go:84: Expected label ZipCode, got  ([]), file ZipCode.csv:25058 data 71455
    regex_detector_test.go:84: Expected label ZipCode, got  ([]), file ZipCode.csv:25059 data 71456
    regex_detector_test.go:84: Expected label ZipCode, got  ([]), file ZipCode.csv:25060 data 71457
    regex_detector_test.go:84: Expected label ZipCode, got  ([]), file ZipCode.csv:25061 data 71459
    regex_detector_test.go:84: Expected label ZipCode, got  ([]), file ZipCode.csv:25062 data 71461
    regex_detector_test.go:84: Expected label ZipCode, got  ([]), file ZipCode.csv:25063 data 71462
    regex_detector_test.go:84: Expected label ZipCode, got  ([]), file ZipCode.csv:25064 data 71463
    regex_detector_test.go:84: Expected label ZipCode, got  ([]), file ZipCode.csv:25065 data 71465
    regex_detector_test.go:84: Expected label ZipCode, got  ([]), file ZipCode.csv:25066 data 71466
    regex_detector_test.go:84: Expected label ZipCode, got  ([]), file ZipCode.csv:25067 data 71467
    regex_detector_test.go:84: Expected label ZipCode, got  ([]), file ZipCode.csv:25068 data 71468
    regex_detector_test.go:84: Expected label ZipCode, got  ([]), file ZipCode.csv:25069 data 71469
    regex_detector_test.go:84: Expected label ZipCode, got  ([]), file ZipCode.csv:25070 data 71472
    regex_detector_test.go:84: Expected label ZipCode, got  ([]), file ZipCode.csv:25071 data 71473
    regex_detector_test.go:84: Expected label ZipCode, got  ([]), file ZipCode.csv:25072 data 71474
    regex_detector_test.go:84: Expected label ZipCode, got  ([]), file ZipCode.csv:25073 data 71475
    regex_detector_test.go:84: Expected label ZipCode, got  ([]), file ZipCode.csv:25074 data 71479
    regex_detector_test.go:84: Expected label ZipCode, got  ([]), file ZipCode.csv:25075 data 71480
    regex_detector_test.go:84: Expected label ZipCode, got  ([]), file ZipCode.csv:25076 data 71483
    regex_detector_test.go:84: Expected label ZipCode, got  ([]), file ZipCode.csv:25077 data 71485
    regex_detector_test.go:84: Expected label ZipCode, got  ([]), file ZipCode.csv:25078 data 71486
    regex_detector_test.go:84: Expected label ZipCode, got  ([]), file ZipCode.csv:25079 data 71497
    regex_detector_test.go:84: Expected label ZipCode, got  ([]), file ZipCode.csv:25080 data 71601
    regex_detector_test.go:84: Expected label ZipCode, got  ([]), file ZipCode.csv:25081 data 71602
    regex_detector_test.go:84: Expected label ZipCode, got  ([]), file ZipCode.csv:25082 data 71603
    regex_detector_test.go:84: Expected label ZipCode, got  ([]), file ZipCode.csv:25083 data 71630
    regex_detector_test.go:84: Expected label ZipCode, got  ([]), file ZipCode.csv:25084 data 71631
    regex_detector_test.go:84: Expected label ZipCode, got  ([]), file ZipCode.csv:25085 data 71635
    regex_detector_test.go:84: Expected label ZipCode, got  ([]), file ZipCode.csv:25086 data 71638
    regex_detector_test.go:84: Expected label ZipCode, got  ([]), file ZipCode.csv:25087 data 71639
    regex_detector_test.go:84: Expected label ZipCode, got  ([]), file ZipCode.csv:25088 data 71640
    regex_detector_test.go:84: Expected label ZipCode, got  ([]), file ZipCode.csv:25089 data 71642
    regex_detector_test.go:84: Expected label ZipCode, got  ([]), file ZipCode.csv:25090 data 71643
    regex_detector_test.go:84: Expected label ZipCode, got  ([]), file ZipCode.csv:25091 data 71644
    regex_detector_test.go:84: Expected label ZipCode, got  ([]), file ZipCode.csv:25092 data 71646
    regex_detector_test.go:84: Expected label ZipCode, got  ([]), file ZipCode.csv:25093 data 71647
    regex_detector_test.go:84: Expected label ZipCode, got  ([]), file ZipCode.csv:25094 data 71651
    regex_detector_test.go:84: Expected label ZipCode, got  ([]), file ZipCode.csv:25095 data 71652
    regex_detector_test.go:84: Expected label ZipCode, got  ([]), file ZipCode.csv:25096 data 71653
    regex_detector_test.go:84: Expected label ZipCode, got  ([]), file ZipCode.csv:25097 data 71654
    regex_detector_test.go:84: Expected label ZipCode, got  ([]), file ZipCode.csv:25098 data 71655
    regex_detector_test.go:84: Expected label ZipCode, got  ([]), file ZipCode.csv:25099 data 71658
    regex_detector_test.go:84: Expected label ZipCode, got  ([]), file ZipCode.csv:25100 data 71659
    regex_detector_test.go:84: Expected label ZipCode, got  ([]), file ZipCode.csv:25101 data 71660
    regex_detector_test.go:84: Expected label ZipCode, got  ([]), file ZipCode.csv:25102 data 71661
    regex_detector_test.go:84: Expected label ZipCode, got  ([]), file ZipCode.csv:25103 data 71662
    regex_detector_test.go:84: Expected label ZipCode, got  ([]), file ZipCode.csv:25104 data 71663
    regex_detector_test.go:84: Expected label ZipCode, got  ([]), file ZipCode.csv:25105 data 71665
    regex_detector_test.go:84: Expected label ZipCode, got  ([]), file ZipCode.csv:25106 data 71666
    regex_detector_test.go:84: Expected label ZipCode, got  ([]), file ZipCode.csv:25107 data 71667
    regex_detector_test.go:84: Expected label ZipCode, got  ([]), file ZipCode.csv:25108 data 71670
    regex_detector_test.go:84: Expected label ZipCode, got  ([]), file ZipCode.csv:25109 data 71671
    regex_detector_test.go:84: Expected label ZipCode, got  ([]), file ZipCode.csv:25110 data 71674
    regex_detector_test.go:84: Expected label ZipCode, got  ([]), file ZipCode.csv:25111 data 71675
    regex_detector_test.go:84: Expected label ZipCode, got  ([]), file ZipCode.csv:25112 data 71676
    regex_detector_test.go:84: Expected label ZipCode, got  ([]), file ZipCode.csv:25113 data 71677
    regex_detector_test.go:84: Expected label ZipCode, got  ([]), file ZipCode.csv:25114 data 71678
    regex_detector_test.go:84: Expected label ZipCode, got  ([]), file ZipCode.csv:25115 data 71701
    regex_detector_test.go:84: Expected label ZipCode, got  ([]), file ZipCode.csv:25116 data 71720
    regex_detector_test.go:84: Expected label ZipCode, got  ([]), file ZipCode.csv:25117 data 71721
    regex_detector_test.go:84: Expected label ZipCode, got  ([]), file ZipCode.csv:25118 data 71722
    regex_detector_test.go:84: Expected label ZipCode, got  ([]), file ZipCode.csv:25119 data 71724
    regex_detector_test.go:84: Expected label ZipCode, got  ([]), file ZipCode.csv:25120 data 71725
    regex_detector_test.go:84: Expected label ZipCode, got  ([]), file ZipCode.csv:25121 data 71726
    regex_detector_test.go:84: Expected label ZipCode, got  ([]), file ZipCode.csv:25122 data 71728
    regex_detector_test.go:84: Expected label ZipCode, got  ([]), file ZipCode.csv:25123 data 71730
    regex_detector_test.go:84: Expected label ZipCode, got  ([]), file ZipCode.csv:25124 data 71740
    regex_detector_test.go:84: Expected label ZipCode, got  ([]), file ZipCode.csv:25125 data 71742
    regex_detector_test.go:84: Expected label ZipCode, got  ([]), file ZipCode.csv:25126 data 71743
    regex_detector_test.go:84: Expected label ZipCode, got  ([]), file ZipCode.csv:25127 data 71744
    regex_detector_test.go:84: Expected label ZipCode, got  ([]), file ZipCode.csv:25128 data 71745
    regex_detector_test.go:84: Expected label ZipCode, got  ([]), file ZipCode.csv:25129 data 71747
    regex_detector_test.go:84: Expected label ZipCode, got  ([]), file ZipCode.csv:25130 data 71748
    regex_detector_test.go:84: Expected label ZipCode, got  ([]), file ZipCode.csv:25131 data 71749
    regex_detector_test.go:84: Expected label ZipCode, got  ([]), file ZipCode.csv:25132 data 71751
    regex_detector_test.go:84: Expected label ZipCode, got  ([]), file ZipCode.csv:25133 data 71752
    regex_detector_test.go:84: Expected label ZipCode, got  ([]), file ZipCode.csv:25134 data 71753
    regex_detector_test.go:84: Expected label ZipCode, got  ([]), file ZipCode.csv:25135 data 71758
    regex_detector_test.go:84: Expected label ZipCode, got  ([]), file ZipCode.csv:25136 data 71759
    regex_detector_test.go:84: Expected label ZipCode, got  ([]), file ZipCode.csv:25137 data 71762
    regex_detector_test.go:84: Expected label ZipCode, got  ([]), file ZipCode.csv:25138 data 71763
    regex_detector_test.go:84: Expected label ZipCode, got  ([]), file ZipCode.csv:25139 data 71764
    regex_detector_test.go:84: Expected label ZipCode, got  ([]), file ZipCode.csv:25140 data 71765
    regex_detector_test.go:84: Expected label ZipCode, got  ([]), file ZipCode.csv:25141 data 71766
    regex_detector_test.go:84: Expected label ZipCode, got  ([]), file ZipCode.csv:25142 data 71770
    regex_detector_test.go:84: Expected label ZipCode, got  ([]), file ZipCode.csv:25143 data 71772
    regex_detector_test.go:84: Expected label ZipCode, got  ([]), file ZipCode.csv:25144 data 71801
    regex_detector_test.go:84: Expected label ZipCode, got  ([]), file ZipCode.csv:25145 data 71820
    regex_detector_test.go:84: Expected label ZipCode, got  ([]), file ZipCode.csv:25146 data 71822
    regex_detector_test.go:84: Expected label ZipCode, got  ([]), file ZipCode.csv:25147 data 71823
    regex_detector_test.go:84: Expected label ZipCode, got  ([]), file ZipCode.csv:25148 data 71825
    regex_detector_test.go:84: Expected label ZipCode, got  ([]), file ZipCode.csv:25149 data 71826
    regex_detector_test.go:84: Expected label ZipCode, got  ([]), file ZipCode.csv:25150 data 71827
    regex_detector_test.go:84: Expected label ZipCode, got  ([]), file ZipCode.csv:25151 data 71831
    regex_detector_test.go:84: Expected label ZipCode, got  ([]), file ZipCode.csv:25152 data 71832
    regex_detector_test.go:84: Expected label ZipCode, got  ([]), file ZipCode.csv:25153 data 71833
    regex_detector_test.go:84: Expected label ZipCode, got  ([]), file ZipCode.csv:25154 data 71834
    regex_detector_test.go:84: Expected label ZipCode, got  ([]), file ZipCode.csv:25155 data 71835
    regex_detector_test.go:84: Expected label ZipCode, got  ([]), file ZipCode.csv:25156 data 71836
    regex_detector_test.go:84: Expected label ZipCode, got  ([]), file ZipCode.csv:25157 data 71837
    regex_detector_test.go:84: Expected label ZipCode, got  ([]), file ZipCode.csv:25158 data 71838
    regex_detector_test.go:84: Expected label ZipCode, got  ([]), file ZipCode.csv:25159 data 71839
    regex_detector_test.go:84: Expected label ZipCode, got  ([]), file ZipCode.csv:25160 data 71841
    regex_detector_test.go:84: Expected label ZipCode, got  ([]), file ZipCode.csv:25161 data 71842
    regex_detector_test.go:84: Expected label ZipCode, got  ([]), file ZipCode.csv:25162 data 71845
    regex_detector_test.go:84: Expected label ZipCode, got  ([]), file ZipCode.csv:25163 data 71846
    regex_detector_test.go:84: Expected label ZipCode, got  ([]), file ZipCode.csv:25164 data 71847
    regex_detector_test.go:84: Expected label ZipCode, got  ([]), file ZipCode.csv:25165 data 71851
    regex_detector_test.go:84: Expected label ZipCode, got  ([]), file ZipCode.csv:25166 data 71852
    regex_detector_test.go:84: Expected label ZipCode, got  ([]), file ZipCode.csv:25167 data 71853
    regex_detector_test.go:84: Expected label ZipCode, got  ([]), file ZipCode.csv:25168 data 71854
    regex_detector_test.go:84: Expected label ZipCode, got  ([]), file ZipCode.csv:25169 data 71855
    regex_detector_test.go:84: Expected label ZipCode, got  ([]), file ZipCode.csv:25170 data 71857
    regex_detector_test.go:84: Expected label ZipCode, got  ([]), file ZipCode.csv:25171 data 71858
    regex_detector_test.go:84: Expected label ZipCode, got  ([]), file ZipCode.csv:25172 data 71859
    regex_detector_test.go:84: Expected label ZipCode, got  ([]), file ZipCode.csv:25173 data 71860
    regex_detector_test.go:84: Expected label ZipCode, got  ([]), file ZipCode.csv:25174 data 71861
    regex_detector_test.go:84: Expected label ZipCode, got  ([]), file ZipCode.csv:25175 data 71862
    regex_detector_test.go:84: Expected label ZipCode, got  ([]), file ZipCode.csv:25176 data 71864
    regex_detector_test.go:84: Expected label ZipCode, got  ([]), file ZipCode.csv:25177 data 71865
    regex_detector_test.go:84: Expected label ZipCode, got  ([]), file ZipCode.csv:25178 data 71866
    regex_detector_test.go:84: Expected label ZipCode, got  ([]), file ZipCode.csv:25179 data 71901
    regex_detector_test.go:84: Expected label ZipCode, got  ([]), file ZipCode.csv:25180 data 71909
    regex_detector_test.go:84: Expected label ZipCode, got  ([]), file ZipCode.csv:25181 data 71913
    regex_detector_test.go:84: Expected label ZipCode, got  ([]), file ZipCode.csv:25182 data 71921
    regex_detector_test.go:84: Expected label ZipCode, got  ([]), file ZipCode.csv:25183 data 71922
    regex_detector_test.go:84: Expected label ZipCode, got  ([]), file ZipCode.csv:25184 data 71923
    regex_detector_test.go:84: Expected label ZipCode, got  ([]), file ZipCode.csv:25185 data 71929
    regex_detector_test.go:84: Expected label ZipCode, got  ([]), file ZipCode.csv:25186 data 71933
    regex_detector_test.go:84: Expected label ZipCode, got  ([]), file ZipCode.csv:25187 data 71935
    regex_detector_test.go:84: Expected label ZipCode, got  ([]), file ZipCode.csv:25188 data 71937
    regex_detector_test.go:84: Expected label ZipCode, got  ([]), file ZipCode.csv:25189 data 71940
    regex_detector_test.go:84: Expected label ZipCode, got  ([]), file ZipCode.csv:25190 data 71941
    regex_detector_test.go:84: Expected label ZipCode, got  ([]), file ZipCode.csv:25191 data 71942
    regex_detector_test.go:84: Expected label ZipCode, got  ([]), file ZipCode.csv:25192 data 71943
    regex_detector_test.go:84: Expected label ZipCode, got  ([]), file ZipCode.csv:25193 data 71944
    regex_detector_test.go:84: Expected label ZipCode, got  ([]), file ZipCode.csv:25194 data 71945
    regex_detector_test.go:84: Expected label ZipCode, got  ([]), file ZipCode.csv:25195 data 71949
    regex_detector_test.go:84: Expected label ZipCode, got  ([]), file ZipCode.csv:25196 data 71950
    regex_detector_test.go:84: Expected label ZipCode, got  ([]), file ZipCode.csv:25197 data 71952
    regex_detector_test.go:84: Expected label ZipCode, got  ([]), file ZipCode.csv:25198 data 71953
    regex_detector_test.go:84: Expected label ZipCode, got  ([]), file ZipCode.csv:25199 data 71956
    regex_detector_test.go:84: Expected label ZipCode, got  ([]), file ZipCode.csv:25200 data 71957
    regex_detector_test.go:84: Expected label ZipCode, got  ([]), file ZipCode.csv:25201 data 71958
    regex_detector_test.go:84: Expected label ZipCode, got  ([]), file ZipCode.csv:25202 data 71959
    regex_detector_test.go:84: Expected label ZipCode, got  ([]), file ZipCode.csv:25203 data 71960
    regex_detector_test.go:84: Expected label ZipCode, got  ([]), file ZipCode.csv:25204 data 71961
    regex_detector_test.go:84: Expected label ZipCode, got  ([]), file ZipCode.csv:25205 data 71962
    regex_detector_test.go:84: Expected label ZipCode, got  ([]), file ZipCode.csv:25206 data 71964
    regex_detector_test.go:84: Expected label ZipCode, got  ([]), file ZipCode.csv:25207 data 71965
    regex_detector_test.go:84: Expected label ZipCode, got  ([]), file ZipCode.csv:25208 data 71968
    regex_detector_test.go:84: Expected label ZipCode, got  ([]), file ZipCode.csv:25209 data 71969
    regex_detector_test.go:84: Expected label ZipCode, got  ([]), file ZipCode.csv:25210 data 71970
    regex_detector_test.go:84: Expected label ZipCode, got  ([]), file ZipCode.csv:25211 data 71971
    regex_detector_test.go:84: Expected label ZipCode, got  ([]), file ZipCode.csv:25212 data 71972
    regex_detector_test.go:84: Expected label ZipCode, got  ([]), file ZipCode.csv:25213 data 71973
    regex_detector_test.go:84: Expected label ZipCode, got  ([]), file ZipCode.csv:25214 data 71998
    regex_detector_test.go:84: Expected label ZipCode, got  ([]), file ZipCode.csv:25215 data 71999
    regex_detector_test.go:84: Expected label ZipCode, got  ([]), file ZipCode.csv:25216 data 72001
    regex_detector_test.go:84: Expected label ZipCode, got  ([]), file ZipCode.csv:25217 data 72002
    regex_detector_test.go:84: Expected label ZipCode, got  ([]), file ZipCode.csv:25218 data 72003
    regex_detector_test.go:84: Expected label ZipCode, got  ([]), file ZipCode.csv:25219 data 72004
    regex_detector_test.go:84: Expected label ZipCode, got  ([]), file ZipCode.csv:25220 data 72005
    regex_detector_test.go:84: Expected label ZipCode, got  ([]), file ZipCode.csv:25221 data 72006
    regex_detector_test.go:84: Expected label ZipCode, got  ([]), file ZipCode.csv:25222 data 72007
    regex_detector_test.go:84: Expected label ZipCode, got  ([]), file ZipCode.csv:25223 data 72010
    regex_detector_test.go:84: Expected label ZipCode, got  ([]), file ZipCode.csv:25224 data 72011
    regex_detector_test.go:84: Expected label ZipCode, got  ([]), file ZipCode.csv:25225 data 72012
    regex_detector_test.go:84: Expected label ZipCode, got  ([]), file ZipCode.csv:25226 data 72013
    regex_detector_test.go:84: Expected label ZipCode, got  ([]), file ZipCode.csv:25227 data 72014
    regex_detector_test.go:84: Expected label ZipCode, got  ([]), file ZipCode.csv:25228 data 72015
    regex_detector_test.go:84: Expected label ZipCode, got  ([]), file ZipCode.csv:25229 data 72016
    regex_detector_test.go:84: Expected label ZipCode, got  ([]), file ZipCode.csv:25230 data 72017
    regex_detector_test.go:84: Expected label ZipCode, got  ([]), file ZipCode.csv:25231 data 72019
    regex_detector_test.go:84: Expected label ZipCode, got  ([]), file ZipCode.csv:25232 data 72020
    regex_detector_test.go:84: Expected label ZipCode, got  ([]), file ZipCode.csv:25233 data 72021
    regex_detector_test.go:84: Expected label ZipCode, got  ([]), file ZipCode.csv:25234 data 72022
    regex_detector_test.go:84: Expected label ZipCode, got  ([]), file ZipCode.csv:25235 data 72023
    regex_detector_test.go:84: Expected label ZipCode, got  ([]), file ZipCode.csv:25236 data 72024
    regex_detector_test.go:84: Expected label ZipCode, got  ([]), file ZipCode.csv:25237 data 72025
    regex_detector_test.go:84: Expected label ZipCode, got  ([]), file ZipCode.csv:25238 data 72026
    regex_detector_test.go:84: Expected label ZipCode, got  ([]), file ZipCode.csv:25239 data 72027
    regex_detector_test.go:84: Expected label ZipCode, got  ([]), file ZipCode.csv:25240 data 72028
    regex_detector_test.go:84: Expected label ZipCode, got  ([]), file ZipCode.csv:25241 data 72029
    regex_detector_test.go:84: Expected label ZipCode, got  ([]), file ZipCode.csv:25242 data 72030
    regex_detector_test.go:84: Expected label ZipCode, got  ([]), file ZipCode.csv:25243 data 72031
    regex_detector_test.go:84: Expected label ZipCode, got  ([]), file ZipCode.csv:25244 data 72032
    regex_detector_test.go:84: Expected label ZipCode, got  ([]), file ZipCode.csv:25245 data 72034
    regex_detector_test.go:84: Expected label ZipCode, got  ([]), file ZipCode.csv:25246 data 72035
    regex_detector_test.go:84: Expected label ZipCode, got  ([]), file ZipCode.csv:25247 data 72036
    regex_detector_test.go:84: Expected label ZipCode, got  ([]), file ZipCode.csv:25248 data 72038
    regex_detector_test.go:84: Expected label ZipCode, got  ([]), file ZipCode.csv:25249 data 72039
    regex_detector_test.go:84: Expected label ZipCode, got  ([]), file ZipCode.csv:25250 data 72040
    regex_detector_test.go:84: Expected label ZipCode, got  ([]), file ZipCode.csv:25251 data 72041
    regex_detector_test.go:84: Expected label ZipCode, got  ([]), file ZipCode.csv:25252 data 72042
    regex_detector_test.go:84: Expected label ZipCode, got  ([]), file ZipCode.csv:25253 data 72044
    regex_detector_test.go:84: Expected label ZipCode, got  ([]), file ZipCode.csv:25254 data 72045
    regex_detector_test.go:84: Expected label ZipCode, got  ([]), file ZipCode.csv:25255 data 72046
    regex_detector_test.go:84: Expected label ZipCode, got  ([]), file ZipCode.csv:25256 data 72047
    regex_detector_test.go:84: Expected label ZipCode, got  ([]), file ZipCode.csv:25257 data 72048
    regex_detector_test.go:84: Expected label ZipCode, got  ([]), file ZipCode.csv:25258 data 72051
    regex_detector_test.go:84: Expected label ZipCode, got  ([]), file ZipCode.csv:25259 data 72052
    regex_detector_test.go:84: Expected label ZipCode, got  ([]), file ZipCode.csv:25260 data 72053
    regex_detector_test.go:84: Expected label ZipCode, got  ([]), file ZipCode.csv:25261 data 72055
    regex_detector_test.go:84: Expected label ZipCode, got  ([]), file ZipCode.csv:25262 data 72057
    regex_detector_test.go:84: Expected label ZipCode, got  ([]), file ZipCode.csv:25263 data 72058
    regex_detector_test.go:84: Expected label ZipCode, got  ([]), file ZipCode.csv:25264 data 72059
    regex_detector_test.go:84: Expected label ZipCode, got  ([]), file ZipCode.csv:25265 data 72060
    regex_detector_test.go:84: Expected label ZipCode, got  ([]), file ZipCode.csv:25266 data 72061
    regex_detector_test.go:84: Expected label ZipCode, got  ([]), file ZipCode.csv:25267 data 72063
    regex_detector_test.go:84: Expected label ZipCode, got  ([]), file ZipCode.csv:25268 data 72064
    regex_detector_test.go:84: Expected label ZipCode, got  ([]), file ZipCode.csv:25269 data 72065
    regex_detector_test.go:84: Expected label ZipCode, got  ([]), file ZipCode.csv:25270 data 72066
    regex_detector_test.go:84: Expected label ZipCode, got  ([]), file ZipCode.csv:25271 data 72067
    regex_detector_test.go:84: Expected label ZipCode, got  ([]), file ZipCode.csv:25272 data 72068
    regex_detector_test.go:84: Expected label ZipCode, got  ([]), file ZipCode.csv:25273 data 72069
    regex_detector_test.go:84: Expected label ZipCode, got  ([]), file ZipCode.csv:25274 data 72070
    regex_detector_test.go:84: Expected label ZipCode, got  ([]), file ZipCode.csv:25275 data 72072
    regex_detector_test.go:84: Expected label ZipCode, got  ([]), file ZipCode.csv:25276 data 72073
    regex_detector_test.go:84: Expected label ZipCode, got  ([]), file ZipCode.csv:25277 data 72074
    regex_detector_test.go:84: Expected label ZipCode, got  ([]), file ZipCode.csv:25278 data 72075
    regex_detector_test.go:84: Expected label ZipCode, got  ([]), file ZipCode.csv:25279 data 72076
    regex_detector_test.go:84: Expected label ZipCode, got  ([]), file ZipCode.csv:25280 data 72079
    regex_detector_test.go:84: Expected label ZipCode, got  ([]), file ZipCode.csv:25281 data 72080
    regex_detector_test.go:84: Expected label ZipCode, got  ([]), file ZipCode.csv:25282 data 72081
    regex_detector_test.go:84: Expected label ZipCode, got  ([]), file ZipCode.csv:25283 data 72082
    regex_detector_test.go:84: Expected label ZipCode, got  ([]), file ZipCode.csv:25284 data 72083
    regex_detector_test.go:84: Expected label ZipCode, got  ([]), file ZipCode.csv:25285 data 72084
    regex_detector_test.go:84: Expected label ZipCode, got  ([]), file ZipCode.csv:25286 data 72085
    regex_detector_test.go:84: Expected label ZipCode, got  ([]), file ZipCode.csv:25287 data 72086
    regex_detector_test.go:84: Expected label ZipCode, got  ([]), file ZipCode.csv:25288 data 72087
    regex_detector_test.go:84: Expected label ZipCode, got  ([]), file ZipCode.csv:25289 data 72088
    regex_detector_test.go:84: Expected label ZipCode, got  ([]), file ZipCode.csv:25290 data 72099
    regex_detector_test.go:84: Expected label ZipCode, got  ([]), file ZipCode.csv:25291 data 72101
    regex_detector_test.go:84: Expected label ZipCode, got  ([]), file ZipCode.csv:25292 data 72102
    regex_detector_test.go:84: Expected label ZipCode, got  ([]), file ZipCode.csv:25293 data 72103
    regex_detector_test.go:84: Expected label ZipCode, got  ([]), file ZipCode.csv:25294 data 72104
    regex_detector_test.go:84: Expected label ZipCode, got  ([]), file ZipCode.csv:25295 data 72106
    regex_detector_test.go:84: Expected label ZipCode, got  ([]), file ZipCode.csv:25296 data 72107
    regex_detector_test.go:84: Expected label ZipCode, got  ([]), file ZipCode.csv:25297 data 72108
    regex_detector_test.go:84: Expected label ZipCode, got  ([]), file ZipCode.csv:25298 data 72110
    regex_detector_test.go:84: Expected label ZipCode, got  ([]), file ZipCode.csv:25299 data 72111
    regex_detector_test.go:84: Expected label ZipCode, got  ([]), file ZipCode.csv:25300 data 72112
    regex_detector_test.go:84: Expected label ZipCode, got  ([]), file ZipCode.csv:25301 data 72113
    regex_detector_test.go:84: Expected label ZipCode, got  ([]), file ZipCode.csv:25302 data 72114
    regex_detector_test.go:84: Expected label ZipCode, got  ([]), file ZipCode.csv:25303 data 72116
    regex_detector_test.go:84: Expected label ZipCode, got  ([]), file ZipCode.csv:25304 data 72117
    regex_detector_test.go:84: Expected label ZipCode, got  ([]), file ZipCode.csv:25305 data 72118
    regex_detector_test.go:84: Expected label ZipCode, got  ([]), file ZipCode.csv:25306 data 72119
    regex_detector_test.go:84: Expected label ZipCode, got  ([]), file ZipCode.csv:25307 data 72120
    regex_detector_test.go:84: Expected label ZipCode, got  ([]), file ZipCode.csv:25308 data 72121
    regex_detector_test.go:84: Expected label ZipCode, got  ([]), file ZipCode.csv:25309 data 72122
    regex_detector_test.go:84: Expected label ZipCode, got  ([]), file ZipCode.csv:25310 data 72123
    regex_detector_test.go:84: Expected label ZipCode, got  ([]), file ZipCode.csv:25311 data 72125
    regex_detector_test.go:84: Expected label ZipCode, got  ([]), file ZipCode.csv:25312 data 72126
    regex_detector_test.go:84: Expected label ZipCode, got  ([]), file ZipCode.csv:25313 data 72127
    regex_detector_test.go:84: Expected label ZipCode, got  ([]), file ZipCode.csv:25314 data 72128
    regex_detector_test.go:84: Expected label ZipCode, got  ([]), file ZipCode.csv:25315 data 72129
    regex_detector_test.go:84: Expected label ZipCode, got  ([]), file ZipCode.csv:25316 data 72130
    regex_detector_test.go:84: Expected label ZipCode, got  ([]), file ZipCode.csv:25317 data 72131
    regex_detector_test.go:84: Expected label ZipCode, got  ([]), file ZipCode.csv:25318 data 72132
    regex_detector_test.go:84: Expected label ZipCode, got  ([]), file ZipCode.csv:25319 data 72133
    regex_detector_test.go:84: Expected label ZipCode, got  ([]), file ZipCode.csv:25320 data 72134
    regex_detector_test.go:84: Expected label ZipCode, got  ([]), file ZipCode.csv:25321 data 72135
    regex_detector_test.go:84: Expected label ZipCode, got  ([]), file ZipCode.csv:25322 data 72136
    regex_detector_test.go:84: Expected label ZipCode, got  ([]), file ZipCode.csv:25323 data 72137
    regex_detector_test.go:84: Expected label ZipCode, got  ([]), file ZipCode.csv:25324 data 72139
    regex_detector_test.go:84: Expected label ZipCode, got  ([]), file ZipCode.csv:25325 data 72140
    regex_detector_test.go:84: Expected label ZipCode, got  ([]), file ZipCode.csv:25326 data 72141
    regex_detector_test.go:84: Expected label ZipCode, got  ([]), file ZipCode.csv:25327 data 72142
    regex_detector_test.go:84: Expected label ZipCode, got  ([]), file ZipCode.csv:25328 data 72143
    regex_detector_test.go:84: Expected label ZipCode, got  ([]), file ZipCode.csv:25329 data 72150
    regex_detector_test.go:84: Expected label ZipCode, got  ([]), file ZipCode.csv:25330 data 72152
    regex_detector_test.go:84: Expected label ZipCode, got  ([]), file ZipCode.csv:25331 data 72153
    regex_detector_test.go:84: Expected label ZipCode, got  ([]), file ZipCode.csv:25332 data 72156
    regex_detector_test.go:84: Expected label ZipCode, got  ([]), file ZipCode.csv:25333 data 72157
    regex_detector_test.go:84: Expected label ZipCode, got  ([]), file ZipCode.csv:25334 data 72160
    regex_detector_test.go:84: Expected label ZipCode, got  ([]), file ZipCode.csv:25335 data 72165
    regex_detector_test.go:84: Expected label ZipCode, got  ([]), file ZipCode.csv:25336 data 72166
    regex_detector_test.go:84: Expected label ZipCode, got  ([]), file ZipCode.csv:25337 data 72167
    regex_detector_test.go:84: Expected label ZipCode, got  ([]), file ZipCode.csv:25338 data 72168
    regex_detector_test.go:84: Expected label ZipCode, got  ([]), file ZipCode.csv:25339 data 72169
    regex_detector_test.go:84: Expected label ZipCode, got  ([]), file ZipCode.csv:25340 data 72170
    regex_detector_test.go:84: Expected label ZipCode, got  ([]), file ZipCode.csv:25341 data 72173
    regex_detector_test.go:84: Expected label ZipCode, got  ([]), file ZipCode.csv:25342 data 72175
    regex_detector_test.go:84: Expected label ZipCode, got  ([]), file ZipCode.csv:25343 data 72176
    regex_detector_test.go:84: Expected label ZipCode, got  ([]), file ZipCode.csv:25344 data 72178
    regex_detector_test.go:84: Expected label ZipCode, got  ([]), file ZipCode.csv:25345 data 72179
    regex_detector_test.go:84: Expected label ZipCode, got  ([]), file ZipCode.csv:25346 data 72180
    regex_detector_test.go:84: Expected label ZipCode, got  ([]), file ZipCode.csv:25347 data 72181
    regex_detector_test.go:84: Expected label ZipCode, got  ([]), file ZipCode.csv:25348 data 72182
    regex_detector_test.go:84: Expected label ZipCode, got  ([]), file ZipCode.csv:25349 data 72183
    regex_detector_test.go:84: Expected label ZipCode, got  ([]), file ZipCode.csv:25350 data 72199
    regex_detector_test.go:84: Expected label ZipCode, got  ([]), file ZipCode.csv:25351 data 72201
    regex_detector_test.go:84: Expected label ZipCode, got  ([]), file ZipCode.csv:25352 data 72202
    regex_detector_test.go:84: Expected label ZipCode, got  ([]), file ZipCode.csv:25353 data 72204
    regex_detector_test.go:84: Expected label ZipCode, got  ([]), file ZipCode.csv:25354 data 72205
    regex_detector_test.go:84: Expected label ZipCode, got  ([]), file ZipCode.csv:25355 data 72206
    regex_detector_test.go:84: Expected label ZipCode, got  ([]), file ZipCode.csv:25356 data 72207
    regex_detector_test.go:84: Expected label ZipCode, got  ([]), file ZipCode.csv:25357 data 72209
    regex_detector_test.go:84: Expected label ZipCode, got  ([]), file ZipCode.csv:25358 data 72210
    regex_detector_test.go:84: Expected label ZipCode, got  ([]), file ZipCode.csv:25359 data 72211
    regex_detector_test.go:84: Expected label ZipCode, got  ([]), file ZipCode.csv:25360 data 72212
    regex_detector_test.go:84: Expected label ZipCode, got  ([]), file ZipCode.csv:25361 data 72223
    regex_detector_test.go:84: Expected label ZipCode, got  ([]), file ZipCode.csv:25362 data 72227
    regex_detector_test.go:84: Expected label ZipCode, got  ([]), file ZipCode.csv:25363 data 72301
    regex_detector_test.go:84: Expected label ZipCode, got  ([]), file ZipCode.csv:25364 data 72311
    regex_detector_test.go:84: Expected label ZipCode, got  ([]), file ZipCode.csv:25365 data 72313
    regex_detector_test.go:84: Expected label ZipCode, got  ([]), file ZipCode.csv:25366 data 72315
    regex_detector_test.go:84: Expected label ZipCode, got  ([]), file ZipCode.csv:25367 data 72320
    regex_detector_test.go:84: Expected label ZipCode, got  ([]), file ZipCode.csv:25368 data 72322
    regex_detector_test.go:84: Expected label ZipCode, got  ([]), file ZipCode.csv:25369 data 72324
    regex_detector_test.go:84: Expected label ZipCode, got  ([]), file ZipCode.csv:25370 data 72325
    regex_detector_test.go:84: Expected label ZipCode, got  ([]), file ZipCode.csv:25371 data 72326
    regex_detector_test.go:84: Expected label ZipCode, got  ([]), file ZipCode.csv:25372 data 72327
    regex_detector_test.go:84: Expected label ZipCode, got  ([]), file ZipCode.csv:25373 data 72328
    regex_detector_test.go:84: Expected label ZipCode, got  ([]), file ZipCode.csv:25374 data 72329
    regex_detector_test.go:84: Expected label ZipCode, got  ([]), file ZipCode.csv:25375 data 72330
    regex_detector_test.go:84: Expected label ZipCode, got  ([]), file ZipCode.csv:25376 data 72331
    regex_detector_test.go:84: Expected label ZipCode, got  ([]), file ZipCode.csv:25377 data 72332
    regex_detector_test.go:84: Expected label ZipCode, got  ([]), file ZipCode.csv:25378 data 72333
    regex_detector_test.go:84: Expected label ZipCode, got  ([]), file ZipCode.csv:25379 data 72335
    regex_detector_test.go:84: Expected label ZipCode, got  ([]), file ZipCode.csv:25380 data 72338
    regex_detector_test.go:84: Expected label ZipCode, got  ([]), file ZipCode.csv:25381 data 72339
    regex_detector_test.go:84: Expected label ZipCode, got  ([]), file ZipCode.csv:25382 data 72340
    regex_detector_test.go:84: Expected label ZipCode, got  ([]), file ZipCode.csv:25383 data 72341
    regex_detector_test.go:84: Expected label ZipCode, got  ([]), file ZipCode.csv:25384 data 72342
    regex_detector_test.go:84: Expected label ZipCode, got  ([]), file ZipCode.csv:25385 data 72346
    regex_detector_test.go:84: Expected label ZipCode, got  ([]), file ZipCode.csv:25386 data 72347
    regex_detector_test.go:84: Expected label ZipCode, got  ([]), file ZipCode.csv:25387 data 72348
    regex_detector_test.go:84: Expected label ZipCode, got  ([]), file ZipCode.csv:25388 data 72350
    regex_detector_test.go:84: Expected label ZipCode, got  ([]), file ZipCode.csv:25389 data 72351
    regex_detector_test.go:84: Expected label ZipCode, got  ([]), file ZipCode.csv:25390 data 72352
    regex_detector_test.go:84: Expected label ZipCode, got  ([]), file ZipCode.csv:25391 data 72353
    regex_detector_test.go:84: Expected label ZipCode, got  ([]), file ZipCode.csv:25392 data 72354
    regex_detector_test.go:84: Expected label ZipCode, got  ([]), file ZipCode.csv:25393 data 72355
    regex_detector_test.go:84: Expected label ZipCode, got  ([]), file ZipCode.csv:25394 data 72358
    regex_detector_test.go:84: Expected label ZipCode, got  ([]), file ZipCode.csv:25395 data 72359
    regex_detector_test.go:84: Expected label ZipCode, got  ([]), file ZipCode.csv:25396 data 72360
    regex_detector_test.go:84: Expected label ZipCode, got  ([]), file ZipCode.csv:25397 data 72364
    regex_detector_test.go:84: Expected label ZipCode, got  ([]), file ZipCode.csv:25398 data 72365
    regex_detector_test.go:84: Expected label ZipCode, got  ([]), file ZipCode.csv:25399 data 72366
    regex_detector_test.go:84: Expected label ZipCode, got  ([]), file ZipCode.csv:25400 data 72367
    regex_detector_test.go:84: Expected label ZipCode, got  ([]), file ZipCode.csv:25401 data 72368
    regex_detector_test.go:84: Expected label ZipCode, got  ([]), file ZipCode.csv:25402 data 72369
    regex_detector_test.go:84: Expected label ZipCode, got  ([]), file ZipCode.csv:25403 data 72370
    regex_detector_test.go:84: Expected label ZipCode, got  ([]), file ZipCode.csv:25404 data 72372
    regex_detector_test.go:84: Expected label ZipCode, got  ([]), file ZipCode.csv:25405 data 72373
    regex_detector_test.go:84: Expected label ZipCode, got  ([]), file ZipCode.csv:25406 data 72374
    regex_detector_test.go:84: Expected label ZipCode, got  ([]), file ZipCode.csv:25407 data 72376
    regex_detector_test.go:84: Expected label ZipCode, got  ([]), file ZipCode.csv:25408 data 72377
    regex_detector_test.go:84: Expected label ZipCode, got  ([]), file ZipCode.csv:25409 data 72379
    regex_detector_test.go:84: Expected label ZipCode, got  ([]), file ZipCode.csv:25410 data 72383
    regex_detector_test.go:84: Expected label ZipCode, got  ([]), file ZipCode.csv:25411 data 72384
    regex_detector_test.go:84: Expected label ZipCode, got  ([]), file ZipCode.csv:25412 data 72386
    regex_detector_test.go:84: Expected label ZipCode, got  ([]), file ZipCode.csv:25413 data 72387
    regex_detector_test.go:84: Expected label ZipCode, got  ([]), file ZipCode.csv:25414 data 72389
    regex_detector_test.go:84: Expected label ZipCode, got  ([]), file ZipCode.csv:25415 data 72390
    regex_detector_test.go:84: Expected label ZipCode, got  ([]), file ZipCode.csv:25416 data 72391
    regex_detector_test.go:84: Expected label ZipCode, got  ([]), file ZipCode.csv:25417 data 72392
    regex_detector_test.go:84: Expected label ZipCode, got  ([]), file ZipCode.csv:25418 data 72394
    regex_detector_test.go:84: Expected label ZipCode, got  ([]), file ZipCode.csv:25419 data 72395
    regex_detector_test.go:84: Expected label ZipCode, got  ([]), file ZipCode.csv:25420 data 72396
    regex_detector_test.go:84: Expected label ZipCode, got  ([]), file ZipCode.csv:25421 data 72401
    regex_detector_test.go:84: Expected label ZipCode, got  ([]), file ZipCode.csv:25422 data 72404
    regex_detector_test.go:84: Expected label ZipCode, got  ([]), file ZipCode.csv:25423 data 72405
    regex_detector_test.go:84: Expected label ZipCode, got  ([]), file ZipCode.csv:25424 data 72410
    regex_detector_test.go:84: Expected label ZipCode, got  ([]), file ZipCode.csv:25425 data 72411
    regex_detector_test.go:84: Expected label ZipCode, got  ([]), file ZipCode.csv:25426 data 72412
    regex_detector_test.go:84: Expected label ZipCode, got  ([]), file ZipCode.csv:25427 data 72413
    regex_detector_test.go:84: Expected label ZipCode, got  ([]), file ZipCode.csv:25428 data 72414
    regex_detector_test.go:84: Expected label ZipCode, got  ([]), file ZipCode.csv:25429 data 72415
    regex_detector_test.go:84: Expected label ZipCode, got  ([]), file ZipCode.csv:25430 data 72416
    regex_detector_test.go:84: Expected label ZipCode, got  ([]), file ZipCode.csv:25431 data 72417
    regex_detector_test.go:84: Expected label ZipCode, got  ([]), file ZipCode.csv:25432 data 72419
    regex_detector_test.go:84: Expected label ZipCode, got  ([]), file ZipCode.csv:25433 data 72421
    regex_detector_test.go:84: Expected label ZipCode, got  ([]), file ZipCode.csv:25434 data 72422
    regex_detector_test.go:84: Expected label ZipCode, got  ([]), file ZipCode.csv:25435 data 72424
    regex_detector_test.go:84: Expected label ZipCode, got  ([]), file ZipCode.csv:25436 data 72425
    regex_detector_test.go:84: Expected label ZipCode, got  ([]), file ZipCode.csv:25437 data 72426
    regex_detector_test.go:84: Expected label ZipCode, got  ([]), file ZipCode.csv:25438 data 72427
    regex_detector_test.go:84: Expected label ZipCode, got  ([]), file ZipCode.csv:25439 data 72428
    regex_detector_test.go:84: Expected label ZipCode, got  ([]), file ZipCode.csv:25440 data 72429
    regex_detector_test.go:84: Expected label ZipCode, got  ([]), file ZipCode.csv:25441 data 72430
    regex_detector_test.go:84: Expected label ZipCode, got  ([]), file ZipCode.csv:25442 data 72431
    regex_detector_test.go:84: Expected label ZipCode, got  ([]), file ZipCode.csv:25443 data 72432
    regex_detector_test.go:84: Expected label ZipCode, got  ([]), file ZipCode.csv:25444 data 72433
    regex_detector_test.go:84: Expected label ZipCode, got  ([]), file ZipCode.csv:25445 data 72434
    regex_detector_test.go:84: Expected label ZipCode, got  ([]), file ZipCode.csv:25446 data 72435
    regex_detector_test.go:84: Expected label ZipCode, got  ([]), file ZipCode.csv:25447 data 72436
    regex_detector_test.go:84: Expected label ZipCode, got  ([]), file ZipCode.csv:25448 data 72437
    regex_detector_test.go:84: Expected label ZipCode, got  ([]), file ZipCode.csv:25449 data 72438
    regex_detector_test.go:84: Expected label ZipCode, got  ([]), file ZipCode.csv:25450 data 72440
    regex_detector_test.go:84: Expected label ZipCode, got  ([]), file ZipCode.csv:25451 data 72441
    regex_detector_test.go:84: Expected label ZipCode, got  ([]), file ZipCode.csv:25452 data 72442
    regex_detector_test.go:84: Expected label ZipCode, got  ([]), file ZipCode.csv:25453 data 72443
    regex_detector_test.go:84: Expected label ZipCode, got  ([]), file ZipCode.csv:25454 data 72444
    regex_detector_test.go:84: Expected label ZipCode, got  ([]), file ZipCode.csv:25455 data 72445
    regex_detector_test.go:84: Expected label ZipCode, got  ([]), file ZipCode.csv:25456 data 72447
    regex_detector_test.go:84: Expected label ZipCode, got  ([]), file ZipCode.csv:25457 data 72449
    regex_detector_test.go:84: Expected label ZipCode, got  ([]), file ZipCode.csv:25458 data 72450
    regex_detector_test.go:84: Expected label ZipCode, got  ([]), file ZipCode.csv:25459 data 72453
    regex_detector_test.go:84: Expected label ZipCode, got  ([]), file ZipCode.csv:25460 data 72454
    regex_detector_test.go:84: Expected label ZipCode, got  ([]), file ZipCode.csv:25461 data 72455
    regex_detector_test.go:84: Expected label ZipCode, got  ([]), file ZipCode.csv:25462 data 72456
    regex_detector_test.go:84: Expected label ZipCode, got  ([]), file ZipCode.csv:25463 data 72457
    regex_detector_test.go:84: Expected label ZipCode, got  ([]), file ZipCode.csv:25464 data 72458
    regex_detector_test.go:84: Expected label ZipCode, got  ([]), file ZipCode.csv:25465 data 72459
    regex_detector_test.go:84: Expected label ZipCode, got  ([]), file ZipCode.csv:25466 data 72460
    regex_detector_test.go:84: Expected label ZipCode, got  ([]), file ZipCode.csv:25467 data 72461
    regex_detector_test.go:84: Expected label ZipCode, got  ([]), file ZipCode.csv:25468 data 72462
    regex_detector_test.go:84: Expected label ZipCode, got  ([]), file ZipCode.csv:25469 data 72464
    regex_detector_test.go:84: Expected label ZipCode, got  ([]), file ZipCode.csv:25470 data 72466
    regex_detector_test.go:84: Expected label ZipCode, got  ([]), file ZipCode.csv:25471 data 72467
    regex_detector_test.go:84: Expected label ZipCode, got  ([]), file ZipCode.csv:25472 data 72469
    regex_detector_test.go:84: Expected label ZipCode, got  ([]), file ZipCode.csv:25473 data 72470
    regex_detector_test.go:84: Expected label ZipCode, got  ([]), file ZipCode.csv:25474 data 72471
    regex_detector_test.go:84: Expected label ZipCode, got  ([]), file ZipCode.csv:25475 data 72472
    regex_detector_test.go:84: Expected label ZipCode, got  ([]), file ZipCode.csv:25476 data 72473
    regex_detector_test.go:84: Expected label ZipCode, got  ([]), file ZipCode.csv:25477 data 72476
    regex_detector_test.go:84: Expected label ZipCode, got  ([]), file ZipCode.csv:25478 data 72478
    regex_detector_test.go:84: Expected label ZipCode, got  ([]), file ZipCode.csv:25479 data 72479
    regex_detector_test.go:84: Expected label ZipCode, got  ([]), file ZipCode.csv:25480 data 72482
    regex_detector_test.go:84: Expected label ZipCode, got  ([]), file ZipCode.csv:25481 data 72501
    regex_detector_test.go:84: Expected label ZipCode, got  ([]), file ZipCode.csv:25482 data 72512
    regex_detector_test.go:84: Expected label ZipCode, got  ([]), file ZipCode.csv:25483 data 72513
    regex_detector_test.go:84: Expected label ZipCode, got  ([]), file ZipCode.csv:25484 data 72515
    regex_detector_test.go:84: Expected label ZipCode, got  ([]), file ZipCode.csv:25485 data 72517
    regex_detector_test.go:84: Expected label ZipCode, got  ([]), file ZipCode.csv:25486 data 72519
    regex_detector_test.go:84: Expected label ZipCode, got  ([]), file ZipCode.csv:25487 data 72520
    regex_detector_test.go:84: Expected label ZipCode, got  ([]), file ZipCode.csv:25488 data 72521
    regex_detector_test.go:84: Expected label ZipCode, got  ([]), file ZipCode.csv:25489 data 72522
    regex_detector_test.go:84: Expected label ZipCode, got  ([]), file ZipCode.csv:25490 data 72523
    regex_detector_test.go:84: Expected label ZipCode, got  ([]), file ZipCode.csv:25491 data 72524
    regex_detector_test.go:84: Expected label ZipCode, got  ([]), file ZipCode.csv:25492 data 72526
    regex_detector_test.go:84: Expected label ZipCode, got  ([]), file ZipCode.csv:25493 data 72527
    regex_detector_test.go:84: Expected label ZipCode, got  ([]), file ZipCode.csv:25494 data 72528
    regex_detector_test.go:84: Expected label ZipCode, got  ([]), file ZipCode.csv:25495 data 72529
    regex_detector_test.go:84: Expected label ZipCode, got  ([]), file ZipCode.csv:25496 data 72530
    regex_detector_test.go:84: Expected label ZipCode, got  ([]), file ZipCode.csv:25497 data 72531
    regex_detector_test.go:84: Expected label ZipCode, got  ([]), file ZipCode.csv:25498 data 72532
    regex_detector_test.go:84: Expected label ZipCode, got  ([]), file ZipCode.csv:25499 data 72533
    regex_detector_test.go:84: Expected label ZipCode, got  ([]), file ZipCode.csv:25500 data 72534
    regex_detector_test.go:84: Expected label ZipCode, got  ([]), file ZipCode.csv:25501 data 72536
    regex_detector_test.go:84: Expected label ZipCode, got  ([]), file ZipCode.csv:25502 data 72537
    regex_detector_test.go:84: Expected label ZipCode, got  ([]), file ZipCode.csv:25503 data 72538
    regex_detector_test.go:84: Expected label ZipCode, got  ([]), file ZipCode.csv:25504 data 72539
    regex_detector_test.go:84: Expected label ZipCode, got  ([]), file ZipCode.csv:25505 data 72540
    regex_detector_test.go:84: Expected label ZipCode, got  ([]), file ZipCode.csv:25506 data 72542
    regex_detector_test.go:84: Expected label ZipCode, got  ([]), file ZipCode.csv:25507 data 72543
    regex_detector_test.go:84: Expected label ZipCode, got  ([]), file ZipCode.csv:25508 data 72544
    regex_detector_test.go:84: Expected label ZipCode, got  ([]), file ZipCode.csv:25509 data 72546
    regex_detector_test.go:84: Expected label ZipCode, got  ([]), file ZipCode.csv:25510 data 72550
    regex_detector_test.go:84: Expected label ZipCode, got  ([]), file ZipCode.csv:25511 data 72553
    regex_detector_test.go:84: Expected label ZipCode, got  ([]), file ZipCode.csv:25512 data 72554
    regex_detector_test.go:84: Expected label ZipCode, got  ([]), file ZipCode.csv:25513 data 72555
    regex_detector_test.go:84: Expected label ZipCode, got  ([]), file ZipCode.csv:25514 data 72556
    regex_detector_test.go:84: Expected label ZipCode, got  ([]), file ZipCode.csv:25515 data 72560
    regex_detector_test.go:84: Expected label ZipCode, got  ([]), file ZipCode.csv:25516 data 72561
    regex_detector_test.go:84: Expected label ZipCode, got  ([]), file ZipCode.csv:25517 data 72562
    regex_detector_test.go:84: Expected label ZipCode, got  ([]), file ZipCode.csv:25518 data 72564
    regex_detector_test.go:84: Expected label ZipCode, got  ([]), file ZipCode.csv:25519 data 72565
    regex_detector_test.go:84: Expected label ZipCode, got  ([]), file ZipCode.csv:25520 data 72566
    regex_detector_test.go:84: Expected label ZipCode, got  ([]), file ZipCode.csv:25521 data 72567
    regex_detector_test.go:84: Expected label ZipCode, got  ([]), file ZipCode.csv:25522 data 72568
    regex_detector_test.go:84: Expected label ZipCode, got  ([]), file ZipCode.csv:25523 data 72569
    regex_detector_test.go:84: Expected label ZipCode, got  ([]), file ZipCode.csv:25524 data 72571
    regex_detector_test.go:84: Expected label ZipCode, got  ([]), file ZipCode.csv:25525 data 72572
    regex_detector_test.go:84: Expected label ZipCode, got  ([]), file ZipCode.csv:25526 data 72573
    regex_detector_test.go:84: Expected label ZipCode, got  ([]), file ZipCode.csv:25527 data 72576
    regex_detector_test.go:84: Expected label ZipCode, got  ([]), file ZipCode.csv:25528 data 72577
    regex_detector_test.go:84: Expected label ZipCode, got  ([]), file ZipCode.csv:25529 data 72578
    regex_detector_test.go:84: Expected label ZipCode, got  ([]), file ZipCode.csv:25530 data 72579
    regex_detector_test.go:84: Expected label ZipCode, got  ([]), file ZipCode.csv:25531 data 72581
    regex_detector_test.go:84: Expected label ZipCode, got  ([]), file ZipCode.csv:25532 data 72583
    regex_detector_test.go:84: Expected label ZipCode, got  ([]), file ZipCode.csv:25533 data 72584
    regex_detector_test.go:84: Expected label ZipCode, got  ([]), file ZipCode.csv:25534 data 72585
    regex_detector_test.go:84: Expected label ZipCode, got  ([]), file ZipCode.csv:25535 data 72587
    regex_detector_test.go:84: Expected label ZipCode, got  ([]), file ZipCode.csv:25536 data 72601
    regex_detector_test.go:84: Expected label ZipCode, got  ([]), file ZipCode.csv:25537 data 72611
    regex_detector_test.go:84: Expected label ZipCode, got  ([]), file ZipCode.csv:25538 data 72615
    regex_detector_test.go:84: Expected label ZipCode, got  ([]), file ZipCode.csv:25539 data 72616
    regex_detector_test.go:84: Expected label ZipCode, got  ([]), file ZipCode.csv:25540 data 72617
    regex_detector_test.go:84: Expected label ZipCode, got  ([]), file ZipCode.csv:25541 data 72619
    regex_detector_test.go:84: Expected label ZipCode, got  ([]), file ZipCode.csv:25542 data 72623
    regex_detector_test.go:84: Expected label ZipCode, got  ([]), file ZipCode.csv:25543 data 72624
    regex_detector_test.go:84: Expected label ZipCode, got  ([]), file ZipCode.csv:25544 data 72626
    regex_detector_test.go:84: Expected label ZipCode, got  ([]), file ZipCode.csv:25545 data 72628
    regex_detector_test.go:84: Expected label ZipCode, got  ([]), file ZipCode.csv:25546 data 72629
    regex_detector_test.go:84: Expected label ZipCode, got  ([]), file ZipCode.csv:25547 data 72630
    regex_detector_test.go:84: Expected label ZipCode, got  ([]), file ZipCode.csv:25548 data 72631
    regex_detector_test.go:84: Expected label ZipCode, got  ([]), file ZipCode.csv:25549 data 72632
    regex_detector_test.go:84: Expected label ZipCode, got  ([]), file ZipCode.csv:25550 data 72633
    regex_detector_test.go:84: Expected label ZipCode, got  ([]), file ZipCode.csv:25551 data 72634
    regex_detector_test.go:84: Expected label ZipCode, got  ([]), file ZipCode.csv:25552 data 72635
    regex_detector_test.go:84: Expected label ZipCode, got  ([]), file ZipCode.csv:25553 data 72636
    regex_detector_test.go:84: Expected label ZipCode, got  ([]), file ZipCode.csv:25554 data 72638
    regex_detector_test.go:84: Expected label ZipCode, got  ([]), file ZipCode.csv:25555 data 72639
    regex_detector_test.go:84: Expected label ZipCode, got  ([]), file ZipCode.csv:25556 data 72640
    regex_detector_test.go:84: Expected label ZipCode, got  ([]), file ZipCode.csv:25557 data 72641
    regex_detector_test.go:84: Expected label ZipCode, got  ([]), file ZipCode.csv:25558 data 72642
    regex_detector_test.go:84: Expected label ZipCode, got  ([]), file ZipCode.csv:25559 data 72644
    regex_detector_test.go:84: Expected label ZipCode, got  ([]), file ZipCode.csv:25560 data 72645
    regex_detector_test.go:84: Expected label ZipCode, got  ([]), file ZipCode.csv:25561 data 72648
    regex_detector_test.go:84: Expected label ZipCode, got  ([]), file ZipCode.csv:25562 data 72650
    regex_detector_test.go:84: Expected label ZipCode, got  ([]), file ZipCode.csv:25563 data 72651
    regex_detector_test.go:84: Expected label ZipCode, got  ([]), file ZipCode.csv:25564 data 72653
    regex_detector_test.go:84: Expected label ZipCode, got  ([]), file ZipCode.csv:25565 data 72655
    regex_detector_test.go:84: Expected label ZipCode, got  ([]), file ZipCode.csv:25566 data 72658
    regex_detector_test.go:84: Expected label ZipCode, got  ([]), file ZipCode.csv:25567 data 72660
    regex_detector_test.go:84: Expected label ZipCode, got  ([]), file ZipCode.csv:25568 data 72661
    regex_detector_test.go:84: Expected label ZipCode, got  ([]), file ZipCode.csv:25569 data 72662
    regex_detector_test.go:84: Expected label ZipCode, got  ([]), file ZipCode.csv:25570 data 72663
    regex_detector_test.go:84: Expected label ZipCode, got  ([]), file ZipCode.csv:25571 data 72666
    regex_detector_test.go:84: Expected label ZipCode, got  ([]), file ZipCode.csv:25572 data 72668
    regex_detector_test.go:84: Expected label ZipCode, got  ([]), file ZipCode.csv:25573 data 72669
    regex_detector_test.go:84: Expected label ZipCode, got  ([]), file ZipCode.csv:25574 data 72670
    regex_detector_test.go:84: Expected label ZipCode, got  ([]), file ZipCode.csv:25575 data 72672
    regex_detector_test.go:84: Expected label ZipCode, got  ([]), file ZipCode.csv:25576 data 72675
    regex_detector_test.go:84: Expected label ZipCode, got  ([]), file ZipCode.csv:25577 data 72677
    regex_detector_test.go:84: Expected label ZipCode, got  ([]), file ZipCode.csv:25578 data 72679
    regex_detector_test.go:84: Expected label ZipCode, got  ([]), file ZipCode.csv:25579 data 72680
    regex_detector_test.go:84: Expected label ZipCode, got  ([]), file ZipCode.csv:25580 data 72682
    regex_detector_test.go:84: Expected label ZipCode, got  ([]), file ZipCode.csv:25581 data 72683
    regex_detector_test.go:84: Expected label ZipCode, got  ([]), file ZipCode.csv:25582 data 72685
    regex_detector_test.go:84: Expected label ZipCode, got  ([]), file ZipCode.csv:25583 data 72686
    regex_detector_test.go:84: Expected label ZipCode, got  ([]), file ZipCode.csv:25584 data 72687
    regex_detector_test.go:84: Expected label ZipCode, got  ([]), file ZipCode.csv:25585 data 72701
    regex_detector_test.go:84: Expected label ZipCode, got  ([]), file ZipCode.csv:25586 data 72703
    regex_detector_test.go:84: Expected label ZipCode, got  ([]), file ZipCode.csv:25587 data 72704
    regex_detector_test.go:84: Expected label ZipCode, got  ([]), file ZipCode.csv:25588 data 72712
    regex_detector_test.go:84: Expected label ZipCode, got  ([]), file ZipCode.csv:25589 data 72713
    regex_detector_test.go:84: Expected label ZipCode, got  ([]), file ZipCode.csv:25590 data 72714
    regex_detector_test.go:84: Expected label ZipCode, got  ([]), file ZipCode.csv:25591 data 72715
    regex_detector_test.go:84: Expected label ZipCode, got  ([]), file ZipCode.csv:25592 data 72717
    regex_detector_test.go:84: Expected label ZipCode, got  ([]), file ZipCode.csv:25593 data 72718
    regex_detector_test.go:84: Expected label ZipCode, got  ([]), file ZipCode.csv:25594 data 72719
    regex_detector_test.go:84: Expected label ZipCode, got  ([]), file ZipCode.csv:25595 data 72721
    regex_detector_test.go:84: Expected label ZipCode, got  ([]), file ZipCode.csv:25596 data 72722
    regex_detector_test.go:84: Expected label ZipCode, got  ([]), file ZipCode.csv:25597 data 72727
    regex_detector_test.go:84: Expected label ZipCode, got  ([]), file ZipCode.csv:25598 data 72729
    regex_detector_test.go:84: Expected label ZipCode, got  ([]), file ZipCode.csv:25599 data 72730
    regex_detector_test.go:84: Expected label ZipCode, got  ([]), file ZipCode.csv:25600 data 72732
    regex_detector_test.go:84: Expected label ZipCode, got  ([]), file ZipCode.csv:25601 data 72734
    regex_detector_test.go:84: Expected label ZipCode, got  ([]), file ZipCode.csv:25602 data 72736
    regex_detector_test.go:84: Expected label ZipCode, got  ([]), file ZipCode.csv:25603 data 72738
    regex_detector_test.go:84: Expected label ZipCode, got  ([]), file ZipCode.csv:25604 data 72739
    regex_detector_test.go:84: Expected label ZipCode, got  ([]), file ZipCode.csv:25605 data 72740
    regex_detector_test.go:84: Expected label ZipCode, got  ([]), file ZipCode.csv:25606 data 72742
    regex_detector_test.go:84: Expected label ZipCode, got  ([]), file ZipCode.csv:25607 data 72744
    regex_detector_test.go:84: Expected label ZipCode, got  ([]), file ZipCode.csv:25608 data 72745
    regex_detector_test.go:84: Expected label ZipCode, got  ([]), file ZipCode.csv:25609 data 72747
    regex_detector_test.go:84: Expected label ZipCode, got  ([]), file ZipCode.csv:25610 data 72749
    regex_detector_test.go:84: Expected label ZipCode, got  ([]), file ZipCode.csv:25611 data 72751
    regex_detector_test.go:84: Expected label ZipCode, got  ([]), file ZipCode.csv:25612 data 72752
    regex_detector_test.go:84: Expected label ZipCode, got  ([]), file ZipCode.csv:25613 data 72753
    regex_detector_test.go:84: Expected label ZipCode, got  ([]), file ZipCode.csv:25614 data 72756
    regex_detector_test.go:84: Expected label ZipCode, got  ([]), file ZipCode.csv:25615 data 72758
    regex_detector_test.go:84: Expected label ZipCode, got  ([]), file ZipCode.csv:25616 data 72760
    regex_detector_test.go:84: Expected label ZipCode, got  ([]), file ZipCode.csv:25617 data 72761
    regex_detector_test.go:84: Expected label ZipCode, got  ([]), file ZipCode.csv:25618 data 72762
    regex_detector_test.go:84: Expected label ZipCode, got  ([]), file ZipCode.csv:25619 data 72764
    regex_detector_test.go:84: Expected label ZipCode, got  ([]), file ZipCode.csv:25620 data 72768
    regex_detector_test.go:84: Expected label ZipCode, got  ([]), file ZipCode.csv:25621 data 72769
    regex_detector_test.go:84: Expected label ZipCode, got  ([]), file ZipCode.csv:25622 data 72773
    regex_detector_test.go:84: Expected label ZipCode, got  ([]), file ZipCode.csv:25623 data 72774
    regex_detector_test.go:84: Expected label ZipCode, got  ([]), file ZipCode.csv:25624 data 72776
    regex_detector_test.go:84: Expected label ZipCode, got  ([]), file ZipCode.csv:25625 data 72801
    regex_detector_test.go:84: Expected label ZipCode, got  ([]), file ZipCode.csv:25626 data 72802
    regex_detector_test.go:84: Expected label ZipCode, got  ([]), file ZipCode.csv:25627 data 72821
    regex_detector_test.go:84: Expected label ZipCode, got  ([]), file ZipCode.csv:25628 data 72823
    regex_detector_test.go:84: Expected label ZipCode, got  ([]), file ZipCode.csv:25629 data 72824
    regex_detector_test.go:84: Expected label ZipCode, got  ([]), file ZipCode.csv:25630 data 72826
    regex_detector_test.go:84: Expected label ZipCode, got  ([]), file ZipCode.csv:25631 data 72827
    regex_detector_test.go:84: Expected label ZipCode, got  ([]), file ZipCode.csv:25632 data 72828
    regex_detector_test.go:84: Expected label ZipCode, got  ([]), file ZipCode.csv:25633 data 72829
    regex_detector_test.go:84: Expected label ZipCode, got  ([]), file ZipCode.csv:25634 data 72830
    regex_detector_test.go:84: Expected label ZipCode, got  ([]), file ZipCode.csv:25635 data 72832
    regex_detector_test.go:84: Expected label ZipCode, got  ([]), file ZipCode.csv:25636 data 72833
    regex_detector_test.go:84: Expected label ZipCode, got  ([]), file ZipCode.csv:25637 data 72834
    regex_detector_test.go:84: Expected label ZipCode, got  ([]), file ZipCode.csv:25638 data 72835
    regex_detector_test.go:84: Expected label ZipCode, got  ([]), file ZipCode.csv:25639 data 72837
    regex_detector_test.go:84: Expected label ZipCode, got  ([]), file ZipCode.csv:25640 data 72838
    regex_detector_test.go:84: Expected label ZipCode, got  ([]), file ZipCode.csv:25641 data 72839
    regex_detector_test.go:84: Expected label ZipCode, got  ([]), file ZipCode.csv:25642 data 72840
    regex_detector_test.go:84: Expected label ZipCode, got  ([]), file ZipCode.csv:25643 data 72841
    regex_detector_test.go:84: Expected label ZipCode, got  ([]), file ZipCode.csv:25644 data 72842
    regex_detector_test.go:84: Expected label ZipCode, got  ([]), file ZipCode.csv:25645 data 72843
    regex_detector_test.go:84: Expected label ZipCode, got  ([]), file ZipCode.csv:25646 data 72845
    regex_detector_test.go:84: Expected label ZipCode, got  ([]), file ZipCode.csv:25647 data 72846
    regex_detector_test.go:84: Expected label ZipCode, got  ([]), file ZipCode.csv:25648 data 72847
    regex_detector_test.go:84: Expected label ZipCode, got  ([]), file ZipCode.csv:25649 data 72851
    regex_detector_test.go:84: Expected label ZipCode, got  ([]), file ZipCode.csv:25650 data 72852
    regex_detector_test.go:84: Expected label ZipCode, got  ([]), file ZipCode.csv:25651 data 72853
    regex_detector_test.go:84: Expected label ZipCode, got  ([]), file ZipCode.csv:25652 data 72854
    regex_detector_test.go:84: Expected label ZipCode, got  ([]), file ZipCode.csv:25653 data 72855
    regex_detector_test.go:84: Expected label ZipCode, got  ([]), file ZipCode.csv:25654 data 72856
    regex_detector_test.go:84: Expected label ZipCode, got  ([]), file ZipCode.csv:25655 data 72857
    regex_detector_test.go:84: Expected label ZipCode, got  ([]), file ZipCode.csv:25656 data 72858
    regex_detector_test.go:84: Expected label ZipCode, got  ([]), file ZipCode.csv:25657 data 72860
    regex_detector_test.go:84: Expected label ZipCode, got  ([]), file ZipCode.csv:25658 data 72863
    regex_detector_test.go:84: Expected label ZipCode, got  ([]), file ZipCode.csv:25659 data 72865
    regex_detector_test.go:84: Expected label ZipCode, got  ([]), file ZipCode.csv:25660 data 72901
    regex_detector_test.go:84: Expected label ZipCode, got  ([]), file ZipCode.csv:25661 data 72903
    regex_detector_test.go:84: Expected label ZipCode, got  ([]), file ZipCode.csv:25662 data 72904
    regex_detector_test.go:84: Expected label ZipCode, got  ([]), file ZipCode.csv:25663 data 72905
    regex_detector_test.go:84: Expected label ZipCode, got  ([]), file ZipCode.csv:25664 data 72908
    regex_detector_test.go:84: Expected label ZipCode, got  ([]), file ZipCode.csv:25665 data 72916
    regex_detector_test.go:84: Expected label ZipCode, got  ([]), file ZipCode.csv:25666 data 72921
    regex_detector_test.go:84: Expected label ZipCode, got  ([]), file ZipCode.csv:25667 data 72923
    regex_detector_test.go:84: Expected label ZipCode, got  ([]), file ZipCode.csv:25668 data 72926
    regex_detector_test.go:84: Expected label ZipCode, got  ([]), file ZipCode.csv:25669 data 72927
    regex_detector_test.go:84: Expected label ZipCode, got  ([]), file ZipCode.csv:25670 data 72928
    regex_detector_test.go:84: Expected label ZipCode, got  ([]), file ZipCode.csv:25671 data 72930
    regex_detector_test.go:84: Expected label ZipCode, got  ([]), file ZipCode.csv:25672 data 72932
    regex_detector_test.go:84: Expected label ZipCode, got  ([]), file ZipCode.csv:25673 data 72933
    regex_detector_test.go:84: Expected label ZipCode, got  ([]), file ZipCode.csv:25674 data 72934
    regex_detector_test.go:84: Expected label ZipCode, got  ([]), file ZipCode.csv:25675 data 72935
    regex_detector_test.go:84: Expected label ZipCode, got  ([]), file ZipCode.csv:25676 data 72936
    regex_detector_test.go:84: Expected label ZipCode, got  ([]), file ZipCode.csv:25677 data 72937
    regex_detector_test.go:84: Expected label ZipCode, got  ([]), file ZipCode.csv:25678 data 72938
    regex_detector_test.go:84: Expected label ZipCode, got  ([]), file ZipCode.csv:25679 data 72940
    regex_detector_test.go:84: Expected label ZipCode, got  ([]), file ZipCode.csv:25680 data 72941
    regex_detector_test.go:84: Expected label ZipCode, got  ([]), file ZipCode.csv:25681 data 72943
    regex_detector_test.go:84: Expected label ZipCode, got  ([]), file ZipCode.csv:25682 data 72944
    regex_detector_test.go:84: Expected label ZipCode, got  ([]), file ZipCode.csv:25683 data 72945
    regex_detector_test.go:84: Expected label ZipCode, got  ([]), file ZipCode.csv:25684 data 72946
    regex_detector_test.go:84: Expected label ZipCode, got  ([]), file ZipCode.csv:25685 data 72947
    regex_detector_test.go:84: Expected label ZipCode, got  ([]), file ZipCode.csv:25686 data 72948
    regex_detector_test.go:84: Expected label ZipCode, got  ([]), file ZipCode.csv:25687 data 72949
    regex_detector_test.go:84: Expected label ZipCode, got  ([]), file ZipCode.csv:25688 data 72950
    regex_detector_test.go:84: Expected label ZipCode, got  ([]), file ZipCode.csv:25689 data 72951
    regex_detector_test.go:84: Expected label ZipCode, got  ([]), file ZipCode.csv:25690 data 72952
    regex_detector_test.go:84: Expected label ZipCode, got  ([]), file ZipCode.csv:25691 data 72955
    regex_detector_test.go:84: Expected label ZipCode, got  ([]), file ZipCode.csv:25692 data 72956
    regex_detector_test.go:84: Expected label ZipCode, got  ([]), file ZipCode.csv:25693 data 72958
    regex_detector_test.go:84: Expected label ZipCode, got  ([]), file ZipCode.csv:25694 data 72959
    regex_detector_test.go:84: Expected label ZipCode, got  ([]), file ZipCode.csv:25695 data 73001
    regex_detector_test.go:84: Expected label ZipCode, got  ([]), file ZipCode.csv:25696 data 73002
    regex_detector_test.go:84: Expected label ZipCode, got  ([]), file ZipCode.csv:25697 data 73003
    regex_detector_test.go:84: Expected label ZipCode, got  ([]), file ZipCode.csv:25698 data 73004
    regex_detector_test.go:84: Expected label ZipCode, got  ([]), file ZipCode.csv:25699 data 73005
    regex_detector_test.go:84: Expected label ZipCode, got  ([]), file ZipCode.csv:25700 data 73006
    regex_detector_test.go:84: Expected label ZipCode, got  ([]), file ZipCode.csv:25701 data 73007
    regex_detector_test.go:84: Expected label ZipCode, got  ([]), file ZipCode.csv:25702 data 73008
    regex_detector_test.go:84: Expected label ZipCode, got  ([]), file ZipCode.csv:25703 data 73009
    regex_detector_test.go:84: Expected label ZipCode, got  ([]), file ZipCode.csv:25704 data 73010
    regex_detector_test.go:84: Expected label ZipCode, got  ([]), file ZipCode.csv:25705 data 73011
    regex_detector_test.go:84: Expected label ZipCode, got  ([]), file ZipCode.csv:25706 data 73012
    regex_detector_test.go:84: Expected label ZipCode, got  ([]), file ZipCode.csv:25707 data 73013
    regex_detector_test.go:84: Expected label ZipCode, got  ([]), file ZipCode.csv:25708 data 73014
    regex_detector_test.go:84: Expected label ZipCode, got  ([]), file ZipCode.csv:25709 data 73015
    regex_detector_test.go:84: Expected label ZipCode, got  ([]), file ZipCode.csv:25710 data 73016
    regex_detector_test.go:84: Expected label ZipCode, got  ([]), file ZipCode.csv:25711 data 73017
    regex_detector_test.go:84: Expected label ZipCode, got  ([]), file ZipCode.csv:25712 data 73018
    regex_detector_test.go:84: Expected label ZipCode, got  ([]), file ZipCode.csv:25713 data 73019
    regex_detector_test.go:84: Expected label ZipCode, got  ([]), file ZipCode.csv:25714 data 73020
    regex_detector_test.go:84: Expected label ZipCode, got  ([]), file ZipCode.csv:25715 data 73021
    regex_detector_test.go:84: Expected label ZipCode, got  ([]), file ZipCode.csv:25716 data 73022
    regex_detector_test.go:84: Expected label ZipCode, got  ([]), file ZipCode.csv:25717 data 73024
    regex_detector_test.go:84: Expected label ZipCode, got  ([]), file ZipCode.csv:25718 data 73025
    regex_detector_test.go:84: Expected label ZipCode, got  ([]), file ZipCode.csv:25719 data 73026
    regex_detector_test.go:84: Expected label ZipCode, got  ([]), file ZipCode.csv:25720 data 73027
    regex_detector_test.go:84: Expected label ZipCode, got  ([]), file ZipCode.csv:25721 data 73028
    regex_detector_test.go:84: Expected label ZipCode, got  ([]), file ZipCode.csv:25722 data 73029
    regex_detector_test.go:84: Expected label ZipCode, got  ([]), file ZipCode.csv:25723 data 73030
    regex_detector_test.go:84: Expected label ZipCode, got  ([]), file ZipCode.csv:25724 data 73031
    regex_detector_test.go:84: Expected label ZipCode, got  ([]), file ZipCode.csv:25725 data 73032
    regex_detector_test.go:84: Expected label ZipCode, got  ([]), file ZipCode.csv:25726 data 73033
    regex_detector_test.go:84: Expected label ZipCode, got  ([]), file ZipCode.csv:25727 data 73034
    regex_detector_test.go:84: Expected label ZipCode, got  ([]), file ZipCode.csv:25728 data 73036
    regex_detector_test.go:84: Expected label ZipCode, got  ([]), file ZipCode.csv:25729 data 73038
    regex_detector_test.go:84: Expected label ZipCode, got  ([]), file ZipCode.csv:25730 data 73040
    regex_detector_test.go:84: Expected label ZipCode, got  ([]), file ZipCode.csv:25731 data 73041
    regex_detector_test.go:84: Expected label ZipCode, got  ([]), file ZipCode.csv:25732 data 73042
    regex_detector_test.go:84: Expected label ZipCode, got  ([]), file ZipCode.csv:25733 data 73043
    regex_detector_test.go:84: Expected label ZipCode, got  ([]), file ZipCode.csv:25734 data 73044
    regex_detector_test.go:84: Expected label ZipCode, got  ([]), file ZipCode.csv:25735 data 73045
    regex_detector_test.go:84: Expected label ZipCode, got  ([]), file ZipCode.csv:25736 data 73047
    regex_detector_test.go:84: Expected label ZipCode, got  ([]), file ZipCode.csv:25737 data 73048
    regex_detector_test.go:84: Expected label ZipCode, got  ([]), file ZipCode.csv:25738 data 73049
    regex_detector_test.go:84: Expected label ZipCode, got  ([]), file ZipCode.csv:25739 data 73050
    regex_detector_test.go:84: Expected label ZipCode, got  ([]), file ZipCode.csv:25740 data 73051
    regex_detector_test.go:84: Expected label ZipCode, got  ([]), file ZipCode.csv:25741 data 73052
    regex_detector_test.go:84: Expected label ZipCode, got  ([]), file ZipCode.csv:25742 data 73053
    regex_detector_test.go:84: Expected label ZipCode, got  ([]), file ZipCode.csv:25743 data 73054
    regex_detector_test.go:84: Expected label ZipCode, got  ([]), file ZipCode.csv:25744 data 73055
    regex_detector_test.go:84: Expected label ZipCode, got  ([]), file ZipCode.csv:25745 data 73056
    regex_detector_test.go:84: Expected label ZipCode, got  ([]), file ZipCode.csv:25746 data 73057
    regex_detector_test.go:84: Expected label ZipCode, got  ([]), file ZipCode.csv:25747 data 73058
    regex_detector_test.go:84: Expected label ZipCode, got  ([]), file ZipCode.csv:25748 data 73059
    regex_detector_test.go:84: Expected label ZipCode, got  ([]), file ZipCode.csv:25749 data 73061
    regex_detector_test.go:84: Expected label ZipCode, got  ([]), file ZipCode.csv:25750 data 73062
    regex_detector_test.go:84: Expected label ZipCode, got  ([]), file ZipCode.csv:25751 data 73063
    regex_detector_test.go:84: Expected label ZipCode, got  ([]), file ZipCode.csv:25752 data 73064
    regex_detector_test.go:84: Expected label ZipCode, got  ([]), file ZipCode.csv:25753 data 73065
    regex_detector_test.go:84: Expected label ZipCode, got  ([]), file ZipCode.csv:25754 data 73066
    regex_detector_test.go:84: Expected label ZipCode, got  ([]), file ZipCode.csv:25755 data 73067
    regex_detector_test.go:84: Expected label ZipCode, got  ([]), file ZipCode.csv:25756 data 73068
    regex_detector_test.go:84: Expected label ZipCode, got  ([]), file ZipCode.csv:25757 data 73069
    regex_detector_test.go:84: Expected label ZipCode, got  ([]), file ZipCode.csv:25758 data 73070
    regex_detector_test.go:84: Expected label ZipCode, got  ([]), file ZipCode.csv:25759 data 73071
    regex_detector_test.go:84: Expected label ZipCode, got  ([]), file ZipCode.csv:25760 data 73072
    regex_detector_test.go:84: Expected label ZipCode, got  ([]), file ZipCode.csv:25761 data 73073
    regex_detector_test.go:84: Expected label ZipCode, got  ([]), file ZipCode.csv:25762 data 73074
    regex_detector_test.go:84: Expected label ZipCode, got  ([]), file ZipCode.csv:25763 data 73075
    regex_detector_test.go:84: Expected label ZipCode, got  ([]), file ZipCode.csv:25764 data 73077
    regex_detector_test.go:84: Expected label ZipCode, got  ([]), file ZipCode.csv:25765 data 73078
    regex_detector_test.go:84: Expected label ZipCode, got  ([]), file ZipCode.csv:25766 data 73079
    regex_detector_test.go:84: Expected label ZipCode, got  ([]), file ZipCode.csv:25767 data 73080
    regex_detector_test.go:84: Expected label ZipCode, got  ([]), file ZipCode.csv:25768 data 73082
    regex_detector_test.go:84: Expected label ZipCode, got  ([]), file ZipCode.csv:25769 data 73084
    regex_detector_test.go:84: Expected label ZipCode, got  ([]), file ZipCode.csv:25770 data 73086
    regex_detector_test.go:84: Expected label ZipCode, got  ([]), file ZipCode.csv:25771 data 73089
    regex_detector_test.go:84: Expected label ZipCode, got  ([]), file ZipCode.csv:25772 data 73090
    regex_detector_test.go:84: Expected label ZipCode, got  ([]), file ZipCode.csv:25773 data 73092
    regex_detector_test.go:84: Expected label ZipCode, got  ([]), file ZipCode.csv:25774 data 73093
    regex_detector_test.go:84: Expected label ZipCode, got  ([]), file ZipCode.csv:25775 data 73095
    regex_detector_test.go:84: Expected label ZipCode, got  ([]), file ZipCode.csv:25776 data 73096
    regex_detector_test.go:84: Expected label ZipCode, got  ([]), file ZipCode.csv:25777 data 73097
    regex_detector_test.go:84: Expected label ZipCode, got  ([]), file ZipCode.csv:25778 data 73098
    regex_detector_test.go:84: Expected label ZipCode, got  ([]), file ZipCode.csv:25779 data 73099
    regex_detector_test.go:84: Expected label ZipCode, got  ([]), file ZipCode.csv:25780 data 73102
    regex_detector_test.go:84: Expected label ZipCode, got  ([]), file ZipCode.csv:25781 data 73103
    regex_detector_test.go:84: Expected label ZipCode, got  ([]), file ZipCode.csv:25782 data 73104
    regex_detector_test.go:84: Expected label ZipCode, got  ([]), file ZipCode.csv:25783 data 73105
    regex_detector_test.go:84: Expected label ZipCode, got  ([]), file ZipCode.csv:25784 data 73106
    regex_detector_test.go:84: Expected label ZipCode, got  ([]), file ZipCode.csv:25785 data 73107
    regex_detector_test.go:84: Expected label ZipCode, got  ([]), file ZipCode.csv:25786 data 73108
    regex_detector_test.go:84: Expected label ZipCode, got  ([]), file ZipCode.csv:25787 data 73109
    regex_detector_test.go:84: Expected label ZipCode, got  ([]), file ZipCode.csv:25788 data 73110
    regex_detector_test.go:84: Expected label ZipCode, got  ([]), file ZipCode.csv:25789 data 73111
    regex_detector_test.go:84: Expected label ZipCode, got  ([]), file ZipCode.csv:25790 data 73112
    regex_detector_test.go:84: Expected label ZipCode, got  ([]), file ZipCode.csv:25791 data 73114
    regex_detector_test.go:84: Expected label ZipCode, got  ([]), file ZipCode.csv:25792 data 73115
    regex_detector_test.go:84: Expected label ZipCode, got  ([]), file ZipCode.csv:25793 data 73116
    regex_detector_test.go:84: Expected label ZipCode, got  ([]), file ZipCode.csv:25794 data 73117
    regex_detector_test.go:84: Expected label ZipCode, got  ([]), file ZipCode.csv:25795 data 73118
    regex_detector_test.go:84: Expected label ZipCode, got  ([]), file ZipCode.csv:25796 data 73119
    regex_detector_test.go:84: Expected label ZipCode, got  ([]), file ZipCode.csv:25797 data 73120
    regex_detector_test.go:84: Expected label ZipCode, got  ([]), file ZipCode.csv:25798 data 73121
    regex_detector_test.go:84: Expected label ZipCode, got  ([]), file ZipCode.csv:25799 data 73122
    regex_detector_test.go:84: Expected label ZipCode, got  ([]), file ZipCode.csv:25800 data 73127
    regex_detector_test.go:84: Expected label ZipCode, got  ([]), file ZipCode.csv:25801 data 73128
    regex_detector_test.go:84: Expected label ZipCode, got  ([]), file ZipCode.csv:25802 data 73129
    regex_detector_test.go:84: Expected label ZipCode, got  ([]), file ZipCode.csv:25803 data 73130
    regex_detector_test.go:84: Expected label ZipCode, got  ([]), file ZipCode.csv:25804 data 73131
    regex_detector_test.go:84: Expected label ZipCode, got  ([]), file ZipCode.csv:25805 data 73132
    regex_detector_test.go:84: Expected label ZipCode, got  ([]), file ZipCode.csv:25806 data 73134
    regex_detector_test.go:84: Expected label ZipCode, got  ([]), file ZipCode.csv:25807 data 73135
    regex_detector_test.go:84: Expected label ZipCode, got  ([]), file ZipCode.csv:25808 data 73139
    regex_detector_test.go:84: Expected label ZipCode, got  ([]), file ZipCode.csv:25809 data 73141
    regex_detector_test.go:84: Expected label ZipCode, got  ([]), file ZipCode.csv:25810 data 73142
    regex_detector_test.go:84: Expected label ZipCode, got  ([]), file ZipCode.csv:25811 data 73145
    regex_detector_test.go:84: Expected label ZipCode, got  ([]), file ZipCode.csv:25812 data 73149
    regex_detector_test.go:84: Expected label ZipCode, got  ([]), file ZipCode.csv:25813 data 73150
    regex_detector_test.go:84: Expected label ZipCode, got  ([]), file ZipCode.csv:25814 data 73151
    regex_detector_test.go:84: Expected label ZipCode, got  ([]), file ZipCode.csv:25815 data 73159
    regex_detector_test.go:84: Expected label ZipCode, got  ([]), file ZipCode.csv:25816 data 73160
    regex_detector_test.go:84: Expected label ZipCode, got  ([]), file ZipCode.csv:25817 data 73162
    regex_detector_test.go:84: Expected label ZipCode, got  ([]), file ZipCode.csv:25818 data 73165
    regex_detector_test.go:84: Expected label ZipCode, got  ([]), file ZipCode.csv:25819 data 73169
    regex_detector_test.go:84: Expected label ZipCode, got  ([]), file ZipCode.csv:25820 data 73170
    regex_detector_test.go:84: Expected label ZipCode, got  ([]), file ZipCode.csv:25821 data 73173
    regex_detector_test.go:84: Expected label ZipCode, got  ([]), file ZipCode.csv:25822 data 73179
    regex_detector_test.go:84: Expected label ZipCode, got  ([]), file ZipCode.csv:25823 data 73401
    regex_detector_test.go:84: Expected label ZipCode, got  ([]), file ZipCode.csv:25824 data 73425
    regex_detector_test.go:84: Expected label ZipCode, got  ([]), file ZipCode.csv:25825 data 73430
    regex_detector_test.go:84: Expected label ZipCode, got  ([]), file ZipCode.csv:25826 data 73432
    regex_detector_test.go:84: Expected label ZipCode, got  ([]), file ZipCode.csv:25827 data 73433
    regex_detector_test.go:84: Expected label ZipCode, got  ([]), file ZipCode.csv:25828 data 73434
    regex_detector_test.go:84: Expected label ZipCode, got  ([]), file ZipCode.csv:25829 data 73435
    regex_detector_test.go:84: Expected label ZipCode, got  ([]), file ZipCode.csv:25830 data 73436
    regex_detector_test.go:84: Expected label ZipCode, got  ([]), file ZipCode.csv:25831 data 73437
    regex_detector_test.go:84: Expected label ZipCode, got  ([]), file ZipCode.csv:25832 data 73438
    regex_detector_test.go:84: Expected label ZipCode, got  ([]), file ZipCode.csv:25833 data 73439
    regex_detector_test.go:84: Expected label ZipCode, got  ([]), file ZipCode.csv:25834 data 73440
    regex_detector_test.go:84: Expected label ZipCode, got  ([]), file ZipCode.csv:25835 data 73441
    regex_detector_test.go:84: Expected label ZipCode, got  ([]), file ZipCode.csv:25836 data 73442
    regex_detector_test.go:84: Expected label ZipCode, got  ([]), file ZipCode.csv:25837 data 73443
    regex_detector_test.go:84: Expected label ZipCode, got  ([]), file ZipCode.csv:25838 data 73444
    regex_detector_test.go:84: Expected label ZipCode, got  ([]), file ZipCode.csv:25839 data 73446
    regex_detector_test.go:84: Expected label ZipCode, got  ([]), file ZipCode.csv:25840 data 73447
    regex_detector_test.go:84: Expected label ZipCode, got  ([]), file ZipCode.csv:25841 data 73448
    regex_detector_test.go:84: Expected label ZipCode, got  ([]), file ZipCode.csv:25842 data 73449
    regex_detector_test.go:84: Expected label ZipCode, got  ([]), file ZipCode.csv:25843 data 73450
    regex_detector_test.go:84: Expected label ZipCode, got  ([]), file ZipCode.csv:25844 data 73453
    regex_detector_test.go:84: Expected label ZipCode, got  ([]), file ZipCode.csv:25845 data 73455
    regex_detector_test.go:84: Expected label ZipCode, got  ([]), file ZipCode.csv:25846 data 73456
    regex_detector_test.go:84: Expected label ZipCode, got  ([]), file ZipCode.csv:25847 data 73458
    regex_detector_test.go:84: Expected label ZipCode, got  ([]), file ZipCode.csv:25848 data 73459
    regex_detector_test.go:84: Expected label ZipCode, got  ([]), file ZipCode.csv:25849 data 73460
    regex_detector_test.go:84: Expected label ZipCode, got  ([]), file ZipCode.csv:25850 data 73461
    regex_detector_test.go:84: Expected label ZipCode, got  ([]), file ZipCode.csv:25851 data 73463
    regex_detector_test.go:84: Expected label ZipCode, got  ([]), file ZipCode.csv:25852 data 73481
    regex_detector_test.go:84: Expected label ZipCode, got  ([]), file ZipCode.csv:25853 data 73487
    regex_detector_test.go:84: Expected label ZipCode, got  ([]), file ZipCode.csv:25854 data 73488
    regex_detector_test.go:84: Expected label ZipCode, got  ([]), file ZipCode.csv:25855 data 73491
    regex_detector_test.go:84: Expected label ZipCode, got  ([]), file ZipCode.csv:25856 data 73501
    regex_detector_test.go:84: Expected label ZipCode, got  ([]), file ZipCode.csv:25857 data 73503
    regex_detector_test.go:84: Expected label ZipCode, got  ([]), file ZipCode.csv:25858 data 73505
    regex_detector_test.go:84: Expected label ZipCode, got  ([]), file ZipCode.csv:25859 data 73507
    regex_detector_test.go:84: Expected label ZipCode, got  ([]), file ZipCode.csv:25860 data 73520
    regex_detector_test.go:84: Expected label ZipCode, got  ([]), file ZipCode.csv:25861 data 73521
    regex_detector_test.go:84: Expected label ZipCode, got  ([]), file ZipCode.csv:25862 data 73523
    regex_detector_test.go:84: Expected label ZipCode, got  ([]), file ZipCode.csv:25863 data 73526
    regex_detector_test.go:84: Expected label ZipCode, got  ([]), file ZipCode.csv:25864 data 73527
    regex_detector_test.go:84: Expected label ZipCode, got  ([]), file ZipCode.csv:25865 data 73528
    regex_detector_test.go:84: Expected label ZipCode, got  ([]), file ZipCode.csv:25866 data 73529
    regex_detector_test.go:84: Expected label ZipCode, got  ([]), file ZipCode.csv:25867 data 73530
    regex_detector_test.go:84: Expected label ZipCode, got  ([]), file ZipCode.csv:25868 data 73531
    regex_detector_test.go:84: Expected label ZipCode, got  ([]), file ZipCode.csv:25869 data 73532
    regex_detector_test.go:84: Expected label ZipCode, got  ([]), file ZipCode.csv:25870 data 73533
    regex_detector_test.go:84: Expected label ZipCode, got  ([]), file ZipCode.csv:25871 data 73537
    regex_detector_test.go:84: Expected label ZipCode, got  ([]), file ZipCode.csv:25872 data 73538
    regex_detector_test.go:84: Expected label ZipCode, got  ([]), file ZipCode.csv:25873 data 73539
    regex_detector_test.go:84: Expected label ZipCode, got  ([]), file ZipCode.csv:25874 data 73540
    regex_detector_test.go:84: Expected label ZipCode, got  ([]), file ZipCode.csv:25875 data 73541
    regex_detector_test.go:84: Expected label ZipCode, got  ([]), file ZipCode.csv:25876 data 73542
    regex_detector_test.go:84: Expected label ZipCode, got  ([]), file ZipCode.csv:25877 data 73543
    regex_detector_test.go:84: Expected label ZipCode, got  ([]), file ZipCode.csv:25878 data 73544
    regex_detector_test.go:84: Expected label ZipCode, got  ([]), file ZipCode.csv:25879 data 73546
    regex_detector_test.go:84: Expected label ZipCode, got  ([]), file ZipCode.csv:25880 data 73547
    regex_detector_test.go:84: Expected label ZipCode, got  ([]), file ZipCode.csv:25881 data 73548
    regex_detector_test.go:84: Expected label ZipCode, got  ([]), file ZipCode.csv:25882 data 73549
    regex_detector_test.go:84: Expected label ZipCode, got  ([]), file ZipCode.csv:25883 data 73550
    regex_detector_test.go:84: Expected label ZipCode, got  ([]), file ZipCode.csv:25884 data 73551
    regex_detector_test.go:84: Expected label ZipCode, got  ([]), file ZipCode.csv:25885 data 73552
    regex_detector_test.go:84: Expected label ZipCode, got  ([]), file ZipCode.csv:25886 data 73553
    regex_detector_test.go:84: Expected label ZipCode, got  ([]), file ZipCode.csv:25887 data 73554
    regex_detector_test.go:84: Expected label ZipCode, got  ([]), file ZipCode.csv:25888 data 73555
    regex_detector_test.go:84: Expected label ZipCode, got  ([]), file ZipCode.csv:25889 data 73556
    regex_detector_test.go:84: Expected label ZipCode, got  ([]), file ZipCode.csv:25890 data 73557
    regex_detector_test.go:84: Expected label ZipCode, got  ([]), file ZipCode.csv:25891 data 73559
    regex_detector_test.go:84: Expected label ZipCode, got  ([]), file ZipCode.csv:25892 data 73560
    regex_detector_test.go:84: Expected label ZipCode, got  ([]), file ZipCode.csv:25893 data 73562
    regex_detector_test.go:84: Expected label ZipCode, got  ([]), file ZipCode.csv:25894 data 73564
    regex_detector_test.go:84: Expected label ZipCode, got  ([]), file ZipCode.csv:25895 data 73565
    regex_detector_test.go:84: Expected label ZipCode, got  ([]), file ZipCode.csv:25896 data 73566
    regex_detector_test.go:84: Expected label ZipCode, got  ([]), file ZipCode.csv:25897 data 73567
    regex_detector_test.go:84: Expected label ZipCode, got  ([]), file ZipCode.csv:25898 data 73568
    regex_detector_test.go:84: Expected label ZipCode, got  ([]), file ZipCode.csv:25899 data 73569
    regex_detector_test.go:84: Expected label ZipCode, got  ([]), file ZipCode.csv:25900 data 73570
    regex_detector_test.go:84: Expected label ZipCode, got  ([]), file ZipCode.csv:25901 data 73571
    regex_detector_test.go:84: Expected label ZipCode, got  ([]), file ZipCode.csv:25902 data 73572
    regex_detector_test.go:84: Expected label ZipCode, got  ([]), file ZipCode.csv:25903 data 73573
    regex_detector_test.go:84: Expected label ZipCode, got  ([]), file ZipCode.csv:25904 data 73601
    regex_detector_test.go:84: Expected label ZipCode, got  ([]), file ZipCode.csv:25905 data 73620
    regex_detector_test.go:84: Expected label ZipCode, got  ([]), file ZipCode.csv:25906 data 73622
    regex_detector_test.go:84: Expected label ZipCode, got  ([]), file ZipCode.csv:25907 data 73624
    regex_detector_test.go:84: Expected label ZipCode, got  ([]), file ZipCode.csv:25908 data 73625
    regex_detector_test.go:84: Expected label ZipCode, got  ([]), file ZipCode.csv:25909 data 73626
    regex_detector_test.go:84: Expected label ZipCode, got  ([]), file ZipCode.csv:25910 data 73627
    regex_detector_test.go:84: Expected label ZipCode, got  ([]), file ZipCode.csv:25911 data 73628
    regex_detector_test.go:84: Expected label ZipCode, got  ([]), file ZipCode.csv:25912 data 73632
    regex_detector_test.go:84: Expected label ZipCode, got  ([]), file ZipCode.csv:25913 data 73638
    regex_detector_test.go:84: Expected label ZipCode, got  ([]), file ZipCode.csv:25914 data 73639
    regex_detector_test.go:84: Expected label ZipCode, got  ([]), file ZipCode.csv:25915 data 73641
    regex_detector_test.go:84: Expected label ZipCode, got  ([]), file ZipCode.csv:25916 data 73642
    regex_detector_test.go:84: Expected label ZipCode, got  ([]), file ZipCode.csv:25917 data 73644
    regex_detector_test.go:84: Expected label ZipCode, got  ([]), file ZipCode.csv:25918 data 73645
    regex_detector_test.go:84: Expected label ZipCode, got  ([]), file ZipCode.csv:25919 data 73646
    regex_detector_test.go:84: Expected label ZipCode, got  ([]), file ZipCode.csv:25920 data 73647
    regex_detector_test.go:84: Expected label ZipCode, got  ([]), file ZipCode.csv:25921 data 73650
    regex_detector_test.go:84: Expected label ZipCode, got  ([]), file ZipCode.csv:25922 data 73651
    regex_detector_test.go:84: Expected label ZipCode, got  ([]), file ZipCode.csv:25923 data 73654
    regex_detector_test.go:84: Expected label ZipCode, got  ([]), file ZipCode.csv:25924 data 73655
    regex_detector_test.go:84: Expected label ZipCode, got  ([]), file ZipCode.csv:25925 data 73658
    regex_detector_test.go:84: Expected label ZipCode, got  ([]), file ZipCode.csv:25926 data 73659
    regex_detector_test.go:84: Expected label ZipCode, got  ([]), file ZipCode.csv:25927 data 73660
    regex_detector_test.go:84: Expected label ZipCode, got  ([]), file ZipCode.csv:25928 data 73661
    regex_detector_test.go:84: Expected label ZipCode, got  ([]), file ZipCode.csv:25929 data 73662
    regex_detector_test.go:84: Expected label ZipCode, got  ([]), file ZipCode.csv:25930 data 73663
    regex_detector_test.go:84: Expected label ZipCode, got  ([]), file ZipCode.csv:25931 data 73664
    regex_detector_test.go:84: Expected label ZipCode, got  ([]), file ZipCode.csv:25932 data 73666
    regex_detector_test.go:84: Expected label ZipCode, got  ([]), file ZipCode.csv:25933 data 73667
    regex_detector_test.go:84: Expected label ZipCode, got  ([]), file ZipCode.csv:25934 data 73668
    regex_detector_test.go:84: Expected label ZipCode, got  ([]), file ZipCode.csv:25935 data 73669
    regex_detector_test.go:84: Expected label ZipCode, got  ([]), file ZipCode.csv:25936 data 73673
    regex_detector_test.go:84: Expected label ZipCode, got  ([]), file ZipCode.csv:25937 data 73701
    regex_detector_test.go:84: Expected label ZipCode, got  ([]), file ZipCode.csv:25938 data 73703
    regex_detector_test.go:84: Expected label ZipCode, got  ([]), file ZipCode.csv:25939 data 73705
    regex_detector_test.go:84: Expected label ZipCode, got  ([]), file ZipCode.csv:25940 data 73716
    regex_detector_test.go:84: Expected label ZipCode, got  ([]), file ZipCode.csv:25941 data 73717
    regex_detector_test.go:84: Expected label ZipCode, got  ([]), file ZipCode.csv:25942 data 73718
    regex_detector_test.go:84: Expected label ZipCode, got  ([]), file ZipCode.csv:25943 data 73719
    regex_detector_test.go:84: Expected label ZipCode, got  ([]), file ZipCode.csv:25944 data 73720
    regex_detector_test.go:84: Expected label ZipCode, got  ([]), file ZipCode.csv:25945 data 73722
    regex_detector_test.go:84: Expected label ZipCode, got  ([]), file ZipCode.csv:25946 data 73724
    regex_detector_test.go:84: Expected label ZipCode, got  ([]), file ZipCode.csv:25947 data 73726
    regex_detector_test.go:84: Expected label ZipCode, got  ([]), file ZipCode.csv:25948 data 73727
    regex_detector_test.go:84: Expected label ZipCode, got  ([]), file ZipCode.csv:25949 data 73728
    regex_detector_test.go:84: Expected label ZipCode, got  ([]), file ZipCode.csv:25950 data 73729
    regex_detector_test.go:84: Expected label ZipCode, got  ([]), file ZipCode.csv:25951 data 73730
    regex_detector_test.go:84: Expected label ZipCode, got  ([]), file ZipCode.csv:25952 data 73731
    regex_detector_test.go:84: Expected label ZipCode, got  ([]), file ZipCode.csv:25953 data 73733
    regex_detector_test.go:84: Expected label ZipCode, got  ([]), file ZipCode.csv:25954 data 73734
    regex_detector_test.go:84: Expected label ZipCode, got  ([]), file ZipCode.csv:25955 data 73735
    regex_detector_test.go:84: Expected label ZipCode, got  ([]), file ZipCode.csv:25956 data 73736
    regex_detector_test.go:84: Expected label ZipCode, got  ([]), file ZipCode.csv:25957 data 73737
    regex_detector_test.go:84: Expected label ZipCode, got  ([]), file ZipCode.csv:25958 data 73738
    regex_detector_test.go:84: Expected label ZipCode, got  ([]), file ZipCode.csv:25959 data 73739
    regex_detector_test.go:84: Expected label ZipCode, got  ([]), file ZipCode.csv:25960 data 73741
    regex_detector_test.go:84: Expected label ZipCode, got  ([]), file ZipCode.csv:25961 data 73742
    regex_detector_test.go:84: Expected label ZipCode, got  ([]), file ZipCode.csv:25962 data 73743
    regex_detector_test.go:84: Expected label ZipCode, got  ([]), file ZipCode.csv:25963 data 73744
    regex_detector_test.go:84: Expected label ZipCode, got  ([]), file ZipCode.csv:25964 data 73746
    regex_detector_test.go:84: Expected label ZipCode, got  ([]), file ZipCode.csv:25965 data 73747
    regex_detector_test.go:84: Expected label ZipCode, got  ([]), file ZipCode.csv:25966 data 73749
    regex_detector_test.go:84: Expected label ZipCode, got  ([]), file ZipCode.csv:25967 data 73750
    regex_detector_test.go:84: Expected label ZipCode, got  ([]), file ZipCode.csv:25968 data 73753
    regex_detector_test.go:84: Expected label ZipCode, got  ([]), file ZipCode.csv:25969 data 73754
    regex_detector_test.go:84: Expected label ZipCode, got  ([]), file ZipCode.csv:25970 data 73755
    regex_detector_test.go:84: Expected label ZipCode, got  ([]), file ZipCode.csv:25971 data 73756
    regex_detector_test.go:84: Expected label ZipCode, got  ([]), file ZipCode.csv:25972 data 73757
    regex_detector_test.go:84: Expected label ZipCode, got  ([]), file ZipCode.csv:25973 data 73758
    regex_detector_test.go:84: Expected label ZipCode, got  ([]), file ZipCode.csv:25974 data 73759
    regex_detector_test.go:84: Expected label ZipCode, got  ([]), file ZipCode.csv:25975 data 73760
    regex_detector_test.go:84: Expected label ZipCode, got  ([]), file ZipCode.csv:25976 data 73761
    regex_detector_test.go:84: Expected label ZipCode, got  ([]), file ZipCode.csv:25977 data 73762
    regex_detector_test.go:84: Expected label ZipCode, got  ([]), file ZipCode.csv:25978 data 73763
    regex_detector_test.go:84: Expected label ZipCode, got  ([]), file ZipCode.csv:25979 data 73764
    regex_detector_test.go:84: Expected label ZipCode, got  ([]), file ZipCode.csv:25980 data 73766
    regex_detector_test.go:84: Expected label ZipCode, got  ([]), file ZipCode.csv:25981 data 73768
    regex_detector_test.go:84: Expected label ZipCode, got  ([]), file ZipCode.csv:25982 data 73770
    regex_detector_test.go:84: Expected label ZipCode, got  ([]), file ZipCode.csv:25983 data 73771
    regex_detector_test.go:84: Expected label ZipCode, got  ([]), file ZipCode.csv:25984 data 73772
    regex_detector_test.go:84: Expected label ZipCode, got  ([]), file ZipCode.csv:25985 data 73773
    regex_detector_test.go:84: Expected label ZipCode, got  ([]), file ZipCode.csv:25986 data 73801
    regex_detector_test.go:84: Expected label ZipCode, got  ([]), file ZipCode.csv:25987 data 73832
    regex_detector_test.go:84: Expected label ZipCode, got  ([]), file ZipCode.csv:25988 data 73834
    regex_detector_test.go:84: Expected label ZipCode, got  ([]), file ZipCode.csv:25989 data 73835
    regex_detector_test.go:84: Expected label ZipCode, got  ([]), file ZipCode.csv:25990 data 73838
    regex_detector_test.go:84: Expected label ZipCode, got  ([]), file ZipCode.csv:25991 data 73840
    regex_detector_test.go:84: Expected label ZipCode, got  ([]), file ZipCode.csv:25992 data 73841
    regex_detector_test.go:84: Expected label ZipCode, got  ([]), file ZipCode.csv:25993 data 73842
    regex_detector_test.go:84: Expected label ZipCode, got  ([]), file ZipCode.csv:25994 data 73843
    regex_detector_test.go:84: Expected label ZipCode, got  ([]), file ZipCode.csv:25995 data 73844
    regex_detector_test.go:84: Expected label ZipCode, got  ([]), file ZipCode.csv:25996 data 73848
    regex_detector_test.go:84: Expected label ZipCode, got  ([]), file ZipCode.csv:25997 data 73851
    regex_detector_test.go:84: Expected label ZipCode, got  ([]), file ZipCode.csv:25998 data 73852
    regex_detector_test.go:84: Expected label ZipCode, got  ([]), file ZipCode.csv:25999 data 73853
    regex_detector_test.go:84: Expected label ZipCode, got  ([]), file ZipCode.csv:26000 data 73855
    regex_detector_test.go:84: Expected label ZipCode, got  ([]), file ZipCode.csv:26001 data 73857
    regex_detector_test.go:84: Expected label ZipCode, got  ([]), file ZipCode.csv:26002 data 73858
    regex_detector_test.go:84: Expected label ZipCode, got  ([]), file ZipCode.csv:26003 data 73859
    regex_detector_test.go:84: Expected label ZipCode, got  ([]), file ZipCode.csv:26004 data 73860
    regex_detector_test.go:84: Expected label ZipCode, got  ([]), file ZipCode.csv:26005 data 73901
    regex_detector_test.go:84: Expected label ZipCode, got  ([]), file ZipCode.csv:26006 data 73931
    regex_detector_test.go:84: Expected label ZipCode, got  ([]), file ZipCode.csv:26007 data 73932
    regex_detector_test.go:84: Expected label ZipCode, got  ([]), file ZipCode.csv:26008 data 73933
    regex_detector_test.go:84: Expected label ZipCode, got  ([]), file ZipCode.csv:26009 data 73937
    regex_detector_test.go:84: Expected label ZipCode, got  ([]), file ZipCode.csv:26010 data 73938
    regex_detector_test.go:84: Expected label ZipCode, got  ([]), file ZipCode.csv:26011 data 73939
    regex_detector_test.go:84: Expected label ZipCode, got  ([]), file ZipCode.csv:26012 data 73942
    regex_detector_test.go:84: Expected label ZipCode, got  ([]), file ZipCode.csv:26013 data 73944
    regex_detector_test.go:84: Expected label ZipCode, got  ([]), file ZipCode.csv:26014 data 73945
    regex_detector_test.go:84: Expected label ZipCode, got  ([]), file ZipCode.csv:26015 data 73946
    regex_detector_test.go:84: Expected label ZipCode, got  ([]), file ZipCode.csv:26016 data 73947
    regex_detector_test.go:84: Expected label ZipCode, got  ([]), file ZipCode.csv:26017 data 73949
    regex_detector_test.go:84: Expected label ZipCode, got  ([]), file ZipCode.csv:26018 data 73950
    regex_detector_test.go:84: Expected label ZipCode, got  ([]), file ZipCode.csv:26019 data 73951
    regex_detector_test.go:84: Expected label ZipCode, got  ([]), file ZipCode.csv:26020 data 73960
    regex_detector_test.go:84: Expected label ZipCode, got  ([]), file ZipCode.csv:26021 data 74001
    regex_detector_test.go:84: Expected label ZipCode, got  ([]), file ZipCode.csv:26022 data 74002
    regex_detector_test.go:84: Expected label ZipCode, got  ([]), file ZipCode.csv:26023 data 74003
    regex_detector_test.go:84: Expected label ZipCode, got  ([]), file ZipCode.csv:26024 data 74006
    regex_detector_test.go:84: Expected label ZipCode, got  ([]), file ZipCode.csv:26025 data 74008
    regex_detector_test.go:84: Expected label ZipCode, got  ([]), file ZipCode.csv:26026 data 74010
    regex_detector_test.go:84: Expected label ZipCode, got  ([]), file ZipCode.csv:26027 data 74011
    regex_detector_test.go:84: Expected label ZipCode, got  ([]), file ZipCode.csv:26028 data 74012
    regex_detector_test.go:84: Expected label ZipCode, got  ([]), file ZipCode.csv:26029 data 74014
    regex_detector_test.go:84: Expected label ZipCode, got  ([]), file ZipCode.csv:26030 data 74015
    regex_detector_test.go:84: Expected label ZipCode, got  ([]), file ZipCode.csv:26031 data 74016
    regex_detector_test.go:84: Expected label ZipCode, got  ([]), file ZipCode.csv:26032 data 74017
    regex_detector_test.go:84: Expected label ZipCode, got  ([]), file ZipCode.csv:26033 data 74019
    regex_detector_test.go:84: Expected label ZipCode, got  ([]), file ZipCode.csv:26034 data 74020
    regex_detector_test.go:84: Expected label ZipCode, got  ([]), file ZipCode.csv:26035 data 74021
    regex_detector_test.go:84: Expected label ZipCode, got  ([]), file ZipCode.csv:26036 data 74022
    regex_detector_test.go:84: Expected label ZipCode, got  ([]), file ZipCode.csv:26037 data 74023
    regex_detector_test.go:84: Expected label ZipCode, got  ([]), file ZipCode.csv:26038 data 74026
    regex_detector_test.go:84: Expected label ZipCode, got  ([]), file ZipCode.csv:26039 data 74027
    regex_detector_test.go:84: Expected label ZipCode, got  ([]), file ZipCode.csv:26040 data 74028
    regex_detector_test.go:84: Expected label ZipCode, got  ([]), file ZipCode.csv:26041 data 74029
    regex_detector_test.go:84: Expected label ZipCode, got  ([]), file ZipCode.csv:26042 data 74030
    regex_detector_test.go:84: Expected label ZipCode, got  ([]), file ZipCode.csv:26043 data 74032
    regex_detector_test.go:84: Expected label ZipCode, got  ([]), file ZipCode.csv:26044 data 74033
    regex_detector_test.go:84: Expected label ZipCode, got  ([]), file ZipCode.csv:26045 data 74034
    regex_detector_test.go:84: Expected label ZipCode, got  ([]), file ZipCode.csv:26046 data 74035
    regex_detector_test.go:84: Expected label ZipCode, got  ([]), file ZipCode.csv:26047 data 74036
    regex_detector_test.go:84: Expected label ZipCode, got  ([]), file ZipCode.csv:26048 data 74037
    regex_detector_test.go:84: Expected label ZipCode, got  ([]), file ZipCode.csv:26049 data 74038
    regex_detector_test.go:84: Expected label ZipCode, got  ([]), file ZipCode.csv:26050 data 74039
    regex_detector_test.go:84: Expected label ZipCode, got  ([]), file ZipCode.csv:26051 data 74041
    regex_detector_test.go:84: Expected label ZipCode, got  ([]), file ZipCode.csv:26052 data 74042
    regex_detector_test.go:84: Expected label ZipCode, got  ([]), file ZipCode.csv:26053 data 74044
    regex_detector_test.go:84: Expected label ZipCode, got  ([]), file ZipCode.csv:26054 data 74045
    regex_detector_test.go:84: Expected label ZipCode, got  ([]), file ZipCode.csv:26055 data 74046
    regex_detector_test.go:84: Expected label ZipCode, got  ([]), file ZipCode.csv:26056 data 74047
    regex_detector_test.go:84: Expected label ZipCode, got  ([]), file ZipCode.csv:26057 data 74048
    regex_detector_test.go:84: Expected label ZipCode, got  ([]), file ZipCode.csv:26058 data 74050
    regex_detector_test.go:84: Expected label ZipCode, got  ([]), file ZipCode.csv:26059 data 74051
    regex_detector_test.go:84: Expected label ZipCode, got  ([]), file ZipCode.csv:26060 data 74052
    regex_detector_test.go:84: Expected label ZipCode, got  ([]), file ZipCode.csv:26061 data 74053
    regex_detector_test.go:84: Expected label ZipCode, got  ([]), file ZipCode.csv:26062 data 74054
    regex_detector_test.go:84: Expected label ZipCode, got  ([]), file ZipCode.csv:26063 data 74055
    regex_detector_test.go:84: Expected label ZipCode, got  ([]), file ZipCode.csv:26064 data 74056
    regex_detector_test.go:84: Expected label ZipCode, got  ([]), file ZipCode.csv:26065 data 74058
    regex_detector_test.go:84: Expected label ZipCode, got  ([]), file ZipCode.csv:26066 data 74059
    regex_detector_test.go:84: Expected label ZipCode, got  ([]), file ZipCode.csv:26067 data 74060
    regex_detector_test.go:84: Expected label ZipCode, got  ([]), file ZipCode.csv:26068 data 74061
    regex_detector_test.go:84: Expected label ZipCode, got  ([]), file ZipCode.csv:26069 data 74062
    regex_detector_test.go:84: Expected label ZipCode, got  ([]), file ZipCode.csv:26070 data 74063
    regex_detector_test.go:84: Expected label ZipCode, got  ([]), file ZipCode.csv:26071 data 74066
    regex_detector_test.go:84: Expected label ZipCode, got  ([]), file ZipCode.csv:26072 data 74068
    regex_detector_test.go:84: Expected label ZipCode, got  ([]), file ZipCode.csv:26073 data 74070
    regex_detector_test.go:84: Expected label ZipCode, got  ([]), file ZipCode.csv:26074 data 74071
    regex_detector_test.go:84: Expected label ZipCode, got  ([]), file ZipCode.csv:26075 data 74072
    regex_detector_test.go:84: Expected label ZipCode, got  ([]), file ZipCode.csv:26076 data 74073
    regex_detector_test.go:84: Expected label ZipCode, got  ([]), file ZipCode.csv:26077 data 74074
    regex_detector_test.go:84: Expected label ZipCode, got  ([]), file ZipCode.csv:26078 data 74075
    regex_detector_test.go:84: Expected label ZipCode, got  ([]), file ZipCode.csv:26079 data 74077
    regex_detector_test.go:84: Expected label ZipCode, got  ([]), file ZipCode.csv:26080 data 74078
    regex_detector_test.go:84: Expected label ZipCode, got  ([]), file ZipCode.csv:26081 data 74079
    regex_detector_test.go:84: Expected label ZipCode, got  ([]), file ZipCode.csv:26082 data 74080
    regex_detector_test.go:84: Expected label ZipCode, got  ([]), file ZipCode.csv:26083 data 74081
    regex_detector_test.go:84: Expected label ZipCode, got  ([]), file ZipCode.csv:26084 data 74082
    regex_detector_test.go:84: Expected label ZipCode, got  ([]), file ZipCode.csv:26085 data 74083
    regex_detector_test.go:84: Expected label ZipCode, got  ([]), file ZipCode.csv:26086 data 74084
    regex_detector_test.go:84: Expected label ZipCode, got  ([]), file ZipCode.csv:26087 data 74085
    regex_detector_test.go:84: Expected label ZipCode, got  ([]), file ZipCode.csv:26088 data 74103
    regex_detector_test.go:84: Expected label ZipCode, got  ([]), file ZipCode.csv:26089 data 74104
    regex_detector_test.go:84: Expected label ZipCode, got  ([]), file ZipCode.csv:26090 data 74105
    regex_detector_test.go:84: Expected label ZipCode, got  ([]), file ZipCode.csv:26091 data 74106
    regex_detector_test.go:84: Expected label ZipCode, got  ([]), file ZipCode.csv:26092 data 74107
    regex_detector_test.go:84: Expected label ZipCode, got  ([]), file ZipCode.csv:26093 data 74108
    regex_detector_test.go:84: Expected label ZipCode, got  ([]), file ZipCode.csv:26094 data 74110
    regex_detector_test.go:84: Expected label ZipCode, got  ([]), file ZipCode.csv:26095 data 74112
    regex_detector_test.go:84: Expected label ZipCode, got  ([]), file ZipCode.csv:26096 data 74114
    regex_detector_test.go:84: Expected label ZipCode, got  ([]), file ZipCode.csv:26097 data 74115
    regex_detector_test.go:84: Expected label ZipCode, got  ([]), file ZipCode.csv:26098 data 74116
    regex_detector_test.go:84: Expected label ZipCode, got  ([]), file ZipCode.csv:26099 data 74117
    regex_detector_test.go:84: Expected label ZipCode, got  ([]), file ZipCode.csv:26100 data 74119
    regex_detector_test.go:84: Expected label ZipCode, got  ([]), file ZipCode.csv:26101 data 74120
    regex_detector_test.go:84: Expected label ZipCode, got  ([]), file ZipCode.csv:26102 data 74126
    regex_detector_test.go:84: Expected label ZipCode, got  ([]), file ZipCode.csv:26103 data 74127
    regex_detector_test.go:84: Expected label ZipCode, got  ([]), file ZipCode.csv:26104 data 74128
    regex_detector_test.go:84: Expected label ZipCode, got  ([]), file ZipCode.csv:26105 data 74129
    regex_detector_test.go:84: Expected label ZipCode, got  ([]), file ZipCode.csv:26106 data 74130
    regex_detector_test.go:84: Expected label ZipCode, got  ([]), file ZipCode.csv:26107 data 74131
    regex_detector_test.go:84: Expected label ZipCode, got  ([]), file ZipCode.csv:26108 data 74132
    regex_detector_test.go:84: Expected label ZipCode, got  ([]), file ZipCode.csv:26109 data 74133
    regex_detector_test.go:84: Expected label ZipCode, got  ([]), file ZipCode.csv:26110 data 74134
    regex_detector_test.go:84: Expected label ZipCode, got  ([]), file ZipCode.csv:26111 data 74135
    regex_detector_test.go:84: Expected label ZipCode, got  ([]), file ZipCode.csv:26112 data 74136
    regex_detector_test.go:84: Expected label ZipCode, got  ([]), file ZipCode.csv:26113 data 74137
    regex_detector_test.go:84: Expected label ZipCode, got  ([]), file ZipCode.csv:26114 data 74145
    regex_detector_test.go:84: Expected label ZipCode, got  ([]), file ZipCode.csv:26115 data 74146
    regex_detector_test.go:84: Expected label ZipCode, got  ([]), file ZipCode.csv:26116 data 74171
    regex_detector_test.go:84: Expected label ZipCode, got  ([]), file ZipCode.csv:26117 data 74301
    regex_detector_test.go:84: Expected label ZipCode, got  ([]), file ZipCode.csv:26118 data 74330
    regex_detector_test.go:84: Expected label ZipCode, got  ([]), file ZipCode.csv:26119 data 74331
    regex_detector_test.go:84: Expected label ZipCode, got  ([]), file ZipCode.csv:26120 data 74332
    regex_detector_test.go:84: Expected label ZipCode, got  ([]), file ZipCode.csv:26121 data 74333
    regex_detector_test.go:84: Expected label ZipCode, got  ([]), file ZipCode.csv:26122 data 74337
    regex_detector_test.go:84: Expected label ZipCode, got  ([]), file ZipCode.csv:26123 data 74338
    regex_detector_test.go:84: Expected label ZipCode, got  ([]), file ZipCode.csv:26124 data 74339
    regex_detector_test.go:84: Expected label ZipCode, got  ([]), file ZipCode.csv:26125 data 74340
    regex_detector_test.go:84: Expected label ZipCode, got  ([]), file ZipCode.csv:26126 data 74342
    regex_detector_test.go:84: Expected label ZipCode, got  ([]), file ZipCode.csv:26127 data 74343
    regex_detector_test.go:84: Expected label ZipCode, got  ([]), file ZipCode.csv:26128 data 74344
    regex_detector_test.go:84: Expected label ZipCode, got  ([]), file ZipCode.csv:26129 data 74346
    regex_detector_test.go:84: Expected label ZipCode, got  ([]), file ZipCode.csv:26130 data 74347
    regex_detector_test.go:84: Expected label ZipCode, got  ([]), file ZipCode.csv:26131 data 74349
    regex_detector_test.go:84: Expected label ZipCode, got  ([]), file ZipCode.csv:26132 data 74350
    regex_detector_test.go:84: Expected label ZipCode, got  ([]), file ZipCode.csv:26133 data 74352
    regex_detector_test.go:84: Expected label ZipCode, got  ([]), file ZipCode.csv:26134 data 74354
    regex_detector_test.go:84: Expected label ZipCode, got  ([]), file ZipCode.csv:26135 data 74358
    regex_detector_test.go:84: Expected label ZipCode, got  ([]), file ZipCode.csv:26136 data 74359
    regex_detector_test.go:84: Expected label ZipCode, got  ([]), file ZipCode.csv:26137 data 74360
    regex_detector_test.go:84: Expected label ZipCode, got  ([]), file ZipCode.csv:26138 data 74361
    regex_detector_test.go:84: Expected label ZipCode, got  ([]), file ZipCode.csv:26139 data 74363
    regex_detector_test.go:84: Expected label ZipCode, got  ([]), file ZipCode.csv:26140 data 74364
    regex_detector_test.go:84: Expected label ZipCode, got  ([]), file ZipCode.csv:26141 data 74365
    regex_detector_test.go:84: Expected label ZipCode, got  ([]), file ZipCode.csv:26142 data 74366
    regex_detector_test.go:84: Expected label ZipCode, got  ([]), file ZipCode.csv:26143 data 74367
    regex_detector_test.go:84: Expected label ZipCode, got  ([]), file ZipCode.csv:26144 data 74368
    regex_detector_test.go:84: Expected label ZipCode, got  ([]), file ZipCode.csv:26145 data 74369
    regex_detector_test.go:84: Expected label ZipCode, got  ([]), file ZipCode.csv:26146 data 74370
    regex_detector_test.go:84: Expected label ZipCode, got  ([]), file ZipCode.csv:26147 data 74401
    regex_detector_test.go:84: Expected label ZipCode, got  ([]), file ZipCode.csv:26148 data 74403
    regex_detector_test.go:84: Expected label ZipCode, got  ([]), file ZipCode.csv:26149 data 74421
    regex_detector_test.go:84: Expected label ZipCode, got  ([]), file ZipCode.csv:26150 data 74422
    regex_detector_test.go:84: Expected label ZipCode, got  ([]), file ZipCode.csv:26151 data 74423
    regex_detector_test.go:84: Expected label ZipCode, got  ([]), file ZipCode.csv:26152 data 74425
    regex_detector_test.go:84: Expected label ZipCode, got  ([]), file ZipCode.csv:26153 data 74426
    regex_detector_test.go:84: Expected label ZipCode, got  ([]), file ZipCode.csv:26154 data 74427
    regex_detector_test.go:84: Expected label ZipCode, got  ([]), file ZipCode.csv:26155 data 74428
    regex_detector_test.go:84: Expected label ZipCode, got  ([]), file ZipCode.csv:26156 data 74429
    regex_detector_test.go:84: Expected label ZipCode, got  ([]), file ZipCode.csv:26157 data 74430
    regex_detector_test.go:84: Expected label ZipCode, got  ([]), file ZipCode.csv:26158 data 74431
    regex_detector_test.go:84: Expected label ZipCode, got  ([]), file ZipCode.csv:26159 data 74432
    regex_detector_test.go:84: Expected label ZipCode, got  ([]), file ZipCode.csv:26160 data 74434
    regex_detector_test.go:84: Expected label ZipCode, got  ([]), file ZipCode.csv:26161 data 74435
    regex_detector_test.go:84: Expected label ZipCode, got  ([]), file ZipCode.csv:26162 data 74436
    regex_detector_test.go:84: Expected label ZipCode, got  ([]), file ZipCode.csv:26163 data 74437
    regex_detector_test.go:84: Expected label ZipCode, got  ([]), file ZipCode.csv:26164 data 74438
    regex_detector_test.go:84: Expected label ZipCode, got  ([]), file ZipCode.csv:26165 data 74441
    regex_detector_test.go:84: Expected label ZipCode, got  ([]), file ZipCode.csv:26166 data 74442
    regex_detector_test.go:84: Expected label ZipCode, got  ([]), file ZipCode.csv:26167 data 74445
    regex_detector_test.go:84: Expected label ZipCode, got  ([]), file ZipCode.csv:26168 data 74446
    regex_detector_test.go:84: Expected label ZipCode, got  ([]), file ZipCode.csv:26169 data 74447
    regex_detector_test.go:84: Expected label ZipCode, got  ([]), file ZipCode.csv:26170 data 74450
    regex_detector_test.go:84: Expected label ZipCode, got  ([]), file ZipCode.csv:26171 data 74451
    regex_detector_test.go:84: Expected label ZipCode, got  ([]), file ZipCode.csv:26172 data 74452
    regex_detector_test.go:84: Expected label ZipCode, got  ([]), file ZipCode.csv:26173 data 74454
    regex_detector_test.go:84: Expected label ZipCode, got  ([]), file ZipCode.csv:26174 data 74455
    regex_detector_test.go:84: Expected label ZipCode, got  ([]), file ZipCode.csv:26175 data 74456
    regex_detector_test.go:84: Expected label ZipCode, got  ([]), file ZipCode.csv:26176 data 74457
    regex_detector_test.go:84: Expected label ZipCode, got  ([]), file ZipCode.csv:26177 data 74458
    regex_detector_test.go:84: Expected label ZipCode, got  ([]), file ZipCode.csv:26178 data 74459
    regex_detector_test.go:84: Expected label ZipCode, got  ([]), file ZipCode.csv:26179 data 74460
    regex_detector_test.go:84: Expected label ZipCode, got  ([]), file ZipCode.csv:26180 data 74462
    regex_detector_test.go:84: Expected label ZipCode, got  ([]), file ZipCode.csv:26181 data 74463
    regex_detector_test.go:84: Expected label ZipCode, got  ([]), file ZipCode.csv:26182 data 74464
    regex_detector_test.go:84: Expected label ZipCode, got  ([]), file ZipCode.csv:26183 data 74467
    regex_detector_test.go:84: Expected label ZipCode, got  ([]), file ZipCode.csv:26184 data 74468
    regex_detector_test.go:84: Expected label ZipCode, got  ([]), file ZipCode.csv:26185 data 74469
    regex_detector_test.go:84: Expected label ZipCode, got  ([]), file ZipCode.csv:26186 data 74470
    regex_detector_test.go:84: Expected label ZipCode, got  ([]), file ZipCode.csv:26187 data 74471
    regex_detector_test.go:84: Expected label ZipCode, got  ([]), file ZipCode.csv:26188 data 74472
    regex_detector_test.go:84: Expected label ZipCode, got  ([]), file ZipCode.csv:26189 data 74477
    regex_detector_test.go:84: Expected label ZipCode, got  ([]), file ZipCode.csv:26190 data 74501
    regex_detector_test.go:84: Expected label ZipCode, got  ([]), file ZipCode.csv:26191 data 74521
    regex_detector_test.go:84: Expected label ZipCode, got  ([]), file ZipCode.csv:26192 data 74522
    regex_detector_test.go:84: Expected label ZipCode, got  ([]), file ZipCode.csv:26193 data 74523
    regex_detector_test.go:84: Expected label ZipCode, got  ([]), file ZipCode.csv:26194 data 74525
    regex_detector_test.go:84: Expected label ZipCode, got  ([]), file ZipCode.csv:26195 data 74528
    regex_detector_test.go:84: Expected label ZipCode, got  ([]), file ZipCode.csv:26196 data 74530
    regex_detector_test.go:84: Expected label ZipCode, got  ([]), file ZipCode.csv:26197 data 74531
    regex_detector_test.go:84: Expected label ZipCode, got  ([]), file ZipCode.csv:26198 data 74533
    regex_detector_test.go:84: Expected label ZipCode, got  ([]), file ZipCode.csv:26199 data 74534
    regex_detector_test.go:84: Expected label ZipCode, got  ([]), file ZipCode.csv:26200 data 74535
    regex_detector_test.go:84: Expected label ZipCode, got  ([]), file ZipCode.csv:26201 data 74536
    regex_detector_test.go:84: Expected label ZipCode, got  ([]), file ZipCode.csv:26202 data 74538
    regex_detector_test.go:84: Expected label ZipCode, got  ([]), file ZipCode.csv:26203 data 74540
    regex_detector_test.go:84: Expected label ZipCode, got  ([]), file ZipCode.csv:26204 data 74543
    regex_detector_test.go:84: Expected label ZipCode, got  ([]), file ZipCode.csv:26205 data 74546
    regex_detector_test.go:84: Expected label ZipCode, got  ([]), file ZipCode.csv:26206 data 74547
    regex_detector_test.go:84: Expected label ZipCode, got  ([]), file ZipCode.csv:26207 data 74549
    regex_detector_test.go:84: Expected label ZipCode, got  ([]), file ZipCode.csv:26208 data 74552
    regex_detector_test.go:84: Expected label ZipCode, got  ([]), file ZipCode.csv:26209 data 74553
    regex_detector_test.go:84: Expected label ZipCode, got  ([]), file ZipCode.csv:26210 data 74554
    regex_detector_test.go:84: Expected label ZipCode, got  ([]), file ZipCode.csv:26211 data 74555
    regex_detector_test.go:84: Expected label ZipCode, got  ([]), file ZipCode.csv:26212 data 74556
    regex_detector_test.go:84: Expected label ZipCode, got  ([]), file ZipCode.csv:26213 data 74557
    regex_detector_test.go:84: Expected label ZipCode, got  ([]), file ZipCode.csv:26214 data 74558
    regex_detector_test.go:84: Expected label ZipCode, got  ([]), file ZipCode.csv:26215 data 74560
    regex_detector_test.go:84: Expected label ZipCode, got  ([]), file ZipCode.csv:26216 data 74561
    regex_detector_test.go:84: Expected label ZipCode, got  ([]), file ZipCode.csv:26217 data 74562
    regex_detector_test.go:84: Expected label ZipCode, got  ([]), file ZipCode.csv:26218 data 74563
    regex_detector_test.go:84: Expected label ZipCode, got  ([]), file ZipCode.csv:26219 data 74565
    regex_detector_test.go:84: Expected label ZipCode, got  ([]), file ZipCode.csv:26220 data 74567
    regex_detector_test.go:84: Expected label ZipCode, got  ([]), file ZipCode.csv:26221 data 74569
    regex_detector_test.go:84: Expected label ZipCode, got  ([]), file ZipCode.csv:26222 data 74570
    regex_detector_test.go:84: Expected label ZipCode, got  ([]), file ZipCode.csv:26223 data 74571
    regex_detector_test.go:84: Expected label ZipCode, got  ([]), file ZipCode.csv:26224 data 74572
    regex_detector_test.go:84: Expected label ZipCode, got  ([]), file ZipCode.csv:26225 data 74574
    regex_detector_test.go:84: Expected label ZipCode, got  ([]), file ZipCode.csv:26226 data 74576
    regex_detector_test.go:84: Expected label ZipCode, got  ([]), file ZipCode.csv:26227 data 74577
    regex_detector_test.go:84: Expected label ZipCode, got  ([]), file ZipCode.csv:26228 data 74578
    regex_detector_test.go:84: Expected label ZipCode, got  ([]), file ZipCode.csv:26229 data 74601
    regex_detector_test.go:84: Expected label ZipCode, got  ([]), file ZipCode.csv:26230 data 74604
    regex_detector_test.go:84: Expected label ZipCode, got  ([]), file ZipCode.csv:26231 data 74630
    regex_detector_test.go:84: Expected label ZipCode, got  ([]), file ZipCode.csv:26232 data 74631
    regex_detector_test.go:84: Expected label ZipCode, got  ([]), file ZipCode.csv:26233 data 74632
    regex_detector_test.go:84: Expected label ZipCode, got  ([]), file ZipCode.csv:26234 data 74633
    regex_detector_test.go:84: Expected label ZipCode, got  ([]), file ZipCode.csv:26235 data 74636
    regex_detector_test.go:84: Expected label ZipCode, got  ([]), file ZipCode.csv:26236 data 74637
    regex_detector_test.go:84: Expected label ZipCode, got  ([]), file ZipCode.csv:26237 data 74640
    regex_detector_test.go:84: Expected label ZipCode, got  ([]), file ZipCode.csv:26238 data 74641
    regex_detector_test.go:84: Expected label ZipCode, got  ([]), file ZipCode.csv:26239 data 74643
    regex_detector_test.go:84: Expected label ZipCode, got  ([]), file ZipCode.csv:26240 data 74644
    regex_detector_test.go:84: Expected label ZipCode, got  ([]), file ZipCode.csv:26241 data 74646
    regex_detector_test.go:84: Expected label ZipCode, got  ([]), file ZipCode.csv:26242 data 74647
    regex_detector_test.go:84: Expected label ZipCode, got  ([]), file ZipCode.csv:26243 data 74650
    regex_detector_test.go:84: Expected label ZipCode, got  ([]), file ZipCode.csv:26244 data 74651
    regex_detector_test.go:84: Expected label ZipCode, got  ([]), file ZipCode.csv:26245 data 74652
    regex_detector_test.go:84: Expected label ZipCode, got  ([]), file ZipCode.csv:26246 data 74653
    regex_detector_test.go:84: Expected label ZipCode, got  ([]), file ZipCode.csv:26247 data 74701
    regex_detector_test.go:84: Expected label ZipCode, got  ([]), file ZipCode.csv:26248 data 74720
    regex_detector_test.go:84: Expected label ZipCode, got  ([]), file ZipCode.csv:26249 data 74721
    regex_detector_test.go:84: Expected label ZipCode, got  ([]), file ZipCode.csv:26250 data 74722
    regex_detector_test.go:84: Expected label ZipCode, got  ([]), file ZipCode.csv:26251 data 74723
    regex_detector_test.go:84: Expected label ZipCode, got  ([]), file ZipCode.csv:26252 data 74724
    regex_detector_test.go:84: Expected label ZipCode, got  ([]), file ZipCode.csv:26253 data 74726
    regex_detector_test.go:84: Expected label ZipCode, got  ([]), file ZipCode.csv:26254 data 74727
    regex_detector_test.go:84: Expected label ZipCode, got  ([]), file ZipCode.csv:26255 data 74728
    regex_detector_test.go:84: Expected label ZipCode, got  ([]), file ZipCode.csv:26256 data 74729
    regex_detector_test.go:84: Expected label ZipCode, got  ([]), file ZipCode.csv:26257 data 74730
    regex_detector_test.go:84: Expected label ZipCode, got  ([]), file ZipCode.csv:26258 data 74731
    regex_detector_test.go:84: Expected label ZipCode, got  ([]), file ZipCode.csv:26259 data 74733
    regex_detector_test.go:84: Expected label ZipCode, got  ([]), file ZipCode.csv:26260 data 74734
    regex_detector_test.go:84: Expected label ZipCode, got  ([]), file ZipCode.csv:26261 data 74735
    regex_detector_test.go:84: Expected label ZipCode, got  ([]), file ZipCode.csv:26262 data 74736
    regex_detector_test.go:84: Expected label ZipCode, got  ([]), file ZipCode.csv:26263 data 74737
    regex_detector_test.go:84: Expected label ZipCode, got  ([]), file ZipCode.csv:26264 data 74738
    regex_detector_test.go:84: Expected label ZipCode, got  ([]), file ZipCode.csv:26265 data 74740
    regex_detector_test.go:84: Expected label ZipCode, got  ([]), file ZipCode.csv:26266 data 74741
    regex_detector_test.go:84: Expected label ZipCode, got  ([]), file ZipCode.csv:26267 data 74743
    regex_detector_test.go:84: Expected label ZipCode, got  ([]), file ZipCode.csv:26268 data 74745
    regex_detector_test.go:84: Expected label ZipCode, got  ([]), file ZipCode.csv:26269 data 74747
    regex_detector_test.go:84: Expected label ZipCode, got  ([]), file ZipCode.csv:26270 data 74748
    regex_detector_test.go:84: Expected label ZipCode, got  ([]), file ZipCode.csv:26271 data 74750
    regex_detector_test.go:84: Expected label ZipCode, got  ([]), file ZipCode.csv:26272 data 74753
    regex_detector_test.go:84: Expected label ZipCode, got  ([]), file ZipCode.csv:26273 data 74754
    regex_detector_test.go:84: Expected label ZipCode, got  ([]), file ZipCode.csv:26274 data 74755
    regex_detector_test.go:84: Expected label ZipCode, got  ([]), file ZipCode.csv:26275 data 74756
    regex_detector_test.go:84: Expected label ZipCode, got  ([]), file ZipCode.csv:26276 data 74759
    regex_detector_test.go:84: Expected label ZipCode, got  ([]), file ZipCode.csv:26277 data 74760
    regex_detector_test.go:84: Expected label ZipCode, got  ([]), file ZipCode.csv:26278 data 74761
    regex_detector_test.go:84: Expected label ZipCode, got  ([]), file ZipCode.csv:26279 data 74764
    regex_detector_test.go:84: Expected label ZipCode, got  ([]), file ZipCode.csv:26280 data 74766
    regex_detector_test.go:84: Expected label ZipCode, got  ([]), file ZipCode.csv:26281 data 74801
    regex_detector_test.go:84: Expected label ZipCode, got  ([]), file ZipCode.csv:26282 data 74804
    regex_detector_test.go:84: Expected label ZipCode, got  ([]), file ZipCode.csv:26283 data 74820
    regex_detector_test.go:84: Expected label ZipCode, got  ([]), file ZipCode.csv:26284 data 74824
    regex_detector_test.go:84: Expected label ZipCode, got  ([]), file ZipCode.csv:26285 data 74825
    regex_detector_test.go:84: Expected label ZipCode, got  ([]), file ZipCode.csv:26286 data 74826
    regex_detector_test.go:84: Expected label ZipCode, got  ([]), file ZipCode.csv:26287 data 74827
    regex_detector_test.go:84: Expected label ZipCode, got  ([]), file ZipCode.csv:26288 data 74829
    regex_detector_test.go:84: Expected label ZipCode, got  ([]), file ZipCode.csv:26289 data 74830
    regex_detector_test.go:84: Expected label ZipCode, got  ([]), file ZipCode.csv:26290 data 74831
    regex_detector_test.go:84: Expected label ZipCode, got  ([]), file ZipCode.csv:26291 data 74832
    regex_detector_test.go:84: Expected label ZipCode, got  ([]), file ZipCode.csv:26292 data 74833
    regex_detector_test.go:84: Expected label ZipCode, got  ([]), file ZipCode.csv:26293 data 74834
    regex_detector_test.go:84: Expected label ZipCode, got  ([]), file ZipCode.csv:26294 data 74836
    regex_detector_test.go:84: Expected label ZipCode, got  ([]), file ZipCode.csv:26295 data 74837
    regex_detector_test.go:84: Expected label ZipCode, got  ([]), file ZipCode.csv:26296 data 74839
    regex_detector_test.go:84: Expected label ZipCode, got  ([]), file ZipCode.csv:26297 data 74840
    regex_detector_test.go:84: Expected label ZipCode, got  ([]), file ZipCode.csv:26298 data 74842
    regex_detector_test.go:84: Expected label ZipCode, got  ([]), file ZipCode.csv:26299 data 74843
    regex_detector_test.go:84: Expected label ZipCode, got  ([]), file ZipCode.csv:26300 data 74844
    regex_detector_test.go:84: Expected label ZipCode, got  ([]), file ZipCode.csv:26301 data 74845
    regex_detector_test.go:84: Expected label ZipCode, got  ([]), file ZipCode.csv:26302 data 74848
    regex_detector_test.go:84: Expected label ZipCode, got  ([]), file ZipCode.csv:26303 data 74849
    regex_detector_test.go:84: Expected label ZipCode, got  ([]), file ZipCode.csv:26304 data 74850
    regex_detector_test.go:84: Expected label ZipCode, got  ([]), file ZipCode.csv:26305 data 74851
    regex_detector_test.go:84: Expected label ZipCode, got  ([]), file ZipCode.csv:26306 data 74852
    regex_detector_test.go:84: Expected label ZipCode, got  ([]), file ZipCode.csv:26307 data 74854
    regex_detector_test.go:84: Expected label ZipCode, got  ([]), file ZipCode.csv:26308 data 74855
    regex_detector_test.go:84: Expected label ZipCode, got  ([]), file ZipCode.csv:26309 data 74856
    regex_detector_test.go:84: Expected label ZipCode, got  ([]), file ZipCode.csv:26310 data 74857
    regex_detector_test.go:84: Expected label ZipCode, got  ([]), file ZipCode.csv:26311 data 74859
    regex_detector_test.go:84: Expected label ZipCode, got  ([]), file ZipCode.csv:26312 data 74860
    regex_detector_test.go:84: Expected label ZipCode, got  ([]), file ZipCode.csv:26313 data 74864
    regex_detector_test.go:84: Expected label ZipCode, got  ([]), file ZipCode.csv:26314 data 74865
    regex_detector_test.go:84: Expected label ZipCode, got  ([]), file ZipCode.csv:26315 data 74866
    regex_detector_test.go:84: Expected label ZipCode, got  ([]), file ZipCode.csv:26316 data 74867
    regex_detector_test.go:84: Expected label ZipCode, got  ([]), file ZipCode.csv:26317 data 74868
    regex_detector_test.go:84: Expected label ZipCode, got  ([]), file ZipCode.csv:26318 data 74869
    regex_detector_test.go:84: Expected label ZipCode, got  ([]), file ZipCode.csv:26319 data 74871
    regex_detector_test.go:84: Expected label ZipCode, got  ([]), file ZipCode.csv:26320 data 74872
    regex_detector_test.go:84: Expected label ZipCode, got  ([]), file ZipCode.csv:26321 data 74873
    regex_detector_test.go:84: Expected label ZipCode, got  ([]), file ZipCode.csv:26322 data 74875
    regex_detector_test.go:84: Expected label ZipCode, got  ([]), file ZipCode.csv:26323 data 74878
    regex_detector_test.go:84: Expected label ZipCode, got  ([]), file ZipCode.csv:26324 data 74880
    regex_detector_test.go:84: Expected label ZipCode, got  ([]), file ZipCode.csv:26325 data 74881
    regex_detector_test.go:84: Expected label ZipCode, got  ([]), file ZipCode.csv:26326 data 74883
    regex_detector_test.go:84: Expected label ZipCode, got  ([]), file ZipCode.csv:26327 data 74884
    regex_detector_test.go:84: Expected label ZipCode, got  ([]), file ZipCode.csv:26328 data 74901
    regex_detector_test.go:84: Expected label ZipCode, got  ([]), file ZipCode.csv:26329 data 74902
    regex_detector_test.go:84: Expected label ZipCode, got  ([]), file ZipCode.csv:26330 data 74930
    regex_detector_test.go:84: Expected label ZipCode, got  ([]), file ZipCode.csv:26331 data 74931
    regex_detector_test.go:84: Expected label ZipCode, got  ([]), file ZipCode.csv:26332 data 74932
    regex_detector_test.go:84: Expected label ZipCode, got  ([]), file ZipCode.csv:26333 data 74935
    regex_detector_test.go:84: Expected label ZipCode, got  ([]), file ZipCode.csv:26334 data 74936
    regex_detector_test.go:84: Expected label ZipCode, got  ([]), file ZipCode.csv:26335 data 74937
    regex_detector_test.go:84: Expected label ZipCode, got  ([]), file ZipCode.csv:26336 data 74939
    regex_detector_test.go:84: Expected label ZipCode, got  ([]), file ZipCode.csv:26337 data 74940
    regex_detector_test.go:84: Expected label ZipCode, got  ([]), file ZipCode.csv:26338 data 74941
    regex_detector_test.go:84: Expected label ZipCode, got  ([]), file ZipCode.csv:26339 data 74942
    regex_detector_test.go:84: Expected label ZipCode, got  ([]), file ZipCode.csv:26340 data 74943
    regex_detector_test.go:84: Expected label ZipCode, got  ([]), file ZipCode.csv:26341 data 74944
    regex_detector_test.go:84: Expected label ZipCode, got  ([]), file ZipCode.csv:26342 data 74945
    regex_detector_test.go:84: Expected label ZipCode, got  ([]), file ZipCode.csv:26343 data 74946
    regex_detector_test.go:84: Expected label ZipCode, got  ([]), file ZipCode.csv:26344 data 74947
    regex_detector_test.go:84: Expected label ZipCode, got  ([]), file ZipCode.csv:26345 data 74948
    regex_detector_test.go:84: Expected label ZipCode, got  ([]), file ZipCode.csv:26346 data 74949
    regex_detector_test.go:84: Expected label ZipCode, got  ([]), file ZipCode.csv:26347 data 74951
    regex_detector_test.go:84: Expected label ZipCode, got  ([]), file ZipCode.csv:26348 data 74953
    regex_detector_test.go:84: Expected label ZipCode, got  ([]), file ZipCode.csv:26349 data 74954
    regex_detector_test.go:84: Expected label ZipCode, got  ([]), file ZipCode.csv:26350 data 74955
    regex_detector_test.go:84: Expected label ZipCode, got  ([]), file ZipCode.csv:26351 data 74956
    regex_detector_test.go:84: Expected label ZipCode, got  ([]), file ZipCode.csv:26352 data 74957
    regex_detector_test.go:84: Expected label ZipCode, got  ([]), file ZipCode.csv:26353 data 74959
    regex_detector_test.go:84: Expected label ZipCode, got  ([]), file ZipCode.csv:26354 data 74960
    regex_detector_test.go:84: Expected label ZipCode, got  ([]), file ZipCode.csv:26355 data 74962
    regex_detector_test.go:84: Expected label ZipCode, got  ([]), file ZipCode.csv:26356 data 74963
    regex_detector_test.go:84: Expected label ZipCode, got  ([]), file ZipCode.csv:26357 data 74964
    regex_detector_test.go:84: Expected label ZipCode, got  ([]), file ZipCode.csv:26358 data 74965
    regex_detector_test.go:84: Expected label ZipCode, got  ([]), file ZipCode.csv:26359 data 74966
    regex_detector_test.go:84: Expected label ZipCode, got  ([]), file ZipCode.csv:26360 data 75001
    regex_detector_test.go:84: Expected label ZipCode, got  ([]), file ZipCode.csv:26361 data 75002
    regex_detector_test.go:84: Expected label ZipCode, got  ([]), file ZipCode.csv:26362 data 75006
    regex_detector_test.go:84: Expected label ZipCode, got  ([]), file ZipCode.csv:26363 data 75007
    regex_detector_test.go:84: Expected label ZipCode, got  ([]), file ZipCode.csv:26364 data 75009
    regex_detector_test.go:84: Expected label ZipCode, got  ([]), file ZipCode.csv:26365 data 75010
    regex_detector_test.go:84: Expected label ZipCode, got  ([]), file ZipCode.csv:26366 data 75013
    regex_detector_test.go:84: Expected label ZipCode, got  ([]), file ZipCode.csv:26367 data 75019
    regex_detector_test.go:84: Expected label ZipCode, got  ([]), file ZipCode.csv:26368 data 75020
    regex_detector_test.go:84: Expected label ZipCode, got  ([]), file ZipCode.csv:26369 data 75021
    regex_detector_test.go:84: Expected label ZipCode, got  ([]), file ZipCode.csv:26370 data 75022
    regex_detector_test.go:84: Expected label ZipCode, got  ([]), file ZipCode.csv:26371 data 75023
    regex_detector_test.go:84: Expected label ZipCode, got  ([]), file ZipCode.csv:26372 data 75024
    regex_detector_test.go:84: Expected label ZipCode, got  ([]), file ZipCode.csv:26373 data 75025
    regex_detector_test.go:84: Expected label ZipCode, got  ([]), file ZipCode.csv:26374 data 75028
    regex_detector_test.go:84: Expected label ZipCode, got  ([]), file ZipCode.csv:26375 data 75032
    regex_detector_test.go:84: Expected label ZipCode, got  ([]), file ZipCode.csv:26376 data 75033
    regex_detector_test.go:84: Expected label ZipCode, got  ([]), file ZipCode.csv:26377 data 75034
    regex_detector_test.go:84: Expected label ZipCode, got  ([]), file ZipCode.csv:26378 data 75035
    regex_detector_test.go:84: Expected label ZipCode, got  ([]), file ZipCode.csv:26379 data 75036
    regex_detector_test.go:84: Expected label ZipCode, got  ([]), file ZipCode.csv:26380 data 75038
    regex_detector_test.go:84: Expected label ZipCode, got  ([]), file ZipCode.csv:26381 data 75039
    regex_detector_test.go:84: Expected label ZipCode, got  ([]), file ZipCode.csv:26382 data 75040
    regex_detector_test.go:84: Expected label ZipCode, got  ([]), file ZipCode.csv:26383 data 75041
    regex_detector_test.go:84: Expected label ZipCode, got  ([]), file ZipCode.csv:26384 data 75042
    regex_detector_test.go:84: Expected label ZipCode, got  ([]), file ZipCode.csv:26385 data 75043
    regex_detector_test.go:84: Expected label ZipCode, got  ([]), file ZipCode.csv:26386 data 75044
    regex_detector_test.go:84: Expected label ZipCode, got  ([]), file ZipCode.csv:26387 data 75048
    regex_detector_test.go:84: Expected label ZipCode, got  ([]), file ZipCode.csv:26388 data 75050
    regex_detector_test.go:84: Expected label ZipCode, got  ([]), file ZipCode.csv:26389 data 75051
    regex_detector_test.go:84: Expected label ZipCode, got  ([]), file ZipCode.csv:26390 data 75052
    regex_detector_test.go:84: Expected label ZipCode, got  ([]), file ZipCode.csv:26391 data 75054
    regex_detector_test.go:84: Expected label ZipCode, got  ([]), file ZipCode.csv:26392 data 75056
    regex_detector_test.go:84: Expected label ZipCode, got  ([]), file ZipCode.csv:26393 data 75057
    regex_detector_test.go:84: Expected label ZipCode, got  ([]), file ZipCode.csv:26394 data 75058
    regex_detector_test.go:84: Expected label ZipCode, got  ([]), file ZipCode.csv:26395 data 75060
    regex_detector_test.go:84: Expected label ZipCode, got  ([]), file ZipCode.csv:26396 data 75061
    regex_detector_test.go:84: Expected label ZipCode, got  ([]), file ZipCode.csv:26397 data 75062
    regex_detector_test.go:84: Expected label ZipCode, got  ([]), file ZipCode.csv:26398 data 75063
    regex_detector_test.go:84: Expected label ZipCode, got  ([]), file ZipCode.csv:26399 data 75065
    regex_detector_test.go:84: Expected label ZipCode, got  ([]), file ZipCode.csv:26400 data 75067
    regex_detector_test.go:84: Expected label ZipCode, got  ([]), file ZipCode.csv:26401 data 75068
    regex_detector_test.go:84: Expected label ZipCode, got  ([]), file ZipCode.csv:26402 data 75069
    regex_detector_test.go:84: Expected label ZipCode, got  ([]), file ZipCode.csv:26403 data 75070
    regex_detector_test.go:84: Expected label ZipCode, got  ([]), file ZipCode.csv:26404 data 75071
    regex_detector_test.go:84: Expected label ZipCode, got  ([]), file ZipCode.csv:26405 data 75072
    regex_detector_test.go:84: Expected label ZipCode, got  ([]), file ZipCode.csv:26406 data 75074
    regex_detector_test.go:84: Expected label ZipCode, got  ([]), file ZipCode.csv:26407 data 75075
    regex_detector_test.go:84: Expected label ZipCode, got  ([]), file ZipCode.csv:26408 data 75076
    regex_detector_test.go:84: Expected label ZipCode, got  ([]), file ZipCode.csv:26409 data 75077
    regex_detector_test.go:84: Expected label ZipCode, got  ([]), file ZipCode.csv:26410 data 75078
    regex_detector_test.go:84: Expected label ZipCode, got  ([]), file ZipCode.csv:26411 data 75080
    regex_detector_test.go:84: Expected label ZipCode, got  ([]), file ZipCode.csv:26412 data 75081
    regex_detector_test.go:84: Expected label ZipCode, got  ([]), file ZipCode.csv:26413 data 75082
    regex_detector_test.go:84: Expected label ZipCode, got  ([]), file ZipCode.csv:26414 data 75087
    regex_detector_test.go:84: Expected label ZipCode, got  ([]), file ZipCode.csv:26415 data 75088
    regex_detector_test.go:84: Expected label ZipCode, got  ([]), file ZipCode.csv:26416 data 75089
    regex_detector_test.go:84: Expected label ZipCode, got  ([]), file ZipCode.csv:26417 data 75090
    regex_detector_test.go:84: Expected label ZipCode, got  ([]), file ZipCode.csv:26418 data 75092
    regex_detector_test.go:84: Expected label ZipCode, got  ([]), file ZipCode.csv:26419 data 75093
    regex_detector_test.go:84: Expected label ZipCode, got  ([]), file ZipCode.csv:26420 data 75094
    regex_detector_test.go:84: Expected label ZipCode, got  ([]), file ZipCode.csv:26421 data 75098
    regex_detector_test.go:84: Expected label ZipCode, got  ([]), file ZipCode.csv:26422 data 75101
    regex_detector_test.go:84: Expected label ZipCode, got  ([]), file ZipCode.csv:26423 data 75102
    regex_detector_test.go:84: Expected label ZipCode, got  ([]), file ZipCode.csv:26424 data 75103
    regex_detector_test.go:84: Expected label ZipCode, got  ([]), file ZipCode.csv:26425 data 75104
    regex_detector_test.go:84: Expected label ZipCode, got  ([]), file ZipCode.csv:26426 data 75105
    regex_detector_test.go:84: Expected label ZipCode, got  ([]), file ZipCode.csv:26427 data 75109
    regex_detector_test.go:84: Expected label ZipCode, got  ([]), file ZipCode.csv:26428 data 75110
    regex_detector_test.go:84: Expected label ZipCode, got  ([]), file ZipCode.csv:26429 data 75114
    regex_detector_test.go:84: Expected label ZipCode, got  ([]), file ZipCode.csv:26430 data 75115
    regex_detector_test.go:84: Expected label ZipCode, got  ([]), file ZipCode.csv:26431 data 75116
    regex_detector_test.go:84: Expected label ZipCode, got  ([]), file ZipCode.csv:26432 data 75117
    regex_detector_test.go:84: Expected label ZipCode, got  ([]), file ZipCode.csv:26433 data 75119
    regex_detector_test.go:84: Expected label ZipCode, got  ([]), file ZipCode.csv:26434 data 75124
    regex_detector_test.go:84: Expected label ZipCode, got  ([]), file ZipCode.csv:26435 data 75125
    regex_detector_test.go:84: Expected label ZipCode, got  ([]), file ZipCode.csv:26436 data 75126
    regex_detector_test.go:84: Expected label ZipCode, got  ([]), file ZipCode.csv:26437 data 75127
    regex_detector_test.go:84: Expected label ZipCode, got  ([]), file ZipCode.csv:26438 data 75132
    regex_detector_test.go:84: Expected label ZipCode, got  ([]), file ZipCode.csv:26439 data 75134
    regex_detector_test.go:84: Expected label ZipCode, got  ([]), file ZipCode.csv:26440 data 75135
    regex_detector_test.go:84: Expected label ZipCode, got  ([]), file ZipCode.csv:26441 data 75137
    regex_detector_test.go:84: Expected label ZipCode, got  ([]), file ZipCode.csv:26442 data 75140
    regex_detector_test.go:84: Expected label ZipCode, got  ([]), file ZipCode.csv:26443 data 75141
    regex_detector_test.go:84: Expected label ZipCode, got  ([]), file ZipCode.csv:26444 data 75142
    regex_detector_test.go:84: Expected label ZipCode, got  ([]), file ZipCode.csv:26445 data 75143
    regex_detector_test.go:84: Expected label ZipCode, got  ([]), file ZipCode.csv:26446 data 75144
    regex_detector_test.go:84: Expected label ZipCode, got  ([]), file ZipCode.csv:26447 data 75146
    regex_detector_test.go:84: Expected label ZipCode, got  ([]), file ZipCode.csv:26448 data 75147
    regex_detector_test.go:84: Expected label ZipCode, got  ([]), file ZipCode.csv:26449 data 75148
    regex_detector_test.go:84: Expected label ZipCode, got  ([]), file ZipCode.csv:26450 data 75149
    regex_detector_test.go:84: Expected label ZipCode, got  ([]), file ZipCode.csv:26451 data 75150
    regex_detector_test.go:84: Expected label ZipCode, got  ([]), file ZipCode.csv:26452 data 75152
    regex_detector_test.go:84: Expected label ZipCode, got  ([]), file ZipCode.csv:26453 data 75153
    regex_detector_test.go:84: Expected label ZipCode, got  ([]), file ZipCode.csv:26454 data 75154
    regex_detector_test.go:84: Expected label ZipCode, got  ([]), file ZipCode.csv:26455 data 75155
    regex_detector_test.go:84: Expected label ZipCode, got  ([]), file ZipCode.csv:26456 data 75156
    regex_detector_test.go:84: Expected label ZipCode, got  ([]), file ZipCode.csv:26457 data 75157
    regex_detector_test.go:84: Expected label ZipCode, got  ([]), file ZipCode.csv:26458 data 75158
    regex_detector_test.go:84: Expected label ZipCode, got  ([]), file ZipCode.csv:26459 data 75159
    regex_detector_test.go:84: Expected label ZipCode, got  ([]), file ZipCode.csv:26460 data 75160
    regex_detector_test.go:84: Expected label ZipCode, got  ([]), file ZipCode.csv:26461 data 75161
    regex_detector_test.go:84: Expected label ZipCode, got  ([]), file ZipCode.csv:26462 data 75163
    regex_detector_test.go:84: Expected label ZipCode, got  ([]), file ZipCode.csv:26463 data 75164
    regex_detector_test.go:84: Expected label ZipCode, got  ([]), file ZipCode.csv:26464 data 75165
    regex_detector_test.go:84: Expected label ZipCode, got  ([]), file ZipCode.csv:26465 data 75166
    regex_detector_test.go:84: Expected label ZipCode, got  ([]), file ZipCode.csv:26466 data 75167
    regex_detector_test.go:84: Expected label ZipCode, got  ([]), file ZipCode.csv:26467 data 75169
    regex_detector_test.go:84: Expected label ZipCode, got  ([]), file ZipCode.csv:26468 data 75172
    regex_detector_test.go:84: Expected label ZipCode, got  ([]), file ZipCode.csv:26469 data 75173
    regex_detector_test.go:84: Expected label ZipCode, got  ([]), file ZipCode.csv:26470 data 75180
    regex_detector_test.go:84: Expected label ZipCode, got  ([]), file ZipCode.csv:26471 data 75181
    regex_detector_test.go:84: Expected label ZipCode, got  ([]), file ZipCode.csv:26472 data 75182
    regex_detector_test.go:84: Expected label ZipCode, got  ([]), file ZipCode.csv:26473 data 75189
    regex_detector_test.go:84: Expected label ZipCode, got  ([]), file ZipCode.csv:26474 data 75201
    regex_detector_test.go:84: Expected label ZipCode, got  ([]), file ZipCode.csv:26475 data 75202
    regex_detector_test.go:84: Expected label ZipCode, got  ([]), file ZipCode.csv:26476 data 75203
    regex_detector_test.go:84: Expected label ZipCode, got  ([]), file ZipCode.csv:26477 data 75204
    regex_detector_test.go:84: Expected label ZipCode, got  ([]), file ZipCode.csv:26478 data 75205
    regex_detector_test.go:84: Expected label ZipCode, got  ([]), file ZipCode.csv:26479 data 75206
    regex_detector_test.go:84: Expected label ZipCode, got  ([]), file ZipCode.csv:26480 data 75207
    regex_detector_test.go:84: Expected label ZipCode, got  ([]), file ZipCode.csv:26481 data 75208
    regex_detector_test.go:84: Expected label ZipCode, got  ([]), file ZipCode.csv:26482 data 75209
    regex_detector_test.go:84: Expected label ZipCode, got  ([]), file ZipCode.csv:26483 data 75210
    regex_detector_test.go:84: Expected label ZipCode, got  ([]), file ZipCode.csv:26484 data 75211
    regex_detector_test.go:84: Expected label ZipCode, got  ([]), file ZipCode.csv:26485 data 75212
    regex_detector_test.go:84: Expected label ZipCode, got  ([]), file ZipCode.csv:26486 data 75214
    regex_detector_test.go:84: Expected label ZipCode, got  ([]), file ZipCode.csv:26487 data 75215
    regex_detector_test.go:84: Expected label ZipCode, got  ([]), file ZipCode.csv:26488 data 75216
    regex_detector_test.go:84: Expected label ZipCode, got  ([]), file ZipCode.csv:26489 data 75217
    regex_detector_test.go:84: Expected label ZipCode, got  ([]), file ZipCode.csv:26490 data 75218
    regex_detector_test.go:84: Expected label ZipCode, got  ([]), file ZipCode.csv:26491 data 75219
    regex_detector_test.go:84: Expected label ZipCode, got  ([]), file ZipCode.csv:26492 data 75220
    regex_detector_test.go:84: Expected label ZipCode, got  ([]), file ZipCode.csv:26493 data 75223
    regex_detector_test.go:84: Expected label ZipCode, got  ([]), file ZipCode.csv:26494 data 75224
    regex_detector_test.go:84: Expected label ZipCode, got  ([]), file ZipCode.csv:26495 data 75225
    regex_detector_test.go:84: Expected label ZipCode, got  ([]), file ZipCode.csv:26496 data 75226
    regex_detector_test.go:84: Expected label ZipCode, got  ([]), file ZipCode.csv:26497 data 75227
    regex_detector_test.go:84: Expected label ZipCode, got  ([]), file ZipCode.csv:26498 data 75228
    regex_detector_test.go:84: Expected label ZipCode, got  ([]), file ZipCode.csv:26499 data 75229
    regex_detector_test.go:84: Expected label ZipCode, got  ([]), file ZipCode.csv:26500 data 75230
    regex_detector_test.go:84: Expected label ZipCode, got  ([]), file ZipCode.csv:26501 data 75231
    regex_detector_test.go:84: Expected label ZipCode, got  ([]), file ZipCode.csv:26502 data 75232
    regex_detector_test.go:84: Expected label ZipCode, got  ([]), file ZipCode.csv:26503 data 75233
    regex_detector_test.go:84: Expected label ZipCode, got  ([]), file ZipCode.csv:26504 data 75234
    regex_detector_test.go:84: Expected label ZipCode, got  ([]), file ZipCode.csv:26505 data 75235
    regex_detector_test.go:84: Expected label ZipCode, got  ([]), file ZipCode.csv:26506 data 75236
    regex_detector_test.go:84: Expected label ZipCode, got  ([]), file ZipCode.csv:26507 data 75237
    regex_detector_test.go:84: Expected label ZipCode, got  ([]), file ZipCode.csv:26508 data 75238
    regex_detector_test.go:84: Expected label ZipCode, got  ([]), file ZipCode.csv:26509 data 75240
    regex_detector_test.go:84: Expected label ZipCode, got  ([]), file ZipCode.csv:26510 data 75241
    regex_detector_test.go:84: Expected label ZipCode, got  ([]), file ZipCode.csv:26511 data 75243
    regex_detector_test.go:84: Expected label ZipCode, got  ([]), file ZipCode.csv:26512 data 75244
    regex_detector_test.go:84: Expected label ZipCode, got  ([]), file ZipCode.csv:26513 data 75246
    regex_detector_test.go:84: Expected label ZipCode, got  ([]), file ZipCode.csv:26514 data 75247
    regex_detector_test.go:84: Expected label ZipCode, got  ([]), file ZipCode.csv:26515 data 75248
    regex_detector_test.go:84: Expected label ZipCode, got  ([]), file ZipCode.csv:26516 data 75249
    regex_detector_test.go:84: Expected label ZipCode, got  ([]), file ZipCode.csv:26517 data 75251
    regex_detector_test.go:84: Expected label ZipCode, got  ([]), file ZipCode.csv:26518 data 75252
    regex_detector_test.go:84: Expected label ZipCode, got  ([]), file ZipCode.csv:26519 data 75253
    regex_detector_test.go:84: Expected label ZipCode, got  ([]), file ZipCode.csv:26520 data 75254
    regex_detector_test.go:84: Expected label ZipCode, got  ([]), file ZipCode.csv:26521 data 75261
    regex_detector_test.go:84: Expected label ZipCode, got  ([]), file ZipCode.csv:26522 data 75270
    regex_detector_test.go:84: Expected label ZipCode, got  ([]), file ZipCode.csv:26523 data 75287
    regex_detector_test.go:84: Expected label ZipCode, got  ([]), file ZipCode.csv:26524 data 75390
    regex_detector_test.go:84: Expected label ZipCode, got  ([]), file ZipCode.csv:26525 data 75401
    regex_detector_test.go:84: Expected label ZipCode, got  ([]), file ZipCode.csv:26526 data 75402
    regex_detector_test.go:84: Expected label ZipCode, got  ([]), file ZipCode.csv:26527 data 75407
    regex_detector_test.go:84: Expected label ZipCode, got  ([]), file ZipCode.csv:26528 data 75409
    regex_detector_test.go:84: Expected label ZipCode, got  ([]), file ZipCode.csv:26529 data 75410
    regex_detector_test.go:84: Expected label ZipCode, got  ([]), file ZipCode.csv:26530 data 75411
    regex_detector_test.go:84: Expected label ZipCode, got  ([]), file ZipCode.csv:26531 data 75412
    regex_detector_test.go:84: Expected label ZipCode, got  ([]), file ZipCode.csv:26532 data 75413
    regex_detector_test.go:84: Expected label ZipCode, got  ([]), file ZipCode.csv:26533 data 75414
    regex_detector_test.go:84: Expected label ZipCode, got  ([]), file ZipCode.csv:26534 data 75415
    regex_detector_test.go:84: Expected label ZipCode, got  ([]), file ZipCode.csv:26535 data 75416
    regex_detector_test.go:84: Expected label ZipCode, got  ([]), file ZipCode.csv:26536 data 75417
    regex_detector_test.go:84: Expected label ZipCode, got  ([]), file ZipCode.csv:26537 data 75418
    regex_detector_test.go:84: Expected label ZipCode, got  ([]), file ZipCode.csv:26538 data 75420
    regex_detector_test.go:84: Expected label ZipCode, got  ([]), file ZipCode.csv:26539 data 75421
    regex_detector_test.go:84: Expected label ZipCode, got  ([]), file ZipCode.csv:26540 data 75422
    regex_detector_test.go:84: Expected label ZipCode, got  ([]), file ZipCode.csv:26541 data 75423
    regex_detector_test.go:84: Expected label ZipCode, got  ([]), file ZipCode.csv:26542 data 75424
    regex_detector_test.go:84: Expected label ZipCode, got  ([]), file ZipCode.csv:26543 data 75426
    regex_detector_test.go:84: Expected label ZipCode, got  ([]), file ZipCode.csv:26544 data 75428
    regex_detector_test.go:84: Expected label ZipCode, got  ([]), file ZipCode.csv:26545 data 75429
    regex_detector_test.go:84: Expected label ZipCode, got  ([]), file ZipCode.csv:26546 data 75431
    regex_detector_test.go:84: Expected label ZipCode, got  ([]), file ZipCode.csv:26547 data 75432
    regex_detector_test.go:84: Expected label ZipCode, got  ([]), file ZipCode.csv:26548 data 75433
    regex_detector_test.go:84: Expected label ZipCode, got  ([]), file ZipCode.csv:26549 data 75434
    regex_detector_test.go:84: Expected label ZipCode, got  ([]), file ZipCode.csv:26550 data 75435
    regex_detector_test.go:84: Expected label ZipCode, got  ([]), file ZipCode.csv:26551 data 75436
    regex_detector_test.go:84: Expected label ZipCode, got  ([]), file ZipCode.csv:26552 data 75437
    regex_detector_test.go:84: Expected label ZipCode, got  ([]), file ZipCode.csv:26553 data 75438
    regex_detector_test.go:84: Expected label ZipCode, got  ([]), file ZipCode.csv:26554 data 75439
    regex_detector_test.go:84: Expected label ZipCode, got  ([]), file ZipCode.csv:26555 data 75440
    regex_detector_test.go:84: Expected label ZipCode, got  ([]), file ZipCode.csv:26556 data 75441
    regex_detector_test.go:84: Expected label ZipCode, got  ([]), file ZipCode.csv:26557 data 75442
    regex_detector_test.go:84: Expected label ZipCode, got  ([]), file ZipCode.csv:26558 data 75446
    regex_detector_test.go:84: Expected label ZipCode, got  ([]), file ZipCode.csv:26559 data 75447
    regex_detector_test.go:84: Expected label ZipCode, got  ([]), file ZipCode.csv:26560 data 75448
    regex_detector_test.go:84: Expected label ZipCode, got  ([]), file ZipCode.csv:26561 data 75449
    regex_detector_test.go:84: Expected label ZipCode, got  ([]), file ZipCode.csv:26562 data 75450
    regex_detector_test.go:84: Expected label ZipCode, got  ([]), file ZipCode.csv:26563 data 75451
    regex_detector_test.go:84: Expected label ZipCode, got  ([]), file ZipCode.csv:26564 data 75452
    regex_detector_test.go:84: Expected label ZipCode, got  ([]), file ZipCode.csv:26565 data 75453
    regex_detector_test.go:84: Expected label ZipCode, got  ([]), file ZipCode.csv:26566 data 75454
    regex_detector_test.go:84: Expected label ZipCode, got  ([]), file ZipCode.csv:26567 data 75455
    regex_detector_test.go:84: Expected label ZipCode, got  ([]), file ZipCode.csv:26568 data 75457
    regex_detector_test.go:84: Expected label ZipCode, got  ([]), file ZipCode.csv:26569 data 75459
    regex_detector_test.go:84: Expected label ZipCode, got  ([]), file ZipCode.csv:26570 data 75460
    regex_detector_test.go:84: Expected label ZipCode, got  ([]), file ZipCode.csv:26571 data 75462
    regex_detector_test.go:84: Expected label ZipCode, got  ([]), file ZipCode.csv:26572 data 75468
    regex_detector_test.go:84: Expected label ZipCode, got  ([]), file ZipCode.csv:26573 data 75469
    regex_detector_test.go:84: Expected label ZipCode, got  ([]), file ZipCode.csv:26574 data 75470
    regex_detector_test.go:84: Expected label ZipCode, got  ([]), file ZipCode.csv:26575 data 75471
    regex_detector_test.go:84: Expected label ZipCode, got  ([]), file ZipCode.csv:26576 data 75472
    regex_detector_test.go:84: Expected label ZipCode, got  ([]), file ZipCode.csv:26577 data 75473
    regex_detector_test.go:84: Expected label ZipCode, got  ([]), file ZipCode.csv:26578 data 75474
    regex_detector_test.go:84: Expected label ZipCode, got  ([]), file ZipCode.csv:26579 data 75475
    regex_detector_test.go:84: Expected label ZipCode, got  ([]), file ZipCode.csv:26580 data 75476
    regex_detector_test.go:84: Expected label ZipCode, got  ([]), file ZipCode.csv:26581 data 75477
    regex_detector_test.go:84: Expected label ZipCode, got  ([]), file ZipCode.csv:26582 data 75478
    regex_detector_test.go:84: Expected label ZipCode, got  ([]), file ZipCode.csv:26583 data 75479
    regex_detector_test.go:84: Expected label ZipCode, got  ([]), file ZipCode.csv:26584 data 75480
    regex_detector_test.go:84: Expected label ZipCode, got  ([]), file ZipCode.csv:26585 data 75481
    regex_detector_test.go:84: Expected label ZipCode, got  ([]), file ZipCode.csv:26586 data 75482
    regex_detector_test.go:84: Expected label ZipCode, got  ([]), file ZipCode.csv:26587 data 75486
    regex_detector_test.go:84: Expected label ZipCode, got  ([]), file ZipCode.csv:26588 data 75487
    regex_detector_test.go:84: Expected label ZipCode, got  ([]), file ZipCode.csv:26589 data 75488
    regex_detector_test.go:84: Expected label ZipCode, got  ([]), file ZipCode.csv:26590 data 75489
    regex_detector_test.go:84: Expected label ZipCode, got  ([]), file ZipCode.csv:26591 data 75490
    regex_detector_test.go:84: Expected label ZipCode, got  ([]), file ZipCode.csv:26592 data 75491
    regex_detector_test.go:84: Expected label ZipCode, got  ([]), file ZipCode.csv:26593 data 75492
    regex_detector_test.go:84: Expected label ZipCode, got  ([]), file ZipCode.csv:26594 data 75493
    regex_detector_test.go:84: Expected label ZipCode, got  ([]), file ZipCode.csv:26595 data 75494
    regex_detector_test.go:84: Expected label ZipCode, got  ([]), file ZipCode.csv:26596 data 75495
    regex_detector_test.go:84: Expected label ZipCode, got  ([]), file ZipCode.csv:26597 data 75496
    regex_detector_test.go:84: Expected label ZipCode, got  ([]), file ZipCode.csv:26598 data 75497
    regex_detector_test.go:84: Expected label ZipCode, got  ([]), file ZipCode.csv:26599 data 75501
    regex_detector_test.go:84: Expected label ZipCode, got  ([]), file ZipCode.csv:26600 data 75503
    regex_detector_test.go:84: Expected label ZipCode, got  ([]), file ZipCode.csv:26601 data 75550
    regex_detector_test.go:84: Expected label ZipCode, got  ([]), file ZipCode.csv:26602 data 75551
    regex_detector_test.go:84: Expected label ZipCode, got  ([]), file ZipCode.csv:26603 data 75554
    regex_detector_test.go:84: Expected label ZipCode, got  ([]), file ZipCode.csv:26604 data 75555
    regex_detector_test.go:84: Expected label ZipCode, got  ([]), file ZipCode.csv:26605 data 75556
    regex_detector_test.go:84: Expected label ZipCode, got  ([]), file ZipCode.csv:26606 data 75558
    regex_detector_test.go:84: Expected label ZipCode, got  ([]), file ZipCode.csv:26607 data 75559
    regex_detector_test.go:84: Expected label ZipCode, got  ([]), file ZipCode.csv:26608 data 75560
    regex_detector_test.go:84: Expected label ZipCode, got  ([]), file ZipCode.csv:26609 data 75561
    regex_detector_test.go:84: Expected label ZipCode, got  ([]), file ZipCode.csv:26610 data 75562
    regex_detector_test.go:84: Expected label ZipCode, got  ([]), file ZipCode.csv:26611 data 75563
    regex_detector_test.go:84: Expected label ZipCode, got  ([]), file ZipCode.csv:26612 data 75564
    regex_detector_test.go:84: Expected label ZipCode, got  ([]), file ZipCode.csv:26613 data 75565
    regex_detector_test.go:84: Expected label ZipCode, got  ([]), file ZipCode.csv:26614 data 75566
    regex_detector_test.go:84: Expected label ZipCode, got  ([]), file ZipCode.csv:26615 data 75567
    regex_detector_test.go:84: Expected label ZipCode, got  ([]), file ZipCode.csv:26616 data 75568
    regex_detector_test.go:84: Expected label ZipCode, got  ([]), file ZipCode.csv:26617 data 75569
    regex_detector_test.go:84: Expected label ZipCode, got  ([]), file ZipCode.csv:26618 data 75570
    regex_detector_test.go:84: Expected label ZipCode, got  ([]), file ZipCode.csv:26619 data 75571
    regex_detector_test.go:84: Expected label ZipCode, got  ([]), file ZipCode.csv:26620 data 75572
    regex_detector_test.go:84: Expected label ZipCode, got  ([]), file ZipCode.csv:26621 data 75573
    regex_detector_test.go:84: Expected label ZipCode, got  ([]), file ZipCode.csv:26622 data 75574
    regex_detector_test.go:84: Expected label ZipCode, got  ([]), file ZipCode.csv:26623 data 75601
    regex_detector_test.go:84: Expected label ZipCode, got  ([]), file ZipCode.csv:26624 data 75602
    regex_detector_test.go:84: Expected label ZipCode, got  ([]), file ZipCode.csv:26625 data 75603
    regex_detector_test.go:84: Expected label ZipCode, got  ([]), file ZipCode.csv:26626 data 75604
    regex_detector_test.go:84: Expected label ZipCode, got  ([]), file ZipCode.csv:26627 data 75605
    regex_detector_test.go:84: Expected label ZipCode, got  ([]), file ZipCode.csv:26628 data 75630
    regex_detector_test.go:84: Expected label ZipCode, got  ([]), file ZipCode.csv:26629 data 75631
    regex_detector_test.go:84: Expected label ZipCode, got  ([]), file ZipCode.csv:26630 data 75633
    regex_detector_test.go:84: Expected label ZipCode, got  ([]), file ZipCode.csv:26631 data 75638
    regex_detector_test.go:84: Expected label ZipCode, got  ([]), file ZipCode.csv:26632 data 75639
    regex_detector_test.go:84: Expected label ZipCode, got  ([]), file ZipCode.csv:26633 data 75640
    regex_detector_test.go:84: Expected label ZipCode, got  ([]), file ZipCode.csv:26634 data 75641
    regex_detector_test.go:84: Expected label ZipCode, got  ([]), file ZipCode.csv:26635 data 75642
    regex_detector_test.go:84: Expected label ZipCode, got  ([]), file ZipCode.csv:26636 data 75643
    regex_detector_test.go:84: Expected label ZipCode, got  ([]), file ZipCode.csv:26637 data 75644
    regex_detector_test.go:84: Expected label ZipCode, got  ([]), file ZipCode.csv:26638 data 75645
    regex_detector_test.go:84: Expected label ZipCode, got  ([]), file ZipCode.csv:26639 data 75647
    regex_detector_test.go:84: Expected label ZipCode, got  ([]), file ZipCode.csv:26640 data 75650
    regex_detector_test.go:84: Expected label ZipCode, got  ([]), file ZipCode.csv:26641 data 75651
    regex_detector_test.go:84: Expected label ZipCode, got  ([]), file ZipCode.csv:26642 data 75652
    regex_detector_test.go:84: Expected label ZipCode, got  ([]), file ZipCode.csv:26643 data 75654
    regex_detector_test.go:84: Expected label ZipCode, got  ([]), file ZipCode.csv:26644 data 75656
    regex_detector_test.go:84: Expected label ZipCode, got  ([]), file ZipCode.csv:26645 data 75657
    regex_detector_test.go:84: Expected label ZipCode, got  ([]), file ZipCode.csv:26646 data 75658
    regex_detector_test.go:84: Expected label ZipCode, got  ([]), file ZipCode.csv:26647 data 75659
    regex_detector_test.go:84: Expected label ZipCode, got  ([]), file ZipCode.csv:26648 data 75661
    regex_detector_test.go:84: Expected label ZipCode, got  ([]), file ZipCode.csv:26649 data 75662
    regex_detector_test.go:84: Expected label ZipCode, got  ([]), file ZipCode.csv:26650 data 75667
    regex_detector_test.go:84: Expected label ZipCode, got  ([]), file ZipCode.csv:26651 data 75668
    regex_detector_test.go:84: Expected label ZipCode, got  ([]), file ZipCode.csv:26652 data 75669
    regex_detector_test.go:84: Expected label ZipCode, got  ([]), file ZipCode.csv:26653 data 75670
    regex_detector_test.go:84: Expected label ZipCode, got  ([]), file ZipCode.csv:26654 data 75671
    regex_detector_test.go:84: Expected label ZipCode, got  ([]), file ZipCode.csv:26655 data 75672
    regex_detector_test.go:84: Expected label ZipCode, got  ([]), file ZipCode.csv:26656 data 75680
    regex_detector_test.go:84: Expected label ZipCode, got  ([]), file ZipCode.csv:26657 data 75681
    regex_detector_test.go:84: Expected label ZipCode, got  ([]), file ZipCode.csv:26658 data 75682
    regex_detector_test.go:84: Expected label ZipCode, got  ([]), file ZipCode.csv:26659 data 75683
    regex_detector_test.go:84: Expected label ZipCode, got  ([]), file ZipCode.csv:26660 data 75684
    regex_detector_test.go:84: Expected label ZipCode, got  ([]), file ZipCode.csv:26661 data 75686
    regex_detector_test.go:84: Expected label ZipCode, got  ([]), file ZipCode.csv:26662 data 75687
    regex_detector_test.go:84: Expected label ZipCode, got  ([]), file ZipCode.csv:26663 data 75689
    regex_detector_test.go:84: Expected label ZipCode, got  ([]), file ZipCode.csv:26664 data 75691
    regex_detector_test.go:84: Expected label ZipCode, got  ([]), file ZipCode.csv:26665 data 75692
    regex_detector_test.go:84: Expected label ZipCode, got  ([]), file ZipCode.csv:26666 data 75693
    regex_detector_test.go:84: Expected label ZipCode, got  ([]), file ZipCode.csv:26667 data 75694
    regex_detector_test.go:84: Expected label ZipCode, got  ([]), file ZipCode.csv:26668 data 75701
    regex_detector_test.go:84: Expected label ZipCode, got  ([]), file ZipCode.csv:26669 data 75702
    regex_detector_test.go:84: Expected label ZipCode, got  ([]), file ZipCode.csv:26670 data 75703
    regex_detector_test.go:84: Expected label ZipCode, got  ([]), file ZipCode.csv:26671 data 75704
    regex_detector_test.go:84: Expected label ZipCode, got  ([]), file ZipCode.csv:26672 data 75705
    regex_detector_test.go:84: Expected label ZipCode, got  ([]), file ZipCode.csv:26673 data 75706
    regex_detector_test.go:84: Expected label ZipCode, got  ([]), file ZipCode.csv:26674 data 75707
    regex_detector_test.go:84: Expected label ZipCode, got  ([]), file ZipCode.csv:26675 data 75708
    regex_detector_test.go:84: Expected label ZipCode, got  ([]), file ZipCode.csv:26676 data 75709
    regex_detector_test.go:84: Expected label ZipCode, got  ([]), file ZipCode.csv:26677 data 75711
    regex_detector_test.go:84: Expected label ZipCode, got  ([]), file ZipCode.csv:26678 data 75750
    regex_detector_test.go:84: Expected label ZipCode, got  ([]), file ZipCode.csv:26679 data 75751
    regex_detector_test.go:84: Expected label ZipCode, got  ([]), file ZipCode.csv:26680 data 75752
    regex_detector_test.go:84: Expected label ZipCode, got  ([]), file ZipCode.csv:26681 data 75754
    regex_detector_test.go:84: Expected label ZipCode, got  ([]), file ZipCode.csv:26682 data 75755
    regex_detector_test.go:84: Expected label ZipCode, got  ([]), file ZipCode.csv:26683 data 75756
    regex_detector_test.go:84: Expected label ZipCode, got  ([]), file ZipCode.csv:26684 data 75757
    regex_detector_test.go:84: Expected label ZipCode, got  ([]), file ZipCode.csv:26685 data 75758
    regex_detector_test.go:84: Expected label ZipCode, got  ([]), file ZipCode.csv:26686 data 75759
    regex_detector_test.go:84: Expected label ZipCode, got  ([]), file ZipCode.csv:26687 data 75760
    regex_detector_test.go:84: Expected label ZipCode, got  ([]), file ZipCode.csv:26688 data 75762
    regex_detector_test.go:84: Expected label ZipCode, got  ([]), file ZipCode.csv:26689 data 75763
    regex_detector_test.go:84: Expected label ZipCode, got  ([]), file ZipCode.csv:26690 data 75764
    regex_detector_test.go:84: Expected label ZipCode, got  ([]), file ZipCode.csv:26691 data 75765
    regex_detector_test.go:84: Expected label ZipCode, got  ([]), file ZipCode.csv:26692 data 75766
    regex_detector_test.go:84: Expected label ZipCode, got  ([]), file ZipCode.csv:26693 data 75770
    regex_detector_test.go:84: Expected label ZipCode, got  ([]), file ZipCode.csv:26694 data 75771
    regex_detector_test.go:84: Expected label ZipCode, got  ([]), file ZipCode.csv:26695 data 75773
    regex_detector_test.go:84: Expected label ZipCode, got  ([]), file ZipCode.csv:26696 data 75778
    regex_detector_test.go:84: Expected label ZipCode, got  ([]), file ZipCode.csv:26697 data 75779
    regex_detector_test.go:84: Expected label ZipCode, got  ([]), file ZipCode.csv:26698 data 75780
    regex_detector_test.go:84: Expected label ZipCode, got  ([]), file ZipCode.csv:26699 data 75782
    regex_detector_test.go:84: Expected label ZipCode, got  ([]), file ZipCode.csv:26700 data 75783
    regex_detector_test.go:84: Expected label ZipCode, got  ([]), file ZipCode.csv:26701 data 75784
    regex_detector_test.go:84: Expected label ZipCode, got  ([]), file ZipCode.csv:26702 data 75785
    regex_detector_test.go:84: Expected label ZipCode, got  ([]), file ZipCode.csv:26703 data 75788
    regex_detector_test.go:84: Expected label ZipCode, got  ([]), file ZipCode.csv:26704 data 75789
    regex_detector_test.go:84: Expected label ZipCode, got  ([]), file ZipCode.csv:26705 data 75790
    regex_detector_test.go:84: Expected label ZipCode, got  ([]), file ZipCode.csv:26706 data 75791
    regex_detector_test.go:84: Expected label ZipCode, got  ([]), file ZipCode.csv:26707 data 75792
    regex_detector_test.go:84: Expected label ZipCode, got  ([]), file ZipCode.csv:26708 data 75801
    regex_detector_test.go:84: Expected label ZipCode, got  ([]), file ZipCode.csv:26709 data 75803
    regex_detector_test.go:84: Expected label ZipCode, got  ([]), file ZipCode.csv:26710 data 75831
    regex_detector_test.go:84: Expected label ZipCode, got  ([]), file ZipCode.csv:26711 data 75833
    regex_detector_test.go:84: Expected label ZipCode, got  ([]), file ZipCode.csv:26712 data 75835
    regex_detector_test.go:84: Expected label ZipCode, got  ([]), file ZipCode.csv:26713 data 75838
    regex_detector_test.go:84: Expected label ZipCode, got  ([]), file ZipCode.csv:26714 data 75839
    regex_detector_test.go:84: Expected label ZipCode, got  ([]), file ZipCode.csv:26715 data 75840
    regex_detector_test.go:84: Expected label ZipCode, got  ([]), file ZipCode.csv:26716 data 75844
    regex_detector_test.go:84: Expected label ZipCode, got  ([]), file ZipCode.csv:26717 data 75845
    regex_detector_test.go:84: Expected label ZipCode, got  ([]), file ZipCode.csv:26718 data 75846
    regex_detector_test.go:84: Expected label ZipCode, got  ([]), file ZipCode.csv:26719 data 75847
    regex_detector_test.go:84: Expected label ZipCode, got  ([]), file ZipCode.csv:26720 data 75848
    regex_detector_test.go:84: Expected label ZipCode, got  ([]), file ZipCode.csv:26721 data 75849
    regex_detector_test.go:84: Expected label ZipCode, got  ([]), file ZipCode.csv:26722 data 75850
    regex_detector_test.go:84: Expected label ZipCode, got  ([]), file ZipCode.csv:26723 data 75851
    regex_detector_test.go:84: Expected label ZipCode, got  ([]), file ZipCode.csv:26724 data 75852
    regex_detector_test.go:84: Expected label ZipCode, got  ([]), file ZipCode.csv:26725 data 75853
    regex_detector_test.go:84: Expected label ZipCode, got  ([]), file ZipCode.csv:26726 data 75855
    regex_detector_test.go:84: Expected label ZipCode, got  ([]), file ZipCode.csv:26727 data 75856
    regex_detector_test.go:84: Expected label ZipCode, got  ([]), file ZipCode.csv:26728 data 75858
    regex_detector_test.go:84: Expected label ZipCode, got  ([]), file ZipCode.csv:26729 data 75859
    regex_detector_test.go:84: Expected label ZipCode, got  ([]), file ZipCode.csv:26730 data 75860
    regex_detector_test.go:84: Expected label ZipCode, got  ([]), file ZipCode.csv:26731 data 75861
    regex_detector_test.go:84: Expected label ZipCode, got  ([]), file ZipCode.csv:26732 data 75862
    regex_detector_test.go:84: Expected label ZipCode, got  ([]), file ZipCode.csv:26733 data 75865
    regex_detector_test.go:84: Expected label ZipCode, got  ([]), file ZipCode.csv:26734 data 75884
    regex_detector_test.go:84: Expected label ZipCode, got  ([]), file ZipCode.csv:26735 data 75886
    regex_detector_test.go:84: Expected label ZipCode, got  ([]), file ZipCode.csv:26736 data 75901
    regex_detector_test.go:84: Expected label ZipCode, got  ([]), file ZipCode.csv:26737 data 75903
    regex_detector_test.go:84: Expected label ZipCode, got  ([]), file ZipCode.csv:26738 data 75904
    regex_detector_test.go:84: Expected label ZipCode, got  ([]), file ZipCode.csv:26739 data 75925
    regex_detector_test.go:84: Expected label ZipCode, got  ([]), file ZipCode.csv:26740 data 75926
    regex_detector_test.go:84: Expected label ZipCode, got  ([]), file ZipCode.csv:26741 data 75928
    regex_detector_test.go:84: Expected label ZipCode, got  ([]), file ZipCode.csv:26742 data 75929
    regex_detector_test.go:84: Expected label ZipCode, got  ([]), file ZipCode.csv:26743 data 75930
    regex_detector_test.go:84: Expected label ZipCode, got  ([]), file ZipCode.csv:26744 data 75931
    regex_detector_test.go:84: Expected label ZipCode, got  ([]), file ZipCode.csv:26745 data 75932
    regex_detector_test.go:84: Expected label ZipCode, got  ([]), file ZipCode.csv:26746 data 75933
    regex_detector_test.go:84: Expected label ZipCode, got  ([]), file ZipCode.csv:26747 data 75934
    regex_detector_test.go:84: Expected label ZipCode, got  ([]), file ZipCode.csv:26748 data 75935
    regex_detector_test.go:84: Expected label ZipCode, got  ([]), file ZipCode.csv:26749 data 75936
    regex_detector_test.go:84: Expected label ZipCode, got  ([]), file ZipCode.csv:26750 data 75937
    regex_detector_test.go:84: Expected label ZipCode, got  ([]), file ZipCode.csv:26751 data 75938
    regex_detector_test.go:84: Expected label ZipCode, got  ([]), file ZipCode.csv:26752 data 75939
    regex_detector_test.go:84: Expected label ZipCode, got  ([]), file ZipCode.csv:26753 data 75941
    regex_detector_test.go:84: Expected label ZipCode, got  ([]), file ZipCode.csv:26754 data 75942
    regex_detector_test.go:84: Expected label ZipCode, got  ([]), file ZipCode.csv:26755 data 75943
    regex_detector_test.go:84: Expected label ZipCode, got  ([]), file ZipCode.csv:26756 data 75944
    regex_detector_test.go:84: Expected label ZipCode, got  ([]), file ZipCode.csv:26757 data 75946
    regex_detector_test.go:84: Expected label ZipCode, got  ([]), file ZipCode.csv:26758 data 75948
    regex_detector_test.go:84: Expected label ZipCode, got  ([]), file ZipCode.csv:26759 data 75949
    regex_detector_test.go:84: Expected label ZipCode, got  ([]), file ZipCode.csv:26760 data 75951
    regex_detector_test.go:84: Expected label ZipCode, got  ([]), file ZipCode.csv:26761 data 75954
    regex_detector_test.go:84: Expected label ZipCode, got  ([]), file ZipCode.csv:26762 data 75956
    regex_detector_test.go:84: Expected label ZipCode, got  ([]), file ZipCode.csv:26763 data 75959
    regex_detector_test.go:84: Expected label ZipCode, got  ([]), file ZipCode.csv:26764 data 75960
    regex_detector_test.go:84: Expected label ZipCode, got  ([]), file ZipCode.csv:26765 data 75961
    regex_detector_test.go:84: Expected label ZipCode, got  ([]), file ZipCode.csv:26766 data 75962
    regex_detector_test.go:84: Expected label ZipCode, got  ([]), file ZipCode.csv:26767 data 75964
    regex_detector_test.go:84: Expected label ZipCode, got  ([]), file ZipCode.csv:26768 data 75965
    regex_detector_test.go:84: Expected label ZipCode, got  ([]), file ZipCode.csv:26769 data 75966
    regex_detector_test.go:84: Expected label ZipCode, got  ([]), file ZipCode.csv:26770 data 75968
    regex_detector_test.go:84: Expected label ZipCode, got  ([]), file ZipCode.csv:26771 data 75969
    regex_detector_test.go:84: Expected label ZipCode, got  ([]), file ZipCode.csv:26772 data 75972
    regex_detector_test.go:84: Expected label ZipCode, got  ([]), file ZipCode.csv:26773 data 75973
    regex_detector_test.go:84: Expected label ZipCode, got  ([]), file ZipCode.csv:26774 data 75974
    regex_detector_test.go:84: Expected label ZipCode, got  ([]), file ZipCode.csv:26775 data 75975
    regex_detector_test.go:84: Expected label ZipCode, got  ([]), file ZipCode.csv:26776 data 75976
    regex_detector_test.go:84: Expected label ZipCode, got  ([]), file ZipCode.csv:26777 data 75977
    regex_detector_test.go:84: Expected label ZipCode, got  ([]), file ZipCode.csv:26778 data 75979
    regex_detector_test.go:84: Expected label ZipCode, got  ([]), file ZipCode.csv:26779 data 75980
    regex_detector_test.go:84: Expected label ZipCode, got  ([]), file ZipCode.csv:26780 data 76001
    regex_detector_test.go:84: Expected label ZipCode, got  ([]), file ZipCode.csv:26781 data 76002
    regex_detector_test.go:84: Expected label ZipCode, got  ([]), file ZipCode.csv:26782 data 76005
    regex_detector_test.go:84: Expected label ZipCode, got  ([]), file ZipCode.csv:26783 data 76006
    regex_detector_test.go:84: Expected label ZipCode, got  ([]), file ZipCode.csv:26784 data 76008
    regex_detector_test.go:84: Expected label ZipCode, got  ([]), file ZipCode.csv:26785 data 76009
    regex_detector_test.go:84: Expected label ZipCode, got  ([]), file ZipCode.csv:26786 data 76010
    regex_detector_test.go:84: Expected label ZipCode, got  ([]), file ZipCode.csv:26787 data 76011
    regex_detector_test.go:84: Expected label ZipCode, got  ([]), file ZipCode.csv:26788 data 76012
    regex_detector_test.go:84: Expected label ZipCode, got  ([]), file ZipCode.csv:26789 data 76013
    regex_detector_test.go:84: Expected label ZipCode, got  ([]), file ZipCode.csv:26790 data 76014
    regex_detector_test.go:84: Expected label ZipCode, got  ([]), file ZipCode.csv:26791 data 76015
    regex_detector_test.go:84: Expected label ZipCode, got  ([]), file ZipCode.csv:26792 data 76016
    regex_detector_test.go:84: Expected label ZipCode, got  ([]), file ZipCode.csv:26793 data 76017
    regex_detector_test.go:84: Expected label ZipCode, got  ([]), file ZipCode.csv:26794 data 76018
    regex_detector_test.go:84: Expected label ZipCode, got  ([]), file ZipCode.csv:26795 data 76020
    regex_detector_test.go:84: Expected label ZipCode, got  ([]), file ZipCode.csv:26796 data 76021
    regex_detector_test.go:84: Expected label ZipCode, got  ([]), file ZipCode.csv:26797 data 76022
    regex_detector_test.go:84: Expected label ZipCode, got  ([]), file ZipCode.csv:26798 data 76023
    regex_detector_test.go:84: Expected label ZipCode, got  ([]), file ZipCode.csv:26799 data 76028
    regex_detector_test.go:84: Expected label ZipCode, got  ([]), file ZipCode.csv:26800 data 76031
    regex_detector_test.go:84: Expected label ZipCode, got  ([]), file ZipCode.csv:26801 data 76033
    regex_detector_test.go:84: Expected label ZipCode, got  ([]), file ZipCode.csv:26802 data 76034
    regex_detector_test.go:84: Expected label ZipCode, got  ([]), file ZipCode.csv:26803 data 76035
    regex_detector_test.go:84: Expected label ZipCode, got  ([]), file ZipCode.csv:26804 data 76036
    regex_detector_test.go:84: Expected label ZipCode, got  ([]), file ZipCode.csv:26805 data 76039
    regex_detector_test.go:84: Expected label ZipCode, got  ([]), file ZipCode.csv:26806 data 76040
    regex_detector_test.go:84: Expected label ZipCode, got  ([]), file ZipCode.csv:26807 data 76041
    regex_detector_test.go:84: Expected label ZipCode, got  ([]), file ZipCode.csv:26808 data 76043
    regex_detector_test.go:84: Expected label ZipCode, got  ([]), file ZipCode.csv:26809 data 76044
    regex_detector_test.go:84: Expected label ZipCode, got  ([]), file ZipCode.csv:26810 data 76048
    regex_detector_test.go:84: Expected label ZipCode, got  ([]), file ZipCode.csv:26811 data 76049
    regex_detector_test.go:84: Expected label ZipCode, got  ([]), file ZipCode.csv:26812 data 76050
    regex_detector_test.go:84: Expected label ZipCode, got  ([]), file ZipCode.csv:26813 data 76051
    regex_detector_test.go:84: Expected label ZipCode, got  ([]), file ZipCode.csv:26814 data 76052
    regex_detector_test.go:84: Expected label ZipCode, got  ([]), file ZipCode.csv:26815 data 76053
    regex_detector_test.go:84: Expected label ZipCode, got  ([]), file ZipCode.csv:26816 data 76054
    regex_detector_test.go:84: Expected label ZipCode, got  ([]), file ZipCode.csv:26817 data 76055
    regex_detector_test.go:84: Expected label ZipCode, got  ([]), file ZipCode.csv:26818 data 76058
    regex_detector_test.go:84: Expected label ZipCode, got  ([]), file ZipCode.csv:26819 data 76059
    regex_detector_test.go:84: Expected label ZipCode, got  ([]), file ZipCode.csv:26820 data 76060
    regex_detector_test.go:84: Expected label ZipCode, got  ([]), file ZipCode.csv:26821 data 76061
    regex_detector_test.go:84: Expected label ZipCode, got  ([]), file ZipCode.csv:26822 data 76063
    regex_detector_test.go:84: Expected label ZipCode, got  ([]), file ZipCode.csv:26823 data 76064
    regex_detector_test.go:84: Expected label ZipCode, got  ([]), file ZipCode.csv:26824 data 76065
    regex_detector_test.go:84: Expected label ZipCode, got  ([]), file ZipCode.csv:26825 data 76066
    regex_detector_test.go:84: Expected label ZipCode, got  ([]), file ZipCode.csv:26826 data 76067
    regex_detector_test.go:84: Expected label ZipCode, got  ([]), file ZipCode.csv:26827 data 76070
    regex_detector_test.go:84: Expected label ZipCode, got  ([]), file ZipCode.csv:26828 data 76071
    regex_detector_test.go:84: Expected label ZipCode, got  ([]), file ZipCode.csv:26829 data 76073
    regex_detector_test.go:84: Expected label ZipCode, got  ([]), file ZipCode.csv:26830 data 76077
    regex_detector_test.go:84: Expected label ZipCode, got  ([]), file ZipCode.csv:26831 data 76078
    regex_detector_test.go:84: Expected label ZipCode, got  ([]), file ZipCode.csv:26832 data 76082
    regex_detector_test.go:84: Expected label ZipCode, got  ([]), file ZipCode.csv:26833 data 76084
    regex_detector_test.go:84: Expected label ZipCode, got  ([]), file ZipCode.csv:26834 data 76085
    regex_detector_test.go:84: Expected label ZipCode, got  ([]), file ZipCode.csv:26835 data 76086
    regex_detector_test.go:84: Expected label ZipCode, got  ([]), file ZipCode.csv:26836 data 76087
    regex_detector_test.go:84: Expected label ZipCode, got  ([]), file ZipCode.csv:26837 data 76088
    regex_detector_test.go:84: Expected label ZipCode, got  ([]), file ZipCode.csv:26838 data 76092
    regex_detector_test.go:84: Expected label ZipCode, got  ([]), file ZipCode.csv:26839 data 76093
    regex_detector_test.go:84: Expected label ZipCode, got  ([]), file ZipCode.csv:26840 data 76102
    regex_detector_test.go:84: Expected label ZipCode, got  ([]), file ZipCode.csv:26841 data 76103
    regex_detector_test.go:84: Expected label ZipCode, got  ([]), file ZipCode.csv:26842 data 76104
    regex_detector_test.go:84: Expected label ZipCode, got  ([]), file ZipCode.csv:26843 data 76105
    regex_detector_test.go:84: Expected label ZipCode, got  ([]), file ZipCode.csv:26844 data 76106
    regex_detector_test.go:84: Expected label ZipCode, got  ([]), file ZipCode.csv:26845 data 76107
    regex_detector_test.go:84: Expected label ZipCode, got  ([]), file ZipCode.csv:26846 data 76108
    regex_detector_test.go:84: Expected label ZipCode, got  ([]), file ZipCode.csv:26847 data 76109
    regex_detector_test.go:84: Expected label ZipCode, got  ([]), file ZipCode.csv:26848 data 76110
    regex_detector_test.go:84: Expected label ZipCode, got  ([]), file ZipCode.csv:26849 data 76111
    regex_detector_test.go:84: Expected label ZipCode, got  ([]), file ZipCode.csv:26850 data 76112
    regex_detector_test.go:84: Expected label ZipCode, got  ([]), file ZipCode.csv:26851 data 76114
    regex_detector_test.go:84: Expected label ZipCode, got  ([]), file ZipCode.csv:26852 data 76115
    regex_detector_test.go:84: Expected label ZipCode, got  ([]), file ZipCode.csv:26853 data 76116
    regex_detector_test.go:84: Expected label ZipCode, got  ([]), file ZipCode.csv:26854 data 76117
    regex_detector_test.go:84: Expected label ZipCode, got  ([]), file ZipCode.csv:26855 data 76118
    regex_detector_test.go:84: Expected label ZipCode, got  ([]), file ZipCode.csv:26856 data 76119
    regex_detector_test.go:84: Expected label ZipCode, got  ([]), file ZipCode.csv:26857 data 76120
    regex_detector_test.go:84: Expected label ZipCode, got  ([]), file ZipCode.csv:26858 data 76123
    regex_detector_test.go:84: Expected label ZipCode, got  ([]), file ZipCode.csv:26859 data 76126
    regex_detector_test.go:84: Expected label ZipCode, got  ([]), file ZipCode.csv:26860 data 76127
    regex_detector_test.go:84: Expected label ZipCode, got  ([]), file ZipCode.csv:26861 data 76129
    regex_detector_test.go:84: Expected label ZipCode, got  ([]), file ZipCode.csv:26862 data 76131
    regex_detector_test.go:84: Expected label ZipCode, got  ([]), file ZipCode.csv:26863 data 76132
    regex_detector_test.go:84: Expected label ZipCode, got  ([]), file ZipCode.csv:26864 data 76133
    regex_detector_test.go:84: Expected label ZipCode, got  ([]), file ZipCode.csv:26865 data 76134
    regex_detector_test.go:84: Expected label ZipCode, got  ([]), file ZipCode.csv:26866 data 76135
    regex_detector_test.go:84: Expected label ZipCode, got  ([]), file ZipCode.csv:26867 data 76137
    regex_detector_test.go:84: Expected label ZipCode, got  ([]), file ZipCode.csv:26868 data 76140
    regex_detector_test.go:84: Expected label ZipCode, got  ([]), file ZipCode.csv:26869 data 76148
    regex_detector_test.go:84: Expected label ZipCode, got  ([]), file ZipCode.csv:26870 data 76155
    regex_detector_test.go:84: Expected label ZipCode, got  ([]), file ZipCode.csv:26871 data 76164
    regex_detector_test.go:84: Expected label ZipCode, got  ([]), file ZipCode.csv:26872 data 76177
    regex_detector_test.go:84: Expected label ZipCode, got  ([]), file ZipCode.csv:26873 data 76179
    regex_detector_test.go:84: Expected label ZipCode, got  ([]), file ZipCode.csv:26874 data 76180
    regex_detector_test.go:84: Expected label ZipCode, got  ([]), file ZipCode.csv:26875 data 76182
    regex_detector_test.go:84: Expected label ZipCode, got  ([]), file ZipCode.csv:26876 data 76201
    regex_detector_test.go:84: Expected label ZipCode, got  ([]), file ZipCode.csv:26877 data 76203
    regex_detector_test.go:84: Expected label ZipCode, got  ([]), file ZipCode.csv:26878 data 76205
    regex_detector_test.go:84: Expected label ZipCode, got  ([]), file ZipCode.csv:26879 data 76207
    regex_detector_test.go:84: Expected label ZipCode, got  ([]), file ZipCode.csv:26880 data 76208
    regex_detector_test.go:84: Expected label ZipCode, got  ([]), file ZipCode.csv:26881 data 76209
    regex_detector_test.go:84: Expected label ZipCode, got  ([]), file ZipCode.csv:26882 data 76210
    regex_detector_test.go:84: Expected label ZipCode, got  ([]), file ZipCode.csv:26883 data 76225
    regex_detector_test.go:84: Expected label ZipCode, got  ([]), file ZipCode.csv:26884 data 76226
    regex_detector_test.go:84: Expected label ZipCode, got  ([]), file ZipCode.csv:26885 data 76227
    regex_detector_test.go:84: Expected label ZipCode, got  ([]), file ZipCode.csv:26886 data 76228
    regex_detector_test.go:84: Expected label ZipCode, got  ([]), file ZipCode.csv:26887 data 76230
    regex_detector_test.go:84: Expected label ZipCode, got  ([]), file ZipCode.csv:26888 data 76233
    regex_detector_test.go:84: Expected label ZipCode, got  ([]), file ZipCode.csv:26889 data 76234
    regex_detector_test.go:84: Expected label ZipCode, got  ([]), file ZipCode.csv:26890 data 76238
    regex_detector_test.go:84: Expected label ZipCode, got  ([]), file ZipCode.csv:26891 data 76239
    regex_detector_test.go:84: Expected label ZipCode, got  ([]), file ZipCode.csv:26892 data 76240
    regex_detector_test.go:84: Expected label ZipCode, got  ([]), file ZipCode.csv:26893 data 76241
    regex_detector_test.go:84: Expected label ZipCode, got  ([]), file ZipCode.csv:26894 data 76244
    regex_detector_test.go:84: Expected label ZipCode, got  ([]), file ZipCode.csv:26895 data 76245
    regex_detector_test.go:84: Expected label ZipCode, got  ([]), file ZipCode.csv:26896 data 76247
    regex_detector_test.go:84: Expected label ZipCode, got  ([]), file ZipCode.csv:26897 data 76248
    regex_detector_test.go:84: Expected label ZipCode, got  ([]), file ZipCode.csv:26898 data 76249
    regex_detector_test.go:84: Expected label ZipCode, got  ([]), file ZipCode.csv:26899 data 76250
    regex_detector_test.go:84: Expected label ZipCode, got  ([]), file ZipCode.csv:26900 data 76251
    regex_detector_test.go:84: Expected label ZipCode, got  ([]), file ZipCode.csv:26901 data 76252
    regex_detector_test.go:84: Expected label ZipCode, got  ([]), file ZipCode.csv:26902 data 76253
    regex_detector_test.go:84: Expected label ZipCode, got  ([]), file ZipCode.csv:26903 data 76255
    regex_detector_test.go:84: Expected label ZipCode, got  ([]), file ZipCode.csv:26904 data 76258
    regex_detector_test.go:84: Expected label ZipCode, got  ([]), file ZipCode.csv:26905 data 76259
    regex_detector_test.go:84: Expected label ZipCode, got  ([]), file ZipCode.csv:26906 data 76261
    regex_detector_test.go:84: Expected label ZipCode, got  ([]), file ZipCode.csv:26907 data 76262
    regex_detector_test.go:84: Expected label ZipCode, got  ([]), file ZipCode.csv:26908 data 76263
    regex_detector_test.go:84: Expected label ZipCode, got  ([]), file ZipCode.csv:26909 data 76264
    regex_detector_test.go:84: Expected label ZipCode, got  ([]), file ZipCode.csv:26910 data 76265
    regex_detector_test.go:84: Expected label ZipCode, got  ([]), file ZipCode.csv:26911 data 76266
    regex_detector_test.go:84: Expected label ZipCode, got  ([]), file ZipCode.csv:26912 data 76267
    regex_detector_test.go:84: Expected label ZipCode, got  ([]), file ZipCode.csv:26913 data 76268
    regex_detector_test.go:84: Expected label ZipCode, got  ([]), file ZipCode.csv:26914 data 76270
    regex_detector_test.go:84: Expected label ZipCode, got  ([]), file ZipCode.csv:26915 data 76271
    regex_detector_test.go:84: Expected label ZipCode, got  ([]), file ZipCode.csv:26916 data 76272
    regex_detector_test.go:84: Expected label ZipCode, got  ([]), file ZipCode.csv:26917 data 76273
    regex_detector_test.go:84: Expected label ZipCode, got  ([]), file ZipCode.csv:26918 data 76301
    regex_detector_test.go:84: Expected label ZipCode, got  ([]), file ZipCode.csv:26919 data 76302
    regex_detector_test.go:84: Expected label ZipCode, got  ([]), file ZipCode.csv:26920 data 76305
    regex_detector_test.go:84: Expected label ZipCode, got  ([]), file ZipCode.csv:26921 data 76306
    regex_detector_test.go:84: Expected label ZipCode, got  ([]), file ZipCode.csv:26922 data 76308
    regex_detector_test.go:84: Expected label ZipCode, got  ([]), file ZipCode.csv:26923 data 76309
    regex_detector_test.go:84: Expected label ZipCode, got  ([]), file ZipCode.csv:26924 data 76310
    regex_detector_test.go:84: Expected label ZipCode, got  ([]), file ZipCode.csv:26925 data 76311
    regex_detector_test.go:84: Expected label ZipCode, got  ([]), file ZipCode.csv:26926 data 76351
    regex_detector_test.go:84: Expected label ZipCode, got  ([]), file ZipCode.csv:26927 data 76354
    regex_detector_test.go:84: Expected label ZipCode, got  ([]), file ZipCode.csv:26928 data 76357
    regex_detector_test.go:84: Expected label ZipCode, got  ([]), file ZipCode.csv:26929 data 76360
    regex_detector_test.go:84: Expected label ZipCode, got  ([]), file ZipCode.csv:26930 data 76363
    regex_detector_test.go:84: Expected label ZipCode, got  ([]), file ZipCode.csv:26931 data 76364
    regex_detector_test.go:84: Expected label ZipCode, got  ([]), file ZipCode.csv:26932 data 76365
    regex_detector_test.go:84: Expected label ZipCode, got  ([]), file ZipCode.csv:26933 data 76366
    regex_detector_test.go:84: Expected label ZipCode, got  ([]), file ZipCode.csv:26934 data 76367
    regex_detector_test.go:84: Expected label ZipCode, got  ([]), file ZipCode.csv:26935 data 76370
    regex_detector_test.go:84: Expected label ZipCode, got  ([]), file ZipCode.csv:26936 data 76371
    regex_detector_test.go:84: Expected label ZipCode, got  ([]), file ZipCode.csv:26937 data 76372
    regex_detector_test.go:84: Expected label ZipCode, got  ([]), file ZipCode.csv:26938 data 76373
    regex_detector_test.go:84: Expected label ZipCode, got  ([]), file ZipCode.csv:26939 data 76374
    regex_detector_test.go:84: Expected label ZipCode, got  ([]), file ZipCode.csv:26940 data 76377
    regex_detector_test.go:84: Expected label ZipCode, got  ([]), file ZipCode.csv:26941 data 76379
    regex_detector_test.go:84: Expected label ZipCode, got  ([]), file ZipCode.csv:26942 data 76380
    regex_detector_test.go:84: Expected label ZipCode, got  ([]), file ZipCode.csv:26943 data 76384
    regex_detector_test.go:84: Expected label ZipCode, got  ([]), file ZipCode.csv:26944 data 76388
    regex_detector_test.go:84: Expected label ZipCode, got  ([]), file ZipCode.csv:26945 data 76389
    regex_detector_test.go:84: Expected label ZipCode, got  ([]), file ZipCode.csv:26946 data 76401
    regex_detector_test.go:84: Expected label ZipCode, got  ([]), file ZipCode.csv:26947 data 76402
    regex_detector_test.go:84: Expected label ZipCode, got  ([]), file ZipCode.csv:26948 data 76424
    regex_detector_test.go:84: Expected label ZipCode, got  ([]), file ZipCode.csv:26949 data 76426
    regex_detector_test.go:84: Expected label ZipCode, got  ([]), file ZipCode.csv:26950 data 76427
    regex_detector_test.go:84: Expected label ZipCode, got  ([]), file ZipCode.csv:26951 data 76429
    regex_detector_test.go:84: Expected label ZipCode, got  ([]), file ZipCode.csv:26952 data 76430
    regex_detector_test.go:84: Expected label ZipCode, got  ([]), file ZipCode.csv:26953 data 76431
    regex_detector_test.go:84: Expected label ZipCode, got  ([]), file ZipCode.csv:26954 data 76432
    regex_detector_test.go:84: Expected label ZipCode, got  ([]), file ZipCode.csv:26955 data 76433
    regex_detector_test.go:84: Expected label ZipCode, got  ([]), file ZipCode.csv:26956 data 76435
    regex_detector_test.go:84: Expected label ZipCode, got  ([]), file ZipCode.csv:26957 data 76436
    regex_detector_test.go:84: Expected label ZipCode, got  ([]), file ZipCode.csv:26958 data 76437
    regex_detector_test.go:84: Expected label ZipCode, got  ([]), file ZipCode.csv:26959 data 76439
    regex_detector_test.go:84: Expected label ZipCode, got  ([]), file ZipCode.csv:26960 data 76442
    regex_detector_test.go:84: Expected label ZipCode, got  ([]), file ZipCode.csv:26961 data 76443
    regex_detector_test.go:84: Expected label ZipCode, got  ([]), file ZipCode.csv:26962 data 76444
    regex_detector_test.go:84: Expected label ZipCode, got  ([]), file ZipCode.csv:26963 data 76445
    regex_detector_test.go:84: Expected label ZipCode, got  ([]), file ZipCode.csv:26964 data 76446
    regex_detector_test.go:84: Expected label ZipCode, got  ([]), file ZipCode.csv:26965 data 76448
    regex_detector_test.go:84: Expected label ZipCode, got  ([]), file ZipCode.csv:26966 data 76449
    regex_detector_test.go:84: Expected label ZipCode, got  ([]), file ZipCode.csv:26967 data 76450
    regex_detector_test.go:84: Expected label ZipCode, got  ([]), file ZipCode.csv:26968 data 76452
    regex_detector_test.go:84: Expected label ZipCode, got  ([]), file ZipCode.csv:26969 data 76453
    regex_detector_test.go:84: Expected label ZipCode, got  ([]), file ZipCode.csv:26970 data 76454
    regex_detector_test.go:84: Expected label ZipCode, got  ([]), file ZipCode.csv:26971 data 76455
    regex_detector_test.go:84: Expected label ZipCode, got  ([]), file ZipCode.csv:26972 data 76457
    regex_detector_test.go:84: Expected label ZipCode, got  ([]), file ZipCode.csv:26973 data 76458
    regex_detector_test.go:84: Expected label ZipCode, got  ([]), file ZipCode.csv:26974 data 76459
    regex_detector_test.go:84: Expected label ZipCode, got  ([]), file ZipCode.csv:26975 data 76460
    regex_detector_test.go:84: Expected label ZipCode, got  ([]), file ZipCode.csv:26976 data 76462
    regex_detector_test.go:84: Expected label ZipCode, got  ([]), file ZipCode.csv:26977 data 76463
    regex_detector_test.go:84: Expected label ZipCode, got  ([]), file ZipCode.csv:26978 data 76464
    regex_detector_test.go:84: Expected label ZipCode, got  ([]), file ZipCode.csv:26979 data 76466
    regex_detector_test.go:84: Expected label ZipCode, got  ([]), file ZipCode.csv:26980 data 76469
    regex_detector_test.go:84: Expected label ZipCode, got  ([]), file ZipCode.csv:26981 data 76470
    regex_detector_test.go:84: Expected label ZipCode, got  ([]), file ZipCode.csv:26982 data 76471
    regex_detector_test.go:84: Expected label ZipCode, got  ([]), file ZipCode.csv:26983 data 76472
    regex_detector_test.go:84: Expected label ZipCode, got  ([]), file ZipCode.csv:26984 data 76474
    regex_detector_test.go:84: Expected label ZipCode, got  ([]), file ZipCode.csv:26985 data 76475
    regex_detector_test.go:84: Expected label ZipCode, got  ([]), file ZipCode.csv:26986 data 76476
    regex_detector_test.go:84: Expected label ZipCode, got  ([]), file ZipCode.csv:26987 data 76481
    regex_detector_test.go:84: Expected label ZipCode, got  ([]), file ZipCode.csv:26988 data 76483
    regex_detector_test.go:84: Expected label ZipCode, got  ([]), file ZipCode.csv:26989 data 76484
    regex_detector_test.go:84: Expected label ZipCode, got  ([]), file ZipCode.csv:26990 data 76486
    regex_detector_test.go:84: Expected label ZipCode, got  ([]), file ZipCode.csv:26991 data 76487
    regex_detector_test.go:84: Expected label ZipCode, got  ([]), file ZipCode.csv:26992 data 76490
    regex_detector_test.go:84: Expected label ZipCode, got  ([]), file ZipCode.csv:26993 data 76491
    regex_detector_test.go:84: Expected label ZipCode, got  ([]), file ZipCode.csv:26994 data 76501
    regex_detector_test.go:84: Expected label ZipCode, got  ([]), file ZipCode.csv:26995 data 76502
    regex_detector_test.go:84: Expected label ZipCode, got  ([]), file ZipCode.csv:26996 data 76504
    regex_detector_test.go:84: Expected label ZipCode, got  ([]), file ZipCode.csv:26997 data 76511
    regex_detector_test.go:84: Expected label ZipCode, got  ([]), file ZipCode.csv:26998 data 76513
    regex_detector_test.go:84: Expected label ZipCode, got  ([]), file ZipCode.csv:26999 data 76518
    regex_detector_test.go:84: Expected label ZipCode, got  ([]), file ZipCode.csv:27000 data 76519
    regex_detector_test.go:84: Expected label ZipCode, got  ([]), file ZipCode.csv:27001 data 76520
    regex_detector_test.go:84: Expected label ZipCode, got  ([]), file ZipCode.csv:27002 data 76522
    regex_detector_test.go:84: Expected label ZipCode, got  ([]), file ZipCode.csv:27003 data 76523
    regex_detector_test.go:84: Expected label ZipCode, got  ([]), file ZipCode.csv:27004 data 76524
    regex_detector_test.go:84: Expected label ZipCode, got  ([]), file ZipCode.csv:27005 data 76525
    regex_detector_test.go:84: Expected label ZipCode, got  ([]), file ZipCode.csv:27006 data 76527
    regex_detector_test.go:84: Expected label ZipCode, got  ([]), file ZipCode.csv:27007 data 76528
    regex_detector_test.go:84: Expected label ZipCode, got  ([]), file ZipCode.csv:27008 data 76530
    regex_detector_test.go:84: Expected label ZipCode, got  ([]), file ZipCode.csv:27009 data 76531
    regex_detector_test.go:84: Expected label ZipCode, got  ([]), file ZipCode.csv:27010 data 76534
    regex_detector_test.go:84: Expected label ZipCode, got  ([]), file ZipCode.csv:27011 data 76537
    regex_detector_test.go:84: Expected label ZipCode, got  ([]), file ZipCode.csv:27012 data 76538
    regex_detector_test.go:84: Expected label ZipCode, got  ([]), file ZipCode.csv:27013 data 76539
    regex_detector_test.go:84: Expected label ZipCode, got  ([]), file ZipCode.csv:27014 data 76541
    regex_detector_test.go:84: Expected label ZipCode, got  ([]), file ZipCode.csv:27015 data 76542
    regex_detector_test.go:84: Expected label ZipCode, got  ([]), file ZipCode.csv:27016 data 76543
    regex_detector_test.go:84: Expected label ZipCode, got  ([]), file ZipCode.csv:27017 data 76544
    regex_detector_test.go:84: Expected label ZipCode, got  ([]), file ZipCode.csv:27018 data 76548
    regex_detector_test.go:84: Expected label ZipCode, got  ([]), file ZipCode.csv:27019 data 76549
    regex_detector_test.go:84: Expected label ZipCode, got  ([]), file ZipCode.csv:27020 data 76550
    regex_detector_test.go:84: Expected label ZipCode, got  ([]), file ZipCode.csv:27021 data 76554
    regex_detector_test.go:84: Expected label ZipCode, got  ([]), file ZipCode.csv:27022 data 76556
    regex_detector_test.go:84: Expected label ZipCode, got  ([]), file ZipCode.csv:27023 data 76557
    regex_detector_test.go:84: Expected label ZipCode, got  ([]), file ZipCode.csv:27024 data 76559
    regex_detector_test.go:84: Expected label ZipCode, got  ([]), file ZipCode.csv:27025 data 76561
    regex_detector_test.go:84: Expected label ZipCode, got  ([]), file ZipCode.csv:27026 data 76565
    regex_detector_test.go:84: Expected label ZipCode, got  ([]), file ZipCode.csv:27027 data 76566
    regex_detector_test.go:84: Expected label ZipCode, got  ([]), file ZipCode.csv:27028 data 76567
    regex_detector_test.go:84: Expected label ZipCode, got  ([]), file ZipCode.csv:27029 data 76569
    regex_detector_test.go:84: Expected label ZipCode, got  ([]), file ZipCode.csv:27030 data 76570
    regex_detector_test.go:84: Expected label ZipCode, got  ([]), file ZipCode.csv:27031 data 76571
    regex_detector_test.go:84: Expected label ZipCode, got  ([]), file ZipCode.csv:27032 data 76573
    regex_detector_test.go:84: Expected label ZipCode, got  ([]), file ZipCode.csv:27033 data 76574
    regex_detector_test.go:84: Expected label ZipCode, got  ([]), file ZipCode.csv:27034 data 76577
    regex_detector_test.go:84: Expected label ZipCode, got  ([]), file ZipCode.csv:27035 data 76578
    regex_detector_test.go:84: Expected label ZipCode, got  ([]), file ZipCode.csv:27036 data 76579
    regex_detector_test.go:84: Expected label ZipCode, got  ([]), file ZipCode.csv:27037 data 76596
    regex_detector_test.go:84: Expected label ZipCode, got  ([]), file ZipCode.csv:27038 data 76597
    regex_detector_test.go:84: Expected label ZipCode, got  ([]), file ZipCode.csv:27039 data 76598
    regex_detector_test.go:84: Expected label ZipCode, got  ([]), file ZipCode.csv:27040 data 76599
    regex_detector_test.go:84: Expected label ZipCode, got  ([]), file ZipCode.csv:27041 data 76621
    regex_detector_test.go:84: Expected label ZipCode, got  ([]), file ZipCode.csv:27042 data 76622
    regex_detector_test.go:84: Expected label ZipCode, got  ([]), file ZipCode.csv:27043 data 76623
    regex_detector_test.go:84: Expected label ZipCode, got  ([]), file ZipCode.csv:27044 data 76624
    regex_detector_test.go:84: Expected label ZipCode, got  ([]), file ZipCode.csv:27045 data 76626
    regex_detector_test.go:84: Expected label ZipCode, got  ([]), file ZipCode.csv:27046 data 76627
    regex_detector_test.go:84: Expected label ZipCode, got  ([]), file ZipCode.csv:27047 data 76628
    regex_detector_test.go:84: Expected label ZipCode, got  ([]), file ZipCode.csv:27048 data 76629
    regex_detector_test.go:84: Expected label ZipCode, got  ([]), file ZipCode.csv:27049 data 76630
    regex_detector_test.go:84: Expected label ZipCode, got  ([]), file ZipCode.csv:27050 data 76631
    regex_detector_test.go:84: Expected label ZipCode, got  ([]), file ZipCode.csv:27051 data 76632
    regex_detector_test.go:84: Expected label ZipCode, got  ([]), file ZipCode.csv:27052 data 76633
    regex_detector_test.go:84: Expected label ZipCode, got  ([]), file ZipCode.csv:27053 data 76634
    regex_detector_test.go:84: Expected label ZipCode, got  ([]), file ZipCode.csv:27054 data 76635
    regex_detector_test.go:84: Expected label ZipCode, got  ([]), file ZipCode.csv:27055 data 76636
    regex_detector_test.go:84: Expected label ZipCode, got  ([]), file ZipCode.csv:27056 data 76637
    regex_detector_test.go:84: Expected label ZipCode, got  ([]), file ZipCode.csv:27057 data 76638
    regex_detector_test.go:84: Expected label ZipCode, got  ([]), file ZipCode.csv:27058 data 76639
    regex_detector_test.go:84: Expected label ZipCode, got  ([]), file ZipCode.csv:27059 data 76640
    regex_detector_test.go:84: Expected label ZipCode, got  ([]), file ZipCode.csv:27060 data 76641
    regex_detector_test.go:84: Expected label ZipCode, got  ([]), file ZipCode.csv:27061 data 76642
    regex_detector_test.go:84: Expected label ZipCode, got  ([]), file ZipCode.csv:27062 data 76643
    regex_detector_test.go:84: Expected label ZipCode, got  ([]), file ZipCode.csv:27063 data 76645
    regex_detector_test.go:84: Expected label ZipCode, got  ([]), file ZipCode.csv:27064 data 76648
    regex_detector_test.go:84: Expected label ZipCode, got  ([]), file ZipCode.csv:27065 data 76649
    regex_detector_test.go:84: Expected label ZipCode, got  ([]), file ZipCode.csv:27066 data 76650
    regex_detector_test.go:84: Expected label ZipCode, got  ([]), file ZipCode.csv:27067 data 76651
    regex_detector_test.go:84: Expected label ZipCode, got  ([]), file ZipCode.csv:27068 data 76652
    regex_detector_test.go:84: Expected label ZipCode, got  ([]), file ZipCode.csv:27069 data 76653
    regex_detector_test.go:84: Expected label ZipCode, got  ([]), file ZipCode.csv:27070 data 76654
    regex_detector_test.go:84: Expected label ZipCode, got  ([]), file ZipCode.csv:27071 data 76655
    regex_detector_test.go:84: Expected label ZipCode, got  ([]), file ZipCode.csv:27072 data 76656
    regex_detector_test.go:84: Expected label ZipCode, got  ([]), file ZipCode.csv:27073 data 76657
    regex_detector_test.go:84: Expected label ZipCode, got  ([]), file ZipCode.csv:27074 data 76660
    regex_detector_test.go:84: Expected label ZipCode, got  ([]), file ZipCode.csv:27075 data 76661
    regex_detector_test.go:84: Expected label ZipCode, got  ([]), file ZipCode.csv:27076 data 76664
    regex_detector_test.go:84: Expected label ZipCode, got  ([]), file ZipCode.csv:27077 data 76665
    regex_detector_test.go:84: Expected label ZipCode, got  ([]), file ZipCode.csv:27078 data 76666
    regex_detector_test.go:84: Expected label ZipCode, got  ([]), file ZipCode.csv:27079 data 76667
    regex_detector_test.go:84: Expected label ZipCode, got  ([]), file ZipCode.csv:27080 data 76670
    regex_detector_test.go:84: Expected label ZipCode, got  ([]), file ZipCode.csv:27081 data 76671
    regex_detector_test.go:84: Expected label ZipCode, got  ([]), file ZipCode.csv:27082 data 76673
    regex_detector_test.go:84: Expected label ZipCode, got  ([]), file ZipCode.csv:27083 data 76676
    regex_detector_test.go:84: Expected label ZipCode, got  ([]), file ZipCode.csv:27084 data 76678
    regex_detector_test.go:84: Expected label ZipCode, got  ([]), file ZipCode.csv:27085 data 76679
    regex_detector_test.go:84: Expected label ZipCode, got  ([]), file ZipCode.csv:27086 data 76680
    regex_detector_test.go:84: Expected label ZipCode, got  ([]), file ZipCode.csv:27087 data 76681
    regex_detector_test.go:84: Expected label ZipCode, got  ([]), file ZipCode.csv:27088 data 76682
    regex_detector_test.go:84: Expected label ZipCode, got  ([]), file ZipCode.csv:27089 data 76685
    regex_detector_test.go:84: Expected label ZipCode, got  ([]), file ZipCode.csv:27090 data 76686
    regex_detector_test.go:84: Expected label ZipCode, got  ([]), file ZipCode.csv:27091 data 76687
    regex_detector_test.go:84: Expected label ZipCode, got  ([]), file ZipCode.csv:27092 data 76689
    regex_detector_test.go:84: Expected label ZipCode, got  ([]), file ZipCode.csv:27093 data 76690
    regex_detector_test.go:84: Expected label ZipCode, got  ([]), file ZipCode.csv:27094 data 76691
    regex_detector_test.go:84: Expected label ZipCode, got  ([]), file ZipCode.csv:27095 data 76692
    regex_detector_test.go:84: Expected label ZipCode, got  ([]), file ZipCode.csv:27096 data 76693
    regex_detector_test.go:84: Expected label ZipCode, got  ([]), file ZipCode.csv:27097 data 76701
    regex_detector_test.go:84: Expected label ZipCode, got  ([]), file ZipCode.csv:27098 data 76704
    regex_detector_test.go:84: Expected label ZipCode, got  ([]), file ZipCode.csv:27099 data 76705
    regex_detector_test.go:84: Expected label ZipCode, got  ([]), file ZipCode.csv:27100 data 76706
    regex_detector_test.go:84: Expected label ZipCode, got  ([]), file ZipCode.csv:27101 data 76707
    regex_detector_test.go:84: Expected label ZipCode, got  ([]), file ZipCode.csv:27102 data 76708
    regex_detector_test.go:84: Expected label ZipCode, got  ([]), file ZipCode.csv:27103 data 76710
    regex_detector_test.go:84: Expected label ZipCode, got  ([]), file ZipCode.csv:27104 data 76711
    regex_detector_test.go:84: Expected label ZipCode, got  ([]), file ZipCode.csv:27105 data 76712
    regex_detector_test.go:84: Expected label ZipCode, got  ([]), file ZipCode.csv:27106 data 76798
    regex_detector_test.go:84: Expected label ZipCode, got  ([]), file ZipCode.csv:27107 data 76801
    regex_detector_test.go:84: Expected label ZipCode, got  ([]), file ZipCode.csv:27108 data 76802
    regex_detector_test.go:84: Expected label ZipCode, got  ([]), file ZipCode.csv:27109 data 76820
    regex_detector_test.go:84: Expected label ZipCode, got  ([]), file ZipCode.csv:27110 data 76821
    regex_detector_test.go:84: Expected label ZipCode, got  ([]), file ZipCode.csv:27111 data 76823
    regex_detector_test.go:84: Expected label ZipCode, got  ([]), file ZipCode.csv:27112 data 76824
    regex_detector_test.go:84: Expected label ZipCode, got  ([]), file ZipCode.csv:27113 data 76825
    regex_detector_test.go:84: Expected label ZipCode, got  ([]), file ZipCode.csv:27114 data 76827
    regex_detector_test.go:84: Expected label ZipCode, got  ([]), file ZipCode.csv:27115 data 76828
    regex_detector_test.go:84: Expected label ZipCode, got  ([]), file ZipCode.csv:27116 data 76831
    regex_detector_test.go:84: Expected label ZipCode, got  ([]), file ZipCode.csv:27117 data 76832
    regex_detector_test.go:84: Expected label ZipCode, got  ([]), file ZipCode.csv:27118 data 76834
    regex_detector_test.go:84: Expected label ZipCode, got  ([]), file ZipCode.csv:27119 data 76836
    regex_detector_test.go:84: Expected label ZipCode, got  ([]), file ZipCode.csv:27120 data 76837
    regex_detector_test.go:84: Expected label ZipCode, got  ([]), file ZipCode.csv:27121 data 76841
    regex_detector_test.go:84: Expected label ZipCode, got  ([]), file ZipCode.csv:27122 data 76842
    regex_detector_test.go:84: Expected label ZipCode, got  ([]), file ZipCode.csv:27123 data 76844
    regex_detector_test.go:84: Expected label ZipCode, got  ([]), file ZipCode.csv:27124 data 76845
    regex_detector_test.go:84: Expected label ZipCode, got  ([]), file ZipCode.csv:27125 data 76848
    regex_detector_test.go:84: Expected label ZipCode, got  ([]), file ZipCode.csv:27126 data 76849
    regex_detector_test.go:84: Expected label ZipCode, got  ([]), file ZipCode.csv:27127 data 76852
    regex_detector_test.go:84: Expected label ZipCode, got  ([]), file ZipCode.csv:27128 data 76853
    regex_detector_test.go:84: Expected label ZipCode, got  ([]), file ZipCode.csv:27129 data 76854
    regex_detector_test.go:84: Expected label ZipCode, got  ([]), file ZipCode.csv:27130 data 76856
    regex_detector_test.go:84: Expected label ZipCode, got  ([]), file ZipCode.csv:27131 data 76857
    regex_detector_test.go:84: Expected label ZipCode, got  ([]), file ZipCode.csv:27132 data 76858
    regex_detector_test.go:84: Expected label ZipCode, got  ([]), file ZipCode.csv:27133 data 76859
    regex_detector_test.go:84: Expected label ZipCode, got  ([]), file ZipCode.csv:27134 data 76861
    regex_detector_test.go:84: Expected label ZipCode, got  ([]), file ZipCode.csv:27135 data 76862
    regex_detector_test.go:84: Expected label ZipCode, got  ([]), file ZipCode.csv:27136 data 76864
    regex_detector_test.go:84: Expected label ZipCode, got  ([]), file ZipCode.csv:27137 data 76865
    regex_detector_test.go:84: Expected label ZipCode, got  ([]), file ZipCode.csv:27138 data 76866
    regex_detector_test.go:84: Expected label ZipCode, got  ([]), file ZipCode.csv:27139 data 76869
    regex_detector_test.go:84: Expected label ZipCode, got  ([]), file ZipCode.csv:27140 data 76870
    regex_detector_test.go:84: Expected label ZipCode, got  ([]), file ZipCode.csv:27141 data 76871
    regex_detector_test.go:84: Expected label ZipCode, got  ([]), file ZipCode.csv:27142 data 76872
    regex_detector_test.go:84: Expected label ZipCode, got  ([]), file ZipCode.csv:27143 data 76873
    regex_detector_test.go:84: Expected label ZipCode, got  ([]), file ZipCode.csv:27144 data 76874
    regex_detector_test.go:84: Expected label ZipCode, got  ([]), file ZipCode.csv:27145 data 76875
    regex_detector_test.go:84: Expected label ZipCode, got  ([]), file ZipCode.csv:27146 data 76877
    regex_detector_test.go:84: Expected label ZipCode, got  ([]), file ZipCode.csv:27147 data 76878
    regex_detector_test.go:84: Expected label ZipCode, got  ([]), file ZipCode.csv:27148 data 76880
    regex_detector_test.go:84: Expected label ZipCode, got  ([]), file ZipCode.csv:27149 data 76882
    regex_detector_test.go:84: Expected label ZipCode, got  ([]), file ZipCode.csv:27150 data 76884
    regex_detector_test.go:84: Expected label ZipCode, got  ([]), file ZipCode.csv:27151 data 76885
    regex_detector_test.go:84: Expected label ZipCode, got  ([]), file ZipCode.csv:27152 data 76887
    regex_detector_test.go:84: Expected label ZipCode, got  ([]), file ZipCode.csv:27153 data 76888
    regex_detector_test.go:84: Expected label ZipCode, got  ([]), file ZipCode.csv:27154 data 76890
    regex_detector_test.go:84: Expected label ZipCode, got  ([]), file ZipCode.csv:27155 data 76901
    regex_detector_test.go:84: Expected label ZipCode, got  ([]), file ZipCode.csv:27156 data 76902
    regex_detector_test.go:84: Expected label ZipCode, got  ([]), file ZipCode.csv:27157 data 76903
    regex_detector_test.go:84: Expected label ZipCode, got  ([]), file ZipCode.csv:27158 data 76904
    regex_detector_test.go:84: Expected label ZipCode, got  ([]), file ZipCode.csv:27159 data 76905
    regex_detector_test.go:84: Expected label ZipCode, got  ([]), file ZipCode.csv:27160 data 76908
    regex_detector_test.go:84: Expected label ZipCode, got  ([]), file ZipCode.csv:27161 data 76909
    regex_detector_test.go:84: Expected label ZipCode, got  ([]), file ZipCode.csv:27162 data 76930
    regex_detector_test.go:84: Expected label ZipCode, got  ([]), file ZipCode.csv:27163 data 76932
    regex_detector_test.go:84: Expected label ZipCode, got  ([]), file ZipCode.csv:27164 data 76933
    regex_detector_test.go:84: Expected label ZipCode, got  ([]), file ZipCode.csv:27165 data 76934
    regex_detector_test.go:84: Expected label ZipCode, got  ([]), file ZipCode.csv:27166 data 76935
    regex_detector_test.go:84: Expected label ZipCode, got  ([]), file ZipCode.csv:27167 data 76936
    regex_detector_test.go:84: Expected label ZipCode, got  ([]), file ZipCode.csv:27168 data 76937
    regex_detector_test.go:84: Expected label ZipCode, got  ([]), file ZipCode.csv:27169 data 76939
    regex_detector_test.go:84: Expected label ZipCode, got  ([]), file ZipCode.csv:27170 data 76940
    regex_detector_test.go:84: Expected label ZipCode, got  ([]), file ZipCode.csv:27171 data 76941
    regex_detector_test.go:84: Expected label ZipCode, got  ([]), file ZipCode.csv:27172 data 76943
    regex_detector_test.go:84: Expected label ZipCode, got  ([]), file ZipCode.csv:27173 data 76945
    regex_detector_test.go:84: Expected label ZipCode, got  ([]), file ZipCode.csv:27174 data 76950
    regex_detector_test.go:84: Expected label ZipCode, got  ([]), file ZipCode.csv:27175 data 76951
    regex_detector_test.go:84: Expected label ZipCode, got  ([]), file ZipCode.csv:27176 data 76953
    regex_detector_test.go:84: Expected label ZipCode, got  ([]), file ZipCode.csv:27177 data 76955
    regex_detector_test.go:84: Expected label ZipCode, got  ([]), file ZipCode.csv:27178 data 76957
    regex_detector_test.go:84: Expected label ZipCode, got  ([]), file ZipCode.csv:27179 data 76958
    regex_detector_test.go:84: Expected label ZipCode, got  ([]), file ZipCode.csv:27180 data 77002
    regex_detector_test.go:84: Expected label ZipCode, got  ([]), file ZipCode.csv:27181 data 77003
    regex_detector_test.go:84: Expected label ZipCode, got  ([]), file ZipCode.csv:27182 data 77004
    regex_detector_test.go:84: Expected label ZipCode, got  ([]), file ZipCode.csv:27183 data 77005
    regex_detector_test.go:84: Expected label ZipCode, got  ([]), file ZipCode.csv:27184 data 77006
    regex_detector_test.go:84: Expected label ZipCode, got  ([]), file ZipCode.csv:27185 data 77007
    regex_detector_test.go:84: Expected label ZipCode, got  ([]), file ZipCode.csv:27186 data 77008
    regex_detector_test.go:84: Expected label ZipCode, got  ([]), file ZipCode.csv:27187 data 77009
    regex_detector_test.go:84: Expected label ZipCode, got  ([]), file ZipCode.csv:27188 data 77010
    regex_detector_test.go:84: Expected label ZipCode, got  ([]), file ZipCode.csv:27189 data 77011
    regex_detector_test.go:84: Expected label ZipCode, got  ([]), file ZipCode.csv:27190 data 77012
    regex_detector_test.go:84: Expected label ZipCode, got  ([]), file ZipCode.csv:27191 data 77013
    regex_detector_test.go:84: Expected label ZipCode, got  ([]), file ZipCode.csv:27192 data 77014
    regex_detector_test.go:84: Expected label ZipCode, got  ([]), file ZipCode.csv:27193 data 77015
    regex_detector_test.go:84: Expected label ZipCode, got  ([]), file ZipCode.csv:27194 data 77016
    regex_detector_test.go:84: Expected label ZipCode, got  ([]), file ZipCode.csv:27195 data 77017
    regex_detector_test.go:84: Expected label ZipCode, got  ([]), file ZipCode.csv:27196 data 77018
    regex_detector_test.go:84: Expected label ZipCode, got  ([]), file ZipCode.csv:27197 data 77019
    regex_detector_test.go:84: Expected label ZipCode, got  ([]), file ZipCode.csv:27198 data 77020
    regex_detector_test.go:84: Expected label ZipCode, got  ([]), file ZipCode.csv:27199 data 77021
    regex_detector_test.go:84: Expected label ZipCode, got  ([]), file ZipCode.csv:27200 data 77022
    regex_detector_test.go:84: Expected label ZipCode, got  ([]), file ZipCode.csv:27201 data 77023
    regex_detector_test.go:84: Expected label ZipCode, got  ([]), file ZipCode.csv:27202 data 77024
    regex_detector_test.go:84: Expected label ZipCode, got  ([]), file ZipCode.csv:27203 data 77025
    regex_detector_test.go:84: Expected label ZipCode, got  ([]), file ZipCode.csv:27204 data 77026
    regex_detector_test.go:84: Expected label ZipCode, got  ([]), file ZipCode.csv:27205 data 77027
    regex_detector_test.go:84: Expected label ZipCode, got  ([]), file ZipCode.csv:27206 data 77028
    regex_detector_test.go:84: Expected label ZipCode, got  ([]), file ZipCode.csv:27207 data 77029
    regex_detector_test.go:84: Expected label ZipCode, got  ([]), file ZipCode.csv:27208 data 77030
    regex_detector_test.go:84: Expected label ZipCode, got  ([]), file ZipCode.csv:27209 data 77031
    regex_detector_test.go:84: Expected label ZipCode, got  ([]), file ZipCode.csv:27210 data 77032
    regex_detector_test.go:84: Expected label ZipCode, got  ([]), file ZipCode.csv:27211 data 77033
    regex_detector_test.go:84: Expected label ZipCode, got  ([]), file ZipCode.csv:27212 data 77034
    regex_detector_test.go:84: Expected label ZipCode, got  ([]), file ZipCode.csv:27213 data 77035
    regex_detector_test.go:84: Expected label ZipCode, got  ([]), file ZipCode.csv:27214 data 77036
    regex_detector_test.go:84: Expected label ZipCode, got  ([]), file ZipCode.csv:27215 data 77037
    regex_detector_test.go:84: Expected label ZipCode, got  ([]), file ZipCode.csv:27216 data 77038
    regex_detector_test.go:84: Expected label ZipCode, got  ([]), file ZipCode.csv:27217 data 77039
    regex_detector_test.go:84: Expected label ZipCode, got  ([]), file ZipCode.csv:27218 data 77040
    regex_detector_test.go:84: Expected label ZipCode, got  ([]), file ZipCode.csv:27219 data 77041
    regex_detector_test.go:84: Expected label ZipCode, got  ([]), file ZipCode.csv:27220 data 77042
    regex_detector_test.go:84: Expected label ZipCode, got  ([]), file ZipCode.csv:27221 data 77043
    regex_detector_test.go:84: Expected label ZipCode, got  ([]), file ZipCode.csv:27222 data 77044
    regex_detector_test.go:84: Expected label ZipCode, got  ([]), file ZipCode.csv:27223 data 77045
    regex_detector_test.go:84: Expected label ZipCode, got  ([]), file ZipCode.csv:27224 data 77046
    regex_detector_test.go:84: Expected label ZipCode, got  ([]), file ZipCode.csv:27225 data 77047
    regex_detector_test.go:84: Expected label ZipCode, got  ([]), file ZipCode.csv:27226 data 77048
    regex_detector_test.go:84: Expected label ZipCode, got  ([]), file ZipCode.csv:27227 data 77049
    regex_detector_test.go:84: Expected label ZipCode, got  ([]), file ZipCode.csv:27228 data 77050
    regex_detector_test.go:84: Expected label ZipCode, got  ([]), file ZipCode.csv:27229 data 77051
    regex_detector_test.go:84: Expected label ZipCode, got  ([]), file ZipCode.csv:27230 data 77053
    regex_detector_test.go:84: Expected label ZipCode, got  ([]), file ZipCode.csv:27231 data 77054
    regex_detector_test.go:84: Expected label ZipCode, got  ([]), file ZipCode.csv:27232 data 77055
    regex_detector_test.go:84: Expected label ZipCode, got  ([]), file ZipCode.csv:27233 data 77056
    regex_detector_test.go:84: Expected label ZipCode, got  ([]), file ZipCode.csv:27234 data 77057
    regex_detector_test.go:84: Expected label ZipCode, got  ([]), file ZipCode.csv:27235 data 77058
    regex_detector_test.go:84: Expected label ZipCode, got  ([]), file ZipCode.csv:27236 data 77059
    regex_detector_test.go:84: Expected label ZipCode, got  ([]), file ZipCode.csv:27237 data 77060
    regex_detector_test.go:84: Expected label ZipCode, got  ([]), file ZipCode.csv:27238 data 77061
    regex_detector_test.go:84: Expected label ZipCode, got  ([]), file ZipCode.csv:27239 data 77062
    regex_detector_test.go:84: Expected label ZipCode, got  ([]), file ZipCode.csv:27240 data 77063
    regex_detector_test.go:84: Expected label ZipCode, got  ([]), file ZipCode.csv:27241 data 77064
    regex_detector_test.go:84: Expected label ZipCode, got  ([]), file ZipCode.csv:27242 data 77065
    regex_detector_test.go:84: Expected label ZipCode, got  ([]), file ZipCode.csv:27243 data 77066
    regex_detector_test.go:84: Expected label ZipCode, got  ([]), file ZipCode.csv:27244 data 77067
    regex_detector_test.go:84: Expected label ZipCode, got  ([]), file ZipCode.csv:27245 data 77068
    regex_detector_test.go:84: Expected label ZipCode, got  ([]), file ZipCode.csv:27246 data 77069
    regex_detector_test.go:84: Expected label ZipCode, got  ([]), file ZipCode.csv:27247 data 77070
    regex_detector_test.go:84: Expected label ZipCode, got  ([]), file ZipCode.csv:27248 data 77071
    regex_detector_test.go:84: Expected label ZipCode, got  ([]), file ZipCode.csv:27249 data 77072
    regex_detector_test.go:84: Expected label ZipCode, got  ([]), file ZipCode.csv:27250 data 77073
    regex_detector_test.go:84: Expected label ZipCode, got  ([]), file ZipCode.csv:27251 data 77074
    regex_detector_test.go:84: Expected label ZipCode, got  ([]), file ZipCode.csv:27252 data 77075
    regex_detector_test.go:84: Expected label ZipCode, got  ([]), file ZipCode.csv:27253 data 77076
    regex_detector_test.go:84: Expected label ZipCode, got  ([]), file ZipCode.csv:27254 data 77077
    regex_detector_test.go:84: Expected label ZipCode, got  ([]), file ZipCode.csv:27255 data 77078
    regex_detector_test.go:84: Expected label ZipCode, got  ([]), file ZipCode.csv:27256 data 77079
    regex_detector_test.go:84: Expected label ZipCode, got  ([]), file ZipCode.csv:27257 data 77080
    regex_detector_test.go:84: Expected label ZipCode, got  ([]), file ZipCode.csv:27258 data 77081
    regex_detector_test.go:84: Expected label ZipCode, got  ([]), file ZipCode.csv:27259 data 77082
    regex_detector_test.go:84: Expected label ZipCode, got  ([]), file ZipCode.csv:27260 data 77083
    regex_detector_test.go:84: Expected label ZipCode, got  ([]), file ZipCode.csv:27261 data 77084
    regex_detector_test.go:84: Expected label ZipCode, got  ([]), file ZipCode.csv:27262 data 77085
    regex_detector_test.go:84: Expected label ZipCode, got  ([]), file ZipCode.csv:27263 data 77086
    regex_detector_test.go:84: Expected label ZipCode, got  ([]), file ZipCode.csv:27264 data 77087
    regex_detector_test.go:84: Expected label ZipCode, got  ([]), file ZipCode.csv:27265 data 77088
    regex_detector_test.go:84: Expected label ZipCode, got  ([]), file ZipCode.csv:27266 data 77089
    regex_detector_test.go:84: Expected label ZipCode, got  ([]), file ZipCode.csv:27267 data 77090
    regex_detector_test.go:84: Expected label ZipCode, got  ([]), file ZipCode.csv:27268 data 77091
    regex_detector_test.go:84: Expected label ZipCode, got  ([]), file ZipCode.csv:27269 data 77092
    regex_detector_test.go:84: Expected label ZipCode, got  ([]), file ZipCode.csv:27270 data 77093
    regex_detector_test.go:84: Expected label ZipCode, got  ([]), file ZipCode.csv:27271 data 77094
    regex_detector_test.go:84: Expected label ZipCode, got  ([]), file ZipCode.csv:27272 data 77095
    regex_detector_test.go:84: Expected label ZipCode, got  ([]), file ZipCode.csv:27273 data 77096
    regex_detector_test.go:84: Expected label ZipCode, got  ([]), file ZipCode.csv:27274 data 77098
    regex_detector_test.go:84: Expected label ZipCode, got  ([]), file ZipCode.csv:27275 data 77099
    regex_detector_test.go:84: Expected label ZipCode, got  ([]), file ZipCode.csv:27276 data 77204
    regex_detector_test.go:84: Expected label ZipCode, got  ([]), file ZipCode.csv:27277 data 77301
    regex_detector_test.go:84: Expected label ZipCode, got  ([]), file ZipCode.csv:27278 data 77302
    regex_detector_test.go:84: Expected label ZipCode, got  ([]), file ZipCode.csv:27279 data 77303
    regex_detector_test.go:84: Expected label ZipCode, got  ([]), file ZipCode.csv:27280 data 77304
    regex_detector_test.go:84: Expected label ZipCode, got  ([]), file ZipCode.csv:27281 data 77306
    regex_detector_test.go:84: Expected label ZipCode, got  ([]), file ZipCode.csv:27282 data 77316
    regex_detector_test.go:84: Expected label ZipCode, got  ([]), file ZipCode.csv:27283 data 77318
    regex_detector_test.go:84: Expected label ZipCode, got  ([]), file ZipCode.csv:27284 data 77320
    regex_detector_test.go:84: Expected label ZipCode, got  ([]), file ZipCode.csv:27285 data 77326
    regex_detector_test.go:84: Expected label ZipCode, got  ([]), file ZipCode.csv:27286 data 77327
    regex_detector_test.go:84: Expected label ZipCode, got  ([]), file ZipCode.csv:27287 data 77328
    regex_detector_test.go:84: Expected label ZipCode, got  ([]), file ZipCode.csv:27288 data 77331
    regex_detector_test.go:84: Expected label ZipCode, got  ([]), file ZipCode.csv:27289 data 77334
    regex_detector_test.go:84: Expected label ZipCode, got  ([]), file ZipCode.csv:27290 data 77335
    regex_detector_test.go:84: Expected label ZipCode, got  ([]), file ZipCode.csv:27291 data 77336
    regex_detector_test.go:84: Expected label ZipCode, got  ([]), file ZipCode.csv:27292 data 77338
    regex_detector_test.go:84: Expected label ZipCode, got  ([]), file ZipCode.csv:27293 data 77339
    regex_detector_test.go:84: Expected label ZipCode, got  ([]), file ZipCode.csv:27294 data 77340
    regex_detector_test.go:84: Expected label ZipCode, got  ([]), file ZipCode.csv:27295 data 77341
    regex_detector_test.go:84: Expected label ZipCode, got  ([]), file ZipCode.csv:27296 data 77342
    regex_detector_test.go:84: Expected label ZipCode, got  ([]), file ZipCode.csv:27297 data 77345
    regex_detector_test.go:84: Expected label ZipCode, got  ([]), file ZipCode.csv:27298 data 77346
    regex_detector_test.go:84: Expected label ZipCode, got  ([]), file ZipCode.csv:27299 data 77350
    regex_detector_test.go:84: Expected label ZipCode, got  ([]), file ZipCode.csv:27300 data 77351
    regex_detector_test.go:84: Expected label ZipCode, got  ([]), file ZipCode.csv:27301 data 77354
    regex_detector_test.go:84: Expected label ZipCode, got  ([]), file ZipCode.csv:27302 data 77355
    regex_detector_test.go:84: Expected label ZipCode, got  ([]), file ZipCode.csv:27303 data 77356
    regex_detector_test.go:84: Expected label ZipCode, got  ([]), file ZipCode.csv:27304 data 77357
    regex_detector_test.go:84: Expected label ZipCode, got  ([]), file ZipCode.csv:27305 data 77358
    regex_detector_test.go:84: Expected label ZipCode, got  ([]), file ZipCode.csv:27306 data 77359
    regex_detector_test.go:84: Expected label ZipCode, got  ([]), file ZipCode.csv:27307 data 77360
    regex_detector_test.go:84: Expected label ZipCode, got  ([]), file ZipCode.csv:27308 data 77362
    regex_detector_test.go:84: Expected label ZipCode, got  ([]), file ZipCode.csv:27309 data 77363
    regex_detector_test.go:84: Expected label ZipCode, got  ([]), file ZipCode.csv:27310 data 77364
    regex_detector_test.go:84: Expected label ZipCode, got  ([]), file ZipCode.csv:27311 data 77365
    regex_detector_test.go:84: Expected label ZipCode, got  ([]), file ZipCode.csv:27312 data 77367
    regex_detector_test.go:84: Expected label ZipCode, got  ([]), file ZipCode.csv:27313 data 77368
    regex_detector_test.go:84: Expected label ZipCode, got  ([]), file ZipCode.csv:27314 data 77369
    regex_detector_test.go:84: Expected label ZipCode, got  ([]), file ZipCode.csv:27315 data 77371
    regex_detector_test.go:84: Expected label ZipCode, got  ([]), file ZipCode.csv:27316 data 77372
    regex_detector_test.go:84: Expected label ZipCode, got  ([]), file ZipCode.csv:27317 data 77373
    regex_detector_test.go:84: Expected label ZipCode, got  ([]), file ZipCode.csv:27318 data 77374
    regex_detector_test.go:84: Expected label ZipCode, got  ([]), file ZipCode.csv:27319 data 77375
    regex_detector_test.go:84: Expected label ZipCode, got  ([]), file ZipCode.csv:27320 data 77376
    regex_detector_test.go:84: Expected label ZipCode, got  ([]), file ZipCode.csv:27321 data 77377
    regex_detector_test.go:84: Expected label ZipCode, got  ([]), file ZipCode.csv:27322 data 77378
    regex_detector_test.go:84: Expected label ZipCode, got  ([]), file ZipCode.csv:27323 data 77379
    regex_detector_test.go:84: Expected label ZipCode, got  ([]), file ZipCode.csv:27324 data 77380
    regex_detector_test.go:84: Expected label ZipCode, got  ([]), file ZipCode.csv:27325 data 77381
    regex_detector_test.go:84: Expected label ZipCode, got  ([]), file ZipCode.csv:27326 data 77382
    regex_detector_test.go:84: Expected label ZipCode, got  ([]), file ZipCode.csv:27327 data 77384
    regex_detector_test.go:84: Expected label ZipCode, got  ([]), file ZipCode.csv:27328 data 77385
    regex_detector_test.go:84: Expected label ZipCode, got  ([]), file ZipCode.csv:27329 data 77386
    regex_detector_test.go:84: Expected label ZipCode, got  ([]), file ZipCode.csv:27330 data 77388
    regex_detector_test.go:84: Expected label ZipCode, got  ([]), file ZipCode.csv:27331 data 77389
    regex_detector_test.go:84: Expected label ZipCode, got  ([]), file ZipCode.csv:27332 data 77396
    regex_detector_test.go:84: Expected label ZipCode, got  ([]), file ZipCode.csv:27333 data 77401
    regex_detector_test.go:84: Expected label ZipCode, got  ([]), file ZipCode.csv:27334 data 77406
    regex_detector_test.go:84: Expected label ZipCode, got  ([]), file ZipCode.csv:27335 data 77407
    regex_detector_test.go:84: Expected label ZipCode, got  ([]), file ZipCode.csv:27336 data 77412
    regex_detector_test.go:84: Expected label ZipCode, got  ([]), file ZipCode.csv:27337 data 77414
    regex_detector_test.go:84: Expected label ZipCode, got  ([]), file ZipCode.csv:27338 data 77415
    regex_detector_test.go:84: Expected label ZipCode, got  ([]), file ZipCode.csv:27339 data 77417
    regex_detector_test.go:84: Expected label ZipCode, got  ([]), file ZipCode.csv:27340 data 77418
    regex_detector_test.go:84: Expected label ZipCode, got  ([]), file ZipCode.csv:27341 data 77419
    regex_detector_test.go:84: Expected label ZipCode, got  ([]), file ZipCode.csv:27342 data 77420
    regex_detector_test.go:84: Expected label ZipCode, got  ([]), file ZipCode.csv:27343 data 77422
    regex_detector_test.go:84: Expected label ZipCode, got  ([]), file ZipCode.csv:27344 data 77423
    regex_detector_test.go:84: Expected label ZipCode, got  ([]), file ZipCode.csv:27345 data 77426
    regex_detector_test.go:84: Expected label ZipCode, got  ([]), file ZipCode.csv:27346 data 77428
    regex_detector_test.go:84: Expected label ZipCode, got  ([]), file ZipCode.csv:27347 data 77429
    regex_detector_test.go:84: Expected label ZipCode, got  ([]), file ZipCode.csv:27348 data 77430
    regex_detector_test.go:84: Expected label ZipCode, got  ([]), file ZipCode.csv:27349 data 77431
    regex_detector_test.go:84: Expected label ZipCode, got  ([]), file ZipCode.csv:27350 data 77432
    regex_detector_test.go:84: Expected label ZipCode, got  ([]), file ZipCode.csv:27351 data 77433
    regex_detector_test.go:84: Expected label ZipCode, got  ([]), file ZipCode.csv:27352 data 77434
    regex_detector_test.go:84: Expected label ZipCode, got  ([]), file ZipCode.csv:27353 data 77435
    regex_detector_test.go:84: Expected label ZipCode, got  ([]), file ZipCode.csv:27354 data 77436
    regex_detector_test.go:84: Expected label ZipCode, got  ([]), file ZipCode.csv:27355 data 77437
    regex_detector_test.go:84: Expected label ZipCode, got  ([]), file ZipCode.csv:27356 data 77440
    regex_detector_test.go:84: Expected label ZipCode, got  ([]), file ZipCode.csv:27357 data 77441
    regex_detector_test.go:84: Expected label ZipCode, got  ([]), file ZipCode.csv:27358 data 77442
    regex_detector_test.go:84: Expected label ZipCode, got  ([]), file ZipCode.csv:27359 data 77443
    regex_detector_test.go:84: Expected label ZipCode, got  ([]), file ZipCode.csv:27360 data 77444
    regex_detector_test.go:84: Expected label ZipCode, got  ([]), file ZipCode.csv:27361 data 77445
    regex_detector_test.go:84: Expected label ZipCode, got  ([]), file ZipCode.csv:27362 data 77446
    regex_detector_test.go:84: Expected label ZipCode, got  ([]), file ZipCode.csv:27363 data 77447
    regex_detector_test.go:84: Expected label ZipCode, got  ([]), file ZipCode.csv:27364 data 77448
    regex_detector_test.go:84: Expected label ZipCode, got  ([]), file ZipCode.csv:27365 data 77449
    regex_detector_test.go:84: Expected label ZipCode, got  ([]), file ZipCode.csv:27366 data 77450
    regex_detector_test.go:84: Expected label ZipCode, got  ([]), file ZipCode.csv:27367 data 77451
    regex_detector_test.go:84: Expected label ZipCode, got  ([]), file ZipCode.csv:27368 data 77453
    regex_detector_test.go:84: Expected label ZipCode, got  ([]), file ZipCode.csv:27369 data 77454
    regex_detector_test.go:84: Expected label ZipCode, got  ([]), file ZipCode.csv:27370 data 77455
    regex_detector_test.go:84: Expected label ZipCode, got  ([]), file ZipCode.csv:27371 data 77456
    regex_detector_test.go:84: Expected label ZipCode, got  ([]), file ZipCode.csv:27372 data 77457
    regex_detector_test.go:84: Expected label ZipCode, got  ([]), file ZipCode.csv:27373 data 77458
    regex_detector_test.go:84: Expected label ZipCode, got  ([]), file ZipCode.csv:27374 data 77459
    regex_detector_test.go:84: Expected label ZipCode, got  ([]), file ZipCode.csv:27375 data 77460
    regex_detector_test.go:84: Expected label ZipCode, got  ([]), file ZipCode.csv:27376 data 77461
    regex_detector_test.go:84: Expected label ZipCode, got  ([]), file ZipCode.csv:27377 data 77464
    regex_detector_test.go:84: Expected label ZipCode, got  ([]), file ZipCode.csv:27378 data 77465
    regex_detector_test.go:84: Expected label ZipCode, got  ([]), file ZipCode.csv:27379 data 77466
    regex_detector_test.go:84: Expected label ZipCode, got  ([]), file ZipCode.csv:27380 data 77467
    regex_detector_test.go:84: Expected label ZipCode, got  ([]), file ZipCode.csv:27381 data 77468
    regex_detector_test.go:84: Expected label ZipCode, got  ([]), file ZipCode.csv:27382 data 77469
    regex_detector_test.go:84: Expected label ZipCode, got  ([]), file ZipCode.csv:27383 data 77470
    regex_detector_test.go:84: Expected label ZipCode, got  ([]), file ZipCode.csv:27384 data 77471
    regex_detector_test.go:84: Expected label ZipCode, got  ([]), file ZipCode.csv:27385 data 77473
    regex_detector_test.go:84: Expected label ZipCode, got  ([]), file ZipCode.csv:27386 data 77474
    regex_detector_test.go:84: Expected label ZipCode, got  ([]), file ZipCode.csv:27387 data 77475
    regex_detector_test.go:84: Expected label ZipCode, got  ([]), file ZipCode.csv:27388 data 77476
    regex_detector_test.go:84: Expected label ZipCode, got  ([]), file ZipCode.csv:27389 data 77477
    regex_detector_test.go:84: Expected label ZipCode, got  ([]), file ZipCode.csv:27390 data 77478
    regex_detector_test.go:84: Expected label ZipCode, got  ([]), file ZipCode.csv:27391 data 77479
    regex_detector_test.go:84: Expected label ZipCode, got  ([]), file ZipCode.csv:27392 data 77480
    regex_detector_test.go:84: Expected label ZipCode, got  ([]), file ZipCode.csv:27393 data 77481
    regex_detector_test.go:84: Expected label ZipCode, got  ([]), file ZipCode.csv:27394 data 77482
    regex_detector_test.go:84: Expected label ZipCode, got  ([]), file ZipCode.csv:27395 data 77483
    regex_detector_test.go:84: Expected label ZipCode, got  ([]), file ZipCode.csv:27396 data 77484
    regex_detector_test.go:84: Expected label ZipCode, got  ([]), file ZipCode.csv:27397 data 77485
    regex_detector_test.go:84: Expected label ZipCode, got  ([]), file ZipCode.csv:27398 data 77486
    regex_detector_test.go:84: Expected label ZipCode, got  ([]), file ZipCode.csv:27399 data 77488
    regex_detector_test.go:84: Expected label ZipCode, got  ([]), file ZipCode.csv:27400 data 77489
    regex_detector_test.go:84: Expected label ZipCode, got  ([]), file ZipCode.csv:27401 data 77493
    regex_detector_test.go:84: Expected label ZipCode, got  ([]), file ZipCode.csv:27402 data 77494
    regex_detector_test.go:84: Expected label ZipCode, got  ([]), file ZipCode.csv:27403 data 77498
    regex_detector_test.go:84: Expected label ZipCode, got  ([]), file ZipCode.csv:27404 data 77502
    regex_detector_test.go:84: Expected label ZipCode, got  ([]), file ZipCode.csv:27405 data 77503
    regex_detector_test.go:84: Expected label ZipCode, got  ([]), file ZipCode.csv:27406 data 77504
    regex_detector_test.go:84: Expected label ZipCode, got  ([]), file ZipCode.csv:27407 data 77505
    regex_detector_test.go:84: Expected label ZipCode, got  ([]), file ZipCode.csv:27408 data 77506
    regex_detector_test.go:84: Expected label ZipCode, got  ([]), file ZipCode.csv:27409 data 77507
    regex_detector_test.go:84: Expected label ZipCode, got  ([]), file ZipCode.csv:27410 data 77510
    regex_detector_test.go:84: Expected label ZipCode, got  ([]), file ZipCode.csv:27411 data 77511
    regex_detector_test.go:84: Expected label ZipCode, got  ([]), file ZipCode.csv:27412 data 77514
    regex_detector_test.go:84: Expected label ZipCode, got  ([]), file ZipCode.csv:27413 data 77515
    regex_detector_test.go:84: Expected label ZipCode, got  ([]), file ZipCode.csv:27414 data 77517
    regex_detector_test.go:84: Expected label ZipCode, got  ([]), file ZipCode.csv:27415 data 77518
    regex_detector_test.go:84: Expected label ZipCode, got  ([]), file ZipCode.csv:27416 data 77519
    regex_detector_test.go:84: Expected label ZipCode, got  ([]), file ZipCode.csv:27417 data 77520
    regex_detector_test.go:84: Expected label ZipCode, got  ([]), file ZipCode.csv:27418 data 77521
    regex_detector_test.go:84: Expected label ZipCode, got  ([]), file ZipCode.csv:27419 data 77523
    regex_detector_test.go:84: Expected label ZipCode, got  ([]), file ZipCode.csv:27420 data 77530
    regex_detector_test.go:84: Expected label ZipCode, got  ([]), file ZipCode.csv:27421 data 77531
    regex_detector_test.go:84: Expected label ZipCode, got  ([]), file ZipCode.csv:27422 data 77532
    regex_detector_test.go:84: Expected label ZipCode, got  ([]), file ZipCode.csv:27423 data 77533
    regex_detector_test.go:84: Expected label ZipCode, got  ([]), file ZipCode.csv:27424 data 77534
    regex_detector_test.go:84: Expected label ZipCode, got  ([]), file ZipCode.csv:27425 data 77535
    regex_detector_test.go:84: Expected label ZipCode, got  ([]), file ZipCode.csv:27426 data 77536
    regex_detector_test.go:84: Expected label ZipCode, got  ([]), file ZipCode.csv:27427 data 77538
    regex_detector_test.go:84: Expected label ZipCode, got  ([]), file ZipCode.csv:27428 data 77539
    regex_detector_test.go:84: Expected label ZipCode, got  ([]), file ZipCode.csv:27429 data 77541
    regex_detector_test.go:84: Expected label ZipCode, got  ([]), file ZipCode.csv:27430 data 77545
    regex_detector_test.go:84: Expected label ZipCode, got  ([]), file ZipCode.csv:27431 data 77546
    regex_detector_test.go:84: Expected label ZipCode, got  ([]), file ZipCode.csv:27432 data 77547
    regex_detector_test.go:84: Expected label ZipCode, got  ([]), file ZipCode.csv:27433 data 77550
    regex_detector_test.go:84: Expected label ZipCode, got  ([]), file ZipCode.csv:27434 data 77551
    regex_detector_test.go:84: Expected label ZipCode, got  ([]), file ZipCode.csv:27435 data 77554
    regex_detector_test.go:84: Expected label ZipCode, got  ([]), file ZipCode.csv:27436 data 77555
    regex_detector_test.go:84: Expected label ZipCode, got  ([]), file ZipCode.csv:27437 data 77560
    regex_detector_test.go:84: Expected label ZipCode, got  ([]), file ZipCode.csv:27438 data 77561
    regex_detector_test.go:84: Expected label ZipCode, got  ([]), file ZipCode.csv:27439 data 77562
    regex_detector_test.go:84: Expected label ZipCode, got  ([]), file ZipCode.csv:27440 data 77563
    regex_detector_test.go:84: Expected label ZipCode, got  ([]), file ZipCode.csv:27441 data 77564
    regex_detector_test.go:84: Expected label ZipCode, got  ([]), file ZipCode.csv:27442 data 77565
    regex_detector_test.go:84: Expected label ZipCode, got  ([]), file ZipCode.csv:27443 data 77566
    regex_detector_test.go:84: Expected label ZipCode, got  ([]), file ZipCode.csv:27444 data 77568
    regex_detector_test.go:84: Expected label ZipCode, got  ([]), file ZipCode.csv:27445 data 77571
    regex_detector_test.go:84: Expected label ZipCode, got  ([]), file ZipCode.csv:27446 data 77573
    regex_detector_test.go:84: Expected label ZipCode, got  ([]), file ZipCode.csv:27447 data 77575
    regex_detector_test.go:84: Expected label ZipCode, got  ([]), file ZipCode.csv:27448 data 77577
    regex_detector_test.go:84: Expected label ZipCode, got  ([]), file ZipCode.csv:27449 data 77578
    regex_detector_test.go:84: Expected label ZipCode, got  ([]), file ZipCode.csv:27450 data 77580
    regex_detector_test.go:84: Expected label ZipCode, got  ([]), file ZipCode.csv:27451 data 77581
    regex_detector_test.go:84: Expected label ZipCode, got  ([]), file ZipCode.csv:27452 data 77582
    regex_detector_test.go:84: Expected label ZipCode, got  ([]), file ZipCode.csv:27453 data 77583
    regex_detector_test.go:84: Expected label ZipCode, got  ([]), file ZipCode.csv:27454 data 77584
    regex_detector_test.go:84: Expected label ZipCode, got  ([]), file ZipCode.csv:27455 data 77585
    regex_detector_test.go:84: Expected label ZipCode, got  ([]), file ZipCode.csv:27456 data 77586
    regex_detector_test.go:84: Expected label ZipCode, got  ([]), file ZipCode.csv:27457 data 77587
    regex_detector_test.go:84: Expected label ZipCode, got  ([]), file ZipCode.csv:27458 data 77590
    regex_detector_test.go:84: Expected label ZipCode, got  ([]), file ZipCode.csv:27459 data 77591
    regex_detector_test.go:84: Expected label ZipCode, got  ([]), file ZipCode.csv:27460 data 77597
    regex_detector_test.go:84: Expected label ZipCode, got  ([]), file ZipCode.csv:27461 data 77598
    regex_detector_test.go:84: Expected label ZipCode, got  ([]), file ZipCode.csv:27462 data 77611
    regex_detector_test.go:84: Expected label ZipCode, got  ([]), file ZipCode.csv:27463 data 77612
    regex_detector_test.go:84: Expected label ZipCode, got  ([]), file ZipCode.csv:27464 data 77613
    regex_detector_test.go:84: Expected label ZipCode, got  ([]), file ZipCode.csv:27465 data 77614
    regex_detector_test.go:84: Expected label ZipCode, got  ([]), file ZipCode.csv:27466 data 77615
    regex_detector_test.go:84: Expected label ZipCode, got  ([]), file ZipCode.csv:27467 data 77616
    regex_detector_test.go:84: Expected label ZipCode, got  ([]), file ZipCode.csv:27468 data 77617
    regex_detector_test.go:84: Expected label ZipCode, got  ([]), file ZipCode.csv:27469 data 77619
    regex_detector_test.go:84: Expected label ZipCode, got  ([]), file ZipCode.csv:27470 data 77622
    regex_detector_test.go:84: Expected label ZipCode, got  ([]), file ZipCode.csv:27471 data 77623
    regex_detector_test.go:84: Expected label ZipCode, got  ([]), file ZipCode.csv:27472 data 77624
    regex_detector_test.go:84: Expected label ZipCode, got  ([]), file ZipCode.csv:27473 data 77625
    regex_detector_test.go:84: Expected label ZipCode, got  ([]), file ZipCode.csv:27474 data 77627
    regex_detector_test.go:84: Expected label ZipCode, got  ([]), file ZipCode.csv:27475 data 77629
    regex_detector_test.go:84: Expected label ZipCode, got  ([]), file ZipCode.csv:27476 data 77630
    regex_detector_test.go:84: Expected label ZipCode, got  ([]), file ZipCode.csv:27477 data 77632
    regex_detector_test.go:84: Expected label ZipCode, got  ([]), file ZipCode.csv:27478 data 77640
    regex_detector_test.go:84: Expected label ZipCode, got  ([]), file ZipCode.csv:27479 data 77642
    regex_detector_test.go:84: Expected label ZipCode, got  ([]), file ZipCode.csv:27480 data 77650
    regex_detector_test.go:84: Expected label ZipCode, got  ([]), file ZipCode.csv:27481 data 77651
    regex_detector_test.go:84: Expected label ZipCode, got  ([]), file ZipCode.csv:27482 data 77655
    regex_detector_test.go:84: Expected label ZipCode, got  ([]), file ZipCode.csv:27483 data 77656
    regex_detector_test.go:84: Expected label ZipCode, got  ([]), file ZipCode.csv:27484 data 77657
    regex_detector_test.go:84: Expected label ZipCode, got  ([]), file ZipCode.csv:27485 data 77659
    regex_detector_test.go:84: Expected label ZipCode, got  ([]), file ZipCode.csv:27486 data 77660
    regex_detector_test.go:84: Expected label ZipCode, got  ([]), file ZipCode.csv:27487 data 77661
    regex_detector_test.go:84: Expected label ZipCode, got  ([]), file ZipCode.csv:27488 data 77662
    regex_detector_test.go:84: Expected label ZipCode, got  ([]), file ZipCode.csv:27489 data 77663
    regex_detector_test.go:84: Expected label ZipCode, got  ([]), file ZipCode.csv:27490 data 77664
    regex_detector_test.go:84: Expected label ZipCode, got  ([]), file ZipCode.csv:27491 data 77665
    regex_detector_test.go:84: Expected label ZipCode, got  ([]), file ZipCode.csv:27492 data 77701
    regex_detector_test.go:84: Expected label ZipCode, got  ([]), file ZipCode.csv:27493 data 77702
    regex_detector_test.go:84: Expected label ZipCode, got  ([]), file ZipCode.csv:27494 data 77703
    regex_detector_test.go:84: Expected label ZipCode, got  ([]), file ZipCode.csv:27495 data 77705
    regex_detector_test.go:84: Expected label ZipCode, got  ([]), file ZipCode.csv:27496 data 77706
    regex_detector_test.go:84: Expected label ZipCode, got  ([]), file ZipCode.csv:27497 data 77707
    regex_detector_test.go:84: Expected label ZipCode, got  ([]), file ZipCode.csv:27498 data 77708
    regex_detector_test.go:84: Expected label ZipCode, got  ([]), file ZipCode.csv:27499 data 77713
    regex_detector_test.go:84: Expected label ZipCode, got  ([]), file ZipCode.csv:27500 data 77801
    regex_detector_test.go:84: Expected label ZipCode, got  ([]), file ZipCode.csv:27501 data 77802
    regex_detector_test.go:84: Expected label ZipCode, got  ([]), file ZipCode.csv:27502 data 77803
    regex_detector_test.go:84: Expected label ZipCode, got  ([]), file ZipCode.csv:27503 data 77807
    regex_detector_test.go:84: Expected label ZipCode, got  ([]), file ZipCode.csv:27504 data 77808
    regex_detector_test.go:84: Expected label ZipCode, got  ([]), file ZipCode.csv:27505 data 77830
    regex_detector_test.go:84: Expected label ZipCode, got  ([]), file ZipCode.csv:27506 data 77831
    regex_detector_test.go:84: Expected label ZipCode, got  ([]), file ZipCode.csv:27507 data 77833
    regex_detector_test.go:84: Expected label ZipCode, got  ([]), file ZipCode.csv:27508 data 77835
    regex_detector_test.go:84: Expected label ZipCode, got  ([]), file ZipCode.csv:27509 data 77836
    regex_detector_test.go:84: Expected label ZipCode, got  ([]), file ZipCode.csv:27510 data 77837
    regex_detector_test.go:84: Expected label ZipCode, got  ([]), file ZipCode.csv:27511 data 77840
    regex_detector_test.go:84: Expected label ZipCode, got  ([]), file ZipCode.csv:27512 data 77843
    regex_detector_test.go:84: Expected label ZipCode, got  ([]), file ZipCode.csv:27513 data 77845
    regex_detector_test.go:84: Expected label ZipCode, got  ([]), file ZipCode.csv:27514 data 77852
    regex_detector_test.go:84: Expected label ZipCode, got  ([]), file ZipCode.csv:27515 data 77853
    regex_detector_test.go:84: Expected label ZipCode, got  ([]), file ZipCode.csv:27516 data 77855
    regex_detector_test.go:84: Expected label ZipCode, got  ([]), file ZipCode.csv:27517 data 77856
    regex_detector_test.go:84: Expected label ZipCode, got  ([]), file ZipCode.csv:27518 data 77857
    regex_detector_test.go:84: Expected label ZipCode, got  ([]), file ZipCode.csv:27519 data 77859
    regex_detector_test.go:84: Expected label ZipCode, got  ([]), file ZipCode.csv:27520 data 77861
    regex_detector_test.go:84: Expected label ZipCode, got  ([]), file ZipCode.csv:27521 data 77863
    regex_detector_test.go:84: Expected label ZipCode, got  ([]), file ZipCode.csv:27522 data 77864
    regex_detector_test.go:84: Expected label ZipCode, got  ([]), file ZipCode.csv:27523 data 77865
    regex_detector_test.go:84: Expected label ZipCode, got  ([]), file ZipCode.csv:27524 data 77866
    regex_detector_test.go:84: Expected label ZipCode, got  ([]), file ZipCode.csv:27525 data 77867
    regex_detector_test.go:84: Expected label ZipCode, got  ([]), file ZipCode.csv:27526 data 77868
    regex_detector_test.go:84: Expected label ZipCode, got  ([]), file ZipCode.csv:27527 data 77871
    regex_detector_test.go:84: Expected label ZipCode, got  ([]), file ZipCode.csv:27528 data 77872
    regex_detector_test.go:84: Expected label ZipCode, got  ([]), file ZipCode.csv:27529 data 77873
    regex_detector_test.go:84: Expected label ZipCode, got  ([]), file ZipCode.csv:27530 data 77875
    regex_detector_test.go:84: Expected label ZipCode, got  ([]), file ZipCode.csv:27531 data 77876
    regex_detector_test.go:84: Expected label ZipCode, got  ([]), file ZipCode.csv:27532 data 77878
    regex_detector_test.go:84: Expected label ZipCode, got  ([]), file ZipCode.csv:27533 data 77879
    regex_detector_test.go:84: Expected label ZipCode, got  ([]), file ZipCode.csv:27534 data 77880
    regex_detector_test.go:84: Expected label ZipCode, got  ([]), file ZipCode.csv:27535 data 77882
    regex_detector_test.go:84: Expected label ZipCode, got  ([]), file ZipCode.csv:27536 data 77901
    regex_detector_test.go:84: Expected label ZipCode, got  ([]), file ZipCode.csv:27537 data 77904
    regex_detector_test.go:84: Expected label ZipCode, got  ([]), file ZipCode.csv:27538 data 77905
    regex_detector_test.go:84: Expected label ZipCode, got  ([]), file ZipCode.csv:27539 data 77950
    regex_detector_test.go:84: Expected label ZipCode, got  ([]), file ZipCode.csv:27540 data 77951
    regex_detector_test.go:84: Expected label ZipCode, got  ([]), file ZipCode.csv:27541 data 77954
    regex_detector_test.go:84: Expected label ZipCode, got  ([]), file ZipCode.csv:27542 data 77957
    regex_detector_test.go:84: Expected label ZipCode, got  ([]), file ZipCode.csv:27543 data 77960
    regex_detector_test.go:84: Expected label ZipCode, got  ([]), file ZipCode.csv:27544 data 77961
    regex_detector_test.go:84: Expected label ZipCode, got  ([]), file ZipCode.csv:27545 data 77962
    regex_detector_test.go:84: Expected label ZipCode, got  ([]), file ZipCode.csv:27546 data 77963
    regex_detector_test.go:84: Expected label ZipCode, got  ([]), file ZipCode.csv:27547 data 77964
    regex_detector_test.go:84: Expected label ZipCode, got  ([]), file ZipCode.csv:27548 data 77968
    regex_detector_test.go:84: Expected label ZipCode, got  ([]), file ZipCode.csv:27549 data 77969
    regex_detector_test.go:84: Expected label ZipCode, got  ([]), file ZipCode.csv:27550 data 77970
    regex_detector_test.go:84: Expected label ZipCode, got  ([]), file ZipCode.csv:27551 data 77971
    regex_detector_test.go:84: Expected label ZipCode, got  ([]), file ZipCode.csv:27552 data 77973
    regex_detector_test.go:84: Expected label ZipCode, got  ([]), file ZipCode.csv:27553 data 77974
    regex_detector_test.go:84: Expected label ZipCode, got  ([]), file ZipCode.csv:27554 data 77975
    regex_detector_test.go:84: Expected label ZipCode, got  ([]), file ZipCode.csv:27555 data 77976
    regex_detector_test.go:84: Expected label ZipCode, got  ([]), file ZipCode.csv:27556 data 77977
    regex_detector_test.go:84: Expected label ZipCode, got  ([]), file ZipCode.csv:27557 data 77978
    regex_detector_test.go:84: Expected label ZipCode, got  ([]), file ZipCode.csv:27558 data 77979
    regex_detector_test.go:84: Expected label ZipCode, got  ([]), file ZipCode.csv:27559 data 77982
    regex_detector_test.go:84: Expected label ZipCode, got  ([]), file ZipCode.csv:27560 data 77983
    regex_detector_test.go:84: Expected label ZipCode, got  ([]), file ZipCode.csv:27561 data 77984
    regex_detector_test.go:84: Expected label ZipCode, got  ([]), file ZipCode.csv:27562 data 77986
    regex_detector_test.go:84: Expected label ZipCode, got  ([]), file ZipCode.csv:27563 data 77987
    regex_detector_test.go:84: Expected label ZipCode, got  ([]), file ZipCode.csv:27564 data 77988
    regex_detector_test.go:84: Expected label ZipCode, got  ([]), file ZipCode.csv:27565 data 77990
    regex_detector_test.go:84: Expected label ZipCode, got  ([]), file ZipCode.csv:27566 data 77991
    regex_detector_test.go:84: Expected label ZipCode, got  ([]), file ZipCode.csv:27567 data 77993
    regex_detector_test.go:84: Expected label ZipCode, got  ([]), file ZipCode.csv:27568 data 77994
    regex_detector_test.go:84: Expected label ZipCode, got  ([]), file ZipCode.csv:27569 data 77995
    regex_detector_test.go:84: Expected label ZipCode, got  ([]), file ZipCode.csv:27570 data 78001
    regex_detector_test.go:84: Expected label ZipCode, got  ([]), file ZipCode.csv:27571 data 78002
    regex_detector_test.go:84: Expected label ZipCode, got  ([]), file ZipCode.csv:27572 data 78003
    regex_detector_test.go:84: Expected label ZipCode, got  ([]), file ZipCode.csv:27573 data 78004
    regex_detector_test.go:84: Expected label ZipCode, got  ([]), file ZipCode.csv:27574 data 78005
    regex_detector_test.go:84: Expected label ZipCode, got  ([]), file ZipCode.csv:27575 data 78006
    regex_detector_test.go:84: Expected label ZipCode, got  ([]), file ZipCode.csv:27576 data 78007
    regex_detector_test.go:84: Expected label ZipCode, got  ([]), file ZipCode.csv:27577 data 78008
    regex_detector_test.go:84: Expected label ZipCode, got  ([]), file ZipCode.csv:27578 data 78009
    regex_detector_test.go:84: Expected label ZipCode, got  ([]), file ZipCode.csv:27579 data 78010
    regex_detector_test.go:84: Expected label ZipCode, got  ([]), file ZipCode.csv:27580 data 78011
    regex_detector_test.go:84: Expected label ZipCode, got  ([]), file ZipCode.csv:27581 data 78012
    regex_detector_test.go:84: Expected label ZipCode, got  ([]), file ZipCode.csv:27582 data 78013
    regex_detector_test.go:84: Expected label ZipCode, got  ([]), file ZipCode.csv:27583 data 78014
    regex_detector_test.go:84: Expected label ZipCode, got  ([]), file ZipCode.csv:27584 data 78015
    regex_detector_test.go:84: Expected label ZipCode, got  ([]), file ZipCode.csv:27585 data 78016
    regex_detector_test.go:84: Expected label ZipCode, got  ([]), file ZipCode.csv:27586 data 78017
    regex_detector_test.go:84: Expected label ZipCode, got  ([]), file ZipCode.csv:27587 data 78019
    regex_detector_test.go:84: Expected label ZipCode, got  ([]), file ZipCode.csv:27588 data 78021
    regex_detector_test.go:84: Expected label ZipCode, got  ([]), file ZipCode.csv:27589 data 78022
    regex_detector_test.go:84: Expected label ZipCode, got  ([]), file ZipCode.csv:27590 data 78023
    regex_detector_test.go:84: Expected label ZipCode, got  ([]), file ZipCode.csv:27591 data 78024
    regex_detector_test.go:84: Expected label ZipCode, got  ([]), file ZipCode.csv:27592 data 78025
    regex_detector_test.go:84: Expected label ZipCode, got  ([]), file ZipCode.csv:27593 data 78026
    regex_detector_test.go:84: Expected label ZipCode, got  ([]), file ZipCode.csv:27594 data 78027
    regex_detector_test.go:84: Expected label ZipCode, got  ([]), file ZipCode.csv:27595 data 78028
    regex_detector_test.go:84: Expected label ZipCode, got  ([]), file ZipCode.csv:27596 data 78029
    regex_detector_test.go:84: Expected label ZipCode, got  ([]), file ZipCode.csv:27597 data 78039
    regex_detector_test.go:84: Expected label ZipCode, got  ([]), file ZipCode.csv:27598 data 78040
    regex_detector_test.go:84: Expected label ZipCode, got  ([]), file ZipCode.csv:27599 data 78041
    regex_detector_test.go:84: Expected label ZipCode, got  ([]), file ZipCode.csv:27600 data 78043
    regex_detector_test.go:84: Expected label ZipCode, got  ([]), file ZipCode.csv:27601 data 78044
    regex_detector_test.go:84: Expected label ZipCode, got  ([]), file ZipCode.csv:27602 data 78045
    regex_detector_test.go:84: Expected label ZipCode, got  ([]), file ZipCode.csv:27603 data 78046
    regex_detector_test.go:84: Expected label ZipCode, got  ([]), file ZipCode.csv:27604 data 78050
    regex_detector_test.go:84: Expected label ZipCode, got  ([]), file ZipCode.csv:27605 data 78052
    regex_detector_test.go:84: Expected label ZipCode, got  ([]), file ZipCode.csv:27606 data 78055
    regex_detector_test.go:84: Expected label ZipCode, got  ([]), file ZipCode.csv:27607 data 78056
    regex_detector_test.go:84: Expected label ZipCode, got  ([]), file ZipCode.csv:27608 data 78057
    regex_detector_test.go:84: Expected label ZipCode, got  ([]), file ZipCode.csv:27609 data 78058
    regex_detector_test.go:84: Expected label ZipCode, got  ([]), file ZipCode.csv:27610 data 78059
    regex_detector_test.go:84: Expected label ZipCode, got  ([]), file ZipCode.csv:27611 data 78061
    regex_detector_test.go:84: Expected label ZipCode, got  ([]), file ZipCode.csv:27612 data 78062
    regex_detector_test.go:84: Expected label ZipCode, got  ([]), file ZipCode.csv:27613 data 78063
    regex_detector_test.go:84: Expected label ZipCode, got  ([]), file ZipCode.csv:27614 data 78064
    regex_detector_test.go:84: Expected label ZipCode, got  ([]), file ZipCode.csv:27615 data 78065
    regex_detector_test.go:84: Expected label ZipCode, got  ([]), file ZipCode.csv:27616 data 78066
    regex_detector_test.go:84: Expected label ZipCode, got  ([]), file ZipCode.csv:27617 data 78067
    regex_detector_test.go:84: Expected label ZipCode, got  ([]), file ZipCode.csv:27618 data 78069
    regex_detector_test.go:84: Expected label ZipCode, got  ([]), file ZipCode.csv:27619 data 78070
    regex_detector_test.go:84: Expected label ZipCode, got  ([]), file ZipCode.csv:27620 data 78071
    regex_detector_test.go:84: Expected label ZipCode, got  ([]), file ZipCode.csv:27621 data 78072
    regex_detector_test.go:84: Expected label ZipCode, got  ([]), file ZipCode.csv:27622 data 78073
    regex_detector_test.go:84: Expected label ZipCode, got  ([]), file ZipCode.csv:27623 data 78074
    regex_detector_test.go:84: Expected label ZipCode, got  ([]), file ZipCode.csv:27624 data 78075
    regex_detector_test.go:84: Expected label ZipCode, got  ([]), file ZipCode.csv:27625 data 78076
    regex_detector_test.go:84: Expected label ZipCode, got  ([]), file ZipCode.csv:27626 data 78101
    regex_detector_test.go:84: Expected label ZipCode, got  ([]), file ZipCode.csv:27627 data 78102
    regex_detector_test.go:84: Expected label ZipCode, got  ([]), file ZipCode.csv:27628 data 78104
    regex_detector_test.go:84: Expected label ZipCode, got  ([]), file ZipCode.csv:27629 data 78107
    regex_detector_test.go:84: Expected label ZipCode, got  ([]), file ZipCode.csv:27630 data 78108
    regex_detector_test.go:84: Expected label ZipCode, got  ([]), file ZipCode.csv:27631 data 78109
    regex_detector_test.go:84: Expected label ZipCode, got  ([]), file ZipCode.csv:27632 data 78111
    regex_detector_test.go:84: Expected label ZipCode, got  ([]), file ZipCode.csv:27633 data 78112
    regex_detector_test.go:84: Expected label ZipCode, got  ([]), file ZipCode.csv:27634 data 78113
    regex_detector_test.go:84: Expected label ZipCode, got  ([]), file ZipCode.csv:27635 data 78114
    regex_detector_test.go:84: Expected label ZipCode, got  ([]), file ZipCode.csv:27636 data 78116
    regex_detector_test.go:84: Expected label ZipCode, got  ([]), file ZipCode.csv:27637 data 78117
    regex_detector_test.go:84: Expected label ZipCode, got  ([]), file ZipCode.csv:27638 data 78118
    regex_detector_test.go:84: Expected label ZipCode, got  ([]), file ZipCode.csv:27639 data 78119
    regex_detector_test.go:84: Expected label ZipCode, got  ([]), file ZipCode.csv:27640 data 78121
    regex_detector_test.go:84: Expected label ZipCode, got  ([]), file ZipCode.csv:27641 data 78122
    regex_detector_test.go:84: Expected label ZipCode, got  ([]), file ZipCode.csv:27642 data 78123
    regex_detector_test.go:84: Expected label ZipCode, got  ([]), file ZipCode.csv:27643 data 78124
    regex_detector_test.go:84: Expected label ZipCode, got  ([]), file ZipCode.csv:27644 data 78125
    regex_detector_test.go:84: Expected label ZipCode, got  ([]), file ZipCode.csv:27645 data 78130
    regex_detector_test.go:84: Expected label ZipCode, got  ([]), file ZipCode.csv:27646 data 78132
    regex_detector_test.go:84: Expected label ZipCode, got  ([]), file ZipCode.csv:27647 data 78133
    regex_detector_test.go:84: Expected label ZipCode, got  ([]), file ZipCode.csv:27648 data 78140
    regex_detector_test.go:84: Expected label ZipCode, got  ([]), file ZipCode.csv:27649 data 78141
    regex_detector_test.go:84: Expected label ZipCode, got  ([]), file ZipCode.csv:27650 data 78142
    regex_detector_test.go:84: Expected label ZipCode, got  ([]), file ZipCode.csv:27651 data 78143
    regex_detector_test.go:84: Expected label ZipCode, got  ([]), file ZipCode.csv:27652 data 78144
    regex_detector_test.go:84: Expected label ZipCode, got  ([]), file ZipCode.csv:27653 data 78145
    regex_detector_test.go:84: Expected label ZipCode, got  ([]), file ZipCode.csv:27654 data 78146
    regex_detector_test.go:84: Expected label ZipCode, got  ([]), file ZipCode.csv:27655 data 78147
    regex_detector_test.go:84: Expected label ZipCode, got  ([]), file ZipCode.csv:27656 data 78148
    regex_detector_test.go:84: Expected label ZipCode, got  ([]), file ZipCode.csv:27657 data 78150
    regex_detector_test.go:84: Expected label ZipCode, got  ([]), file ZipCode.csv:27658 data 78151
    regex_detector_test.go:84: Expected label ZipCode, got  ([]), file ZipCode.csv:27659 data 78152
    regex_detector_test.go:84: Expected label ZipCode, got  ([]), file ZipCode.csv:27660 data 78154
    regex_detector_test.go:84: Expected label ZipCode, got  ([]), file ZipCode.csv:27661 data 78155
    regex_detector_test.go:84: Expected label ZipCode, got  ([]), file ZipCode.csv:27662 data 78159
    regex_detector_test.go:84: Expected label ZipCode, got  ([]), file ZipCode.csv:27663 data 78160
    regex_detector_test.go:84: Expected label ZipCode, got  ([]), file ZipCode.csv:27664 data 78161
    regex_detector_test.go:84: Expected label ZipCode, got  ([]), file ZipCode.csv:27665 data 78162
    regex_detector_test.go:84: Expected label ZipCode, got  ([]), file ZipCode.csv:27666 data 78163
    regex_detector_test.go:84: Expected label ZipCode, got  ([]), file ZipCode.csv:27667 data 78164
    regex_detector_test.go:84: Expected label ZipCode, got  ([]), file ZipCode.csv:27668 data 78201
    regex_detector_test.go:84: Expected label ZipCode, got  ([]), file ZipCode.csv:27669 data 78202
    regex_detector_test.go:84: Expected label ZipCode, got  ([]), file ZipCode.csv:27670 data 78203
    regex_detector_test.go:84: Expected label ZipCode, got  ([]), file ZipCode.csv:27671 data 78204
    regex_detector_test.go:84: Expected label ZipCode, got  ([]), file ZipCode.csv:27672 data 78205
    regex_detector_test.go:84: Expected label ZipCode, got  ([]), file ZipCode.csv:27673 data 78207
    regex_detector_test.go:84: Expected label ZipCode, got  ([]), file ZipCode.csv:27674 data 78208
    regex_detector_test.go:84: Expected label ZipCode, got  ([]), file ZipCode.csv:27675 data 78209
    regex_detector_test.go:84: Expected label ZipCode, got  ([]), file ZipCode.csv:27676 data 78210
    regex_detector_test.go:84: Expected label ZipCode, got  ([]), file ZipCode.csv:27677 data 78211
    regex_detector_test.go:84: Expected label ZipCode, got  ([]), file ZipCode.csv:27678 data 78212
    regex_detector_test.go:84: Expected label ZipCode, got  ([]), file ZipCode.csv:27679 data 78213
    regex_detector_test.go:84: Expected label ZipCode, got  ([]), file ZipCode.csv:27680 data 78214
    regex_detector_test.go:84: Expected label ZipCode, got  ([]), file ZipCode.csv:27681 data 78215
    regex_detector_test.go:84: Expected label ZipCode, got  ([]), file ZipCode.csv:27682 data 78216
    regex_detector_test.go:84: Expected label ZipCode, got  ([]), file ZipCode.csv:27683 data 78217
    regex_detector_test.go:84: Expected label ZipCode, got  ([]), file ZipCode.csv:27684 data 78218
    regex_detector_test.go:84: Expected label ZipCode, got  ([]), file ZipCode.csv:27685 data 78219
    regex_detector_test.go:84: Expected label ZipCode, got  ([]), file ZipCode.csv:27686 data 78220
    regex_detector_test.go:84: Expected label ZipCode, got  ([]), file ZipCode.csv:27687 data 78221
    regex_detector_test.go:84: Expected label ZipCode, got  ([]), file ZipCode.csv:27688 data 78222
    regex_detector_test.go:84: Expected label ZipCode, got  ([]), file ZipCode.csv:27689 data 78223
    regex_detector_test.go:84: Expected label ZipCode, got  ([]), file ZipCode.csv:27690 data 78224
    regex_detector_test.go:84: Expected label ZipCode, got  ([]), file ZipCode.csv:27691 data 78225
    regex_detector_test.go:84: Expected label ZipCode, got  ([]), file ZipCode.csv:27692 data 78226
    regex_detector_test.go:84: Expected label ZipCode, got  ([]), file ZipCode.csv:27693 data 78227
    regex_detector_test.go:84: Expected label ZipCode, got  ([]), file ZipCode.csv:27694 data 78228
    regex_detector_test.go:84: Expected label ZipCode, got  ([]), file ZipCode.csv:27695 data 78229
    regex_detector_test.go:84: Expected label ZipCode, got  ([]), file ZipCode.csv:27696 data 78230
    regex_detector_test.go:84: Expected label ZipCode, got  ([]), file ZipCode.csv:27697 data 78231
    regex_detector_test.go:84: Expected label ZipCode, got  ([]), file ZipCode.csv:27698 data 78232
    regex_detector_test.go:84: Expected label ZipCode, got  ([]), file ZipCode.csv:27699 data 78233
    regex_detector_test.go:84: Expected label ZipCode, got  ([]), file ZipCode.csv:27700 data 78234
    regex_detector_test.go:84: Expected label ZipCode, got  ([]), file ZipCode.csv:27701 data 78235
    regex_detector_test.go:84: Expected label ZipCode, got  ([]), file ZipCode.csv:27702 data 78236
    regex_detector_test.go:84: Expected label ZipCode, got  ([]), file ZipCode.csv:27703 data 78237
    regex_detector_test.go:84: Expected label ZipCode, got  ([]), file ZipCode.csv:27704 data 78238
    regex_detector_test.go:84: Expected label ZipCode, got  ([]), file ZipCode.csv:27705 data 78239
    regex_detector_test.go:84: Expected label ZipCode, got  ([]), file ZipCode.csv:27706 data 78240
    regex_detector_test.go:84: Expected label ZipCode, got  ([]), file ZipCode.csv:27707 data 78242
    regex_detector_test.go:84: Expected label ZipCode, got  ([]), file ZipCode.csv:27708 data 78243
    regex_detector_test.go:84: Expected label ZipCode, got  ([]), file ZipCode.csv:27709 data 78244
    regex_detector_test.go:84: Expected label ZipCode, got  ([]), file ZipCode.csv:27710 data 78245
    regex_detector_test.go:84: Expected label ZipCode, got  ([]), file ZipCode.csv:27711 data 78247
    regex_detector_test.go:84: Expected label ZipCode, got  ([]), file ZipCode.csv:27712 data 78248
    regex_detector_test.go:84: Expected label ZipCode, got  ([]), file ZipCode.csv:27713 data 78249
    regex_detector_test.go:84: Expected label ZipCode, got  ([]), file ZipCode.csv:27714 data 78250
    regex_detector_test.go:84: Expected label ZipCode, got  ([]), file ZipCode.csv:27715 data 78251
    regex_detector_test.go:84: Expected label ZipCode, got  ([]), file ZipCode.csv:27716 data 78252
    regex_detector_test.go:84: Expected label ZipCode, got  ([]), file ZipCode.csv:27717 data 78253
    regex_detector_test.go:84: Expected label ZipCode, got  ([]), file ZipCode.csv:27718 data 78254
    regex_detector_test.go:84: Expected label ZipCode, got  ([]), file ZipCode.csv:27719 data 78255
    regex_detector_test.go:84: Expected label ZipCode, got  ([]), file ZipCode.csv:27720 data 78256
    regex_detector_test.go:84: Expected label ZipCode, got  ([]), file ZipCode.csv:27721 data 78257
    regex_detector_test.go:84: Expected label ZipCode, got  ([]), file ZipCode.csv:27722 data 78258
    regex_detector_test.go:84: Expected label ZipCode, got  ([]), file ZipCode.csv:27723 data 78259
    regex_detector_test.go:84: Expected label ZipCode, got  ([]), file ZipCode.csv:27724 data 78260
    regex_detector_test.go:84: Expected label ZipCode, got  ([]), file ZipCode.csv:27725 data 78261
    regex_detector_test.go:84: Expected label ZipCode, got  ([]), file ZipCode.csv:27726 data 78263
    regex_detector_test.go:84: Expected label ZipCode, got  ([]), file ZipCode.csv:27727 data 78264
    regex_detector_test.go:84: Expected label ZipCode, got  ([]), file ZipCode.csv:27728 data 78266
    regex_detector_test.go:84: Expected label ZipCode, got  ([]), file ZipCode.csv:27729 data 78330
    regex_detector_test.go:84: Expected label ZipCode, got  ([]), file ZipCode.csv:27730 data 78332
    regex_detector_test.go:84: Expected label ZipCode, got  ([]), file ZipCode.csv:27731 data 78336
    regex_detector_test.go:84: Expected label ZipCode, got  ([]), file ZipCode.csv:27732 data 78338
    regex_detector_test.go:84: Expected label ZipCode, got  ([]), file ZipCode.csv:27733 data 78339
    regex_detector_test.go:84: Expected label ZipCode, got  ([]), file ZipCode.csv:27734 data 78340
    regex_detector_test.go:84: Expected label ZipCode, got  ([]), file ZipCode.csv:27735 data 78341
    regex_detector_test.go:84: Expected label ZipCode, got  ([]), file ZipCode.csv:27736 data 78342
    regex_detector_test.go:84: Expected label ZipCode, got  ([]), file ZipCode.csv:27737 data 78343
    regex_detector_test.go:84: Expected label ZipCode, got  ([]), file ZipCode.csv:27738 data 78344
    regex_detector_test.go:84: Expected label ZipCode, got  ([]), file ZipCode.csv:27739 data 78347
    regex_detector_test.go:84: Expected label ZipCode, got  ([]), file ZipCode.csv:27740 data 78349
    regex_detector_test.go:84: Expected label ZipCode, got  ([]), file ZipCode.csv:27741 data 78351
    regex_detector_test.go:84: Expected label ZipCode, got  ([]), file ZipCode.csv:27742 data 78352
    regex_detector_test.go:84: Expected label ZipCode, got  ([]), file ZipCode.csv:27743 data 78353
    regex_detector_test.go:84: Expected label ZipCode, got  ([]), file ZipCode.csv:27744 data 78355
    regex_detector_test.go:84: Expected label ZipCode, got  ([]), file ZipCode.csv:27745 data 78357
    regex_detector_test.go:84: Expected label ZipCode, got  ([]), file ZipCode.csv:27746 data 78358
    regex_detector_test.go:84: Expected label ZipCode, got  ([]), file ZipCode.csv:27747 data 78359
    regex_detector_test.go:84: Expected label ZipCode, got  ([]), file ZipCode.csv:27748 data 78360
    regex_detector_test.go:84: Expected label ZipCode, got  ([]), file ZipCode.csv:27749 data 78361
    regex_detector_test.go:84: Expected label ZipCode, got  ([]), file ZipCode.csv:27750 data 78362
    regex_detector_test.go:84: Expected label ZipCode, got  ([]), file ZipCode.csv:27751 data 78363
    regex_detector_test.go:84: Expected label ZipCode, got  ([]), file ZipCode.csv:27752 data 78368
    regex_detector_test.go:84: Expected label ZipCode, got  ([]), file ZipCode.csv:27753 data 78369
    regex_detector_test.go:84: Expected label ZipCode, got  ([]), file ZipCode.csv:27754 data 78370
    regex_detector_test.go:84: Expected label ZipCode, got  ([]), file ZipCode.csv:27755 data 78371
    regex_detector_test.go:84: Expected label ZipCode, got  ([]), file ZipCode.csv:27756 data 78372
    regex_detector_test.go:84: Expected label ZipCode, got  ([]), file ZipCode.csv:27757 data 78373
    regex_detector_test.go:84: Expected label ZipCode, got  ([]), file ZipCode.csv:27758 data 78374
    regex_detector_test.go:84: Expected label ZipCode, got  ([]), file ZipCode.csv:27759 data 78375
    regex_detector_test.go:84: Expected label ZipCode, got  ([]), file ZipCode.csv:27760 data 78376
    regex_detector_test.go:84: Expected label ZipCode, got  ([]), file ZipCode.csv:27761 data 78377
    regex_detector_test.go:84: Expected label ZipCode, got  ([]), file ZipCode.csv:27762 data 78379
    regex_detector_test.go:84: Expected label ZipCode, got  ([]), file ZipCode.csv:27763 data 78380
    regex_detector_test.go:84: Expected label ZipCode, got  ([]), file ZipCode.csv:27764 data 78382
    regex_detector_test.go:84: Expected label ZipCode, got  ([]), file ZipCode.csv:27765 data 78383
    regex_detector_test.go:84: Expected label ZipCode, got  ([]), file ZipCode.csv:27766 data 78384
    regex_detector_test.go:84: Expected label ZipCode, got  ([]), file ZipCode.csv:27767 data 78385
    regex_detector_test.go:84: Expected label ZipCode, got  ([]), file ZipCode.csv:27768 data 78387
    regex_detector_test.go:84: Expected label ZipCode, got  ([]), file ZipCode.csv:27769 data 78389
    regex_detector_test.go:84: Expected label ZipCode, got  ([]), file ZipCode.csv:27770 data 78390
    regex_detector_test.go:84: Expected label ZipCode, got  ([]), file ZipCode.csv:27771 data 78391
    regex_detector_test.go:84: Expected label ZipCode, got  ([]), file ZipCode.csv:27772 data 78393
    regex_detector_test.go:84: Expected label ZipCode, got  ([]), file ZipCode.csv:27773 data 78401
    regex_detector_test.go:84: Expected label ZipCode, got  ([]), file ZipCode.csv:27774 data 78402
    regex_detector_test.go:84: Expected label ZipCode, got  ([]), file ZipCode.csv:27775 data 78404
    regex_detector_test.go:84: Expected label ZipCode, got  ([]), file ZipCode.csv:27776 data 78405
    regex_detector_test.go:84: Expected label ZipCode, got  ([]), file ZipCode.csv:27777 data 78406
    regex_detector_test.go:84: Expected label ZipCode, got  ([]), file ZipCode.csv:27778 data 78407
    regex_detector_test.go:84: Expected label ZipCode, got  ([]), file ZipCode.csv:27779 data 78408
    regex_detector_test.go:84: Expected label ZipCode, got  ([]), file ZipCode.csv:27780 data 78409
    regex_detector_test.go:84: Expected label ZipCode, got  ([]), file ZipCode.csv:27781 data 78410
    regex_detector_test.go:84: Expected label ZipCode, got  ([]), file ZipCode.csv:27782 data 78411
    regex_detector_test.go:84: Expected label ZipCode, got  ([]), file ZipCode.csv:27783 data 78412
    regex_detector_test.go:84: Expected label ZipCode, got  ([]), file ZipCode.csv:27784 data 78413
    regex_detector_test.go:84: Expected label ZipCode, got  ([]), file ZipCode.csv:27785 data 78414
    regex_detector_test.go:84: Expected label ZipCode, got  ([]), file ZipCode.csv:27786 data 78415
    regex_detector_test.go:84: Expected label ZipCode, got  ([]), file ZipCode.csv:27787 data 78416
    regex_detector_test.go:84: Expected label ZipCode, got  ([]), file ZipCode.csv:27788 data 78417
    regex_detector_test.go:84: Expected label ZipCode, got  ([]), file ZipCode.csv:27789 data 78418
    regex_detector_test.go:84: Expected label ZipCode, got  ([]), file ZipCode.csv:27790 data 78419
    regex_detector_test.go:84: Expected label ZipCode, got  ([]), file ZipCode.csv:27791 data 78501
    regex_detector_test.go:84: Expected label ZipCode, got  ([]), file ZipCode.csv:27792 data 78503
    regex_detector_test.go:84: Expected label ZipCode, got  ([]), file ZipCode.csv:27793 data 78504
    regex_detector_test.go:84: Expected label ZipCode, got  ([]), file ZipCode.csv:27794 data 78516
    regex_detector_test.go:84: Expected label ZipCode, got  ([]), file ZipCode.csv:27795 data 78520
    regex_detector_test.go:84: Expected label ZipCode, got  ([]), file ZipCode.csv:27796 data 78521
    regex_detector_test.go:84: Expected label ZipCode, got  ([]), file ZipCode.csv:27797 data 78526
    regex_detector_test.go:84: Expected label ZipCode, got  ([]), file ZipCode.csv:27798 data 78535
    regex_detector_test.go:84: Expected label ZipCode, got  ([]), file ZipCode.csv:27799 data 78536
    regex_detector_test.go:84: Expected label ZipCode, got  ([]), file ZipCode.csv:27800 data 78537
    regex_detector_test.go:84: Expected label ZipCode, got  ([]), file ZipCode.csv:27801 data 78538
    regex_detector_test.go:84: Expected label ZipCode, got  ([]), file ZipCode.csv:27802 data 78539
    regex_detector_test.go:84: Expected label ZipCode, got  ([]), file ZipCode.csv:27803 data 78540
    regex_detector_test.go:84: Expected label ZipCode, got  ([]), file ZipCode.csv:27804 data 78541
    regex_detector_test.go:84: Expected label ZipCode, got  ([]), file ZipCode.csv:27805 data 78542
    regex_detector_test.go:84: Expected label ZipCode, got  ([]), file ZipCode.csv:27806 data 78543
    regex_detector_test.go:84: Expected label ZipCode, got  ([]), file ZipCode.csv:27807 data 78545
    regex_detector_test.go:84: Expected label ZipCode, got  ([]), file ZipCode.csv:27808 data 78547
    regex_detector_test.go:84: Expected label ZipCode, got  ([]), file ZipCode.csv:27809 data 78548
    regex_detector_test.go:84: Expected label ZipCode, got  ([]), file ZipCode.csv:27810 data 78549
    regex_detector_test.go:84: Expected label ZipCode, got  ([]), file ZipCode.csv:27811 data 78550
    regex_detector_test.go:84: Expected label ZipCode, got  ([]), file ZipCode.csv:27812 data 78552
    regex_detector_test.go:84: Expected label ZipCode, got  ([]), file ZipCode.csv:27813 data 78557
    regex_detector_test.go:84: Expected label ZipCode, got  ([]), file ZipCode.csv:27814 data 78558
    regex_detector_test.go:84: Expected label ZipCode, got  ([]), file ZipCode.csv:27815 data 78559
    regex_detector_test.go:84: Expected label ZipCode, got  ([]), file ZipCode.csv:27816 data 78560
    regex_detector_test.go:84: Expected label ZipCode, got  ([]), file ZipCode.csv:27817 data 78561
    regex_detector_test.go:84: Expected label ZipCode, got  ([]), file ZipCode.csv:27818 data 78562
    regex_detector_test.go:84: Expected label ZipCode, got  ([]), file ZipCode.csv:27819 data 78563
    regex_detector_test.go:84: Expected label ZipCode, got  ([]), file ZipCode.csv:27820 data 78564
    regex_detector_test.go:84: Expected label ZipCode, got  ([]), file ZipCode.csv:27821 data 78565
    regex_detector_test.go:84: Expected label ZipCode, got  ([]), file ZipCode.csv:27822 data 78566
    regex_detector_test.go:84: Expected label ZipCode, got  ([]), file ZipCode.csv:27823 data 78567
    regex_detector_test.go:84: Expected label ZipCode, got  ([]), file ZipCode.csv:27824 data 78569
    regex_detector_test.go:84: Expected label ZipCode, got  ([]), file ZipCode.csv:27825 data 78570
    regex_detector_test.go:84: Expected label ZipCode, got  ([]), file ZipCode.csv:27826 data 78572
    regex_detector_test.go:84: Expected label ZipCode, got  ([]), file ZipCode.csv:27827 data 78573
    regex_detector_test.go:84: Expected label ZipCode, got  ([]), file ZipCode.csv:27828 data 78574
    regex_detector_test.go:84: Expected label ZipCode, got  ([]), file ZipCode.csv:27829 data 78575
    regex_detector_test.go:84: Expected label ZipCode, got  ([]), file ZipCode.csv:27830 data 78576
    regex_detector_test.go:84: Expected label ZipCode, got  ([]), file ZipCode.csv:27831 data 78577
    regex_detector_test.go:84: Expected label ZipCode, got  ([]), file ZipCode.csv:27832 data 78578
    regex_detector_test.go:84: Expected label ZipCode, got  ([]), file ZipCode.csv:27833 data 78579
    regex_detector_test.go:84: Expected label ZipCode, got  ([]), file ZipCode.csv:27834 data 78580
    regex_detector_test.go:84: Expected label ZipCode, got  ([]), file ZipCode.csv:27835 data 78582
    regex_detector_test.go:84: Expected label ZipCode, got  ([]), file ZipCode.csv:27836 data 78583
    regex_detector_test.go:84: Expected label ZipCode, got  ([]), file ZipCode.csv:27837 data 78584
    regex_detector_test.go:84: Expected label ZipCode, got  ([]), file ZipCode.csv:27838 data 78585
    regex_detector_test.go:84: Expected label ZipCode, got  ([]), file ZipCode.csv:27839 data 78586
    regex_detector_test.go:84: Expected label ZipCode, got  ([]), file ZipCode.csv:27840 data 78588
    regex_detector_test.go:84: Expected label ZipCode, got  ([]), file ZipCode.csv:27841 data 78589
    regex_detector_test.go:84: Expected label ZipCode, got  ([]), file ZipCode.csv:27842 data 78590
    regex_detector_test.go:84: Expected label ZipCode, got  ([]), file ZipCode.csv:27843 data 78591
    regex_detector_test.go:84: Expected label ZipCode, got  ([]), file ZipCode.csv:27844 data 78592
    regex_detector_test.go:84: Expected label ZipCode, got  ([]), file ZipCode.csv:27845 data 78593
    regex_detector_test.go:84: Expected label ZipCode, got  ([]), file ZipCode.csv:27846 data 78594
    regex_detector_test.go:84: Expected label ZipCode, got  ([]), file ZipCode.csv:27847 data 78595
    regex_detector_test.go:84: Expected label ZipCode, got  ([]), file ZipCode.csv:27848 data 78596
    regex_detector_test.go:84: Expected label ZipCode, got  ([]), file ZipCode.csv:27849 data 78597
    regex_detector_test.go:84: Expected label ZipCode, got  ([]), file ZipCode.csv:27850 data 78598
    regex_detector_test.go:84: Expected label ZipCode, got  ([]), file ZipCode.csv:27851 data 78599
    regex_detector_test.go:84: Expected label ZipCode, got  ([]), file ZipCode.csv:27852 data 78602
    regex_detector_test.go:84: Expected label ZipCode, got  ([]), file ZipCode.csv:27853 data 78605
    regex_detector_test.go:84: Expected label ZipCode, got  ([]), file ZipCode.csv:27854 data 78606
    regex_detector_test.go:84: Expected label ZipCode, got  ([]), file ZipCode.csv:27855 data 78607
    regex_detector_test.go:84: Expected label ZipCode, got  ([]), file ZipCode.csv:27856 data 78608
    regex_detector_test.go:84: Expected label ZipCode, got  ([]), file ZipCode.csv:27857 data 78609
    regex_detector_test.go:84: Expected label ZipCode, got  ([]), file ZipCode.csv:27858 data 78610
    regex_detector_test.go:84: Expected label ZipCode, got  ([]), file ZipCode.csv:27859 data 78611
    regex_detector_test.go:84: Expected label ZipCode, got  ([]), file ZipCode.csv:27860 data 78612
    regex_detector_test.go:84: Expected label ZipCode, got  ([]), file ZipCode.csv:27861 data 78613
    regex_detector_test.go:84: Expected label ZipCode, got  ([]), file ZipCode.csv:27862 data 78614
    regex_detector_test.go:84: Expected label ZipCode, got  ([]), file ZipCode.csv:27863 data 78615
    regex_detector_test.go:84: Expected label ZipCode, got  ([]), file ZipCode.csv:27864 data 78616
    regex_detector_test.go:84: Expected label ZipCode, got  ([]), file ZipCode.csv:27865 data 78617
    regex_detector_test.go:84: Expected label ZipCode, got  ([]), file ZipCode.csv:27866 data 78618
    regex_detector_test.go:84: Expected label ZipCode, got  ([]), file ZipCode.csv:27867 data 78619
    regex_detector_test.go:84: Expected label ZipCode, got  ([]), file ZipCode.csv:27868 data 78620
    regex_detector_test.go:84: Expected label ZipCode, got  ([]), file ZipCode.csv:27869 data 78621
    regex_detector_test.go:84: Expected label ZipCode, got  ([]), file ZipCode.csv:27870 data 78622
    regex_detector_test.go:84: Expected label ZipCode, got  ([]), file ZipCode.csv:27871 data 78623
    regex_detector_test.go:84: Expected label ZipCode, got  ([]), file ZipCode.csv:27872 data 78624
    regex_detector_test.go:84: Expected label ZipCode, got  ([]), file ZipCode.csv:27873 data 78626
    regex_detector_test.go:84: Expected label ZipCode, got  ([]), file ZipCode.csv:27874 data 78628
    regex_detector_test.go:84: Expected label ZipCode, got  ([]), file ZipCode.csv:27875 data 78629
    regex_detector_test.go:84: Expected label ZipCode, got  ([]), file ZipCode.csv:27876 data 78631
    regex_detector_test.go:84: Expected label ZipCode, got  ([]), file ZipCode.csv:27877 data 78632
    regex_detector_test.go:84: Expected label ZipCode, got  ([]), file ZipCode.csv:27878 data 78633
    regex_detector_test.go:84: Expected label ZipCode, got  ([]), file ZipCode.csv:27879 data 78634
    regex_detector_test.go:84: Expected label ZipCode, got  ([]), file ZipCode.csv:27880 data 78635
    regex_detector_test.go:84: Expected label ZipCode, got  ([]), file ZipCode.csv:27881 data 78636
    regex_detector_test.go:84: Expected label ZipCode, got  ([]), file ZipCode.csv:27882 data 78638
    regex_detector_test.go:84: Expected label ZipCode, got  ([]), file ZipCode.csv:27883 data 78639
    regex_detector_test.go:84: Expected label ZipCode, got  ([]), file ZipCode.csv:27884 data 78640
    regex_detector_test.go:84: Expected label ZipCode, got  ([]), file ZipCode.csv:27885 data 78641
    regex_detector_test.go:84: Expected label ZipCode, got  ([]), file ZipCode.csv:27886 data 78642
    regex_detector_test.go:84: Expected label ZipCode, got  ([]), file ZipCode.csv:27887 data 78643
    regex_detector_test.go:84: Expected label ZipCode, got  ([]), file ZipCode.csv:27888 data 78644
    regex_detector_test.go:84: Expected label ZipCode, got  ([]), file ZipCode.csv:27889 data 78645
    regex_detector_test.go:84: Expected label ZipCode, got  ([]), file ZipCode.csv:27890 data 78648
    regex_detector_test.go:84: Expected label ZipCode, got  ([]), file ZipCode.csv:27891 data 78650
    regex_detector_test.go:84: Expected label ZipCode, got  ([]), file ZipCode.csv:27892 data 78652
    regex_detector_test.go:84: Expected label ZipCode, got  ([]), file ZipCode.csv:27893 data 78653
    regex_detector_test.go:84: Expected label ZipCode, got  ([]), file ZipCode.csv:27894 data 78654
    regex_detector_test.go:84: Expected label ZipCode, got  ([]), file ZipCode.csv:27895 data 78655
    regex_detector_test.go:84: Expected label ZipCode, got  ([]), file ZipCode.csv:27896 data 78656
    regex_detector_test.go:84: Expected label ZipCode, got  ([]), file ZipCode.csv:27897 data 78657
    regex_detector_test.go:84: Expected label ZipCode, got  ([]), file ZipCode.csv:27898 data 78658
    regex_detector_test.go:84: Expected label ZipCode, got  ([]), file ZipCode.csv:27899 data 78659
    regex_detector_test.go:84: Expected label ZipCode, got  ([]), file ZipCode.csv:27900 data 78660
    regex_detector_test.go:84: Expected label ZipCode, got  ([]), file ZipCode.csv:27901 data 78661
    regex_detector_test.go:84: Expected label ZipCode, got  ([]), file ZipCode.csv:27902 data 78662
    regex_detector_test.go:84: Expected label ZipCode, got  ([]), file ZipCode.csv:27903 data 78663
    regex_detector_test.go:84: Expected label ZipCode, got  ([]), file ZipCode.csv:27904 data 78664
    regex_detector_test.go:84: Expected label ZipCode, got  ([]), file ZipCode.csv:27905 data 78665
    regex_detector_test.go:84: Expected label ZipCode, got  ([]), file ZipCode.csv:27906 data 78666
    regex_detector_test.go:84: Expected label ZipCode, got  ([]), file ZipCode.csv:27907 data 78669
    regex_detector_test.go:84: Expected label ZipCode, got  ([]), file ZipCode.csv:27908 data 78670
    regex_detector_test.go:84: Expected label ZipCode, got  ([]), file ZipCode.csv:27909 data 78671
    regex_detector_test.go:84: Expected label ZipCode, got  ([]), file ZipCode.csv:27910 data 78672
    regex_detector_test.go:84: Expected label ZipCode, got  ([]), file ZipCode.csv:27911 data 78674
    regex_detector_test.go:84: Expected label ZipCode, got  ([]), file ZipCode.csv:27912 data 78675
    regex_detector_test.go:84: Expected label ZipCode, got  ([]), file ZipCode.csv:27913 data 78676
    regex_detector_test.go:84: Expected label ZipCode, got  ([]), file ZipCode.csv:27914 data 78677
    regex_detector_test.go:84: Expected label ZipCode, got  ([]), file ZipCode.csv:27915 data 78681
    regex_detector_test.go:84: Expected label ZipCode, got  ([]), file ZipCode.csv:27916 data 78701
    regex_detector_test.go:84: Expected label ZipCode, got  ([]), file ZipCode.csv:27917 data 78702
    regex_detector_test.go:84: Expected label ZipCode, got  ([]), file ZipCode.csv:27918 data 78703
    regex_detector_test.go:84: Expected label ZipCode, got  ([]), file ZipCode.csv:27919 data 78704
    regex_detector_test.go:84: Expected label ZipCode, got  ([]), file ZipCode.csv:27920 data 78705
    regex_detector_test.go:84: Expected label ZipCode, got  ([]), file ZipCode.csv:27921 data 78712
    regex_detector_test.go:84: Expected label ZipCode, got  ([]), file ZipCode.csv:27922 data 78717
    regex_detector_test.go:84: Expected label ZipCode, got  ([]), file ZipCode.csv:27923 data 78719
    regex_detector_test.go:84: Expected label ZipCode, got  ([]), file ZipCode.csv:27924 data 78721
    regex_detector_test.go:84: Expected label ZipCode, got  ([]), file ZipCode.csv:27925 data 78722
    regex_detector_test.go:84: Expected label ZipCode, got  ([]), file ZipCode.csv:27926 data 78723
    regex_detector_test.go:84: Expected label ZipCode, got  ([]), file ZipCode.csv:27927 data 78724
    regex_detector_test.go:84: Expected label ZipCode, got  ([]), file ZipCode.csv:27928 data 78725
    regex_detector_test.go:84: Expected label ZipCode, got  ([]), file ZipCode.csv:27929 data 78726
    regex_detector_test.go:84: Expected label ZipCode, got  ([]), file ZipCode.csv:27930 data 78727
    regex_detector_test.go:84: Expected label ZipCode, got  ([]), file ZipCode.csv:27931 data 78728
    regex_detector_test.go:84: Expected label ZipCode, got  ([]), file ZipCode.csv:27932 data 78729
    regex_detector_test.go:84: Expected label ZipCode, got  ([]), file ZipCode.csv:27933 data 78730
    regex_detector_test.go:84: Expected label ZipCode, got  ([]), file ZipCode.csv:27934 data 78731
    regex_detector_test.go:84: Expected label ZipCode, got  ([]), file ZipCode.csv:27935 data 78732
    regex_detector_test.go:84: Expected label ZipCode, got  ([]), file ZipCode.csv:27936 data 78733
    regex_detector_test.go:84: Expected label ZipCode, got  ([]), file ZipCode.csv:27937 data 78734
    regex_detector_test.go:84: Expected label ZipCode, got  ([]), file ZipCode.csv:27938 data 78735
    regex_detector_test.go:84: Expected label ZipCode, got  ([]), file ZipCode.csv:27939 data 78736
    regex_detector_test.go:84: Expected label ZipCode, got  ([]), file ZipCode.csv:27940 data 78737
    regex_detector_test.go:84: Expected label ZipCode, got  ([]), file ZipCode.csv:27941 data 78738
    regex_detector_test.go:84: Expected label ZipCode, got  ([]), file ZipCode.csv:27942 data 78739
    regex_detector_test.go:84: Expected label ZipCode, got  ([]), file ZipCode.csv:27943 data 78741
    regex_detector_test.go:84: Expected label ZipCode, got  ([]), file ZipCode.csv:27944 data 78742
    regex_detector_test.go:84: Expected label ZipCode, got  ([]), file ZipCode.csv:27945 data 78744
    regex_detector_test.go:84: Expected label ZipCode, got  ([]), file ZipCode.csv:27946 data 78745
    regex_detector_test.go:84: Expected label ZipCode, got  ([]), file ZipCode.csv:27947 data 78746
    regex_detector_test.go:84: Expected label ZipCode, got  ([]), file ZipCode.csv:27948 data 78747
    regex_detector_test.go:84: Expected label ZipCode, got  ([]), file ZipCode.csv:27949 data 78748
    regex_detector_test.go:84: Expected label ZipCode, got  ([]), file ZipCode.csv:27950 data 78749
    regex_detector_test.go:84: Expected label ZipCode, got  ([]), file ZipCode.csv:27951 data 78750
    regex_detector_test.go:84: Expected label ZipCode, got  ([]), file ZipCode.csv:27952 data 78751
    regex_detector_test.go:84: Expected label ZipCode, got  ([]), file ZipCode.csv:27953 data 78752
    regex_detector_test.go:84: Expected label ZipCode, got  ([]), file ZipCode.csv:27954 data 78753
    regex_detector_test.go:84: Expected label ZipCode, got  ([]), file ZipCode.csv:27955 data 78754
    regex_detector_test.go:84: Expected label ZipCode, got  ([]), file ZipCode.csv:27956 data 78756
    regex_detector_test.go:84: Expected label ZipCode, got  ([]), file ZipCode.csv:27957 data 78757
    regex_detector_test.go:84: Expected label ZipCode, got  ([]), file ZipCode.csv:27958 data 78758
    regex_detector_test.go:84: Expected label ZipCode, got  ([]), file ZipCode.csv:27959 data 78759
    regex_detector_test.go:84: Expected label ZipCode, got  ([]), file ZipCode.csv:27960 data 78801
    regex_detector_test.go:84: Expected label ZipCode, got  ([]), file ZipCode.csv:27961 data 78802
    regex_detector_test.go:84: Expected label ZipCode, got  ([]), file ZipCode.csv:27962 data 78827
    regex_detector_test.go:84: Expected label ZipCode, got  ([]), file ZipCode.csv:27963 data 78828
    regex_detector_test.go:84: Expected label ZipCode, got  ([]), file ZipCode.csv:27964 data 78829
    regex_detector_test.go:84: Expected label ZipCode, got  ([]), file ZipCode.csv:27965 data 78830
    regex_detector_test.go:84: Expected label ZipCode, got  ([]), file ZipCode.csv:27966 data 78832
    regex_detector_test.go:84: Expected label ZipCode, got  ([]), file ZipCode.csv:27967 data 78833
    regex_detector_test.go:84: Expected label ZipCode, got  ([]), file ZipCode.csv:27968 data 78834
    regex_detector_test.go:84: Expected label ZipCode, got  ([]), file ZipCode.csv:27969 data 78836
    regex_detector_test.go:84: Expected label ZipCode, got  ([]), file ZipCode.csv:27970 data 78837
    regex_detector_test.go:84: Expected label ZipCode, got  ([]), file ZipCode.csv:27971 data 78838
    regex_detector_test.go:84: Expected label ZipCode, got  ([]), file ZipCode.csv:27972 data 78839
    regex_detector_test.go:84: Expected label ZipCode, got  ([]), file ZipCode.csv:27973 data 78840
    regex_detector_test.go:84: Expected label ZipCode, got  ([]), file ZipCode.csv:27974 data 78841
    regex_detector_test.go:84: Expected label ZipCode, got  ([]), file ZipCode.csv:27975 data 78842
    regex_detector_test.go:84: Expected label ZipCode, got  ([]), file ZipCode.csv:27976 data 78843
    regex_detector_test.go:84: Expected label ZipCode, got  ([]), file ZipCode.csv:27977 data 78850
    regex_detector_test.go:84: Expected label ZipCode, got  ([]), file ZipCode.csv:27978 data 78851
    regex_detector_test.go:84: Expected label ZipCode, got  ([]), file ZipCode.csv:27979 data 78852
    regex_detector_test.go:84: Expected label ZipCode, got  ([]), file ZipCode.csv:27980 data 78860
    regex_detector_test.go:84: Expected label ZipCode, got  ([]), file ZipCode.csv:27981 data 78861
    regex_detector_test.go:84: Expected label ZipCode, got  ([]), file ZipCode.csv:27982 data 78870
    regex_detector_test.go:84: Expected label ZipCode, got  ([]), file ZipCode.csv:27983 data 78871
    regex_detector_test.go:84: Expected label ZipCode, got  ([]), file ZipCode.csv:27984 data 78872
    regex_detector_test.go:84: Expected label ZipCode, got  ([]), file ZipCode.csv:27985 data 78873
    regex_detector_test.go:84: Expected label ZipCode, got  ([]), file ZipCode.csv:27986 data 78877
    regex_detector_test.go:84: Expected label ZipCode, got  ([]), file ZipCode.csv:27987 data 78879
    regex_detector_test.go:84: Expected label ZipCode, got  ([]), file ZipCode.csv:27988 data 78880
    regex_detector_test.go:84: Expected label ZipCode, got  ([]), file ZipCode.csv:27989 data 78881
    regex_detector_test.go:84: Expected label ZipCode, got  ([]), file ZipCode.csv:27990 data 78883
    regex_detector_test.go:84: Expected label ZipCode, got  ([]), file ZipCode.csv:27991 data 78884
    regex_detector_test.go:84: Expected label ZipCode, got  ([]), file ZipCode.csv:27992 data 78885
    regex_detector_test.go:84: Expected label ZipCode, got  ([]), file ZipCode.csv:27993 data 78886
    regex_detector_test.go:84: Expected label ZipCode, got  ([]), file ZipCode.csv:27994 data 78931
    regex_detector_test.go:84: Expected label ZipCode, got  ([]), file ZipCode.csv:27995 data 78932
    regex_detector_test.go:84: Expected label ZipCode, got  ([]), file ZipCode.csv:27996 data 78933
    regex_detector_test.go:84: Expected label ZipCode, got  ([]), file ZipCode.csv:27997 data 78934
    regex_detector_test.go:84: Expected label ZipCode, got  ([]), file ZipCode.csv:27998 data 78935
    regex_detector_test.go:84: Expected label ZipCode, got  ([]), file ZipCode.csv:27999 data 78938
    regex_detector_test.go:84: Expected label ZipCode, got  ([]), file ZipCode.csv:28000 data 78940
    regex_detector_test.go:84: Expected label ZipCode, got  ([]), file ZipCode.csv:28001 data 78941
    regex_detector_test.go:84: Expected label ZipCode, got  ([]), file ZipCode.csv:28002 data 78942
    regex_detector_test.go:84: Expected label ZipCode, got  ([]), file ZipCode.csv:28003 data 78943
    regex_detector_test.go:84: Expected label ZipCode, got  ([]), file ZipCode.csv:28004 data 78944
    regex_detector_test.go:84: Expected label ZipCode, got  ([]), file ZipCode.csv:28005 data 78945
    regex_detector_test.go:84: Expected label ZipCode, got  ([]), file ZipCode.csv:28006 data 78946
    regex_detector_test.go:84: Expected label ZipCode, got  ([]), file ZipCode.csv:28007 data 78947
    regex_detector_test.go:84: Expected label ZipCode, got  ([]), file ZipCode.csv:28008 data 78948
    regex_detector_test.go:84: Expected label ZipCode, got  ([]), file ZipCode.csv:28009 data 78949
    regex_detector_test.go:84: Expected label ZipCode, got  ([]), file ZipCode.csv:28010 data 78950
    regex_detector_test.go:84: Expected label ZipCode, got  ([]), file ZipCode.csv:28011 data 78951
    regex_detector_test.go:84: Expected label ZipCode, got  ([]), file ZipCode.csv:28012 data 78953
    regex_detector_test.go:84: Expected label ZipCode, got  ([]), file ZipCode.csv:28013 data 78954
    regex_detector_test.go:84: Expected label ZipCode, got  ([]), file ZipCode.csv:28014 data 78956
    regex_detector_test.go:84: Expected label ZipCode, got  ([]), file ZipCode.csv:28015 data 78957
    regex_detector_test.go:84: Expected label ZipCode, got  ([]), file ZipCode.csv:28016 data 78959
    regex_detector_test.go:84: Expected label ZipCode, got  ([]), file ZipCode.csv:28017 data 78962
    regex_detector_test.go:84: Expected label ZipCode, got  ([]), file ZipCode.csv:28018 data 78963
    regex_detector_test.go:84: Expected label ZipCode, got  ([]), file ZipCode.csv:28019 data 79001
    regex_detector_test.go:84: Expected label ZipCode, got  ([]), file ZipCode.csv:28020 data 79002
    regex_detector_test.go:84: Expected label ZipCode, got  ([]), file ZipCode.csv:28021 data 79003
    regex_detector_test.go:84: Expected label ZipCode, got  ([]), file ZipCode.csv:28022 data 79005
    regex_detector_test.go:84: Expected label ZipCode, got  ([]), file ZipCode.csv:28023 data 79007
    regex_detector_test.go:84: Expected label ZipCode, got  ([]), file ZipCode.csv:28024 data 79008
    regex_detector_test.go:84: Expected label ZipCode, got  ([]), file ZipCode.csv:28025 data 79009
    regex_detector_test.go:84: Expected label ZipCode, got  ([]), file ZipCode.csv:28026 data 79010
    regex_detector_test.go:84: Expected label ZipCode, got  ([]), file ZipCode.csv:28027 data 79011
    regex_detector_test.go:84: Expected label ZipCode, got  ([]), file ZipCode.csv:28028 data 79012
    regex_detector_test.go:84: Expected label ZipCode, got  ([]), file ZipCode.csv:28029 data 79013
    regex_detector_test.go:84: Expected label ZipCode, got  ([]), file ZipCode.csv:28030 data 79014
    regex_detector_test.go:84: Expected label ZipCode, got  ([]), file ZipCode.csv:28031 data 79015
    regex_detector_test.go:84: Expected label ZipCode, got  ([]), file ZipCode.csv:28032 data 79016
    regex_detector_test.go:84: Expected label ZipCode, got  ([]), file ZipCode.csv:28033 data 79018
    regex_detector_test.go:84: Expected label ZipCode, got  ([]), file ZipCode.csv:28034 data 79019
    regex_detector_test.go:84: Expected label ZipCode, got  ([]), file ZipCode.csv:28035 data 79021
    regex_detector_test.go:84: Expected label ZipCode, got  ([]), file ZipCode.csv:28036 data 79022
    regex_detector_test.go:84: Expected label ZipCode, got  ([]), file ZipCode.csv:28037 data 79024
    regex_detector_test.go:84: Expected label ZipCode, got  ([]), file ZipCode.csv:28038 data 79025
    regex_detector_test.go:84: Expected label ZipCode, got  ([]), file ZipCode.csv:28039 data 79027
    regex_detector_test.go:84: Expected label ZipCode, got  ([]), file ZipCode.csv:28040 data 79029
    regex_detector_test.go:84: Expected label ZipCode, got  ([]), file ZipCode.csv:28041 data 79031
    regex_detector_test.go:84: Expected label ZipCode, got  ([]), file ZipCode.csv:28042 data 79032
    regex_detector_test.go:84: Expected label ZipCode, got  ([]), file ZipCode.csv:28043 data 79033
    regex_detector_test.go:84: Expected label ZipCode, got  ([]), file ZipCode.csv:28044 data 79034
    regex_detector_test.go:84: Expected label ZipCode, got  ([]), file ZipCode.csv:28045 data 79035
    regex_detector_test.go:84: Expected label ZipCode, got  ([]), file ZipCode.csv:28046 data 79036
    regex_detector_test.go:84: Expected label ZipCode, got  ([]), file ZipCode.csv:28047 data 79039
    regex_detector_test.go:84: Expected label ZipCode, got  ([]), file ZipCode.csv:28048 data 79040
    regex_detector_test.go:84: Expected label ZipCode, got  ([]), file ZipCode.csv:28049 data 79041
    regex_detector_test.go:84: Expected label ZipCode, got  ([]), file ZipCode.csv:28050 data 79042
    regex_detector_test.go:84: Expected label ZipCode, got  ([]), file ZipCode.csv:28051 data 79043
    regex_detector_test.go:84: Expected label ZipCode, got  ([]), file ZipCode.csv:28052 data 79044
    regex_detector_test.go:84: Expected label ZipCode, got  ([]), file ZipCode.csv:28053 data 79045
    regex_detector_test.go:84: Expected label ZipCode, got  ([]), file ZipCode.csv:28054 data 79046
    regex_detector_test.go:84: Expected label ZipCode, got  ([]), file ZipCode.csv:28055 data 79051
    regex_detector_test.go:84: Expected label ZipCode, got  ([]), file ZipCode.csv:28056 data 79052
    regex_detector_test.go:84: Expected label ZipCode, got  ([]), file ZipCode.csv:28057 data 79053
    regex_detector_test.go:84: Expected label ZipCode, got  ([]), file ZipCode.csv:28058 data 79054
    regex_detector_test.go:84: Expected label ZipCode, got  ([]), file ZipCode.csv:28059 data 79056
    regex_detector_test.go:84: Expected label ZipCode, got  ([]), file ZipCode.csv:28060 data 79057
    regex_detector_test.go:84: Expected label ZipCode, got  ([]), file ZipCode.csv:28061 data 79058
    regex_detector_test.go:84: Expected label ZipCode, got  ([]), file ZipCode.csv:28062 data 79059
    regex_detector_test.go:84: Expected label ZipCode, got  ([]), file ZipCode.csv:28063 data 79061
    regex_detector_test.go:84: Expected label ZipCode, got  ([]), file ZipCode.csv:28064 data 79062
    regex_detector_test.go:84: Expected label ZipCode, got  ([]), file ZipCode.csv:28065 data 79063
    regex_detector_test.go:84: Expected label ZipCode, got  ([]), file ZipCode.csv:28066 data 79064
    regex_detector_test.go:84: Expected label ZipCode, got  ([]), file ZipCode.csv:28067 data 79065
    regex_detector_test.go:84: Expected label ZipCode, got  ([]), file ZipCode.csv:28068 data 79066
    regex_detector_test.go:84: Expected label ZipCode, got  ([]), file ZipCode.csv:28069 data 79068
    regex_detector_test.go:84: Expected label ZipCode, got  ([]), file ZipCode.csv:28070 data 79070
    regex_detector_test.go:84: Expected label ZipCode, got  ([]), file ZipCode.csv:28071 data 79072
    regex_detector_test.go:84: Expected label ZipCode, got  ([]), file ZipCode.csv:28072 data 79073
    regex_detector_test.go:84: Expected label ZipCode, got  ([]), file ZipCode.csv:28073 data 79078
    regex_detector_test.go:84: Expected label ZipCode, got  ([]), file ZipCode.csv:28074 data 79079
    regex_detector_test.go:84: Expected label ZipCode, got  ([]), file ZipCode.csv:28075 data 79080
    regex_detector_test.go:84: Expected label ZipCode, got  ([]), file ZipCode.csv:28076 data 79081
    regex_detector_test.go:84: Expected label ZipCode, got  ([]), file ZipCode.csv:28077 data 79082
    regex_detector_test.go:84: Expected label ZipCode, got  ([]), file ZipCode.csv:28078 data 79083
    regex_detector_test.go:84: Expected label ZipCode, got  ([]), file ZipCode.csv:28079 data 79084
    regex_detector_test.go:84: Expected label ZipCode, got  ([]), file ZipCode.csv:28080 data 79085
    regex_detector_test.go:84: Expected label ZipCode, got  ([]), file ZipCode.csv:28081 data 79086
    regex_detector_test.go:84: Expected label ZipCode, got  ([]), file ZipCode.csv:28082 data 79087
    regex_detector_test.go:84: Expected label ZipCode, got  ([]), file ZipCode.csv:28083 data 79088
    regex_detector_test.go:84: Expected label ZipCode, got  ([]), file ZipCode.csv:28084 data 79091
    regex_detector_test.go:84: Expected label ZipCode, got  ([]), file ZipCode.csv:28085 data 79092
    regex_detector_test.go:84: Expected label ZipCode, got  ([]), file ZipCode.csv:28086 data 79093
    regex_detector_test.go:84: Expected label ZipCode, got  ([]), file ZipCode.csv:28087 data 79094
    regex_detector_test.go:84: Expected label ZipCode, got  ([]), file ZipCode.csv:28088 data 79095
    regex_detector_test.go:84: Expected label ZipCode, got  ([]), file ZipCode.csv:28089 data 79096
    regex_detector_test.go:84: Expected label ZipCode, got  ([]), file ZipCode.csv:28090 data 79097
    regex_detector_test.go:84: Expected label ZipCode, got  ([]), file ZipCode.csv:28091 data 79098
    regex_detector_test.go:84: Expected label ZipCode, got  ([]), file ZipCode.csv:28092 data 79101
    regex_detector_test.go:84: Expected label ZipCode, got  ([]), file ZipCode.csv:28093 data 79102
    regex_detector_test.go:84: Expected label ZipCode, got  ([]), file ZipCode.csv:28094 data 79103
    regex_detector_test.go:84: Expected label ZipCode, got  ([]), file ZipCode.csv:28095 data 79104
    regex_detector_test.go:84: Expected label ZipCode, got  ([]), file ZipCode.csv:28096 data 79106
    regex_detector_test.go:84: Expected label ZipCode, got  ([]), file ZipCode.csv:28097 data 79107
    regex_detector_test.go:84: Expected label ZipCode, got  ([]), file ZipCode.csv:28098 data 79108
    regex_detector_test.go:84: Expected label ZipCode, got  ([]), file ZipCode.csv:28099 data 79109
    regex_detector_test.go:84: Expected label ZipCode, got  ([]), file ZipCode.csv:28100 data 79110
    regex_detector_test.go:84: Expected label ZipCode, got  ([]), file ZipCode.csv:28101 data 79111
    regex_detector_test.go:84: Expected label ZipCode, got  ([]), file ZipCode.csv:28102 data 79118
    regex_detector_test.go:84: Expected label ZipCode, got  ([]), file ZipCode.csv:28103 data 79119
    regex_detector_test.go:84: Expected label ZipCode, got  ([]), file ZipCode.csv:28104 data 79121
    regex_detector_test.go:84: Expected label ZipCode, got  ([]), file ZipCode.csv:28105 data 79124
    regex_detector_test.go:84: Expected label ZipCode, got  ([]), file ZipCode.csv:28106 data 79201
    regex_detector_test.go:84: Expected label ZipCode, got  ([]), file ZipCode.csv:28107 data 79220
    regex_detector_test.go:84: Expected label ZipCode, got  ([]), file ZipCode.csv:28108 data 79223
    regex_detector_test.go:84: Expected label ZipCode, got  ([]), file ZipCode.csv:28109 data 79225
    regex_detector_test.go:84: Expected label ZipCode, got  ([]), file ZipCode.csv:28110 data 79226
    regex_detector_test.go:84: Expected label ZipCode, got  ([]), file ZipCode.csv:28111 data 79227
    regex_detector_test.go:84: Expected label ZipCode, got  ([]), file ZipCode.csv:28112 data 79229
    regex_detector_test.go:84: Expected label ZipCode, got  ([]), file ZipCode.csv:28113 data 79230
    regex_detector_test.go:84: Expected label ZipCode, got  ([]), file ZipCode.csv:28114 data 79231
    regex_detector_test.go:84: Expected label ZipCode, got  ([]), file ZipCode.csv:28115 data 79233
    regex_detector_test.go:84: Expected label ZipCode, got  ([]), file ZipCode.csv:28116 data 79234
    regex_detector_test.go:84: Expected label ZipCode, got  ([]), file ZipCode.csv:28117 data 79235
    regex_detector_test.go:84: Expected label ZipCode, got  ([]), file ZipCode.csv:28118 data 79236
    regex_detector_test.go:84: Expected label ZipCode, got  ([]), file ZipCode.csv:28119 data 79237
    regex_detector_test.go:84: Expected label ZipCode, got  ([]), file ZipCode.csv:28120 data 79239
    regex_detector_test.go:84: Expected label ZipCode, got  ([]), file ZipCode.csv:28121 data 79240
    regex_detector_test.go:84: Expected label ZipCode, got  ([]), file ZipCode.csv:28122 data 79241
    regex_detector_test.go:84: Expected label ZipCode, got  ([]), file ZipCode.csv:28123 data 79243
    regex_detector_test.go:84: Expected label ZipCode, got  ([]), file ZipCode.csv:28124 data 79244
    regex_detector_test.go:84: Expected label ZipCode, got  ([]), file ZipCode.csv:28125 data 79245
    regex_detector_test.go:84: Expected label ZipCode, got  ([]), file ZipCode.csv:28126 data 79247
    regex_detector_test.go:84: Expected label ZipCode, got  ([]), file ZipCode.csv:28127 data 79248
    regex_detector_test.go:84: Expected label ZipCode, got  ([]), file ZipCode.csv:28128 data 79250
    regex_detector_test.go:84: Expected label ZipCode, got  ([]), file ZipCode.csv:28129 data 79251
    regex_detector_test.go:84: Expected label ZipCode, got  ([]), file ZipCode.csv:28130 data 79252
    regex_detector_test.go:84: Expected label ZipCode, got  ([]), file ZipCode.csv:28131 data 79255
    regex_detector_test.go:84: Expected label ZipCode, got  ([]), file ZipCode.csv:28132 data 79256
    regex_detector_test.go:84: Expected label ZipCode, got  ([]), file ZipCode.csv:28133 data 79257
    regex_detector_test.go:84: Expected label ZipCode, got  ([]), file ZipCode.csv:28134 data 79258
    regex_detector_test.go:84: Expected label ZipCode, got  ([]), file ZipCode.csv:28135 data 79259
    regex_detector_test.go:84: Expected label ZipCode, got  ([]), file ZipCode.csv:28136 data 79261
    regex_detector_test.go:84: Expected label ZipCode, got  ([]), file ZipCode.csv:28137 data 79311
    regex_detector_test.go:84: Expected label ZipCode, got  ([]), file ZipCode.csv:28138 data 79312
    regex_detector_test.go:84: Expected label ZipCode, got  ([]), file ZipCode.csv:28139 data 79313
    regex_detector_test.go:84: Expected label ZipCode, got  ([]), file ZipCode.csv:28140 data 79314
    regex_detector_test.go:84: Expected label ZipCode, got  ([]), file ZipCode.csv:28141 data 79316
    regex_detector_test.go:84: Expected label ZipCode, got  ([]), file ZipCode.csv:28142 data 79322
    regex_detector_test.go:84: Expected label ZipCode, got  ([]), file ZipCode.csv:28143 data 79323
    regex_detector_test.go:84: Expected label ZipCode, got  ([]), file ZipCode.csv:28144 data 79324
    regex_detector_test.go:84: Expected label ZipCode, got  ([]), file ZipCode.csv:28145 data 79325
    regex_detector_test.go:84: Expected label ZipCode, got  ([]), file ZipCode.csv:28146 data 79326
    regex_detector_test.go:84: Expected label ZipCode, got  ([]), file ZipCode.csv:28147 data 79329
    regex_detector_test.go:84: Expected label ZipCode, got  ([]), file ZipCode.csv:28148 data 79330
    regex_detector_test.go:84: Expected label ZipCode, got  ([]), file ZipCode.csv:28149 data 79331
    regex_detector_test.go:84: Expected label ZipCode, got  ([]), file ZipCode.csv:28150 data 79336
    regex_detector_test.go:84: Expected label ZipCode, got  ([]), file ZipCode.csv:28151 data 79339
    regex_detector_test.go:84: Expected label ZipCode, got  ([]), file ZipCode.csv:28152 data 79342
    regex_detector_test.go:84: Expected label ZipCode, got  ([]), file ZipCode.csv:28153 data 79343
    regex_detector_test.go:84: Expected label ZipCode, got  ([]), file ZipCode.csv:28154 data 79344
    regex_detector_test.go:84: Expected label ZipCode, got  ([]), file ZipCode.csv:28155 data 79345
    regex_detector_test.go:84: Expected label ZipCode, got  ([]), file ZipCode.csv:28156 data 79346
    regex_detector_test.go:84: Expected label ZipCode, got  ([]), file ZipCode.csv:28157 data 79347
    regex_detector_test.go:84: Expected label ZipCode, got  ([]), file ZipCode.csv:28158 data 79350
    regex_detector_test.go:84: Expected label ZipCode, got  ([]), file ZipCode.csv:28159 data 79351
    regex_detector_test.go:84: Expected label ZipCode, got  ([]), file ZipCode.csv:28160 data 79353
    regex_detector_test.go:84: Expected label ZipCode, got  ([]), file ZipCode.csv:28161 data 79355
    regex_detector_test.go:84: Expected label ZipCode, got  ([]), file ZipCode.csv:28162 data 79356
    regex_detector_test.go:84: Expected label ZipCode, got  ([]), file ZipCode.csv:28163 data 79357
    regex_detector_test.go:84: Expected label ZipCode, got  ([]), file ZipCode.csv:28164 data 79358
    regex_detector_test.go:84: Expected label ZipCode, got  ([]), file ZipCode.csv:28165 data 79359
    regex_detector_test.go:84: Expected label ZipCode, got  ([]), file ZipCode.csv:28166 data 79360
    regex_detector_test.go:84: Expected label ZipCode, got  ([]), file ZipCode.csv:28167 data 79363
    regex_detector_test.go:84: Expected label ZipCode, got  ([]), file ZipCode.csv:28168 data 79364
    regex_detector_test.go:84: Expected label ZipCode, got  ([]), file ZipCode.csv:28169 data 79366
    regex_detector_test.go:84: Expected label ZipCode, got  ([]), file ZipCode.csv:28170 data 79367
    regex_detector_test.go:84: Expected label ZipCode, got  ([]), file ZipCode.csv:28171 data 79369
    regex_detector_test.go:84: Expected label ZipCode, got  ([]), file ZipCode.csv:28172 data 79370
    regex_detector_test.go:84: Expected label ZipCode, got  ([]), file ZipCode.csv:28173 data 79371
    regex_detector_test.go:84: Expected label ZipCode, got  ([]), file ZipCode.csv:28174 data 79372
    regex_detector_test.go:84: Expected label ZipCode, got  ([]), file ZipCode.csv:28175 data 79373
    regex_detector_test.go:84: Expected label ZipCode, got  ([]), file ZipCode.csv:28176 data 79376
    regex_detector_test.go:84: Expected label ZipCode, got  ([]), file ZipCode.csv:28177 data 79377
    regex_detector_test.go:84: Expected label ZipCode, got  ([]), file ZipCode.csv:28178 data 79378
    regex_detector_test.go:84: Expected label ZipCode, got  ([]), file ZipCode.csv:28179 data 79379
    regex_detector_test.go:84: Expected label ZipCode, got  ([]), file ZipCode.csv:28180 data 79380
    regex_detector_test.go:84: Expected label ZipCode, got  ([]), file ZipCode.csv:28181 data 79381
    regex_detector_test.go:84: Expected label ZipCode, got  ([]), file ZipCode.csv:28182 data 79382
    regex_detector_test.go:84: Expected label ZipCode, got  ([]), file ZipCode.csv:28183 data 79383
    regex_detector_test.go:84: Expected label ZipCode, got  ([]), file ZipCode.csv:28184 data 79401
    regex_detector_test.go:84: Expected label ZipCode, got  ([]), file ZipCode.csv:28185 data 79402
    regex_detector_test.go:84: Expected label ZipCode, got  ([]), file ZipCode.csv:28186 data 79403
    regex_detector_test.go:84: Expected label ZipCode, got  ([]), file ZipCode.csv:28187 data 79404
    regex_detector_test.go:84: Expected label ZipCode, got  ([]), file ZipCode.csv:28188 data 79406
    regex_detector_test.go:84: Expected label ZipCode, got  ([]), file ZipCode.csv:28189 data 79407
    regex_detector_test.go:84: Expected label ZipCode, got  ([]), file ZipCode.csv:28190 data 79410
    regex_detector_test.go:84: Expected label ZipCode, got  ([]), file ZipCode.csv:28191 data 79411
    regex_detector_test.go:84: Expected label ZipCode, got  ([]), file ZipCode.csv:28192 data 79412
    regex_detector_test.go:84: Expected label ZipCode, got  ([]), file ZipCode.csv:28193 data 79413
    regex_detector_test.go:84: Expected label ZipCode, got  ([]), file ZipCode.csv:28194 data 79414
    regex_detector_test.go:84: Expected label ZipCode, got  ([]), file ZipCode.csv:28195 data 79415
    regex_detector_test.go:84: Expected label ZipCode, got  ([]), file ZipCode.csv:28196 data 79416
    regex_detector_test.go:84: Expected label ZipCode, got  ([]), file ZipCode.csv:28197 data 79423
    regex_detector_test.go:84: Expected label ZipCode, got  ([]), file ZipCode.csv:28198 data 79424
    regex_detector_test.go:84: Expected label ZipCode, got  ([]), file ZipCode.csv:28199 data 79501
    regex_detector_test.go:84: Expected label ZipCode, got  ([]), file ZipCode.csv:28200 data 79502
    regex_detector_test.go:84: Expected label ZipCode, got  ([]), file ZipCode.csv:28201 data 79503
    regex_detector_test.go:84: Expected label ZipCode, got  ([]), file ZipCode.csv:28202 data 79504
    regex_detector_test.go:84: Expected label ZipCode, got  ([]), file ZipCode.csv:28203 data 79505
    regex_detector_test.go:84: Expected label ZipCode, got  ([]), file ZipCode.csv:28204 data 79506
    regex_detector_test.go:84: Expected label ZipCode, got  ([]), file ZipCode.csv:28205 data 79508
    regex_detector_test.go:84: Expected label ZipCode, got  ([]), file ZipCode.csv:28206 data 79510
    regex_detector_test.go:84: Expected label ZipCode, got  ([]), file ZipCode.csv:28207 data 79511
    regex_detector_test.go:84: Expected label ZipCode, got  ([]), file ZipCode.csv:28208 data 79512
    regex_detector_test.go:84: Expected label ZipCode, got  ([]), file ZipCode.csv:28209 data 79517
    regex_detector_test.go:84: Expected label ZipCode, got  ([]), file ZipCode.csv:28210 data 79518
    regex_detector_test.go:84: Expected label ZipCode, got  ([]), file ZipCode.csv:28211 data 79519
    regex_detector_test.go:84: Expected label ZipCode, got  ([]), file ZipCode.csv:28212 data 79520
    regex_detector_test.go:84: Expected label ZipCode, got  ([]), file ZipCode.csv:28213 data 79521
    regex_detector_test.go:84: Expected label ZipCode, got  ([]), file ZipCode.csv:28214 data 79525
    regex_detector_test.go:84: Expected label ZipCode, got  ([]), file ZipCode.csv:28215 data 79526
    regex_detector_test.go:84: Expected label ZipCode, got  ([]), file ZipCode.csv:28216 data 79527
    regex_detector_test.go:84: Expected label ZipCode, got  ([]), file ZipCode.csv:28217 data 79528
    regex_detector_test.go:84: Expected label ZipCode, got  ([]), file ZipCode.csv:28218 data 79529
    regex_detector_test.go:84: Expected label ZipCode, got  ([]), file ZipCode.csv:28219 data 79530
    regex_detector_test.go:84: Expected label ZipCode, got  ([]), file ZipCode.csv:28220 data 79532
    regex_detector_test.go:84: Expected label ZipCode, got  ([]), file ZipCode.csv:28221 data 79533
    regex_detector_test.go:84: Expected label ZipCode, got  ([]), file ZipCode.csv:28222 data 79534
    regex_detector_test.go:84: Expected label ZipCode, got  ([]), file ZipCode.csv:28223 data 79535
    regex_detector_test.go:84: Expected label ZipCode, got  ([]), file ZipCode.csv:28224 data 79536
    regex_detector_test.go:84: Expected label ZipCode, got  ([]), file ZipCode.csv:28225 data 79537
    regex_detector_test.go:84: Expected label ZipCode, got  ([]), file ZipCode.csv:28226 data 79538
    regex_detector_test.go:84: Expected label ZipCode, got  ([]), file ZipCode.csv:28227 data 79539
    regex_detector_test.go:84: Expected label ZipCode, got  ([]), file ZipCode.csv:28228 data 79540
    regex_detector_test.go:84: Expected label ZipCode, got  ([]), file ZipCode.csv:28229 data 79541
    regex_detector_test.go:84: Expected label ZipCode, got  ([]), file ZipCode.csv:28230 data 79543
    regex_detector_test.go:84: Expected label ZipCode, got  ([]), file ZipCode.csv:28231 data 79544
    regex_detector_test.go:84: Expected label ZipCode, got  ([]), file ZipCode.csv:28232 data 79545
    regex_detector_test.go:84: Expected label ZipCode, got  ([]), file ZipCode.csv:28233 data 79546
    regex_detector_test.go:84: Expected label ZipCode, got  ([]), file ZipCode.csv:28234 data 79547
    regex_detector_test.go:84: Expected label ZipCode, got  ([]), file ZipCode.csv:28235 data 79548
    regex_detector_test.go:84: Expected label ZipCode, got  ([]), file ZipCode.csv:28236 data 79549
    regex_detector_test.go:84: Expected label ZipCode, got  ([]), file ZipCode.csv:28237 data 79553
    regex_detector_test.go:84: Expected label ZipCode, got  ([]), file ZipCode.csv:28238 data 79556
    regex_detector_test.go:84: Expected label ZipCode, got  ([]), file ZipCode.csv:28239 data 79560
    regex_detector_test.go:84: Expected label ZipCode, got  ([]), file ZipCode.csv:28240 data 79561
    regex_detector_test.go:84: Expected label ZipCode, got  ([]), file ZipCode.csv:28241 data 79562
    regex_detector_test.go:84: Expected label ZipCode, got  ([]), file ZipCode.csv:28242 data 79563
    regex_detector_test.go:84: Expected label ZipCode, got  ([]), file ZipCode.csv:28243 data 79565
    regex_detector_test.go:84: Expected label ZipCode, got  ([]), file ZipCode.csv:28244 data 79566
    regex_detector_test.go:84: Expected label ZipCode, got  ([]), file ZipCode.csv:28245 data 79567
    regex_detector_test.go:84: Expected label ZipCode, got  ([]), file ZipCode.csv:28246 data 79601
    regex_detector_test.go:84: Expected label ZipCode, got  ([]), file ZipCode.csv:28247 data 79602
    regex_detector_test.go:84: Expected label ZipCode, got  ([]), file ZipCode.csv:28248 data 79603
    regex_detector_test.go:84: Expected label ZipCode, got  ([]), file ZipCode.csv:28249 data 79605
    regex_detector_test.go:84: Expected label ZipCode, got  ([]), file ZipCode.csv:28250 data 79606
    regex_detector_test.go:84: Expected label ZipCode, got  ([]), file ZipCode.csv:28251 data 79607
    regex_detector_test.go:84: Expected label ZipCode, got  ([]), file ZipCode.csv:28252 data 79699
    regex_detector_test.go:84: Expected label ZipCode, got  ([]), file ZipCode.csv:28253 data 79701
    regex_detector_test.go:84: Expected label ZipCode, got  ([]), file ZipCode.csv:28254 data 79703
    regex_detector_test.go:84: Expected label ZipCode, got  ([]), file ZipCode.csv:28255 data 79705
    regex_detector_test.go:84: Expected label ZipCode, got  ([]), file ZipCode.csv:28256 data 79706
    regex_detector_test.go:84: Expected label ZipCode, got  ([]), file ZipCode.csv:28257 data 79707
    regex_detector_test.go:84: Expected label ZipCode, got  ([]), file ZipCode.csv:28258 data 79713
    regex_detector_test.go:84: Expected label ZipCode, got  ([]), file ZipCode.csv:28259 data 79714
    regex_detector_test.go:84: Expected label ZipCode, got  ([]), file ZipCode.csv:28260 data 79718
    regex_detector_test.go:84: Expected label ZipCode, got  ([]), file ZipCode.csv:28261 data 79719
    regex_detector_test.go:84: Expected label ZipCode, got  ([]), file ZipCode.csv:28262 data 79720
    regex_detector_test.go:84: Expected label ZipCode, got  ([]), file ZipCode.csv:28263 data 79721
    regex_detector_test.go:84: Expected label ZipCode, got  ([]), file ZipCode.csv:28264 data 79730
    regex_detector_test.go:84: Expected label ZipCode, got  ([]), file ZipCode.csv:28265 data 79731
    regex_detector_test.go:84: Expected label ZipCode, got  ([]), file ZipCode.csv:28266 data 79733
    regex_detector_test.go:84: Expected label ZipCode, got  ([]), file ZipCode.csv:28267 data 79734
    regex_detector_test.go:84: Expected label ZipCode, got  ([]), file ZipCode.csv:28268 data 79735
    regex_detector_test.go:84: Expected label ZipCode, got  ([]), file ZipCode.csv:28269 data 79738
    regex_detector_test.go:84: Expected label ZipCode, got  ([]), file ZipCode.csv:28270 data 79739
    regex_detector_test.go:84: Expected label ZipCode, got  ([]), file ZipCode.csv:28271 data 79741
    regex_detector_test.go:84: Expected label ZipCode, got  ([]), file ZipCode.csv:28272 data 79742
    regex_detector_test.go:84: Expected label ZipCode, got  ([]), file ZipCode.csv:28273 data 79743
    regex_detector_test.go:84: Expected label ZipCode, got  ([]), file ZipCode.csv:28274 data 79744
    regex_detector_test.go:84: Expected label ZipCode, got  ([]), file ZipCode.csv:28275 data 79745
    regex_detector_test.go:84: Expected label ZipCode, got  ([]), file ZipCode.csv:28276 data 79748
    regex_detector_test.go:84: Expected label ZipCode, got  ([]), file ZipCode.csv:28277 data 79749
    regex_detector_test.go:84: Expected label ZipCode, got  ([]), file ZipCode.csv:28278 data 79752
    regex_detector_test.go:84: Expected label ZipCode, got  ([]), file ZipCode.csv:28279 data 79754
    regex_detector_test.go:84: Expected label ZipCode, got  ([]), file ZipCode.csv:28280 data 79755
    regex_detector_test.go:84: Expected label ZipCode, got  ([]), file ZipCode.csv:28281 data 79756
    regex_detector_test.go:84: Expected label ZipCode, got  ([]), file ZipCode.csv:28282 data 79758
    regex_detector_test.go:84: Expected label ZipCode, got  ([]), file ZipCode.csv:28283 data 79759
    regex_detector_test.go:84: Expected label ZipCode, got  ([]), file ZipCode.csv:28284 data 79761
    regex_detector_test.go:84: Expected label ZipCode, got  ([]), file ZipCode.csv:28285 data 79762
    regex_detector_test.go:84: Expected label ZipCode, got  ([]), file ZipCode.csv:28286 data 79763
    regex_detector_test.go:84: Expected label ZipCode, got  ([]), file ZipCode.csv:28287 data 79764
    regex_detector_test.go:84: Expected label ZipCode, got  ([]), file ZipCode.csv:28288 data 79765
    regex_detector_test.go:84: Expected label ZipCode, got  ([]), file ZipCode.csv:28289 data 79766
    regex_detector_test.go:84: Expected label ZipCode, got  ([]), file ZipCode.csv:28290 data 79769
    regex_detector_test.go:84: Expected label ZipCode, got  ([]), file ZipCode.csv:28291 data 79770
    regex_detector_test.go:84: Expected label ZipCode, got  ([]), file ZipCode.csv:28292 data 79772
    regex_detector_test.go:84: Expected label ZipCode, got  ([]), file ZipCode.csv:28293 data 79776
    regex_detector_test.go:84: Expected label ZipCode, got  ([]), file ZipCode.csv:28294 data 79777
    regex_detector_test.go:84: Expected label ZipCode, got  ([]), file ZipCode.csv:28295 data 79778
    regex_detector_test.go:84: Expected label ZipCode, got  ([]), file ZipCode.csv:28296 data 79780
    regex_detector_test.go:84: Expected label ZipCode, got  ([]), file ZipCode.csv:28297 data 79781
    regex_detector_test.go:84: Expected label ZipCode, got  ([]), file ZipCode.csv:28298 data 79782
    regex_detector_test.go:84: Expected label ZipCode, got  ([]), file ZipCode.csv:28299 data 79783
    regex_detector_test.go:84: Expected label ZipCode, got  ([]), file ZipCode.csv:28300 data 79785
    regex_detector_test.go:84: Expected label ZipCode, got  ([]), file ZipCode.csv:28301 data 79788
    regex_detector_test.go:84: Expected label ZipCode, got  ([]), file ZipCode.csv:28302 data 79789
    regex_detector_test.go:84: Expected label ZipCode, got  ([]), file ZipCode.csv:28303 data 79821
    regex_detector_test.go:84: Expected label ZipCode, got  ([]), file ZipCode.csv:28304 data 79830
    regex_detector_test.go:84: Expected label ZipCode, got  ([]), file ZipCode.csv:28305 data 79832
    regex_detector_test.go:84: Expected label ZipCode, got  ([]), file ZipCode.csv:28306 data 79834
    regex_detector_test.go:84: Expected label ZipCode, got  ([]), file ZipCode.csv:28307 data 79835
    regex_detector_test.go:84: Expected label ZipCode, got  ([]), file ZipCode.csv:28308 data 79836
    regex_detector_test.go:84: Expected label ZipCode, got  ([]), file ZipCode.csv:28309 data 79837
    regex_detector_test.go:84: Expected label ZipCode, got  ([]), file ZipCode.csv:28310 data 79838
    regex_detector_test.go:84: Expected label ZipCode, got  ([]), file ZipCode.csv:28311 data 79839
    regex_detector_test.go:84: Expected label ZipCode, got  ([]), file ZipCode.csv:28312 data 79842
    regex_detector_test.go:84: Expected label ZipCode, got  ([]), file ZipCode.csv:28313 data 79843
    regex_detector_test.go:84: Expected label ZipCode, got  ([]), file ZipCode.csv:28314 data 79845
    regex_detector_test.go:84: Expected label ZipCode, got  ([]), file ZipCode.csv:28315 data 79846
    regex_detector_test.go:84: Expected label ZipCode, got  ([]), file ZipCode.csv:28316 data 79847
    regex_detector_test.go:84: Expected label ZipCode, got  ([]), file ZipCode.csv:28317 data 79848
    regex_detector_test.go:84: Expected label ZipCode, got  ([]), file ZipCode.csv:28318 data 79849
    regex_detector_test.go:84: Expected label ZipCode, got  ([]), file ZipCode.csv:28319 data 79851
    regex_detector_test.go:84: Expected label ZipCode, got  ([]), file ZipCode.csv:28320 data 79852
    regex_detector_test.go:84: Expected label ZipCode, got  ([]), file ZipCode.csv:28321 data 79853
    regex_detector_test.go:84: Expected label ZipCode, got  ([]), file ZipCode.csv:28322 data 79854
    regex_detector_test.go:84: Expected label ZipCode, got  ([]), file ZipCode.csv:28323 data 79855
    regex_detector_test.go:84: Expected label ZipCode, got  ([]), file ZipCode.csv:28324 data 79901
    regex_detector_test.go:84: Expected label ZipCode, got  ([]), file ZipCode.csv:28325 data 79902
    regex_detector_test.go:84: Expected label ZipCode, got  ([]), file ZipCode.csv:28326 data 79903
    regex_detector_test.go:84: Expected label ZipCode, got  ([]), file ZipCode.csv:28327 data 79904
    regex_detector_test.go:84: Expected label ZipCode, got  ([]), file ZipCode.csv:28328 data 79905
    regex_detector_test.go:84: Expected label ZipCode, got  ([]), file ZipCode.csv:28329 data 79906
    regex_detector_test.go:84: Expected label ZipCode, got  ([]), file ZipCode.csv:28330 data 79907
    regex_detector_test.go:84: Expected label ZipCode, got  ([]), file ZipCode.csv:28331 data 79908
    regex_detector_test.go:84: Expected label ZipCode, got  ([]), file ZipCode.csv:28332 data 79911
    regex_detector_test.go:84: Expected label ZipCode, got  ([]), file ZipCode.csv:28333 data 79912
    regex_detector_test.go:84: Expected label ZipCode, got  ([]), file ZipCode.csv:28334 data 79915
    regex_detector_test.go:84: Expected label ZipCode, got  ([]), file ZipCode.csv:28335 data 79916
    regex_detector_test.go:84: Expected label ZipCode, got  ([]), file ZipCode.csv:28336 data 79918
    regex_detector_test.go:84: Expected label ZipCode, got  ([]), file ZipCode.csv:28337 data 79920
    regex_detector_test.go:84: Expected label ZipCode, got  ([]), file ZipCode.csv:28338 data 79922
    regex_detector_test.go:84: Expected label ZipCode, got  ([]), file ZipCode.csv:28339 data 79924
    regex_detector_test.go:84: Expected label ZipCode, got  ([]), file ZipCode.csv:28340 data 79925
    regex_detector_test.go:84: Expected label ZipCode, got  ([]), file ZipCode.csv:28341 data 79927
    regex_detector_test.go:84: Expected label ZipCode, got  ([]), file ZipCode.csv:28342 data 79928
    regex_detector_test.go:84: Expected label ZipCode, got  ([]), file ZipCode.csv:28343 data 79930
    regex_detector_test.go:84: Expected label ZipCode, got  ([]), file ZipCode.csv:28344 data 79932
    regex_detector_test.go:84: Expected label ZipCode, got  ([]), file ZipCode.csv:28345 data 79934
    regex_detector_test.go:84: Expected label ZipCode, got  ([]), file ZipCode.csv:28346 data 79935
    regex_detector_test.go:84: Expected label ZipCode, got  ([]), file ZipCode.csv:28347 data 79936
    regex_detector_test.go:84: Expected label ZipCode, got  ([]), file ZipCode.csv:28348 data 79938
    regex_detector_test.go:84: Expected label ZipCode, got  ([]), file ZipCode.csv:28349 data 80002
    regex_detector_test.go:84: Expected label ZipCode, got  ([]), file ZipCode.csv:28350 data 80003
    regex_detector_test.go:84: Expected label ZipCode, got  ([]), file ZipCode.csv:28351 data 80004
    regex_detector_test.go:84: Expected label ZipCode, got  ([]), file ZipCode.csv:28352 data 80005
    regex_detector_test.go:84: Expected label ZipCode, got  ([]), file ZipCode.csv:28353 data 80007
    regex_detector_test.go:84: Expected label ZipCode, got  ([]), file ZipCode.csv:28354 data 80010
    regex_detector_test.go:84: Expected label ZipCode, got  ([]), file ZipCode.csv:28355 data 80011
    regex_detector_test.go:84: Expected label ZipCode, got  ([]), file ZipCode.csv:28356 data 80012
    regex_detector_test.go:84: Expected label ZipCode, got  ([]), file ZipCode.csv:28357 data 80013
    regex_detector_test.go:84: Expected label ZipCode, got  ([]), file ZipCode.csv:28358 data 80014
    regex_detector_test.go:84: Expected label ZipCode, got  ([]), file ZipCode.csv:28359 data 80015
    regex_detector_test.go:84: Expected label ZipCode, got  ([]), file ZipCode.csv:28360 data 80016
    regex_detector_test.go:84: Expected label ZipCode, got  ([]), file ZipCode.csv:28361 data 80017
    regex_detector_test.go:84: Expected label ZipCode, got  ([]), file ZipCode.csv:28362 data 80018
    regex_detector_test.go:84: Expected label ZipCode, got  ([]), file ZipCode.csv:28363 data 80019
    regex_detector_test.go:84: Expected label ZipCode, got  ([]), file ZipCode.csv:28364 data 80020
    regex_detector_test.go:84: Expected label ZipCode, got  ([]), file ZipCode.csv:28365 data 80021
    regex_detector_test.go:84: Expected label ZipCode, got  ([]), file ZipCode.csv:28366 data 80022
    regex_detector_test.go:84: Expected label ZipCode, got  ([]), file ZipCode.csv:28367 data 80023
    regex_detector_test.go:84: Expected label ZipCode, got  ([]), file ZipCode.csv:28368 data 80024
    regex_detector_test.go:84: Expected label ZipCode, got  ([]), file ZipCode.csv:28369 data 80025
    regex_detector_test.go:84: Expected label ZipCode, got  ([]), file ZipCode.csv:28370 data 80026
    regex_detector_test.go:84: Expected label ZipCode, got  ([]), file ZipCode.csv:28371 data 80027
    regex_detector_test.go:84: Expected label ZipCode, got  ([]), file ZipCode.csv:28372 data 80030
    regex_detector_test.go:84: Expected label ZipCode, got  ([]), file ZipCode.csv:28373 data 80031
    regex_detector_test.go:84: Expected label ZipCode, got  ([]), file ZipCode.csv:28374 data 80033
    regex_detector_test.go:84: Expected label ZipCode, got  ([]), file ZipCode.csv:28375 data 80045
    regex_detector_test.go:84: Expected label ZipCode, got  ([]), file ZipCode.csv:28376 data 80101
    regex_detector_test.go:84: Expected label ZipCode, got  ([]), file ZipCode.csv:28377 data 80102
    regex_detector_test.go:84: Expected label ZipCode, got  ([]), file ZipCode.csv:28378 data 80103
    regex_detector_test.go:84: Expected label ZipCode, got  ([]), file ZipCode.csv:28379 data 80104
    regex_detector_test.go:84: Expected label ZipCode, got  ([]), file ZipCode.csv:28380 data 80105
    regex_detector_test.go:84: Expected label ZipCode, got  ([]), file ZipCode.csv:28381 data 80106
    regex_detector_test.go:84: Expected label ZipCode, got  ([]), file ZipCode.csv:28382 data 80107
    regex_detector_test.go:84: Expected label ZipCode, got  ([]), file ZipCode.csv:28383 data 80108
    regex_detector_test.go:84: Expected label ZipCode, got  ([]), file ZipCode.csv:28384 data 80109
    regex_detector_test.go:84: Expected label ZipCode, got  ([]), file ZipCode.csv:28385 data 80110
    regex_detector_test.go:84: Expected label ZipCode, got  ([]), file ZipCode.csv:28386 data 80111
    regex_detector_test.go:84: Expected label ZipCode, got  ([]), file ZipCode.csv:28387 data 80112
    regex_detector_test.go:84: Expected label ZipCode, got  ([]), file ZipCode.csv:28388 data 80113
    regex_detector_test.go:84: Expected label ZipCode, got  ([]), file ZipCode.csv:28389 data 80116
    regex_detector_test.go:84: Expected label ZipCode, got  ([]), file ZipCode.csv:28390 data 80117
    regex_detector_test.go:84: Expected label ZipCode, got  ([]), file ZipCode.csv:28391 data 80118
    regex_detector_test.go:84: Expected label ZipCode, got  ([]), file ZipCode.csv:28392 data 80120
    regex_detector_test.go:84: Expected label ZipCode, got  ([]), file ZipCode.csv:28393 data 80121
    regex_detector_test.go:84: Expected label ZipCode, got  ([]), file ZipCode.csv:28394 data 80122
    regex_detector_test.go:84: Expected label ZipCode, got  ([]), file ZipCode.csv:28395 data 80123
    regex_detector_test.go:84: Expected label ZipCode, got  ([]), file ZipCode.csv:28396 data 80124
    regex_detector_test.go:84: Expected label ZipCode, got  ([]), file ZipCode.csv:28397 data 80125
    regex_detector_test.go:84: Expected label ZipCode, got  ([]), file ZipCode.csv:28398 data 80126
    regex_detector_test.go:84: Expected label ZipCode, got  ([]), file ZipCode.csv:28399 data 80127
    regex_detector_test.go:84: Expected label ZipCode, got  ([]), file ZipCode.csv:28400 data 80128
    regex_detector_test.go:84: Expected label ZipCode, got  ([]), file ZipCode.csv:28401 data 80129
    regex_detector_test.go:84: Expected label ZipCode, got  ([]), file ZipCode.csv:28402 data 80130
    regex_detector_test.go:84: Expected label ZipCode, got  ([]), file ZipCode.csv:28403 data 80131
    regex_detector_test.go:84: Expected label ZipCode, got  ([]), file ZipCode.csv:28404 data 80132
    regex_detector_test.go:84: Expected label ZipCode, got  ([]), file ZipCode.csv:28405 data 80133
    regex_detector_test.go:84: Expected label ZipCode, got  ([]), file ZipCode.csv:28406 data 80134
    regex_detector_test.go:84: Expected label ZipCode, got  ([]), file ZipCode.csv:28407 data 80135
    regex_detector_test.go:84: Expected label ZipCode, got  ([]), file ZipCode.csv:28408 data 80136
    regex_detector_test.go:84: Expected label ZipCode, got  ([]), file ZipCode.csv:28409 data 80137
    regex_detector_test.go:84: Expected label ZipCode, got  ([]), file ZipCode.csv:28410 data 80138
    regex_detector_test.go:84: Expected label ZipCode, got  ([]), file ZipCode.csv:28411 data 80202
    regex_detector_test.go:84: Expected label ZipCode, got  ([]), file ZipCode.csv:28412 data 80203
    regex_detector_test.go:84: Expected label ZipCode, got  ([]), file ZipCode.csv:28413 data 80204
    regex_detector_test.go:84: Expected label ZipCode, got  ([]), file ZipCode.csv:28414 data 80205
    regex_detector_test.go:84: Expected label ZipCode, got  ([]), file ZipCode.csv:28415 data 80206
    regex_detector_test.go:84: Expected label ZipCode, got  ([]), file ZipCode.csv:28416 data 80207
    regex_detector_test.go:84: Expected label ZipCode, got  ([]), file ZipCode.csv:28417 data 80209
    regex_detector_test.go:84: Expected label ZipCode, got  ([]), file ZipCode.csv:28418 data 80210
    regex_detector_test.go:84: Expected label ZipCode, got  ([]), file ZipCode.csv:28419 data 80211
    regex_detector_test.go:84: Expected label ZipCode, got  ([]), file ZipCode.csv:28420 data 80212
    regex_detector_test.go:84: Expected label ZipCode, got  ([]), file ZipCode.csv:28421 data 80214
    regex_detector_test.go:84: Expected label ZipCode, got  ([]), file ZipCode.csv:28422 data 80215
    regex_detector_test.go:84: Expected label ZipCode, got  ([]), file ZipCode.csv:28423 data 80216
    regex_detector_test.go:84: Expected label ZipCode, got  ([]), file ZipCode.csv:28424 data 80218
    regex_detector_test.go:84: Expected label ZipCode, got  ([]), file ZipCode.csv:28425 data 80219
    regex_detector_test.go:84: Expected label ZipCode, got  ([]), file ZipCode.csv:28426 data 80220
    regex_detector_test.go:84: Expected label ZipCode, got  ([]), file ZipCode.csv:28427 data 80221
    regex_detector_test.go:84: Expected label ZipCode, got  ([]), file ZipCode.csv:28428 data 80222
    regex_detector_test.go:84: Expected label ZipCode, got  ([]), file ZipCode.csv:28429 data 80223
    regex_detector_test.go:84: Expected label ZipCode, got  ([]), file ZipCode.csv:28430 data 80224
    regex_detector_test.go:84: Expected label ZipCode, got  ([]), file ZipCode.csv:28431 data 80226
    regex_detector_test.go:84: Expected label ZipCode, got  ([]), file ZipCode.csv:28432 data 80227
    regex_detector_test.go:84: Expected label ZipCode, got  ([]), file ZipCode.csv:28433 data 80228
    regex_detector_test.go:84: Expected label ZipCode, got  ([]), file ZipCode.csv:28434 data 80229
    regex_detector_test.go:84: Expected label ZipCode, got  ([]), file ZipCode.csv:28435 data 80230
    regex_detector_test.go:84: Expected label ZipCode, got  ([]), file ZipCode.csv:28436 data 80231
    regex_detector_test.go:84: Expected label ZipCode, got  ([]), file ZipCode.csv:28437 data 80232
    regex_detector_test.go:84: Expected label ZipCode, got  ([]), file ZipCode.csv:28438 data 80233
    regex_detector_test.go:84: Expected label ZipCode, got  ([]), file ZipCode.csv:28439 data 80234
    regex_detector_test.go:84: Expected label ZipCode, got  ([]), file ZipCode.csv:28440 data 80235
    regex_detector_test.go:84: Expected label ZipCode, got  ([]), file ZipCode.csv:28441 data 80236
    regex_detector_test.go:84: Expected label ZipCode, got  ([]), file ZipCode.csv:28442 data 80237
    regex_detector_test.go:84: Expected label ZipCode, got  ([]), file ZipCode.csv:28443 data 80238
    regex_detector_test.go:84: Expected label ZipCode, got  ([]), file ZipCode.csv:28444 data 80239
    regex_detector_test.go:84: Expected label ZipCode, got  ([]), file ZipCode.csv:28445 data 80241
    regex_detector_test.go:84: Expected label ZipCode, got  ([]), file ZipCode.csv:28446 data 80246
    regex_detector_test.go:84: Expected label ZipCode, got  ([]), file ZipCode.csv:28447 data 80247
    regex_detector_test.go:84: Expected label ZipCode, got  ([]), file ZipCode.csv:28448 data 80249
    regex_detector_test.go:84: Expected label ZipCode, got  ([]), file ZipCode.csv:28449 data 80260
    regex_detector_test.go:84: Expected label ZipCode, got  ([]), file ZipCode.csv:28450 data 80264
    regex_detector_test.go:84: Expected label ZipCode, got  ([]), file ZipCode.csv:28451 data 80266
    regex_detector_test.go:84: Expected label ZipCode, got  ([]), file ZipCode.csv:28452 data 80290
    regex_detector_test.go:84: Expected label ZipCode, got  ([]), file ZipCode.csv:28453 data 80293
    regex_detector_test.go:84: Expected label ZipCode, got  ([]), file ZipCode.csv:28454 data 80294
    regex_detector_test.go:84: Expected label ZipCode, got  ([]), file ZipCode.csv:28455 data 80301
    regex_detector_test.go:84: Expected label ZipCode, got  ([]), file ZipCode.csv:28456 data 80302
    regex_detector_test.go:84: Expected label ZipCode, got  ([]), file ZipCode.csv:28457 data 80303
    regex_detector_test.go:84: Expected label ZipCode, got  ([]), file ZipCode.csv:28458 data 80304
    regex_detector_test.go:84: Expected label ZipCode, got  ([]), file ZipCode.csv:28459 data 80305
    regex_detector_test.go:84: Expected label ZipCode, got  ([]), file ZipCode.csv:28460 data 80310
    regex_detector_test.go:84: Expected label ZipCode, got  ([]), file ZipCode.csv:28461 data 80401
    regex_detector_test.go:84: Expected label ZipCode, got  ([]), file ZipCode.csv:28462 data 80403
    regex_detector_test.go:84: Expected label ZipCode, got  ([]), file ZipCode.csv:28463 data 80419
    regex_detector_test.go:84: Expected label ZipCode, got  ([]), file ZipCode.csv:28464 data 80420
    regex_detector_test.go:84: Expected label ZipCode, got  ([]), file ZipCode.csv:28465 data 80421
    regex_detector_test.go:84: Expected label ZipCode, got  ([]), file ZipCode.csv:28466 data 80422
    regex_detector_test.go:84: Expected label ZipCode, got  ([]), file ZipCode.csv:28467 data 80423
    regex_detector_test.go:84: Expected label ZipCode, got  ([]), file ZipCode.csv:28468 data 80424
    regex_detector_test.go:84: Expected label ZipCode, got  ([]), file ZipCode.csv:28469 data 80425
    regex_detector_test.go:84: Expected label ZipCode, got  ([]), file ZipCode.csv:28470 data 80426
    regex_detector_test.go:84: Expected label ZipCode, got  ([]), file ZipCode.csv:28471 data 80427
    regex_detector_test.go:84: Expected label ZipCode, got  ([]), file ZipCode.csv:28472 data 80428
    regex_detector_test.go:84: Expected label ZipCode, got  ([]), file ZipCode.csv:28473 data 80430
    regex_detector_test.go:84: Expected label ZipCode, got  ([]), file ZipCode.csv:28474 data 80432
    regex_detector_test.go:84: Expected label ZipCode, got  ([]), file ZipCode.csv:28475 data 80433
    regex_detector_test.go:84: Expected label ZipCode, got  ([]), file ZipCode.csv:28476 data 80434
    regex_detector_test.go:84: Expected label ZipCode, got  ([]), file ZipCode.csv:28477 data 80435
    regex_detector_test.go:84: Expected label ZipCode, got  ([]), file ZipCode.csv:28478 data 80436
    regex_detector_test.go:84: Expected label ZipCode, got  ([]), file ZipCode.csv:28479 data 80438
    regex_detector_test.go:84: Expected label ZipCode, got  ([]), file ZipCode.csv:28480 data 80439
    regex_detector_test.go:84: Expected label ZipCode, got  ([]), file ZipCode.csv:28481 data 80440
    regex_detector_test.go:84: Expected label ZipCode, got  ([]), file ZipCode.csv:28482 data 80442
    regex_detector_test.go:84: Expected label ZipCode, got  ([]), file ZipCode.csv:28483 data 80443
    regex_detector_test.go:84: Expected label ZipCode, got  ([]), file ZipCode.csv:28484 data 80444
    regex_detector_test.go:84: Expected label ZipCode, got  ([]), file ZipCode.csv:28485 data 80446
    regex_detector_test.go:84: Expected label ZipCode, got  ([]), file ZipCode.csv:28486 data 80447
    regex_detector_test.go:84: Expected label ZipCode, got  ([]), file ZipCode.csv:28487 data 80448
    regex_detector_test.go:84: Expected label ZipCode, got  ([]), file ZipCode.csv:28488 data 80449
    regex_detector_test.go:84: Expected label ZipCode, got  ([]), file ZipCode.csv:28489 data 80451
    regex_detector_test.go:84: Expected label ZipCode, got  ([]), file ZipCode.csv:28490 data 80452
    regex_detector_test.go:84: Expected label ZipCode, got  ([]), file ZipCode.csv:28491 data 80453
    regex_detector_test.go:84: Expected label ZipCode, got  ([]), file ZipCode.csv:28492 data 80454
    regex_detector_test.go:84: Expected label ZipCode, got  ([]), file ZipCode.csv:28493 data 80455
    regex_detector_test.go:84: Expected label ZipCode, got  ([]), file ZipCode.csv:28494 data 80456
    regex_detector_test.go:84: Expected label ZipCode, got  ([]), file ZipCode.csv:28495 data 80457
    regex_detector_test.go:84: Expected label ZipCode, got  ([]), file ZipCode.csv:28496 data 80459
    regex_detector_test.go:84: Expected label ZipCode, got  ([]), file ZipCode.csv:28497 data 80461
    regex_detector_test.go:84: Expected label ZipCode, got  ([]), file ZipCode.csv:28498 data 80463
    regex_detector_test.go:84: Expected label ZipCode, got  ([]), file ZipCode.csv:28499 data 80465
    regex_detector_test.go:84: Expected label ZipCode, got  ([]), file ZipCode.csv:28500 data 80466
    regex_detector_test.go:84: Expected label ZipCode, got  ([]), file ZipCode.csv:28501 data 80467
    regex_detector_test.go:84: Expected label ZipCode, got  ([]), file ZipCode.csv:28502 data 80468
    regex_detector_test.go:84: Expected label ZipCode, got  ([]), file ZipCode.csv:28503 data 80469
    regex_detector_test.go:84: Expected label ZipCode, got  ([]), file ZipCode.csv:28504 data 80470
    regex_detector_test.go:84: Expected label ZipCode, got  ([]), file ZipCode.csv:28505 data 80471
    regex_detector_test.go:84: Expected label ZipCode, got  ([]), file ZipCode.csv:28506 data 80473
    regex_detector_test.go:84: Expected label ZipCode, got  ([]), file ZipCode.csv:28507 data 80474
    regex_detector_test.go:84: Expected label ZipCode, got  ([]), file ZipCode.csv:28508 data 80475
    regex_detector_test.go:84: Expected label ZipCode, got  ([]), file ZipCode.csv:28509 data 80476
    regex_detector_test.go:84: Expected label ZipCode, got  ([]), file ZipCode.csv:28510 data 80478
    regex_detector_test.go:84: Expected label ZipCode, got  ([]), file ZipCode.csv:28511 data 80479
    regex_detector_test.go:84: Expected label ZipCode, got  ([]), file ZipCode.csv:28512 data 80480
    regex_detector_test.go:84: Expected label ZipCode, got  ([]), file ZipCode.csv:28513 data 80481
    regex_detector_test.go:84: Expected label ZipCode, got  ([]), file ZipCode.csv:28514 data 80482
    regex_detector_test.go:84: Expected label ZipCode, got  ([]), file ZipCode.csv:28515 data 80483
    regex_detector_test.go:84: Expected label ZipCode, got  ([]), file ZipCode.csv:28516 data 80487
    regex_detector_test.go:84: Expected label ZipCode, got  ([]), file ZipCode.csv:28517 data 80498
    regex_detector_test.go:84: Expected label ZipCode, got  ([]), file ZipCode.csv:28518 data 80501
    regex_detector_test.go:84: Expected label ZipCode, got  ([]), file ZipCode.csv:28519 data 80503
    regex_detector_test.go:84: Expected label ZipCode, got  ([]), file ZipCode.csv:28520 data 80504
    regex_detector_test.go:84: Expected label ZipCode, got  ([]), file ZipCode.csv:28521 data 80510
    regex_detector_test.go:84: Expected label ZipCode, got  ([]), file ZipCode.csv:28522 data 80512
    regex_detector_test.go:84: Expected label ZipCode, got  ([]), file ZipCode.csv:28523 data 80513
    regex_detector_test.go:84: Expected label ZipCode, got  ([]), file ZipCode.csv:28524 data 80514
    regex_detector_test.go:84: Expected label ZipCode, got  ([]), file ZipCode.csv:28525 data 80515
    regex_detector_test.go:84: Expected label ZipCode, got  ([]), file ZipCode.csv:28526 data 80516
    regex_detector_test.go:84: Expected label ZipCode, got  ([]), file ZipCode.csv:28527 data 80517
    regex_detector_test.go:84: Expected label ZipCode, got  ([]), file ZipCode.csv:28528 data 80520
    regex_detector_test.go:84: Expected label ZipCode, got  ([]), file ZipCode.csv:28529 data 80521
    regex_detector_test.go:84: Expected label ZipCode, got  ([]), file ZipCode.csv:28530 data 80524
    regex_detector_test.go:84: Expected label ZipCode, got  ([]), file ZipCode.csv:28531 data 80525
    regex_detector_test.go:84: Expected label ZipCode, got  ([]), file ZipCode.csv:28532 data 80526
    regex_detector_test.go:84: Expected label ZipCode, got  ([]), file ZipCode.csv:28533 data 80528
    regex_detector_test.go:84: Expected label ZipCode, got  ([]), file ZipCode.csv:28534 data 80530
    regex_detector_test.go:84: Expected label ZipCode, got  ([]), file ZipCode.csv:28535 data 80532
    regex_detector_test.go:84: Expected label ZipCode, got  ([]), file ZipCode.csv:28536 data 80534
    regex_detector_test.go:84: Expected label ZipCode, got  ([]), file ZipCode.csv:28537 data 80535
    regex_detector_test.go:84: Expected label ZipCode, got  ([]), file ZipCode.csv:28538 data 80536
    regex_detector_test.go:84: Expected label ZipCode, got  ([]), file ZipCode.csv:28539 data 80537
    regex_detector_test.go:84: Expected label ZipCode, got  ([]), file ZipCode.csv:28540 data 80538
    regex_detector_test.go:84: Expected label ZipCode, got  ([]), file ZipCode.csv:28541 data 80540
    regex_detector_test.go:84: Expected label ZipCode, got  ([]), file ZipCode.csv:28542 data 80542
    regex_detector_test.go:84: Expected label ZipCode, got  ([]), file ZipCode.csv:28543 data 80543
    regex_detector_test.go:84: Expected label ZipCode, got  ([]), file ZipCode.csv:28544 data 80544
    regex_detector_test.go:84: Expected label ZipCode, got  ([]), file ZipCode.csv:28545 data 80545
    regex_detector_test.go:84: Expected label ZipCode, got  ([]), file ZipCode.csv:28546 data 80546
    regex_detector_test.go:84: Expected label ZipCode, got  ([]), file ZipCode.csv:28547 data 80547
    regex_detector_test.go:84: Expected label ZipCode, got  ([]), file ZipCode.csv:28548 data 80549
    regex_detector_test.go:84: Expected label ZipCode, got  ([]), file ZipCode.csv:28549 data 80550
    regex_detector_test.go:84: Expected label ZipCode, got  ([]), file ZipCode.csv:28550 data 80601
    regex_detector_test.go:84: Expected label ZipCode, got  ([]), file ZipCode.csv:28551 data 80602
    regex_detector_test.go:84: Expected label ZipCode, got  ([]), file ZipCode.csv:28552 data 80603
    regex_detector_test.go:84: Expected label ZipCode, got  ([]), file ZipCode.csv:28553 data 80610
    regex_detector_test.go:84: Expected label ZipCode, got  ([]), file ZipCode.csv:28554 data 80611
    regex_detector_test.go:84: Expected label ZipCode, got  ([]), file ZipCode.csv:28555 data 80612
    regex_detector_test.go:84: Expected label ZipCode, got  ([]), file ZipCode.csv:28556 data 80615
    regex_detector_test.go:84: Expected label ZipCode, got  ([]), file ZipCode.csv:28557 data 80620
    regex_detector_test.go:84: Expected label ZipCode, got  ([]), file ZipCode.csv:28558 data 80621
    regex_detector_test.go:84: Expected label ZipCode, got  ([]), file ZipCode.csv:28559 data 80622
    regex_detector_test.go:84: Expected label ZipCode, got  ([]), file ZipCode.csv:28560 data 80623
    regex_detector_test.go:84: Expected label ZipCode, got  ([]), file ZipCode.csv:28561 data 80624
    regex_detector_test.go:84: Expected label ZipCode, got  ([]), file ZipCode.csv:28562 data 80631
    regex_detector_test.go:84: Expected label ZipCode, got  ([]), file ZipCode.csv:28563 data 80634
    regex_detector_test.go:84: Expected label ZipCode, got  ([]), file ZipCode.csv:28564 data 80640
    regex_detector_test.go:84: Expected label ZipCode, got  ([]), file ZipCode.csv:28565 data 80642
    regex_detector_test.go:84: Expected label ZipCode, got  ([]), file ZipCode.csv:28566 data 80643
    regex_detector_test.go:84: Expected label ZipCode, got  ([]), file ZipCode.csv:28567 data 80644
    regex_detector_test.go:84: Expected label ZipCode, got  ([]), file ZipCode.csv:28568 data 80645
    regex_detector_test.go:84: Expected label ZipCode, got  ([]), file ZipCode.csv:28569 data 80646
    regex_detector_test.go:84: Expected label ZipCode, got  ([]), file ZipCode.csv:28570 data 80648
    regex_detector_test.go:84: Expected label ZipCode, got  ([]), file ZipCode.csv:28571 data 80649
    regex_detector_test.go:84: Expected label ZipCode, got  ([]), file ZipCode.csv:28572 data 80650
    regex_detector_test.go:84: Expected label ZipCode, got  ([]), file ZipCode.csv:28573 data 80651
    regex_detector_test.go:84: Expected label ZipCode, got  ([]), file ZipCode.csv:28574 data 80652
    regex_detector_test.go:84: Expected label ZipCode, got  ([]), file ZipCode.csv:28575 data 80653
    regex_detector_test.go:84: Expected label ZipCode, got  ([]), file ZipCode.csv:28576 data 80654
    regex_detector_test.go:84: Expected label ZipCode, got  ([]), file ZipCode.csv:28577 data 80701
    regex_detector_test.go:84: Expected label ZipCode, got  ([]), file ZipCode.csv:28578 data 80705
    regex_detector_test.go:84: Expected label ZipCode, got  ([]), file ZipCode.csv:28579 data 80720
    regex_detector_test.go:84: Expected label ZipCode, got  ([]), file ZipCode.csv:28580 data 80721
    regex_detector_test.go:84: Expected label ZipCode, got  ([]), file ZipCode.csv:28581 data 80722
    regex_detector_test.go:84: Expected label ZipCode, got  ([]), file ZipCode.csv:28582 data 80723
    regex_detector_test.go:84: Expected label ZipCode, got  ([]), file ZipCode.csv:28583 data 80726
    regex_detector_test.go:84: Expected label ZipCode, got  ([]), file ZipCode.csv:28584 data 80727
    regex_detector_test.go:84: Expected label ZipCode, got  ([]), file ZipCode.csv:28585 data 80728
    regex_detector_test.go:84: Expected label ZipCode, got  ([]), file ZipCode.csv:28586 data 80729
    regex_detector_test.go:84: Expected label ZipCode, got  ([]), file ZipCode.csv:28587 data 80731
    regex_detector_test.go:84: Expected label ZipCode, got  ([]), file ZipCode.csv:28588 data 80732
    regex_detector_test.go:84: Expected label ZipCode, got  ([]), file ZipCode.csv:28589 data 80733
    regex_detector_test.go:84: Expected label ZipCode, got  ([]), file ZipCode.csv:28590 data 80734
    regex_detector_test.go:84: Expected label ZipCode, got  ([]), file ZipCode.csv:28591 data 80735
    regex_detector_test.go:84: Expected label ZipCode, got  ([]), file ZipCode.csv:28592 data 80736
    regex_detector_test.go:84: Expected label ZipCode, got  ([]), file ZipCode.csv:28593 data 80737
    regex_detector_test.go:84: Expected label ZipCode, got  ([]), file ZipCode.csv:28594 data 80740
    regex_detector_test.go:84: Expected label ZipCode, got  ([]), file ZipCode.csv:28595 data 80741
    regex_detector_test.go:84: Expected label ZipCode, got  ([]), file ZipCode.csv:28596 data 80742
    regex_detector_test.go:84: Expected label ZipCode, got  ([]), file ZipCode.csv:28597 data 80743
    regex_detector_test.go:84: Expected label ZipCode, got  ([]), file ZipCode.csv:28598 data 80744
    regex_detector_test.go:84: Expected label ZipCode, got  ([]), file ZipCode.csv:28599 data 80745
    regex_detector_test.go:84: Expected label ZipCode, got  ([]), file ZipCode.csv:28600 data 80746
    regex_detector_test.go:84: Expected label ZipCode, got  ([]), file ZipCode.csv:28601 data 80747
    regex_detector_test.go:84: Expected label ZipCode, got  ([]), file ZipCode.csv:28602 data 80749
    regex_detector_test.go:84: Expected label ZipCode, got  ([]), file ZipCode.csv:28603 data 80750
    regex_detector_test.go:84: Expected label ZipCode, got  ([]), file ZipCode.csv:28604 data 80751
    regex_detector_test.go:84: Expected label ZipCode, got  ([]), file ZipCode.csv:28605 data 80754
    regex_detector_test.go:84: Expected label ZipCode, got  ([]), file ZipCode.csv:28606 data 80755
    regex_detector_test.go:84: Expected label ZipCode, got  ([]), file ZipCode.csv:28607 data 80757
    regex_detector_test.go:84: Expected label ZipCode, got  ([]), file ZipCode.csv:28608 data 80758
    regex_detector_test.go:84: Expected label ZipCode, got  ([]), file ZipCode.csv:28609 data 80759
    regex_detector_test.go:84: Expected label ZipCode, got  ([]), file ZipCode.csv:28610 data 80801
    regex_detector_test.go:84: Expected label ZipCode, got  ([]), file ZipCode.csv:28611 data 80802
    regex_detector_test.go:84: Expected label ZipCode, got  ([]), file ZipCode.csv:28612 data 80804
    regex_detector_test.go:84: Expected label ZipCode, got  ([]), file ZipCode.csv:28613 data 80805
    regex_detector_test.go:84: Expected label ZipCode, got  ([]), file ZipCode.csv:28614 data 80807
    regex_detector_test.go:84: Expected label ZipCode, got  ([]), file ZipCode.csv:28615 data 80808
    regex_detector_test.go:84: Expected label ZipCode, got  ([]), file ZipCode.csv:28616 data 80809
    regex_detector_test.go:84: Expected label ZipCode, got  ([]), file ZipCode.csv:28617 data 80810
    regex_detector_test.go:84: Expected label ZipCode, got  ([]), file ZipCode.csv:28618 data 80812
    regex_detector_test.go:84: Expected label ZipCode, got  ([]), file ZipCode.csv:28619 data 80813
    regex_detector_test.go:84: Expected label ZipCode, got  ([]), file ZipCode.csv:28620 data 80814
    regex_detector_test.go:84: Expected label ZipCode, got  ([]), file ZipCode.csv:28621 data 80815
    regex_detector_test.go:84: Expected label ZipCode, got  ([]), file ZipCode.csv:28622 data 80816
    regex_detector_test.go:84: Expected label ZipCode, got  ([]), file ZipCode.csv:28623 data 80817
    regex_detector_test.go:84: Expected label ZipCode, got  ([]), file ZipCode.csv:28624 data 80818
    regex_detector_test.go:84: Expected label ZipCode, got  ([]), file ZipCode.csv:28625 data 80819
    regex_detector_test.go:84: Expected label ZipCode, got  ([]), file ZipCode.csv:28626 data 80820
    regex_detector_test.go:84: Expected label ZipCode, got  ([]), file ZipCode.csv:28627 data 80821
    regex_detector_test.go:84: Expected label ZipCode, got  ([]), file ZipCode.csv:28628 data 80822
    regex_detector_test.go:84: Expected label ZipCode, got  ([]), file ZipCode.csv:28629 data 80823
    regex_detector_test.go:84: Expected label ZipCode, got  ([]), file ZipCode.csv:28630 data 80824
    regex_detector_test.go:84: Expected label ZipCode, got  ([]), file ZipCode.csv:28631 data 80825
    regex_detector_test.go:84: Expected label ZipCode, got  ([]), file ZipCode.csv:28632 data 80826
    regex_detector_test.go:84: Expected label ZipCode, got  ([]), file ZipCode.csv:28633 data 80827
    regex_detector_test.go:84: Expected label ZipCode, got  ([]), file ZipCode.csv:28634 data 80828
    regex_detector_test.go:84: Expected label ZipCode, got  ([]), file ZipCode.csv:28635 data 80829
    regex_detector_test.go:84: Expected label ZipCode, got  ([]), file ZipCode.csv:28636 data 80830
    regex_detector_test.go:84: Expected label ZipCode, got  ([]), file ZipCode.csv:28637 data 80831
    regex_detector_test.go:84: Expected label ZipCode, got  ([]), file ZipCode.csv:28638 data 80832
    regex_detector_test.go:84: Expected label ZipCode, got  ([]), file ZipCode.csv:28639 data 80833
    regex_detector_test.go:84: Expected label ZipCode, got  ([]), file ZipCode.csv:28640 data 80834
    regex_detector_test.go:84: Expected label ZipCode, got  ([]), file ZipCode.csv:28641 data 80835
    regex_detector_test.go:84: Expected label ZipCode, got  ([]), file ZipCode.csv:28642 data 80836
    regex_detector_test.go:84: Expected label ZipCode, got  ([]), file ZipCode.csv:28643 data 80840
    regex_detector_test.go:84: Expected label ZipCode, got  ([]), file ZipCode.csv:28644 data 80860
    regex_detector_test.go:84: Expected label ZipCode, got  ([]), file ZipCode.csv:28645 data 80861
    regex_detector_test.go:84: Expected label ZipCode, got  ([]), file ZipCode.csv:28646 data 80862
    regex_detector_test.go:84: Expected label ZipCode, got  ([]), file ZipCode.csv:28647 data 80863
    regex_detector_test.go:84: Expected label ZipCode, got  ([]), file ZipCode.csv:28648 data 80864
    regex_detector_test.go:84: Expected label ZipCode, got  ([]), file ZipCode.csv:28649 data 80902
    regex_detector_test.go:84: Expected label ZipCode, got  ([]), file ZipCode.csv:28650 data 80903
    regex_detector_test.go:84: Expected label ZipCode, got  ([]), file ZipCode.csv:28651 data 80904
    regex_detector_test.go:84: Expected label ZipCode, got  ([]), file ZipCode.csv:28652 data 80905
    regex_detector_test.go:84: Expected label ZipCode, got  ([]), file ZipCode.csv:28653 data 80906
    regex_detector_test.go:84: Expected label ZipCode, got  ([]), file ZipCode.csv:28654 data 80907
    regex_detector_test.go:84: Expected label ZipCode, got  ([]), file ZipCode.csv:28655 data 80908
    regex_detector_test.go:84: Expected label ZipCode, got  ([]), file ZipCode.csv:28656 data 80909
    regex_detector_test.go:84: Expected label ZipCode, got  ([]), file ZipCode.csv:28657 data 80910
    regex_detector_test.go:84: Expected label ZipCode, got  ([]), file ZipCode.csv:28658 data 80911
    regex_detector_test.go:84: Expected label ZipCode, got  ([]), file ZipCode.csv:28659 data 80913
    regex_detector_test.go:84: Expected label ZipCode, got  ([]), file ZipCode.csv:28660 data 80914
    regex_detector_test.go:84: Expected label ZipCode, got  ([]), file ZipCode.csv:28661 data 80915
    regex_detector_test.go:84: Expected label ZipCode, got  ([]), file ZipCode.csv:28662 data 80916
    regex_detector_test.go:84: Expected label ZipCode, got  ([]), file ZipCode.csv:28663 data 80917
    regex_detector_test.go:84: Expected label ZipCode, got  ([]), file ZipCode.csv:28664 data 80918
    regex_detector_test.go:84: Expected label ZipCode, got  ([]), file ZipCode.csv:28665 data 80919
    regex_detector_test.go:84: Expected label ZipCode, got  ([]), file ZipCode.csv:28666 data 80920
    regex_detector_test.go:84: Expected label ZipCode, got  ([]), file ZipCode.csv:28667 data 80921
    regex_detector_test.go:84: Expected label ZipCode, got  ([]), file ZipCode.csv:28668 data 80922
    regex_detector_test.go:84: Expected label ZipCode, got  ([]), file ZipCode.csv:28669 data 80923
    regex_detector_test.go:84: Expected label ZipCode, got  ([]), file ZipCode.csv:28670 data 80924
    regex_detector_test.go:84: Expected label ZipCode, got  ([]), file ZipCode.csv:28671 data 80925
    regex_detector_test.go:84: Expected label ZipCode, got  ([]), file ZipCode.csv:28672 data 80926
    regex_detector_test.go:84: Expected label ZipCode, got  ([]), file ZipCode.csv:28673 data 80927
    regex_detector_test.go:84: Expected label ZipCode, got  ([]), file ZipCode.csv:28674 data 80928
    regex_detector_test.go:84: Expected label ZipCode, got  ([]), file ZipCode.csv:28675 data 80929
    regex_detector_test.go:84: Expected label ZipCode, got  ([]), file ZipCode.csv:28676 data 80930
    regex_detector_test.go:84: Expected label ZipCode, got  ([]), file ZipCode.csv:28677 data 80938
    regex_detector_test.go:84: Expected label ZipCode, got  ([]), file ZipCode.csv:28678 data 80939
    regex_detector_test.go:84: Expected label ZipCode, got  ([]), file ZipCode.csv:28679 data 80951
    regex_detector_test.go:84: Expected label ZipCode, got  ([]), file ZipCode.csv:28680 data 81001
    regex_detector_test.go:84: Expected label ZipCode, got  ([]), file ZipCode.csv:28681 data 81003
    regex_detector_test.go:84: Expected label ZipCode, got  ([]), file ZipCode.csv:28682 data 81004
    regex_detector_test.go:84: Expected label ZipCode, got  ([]), file ZipCode.csv:28683 data 81005
    regex_detector_test.go:84: Expected label ZipCode, got  ([]), file ZipCode.csv:28684 data 81006
    regex_detector_test.go:84: Expected label ZipCode, got  ([]), file ZipCode.csv:28685 data 81007
    regex_detector_test.go:84: Expected label ZipCode, got  ([]), file ZipCode.csv:28686 data 81008
    regex_detector_test.go:84: Expected label ZipCode, got  ([]), file ZipCode.csv:28687 data 81019
    regex_detector_test.go:84: Expected label ZipCode, got  ([]), file ZipCode.csv:28688 data 81020
    regex_detector_test.go:84: Expected label ZipCode, got  ([]), file ZipCode.csv:28689 data 81021
    regex_detector_test.go:84: Expected label ZipCode, got  ([]), file ZipCode.csv:28690 data 81022
    regex_detector_test.go:84: Expected label ZipCode, got  ([]), file ZipCode.csv:28691 data 81023
    regex_detector_test.go:84: Expected label ZipCode, got  ([]), file ZipCode.csv:28692 data 81024
    regex_detector_test.go:84: Expected label ZipCode, got  ([]), file ZipCode.csv:28693 data 81025
    regex_detector_test.go:84: Expected label ZipCode, got  ([]), file ZipCode.csv:28694 data 81027
    regex_detector_test.go:84: Expected label ZipCode, got  ([]), file ZipCode.csv:28695 data 81029
    regex_detector_test.go:84: Expected label ZipCode, got  ([]), file ZipCode.csv:28696 data 81030
    regex_detector_test.go:84: Expected label ZipCode, got  ([]), file ZipCode.csv:28697 data 81033
    regex_detector_test.go:84: Expected label ZipCode, got  ([]), file ZipCode.csv:28698 data 81036
    regex_detector_test.go:84: Expected label ZipCode, got  ([]), file ZipCode.csv:28699 data 81039
    regex_detector_test.go:84: Expected label ZipCode, got  ([]), file ZipCode.csv:28700 data 81040
    regex_detector_test.go:84: Expected label ZipCode, got  ([]), file ZipCode.csv:28701 data 81041
    regex_detector_test.go:84: Expected label ZipCode, got  ([]), file ZipCode.csv:28702 data 81043
    regex_detector_test.go:84: Expected label ZipCode, got  ([]), file ZipCode.csv:28703 data 81044
    regex_detector_test.go:84: Expected label ZipCode, got  ([]), file ZipCode.csv:28704 data 81045
    regex_detector_test.go:84: Expected label ZipCode, got  ([]), file ZipCode.csv:28705 data 81046
    regex_detector_test.go:84: Expected label ZipCode, got  ([]), file ZipCode.csv:28706 data 81047
    regex_detector_test.go:84: Expected label ZipCode, got  ([]), file ZipCode.csv:28707 data 81049
    regex_detector_test.go:84: Expected label ZipCode, got  ([]), file ZipCode.csv:28708 data 81050
    regex_detector_test.go:84: Expected label ZipCode, got  ([]), file ZipCode.csv:28709 data 81052
    regex_detector_test.go:84: Expected label ZipCode, got  ([]), file ZipCode.csv:28710 data 81054
    regex_detector_test.go:84: Expected label ZipCode, got  ([]), file ZipCode.csv:28711 data 81055
    regex_detector_test.go:84: Expected label ZipCode, got  ([]), file ZipCode.csv:28712 data 81057
    regex_detector_test.go:84: Expected label ZipCode, got  ([]), file ZipCode.csv:28713 data 81058
    regex_detector_test.go:84: Expected label ZipCode, got  ([]), file ZipCode.csv:28714 data 81059
    regex_detector_test.go:84: Expected label ZipCode, got  ([]), file ZipCode.csv:28715 data 81062
    regex_detector_test.go:84: Expected label ZipCode, got  ([]), file ZipCode.csv:28716 data 81063
    regex_detector_test.go:84: Expected label ZipCode, got  ([]), file ZipCode.csv:28717 data 81064
    regex_detector_test.go:84: Expected label ZipCode, got  ([]), file ZipCode.csv:28718 data 81067
    regex_detector_test.go:84: Expected label ZipCode, got  ([]), file ZipCode.csv:28719 data 81069
    regex_detector_test.go:84: Expected label ZipCode, got  ([]), file ZipCode.csv:28720 data 81071
    regex_detector_test.go:84: Expected label ZipCode, got  ([]), file ZipCode.csv:28721 data 81073
    regex_detector_test.go:84: Expected label ZipCode, got  ([]), file ZipCode.csv:28722 data 81076
    regex_detector_test.go:84: Expected label ZipCode, got  ([]), file ZipCode.csv:28723 data 81077
    regex_detector_test.go:84: Expected label ZipCode, got  ([]), file ZipCode.csv:28724 data 81081
    regex_detector_test.go:84: Expected label ZipCode, got  ([]), file ZipCode.csv:28725 data 81082
    regex_detector_test.go:84: Expected label ZipCode, got  ([]), file ZipCode.csv:28726 data 81084
    regex_detector_test.go:84: Expected label ZipCode, got  ([]), file ZipCode.csv:28727 data 81087
    regex_detector_test.go:84: Expected label ZipCode, got  ([]), file ZipCode.csv:28728 data 81089
    regex_detector_test.go:84: Expected label ZipCode, got  ([]), file ZipCode.csv:28729 data 81090
    regex_detector_test.go:84: Expected label ZipCode, got  ([]), file ZipCode.csv:28730 data 81091
    regex_detector_test.go:84: Expected label ZipCode, got  ([]), file ZipCode.csv:28731 data 81092
    regex_detector_test.go:84: Expected label ZipCode, got  ([]), file ZipCode.csv:28732 data 81101
    regex_detector_test.go:84: Expected label ZipCode, got  ([]), file ZipCode.csv:28733 data 81120
    regex_detector_test.go:84: Expected label ZipCode, got  ([]), file ZipCode.csv:28734 data 81121
    regex_detector_test.go:84: Expected label ZipCode, got  ([]), file ZipCode.csv:28735 data 81122
    regex_detector_test.go:84: Expected label ZipCode, got  ([]), file ZipCode.csv:28736 data 81123
    regex_detector_test.go:84: Expected label ZipCode, got  ([]), file ZipCode.csv:28737 data 81124
    regex_detector_test.go:84: Expected label ZipCode, got  ([]), file ZipCode.csv:28738 data 81125
    regex_detector_test.go:84: Expected label ZipCode, got  ([]), file ZipCode.csv:28739 data 81126
    regex_detector_test.go:84: Expected label ZipCode, got  ([]), file ZipCode.csv:28740 data 81128
    regex_detector_test.go:84: Expected label ZipCode, got  ([]), file ZipCode.csv:28741 data 81129
    regex_detector_test.go:84: Expected label ZipCode, got  ([]), file ZipCode.csv:28742 data 81130
    regex_detector_test.go:84: Expected label ZipCode, got  ([]), file ZipCode.csv:28743 data 81131
    regex_detector_test.go:84: Expected label ZipCode, got  ([]), file ZipCode.csv:28744 data 81132
    regex_detector_test.go:84: Expected label ZipCode, got  ([]), file ZipCode.csv:28745 data 81133
    regex_detector_test.go:84: Expected label ZipCode, got  ([]), file ZipCode.csv:28746 data 81136
    regex_detector_test.go:84: Expected label ZipCode, got  ([]), file ZipCode.csv:28747 data 81137
    regex_detector_test.go:84: Expected label ZipCode, got  ([]), file ZipCode.csv:28748 data 81138
    regex_detector_test.go:84: Expected label ZipCode, got  ([]), file ZipCode.csv:28749 data 81140
    regex_detector_test.go:84: Expected label ZipCode, got  ([]), file ZipCode.csv:28750 data 81141
    regex_detector_test.go:84: Expected label ZipCode, got  ([]), file ZipCode.csv:28751 data 81143
    regex_detector_test.go:84: Expected label ZipCode, got  ([]), file ZipCode.csv:28752 data 81144
    regex_detector_test.go:84: Expected label ZipCode, got  ([]), file ZipCode.csv:28753 data 81146
    regex_detector_test.go:84: Expected label ZipCode, got  ([]), file ZipCode.csv:28754 data 81147
    regex_detector_test.go:84: Expected label ZipCode, got  ([]), file ZipCode.csv:28755 data 81148
    regex_detector_test.go:84: Expected label ZipCode, got  ([]), file ZipCode.csv:28756 data 81149
    regex_detector_test.go:84: Expected label ZipCode, got  ([]), file ZipCode.csv:28757 data 81151
    regex_detector_test.go:84: Expected label ZipCode, got  ([]), file ZipCode.csv:28758 data 81152
    regex_detector_test.go:84: Expected label ZipCode, got  ([]), file ZipCode.csv:28759 data 81154
    regex_detector_test.go:84: Expected label ZipCode, got  ([]), file ZipCode.csv:28760 data 81155
    regex_detector_test.go:84: Expected label ZipCode, got  ([]), file ZipCode.csv:28761 data 81201
    regex_detector_test.go:84: Expected label ZipCode, got  ([]), file ZipCode.csv:28762 data 81210
    regex_detector_test.go:84: Expected label ZipCode, got  ([]), file ZipCode.csv:28763 data 81211
    regex_detector_test.go:84: Expected label ZipCode, got  ([]), file ZipCode.csv:28764 data 81212
    regex_detector_test.go:84: Expected label ZipCode, got  ([]), file ZipCode.csv:28765 data 81220
    regex_detector_test.go:84: Expected label ZipCode, got  ([]), file ZipCode.csv:28766 data 81221
    regex_detector_test.go:84: Expected label ZipCode, got  ([]), file ZipCode.csv:28767 data 81222
    regex_detector_test.go:84: Expected label ZipCode, got  ([]), file ZipCode.csv:28768 data 81223
    regex_detector_test.go:84: Expected label ZipCode, got  ([]), file ZipCode.csv:28769 data 81224
    regex_detector_test.go:84: Expected label ZipCode, got  ([]), file ZipCode.csv:28770 data 81225
    regex_detector_test.go:84: Expected label ZipCode, got  ([]), file ZipCode.csv:28771 data 81226
    regex_detector_test.go:84: Expected label ZipCode, got  ([]), file ZipCode.csv:28772 data 81227
    regex_detector_test.go:84: Expected label ZipCode, got  ([]), file ZipCode.csv:28773 data 81228
    regex_detector_test.go:84: Expected label ZipCode, got  ([]), file ZipCode.csv:28774 data 81230
    regex_detector_test.go:84: Expected label ZipCode, got  ([]), file ZipCode.csv:28775 data 81232
    regex_detector_test.go:84: Expected label ZipCode, got  ([]), file ZipCode.csv:28776 data 81233
    regex_detector_test.go:84: Expected label ZipCode, got  ([]), file ZipCode.csv:28777 data 81235
    regex_detector_test.go:84: Expected label ZipCode, got  ([]), file ZipCode.csv:28778 data 81236
    regex_detector_test.go:84: Expected label ZipCode, got  ([]), file ZipCode.csv:28779 data 81237
    regex_detector_test.go:84: Expected label ZipCode, got  ([]), file ZipCode.csv:28780 data 81239
    regex_detector_test.go:84: Expected label ZipCode, got  ([]), file ZipCode.csv:28781 data 81240
    regex_detector_test.go:84: Expected label ZipCode, got  ([]), file ZipCode.csv:28782 data 81241
    regex_detector_test.go:84: Expected label ZipCode, got  ([]), file ZipCode.csv:28783 data 81242
    regex_detector_test.go:84: Expected label ZipCode, got  ([]), file ZipCode.csv:28784 data 81243
    regex_detector_test.go:84: Expected label ZipCode, got  ([]), file ZipCode.csv:28785 data 81244
    regex_detector_test.go:84: Expected label ZipCode, got  ([]), file ZipCode.csv:28786 data 81248
    regex_detector_test.go:84: Expected label ZipCode, got  ([]), file ZipCode.csv:28787 data 81251
    regex_detector_test.go:84: Expected label ZipCode, got  ([]), file ZipCode.csv:28788 data 81252
    regex_detector_test.go:84: Expected label ZipCode, got  ([]), file ZipCode.csv:28789 data 81253
    regex_detector_test.go:84: Expected label ZipCode, got  ([]), file ZipCode.csv:28790 data 81301
    regex_detector_test.go:84: Expected label ZipCode, got  ([]), file ZipCode.csv:28791 data 81303
    regex_detector_test.go:84: Expected label ZipCode, got  ([]), file ZipCode.csv:28792 data 81320
    regex_detector_test.go:84: Expected label ZipCode, got  ([]), file ZipCode.csv:28793 data 81321
    regex_detector_test.go:84: Expected label ZipCode, got  ([]), file ZipCode.csv:28794 data 81323
    regex_detector_test.go:84: Expected label ZipCode, got  ([]), file ZipCode.csv:28795 data 81324
    regex_detector_test.go:84: Expected label ZipCode, got  ([]), file ZipCode.csv:28796 data 81325
    regex_detector_test.go:84: Expected label ZipCode, got  ([]), file ZipCode.csv:28797 data 81326
    regex_detector_test.go:84: Expected label ZipCode, got  ([]), file ZipCode.csv:28798 data 81327
    regex_detector_test.go:84: Expected label ZipCode, got  ([]), file ZipCode.csv:28799 data 81328
    regex_detector_test.go:84: Expected label ZipCode, got  ([]), file ZipCode.csv:28800 data 81330
    regex_detector_test.go:84: Expected label ZipCode, got  ([]), file ZipCode.csv:28801 data 81331
    regex_detector_test.go:84: Expected label ZipCode, got  ([]), file ZipCode.csv:28802 data 81332
    regex_detector_test.go:84: Expected label ZipCode, got  ([]), file ZipCode.csv:28803 data 81334
    regex_detector_test.go:84: Expected label ZipCode, got  ([]), file ZipCode.csv:28804 data 81335
    regex_detector_test.go:84: Expected label ZipCode, got  ([]), file ZipCode.csv:28805 data 81401
    regex_detector_test.go:84: Expected label ZipCode, got  ([]), file ZipCode.csv:28806 data 81403
    regex_detector_test.go:84: Expected label ZipCode, got  ([]), file ZipCode.csv:28807 data 81410
    regex_detector_test.go:84: Expected label ZipCode, got  ([]), file ZipCode.csv:28808 data 81411
    regex_detector_test.go:84: Expected label ZipCode, got  ([]), file ZipCode.csv:28809 data 81413
    regex_detector_test.go:84: Expected label ZipCode, got  ([]), file ZipCode.csv:28810 data 81415
    regex_detector_test.go:84: Expected label ZipCode, got  ([]), file ZipCode.csv:28811 data 81416
    regex_detector_test.go:84: Expected label ZipCode, got  ([]), file ZipCode.csv:28812 data 81418
    regex_detector_test.go:84: Expected label ZipCode, got  ([]), file ZipCode.csv:28813 data 81419
    regex_detector_test.go:84: Expected label ZipCode, got  ([]), file ZipCode.csv:28814 data 81422
    regex_detector_test.go:84: Expected label ZipCode, got  ([]), file ZipCode.csv:28815 data 81423
    regex_detector_test.go:84: Expected label ZipCode, got  ([]), file ZipCode.csv:28816 data 81424
    regex_detector_test.go:84: Expected label ZipCode, got  ([]), file ZipCode.csv:28817 data 81425
    regex_detector_test.go:84: Expected label ZipCode, got  ([]), file ZipCode.csv:28818 data 81426
    regex_detector_test.go:84: Expected label ZipCode, got  ([]), file ZipCode.csv:28819 data 81427
    regex_detector_test.go:84: Expected label ZipCode, got  ([]), file ZipCode.csv:28820 data 81428
    regex_detector_test.go:84: Expected label ZipCode, got  ([]), file ZipCode.csv:28821 data 81429
    regex_detector_test.go:84: Expected label ZipCode, got  ([]), file ZipCode.csv:28822 data 81430
    regex_detector_test.go:84: Expected label ZipCode, got  ([]), file ZipCode.csv:28823 data 81431
    regex_detector_test.go:84: Expected label ZipCode, got  ([]), file ZipCode.csv:28824 data 81432
    regex_detector_test.go:84: Expected label ZipCode, got  ([]), file ZipCode.csv:28825 data 81433
    regex_detector_test.go:84: Expected label ZipCode, got  ([]), file ZipCode.csv:28826 data 81434
    regex_detector_test.go:84: Expected label ZipCode, got  ([]), file ZipCode.csv:28827 data 81435
    regex_detector_test.go:84: Expected label ZipCode, got  ([]), file ZipCode.csv:28828 data 81501
    regex_detector_test.go:84: Expected label ZipCode, got  ([]), file ZipCode.csv:28829 data 81503
    regex_detector_test.go:84: Expected label ZipCode, got  ([]), file ZipCode.csv:28830 data 81504
    regex_detector_test.go:84: Expected label ZipCode, got  ([]), file ZipCode.csv:28831 data 81505
    regex_detector_test.go:84: Expected label ZipCode, got  ([]), file ZipCode.csv:28832 data 81506
    regex_detector_test.go:84: Expected label ZipCode, got  ([]), file ZipCode.csv:28833 data 81507
    regex_detector_test.go:84: Expected label ZipCode, got  ([]), file ZipCode.csv:28834 data 81520
    regex_detector_test.go:84: Expected label ZipCode, got  ([]), file ZipCode.csv:28835 data 81521
    regex_detector_test.go:84: Expected label ZipCode, got  ([]), file ZipCode.csv:28836 data 81522
    regex_detector_test.go:84: Expected label ZipCode, got  ([]), file ZipCode.csv:28837 data 81523
    regex_detector_test.go:84: Expected label ZipCode, got  ([]), file ZipCode.csv:28838 data 81524
    regex_detector_test.go:84: Expected label ZipCode, got  ([]), file ZipCode.csv:28839 data 81525
    regex_detector_test.go:84: Expected label ZipCode, got  ([]), file ZipCode.csv:28840 data 81526
    regex_detector_test.go:84: Expected label ZipCode, got  ([]), file ZipCode.csv:28841 data 81527
    regex_detector_test.go:84: Expected label ZipCode, got  ([]), file ZipCode.csv:28842 data 81601
    regex_detector_test.go:84: Expected label ZipCode, got  ([]), file ZipCode.csv:28843 data 81610
    regex_detector_test.go:84: Expected label ZipCode, got  ([]), file ZipCode.csv:28844 data 81611
    regex_detector_test.go:84: Expected label ZipCode, got  ([]), file ZipCode.csv:28845 data 81612
    regex_detector_test.go:84: Expected label ZipCode, got  ([]), file ZipCode.csv:28846 data 81615
    regex_detector_test.go:84: Expected label ZipCode, got  ([]), file ZipCode.csv:28847 data 81620
    regex_detector_test.go:84: Expected label ZipCode, got  ([]), file ZipCode.csv:28848 data 81621
    regex_detector_test.go:84: Expected label ZipCode, got  ([]), file ZipCode.csv:28849 data 81623
    regex_detector_test.go:84: Expected label ZipCode, got  ([]), file ZipCode.csv:28850 data 81624
    regex_detector_test.go:84: Expected label ZipCode, got  ([]), file ZipCode.csv:28851 data 81625
    regex_detector_test.go:84: Expected label ZipCode, got  ([]), file ZipCode.csv:28852 data 81630
    regex_detector_test.go:84: Expected label ZipCode, got  ([]), file ZipCode.csv:28853 data 81631
    regex_detector_test.go:84: Expected label ZipCode, got  ([]), file ZipCode.csv:28854 data 81632
    regex_detector_test.go:84: Expected label ZipCode, got  ([]), file ZipCode.csv:28855 data 81633
    regex_detector_test.go:84: Expected label ZipCode, got  ([]), file ZipCode.csv:28856 data 81635
    regex_detector_test.go:84: Expected label ZipCode, got  ([]), file ZipCode.csv:28857 data 81637
    regex_detector_test.go:84: Expected label ZipCode, got  ([]), file ZipCode.csv:28858 data 81638
    regex_detector_test.go:84: Expected label ZipCode, got  ([]), file ZipCode.csv:28859 data 81639
    regex_detector_test.go:84: Expected label ZipCode, got  ([]), file ZipCode.csv:28860 data 81640
    regex_detector_test.go:84: Expected label ZipCode, got  ([]), file ZipCode.csv:28861 data 81641
    regex_detector_test.go:84: Expected label ZipCode, got  ([]), file ZipCode.csv:28862 data 81642
    regex_detector_test.go:84: Expected label ZipCode, got  ([]), file ZipCode.csv:28863 data 81643
    regex_detector_test.go:84: Expected label ZipCode, got  ([]), file ZipCode.csv:28864 data 81645
    regex_detector_test.go:84: Expected label ZipCode, got  ([]), file ZipCode.csv:28865 data 81646
    regex_detector_test.go:84: Expected label ZipCode, got  ([]), file ZipCode.csv:28866 data 81647
    regex_detector_test.go:84: Expected label ZipCode, got  ([]), file ZipCode.csv:28867 data 81648
    regex_detector_test.go:84: Expected label ZipCode, got  ([]), file ZipCode.csv:28868 data 81649
    regex_detector_test.go:84: Expected label ZipCode, got  ([]), file ZipCode.csv:28869 data 81650
    regex_detector_test.go:84: Expected label ZipCode, got  ([]), file ZipCode.csv:28870 data 81652
    regex_detector_test.go:84: Expected label ZipCode, got  ([]), file ZipCode.csv:28871 data 81653
    regex_detector_test.go:84: Expected label ZipCode, got  ([]), file ZipCode.csv:28872 data 81654
    regex_detector_test.go:84: Expected label ZipCode, got  ([]), file ZipCode.csv:28873 data 81655
    regex_detector_test.go:84: Expected label ZipCode, got  ([]), file ZipCode.csv:28874 data 81656
    regex_detector_test.go:84: Expected label ZipCode, got  ([]), file ZipCode.csv:28875 data 81657
    regex_detector_test.go:84: Expected label ZipCode, got  ([]), file ZipCode.csv:28876 data 82001
    regex_detector_test.go:84: Expected label ZipCode, got  ([]), file ZipCode.csv:28877 data 82005
    regex_detector_test.go:84: Expected label ZipCode, got  ([]), file ZipCode.csv:28878 data 82007
    regex_detector_test.go:84: Expected label ZipCode, got  ([]), file ZipCode.csv:28879 data 82009
    regex_detector_test.go:84: Expected label ZipCode, got  ([]), file ZipCode.csv:28880 data 82050
    regex_detector_test.go:84: Expected label ZipCode, got  ([]), file ZipCode.csv:28881 data 82051
    regex_detector_test.go:84: Expected label ZipCode, got  ([]), file ZipCode.csv:28882 data 82052
    regex_detector_test.go:84: Expected label ZipCode, got  ([]), file ZipCode.csv:28883 data 82053
    regex_detector_test.go:84: Expected label ZipCode, got  ([]), file ZipCode.csv:28884 data 82054
    regex_detector_test.go:84: Expected label ZipCode, got  ([]), file ZipCode.csv:28885 data 82055
    regex_detector_test.go:84: Expected label ZipCode, got  ([]), file ZipCode.csv:28886 data 82058
    regex_detector_test.go:84: Expected label ZipCode, got  ([]), file ZipCode.csv:28887 data 82059
    regex_detector_test.go:84: Expected label ZipCode, got  ([]), file ZipCode.csv:28888 data 82060
    regex_detector_test.go:84: Expected label ZipCode, got  ([]), file ZipCode.csv:28889 data 82061
    regex_detector_test.go:84: Expected label ZipCode, got  ([]), file ZipCode.csv:28890 data 82063
    regex_detector_test.go:84: Expected label ZipCode, got  ([]), file ZipCode.csv:28891 data 82070
    regex_detector_test.go:84: Expected label ZipCode, got  ([]), file ZipCode.csv:28892 data 82072
    regex_detector_test.go:84: Expected label ZipCode, got  ([]), file ZipCode.csv:28893 data 82073
    regex_detector_test.go:84: Expected label ZipCode, got  ([]), file ZipCode.csv:28894 data 82081
    regex_detector_test.go:84: Expected label ZipCode, got  ([]), file ZipCode.csv:28895 data 82082
    regex_detector_test.go:84: Expected label ZipCode, got  ([]), file ZipCode.csv:28896 data 82083
    regex_detector_test.go:84: Expected label ZipCode, got  ([]), file ZipCode.csv:28897 data 82084
    regex_detector_test.go:84: Expected label ZipCode, got  ([]), file ZipCode.csv:28898 data 82190
    regex_detector_test.go:84: Expected label ZipCode, got  ([]), file ZipCode.csv:28899 data 82201
    regex_detector_test.go:84: Expected label ZipCode, got  ([]), file ZipCode.csv:28900 data 82210
    regex_detector_test.go:84: Expected label ZipCode, got  ([]), file ZipCode.csv:28901 data 82212
    regex_detector_test.go:84: Expected label ZipCode, got  ([]), file ZipCode.csv:28902 data 82213
    regex_detector_test.go:84: Expected label ZipCode, got  ([]), file ZipCode.csv:28903 data 82214
    regex_detector_test.go:84: Expected label ZipCode, got  ([]), file ZipCode.csv:28904 data 82215
    regex_detector_test.go:84: Expected label ZipCode, got  ([]), file ZipCode.csv:28905 data 82217
    regex_detector_test.go:84: Expected label ZipCode, got  ([]), file ZipCode.csv:28906 data 82218
    regex_detector_test.go:84: Expected label ZipCode, got  ([]), file ZipCode.csv:28907 data 82219
    regex_detector_test.go:84: Expected label ZipCode, got  ([]), file ZipCode.csv:28908 data 82221
    regex_detector_test.go:84: Expected label ZipCode, got  ([]), file ZipCode.csv:28909 data 82222
    regex_detector_test.go:84: Expected label ZipCode, got  ([]), file ZipCode.csv:28910 data 82223
    regex_detector_test.go:84: Expected label ZipCode, got  ([]), file ZipCode.csv:28911 data 82224
    regex_detector_test.go:84: Expected label ZipCode, got  ([]), file ZipCode.csv:28912 data 82225
    regex_detector_test.go:84: Expected label ZipCode, got  ([]), file ZipCode.csv:28913 data 82227
    regex_detector_test.go:84: Expected label ZipCode, got  ([]), file ZipCode.csv:28914 data 82229
    regex_detector_test.go:84: Expected label ZipCode, got  ([]), file ZipCode.csv:28915 data 82240
    regex_detector_test.go:84: Expected label ZipCode, got  ([]), file ZipCode.csv:28916 data 82242
    regex_detector_test.go:84: Expected label ZipCode, got  ([]), file ZipCode.csv:28917 data 82243
    regex_detector_test.go:84: Expected label ZipCode, got  ([]), file ZipCode.csv:28918 data 82244
    regex_detector_test.go:84: Expected label ZipCode, got  ([]), file ZipCode.csv:28919 data 82301
    regex_detector_test.go:84: Expected label ZipCode, got  ([]), file ZipCode.csv:28920 data 82310
    regex_detector_test.go:84: Expected label ZipCode, got  ([]), file ZipCode.csv:28921 data 82321
    regex_detector_test.go:84: Expected label ZipCode, got  ([]), file ZipCode.csv:28922 data 82322
    regex_detector_test.go:84: Expected label ZipCode, got  ([]), file ZipCode.csv:28923 data 82323
    regex_detector_test.go:84: Expected label ZipCode, got  ([]), file ZipCode.csv:28924 data 82324
    regex_detector_test.go:84: Expected label ZipCode, got  ([]), file ZipCode.csv:28925 data 82325
    regex_detector_test.go:84: Expected label ZipCode, got  ([]), file ZipCode.csv:28926 data 82327
    regex_detector_test.go:84: Expected label ZipCode, got  ([]), file ZipCode.csv:28927 data 82329
    regex_detector_test.go:84: Expected label ZipCode, got  ([]), file ZipCode.csv:28928 data 82331
    regex_detector_test.go:84: Expected label ZipCode, got  ([]), file ZipCode.csv:28929 data 82332
    regex_detector_test.go:84: Expected label ZipCode, got  ([]), file ZipCode.csv:28930 data 82334
    regex_detector_test.go:84: Expected label ZipCode, got  ([]), file ZipCode.csv:28931 data 82335
    regex_detector_test.go:84: Expected label ZipCode, got  ([]), file ZipCode.csv:28932 data 82336
    regex_detector_test.go:84: Expected label ZipCode, got  ([]), file ZipCode.csv:28933 data 82401
    regex_detector_test.go:84: Expected label ZipCode, got  ([]), file ZipCode.csv:28934 data 82410
    regex_detector_test.go:84: Expected label ZipCode, got  ([]), file ZipCode.csv:28935 data 82411
    regex_detector_test.go:84: Expected label ZipCode, got  ([]), file ZipCode.csv:28936 data 82412
    regex_detector_test.go:84: Expected label ZipCode, got  ([]), file ZipCode.csv:28937 data 82414
    regex_detector_test.go:84: Expected label ZipCode, got  ([]), file ZipCode.csv:28938 data 82420
    regex_detector_test.go:84: Expected label ZipCode, got  ([]), file ZipCode.csv:28939 data 82421
    regex_detector_test.go:84: Expected label ZipCode, got  ([]), file ZipCode.csv:28940 data 82422
    regex_detector_test.go:84: Expected label ZipCode, got  ([]), file ZipCode.csv:28941 data 82423
    regex_detector_test.go:84: Expected label ZipCode, got  ([]), file ZipCode.csv:28942 data 82426
    regex_detector_test.go:84: Expected label ZipCode, got  ([]), file ZipCode.csv:28943 data 82428
    regex_detector_test.go:84: Expected label ZipCode, got  ([]), file ZipCode.csv:28944 data 82430
    regex_detector_test.go:84: Expected label ZipCode, got  ([]), file ZipCode.csv:28945 data 82431
    regex_detector_test.go:84: Expected label ZipCode, got  ([]), file ZipCode.csv:28946 data 82432
    regex_detector_test.go:84: Expected label ZipCode, got  ([]), file ZipCode.csv:28947 data 82433
    regex_detector_test.go:84: Expected label ZipCode, got  ([]), file ZipCode.csv:28948 data 82434
    regex_detector_test.go:84: Expected label ZipCode, got  ([]), file ZipCode.csv:28949 data 82435
    regex_detector_test.go:84: Expected label ZipCode, got  ([]), file ZipCode.csv:28950 data 82440
    regex_detector_test.go:84: Expected label ZipCode, got  ([]), file ZipCode.csv:28951 data 82441
    regex_detector_test.go:84: Expected label ZipCode, got  ([]), file ZipCode.csv:28952 data 82442
    regex_detector_test.go:84: Expected label ZipCode, got  ([]), file ZipCode.csv:28953 data 82443
    regex_detector_test.go:84: Expected label ZipCode, got  ([]), file ZipCode.csv:28954 data 82450
    regex_detector_test.go:84: Expected label ZipCode, got  ([]), file ZipCode.csv:28955 data 82501
    regex_detector_test.go:84: Expected label ZipCode, got  ([]), file ZipCode.csv:28956 data 82510
    regex_detector_test.go:84: Expected label ZipCode, got  ([]), file ZipCode.csv:28957 data 82512
    regex_detector_test.go:84: Expected label ZipCode, got  ([]), file ZipCode.csv:28958 data 82513
    regex_detector_test.go:84: Expected label ZipCode, got  ([]), file ZipCode.csv:28959 data 82514
    regex_detector_test.go:84: Expected label ZipCode, got  ([]), file ZipCode.csv:28960 data 82515
    regex_detector_test.go:84: Expected label ZipCode, got  ([]), file ZipCode.csv:28961 data 82516
    regex_detector_test.go:84: Expected label ZipCode, got  ([]), file ZipCode.csv:28962 data 82520
    regex_detector_test.go:84: Expected label ZipCode, got  ([]), file ZipCode.csv:28963 data 82523
    regex_detector_test.go:84: Expected label ZipCode, got  ([]), file ZipCode.csv:28964 data 82601
    regex_detector_test.go:84: Expected label ZipCode, got  ([]), file ZipCode.csv:28965 data 82604
    regex_detector_test.go:84: Expected label ZipCode, got  ([]), file ZipCode.csv:28966 data 82609
    regex_detector_test.go:84: Expected label ZipCode, got  ([]), file ZipCode.csv:28967 data 82620
    regex_detector_test.go:84: Expected label ZipCode, got  ([]), file ZipCode.csv:28968 data 82630
    regex_detector_test.go:84: Expected label ZipCode, got  ([]), file ZipCode.csv:28969 data 82633
    regex_detector_test.go:84: Expected label ZipCode, got  ([]), file ZipCode.csv:28970 data 82635
    regex_detector_test.go:84: Expected label ZipCode, got  ([]), file ZipCode.csv:28971 data 82636
    regex_detector_test.go:84: Expected label ZipCode, got  ([]), file ZipCode.csv:28972 data 82637
    regex_detector_test.go:84: Expected label ZipCode, got  ([]), file ZipCode.csv:28973 data 82638
    regex_detector_test.go:84: Expected label ZipCode, got  ([]), file ZipCode.csv:28974 data 82639
    regex_detector_test.go:84: Expected label ZipCode, got  ([]), file ZipCode.csv:28975 data 82640
    regex_detector_test.go:84: Expected label ZipCode, got  ([]), file ZipCode.csv:28976 data 82642
    regex_detector_test.go:84: Expected label ZipCode, got  ([]), file ZipCode.csv:28977 data 82643
    regex_detector_test.go:84: Expected label ZipCode, got  ([]), file ZipCode.csv:28978 data 82644
    regex_detector_test.go:84: Expected label ZipCode, got  ([]), file ZipCode.csv:28979 data 82646
    regex_detector_test.go:84: Expected label ZipCode, got  ([]), file ZipCode.csv:28980 data 82648
    regex_detector_test.go:84: Expected label ZipCode, got  ([]), file ZipCode.csv:28981 data 82649
    regex_detector_test.go:84: Expected label ZipCode, got  ([]), file ZipCode.csv:28982 data 82701
    regex_detector_test.go:84: Expected label ZipCode, got  ([]), file ZipCode.csv:28983 data 82710
    regex_detector_test.go:84: Expected label ZipCode, got  ([]), file ZipCode.csv:28984 data 82711
    regex_detector_test.go:84: Expected label ZipCode, got  ([]), file ZipCode.csv:28985 data 82712
    regex_detector_test.go:84: Expected label ZipCode, got  ([]), file ZipCode.csv:28986 data 82714
    regex_detector_test.go:84: Expected label ZipCode, got  ([]), file ZipCode.csv:28987 data 82716
    regex_detector_test.go:84: Expected label ZipCode, got  ([]), file ZipCode.csv:28988 data 82718
    regex_detector_test.go:84: Expected label ZipCode, got  ([]), file ZipCode.csv:28989 data 82720
    regex_detector_test.go:84: Expected label ZipCode, got  ([]), file ZipCode.csv:28990 data 82721
    regex_detector_test.go:84: Expected label ZipCode, got  ([]), file ZipCode.csv:28991 data 82723
    regex_detector_test.go:84: Expected label ZipCode, got  ([]), file ZipCode.csv:28992 data 82725
    regex_detector_test.go:84: Expected label ZipCode, got  ([]), file ZipCode.csv:28993 data 82727
    regex_detector_test.go:84: Expected label ZipCode, got  ([]), file ZipCode.csv:28994 data 82729
    regex_detector_test.go:84: Expected label ZipCode, got  ([]), file ZipCode.csv:28995 data 82730
    regex_detector_test.go:84: Expected label ZipCode, got  ([]), file ZipCode.csv:28996 data 82731
    regex_detector_test.go:84: Expected label ZipCode, got  ([]), file ZipCode.csv:28997 data 82732
    regex_detector_test.go:84: Expected label ZipCode, got  ([]), file ZipCode.csv:28998 data 82801
    regex_detector_test.go:84: Expected label ZipCode, got  ([]), file ZipCode.csv:28999 data 82831
    regex_detector_test.go:84: Expected label ZipCode, got  ([]), file ZipCode.csv:29000 data 82832
    regex_detector_test.go:84: Expected label ZipCode, got  ([]), file ZipCode.csv:29001 data 82833
    regex_detector_test.go:84: Expected label ZipCode, got  ([]), file ZipCode.csv:29002 data 82834
    regex_detector_test.go:84: Expected label ZipCode, got  ([]), file ZipCode.csv:29003 data 82835
    regex_detector_test.go:84: Expected label ZipCode, got  ([]), file ZipCode.csv:29004 data 82836
    regex_detector_test.go:84: Expected label ZipCode, got  ([]), file ZipCode.csv:29005 data 82837
    regex_detector_test.go:84: Expected label ZipCode, got  ([]), file ZipCode.csv:29006 data 82838
    regex_detector_test.go:84: Expected label ZipCode, got  ([]), file ZipCode.csv:29007 data 82839
    regex_detector_test.go:84: Expected label ZipCode, got  ([]), file ZipCode.csv:29008 data 82842
    regex_detector_test.go:84: Expected label ZipCode, got  ([]), file ZipCode.csv:29009 data 82844
    regex_detector_test.go:84: Expected label ZipCode, got  ([]), file ZipCode.csv:29010 data 82845
    regex_detector_test.go:84: Expected label ZipCode, got  ([]), file ZipCode.csv:29011 data 82901
    regex_detector_test.go:84: Expected label ZipCode, got  ([]), file ZipCode.csv:29012 data 82922
    regex_detector_test.go:84: Expected label ZipCode, got  ([]), file ZipCode.csv:29013 data 82923
    regex_detector_test.go:84: Expected label ZipCode, got  ([]), file ZipCode.csv:29014 data 82925
    regex_detector_test.go:84: Expected label ZipCode, got  ([]), file ZipCode.csv:29015 data 82929
    regex_detector_test.go:84: Expected label ZipCode, got  ([]), file ZipCode.csv:29016 data 82930
    regex_detector_test.go:84: Expected label ZipCode, got  ([]), file ZipCode.csv:29017 data 82932
    regex_detector_test.go:84: Expected label ZipCode, got  ([]), file ZipCode.csv:29018 data 82933
    regex_detector_test.go:84: Expected label ZipCode, got  ([]), file ZipCode.csv:29019 data 82934
    regex_detector_test.go:84: Expected label ZipCode, got  ([]), file ZipCode.csv:29020 data 82935
    regex_detector_test.go:84: Expected label ZipCode, got  ([]), file ZipCode.csv:29021 data 82936
    regex_detector_test.go:84: Expected label ZipCode, got  ([]), file ZipCode.csv:29022 data 82937
    regex_detector_test.go:84: Expected label ZipCode, got  ([]), file ZipCode.csv:29023 data 82938
    regex_detector_test.go:84: Expected label ZipCode, got  ([]), file ZipCode.csv:29024 data 82939
    regex_detector_test.go:84: Expected label ZipCode, got  ([]), file ZipCode.csv:29025 data 82941
    regex_detector_test.go:84: Expected label ZipCode, got  ([]), file ZipCode.csv:29026 data 82942
    regex_detector_test.go:84: Expected label ZipCode, got  ([]), file ZipCode.csv:29027 data 82943
    regex_detector_test.go:84: Expected label ZipCode, got  ([]), file ZipCode.csv:29028 data 82944
    regex_detector_test.go:84: Expected label ZipCode, got  ([]), file ZipCode.csv:29029 data 82945
    regex_detector_test.go:84: Expected label ZipCode, got  ([]), file ZipCode.csv:29030 data 83001
    regex_detector_test.go:84: Expected label ZipCode, got  ([]), file ZipCode.csv:29031 data 83011
    regex_detector_test.go:84: Expected label ZipCode, got  ([]), file ZipCode.csv:29032 data 83012
    regex_detector_test.go:84: Expected label ZipCode, got  ([]), file ZipCode.csv:29033 data 83013
    regex_detector_test.go:84: Expected label ZipCode, got  ([]), file ZipCode.csv:29034 data 83014
    regex_detector_test.go:84: Expected label ZipCode, got  ([]), file ZipCode.csv:29035 data 83025
    regex_detector_test.go:84: Expected label ZipCode, got  ([]), file ZipCode.csv:29036 data 83101
    regex_detector_test.go:84: Expected label ZipCode, got  ([]), file ZipCode.csv:29037 data 83110
    regex_detector_test.go:84: Expected label ZipCode, got  ([]), file ZipCode.csv:29038 data 83111
    regex_detector_test.go:84: Expected label ZipCode, got  ([]), file ZipCode.csv:29039 data 83112
    regex_detector_test.go:84: Expected label ZipCode, got  ([]), file ZipCode.csv:29040 data 83113
    regex_detector_test.go:84: Expected label ZipCode, got  ([]), file ZipCode.csv:29041 data 83114
    regex_detector_test.go:84: Expected label ZipCode, got  ([]), file ZipCode.csv:29042 data 83115
    regex_detector_test.go:84: Expected label ZipCode, got  ([]), file ZipCode.csv:29043 data 83116
    regex_detector_test.go:84: Expected label ZipCode, got  ([]), file ZipCode.csv:29044 data 83118
    regex_detector_test.go:84: Expected label ZipCode, got  ([]), file ZipCode.csv:29045 data 83119
    regex_detector_test.go:84: Expected label ZipCode, got  ([]), file ZipCode.csv:29046 data 83120
    regex_detector_test.go:84: Expected label ZipCode, got  ([]), file ZipCode.csv:29047 data 83121
    regex_detector_test.go:84: Expected label ZipCode, got  ([]), file ZipCode.csv:29048 data 83122
    regex_detector_test.go:84: Expected label ZipCode, got  ([]), file ZipCode.csv:29049 data 83123
    regex_detector_test.go:84: Expected label ZipCode, got  ([]), file ZipCode.csv:29050 data 83124
    regex_detector_test.go:84: Expected label ZipCode, got  ([]), file ZipCode.csv:29051 data 83126
    regex_detector_test.go:84: Expected label ZipCode, got  ([]), file ZipCode.csv:29052 data 83127
    regex_detector_test.go:84: Expected label ZipCode, got  ([]), file ZipCode.csv:29053 data 83128
    regex_detector_test.go:84: Expected label ZipCode, got  ([]), file ZipCode.csv:29054 data 83201
    regex_detector_test.go:84: Expected label ZipCode, got  ([]), file ZipCode.csv:29055 data 83202
    regex_detector_test.go:84: Expected label ZipCode, got  ([]), file ZipCode.csv:29056 data 83203
    regex_detector_test.go:84: Expected label ZipCode, got  ([]), file ZipCode.csv:29057 data 83204
    regex_detector_test.go:84: Expected label ZipCode, got  ([]), file ZipCode.csv:29058 data 83209
    regex_detector_test.go:84: Expected label ZipCode, got  ([]), file ZipCode.csv:29059 data 83210
    regex_detector_test.go:84: Expected label ZipCode, got  ([]), file ZipCode.csv:29060 data 83211
    regex_detector_test.go:84: Expected label ZipCode, got  ([]), file ZipCode.csv:29061 data 83212
    regex_detector_test.go:84: Expected label ZipCode, got  ([]), file ZipCode.csv:29062 data 83213
    regex_detector_test.go:84: Expected label ZipCode, got  ([]), file ZipCode.csv:29063 data 83214
    regex_detector_test.go:84: Expected label ZipCode, got  ([]), file ZipCode.csv:29064 data 83215
    regex_detector_test.go:84: Expected label ZipCode, got  ([]), file ZipCode.csv:29065 data 83217
    regex_detector_test.go:84: Expected label ZipCode, got  ([]), file ZipCode.csv:29066 data 83218
    regex_detector_test.go:84: Expected label ZipCode, got  ([]), file ZipCode.csv:29067 data 83220
    regex_detector_test.go:84: Expected label ZipCode, got  ([]), file ZipCode.csv:29068 data 83221
    regex_detector_test.go:84: Expected label ZipCode, got  ([]), file ZipCode.csv:29069 data 83223
    regex_detector_test.go:84: Expected label ZipCode, got  ([]), file ZipCode.csv:29070 data 83226
    regex_detector_test.go:84: Expected label ZipCode, got  ([]), file ZipCode.csv:29071 data 83227
    regex_detector_test.go:84: Expected label ZipCode, got  ([]), file ZipCode.csv:29072 data 83228
    regex_detector_test.go:84: Expected label ZipCode, got  ([]), file ZipCode.csv:29073 data 83232
    regex_detector_test.go:84: Expected label ZipCode, got  ([]), file ZipCode.csv:29074 data 83233
    regex_detector_test.go:84: Expected label ZipCode, got  ([]), file ZipCode.csv:29075 data 83234
    regex_detector_test.go:84: Expected label ZipCode, got  ([]), file ZipCode.csv:29076 data 83235
    regex_detector_test.go:84: Expected label ZipCode, got  ([]), file ZipCode.csv:29077 data 83236
    regex_detector_test.go:84: Expected label ZipCode, got  ([]), file ZipCode.csv:29078 data 83237
    regex_detector_test.go:84: Expected label ZipCode, got  ([]), file ZipCode.csv:29079 data 83238
    regex_detector_test.go:84: Expected label ZipCode, got  ([]), file ZipCode.csv:29080 data 83239
    regex_detector_test.go:84: Expected label ZipCode, got  ([]), file ZipCode.csv:29081 data 83241
    regex_detector_test.go:84: Expected label ZipCode, got  ([]), file ZipCode.csv:29082 data 83243
    regex_detector_test.go:84: Expected label ZipCode, got  ([]), file ZipCode.csv:29083 data 83244
    regex_detector_test.go:84: Expected label ZipCode, got  ([]), file ZipCode.csv:29084 data 83245
    regex_detector_test.go:84: Expected label ZipCode, got  ([]), file ZipCode.csv:29085 data 83246
    regex_detector_test.go:84: Expected label ZipCode, got  ([]), file ZipCode.csv:29086 data 83250
    regex_detector_test.go:84: Expected label ZipCode, got  ([]), file ZipCode.csv:29087 data 83251
    regex_detector_test.go:84: Expected label ZipCode, got  ([]), file ZipCode.csv:29088 data 83252
    regex_detector_test.go:84: Expected label ZipCode, got  ([]), file ZipCode.csv:29089 data 83253
    regex_detector_test.go:84: Expected label ZipCode, got  ([]), file ZipCode.csv:29090 data 83254
    regex_detector_test.go:84: Expected label ZipCode, got  ([]), file ZipCode.csv:29091 data 83255
    regex_detector_test.go:84: Expected label ZipCode, got  ([]), file ZipCode.csv:29092 data 83261
    regex_detector_test.go:84: Expected label ZipCode, got  ([]), file ZipCode.csv:29093 data 83262
    regex_detector_test.go:84: Expected label ZipCode, got  ([]), file ZipCode.csv:29094 data 83263
    regex_detector_test.go:84: Expected label ZipCode, got  ([]), file ZipCode.csv:29095 data 83271
    regex_detector_test.go:84: Expected label ZipCode, got  ([]), file ZipCode.csv:29096 data 83272
    regex_detector_test.go:84: Expected label ZipCode, got  ([]), file ZipCode.csv:29097 data 83274
    regex_detector_test.go:84: Expected label ZipCode, got  ([]), file ZipCode.csv:29098 data 83276
    regex_detector_test.go:84: Expected label ZipCode, got  ([]), file ZipCode.csv:29099 data 83277
    regex_detector_test.go:84: Expected label ZipCode, got  ([]), file ZipCode.csv:29100 data 83278
    regex_detector_test.go:84: Expected label ZipCode, got  ([]), file ZipCode.csv:29101 data 83281
    regex_detector_test.go:84: Expected label ZipCode, got  ([]), file ZipCode.csv:29102 data 83283
    regex_detector_test.go:84: Expected label ZipCode, got  ([]), file ZipCode.csv:29103 data 83285
    regex_detector_test.go:84: Expected label ZipCode, got  ([]), file ZipCode.csv:29104 data 83286
    regex_detector_test.go:84: Expected label ZipCode, got  ([]), file ZipCode.csv:29105 data 83287
    regex_detector_test.go:84: Expected label ZipCode, got  ([]), file ZipCode.csv:29106 data 83301
    regex_detector_test.go:84: Expected label ZipCode, got  ([]), file ZipCode.csv:29107 data 83302
    regex_detector_test.go:84: Expected label ZipCode, got  ([]), file ZipCode.csv:29108 data 83311
    regex_detector_test.go:84: Expected label ZipCode, got  ([]), file ZipCode.csv:29109 data 83312
    regex_detector_test.go:84: Expected label ZipCode, got  ([]), file ZipCode.csv:29110 data 83313
    regex_detector_test.go:84: Expected label ZipCode, got  ([]), file ZipCode.csv:29111 data 83314
    regex_detector_test.go:84: Expected label ZipCode, got  ([]), file ZipCode.csv:29112 data 83316
    regex_detector_test.go:84: Expected label ZipCode, got  ([]), file ZipCode.csv:29113 data 83318
    regex_detector_test.go:84: Expected label ZipCode, got  ([]), file ZipCode.csv:29114 data 83320
    regex_detector_test.go:84: Expected label ZipCode, got  ([]), file ZipCode.csv:29115 data 83321
    regex_detector_test.go:84: Expected label ZipCode, got  ([]), file ZipCode.csv:29116 data 83322
    regex_detector_test.go:84: Expected label ZipCode, got  ([]), file ZipCode.csv:29117 data 83323
    regex_detector_test.go:84: Expected label ZipCode, got  ([]), file ZipCode.csv:29118 data 83324
    regex_detector_test.go:84: Expected label ZipCode, got  ([]), file ZipCode.csv:29119 data 83325
    regex_detector_test.go:84: Expected label ZipCode, got  ([]), file ZipCode.csv:29120 data 83327
    regex_detector_test.go:84: Expected label ZipCode, got  ([]), file ZipCode.csv:29121 data 83328
    regex_detector_test.go:84: Expected label ZipCode, got  ([]), file ZipCode.csv:29122 data 83330
    regex_detector_test.go:84: Expected label ZipCode, got  ([]), file ZipCode.csv:29123 data 83332
    regex_detector_test.go:84: Expected label ZipCode, got  ([]), file ZipCode.csv:29124 data 83333
    regex_detector_test.go:84: Expected label ZipCode, got  ([]), file ZipCode.csv:29125 data 83334
    regex_detector_test.go:84: Expected label ZipCode, got  ([]), file ZipCode.csv:29126 data 83335
    regex_detector_test.go:84: Expected label ZipCode, got  ([]), file ZipCode.csv:29127 data 83336
    regex_detector_test.go:84: Expected label ZipCode, got  ([]), file ZipCode.csv:29128 data 83337
    regex_detector_test.go:84: Expected label ZipCode, got  ([]), file ZipCode.csv:29129 data 83338
    regex_detector_test.go:84: Expected label ZipCode, got  ([]), file ZipCode.csv:29130 data 83340
    regex_detector_test.go:84: Expected label ZipCode, got  ([]), file ZipCode.csv:29131 data 83341
    regex_detector_test.go:84: Expected label ZipCode, got  ([]), file ZipCode.csv:29132 data 83342
    regex_detector_test.go:84: Expected label ZipCode, got  ([]), file ZipCode.csv:29133 data 83344
    regex_detector_test.go:84: Expected label ZipCode, got  ([]), file ZipCode.csv:29134 data 83346
    regex_detector_test.go:84: Expected label ZipCode, got  ([]), file ZipCode.csv:29135 data 83347
    regex_detector_test.go:84: Expected label ZipCode, got  ([]), file ZipCode.csv:29136 data 83348
    regex_detector_test.go:84: Expected label ZipCode, got  ([]), file ZipCode.csv:29137 data 83349
    regex_detector_test.go:84: Expected label ZipCode, got  ([]), file ZipCode.csv:29138 data 83350
    regex_detector_test.go:84: Expected label ZipCode, got  ([]), file ZipCode.csv:29139 data 83352
    regex_detector_test.go:84: Expected label ZipCode, got  ([]), file ZipCode.csv:29140 data 83353
    regex_detector_test.go:84: Expected label ZipCode, got  ([]), file ZipCode.csv:29141 data 83354
    regex_detector_test.go:84: Expected label ZipCode, got  ([]), file ZipCode.csv:29142 data 83355
    regex_detector_test.go:84: Expected label ZipCode, got  ([]), file ZipCode.csv:29143 data 83401
    regex_detector_test.go:84: Expected label ZipCode, got  ([]), file ZipCode.csv:29144 data 83402
    regex_detector_test.go:84: Expected label ZipCode, got  ([]), file ZipCode.csv:29145 data 83404
    regex_detector_test.go:84: Expected label ZipCode, got  ([]), file ZipCode.csv:29146 data 83406
    regex_detector_test.go:84: Expected label ZipCode, got  ([]), file ZipCode.csv:29147 data 83414
    regex_detector_test.go:84: Expected label ZipCode, got  ([]), file ZipCode.csv:29148 data 83420
    regex_detector_test.go:84: Expected label ZipCode, got  ([]), file ZipCode.csv:29149 data 83421
    regex_detector_test.go:84: Expected label ZipCode, got  ([]), file ZipCode.csv:29150 data 83422
    regex_detector_test.go:84: Expected label ZipCode, got  ([]), file ZipCode.csv:29151 data 83423
    regex_detector_test.go:84: Expected label ZipCode, got  ([]), file ZipCode.csv:29152 data 83424
    regex_detector_test.go:84: Expected label ZipCode, got  ([]), file ZipCode.csv:29153 data 83425
    regex_detector_test.go:84: Expected label ZipCode, got  ([]), file ZipCode.csv:29154 data 83427
    regex_detector_test.go:84: Expected label ZipCode, got  ([]), file ZipCode.csv:29155 data 83428
    regex_detector_test.go:84: Expected label ZipCode, got  ([]), file ZipCode.csv:29156 data 83429
    regex_detector_test.go:84: Expected label ZipCode, got  ([]), file ZipCode.csv:29157 data 83431
    regex_detector_test.go:84: Expected label ZipCode, got  ([]), file ZipCode.csv:29158 data 83433
    regex_detector_test.go:84: Expected label ZipCode, got  ([]), file ZipCode.csv:29159 data 83434
    regex_detector_test.go:84: Expected label ZipCode, got  ([]), file ZipCode.csv:29160 data 83435
    regex_detector_test.go:84: Expected label ZipCode, got  ([]), file ZipCode.csv:29161 data 83436
    regex_detector_test.go:84: Expected label ZipCode, got  ([]), file ZipCode.csv:29162 data 83438
    regex_detector_test.go:84: Expected label ZipCode, got  ([]), file ZipCode.csv:29163 data 83440
    regex_detector_test.go:84: Expected label ZipCode, got  ([]), file ZipCode.csv:29164 data 83442
    regex_detector_test.go:84: Expected label ZipCode, got  ([]), file ZipCode.csv:29165 data 83443
    regex_detector_test.go:84: Expected label ZipCode, got  ([]), file ZipCode.csv:29166 data 83444
    regex_detector_test.go:84: Expected label ZipCode, got  ([]), file ZipCode.csv:29167 data 83445
    regex_detector_test.go:84: Expected label ZipCode, got  ([]), file ZipCode.csv:29168 data 83446
    regex_detector_test.go:84: Expected label ZipCode, got  ([]), file ZipCode.csv:29169 data 83448
    regex_detector_test.go:84: Expected label ZipCode, got  ([]), file ZipCode.csv:29170 data 83449
    regex_detector_test.go:84: Expected label ZipCode, got  ([]), file ZipCode.csv:29171 data 83450
    regex_detector_test.go:84: Expected label ZipCode, got  ([]), file ZipCode.csv:29172 data 83451
    regex_detector_test.go:84: Expected label ZipCode, got  ([]), file ZipCode.csv:29173 data 83452
    regex_detector_test.go:84: Expected label ZipCode, got  ([]), file ZipCode.csv:29174 data 83454
    regex_detector_test.go:84: Expected label ZipCode, got  ([]), file ZipCode.csv:29175 data 83455
    regex_detector_test.go:84: Expected label ZipCode, got  ([]), file ZipCode.csv:29176 data 83460
    regex_detector_test.go:84: Expected label ZipCode, got  ([]), file ZipCode.csv:29177 data 83462
    regex_detector_test.go:84: Expected label ZipCode, got  ([]), file ZipCode.csv:29178 data 83463
    regex_detector_test.go:84: Expected label ZipCode, got  ([]), file ZipCode.csv:29179 data 83464
    regex_detector_test.go:84: Expected label ZipCode, got  ([]), file ZipCode.csv:29180 data 83465
    regex_detector_test.go:84: Expected label ZipCode, got  ([]), file ZipCode.csv:29181 data 83466
    regex_detector_test.go:84: Expected label ZipCode, got  ([]), file ZipCode.csv:29182 data 83467
    regex_detector_test.go:84: Expected label ZipCode, got  ([]), file ZipCode.csv:29183 data 83468
    regex_detector_test.go:84: Expected label ZipCode, got  ([]), file ZipCode.csv:29184 data 83469
    regex_detector_test.go:84: Expected label ZipCode, got  ([]), file ZipCode.csv:29185 data 83501
    regex_detector_test.go:84: Expected label ZipCode, got  ([]), file ZipCode.csv:29186 data 83520
    regex_detector_test.go:84: Expected label ZipCode, got  ([]), file ZipCode.csv:29187 data 83522
    regex_detector_test.go:84: Expected label ZipCode, got  ([]), file ZipCode.csv:29188 data 83523
    regex_detector_test.go:84: Expected label ZipCode, got  ([]), file ZipCode.csv:29189 data 83524
    regex_detector_test.go:84: Expected label ZipCode, got  ([]), file ZipCode.csv:29190 data 83525
    regex_detector_test.go:84: Expected label ZipCode, got  ([]), file ZipCode.csv:29191 data 83526
    regex_detector_test.go:84: Expected label ZipCode, got  ([]), file ZipCode.csv:29192 data 83530
    regex_detector_test.go:84: Expected label ZipCode, got  ([]), file ZipCode.csv:29193 data 83533
    regex_detector_test.go:84: Expected label ZipCode, got  ([]), file ZipCode.csv:29194 data 83535
    regex_detector_test.go:84: Expected label ZipCode, got  ([]), file ZipCode.csv:29195 data 83536
    regex_detector_test.go:84: Expected label ZipCode, got  ([]), file ZipCode.csv:29196 data 83537
    regex_detector_test.go:84: Expected label ZipCode, got  ([]), file ZipCode.csv:29197 data 83539
    regex_detector_test.go:84: Expected label ZipCode, got  ([]), file ZipCode.csv:29198 data 83540
    regex_detector_test.go:84: Expected label ZipCode, got  ([]), file ZipCode.csv:29199 data 83541
    regex_detector_test.go:84: Expected label ZipCode, got  ([]), file ZipCode.csv:29200 data 83542
    regex_detector_test.go:84: Expected label ZipCode, got  ([]), file ZipCode.csv:29201 data 83543
    regex_detector_test.go:84: Expected label ZipCode, got  ([]), file ZipCode.csv:29202 data 83544
    regex_detector_test.go:84: Expected label ZipCode, got  ([]), file ZipCode.csv:29203 data 83545
    regex_detector_test.go:84: Expected label ZipCode, got  ([]), file ZipCode.csv:29204 data 83546
    regex_detector_test.go:84: Expected label ZipCode, got  ([]), file ZipCode.csv:29205 data 83547
    regex_detector_test.go:84: Expected label ZipCode, got  ([]), file ZipCode.csv:29206 data 83548
    regex_detector_test.go:84: Expected label ZipCode, got  ([]), file ZipCode.csv:29207 data 83549
    regex_detector_test.go:84: Expected label ZipCode, got  ([]), file ZipCode.csv:29208 data 83552
    regex_detector_test.go:84: Expected label ZipCode, got  ([]), file ZipCode.csv:29209 data 83553
    regex_detector_test.go:84: Expected label ZipCode, got  ([]), file ZipCode.csv:29210 data 83554
    regex_detector_test.go:84: Expected label ZipCode, got  ([]), file ZipCode.csv:29211 data 83555
    regex_detector_test.go:84: Expected label ZipCode, got  ([]), file ZipCode.csv:29212 data 83602
    regex_detector_test.go:84: Expected label ZipCode, got  ([]), file ZipCode.csv:29213 data 83604
    regex_detector_test.go:84: Expected label ZipCode, got  ([]), file ZipCode.csv:29214 data 83605
    regex_detector_test.go:84: Expected label ZipCode, got  ([]), file ZipCode.csv:29215 data 83607
    regex_detector_test.go:84: Expected label ZipCode, got  ([]), file ZipCode.csv:29216 data 83610
    regex_detector_test.go:84: Expected label ZipCode, got  ([]), file ZipCode.csv:29217 data 83611
    regex_detector_test.go:84: Expected label ZipCode, got  ([]), file ZipCode.csv:29218 data 83612
    regex_detector_test.go:84: Expected label ZipCode, got  ([]), file ZipCode.csv:29219 data 83615
    regex_detector_test.go:84: Expected label ZipCode, got  ([]), file ZipCode.csv:29220 data 83616
    regex_detector_test.go:84: Expected label ZipCode, got  ([]), file ZipCode.csv:29221 data 83617
    regex_detector_test.go:84: Expected label ZipCode, got  ([]), file ZipCode.csv:29222 data 83619
    regex_detector_test.go:84: Expected label ZipCode, got  ([]), file ZipCode.csv:29223 data 83622
    regex_detector_test.go:84: Expected label ZipCode, got  ([]), file ZipCode.csv:29224 data 83623
    regex_detector_test.go:84: Expected label ZipCode, got  ([]), file ZipCode.csv:29225 data 83624
    regex_detector_test.go:84: Expected label ZipCode, got  ([]), file ZipCode.csv:29226 data 83626
    regex_detector_test.go:84: Expected label ZipCode, got  ([]), file ZipCode.csv:29227 data 83627
    regex_detector_test.go:84: Expected label ZipCode, got  ([]), file ZipCode.csv:29228 data 83628
    regex_detector_test.go:84: Expected label ZipCode, got  ([]), file ZipCode.csv:29229 data 83629
    regex_detector_test.go:84: Expected label ZipCode, got  ([]), file ZipCode.csv:29230 data 83631
    regex_detector_test.go:84: Expected label ZipCode, got  ([]), file ZipCode.csv:29231 data 83632
    regex_detector_test.go:84: Expected label ZipCode, got  ([]), file ZipCode.csv:29232 data 83633
    regex_detector_test.go:84: Expected label ZipCode, got  ([]), file ZipCode.csv:29233 data 83634
    regex_detector_test.go:84: Expected label ZipCode, got  ([]), file ZipCode.csv:29234 data 83636
    regex_detector_test.go:84: Expected label ZipCode, got  ([]), file ZipCode.csv:29235 data 83637
    regex_detector_test.go:84: Expected label ZipCode, got  ([]), file ZipCode.csv:29236 data 83638
    regex_detector_test.go:84: Expected label ZipCode, got  ([]), file ZipCode.csv:29237 data 83639
    regex_detector_test.go:84: Expected label ZipCode, got  ([]), file ZipCode.csv:29238 data 83641
    regex_detector_test.go:84: Expected label ZipCode, got  ([]), file ZipCode.csv:29239 data 83642
    regex_detector_test.go:84: Expected label ZipCode, got  ([]), file ZipCode.csv:29240 data 83643
    regex_detector_test.go:84: Expected label ZipCode, got  ([]), file ZipCode.csv:29241 data 83644
    regex_detector_test.go:84: Expected label ZipCode, got  ([]), file ZipCode.csv:29242 data 83645
    regex_detector_test.go:84: Expected label ZipCode, got  ([]), file ZipCode.csv:29243 data 83646
    regex_detector_test.go:84: Expected label ZipCode, got  ([]), file ZipCode.csv:29244 data 83647
    regex_detector_test.go:84: Expected label ZipCode, got  ([]), file ZipCode.csv:29245 data 83648
    regex_detector_test.go:84: Expected label ZipCode, got  ([]), file ZipCode.csv:29246 data 83650
    regex_detector_test.go:84: Expected label ZipCode, got  ([]), file ZipCode.csv:29247 data 83651
    regex_detector_test.go:84: Expected label ZipCode, got  ([]), file ZipCode.csv:29248 data 83654
    regex_detector_test.go:84: Expected label ZipCode, got  ([]), file ZipCode.csv:29249 data 83655
    regex_detector_test.go:84: Expected label ZipCode, got  ([]), file ZipCode.csv:29250 data 83656
    regex_detector_test.go:84: Expected label ZipCode, got  ([]), file ZipCode.csv:29251 data 83657
    regex_detector_test.go:84: Expected label ZipCode, got  ([]), file ZipCode.csv:29252 data 83660
    regex_detector_test.go:84: Expected label ZipCode, got  ([]), file ZipCode.csv:29253 data 83661
    regex_detector_test.go:84: Expected label ZipCode, got  ([]), file ZipCode.csv:29254 data 83666
    regex_detector_test.go:84: Expected label ZipCode, got  ([]), file ZipCode.csv:29255 data 83669
    regex_detector_test.go:84: Expected label ZipCode, got  ([]), file ZipCode.csv:29256 data 83670
    regex_detector_test.go:84: Expected label ZipCode, got  ([]), file ZipCode.csv:29257 data 83672
    regex_detector_test.go:84: Expected label ZipCode, got  ([]), file ZipCode.csv:29258 data 83676
    regex_detector_test.go:84: Expected label ZipCode, got  ([]), file ZipCode.csv:29259 data 83677
    regex_detector_test.go:84: Expected label ZipCode, got  ([]), file ZipCode.csv:29260 data 83686
    regex_detector_test.go:84: Expected label ZipCode, got  ([]), file ZipCode.csv:29261 data 83687
    regex_detector_test.go:84: Expected label ZipCode, got  ([]), file ZipCode.csv:29262 data 83702
    regex_detector_test.go:84: Expected label ZipCode, got  ([]), file ZipCode.csv:29263 data 83703
    regex_detector_test.go:84: Expected label ZipCode, got  ([]), file ZipCode.csv:29264 data 83704
    regex_detector_test.go:84: Expected label ZipCode, got  ([]), file ZipCode.csv:29265 data 83705
    regex_detector_test.go:84: Expected label ZipCode, got  ([]), file ZipCode.csv:29266 data 83706
    regex_detector_test.go:84: Expected label ZipCode, got  ([]), file ZipCode.csv:29267 data 83709
    regex_detector_test.go:84: Expected label ZipCode, got  ([]), file ZipCode.csv:29268 data 83712
    regex_detector_test.go:84: Expected label ZipCode, got  ([]), file ZipCode.csv:29269 data 83713
    regex_detector_test.go:84: Expected label ZipCode, got  ([]), file ZipCode.csv:29270 data 83714
    regex_detector_test.go:84: Expected label ZipCode, got  ([]), file ZipCode.csv:29271 data 83716
    regex_detector_test.go:84: Expected label ZipCode, got  ([]), file ZipCode.csv:29272 data 83720
    regex_detector_test.go:84: Expected label ZipCode, got  ([]), file ZipCode.csv:29273 data 83725
    regex_detector_test.go:84: Expected label ZipCode, got  ([]), file ZipCode.csv:29274 data 83801
    regex_detector_test.go:84: Expected label ZipCode, got  ([]), file ZipCode.csv:29275 data 83802
    regex_detector_test.go:84: Expected label ZipCode, got  ([]), file ZipCode.csv:29276 data 83803
    regex_detector_test.go:84: Expected label ZipCode, got  ([]), file ZipCode.csv:29277 data 83804
    regex_detector_test.go:84: Expected label ZipCode, got  ([]), file ZipCode.csv:29278 data 83805
    regex_detector_test.go:84: Expected label ZipCode, got  ([]), file ZipCode.csv:29279 data 83806
    regex_detector_test.go:84: Expected label ZipCode, got  ([]), file ZipCode.csv:29280 data 83808
    regex_detector_test.go:84: Expected label ZipCode, got  ([]), file ZipCode.csv:29281 data 83809
    regex_detector_test.go:84: Expected label ZipCode, got  ([]), file ZipCode.csv:29282 data 83810
    regex_detector_test.go:84: Expected label ZipCode, got  ([]), file ZipCode.csv:29283 data 83811
    regex_detector_test.go:84: Expected label ZipCode, got  ([]), file ZipCode.csv:29284 data 83812
    regex_detector_test.go:84: Expected label ZipCode, got  ([]), file ZipCode.csv:29285 data 83813
    regex_detector_test.go:84: Expected label ZipCode, got  ([]), file ZipCode.csv:29286 data 83814
    regex_detector_test.go:84: Expected label ZipCode, got  ([]), file ZipCode.csv:29287 data 83815
    regex_detector_test.go:84: Expected label ZipCode, got  ([]), file ZipCode.csv:29288 data 83821
    regex_detector_test.go:84: Expected label ZipCode, got  ([]), file ZipCode.csv:29289 data 83822
    regex_detector_test.go:84: Expected label ZipCode, got  ([]), file ZipCode.csv:29290 data 83823
    regex_detector_test.go:84: Expected label ZipCode, got  ([]), file ZipCode.csv:29291 data 83824
    regex_detector_test.go:84: Expected label ZipCode, got  ([]), file ZipCode.csv:29292 data 83825
    regex_detector_test.go:84: Expected label ZipCode, got  ([]), file ZipCode.csv:29293 data 83826
    regex_detector_test.go:84: Expected label ZipCode, got  ([]), file ZipCode.csv:29294 data 83827
    regex_detector_test.go:84: Expected label ZipCode, got  ([]), file ZipCode.csv:29295 data 83830
    regex_detector_test.go:84: Expected label ZipCode, got  ([]), file ZipCode.csv:29296 data 83832
    regex_detector_test.go:84: Expected label ZipCode, got  ([]), file ZipCode.csv:29297 data 83833
    regex_detector_test.go:84: Expected label ZipCode, got  ([]), file ZipCode.csv:29298 data 83834
    regex_detector_test.go:84: Expected label ZipCode, got  ([]), file ZipCode.csv:29299 data 83835
    regex_detector_test.go:84: Expected label ZipCode, got  ([]), file ZipCode.csv:29300 data 83836
    regex_detector_test.go:84: Expected label ZipCode, got  ([]), file ZipCode.csv:29301 data 83837
    regex_detector_test.go:84: Expected label ZipCode, got  ([]), file ZipCode.csv:29302 data 83839
    regex_detector_test.go:84: Expected label ZipCode, got  ([]), file ZipCode.csv:29303 data 83840
    regex_detector_test.go:84: Expected label ZipCode, got  ([]), file ZipCode.csv:29304 data 83841
    regex_detector_test.go:84: Expected label ZipCode, got  ([]), file ZipCode.csv:29305 data 83842
    regex_detector_test.go:84: Expected label ZipCode, got  ([]), file ZipCode.csv:29306 data 83843
    regex_detector_test.go:84: Expected label ZipCode, got  ([]), file ZipCode.csv:29307 data 83844
    regex_detector_test.go:84: Expected label ZipCode, got  ([]), file ZipCode.csv:29308 data 83845
    regex_detector_test.go:84: Expected label ZipCode, got  ([]), file ZipCode.csv:29309 data 83846
    regex_detector_test.go:84: Expected label ZipCode, got  ([]), file ZipCode.csv:29310 data 83847
    regex_detector_test.go:84: Expected label ZipCode, got  ([]), file ZipCode.csv:29311 data 83848
    regex_detector_test.go:84: Expected label ZipCode, got  ([]), file ZipCode.csv:29312 data 83849
    regex_detector_test.go:84: Expected label ZipCode, got  ([]), file ZipCode.csv:29313 data 83850
    regex_detector_test.go:84: Expected label ZipCode, got  ([]), file ZipCode.csv:29314 data 83851
    regex_detector_test.go:84: Expected label ZipCode, got  ([]), file ZipCode.csv:29315 data 83852
    regex_detector_test.go:84: Expected label ZipCode, got  ([]), file ZipCode.csv:29316 data 83854
    regex_detector_test.go:84: Expected label ZipCode, got  ([]), file ZipCode.csv:29317 data 83855
    regex_detector_test.go:84: Expected label ZipCode, got  ([]), file ZipCode.csv:29318 data 83856
    regex_detector_test.go:84: Expected label ZipCode, got  ([]), file ZipCode.csv:29319 data 83857
    regex_detector_test.go:84: Expected label ZipCode, got  ([]), file ZipCode.csv:29320 data 83858
    regex_detector_test.go:84: Expected label ZipCode, got  ([]), file ZipCode.csv:29321 data 83860
    regex_detector_test.go:84: Expected label ZipCode, got  ([]), file ZipCode.csv:29322 data 83861
    regex_detector_test.go:84: Expected label ZipCode, got  ([]), file ZipCode.csv:29323 data 83864
    regex_detector_test.go:84: Expected label ZipCode, got  ([]), file ZipCode.csv:29324 data 83866
    regex_detector_test.go:84: Expected label ZipCode, got  ([]), file ZipCode.csv:29325 data 83867
    regex_detector_test.go:84: Expected label ZipCode, got  ([]), file ZipCode.csv:29326 data 83868
    regex_detector_test.go:84: Expected label ZipCode, got  ([]), file ZipCode.csv:29327 data 83869
    regex_detector_test.go:84: Expected label ZipCode, got  ([]), file ZipCode.csv:29328 data 83870
    regex_detector_test.go:84: Expected label ZipCode, got  ([]), file ZipCode.csv:29329 data 83871
    regex_detector_test.go:84: Expected label ZipCode, got  ([]), file ZipCode.csv:29330 data 83872
    regex_detector_test.go:84: Expected label ZipCode, got  ([]), file ZipCode.csv:29331 data 83873
    regex_detector_test.go:84: Expected label ZipCode, got  ([]), file ZipCode.csv:29332 data 83874
    regex_detector_test.go:84: Expected label ZipCode, got  ([]), file ZipCode.csv:29333 data 83876
    regex_detector_test.go:84: Expected label ZipCode, got  ([]), file ZipCode.csv:29334 data 84001
    regex_detector_test.go:84: Expected label ZipCode, got  ([]), file ZipCode.csv:29335 data 84002
    regex_detector_test.go:84: Expected label ZipCode, got  ([]), file ZipCode.csv:29336 data 84003
    regex_detector_test.go:84: Expected label ZipCode, got  ([]), file ZipCode.csv:29337 data 84004
    regex_detector_test.go:84: Expected label ZipCode, got  ([]), file ZipCode.csv:29338 data 84005
    regex_detector_test.go:84: Expected label ZipCode, got  ([]), file ZipCode.csv:29339 data 84006
    regex_detector_test.go:84: Expected label ZipCode, got  ([]), file ZipCode.csv:29340 data 84007
    regex_detector_test.go:84: Expected label ZipCode, got  ([]), file ZipCode.csv:29341 data 84008
    regex_detector_test.go:84: Expected label ZipCode, got  ([]), file ZipCode.csv:29342 data 84009
    regex_detector_test.go:84: Expected label ZipCode, got  ([]), file ZipCode.csv:29343 data 84010
    regex_detector_test.go:84: Expected label ZipCode, got  ([]), file ZipCode.csv:29344 data 84013
    regex_detector_test.go:84: Expected label ZipCode, got  ([]), file ZipCode.csv:29345 data 84014
    regex_detector_test.go:84: Expected label ZipCode, got  ([]), file ZipCode.csv:29346 data 84015
    regex_detector_test.go:84: Expected label ZipCode, got  ([]), file ZipCode.csv:29347 data 84017
    regex_detector_test.go:84: Expected label ZipCode, got  ([]), file ZipCode.csv:29348 data 84018
    regex_detector_test.go:84: Expected label ZipCode, got  ([]), file ZipCode.csv:29349 data 84020
    regex_detector_test.go:84: Expected label ZipCode, got  ([]), file ZipCode.csv:29350 data 84021
    regex_detector_test.go:84: Expected label ZipCode, got  ([]), file ZipCode.csv:29351 data 84022
    regex_detector_test.go:84: Expected label ZipCode, got  ([]), file ZipCode.csv:29352 data 84023
    regex_detector_test.go:84: Expected label ZipCode, got  ([]), file ZipCode.csv:29353 data 84024
    regex_detector_test.go:84: Expected label ZipCode, got  ([]), file ZipCode.csv:29354 data 84025
    regex_detector_test.go:84: Expected label ZipCode, got  ([]), file ZipCode.csv:29355 data 84026
    regex_detector_test.go:84: Expected label ZipCode, got  ([]), file ZipCode.csv:29356 data 84027
    regex_detector_test.go:84: Expected label ZipCode, got  ([]), file ZipCode.csv:29357 data 84028
    regex_detector_test.go:84: Expected label ZipCode, got  ([]), file ZipCode.csv:29358 data 84029
    regex_detector_test.go:84: Expected label ZipCode, got  ([]), file ZipCode.csv:29359 data 84031
    regex_detector_test.go:84: Expected label ZipCode, got  ([]), file ZipCode.csv:29360 data 84032
    regex_detector_test.go:84: Expected label ZipCode, got  ([]), file ZipCode.csv:29361 data 84033
    regex_detector_test.go:84: Expected label ZipCode, got  ([]), file ZipCode.csv:29362 data 84034
    regex_detector_test.go:84: Expected label ZipCode, got  ([]), file ZipCode.csv:29363 data 84035
    regex_detector_test.go:84: Expected label ZipCode, got  ([]), file ZipCode.csv:29364 data 84036
    regex_detector_test.go:84: Expected label ZipCode, got  ([]), file ZipCode.csv:29365 data 84037
    regex_detector_test.go:84: Expected label ZipCode, got  ([]), file ZipCode.csv:29366 data 84038
    regex_detector_test.go:84: Expected label ZipCode, got  ([]), file ZipCode.csv:29367 data 84039
    regex_detector_test.go:84: Expected label ZipCode, got  ([]), file ZipCode.csv:29368 data 84040
    regex_detector_test.go:84: Expected label ZipCode, got  ([]), file ZipCode.csv:29369 data 84041
    regex_detector_test.go:84: Expected label ZipCode, got  ([]), file ZipCode.csv:29370 data 84042
    regex_detector_test.go:84: Expected label ZipCode, got  ([]), file ZipCode.csv:29371 data 84043
    regex_detector_test.go:84: Expected label ZipCode, got  ([]), file ZipCode.csv:29372 data 84044
    regex_detector_test.go:84: Expected label ZipCode, got  ([]), file ZipCode.csv:29373 data 84045
    regex_detector_test.go:84: Expected label ZipCode, got  ([]), file ZipCode.csv:29374 data 84046
    regex_detector_test.go:84: Expected label ZipCode, got  ([]), file ZipCode.csv:29375 data 84047
    regex_detector_test.go:84: Expected label ZipCode, got  ([]), file ZipCode.csv:29376 data 84049
    regex_detector_test.go:84: Expected label ZipCode, got  ([]), file ZipCode.csv:29377 data 84050
    regex_detector_test.go:84: Expected label ZipCode, got  ([]), file ZipCode.csv:29378 data 84051
    regex_detector_test.go:84: Expected label ZipCode, got  ([]), file ZipCode.csv:29379 data 84052
    regex_detector_test.go:84: Expected label ZipCode, got  ([]), file ZipCode.csv:29380 data 84053
    regex_detector_test.go:84: Expected label ZipCode, got  ([]), file ZipCode.csv:29381 data 84054
    regex_detector_test.go:84: Expected label ZipCode, got  ([]), file ZipCode.csv:29382 data 84055
    regex_detector_test.go:84: Expected label ZipCode, got  ([]), file ZipCode.csv:29383 data 84056
    regex_detector_test.go:84: Expected label ZipCode, got  ([]), file ZipCode.csv:29384 data 84057
    regex_detector_test.go:84: Expected label ZipCode, got  ([]), file ZipCode.csv:29385 data 84058
    regex_detector_test.go:84: Expected label ZipCode, got  ([]), file ZipCode.csv:29386 data 84059
    regex_detector_test.go:84: Expected label ZipCode, got  ([]), file ZipCode.csv:29387 data 84060
    regex_detector_test.go:84: Expected label ZipCode, got  ([]), file ZipCode.csv:29388 data 84061
    regex_detector_test.go:84: Expected label ZipCode, got  ([]), file ZipCode.csv:29389 data 84062
    regex_detector_test.go:84: Expected label ZipCode, got  ([]), file ZipCode.csv:29390 data 84063
    regex_detector_test.go:84: Expected label ZipCode, got  ([]), file ZipCode.csv:29391 data 84064
    regex_detector_test.go:84: Expected label ZipCode, got  ([]), file ZipCode.csv:29392 data 84065
    regex_detector_test.go:84: Expected label ZipCode, got  ([]), file ZipCode.csv:29393 data 84066
    regex_detector_test.go:84: Expected label ZipCode, got  ([]), file ZipCode.csv:29394 data 84067
    regex_detector_test.go:84: Expected label ZipCode, got  ([]), file ZipCode.csv:29395 data 84069
    regex_detector_test.go:84: Expected label ZipCode, got  ([]), file ZipCode.csv:29396 data 84070
    regex_detector_test.go:84: Expected label ZipCode, got  ([]), file ZipCode.csv:29397 data 84071
    regex_detector_test.go:84: Expected label ZipCode, got  ([]), file ZipCode.csv:29398 data 84072
    regex_detector_test.go:84: Expected label ZipCode, got  ([]), file ZipCode.csv:29399 data 84073
    regex_detector_test.go:84: Expected label ZipCode, got  ([]), file ZipCode.csv:29400 data 84074
    regex_detector_test.go:84: Expected label ZipCode, got  ([]), file ZipCode.csv:29401 data 84075
    regex_detector_test.go:84: Expected label ZipCode, got  ([]), file ZipCode.csv:29402 data 84076
    regex_detector_test.go:84: Expected label ZipCode, got  ([]), file ZipCode.csv:29403 data 84078
    regex_detector_test.go:84: Expected label ZipCode, got  ([]), file ZipCode.csv:29404 data 84080
    regex_detector_test.go:84: Expected label ZipCode, got  ([]), file ZipCode.csv:29405 data 84081
    regex_detector_test.go:84: Expected label ZipCode, got  ([]), file ZipCode.csv:29406 data 84082
    regex_detector_test.go:84: Expected label ZipCode, got  ([]), file ZipCode.csv:29407 data 84083
    regex_detector_test.go:84: Expected label ZipCode, got  ([]), file ZipCode.csv:29408 data 84084
    regex_detector_test.go:84: Expected label ZipCode, got  ([]), file ZipCode.csv:29409 data 84085
    regex_detector_test.go:84: Expected label ZipCode, got  ([]), file ZipCode.csv:29410 data 84086
    regex_detector_test.go:84: Expected label ZipCode, got  ([]), file ZipCode.csv:29411 data 84087
    regex_detector_test.go:84: Expected label ZipCode, got  ([]), file ZipCode.csv:29412 data 84088
    regex_detector_test.go:84: Expected label ZipCode, got  ([]), file ZipCode.csv:29413 data 84092
    regex_detector_test.go:84: Expected label ZipCode, got  ([]), file ZipCode.csv:29414 data 84093
    regex_detector_test.go:84: Expected label ZipCode, got  ([]), file ZipCode.csv:29415 data 84094
    regex_detector_test.go:84: Expected label ZipCode, got  ([]), file ZipCode.csv:29416 data 84095
    regex_detector_test.go:84: Expected label ZipCode, got  ([]), file ZipCode.csv:29417 data 84096
    regex_detector_test.go:84: Expected label ZipCode, got  ([]), file ZipCode.csv:29418 data 84097
    regex_detector_test.go:84: Expected label ZipCode, got  ([]), file ZipCode.csv:29419 data 84098
    regex_detector_test.go:84: Expected label ZipCode, got  ([]), file ZipCode.csv:29420 data 84101
    regex_detector_test.go:84: Expected label ZipCode, got  ([]), file ZipCode.csv:29421 data 84102
    regex_detector_test.go:84: Expected label ZipCode, got  ([]), file ZipCode.csv:29422 data 84103
    regex_detector_test.go:84: Expected label ZipCode, got  ([]), file ZipCode.csv:29423 data 84104
    regex_detector_test.go:84: Expected label ZipCode, got  ([]), file ZipCode.csv:29424 data 84105
    regex_detector_test.go:84: Expected label ZipCode, got  ([]), file ZipCode.csv:29425 data 84106
    regex_detector_test.go:84: Expected label ZipCode, got  ([]), file ZipCode.csv:29426 data 84107
    regex_detector_test.go:84: Expected label ZipCode, got  ([]), file ZipCode.csv:29427 data 84108
    regex_detector_test.go:84: Expected label ZipCode, got  ([]), file ZipCode.csv:29428 data 84109
    regex_detector_test.go:84: Expected label ZipCode, got  ([]), file ZipCode.csv:29429 data 84111
    regex_detector_test.go:84: Expected label ZipCode, got  ([]), file ZipCode.csv:29430 data 84112
    regex_detector_test.go:84: Expected label ZipCode, got  ([]), file ZipCode.csv:29431 data 84113
    regex_detector_test.go:84: Expected label ZipCode, got  ([]), file ZipCode.csv:29432 data 84114
    regex_detector_test.go:84: Expected label ZipCode, got  ([]), file ZipCode.csv:29433 data 84115
    regex_detector_test.go:84: Expected label ZipCode, got  ([]), file ZipCode.csv:29434 data 84116
    regex_detector_test.go:84: Expected label ZipCode, got  ([]), file ZipCode.csv:29435 data 84117
    regex_detector_test.go:84: Expected label ZipCode, got  ([]), file ZipCode.csv:29436 data 84118
    regex_detector_test.go:84: Expected label ZipCode, got  ([]), file ZipCode.csv:29437 data 84119
    regex_detector_test.go:84: Expected label ZipCode, got  ([]), file ZipCode.csv:29438 data 84120
    regex_detector_test.go:84: Expected label ZipCode, got  ([]), file ZipCode.csv:29439 data 84121
    regex_detector_test.go:84: Expected label ZipCode, got  ([]), file ZipCode.csv:29440 data 84123
    regex_detector_test.go:84: Expected label ZipCode, got  ([]), file ZipCode.csv:29441 data 84124
    regex_detector_test.go:84: Expected label ZipCode, got  ([]), file ZipCode.csv:29442 data 84128
    regex_detector_test.go:84: Expected label ZipCode, got  ([]), file ZipCode.csv:29443 data 84129
    regex_detector_test.go:84: Expected label ZipCode, got  ([]), file ZipCode.csv:29444 data 84138
    regex_detector_test.go:84: Expected label ZipCode, got  ([]), file ZipCode.csv:29445 data 84150
    regex_detector_test.go:84: Expected label ZipCode, got  ([]), file ZipCode.csv:29446 data 84180
    regex_detector_test.go:84: Expected label ZipCode, got  ([]), file ZipCode.csv:29447 data 84301
    regex_detector_test.go:84: Expected label ZipCode, got  ([]), file ZipCode.csv:29448 data 84302
    regex_detector_test.go:84: Expected label ZipCode, got  ([]), file ZipCode.csv:29449 data 84304
    regex_detector_test.go:84: Expected label ZipCode, got  ([]), file ZipCode.csv:29450 data 84305
    regex_detector_test.go:84: Expected label ZipCode, got  ([]), file ZipCode.csv:29451 data 84306
    regex_detector_test.go:84: Expected label ZipCode, got  ([]), file ZipCode.csv:29452 data 84307
    regex_detector_test.go:84: Expected label ZipCode, got  ([]), file ZipCode.csv:29453 data 84308
    regex_detector_test.go:84: Expected label ZipCode, got  ([]), file ZipCode.csv:29454 data 84309
    regex_detector_test.go:84: Expected label ZipCode, got  ([]), file ZipCode.csv:29455 data 84310
    regex_detector_test.go:84: Expected label ZipCode, got  ([]), file ZipCode.csv:29456 data 84311
    regex_detector_test.go:84: Expected label ZipCode, got  ([]), file ZipCode.csv:29457 data 84312
    regex_detector_test.go:84: Expected label ZipCode, got  ([]), file ZipCode.csv:29458 data 84313
    regex_detector_test.go:84: Expected label ZipCode, got  ([]), file ZipCode.csv:29459 data 84314
    regex_detector_test.go:84: Expected label ZipCode, got  ([]), file ZipCode.csv:29460 data 84315
    regex_detector_test.go:84: Expected label ZipCode, got  ([]), file ZipCode.csv:29461 data 84316
    regex_detector_test.go:84: Expected label ZipCode, got  ([]), file ZipCode.csv:29462 data 84317
    regex_detector_test.go:84: Expected label ZipCode, got  ([]), file ZipCode.csv:29463 data 84318
    regex_detector_test.go:84: Expected label ZipCode, got  ([]), file ZipCode.csv:29464 data 84319
    regex_detector_test.go:84: Expected label ZipCode, got  ([]), file ZipCode.csv:29465 data 84320
    regex_detector_test.go:84: Expected label ZipCode, got  ([]), file ZipCode.csv:29466 data 84321
    regex_detector_test.go:84: Expected label ZipCode, got  ([]), file ZipCode.csv:29467 data 84322
    regex_detector_test.go:84: Expected label ZipCode, got  ([]), file ZipCode.csv:29468 data 84324
    regex_detector_test.go:84: Expected label ZipCode, got  ([]), file ZipCode.csv:29469 data 84325
    regex_detector_test.go:84: Expected label ZipCode, got  ([]), file ZipCode.csv:29470 data 84326
    regex_detector_test.go:84: Expected label ZipCode, got  ([]), file ZipCode.csv:29471 data 84327
    regex_detector_test.go:84: Expected label ZipCode, got  ([]), file ZipCode.csv:29472 data 84328
    regex_detector_test.go:84: Expected label ZipCode, got  ([]), file ZipCode.csv:29473 data 84329
    regex_detector_test.go:84: Expected label ZipCode, got  ([]), file ZipCode.csv:29474 data 84330
    regex_detector_test.go:84: Expected label ZipCode, got  ([]), file ZipCode.csv:29475 data 84331
    regex_detector_test.go:84: Expected label ZipCode, got  ([]), file ZipCode.csv:29476 data 84332
    regex_detector_test.go:84: Expected label ZipCode, got  ([]), file ZipCode.csv:29477 data 84333
    regex_detector_test.go:84: Expected label ZipCode, got  ([]), file ZipCode.csv:29478 data 84334
    regex_detector_test.go:84: Expected label ZipCode, got  ([]), file ZipCode.csv:29479 data 84335
    regex_detector_test.go:84: Expected label ZipCode, got  ([]), file ZipCode.csv:29480 data 84336
    regex_detector_test.go:84: Expected label ZipCode, got  ([]), file ZipCode.csv:29481 data 84337
    regex_detector_test.go:84: Expected label ZipCode, got  ([]), file ZipCode.csv:29482 data 84338
    regex_detector_test.go:84: Expected label ZipCode, got  ([]), file ZipCode.csv:29483 data 84339
    regex_detector_test.go:84: Expected label ZipCode, got  ([]), file ZipCode.csv:29484 data 84340
    regex_detector_test.go:84: Expected label ZipCode, got  ([]), file ZipCode.csv:29485 data 84341
    regex_detector_test.go:84: Expected label ZipCode, got  ([]), file ZipCode.csv:29486 data 84401
    regex_detector_test.go:84: Expected label ZipCode, got  ([]), file ZipCode.csv:29487 data 84403
    regex_detector_test.go:84: Expected label ZipCode, got  ([]), file ZipCode.csv:29488 data 84404
    regex_detector_test.go:84: Expected label ZipCode, got  ([]), file ZipCode.csv:29489 data 84405
    regex_detector_test.go:84: Expected label ZipCode, got  ([]), file ZipCode.csv:29490 data 84408
    regex_detector_test.go:84: Expected label ZipCode, got  ([]), file ZipCode.csv:29491 data 84414
    regex_detector_test.go:84: Expected label ZipCode, got  ([]), file ZipCode.csv:29492 data 84501
    regex_detector_test.go:84: Expected label ZipCode, got  ([]), file ZipCode.csv:29493 data 84511
    regex_detector_test.go:84: Expected label ZipCode, got  ([]), file ZipCode.csv:29494 data 84512
    regex_detector_test.go:84: Expected label ZipCode, got  ([]), file ZipCode.csv:29495 data 84513
    regex_detector_test.go:84: Expected label ZipCode, got  ([]), file ZipCode.csv:29496 data 84515
    regex_detector_test.go:84: Expected label ZipCode, got  ([]), file ZipCode.csv:29497 data 84516
    regex_detector_test.go:84: Expected label ZipCode, got  ([]), file ZipCode.csv:29498 data 84518
    regex_detector_test.go:84: Expected label ZipCode, got  ([]), file ZipCode.csv:29499 data 84520
    regex_detector_test.go:84: Expected label ZipCode, got  ([]), file ZipCode.csv:29500 data 84521
    regex_detector_test.go:84: Expected label ZipCode, got  ([]), file ZipCode.csv:29501 data 84522
    regex_detector_test.go:84: Expected label ZipCode, got  ([]), file ZipCode.csv:29502 data 84523
    regex_detector_test.go:84: Expected label ZipCode, got  ([]), file ZipCode.csv:29503 data 84525
    regex_detector_test.go:84: Expected label ZipCode, got  ([]), file ZipCode.csv:29504 data 84526
    regex_detector_test.go:84: Expected label ZipCode, got  ([]), file ZipCode.csv:29505 data 84528
    regex_detector_test.go:84: Expected label ZipCode, got  ([]), file ZipCode.csv:29506 data 84529
    regex_detector_test.go:84: Expected label ZipCode, got  ([]), file ZipCode.csv:29507 data 84530
    regex_detector_test.go:84: Expected label ZipCode, got  ([]), file ZipCode.csv:29508 data 84531
    regex_detector_test.go:84: Expected label ZipCode, got  ([]), file ZipCode.csv:29509 data 84532
    regex_detector_test.go:84: Expected label ZipCode, got  ([]), file ZipCode.csv:29510 data 84533
    regex_detector_test.go:84: Expected label ZipCode, got  ([]), file ZipCode.csv:29511 data 84534
    regex_detector_test.go:84: Expected label ZipCode, got  ([]), file ZipCode.csv:29512 data 84535
    regex_detector_test.go:84: Expected label ZipCode, got  ([]), file ZipCode.csv:29513 data 84536
    regex_detector_test.go:84: Expected label ZipCode, got  ([]), file ZipCode.csv:29514 data 84537
    regex_detector_test.go:84: Expected label ZipCode, got  ([]), file ZipCode.csv:29515 data 84539
    regex_detector_test.go:84: Expected label ZipCode, got  ([]), file ZipCode.csv:29516 data 84540
    regex_detector_test.go:84: Expected label ZipCode, got  ([]), file ZipCode.csv:29517 data 84542
    regex_detector_test.go:84: Expected label ZipCode, got  ([]), file ZipCode.csv:29518 data 84601
    regex_detector_test.go:84: Expected label ZipCode, got  ([]), file ZipCode.csv:29519 data 84602
    regex_detector_test.go:84: Expected label ZipCode, got  ([]), file ZipCode.csv:29520 data 84604
    regex_detector_test.go:84: Expected label ZipCode, got  ([]), file ZipCode.csv:29521 data 84606
    regex_detector_test.go:84: Expected label ZipCode, got  ([]), file ZipCode.csv:29522 data 84620
    regex_detector_test.go:84: Expected label ZipCode, got  ([]), file ZipCode.csv:29523 data 84621
    regex_detector_test.go:84: Expected label ZipCode, got  ([]), file ZipCode.csv:29524 data 84622
    regex_detector_test.go:84: Expected label ZipCode, got  ([]), file ZipCode.csv:29525 data 84623
    regex_detector_test.go:84: Expected label ZipCode, got  ([]), file ZipCode.csv:29526 data 84624
    regex_detector_test.go:84: Expected label ZipCode, got  ([]), file ZipCode.csv:29527 data 84626
    regex_detector_test.go:84: Expected label ZipCode, got  ([]), file ZipCode.csv:29528 data 84627
    regex_detector_test.go:84: Expected label ZipCode, got  ([]), file ZipCode.csv:29529 data 84628
    regex_detector_test.go:84: Expected label ZipCode, got  ([]), file ZipCode.csv:29530 data 84629
    regex_detector_test.go:84: Expected label ZipCode, got  ([]), file ZipCode.csv:29531 data 84630
    regex_detector_test.go:84: Expected label ZipCode, got  ([]), file ZipCode.csv:29532 data 84631
    regex_detector_test.go:84: Expected label ZipCode, got  ([]), file ZipCode.csv:29533 data 84632
    regex_detector_test.go:84: Expected label ZipCode, got  ([]), file ZipCode.csv:29534 data 84633
    regex_detector_test.go:84: Expected label ZipCode, got  ([]), file ZipCode.csv:29535 data 84634
    regex_detector_test.go:84: Expected label ZipCode, got  ([]), file ZipCode.csv:29536 data 84635
    regex_detector_test.go:84: Expected label ZipCode, got  ([]), file ZipCode.csv:29537 data 84636
    regex_detector_test.go:84: Expected label ZipCode, got  ([]), file ZipCode.csv:29538 data 84637
    regex_detector_test.go:84: Expected label ZipCode, got  ([]), file ZipCode.csv:29539 data 84638
    regex_detector_test.go:84: Expected label ZipCode, got  ([]), file ZipCode.csv:29540 data 84639
    regex_detector_test.go:84: Expected label ZipCode, got  ([]), file ZipCode.csv:29541 data 84640
    regex_detector_test.go:84: Expected label ZipCode, got  ([]), file ZipCode.csv:29542 data 84642
    regex_detector_test.go:84: Expected label ZipCode, got  ([]), file ZipCode.csv:29543 data 84643
    regex_detector_test.go:84: Expected label ZipCode, got  ([]), file ZipCode.csv:29544 data 84644
    regex_detector_test.go:84: Expected label ZipCode, got  ([]), file ZipCode.csv:29545 data 84645
    regex_detector_test.go:84: Expected label ZipCode, got  ([]), file ZipCode.csv:29546 data 84646
    regex_detector_test.go:84: Expected label ZipCode, got  ([]), file ZipCode.csv:29547 data 84647
    regex_detector_test.go:84: Expected label ZipCode, got  ([]), file ZipCode.csv:29548 data 84648
    regex_detector_test.go:84: Expected label ZipCode, got  ([]), file ZipCode.csv:29549 data 84649
    regex_detector_test.go:84: Expected label ZipCode, got  ([]), file ZipCode.csv:29550 data 84651
    regex_detector_test.go:84: Expected label ZipCode, got  ([]), file ZipCode.csv:29551 data 84652
    regex_detector_test.go:84: Expected label ZipCode, got  ([]), file ZipCode.csv:29552 data 84653
    regex_detector_test.go:84: Expected label ZipCode, got  ([]), file ZipCode.csv:29553 data 84654
    regex_detector_test.go:84: Expected label ZipCode, got  ([]), file ZipCode.csv:29554 data 84655
    regex_detector_test.go:84: Expected label ZipCode, got  ([]), file ZipCode.csv:29555 data 84656
    regex_detector_test.go:84: Expected label ZipCode, got  ([]), file ZipCode.csv:29556 data 84657
    regex_detector_test.go:84: Expected label ZipCode, got  ([]), file ZipCode.csv:29557 data 84660
    regex_detector_test.go:84: Expected label ZipCode, got  ([]), file ZipCode.csv:29558 data 84662
    regex_detector_test.go:84: Expected label ZipCode, got  ([]), file ZipCode.csv:29559 data 84663
    regex_detector_test.go:84: Expected label ZipCode, got  ([]), file ZipCode.csv:29560 data 84664
    regex_detector_test.go:84: Expected label ZipCode, got  ([]), file ZipCode.csv:29561 data 84665
    regex_detector_test.go:84: Expected label ZipCode, got  ([]), file ZipCode.csv:29562 data 84667
    regex_detector_test.go:84: Expected label ZipCode, got  ([]), file ZipCode.csv:29563 data 84701
    regex_detector_test.go:84: Expected label ZipCode, got  ([]), file ZipCode.csv:29564 data 84710
    regex_detector_test.go:84: Expected label ZipCode, got  ([]), file ZipCode.csv:29565 data 84711
    regex_detector_test.go:84: Expected label ZipCode, got  ([]), file ZipCode.csv:29566 data 84712
    regex_detector_test.go:84: Expected label ZipCode, got  ([]), file ZipCode.csv:29567 data 84713
    regex_detector_test.go:84: Expected label ZipCode, got  ([]), file ZipCode.csv:29568 data 84714
    regex_detector_test.go:84: Expected label ZipCode, got  ([]), file ZipCode.csv:29569 data 84715
    regex_detector_test.go:84: Expected label ZipCode, got  ([]), file ZipCode.csv:29570 data 84716
    regex_detector_test.go:84: Expected label ZipCode, got  ([]), file ZipCode.csv:29571 data 84718
    regex_detector_test.go:84: Expected label ZipCode, got  ([]), file ZipCode.csv:29572 data 84719
    regex_detector_test.go:84: Expected label ZipCode, got  ([]), file ZipCode.csv:29573 data 84720
    regex_detector_test.go:84: Expected label ZipCode, got  ([]), file ZipCode.csv:29574 data 84721
    regex_detector_test.go:84: Expected label ZipCode, got  ([]), file ZipCode.csv:29575 data 84722
    regex_detector_test.go:84: Expected label ZipCode, got  ([]), file ZipCode.csv:29576 data 84723
    regex_detector_test.go:84: Expected label ZipCode, got  ([]), file ZipCode.csv:29577 data 84724
    regex_detector_test.go:84: Expected label ZipCode, got  ([]), file ZipCode.csv:29578 data 84725
    regex_detector_test.go:84: Expected label ZipCode, got  ([]), file ZipCode.csv:29579 data 84726
    regex_detector_test.go:84: Expected label ZipCode, got  ([]), file ZipCode.csv:29580 data 84728
    regex_detector_test.go:84: Expected label ZipCode, got  ([]), file ZipCode.csv:29581 data 84729
    regex_detector_test.go:84: Expected label ZipCode, got  ([]), file ZipCode.csv:29582 data 84730
    regex_detector_test.go:84: Expected label ZipCode, got  ([]), file ZipCode.csv:29583 data 84731
    regex_detector_test.go:84: Expected label ZipCode, got  ([]), file ZipCode.csv:29584 data 84732
    regex_detector_test.go:84: Expected label ZipCode, got  ([]), file ZipCode.csv:29585 data 84733
    regex_detector_test.go:84: Expected label ZipCode, got  ([]), file ZipCode.csv:29586 data 84734
    regex_detector_test.go:84: Expected label ZipCode, got  ([]), file ZipCode.csv:29587 data 84735
    regex_detector_test.go:84: Expected label ZipCode, got  ([]), file ZipCode.csv:29588 data 84736
    regex_detector_test.go:84: Expected label ZipCode, got  ([]), file ZipCode.csv:29589 data 84737
    regex_detector_test.go:84: Expected label ZipCode, got  ([]), file ZipCode.csv:29590 data 84738
    regex_detector_test.go:84: Expected label ZipCode, got  ([]), file ZipCode.csv:29591 data 84739
    regex_detector_test.go:84: Expected label ZipCode, got  ([]), file ZipCode.csv:29592 data 84740
    regex_detector_test.go:84: Expected label ZipCode, got  ([]), file ZipCode.csv:29593 data 84741
    regex_detector_test.go:84: Expected label ZipCode, got  ([]), file ZipCode.csv:29594 data 84742
    regex_detector_test.go:84: Expected label ZipCode, got  ([]), file ZipCode.csv:29595 data 84743
    regex_detector_test.go:84: Expected label ZipCode, got  ([]), file ZipCode.csv:29596 data 84744
    regex_detector_test.go:84: Expected label ZipCode, got  ([]), file ZipCode.csv:29597 data 84745
    regex_detector_test.go:84: Expected label ZipCode, got  ([]), file ZipCode.csv:29598 data 84746
    regex_detector_test.go:84: Expected label ZipCode, got  ([]), file ZipCode.csv:29599 data 84747
    regex_detector_test.go:84: Expected label ZipCode, got  ([]), file ZipCode.csv:29600 data 84749
    regex_detector_test.go:84: Expected label ZipCode, got  ([]), file ZipCode.csv:29601 data 84750
    regex_detector_test.go:84: Expected label ZipCode, got  ([]), file ZipCode.csv:29602 data 84751
    regex_detector_test.go:84: Expected label ZipCode, got  ([]), file ZipCode.csv:29603 data 84752
    regex_detector_test.go:84: Expected label ZipCode, got  ([]), file ZipCode.csv:29604 data 84753
    regex_detector_test.go:84: Expected label ZipCode, got  ([]), file ZipCode.csv:29605 data 84754
    regex_detector_test.go:84: Expected label ZipCode, got  ([]), file ZipCode.csv:29606 data 84755
    regex_detector_test.go:84: Expected label ZipCode, got  ([]), file ZipCode.csv:29607 data 84756
    regex_detector_test.go:84: Expected label ZipCode, got  ([]), file ZipCode.csv:29608 data 84757
    regex_detector_test.go:84: Expected label ZipCode, got  ([]), file ZipCode.csv:29609 data 84758
    regex_detector_test.go:84: Expected label ZipCode, got  ([]), file ZipCode.csv:29610 data 84759
    regex_detector_test.go:84: Expected label ZipCode, got  ([]), file ZipCode.csv:29611 data 84760
    regex_detector_test.go:84: Expected label ZipCode, got  ([]), file ZipCode.csv:29612 data 84761
    regex_detector_test.go:84: Expected label ZipCode, got  ([]), file ZipCode.csv:29613 data 84762
    regex_detector_test.go:84: Expected label ZipCode, got  ([]), file ZipCode.csv:29614 data 84763
    regex_detector_test.go:84: Expected label ZipCode, got  ([]), file ZipCode.csv:29615 data 84764
    regex_detector_test.go:84: Expected label ZipCode, got  ([]), file ZipCode.csv:29616 data 84765
    regex_detector_test.go:84: Expected label ZipCode, got  ([]), file ZipCode.csv:29617 data 84766
    regex_detector_test.go:84: Expected label ZipCode, got  ([]), file ZipCode.csv:29618 data 84767
    regex_detector_test.go:84: Expected label ZipCode, got  ([]), file ZipCode.csv:29619 data 84770
    regex_detector_test.go:84: Expected label ZipCode, got  ([]), file ZipCode.csv:29620 data 84772
    regex_detector_test.go:84: Expected label ZipCode, got  ([]), file ZipCode.csv:29621 data 84773
    regex_detector_test.go:84: Expected label ZipCode, got  ([]), file ZipCode.csv:29622 data 84774
    regex_detector_test.go:84: Expected label ZipCode, got  ([]), file ZipCode.csv:29623 data 84775
    regex_detector_test.go:84: Expected label ZipCode, got  ([]), file ZipCode.csv:29624 data 84776
    regex_detector_test.go:84: Expected label ZipCode, got  ([]), file ZipCode.csv:29625 data 84779
    regex_detector_test.go:84: Expected label ZipCode, got  ([]), file ZipCode.csv:29626 data 84780
    regex_detector_test.go:84: Expected label ZipCode, got  ([]), file ZipCode.csv:29627 data 84781
    regex_detector_test.go:84: Expected label ZipCode, got  ([]), file ZipCode.csv:29628 data 84782
    regex_detector_test.go:84: Expected label ZipCode, got  ([]), file ZipCode.csv:29629 data 84783
    regex_detector_test.go:84: Expected label ZipCode, got  ([]), file ZipCode.csv:29630 data 84784
    regex_detector_test.go:84: Expected label ZipCode, got  ([]), file ZipCode.csv:29631 data 84790
    regex_detector_test.go:84: Expected label ZipCode, got  ([]), file ZipCode.csv:29632 data 85003
    regex_detector_test.go:84: Expected label ZipCode, got  ([]), file ZipCode.csv:29633 data 85004
    regex_detector_test.go:84: Expected label ZipCode, got  ([]), file ZipCode.csv:29634 data 85006
    regex_detector_test.go:84: Expected label ZipCode, got  ([]), file ZipCode.csv:29635 data 85007
    regex_detector_test.go:84: Expected label ZipCode, got  ([]), file ZipCode.csv:29636 data 85008
    regex_detector_test.go:84: Expected label ZipCode, got  ([]), file ZipCode.csv:29637 data 85009
    regex_detector_test.go:84: Expected label ZipCode, got  ([]), file ZipCode.csv:29638 data 85012
    regex_detector_test.go:84: Expected label ZipCode, got  ([]), file ZipCode.csv:29639 data 85013
    regex_detector_test.go:84: Expected label ZipCode, got  ([]), file ZipCode.csv:29640 data 85014
    regex_detector_test.go:84: Expected label ZipCode, got  ([]), file ZipCode.csv:29641 data 85015
    regex_detector_test.go:84: Expected label ZipCode, got  ([]), file ZipCode.csv:29642 data 85016
    regex_detector_test.go:84: Expected label ZipCode, got  ([]), file ZipCode.csv:29643 data 85017
    regex_detector_test.go:84: Expected label ZipCode, got  ([]), file ZipCode.csv:29644 data 85018
    regex_detector_test.go:84: Expected label ZipCode, got  ([]), file ZipCode.csv:29645 data 85019
    regex_detector_test.go:84: Expected label ZipCode, got  ([]), file ZipCode.csv:29646 data 85020
    regex_detector_test.go:84: Expected label ZipCode, got  ([]), file ZipCode.csv:29647 data 85021
    regex_detector_test.go:84: Expected label ZipCode, got  ([]), file ZipCode.csv:29648 data 85022
    regex_detector_test.go:84: Expected label ZipCode, got  ([]), file ZipCode.csv:29649 data 85023
    regex_detector_test.go:84: Expected label ZipCode, got  ([]), file ZipCode.csv:29650 data 85024
    regex_detector_test.go:84: Expected label ZipCode, got  ([]), file ZipCode.csv:29651 data 85026
    regex_detector_test.go:84: Expected label ZipCode, got  ([]), file ZipCode.csv:29652 data 85027
    regex_detector_test.go:84: Expected label ZipCode, got  ([]), file ZipCode.csv:29653 data 85028
    regex_detector_test.go:84: Expected label ZipCode, got  ([]), file ZipCode.csv:29654 data 85029
    regex_detector_test.go:84: Expected label ZipCode, got  ([]), file ZipCode.csv:29655 data 85031
    regex_detector_test.go:84: Expected label ZipCode, got  ([]), file ZipCode.csv:29656 data 85032
    regex_detector_test.go:84: Expected label ZipCode, got  ([]), file ZipCode.csv:29657 data 85033
    regex_detector_test.go:84: Expected label ZipCode, got  ([]), file ZipCode.csv:29658 data 85034
    regex_detector_test.go:84: Expected label ZipCode, got  ([]), file ZipCode.csv:29659 data 85035
    regex_detector_test.go:84: Expected label ZipCode, got  ([]), file ZipCode.csv:29660 data 85037
    regex_detector_test.go:84: Expected label ZipCode, got  ([]), file ZipCode.csv:29661 data 85040
    regex_detector_test.go:84: Expected label ZipCode, got  ([]), file ZipCode.csv:29662 data 85041
    regex_detector_test.go:84: Expected label ZipCode, got  ([]), file ZipCode.csv:29663 data 85042
    regex_detector_test.go:84: Expected label ZipCode, got  ([]), file ZipCode.csv:29664 data 85043
    regex_detector_test.go:84: Expected label ZipCode, got  ([]), file ZipCode.csv:29665 data 85044
    regex_detector_test.go:84: Expected label ZipCode, got  ([]), file ZipCode.csv:29666 data 85045
    regex_detector_test.go:84: Expected label ZipCode, got  ([]), file ZipCode.csv:29667 data 85048
    regex_detector_test.go:84: Expected label ZipCode, got  ([]), file ZipCode.csv:29668 data 85050
    regex_detector_test.go:84: Expected label ZipCode, got  ([]), file ZipCode.csv:29669 data 85051
    regex_detector_test.go:84: Expected label ZipCode, got  ([]), file ZipCode.csv:29670 data 85053
    regex_detector_test.go:84: Expected label ZipCode, got  ([]), file ZipCode.csv:29671 data 85054
    regex_detector_test.go:84: Expected label ZipCode, got  ([]), file ZipCode.csv:29672 data 85083
    regex_detector_test.go:84: Expected label ZipCode, got  ([]), file ZipCode.csv:29673 data 85085
    regex_detector_test.go:84: Expected label ZipCode, got  ([]), file ZipCode.csv:29674 data 85086
    regex_detector_test.go:84: Expected label ZipCode, got  ([]), file ZipCode.csv:29675 data 85087
    regex_detector_test.go:84: Expected label ZipCode, got  ([]), file ZipCode.csv:29676 data 85118
    regex_detector_test.go:84: Expected label ZipCode, got  ([]), file ZipCode.csv:29677 data 85119
    regex_detector_test.go:84: Expected label ZipCode, got  ([]), file ZipCode.csv:29678 data 85120
    regex_detector_test.go:84: Expected label ZipCode, got  ([]), file ZipCode.csv:29679 data 85121
    regex_detector_test.go:84: Expected label ZipCode, got  ([]), file ZipCode.csv:29680 data 85122
    regex_detector_test.go:84: Expected label ZipCode, got  ([]), file ZipCode.csv:29681 data 85123
    regex_detector_test.go:84: Expected label ZipCode, got  ([]), file ZipCode.csv:29682 data 85128
    regex_detector_test.go:84: Expected label ZipCode, got  ([]), file ZipCode.csv:29683 data 85131
    regex_detector_test.go:84: Expected label ZipCode, got  ([]), file ZipCode.csv:29684 data 85132
    regex_detector_test.go:84: Expected label ZipCode, got  ([]), file ZipCode.csv:29685 data 85135
    regex_detector_test.go:84: Expected label ZipCode, got  ([]), file ZipCode.csv:29686 data 85137
    regex_detector_test.go:84: Expected label ZipCode, got  ([]), file ZipCode.csv:29687 data 85138
    regex_detector_test.go:84: Expected label ZipCode, got  ([]), file ZipCode.csv:29688 data 85139
    regex_detector_test.go:84: Expected label ZipCode, got  ([]), file ZipCode.csv:29689 data 85140
    regex_detector_test.go:84: Expected label ZipCode, got  ([]), file ZipCode.csv:29690 data 85141
    regex_detector_test.go:84: Expected label ZipCode, got  ([]), file ZipCode.csv:29691 data 85142
    regex_detector_test.go:84: Expected label ZipCode, got  ([]), file ZipCode.csv:29692 data 85143
    regex_detector_test.go:84: Expected label ZipCode, got  ([]), file ZipCode.csv:29693 data 85145
    regex_detector_test.go:84: Expected label ZipCode, got  ([]), file ZipCode.csv:29694 data 85147
    regex_detector_test.go:84: Expected label ZipCode, got  ([]), file ZipCode.csv:29695 data 85172
    regex_detector_test.go:84: Expected label ZipCode, got  ([]), file ZipCode.csv:29696 data 85173
    regex_detector_test.go:84: Expected label ZipCode, got  ([]), file ZipCode.csv:29697 data 85191
    regex_detector_test.go:84: Expected label ZipCode, got  ([]), file ZipCode.csv:29698 data 85192
    regex_detector_test.go:84: Expected label ZipCode, got  ([]), file ZipCode.csv:29699 data 85193
    regex_detector_test.go:84: Expected label ZipCode, got  ([]), file ZipCode.csv:29700 data 85194
    regex_detector_test.go:84: Expected label ZipCode, got  ([]), file ZipCode.csv:29701 data 85201
    regex_detector_test.go:84: Expected label ZipCode, got  ([]), file ZipCode.csv:29702 data 85202
    regex_detector_test.go:84: Expected label ZipCode, got  ([]), file ZipCode.csv:29703 data 85203
    regex_detector_test.go:84: Expected label ZipCode, got  ([]), file ZipCode.csv:29704 data 85204
    regex_detector_test.go:84: Expected label ZipCode, got  ([]), file ZipCode.csv:29705 data 85205
    regex_detector_test.go:84: Expected label ZipCode, got  ([]), file ZipCode.csv:29706 data 85206
    regex_detector_test.go:84: Expected label ZipCode, got  ([]), file ZipCode.csv:29707 data 85207
    regex_detector_test.go:84: Expected label ZipCode, got  ([]), file ZipCode.csv:29708 data 85208
    regex_detector_test.go:84: Expected label ZipCode, got  ([]), file ZipCode.csv:29709 data 85209
    regex_detector_test.go:84: Expected label ZipCode, got  ([]), file ZipCode.csv:29710 data 85210
    regex_detector_test.go:84: Expected label ZipCode, got  ([]), file ZipCode.csv:29711 data 85212
    regex_detector_test.go:84: Expected label ZipCode, got  ([]), file ZipCode.csv:29712 data 85213
    regex_detector_test.go:84: Expected label ZipCode, got  ([]), file ZipCode.csv:29713 data 85215
    regex_detector_test.go:84: Expected label ZipCode, got  ([]), file ZipCode.csv:29714 data 85224
    regex_detector_test.go:84: Expected label ZipCode, got  ([]), file ZipCode.csv:29715 data 85225
    regex_detector_test.go:84: Expected label ZipCode, got  ([]), file ZipCode.csv:29716 data 85226
    regex_detector_test.go:84: Expected label ZipCode, got  ([]), file ZipCode.csv:29717 data 85233
    regex_detector_test.go:84: Expected label ZipCode, got  ([]), file ZipCode.csv:29718 data 85234
    regex_detector_test.go:84: Expected label ZipCode, got  ([]), file ZipCode.csv:29719 data 85236
    regex_detector_test.go:84: Expected label ZipCode, got  ([]), file ZipCode.csv:29720 data 85248
    regex_detector_test.go:84: Expected label ZipCode, got  ([]), file ZipCode.csv:29721 data 85249
    regex_detector_test.go:84: Expected label ZipCode, got  ([]), file ZipCode.csv:29722 data 85250
    regex_detector_test.go:84: Expected label ZipCode, got  ([]), file ZipCode.csv:29723 data 85251
    regex_detector_test.go:84: Expected label ZipCode, got  ([]), file ZipCode.csv:29724 data 85253
    regex_detector_test.go:84: Expected label ZipCode, got  ([]), file ZipCode.csv:29725 data 85254
    regex_detector_test.go:84: Expected label ZipCode, got  ([]), file ZipCode.csv:29726 data 85255
    regex_detector_test.go:84: Expected label ZipCode, got  ([]), file ZipCode.csv:29727 data 85256
    regex_detector_test.go:84: Expected label ZipCode, got  ([]), file ZipCode.csv:29728 data 85257
    regex_detector_test.go:84: Expected label ZipCode, got  ([]), file ZipCode.csv:29729 data 85258
    regex_detector_test.go:84: Expected label ZipCode, got  ([]), file ZipCode.csv:29730 data 85259
    regex_detector_test.go:84: Expected label ZipCode, got  ([]), file ZipCode.csv:29731 data 85260
    regex_detector_test.go:84: Expected label ZipCode, got  ([]), file ZipCode.csv:29732 data 85262
    regex_detector_test.go:84: Expected label ZipCode, got  ([]), file ZipCode.csv:29733 data 85263
    regex_detector_test.go:84: Expected label ZipCode, got  ([]), file ZipCode.csv:29734 data 85264
    regex_detector_test.go:84: Expected label ZipCode, got  ([]), file ZipCode.csv:29735 data 85266
    regex_detector_test.go:84: Expected label ZipCode, got  ([]), file ZipCode.csv:29736 data 85268
    regex_detector_test.go:84: Expected label ZipCode, got  ([]), file ZipCode.csv:29737 data 85281
    regex_detector_test.go:84: Expected label ZipCode, got  ([]), file ZipCode.csv:29738 data 85282
    regex_detector_test.go:84: Expected label ZipCode, got  ([]), file ZipCode.csv:29739 data 85283
    regex_detector_test.go:84: Expected label ZipCode, got  ([]), file ZipCode.csv:29740 data 85284
    regex_detector_test.go:84: Expected label ZipCode, got  ([]), file ZipCode.csv:29741 data 85286
    regex_detector_test.go:84: Expected label ZipCode, got  ([]), file ZipCode.csv:29742 data 85295
    regex_detector_test.go:84: Expected label ZipCode, got  ([]), file ZipCode.csv:29743 data 85296
    regex_detector_test.go:84: Expected label ZipCode, got  ([]), file ZipCode.csv:29744 data 85297
    regex_detector_test.go:84: Expected label ZipCode, got  ([]), file ZipCode.csv:29745 data 85298
    regex_detector_test.go:84: Expected label ZipCode, got  ([]), file ZipCode.csv:29746 data 85301
    regex_detector_test.go:84: Expected label ZipCode, got  ([]), file ZipCode.csv:29747 data 85302
    regex_detector_test.go:84: Expected label ZipCode, got  ([]), file ZipCode.csv:29748 data 85303
    regex_detector_test.go:84: Expected label ZipCode, got  ([]), file ZipCode.csv:29749 data 85304
    regex_detector_test.go:84: Expected label ZipCode, got  ([]), file ZipCode.csv:29750 data 85305
    regex_detector_test.go:84: Expected label ZipCode, got  ([]), file ZipCode.csv:29751 data 85306
    regex_detector_test.go:84: Expected label ZipCode, got  ([]), file ZipCode.csv:29752 data 85307
    regex_detector_test.go:84: Expected label ZipCode, got  ([]), file ZipCode.csv:29753 data 85308
    regex_detector_test.go:84: Expected label ZipCode, got  ([]), file ZipCode.csv:29754 data 85309
    regex_detector_test.go:84: Expected label ZipCode, got  ([]), file ZipCode.csv:29755 data 85310
    regex_detector_test.go:84: Expected label ZipCode, got  ([]), file ZipCode.csv:29756 data 85320
    regex_detector_test.go:84: Expected label ZipCode, got  ([]), file ZipCode.csv:29757 data 85321
    regex_detector_test.go:84: Expected label ZipCode, got  ([]), file ZipCode.csv:29758 data 85322
    regex_detector_test.go:84: Expected label ZipCode, got  ([]), file ZipCode.csv:29759 data 85323
    regex_detector_test.go:84: Expected label ZipCode, got  ([]), file ZipCode.csv:29760 data 85324
    regex_detector_test.go:84: Expected label ZipCode, got  ([]), file ZipCode.csv:29761 data 85325
    regex_detector_test.go:84: Expected label ZipCode, got  ([]), file ZipCode.csv:29762 data 85326
    regex_detector_test.go:84: Expected label ZipCode, got  ([]), file ZipCode.csv:29763 data 85328
    regex_detector_test.go:84: Expected label ZipCode, got  ([]), file ZipCode.csv:29764 data 85329
    regex_detector_test.go:84: Expected label ZipCode, got  ([]), file ZipCode.csv:29765 data 85331
    regex_detector_test.go:84: Expected label ZipCode, got  ([]), file ZipCode.csv:29766 data 85332
    regex_detector_test.go:84: Expected label ZipCode, got  ([]), file ZipCode.csv:29767 data 85333
    regex_detector_test.go:84: Expected label ZipCode, got  ([]), file ZipCode.csv:29768 data 85334
    regex_detector_test.go:84: Expected label ZipCode, got  ([]), file ZipCode.csv:29769 data 85335
    regex_detector_test.go:84: Expected label ZipCode, got  ([]), file ZipCode.csv:29770 data 85336
    regex_detector_test.go:84: Expected label ZipCode, got  ([]), file ZipCode.csv:29771 data 85337
    regex_detector_test.go:84: Expected label ZipCode, got  ([]), file ZipCode.csv:29772 data 85338
    regex_detector_test.go:84: Expected label ZipCode, got  ([]), file ZipCode.csv:29773 data 85339
    regex_detector_test.go:84: Expected label ZipCode, got  ([]), file ZipCode.csv:29774 data 85340
    regex_detector_test.go:84: Expected label ZipCode, got  ([]), file ZipCode.csv:29775 data 85341
    regex_detector_test.go:84: Expected label ZipCode, got  ([]), file ZipCode.csv:29776 data 85342
    regex_detector_test.go:84: Expected label ZipCode, got  ([]), file ZipCode.csv:29777 data 85343
    regex_detector_test.go:84: Expected label ZipCode, got  ([]), file ZipCode.csv:29778 data 85344
    regex_detector_test.go:84: Expected label ZipCode, got  ([]), file ZipCode.csv:29779 data 85345
    regex_detector_test.go:84: Expected label ZipCode, got  ([]), file ZipCode.csv:29780 data 85346
    regex_detector_test.go:84: Expected label ZipCode, got  ([]), file ZipCode.csv:29781 data 85347
    regex_detector_test.go:84: Expected label ZipCode, got  ([]), file ZipCode.csv:29782 data 85348
    regex_detector_test.go:84: Expected label ZipCode, got  ([]), file ZipCode.csv:29783 data 85349
    regex_detector_test.go:84: Expected label ZipCode, got  ([]), file ZipCode.csv:29784 data 85350
    regex_detector_test.go:84: Expected label ZipCode, got  ([]), file ZipCode.csv:29785 data 85351
    regex_detector_test.go:84: Expected label ZipCode, got  ([]), file ZipCode.csv:29786 data 85352
    regex_detector_test.go:84: Expected label ZipCode, got  ([]), file ZipCode.csv:29787 data 85353
    regex_detector_test.go:84: Expected label ZipCode, got  ([]), file ZipCode.csv:29788 data 85354
    regex_detector_test.go:84: Expected label ZipCode, got  ([]), file ZipCode.csv:29789 data 85355
    regex_detector_test.go:84: Expected label ZipCode, got  ([]), file ZipCode.csv:29790 data 85356
    regex_detector_test.go:84: Expected label ZipCode, got  ([]), file ZipCode.csv:29791 data 85357
    regex_detector_test.go:84: Expected label ZipCode, got  ([]), file ZipCode.csv:29792 data 85360
    regex_detector_test.go:84: Expected label ZipCode, got  ([]), file ZipCode.csv:29793 data 85361
    regex_detector_test.go:84: Expected label ZipCode, got  ([]), file ZipCode.csv:29794 data 85362
    regex_detector_test.go:84: Expected label ZipCode, got  ([]), file ZipCode.csv:29795 data 85363
    regex_detector_test.go:84: Expected label ZipCode, got  ([]), file ZipCode.csv:29796 data 85364
    regex_detector_test.go:84: Expected label ZipCode, got  ([]), file ZipCode.csv:29797 data 85365
    regex_detector_test.go:84: Expected label ZipCode, got  ([]), file ZipCode.csv:29798 data 85367
    regex_detector_test.go:84: Expected label ZipCode, got  ([]), file ZipCode.csv:29799 data 85371
    regex_detector_test.go:84: Expected label ZipCode, got  ([]), file ZipCode.csv:29800 data 85373
    regex_detector_test.go:84: Expected label ZipCode, got  ([]), file ZipCode.csv:29801 data 85374
    regex_detector_test.go:84: Expected label ZipCode, got  ([]), file ZipCode.csv:29802 data 85375
    regex_detector_test.go:84: Expected label ZipCode, got  ([]), file ZipCode.csv:29803 data 85377
    regex_detector_test.go:84: Expected label ZipCode, got  ([]), file ZipCode.csv:29804 data 85378
    regex_detector_test.go:84: Expected label ZipCode, got  ([]), file ZipCode.csv:29805 data 85379
    regex_detector_test.go:84: Expected label ZipCode, got  ([]), file ZipCode.csv:29806 data 85381
    regex_detector_test.go:84: Expected label ZipCode, got  ([]), file ZipCode.csv:29807 data 85382
    regex_detector_test.go:84: Expected label ZipCode, got  ([]), file ZipCode.csv:29808 data 85383
    regex_detector_test.go:84: Expected label ZipCode, got  ([]), file ZipCode.csv:29809 data 85387
    regex_detector_test.go:84: Expected label ZipCode, got  ([]), file ZipCode.csv:29810 data 85388
    regex_detector_test.go:84: Expected label ZipCode, got  ([]), file ZipCode.csv:29811 data 85390
    regex_detector_test.go:84: Expected label ZipCode, got  ([]), file ZipCode.csv:29812 data 85392
    regex_detector_test.go:84: Expected label ZipCode, got  ([]), file ZipCode.csv:29813 data 85395
    regex_detector_test.go:84: Expected label ZipCode, got  ([]), file ZipCode.csv:29814 data 85396
    regex_detector_test.go:84: Expected label ZipCode, got  ([]), file ZipCode.csv:29815 data 85501
    regex_detector_test.go:84: Expected label ZipCode, got  ([]), file ZipCode.csv:29816 data 85530
    regex_detector_test.go:84: Expected label ZipCode, got  ([]), file ZipCode.csv:29817 data 85531
    regex_detector_test.go:84: Expected label ZipCode, got  ([]), file ZipCode.csv:29818 data 85532
    regex_detector_test.go:84: Expected label ZipCode, got  ([]), file ZipCode.csv:29819 data 85533
    regex_detector_test.go:84: Expected label ZipCode, got  ([]), file ZipCode.csv:29820 data 85534
    regex_detector_test.go:84: Expected label ZipCode, got  ([]), file ZipCode.csv:29821 data 85535
    regex_detector_test.go:84: Expected label ZipCode, got  ([]), file ZipCode.csv:29822 data 85536
    regex_detector_test.go:84: Expected label ZipCode, got  ([]), file ZipCode.csv:29823 data 85539
    regex_detector_test.go:84: Expected label ZipCode, got  ([]), file ZipCode.csv:29824 data 85540
    regex_detector_test.go:84: Expected label ZipCode, got  ([]), file ZipCode.csv:29825 data 85541
    regex_detector_test.go:84: Expected label ZipCode, got  ([]), file ZipCode.csv:29826 data 85542
    regex_detector_test.go:84: Expected label ZipCode, got  ([]), file ZipCode.csv:29827 data 85543
    regex_detector_test.go:84: Expected label ZipCode, got  ([]), file ZipCode.csv:29828 data 85544
    regex_detector_test.go:84: Expected label ZipCode, got  ([]), file ZipCode.csv:29829 data 85545
    regex_detector_test.go:84: Expected label ZipCode, got  ([]), file ZipCode.csv:29830 data 85546
    regex_detector_test.go:84: Expected label ZipCode, got  ([]), file ZipCode.csv:29831 data 85550
    regex_detector_test.go:84: Expected label ZipCode, got  ([]), file ZipCode.csv:29832 data 85551
    regex_detector_test.go:84: Expected label ZipCode, got  ([]), file ZipCode.csv:29833 data 85552
    regex_detector_test.go:84: Expected label ZipCode, got  ([]), file ZipCode.csv:29834 data 85553
    regex_detector_test.go:84: Expected label ZipCode, got  ([]), file ZipCode.csv:29835 data 85554
    regex_detector_test.go:84: Expected label ZipCode, got  ([]), file ZipCode.csv:29836 data 85601
    regex_detector_test.go:84: Expected label ZipCode, got  ([]), file ZipCode.csv:29837 data 85602
    regex_detector_test.go:84: Expected label ZipCode, got  ([]), file ZipCode.csv:29838 data 85603
    regex_detector_test.go:84: Expected label ZipCode, got  ([]), file ZipCode.csv:29839 data 85605
    regex_detector_test.go:84: Expected label ZipCode, got  ([]), file ZipCode.csv:29840 data 85606
    regex_detector_test.go:84: Expected label ZipCode, got  ([]), file ZipCode.csv:29841 data 85607
    regex_detector_test.go:84: Expected label ZipCode, got  ([]), file ZipCode.csv:29842 data 85608
    regex_detector_test.go:84: Expected label ZipCode, got  ([]), file ZipCode.csv:29843 data 85609
    regex_detector_test.go:84: Expected label ZipCode, got  ([]), file ZipCode.csv:29844 data 85610
    regex_detector_test.go:84: Expected label ZipCode, got  ([]), file ZipCode.csv:29845 data 85611
    regex_detector_test.go:84: Expected label ZipCode, got  ([]), file ZipCode.csv:29846 data 85613
    regex_detector_test.go:84: Expected label ZipCode, got  ([]), file ZipCode.csv:29847 data 85614
    regex_detector_test.go:84: Expected label ZipCode, got  ([]), file ZipCode.csv:29848 data 85615
    regex_detector_test.go:84: Expected label ZipCode, got  ([]), file ZipCode.csv:29849 data 85616
    regex_detector_test.go:84: Expected label ZipCode, got  ([]), file ZipCode.csv:29850 data 85617
    regex_detector_test.go:84: Expected label ZipCode, got  ([]), file ZipCode.csv:29851 data 85618
    regex_detector_test.go:84: Expected label ZipCode, got  ([]), file ZipCode.csv:29852 data 85619
    regex_detector_test.go:84: Expected label ZipCode, got  ([]), file ZipCode.csv:29853 data 85620
    regex_detector_test.go:84: Expected label ZipCode, got  ([]), file ZipCode.csv:29854 data 85621
    regex_detector_test.go:84: Expected label ZipCode, got  ([]), file ZipCode.csv:29855 data 85622
    regex_detector_test.go:84: Expected label ZipCode, got  ([]), file ZipCode.csv:29856 data 85623
    regex_detector_test.go:84: Expected label ZipCode, got  ([]), file ZipCode.csv:29857 data 85624
    regex_detector_test.go:84: Expected label ZipCode, got  ([]), file ZipCode.csv:29858 data 85625
    regex_detector_test.go:84: Expected label ZipCode, got  ([]), file ZipCode.csv:29859 data 85626
    regex_detector_test.go:84: Expected label ZipCode, got  ([]), file ZipCode.csv:29860 data 85627
    regex_detector_test.go:84: Expected label ZipCode, got  ([]), file ZipCode.csv:29861 data 85629
    regex_detector_test.go:84: Expected label ZipCode, got  ([]), file ZipCode.csv:29862 data 85630
    regex_detector_test.go:84: Expected label ZipCode, got  ([]), file ZipCode.csv:29863 data 85631
    regex_detector_test.go:84: Expected label ZipCode, got  ([]), file ZipCode.csv:29864 data 85632
    regex_detector_test.go:84: Expected label ZipCode, got  ([]), file ZipCode.csv:29865 data 85633
    regex_detector_test.go:84: Expected label ZipCode, got  ([]), file ZipCode.csv:29866 data 85634
    regex_detector_test.go:84: Expected label ZipCode, got  ([]), file ZipCode.csv:29867 data 85635
    regex_detector_test.go:84: Expected label ZipCode, got  ([]), file ZipCode.csv:29868 data 85637
    regex_detector_test.go:84: Expected label ZipCode, got  ([]), file ZipCode.csv:29869 data 85638
    regex_detector_test.go:84: Expected label ZipCode, got  ([]), file ZipCode.csv:29870 data 85639
    regex_detector_test.go:84: Expected label ZipCode, got  ([]), file ZipCode.csv:29871 data 85640
    regex_detector_test.go:84: Expected label ZipCode, got  ([]), file ZipCode.csv:29872 data 85641
    regex_detector_test.go:84: Expected label ZipCode, got  ([]), file ZipCode.csv:29873 data 85643
    regex_detector_test.go:84: Expected label ZipCode, got  ([]), file ZipCode.csv:29874 data 85645
    regex_detector_test.go:84: Expected label ZipCode, got  ([]), file ZipCode.csv:29875 data 85646
    regex_detector_test.go:84: Expected label ZipCode, got  ([]), file ZipCode.csv:29876 data 85648
    regex_detector_test.go:84: Expected label ZipCode, got  ([]), file ZipCode.csv:29877 data 85650
    regex_detector_test.go:84: Expected label ZipCode, got  ([]), file ZipCode.csv:29878 data 85653
    regex_detector_test.go:84: Expected label ZipCode, got  ([]), file ZipCode.csv:29879 data 85654
    regex_detector_test.go:84: Expected label ZipCode, got  ([]), file ZipCode.csv:29880 data 85658
    regex_detector_test.go:84: Expected label ZipCode, got  ([]), file ZipCode.csv:29881 data 85701
    regex_detector_test.go:84: Expected label ZipCode, got  ([]), file ZipCode.csv:29882 data 85704
    regex_detector_test.go:84: Expected label ZipCode, got  ([]), file ZipCode.csv:29883 data 85705
    regex_detector_test.go:84: Expected label ZipCode, got  ([]), file ZipCode.csv:29884 data 85706
    regex_detector_test.go:84: Expected label ZipCode, got  ([]), file ZipCode.csv:29885 data 85707
    regex_detector_test.go:84: Expected label ZipCode, got  ([]), file ZipCode.csv:29886 data 85708
    regex_detector_test.go:84: Expected label ZipCode, got  ([]), file ZipCode.csv:29887 data 85709
    regex_detector_test.go:84: Expected label ZipCode, got  ([]), file ZipCode.csv:29888 data 85710
    regex_detector_test.go:84: Expected label ZipCode, got  ([]), file ZipCode.csv:29889 data 85711
    regex_detector_test.go:84: Expected label ZipCode, got  ([]), file ZipCode.csv:29890 data 85712
    regex_detector_test.go:84: Expected label ZipCode, got  ([]), file ZipCode.csv:29891 data 85713
    regex_detector_test.go:84: Expected label ZipCode, got  ([]), file ZipCode.csv:29892 data 85714
    regex_detector_test.go:84: Expected label ZipCode, got  ([]), file ZipCode.csv:29893 data 85715
    regex_detector_test.go:84: Expected label ZipCode, got  ([]), file ZipCode.csv:29894 data 85716
    regex_detector_test.go:84: Expected label ZipCode, got  ([]), file ZipCode.csv:29895 data 85718
    regex_detector_test.go:84: Expected label ZipCode, got  ([]), file ZipCode.csv:29896 data 85719
    regex_detector_test.go:84: Expected label ZipCode, got  ([]), file ZipCode.csv:29897 data 85721
    regex_detector_test.go:84: Expected label ZipCode, got  ([]), file ZipCode.csv:29898 data 85723
    regex_detector_test.go:84: Expected label ZipCode, got  ([]), file ZipCode.csv:29899 data 85724
    regex_detector_test.go:84: Expected label ZipCode, got  ([]), file ZipCode.csv:29900 data 85726
    regex_detector_test.go:84: Expected label ZipCode, got  ([]), file ZipCode.csv:29901 data 85730
    regex_detector_test.go:84: Expected label ZipCode, got  ([]), file ZipCode.csv:29902 data 85734
    regex_detector_test.go:84: Expected label ZipCode, got  ([]), file ZipCode.csv:29903 data 85735
    regex_detector_test.go:84: Expected label ZipCode, got  ([]), file ZipCode.csv:29904 data 85736
    regex_detector_test.go:84: Expected label ZipCode, got  ([]), file ZipCode.csv:29905 data 85737
    regex_detector_test.go:84: Expected label ZipCode, got  ([]), file ZipCode.csv:29906 data 85739
    regex_detector_test.go:84: Expected label ZipCode, got  ([]), file ZipCode.csv:29907 data 85741
    regex_detector_test.go:84: Expected label ZipCode, got  ([]), file ZipCode.csv:29908 data 85742
    regex_detector_test.go:84: Expected label ZipCode, got  ([]), file ZipCode.csv:29909 data 85743
    regex_detector_test.go:84: Expected label ZipCode, got  ([]), file ZipCode.csv:29910 data 85745
    regex_detector_test.go:84: Expected label ZipCode, got  ([]), file ZipCode.csv:29911 data 85746
    regex_detector_test.go:84: Expected label ZipCode, got  ([]), file ZipCode.csv:29912 data 85747
    regex_detector_test.go:84: Expected label ZipCode, got  ([]), file ZipCode.csv:29913 data 85748
    regex_detector_test.go:84: Expected label ZipCode, got  ([]), file ZipCode.csv:29914 data 85749
    regex_detector_test.go:84: Expected label ZipCode, got  ([]), file ZipCode.csv:29915 data 85750
    regex_detector_test.go:84: Expected label ZipCode, got  ([]), file ZipCode.csv:29916 data 85755
    regex_detector_test.go:84: Expected label ZipCode, got  ([]), file ZipCode.csv:29917 data 85756
    regex_detector_test.go:84: Expected label ZipCode, got  ([]), file ZipCode.csv:29918 data 85757
    regex_detector_test.go:84: Expected label ZipCode, got  ([]), file ZipCode.csv:29919 data 85901
    regex_detector_test.go:84: Expected label ZipCode, got  ([]), file ZipCode.csv:29920 data 85902
    regex_detector_test.go:84: Expected label ZipCode, got  ([]), file ZipCode.csv:29921 data 85911
    regex_detector_test.go:84: Expected label ZipCode, got  ([]), file ZipCode.csv:29922 data 85912
    regex_detector_test.go:84: Expected label ZipCode, got  ([]), file ZipCode.csv:29923 data 85920
    regex_detector_test.go:84: Expected label ZipCode, got  ([]), file ZipCode.csv:29924 data 85922
    regex_detector_test.go:84: Expected label ZipCode, got  ([]), file ZipCode.csv:29925 data 85923
    regex_detector_test.go:84: Expected label ZipCode, got  ([]), file ZipCode.csv:29926 data 85924
    regex_detector_test.go:84: Expected label ZipCode, got  ([]), file ZipCode.csv:29927 data 85925
    regex_detector_test.go:84: Expected label ZipCode, got  ([]), file ZipCode.csv:29928 data 85926
    regex_detector_test.go:84: Expected label ZipCode, got  ([]), file ZipCode.csv:29929 data 85927
    regex_detector_test.go:84: Expected label ZipCode, got  ([]), file ZipCode.csv:29930 data 85928
    regex_detector_test.go:84: Expected label ZipCode, got  ([]), file ZipCode.csv:29931 data 85929
    regex_detector_test.go:84: Expected label ZipCode, got  ([]), file ZipCode.csv:29932 data 85930
    regex_detector_test.go:84: Expected label ZipCode, got  ([]), file ZipCode.csv:29933 data 85931
    regex_detector_test.go:84: Expected label ZipCode, got  ([]), file ZipCode.csv:29934 data 85932
    regex_detector_test.go:84: Expected label ZipCode, got  ([]), file ZipCode.csv:29935 data 85933
    regex_detector_test.go:84: Expected label ZipCode, got  ([]), file ZipCode.csv:29936 data 85934
    regex_detector_test.go:84: Expected label ZipCode, got  ([]), file ZipCode.csv:29937 data 85935
    regex_detector_test.go:84: Expected label ZipCode, got  ([]), file ZipCode.csv:29938 data 85936
    regex_detector_test.go:84: Expected label ZipCode, got  ([]), file ZipCode.csv:29939 data 85937
    regex_detector_test.go:84: Expected label ZipCode, got  ([]), file ZipCode.csv:29940 data 85938
    regex_detector_test.go:84: Expected label ZipCode, got  ([]), file ZipCode.csv:29941 data 85939
    regex_detector_test.go:84: Expected label ZipCode, got  ([]), file ZipCode.csv:29942 data 85940
    regex_detector_test.go:84: Expected label ZipCode, got  ([]), file ZipCode.csv:29943 data 85941
    regex_detector_test.go:84: Expected label ZipCode, got  ([]), file ZipCode.csv:29944 data 85942
    regex_detector_test.go:84: Expected label ZipCode, got  ([]), file ZipCode.csv:29945 data 86001
    regex_detector_test.go:84: Expected label ZipCode, got  ([]), file ZipCode.csv:29946 data 86003
    regex_detector_test.go:84: Expected label ZipCode, got  ([]), file ZipCode.csv:29947 data 86004
    regex_detector_test.go:84: Expected label ZipCode, got  ([]), file ZipCode.csv:29948 data 86005
    regex_detector_test.go:84: Expected label ZipCode, got  ([]), file ZipCode.csv:29949 data 86011
    regex_detector_test.go:84: Expected label ZipCode, got  ([]), file ZipCode.csv:29950 data 86015
    regex_detector_test.go:84: Expected label ZipCode, got  ([]), file ZipCode.csv:29951 data 86016
    regex_detector_test.go:84: Expected label ZipCode, got  ([]), file ZipCode.csv:29952 data 86017
    regex_detector_test.go:84: Expected label ZipCode, got  ([]), file ZipCode.csv:29953 data 86018
    regex_detector_test.go:84: Expected label ZipCode, got  ([]), file ZipCode.csv:29954 data 86020
    regex_detector_test.go:84: Expected label ZipCode, got  ([]), file ZipCode.csv:29955 data 86021
    regex_detector_test.go:84: Expected label ZipCode, got  ([]), file ZipCode.csv:29956 data 86022
    regex_detector_test.go:84: Expected label ZipCode, got  ([]), file ZipCode.csv:29957 data 86023
    regex_detector_test.go:84: Expected label ZipCode, got  ([]), file ZipCode.csv:29958 data 86024
    regex_detector_test.go:84: Expected label ZipCode, got  ([]), file ZipCode.csv:29959 data 86025
    regex_detector_test.go:84: Expected label ZipCode, got  ([]), file ZipCode.csv:29960 data 86028
    regex_detector_test.go:84: Expected label ZipCode, got  ([]), file ZipCode.csv:29961 data 86029
    regex_detector_test.go:84: Expected label ZipCode, got  ([]), file ZipCode.csv:29962 data 86030
    regex_detector_test.go:84: Expected label ZipCode, got  ([]), file ZipCode.csv:29963 data 86031
    regex_detector_test.go:84: Expected label ZipCode, got  ([]), file ZipCode.csv:29964 data 86032
    regex_detector_test.go:84: Expected label ZipCode, got  ([]), file ZipCode.csv:29965 data 86033
    regex_detector_test.go:84: Expected label ZipCode, got  ([]), file ZipCode.csv:29966 data 86034
    regex_detector_test.go:84: Expected label ZipCode, got  ([]), file ZipCode.csv:29967 data 86035
    regex_detector_test.go:84: Expected label ZipCode, got  ([]), file ZipCode.csv:29968 data 86036
    regex_detector_test.go:84: Expected label ZipCode, got  ([]), file ZipCode.csv:29969 data 86038
    regex_detector_test.go:84: Expected label ZipCode, got  ([]), file ZipCode.csv:29970 data 86039
    regex_detector_test.go:84: Expected label ZipCode, got  ([]), file ZipCode.csv:29971 data 86040
    regex_detector_test.go:84: Expected label ZipCode, got  ([]), file ZipCode.csv:29972 data 86042
    regex_detector_test.go:84: Expected label ZipCode, got  ([]), file ZipCode.csv:29973 data 86043
    regex_detector_test.go:84: Expected label ZipCode, got  ([]), file ZipCode.csv:29974 data 86044
    regex_detector_test.go:84: Expected label ZipCode, got  ([]), file ZipCode.csv:29975 data 86045
    regex_detector_test.go:84: Expected label ZipCode, got  ([]), file ZipCode.csv:29976 data 86046
    regex_detector_test.go:84: Expected label ZipCode, got  ([]), file ZipCode.csv:29977 data 86047
    regex_detector_test.go:84: Expected label ZipCode, got  ([]), file ZipCode.csv:29978 data 86052
    regex_detector_test.go:84: Expected label ZipCode, got  ([]), file ZipCode.csv:29979 data 86053
    regex_detector_test.go:84: Expected label ZipCode, got  ([]), file ZipCode.csv:29980 data 86054
    regex_detector_test.go:84: Expected label ZipCode, got  ([]), file ZipCode.csv:29981 data 86301
    regex_detector_test.go:84: Expected label ZipCode, got  ([]), file ZipCode.csv:29982 data 86303
    regex_detector_test.go:84: Expected label ZipCode, got  ([]), file ZipCode.csv:29983 data 86305
    regex_detector_test.go:84: Expected label ZipCode, got  ([]), file ZipCode.csv:29984 data 86313
    regex_detector_test.go:84: Expected label ZipCode, got  ([]), file ZipCode.csv:29985 data 86314
    regex_detector_test.go:84: Expected label ZipCode, got  ([]), file ZipCode.csv:29986 data 86315
    regex_detector_test.go:84: Expected label ZipCode, got  ([]), file ZipCode.csv:29987 data 86320
    regex_detector_test.go:84: Expected label ZipCode, got  ([]), file ZipCode.csv:29988 data 86321
    regex_detector_test.go:84: Expected label ZipCode, got  ([]), file ZipCode.csv:29989 data 86322
    regex_detector_test.go:84: Expected label ZipCode, got  ([]), file ZipCode.csv:29990 data 86323
    regex_detector_test.go:84: Expected label ZipCode, got  ([]), file ZipCode.csv:29991 data 86324
    regex_detector_test.go:84: Expected label ZipCode, got  ([]), file ZipCode.csv:29992 data 86325
    regex_detector_test.go:84: Expected label ZipCode, got  ([]), file ZipCode.csv:29993 data 86326
    regex_detector_test.go:84: Expected label ZipCode, got  ([]), file ZipCode.csv:29994 data 86327
    regex_detector_test.go:84: Expected label ZipCode, got  ([]), file ZipCode.csv:29995 data 86329
    regex_detector_test.go:84: Expected label ZipCode, got  ([]), file ZipCode.csv:29996 data 86331
    regex_detector_test.go:84: Expected label ZipCode, got  ([]), file ZipCode.csv:29997 data 86332
    regex_detector_test.go:84: Expected label ZipCode, got  ([]), file ZipCode.csv:29998 data 86333
    regex_detector_test.go:84: Expected label ZipCode, got  ([]), file ZipCode.csv:29999 data 86334
    regex_detector_test.go:84: Expected label ZipCode, got  ([]), file ZipCode.csv:30000 data 86335
    regex_detector_test.go:84: Expected label ZipCode, got  ([]), file ZipCode.csv:30001 data 86336
    regex_detector_test.go:84: Expected label ZipCode, got  ([]), file ZipCode.csv:30002 data 86337
    regex_detector_test.go:84: Expected label ZipCode, got  ([]), file ZipCode.csv:30003 data 86338
    regex_detector_test.go:84: Expected label ZipCode, got  ([]), file ZipCode.csv:30004 data 86343
    regex_detector_test.go:84: Expected label ZipCode, got  ([]), file ZipCode.csv:30005 data 86351
    regex_detector_test.go:84: Expected label ZipCode, got  ([]), file ZipCode.csv:30006 data 86401
    regex_detector_test.go:84: Expected label ZipCode, got  ([]), file ZipCode.csv:30007 data 86403
    regex_detector_test.go:84: Expected label ZipCode, got  ([]), file ZipCode.csv:30008 data 86404
    regex_detector_test.go:84: Expected label ZipCode, got  ([]), file ZipCode.csv:30009 data 86406
    regex_detector_test.go:84: Expected label ZipCode, got  ([]), file ZipCode.csv:30010 data 86409
    regex_detector_test.go:84: Expected label ZipCode, got  ([]), file ZipCode.csv:30011 data 86411
    regex_detector_test.go:84: Expected label ZipCode, got  ([]), file ZipCode.csv:30012 data 86413
    regex_detector_test.go:84: Expected label ZipCode, got  ([]), file ZipCode.csv:30013 data 86426
    regex_detector_test.go:84: Expected label ZipCode, got  ([]), file ZipCode.csv:30014 data 86429
    regex_detector_test.go:84: Expected label ZipCode, got  ([]), file ZipCode.csv:30015 data 86431
    regex_detector_test.go:84: Expected label ZipCode, got  ([]), file ZipCode.csv:30016 data 86432
    regex_detector_test.go:84: Expected label ZipCode, got  ([]), file ZipCode.csv:30017 data 86433
    regex_detector_test.go:84: Expected label ZipCode, got  ([]), file ZipCode.csv:30018 data 86434
    regex_detector_test.go:84: Expected label ZipCode, got  ([]), file ZipCode.csv:30019 data 86435
    regex_detector_test.go:84: Expected label ZipCode, got  ([]), file ZipCode.csv:30020 data 86436
    regex_detector_test.go:84: Expected label ZipCode, got  ([]), file ZipCode.csv:30021 data 86437
    regex_detector_test.go:84: Expected label ZipCode, got  ([]), file ZipCode.csv:30022 data 86438
    regex_detector_test.go:84: Expected label ZipCode, got  ([]), file ZipCode.csv:30023 data 86440
    regex_detector_test.go:84: Expected label ZipCode, got  ([]), file ZipCode.csv:30024 data 86441
    regex_detector_test.go:84: Expected label ZipCode, got  ([]), file ZipCode.csv:30025 data 86442
    regex_detector_test.go:84: Expected label ZipCode, got  ([]), file ZipCode.csv:30026 data 86443
    regex_detector_test.go:84: Expected label ZipCode, got  ([]), file ZipCode.csv:30027 data 86444
    regex_detector_test.go:84: Expected label ZipCode, got  ([]), file ZipCode.csv:30028 data 86445
    regex_detector_test.go:84: Expected label ZipCode, got  ([]), file ZipCode.csv:30029 data 86502
    regex_detector_test.go:84: Expected label ZipCode, got  ([]), file ZipCode.csv:30030 data 86503
    regex_detector_test.go:84: Expected label ZipCode, got  ([]), file ZipCode.csv:30031 data 86504
    regex_detector_test.go:84: Expected label ZipCode, got  ([]), file ZipCode.csv:30032 data 86505
    regex_detector_test.go:84: Expected label ZipCode, got  ([]), file ZipCode.csv:30033 data 86506
    regex_detector_test.go:84: Expected label ZipCode, got  ([]), file ZipCode.csv:30034 data 86507
    regex_detector_test.go:84: Expected label ZipCode, got  ([]), file ZipCode.csv:30035 data 86508
    regex_detector_test.go:84: Expected label ZipCode, got  ([]), file ZipCode.csv:30036 data 86510
    regex_detector_test.go:84: Expected label ZipCode, got  ([]), file ZipCode.csv:30037 data 86511
    regex_detector_test.go:84: Expected label ZipCode, got  ([]), file ZipCode.csv:30038 data 86512
    regex_detector_test.go:84: Expected label ZipCode, got  ([]), file ZipCode.csv:30039 data 86514
    regex_detector_test.go:84: Expected label ZipCode, got  ([]), file ZipCode.csv:30040 data 86515
    regex_detector_test.go:84: Expected label ZipCode, got  ([]), file ZipCode.csv:30041 data 86520
    regex_detector_test.go:84: Expected label ZipCode, got  ([]), file ZipCode.csv:30042 data 86535
    regex_detector_test.go:84: Expected label ZipCode, got  ([]), file ZipCode.csv:30043 data 86538
    regex_detector_test.go:84: Expected label ZipCode, got  ([]), file ZipCode.csv:30044 data 86540
    regex_detector_test.go:84: Expected label ZipCode, got  ([]), file ZipCode.csv:30045 data 86544
    regex_detector_test.go:84: Expected label ZipCode, got  ([]), file ZipCode.csv:30046 data 86545
    regex_detector_test.go:84: Expected label ZipCode, got  ([]), file ZipCode.csv:30047 data 86547
    regex_detector_test.go:84: Expected label ZipCode, got  ([]), file ZipCode.csv:30048 data 86556
    regex_detector_test.go:84: Expected label ZipCode, got  ([]), file ZipCode.csv:30049 data 87001
    regex_detector_test.go:84: Expected label ZipCode, got  ([]), file ZipCode.csv:30050 data 87002
    regex_detector_test.go:84: Expected label ZipCode, got  ([]), file ZipCode.csv:30051 data 87004
    regex_detector_test.go:84: Expected label ZipCode, got  ([]), file ZipCode.csv:30052 data 87005
    regex_detector_test.go:84: Expected label ZipCode, got  ([]), file ZipCode.csv:30053 data 87006
    regex_detector_test.go:84: Expected label ZipCode, got  ([]), file ZipCode.csv:30054 data 87007
    regex_detector_test.go:84: Expected label ZipCode, got  ([]), file ZipCode.csv:30055 data 87008
    regex_detector_test.go:84: Expected label ZipCode, got  ([]), file ZipCode.csv:30056 data 87010
    regex_detector_test.go:84: Expected label ZipCode, got  ([]), file ZipCode.csv:30057 data 87011
    regex_detector_test.go:84: Expected label ZipCode, got  ([]), file ZipCode.csv:30058 data 87012
    regex_detector_test.go:84: Expected label ZipCode, got  ([]), file ZipCode.csv:30059 data 87013
    regex_detector_test.go:84: Expected label ZipCode, got  ([]), file ZipCode.csv:30060 data 87014
    regex_detector_test.go:84: Expected label ZipCode, got  ([]), file ZipCode.csv:30061 data 87015
    regex_detector_test.go:84: Expected label ZipCode, got  ([]), file ZipCode.csv:30062 data 87016
    regex_detector_test.go:84: Expected label ZipCode, got  ([]), file ZipCode.csv:30063 data 87017
    regex_detector_test.go:84: Expected label ZipCode, got  ([]), file ZipCode.csv:30064 data 87018
    regex_detector_test.go:84: Expected label ZipCode, got  ([]), file ZipCode.csv:30065 data 87020
    regex_detector_test.go:84: Expected label ZipCode, got  ([]), file ZipCode.csv:30066 data 87021
    regex_detector_test.go:84: Expected label ZipCode, got  ([]), file ZipCode.csv:30067 data 87022
    regex_detector_test.go:84: Expected label ZipCode, got  ([]), file ZipCode.csv:30068 data 87023
    regex_detector_test.go:84: Expected label ZipCode, got  ([]), file ZipCode.csv:30069 data 87024
    regex_detector_test.go:84: Expected label ZipCode, got  ([]), file ZipCode.csv:30070 data 87025
    regex_detector_test.go:84: Expected label ZipCode, got  ([]), file ZipCode.csv:30071 data 87026
    regex_detector_test.go:84: Expected label ZipCode, got  ([]), file ZipCode.csv:30072 data 87027
    regex_detector_test.go:84: Expected label ZipCode, got  ([]), file ZipCode.csv:30073 data 87028
    regex_detector_test.go:84: Expected label ZipCode, got  ([]), file ZipCode.csv:30074 data 87029
    regex_detector_test.go:84: Expected label ZipCode, got  ([]), file ZipCode.csv:30075 data 87031
    regex_detector_test.go:84: Expected label ZipCode, got  ([]), file ZipCode.csv:30076 data 87032
    regex_detector_test.go:84: Expected label ZipCode, got  ([]), file ZipCode.csv:30077 data 87034
    regex_detector_test.go:84: Expected label ZipCode, got  ([]), file ZipCode.csv:30078 data 87035
    regex_detector_test.go:84: Expected label ZipCode, got  ([]), file ZipCode.csv:30079 data 87036
    regex_detector_test.go:84: Expected label ZipCode, got  ([]), file ZipCode.csv:30080 data 87037
    regex_detector_test.go:84: Expected label ZipCode, got  ([]), file ZipCode.csv:30081 data 87038
    regex_detector_test.go:84: Expected label ZipCode, got  ([]), file ZipCode.csv:30082 data 87040
    regex_detector_test.go:84: Expected label ZipCode, got  ([]), file ZipCode.csv:30083 data 87041
    regex_detector_test.go:84: Expected label ZipCode, got  ([]), file ZipCode.csv:30084 data 87042
    regex_detector_test.go:84: Expected label ZipCode, got  ([]), file ZipCode.csv:30085 data 87043
    regex_detector_test.go:84: Expected label ZipCode, got  ([]), file ZipCode.csv:30086 data 87044
    regex_detector_test.go:84: Expected label ZipCode, got  ([]), file ZipCode.csv:30087 data 87045
    regex_detector_test.go:84: Expected label ZipCode, got  ([]), file ZipCode.csv:30088 data 87046
    regex_detector_test.go:84: Expected label ZipCode, got  ([]), file ZipCode.csv:30089 data 87047
    regex_detector_test.go:84: Expected label ZipCode, got  ([]), file ZipCode.csv:30090 data 87048
    regex_detector_test.go:84: Expected label ZipCode, got  ([]), file ZipCode.csv:30091 data 87049
    regex_detector_test.go:84: Expected label ZipCode, got  ([]), file ZipCode.csv:30092 data 87051
    regex_detector_test.go:84: Expected label ZipCode, got  ([]), file ZipCode.csv:30093 data 87052
    regex_detector_test.go:84: Expected label ZipCode, got  ([]), file ZipCode.csv:30094 data 87053
    regex_detector_test.go:84: Expected label ZipCode, got  ([]), file ZipCode.csv:30095 data 87056
    regex_detector_test.go:84: Expected label ZipCode, got  ([]), file ZipCode.csv:30096 data 87059
    regex_detector_test.go:84: Expected label ZipCode, got  ([]), file ZipCode.csv:30097 data 87060
    regex_detector_test.go:84: Expected label ZipCode, got  ([]), file ZipCode.csv:30098 data 87061
    regex_detector_test.go:84: Expected label ZipCode, got  ([]), file ZipCode.csv:30099 data 87062
    regex_detector_test.go:84: Expected label ZipCode, got  ([]), file ZipCode.csv:30100 data 87063
    regex_detector_test.go:84: Expected label ZipCode, got  ([]), file ZipCode.csv:30101 data 87064
    regex_detector_test.go:84: Expected label ZipCode, got  ([]), file ZipCode.csv:30102 data 87068
    regex_detector_test.go:84: Expected label ZipCode, got  ([]), file ZipCode.csv:30103 data 87070
    regex_detector_test.go:84: Expected label ZipCode, got  ([]), file ZipCode.csv:30104 data 87072
    regex_detector_test.go:84: Expected label ZipCode, got  ([]), file ZipCode.csv:30105 data 87083
    regex_detector_test.go:84: Expected label ZipCode, got  ([]), file ZipCode.csv:30106 data 87101
    regex_detector_test.go:84: Expected label ZipCode, got  ([]), file ZipCode.csv:30107 data 87102
    regex_detector_test.go:84: Expected label ZipCode, got  ([]), file ZipCode.csv:30108 data 87104
    regex_detector_test.go:84: Expected label ZipCode, got  ([]), file ZipCode.csv:30109 data 87105
    regex_detector_test.go:84: Expected label ZipCode, got  ([]), file ZipCode.csv:30110 data 87106
    regex_detector_test.go:84: Expected label ZipCode, got  ([]), file ZipCode.csv:30111 data 87107
    regex_detector_test.go:84: Expected label ZipCode, got  ([]), file ZipCode.csv:30112 data 87108
    regex_detector_test.go:84: Expected label ZipCode, got  ([]), file ZipCode.csv:30113 data 87109
    regex_detector_test.go:84: Expected label ZipCode, got  ([]), file ZipCode.csv:30114 data 87110
    regex_detector_test.go:84: Expected label ZipCode, got  ([]), file ZipCode.csv:30115 data 87111
    regex_detector_test.go:84: Expected label ZipCode, got  ([]), file ZipCode.csv:30116 data 87112
    regex_detector_test.go:84: Expected label ZipCode, got  ([]), file ZipCode.csv:30117 data 87113
    regex_detector_test.go:84: Expected label ZipCode, got  ([]), file ZipCode.csv:30118 data 87114
    regex_detector_test.go:84: Expected label ZipCode, got  ([]), file ZipCode.csv:30119 data 87116
    regex_detector_test.go:84: Expected label ZipCode, got  ([]), file ZipCode.csv:30120 data 87117
    regex_detector_test.go:84: Expected label ZipCode, got  ([]), file ZipCode.csv:30121 data 87120
    regex_detector_test.go:84: Expected label ZipCode, got  ([]), file ZipCode.csv:30122 data 87121
    regex_detector_test.go:84: Expected label ZipCode, got  ([]), file ZipCode.csv:30123 data 87122
    regex_detector_test.go:84: Expected label ZipCode, got  ([]), file ZipCode.csv:30124 data 87123
    regex_detector_test.go:84: Expected label ZipCode, got  ([]), file ZipCode.csv:30125 data 87124
    regex_detector_test.go:84: Expected label ZipCode, got  ([]), file ZipCode.csv:30126 data 87144
    regex_detector_test.go:84: Expected label ZipCode, got  ([]), file ZipCode.csv:30127 data 87151
    regex_detector_test.go:84: Expected label ZipCode, got  ([]), file ZipCode.csv:30128 data 87301
    regex_detector_test.go:84: Expected label ZipCode, got  ([]), file ZipCode.csv:30129 data 87305
    regex_detector_test.go:84: Expected label ZipCode, got  ([]), file ZipCode.csv:30130 data 87310
    regex_detector_test.go:84: Expected label ZipCode, got  ([]), file ZipCode.csv:30131 data 87311
    regex_detector_test.go:84: Expected label ZipCode, got  ([]), file ZipCode.csv:30132 data 87312
    regex_detector_test.go:84: Expected label ZipCode, got  ([]), file ZipCode.csv:30133 data 87313
    regex_detector_test.go:84: Expected label ZipCode, got  ([]), file ZipCode.csv:30134 data 87315
    regex_detector_test.go:84: Expected label ZipCode, got  ([]), file ZipCode.csv:30135 data 87316
    regex_detector_test.go:84: Expected label ZipCode, got  ([]), file ZipCode.csv:30136 data 87317
    regex_detector_test.go:84: Expected label ZipCode, got  ([]), file ZipCode.csv:30137 data 87319
    regex_detector_test.go:84: Expected label ZipCode, got  ([]), file ZipCode.csv:30138 data 87320
    regex_detector_test.go:84: Expected label ZipCode, got  ([]), file ZipCode.csv:30139 data 87321
    regex_detector_test.go:84: Expected label ZipCode, got  ([]), file ZipCode.csv:30140 data 87322
    regex_detector_test.go:84: Expected label ZipCode, got  ([]), file ZipCode.csv:30141 data 87323
    regex_detector_test.go:84: Expected label ZipCode, got  ([]), file ZipCode.csv:30142 data 87325
    regex_detector_test.go:84: Expected label ZipCode, got  ([]), file ZipCode.csv:30143 data 87326
    regex_detector_test.go:84: Expected label ZipCode, got  ([]), file ZipCode.csv:30144 data 87327
    regex_detector_test.go:84: Expected label ZipCode, got  ([]), file ZipCode.csv:30145 data 87328
    regex_detector_test.go:84: Expected label ZipCode, got  ([]), file ZipCode.csv:30146 data 87347
    regex_detector_test.go:84: Expected label ZipCode, got  ([]), file ZipCode.csv:30147 data 87357
    regex_detector_test.go:84: Expected label ZipCode, got  ([]), file ZipCode.csv:30148 data 87364
    regex_detector_test.go:84: Expected label ZipCode, got  ([]), file ZipCode.csv:30149 data 87365
    regex_detector_test.go:84: Expected label ZipCode, got  ([]), file ZipCode.csv:30150 data 87375
    regex_detector_test.go:84: Expected label ZipCode, got  ([]), file ZipCode.csv:30151 data 87401
    regex_detector_test.go:84: Expected label ZipCode, got  ([]), file ZipCode.csv:30152 data 87402
    regex_detector_test.go:84: Expected label ZipCode, got  ([]), file ZipCode.csv:30153 data 87410
    regex_detector_test.go:84: Expected label ZipCode, got  ([]), file ZipCode.csv:30154 data 87412
    regex_detector_test.go:84: Expected label ZipCode, got  ([]), file ZipCode.csv:30155 data 87413
    regex_detector_test.go:84: Expected label ZipCode, got  ([]), file ZipCode.csv:30156 data 87415
    regex_detector_test.go:84: Expected label ZipCode, got  ([]), file ZipCode.csv:30157 data 87416
    regex_detector_test.go:84: Expected label ZipCode, got  ([]), file ZipCode.csv:30158 data 87417
    regex_detector_test.go:84: Expected label ZipCode, got  ([]), file ZipCode.csv:30159 data 87418
    regex_detector_test.go:84: Expected label ZipCode, got  ([]), file ZipCode.csv:30160 data 87419
    regex_detector_test.go:84: Expected label ZipCode, got  ([]), file ZipCode.csv:30161 data 87420
    regex_detector_test.go:84: Expected label ZipCode, got  ([]), file ZipCode.csv:30162 data 87421
    regex_detector_test.go:84: Expected label ZipCode, got  ([]), file ZipCode.csv:30163 data 87455
    regex_detector_test.go:84: Expected label ZipCode, got  ([]), file ZipCode.csv:30164 data 87461
    regex_detector_test.go:84: Expected label ZipCode, got  ([]), file ZipCode.csv:30165 data 87499
    regex_detector_test.go:84: Expected label ZipCode, got  ([]), file ZipCode.csv:30166 data 87501
    regex_detector_test.go:84: Expected label ZipCode, got  ([]), file ZipCode.csv:30167 data 87505
    regex_detector_test.go:84: Expected label ZipCode, got  ([]), file ZipCode.csv:30168 data 87506
    regex_detector_test.go:84: Expected label ZipCode, got  ([]), file ZipCode.csv:30169 data 87507
    regex_detector_test.go:84: Expected label ZipCode, got  ([]), file ZipCode.csv:30170 data 87508
    regex_detector_test.go:84: Expected label ZipCode, got  ([]), file ZipCode.csv:30171 data 87510
    regex_detector_test.go:84: Expected label ZipCode, got  ([]), file ZipCode.csv:30172 data 87511
    regex_detector_test.go:84: Expected label ZipCode, got  ([]), file ZipCode.csv:30173 data 87512
    regex_detector_test.go:84: Expected label ZipCode, got  ([]), file ZipCode.csv:30174 data 87513
    regex_detector_test.go:84: Expected label ZipCode, got  ([]), file ZipCode.csv:30175 data 87514
    regex_detector_test.go:84: Expected label ZipCode, got  ([]), file ZipCode.csv:30176 data 87515
    regex_detector_test.go:84: Expected label ZipCode, got  ([]), file ZipCode.csv:30177 data 87516
    regex_detector_test.go:84: Expected label ZipCode, got  ([]), file ZipCode.csv:30178 data 87517
    regex_detector_test.go:84: Expected label ZipCode, got  ([]), file ZipCode.csv:30179 data 87518
    regex_detector_test.go:84: Expected label ZipCode, got  ([]), file ZipCode.csv:30180 data 87519
    regex_detector_test.go:84: Expected label ZipCode, got  ([]), file ZipCode.csv:30181 data 87520
    regex_detector_test.go:84: Expected label ZipCode, got  ([]), file ZipCode.csv:30182 data 87521
    regex_detector_test.go:84: Expected label ZipCode, got  ([]), file ZipCode.csv:30183 data 87522
    regex_detector_test.go:84: Expected label ZipCode, got  ([]), file ZipCode.csv:30184 data 87523
    regex_detector_test.go:84: Expected label ZipCode, got  ([]), file ZipCode.csv:30185 data 87524
    regex_detector_test.go:84: Expected label ZipCode, got  ([]), file ZipCode.csv:30186 data 87525
    regex_detector_test.go:84: Expected label ZipCode, got  ([]), file ZipCode.csv:30187 data 87527
    regex_detector_test.go:84: Expected label ZipCode, got  ([]), file ZipCode.csv:30188 data 87528
    regex_detector_test.go:84: Expected label ZipCode, got  ([]), file ZipCode.csv:30189 data 87529
    regex_detector_test.go:84: Expected label ZipCode, got  ([]), file ZipCode.csv:30190 data 87530
    regex_detector_test.go:84: Expected label ZipCode, got  ([]), file ZipCode.csv:30191 data 87531
    regex_detector_test.go:84: Expected label ZipCode, got  ([]), file ZipCode.csv:30192 data 87532
    regex_detector_test.go:84: Expected label ZipCode, got  ([]), file ZipCode.csv:30193 data 87535
    regex_detector_test.go:84: Expected label ZipCode, got  ([]), file ZipCode.csv:30194 data 87537
    regex_detector_test.go:84: Expected label ZipCode, got  ([]), file ZipCode.csv:30195 data 87538
    regex_detector_test.go:84: Expected label ZipCode, got  ([]), file ZipCode.csv:30196 data 87539
    regex_detector_test.go:84: Expected label ZipCode, got  ([]), file ZipCode.csv:30197 data 87540
    regex_detector_test.go:84: Expected label ZipCode, got  ([]), file ZipCode.csv:30198 data 87543
    regex_detector_test.go:84: Expected label ZipCode, got  ([]), file ZipCode.csv:30199 data 87544
    regex_detector_test.go:84: Expected label ZipCode, got  ([]), file ZipCode.csv:30200 data 87547
    regex_detector_test.go:84: Expected label ZipCode, got  ([]), file ZipCode.csv:30201 data 87548
    regex_detector_test.go:84: Expected label ZipCode, got  ([]), file ZipCode.csv:30202 data 87549
    regex_detector_test.go:84: Expected label ZipCode, got  ([]), file ZipCode.csv:30203 data 87551
    regex_detector_test.go:84: Expected label ZipCode, got  ([]), file ZipCode.csv:30204 data 87552
    regex_detector_test.go:84: Expected label ZipCode, got  ([]), file ZipCode.csv:30205 data 87553
    regex_detector_test.go:84: Expected label ZipCode, got  ([]), file ZipCode.csv:30206 data 87554
    regex_detector_test.go:84: Expected label ZipCode, got  ([]), file ZipCode.csv:30207 data 87556
    regex_detector_test.go:84: Expected label ZipCode, got  ([]), file ZipCode.csv:30208 data 87557
    regex_detector_test.go:84: Expected label ZipCode, got  ([]), file ZipCode.csv:30209 data 87558
    regex_detector_test.go:84: Expected label ZipCode, got  ([]), file ZipCode.csv:30210 data 87560
    regex_detector_test.go:84: Expected label ZipCode, got  ([]), file ZipCode.csv:30211 data 87562
    regex_detector_test.go:84: Expected label ZipCode, got  ([]), file ZipCode.csv:30212 data 87564
    regex_detector_test.go:84: Expected label ZipCode, got  ([]), file ZipCode.csv:30213 data 87565
    regex_detector_test.go:84: Expected label ZipCode, got  ([]), file ZipCode.csv:30214 data 87566
    regex_detector_test.go:84: Expected label ZipCode, got  ([]), file ZipCode.csv:30215 data 87567
    regex_detector_test.go:84: Expected label ZipCode, got  ([]), file ZipCode.csv:30216 data 87569
    regex_detector_test.go:84: Expected label ZipCode, got  ([]), file ZipCode.csv:30217 data 87571
    regex_detector_test.go:84: Expected label ZipCode, got  ([]), file ZipCode.csv:30218 data 87573
    regex_detector_test.go:84: Expected label ZipCode, got  ([]), file ZipCode.csv:30219 data 87575
    regex_detector_test.go:84: Expected label ZipCode, got  ([]), file ZipCode.csv:30220 data 87577
    regex_detector_test.go:84: Expected label ZipCode, got  ([]), file ZipCode.csv:30221 data 87578
    regex_detector_test.go:84: Expected label ZipCode, got  ([]), file ZipCode.csv:30222 data 87579
    regex_detector_test.go:84: Expected label ZipCode, got  ([]), file ZipCode.csv:30223 data 87580
    regex_detector_test.go:84: Expected label ZipCode, got  ([]), file ZipCode.csv:30224 data 87581
    regex_detector_test.go:84: Expected label ZipCode, got  ([]), file ZipCode.csv:30225 data 87582
    regex_detector_test.go:84: Expected label ZipCode, got  ([]), file ZipCode.csv:30226 data 87583
    regex_detector_test.go:84: Expected label ZipCode, got  ([]), file ZipCode.csv:30227 data 87701
    regex_detector_test.go:84: Expected label ZipCode, got  ([]), file ZipCode.csv:30228 data 87710
    regex_detector_test.go:84: Expected label ZipCode, got  ([]), file ZipCode.csv:30229 data 87711
    regex_detector_test.go:84: Expected label ZipCode, got  ([]), file ZipCode.csv:30230 data 87712
    regex_detector_test.go:84: Expected label ZipCode, got  ([]), file ZipCode.csv:30231 data 87713
    regex_detector_test.go:84: Expected label ZipCode, got  ([]), file ZipCode.csv:30232 data 87714
    regex_detector_test.go:84: Expected label ZipCode, got  ([]), file ZipCode.csv:30233 data 87715
    regex_detector_test.go:84: Expected label ZipCode, got  ([]), file ZipCode.csv:30234 data 87718
    regex_detector_test.go:84: Expected label ZipCode, got  ([]), file ZipCode.csv:30235 data 87722
    regex_detector_test.go:84: Expected label ZipCode, got  ([]), file ZipCode.csv:30236 data 87723
    regex_detector_test.go:84: Expected label ZipCode, got  ([]), file ZipCode.csv:30237 data 87724
    regex_detector_test.go:84: Expected label ZipCode, got  ([]), file ZipCode.csv:30238 data 87728
    regex_detector_test.go:84: Expected label ZipCode, got  ([]), file ZipCode.csv:30239 data 87729
    regex_detector_test.go:84: Expected label ZipCode, got  ([]), file ZipCode.csv:30240 data 87730
    regex_detector_test.go:84: Expected label ZipCode, got  ([]), file ZipCode.csv:30241 data 87731
    regex_detector_test.go:84: Expected label ZipCode, got  ([]), file ZipCode.csv:30242 data 87732
    regex_detector_test.go:84: Expected label ZipCode, got  ([]), file ZipCode.csv:30243 data 87733
    regex_detector_test.go:84: Expected label ZipCode, got  ([]), file ZipCode.csv:30244 data 87734
    regex_detector_test.go:84: Expected label ZipCode, got  ([]), file ZipCode.csv:30245 data 87735
    regex_detector_test.go:84: Expected label ZipCode, got  ([]), file ZipCode.csv:30246 data 87736
    regex_detector_test.go:84: Expected label ZipCode, got  ([]), file ZipCode.csv:30247 data 87740
    regex_detector_test.go:84: Expected label ZipCode, got  ([]), file ZipCode.csv:30248 data 87742
    regex_detector_test.go:84: Expected label ZipCode, got  ([]), file ZipCode.csv:30249 data 87743
    regex_detector_test.go:84: Expected label ZipCode, got  ([]), file ZipCode.csv:30250 data 87745
    regex_detector_test.go:84: Expected label ZipCode, got  ([]), file ZipCode.csv:30251 data 87746
    regex_detector_test.go:84: Expected label ZipCode, got  ([]), file ZipCode.csv:30252 data 87747
    regex_detector_test.go:84: Expected label ZipCode, got  ([]), file ZipCode.csv:30253 data 87749
    regex_detector_test.go:84: Expected label ZipCode, got  ([]), file ZipCode.csv:30254 data 87750
    regex_detector_test.go:84: Expected label ZipCode, got  ([]), file ZipCode.csv:30255 data 87752
    regex_detector_test.go:84: Expected label ZipCode, got  ([]), file ZipCode.csv:30256 data 87753
    regex_detector_test.go:84: Expected label ZipCode, got  ([]), file ZipCode.csv:30257 data 87801
    regex_detector_test.go:84: Expected label ZipCode, got  ([]), file ZipCode.csv:30258 data 87820
    regex_detector_test.go:84: Expected label ZipCode, got  ([]), file ZipCode.csv:30259 data 87821
    regex_detector_test.go:84: Expected label ZipCode, got  ([]), file ZipCode.csv:30260 data 87823
    regex_detector_test.go:84: Expected label ZipCode, got  ([]), file ZipCode.csv:30261 data 87824
    regex_detector_test.go:84: Expected label ZipCode, got  ([]), file ZipCode.csv:30262 data 87825
    regex_detector_test.go:84: Expected label ZipCode, got  ([]), file ZipCode.csv:30263 data 87827
    regex_detector_test.go:84: Expected label ZipCode, got  ([]), file ZipCode.csv:30264 data 87828
    regex_detector_test.go:84: Expected label ZipCode, got  ([]), file ZipCode.csv:30265 data 87829
    regex_detector_test.go:84: Expected label ZipCode, got  ([]), file ZipCode.csv:30266 data 87830
    regex_detector_test.go:84: Expected label ZipCode, got  ([]), file ZipCode.csv:30267 data 87831
    regex_detector_test.go:84: Expected label ZipCode, got  ([]), file ZipCode.csv:30268 data 87832
    regex_detector_test.go:84: Expected label ZipCode, got  ([]), file ZipCode.csv:30269 data 87901
    regex_detector_test.go:84: Expected label ZipCode, got  ([]), file ZipCode.csv:30270 data 87930
    regex_detector_test.go:84: Expected label ZipCode, got  ([]), file ZipCode.csv:30271 data 87931
    regex_detector_test.go:84: Expected label ZipCode, got  ([]), file ZipCode.csv:30272 data 87933
    regex_detector_test.go:84: Expected label ZipCode, got  ([]), file ZipCode.csv:30273 data 87935
    regex_detector_test.go:84: Expected label ZipCode, got  ([]), file ZipCode.csv:30274 data 87936
    regex_detector_test.go:84: Expected label ZipCode, got  ([]), file ZipCode.csv:30275 data 87937
    regex_detector_test.go:84: Expected label ZipCode, got  ([]), file ZipCode.csv:30276 data 87939
    regex_detector_test.go:84: Expected label ZipCode, got  ([]), file ZipCode.csv:30277 data 87940
    regex_detector_test.go:84: Expected label ZipCode, got  ([]), file ZipCode.csv:30278 data 87941
    regex_detector_test.go:84: Expected label ZipCode, got  ([]), file ZipCode.csv:30279 data 87942
    regex_detector_test.go:84: Expected label ZipCode, got  ([]), file ZipCode.csv:30280 data 87943
    regex_detector_test.go:84: Expected label ZipCode, got  ([]), file ZipCode.csv:30281 data 88001
    regex_detector_test.go:84: Expected label ZipCode, got  ([]), file ZipCode.csv:30282 data 88002
    regex_detector_test.go:84: Expected label ZipCode, got  ([]), file ZipCode.csv:30283 data 88003
    regex_detector_test.go:84: Expected label ZipCode, got  ([]), file ZipCode.csv:30284 data 88004
    regex_detector_test.go:84: Expected label ZipCode, got  ([]), file ZipCode.csv:30285 data 88005
    regex_detector_test.go:84: Expected label ZipCode, got  ([]), file ZipCode.csv:30286 data 88007
    regex_detector_test.go:84: Expected label ZipCode, got  ([]), file ZipCode.csv:30287 data 88008
    regex_detector_test.go:84: Expected label ZipCode, got  ([]), file ZipCode.csv:30288 data 88009
    regex_detector_test.go:84: Expected label ZipCode, got  ([]), file ZipCode.csv:30289 data 88011
    regex_detector_test.go:84: Expected label ZipCode, got  ([]), file ZipCode.csv:30290 data 88012
    regex_detector_test.go:84: Expected label ZipCode, got  ([]), file ZipCode.csv:30291 data 88020
    regex_detector_test.go:84: Expected label ZipCode, got  ([]), file ZipCode.csv:30292 data 88021
    regex_detector_test.go:84: Expected label ZipCode, got  ([]), file ZipCode.csv:30293 data 88022
    regex_detector_test.go:84: Expected label ZipCode, got  ([]), file ZipCode.csv:30294 data 88023
    regex_detector_test.go:84: Expected label ZipCode, got  ([]), file ZipCode.csv:30295 data 88024
    regex_detector_test.go:84: Expected label ZipCode, got  ([]), file ZipCode.csv:30296 data 88025
    regex_detector_test.go:84: Expected label ZipCode, got  ([]), file ZipCode.csv:30297 data 88026
    regex_detector_test.go:84: Expected label ZipCode, got  ([]), file ZipCode.csv:30298 data 88027
    regex_detector_test.go:84: Expected label ZipCode, got  ([]), file ZipCode.csv:30299 data 88028
    regex_detector_test.go:84: Expected label ZipCode, got  ([]), file ZipCode.csv:30300 data 88029
    regex_detector_test.go:84: Expected label ZipCode, got  ([]), file ZipCode.csv:30301 data 88030
    regex_detector_test.go:84: Expected label ZipCode, got  ([]), file ZipCode.csv:30302 data 88034
    regex_detector_test.go:84: Expected label ZipCode, got  ([]), file ZipCode.csv:30303 data 88038
    regex_detector_test.go:84: Expected label ZipCode, got  ([]), file ZipCode.csv:30304 data 88039
    regex_detector_test.go:84: Expected label ZipCode, got  ([]), file ZipCode.csv:30305 data 88040
    regex_detector_test.go:84: Expected label ZipCode, got  ([]), file ZipCode.csv:30306 data 88041
    regex_detector_test.go:84: Expected label ZipCode, got  ([]), file ZipCode.csv:30307 data 88042
    regex_detector_test.go:84: Expected label ZipCode, got  ([]), file ZipCode.csv:30308 data 88043
    regex_detector_test.go:84: Expected label ZipCode, got  ([]), file ZipCode.csv:30309 data 88044
    regex_detector_test.go:84: Expected label ZipCode, got  ([]), file ZipCode.csv:30310 data 88045
    regex_detector_test.go:84: Expected label ZipCode, got  ([]), file ZipCode.csv:30311 data 88046
    regex_detector_test.go:84: Expected label ZipCode, got  ([]), file ZipCode.csv:30312 data 88047
    regex_detector_test.go:84: Expected label ZipCode, got  ([]), file ZipCode.csv:30313 data 88048
    regex_detector_test.go:84: Expected label ZipCode, got  ([]), file ZipCode.csv:30314 data 88049
    regex_detector_test.go:84: Expected label ZipCode, got  ([]), file ZipCode.csv:30315 data 88051
    regex_detector_test.go:84: Expected label ZipCode, got  ([]), file ZipCode.csv:30316 data 88052
    regex_detector_test.go:84: Expected label ZipCode, got  ([]), file ZipCode.csv:30317 data 88053
    regex_detector_test.go:84: Expected label ZipCode, got  ([]), file ZipCode.csv:30318 data 88055
    regex_detector_test.go:84: Expected label ZipCode, got  ([]), file ZipCode.csv:30319 data 88056
    regex_detector_test.go:84: Expected label ZipCode, got  ([]), file ZipCode.csv:30320 data 88061
    regex_detector_test.go:84: Expected label ZipCode, got  ([]), file ZipCode.csv:30321 data 88063
    regex_detector_test.go:84: Expected label ZipCode, got  ([]), file ZipCode.csv:30322 data 88065
    regex_detector_test.go:84: Expected label ZipCode, got  ([]), file ZipCode.csv:30323 data 88072
    regex_detector_test.go:84: Expected label ZipCode, got  ([]), file ZipCode.csv:30324 data 88081
    regex_detector_test.go:84: Expected label ZipCode, got  ([]), file ZipCode.csv:30325 data 88101
    regex_detector_test.go:84: Expected label ZipCode, got  ([]), file ZipCode.csv:30326 data 88103
    regex_detector_test.go:84: Expected label ZipCode, got  ([]), file ZipCode.csv:30327 data 88112
    regex_detector_test.go:84: Expected label ZipCode, got  ([]), file ZipCode.csv:30328 data 88113
    regex_detector_test.go:84: Expected label ZipCode, got  ([]), file ZipCode.csv:30329 data 88114
    regex_detector_test.go:84: Expected label ZipCode, got  ([]), file ZipCode.csv:30330 data 88115
    regex_detector_test.go:84: Expected label ZipCode, got  ([]), file ZipCode.csv:30331 data 88116
    regex_detector_test.go:84: Expected label ZipCode, got  ([]), file ZipCode.csv:30332 data 88118
    regex_detector_test.go:84: Expected label ZipCode, got  ([]), file ZipCode.csv:30333 data 88119
    regex_detector_test.go:84: Expected label ZipCode, got  ([]), file ZipCode.csv:30334 data 88120
    regex_detector_test.go:84: Expected label ZipCode, got  ([]), file ZipCode.csv:30335 data 88121
    regex_detector_test.go:84: Expected label ZipCode, got  ([]), file ZipCode.csv:30336 data 88124
    regex_detector_test.go:84: Expected label ZipCode, got  ([]), file ZipCode.csv:30337 data 88125
    regex_detector_test.go:84: Expected label ZipCode, got  ([]), file ZipCode.csv:30338 data 88126
    regex_detector_test.go:84: Expected label ZipCode, got  ([]), file ZipCode.csv:30339 data 88130
    regex_detector_test.go:84: Expected label ZipCode, got  ([]), file ZipCode.csv:30340 data 88132
    regex_detector_test.go:84: Expected label ZipCode, got  ([]), file ZipCode.csv:30341 data 88134
    regex_detector_test.go:84: Expected label ZipCode, got  ([]), file ZipCode.csv:30342 data 88135
    regex_detector_test.go:84: Expected label ZipCode, got  ([]), file ZipCode.csv:30343 data 88136
    regex_detector_test.go:84: Expected label ZipCode, got  ([]), file ZipCode.csv:30344 data 88201
    regex_detector_test.go:84: Expected label ZipCode, got  ([]), file ZipCode.csv:30345 data 88203
    regex_detector_test.go:84: Expected label ZipCode, got  ([]), file ZipCode.csv:30346 data 88210
    regex_detector_test.go:84: Expected label ZipCode, got  ([]), file ZipCode.csv:30347 data 88220
    regex_detector_test.go:84: Expected label ZipCode, got  ([]), file ZipCode.csv:30348 data 88230
    regex_detector_test.go:84: Expected label ZipCode, got  ([]), file ZipCode.csv:30349 data 88231
    regex_detector_test.go:84: Expected label ZipCode, got  ([]), file ZipCode.csv:30350 data 88232
    regex_detector_test.go:84: Expected label ZipCode, got  ([]), file ZipCode.csv:30351 data 88240
    regex_detector_test.go:84: Expected label ZipCode, got  ([]), file ZipCode.csv:30352 data 88242
    regex_detector_test.go:84: Expected label ZipCode, got  ([]), file ZipCode.csv:30353 data 88244
    regex_detector_test.go:84: Expected label ZipCode, got  ([]), file ZipCode.csv:30354 data 88250
    regex_detector_test.go:84: Expected label ZipCode, got  ([]), file ZipCode.csv:30355 data 88252
    regex_detector_test.go:84: Expected label ZipCode, got  ([]), file ZipCode.csv:30356 data 88253
    regex_detector_test.go:84: Expected label ZipCode, got  ([]), file ZipCode.csv:30357 data 88254
    regex_detector_test.go:84: Expected label ZipCode, got  ([]), file ZipCode.csv:30358 data 88255
    regex_detector_test.go:84: Expected label ZipCode, got  ([]), file ZipCode.csv:30359 data 88256
    regex_detector_test.go:84: Expected label ZipCode, got  ([]), file ZipCode.csv:30360 data 88260
    regex_detector_test.go:84: Expected label ZipCode, got  ([]), file ZipCode.csv:30361 data 88262
    regex_detector_test.go:84: Expected label ZipCode, got  ([]), file ZipCode.csv:30362 data 88263
    regex_detector_test.go:84: Expected label ZipCode, got  ([]), file ZipCode.csv:30363 data 88264
    regex_detector_test.go:84: Expected label ZipCode, got  ([]), file ZipCode.csv:30364 data 88265
    regex_detector_test.go:84: Expected label ZipCode, got  ([]), file ZipCode.csv:30365 data 88267
    regex_detector_test.go:84: Expected label ZipCode, got  ([]), file ZipCode.csv:30366 data 88268
    regex_detector_test.go:84: Expected label ZipCode, got  ([]), file ZipCode.csv:30367 data 88301
    regex_detector_test.go:84: Expected label ZipCode, got  ([]), file ZipCode.csv:30368 data 88310
    regex_detector_test.go:84: Expected label ZipCode, got  ([]), file ZipCode.csv:30369 data 88311
    regex_detector_test.go:84: Expected label ZipCode, got  ([]), file ZipCode.csv:30370 data 88312
    regex_detector_test.go:84: Expected label ZipCode, got  ([]), file ZipCode.csv:30371 data 88314
    regex_detector_test.go:84: Expected label ZipCode, got  ([]), file ZipCode.csv:30372 data 88316
    regex_detector_test.go:84: Expected label ZipCode, got  ([]), file ZipCode.csv:30373 data 88317
    regex_detector_test.go:84: Expected label ZipCode, got  ([]), file ZipCode.csv:30374 data 88318
    regex_detector_test.go:84: Expected label ZipCode, got  ([]), file ZipCode.csv:30375 data 88321
    regex_detector_test.go:84: Expected label ZipCode, got  ([]), file ZipCode.csv:30376 data 88323
    regex_detector_test.go:84: Expected label ZipCode, got  ([]), file ZipCode.csv:30377 data 88324
    regex_detector_test.go:84: Expected label ZipCode, got  ([]), file ZipCode.csv:30378 data 88325
    regex_detector_test.go:84: Expected label ZipCode, got  ([]), file ZipCode.csv:30379 data 88330
    regex_detector_test.go:84: Expected label ZipCode, got  ([]), file ZipCode.csv:30380 data 88336
    regex_detector_test.go:84: Expected label ZipCode, got  ([]), file ZipCode.csv:30381 data 88337
    regex_detector_test.go:84: Expected label ZipCode, got  ([]), file ZipCode.csv:30382 data 88338
    regex_detector_test.go:84: Expected label ZipCode, got  ([]), file ZipCode.csv:30383 data 88339
    regex_detector_test.go:84: Expected label ZipCode, got  ([]), file ZipCode.csv:30384 data 88340
    regex_detector_test.go:84: Expected label ZipCode, got  ([]), file ZipCode.csv:30385 data 88341
    regex_detector_test.go:84: Expected label ZipCode, got  ([]), file ZipCode.csv:30386 data 88342
    regex_detector_test.go:84: Expected label ZipCode, got  ([]), file ZipCode.csv:30387 data 88343
    regex_detector_test.go:84: Expected label ZipCode, got  ([]), file ZipCode.csv:30388 data 88344
    regex_detector_test.go:84: Expected label ZipCode, got  ([]), file ZipCode.csv:30389 data 88345
    regex_detector_test.go:84: Expected label ZipCode, got  ([]), file ZipCode.csv:30390 data 88346
    regex_detector_test.go:84: Expected label ZipCode, got  ([]), file ZipCode.csv:30391 data 88347
    regex_detector_test.go:84: Expected label ZipCode, got  ([]), file ZipCode.csv:30392 data 88348
    regex_detector_test.go:84: Expected label ZipCode, got  ([]), file ZipCode.csv:30393 data 88349
    regex_detector_test.go:84: Expected label ZipCode, got  ([]), file ZipCode.csv:30394 data 88350
    regex_detector_test.go:84: Expected label ZipCode, got  ([]), file ZipCode.csv:30395 data 88351
    regex_detector_test.go:84: Expected label ZipCode, got  ([]), file ZipCode.csv:30396 data 88352
    regex_detector_test.go:84: Expected label ZipCode, got  ([]), file ZipCode.csv:30397 data 88353
    regex_detector_test.go:84: Expected label ZipCode, got  ([]), file ZipCode.csv:30398 data 88354
    regex_detector_test.go:84: Expected label ZipCode, got  ([]), file ZipCode.csv:30399 data 88355
    regex_detector_test.go:84: Expected label ZipCode, got  ([]), file ZipCode.csv:30400 data 88401
    regex_detector_test.go:84: Expected label ZipCode, got  ([]), file ZipCode.csv:30401 data 88410
    regex_detector_test.go:84: Expected label ZipCode, got  ([]), file ZipCode.csv:30402 data 88411
    regex_detector_test.go:84: Expected label ZipCode, got  ([]), file ZipCode.csv:30403 data 88414
    regex_detector_test.go:84: Expected label ZipCode, got  ([]), file ZipCode.csv:30404 data 88415
    regex_detector_test.go:84: Expected label ZipCode, got  ([]), file ZipCode.csv:30405 data 88416
    regex_detector_test.go:84: Expected label ZipCode, got  ([]), file ZipCode.csv:30406 data 88417
    regex_detector_test.go:84: Expected label ZipCode, got  ([]), file ZipCode.csv:30407 data 88418
    regex_detector_test.go:84: Expected label ZipCode, got  ([]), file ZipCode.csv:30408 data 88419
    regex_detector_test.go:84: Expected label ZipCode, got  ([]), file ZipCode.csv:30409 data 88421
    regex_detector_test.go:84: Expected label ZipCode, got  ([]), file ZipCode.csv:30410 data 88422
    regex_detector_test.go:84: Expected label ZipCode, got  ([]), file ZipCode.csv:30411 data 88424
    regex_detector_test.go:84: Expected label ZipCode, got  ([]), file ZipCode.csv:30412 data 88426
    regex_detector_test.go:84: Expected label ZipCode, got  ([]), file ZipCode.csv:30413 data 88427
    regex_detector_test.go:84: Expected label ZipCode, got  ([]), file ZipCode.csv:30414 data 88430
    regex_detector_test.go:84: Expected label ZipCode, got  ([]), file ZipCode.csv:30415 data 88431
    regex_detector_test.go:84: Expected label ZipCode, got  ([]), file ZipCode.csv:30416 data 88434
    regex_detector_test.go:84: Expected label ZipCode, got  ([]), file ZipCode.csv:30417 data 88435
    regex_detector_test.go:84: Expected label ZipCode, got  ([]), file ZipCode.csv:30418 data 88436
    regex_detector_test.go:84: Expected label ZipCode, got  ([]), file ZipCode.csv:30419 data 88439
    regex_detector_test.go:84: Expected label ZipCode, got  ([]), file ZipCode.csv:30420 data 89001
    regex_detector_test.go:84: Expected label ZipCode, got  ([]), file ZipCode.csv:30421 data 89002
    regex_detector_test.go:84: Expected label ZipCode, got  ([]), file ZipCode.csv:30422 data 89003
    regex_detector_test.go:84: Expected label ZipCode, got  ([]), file ZipCode.csv:30423 data 89004
    regex_detector_test.go:84: Expected label ZipCode, got  ([]), file ZipCode.csv:30424 data 89005
    regex_detector_test.go:84: Expected label ZipCode, got  ([]), file ZipCode.csv:30425 data 89007
    regex_detector_test.go:84: Expected label ZipCode, got  ([]), file ZipCode.csv:30426 data 89008
    regex_detector_test.go:84: Expected label ZipCode, got  ([]), file ZipCode.csv:30427 data 89010
    regex_detector_test.go:84: Expected label ZipCode, got  ([]), file ZipCode.csv:30428 data 89011
    regex_detector_test.go:84: Expected label ZipCode, got  ([]), file ZipCode.csv:30429 data 89012
    regex_detector_test.go:84: Expected label ZipCode, got  ([]), file ZipCode.csv:30430 data 89013
    regex_detector_test.go:84: Expected label ZipCode, got  ([]), file ZipCode.csv:30431 data 89014
    regex_detector_test.go:84: Expected label ZipCode, got  ([]), file ZipCode.csv:30432 data 89015
    regex_detector_test.go:84: Expected label ZipCode, got  ([]), file ZipCode.csv:30433 data 89017
    regex_detector_test.go:84: Expected label ZipCode, got  ([]), file ZipCode.csv:30434 data 89018
    regex_detector_test.go:84: Expected label ZipCode, got  ([]), file ZipCode.csv:30435 data 89019
    regex_detector_test.go:84: Expected label ZipCode, got  ([]), file ZipCode.csv:30436 data 89020
    regex_detector_test.go:84: Expected label ZipCode, got  ([]), file ZipCode.csv:30437 data 89021
    regex_detector_test.go:84: Expected label ZipCode, got  ([]), file ZipCode.csv:30438 data 89022
    regex_detector_test.go:84: Expected label ZipCode, got  ([]), file ZipCode.csv:30439 data 89025
    regex_detector_test.go:84: Expected label ZipCode, got  ([]), file ZipCode.csv:30440 data 89026
    regex_detector_test.go:84: Expected label ZipCode, got  ([]), file ZipCode.csv:30441 data 89027
    regex_detector_test.go:84: Expected label ZipCode, got  ([]), file ZipCode.csv:30442 data 89029
    regex_detector_test.go:84: Expected label ZipCode, got  ([]), file ZipCode.csv:30443 data 89030
    regex_detector_test.go:84: Expected label ZipCode, got  ([]), file ZipCode.csv:30444 data 89031
    regex_detector_test.go:84: Expected label ZipCode, got  ([]), file ZipCode.csv:30445 data 89032
    regex_detector_test.go:84: Expected label ZipCode, got  ([]), file ZipCode.csv:30446 data 89034
    regex_detector_test.go:84: Expected label ZipCode, got  ([]), file ZipCode.csv:30447 data 89039
    regex_detector_test.go:84: Expected label ZipCode, got  ([]), file ZipCode.csv:30448 data 89040
    regex_detector_test.go:84: Expected label ZipCode, got  ([]), file ZipCode.csv:30449 data 89042
    regex_detector_test.go:84: Expected label ZipCode, got  ([]), file ZipCode.csv:30450 data 89043
    regex_detector_test.go:84: Expected label ZipCode, got  ([]), file ZipCode.csv:30451 data 89044
    regex_detector_test.go:84: Expected label ZipCode, got  ([]), file ZipCode.csv:30452 data 89045
    regex_detector_test.go:84: Expected label ZipCode, got  ([]), file ZipCode.csv:30453 data 89046
    regex_detector_test.go:84: Expected label ZipCode, got  ([]), file ZipCode.csv:30454 data 89047
    regex_detector_test.go:84: Expected label ZipCode, got  ([]), file ZipCode.csv:30455 data 89048
    regex_detector_test.go:84: Expected label ZipCode, got  ([]), file ZipCode.csv:30456 data 89049
    regex_detector_test.go:84: Expected label ZipCode, got  ([]), file ZipCode.csv:30457 data 89052
    regex_detector_test.go:84: Expected label ZipCode, got  ([]), file ZipCode.csv:30458 data 89054
    regex_detector_test.go:84: Expected label ZipCode, got  ([]), file ZipCode.csv:30459 data 89060
    regex_detector_test.go:84: Expected label ZipCode, got  ([]), file ZipCode.csv:30460 data 89061
    regex_detector_test.go:84: Expected label ZipCode, got  ([]), file ZipCode.csv:30461 data 89070
    regex_detector_test.go:84: Expected label ZipCode, got  ([]), file ZipCode.csv:30462 data 89074
    regex_detector_test.go:84: Expected label ZipCode, got  ([]), file ZipCode.csv:30463 data 89081
    regex_detector_test.go:84: Expected label ZipCode, got  ([]), file ZipCode.csv:30464 data 89084
    regex_detector_test.go:84: Expected label ZipCode, got  ([]), file ZipCode.csv:30465 data 89085
    regex_detector_test.go:84: Expected label ZipCode, got  ([]), file ZipCode.csv:30466 data 89086
    regex_detector_test.go:84: Expected label ZipCode, got  ([]), file ZipCode.csv:30467 data 89101
    regex_detector_test.go:84: Expected label ZipCode, got  ([]), file ZipCode.csv:30468 data 89102
    regex_detector_test.go:84: Expected label ZipCode, got  ([]), file ZipCode.csv:30469 data 89103
    regex_detector_test.go:84: Expected label ZipCode, got  ([]), file ZipCode.csv:30470 data 89104
    regex_detector_test.go:84: Expected label ZipCode, got  ([]), file ZipCode.csv:30471 data 89106
    regex_detector_test.go:84: Expected label ZipCode, got  ([]), file ZipCode.csv:30472 data 89107
    regex_detector_test.go:84: Expected label ZipCode, got  ([]), file ZipCode.csv:30473 data 89108
    regex_detector_test.go:84: Expected label ZipCode, got  ([]), file ZipCode.csv:30474 data 89109
    regex_detector_test.go:84: Expected label ZipCode, got  ([]), file ZipCode.csv:30475 data 89110
    regex_detector_test.go:84: Expected label ZipCode, got  ([]), file ZipCode.csv:30476 data 89113
    regex_detector_test.go:84: Expected label ZipCode, got  ([]), file ZipCode.csv:30477 data 89115
    regex_detector_test.go:84: Expected label ZipCode, got  ([]), file ZipCode.csv:30478 data 89117
    regex_detector_test.go:84: Expected label ZipCode, got  ([]), file ZipCode.csv:30479 data 89118
    regex_detector_test.go:84: Expected label ZipCode, got  ([]), file ZipCode.csv:30480 data 89119
    regex_detector_test.go:84: Expected label ZipCode, got  ([]), file ZipCode.csv:30481 data 89120
    regex_detector_test.go:84: Expected label ZipCode, got  ([]), file ZipCode.csv:30482 data 89121
    regex_detector_test.go:84: Expected label ZipCode, got  ([]), file ZipCode.csv:30483 data 89122
    regex_detector_test.go:84: Expected label ZipCode, got  ([]), file ZipCode.csv:30484 data 89123
    regex_detector_test.go:84: Expected label ZipCode, got  ([]), file ZipCode.csv:30485 data 89124
    regex_detector_test.go:84: Expected label ZipCode, got  ([]), file ZipCode.csv:30486 data 89128
    regex_detector_test.go:84: Expected label ZipCode, got  ([]), file ZipCode.csv:30487 data 89129
    regex_detector_test.go:84: Expected label ZipCode, got  ([]), file ZipCode.csv:30488 data 89130
    regex_detector_test.go:84: Expected label ZipCode, got  ([]), file ZipCode.csv:30489 data 89131
    regex_detector_test.go:84: Expected label ZipCode, got  ([]), file ZipCode.csv:30490 data 89134
    regex_detector_test.go:84: Expected label ZipCode, got  ([]), file ZipCode.csv:30491 data 89135
    regex_detector_test.go:84: Expected label ZipCode, got  ([]), file ZipCode.csv:30492 data 89138
    regex_detector_test.go:84: Expected label ZipCode, got  ([]), file ZipCode.csv:30493 data 89139
    regex_detector_test.go:84: Expected label ZipCode, got  ([]), file ZipCode.csv:30494 data 89141
    regex_detector_test.go:84: Expected label ZipCode, got  ([]), file ZipCode.csv:30495 data 89142
    regex_detector_test.go:84: Expected label ZipCode, got  ([]), file ZipCode.csv:30496 data 89143
    regex_detector_test.go:84: Expected label ZipCode, got  ([]), file ZipCode.csv:30497 data 89144
    regex_detector_test.go:84: Expected label ZipCode, got  ([]), file ZipCode.csv:30498 data 89145
    regex_detector_test.go:84: Expected label ZipCode, got  ([]), file ZipCode.csv:30499 data 89146
    regex_detector_test.go:84: Expected label ZipCode, got  ([]), file ZipCode.csv:30500 data 89147
    regex_detector_test.go:84: Expected label ZipCode, got  ([]), file ZipCode.csv:30501 data 89148
    regex_detector_test.go:84: Expected label ZipCode, got  ([]), file ZipCode.csv:30502 data 89149
    regex_detector_test.go:84: Expected label ZipCode, got  ([]), file ZipCode.csv:30503 data 89156
    regex_detector_test.go:84: Expected label ZipCode, got  ([]), file ZipCode.csv:30504 data 89158
    regex_detector_test.go:84: Expected label ZipCode, got  ([]), file ZipCode.csv:30505 data 89161
    regex_detector_test.go:84: Expected label ZipCode, got  ([]), file ZipCode.csv:30506 data 89166
    regex_detector_test.go:84: Expected label ZipCode, got  ([]), file ZipCode.csv:30507 data 89169
    regex_detector_test.go:84: Expected label ZipCode, got  ([]), file ZipCode.csv:30508 data 89178
    regex_detector_test.go:84: Expected label ZipCode, got  ([]), file ZipCode.csv:30509 data 89179
    regex_detector_test.go:84: Expected label ZipCode, got  ([]), file ZipCode.csv:30510 data 89183
    regex_detector_test.go:84: Expected label ZipCode, got  ([]), file ZipCode.csv:30511 data 89191
    regex_detector_test.go:84: Expected label ZipCode, got  ([]), file ZipCode.csv:30512 data 89301
    regex_detector_test.go:84: Expected label ZipCode, got  ([]), file ZipCode.csv:30513 data 89310
    regex_detector_test.go:84: Expected label ZipCode, got  ([]), file ZipCode.csv:30514 data 89311
    regex_detector_test.go:84: Expected label ZipCode, got  ([]), file ZipCode.csv:30515 data 89314
    regex_detector_test.go:84: Expected label ZipCode, got  ([]), file ZipCode.csv:30516 data 89315
    regex_detector_test.go:84: Expected label ZipCode, got  ([]), file ZipCode.csv:30517 data 89316
    regex_detector_test.go:84: Expected label ZipCode, got  ([]), file ZipCode.csv:30518 data 89317
    regex_detector_test.go:84: Expected label ZipCode, got  ([]), file ZipCode.csv:30519 data 89318
    regex_detector_test.go:84: Expected label ZipCode, got  ([]), file ZipCode.csv:30520 data 89319
    regex_detector_test.go:84: Expected label ZipCode, got  ([]), file ZipCode.csv:30521 data 89402
    regex_detector_test.go:84: Expected label ZipCode, got  ([]), file ZipCode.csv:30522 data 89403
    regex_detector_test.go:84: Expected label ZipCode, got  ([]), file ZipCode.csv:30523 data 89404
    regex_detector_test.go:84: Expected label ZipCode, got  ([]), file ZipCode.csv:30524 data 89405
    regex_detector_test.go:84: Expected label ZipCode, got  ([]), file ZipCode.csv:30525 data 89406
    regex_detector_test.go:84: Expected label ZipCode, got  ([]), file ZipCode.csv:30526 data 89408
    regex_detector_test.go:84: Expected label ZipCode, got  ([]), file ZipCode.csv:30527 data 89409
    regex_detector_test.go:84: Expected label ZipCode, got  ([]), file ZipCode.csv:30528 data 89410
    regex_detector_test.go:84: Expected label ZipCode, got  ([]), file ZipCode.csv:30529 data 89411
    regex_detector_test.go:84: Expected label ZipCode, got  ([]), file ZipCode.csv:30530 data 89412
    regex_detector_test.go:84: Expected label ZipCode, got  ([]), file ZipCode.csv:30531 data 89413
    regex_detector_test.go:84: Expected label ZipCode, got  ([]), file ZipCode.csv:30532 data 89414
    regex_detector_test.go:84: Expected label ZipCode, got  ([]), file ZipCode.csv:30533 data 89415
    regex_detector_test.go:84: Expected label ZipCode, got  ([]), file ZipCode.csv:30534 data 89418
    regex_detector_test.go:84: Expected label ZipCode, got  ([]), file ZipCode.csv:30535 data 89419
    regex_detector_test.go:84: Expected label ZipCode, got  ([]), file ZipCode.csv:30536 data 89420
    regex_detector_test.go:84: Expected label ZipCode, got  ([]), file ZipCode.csv:30537 data 89421
    regex_detector_test.go:84: Expected label ZipCode, got  ([]), file ZipCode.csv:30538 data 89422
    regex_detector_test.go:84: Expected label ZipCode, got  ([]), file ZipCode.csv:30539 data 89423
    regex_detector_test.go:84: Expected label ZipCode, got  ([]), file ZipCode.csv:30540 data 89424
    regex_detector_test.go:84: Expected label ZipCode, got  ([]), file ZipCode.csv:30541 data 89425
    regex_detector_test.go:84: Expected label ZipCode, got  ([]), file ZipCode.csv:30542 data 89426
    regex_detector_test.go:84: Expected label ZipCode, got  ([]), file ZipCode.csv:30543 data 89427
    regex_detector_test.go:84: Expected label ZipCode, got  ([]), file ZipCode.csv:30544 data 89428
    regex_detector_test.go:84: Expected label ZipCode, got  ([]), file ZipCode.csv:30545 data 89429
    regex_detector_test.go:84: Expected label ZipCode, got  ([]), file ZipCode.csv:30546 data 89430
    regex_detector_test.go:84: Expected label ZipCode, got  ([]), file ZipCode.csv:30547 data 89431
    regex_detector_test.go:84: Expected label ZipCode, got  ([]), file ZipCode.csv:30548 data 89433
    regex_detector_test.go:84: Expected label ZipCode, got  ([]), file ZipCode.csv:30549 data 89434
    regex_detector_test.go:84: Expected label ZipCode, got  ([]), file ZipCode.csv:30550 data 89436
    regex_detector_test.go:84: Expected label ZipCode, got  ([]), file ZipCode.csv:30551 data 89437
    regex_detector_test.go:84: Expected label ZipCode, got  ([]), file ZipCode.csv:30552 data 89438
    regex_detector_test.go:84: Expected label ZipCode, got  ([]), file ZipCode.csv:30553 data 89439
    regex_detector_test.go:84: Expected label ZipCode, got  ([]), file ZipCode.csv:30554 data 89440
    regex_detector_test.go:84: Expected label ZipCode, got  ([]), file ZipCode.csv:30555 data 89441
    regex_detector_test.go:84: Expected label ZipCode, got  ([]), file ZipCode.csv:30556 data 89442
    regex_detector_test.go:84: Expected label ZipCode, got  ([]), file ZipCode.csv:30557 data 89444
    regex_detector_test.go:84: Expected label ZipCode, got  ([]), file ZipCode.csv:30558 data 89445
    regex_detector_test.go:84: Expected label ZipCode, got  ([]), file ZipCode.csv:30559 data 89446
    regex_detector_test.go:84: Expected label ZipCode, got  ([]), file ZipCode.csv:30560 data 89447
    regex_detector_test.go:84: Expected label ZipCode, got  ([]), file ZipCode.csv:30561 data 89448
    regex_detector_test.go:84: Expected label ZipCode, got  ([]), file ZipCode.csv:30562 data 89449
    regex_detector_test.go:84: Expected label ZipCode, got  ([]), file ZipCode.csv:30563 data 89450
    regex_detector_test.go:84: Expected label ZipCode, got  ([]), file ZipCode.csv:30564 data 89451
    regex_detector_test.go:84: Expected label ZipCode, got  ([]), file ZipCode.csv:30565 data 89460
    regex_detector_test.go:84: Expected label ZipCode, got  ([]), file ZipCode.csv:30566 data 89496
    regex_detector_test.go:84: Expected label ZipCode, got  ([]), file ZipCode.csv:30567 data 89501
    regex_detector_test.go:84: Expected label ZipCode, got  ([]), file ZipCode.csv:30568 data 89502
    regex_detector_test.go:84: Expected label ZipCode, got  ([]), file ZipCode.csv:30569 data 89503
    regex_detector_test.go:84: Expected label ZipCode, got  ([]), file ZipCode.csv:30570 data 89506
    regex_detector_test.go:84: Expected label ZipCode, got  ([]), file ZipCode.csv:30571 data 89508
    regex_detector_test.go:84: Expected label ZipCode, got  ([]), file ZipCode.csv:30572 data 89509
    regex_detector_test.go:84: Expected label ZipCode, got  ([]), file ZipCode.csv:30573 data 89510
    regex_detector_test.go:84: Expected label ZipCode, got  ([]), file ZipCode.csv:30574 data 89511
    regex_detector_test.go:84: Expected label ZipCode, got  ([]), file ZipCode.csv:30575 data 89512
    regex_detector_test.go:84: Expected label ZipCode, got  ([]), file ZipCode.csv:30576 data 89519
    regex_detector_test.go:84: Expected label ZipCode, got  ([]), file ZipCode.csv:30577 data 89521
    regex_detector_test.go:84: Expected label ZipCode, got  ([]), file ZipCode.csv:30578 data 89523
    regex_detector_test.go:84: Expected label ZipCode, got  ([]), file ZipCode.csv:30579 data 89557
    regex_detector_test.go:84: Expected label ZipCode, got  ([]), file ZipCode.csv:30580 data 89701
    regex_detector_test.go:84: Expected label ZipCode, got  ([]), file ZipCode.csv:30581 data 89703
    regex_detector_test.go:84: Expected label ZipCode, got  ([]), file ZipCode.csv:30582 data 89704
    regex_detector_test.go:84: Expected label ZipCode, got  ([]), file ZipCode.csv:30583 data 89705
    regex_detector_test.go:84: Expected label ZipCode, got  ([]), file ZipCode.csv:30584 data 89706
    regex_detector_test.go:84: Expected label ZipCode, got  ([]), file ZipCode.csv:30585 data 89801
    regex_detector_test.go:84: Expected label ZipCode, got  ([]), file ZipCode.csv:30586 data 89815
    regex_detector_test.go:84: Expected label ZipCode, got  ([]), file ZipCode.csv:30587 data 89820
    regex_detector_test.go:84: Expected label ZipCode, got  ([]), file ZipCode.csv:30588 data 89821
    regex_detector_test.go:84: Expected label ZipCode, got  ([]), file ZipCode.csv:30589 data 89822
    regex_detector_test.go:84: Expected label ZipCode, got  ([]), file ZipCode.csv:30590 data 89823
    regex_detector_test.go:84: Expected label ZipCode, got  ([]), file ZipCode.csv:30591 data 89825
    regex_detector_test.go:84: Expected label ZipCode, got  ([]), file ZipCode.csv:30592 data 89826
    regex_detector_test.go:84: Expected label ZipCode, got  ([]), file ZipCode.csv:30593 data 89828
    regex_detector_test.go:84: Expected label ZipCode, got  ([]), file ZipCode.csv:30594 data 89830
    regex_detector_test.go:84: Expected label ZipCode, got  ([]), file ZipCode.csv:30595 data 89831
    regex_detector_test.go:84: Expected label ZipCode, got  ([]), file ZipCode.csv:30596 data 89832
    regex_detector_test.go:84: Expected label ZipCode, got  ([]), file ZipCode.csv:30597 data 89833
    regex_detector_test.go:84: Expected label ZipCode, got  ([]), file ZipCode.csv:30598 data 89834
    regex_detector_test.go:84: Expected label ZipCode, got  ([]), file ZipCode.csv:30599 data 89835
    regex_detector_test.go:84: Expected label ZipCode, got  ([]), file ZipCode.csv:30600 data 89883
    regex_detector_test.go:84: Expected label ZipCode, got  ([]), file ZipCode.csv:30601 data 90001
    regex_detector_test.go:84: Expected label ZipCode, got  ([]), file ZipCode.csv:30602 data 90002
    regex_detector_test.go:84: Expected label ZipCode, got  ([]), file ZipCode.csv:30603 data 90003
    regex_detector_test.go:84: Expected label ZipCode, got  ([]), file ZipCode.csv:30604 data 90004
    regex_detector_test.go:84: Expected label ZipCode, got  ([]), file ZipCode.csv:30605 data 90005
    regex_detector_test.go:84: Expected label ZipCode, got  ([]), file ZipCode.csv:30606 data 90006
    regex_detector_test.go:84: Expected label ZipCode, got  ([]), file ZipCode.csv:30607 data 90007
    regex_detector_test.go:84: Expected label ZipCode, got  ([]), file ZipCode.csv:30608 data 90008
    regex_detector_test.go:84: Expected label ZipCode, got  ([]), file ZipCode.csv:30609 data 90010
    regex_detector_test.go:84: Expected label ZipCode, got  ([]), file ZipCode.csv:30610 data 90011
    regex_detector_test.go:84: Expected label ZipCode, got  ([]), file ZipCode.csv:30611 data 90012
    regex_detector_test.go:84: Expected label ZipCode, got  ([]), file ZipCode.csv:30612 data 90013
    regex_detector_test.go:84: Expected label ZipCode, got  ([]), file ZipCode.csv:30613 data 90014
    regex_detector_test.go:84: Expected label ZipCode, got  ([]), file ZipCode.csv:30614 data 90015
    regex_detector_test.go:84: Expected label ZipCode, got  ([]), file ZipCode.csv:30615 data 90016
    regex_detector_test.go:84: Expected label ZipCode, got  ([]), file ZipCode.csv:30616 data 90017
    regex_detector_test.go:84: Expected label ZipCode, got  ([]), file ZipCode.csv:30617 data 90018
    regex_detector_test.go:84: Expected label ZipCode, got  ([]), file ZipCode.csv:30618 data 90019
    regex_detector_test.go:84: Expected label ZipCode, got  ([]), file ZipCode.csv:30619 data 90020
    regex_detector_test.go:84: Expected label ZipCode, got  ([]), file ZipCode.csv:30620 data 90021
    regex_detector_test.go:84: Expected label ZipCode, got  ([]), file ZipCode.csv:30621 data 90022
    regex_detector_test.go:84: Expected label ZipCode, got  ([]), file ZipCode.csv:30622 data 90023
    regex_detector_test.go:84: Expected label ZipCode, got  ([]), file ZipCode.csv:30623 data 90024
    regex_detector_test.go:84: Expected label ZipCode, got  ([]), file ZipCode.csv:30624 data 90025
    regex_detector_test.go:84: Expected label ZipCode, got  ([]), file ZipCode.csv:30625 data 90026
    regex_detector_test.go:84: Expected label ZipCode, got  ([]), file ZipCode.csv:30626 data 90027
    regex_detector_test.go:84: Expected label ZipCode, got  ([]), file ZipCode.csv:30627 data 90028
    regex_detector_test.go:84: Expected label ZipCode, got  ([]), file ZipCode.csv:30628 data 90029
    regex_detector_test.go:84: Expected label ZipCode, got  ([]), file ZipCode.csv:30629 data 90031
    regex_detector_test.go:84: Expected label ZipCode, got  ([]), file ZipCode.csv:30630 data 90032
    regex_detector_test.go:84: Expected label ZipCode, got  ([]), file ZipCode.csv:30631 data 90033
    regex_detector_test.go:84: Expected label ZipCode, got  ([]), file ZipCode.csv:30632 data 90034
    regex_detector_test.go:84: Expected label ZipCode, got  ([]), file ZipCode.csv:30633 data 90035
    regex_detector_test.go:84: Expected label ZipCode, got  ([]), file ZipCode.csv:30634 data 90036
    regex_detector_test.go:84: Expected label ZipCode, got  ([]), file ZipCode.csv:30635 data 90037
    regex_detector_test.go:84: Expected label ZipCode, got  ([]), file ZipCode.csv:30636 data 90038
    regex_detector_test.go:84: Expected label ZipCode, got  ([]), file ZipCode.csv:30637 data 90039
    regex_detector_test.go:84: Expected label ZipCode, got  ([]), file ZipCode.csv:30638 data 90040
    regex_detector_test.go:84: Expected label ZipCode, got  ([]), file ZipCode.csv:30639 data 90041
    regex_detector_test.go:84: Expected label ZipCode, got  ([]), file ZipCode.csv:30640 data 90042
    regex_detector_test.go:84: Expected label ZipCode, got  ([]), file ZipCode.csv:30641 data 90043
    regex_detector_test.go:84: Expected label ZipCode, got  ([]), file ZipCode.csv:30642 data 90044
    regex_detector_test.go:84: Expected label ZipCode, got  ([]), file ZipCode.csv:30643 data 90045
    regex_detector_test.go:84: Expected label ZipCode, got  ([]), file ZipCode.csv:30644 data 90046
    regex_detector_test.go:84: Expected label ZipCode, got  ([]), file ZipCode.csv:30645 data 90047
    regex_detector_test.go:84: Expected label ZipCode, got  ([]), file ZipCode.csv:30646 data 90048
    regex_detector_test.go:84: Expected label ZipCode, got  ([]), file ZipCode.csv:30647 data 90049
    regex_detector_test.go:84: Expected label ZipCode, got  ([]), file ZipCode.csv:30648 data 90052
    regex_detector_test.go:84: Expected label ZipCode, got  ([]), file ZipCode.csv:30649 data 90056
    regex_detector_test.go:84: Expected label ZipCode, got  ([]), file ZipCode.csv:30650 data 90057
    regex_detector_test.go:84: Expected label ZipCode, got  ([]), file ZipCode.csv:30651 data 90058
    regex_detector_test.go:84: Expected label ZipCode, got  ([]), file ZipCode.csv:30652 data 90059
    regex_detector_test.go:84: Expected label ZipCode, got  ([]), file ZipCode.csv:30653 data 90061
    regex_detector_test.go:84: Expected label ZipCode, got  ([]), file ZipCode.csv:30654 data 90062
    regex_detector_test.go:84: Expected label ZipCode, got  ([]), file ZipCode.csv:30655 data 90063
    regex_detector_test.go:84: Expected label ZipCode, got  ([]), file ZipCode.csv:30656 data 90064
    regex_detector_test.go:84: Expected label ZipCode, got  ([]), file ZipCode.csv:30657 data 90065
    regex_detector_test.go:84: Expected label ZipCode, got  ([]), file ZipCode.csv:30658 data 90066
    regex_detector_test.go:84: Expected label ZipCode, got  ([]), file ZipCode.csv:30659 data 90067
    regex_detector_test.go:84: Expected label ZipCode, got  ([]), file ZipCode.csv:30660 data 90068
    regex_detector_test.go:84: Expected label ZipCode, got  ([]), file ZipCode.csv:30661 data 90069
    regex_detector_test.go:84: Expected label ZipCode, got  ([]), file ZipCode.csv:30662 data 90071
    regex_detector_test.go:84: Expected label ZipCode, got  ([]), file ZipCode.csv:30663 data 90073
    regex_detector_test.go:84: Expected label ZipCode, got  ([]), file ZipCode.csv:30664 data 90077
    regex_detector_test.go:84: Expected label ZipCode, got  ([]), file ZipCode.csv:30665 data 90079
    regex_detector_test.go:84: Expected label ZipCode, got  ([]), file ZipCode.csv:30666 data 90089
    regex_detector_test.go:84: Expected label ZipCode, got  ([]), file ZipCode.csv:30667 data 90094
    regex_detector_test.go:84: Expected label ZipCode, got  ([]), file ZipCode.csv:30668 data 90095
    regex_detector_test.go:84: Expected label ZipCode, got  ([]), file ZipCode.csv:30669 data 90201
    regex_detector_test.go:84: Expected label ZipCode, got  ([]), file ZipCode.csv:30670 data 90210
    regex_detector_test.go:84: Expected label ZipCode, got  ([]), file ZipCode.csv:30671 data 90211
    regex_detector_test.go:84: Expected label ZipCode, got  ([]), file ZipCode.csv:30672 data 90212
    regex_detector_test.go:84: Expected label ZipCode, got  ([]), file ZipCode.csv:30673 data 90220
    regex_detector_test.go:84: Expected label ZipCode, got  ([]), file ZipCode.csv:30674 data 90221
    regex_detector_test.go:84: Expected label ZipCode, got  ([]), file ZipCode.csv:30675 data 90222
    regex_detector_test.go:84: Expected label ZipCode, got  ([]), file ZipCode.csv:30676 data 90230
    regex_detector_test.go:84: Expected label ZipCode, got  ([]), file ZipCode.csv:30677 data 90232
    regex_detector_test.go:84: Expected label ZipCode, got  ([]), file ZipCode.csv:30678 data 90240
    regex_detector_test.go:84: Expected label ZipCode, got  ([]), file ZipCode.csv:30679 data 90241
    regex_detector_test.go:84: Expected label ZipCode, got  ([]), file ZipCode.csv:30680 data 90242
    regex_detector_test.go:84: Expected label ZipCode, got  ([]), file ZipCode.csv:30681 data 90245
    regex_detector_test.go:84: Expected label ZipCode, got  ([]), file ZipCode.csv:30682 data 90247
    regex_detector_test.go:84: Expected label ZipCode, got  ([]), file ZipCode.csv:30683 data 90248
    regex_detector_test.go:84: Expected label ZipCode, got  ([]), file ZipCode.csv:30684 data 90249
    regex_detector_test.go:84: Expected label ZipCode, got  ([]), file ZipCode.csv:30685 data 90250
    regex_detector_test.go:84: Expected label ZipCode, got  ([]), file ZipCode.csv:30686 data 90254
    regex_detector_test.go:84: Expected label ZipCode, got  ([]), file ZipCode.csv:30687 data 90255
    regex_detector_test.go:84: Expected label ZipCode, got  ([]), file ZipCode.csv:30688 data 90260
    regex_detector_test.go:84: Expected label ZipCode, got  ([]), file ZipCode.csv:30689 data 90262
    regex_detector_test.go:84: Expected label ZipCode, got  ([]), file ZipCode.csv:30690 data 90263
    regex_detector_test.go:84: Expected label ZipCode, got  ([]), file ZipCode.csv:30691 data 90265
    regex_detector_test.go:84: Expected label ZipCode, got  ([]), file ZipCode.csv:30692 data 90266
    regex_detector_test.go:84: Expected label ZipCode, got  ([]), file ZipCode.csv:30693 data 90270
    regex_detector_test.go:84: Expected label ZipCode, got  ([]), file ZipCode.csv:30694 data 90272
    regex_detector_test.go:84: Expected label ZipCode, got  ([]), file ZipCode.csv:30695 data 90274
    regex_detector_test.go:84: Expected label ZipCode, got  ([]), file ZipCode.csv:30696 data 90275
    regex_detector_test.go:84: Expected label ZipCode, got  ([]), file ZipCode.csv:30697 data 90277
    regex_detector_test.go:84: Expected label ZipCode, got  ([]), file ZipCode.csv:30698 data 90278
    regex_detector_test.go:84: Expected label ZipCode, got  ([]), file ZipCode.csv:30699 data 90280
    regex_detector_test.go:84: Expected label ZipCode, got  ([]), file ZipCode.csv:30700 data 90290
    regex_detector_test.go:84: Expected label ZipCode, got  ([]), file ZipCode.csv:30701 data 90291
    regex_detector_test.go:84: Expected label ZipCode, got  ([]), file ZipCode.csv:30702 data 90292
    regex_detector_test.go:84: Expected label ZipCode, got  ([]), file ZipCode.csv:30703 data 90293
    regex_detector_test.go:84: Expected label ZipCode, got  ([]), file ZipCode.csv:30704 data 90301
    regex_detector_test.go:84: Expected label ZipCode, got  ([]), file ZipCode.csv:30705 data 90302
    regex_detector_test.go:84: Expected label ZipCode, got  ([]), file ZipCode.csv:30706 data 90303
    regex_detector_test.go:84: Expected label ZipCode, got  ([]), file ZipCode.csv:30707 data 90304
    regex_detector_test.go:84: Expected label ZipCode, got  ([]), file ZipCode.csv:30708 data 90305
    regex_detector_test.go:84: Expected label ZipCode, got  ([]), file ZipCode.csv:30709 data 90401
    regex_detector_test.go:84: Expected label ZipCode, got  ([]), file ZipCode.csv:30710 data 90402
    regex_detector_test.go:84: Expected label ZipCode, got  ([]), file ZipCode.csv:30711 data 90403
    regex_detector_test.go:84: Expected label ZipCode, got  ([]), file ZipCode.csv:30712 data 90404
    regex_detector_test.go:84: Expected label ZipCode, got  ([]), file ZipCode.csv:30713 data 90405
    regex_detector_test.go:84: Expected label ZipCode, got  ([]), file ZipCode.csv:30714 data 90501
    regex_detector_test.go:84: Expected label ZipCode, got  ([]), file ZipCode.csv:30715 data 90502
    regex_detector_test.go:84: Expected label ZipCode, got  ([]), file ZipCode.csv:30716 data 90503
    regex_detector_test.go:84: Expected label ZipCode, got  ([]), file ZipCode.csv:30717 data 90504
    regex_detector_test.go:84: Expected label ZipCode, got  ([]), file ZipCode.csv:30718 data 90505
    regex_detector_test.go:84: Expected label ZipCode, got  ([]), file ZipCode.csv:30719 data 90506
    regex_detector_test.go:84: Expected label ZipCode, got  ([]), file ZipCode.csv:30720 data 90601
    regex_detector_test.go:84: Expected label ZipCode, got  ([]), file ZipCode.csv:30721 data 90602
    regex_detector_test.go:84: Expected label ZipCode, got  ([]), file ZipCode.csv:30722 data 90603
    regex_detector_test.go:84: Expected label ZipCode, got  ([]), file ZipCode.csv:30723 data 90604
    regex_detector_test.go:84: Expected label ZipCode, got  ([]), file ZipCode.csv:30724 data 90605
    regex_detector_test.go:84: Expected label ZipCode, got  ([]), file ZipCode.csv:30725 data 90606
    regex_detector_test.go:84: Expected label ZipCode, got  ([]), file ZipCode.csv:30726 data 90620
    regex_detector_test.go:84: Expected label ZipCode, got  ([]), file ZipCode.csv:30727 data 90621
    regex_detector_test.go:84: Expected label ZipCode, got  ([]), file ZipCode.csv:30728 data 90623
    regex_detector_test.go:84: Expected label ZipCode, got  ([]), file ZipCode.csv:30729 data 90630
    regex_detector_test.go:84: Expected label ZipCode, got  ([]), file ZipCode.csv:30730 data 90631
    regex_detector_test.go:84: Expected label ZipCode, got  ([]), file ZipCode.csv:30731 data 90638
    regex_detector_test.go:84: Expected label ZipCode, got  ([]), file ZipCode.csv:30732 data 90639
    regex_detector_test.go:84: Expected label ZipCode, got  ([]), file ZipCode.csv:30733 data 90640
    regex_detector_test.go:84: Expected label ZipCode, got  ([]), file ZipCode.csv:30734 data 90650
    regex_detector_test.go:84: Expected label ZipCode, got  ([]), file ZipCode.csv:30735 data 90660
    regex_detector_test.go:84: Expected label ZipCode, got  ([]), file ZipCode.csv:30736 data 90670
    regex_detector_test.go:84: Expected label ZipCode, got  ([]), file ZipCode.csv:30737 data 90680
    regex_detector_test.go:84: Expected label ZipCode, got  ([]), file ZipCode.csv:30738 data 90701
    regex_detector_test.go:84: Expected label ZipCode, got  ([]), file ZipCode.csv:30739 data 90703
    regex_detector_test.go:84: Expected label ZipCode, got  ([]), file ZipCode.csv:30740 data 90704
    regex_detector_test.go:84: Expected label ZipCode, got  ([]), file ZipCode.csv:30741 data 90706
    regex_detector_test.go:84: Expected label ZipCode, got  ([]), file ZipCode.csv:30742 data 90710
    regex_detector_test.go:84: Expected label ZipCode, got  ([]), file ZipCode.csv:30743 data 90712
    regex_detector_test.go:84: Expected label ZipCode, got  ([]), file ZipCode.csv:30744 data 90713
    regex_detector_test.go:84: Expected label ZipCode, got  ([]), file ZipCode.csv:30745 data 90715
    regex_detector_test.go:84: Expected label ZipCode, got  ([]), file ZipCode.csv:30746 data 90716
    regex_detector_test.go:84: Expected label ZipCode, got  ([]), file ZipCode.csv:30747 data 90717
    regex_detector_test.go:84: Expected label ZipCode, got  ([]), file ZipCode.csv:30748 data 90720
    regex_detector_test.go:84: Expected label ZipCode, got  ([]), file ZipCode.csv:30749 data 90723
    regex_detector_test.go:84: Expected label ZipCode, got  ([]), file ZipCode.csv:30750 data 90731
    regex_detector_test.go:84: Expected label ZipCode, got  ([]), file ZipCode.csv:30751 data 90732
    regex_detector_test.go:84: Expected label ZipCode, got  ([]), file ZipCode.csv:30752 data 90740
    regex_detector_test.go:84: Expected label ZipCode, got  ([]), file ZipCode.csv:30753 data 90742
    regex_detector_test.go:84: Expected label ZipCode, got  ([]), file ZipCode.csv:30754 data 90743
    regex_detector_test.go:84: Expected label ZipCode, got  ([]), file ZipCode.csv:30755 data 90744
    regex_detector_test.go:84: Expected label ZipCode, got  ([]), file ZipCode.csv:30756 data 90745
    regex_detector_test.go:84: Expected label ZipCode, got  ([]), file ZipCode.csv:30757 data 90746
    regex_detector_test.go:84: Expected label ZipCode, got  ([]), file ZipCode.csv:30758 data 90747
    regex_detector_test.go:84: Expected label ZipCode, got  ([]), file ZipCode.csv:30759 data 90755
    regex_detector_test.go:84: Expected label ZipCode, got  ([]), file ZipCode.csv:30760 data 90802
    regex_detector_test.go:84: Expected label ZipCode, got  ([]), file ZipCode.csv:30761 data 90803
    regex_detector_test.go:84: Expected label ZipCode, got  ([]), file ZipCode.csv:30762 data 90804
    regex_detector_test.go:84: Expected label ZipCode, got  ([]), file ZipCode.csv:30763 data 90805
    regex_detector_test.go:84: Expected label ZipCode, got  ([]), file ZipCode.csv:30764 data 90806
    regex_detector_test.go:84: Expected label ZipCode, got  ([]), file ZipCode.csv:30765 data 90807
    regex_detector_test.go:84: Expected label ZipCode, got  ([]), file ZipCode.csv:30766 data 90808
    regex_detector_test.go:84: Expected label ZipCode, got  ([]), file ZipCode.csv:30767 data 90810
    regex_detector_test.go:84: Expected label ZipCode, got  ([]), file ZipCode.csv:30768 data 90813
    regex_detector_test.go:84: Expected label ZipCode, got  ([]), file ZipCode.csv:30769 data 90814
    regex_detector_test.go:84: Expected label ZipCode, got  ([]), file ZipCode.csv:30770 data 90815
    regex_detector_test.go:84: Expected label ZipCode, got  ([]), file ZipCode.csv:30771 data 90822
    regex_detector_test.go:84: Expected label ZipCode, got  ([]), file ZipCode.csv:30772 data 90831
    regex_detector_test.go:84: Expected label ZipCode, got  ([]), file ZipCode.csv:30773 data 90840
    regex_detector_test.go:84: Expected label ZipCode, got  ([]), file ZipCode.csv:30774 data 91001
    regex_detector_test.go:84: Expected label ZipCode, got  ([]), file ZipCode.csv:30775 data 91006
    regex_detector_test.go:84: Expected label ZipCode, got  ([]), file ZipCode.csv:30776 data 91007
    regex_detector_test.go:84: Expected label ZipCode, got  ([]), file ZipCode.csv:30777 data 91008
    regex_detector_test.go:84: Expected label ZipCode, got  ([]), file ZipCode.csv:30778 data 91010
    regex_detector_test.go:84: Expected label ZipCode, got  ([]), file ZipCode.csv:30779 data 91011
    regex_detector_test.go:84: Expected label ZipCode, got  ([]), file ZipCode.csv:30780 data 91016
    regex_detector_test.go:84: Expected label ZipCode, got  ([]), file ZipCode.csv:30781 data 91020
    regex_detector_test.go:84: Expected label ZipCode, got  ([]), file ZipCode.csv:30782 data 91024
    regex_detector_test.go:84: Expected label ZipCode, got  ([]), file ZipCode.csv:30783 data 91030
    regex_detector_test.go:84: Expected label ZipCode, got  ([]), file ZipCode.csv:30784 data 91040
    regex_detector_test.go:84: Expected label ZipCode, got  ([]), file ZipCode.csv:30785 data 91042
    regex_detector_test.go:84: Expected label ZipCode, got  ([]), file ZipCode.csv:30786 data 91046
    regex_detector_test.go:84: Expected label ZipCode, got  ([]), file ZipCode.csv:30787 data 91101
    regex_detector_test.go:84: Expected label ZipCode, got  ([]), file ZipCode.csv:30788 data 91103
    regex_detector_test.go:84: Expected label ZipCode, got  ([]), file ZipCode.csv:30789 data 91104
    regex_detector_test.go:84: Expected label ZipCode, got  ([]), file ZipCode.csv:30790 data 91105
    regex_detector_test.go:84: Expected label ZipCode, got  ([]), file ZipCode.csv:30791 data 91106
    regex_detector_test.go:84: Expected label ZipCode, got  ([]), file ZipCode.csv:30792 data 91107
    regex_detector_test.go:84: Expected label ZipCode, got  ([]), file ZipCode.csv:30793 data 91108
    regex_detector_test.go:84: Expected label ZipCode, got  ([]), file ZipCode.csv:30794 data 91125
    regex_detector_test.go:84: Expected label ZipCode, got  ([]), file ZipCode.csv:30795 data 91201
    regex_detector_test.go:84: Expected label ZipCode, got  ([]), file ZipCode.csv:30796 data 91202
    regex_detector_test.go:84: Expected label ZipCode, got  ([]), file ZipCode.csv:30797 data 91203
    regex_detector_test.go:84: Expected label ZipCode, got  ([]), file ZipCode.csv:30798 data 91204
    regex_detector_test.go:84: Expected label ZipCode, got  ([]), file ZipCode.csv:30799 data 91205
    regex_detector_test.go:84: Expected label ZipCode, got  ([]), file ZipCode.csv:30800 data 91206
    regex_detector_test.go:84: Expected label ZipCode, got  ([]), file ZipCode.csv:30801 data 91207
    regex_detector_test.go:84: Expected label ZipCode, got  ([]), file ZipCode.csv:30802 data 91208
    regex_detector_test.go:84: Expected label ZipCode, got  ([]), file ZipCode.csv:30803 data 91210
    regex_detector_test.go:84: Expected label ZipCode, got  ([]), file ZipCode.csv:30804 data 91214
    regex_detector_test.go:84: Expected label ZipCode, got  ([]), file ZipCode.csv:30805 data 91301
    regex_detector_test.go:84: Expected label ZipCode, got  ([]), file ZipCode.csv:30806 data 91302
    regex_detector_test.go:84: Expected label ZipCode, got  ([]), file ZipCode.csv:30807 data 91303
    regex_detector_test.go:84: Expected label ZipCode, got  ([]), file ZipCode.csv:30808 data 91304
    regex_detector_test.go:84: Expected label ZipCode, got  ([]), file ZipCode.csv:30809 data 91306
    regex_detector_test.go:84: Expected label ZipCode, got  ([]), file ZipCode.csv:30810 data 91307
    regex_detector_test.go:84: Expected label ZipCode, got  ([]), file ZipCode.csv:30811 data 91311
    regex_detector_test.go:84: Expected label ZipCode, got  ([]), file ZipCode.csv:30812 data 91316
    regex_detector_test.go:84: Expected label ZipCode, got  ([]), file ZipCode.csv:30813 data 91320
    regex_detector_test.go:84: Expected label ZipCode, got  ([]), file ZipCode.csv:30814 data 91321
    regex_detector_test.go:84: Expected label ZipCode, got  ([]), file ZipCode.csv:30815 data 91324
    regex_detector_test.go:84: Expected label ZipCode, got  ([]), file ZipCode.csv:30816 data 91325
    regex_detector_test.go:84: Expected label ZipCode, got  ([]), file ZipCode.csv:30817 data 91326
    regex_detector_test.go:84: Expected label ZipCode, got  ([]), file ZipCode.csv:30818 data 91330
    regex_detector_test.go:84: Expected label ZipCode, got  ([]), file ZipCode.csv:30819 data 91331
    regex_detector_test.go:84: Expected label ZipCode, got  ([]), file ZipCode.csv:30820 data 91335
    regex_detector_test.go:84: Expected label ZipCode, got  ([]), file ZipCode.csv:30821 data 91340
    regex_detector_test.go:84: Expected label ZipCode, got  ([]), file ZipCode.csv:30822 data 91342
    regex_detector_test.go:84: Expected label ZipCode, got  ([]), file ZipCode.csv:30823 data 91343
    regex_detector_test.go:84: Expected label ZipCode, got  ([]), file ZipCode.csv:30824 data 91344
    regex_detector_test.go:84: Expected label ZipCode, got  ([]), file ZipCode.csv:30825 data 91345
    regex_detector_test.go:84: Expected label ZipCode, got  ([]), file ZipCode.csv:30826 data 91350
    regex_detector_test.go:84: Expected label ZipCode, got  ([]), file ZipCode.csv:30827 data 91351
    regex_detector_test.go:84: Expected label ZipCode, got  ([]), file ZipCode.csv:30828 data 91352
    regex_detector_test.go:84: Expected label ZipCode, got  ([]), file ZipCode.csv:30829 data 91354
    regex_detector_test.go:84: Expected label ZipCode, got  ([]), file ZipCode.csv:30830 data 91355
    regex_detector_test.go:84: Expected label ZipCode, got  ([]), file ZipCode.csv:30831 data 91356
    regex_detector_test.go:84: Expected label ZipCode, got  ([]), file ZipCode.csv:30832 data 91360
    regex_detector_test.go:84: Expected label ZipCode, got  ([]), file ZipCode.csv:30833 data 91361
    regex_detector_test.go:84: Expected label ZipCode, got  ([]), file ZipCode.csv:30834 data 91362
    regex_detector_test.go:84: Expected label ZipCode, got  ([]), file ZipCode.csv:30835 data 91364
    regex_detector_test.go:84: Expected label ZipCode, got  ([]), file ZipCode.csv:30836 data 91367
    regex_detector_test.go:84: Expected label ZipCode, got  ([]), file ZipCode.csv:30837 data 91371
    regex_detector_test.go:84: Expected label ZipCode, got  ([]), file ZipCode.csv:30838 data 91377
    regex_detector_test.go:84: Expected label ZipCode, got  ([]), file ZipCode.csv:30839 data 91381
    regex_detector_test.go:84: Expected label ZipCode, got  ([]), file ZipCode.csv:30840 data 91384
    regex_detector_test.go:84: Expected label ZipCode, got  ([]), file ZipCode.csv:30841 data 91387
    regex_detector_test.go:84: Expected label ZipCode, got  ([]), file ZipCode.csv:30842 data 91390
    regex_detector_test.go:84: Expected label ZipCode, got  ([]), file ZipCode.csv:30843 data 91401
    regex_detector_test.go:84: Expected label ZipCode, got  ([]), file ZipCode.csv:30844 data 91402
    regex_detector_test.go:84: Expected label ZipCode, got  ([]), file ZipCode.csv:30845 data 91403
    regex_detector_test.go:84: Expected label ZipCode, got  ([]), file ZipCode.csv:30846 data 91405
    regex_detector_test.go:84: Expected label ZipCode, got  ([]), file ZipCode.csv:30847 data 91406
    regex_detector_test.go:84: Expected label ZipCode, got  ([]), file ZipCode.csv:30848 data 91411
    regex_detector_test.go:84: Expected label ZipCode, got  ([]), file ZipCode.csv:30849 data 91423
    regex_detector_test.go:84: Expected label ZipCode, got  ([]), file ZipCode.csv:30850 data 91436
    regex_detector_test.go:84: Expected label ZipCode, got  ([]), file ZipCode.csv:30851 data 91501
    regex_detector_test.go:84: Expected label ZipCode, got  ([]), file ZipCode.csv:30852 data 91502
    regex_detector_test.go:84: Expected label ZipCode, got  ([]), file ZipCode.csv:30853 data 91504
    regex_detector_test.go:84: Expected label ZipCode, got  ([]), file ZipCode.csv:30854 data 91505
    regex_detector_test.go:84: Expected label ZipCode, got  ([]), file ZipCode.csv:30855 data 91506
    regex_detector_test.go:84: Expected label ZipCode, got  ([]), file ZipCode.csv:30856 data 91601
    regex_detector_test.go:84: Expected label ZipCode, got  ([]), file ZipCode.csv:30857 data 91602
    regex_detector_test.go:84: Expected label ZipCode, got  ([]), file ZipCode.csv:30858 data 91604
    regex_detector_test.go:84: Expected label ZipCode, got  ([]), file ZipCode.csv:30859 data 91605
    regex_detector_test.go:84: Expected label ZipCode, got  ([]), file ZipCode.csv:30860 data 91606
    regex_detector_test.go:84: Expected label ZipCode, got  ([]), file ZipCode.csv:30861 data 91607
    regex_detector_test.go:84: Expected label ZipCode, got  ([]), file ZipCode.csv:30862 data 91608
    regex_detector_test.go:84: Expected label ZipCode, got  ([]), file ZipCode.csv:30863 data 91701
    regex_detector_test.go:84: Expected label ZipCode, got  ([]), file ZipCode.csv:30864 data 91702
    regex_detector_test.go:84: Expected label ZipCode, got  ([]), file ZipCode.csv:30865 data 91706
    regex_detector_test.go:84: Expected label ZipCode, got  ([]), file ZipCode.csv:30866 data 91708
    regex_detector_test.go:84: Expected label ZipCode, got  ([]), file ZipCode.csv:30867 data 91709
    regex_detector_test.go:84: Expected label ZipCode, got  ([]), file ZipCode.csv:30868 data 91710
    regex_detector_test.go:84: Expected label ZipCode, got  ([]), file ZipCode.csv:30869 data 91711
    regex_detector_test.go:84: Expected label ZipCode, got  ([]), file ZipCode.csv:30870 data 91722
    regex_detector_test.go:84: Expected label ZipCode, got  ([]), file ZipCode.csv:30871 data 91723
    regex_detector_test.go:84: Expected label ZipCode, got  ([]), file ZipCode.csv:30872 data 91724
    regex_detector_test.go:84: Expected label ZipCode, got  ([]), file ZipCode.csv:30873 data 91730
    regex_detector_test.go:84: Expected label ZipCode, got  ([]), file ZipCode.csv:30874 data 91731
    regex_detector_test.go:84: Expected label ZipCode, got  ([]), file ZipCode.csv:30875 data 91732
    regex_detector_test.go:84: Expected label ZipCode, got  ([]), file ZipCode.csv:30876 data 91733
    regex_detector_test.go:84: Expected label ZipCode, got  ([]), file ZipCode.csv:30877 data 91737
    regex_detector_test.go:84: Expected label ZipCode, got  ([]), file ZipCode.csv:30878 data 91739
    regex_detector_test.go:84: Expected label ZipCode, got  ([]), file ZipCode.csv:30879 data 91740
    regex_detector_test.go:84: Expected label ZipCode, got  ([]), file ZipCode.csv:30880 data 91741
    regex_detector_test.go:84: Expected label ZipCode, got  ([]), file ZipCode.csv:30881 data 91744
    regex_detector_test.go:84: Expected label ZipCode, got  ([]), file ZipCode.csv:30882 data 91745
    regex_detector_test.go:84: Expected label ZipCode, got  ([]), file ZipCode.csv:30883 data 91746
    regex_detector_test.go:84: Expected label ZipCode, got  ([]), file ZipCode.csv:30884 data 91748
    regex_detector_test.go:84: Expected label ZipCode, got  ([]), file ZipCode.csv:30885 data 91750
    regex_detector_test.go:84: Expected label ZipCode, got  ([]), file ZipCode.csv:30886 data 91752
    regex_detector_test.go:84: Expected label ZipCode, got  ([]), file ZipCode.csv:30887 data 91754
    regex_detector_test.go:84: Expected label ZipCode, got  ([]), file ZipCode.csv:30888 data 91755
    regex_detector_test.go:84: Expected label ZipCode, got  ([]), file ZipCode.csv:30889 data 91759
    regex_detector_test.go:84: Expected label ZipCode, got  ([]), file ZipCode.csv:30890 data 91761
    regex_detector_test.go:84: Expected label ZipCode, got  ([]), file ZipCode.csv:30891 data 91762
    regex_detector_test.go:84: Expected label ZipCode, got  ([]), file ZipCode.csv:30892 data 91763
    regex_detector_test.go:84: Expected label ZipCode, got  ([]), file ZipCode.csv:30893 data 91764
    regex_detector_test.go:84: Expected label ZipCode, got  ([]), file ZipCode.csv:30894 data 91765
    regex_detector_test.go:84: Expected label ZipCode, got  ([]), file ZipCode.csv:30895 data 91766
    regex_detector_test.go:84: Expected label ZipCode, got  ([]), file ZipCode.csv:30896 data 91767
    regex_detector_test.go:84: Expected label ZipCode, got  ([]), file ZipCode.csv:30897 data 91768
    regex_detector_test.go:84: Expected label ZipCode, got  ([]), file ZipCode.csv:30898 data 91770
    regex_detector_test.go:84: Expected label ZipCode, got  ([]), file ZipCode.csv:30899 data 91773
    regex_detector_test.go:84: Expected label ZipCode, got  ([]), file ZipCode.csv:30900 data 91775
    regex_detector_test.go:84: Expected label ZipCode, got  ([]), file ZipCode.csv:30901 data 91776
    regex_detector_test.go:84: Expected label ZipCode, got  ([]), file ZipCode.csv:30902 data 91780
    regex_detector_test.go:84: Expected label ZipCode, got  ([]), file ZipCode.csv:30903 data 91784
    regex_detector_test.go:84: Expected label ZipCode, got  ([]), file ZipCode.csv:30904 data 91786
    regex_detector_test.go:84: Expected label ZipCode, got  ([]), file ZipCode.csv:30905 data 91789
    regex_detector_test.go:84: Expected label ZipCode, got  ([]), file ZipCode.csv:30906 data 91790
    regex_detector_test.go:84: Expected label ZipCode, got  ([]), file ZipCode.csv:30907 data 91791
    regex_detector_test.go:84: Expected label ZipCode, got  ([]), file ZipCode.csv:30908 data 91792
    regex_detector_test.go:84: Expected label ZipCode, got  ([]), file ZipCode.csv:30909 data 91801
    regex_detector_test.go:84: Expected label ZipCode, got  ([]), file ZipCode.csv:30910 data 91803
    regex_detector_test.go:84: Expected label ZipCode, got  ([]), file ZipCode.csv:30911 data 91901
    regex_detector_test.go:84: Expected label ZipCode, got  ([]), file ZipCode.csv:30912 data 91902
    regex_detector_test.go:84: Expected label ZipCode, got  ([]), file ZipCode.csv:30913 data 91905
    regex_detector_test.go:84: Expected label ZipCode, got  ([]), file ZipCode.csv:30914 data 91906
    regex_detector_test.go:84: Expected label ZipCode, got  ([]), file ZipCode.csv:30915 data 91910
    regex_detector_test.go:84: Expected label ZipCode, got  ([]), file ZipCode.csv:30916 data 91911
    regex_detector_test.go:84: Expected label ZipCode, got  ([]), file ZipCode.csv:30917 data 91913
    regex_detector_test.go:84: Expected label ZipCode, got  ([]), file ZipCode.csv:30918 data 91914
    regex_detector_test.go:84: Expected label ZipCode, got  ([]), file ZipCode.csv:30919 data 91915
    regex_detector_test.go:84: Expected label ZipCode, got  ([]), file ZipCode.csv:30920 data 91916
    regex_detector_test.go:84: Expected label ZipCode, got  ([]), file ZipCode.csv:30921 data 91917
    regex_detector_test.go:84: Expected label ZipCode, got  ([]), file ZipCode.csv:30922 data 91931
    regex_detector_test.go:84: Expected label ZipCode, got  ([]), file ZipCode.csv:30923 data 91932
    regex_detector_test.go:84: Expected label ZipCode, got  ([]), file ZipCode.csv:30924 data 91934
    regex_detector_test.go:84: Expected label ZipCode, got  ([]), file ZipCode.csv:30925 data 91935
    regex_detector_test.go:84: Expected label ZipCode, got  ([]), file ZipCode.csv:30926 data 91941
    regex_detector_test.go:84: Expected label ZipCode, got  ([]), file ZipCode.csv:30927 data 91942
    regex_detector_test.go:84: Expected label ZipCode, got  ([]), file ZipCode.csv:30928 data 91945
    regex_detector_test.go:84: Expected label ZipCode, got  ([]), file ZipCode.csv:30929 data 91948
    regex_detector_test.go:84: Expected label ZipCode, got  ([]), file ZipCode.csv:30930 data 91950
    regex_detector_test.go:84: Expected label ZipCode, got  ([]), file ZipCode.csv:30931 data 91962
    regex_detector_test.go:84: Expected label ZipCode, got  ([]), file ZipCode.csv:30932 data 91963
    regex_detector_test.go:84: Expected label ZipCode, got  ([]), file ZipCode.csv:30933 data 91977
    regex_detector_test.go:84: Expected label ZipCode, got  ([]), file ZipCode.csv:30934 data 91978
    regex_detector_test.go:84: Expected label ZipCode, got  ([]), file ZipCode.csv:30935 data 91980
    regex_detector_test.go:84: Expected label ZipCode, got  ([]), file ZipCode.csv:30936 data 92003
    regex_detector_test.go:84: Expected label ZipCode, got  ([]), file ZipCode.csv:30937 data 92004
    regex_detector_test.go:84: Expected label ZipCode, got  ([]), file ZipCode.csv:30938 data 92007
    regex_detector_test.go:84: Expected label ZipCode, got  ([]), file ZipCode.csv:30939 data 92008
    regex_detector_test.go:84: Expected label ZipCode, got  ([]), file ZipCode.csv:30940 data 92009
    regex_detector_test.go:84: Expected label ZipCode, got  ([]), file ZipCode.csv:30941 data 92010
    regex_detector_test.go:84: Expected label ZipCode, got  ([]), file ZipCode.csv:30942 data 92011
    regex_detector_test.go:84: Expected label ZipCode, got  ([]), file ZipCode.csv:30943 data 92014
    regex_detector_test.go:84: Expected label ZipCode, got  ([]), file ZipCode.csv:30944 data 92019
    regex_detector_test.go:84: Expected label ZipCode, got  ([]), file ZipCode.csv:30945 data 92020
    regex_detector_test.go:84: Expected label ZipCode, got  ([]), file ZipCode.csv:30946 data 92021
    regex_detector_test.go:84: Expected label ZipCode, got  ([]), file ZipCode.csv:30947 data 92024
    regex_detector_test.go:84: Expected label ZipCode, got  ([]), file ZipCode.csv:30948 data 92025
    regex_detector_test.go:84: Expected label ZipCode, got  ([]), file ZipCode.csv:30949 data 92026
    regex_detector_test.go:84: Expected label ZipCode, got  ([]), file ZipCode.csv:30950 data 92027
    regex_detector_test.go:84: Expected label ZipCode, got  ([]), file ZipCode.csv:30951 data 92028
    regex_detector_test.go:84: Expected label ZipCode, got  ([]), file ZipCode.csv:30952 data 92029
    regex_detector_test.go:84: Expected label ZipCode, got  ([]), file ZipCode.csv:30953 data 92036
    regex_detector_test.go:84: Expected label ZipCode, got  ([]), file ZipCode.csv:30954 data 92037
    regex_detector_test.go:84: Expected label ZipCode, got  ([]), file ZipCode.csv:30955 data 92040
    regex_detector_test.go:84: Expected label ZipCode, got  ([]), file ZipCode.csv:30956 data 92054
    regex_detector_test.go:84: Expected label ZipCode, got  ([]), file ZipCode.csv:30957 data 92055
    regex_detector_test.go:84: Expected label ZipCode, got  ([]), file ZipCode.csv:30958 data 92056
    regex_detector_test.go:84: Expected label ZipCode, got  ([]), file ZipCode.csv:30959 data 92057
    regex_detector_test.go:84: Expected label ZipCode, got  ([]), file ZipCode.csv:30960 data 92058
    regex_detector_test.go:84: Expected label ZipCode, got  ([]), file ZipCode.csv:30961 data 92059
    regex_detector_test.go:84: Expected label ZipCode, got  ([]), file ZipCode.csv:30962 data 92060
    regex_detector_test.go:84: Expected label ZipCode, got  ([]), file ZipCode.csv:30963 data 92061
    regex_detector_test.go:84: Expected label ZipCode, got  ([]), file ZipCode.csv:30964 data 92064
    regex_detector_test.go:84: Expected label ZipCode, got  ([]), file ZipCode.csv:30965 data 92065
    regex_detector_test.go:84: Expected label ZipCode, got  ([]), file ZipCode.csv:30966 data 92066
    regex_detector_test.go:84: Expected label ZipCode, got  ([]), file ZipCode.csv:30967 data 92067
    regex_detector_test.go:84: Expected label ZipCode, got  ([]), file ZipCode.csv:30968 data 92069
    regex_detector_test.go:84: Expected label ZipCode, got  ([]), file ZipCode.csv:30969 data 92070
    regex_detector_test.go:84: Expected label ZipCode, got  ([]), file ZipCode.csv:30970 data 92071
    regex_detector_test.go:84: Expected label ZipCode, got  ([]), file ZipCode.csv:30971 data 92075
    regex_detector_test.go:84: Expected label ZipCode, got  ([]), file ZipCode.csv:30972 data 92078
    regex_detector_test.go:84: Expected label ZipCode, got  ([]), file ZipCode.csv:30973 data 92081
    regex_detector_test.go:84: Expected label ZipCode, got  ([]), file ZipCode.csv:30974 data 92082
    regex_detector_test.go:84: Expected label ZipCode, got  ([]), file ZipCode.csv:30975 data 92083
    regex_detector_test.go:84: Expected label ZipCode, got  ([]), file ZipCode.csv:30976 data 92084
    regex_detector_test.go:84: Expected label ZipCode, got  ([]), file ZipCode.csv:30977 data 92086
    regex_detector_test.go:84: Expected label ZipCode, got  ([]), file ZipCode.csv:30978 data 92091
    regex_detector_test.go:84: Expected label ZipCode, got  ([]), file ZipCode.csv:30979 data 92092
    regex_detector_test.go:84: Expected label ZipCode, got  ([]), file ZipCode.csv:30980 data 92093
    regex_detector_test.go:84: Expected label ZipCode, got  ([]), file ZipCode.csv:30981 data 92096
    regex_detector_test.go:84: Expected label ZipCode, got  ([]), file ZipCode.csv:30982 data 92101
    regex_detector_test.go:84: Expected label ZipCode, got  ([]), file ZipCode.csv:30983 data 92102
    regex_detector_test.go:84: Expected label ZipCode, got  ([]), file ZipCode.csv:30984 data 92103
    regex_detector_test.go:84: Expected label ZipCode, got  ([]), file ZipCode.csv:30985 data 92104
    regex_detector_test.go:84: Expected label ZipCode, got  ([]), file ZipCode.csv:30986 data 92105
    regex_detector_test.go:84: Expected label ZipCode, got  ([]), file ZipCode.csv:30987 data 92106
    regex_detector_test.go:84: Expected label ZipCode, got  ([]), file ZipCode.csv:30988 data 92107
    regex_detector_test.go:84: Expected label ZipCode, got  ([]), file ZipCode.csv:30989 data 92108
    regex_detector_test.go:84: Expected label ZipCode, got  ([]), file ZipCode.csv:30990 data 92109
    regex_detector_test.go:84: Expected label ZipCode, got  ([]), file ZipCode.csv:30991 data 92110
    regex_detector_test.go:84: Expected label ZipCode, got  ([]), file ZipCode.csv:30992 data 92111
    regex_detector_test.go:84: Expected label ZipCode, got  ([]), file ZipCode.csv:30993 data 92113
    regex_detector_test.go:84: Expected label ZipCode, got  ([]), file ZipCode.csv:30994 data 92114
    regex_detector_test.go:84: Expected label ZipCode, got  ([]), file ZipCode.csv:30995 data 92115
    regex_detector_test.go:84: Expected label ZipCode, got  ([]), file ZipCode.csv:30996 data 92116
    regex_detector_test.go:84: Expected label ZipCode, got  ([]), file ZipCode.csv:30997 data 92117
    regex_detector_test.go:84: Expected label ZipCode, got  ([]), file ZipCode.csv:30998 data 92118
    regex_detector_test.go:84: Expected label ZipCode, got  ([]), file ZipCode.csv:30999 data 92119
    regex_detector_test.go:84: Expected label ZipCode, got  ([]), file ZipCode.csv:31000 data 92120
    regex_detector_test.go:84: Expected label ZipCode, got  ([]), file ZipCode.csv:31001 data 92121
    regex_detector_test.go:84: Expected label ZipCode, got  ([]), file ZipCode.csv:31002 data 92122
    regex_detector_test.go:84: Expected label ZipCode, got  ([]), file ZipCode.csv:31003 data 92123
    regex_detector_test.go:84: Expected label ZipCode, got  ([]), file ZipCode.csv:31004 data 92124
    regex_detector_test.go:84: Expected label ZipCode, got  ([]), file ZipCode.csv:31005 data 92126
    regex_detector_test.go:84: Expected label ZipCode, got  ([]), file ZipCode.csv:31006 data 92127
    regex_detector_test.go:84: Expected label ZipCode, got  ([]), file ZipCode.csv:31007 data 92128
    regex_detector_test.go:84: Expected label ZipCode, got  ([]), file ZipCode.csv:31008 data 92129
    regex_detector_test.go:84: Expected label ZipCode, got  ([]), file ZipCode.csv:31009 data 92130
    regex_detector_test.go:84: Expected label ZipCode, got  ([]), file ZipCode.csv:31010 data 92131
    regex_detector_test.go:84: Expected label ZipCode, got  ([]), file ZipCode.csv:31011 data 92132
    regex_detector_test.go:84: Expected label ZipCode, got  ([]), file ZipCode.csv:31012 data 92134
    regex_detector_test.go:84: Expected label ZipCode, got  ([]), file ZipCode.csv:31013 data 92135
    regex_detector_test.go:84: Expected label ZipCode, got  ([]), file ZipCode.csv:31014 data 92136
    regex_detector_test.go:84: Expected label ZipCode, got  ([]), file ZipCode.csv:31015 data 92139
    regex_detector_test.go:84: Expected label ZipCode, got  ([]), file ZipCode.csv:31016 data 92140
    regex_detector_test.go:84: Expected label ZipCode, got  ([]), file ZipCode.csv:31017 data 92145
    regex_detector_test.go:84: Expected label ZipCode, got  ([]), file ZipCode.csv:31018 data 92147
    regex_detector_test.go:84: Expected label ZipCode, got  ([]), file ZipCode.csv:31019 data 92154
    regex_detector_test.go:84: Expected label ZipCode, got  ([]), file ZipCode.csv:31020 data 92155
    regex_detector_test.go:84: Expected label ZipCode, got  ([]), file ZipCode.csv:31021 data 92161
    regex_detector_test.go:84: Expected label ZipCode, got  ([]), file ZipCode.csv:31022 data 92173
    regex_detector_test.go:84: Expected label ZipCode, got  ([]), file ZipCode.csv:31023 data 92179
    regex_detector_test.go:84: Expected label ZipCode, got  ([]), file ZipCode.csv:31024 data 92182
    regex_detector_test.go:84: Expected label ZipCode, got  ([]), file ZipCode.csv:31025 data 92201
    regex_detector_test.go:84: Expected label ZipCode, got  ([]), file ZipCode.csv:31026 data 92203
    regex_detector_test.go:84: Expected label ZipCode, got  ([]), file ZipCode.csv:31027 data 92210
    regex_detector_test.go:84: Expected label ZipCode, got  ([]), file ZipCode.csv:31028 data 92211
    regex_detector_test.go:84: Expected label ZipCode, got  ([]), file ZipCode.csv:31029 data 92220
    regex_detector_test.go:84: Expected label ZipCode, got  ([]), file ZipCode.csv:31030 data 92222
    regex_detector_test.go:84: Expected label ZipCode, got  ([]), file ZipCode.csv:31031 data 92223
    regex_detector_test.go:84: Expected label ZipCode, got  ([]), file ZipCode.csv:31032 data 92225
    regex_detector_test.go:84: Expected label ZipCode, got  ([]), file ZipCode.csv:31033 data 92227
    regex_detector_test.go:84: Expected label ZipCode, got  ([]), file ZipCode.csv:31034 data 92230
    regex_detector_test.go:84: Expected label ZipCode, got  ([]), file ZipCode.csv:31035 data 92231
    regex_detector_test.go:84: Expected label ZipCode, got  ([]), file ZipCode.csv:31036 data 92233
    regex_detector_test.go:84: Expected label ZipCode, got  ([]), file ZipCode.csv:31037 data 92234
    regex_detector_test.go:84: Expected label ZipCode, got  ([]), file ZipCode.csv:31038 data 92236
    regex_detector_test.go:84: Expected label ZipCode, got  ([]), file ZipCode.csv:31039 data 92239
    regex_detector_test.go:84: Expected label ZipCode, got  ([]), file ZipCode.csv:31040 data 92240
    regex_detector_test.go:84: Expected label ZipCode, got  ([]), file ZipCode.csv:31041 data 92241
    regex_detector_test.go:84: Expected label ZipCode, got  ([]), file ZipCode.csv:31042 data 92242
    regex_detector_test.go:84: Expected label ZipCode, got  ([]), file ZipCode.csv:31043 data 92243
    regex_detector_test.go:84: Expected label ZipCode, got  ([]), file ZipCode.csv:31044 data 92249
    regex_detector_test.go:84: Expected label ZipCode, got  ([]), file ZipCode.csv:31045 data 92250
    regex_detector_test.go:84: Expected label ZipCode, got  ([]), file ZipCode.csv:31046 data 92251
    regex_detector_test.go:84: Expected label ZipCode, got  ([]), file ZipCode.csv:31047 data 92252
    regex_detector_test.go:84: Expected label ZipCode, got  ([]), file ZipCode.csv:31048 data 92253
    regex_detector_test.go:84: Expected label ZipCode, got  ([]), file ZipCode.csv:31049 data 92254
    regex_detector_test.go:84: Expected label ZipCode, got  ([]), file ZipCode.csv:31050 data 92256
    regex_detector_test.go:84: Expected label ZipCode, got  ([]), file ZipCode.csv:31051 data 92257
    regex_detector_test.go:84: Expected label ZipCode, got  ([]), file ZipCode.csv:31052 data 92258
    regex_detector_test.go:84: Expected label ZipCode, got  ([]), file ZipCode.csv:31053 data 92259
    regex_detector_test.go:84: Expected label ZipCode, got  ([]), file ZipCode.csv:31054 data 92260
    regex_detector_test.go:84: Expected label ZipCode, got  ([]), file ZipCode.csv:31055 data 92262
    regex_detector_test.go:84: Expected label ZipCode, got  ([]), file ZipCode.csv:31056 data 92264
    regex_detector_test.go:84: Expected label ZipCode, got  ([]), file ZipCode.csv:31057 data 92266
    regex_detector_test.go:84: Expected label ZipCode, got  ([]), file ZipCode.csv:31058 data 92267
    regex_detector_test.go:84: Expected label ZipCode, got  ([]), file ZipCode.csv:31059 data 92268
    regex_detector_test.go:84: Expected label ZipCode, got  ([]), file ZipCode.csv:31060 data 92270
    regex_detector_test.go:84: Expected label ZipCode, got  ([]), file ZipCode.csv:31061 data 92273
    regex_detector_test.go:84: Expected label ZipCode, got  ([]), file ZipCode.csv:31062 data 92274
    regex_detector_test.go:84: Expected label ZipCode, got  ([]), file ZipCode.csv:31063 data 92275
    regex_detector_test.go:84: Expected label ZipCode, got  ([]), file ZipCode.csv:31064 data 92276
    regex_detector_test.go:84: Expected label ZipCode, got  ([]), file ZipCode.csv:31065 data 92277
    regex_detector_test.go:84: Expected label ZipCode, got  ([]), file ZipCode.csv:31066 data 92278
    regex_detector_test.go:84: Expected label ZipCode, got  ([]), file ZipCode.csv:31067 data 92280
    regex_detector_test.go:84: Expected label ZipCode, got  ([]), file ZipCode.csv:31068 data 92281
    regex_detector_test.go:84: Expected label ZipCode, got  ([]), file ZipCode.csv:31069 data 92282
    regex_detector_test.go:84: Expected label ZipCode, got  ([]), file ZipCode.csv:31070 data 92283
    regex_detector_test.go:84: Expected label ZipCode, got  ([]), file ZipCode.csv:31071 data 92284
    regex_detector_test.go:84: Expected label ZipCode, got  ([]), file ZipCode.csv:31072 data 92285
    regex_detector_test.go:84: Expected label ZipCode, got  ([]), file ZipCode.csv:31073 data 92301
    regex_detector_test.go:84: Expected label ZipCode, got  ([]), file ZipCode.csv:31074 data 92304
    regex_detector_test.go:84: Expected label ZipCode, got  ([]), file ZipCode.csv:31075 data 92305
    regex_detector_test.go:84: Expected label ZipCode, got  ([]), file ZipCode.csv:31076 data 92307
    regex_detector_test.go:84: Expected label ZipCode, got  ([]), file ZipCode.csv:31077 data 92308
    regex_detector_test.go:84: Expected label ZipCode, got  ([]), file ZipCode.csv:31078 data 92309
    regex_detector_test.go:84: Expected label ZipCode, got  ([]), file ZipCode.csv:31079 data 92310
    regex_detector_test.go:84: Expected label ZipCode, got  ([]), file ZipCode.csv:31080 data 92311
    regex_detector_test.go:84: Expected label ZipCode, got  ([]), file ZipCode.csv:31081 data 92313
    regex_detector_test.go:84: Expected label ZipCode, got  ([]), file ZipCode.csv:31082 data 92314
    regex_detector_test.go:84: Expected label ZipCode, got  ([]), file ZipCode.csv:31083 data 92315
    regex_detector_test.go:84: Expected label ZipCode, got  ([]), file ZipCode.csv:31084 data 92316
    regex_detector_test.go:84: Expected label ZipCode, got  ([]), file ZipCode.csv:31085 data 92317
    regex_detector_test.go:84: Expected label ZipCode, got  ([]), file ZipCode.csv:31086 data 92320
    regex_detector_test.go:84: Expected label ZipCode, got  ([]), file ZipCode.csv:31087 data 92321
    regex_detector_test.go:84: Expected label ZipCode, got  ([]), file ZipCode.csv:31088 data 92322
    regex_detector_test.go:84: Expected label ZipCode, got  ([]), file ZipCode.csv:31089 data 92324
    regex_detector_test.go:84: Expected label ZipCode, got  ([]), file ZipCode.csv:31090 data 92325
    regex_detector_test.go:84: Expected label ZipCode, got  ([]), file ZipCode.csv:31091 data 92327
    regex_detector_test.go:84: Expected label ZipCode, got  ([]), file ZipCode.csv:31092 data 92328
    regex_detector_test.go:84: Expected label ZipCode, got  ([]), file ZipCode.csv:31093 data 92332
    regex_detector_test.go:84: Expected label ZipCode, got  ([]), file ZipCode.csv:31094 data 92333
    regex_detector_test.go:84: Expected label ZipCode, got  ([]), file ZipCode.csv:31095 data 92335
    regex_detector_test.go:84: Expected label ZipCode, got  ([]), file ZipCode.csv:31096 data 92336
    regex_detector_test.go:84: Expected label ZipCode, got  ([]), file ZipCode.csv:31097 data 92337
    regex_detector_test.go:84: Expected label ZipCode, got  ([]), file ZipCode.csv:31098 data 92338
    regex_detector_test.go:84: Expected label ZipCode, got  ([]), file ZipCode.csv:31099 data 92339
    regex_detector_test.go:84: Expected label ZipCode, got  ([]), file ZipCode.csv:31100 data 92341
    regex_detector_test.go:84: Expected label ZipCode, got  ([]), file ZipCode.csv:31101 data 92342
    regex_detector_test.go:84: Expected label ZipCode, got  ([]), file ZipCode.csv:31102 data 92344
    regex_detector_test.go:84: Expected label ZipCode, got  ([]), file ZipCode.csv:31103 data 92345
    regex_detector_test.go:84: Expected label ZipCode, got  ([]), file ZipCode.csv:31104 data 92346
    regex_detector_test.go:84: Expected label ZipCode, got  ([]), file ZipCode.csv:31105 data 92347
    regex_detector_test.go:84: Expected label ZipCode, got  ([]), file ZipCode.csv:31106 data 92350
    regex_detector_test.go:84: Expected label ZipCode, got  ([]), file ZipCode.csv:31107 data 92352
    regex_detector_test.go:84: Expected label ZipCode, got  ([]), file ZipCode.csv:31108 data 92354
    regex_detector_test.go:84: Expected label ZipCode, got  ([]), file ZipCode.csv:31109 data 92356
    regex_detector_test.go:84: Expected label ZipCode, got  ([]), file ZipCode.csv:31110 data 92358
    regex_detector_test.go:84: Expected label ZipCode, got  ([]), file ZipCode.csv:31111 data 92359
    regex_detector_test.go:84: Expected label ZipCode, got  ([]), file ZipCode.csv:31112 data 92363
    regex_detector_test.go:84: Expected label ZipCode, got  ([]), file ZipCode.csv:31113 data 92364
    regex_detector_test.go:84: Expected label ZipCode, got  ([]), file ZipCode.csv:31114 data 92365
    regex_detector_test.go:84: Expected label ZipCode, got  ([]), file ZipCode.csv:31115 data 92368
    regex_detector_test.go:84: Expected label ZipCode, got  ([]), file ZipCode.csv:31116 data 92369
    regex_detector_test.go:84: Expected label ZipCode, got  ([]), file ZipCode.csv:31117 data 92371
    regex_detector_test.go:84: Expected label ZipCode, got  ([]), file ZipCode.csv:31118 data 92372
    regex_detector_test.go:84: Expected label ZipCode, got  ([]), file ZipCode.csv:31119 data 92373
    regex_detector_test.go:84: Expected label ZipCode, got  ([]), file ZipCode.csv:31120 data 92374
    regex_detector_test.go:84: Expected label ZipCode, got  ([]), file ZipCode.csv:31121 data 92376
    regex_detector_test.go:84: Expected label ZipCode, got  ([]), file ZipCode.csv:31122 data 92377
    regex_detector_test.go:84: Expected label ZipCode, got  ([]), file ZipCode.csv:31123 data 92378
    regex_detector_test.go:84: Expected label ZipCode, got  ([]), file ZipCode.csv:31124 data 92382
    regex_detector_test.go:84: Expected label ZipCode, got  ([]), file ZipCode.csv:31125 data 92384
    regex_detector_test.go:84: Expected label ZipCode, got  ([]), file ZipCode.csv:31126 data 92385
    regex_detector_test.go:84: Expected label ZipCode, got  ([]), file ZipCode.csv:31127 data 92386
    regex_detector_test.go:84: Expected label ZipCode, got  ([]), file ZipCode.csv:31128 data 92389
    regex_detector_test.go:84: Expected label ZipCode, got  ([]), file ZipCode.csv:31129 data 92391
    regex_detector_test.go:84: Expected label ZipCode, got  ([]), file ZipCode.csv:31130 data 92392
    regex_detector_test.go:84: Expected label ZipCode, got  ([]), file ZipCode.csv:31131 data 92394
    regex_detector_test.go:84: Expected label ZipCode, got  ([]), file ZipCode.csv:31132 data 92395
    regex_detector_test.go:84: Expected label ZipCode, got  ([]), file ZipCode.csv:31133 data 92397
    regex_detector_test.go:84: Expected label ZipCode, got  ([]), file ZipCode.csv:31134 data 92398
    regex_detector_test.go:84: Expected label ZipCode, got  ([]), file ZipCode.csv:31135 data 92399
    regex_detector_test.go:84: Expected label ZipCode, got  ([]), file ZipCode.csv:31136 data 92401
    regex_detector_test.go:84: Expected label ZipCode, got  ([]), file ZipCode.csv:31137 data 92404
    regex_detector_test.go:84: Expected label ZipCode, got  ([]), file ZipCode.csv:31138 data 92405
    regex_detector_test.go:84: Expected label ZipCode, got  ([]), file ZipCode.csv:31139 data 92407
    regex_detector_test.go:84: Expected label ZipCode, got  ([]), file ZipCode.csv:31140 data 92408
    regex_detector_test.go:84: Expected label ZipCode, got  ([]), file ZipCode.csv:31141 data 92410
    regex_detector_test.go:84: Expected label ZipCode, got  ([]), file ZipCode.csv:31142 data 92411
    regex_detector_test.go:84: Expected label ZipCode, got  ([]), file ZipCode.csv:31143 data 92415
    regex_detector_test.go:84: Expected label ZipCode, got  ([]), file ZipCode.csv:31144 data 92501
    regex_detector_test.go:84: Expected label ZipCode, got  ([]), file ZipCode.csv:31145 data 92503
    regex_detector_test.go:84: Expected label ZipCode, got  ([]), file ZipCode.csv:31146 data 92504
    regex_detector_test.go:84: Expected label ZipCode, got  ([]), file ZipCode.csv:31147 data 92505
    regex_detector_test.go:84: Expected label ZipCode, got  ([]), file ZipCode.csv:31148 data 92506
    regex_detector_test.go:84: Expected label ZipCode, got  ([]), file ZipCode.csv:31149 data 92507
    regex_detector_test.go:84: Expected label ZipCode, got  ([]), file ZipCode.csv:31150 data 92508
    regex_detector_test.go:84: Expected label ZipCode, got  ([]), file ZipCode.csv:31151 data 92509
    regex_detector_test.go:84: Expected label ZipCode, got  ([]), file ZipCode.csv:31152 data 92518
    regex_detector_test.go:84: Expected label ZipCode, got  ([]), file ZipCode.csv:31153 data 92521
    regex_detector_test.go:84: Expected label ZipCode, got  ([]), file ZipCode.csv:31154 data 92530
    regex_detector_test.go:84: Expected label ZipCode, got  ([]), file ZipCode.csv:31155 data 92532
    regex_detector_test.go:84: Expected label ZipCode, got  ([]), file ZipCode.csv:31156 data 92536
    regex_detector_test.go:84: Expected label ZipCode, got  ([]), file ZipCode.csv:31157 data 92539
    regex_detector_test.go:84: Expected label ZipCode, got  ([]), file ZipCode.csv:31158 data 92543
    regex_detector_test.go:84: Expected label ZipCode, got  ([]), file ZipCode.csv:31159 data 92544
    regex_detector_test.go:84: Expected label ZipCode, got  ([]), file ZipCode.csv:31160 data 92545
    regex_detector_test.go:84: Expected label ZipCode, got  ([]), file ZipCode.csv:31161 data 92548
    regex_detector_test.go:84: Expected label ZipCode, got  ([]), file ZipCode.csv:31162 data 92549
    regex_detector_test.go:84: Expected label ZipCode, got  ([]), file ZipCode.csv:31163 data 92551
    regex_detector_test.go:84: Expected label ZipCode, got  ([]), file ZipCode.csv:31164 data 92553
    regex_detector_test.go:84: Expected label ZipCode, got  ([]), file ZipCode.csv:31165 data 92555
    regex_detector_test.go:84: Expected label ZipCode, got  ([]), file ZipCode.csv:31166 data 92557
    regex_detector_test.go:84: Expected label ZipCode, got  ([]), file ZipCode.csv:31167 data 92561
    regex_detector_test.go:84: Expected label ZipCode, got  ([]), file ZipCode.csv:31168 data 92562
    regex_detector_test.go:84: Expected label ZipCode, got  ([]), file ZipCode.csv:31169 data 92563
    regex_detector_test.go:84: Expected label ZipCode, got  ([]), file ZipCode.csv:31170 data 92567
    regex_detector_test.go:84: Expected label ZipCode, got  ([]), file ZipCode.csv:31171 data 92570
    regex_detector_test.go:84: Expected label ZipCode, got  ([]), file ZipCode.csv:31172 data 92571
    regex_detector_test.go:84: Expected label ZipCode, got  ([]), file ZipCode.csv:31173 data 92582
    regex_detector_test.go:84: Expected label ZipCode, got  ([]), file ZipCode.csv:31174 data 92583
    regex_detector_test.go:84: Expected label ZipCode, got  ([]), file ZipCode.csv:31175 data 92584
    regex_detector_test.go:84: Expected label ZipCode, got  ([]), file ZipCode.csv:31176 data 92585
    regex_detector_test.go:84: Expected label ZipCode, got  ([]), file ZipCode.csv:31177 data 92586
    regex_detector_test.go:84: Expected label ZipCode, got  ([]), file ZipCode.csv:31178 data 92587
    regex_detector_test.go:84: Expected label ZipCode, got  ([]), file ZipCode.csv:31179 data 92590
    regex_detector_test.go:84: Expected label ZipCode, got  ([]), file ZipCode.csv:31180 data 92591
    regex_detector_test.go:84: Expected label ZipCode, got  ([]), file ZipCode.csv:31181 data 92592
    regex_detector_test.go:84: Expected label ZipCode, got  ([]), file ZipCode.csv:31182 data 92595
    regex_detector_test.go:84: Expected label ZipCode, got  ([]), file ZipCode.csv:31183 data 92596
    regex_detector_test.go:84: Expected label ZipCode, got  ([]), file ZipCode.csv:31184 data 92602
    regex_detector_test.go:84: Expected label ZipCode, got  ([]), file ZipCode.csv:31185 data 92603
    regex_detector_test.go:84: Expected label ZipCode, got  ([]), file ZipCode.csv:31186 data 92604
    regex_detector_test.go:84: Expected label ZipCode, got  ([]), file ZipCode.csv:31187 data 92606
    regex_detector_test.go:84: Expected label ZipCode, got  ([]), file ZipCode.csv:31188 data 92610
    regex_detector_test.go:84: Expected label ZipCode, got  ([]), file ZipCode.csv:31189 data 92612
    regex_detector_test.go:84: Expected label ZipCode, got  ([]), file ZipCode.csv:31190 data 92614
    regex_detector_test.go:84: Expected label ZipCode, got  ([]), file ZipCode.csv:31191 data 92617
    regex_detector_test.go:84: Expected label ZipCode, got  ([]), file ZipCode.csv:31192 data 92618
    regex_detector_test.go:84: Expected label ZipCode, got  ([]), file ZipCode.csv:31193 data 92620
    regex_detector_test.go:84: Expected label ZipCode, got  ([]), file ZipCode.csv:31194 data 92624
    regex_detector_test.go:84: Expected label ZipCode, got  ([]), file ZipCode.csv:31195 data 92625
    regex_detector_test.go:84: Expected label ZipCode, got  ([]), file ZipCode.csv:31196 data 92626
    regex_detector_test.go:84: Expected label ZipCode, got  ([]), file ZipCode.csv:31197 data 92627
    regex_detector_test.go:84: Expected label ZipCode, got  ([]), file ZipCode.csv:31198 data 92629
    regex_detector_test.go:84: Expected label ZipCode, got  ([]), file ZipCode.csv:31199 data 92630
    regex_detector_test.go:84: Expected label ZipCode, got  ([]), file ZipCode.csv:31200 data 92637
    regex_detector_test.go:84: Expected label ZipCode, got  ([]), file ZipCode.csv:31201 data 92646
    regex_detector_test.go:84: Expected label ZipCode, got  ([]), file ZipCode.csv:31202 data 92647
    regex_detector_test.go:84: Expected label ZipCode, got  ([]), file ZipCode.csv:31203 data 92648
    regex_detector_test.go:84: Expected label ZipCode, got  ([]), file ZipCode.csv:31204 data 92649
    regex_detector_test.go:84: Expected label ZipCode, got  ([]), file ZipCode.csv:31205 data 92651
    regex_detector_test.go:84: Expected label ZipCode, got  ([]), file ZipCode.csv:31206 data 92653
    regex_detector_test.go:84: Expected label ZipCode, got  ([]), file ZipCode.csv:31207 data 92655
    regex_detector_test.go:84: Expected label ZipCode, got  ([]), file ZipCode.csv:31208 data 92656
    regex_detector_test.go:84: Expected label ZipCode, got  ([]), file ZipCode.csv:31209 data 92657
    regex_detector_test.go:84: Expected label ZipCode, got  ([]), file ZipCode.csv:31210 data 92660
    regex_detector_test.go:84: Expected label ZipCode, got  ([]), file ZipCode.csv:31211 data 92661
    regex_detector_test.go:84: Expected label ZipCode, got  ([]), file ZipCode.csv:31212 data 92662
    regex_detector_test.go:84: Expected label ZipCode, got  ([]), file ZipCode.csv:31213 data 92663
    regex_detector_test.go:84: Expected label ZipCode, got  ([]), file ZipCode.csv:31214 data 92672
    regex_detector_test.go:84: Expected label ZipCode, got  ([]), file ZipCode.csv:31215 data 92673
    regex_detector_test.go:84: Expected label ZipCode, got  ([]), file ZipCode.csv:31216 data 92675
    regex_detector_test.go:84: Expected label ZipCode, got  ([]), file ZipCode.csv:31217 data 92676
    regex_detector_test.go:84: Expected label ZipCode, got  ([]), file ZipCode.csv:31218 data 92677
    regex_detector_test.go:84: Expected label ZipCode, got  ([]), file ZipCode.csv:31219 data 92678
    regex_detector_test.go:84: Expected label ZipCode, got  ([]), file ZipCode.csv:31220 data 92679
    regex_detector_test.go:84: Expected label ZipCode, got  ([]), file ZipCode.csv:31221 data 92683
    regex_detector_test.go:84: Expected label ZipCode, got  ([]), file ZipCode.csv:31222 data 92688
    regex_detector_test.go:84: Expected label ZipCode, got  ([]), file ZipCode.csv:31223 data 92691
    regex_detector_test.go:84: Expected label ZipCode, got  ([]), file ZipCode.csv:31224 data 92692
    regex_detector_test.go:84: Expected label ZipCode, got  ([]), file ZipCode.csv:31225 data 92694
    regex_detector_test.go:84: Expected label ZipCode, got  ([]), file ZipCode.csv:31226 data 92697
    regex_detector_test.go:84: Expected label ZipCode, got  ([]), file ZipCode.csv:31227 data 92701
    regex_detector_test.go:84: Expected label ZipCode, got  ([]), file ZipCode.csv:31228 data 92703
    regex_detector_test.go:84: Expected label ZipCode, got  ([]), file ZipCode.csv:31229 data 92704
    regex_detector_test.go:84: Expected label ZipCode, got  ([]), file ZipCode.csv:31230 data 92705
    regex_detector_test.go:84: Expected label ZipCode, got  ([]), file ZipCode.csv:31231 data 92706
    regex_detector_test.go:84: Expected label ZipCode, got  ([]), file ZipCode.csv:31232 data 92707
    regex_detector_test.go:84: Expected label ZipCode, got  ([]), file ZipCode.csv:31233 data 92708
    regex_detector_test.go:84: Expected label ZipCode, got  ([]), file ZipCode.csv:31234 data 92780
    regex_detector_test.go:84: Expected label ZipCode, got  ([]), file ZipCode.csv:31235 data 92782
    regex_detector_test.go:84: Expected label ZipCode, got  ([]), file ZipCode.csv:31236 data 92801
    regex_detector_test.go:84: Expected label ZipCode, got  ([]), file ZipCode.csv:31237 data 92802
    regex_detector_test.go:84: Expected label ZipCode, got  ([]), file ZipCode.csv:31238 data 92804
    regex_detector_test.go:84: Expected label ZipCode, got  ([]), file ZipCode.csv:31239 data 92805
    regex_detector_test.go:84: Expected label ZipCode, got  ([]), file ZipCode.csv:31240 data 92806
    regex_detector_test.go:84: Expected label ZipCode, got  ([]), file ZipCode.csv:31241 data 92807
    regex_detector_test.go:84: Expected label ZipCode, got  ([]), file ZipCode.csv:31242 data 92808
    regex_detector_test.go:84: Expected label ZipCode, got  ([]), file ZipCode.csv:31243 data 92821
    regex_detector_test.go:84: Expected label ZipCode, got  ([]), file ZipCode.csv:31244 data 92823
    regex_detector_test.go:84: Expected label ZipCode, got  ([]), file ZipCode.csv:31245 data 92831
    regex_detector_test.go:84: Expected label ZipCode, got  ([]), file ZipCode.csv:31246 data 92832
    regex_detector_test.go:84: Expected label ZipCode, got  ([]), file ZipCode.csv:31247 data 92833
    regex_detector_test.go:84: Expected label ZipCode, got  ([]), file ZipCode.csv:31248 data 92835
    regex_detector_test.go:84: Expected label ZipCode, got  ([]), file ZipCode.csv:31249 data 92840
    regex_detector_test.go:84: Expected label ZipCode, got  ([]), file ZipCode.csv:31250 data 92841
    regex_detector_test.go:84: Expected label ZipCode, got  ([]), file ZipCode.csv:31251 data 92843
    regex_detector_test.go:84: Expected label ZipCode, got  ([]), file ZipCode.csv:31252 data 92844
    regex_detector_test.go:84: Expected label ZipCode, got  ([]), file ZipCode.csv:31253 data 92845
    regex_detector_test.go:84: Expected label ZipCode, got  ([]), file ZipCode.csv:31254 data 92860
    regex_detector_test.go:84: Expected label ZipCode, got  ([]), file ZipCode.csv:31255 data 92861
    regex_detector_test.go:84: Expected label ZipCode, got  ([]), file ZipCode.csv:31256 data 92865
    regex_detector_test.go:84: Expected label ZipCode, got  ([]), file ZipCode.csv:31257 data 92866
    regex_detector_test.go:84: Expected label ZipCode, got  ([]), file ZipCode.csv:31258 data 92867
    regex_detector_test.go:84: Expected label ZipCode, got  ([]), file ZipCode.csv:31259 data 92868
    regex_detector_test.go:84: Expected label ZipCode, got  ([]), file ZipCode.csv:31260 data 92869
    regex_detector_test.go:84: Expected label ZipCode, got  ([]), file ZipCode.csv:31261 data 92870
    regex_detector_test.go:84: Expected label ZipCode, got  ([]), file ZipCode.csv:31262 data 92879
    regex_detector_test.go:84: Expected label ZipCode, got  ([]), file ZipCode.csv:31263 data 92880
    regex_detector_test.go:84: Expected label ZipCode, got  ([]), file ZipCode.csv:31264 data 92881
    regex_detector_test.go:84: Expected label ZipCode, got  ([]), file ZipCode.csv:31265 data 92882
    regex_detector_test.go:84: Expected label ZipCode, got  ([]), file ZipCode.csv:31266 data 92883
    regex_detector_test.go:84: Expected label ZipCode, got  ([]), file ZipCode.csv:31267 data 92886
    regex_detector_test.go:84: Expected label ZipCode, got  ([]), file ZipCode.csv:31268 data 92887
    regex_detector_test.go:84: Expected label ZipCode, got  ([]), file ZipCode.csv:31269 data 93001
    regex_detector_test.go:84: Expected label ZipCode, got  ([]), file ZipCode.csv:31270 data 93003
    regex_detector_test.go:84: Expected label ZipCode, got  ([]), file ZipCode.csv:31271 data 93004
    regex_detector_test.go:84: Expected label ZipCode, got  ([]), file ZipCode.csv:31272 data 93010
    regex_detector_test.go:84: Expected label ZipCode, got  ([]), file ZipCode.csv:31273 data 93012
    regex_detector_test.go:84: Expected label ZipCode, got  ([]), file ZipCode.csv:31274 data 93013
    regex_detector_test.go:84: Expected label ZipCode, got  ([]), file ZipCode.csv:31275 data 93015
    regex_detector_test.go:84: Expected label ZipCode, got  ([]), file ZipCode.csv:31276 data 93021
    regex_detector_test.go:84: Expected label ZipCode, got  ([]), file ZipCode.csv:31277 data 93022
    regex_detector_test.go:84: Expected label ZipCode, got  ([]), file ZipCode.csv:31278 data 93023
    regex_detector_test.go:84: Expected label ZipCode, got  ([]), file ZipCode.csv:31279 data 93030
    regex_detector_test.go:84: Expected label ZipCode, got  ([]), file ZipCode.csv:31280 data 93033
    regex_detector_test.go:84: Expected label ZipCode, got  ([]), file ZipCode.csv:31281 data 93035
    regex_detector_test.go:84: Expected label ZipCode, got  ([]), file ZipCode.csv:31282 data 93036
    regex_detector_test.go:84: Expected label ZipCode, got  ([]), file ZipCode.csv:31283 data 93040
    regex_detector_test.go:84: Expected label ZipCode, got  ([]), file ZipCode.csv:31284 data 93041
    regex_detector_test.go:84: Expected label ZipCode, got  ([]), file ZipCode.csv:31285 data 93042
    regex_detector_test.go:84: Expected label ZipCode, got  ([]), file ZipCode.csv:31286 data 93043
    regex_detector_test.go:84: Expected label ZipCode, got  ([]), file ZipCode.csv:31287 data 93060
    regex_detector_test.go:84: Expected label ZipCode, got  ([]), file ZipCode.csv:31288 data 93063
    regex_detector_test.go:84: Expected label ZipCode, got  ([]), file ZipCode.csv:31289 data 93064
    regex_detector_test.go:84: Expected label ZipCode, got  ([]), file ZipCode.csv:31290 data 93065
    regex_detector_test.go:84: Expected label ZipCode, got  ([]), file ZipCode.csv:31291 data 93066
    regex_detector_test.go:84: Expected label ZipCode, got  ([]), file ZipCode.csv:31292 data 93067
    regex_detector_test.go:84: Expected label ZipCode, got  ([]), file ZipCode.csv:31293 data 93101
    regex_detector_test.go:84: Expected label ZipCode, got  ([]), file ZipCode.csv:31294 data 93103
    regex_detector_test.go:84: Expected label ZipCode, got  ([]), file ZipCode.csv:31295 data 93105
    regex_detector_test.go:84: Expected label ZipCode, got  ([]), file ZipCode.csv:31296 data 93106
    regex_detector_test.go:84: Expected label ZipCode, got  ([]), file ZipCode.csv:31297 data 93108
    regex_detector_test.go:84: Expected label ZipCode, got  ([]), file ZipCode.csv:31298 data 93109
    regex_detector_test.go:84: Expected label ZipCode, got  ([]), file ZipCode.csv:31299 data 93110
    regex_detector_test.go:84: Expected label ZipCode, got  ([]), file ZipCode.csv:31300 data 93111
    regex_detector_test.go:84: Expected label ZipCode, got  ([]), file ZipCode.csv:31301 data 93117
    regex_detector_test.go:84: Expected label ZipCode, got  ([]), file ZipCode.csv:31302 data 93201
    regex_detector_test.go:84: Expected label ZipCode, got  ([]), file ZipCode.csv:31303 data 93202
    regex_detector_test.go:84: Expected label ZipCode, got  ([]), file ZipCode.csv:31304 data 93203
    regex_detector_test.go:84: Expected label ZipCode, got  ([]), file ZipCode.csv:31305 data 93204
    regex_detector_test.go:84: Expected label ZipCode, got  ([]), file ZipCode.csv:31306 data 93205
    regex_detector_test.go:84: Expected label ZipCode, got  ([]), file ZipCode.csv:31307 data 93206
    regex_detector_test.go:84: Expected label ZipCode, got  ([]), file ZipCode.csv:31308 data 93207
    regex_detector_test.go:84: Expected label ZipCode, got  ([]), file ZipCode.csv:31309 data 93208
    regex_detector_test.go:84: Expected label ZipCode, got  ([]), file ZipCode.csv:31310 data 93210
    regex_detector_test.go:84: Expected label ZipCode, got  ([]), file ZipCode.csv:31311 data 93212
    regex_detector_test.go:84: Expected label ZipCode, got  ([]), file ZipCode.csv:31312 data 93215
    regex_detector_test.go:84: Expected label ZipCode, got  ([]), file ZipCode.csv:31313 data 93218
    regex_detector_test.go:84: Expected label ZipCode, got  ([]), file ZipCode.csv:31314 data 93219
    regex_detector_test.go:84: Expected label ZipCode, got  ([]), file ZipCode.csv:31315 data 93220
    regex_detector_test.go:84: Expected label ZipCode, got  ([]), file ZipCode.csv:31316 data 93221
    regex_detector_test.go:84: Expected label ZipCode, got  ([]), file ZipCode.csv:31317 data 93222
    regex_detector_test.go:84: Expected label ZipCode, got  ([]), file ZipCode.csv:31318 data 93223
    regex_detector_test.go:84: Expected label ZipCode, got  ([]), file ZipCode.csv:31319 data 93224
    regex_detector_test.go:84: Expected label ZipCode, got  ([]), file ZipCode.csv:31320 data 93225
    regex_detector_test.go:84: Expected label ZipCode, got  ([]), file ZipCode.csv:31321 data 93226
    regex_detector_test.go:84: Expected label ZipCode, got  ([]), file ZipCode.csv:31322 data 93227
    regex_detector_test.go:84: Expected label ZipCode, got  ([]), file ZipCode.csv:31323 data 93230
    regex_detector_test.go:84: Expected label ZipCode, got  ([]), file ZipCode.csv:31324 data 93234
    regex_detector_test.go:84: Expected label ZipCode, got  ([]), file ZipCode.csv:31325 data 93235
    regex_detector_test.go:84: Expected label ZipCode, got  ([]), file ZipCode.csv:31326 data 93237
    regex_detector_test.go:84: Expected label ZipCode, got  ([]), file ZipCode.csv:31327 data 93238
    regex_detector_test.go:84: Expected label ZipCode, got  ([]), file ZipCode.csv:31328 data 93239
    regex_detector_test.go:84: Expected label ZipCode, got  ([]), file ZipCode.csv:31329 data 93240
    regex_detector_test.go:84: Expected label ZipCode, got  ([]), file ZipCode.csv:31330 data 93241
    regex_detector_test.go:84: Expected label ZipCode, got  ([]), file ZipCode.csv:31331 data 93242
    regex_detector_test.go:84: Expected label ZipCode, got  ([]), file ZipCode.csv:31332 data 93243
    regex_detector_test.go:84: Expected label ZipCode, got  ([]), file ZipCode.csv:31333 data 93244
    regex_detector_test.go:84: Expected label ZipCode, got  ([]), file ZipCode.csv:31334 data 93245
    regex_detector_test.go:84: Expected label ZipCode, got  ([]), file ZipCode.csv:31335 data 93246
    regex_detector_test.go:84: Expected label ZipCode, got  ([]), file ZipCode.csv:31336 data 93247
    regex_detector_test.go:84: Expected label ZipCode, got  ([]), file ZipCode.csv:31337 data 93249
    regex_detector_test.go:84: Expected label ZipCode, got  ([]), file ZipCode.csv:31338 data 93250
    regex_detector_test.go:84: Expected label ZipCode, got  ([]), file ZipCode.csv:31339 data 93251
    regex_detector_test.go:84: Expected label ZipCode, got  ([]), file ZipCode.csv:31340 data 93252
    regex_detector_test.go:84: Expected label ZipCode, got  ([]), file ZipCode.csv:31341 data 93254
    regex_detector_test.go:84: Expected label ZipCode, got  ([]), file ZipCode.csv:31342 data 93255
    regex_detector_test.go:84: Expected label ZipCode, got  ([]), file ZipCode.csv:31343 data 93256
    regex_detector_test.go:84: Expected label ZipCode, got  ([]), file ZipCode.csv:31344 data 93257
    regex_detector_test.go:84: Expected label ZipCode, got  ([]), file ZipCode.csv:31345 data 93258
    regex_detector_test.go:84: Expected label ZipCode, got  ([]), file ZipCode.csv:31346 data 93260
    regex_detector_test.go:84: Expected label ZipCode, got  ([]), file ZipCode.csv:31347 data 93261
    regex_detector_test.go:84: Expected label ZipCode, got  ([]), file ZipCode.csv:31348 data 93262
    regex_detector_test.go:84: Expected label ZipCode, got  ([]), file ZipCode.csv:31349 data 93263
    regex_detector_test.go:84: Expected label ZipCode, got  ([]), file ZipCode.csv:31350 data 93265
    regex_detector_test.go:84: Expected label ZipCode, got  ([]), file ZipCode.csv:31351 data 93266
    regex_detector_test.go:84: Expected label ZipCode, got  ([]), file ZipCode.csv:31352 data 93267
    regex_detector_test.go:84: Expected label ZipCode, got  ([]), file ZipCode.csv:31353 data 93268
    regex_detector_test.go:84: Expected label ZipCode, got  ([]), file ZipCode.csv:31354 data 93270
    regex_detector_test.go:84: Expected label ZipCode, got  ([]), file ZipCode.csv:31355 data 93271
    regex_detector_test.go:84: Expected label ZipCode, got  ([]), file ZipCode.csv:31356 data 93272
    regex_detector_test.go:84: Expected label ZipCode, got  ([]), file ZipCode.csv:31357 data 93274
    regex_detector_test.go:84: Expected label ZipCode, got  ([]), file ZipCode.csv:31358 data 93276
    regex_detector_test.go:84: Expected label ZipCode, got  ([]), file ZipCode.csv:31359 data 93277
    regex_detector_test.go:84: Expected label ZipCode, got  ([]), file ZipCode.csv:31360 data 93280
    regex_detector_test.go:84: Expected label ZipCode, got  ([]), file ZipCode.csv:31361 data 93283
    regex_detector_test.go:84: Expected label ZipCode, got  ([]), file ZipCode.csv:31362 data 93285
    regex_detector_test.go:84: Expected label ZipCode, got  ([]), file ZipCode.csv:31363 data 93286
    regex_detector_test.go:84: Expected label ZipCode, got  ([]), file ZipCode.csv:31364 data 93287
    regex_detector_test.go:84: Expected label ZipCode, got  ([]), file ZipCode.csv:31365 data 93291
    regex_detector_test.go:84: Expected label ZipCode, got  ([]), file ZipCode.csv:31366 data 93292
    regex_detector_test.go:84: Expected label ZipCode, got  ([]), file ZipCode.csv:31367 data 93301
    regex_detector_test.go:84: Expected label ZipCode, got  ([]), file ZipCode.csv:31368 data 93304
    regex_detector_test.go:84: Expected label ZipCode, got  ([]), file ZipCode.csv:31369 data 93305
    regex_detector_test.go:84: Expected label ZipCode, got  ([]), file ZipCode.csv:31370 data 93306
    regex_detector_test.go:84: Expected label ZipCode, got  ([]), file ZipCode.csv:31371 data 93307
    regex_detector_test.go:84: Expected label ZipCode, got  ([]), file ZipCode.csv:31372 data 93308
    regex_detector_test.go:84: Expected label ZipCode, got  ([]), file ZipCode.csv:31373 data 93309
    regex_detector_test.go:84: Expected label ZipCode, got  ([]), file ZipCode.csv:31374 data 93311
    regex_detector_test.go:84: Expected label ZipCode, got  ([]), file ZipCode.csv:31375 data 93312
    regex_detector_test.go:84: Expected label ZipCode, got  ([]), file ZipCode.csv:31376 data 93313
    regex_detector_test.go:84: Expected label ZipCode, got  ([]), file ZipCode.csv:31377 data 93314
    regex_detector_test.go:84: Expected label ZipCode, got  ([]), file ZipCode.csv:31378 data 93401
    regex_detector_test.go:84: Expected label ZipCode, got  ([]), file ZipCode.csv:31379 data 93402
    regex_detector_test.go:84: Expected label ZipCode, got  ([]), file ZipCode.csv:31380 data 93405
    regex_detector_test.go:84: Expected label ZipCode, got  ([]), file ZipCode.csv:31381 data 93407
    regex_detector_test.go:84: Expected label ZipCode, got  ([]), file ZipCode.csv:31382 data 93408
    regex_detector_test.go:84: Expected label ZipCode, got  ([]), file ZipCode.csv:31383 data 93409
    regex_detector_test.go:84: Expected label ZipCode, got  ([]), file ZipCode.csv:31384 data 93410
    regex_detector_test.go:84: Expected label ZipCode, got  ([]), file ZipCode.csv:31385 data 93420
    regex_detector_test.go:84: Expected label ZipCode, got  ([]), file ZipCode.csv:31386 data 93422
    regex_detector_test.go:84: Expected label ZipCode, got  ([]), file ZipCode.csv:31387 data 93424
    regex_detector_test.go:84: Expected label ZipCode, got  ([]), file ZipCode.csv:31388 data 93426
    regex_detector_test.go:84: Expected label ZipCode, got  ([]), file ZipCode.csv:31389 data 93427
    regex_detector_test.go:84: Expected label ZipCode, got  ([]), file ZipCode.csv:31390 data 93428
    regex_detector_test.go:84: Expected label ZipCode, got  ([]), file ZipCode.csv:31391 data 93429
    regex_detector_test.go:84: Expected label ZipCode, got  ([]), file ZipCode.csv:31392 data 93430
    regex_detector_test.go:84: Expected label ZipCode, got  ([]), file ZipCode.csv:31393 data 93432
    regex_detector_test.go:84: Expected label ZipCode, got  ([]), file ZipCode.csv:31394 data 93433
    regex_detector_test.go:84: Expected label ZipCode, got  ([]), file ZipCode.csv:31395 data 93434
    regex_detector_test.go:84: Expected label ZipCode, got  ([]), file ZipCode.csv:31396 data 93436
    regex_detector_test.go:84: Expected label ZipCode, got  ([]), file ZipCode.csv:31397 data 93437
    regex_detector_test.go:84: Expected label ZipCode, got  ([]), file ZipCode.csv:31398 data 93440
    regex_detector_test.go:84: Expected label ZipCode, got  ([]), file ZipCode.csv:31399 data 93441
    regex_detector_test.go:84: Expected label ZipCode, got  ([]), file ZipCode.csv:31400 data 93442
    regex_detector_test.go:84: Expected label ZipCode, got  ([]), file ZipCode.csv:31401 data 93444
    regex_detector_test.go:84: Expected label ZipCode, got  ([]), file ZipCode.csv:31402 data 93445
    regex_detector_test.go:84: Expected label ZipCode, got  ([]), file ZipCode.csv:31403 data 93446
    regex_detector_test.go:84: Expected label ZipCode, got  ([]), file ZipCode.csv:31404 data 93449
    regex_detector_test.go:84: Expected label ZipCode, got  ([]), file ZipCode.csv:31405 data 93450
    regex_detector_test.go:84: Expected label ZipCode, got  ([]), file ZipCode.csv:31406 data 93451
    regex_detector_test.go:84: Expected label ZipCode, got  ([]), file ZipCode.csv:31407 data 93452
    regex_detector_test.go:84: Expected label ZipCode, got  ([]), file ZipCode.csv:31408 data 93453
    regex_detector_test.go:84: Expected label ZipCode, got  ([]), file ZipCode.csv:31409 data 93454
    regex_detector_test.go:84: Expected label ZipCode, got  ([]), file ZipCode.csv:31410 data 93455
    regex_detector_test.go:84: Expected label ZipCode, got  ([]), file ZipCode.csv:31411 data 93458
    regex_detector_test.go:84: Expected label ZipCode, got  ([]), file ZipCode.csv:31412 data 93460
    regex_detector_test.go:84: Expected label ZipCode, got  ([]), file ZipCode.csv:31413 data 93461
    regex_detector_test.go:84: Expected label ZipCode, got  ([]), file ZipCode.csv:31414 data 93463
    regex_detector_test.go:84: Expected label ZipCode, got  ([]), file ZipCode.csv:31415 data 93465
    regex_detector_test.go:84: Expected label ZipCode, got  ([]), file ZipCode.csv:31416 data 93501
    regex_detector_test.go:84: Expected label ZipCode, got  ([]), file ZipCode.csv:31417 data 93505
    regex_detector_test.go:84: Expected label ZipCode, got  ([]), file ZipCode.csv:31418 data 93510
    regex_detector_test.go:84: Expected label ZipCode, got  ([]), file ZipCode.csv:31419 data 93512
    regex_detector_test.go:84: Expected label ZipCode, got  ([]), file ZipCode.csv:31420 data 93513
    regex_detector_test.go:84: Expected label ZipCode, got  ([]), file ZipCode.csv:31421 data 93514
    regex_detector_test.go:84: Expected label ZipCode, got  ([]), file ZipCode.csv:31422 data 93516
    regex_detector_test.go:84: Expected label ZipCode, got  ([]), file ZipCode.csv:31423 data 93517
    regex_detector_test.go:84: Expected label ZipCode, got  ([]), file ZipCode.csv:31424 data 93518
    regex_detector_test.go:84: Expected label ZipCode, got  ([]), file ZipCode.csv:31425 data 93519
    regex_detector_test.go:84: Expected label ZipCode, got  ([]), file ZipCode.csv:31426 data 93522
    regex_detector_test.go:84: Expected label ZipCode, got  ([]), file ZipCode.csv:31427 data 93523
    regex_detector_test.go:84: Expected label ZipCode, got  ([]), file ZipCode.csv:31428 data 93524
    regex_detector_test.go:84: Expected label ZipCode, got  ([]), file ZipCode.csv:31429 data 93526
    regex_detector_test.go:84: Expected label ZipCode, got  ([]), file ZipCode.csv:31430 data 93527
    regex_detector_test.go:84: Expected label ZipCode, got  ([]), file ZipCode.csv:31431 data 93528
    regex_detector_test.go:84: Expected label ZipCode, got  ([]), file ZipCode.csv:31432 data 93529
    regex_detector_test.go:84: Expected label ZipCode, got  ([]), file ZipCode.csv:31433 data 93530
    regex_detector_test.go:84: Expected label ZipCode, got  ([]), file ZipCode.csv:31434 data 93531
    regex_detector_test.go:84: Expected label ZipCode, got  ([]), file ZipCode.csv:31435 data 93532
    regex_detector_test.go:84: Expected label ZipCode, got  ([]), file ZipCode.csv:31436 data 93534
    regex_detector_test.go:84: Expected label ZipCode, got  ([]), file ZipCode.csv:31437 data 93535
    regex_detector_test.go:84: Expected label ZipCode, got  ([]), file ZipCode.csv:31438 data 93536
    regex_detector_test.go:84: Expected label ZipCode, got  ([]), file ZipCode.csv:31439 data 93541
    regex_detector_test.go:84: Expected label ZipCode, got  ([]), file ZipCode.csv:31440 data 93543
    regex_detector_test.go:84: Expected label ZipCode, got  ([]), file ZipCode.csv:31441 data 93544
    regex_detector_test.go:84: Expected label ZipCode, got  ([]), file ZipCode.csv:31442 data 93545
    regex_detector_test.go:84: Expected label ZipCode, got  ([]), file ZipCode.csv:31443 data 93546
    regex_detector_test.go:84: Expected label ZipCode, got  ([]), file ZipCode.csv:31444 data 93549
    regex_detector_test.go:84: Expected label ZipCode, got  ([]), file ZipCode.csv:31445 data 93550
    regex_detector_test.go:84: Expected label ZipCode, got  ([]), file ZipCode.csv:31446 data 93551
    regex_detector_test.go:84: Expected label ZipCode, got  ([]), file ZipCode.csv:31447 data 93552
    regex_detector_test.go:84: Expected label ZipCode, got  ([]), file ZipCode.csv:31448 data 93553
    regex_detector_test.go:84: Expected label ZipCode, got  ([]), file ZipCode.csv:31449 data 93554
    regex_detector_test.go:84: Expected label ZipCode, got  ([]), file ZipCode.csv:31450 data 93555
    regex_detector_test.go:84: Expected label ZipCode, got  ([]), file ZipCode.csv:31451 data 93558
    regex_detector_test.go:84: Expected label ZipCode, got  ([]), file ZipCode.csv:31452 data 93560
    regex_detector_test.go:84: Expected label ZipCode, got  ([]), file ZipCode.csv:31453 data 93561
    regex_detector_test.go:84: Expected label ZipCode, got  ([]), file ZipCode.csv:31454 data 93562
    regex_detector_test.go:84: Expected label ZipCode, got  ([]), file ZipCode.csv:31455 data 93563
    regex_detector_test.go:84: Expected label ZipCode, got  ([]), file ZipCode.csv:31456 data 93581
    regex_detector_test.go:84: Expected label ZipCode, got  ([]), file ZipCode.csv:31457 data 93591
    regex_detector_test.go:84: Expected label ZipCode, got  ([]), file ZipCode.csv:31458 data 93601
    regex_detector_test.go:84: Expected label ZipCode, got  ([]), file ZipCode.csv:31459 data 93602
    regex_detector_test.go:84: Expected label ZipCode, got  ([]), file ZipCode.csv:31460 data 93603
    regex_detector_test.go:84: Expected label ZipCode, got  ([]), file ZipCode.csv:31461 data 93604
    regex_detector_test.go:84: Expected label ZipCode, got  ([]), file ZipCode.csv:31462 data 93605
    regex_detector_test.go:84: Expected label ZipCode, got  ([]), file ZipCode.csv:31463 data 93606
    regex_detector_test.go:84: Expected label ZipCode, got  ([]), file ZipCode.csv:31464 data 93608
    regex_detector_test.go:84: Expected label ZipCode, got  ([]), file ZipCode.csv:31465 data 93609
    regex_detector_test.go:84: Expected label ZipCode, got  ([]), file ZipCode.csv:31466 data 93610
    regex_detector_test.go:84: Expected label ZipCode, got  ([]), file ZipCode.csv:31467 data 93611
    regex_detector_test.go:84: Expected label ZipCode, got  ([]), file ZipCode.csv:31468 data 93612
    regex_detector_test.go:84: Expected label ZipCode, got  ([]), file ZipCode.csv:31469 data 93614
    regex_detector_test.go:84: Expected label ZipCode, got  ([]), file ZipCode.csv:31470 data 93615
    regex_detector_test.go:84: Expected label ZipCode, got  ([]), file ZipCode.csv:31471 data 93616
    regex_detector_test.go:84: Expected label ZipCode, got  ([]), file ZipCode.csv:31472 data 93618
    regex_detector_test.go:84: Expected label ZipCode, got  ([]), file ZipCode.csv:31473 data 93619
    regex_detector_test.go:84: Expected label ZipCode, got  ([]), file ZipCode.csv:31474 data 93620
    regex_detector_test.go:84: Expected label ZipCode, got  ([]), file ZipCode.csv:31475 data 93621
    regex_detector_test.go:84: Expected label ZipCode, got  ([]), file ZipCode.csv:31476 data 93622
    regex_detector_test.go:84: Expected label ZipCode, got  ([]), file ZipCode.csv:31477 data 93623
    regex_detector_test.go:84: Expected label ZipCode, got  ([]), file ZipCode.csv:31478 data 93624
    regex_detector_test.go:84: Expected label ZipCode, got  ([]), file ZipCode.csv:31479 data 93625
    regex_detector_test.go:84: Expected label ZipCode, got  ([]), file ZipCode.csv:31480 data 93626
    regex_detector_test.go:84: Expected label ZipCode, got  ([]), file ZipCode.csv:31481 data 93627
    regex_detector_test.go:84: Expected label ZipCode, got  ([]), file ZipCode.csv:31482 data 93628
    regex_detector_test.go:84: Expected label ZipCode, got  ([]), file ZipCode.csv:31483 data 93630
    regex_detector_test.go:84: Expected label ZipCode, got  ([]), file ZipCode.csv:31484 data 93631
    regex_detector_test.go:84: Expected label ZipCode, got  ([]), file ZipCode.csv:31485 data 93633
    regex_detector_test.go:84: Expected label ZipCode, got  ([]), file ZipCode.csv:31486 data 93634
    regex_detector_test.go:84: Expected label ZipCode, got  ([]), file ZipCode.csv:31487 data 93635
    regex_detector_test.go:84: Expected label ZipCode, got  ([]), file ZipCode.csv:31488 data 93636
    regex_detector_test.go:84: Expected label ZipCode, got  ([]), file ZipCode.csv:31489 data 93637
    regex_detector_test.go:84: Expected label ZipCode, got  ([]), file ZipCode.csv:31490 data 93638
    regex_detector_test.go:84: Expected label ZipCode, got  ([]), file ZipCode.csv:31491 data 93640
    regex_detector_test.go:84: Expected label ZipCode, got  ([]), file ZipCode.csv:31492 data 93641
    regex_detector_test.go:84: Expected label ZipCode, got  ([]), file ZipCode.csv:31493 data 93643
    regex_detector_test.go:84: Expected label ZipCode, got  ([]), file ZipCode.csv:31494 data 93644
    regex_detector_test.go:84: Expected label ZipCode, got  ([]), file ZipCode.csv:31495 data 93645
    regex_detector_test.go:84: Expected label ZipCode, got  ([]), file ZipCode.csv:31496 data 93646
    regex_detector_test.go:84: Expected label ZipCode, got  ([]), file ZipCode.csv:31497 data 93647
    regex_detector_test.go:84: Expected label ZipCode, got  ([]), file ZipCode.csv:31498 data 93648
    regex_detector_test.go:84: Expected label ZipCode, got  ([]), file ZipCode.csv:31499 data 93650
    regex_detector_test.go:84: Expected label ZipCode, got  ([]), file ZipCode.csv:31500 data 93651
    regex_detector_test.go:84: Expected label ZipCode, got  ([]), file ZipCode.csv:31501 data 93652
    regex_detector_test.go:84: Expected label ZipCode, got  ([]), file ZipCode.csv:31502 data 93653
    regex_detector_test.go:84: Expected label ZipCode, got  ([]), file ZipCode.csv:31503 data 93654
    regex_detector_test.go:84: Expected label ZipCode, got  ([]), file ZipCode.csv:31504 data 93656
    regex_detector_test.go:84: Expected label ZipCode, got  ([]), file ZipCode.csv:31505 data 93657
    regex_detector_test.go:84: Expected label ZipCode, got  ([]), file ZipCode.csv:31506 data 93660
    regex_detector_test.go:84: Expected label ZipCode, got  ([]), file ZipCode.csv:31507 data 93662
    regex_detector_test.go:84: Expected label ZipCode, got  ([]), file ZipCode.csv:31508 data 93664
    regex_detector_test.go:84: Expected label ZipCode, got  ([]), file ZipCode.csv:31509 data 93665
    regex_detector_test.go:84: Expected label ZipCode, got  ([]), file ZipCode.csv:31510 data 93666
    regex_detector_test.go:84: Expected label ZipCode, got  ([]), file ZipCode.csv:31511 data 93667
    regex_detector_test.go:84: Expected label ZipCode, got  ([]), file ZipCode.csv:31512 data 93668
    regex_detector_test.go:84: Expected label ZipCode, got  ([]), file ZipCode.csv:31513 data 93669
    regex_detector_test.go:84: Expected label ZipCode, got  ([]), file ZipCode.csv:31514 data 93670
    regex_detector_test.go:84: Expected label ZipCode, got  ([]), file ZipCode.csv:31515 data 93673
    regex_detector_test.go:84: Expected label ZipCode, got  ([]), file ZipCode.csv:31516 data 93675
    regex_detector_test.go:84: Expected label ZipCode, got  ([]), file ZipCode.csv:31517 data 93701
    regex_detector_test.go:84: Expected label ZipCode, got  ([]), file ZipCode.csv:31518 data 93702
    regex_detector_test.go:84: Expected label ZipCode, got  ([]), file ZipCode.csv:31519 data 93703
    regex_detector_test.go:84: Expected label ZipCode, got  ([]), file ZipCode.csv:31520 data 93704
    regex_detector_test.go:84: Expected label ZipCode, got  ([]), file ZipCode.csv:31521 data 93705
    regex_detector_test.go:84: Expected label ZipCode, got  ([]), file ZipCode.csv:31522 data 93706
    regex_detector_test.go:84: Expected label ZipCode, got  ([]), file ZipCode.csv:31523 data 93710
    regex_detector_test.go:84: Expected label ZipCode, got  ([]), file ZipCode.csv:31524 data 93711
    regex_detector_test.go:84: Expected label ZipCode, got  ([]), file ZipCode.csv:31525 data 93720
    regex_detector_test.go:84: Expected label ZipCode, got  ([]), file ZipCode.csv:31526 data 93721
    regex_detector_test.go:84: Expected label ZipCode, got  ([]), file ZipCode.csv:31527 data 93722
    regex_detector_test.go:84: Expected label ZipCode, got  ([]), file ZipCode.csv:31528 data 93723
    regex_detector_test.go:84: Expected label ZipCode, got  ([]), file ZipCode.csv:31529 data 93725
    regex_detector_test.go:84: Expected label ZipCode, got  ([]), file ZipCode.csv:31530 data 93726
    regex_detector_test.go:84: Expected label ZipCode, got  ([]), file ZipCode.csv:31531 data 93727
    regex_detector_test.go:84: Expected label ZipCode, got  ([]), file ZipCode.csv:31532 data 93728
    regex_detector_test.go:84: Expected label ZipCode, got  ([]), file ZipCode.csv:31533 data 93730
    regex_detector_test.go:84: Expected label ZipCode, got  ([]), file ZipCode.csv:31534 data 93737
    regex_detector_test.go:84: Expected label ZipCode, got  ([]), file ZipCode.csv:31535 data 93740
    regex_detector_test.go:84: Expected label ZipCode, got  ([]), file ZipCode.csv:31536 data 93741
    regex_detector_test.go:84: Expected label ZipCode, got  ([]), file ZipCode.csv:31537 data 93901
    regex_detector_test.go:84: Expected label ZipCode, got  ([]), file ZipCode.csv:31538 data 93905
    regex_detector_test.go:84: Expected label ZipCode, got  ([]), file ZipCode.csv:31539 data 93906
    regex_detector_test.go:84: Expected label ZipCode, got  ([]), file ZipCode.csv:31540 data 93907
    regex_detector_test.go:84: Expected label ZipCode, got  ([]), file ZipCode.csv:31541 data 93908
    regex_detector_test.go:84: Expected label ZipCode, got  ([]), file ZipCode.csv:31542 data 93920
    regex_detector_test.go:84: Expected label ZipCode, got  ([]), file ZipCode.csv:31543 data 93921
    regex_detector_test.go:84: Expected label ZipCode, got  ([]), file ZipCode.csv:31544 data 93923
    regex_detector_test.go:84: Expected label ZipCode, got  ([]), file ZipCode.csv:31545 data 93924
    regex_detector_test.go:84: Expected label ZipCode, got  ([]), file ZipCode.csv:31546 data 93925
    regex_detector_test.go:84: Expected label ZipCode, got  ([]), file ZipCode.csv:31547 data 93926
    regex_detector_test.go:84: Expected label ZipCode, got  ([]), file ZipCode.csv:31548 data 93927
    regex_detector_test.go:84: Expected label ZipCode, got  ([]), file ZipCode.csv:31549 data 93928
    regex_detector_test.go:84: Expected label ZipCode, got  ([]), file ZipCode.csv:31550 data 93930
    regex_detector_test.go:84: Expected label ZipCode, got  ([]), file ZipCode.csv:31551 data 93932
    regex_detector_test.go:84: Expected label ZipCode, got  ([]), file ZipCode.csv:31552 data 93933
    regex_detector_test.go:84: Expected label ZipCode, got  ([]), file ZipCode.csv:31553 data 93940
    regex_detector_test.go:84: Expected label ZipCode, got  ([]), file ZipCode.csv:31554 data 93943
    regex_detector_test.go:84: Expected label ZipCode, got  ([]), file ZipCode.csv:31555 data 93944
    regex_detector_test.go:84: Expected label ZipCode, got  ([]), file ZipCode.csv:31556 data 93950
    regex_detector_test.go:84: Expected label ZipCode, got  ([]), file ZipCode.csv:31557 data 93953
    regex_detector_test.go:84: Expected label ZipCode, got  ([]), file ZipCode.csv:31558 data 93954
    regex_detector_test.go:84: Expected label ZipCode, got  ([]), file ZipCode.csv:31559 data 93955
    regex_detector_test.go:84: Expected label ZipCode, got  ([]), file ZipCode.csv:31560 data 93960
    regex_detector_test.go:84: Expected label ZipCode, got  ([]), file ZipCode.csv:31561 data 93962
    regex_detector_test.go:84: Expected label ZipCode, got  ([]), file ZipCode.csv:31562 data 94002
    regex_detector_test.go:84: Expected label ZipCode, got  ([]), file ZipCode.csv:31563 data 94005
    regex_detector_test.go:84: Expected label ZipCode, got  ([]), file ZipCode.csv:31564 data 94010
    regex_detector_test.go:84: Expected label ZipCode, got  ([]), file ZipCode.csv:31565 data 94014
    regex_detector_test.go:84: Expected label ZipCode, got  ([]), file ZipCode.csv:31566 data 94015
    regex_detector_test.go:84: Expected label ZipCode, got  ([]), file ZipCode.csv:31567 data 94018
    regex_detector_test.go:84: Expected label ZipCode, got  ([]), file ZipCode.csv:31568 data 94019
    regex_detector_test.go:84: Expected label ZipCode, got  ([]), file ZipCode.csv:31569 data 94020
    regex_detector_test.go:84: Expected label ZipCode, got  ([]), file ZipCode.csv:31570 data 94021
    regex_detector_test.go:84: Expected label ZipCode, got  ([]), file ZipCode.csv:31571 data 94022
    regex_detector_test.go:84: Expected label ZipCode, got  ([]), file ZipCode.csv:31572 data 94024
    regex_detector_test.go:84: Expected label ZipCode, got  ([]), file ZipCode.csv:31573 data 94025
    regex_detector_test.go:84: Expected label ZipCode, got  ([]), file ZipCode.csv:31574 data 94027
    regex_detector_test.go:84: Expected label ZipCode, got  ([]), file ZipCode.csv:31575 data 94028
    regex_detector_test.go:84: Expected label ZipCode, got  ([]), file ZipCode.csv:31576 data 94030
    regex_detector_test.go:84: Expected label ZipCode, got  ([]), file ZipCode.csv:31577 data 94037
    regex_detector_test.go:84: Expected label ZipCode, got  ([]), file ZipCode.csv:31578 data 94038
    regex_detector_test.go:84: Expected label ZipCode, got  ([]), file ZipCode.csv:31579 data 94040
    regex_detector_test.go:84: Expected label ZipCode, got  ([]), file ZipCode.csv:31580 data 94041
    regex_detector_test.go:84: Expected label ZipCode, got  ([]), file ZipCode.csv:31581 data 94043
    regex_detector_test.go:84: Expected label ZipCode, got  ([]), file ZipCode.csv:31582 data 94044
    regex_detector_test.go:84: Expected label ZipCode, got  ([]), file ZipCode.csv:31583 data 94060
    regex_detector_test.go:84: Expected label ZipCode, got  ([]), file ZipCode.csv:31584 data 94061
    regex_detector_test.go:84: Expected label ZipCode, got  ([]), file ZipCode.csv:31585 data 94062
    regex_detector_test.go:84: Expected label ZipCode, got  ([]), file ZipCode.csv:31586 data 94063
    regex_detector_test.go:84: Expected label ZipCode, got  ([]), file ZipCode.csv:31587 data 94065
    regex_detector_test.go:84: Expected label ZipCode, got  ([]), file ZipCode.csv:31588 data 94066
    regex_detector_test.go:84: Expected label ZipCode, got  ([]), file ZipCode.csv:31589 data 94070
    regex_detector_test.go:84: Expected label ZipCode, got  ([]), file ZipCode.csv:31590 data 94074
    regex_detector_test.go:84: Expected label ZipCode, got  ([]), file ZipCode.csv:31591 data 94080
    regex_detector_test.go:84: Expected label ZipCode, got  ([]), file ZipCode.csv:31592 data 94085
    regex_detector_test.go:84: Expected label ZipCode, got  ([]), file ZipCode.csv:31593 data 94086
    regex_detector_test.go:84: Expected label ZipCode, got  ([]), file ZipCode.csv:31594 data 94087
    regex_detector_test.go:84: Expected label ZipCode, got  ([]), file ZipCode.csv:31595 data 94089
    regex_detector_test.go:84: Expected label ZipCode, got  ([]), file ZipCode.csv:31596 data 94102
    regex_detector_test.go:84: Expected label ZipCode, got  ([]), file ZipCode.csv:31597 data 94103
    regex_detector_test.go:84: Expected label ZipCode, got  ([]), file ZipCode.csv:31598 data 94104
    regex_detector_test.go:84: Expected label ZipCode, got  ([]), file ZipCode.csv:31599 data 94105
    regex_detector_test.go:84: Expected label ZipCode, got  ([]), file ZipCode.csv:31600 data 94107
    regex_detector_test.go:84: Expected label ZipCode, got  ([]), file ZipCode.csv:31601 data 94108
    regex_detector_test.go:84: Expected label ZipCode, got  ([]), file ZipCode.csv:31602 data 94109
    regex_detector_test.go:84: Expected label ZipCode, got  ([]), file ZipCode.csv:31603 data 94110
    regex_detector_test.go:84: Expected label ZipCode, got  ([]), file ZipCode.csv:31604 data 94111
    regex_detector_test.go:84: Expected label ZipCode, got  ([]), file ZipCode.csv:31605 data 94112
    regex_detector_test.go:84: Expected label ZipCode, got  ([]), file ZipCode.csv:31606 data 94114
    regex_detector_test.go:84: Expected label ZipCode, got  ([]), file ZipCode.csv:31607 data 94115
    regex_detector_test.go:84: Expected label ZipCode, got  ([]), file ZipCode.csv:31608 data 94116
    regex_detector_test.go:84: Expected label ZipCode, got  ([]), file ZipCode.csv:31609 data 94117
    regex_detector_test.go:84: Expected label ZipCode, got  ([]), file ZipCode.csv:31610 data 94118
    regex_detector_test.go:84: Expected label ZipCode, got  ([]), file ZipCode.csv:31611 data 94121
    regex_detector_test.go:84: Expected label ZipCode, got  ([]), file ZipCode.csv:31612 data 94122
    regex_detector_test.go:84: Expected label ZipCode, got  ([]), file ZipCode.csv:31613 data 94123
    regex_detector_test.go:84: Expected label ZipCode, got  ([]), file ZipCode.csv:31614 data 94124
    regex_detector_test.go:84: Expected label ZipCode, got  ([]), file ZipCode.csv:31615 data 94127
    regex_detector_test.go:84: Expected label ZipCode, got  ([]), file ZipCode.csv:31616 data 94128
    regex_detector_test.go:84: Expected label ZipCode, got  ([]), file ZipCode.csv:31617 data 94129
    regex_detector_test.go:84: Expected label ZipCode, got  ([]), file ZipCode.csv:31618 data 94130
    regex_detector_test.go:84: Expected label ZipCode, got  ([]), file ZipCode.csv:31619 data 94131
    regex_detector_test.go:84: Expected label ZipCode, got  ([]), file ZipCode.csv:31620 data 94132
    regex_detector_test.go:84: Expected label ZipCode, got  ([]), file ZipCode.csv:31621 data 94133
    regex_detector_test.go:84: Expected label ZipCode, got  ([]), file ZipCode.csv:31622 data 94134
    regex_detector_test.go:84: Expected label ZipCode, got  ([]), file ZipCode.csv:31623 data 94158
    regex_detector_test.go:84: Expected label ZipCode, got  ([]), file ZipCode.csv:31624 data 94188
    regex_detector_test.go:84: Expected label ZipCode, got  ([]), file ZipCode.csv:31625 data 94301
    regex_detector_test.go:84: Expected label ZipCode, got  ([]), file ZipCode.csv:31626 data 94303
    regex_detector_test.go:84: Expected label ZipCode, got  ([]), file ZipCode.csv:31627 data 94304
    regex_detector_test.go:84: Expected label ZipCode, got  ([]), file ZipCode.csv:31628 data 94305
    regex_detector_test.go:84: Expected label ZipCode, got  ([]), file ZipCode.csv:31629 data 94306
    regex_detector_test.go:84: Expected label ZipCode, got  ([]), file ZipCode.csv:31630 data 94401
    regex_detector_test.go:84: Expected label ZipCode, got  ([]), file ZipCode.csv:31631 data 94402
    regex_detector_test.go:84: Expected label ZipCode, got  ([]), file ZipCode.csv:31632 data 94403
    regex_detector_test.go:84: Expected label ZipCode, got  ([]), file ZipCode.csv:31633 data 94404
    regex_detector_test.go:84: Expected label ZipCode, got  ([]), file ZipCode.csv:31634 data 94501
    regex_detector_test.go:84: Expected label ZipCode, got  ([]), file ZipCode.csv:31635 data 94502
    regex_detector_test.go:84: Expected label ZipCode, got  ([]), file ZipCode.csv:31636 data 94503
    regex_detector_test.go:84: Expected label ZipCode, got  ([]), file ZipCode.csv:31637 data 94505
    regex_detector_test.go:84: Expected label ZipCode, got  ([]), file ZipCode.csv:31638 data 94506
    regex_detector_test.go:84: Expected label ZipCode, got  ([]), file ZipCode.csv:31639 data 94507
    regex_detector_test.go:84: Expected label ZipCode, got  ([]), file ZipCode.csv:31640 data 94508
    regex_detector_test.go:84: Expected label ZipCode, got  ([]), file ZipCode.csv:31641 data 94509
    regex_detector_test.go:84: Expected label ZipCode, got  ([]), file ZipCode.csv:31642 data 94510
    regex_detector_test.go:84: Expected label ZipCode, got  ([]), file ZipCode.csv:31643 data 94511
    regex_detector_test.go:84: Expected label ZipCode, got  ([]), file ZipCode.csv:31644 data 94512
    regex_detector_test.go:84: Expected label ZipCode, got  ([]), file ZipCode.csv:31645 data 94513
    regex_detector_test.go:84: Expected label ZipCode, got  ([]), file ZipCode.csv:31646 data 94514
    regex_detector_test.go:84: Expected label ZipCode, got  ([]), file ZipCode.csv:31647 data 94515
    regex_detector_test.go:84: Expected label ZipCode, got  ([]), file ZipCode.csv:31648 data 94516
    regex_detector_test.go:84: Expected label ZipCode, got  ([]), file ZipCode.csv:31649 data 94517
    regex_detector_test.go:84: Expected label ZipCode, got  ([]), file ZipCode.csv:31650 data 94518
    regex_detector_test.go:84: Expected label ZipCode, got  ([]), file ZipCode.csv:31651 data 94519
    regex_detector_test.go:84: Expected label ZipCode, got  ([]), file ZipCode.csv:31652 data 94520
    regex_detector_test.go:84: Expected label ZipCode, got  ([]), file ZipCode.csv:31653 data 94521
    regex_detector_test.go:84: Expected label ZipCode, got  ([]), file ZipCode.csv:31654 data 94523
    regex_detector_test.go:84: Expected label ZipCode, got  ([]), file ZipCode.csv:31655 data 94525
    regex_detector_test.go:84: Expected label ZipCode, got  ([]), file ZipCode.csv:31656 data 94526
    regex_detector_test.go:84: Expected label ZipCode, got  ([]), file ZipCode.csv:31657 data 94528
    regex_detector_test.go:84: Expected label ZipCode, got  ([]), file ZipCode.csv:31658 data 94530
    regex_detector_test.go:84: Expected label ZipCode, got  ([]), file ZipCode.csv:31659 data 94531
    regex_detector_test.go:84: Expected label ZipCode, got  ([]), file ZipCode.csv:31660 data 94533
    regex_detector_test.go:84: Expected label ZipCode, got  ([]), file ZipCode.csv:31661 data 94534
    regex_detector_test.go:84: Expected label ZipCode, got  ([]), file ZipCode.csv:31662 data 94535
    regex_detector_test.go:84: Expected label ZipCode, got  ([]), file ZipCode.csv:31663 data 94536
    regex_detector_test.go:84: Expected label ZipCode, got  ([]), file ZipCode.csv:31664 data 94538
    regex_detector_test.go:84: Expected label ZipCode, got  ([]), file ZipCode.csv:31665 data 94539
    regex_detector_test.go:84: Expected label ZipCode, got  ([]), file ZipCode.csv:31666 data 94541
    regex_detector_test.go:84: Expected label ZipCode, got  ([]), file ZipCode.csv:31667 data 94542
    regex_detector_test.go:84: Expected label ZipCode, got  ([]), file ZipCode.csv:31668 data 94544
    regex_detector_test.go:84: Expected label ZipCode, got  ([]), file ZipCode.csv:31669 data 94545
    regex_detector_test.go:84: Expected label ZipCode, got  ([]), file ZipCode.csv:31670 data 94546
    regex_detector_test.go:84: Expected label ZipCode, got  ([]), file ZipCode.csv:31671 data 94547
    regex_detector_test.go:84: Expected label ZipCode, got  ([]), file ZipCode.csv:31672 data 94548
    regex_detector_test.go:84: Expected label ZipCode, got  ([]), file ZipCode.csv:31673 data 94549
    regex_detector_test.go:84: Expected label ZipCode, got  ([]), file ZipCode.csv:31674 data 94550
    regex_detector_test.go:84: Expected label ZipCode, got  ([]), file ZipCode.csv:31675 data 94551
    regex_detector_test.go:84: Expected label ZipCode, got  ([]), file ZipCode.csv:31676 data 94552
    regex_detector_test.go:84: Expected label ZipCode, got  ([]), file ZipCode.csv:31677 data 94553
    regex_detector_test.go:84: Expected label ZipCode, got  ([]), file ZipCode.csv:31678 data 94555
    regex_detector_test.go:84: Expected label ZipCode, got  ([]), file ZipCode.csv:31679 data 94556
    regex_detector_test.go:84: Expected label ZipCode, got  ([]), file ZipCode.csv:31680 data 94558
    regex_detector_test.go:84: Expected label ZipCode, got  ([]), file ZipCode.csv:31681 data 94559
    regex_detector_test.go:84: Expected label ZipCode, got  ([]), file ZipCode.csv:31682 data 94560
    regex_detector_test.go:84: Expected label ZipCode, got  ([]), file ZipCode.csv:31683 data 94561
    regex_detector_test.go:84: Expected label ZipCode, got  ([]), file ZipCode.csv:31684 data 94562
    regex_detector_test.go:84: Expected label ZipCode, got  ([]), file ZipCode.csv:31685 data 94563
    regex_detector_test.go:84: Expected label ZipCode, got  ([]), file ZipCode.csv:31686 data 94564
    regex_detector_test.go:84: Expected label ZipCode, got  ([]), file ZipCode.csv:31687 data 94565
    regex_detector_test.go:84: Expected label ZipCode, got  ([]), file ZipCode.csv:31688 data 94566
    regex_detector_test.go:84: Expected label ZipCode, got  ([]), file ZipCode.csv:31689 data 94567
    regex_detector_test.go:84: Expected label ZipCode, got  ([]), file ZipCode.csv:31690 data 94568
    regex_detector_test.go:84: Expected label ZipCode, got  ([]), file ZipCode.csv:31691 data 94569
    regex_detector_test.go:84: Expected label ZipCode, got  ([]), file ZipCode.csv:31692 data 94571
    regex_detector_test.go:84: Expected label ZipCode, got  ([]), file ZipCode.csv:31693 data 94572
    regex_detector_test.go:84: Expected label ZipCode, got  ([]), file ZipCode.csv:31694 data 94573
    regex_detector_test.go:84: Expected label ZipCode, got  ([]), file ZipCode.csv:31695 data 94574
    regex_detector_test.go:84: Expected label ZipCode, got  ([]), file ZipCode.csv:31696 data 94575
    regex_detector_test.go:84: Expected label ZipCode, got  ([]), file ZipCode.csv:31697 data 94576
    regex_detector_test.go:84: Expected label ZipCode, got  ([]), file ZipCode.csv:31698 data 94577
    regex_detector_test.go:84: Expected label ZipCode, got  ([]), file ZipCode.csv:31699 data 94578
    regex_detector_test.go:84: Expected label ZipCode, got  ([]), file ZipCode.csv:31700 data 94579
    regex_detector_test.go:84: Expected label ZipCode, got  ([]), file ZipCode.csv:31701 data 94580
    regex_detector_test.go:84: Expected label ZipCode, got  ([]), file ZipCode.csv:31702 data 94582
    regex_detector_test.go:84: Expected label ZipCode, got  ([]), file ZipCode.csv:31703 data 94583
    regex_detector_test.go:84: Expected label ZipCode, got  ([]), file ZipCode.csv:31704 data 94585
    regex_detector_test.go:84: Expected label ZipCode, got  ([]), file ZipCode.csv:31705 data 94586
    regex_detector_test.go:84: Expected label ZipCode, got  ([]), file ZipCode.csv:31706 data 94587
    regex_detector_test.go:84: Expected label ZipCode, got  ([]), file ZipCode.csv:31707 data 94588
    regex_detector_test.go:84: Expected label ZipCode, got  ([]), file ZipCode.csv:31708 data 94589
    regex_detector_test.go:84: Expected label ZipCode, got  ([]), file ZipCode.csv:31709 data 94590
    regex_detector_test.go:84: Expected label ZipCode, got  ([]), file ZipCode.csv:31710 data 94591
    regex_detector_test.go:84: Expected label ZipCode, got  ([]), file ZipCode.csv:31711 data 94592
    regex_detector_test.go:84: Expected label ZipCode, got  ([]), file ZipCode.csv:31712 data 94595
    regex_detector_test.go:84: Expected label ZipCode, got  ([]), file ZipCode.csv:31713 data 94596
    regex_detector_test.go:84: Expected label ZipCode, got  ([]), file ZipCode.csv:31714 data 94597
    regex_detector_test.go:84: Expected label ZipCode, got  ([]), file ZipCode.csv:31715 data 94598
    regex_detector_test.go:84: Expected label ZipCode, got  ([]), file ZipCode.csv:31716 data 94599
    regex_detector_test.go:84: Expected label ZipCode, got  ([]), file ZipCode.csv:31717 data 94601
    regex_detector_test.go:84: Expected label ZipCode, got  ([]), file ZipCode.csv:31718 data 94602
    regex_detector_test.go:84: Expected label ZipCode, got  ([]), file ZipCode.csv:31719 data 94603
    regex_detector_test.go:84: Expected label ZipCode, got  ([]), file ZipCode.csv:31720 data 94605
    regex_detector_test.go:84: Expected label ZipCode, got  ([]), file ZipCode.csv:31721 data 94606
    regex_detector_test.go:84: Expected label ZipCode, got  ([]), file ZipCode.csv:31722 data 94607
    regex_detector_test.go:84: Expected label ZipCode, got  ([]), file ZipCode.csv:31723 data 94608
    regex_detector_test.go:84: Expected label ZipCode, got  ([]), file ZipCode.csv:31724 data 94609
    regex_detector_test.go:84: Expected label ZipCode, got  ([]), file ZipCode.csv:31725 data 94610
    regex_detector_test.go:84: Expected label ZipCode, got  ([]), file ZipCode.csv:31726 data 94611
    regex_detector_test.go:84: Expected label ZipCode, got  ([]), file ZipCode.csv:31727 data 94612
    regex_detector_test.go:84: Expected label ZipCode, got  ([]), file ZipCode.csv:31728 data 94613
    regex_detector_test.go:84: Expected label ZipCode, got  ([]), file ZipCode.csv:31729 data 94618
    regex_detector_test.go:84: Expected label ZipCode, got  ([]), file ZipCode.csv:31730 data 94619
    regex_detector_test.go:84: Expected label ZipCode, got  ([]), file ZipCode.csv:31731 data 94621
    regex_detector_test.go:84: Expected label ZipCode, got  ([]), file ZipCode.csv:31732 data 94702
    regex_detector_test.go:84: Expected label ZipCode, got  ([]), file ZipCode.csv:31733 data 94703
    regex_detector_test.go:84: Expected label ZipCode, got  ([]), file ZipCode.csv:31734 data 94704
    regex_detector_test.go:84: Expected label ZipCode, got  ([]), file ZipCode.csv:31735 data 94705
    regex_detector_test.go:84: Expected label ZipCode, got  ([]), file ZipCode.csv:31736 data 94706
    regex_detector_test.go:84: Expected label ZipCode, got  ([]), file ZipCode.csv:31737 data 94707
    regex_detector_test.go:84: Expected label ZipCode, got  ([]), file ZipCode.csv:31738 data 94708
    regex_detector_test.go:84: Expected label ZipCode, got  ([]), file ZipCode.csv:31739 data 94709
    regex_detector_test.go:84: Expected label ZipCode, got  ([]), file ZipCode.csv:31740 data 94710
    regex_detector_test.go:84: Expected label ZipCode, got  ([]), file ZipCode.csv:31741 data 94720
    regex_detector_test.go:84: Expected label ZipCode, got  ([]), file ZipCode.csv:31742 data 94801
    regex_detector_test.go:84: Expected label ZipCode, got  ([]), file ZipCode.csv:31743 data 94803
    regex_detector_test.go:84: Expected label ZipCode, got  ([]), file ZipCode.csv:31744 data 94804
    regex_detector_test.go:84: Expected label ZipCode, got  ([]), file ZipCode.csv:31745 data 94805
    regex_detector_test.go:84: Expected label ZipCode, got  ([]), file ZipCode.csv:31746 data 94806
    regex_detector_test.go:84: Expected label ZipCode, got  ([]), file ZipCode.csv:31747 data 94901
    regex_detector_test.go:84: Expected label ZipCode, got  ([]), file ZipCode.csv:31748 data 94903
    regex_detector_test.go:84: Expected label ZipCode, got  ([]), file ZipCode.csv:31749 data 94904
    regex_detector_test.go:84: Expected label ZipCode, got  ([]), file ZipCode.csv:31750 data 94920
    regex_detector_test.go:84: Expected label ZipCode, got  ([]), file ZipCode.csv:31751 data 94922
    regex_detector_test.go:84: Expected label ZipCode, got  ([]), file ZipCode.csv:31752 data 94923
    regex_detector_test.go:84: Expected label ZipCode, got  ([]), file ZipCode.csv:31753 data 94924
    regex_detector_test.go:84: Expected label ZipCode, got  ([]), file ZipCode.csv:31754 data 94925
    regex_detector_test.go:84: Expected label ZipCode, got  ([]), file ZipCode.csv:31755 data 94928
    regex_detector_test.go:84: Expected label ZipCode, got  ([]), file ZipCode.csv:31756 data 94929
    regex_detector_test.go:84: Expected label ZipCode, got  ([]), file ZipCode.csv:31757 data 94930
    regex_detector_test.go:84: Expected label ZipCode, got  ([]), file ZipCode.csv:31758 data 94931
    regex_detector_test.go:84: Expected label ZipCode, got  ([]), file ZipCode.csv:31759 data 94933
    regex_detector_test.go:84: Expected label ZipCode, got  ([]), file ZipCode.csv:31760 data 94937
    regex_detector_test.go:84: Expected label ZipCode, got  ([]), file ZipCode.csv:31761 data 94938
    regex_detector_test.go:84: Expected label ZipCode, got  ([]), file ZipCode.csv:31762 data 94939
    regex_detector_test.go:84: Expected label ZipCode, got  ([]), file ZipCode.csv:31763 data 94940
    regex_detector_test.go:84: Expected label ZipCode, got  ([]), file ZipCode.csv:31764 data 94941
    regex_detector_test.go:84: Expected label ZipCode, got  ([]), file ZipCode.csv:31765 data 94945
    regex_detector_test.go:84: Expected label ZipCode, got  ([]), file ZipCode.csv:31766 data 94946
    regex_detector_test.go:84: Expected label ZipCode, got  ([]), file ZipCode.csv:31767 data 94947
    regex_detector_test.go:84: Expected label ZipCode, got  ([]), file ZipCode.csv:31768 data 94949
    regex_detector_test.go:84: Expected label ZipCode, got  ([]), file ZipCode.csv:31769 data 94950
    regex_detector_test.go:84: Expected label ZipCode, got  ([]), file ZipCode.csv:31770 data 94951
    regex_detector_test.go:84: Expected label ZipCode, got  ([]), file ZipCode.csv:31771 data 94952
    regex_detector_test.go:84: Expected label ZipCode, got  ([]), file ZipCode.csv:31772 data 94954
    regex_detector_test.go:84: Expected label ZipCode, got  ([]), file ZipCode.csv:31773 data 94956
    regex_detector_test.go:84: Expected label ZipCode, got  ([]), file ZipCode.csv:31774 data 94957
    regex_detector_test.go:84: Expected label ZipCode, got  ([]), file ZipCode.csv:31775 data 94960
    regex_detector_test.go:84: Expected label ZipCode, got  ([]), file ZipCode.csv:31776 data 94963
    regex_detector_test.go:84: Expected label ZipCode, got  ([]), file ZipCode.csv:31777 data 94964
    regex_detector_test.go:84: Expected label ZipCode, got  ([]), file ZipCode.csv:31778 data 94965
    regex_detector_test.go:84: Expected label ZipCode, got  ([]), file ZipCode.csv:31779 data 94970
    regex_detector_test.go:84: Expected label ZipCode, got  ([]), file ZipCode.csv:31780 data 94971
    regex_detector_test.go:84: Expected label ZipCode, got  ([]), file ZipCode.csv:31781 data 94972
    regex_detector_test.go:84: Expected label ZipCode, got  ([]), file ZipCode.csv:31782 data 94973
    regex_detector_test.go:84: Expected label ZipCode, got  ([]), file ZipCode.csv:31783 data 95002
    regex_detector_test.go:84: Expected label ZipCode, got  ([]), file ZipCode.csv:31784 data 95003
    regex_detector_test.go:84: Expected label ZipCode, got  ([]), file ZipCode.csv:31785 data 95004
    regex_detector_test.go:84: Expected label ZipCode, got  ([]), file ZipCode.csv:31786 data 95005
    regex_detector_test.go:84: Expected label ZipCode, got  ([]), file ZipCode.csv:31787 data 95006
    regex_detector_test.go:84: Expected label ZipCode, got  ([]), file ZipCode.csv:31788 data 95007
    regex_detector_test.go:84: Expected label ZipCode, got  ([]), file ZipCode.csv:31789 data 95008
    regex_detector_test.go:84: Expected label ZipCode, got  ([]), file ZipCode.csv:31790 data 95010
    regex_detector_test.go:84: Expected label ZipCode, got  ([]), file ZipCode.csv:31791 data 95012
    regex_detector_test.go:84: Expected label ZipCode, got  ([]), file ZipCode.csv:31792 data 95013
    regex_detector_test.go:84: Expected label ZipCode, got  ([]), file ZipCode.csv:31793 data 95014
    regex_detector_test.go:84: Expected label ZipCode, got  ([]), file ZipCode.csv:31794 data 95017
    regex_detector_test.go:84: Expected label ZipCode, got  ([]), file ZipCode.csv:31795 data 95018
    regex_detector_test.go:84: Expected label ZipCode, got  ([]), file ZipCode.csv:31796 data 95019
    regex_detector_test.go:84: Expected label ZipCode, got  ([]), file ZipCode.csv:31797 data 95020
    regex_detector_test.go:84: Expected label ZipCode, got  ([]), file ZipCode.csv:31798 data 95023
    regex_detector_test.go:84: Expected label ZipCode, got  ([]), file ZipCode.csv:31799 data 95030
    regex_detector_test.go:84: Expected label ZipCode, got  ([]), file ZipCode.csv:31800 data 95032
    regex_detector_test.go:84: Expected label ZipCode, got  ([]), file ZipCode.csv:31801 data 95033
    regex_detector_test.go:84: Expected label ZipCode, got  ([]), file ZipCode.csv:31802 data 95035
    regex_detector_test.go:84: Expected label ZipCode, got  ([]), file ZipCode.csv:31803 data 95037
    regex_detector_test.go:84: Expected label ZipCode, got  ([]), file ZipCode.csv:31804 data 95039
    regex_detector_test.go:84: Expected label ZipCode, got  ([]), file ZipCode.csv:31805 data 95041
    regex_detector_test.go:84: Expected label ZipCode, got  ([]), file ZipCode.csv:31806 data 95043
    regex_detector_test.go:84: Expected label ZipCode, got  ([]), file ZipCode.csv:31807 data 95045
    regex_detector_test.go:84: Expected label ZipCode, got  ([]), file ZipCode.csv:31808 data 95046
    regex_detector_test.go:84: Expected label ZipCode, got  ([]), file ZipCode.csv:31809 data 95050
    regex_detector_test.go:84: Expected label ZipCode, got  ([]), file ZipCode.csv:31810 data 95051
    regex_detector_test.go:84: Expected label ZipCode, got  ([]), file ZipCode.csv:31811 data 95053
    regex_detector_test.go:84: Expected label ZipCode, got  ([]), file ZipCode.csv:31812 data 95054
    regex_detector_test.go:84: Expected label ZipCode, got  ([]), file ZipCode.csv:31813 data 95060
    regex_detector_test.go:84: Expected label ZipCode, got  ([]), file ZipCode.csv:31814 data 95062
    regex_detector_test.go:84: Expected label ZipCode, got  ([]), file ZipCode.csv:31815 data 95064
    regex_detector_test.go:84: Expected label ZipCode, got  ([]), file ZipCode.csv:31816 data 95065
    regex_detector_test.go:84: Expected label ZipCode, got  ([]), file ZipCode.csv:31817 data 95066
    regex_detector_test.go:84: Expected label ZipCode, got  ([]), file ZipCode.csv:31818 data 95070
    regex_detector_test.go:84: Expected label ZipCode, got  ([]), file ZipCode.csv:31819 data 95073
    regex_detector_test.go:84: Expected label ZipCode, got  ([]), file ZipCode.csv:31820 data 95075
    regex_detector_test.go:84: Expected label ZipCode, got  ([]), file ZipCode.csv:31821 data 95076
    regex_detector_test.go:84: Expected label ZipCode, got  ([]), file ZipCode.csv:31822 data 95110
    regex_detector_test.go:84: Expected label ZipCode, got  ([]), file ZipCode.csv:31823 data 95111
    regex_detector_test.go:84: Expected label ZipCode, got  ([]), file ZipCode.csv:31824 data 95112
    regex_detector_test.go:84: Expected label ZipCode, got  ([]), file ZipCode.csv:31825 data 95113
    regex_detector_test.go:84: Expected label ZipCode, got  ([]), file ZipCode.csv:31826 data 95116
    regex_detector_test.go:84: Expected label ZipCode, got  ([]), file ZipCode.csv:31827 data 95117
    regex_detector_test.go:84: Expected label ZipCode, got  ([]), file ZipCode.csv:31828 data 95118
    regex_detector_test.go:84: Expected label ZipCode, got  ([]), file ZipCode.csv:31829 data 95119
    regex_detector_test.go:84: Expected label ZipCode, got  ([]), file ZipCode.csv:31830 data 95120
    regex_detector_test.go:84: Expected label ZipCode, got  ([]), file ZipCode.csv:31831 data 95121
    regex_detector_test.go:84: Expected label ZipCode, got  ([]), file ZipCode.csv:31832 data 95122
    regex_detector_test.go:84: Expected label ZipCode, got  ([]), file ZipCode.csv:31833 data 95123
    regex_detector_test.go:84: Expected label ZipCode, got  ([]), file ZipCode.csv:31834 data 95124
    regex_detector_test.go:84: Expected label ZipCode, got  ([]), file ZipCode.csv:31835 data 95125
    regex_detector_test.go:84: Expected label ZipCode, got  ([]), file ZipCode.csv:31836 data 95126
    regex_detector_test.go:84: Expected label ZipCode, got  ([]), file ZipCode.csv:31837 data 95127
    regex_detector_test.go:84: Expected label ZipCode, got  ([]), file ZipCode.csv:31838 data 95128
    regex_detector_test.go:84: Expected label ZipCode, got  ([]), file ZipCode.csv:31839 data 95129
    regex_detector_test.go:84: Expected label ZipCode, got  ([]), file ZipCode.csv:31840 data 95130
    regex_detector_test.go:84: Expected label ZipCode, got  ([]), file ZipCode.csv:31841 data 95131
    regex_detector_test.go:84: Expected label ZipCode, got  ([]), file ZipCode.csv:31842 data 95132
    regex_detector_test.go:84: Expected label ZipCode, got  ([]), file ZipCode.csv:31843 data 95133
    regex_detector_test.go:84: Expected label ZipCode, got  ([]), file ZipCode.csv:31844 data 95134
    regex_detector_test.go:84: Expected label ZipCode, got  ([]), file ZipCode.csv:31845 data 95135
    regex_detector_test.go:84: Expected label ZipCode, got  ([]), file ZipCode.csv:31846 data 95136
    regex_detector_test.go:84: Expected label ZipCode, got  ([]), file ZipCode.csv:31847 data 95138
    regex_detector_test.go:84: Expected label ZipCode, got  ([]), file ZipCode.csv:31848 data 95139
    regex_detector_test.go:84: Expected label ZipCode, got  ([]), file ZipCode.csv:31849 data 95140
    regex_detector_test.go:84: Expected label ZipCode, got  ([]), file ZipCode.csv:31850 data 95148
    regex_detector_test.go:84: Expected label ZipCode, got  ([]), file ZipCode.csv:31851 data 95202
    regex_detector_test.go:84: Expected label ZipCode, got  ([]), file ZipCode.csv:31852 data 95203
    regex_detector_test.go:84: Expected label ZipCode, got  ([]), file ZipCode.csv:31853 data 95204
    regex_detector_test.go:84: Expected label ZipCode, got  ([]), file ZipCode.csv:31854 data 95205
    regex_detector_test.go:84: Expected label ZipCode, got  ([]), file ZipCode.csv:31855 data 95206
    regex_detector_test.go:84: Expected label ZipCode, got  ([]), file ZipCode.csv:31856 data 95207
    regex_detector_test.go:84: Expected label ZipCode, got  ([]), file ZipCode.csv:31857 data 95209
    regex_detector_test.go:84: Expected label ZipCode, got  ([]), file ZipCode.csv:31858 data 95210
    regex_detector_test.go:84: Expected label ZipCode, got  ([]), file ZipCode.csv:31859 data 95211
    regex_detector_test.go:84: Expected label ZipCode, got  ([]), file ZipCode.csv:31860 data 95212
    regex_detector_test.go:84: Expected label ZipCode, got  ([]), file ZipCode.csv:31861 data 95215
    regex_detector_test.go:84: Expected label ZipCode, got  ([]), file ZipCode.csv:31862 data 95219
    regex_detector_test.go:84: Expected label ZipCode, got  ([]), file ZipCode.csv:31863 data 95220
    regex_detector_test.go:84: Expected label ZipCode, got  ([]), file ZipCode.csv:31864 data 95221
    regex_detector_test.go:84: Expected label ZipCode, got  ([]), file ZipCode.csv:31865 data 95222
    regex_detector_test.go:84: Expected label ZipCode, got  ([]), file ZipCode.csv:31866 data 95223
    regex_detector_test.go:84: Expected label ZipCode, got  ([]), file ZipCode.csv:31867 data 95224
    regex_detector_test.go:84: Expected label ZipCode, got  ([]), file ZipCode.csv:31868 data 95225
    regex_detector_test.go:84: Expected label ZipCode, got  ([]), file ZipCode.csv:31869 data 95226
    regex_detector_test.go:84: Expected label ZipCode, got  ([]), file ZipCode.csv:31870 data 95227
    regex_detector_test.go:84: Expected label ZipCode, got  ([]), file ZipCode.csv:31871 data 95228
    regex_detector_test.go:84: Expected label ZipCode, got  ([]), file ZipCode.csv:31872 data 95230
    regex_detector_test.go:84: Expected label ZipCode, got  ([]), file ZipCode.csv:31873 data 95231
    regex_detector_test.go:84: Expected label ZipCode, got  ([]), file ZipCode.csv:31874 data 95232
    regex_detector_test.go:84: Expected label ZipCode, got  ([]), file ZipCode.csv:31875 data 95233
    regex_detector_test.go:84: Expected label ZipCode, got  ([]), file ZipCode.csv:31876 data 95236
    regex_detector_test.go:84: Expected label ZipCode, got  ([]), file ZipCode.csv:31877 data 95237
    regex_detector_test.go:84: Expected label ZipCode, got  ([]), file ZipCode.csv:31878 data 95240
    regex_detector_test.go:84: Expected label ZipCode, got  ([]), file ZipCode.csv:31879 data 95242
    regex_detector_test.go:84: Expected label ZipCode, got  ([]), file ZipCode.csv:31880 data 95245
    regex_detector_test.go:84: Expected label ZipCode, got  ([]), file ZipCode.csv:31881 data 95246
    regex_detector_test.go:84: Expected label ZipCode, got  ([]), file ZipCode.csv:31882 data 95247
    regex_detector_test.go:84: Expected label ZipCode, got  ([]), file ZipCode.csv:31883 data 95248
    regex_detector_test.go:84: Expected label ZipCode, got  ([]), file ZipCode.csv:31884 data 95249
    regex_detector_test.go:84: Expected label ZipCode, got  ([]), file ZipCode.csv:31885 data 95251
    regex_detector_test.go:84: Expected label ZipCode, got  ([]), file ZipCode.csv:31886 data 95252
    regex_detector_test.go:84: Expected label ZipCode, got  ([]), file ZipCode.csv:31887 data 95253
    regex_detector_test.go:84: Expected label ZipCode, got  ([]), file ZipCode.csv:31888 data 95254
    regex_detector_test.go:84: Expected label ZipCode, got  ([]), file ZipCode.csv:31889 data 95255
    regex_detector_test.go:84: Expected label ZipCode, got  ([]), file ZipCode.csv:31890 data 95257
    regex_detector_test.go:84: Expected label ZipCode, got  ([]), file ZipCode.csv:31891 data 95258
    regex_detector_test.go:84: Expected label ZipCode, got  ([]), file ZipCode.csv:31892 data 95301
    regex_detector_test.go:84: Expected label ZipCode, got  ([]), file ZipCode.csv:31893 data 95303
    regex_detector_test.go:84: Expected label ZipCode, got  ([]), file ZipCode.csv:31894 data 95304
    regex_detector_test.go:84: Expected label ZipCode, got  ([]), file ZipCode.csv:31895 data 95305
    regex_detector_test.go:84: Expected label ZipCode, got  ([]), file ZipCode.csv:31896 data 95306
    regex_detector_test.go:84: Expected label ZipCode, got  ([]), file ZipCode.csv:31897 data 95307
    regex_detector_test.go:84: Expected label ZipCode, got  ([]), file ZipCode.csv:31898 data 95309
    regex_detector_test.go:84: Expected label ZipCode, got  ([]), file ZipCode.csv:31899 data 95310
    regex_detector_test.go:84: Expected label ZipCode, got  ([]), file ZipCode.csv:31900 data 95311
    regex_detector_test.go:84: Expected label ZipCode, got  ([]), file ZipCode.csv:31901 data 95312
    regex_detector_test.go:84: Expected label ZipCode, got  ([]), file ZipCode.csv:31902 data 95313
    regex_detector_test.go:84: Expected label ZipCode, got  ([]), file ZipCode.csv:31903 data 95315
    regex_detector_test.go:84: Expected label ZipCode, got  ([]), file ZipCode.csv:31904 data 95316
    regex_detector_test.go:84: Expected label ZipCode, got  ([]), file ZipCode.csv:31905 data 95317
    regex_detector_test.go:84: Expected label ZipCode, got  ([]), file ZipCode.csv:31906 data 95318
    regex_detector_test.go:84: Expected label ZipCode, got  ([]), file ZipCode.csv:31907 data 95319
    regex_detector_test.go:84: Expected label ZipCode, got  ([]), file ZipCode.csv:31908 data 95320
    regex_detector_test.go:84: Expected label ZipCode, got  ([]), file ZipCode.csv:31909 data 95321
    regex_detector_test.go:84: Expected label ZipCode, got  ([]), file ZipCode.csv:31910 data 95322
    regex_detector_test.go:84: Expected label ZipCode, got  ([]), file ZipCode.csv:31911 data 95323
    regex_detector_test.go:84: Expected label ZipCode, got  ([]), file ZipCode.csv:31912 data 95324
    regex_detector_test.go:84: Expected label ZipCode, got  ([]), file ZipCode.csv:31913 data 95325
    regex_detector_test.go:84: Expected label ZipCode, got  ([]), file ZipCode.csv:31914 data 95326
    regex_detector_test.go:84: Expected label ZipCode, got  ([]), file ZipCode.csv:31915 data 95327
    regex_detector_test.go:84: Expected label ZipCode, got  ([]), file ZipCode.csv:31916 data 95328
    regex_detector_test.go:84: Expected label ZipCode, got  ([]), file ZipCode.csv:31917 data 95329
    regex_detector_test.go:84: Expected label ZipCode, got  ([]), file ZipCode.csv:31918 data 95330
    regex_detector_test.go:84: Expected label ZipCode, got  ([]), file ZipCode.csv:31919 data 95333
    regex_detector_test.go:84: Expected label ZipCode, got  ([]), file ZipCode.csv:31920 data 95334
    regex_detector_test.go:84: Expected label ZipCode, got  ([]), file ZipCode.csv:31921 data 95335
    regex_detector_test.go:84: Expected label ZipCode, got  ([]), file ZipCode.csv:31922 data 95336
    regex_detector_test.go:84: Expected label ZipCode, got  ([]), file ZipCode.csv:31923 data 95337
    regex_detector_test.go:84: Expected label ZipCode, got  ([]), file ZipCode.csv:31924 data 95338
    regex_detector_test.go:84: Expected label ZipCode, got  ([]), file ZipCode.csv:31925 data 95340
    regex_detector_test.go:84: Expected label ZipCode, got  ([]), file ZipCode.csv:31926 data 95341
    regex_detector_test.go:84: Expected label ZipCode, got  ([]), file ZipCode.csv:31927 data 95345
    regex_detector_test.go:84: Expected label ZipCode, got  ([]), file ZipCode.csv:31928 data 95346
    regex_detector_test.go:84: Expected label ZipCode, got  ([]), file ZipCode.csv:31929 data 95348
    regex_detector_test.go:84: Expected label ZipCode, got  ([]), file ZipCode.csv:31930 data 95350
    regex_detector_test.go:84: Expected label ZipCode, got  ([]), file ZipCode.csv:31931 data 95351
    regex_detector_test.go:84: Expected label ZipCode, got  ([]), file ZipCode.csv:31932 data 95354
    regex_detector_test.go:84: Expected label ZipCode, got  ([]), file ZipCode.csv:31933 data 95355
    regex_detector_test.go:84: Expected label ZipCode, got  ([]), file ZipCode.csv:31934 data 95356
    regex_detector_test.go:84: Expected label ZipCode, got  ([]), file ZipCode.csv:31935 data 95357
    regex_detector_test.go:84: Expected label ZipCode, got  ([]), file ZipCode.csv:31936 data 95358
    regex_detector_test.go:84: Expected label ZipCode, got  ([]), file ZipCode.csv:31937 data 95360
    regex_detector_test.go:84: Expected label ZipCode, got  ([]), file ZipCode.csv:31938 data 95361
    regex_detector_test.go:84: Expected label ZipCode, got  ([]), file ZipCode.csv:31939 data 95363
    regex_detector_test.go:84: Expected label ZipCode, got  ([]), file ZipCode.csv:31940 data 95364
    regex_detector_test.go:84: Expected label ZipCode, got  ([]), file ZipCode.csv:31941 data 95365
    regex_detector_test.go:84: Expected label ZipCode, got  ([]), file ZipCode.csv:31942 data 95366
    regex_detector_test.go:84: Expected label ZipCode, got  ([]), file ZipCode.csv:31943 data 95367
    regex_detector_test.go:84: Expected label ZipCode, got  ([]), file ZipCode.csv:31944 data 95368
    regex_detector_test.go:84: Expected label ZipCode, got  ([]), file ZipCode.csv:31945 data 95369
    regex_detector_test.go:84: Expected label ZipCode, got  ([]), file ZipCode.csv:31946 data 95370
    regex_detector_test.go:84: Expected label ZipCode, got  ([]), file ZipCode.csv:31947 data 95372
    regex_detector_test.go:84: Expected label ZipCode, got  ([]), file ZipCode.csv:31948 data 95374
    regex_detector_test.go:84: Expected label ZipCode, got  ([]), file ZipCode.csv:31949 data 95375
    regex_detector_test.go:84: Expected label ZipCode, got  ([]), file ZipCode.csv:31950 data 95376
    regex_detector_test.go:84: Expected label ZipCode, got  ([]), file ZipCode.csv:31951 data 95377
    regex_detector_test.go:84: Expected label ZipCode, got  ([]), file ZipCode.csv:31952 data 95379
    regex_detector_test.go:84: Expected label ZipCode, got  ([]), file ZipCode.csv:31953 data 95380
    regex_detector_test.go:84: Expected label ZipCode, got  ([]), file ZipCode.csv:31954 data 95382
    regex_detector_test.go:84: Expected label ZipCode, got  ([]), file ZipCode.csv:31955 data 95383
    regex_detector_test.go:84: Expected label ZipCode, got  ([]), file ZipCode.csv:31956 data 95385
    regex_detector_test.go:84: Expected label ZipCode, got  ([]), file ZipCode.csv:31957 data 95386
    regex_detector_test.go:84: Expected label ZipCode, got  ([]), file ZipCode.csv:31958 data 95387
    regex_detector_test.go:84: Expected label ZipCode, got  ([]), file ZipCode.csv:31959 data 95388
    regex_detector_test.go:84: Expected label ZipCode, got  ([]), file ZipCode.csv:31960 data 95389
    regex_detector_test.go:84: Expected label ZipCode, got  ([]), file ZipCode.csv:31961 data 95391
    regex_detector_test.go:84: Expected label ZipCode, got  ([]), file ZipCode.csv:31962 data 95401
    regex_detector_test.go:84: Expected label ZipCode, got  ([]), file ZipCode.csv:31963 data 95403
    regex_detector_test.go:84: Expected label ZipCode, got  ([]), file ZipCode.csv:31964 data 95404
    regex_detector_test.go:84: Expected label ZipCode, got  ([]), file ZipCode.csv:31965 data 95405
    regex_detector_test.go:84: Expected label ZipCode, got  ([]), file ZipCode.csv:31966 data 95407
    regex_detector_test.go:84: Expected label ZipCode, got  ([]), file ZipCode.csv:31967 data 95409
    regex_detector_test.go:84: Expected label ZipCode, got  ([]), file ZipCode.csv:31968 data 95410
    regex_detector_test.go:84: Expected label ZipCode, got  ([]), file ZipCode.csv:31969 data 95412
    regex_detector_test.go:84: Expected label ZipCode, got  ([]), file ZipCode.csv:31970 data 95415
    regex_detector_test.go:84: Expected label ZipCode, got  ([]), file ZipCode.csv:31971 data 95417
    regex_detector_test.go:84: Expected label ZipCode, got  ([]), file ZipCode.csv:31972 data 95419
    regex_detector_test.go:84: Expected label ZipCode, got  ([]), file ZipCode.csv:31973 data 95420
    regex_detector_test.go:84: Expected label ZipCode, got  ([]), file ZipCode.csv:31974 data 95421
    regex_detector_test.go:84: Expected label ZipCode, got  ([]), file ZipCode.csv:31975 data 95422
    regex_detector_test.go:84: Expected label ZipCode, got  ([]), file ZipCode.csv:31976 data 95423
    regex_detector_test.go:84: Expected label ZipCode, got  ([]), file ZipCode.csv:31977 data 95425
    regex_detector_test.go:84: Expected label ZipCode, got  ([]), file ZipCode.csv:31978 data 95426
    regex_detector_test.go:84: Expected label ZipCode, got  ([]), file ZipCode.csv:31979 data 95427
    regex_detector_test.go:84: Expected label ZipCode, got  ([]), file ZipCode.csv:31980 data 95428
    regex_detector_test.go:84: Expected label ZipCode, got  ([]), file ZipCode.csv:31981 data 95429
    regex_detector_test.go:84: Expected label ZipCode, got  ([]), file ZipCode.csv:31982 data 95430
    regex_detector_test.go:84: Expected label ZipCode, got  ([]), file ZipCode.csv:31983 data 95431
    regex_detector_test.go:84: Expected label ZipCode, got  ([]), file ZipCode.csv:31984 data 95432
    regex_detector_test.go:84: Expected label ZipCode, got  ([]), file ZipCode.csv:31985 data 95435
    regex_detector_test.go:84: Expected label ZipCode, got  ([]), file ZipCode.csv:31986 data 95436
    regex_detector_test.go:84: Expected label ZipCode, got  ([]), file ZipCode.csv:31987 data 95437
    regex_detector_test.go:84: Expected label ZipCode, got  ([]), file ZipCode.csv:31988 data 95439
    regex_detector_test.go:84: Expected label ZipCode, got  ([]), file ZipCode.csv:31989 data 95441
    regex_detector_test.go:84: Expected label ZipCode, got  ([]), file ZipCode.csv:31990 data 95442
    regex_detector_test.go:84: Expected label ZipCode, got  ([]), file ZipCode.csv:31991 data 95443
    regex_detector_test.go:84: Expected label ZipCode, got  ([]), file ZipCode.csv:31992 data 95444
    regex_detector_test.go:84: Expected label ZipCode, got  ([]), file ZipCode.csv:31993 data 95445
    regex_detector_test.go:84: Expected label ZipCode, got  ([]), file ZipCode.csv:31994 data 95446
    regex_detector_test.go:84: Expected label ZipCode, got  ([]), file ZipCode.csv:31995 data 95448
    regex_detector_test.go:84: Expected label ZipCode, got  ([]), file ZipCode.csv:31996 data 95449
    regex_detector_test.go:84: Expected label ZipCode, got  ([]), file ZipCode.csv:31997 data 95450
    regex_detector_test.go:84: Expected label ZipCode, got  ([]), file ZipCode.csv:31998 data 95451
    regex_detector_test.go:84: Expected label ZipCode, got  ([]), file ZipCode.csv:31999 data 95452
    regex_detector_test.go:84: Expected label ZipCode, got  ([]), file ZipCode.csv:32000 data 95453
    regex_detector_test.go:84: Expected label ZipCode, got  ([]), file ZipCode.csv:32001 data 95454
    regex_detector_test.go:84: Expected label ZipCode, got  ([]), file ZipCode.csv:32002 data 95456
    regex_detector_test.go:84: Expected label ZipCode, got  ([]), file ZipCode.csv:32003 data 95457
    regex_detector_test.go:84: Expected label ZipCode, got  ([]), file ZipCode.csv:32004 data 95458
    regex_detector_test.go:84: Expected label ZipCode, got  ([]), file ZipCode.csv:32005 data 95459
    regex_detector_test.go:84: Expected label ZipCode, got  ([]), file ZipCode.csv:32006 data 95460
    regex_detector_test.go:84: Expected label ZipCode, got  ([]), file ZipCode.csv:32007 data 95461
    regex_detector_test.go:84: Expected label ZipCode, got  ([]), file ZipCode.csv:32008 data 95462
    regex_detector_test.go:84: Expected label ZipCode, got  ([]), file ZipCode.csv:32009 data 95463
    regex_detector_test.go:84: Expected label ZipCode, got  ([]), file ZipCode.csv:32010 data 95464
    regex_detector_test.go:84: Expected label ZipCode, got  ([]), file ZipCode.csv:32011 data 95465
    regex_detector_test.go:84: Expected label ZipCode, got  ([]), file ZipCode.csv:32012 data 95466
    regex_detector_test.go:84: Expected label ZipCode, got  ([]), file ZipCode.csv:32013 data 95467
    regex_detector_test.go:84: Expected label ZipCode, got  ([]), file ZipCode.csv:32014 data 95468
    regex_detector_test.go:84: Expected label ZipCode, got  ([]), file ZipCode.csv:32015 data 95469
    regex_detector_test.go:84: Expected label ZipCode, got  ([]), file ZipCode.csv:32016 data 95470
    regex_detector_test.go:84: Expected label ZipCode, got  ([]), file ZipCode.csv:32017 data 95471
    regex_detector_test.go:84: Expected label ZipCode, got  ([]), file ZipCode.csv:32018 data 95472
    regex_detector_test.go:84: Expected label ZipCode, got  ([]), file ZipCode.csv:32019 data 95476
    regex_detector_test.go:84: Expected label ZipCode, got  ([]), file ZipCode.csv:32020 data 95480
    regex_detector_test.go:84: Expected label ZipCode, got  ([]), file ZipCode.csv:32021 data 95482
    regex_detector_test.go:84: Expected label ZipCode, got  ([]), file ZipCode.csv:32022 data 95485
    regex_detector_test.go:84: Expected label ZipCode, got  ([]), file ZipCode.csv:32023 data 95486
    regex_detector_test.go:84: Expected label ZipCode, got  ([]), file ZipCode.csv:32024 data 95488
    regex_detector_test.go:84: Expected label ZipCode, got  ([]), file ZipCode.csv:32025 data 95490
    regex_detector_test.go:84: Expected label ZipCode, got  ([]), file ZipCode.csv:32026 data 95492
    regex_detector_test.go:84: Expected label ZipCode, got  ([]), file ZipCode.csv:32027 data 95493
    regex_detector_test.go:84: Expected label ZipCode, got  ([]), file ZipCode.csv:32028 data 95494
    regex_detector_test.go:84: Expected label ZipCode, got  ([]), file ZipCode.csv:32029 data 95497
    regex_detector_test.go:84: Expected label ZipCode, got  ([]), file ZipCode.csv:32030 data 95501
    regex_detector_test.go:84: Expected label ZipCode, got  ([]), file ZipCode.csv:32031 data 95503
    regex_detector_test.go:84: Expected label ZipCode, got  ([]), file ZipCode.csv:32032 data 95511
    regex_detector_test.go:84: Expected label ZipCode, got  ([]), file ZipCode.csv:32033 data 95514
    regex_detector_test.go:84: Expected label ZipCode, got  ([]), file ZipCode.csv:32034 data 95519
    regex_detector_test.go:84: Expected label ZipCode, got  ([]), file ZipCode.csv:32035 data 95521
    regex_detector_test.go:84: Expected label ZipCode, got  ([]), file ZipCode.csv:32036 data 95524
    regex_detector_test.go:84: Expected label ZipCode, got  ([]), file ZipCode.csv:32037 data 95525
    regex_detector_test.go:84: Expected label ZipCode, got  ([]), file ZipCode.csv:32038 data 95526
    regex_detector_test.go:84: Expected label ZipCode, got  ([]), file ZipCode.csv:32039 data 95527
    regex_detector_test.go:84: Expected label ZipCode, got  ([]), file ZipCode.csv:32040 data 95528
    regex_detector_test.go:84: Expected label ZipCode, got  ([]), file ZipCode.csv:32041 data 95531
    regex_detector_test.go:84: Expected label ZipCode, got  ([]), file ZipCode.csv:32042 data 95536
    regex_detector_test.go:84: Expected label ZipCode, got  ([]), file ZipCode.csv:32043 data 95537
    regex_detector_test.go:84: Expected label ZipCode, got  ([]), file ZipCode.csv:32044 data 95538
    regex_detector_test.go:84: Expected label ZipCode, got  ([]), file ZipCode.csv:32045 data 95540
    regex_detector_test.go:84: Expected label ZipCode, got  ([]), file ZipCode.csv:32046 data 95542
    regex_detector_test.go:84: Expected label ZipCode, got  ([]), file ZipCode.csv:32047 data 95543
    regex_detector_test.go:84: Expected label ZipCode, got  ([]), file ZipCode.csv:32048 data 95545
    regex_detector_test.go:84: Expected label ZipCode, got  ([]), file ZipCode.csv:32049 data 95546
    regex_detector_test.go:84: Expected label ZipCode, got  ([]), file ZipCode.csv:32050 data 95547
    regex_detector_test.go:84: Expected label ZipCode, got  ([]), file ZipCode.csv:32051 data 95548
    regex_detector_test.go:84: Expected label ZipCode, got  ([]), file ZipCode.csv:32052 data 95549
    regex_detector_test.go:84: Expected label ZipCode, got  ([]), file ZipCode.csv:32053 data 95550
    regex_detector_test.go:84: Expected label ZipCode, got  ([]), file ZipCode.csv:32054 data 95551
    regex_detector_test.go:84: Expected label ZipCode, got  ([]), file ZipCode.csv:32055 data 95552
    regex_detector_test.go:84: Expected label ZipCode, got  ([]), file ZipCode.csv:32056 data 95553
    regex_detector_test.go:84: Expected label ZipCode, got  ([]), file ZipCode.csv:32057 data 95554
    regex_detector_test.go:84: Expected label ZipCode, got  ([]), file ZipCode.csv:32058 data 95555
    regex_detector_test.go:84: Expected label ZipCode, got  ([]), file ZipCode.csv:32059 data 95556
    regex_detector_test.go:84: Expected label ZipCode, got  ([]), file ZipCode.csv:32060 data 95558
    regex_detector_test.go:84: Expected label ZipCode, got  ([]), file ZipCode.csv:32061 data 95559
    regex_detector_test.go:84: Expected label ZipCode, got  ([]), file ZipCode.csv:32062 data 95560
    regex_detector_test.go:84: Expected label ZipCode, got  ([]), file ZipCode.csv:32063 data 95562
    regex_detector_test.go:84: Expected label ZipCode, got  ([]), file ZipCode.csv:32064 data 95563
    regex_detector_test.go:84: Expected label ZipCode, got  ([]), file ZipCode.csv:32065 data 95564
    regex_detector_test.go:84: Expected label ZipCode, got  ([]), file ZipCode.csv:32066 data 95565
    regex_detector_test.go:84: Expected label ZipCode, got  ([]), file ZipCode.csv:32067 data 95567
    regex_detector_test.go:84: Expected label ZipCode, got  ([]), file ZipCode.csv:32068 data 95568
    regex_detector_test.go:84: Expected label ZipCode, got  ([]), file ZipCode.csv:32069 data 95569
    regex_detector_test.go:84: Expected label ZipCode, got  ([]), file ZipCode.csv:32070 data 95570
    regex_detector_test.go:84: Expected label ZipCode, got  ([]), file ZipCode.csv:32071 data 95571
    regex_detector_test.go:84: Expected label ZipCode, got  ([]), file ZipCode.csv:32072 data 95573
    regex_detector_test.go:84: Expected label ZipCode, got  ([]), file ZipCode.csv:32073 data 95585
    regex_detector_test.go:84: Expected label ZipCode, got  ([]), file ZipCode.csv:32074 data 95587
    regex_detector_test.go:84: Expected label ZipCode, got  ([]), file ZipCode.csv:32075 data 95589
    regex_detector_test.go:84: Expected label ZipCode, got  ([]), file ZipCode.csv:32076 data 95595
    regex_detector_test.go:84: Expected label ZipCode, got  ([]), file ZipCode.csv:32077 data 95601
    regex_detector_test.go:84: Expected label ZipCode, got  ([]), file ZipCode.csv:32078 data 95602
    regex_detector_test.go:84: Expected label ZipCode, got  ([]), file ZipCode.csv:32079 data 95603
    regex_detector_test.go:84: Expected label ZipCode, got  ([]), file ZipCode.csv:32080 data 95604
    regex_detector_test.go:84: Expected label ZipCode, got  ([]), file ZipCode.csv:32081 data 95605
    regex_detector_test.go:84: Expected label ZipCode, got  ([]), file ZipCode.csv:32082 data 95606
    regex_detector_test.go:84: Expected label ZipCode, got  ([]), file ZipCode.csv:32083 data 95607
    regex_detector_test.go:84: Expected label ZipCode, got  ([]), file ZipCode.csv:32084 data 95608
    regex_detector_test.go:84: Expected label ZipCode, got  ([]), file ZipCode.csv:32085 data 95610
    regex_detector_test.go:84: Expected label ZipCode, got  ([]), file ZipCode.csv:32086 data 95612
    regex_detector_test.go:84: Expected label ZipCode, got  ([]), file ZipCode.csv:32087 data 95613
    regex_detector_test.go:84: Expected label ZipCode, got  ([]), file ZipCode.csv:32088 data 95614
    regex_detector_test.go:84: Expected label ZipCode, got  ([]), file ZipCode.csv:32089 data 95615
    regex_detector_test.go:84: Expected label ZipCode, got  ([]), file ZipCode.csv:32090 data 95616
    regex_detector_test.go:84: Expected label ZipCode, got  ([]), file ZipCode.csv:32091 data 95618
    regex_detector_test.go:84: Expected label ZipCode, got  ([]), file ZipCode.csv:32092 data 95619
    regex_detector_test.go:84: Expected label ZipCode, got  ([]), file ZipCode.csv:32093 data 95620
    regex_detector_test.go:84: Expected label ZipCode, got  ([]), file ZipCode.csv:32094 data 95621
    regex_detector_test.go:84: Expected label ZipCode, got  ([]), file ZipCode.csv:32095 data 95623
    regex_detector_test.go:84: Expected label ZipCode, got  ([]), file ZipCode.csv:32096 data 95624
    regex_detector_test.go:84: Expected label ZipCode, got  ([]), file ZipCode.csv:32097 data 95625
    regex_detector_test.go:84: Expected label ZipCode, got  ([]), file ZipCode.csv:32098 data 95626
    regex_detector_test.go:84: Expected label ZipCode, got  ([]), file ZipCode.csv:32099 data 95627
    regex_detector_test.go:84: Expected label ZipCode, got  ([]), file ZipCode.csv:32100 data 95628
    regex_detector_test.go:84: Expected label ZipCode, got  ([]), file ZipCode.csv:32101 data 95629
    regex_detector_test.go:84: Expected label ZipCode, got  ([]), file ZipCode.csv:32102 data 95630
    regex_detector_test.go:84: Expected label ZipCode, got  ([]), file ZipCode.csv:32103 data 95631
    regex_detector_test.go:84: Expected label ZipCode, got  ([]), file ZipCode.csv:32104 data 95632
    regex_detector_test.go:84: Expected label ZipCode, got  ([]), file ZipCode.csv:32105 data 95633
    regex_detector_test.go:84: Expected label ZipCode, got  ([]), file ZipCode.csv:32106 data 95634
    regex_detector_test.go:84: Expected label ZipCode, got  ([]), file ZipCode.csv:32107 data 95635
    regex_detector_test.go:84: Expected label ZipCode, got  ([]), file ZipCode.csv:32108 data 95636
    regex_detector_test.go:84: Expected label ZipCode, got  ([]), file ZipCode.csv:32109 data 95637
    regex_detector_test.go:84: Expected label ZipCode, got  ([]), file ZipCode.csv:32110 data 95638
    regex_detector_test.go:84: Expected label ZipCode, got  ([]), file ZipCode.csv:32111 data 95639
    regex_detector_test.go:84: Expected label ZipCode, got  ([]), file ZipCode.csv:32112 data 95640
    regex_detector_test.go:84: Expected label ZipCode, got  ([]), file ZipCode.csv:32113 data 95641
    regex_detector_test.go:84: Expected label ZipCode, got  ([]), file ZipCode.csv:32114 data 95642
    regex_detector_test.go:84: Expected label ZipCode, got  ([]), file ZipCode.csv:32115 data 95645
    regex_detector_test.go:84: Expected label ZipCode, got  ([]), file ZipCode.csv:32116 data 95646
    regex_detector_test.go:84: Expected label ZipCode, got  ([]), file ZipCode.csv:32117 data 95648
    regex_detector_test.go:84: Expected label ZipCode, got  ([]), file ZipCode.csv:32118 data 95650
    regex_detector_test.go:84: Expected label ZipCode, got  ([]), file ZipCode.csv:32119 data 95651
    regex_detector_test.go:84: Expected label ZipCode, got  ([]), file ZipCode.csv:32120 data 95652
    regex_detector_test.go:84: Expected label ZipCode, got  ([]), file ZipCode.csv:32121 data 95653
    regex_detector_test.go:84: Expected label ZipCode, got  ([]), file ZipCode.csv:32122 data 95655
    regex_detector_test.go:84: Expected label ZipCode, got  ([]), file ZipCode.csv:32123 data 95658
    regex_detector_test.go:84: Expected label ZipCode, got  ([]), file ZipCode.csv:32124 data 95659
    regex_detector_test.go:84: Expected label ZipCode, got  ([]), file ZipCode.csv:32125 data 95660
    regex_detector_test.go:84: Expected label ZipCode, got  ([]), file ZipCode.csv:32126 data 95661
    regex_detector_test.go:84: Expected label ZipCode, got  ([]), file ZipCode.csv:32127 data 95662
    regex_detector_test.go:84: Expected label ZipCode, got  ([]), file ZipCode.csv:32128 data 95663
    regex_detector_test.go:84: Expected label ZipCode, got  ([]), file ZipCode.csv:32129 data 95664
    regex_detector_test.go:84: Expected label ZipCode, got  ([]), file ZipCode.csv:32130 data 95665
    regex_detector_test.go:84: Expected label ZipCode, got  ([]), file ZipCode.csv:32131 data 95666
    regex_detector_test.go:84: Expected label ZipCode, got  ([]), file ZipCode.csv:32132 data 95667
    regex_detector_test.go:84: Expected label ZipCode, got  ([]), file ZipCode.csv:32133 data 95668
    regex_detector_test.go:84: Expected label ZipCode, got  ([]), file ZipCode.csv:32134 data 95669
    regex_detector_test.go:84: Expected label ZipCode, got  ([]), file ZipCode.csv:32135 data 95670
    regex_detector_test.go:84: Expected label ZipCode, got  ([]), file ZipCode.csv:32136 data 95671
    regex_detector_test.go:84: Expected label ZipCode, got  ([]), file ZipCode.csv:32137 data 95672
    regex_detector_test.go:84: Expected label ZipCode, got  ([]), file ZipCode.csv:32138 data 95673
    regex_detector_test.go:84: Expected label ZipCode, got  ([]), file ZipCode.csv:32139 data 95674
    regex_detector_test.go:84: Expected label ZipCode, got  ([]), file ZipCode.csv:32140 data 95675
    regex_detector_test.go:84: Expected label ZipCode, got  ([]), file ZipCode.csv:32141 data 95676
    regex_detector_test.go:84: Expected label ZipCode, got  ([]), file ZipCode.csv:32142 data 95677
    regex_detector_test.go:84: Expected label ZipCode, got  ([]), file ZipCode.csv:32143 data 95678
    regex_detector_test.go:84: Expected label ZipCode, got  ([]), file ZipCode.csv:32144 data 95679
    regex_detector_test.go:84: Expected label ZipCode, got  ([]), file ZipCode.csv:32145 data 95680
    regex_detector_test.go:84: Expected label ZipCode, got  ([]), file ZipCode.csv:32146 data 95681
    regex_detector_test.go:84: Expected label ZipCode, got  ([]), file ZipCode.csv:32147 data 95682
    regex_detector_test.go:84: Expected label ZipCode, got  ([]), file ZipCode.csv:32148 data 95683
    regex_detector_test.go:84: Expected label ZipCode, got  ([]), file ZipCode.csv:32149 data 95684
    regex_detector_test.go:84: Expected label ZipCode, got  ([]), file ZipCode.csv:32150 data 95685
    regex_detector_test.go:84: Expected label ZipCode, got  ([]), file ZipCode.csv:32151 data 95686
    regex_detector_test.go:84: Expected label ZipCode, got  ([]), file ZipCode.csv:32152 data 95687
    regex_detector_test.go:84: Expected label ZipCode, got  ([]), file ZipCode.csv:32153 data 95688
    regex_detector_test.go:84: Expected label ZipCode, got  ([]), file ZipCode.csv:32154 data 95689
    regex_detector_test.go:84: Expected label ZipCode, got  ([]), file ZipCode.csv:32155 data 95690
    regex_detector_test.go:84: Expected label ZipCode, got  ([]), file ZipCode.csv:32156 data 95691
    regex_detector_test.go:84: Expected label ZipCode, got  ([]), file ZipCode.csv:32157 data 95692
    regex_detector_test.go:84: Expected label ZipCode, got  ([]), file ZipCode.csv:32158 data 95693
    regex_detector_test.go:84: Expected label ZipCode, got  ([]), file ZipCode.csv:32159 data 95694
    regex_detector_test.go:84: Expected label ZipCode, got  ([]), file ZipCode.csv:32160 data 95695
    regex_detector_test.go:84: Expected label ZipCode, got  ([]), file ZipCode.csv:32161 data 95697
    regex_detector_test.go:84: Expected label ZipCode, got  ([]), file ZipCode.csv:32162 data 95698
    regex_detector_test.go:84: Expected label ZipCode, got  ([]), file ZipCode.csv:32163 data 95699
    regex_detector_test.go:84: Expected label ZipCode, got  ([]), file ZipCode.csv:32164 data 95701
    regex_detector_test.go:84: Expected label ZipCode, got  ([]), file ZipCode.csv:32165 data 95703
    regex_detector_test.go:84: Expected label ZipCode, got  ([]), file ZipCode.csv:32166 data 95709
    regex_detector_test.go:84: Expected label ZipCode, got  ([]), file ZipCode.csv:32167 data 95713
    regex_detector_test.go:84: Expected label ZipCode, got  ([]), file ZipCode.csv:32168 data 95714
    regex_detector_test.go:84: Expected label ZipCode, got  ([]), file ZipCode.csv:32169 data 95715
    regex_detector_test.go:84: Expected label ZipCode, got  ([]), file ZipCode.csv:32170 data 95717
    regex_detector_test.go:84: Expected label ZipCode, got  ([]), file ZipCode.csv:32171 data 95720
    regex_detector_test.go:84: Expected label ZipCode, got  ([]), file ZipCode.csv:32172 data 95721
    regex_detector_test.go:84: Expected label ZipCode, got  ([]), file ZipCode.csv:32173 data 95722
    regex_detector_test.go:84: Expected label ZipCode, got  ([]), file ZipCode.csv:32174 data 95726
    regex_detector_test.go:84: Expected label ZipCode, got  ([]), file ZipCode.csv:32175 data 95728
    regex_detector_test.go:84: Expected label ZipCode, got  ([]), file ZipCode.csv:32176 data 95735
    regex_detector_test.go:84: Expected label ZipCode, got  ([]), file ZipCode.csv:32177 data 95736
    regex_detector_test.go:84: Expected label ZipCode, got  ([]), file ZipCode.csv:32178 data 95742
    regex_detector_test.go:84: Expected label ZipCode, got  ([]), file ZipCode.csv:32179 data 95746
    regex_detector_test.go:84: Expected label ZipCode, got  ([]), file ZipCode.csv:32180 data 95747
    regex_detector_test.go:84: Expected label ZipCode, got  ([]), file ZipCode.csv:32181 data 95757
    regex_detector_test.go:84: Expected label ZipCode, got  ([]), file ZipCode.csv:32182 data 95758
    regex_detector_test.go:84: Expected label ZipCode, got  ([]), file ZipCode.csv:32183 data 95762
    regex_detector_test.go:84: Expected label ZipCode, got  ([]), file ZipCode.csv:32184 data 95765
    regex_detector_test.go:84: Expected label ZipCode, got  ([]), file ZipCode.csv:32185 data 95776
    regex_detector_test.go:84: Expected label ZipCode, got  ([]), file ZipCode.csv:32186 data 95811
    regex_detector_test.go:84: Expected label ZipCode, got  ([]), file ZipCode.csv:32187 data 95814
    regex_detector_test.go:84: Expected label ZipCode, got  ([]), file ZipCode.csv:32188 data 95815
    regex_detector_test.go:84: Expected label ZipCode, got  ([]), file ZipCode.csv:32189 data 95816
    regex_detector_test.go:84: Expected label ZipCode, got  ([]), file ZipCode.csv:32190 data 95817
    regex_detector_test.go:84: Expected label ZipCode, got  ([]), file ZipCode.csv:32191 data 95818
    regex_detector_test.go:84: Expected label ZipCode, got  ([]), file ZipCode.csv:32192 data 95819
    regex_detector_test.go:84: Expected label ZipCode, got  ([]), file ZipCode.csv:32193 data 95820
    regex_detector_test.go:84: Expected label ZipCode, got  ([]), file ZipCode.csv:32194 data 95821
    regex_detector_test.go:84: Expected label ZipCode, got  ([]), file ZipCode.csv:32195 data 95822
    regex_detector_test.go:84: Expected label ZipCode, got  ([]), file ZipCode.csv:32196 data 95823
    regex_detector_test.go:84: Expected label ZipCode, got  ([]), file ZipCode.csv:32197 data 95824
    regex_detector_test.go:84: Expected label ZipCode, got  ([]), file ZipCode.csv:32198 data 95825
    regex_detector_test.go:84: Expected label ZipCode, got  ([]), file ZipCode.csv:32199 data 95826
    regex_detector_test.go:84: Expected label ZipCode, got  ([]), file ZipCode.csv:32200 data 95827
    regex_detector_test.go:84: Expected label ZipCode, got  ([]), file ZipCode.csv:32201 data 95828
    regex_detector_test.go:84: Expected label ZipCode, got  ([]), file ZipCode.csv:32202 data 95829
    regex_detector_test.go:84: Expected label ZipCode, got  ([]), file ZipCode.csv:32203 data 95830
    regex_detector_test.go:84: Expected label ZipCode, got  ([]), file ZipCode.csv:32204 data 95831
    regex_detector_test.go:84: Expected label ZipCode, got  ([]), file ZipCode.csv:32205 data 95832
    regex_detector_test.go:84: Expected label ZipCode, got  ([]), file ZipCode.csv:32206 data 95833
    regex_detector_test.go:84: Expected label ZipCode, got  ([]), file ZipCode.csv:32207 data 95834
    regex_detector_test.go:84: Expected label ZipCode, got  ([]), file ZipCode.csv:32208 data 95835
    regex_detector_test.go:84: Expected label ZipCode, got  ([]), file ZipCode.csv:32209 data 95837
    regex_detector_test.go:84: Expected label ZipCode, got  ([]), file ZipCode.csv:32210 data 95838
    regex_detector_test.go:84: Expected label ZipCode, got  ([]), file ZipCode.csv:32211 data 95841
    regex_detector_test.go:84: Expected label ZipCode, got  ([]), file ZipCode.csv:32212 data 95842
    regex_detector_test.go:84: Expected label ZipCode, got  ([]), file ZipCode.csv:32213 data 95843
    regex_detector_test.go:84: Expected label ZipCode, got  ([]), file ZipCode.csv:32214 data 95864
    regex_detector_test.go:84: Expected label ZipCode, got  ([]), file ZipCode.csv:32215 data 95901
    regex_detector_test.go:84: Expected label ZipCode, got  ([]), file ZipCode.csv:32216 data 95903
    regex_detector_test.go:84: Expected label ZipCode, got  ([]), file ZipCode.csv:32217 data 95910
    regex_detector_test.go:84: Expected label ZipCode, got  ([]), file ZipCode.csv:32218 data 95912
    regex_detector_test.go:84: Expected label ZipCode, got  ([]), file ZipCode.csv:32219 data 95913
    regex_detector_test.go:84: Expected label ZipCode, got  ([]), file ZipCode.csv:32220 data 95914
    regex_detector_test.go:84: Expected label ZipCode, got  ([]), file ZipCode.csv:32221 data 95915
    regex_detector_test.go:84: Expected label ZipCode, got  ([]), file ZipCode.csv:32222 data 95916
    regex_detector_test.go:84: Expected label ZipCode, got  ([]), file ZipCode.csv:32223 data 95917
    regex_detector_test.go:84: Expected label ZipCode, got  ([]), file ZipCode.csv:32224 data 95918
    regex_detector_test.go:84: Expected label ZipCode, got  ([]), file ZipCode.csv:32225 data 95919
    regex_detector_test.go:84: Expected label ZipCode, got  ([]), file ZipCode.csv:32226 data 95920
    regex_detector_test.go:84: Expected label ZipCode, got  ([]), file ZipCode.csv:32227 data 95922
    regex_detector_test.go:84: Expected label ZipCode, got  ([]), file ZipCode.csv:32228 data 95923
    regex_detector_test.go:84: Expected label ZipCode, got  ([]), file ZipCode.csv:32229 data 95925
    regex_detector_test.go:84: Expected label ZipCode, got  ([]), file ZipCode.csv:32230 data 95926
    regex_detector_test.go:84: Expected label ZipCode, got  ([]), file ZipCode.csv:32231 data 95928
    regex_detector_test.go:84: Expected label ZipCode, got  ([]), file ZipCode.csv:32232 data 95929
    regex_detector_test.go:84: Expected label ZipCode, got  ([]), file ZipCode.csv:32233 data 95930
    regex_detector_test.go:84: Expected label ZipCode, got  ([]), file ZipCode.csv:32234 data 95932
    regex_detector_test.go:84: Expected label ZipCode, got  ([]), file ZipCode.csv:32235 data 95934
    regex_detector_test.go:84: Expected label ZipCode, got  ([]), file ZipCode.csv:32236 data 95935
    regex_detector_test.go:84: Expected label ZipCode, got  ([]), file ZipCode.csv:32237 data 95936
    regex_detector_test.go:84: Expected label ZipCode, got  ([]), file ZipCode.csv:32238 data 95937
    regex_detector_test.go:84: Expected label ZipCode, got  ([]), file ZipCode.csv:32239 data 95938
    regex_detector_test.go:84: Expected label ZipCode, got  ([]), file ZipCode.csv:32240 data 95939
    regex_detector_test.go:84: Expected label ZipCode, got  ([]), file ZipCode.csv:32241 data 95941
    regex_detector_test.go:84: Expected label ZipCode, got  ([]), file ZipCode.csv:32242 data 95942
    regex_detector_test.go:84: Expected label ZipCode, got  ([]), file ZipCode.csv:32243 data 95943
    regex_detector_test.go:84: Expected label ZipCode, got  ([]), file ZipCode.csv:32244 data 95944
    regex_detector_test.go:84: Expected label ZipCode, got  ([]), file ZipCode.csv:32245 data 95945
    regex_detector_test.go:84: Expected label ZipCode, got  ([]), file ZipCode.csv:32246 data 95946
    regex_detector_test.go:84: Expected label ZipCode, got  ([]), file ZipCode.csv:32247 data 95947
    regex_detector_test.go:84: Expected label ZipCode, got  ([]), file ZipCode.csv:32248 data 95948
    regex_detector_test.go:84: Expected label ZipCode, got  ([]), file ZipCode.csv:32249 data 95949
    regex_detector_test.go:84: Expected label ZipCode, got  ([]), file ZipCode.csv:32250 data 95950
    regex_detector_test.go:84: Expected label ZipCode, got  ([]), file ZipCode.csv:32251 data 95951
    regex_detector_test.go:84: Expected label ZipCode, got  ([]), file ZipCode.csv:32252 data 95953
    regex_detector_test.go:84: Expected label ZipCode, got  ([]), file ZipCode.csv:32253 data 95954
    regex_detector_test.go:84: Expected label ZipCode, got  ([]), file ZipCode.csv:32254 data 95955
    regex_detector_test.go:84: Expected label ZipCode, got  ([]), file ZipCode.csv:32255 data 95956
    regex_detector_test.go:84: Expected label ZipCode, got  ([]), file ZipCode.csv:32256 data 95957
    regex_detector_test.go:84: Expected label ZipCode, got  ([]), file ZipCode.csv:32257 data 95958
    regex_detector_test.go:84: Expected label ZipCode, got  ([]), file ZipCode.csv:32258 data 95959
    regex_detector_test.go:84: Expected label ZipCode, got  ([]), file ZipCode.csv:32259 data 95960
    regex_detector_test.go:84: Expected label ZipCode, got  ([]), file ZipCode.csv:32260 data 95961
    regex_detector_test.go:84: Expected label ZipCode, got  ([]), file ZipCode.csv:32261 data 95962
    regex_detector_test.go:84: Expected label ZipCode, got  ([]), file ZipCode.csv:32262 data 95963
    regex_detector_test.go:84: Expected label ZipCode, got  ([]), file ZipCode.csv:32263 data 95965
    regex_detector_test.go:84: Expected label ZipCode, got  ([]), file ZipCode.csv:32264 data 95966
    regex_detector_test.go:84: Expected label ZipCode, got  ([]), file ZipCode.csv:32265 data 95968
    regex_detector_test.go:84: Expected label ZipCode, got  ([]), file ZipCode.csv:32266 data 95969
    regex_detector_test.go:84: Expected label ZipCode, got  ([]), file ZipCode.csv:32267 data 95970
    regex_detector_test.go:84: Expected label ZipCode, got  ([]), file ZipCode.csv:32268 data 95971
    regex_detector_test.go:84: Expected label ZipCode, got  ([]), file ZipCode.csv:32269 data 95972
    regex_detector_test.go:84: Expected label ZipCode, got  ([]), file ZipCode.csv:32270 data 95973
    regex_detector_test.go:84: Expected label ZipCode, got  ([]), file ZipCode.csv:32271 data 95974
    regex_detector_test.go:84: Expected label ZipCode, got  ([]), file ZipCode.csv:32272 data 95975
    regex_detector_test.go:84: Expected label ZipCode, got  ([]), file ZipCode.csv:32273 data 95977
    regex_detector_test.go:84: Expected label ZipCode, got  ([]), file ZipCode.csv:32274 data 95978
    regex_detector_test.go:84: Expected label ZipCode, got  ([]), file ZipCode.csv:32275 data 95979
    regex_detector_test.go:84: Expected label ZipCode, got  ([]), file ZipCode.csv:32276 data 95981
    regex_detector_test.go:84: Expected label ZipCode, got  ([]), file ZipCode.csv:32277 data 95982
    regex_detector_test.go:84: Expected label ZipCode, got  ([]), file ZipCode.csv:32278 data 95983
    regex_detector_test.go:84: Expected label ZipCode, got  ([]), file ZipCode.csv:32279 data 95984
    regex_detector_test.go:84: Expected label ZipCode, got  ([]), file ZipCode.csv:32280 data 95986
    regex_detector_test.go:84: Expected label ZipCode, got  ([]), file ZipCode.csv:32281 data 95987
    regex_detector_test.go:84: Expected label ZipCode, got  ([]), file ZipCode.csv:32282 data 95988
    regex_detector_test.go:84: Expected label ZipCode, got  ([]), file ZipCode.csv:32283 data 95991
    regex_detector_test.go:84: Expected label ZipCode, got  ([]), file ZipCode.csv:32284 data 95993
    regex_detector_test.go:84: Expected label ZipCode, got  ([]), file ZipCode.csv:32285 data 96001
    regex_detector_test.go:84: Expected label ZipCode, got  ([]), file ZipCode.csv:32286 data 96002
    regex_detector_test.go:84: Expected label ZipCode, got  ([]), file ZipCode.csv:32287 data 96003
    regex_detector_test.go:84: Expected label ZipCode, got  ([]), file ZipCode.csv:32288 data 96006
    regex_detector_test.go:84: Expected label ZipCode, got  ([]), file ZipCode.csv:32289 data 96007
    regex_detector_test.go:84: Expected label ZipCode, got  ([]), file ZipCode.csv:32290 data 96008
    regex_detector_test.go:84: Expected label ZipCode, got  ([]), file ZipCode.csv:32291 data 96009
    regex_detector_test.go:84: Expected label ZipCode, got  ([]), file ZipCode.csv:32292 data 96010
    regex_detector_test.go:84: Expected label ZipCode, got  ([]), file ZipCode.csv:32293 data 96011
    regex_detector_test.go:84: Expected label ZipCode, got  ([]), file ZipCode.csv:32294 data 96013
    regex_detector_test.go:84: Expected label ZipCode, got  ([]), file ZipCode.csv:32295 data 96014
    regex_detector_test.go:84: Expected label ZipCode, got  ([]), file ZipCode.csv:32296 data 96015
    regex_detector_test.go:84: Expected label ZipCode, got  ([]), file ZipCode.csv:32297 data 96016
    regex_detector_test.go:84: Expected label ZipCode, got  ([]), file ZipCode.csv:32298 data 96017
    regex_detector_test.go:84: Expected label ZipCode, got  ([]), file ZipCode.csv:32299 data 96019
    regex_detector_test.go:84: Expected label ZipCode, got  ([]), file ZipCode.csv:32300 data 96020
    regex_detector_test.go:84: Expected label ZipCode, got  ([]), file ZipCode.csv:32301 data 96021
    regex_detector_test.go:84: Expected label ZipCode, got  ([]), file ZipCode.csv:32302 data 96022
    regex_detector_test.go:84: Expected label ZipCode, got  ([]), file ZipCode.csv:32303 data 96023
    regex_detector_test.go:84: Expected label ZipCode, got  ([]), file ZipCode.csv:32304 data 96024
    regex_detector_test.go:84: Expected label ZipCode, got  ([]), file ZipCode.csv:32305 data 96025
    regex_detector_test.go:84: Expected label ZipCode, got  ([]), file ZipCode.csv:32306 data 96027
    regex_detector_test.go:84: Expected label ZipCode, got  ([]), file ZipCode.csv:32307 data 96028
    regex_detector_test.go:84: Expected label ZipCode, got  ([]), file ZipCode.csv:32308 data 96029
    regex_detector_test.go:84: Expected label ZipCode, got  ([]), file ZipCode.csv:32309 data 96031
    regex_detector_test.go:84: Expected label ZipCode, got  ([]), file ZipCode.csv:32310 data 96032
    regex_detector_test.go:84: Expected label ZipCode, got  ([]), file ZipCode.csv:32311 data 96033
    regex_detector_test.go:84: Expected label ZipCode, got  ([]), file ZipCode.csv:32312 data 96034
    regex_detector_test.go:84: Expected label ZipCode, got  ([]), file ZipCode.csv:32313 data 96035
    regex_detector_test.go:84: Expected label ZipCode, got  ([]), file ZipCode.csv:32314 data 96037
    regex_detector_test.go:84: Expected label ZipCode, got  ([]), file ZipCode.csv:32315 data 96038
    regex_detector_test.go:84: Expected label ZipCode, got  ([]), file ZipCode.csv:32316 data 96039
    regex_detector_test.go:84: Expected label ZipCode, got  ([]), file ZipCode.csv:32317 data 96040
    regex_detector_test.go:84: Expected label ZipCode, got  ([]), file ZipCode.csv:32318 data 96041
    regex_detector_test.go:84: Expected label ZipCode, got  ([]), file ZipCode.csv:32319 data 96044
    regex_detector_test.go:84: Expected label ZipCode, got  ([]), file ZipCode.csv:32320 data 96046
    regex_detector_test.go:84: Expected label ZipCode, got  ([]), file ZipCode.csv:32321 data 96047
    regex_detector_test.go:84: Expected label ZipCode, got  ([]), file ZipCode.csv:32322 data 96048
    regex_detector_test.go:84: Expected label ZipCode, got  ([]), file ZipCode.csv:32323 data 96050
    regex_detector_test.go:84: Expected label ZipCode, got  ([]), file ZipCode.csv:32324 data 96051
    regex_detector_test.go:84: Expected label ZipCode, got  ([]), file ZipCode.csv:32325 data 96052
    regex_detector_test.go:84: Expected label ZipCode, got  ([]), file ZipCode.csv:32326 data 96054
    regex_detector_test.go:84: Expected label ZipCode, got  ([]), file ZipCode.csv:32327 data 96055
    regex_detector_test.go:84: Expected label ZipCode, got  ([]), file ZipCode.csv:32328 data 96056
    regex_detector_test.go:84: Expected label ZipCode, got  ([]), file ZipCode.csv:32329 data 96057
    regex_detector_test.go:84: Expected label ZipCode, got  ([]), file ZipCode.csv:32330 data 96058
    regex_detector_test.go:84: Expected label ZipCode, got  ([]), file ZipCode.csv:32331 data 96059
    regex_detector_test.go:84: Expected label ZipCode, got  ([]), file ZipCode.csv:32332 data 96061
    regex_detector_test.go:84: Expected label ZipCode, got  ([]), file ZipCode.csv:32333 data 96062
    regex_detector_test.go:84: Expected label ZipCode, got  ([]), file ZipCode.csv:32334 data 96063
    regex_detector_test.go:84: Expected label ZipCode, got  ([]), file ZipCode.csv:32335 data 96064
    regex_detector_test.go:84: Expected label ZipCode, got  ([]), file ZipCode.csv:32336 data 96065
    regex_detector_test.go:84: Expected label ZipCode, got  ([]), file ZipCode.csv:32337 data 96067
    regex_detector_test.go:84: Expected label ZipCode, got  ([]), file ZipCode.csv:32338 data 96068
    regex_detector_test.go:84: Expected label ZipCode, got  ([]), file ZipCode.csv:32339 data 96069
    regex_detector_test.go:84: Expected label ZipCode, got  ([]), file ZipCode.csv:32340 data 96071
    regex_detector_test.go:84: Expected label ZipCode, got  ([]), file ZipCode.csv:32341 data 96073
    regex_detector_test.go:84: Expected label ZipCode, got  ([]), file ZipCode.csv:32342 data 96074
    regex_detector_test.go:84: Expected label ZipCode, got  ([]), file ZipCode.csv:32343 data 96075
    regex_detector_test.go:84: Expected label ZipCode, got  ([]), file ZipCode.csv:32344 data 96076
    regex_detector_test.go:84: Expected label ZipCode, got  ([]), file ZipCode.csv:32345 data 96078
    regex_detector_test.go:84: Expected label ZipCode, got  ([]), file ZipCode.csv:32346 data 96080
    regex_detector_test.go:84: Expected label ZipCode, got  ([]), file ZipCode.csv:32347 data 96084
    regex_detector_test.go:84: Expected label ZipCode, got  ([]), file ZipCode.csv:32348 data 96085
    regex_detector_test.go:84: Expected label ZipCode, got  ([]), file ZipCode.csv:32349 data 96086
    regex_detector_test.go:84: Expected label ZipCode, got  ([]), file ZipCode.csv:32350 data 96087
    regex_detector_test.go:84: Expected label ZipCode, got  ([]), file ZipCode.csv:32351 data 96088
    regex_detector_test.go:84: Expected label ZipCode, got  ([]), file ZipCode.csv:32352 data 96090
    regex_detector_test.go:84: Expected label ZipCode, got  ([]), file ZipCode.csv:32353 data 96091
    regex_detector_test.go:84: Expected label ZipCode, got  ([]), file ZipCode.csv:32354 data 96092
    regex_detector_test.go:84: Expected label ZipCode, got  ([]), file ZipCode.csv:32355 data 96093
    regex_detector_test.go:84: Expected label ZipCode, got  ([]), file ZipCode.csv:32356 data 96094
    regex_detector_test.go:84: Expected label ZipCode, got  ([]), file ZipCode.csv:32357 data 96096
    regex_detector_test.go:84: Expected label ZipCode, got  ([]), file ZipCode.csv:32358 data 96097
    regex_detector_test.go:84: Expected label ZipCode, got  ([]), file ZipCode.csv:32359 data 96101
    regex_detector_test.go:84: Expected label ZipCode, got  ([]), file ZipCode.csv:32360 data 96103
    regex_detector_test.go:84: Expected label ZipCode, got  ([]), file ZipCode.csv:32361 data 96104
    regex_detector_test.go:84: Expected label ZipCode, got  ([]), file ZipCode.csv:32362 data 96105
    regex_detector_test.go:84: Expected label ZipCode, got  ([]), file ZipCode.csv:32363 data 96106
    regex_detector_test.go:84: Expected label ZipCode, got  ([]), file ZipCode.csv:32364 data 96107
    regex_detector_test.go:84: Expected label ZipCode, got  ([]), file ZipCode.csv:32365 data 96108
    regex_detector_test.go:84: Expected label ZipCode, got  ([]), file ZipCode.csv:32366 data 96109
    regex_detector_test.go:84: Expected label ZipCode, got  ([]), file ZipCode.csv:32367 data 96110
    regex_detector_test.go:84: Expected label ZipCode, got  ([]), file ZipCode.csv:32368 data 96111
    regex_detector_test.go:84: Expected label ZipCode, got  ([]), file ZipCode.csv:32369 data 96112
    regex_detector_test.go:84: Expected label ZipCode, got  ([]), file ZipCode.csv:32370 data 96113
    regex_detector_test.go:84: Expected label ZipCode, got  ([]), file ZipCode.csv:32371 data 96114
    regex_detector_test.go:84: Expected label ZipCode, got  ([]), file ZipCode.csv:32372 data 96115
    regex_detector_test.go:84: Expected label ZipCode, got  ([]), file ZipCode.csv:32373 data 96116
    regex_detector_test.go:84: Expected label ZipCode, got  ([]), file ZipCode.csv:32374 data 96117
    regex_detector_test.go:84: Expected label ZipCode, got  ([]), file ZipCode.csv:32375 data 96118
    regex_detector_test.go:84: Expected label ZipCode, got  ([]), file ZipCode.csv:32376 data 96119
    regex_detector_test.go:84: Expected label ZipCode, got  ([]), file ZipCode.csv:32377 data 96120
    regex_detector_test.go:84: Expected label ZipCode, got  ([]), file ZipCode.csv:32378 data 96121
    regex_detector_test.go:84: Expected label ZipCode, got  ([]), file ZipCode.csv:32379 data 96122
    regex_detector_test.go:84: Expected label ZipCode, got  ([]), file ZipCode.csv:32380 data 96123
    regex_detector_test.go:84: Expected label ZipCode, got  ([]), file ZipCode.csv:32381 data 96124
    regex_detector_test.go:84: Expected label ZipCode, got  ([]), file ZipCode.csv:32382 data 96125
    regex_detector_test.go:84: Expected label ZipCode, got  ([]), file ZipCode.csv:32383 data 96126
    regex_detector_test.go:84: Expected label ZipCode, got  ([]), file ZipCode.csv:32384 data 96128
    regex_detector_test.go:84: Expected label ZipCode, got  ([]), file ZipCode.csv:32385 data 96129
    regex_detector_test.go:84: Expected label ZipCode, got  ([]), file ZipCode.csv:32386 data 96130
    regex_detector_test.go:84: Expected label ZipCode, got  ([]), file ZipCode.csv:32387 data 96132
    regex_detector_test.go:84: Expected label ZipCode, got  ([]), file ZipCode.csv:32388 data 96133
    regex_detector_test.go:84: Expected label ZipCode, got  ([]), file ZipCode.csv:32389 data 96134
    regex_detector_test.go:84: Expected label ZipCode, got  ([]), file ZipCode.csv:32390 data 96135
    regex_detector_test.go:84: Expected label ZipCode, got  ([]), file ZipCode.csv:32391 data 96136
    regex_detector_test.go:84: Expected label ZipCode, got  ([]), file ZipCode.csv:32392 data 96137
    regex_detector_test.go:84: Expected label ZipCode, got  ([]), file ZipCode.csv:32393 data 96140
    regex_detector_test.go:84: Expected label ZipCode, got  ([]), file ZipCode.csv:32394 data 96141
    regex_detector_test.go:84: Expected label ZipCode, got  ([]), file ZipCode.csv:32395 data 96142
    regex_detector_test.go:84: Expected label ZipCode, got  ([]), file ZipCode.csv:32396 data 96143
    regex_detector_test.go:84: Expected label ZipCode, got  ([]), file ZipCode.csv:32397 data 96145
    regex_detector_test.go:84: Expected label ZipCode, got  ([]), file ZipCode.csv:32398 data 96146
    regex_detector_test.go:84: Expected label ZipCode, got  ([]), file ZipCode.csv:32399 data 96148
    regex_detector_test.go:84: Expected label ZipCode, got  ([]), file ZipCode.csv:32400 data 96150
    regex_detector_test.go:84: Expected label ZipCode, got  ([]), file ZipCode.csv:32401 data 96155
    regex_detector_test.go:84: Expected label ZipCode, got  ([]), file ZipCode.csv:32402 data 96161
    regex_detector_test.go:84: Expected label ZipCode, got  ([]), file ZipCode.csv:32403 data 96701
    regex_detector_test.go:84: Expected label ZipCode, got  ([]), file ZipCode.csv:32404 data 96703
    regex_detector_test.go:84: Expected label ZipCode, got  ([]), file ZipCode.csv:32405 data 96704
    regex_detector_test.go:84: Expected label ZipCode, got  ([]), file ZipCode.csv:32406 data 96705
    regex_detector_test.go:84: Expected label ZipCode, got  ([]), file ZipCode.csv:32407 data 96706
    regex_detector_test.go:84: Expected label ZipCode, got  ([]), file ZipCode.csv:32408 data 96707
    regex_detector_test.go:84: Expected label ZipCode, got  ([]), file ZipCode.csv:32409 data 96708
    regex_detector_test.go:84: Expected label ZipCode, got  ([]), file ZipCode.csv:32410 data 96710
    regex_detector_test.go:84: Expected label ZipCode, got  ([]), file ZipCode.csv:32411 data 96712
    regex_detector_test.go:84: Expected label ZipCode, got  ([]), file ZipCode.csv:32412 data 96713
    regex_detector_test.go:84: Expected label ZipCode, got  ([]), file ZipCode.csv:32413 data 96714
    regex_detector_test.go:84: Expected label ZipCode, got  ([]), file ZipCode.csv:32414 data 96716
    regex_detector_test.go:84: Expected label ZipCode, got  ([]), file ZipCode.csv:32415 data 96717
    regex_detector_test.go:84: Expected label ZipCode, got  ([]), file ZipCode.csv:32416 data 96719
    regex_detector_test.go:84: Expected label ZipCode, got  ([]), file ZipCode.csv:32417 data 96720
    regex_detector_test.go:84: Expected label ZipCode, got  ([]), file ZipCode.csv:32418 data 96722
    regex_detector_test.go:84: Expected label ZipCode, got  ([]), file ZipCode.csv:32419 data 96725
    regex_detector_test.go:84: Expected label ZipCode, got  ([]), file ZipCode.csv:32420 data 96726
    regex_detector_test.go:84: Expected label ZipCode, got  ([]), file ZipCode.csv:32421 data 96727
    regex_detector_test.go:84: Expected label ZipCode, got  ([]), file ZipCode.csv:32422 data 96728
    regex_detector_test.go:84: Expected label ZipCode, got  ([]), file ZipCode.csv:32423 data 96729
    regex_detector_test.go:84: Expected label ZipCode, got  ([]), file ZipCode.csv:32424 data 96730
    regex_detector_test.go:84: Expected label ZipCode, got  ([]), file ZipCode.csv:32425 data 96731
    regex_detector_test.go:84: Expected label ZipCode, got  ([]), file ZipCode.csv:32426 data 96732
    regex_detector_test.go:84: Expected label ZipCode, got  ([]), file ZipCode.csv:32427 data 96734
    regex_detector_test.go:84: Expected label ZipCode, got  ([]), file ZipCode.csv:32428 data 96737
    regex_detector_test.go:84: Expected label ZipCode, got  ([]), file ZipCode.csv:32429 data 96738
    regex_detector_test.go:84: Expected label ZipCode, got  ([]), file ZipCode.csv:32430 data 96740
    regex_detector_test.go:84: Expected label ZipCode, got  ([]), file ZipCode.csv:32431 data 96741
    regex_detector_test.go:84: Expected label ZipCode, got  ([]), file ZipCode.csv:32432 data 96742
    regex_detector_test.go:84: Expected label ZipCode, got  ([]), file ZipCode.csv:32433 data 96743
    regex_detector_test.go:84: Expected label ZipCode, got  ([]), file ZipCode.csv:32434 data 96744
    regex_detector_test.go:84: Expected label ZipCode, got  ([]), file ZipCode.csv:32435 data 96746
    regex_detector_test.go:84: Expected label ZipCode, got  ([]), file ZipCode.csv:32436 data 96747
    regex_detector_test.go:84: Expected label ZipCode, got  ([]), file ZipCode.csv:32437 data 96748
    regex_detector_test.go:84: Expected label ZipCode, got  ([]), file ZipCode.csv:32438 data 96749
    regex_detector_test.go:84: Expected label ZipCode, got  ([]), file ZipCode.csv:32439 data 96750
    regex_detector_test.go:84: Expected label ZipCode, got  ([]), file ZipCode.csv:32440 data 96751
    regex_detector_test.go:84: Expected label ZipCode, got  ([]), file ZipCode.csv:32441 data 96752
    regex_detector_test.go:84: Expected label ZipCode, got  ([]), file ZipCode.csv:32442 data 96753
    regex_detector_test.go:84: Expected label ZipCode, got  ([]), file ZipCode.csv:32443 data 96754
    regex_detector_test.go:84: Expected label ZipCode, got  ([]), file ZipCode.csv:32444 data 96755
    regex_detector_test.go:84: Expected label ZipCode, got  ([]), file ZipCode.csv:32445 data 96756
    regex_detector_test.go:84: Expected label ZipCode, got  ([]), file ZipCode.csv:32446 data 96757
    regex_detector_test.go:84: Expected label ZipCode, got  ([]), file ZipCode.csv:32447 data 96759
    regex_detector_test.go:84: Expected label ZipCode, got  ([]), file ZipCode.csv:32448 data 96760
    regex_detector_test.go:84: Expected label ZipCode, got  ([]), file ZipCode.csv:32449 data 96761
    regex_detector_test.go:84: Expected label ZipCode, got  ([]), file ZipCode.csv:32450 data 96762
    regex_detector_test.go:84: Expected label ZipCode, got  ([]), file ZipCode.csv:32451 data 96763
    regex_detector_test.go:84: Expected label ZipCode, got  ([]), file ZipCode.csv:32452 data 96764
    regex_detector_test.go:84: Expected label ZipCode, got  ([]), file ZipCode.csv:32453 data 96765
    regex_detector_test.go:84: Expected label ZipCode, got  ([]), file ZipCode.csv:32454 data 96766
    regex_detector_test.go:84: Expected label ZipCode, got  ([]), file ZipCode.csv:32455 data 96768
    regex_detector_test.go:84: Expected label ZipCode, got  ([]), file ZipCode.csv:32456 data 96769
    regex_detector_test.go:84: Expected label ZipCode, got  ([]), file ZipCode.csv:32457 data 96770
    regex_detector_test.go:84: Expected label ZipCode, got  ([]), file ZipCode.csv:32458 data 96771
    regex_detector_test.go:84: Expected label ZipCode, got  ([]), file ZipCode.csv:32459 data 96772
    regex_detector_test.go:84: Expected label ZipCode, got  ([]), file ZipCode.csv:32460 data 96773
    regex_detector_test.go:84: Expected label ZipCode, got  ([]), file ZipCode.csv:32461 data 96774
    regex_detector_test.go:84: Expected label ZipCode, got  ([]), file ZipCode.csv:32462 data 96776
    regex_detector_test.go:84: Expected label ZipCode, got  ([]), file ZipCode.csv:32463 data 96777
    regex_detector_test.go:84: Expected label ZipCode, got  ([]), file ZipCode.csv:32464 data 96778
    regex_detector_test.go:84: Expected label ZipCode, got  ([]), file ZipCode.csv:32465 data 96779
    regex_detector_test.go:84: Expected label ZipCode, got  ([]), file ZipCode.csv:32466 data 96780
    regex_detector_test.go:84: Expected label ZipCode, got  ([]), file ZipCode.csv:32467 data 96781
    regex_detector_test.go:84: Expected label ZipCode, got  ([]), file ZipCode.csv:32468 data 96782
    regex_detector_test.go:84: Expected label ZipCode, got  ([]), file ZipCode.csv:32469 data 96783
    regex_detector_test.go:84: Expected label ZipCode, got  ([]), file ZipCode.csv:32470 data 96785
    regex_detector_test.go:84: Expected label ZipCode, got  ([]), file ZipCode.csv:32471 data 96786
    regex_detector_test.go:84: Expected label ZipCode, got  ([]), file ZipCode.csv:32472 data 96789
    regex_detector_test.go:84: Expected label ZipCode, got  ([]), file ZipCode.csv:32473 data 96790
    regex_detector_test.go:84: Expected label ZipCode, got  ([]), file ZipCode.csv:32474 data 96791
    regex_detector_test.go:84: Expected label ZipCode, got  ([]), file ZipCode.csv:32475 data 96792
    regex_detector_test.go:84: Expected label ZipCode, got  ([]), file ZipCode.csv:32476 data 96793
    regex_detector_test.go:84: Expected label ZipCode, got  ([]), file ZipCode.csv:32477 data 96795
    regex_detector_test.go:84: Expected label ZipCode, got  ([]), file ZipCode.csv:32478 data 96796
    regex_detector_test.go:84: Expected label ZipCode, got  ([]), file ZipCode.csv:32479 data 96797
    regex_detector_test.go:84: Expected label ZipCode, got  ([]), file ZipCode.csv:32480 data 96799
    regex_detector_test.go:84: Expected label ZipCode, got  ([]), file ZipCode.csv:32481 data 96813
    regex_detector_test.go:84: Expected label ZipCode, got  ([]), file ZipCode.csv:32482 data 96814
    regex_detector_test.go:84: Expected label ZipCode, got  ([]), file ZipCode.csv:32483 data 96815
    regex_detector_test.go:84: Expected label ZipCode, got  ([]), file ZipCode.csv:32484 data 96816
    regex_detector_test.go:84: Expected label ZipCode, got  ([]), file ZipCode.csv:32485 data 96817
    regex_detector_test.go:84: Expected label ZipCode, got  ([]), file ZipCode.csv:32486 data 96818
    regex_detector_test.go:84: Expected label ZipCode, got  ([]), file ZipCode.csv:32487 data 96819
    regex_detector_test.go:84: Expected label ZipCode, got  ([]), file ZipCode.csv:32488 data 96820
    regex_detector_test.go:84: Expected label ZipCode, got  ([]), file ZipCode.csv:32489 data 96821
    regex_detector_test.go:84: Expected label ZipCode, got  ([]), file ZipCode.csv:32490 data 96822
    regex_detector_test.go:84: Expected label ZipCode, got  ([]), file ZipCode.csv:32491 data 96825
    regex_detector_test.go:84: Expected label ZipCode, got  ([]), file ZipCode.csv:32492 data 96826
    regex_detector_test.go:84: Expected label ZipCode, got  ([]), file ZipCode.csv:32493 data 96848
    regex_detector_test.go:84: Expected label ZipCode, got  ([]), file ZipCode.csv:32494 data 96850
    regex_detector_test.go:84: Expected label ZipCode, got  ([]), file ZipCode.csv:32495 data 96853
    regex_detector_test.go:84: Expected label ZipCode, got  ([]), file ZipCode.csv:32496 data 96857
    regex_detector_test.go:84: Expected label ZipCode, got  ([]), file ZipCode.csv:32497 data 96858
    regex_detector_test.go:84: Expected label ZipCode, got  ([]), file ZipCode.csv:32498 data 96859
    regex_detector_test.go:84: Expected label ZipCode, got  ([]), file ZipCode.csv:32499 data 96860
    regex_detector_test.go:84: Expected label ZipCode, got  ([]), file ZipCode.csv:32500 data 96863
    regex_detector_test.go:84: Expected label ZipCode, got  ([]), file ZipCode.csv:32501 data 96910
    regex_detector_test.go:84: Expected label ZipCode, got  ([]), file ZipCode.csv:32502 data 96913
    regex_detector_test.go:84: Expected label ZipCode, got  ([]), file ZipCode.csv:32503 data 96915
    regex_detector_test.go:84: Expected label ZipCode, got  ([]), file ZipCode.csv:32504 data 96916
    regex_detector_test.go:84: Expected label ZipCode, got  ([]), file ZipCode.csv:32505 data 96917
    regex_detector_test.go:84: Expected label ZipCode, got  ([]), file ZipCode.csv:32506 data 96928
    regex_detector_test.go:84: Expected label ZipCode, got  ([]), file ZipCode.csv:32507 data 96929
    regex_detector_test.go:84: Expected label ZipCode, got  ([]), file ZipCode.csv:32508 data 96950
    regex_detector_test.go:84: Expected label ZipCode, got  ([]), file ZipCode.csv:32509 data 96951
    regex_detector_test.go:84: Expected label ZipCode, got  ([]), file ZipCode.csv:32510 data 96952
    regex_detector_test.go:84: Expected label ZipCode, got  ([]), file ZipCode.csv:32511 data 97001
    regex_detector_test.go:84: Expected label ZipCode, got  ([]), file ZipCode.csv:32512 data 97002
    regex_detector_test.go:84: Expected label ZipCode, got  ([]), file ZipCode.csv:32513 data 97003
    regex_detector_test.go:84: Expected label ZipCode, got  ([]), file ZipCode.csv:32514 data 97004
    regex_detector_test.go:84: Expected label ZipCode, got  ([]), file ZipCode.csv:32515 data 97005
    regex_detector_test.go:84: Expected label ZipCode, got  ([]), file ZipCode.csv:32516 data 97006
    regex_detector_test.go:84: Expected label ZipCode, got  ([]), file ZipCode.csv:32517 data 97007
    regex_detector_test.go:84: Expected label ZipCode, got  ([]), file ZipCode.csv:32518 data 97008
    regex_detector_test.go:84: Expected label ZipCode, got  ([]), file ZipCode.csv:32519 data 97009
    regex_detector_test.go:84: Expected label ZipCode, got  ([]), file ZipCode.csv:32520 data 97011
    regex_detector_test.go:84: Expected label ZipCode, got  ([]), file ZipCode.csv:32521 data 97013
    regex_detector_test.go:84: Expected label ZipCode, got  ([]), file ZipCode.csv:32522 data 97014
    regex_detector_test.go:84: Expected label ZipCode, got  ([]), file ZipCode.csv:32523 data 97015
    regex_detector_test.go:84: Expected label ZipCode, got  ([]), file ZipCode.csv:32524 data 97016
    regex_detector_test.go:84: Expected label ZipCode, got  ([]), file ZipCode.csv:32525 data 97017
    regex_detector_test.go:84: Expected label ZipCode, got  ([]), file ZipCode.csv:32526 data 97018
    regex_detector_test.go:84: Expected label ZipCode, got  ([]), file ZipCode.csv:32527 data 97019
    regex_detector_test.go:84: Expected label ZipCode, got  ([]), file ZipCode.csv:32528 data 97020
    regex_detector_test.go:84: Expected label ZipCode, got  ([]), file ZipCode.csv:32529 data 97021
    regex_detector_test.go:84: Expected label ZipCode, got  ([]), file ZipCode.csv:32530 data 97022
    regex_detector_test.go:84: Expected label ZipCode, got  ([]), file ZipCode.csv:32531 data 97023
    regex_detector_test.go:84: Expected label ZipCode, got  ([]), file ZipCode.csv:32532 data 97024
    regex_detector_test.go:84: Expected label ZipCode, got  ([]), file ZipCode.csv:32533 data 97026
    regex_detector_test.go:84: Expected label ZipCode, got  ([]), file ZipCode.csv:32534 data 97027
    regex_detector_test.go:84: Expected label ZipCode, got  ([]), file ZipCode.csv:32535 data 97028
    regex_detector_test.go:84: Expected label ZipCode, got  ([]), file ZipCode.csv:32536 data 97029
    regex_detector_test.go:84: Expected label ZipCode, got  ([]), file ZipCode.csv:32537 data 97030
    regex_detector_test.go:84: Expected label ZipCode, got  ([]), file ZipCode.csv:32538 data 97031
    regex_detector_test.go:84: Expected label ZipCode, got  ([]), file ZipCode.csv:32539 data 97032
    regex_detector_test.go:84: Expected label ZipCode, got  ([]), file ZipCode.csv:32540 data 97033
    regex_detector_test.go:84: Expected label ZipCode, got  ([]), file ZipCode.csv:32541 data 97034
    regex_detector_test.go:84: Expected label ZipCode, got  ([]), file ZipCode.csv:32542 data 97035
    regex_detector_test.go:84: Expected label ZipCode, got  ([]), file ZipCode.csv:32543 data 97037
    regex_detector_test.go:84: Expected label ZipCode, got  ([]), file ZipCode.csv:32544 data 97038
    regex_detector_test.go:84: Expected label ZipCode, got  ([]), file ZipCode.csv:32545 data 97039
    regex_detector_test.go:84: Expected label ZipCode, got  ([]), file ZipCode.csv:32546 data 97040
    regex_detector_test.go:84: Expected label ZipCode, got  ([]), file ZipCode.csv:32547 data 97041
    regex_detector_test.go:84: Expected label ZipCode, got  ([]), file ZipCode.csv:32548 data 97042
    regex_detector_test.go:84: Expected label ZipCode, got  ([]), file ZipCode.csv:32549 data 97045
    regex_detector_test.go:84: Expected label ZipCode, got  ([]), file ZipCode.csv:32550 data 97048
    regex_detector_test.go:84: Expected label ZipCode, got  ([]), file ZipCode.csv:32551 data 97049
    regex_detector_test.go:84: Expected label ZipCode, got  ([]), file ZipCode.csv:32552 data 97050
    regex_detector_test.go:84: Expected label ZipCode, got  ([]), file ZipCode.csv:32553 data 97051
    regex_detector_test.go:84: Expected label ZipCode, got  ([]), file ZipCode.csv:32554 data 97053
    regex_detector_test.go:84: Expected label ZipCode, got  ([]), file ZipCode.csv:32555 data 97054
    regex_detector_test.go:84: Expected label ZipCode, got  ([]), file ZipCode.csv:32556 data 97055
    regex_detector_test.go:84: Expected label ZipCode, got  ([]), file ZipCode.csv:32557 data 97056
    regex_detector_test.go:84: Expected label ZipCode, got  ([]), file ZipCode.csv:32558 data 97057
    regex_detector_test.go:84: Expected label ZipCode, got  ([]), file ZipCode.csv:32559 data 97058
    regex_detector_test.go:84: Expected label ZipCode, got  ([]), file ZipCode.csv:32560 data 97060
    regex_detector_test.go:84: Expected label ZipCode, got  ([]), file ZipCode.csv:32561 data 97062
    regex_detector_test.go:84: Expected label ZipCode, got  ([]), file ZipCode.csv:32562 data 97063
    regex_detector_test.go:84: Expected label ZipCode, got  ([]), file ZipCode.csv:32563 data 97064
    regex_detector_test.go:84: Expected label ZipCode, got  ([]), file ZipCode.csv:32564 data 97065
    regex_detector_test.go:84: Expected label ZipCode, got  ([]), file ZipCode.csv:32565 data 97067
    regex_detector_test.go:84: Expected label ZipCode, got  ([]), file ZipCode.csv:32566 data 97068
    regex_detector_test.go:84: Expected label ZipCode, got  ([]), file ZipCode.csv:32567 data 97070
    regex_detector_test.go:84: Expected label ZipCode, got  ([]), file ZipCode.csv:32568 data 97071
    regex_detector_test.go:84: Expected label ZipCode, got  ([]), file ZipCode.csv:32569 data 97078
    regex_detector_test.go:84: Expected label ZipCode, got  ([]), file ZipCode.csv:32570 data 97080
    regex_detector_test.go:84: Expected label ZipCode, got  ([]), file ZipCode.csv:32571 data 97086
    regex_detector_test.go:84: Expected label ZipCode, got  ([]), file ZipCode.csv:32572 data 97089
    regex_detector_test.go:84: Expected label ZipCode, got  ([]), file ZipCode.csv:32573 data 97101
    regex_detector_test.go:84: Expected label ZipCode, got  ([]), file ZipCode.csv:32574 data 97102
    regex_detector_test.go:84: Expected label ZipCode, got  ([]), file ZipCode.csv:32575 data 97103
    regex_detector_test.go:84: Expected label ZipCode, got  ([]), file ZipCode.csv:32576 data 97106
    regex_detector_test.go:84: Expected label ZipCode, got  ([]), file ZipCode.csv:32577 data 97107
    regex_detector_test.go:84: Expected label ZipCode, got  ([]), file ZipCode.csv:32578 data 97108
    regex_detector_test.go:84: Expected label ZipCode, got  ([]), file ZipCode.csv:32579 data 97109
    regex_detector_test.go:84: Expected label ZipCode, got  ([]), file ZipCode.csv:32580 data 97110
    regex_detector_test.go:84: Expected label ZipCode, got  ([]), file ZipCode.csv:32581 data 97111
    regex_detector_test.go:84: Expected label ZipCode, got  ([]), file ZipCode.csv:32582 data 97112
    regex_detector_test.go:84: Expected label ZipCode, got  ([]), file ZipCode.csv:32583 data 97113
    regex_detector_test.go:84: Expected label ZipCode, got  ([]), file ZipCode.csv:32584 data 97114
    regex_detector_test.go:84: Expected label ZipCode, got  ([]), file ZipCode.csv:32585 data 97115
    regex_detector_test.go:84: Expected label ZipCode, got  ([]), file ZipCode.csv:32586 data 97116
    regex_detector_test.go:84: Expected label ZipCode, got  ([]), file ZipCode.csv:32587 data 97117
    regex_detector_test.go:84: Expected label ZipCode, got  ([]), file ZipCode.csv:32588 data 97118
    regex_detector_test.go:84: Expected label ZipCode, got  ([]), file ZipCode.csv:32589 data 97119
    regex_detector_test.go:84: Expected label ZipCode, got  ([]), file ZipCode.csv:32590 data 97121
    regex_detector_test.go:84: Expected label ZipCode, got  ([]), file ZipCode.csv:32591 data 97122
    regex_detector_test.go:84: Expected label ZipCode, got  ([]), file ZipCode.csv:32592 data 97123
    regex_detector_test.go:84: Expected label ZipCode, got  ([]), file ZipCode.csv:32593 data 97124
    regex_detector_test.go:84: Expected label ZipCode, got  ([]), file ZipCode.csv:32594 data 97125
    regex_detector_test.go:84: Expected label ZipCode, got  ([]), file ZipCode.csv:32595 data 97127
    regex_detector_test.go:84: Expected label ZipCode, got  ([]), file ZipCode.csv:32596 data 97128
    regex_detector_test.go:84: Expected label ZipCode, got  ([]), file ZipCode.csv:32597 data 97130
    regex_detector_test.go:84: Expected label ZipCode, got  ([]), file ZipCode.csv:32598 data 97131
    regex_detector_test.go:84: Expected label ZipCode, got  ([]), file ZipCode.csv:32599 data 97132
    regex_detector_test.go:84: Expected label ZipCode, got  ([]), file ZipCode.csv:32600 data 97133
    regex_detector_test.go:84: Expected label ZipCode, got  ([]), file ZipCode.csv:32601 data 97134
    regex_detector_test.go:84: Expected label ZipCode, got  ([]), file ZipCode.csv:32602 data 97135
    regex_detector_test.go:84: Expected label ZipCode, got  ([]), file ZipCode.csv:32603 data 97136
    regex_detector_test.go:84: Expected label ZipCode, got  ([]), file ZipCode.csv:32604 data 97137
    regex_detector_test.go:84: Expected label ZipCode, got  ([]), file ZipCode.csv:32605 data 97138
    regex_detector_test.go:84: Expected label ZipCode, got  ([]), file ZipCode.csv:32606 data 97140
    regex_detector_test.go:84: Expected label ZipCode, got  ([]), file ZipCode.csv:32607 data 97141
    regex_detector_test.go:84: Expected label ZipCode, got  ([]), file ZipCode.csv:32608 data 97144
    regex_detector_test.go:84: Expected label ZipCode, got  ([]), file ZipCode.csv:32609 data 97145
    regex_detector_test.go:84: Expected label ZipCode, got  ([]), file ZipCode.csv:32610 data 97146
    regex_detector_test.go:84: Expected label ZipCode, got  ([]), file ZipCode.csv:32611 data 97147
    regex_detector_test.go:84: Expected label ZipCode, got  ([]), file ZipCode.csv:32612 data 97148
    regex_detector_test.go:84: Expected label ZipCode, got  ([]), file ZipCode.csv:32613 data 97149
    regex_detector_test.go:84: Expected label ZipCode, got  ([]), file ZipCode.csv:32614 data 97201
    regex_detector_test.go:84: Expected label ZipCode, got  ([]), file ZipCode.csv:32615 data 97202
    regex_detector_test.go:84: Expected label ZipCode, got  ([]), file ZipCode.csv:32616 data 97203
    regex_detector_test.go:84: Expected label ZipCode, got  ([]), file ZipCode.csv:32617 data 97204
    regex_detector_test.go:84: Expected label ZipCode, got  ([]), file ZipCode.csv:32618 data 97205
    regex_detector_test.go:84: Expected label ZipCode, got  ([]), file ZipCode.csv:32619 data 97206
    regex_detector_test.go:84: Expected label ZipCode, got  ([]), file ZipCode.csv:32620 data 97208
    regex_detector_test.go:84: Expected label ZipCode, got  ([]), file ZipCode.csv:32621 data 97209
    regex_detector_test.go:84: Expected label ZipCode, got  ([]), file ZipCode.csv:32622 data 97210
    regex_detector_test.go:84: Expected label ZipCode, got  ([]), file ZipCode.csv:32623 data 97211
    regex_detector_test.go:84: Expected label ZipCode, got  ([]), file ZipCode.csv:32624 data 97212
    regex_detector_test.go:84: Expected label ZipCode, got  ([]), file ZipCode.csv:32625 data 97213
    regex_detector_test.go:84: Expected label ZipCode, got  ([]), file ZipCode.csv:32626 data 97214
    regex_detector_test.go:84: Expected label ZipCode, got  ([]), file ZipCode.csv:32627 data 97215
    regex_detector_test.go:84: Expected label ZipCode, got  ([]), file ZipCode.csv:32628 data 97216
    regex_detector_test.go:84: Expected label ZipCode, got  ([]), file ZipCode.csv:32629 data 97217
    regex_detector_test.go:84: Expected label ZipCode, got  ([]), file ZipCode.csv:32630 data 97218
    regex_detector_test.go:84: Expected label ZipCode, got  ([]), file ZipCode.csv:32631 data 97219
    regex_detector_test.go:84: Expected label ZipCode, got  ([]), file ZipCode.csv:32632 data 97220
    regex_detector_test.go:84: Expected label ZipCode, got  ([]), file ZipCode.csv:32633 data 97221
    regex_detector_test.go:84: Expected label ZipCode, got  ([]), file ZipCode.csv:32634 data 97222
    regex_detector_test.go:84: Expected label ZipCode, got  ([]), file ZipCode.csv:32635 data 97223
    regex_detector_test.go:84: Expected label ZipCode, got  ([]), file ZipCode.csv:32636 data 97224
    regex_detector_test.go:84: Expected label ZipCode, got  ([]), file ZipCode.csv:32637 data 97225
    regex_detector_test.go:84: Expected label ZipCode, got  ([]), file ZipCode.csv:32638 data 97227
    regex_detector_test.go:84: Expected label ZipCode, got  ([]), file ZipCode.csv:32639 data 97229
    regex_detector_test.go:84: Expected label ZipCode, got  ([]), file ZipCode.csv:32640 data 97230
    regex_detector_test.go:84: Expected label ZipCode, got  ([]), file ZipCode.csv:32641 data 97231
    regex_detector_test.go:84: Expected label ZipCode, got  ([]), file ZipCode.csv:32642 data 97232
    regex_detector_test.go:84: Expected label ZipCode, got  ([]), file ZipCode.csv:32643 data 97233
    regex_detector_test.go:84: Expected label ZipCode, got  ([]), file ZipCode.csv:32644 data 97236
    regex_detector_test.go:84: Expected label ZipCode, got  ([]), file ZipCode.csv:32645 data 97239
    regex_detector_test.go:84: Expected label ZipCode, got  ([]), file ZipCode.csv:32646 data 97266
    regex_detector_test.go:84: Expected label ZipCode, got  ([]), file ZipCode.csv:32647 data 97267
    regex_detector_test.go:84: Expected label ZipCode, got  ([]), file ZipCode.csv:32648 data 97301
    regex_detector_test.go:84: Expected label ZipCode, got  ([]), file ZipCode.csv:32649 data 97302
    regex_detector_test.go:84: Expected label ZipCode, got  ([]), file ZipCode.csv:32650 data 97303
    regex_detector_test.go:84: Expected label ZipCode, got  ([]), file ZipCode.csv:32651 data 97304
    regex_detector_test.go:84: Expected label ZipCode, got  ([]), file ZipCode.csv:32652 data 97305
    regex_detector_test.go:84: Expected label ZipCode, got  ([]), file ZipCode.csv:32653 data 97306
    regex_detector_test.go:84: Expected label ZipCode, got  ([]), file ZipCode.csv:32654 data 97310
    regex_detector_test.go:84: Expected label ZipCode, got  ([]), file ZipCode.csv:32655 data 97317
    regex_detector_test.go:84: Expected label ZipCode, got  ([]), file ZipCode.csv:32656 data 97321
    regex_detector_test.go:84: Expected label ZipCode, got  ([]), file ZipCode.csv:32657 data 97322
    regex_detector_test.go:84: Expected label ZipCode, got  ([]), file ZipCode.csv:32658 data 97324
    regex_detector_test.go:84: Expected label ZipCode, got  ([]), file ZipCode.csv:32659 data 97325
    regex_detector_test.go:84: Expected label ZipCode, got  ([]), file ZipCode.csv:32660 data 97326
    regex_detector_test.go:84: Expected label ZipCode, got  ([]), file ZipCode.csv:32661 data 97327
    regex_detector_test.go:84: Expected label ZipCode, got  ([]), file ZipCode.csv:32662 data 97329
    regex_detector_test.go:84: Expected label ZipCode, got  ([]), file ZipCode.csv:32663 data 97330
    regex_detector_test.go:84: Expected label ZipCode, got  ([]), file ZipCode.csv:32664 data 97331
    regex_detector_test.go:84: Expected label ZipCode, got  ([]), file ZipCode.csv:32665 data 97333
    regex_detector_test.go:84: Expected label ZipCode, got  ([]), file ZipCode.csv:32666 data 97335
    regex_detector_test.go:84: Expected label ZipCode, got  ([]), file ZipCode.csv:32667 data 97336
    regex_detector_test.go:84: Expected label ZipCode, got  ([]), file ZipCode.csv:32668 data 97338
    regex_detector_test.go:84: Expected label ZipCode, got  ([]), file ZipCode.csv:32669 data 97341
    regex_detector_test.go:84: Expected label ZipCode, got  ([]), file ZipCode.csv:32670 data 97342
    regex_detector_test.go:84: Expected label ZipCode, got  ([]), file ZipCode.csv:32671 data 97343
    regex_detector_test.go:84: Expected label ZipCode, got  ([]), file ZipCode.csv:32672 data 97344
    regex_detector_test.go:84: Expected label ZipCode, got  ([]), file ZipCode.csv:32673 data 97345
    regex_detector_test.go:84: Expected label ZipCode, got  ([]), file ZipCode.csv:32674 data 97346
    regex_detector_test.go:84: Expected label ZipCode, got  ([]), file ZipCode.csv:32675 data 97347
    regex_detector_test.go:84: Expected label ZipCode, got  ([]), file ZipCode.csv:32676 data 97348
    regex_detector_test.go:84: Expected label ZipCode, got  ([]), file ZipCode.csv:32677 data 97350
    regex_detector_test.go:84: Expected label ZipCode, got  ([]), file ZipCode.csv:32678 data 97351
    regex_detector_test.go:84: Expected label ZipCode, got  ([]), file ZipCode.csv:32679 data 97352
    regex_detector_test.go:84: Expected label ZipCode, got  ([]), file ZipCode.csv:32680 data 97355
    regex_detector_test.go:84: Expected label ZipCode, got  ([]), file ZipCode.csv:32681 data 97357
    regex_detector_test.go:84: Expected label ZipCode, got  ([]), file ZipCode.csv:32682 data 97358
    regex_detector_test.go:84: Expected label ZipCode, got  ([]), file ZipCode.csv:32683 data 97360
    regex_detector_test.go:84: Expected label ZipCode, got  ([]), file ZipCode.csv:32684 data 97361
    regex_detector_test.go:84: Expected label ZipCode, got  ([]), file ZipCode.csv:32685 data 97362
    regex_detector_test.go:84: Expected label ZipCode, got  ([]), file ZipCode.csv:32686 data 97364
    regex_detector_test.go:84: Expected label ZipCode, got  ([]), file ZipCode.csv:32687 data 97365
    regex_detector_test.go:84: Expected label ZipCode, got  ([]), file ZipCode.csv:32688 data 97366
    regex_detector_test.go:84: Expected label ZipCode, got  ([]), file ZipCode.csv:32689 data 97367
    regex_detector_test.go:84: Expected label ZipCode, got  ([]), file ZipCode.csv:32690 data 97368
    regex_detector_test.go:84: Expected label ZipCode, got  ([]), file ZipCode.csv:32691 data 97369
    regex_detector_test.go:84: Expected label ZipCode, got  ([]), file ZipCode.csv:32692 data 97370
    regex_detector_test.go:84: Expected label ZipCode, got  ([]), file ZipCode.csv:32693 data 97371
    regex_detector_test.go:84: Expected label ZipCode, got  ([]), file ZipCode.csv:32694 data 97373
    regex_detector_test.go:84: Expected label ZipCode, got  ([]), file ZipCode.csv:32695 data 97374
    regex_detector_test.go:84: Expected label ZipCode, got  ([]), file ZipCode.csv:32696 data 97375
    regex_detector_test.go:84: Expected label ZipCode, got  ([]), file ZipCode.csv:32697 data 97376
    regex_detector_test.go:84: Expected label ZipCode, got  ([]), file ZipCode.csv:32698 data 97377
    regex_detector_test.go:84: Expected label ZipCode, got  ([]), file ZipCode.csv:32699 data 97378
    regex_detector_test.go:84: Expected label ZipCode, got  ([]), file ZipCode.csv:32700 data 97380
    regex_detector_test.go:84: Expected label ZipCode, got  ([]), file ZipCode.csv:32701 data 97381
    regex_detector_test.go:84: Expected label ZipCode, got  ([]), file ZipCode.csv:32702 data 97383
    regex_detector_test.go:84: Expected label ZipCode, got  ([]), file ZipCode.csv:32703 data 97384
    regex_detector_test.go:84: Expected label ZipCode, got  ([]), file ZipCode.csv:32704 data 97385
    regex_detector_test.go:84: Expected label ZipCode, got  ([]), file ZipCode.csv:32705 data 97386
    regex_detector_test.go:84: Expected label ZipCode, got  ([]), file ZipCode.csv:32706 data 97388
    regex_detector_test.go:84: Expected label ZipCode, got  ([]), file ZipCode.csv:32707 data 97389
    regex_detector_test.go:84: Expected label ZipCode, got  ([]), file ZipCode.csv:32708 data 97390
    regex_detector_test.go:84: Expected label ZipCode, got  ([]), file ZipCode.csv:32709 data 97391
    regex_detector_test.go:84: Expected label ZipCode, got  ([]), file ZipCode.csv:32710 data 97392
    regex_detector_test.go:84: Expected label ZipCode, got  ([]), file ZipCode.csv:32711 data 97394
    regex_detector_test.go:84: Expected label ZipCode, got  ([]), file ZipCode.csv:32712 data 97396
    regex_detector_test.go:84: Expected label ZipCode, got  ([]), file ZipCode.csv:32713 data 97401
    regex_detector_test.go:84: Expected label ZipCode, got  ([]), file ZipCode.csv:32714 data 97402
    regex_detector_test.go:84: Expected label ZipCode, got  ([]), file ZipCode.csv:32715 data 97403
    regex_detector_test.go:84: Expected label ZipCode, got  ([]), file ZipCode.csv:32716 data 97404
    regex_detector_test.go:84: Expected label ZipCode, got  ([]), file ZipCode.csv:32717 data 97405
    regex_detector_test.go:84: Expected label ZipCode, got  ([]), file ZipCode.csv:32718 data 97406
    regex_detector_test.go:84: Expected label ZipCode, got  ([]), file ZipCode.csv:32719 data 97408
    regex_detector_test.go:84: Expected label ZipCode, got  ([]), file ZipCode.csv:32720 data 97410
    regex_detector_test.go:84: Expected label ZipCode, got  ([]), file ZipCode.csv:32721 data 97411
    regex_detector_test.go:84: Expected label ZipCode, got  ([]), file ZipCode.csv:32722 data 97412
    regex_detector_test.go:84: Expected label ZipCode, got  ([]), file ZipCode.csv:32723 data 97413
    regex_detector_test.go:84: Expected label ZipCode, got  ([]), file ZipCode.csv:32724 data 97414
    regex_detector_test.go:84: Expected label ZipCode, got  ([]), file ZipCode.csv:32725 data 97415
    regex_detector_test.go:84: Expected label ZipCode, got  ([]), file ZipCode.csv:32726 data 97416
    regex_detector_test.go:84: Expected label ZipCode, got  ([]), file ZipCode.csv:32727 data 97417
    regex_detector_test.go:84: Expected label ZipCode, got  ([]), file ZipCode.csv:32728 data 97419
    regex_detector_test.go:84: Expected label ZipCode, got  ([]), file ZipCode.csv:32729 data 97420
    regex_detector_test.go:84: Expected label ZipCode, got  ([]), file ZipCode.csv:32730 data 97423
    regex_detector_test.go:84: Expected label ZipCode, got  ([]), file ZipCode.csv:32731 data 97424
    regex_detector_test.go:84: Expected label ZipCode, got  ([]), file ZipCode.csv:32732 data 97426
    regex_detector_test.go:84: Expected label ZipCode, got  ([]), file ZipCode.csv:32733 data 97429
    regex_detector_test.go:84: Expected label ZipCode, got  ([]), file ZipCode.csv:32734 data 97430
    regex_detector_test.go:84: Expected label ZipCode, got  ([]), file ZipCode.csv:32735 data 97431
    regex_detector_test.go:84: Expected label ZipCode, got  ([]), file ZipCode.csv:32736 data 97432
    regex_detector_test.go:84: Expected label ZipCode, got  ([]), file ZipCode.csv:32737 data 97434
    regex_detector_test.go:84: Expected label ZipCode, got  ([]), file ZipCode.csv:32738 data 97435
    regex_detector_test.go:84: Expected label ZipCode, got  ([]), file ZipCode.csv:32739 data 97436
    regex_detector_test.go:84: Expected label ZipCode, got  ([]), file ZipCode.csv:32740 data 97437
    regex_detector_test.go:84: Expected label ZipCode, got  ([]), file ZipCode.csv:32741 data 97438
    regex_detector_test.go:84: Expected label ZipCode, got  ([]), file ZipCode.csv:32742 data 97439
    regex_detector_test.go:84: Expected label ZipCode, got  ([]), file ZipCode.csv:32743 data 97441
    regex_detector_test.go:84: Expected label ZipCode, got  ([]), file ZipCode.csv:32744 data 97442
    regex_detector_test.go:84: Expected label ZipCode, got  ([]), file ZipCode.csv:32745 data 97443
    regex_detector_test.go:84: Expected label ZipCode, got  ([]), file ZipCode.csv:32746 data 97444
    regex_detector_test.go:84: Expected label ZipCode, got  ([]), file ZipCode.csv:32747 data 97446
    regex_detector_test.go:84: Expected label ZipCode, got  ([]), file ZipCode.csv:32748 data 97447
    regex_detector_test.go:84: Expected label ZipCode, got  ([]), file ZipCode.csv:32749 data 97448
    regex_detector_test.go:84: Expected label ZipCode, got  ([]), file ZipCode.csv:32750 data 97449
    regex_detector_test.go:84: Expected label ZipCode, got  ([]), file ZipCode.csv:32751 data 97450
    regex_detector_test.go:84: Expected label ZipCode, got  ([]), file ZipCode.csv:32752 data 97451
    regex_detector_test.go:84: Expected label ZipCode, got  ([]), file ZipCode.csv:32753 data 97452
    regex_detector_test.go:84: Expected label ZipCode, got  ([]), file ZipCode.csv:32754 data 97453
    regex_detector_test.go:84: Expected label ZipCode, got  ([]), file ZipCode.csv:32755 data 97454
    regex_detector_test.go:84: Expected label ZipCode, got  ([]), file ZipCode.csv:32756 data 97455
    regex_detector_test.go:84: Expected label ZipCode, got  ([]), file ZipCode.csv:32757 data 97456
    regex_detector_test.go:84: Expected label ZipCode, got  ([]), file ZipCode.csv:32758 data 97457
    regex_detector_test.go:84: Expected label ZipCode, got  ([]), file ZipCode.csv:32759 data 97458
    regex_detector_test.go:84: Expected label ZipCode, got  ([]), file ZipCode.csv:32760 data 97459
    regex_detector_test.go:84: Expected label ZipCode, got  ([]), file ZipCode.csv:32761 data 97461
    regex_detector_test.go:84: Expected label ZipCode, got  ([]), file ZipCode.csv:32762 data 97462
    regex_detector_test.go:84: Expected label ZipCode, got  ([]), file ZipCode.csv:32763 data 97463
    regex_detector_test.go:84: Expected label ZipCode, got  ([]), file ZipCode.csv:32764 data 97465
    regex_detector_test.go:84: Expected label ZipCode, got  ([]), file ZipCode.csv:32765 data 97466
    regex_detector_test.go:84: Expected label ZipCode, got  ([]), file ZipCode.csv:32766 data 97467
    regex_detector_test.go:84: Expected label ZipCode, got  ([]), file ZipCode.csv:32767 data 97469
    regex_detector_test.go:84: Expected label ZipCode, got  ([]), file ZipCode.csv:32768 data 97470
    regex_detector_test.go:84: Expected label ZipCode, got  ([]), file ZipCode.csv:32769 data 97471
    regex_detector_test.go:84: Expected label ZipCode, got  ([]), file ZipCode.csv:32770 data 97473
    regex_detector_test.go:84: Expected label ZipCode, got  ([]), file ZipCode.csv:32771 data 97476
    regex_detector_test.go:84: Expected label ZipCode, got  ([]), file ZipCode.csv:32772 data 97477
    regex_detector_test.go:84: Expected label ZipCode, got  ([]), file ZipCode.csv:32773 data 97478
    regex_detector_test.go:84: Expected label ZipCode, got  ([]), file ZipCode.csv:32774 data 97479
    regex_detector_test.go:84: Expected label ZipCode, got  ([]), file ZipCode.csv:32775 data 97480
    regex_detector_test.go:84: Expected label ZipCode, got  ([]), file ZipCode.csv:32776 data 97481
    regex_detector_test.go:84: Expected label ZipCode, got  ([]), file ZipCode.csv:32777 data 97484
    regex_detector_test.go:84: Expected label ZipCode, got  ([]), file ZipCode.csv:32778 data 97486
    regex_detector_test.go:84: Expected label ZipCode, got  ([]), file ZipCode.csv:32779 data 97487
    regex_detector_test.go:84: Expected label ZipCode, got  ([]), file ZipCode.csv:32780 data 97488
    regex_detector_test.go:84: Expected label ZipCode, got  ([]), file ZipCode.csv:32781 data 97489
    regex_detector_test.go:84: Expected label ZipCode, got  ([]), file ZipCode.csv:32782 data 97490
    regex_detector_test.go:84: Expected label ZipCode, got  ([]), file ZipCode.csv:32783 data 97492
    regex_detector_test.go:84: Expected label ZipCode, got  ([]), file ZipCode.csv:32784 data 97493
    regex_detector_test.go:84: Expected label ZipCode, got  ([]), file ZipCode.csv:32785 data 97494
    regex_detector_test.go:84: Expected label ZipCode, got  ([]), file ZipCode.csv:32786 data 97495
    regex_detector_test.go:84: Expected label ZipCode, got  ([]), file ZipCode.csv:32787 data 97496
    regex_detector_test.go:84: Expected label ZipCode, got  ([]), file ZipCode.csv:32788 data 97497
    regex_detector_test.go:84: Expected label ZipCode, got  ([]), file ZipCode.csv:32789 data 97498
    regex_detector_test.go:84: Expected label ZipCode, got  ([]), file ZipCode.csv:32790 data 97499
    regex_detector_test.go:84: Expected label ZipCode, got  ([]), file ZipCode.csv:32791 data 97501
    regex_detector_test.go:84: Expected label ZipCode, got  ([]), file ZipCode.csv:32792 data 97502
    regex_detector_test.go:84: Expected label ZipCode, got  ([]), file ZipCode.csv:32793 data 97503
    regex_detector_test.go:84: Expected label ZipCode, got  ([]), file ZipCode.csv:32794 data 97504
    regex_detector_test.go:84: Expected label ZipCode, got  ([]), file ZipCode.csv:32795 data 97520
    regex_detector_test.go:84: Expected label ZipCode, got  ([]), file ZipCode.csv:32796 data 97522
    regex_detector_test.go:84: Expected label ZipCode, got  ([]), file ZipCode.csv:32797 data 97523
    regex_detector_test.go:84: Expected label ZipCode, got  ([]), file ZipCode.csv:32798 data 97524
    regex_detector_test.go:84: Expected label ZipCode, got  ([]), file ZipCode.csv:32799 data 97525
    regex_detector_test.go:84: Expected label ZipCode, got  ([]), file ZipCode.csv:32800 data 97526
    regex_detector_test.go:84: Expected label ZipCode, got  ([]), file ZipCode.csv:32801 data 97527
    regex_detector_test.go:84: Expected label ZipCode, got  ([]), file ZipCode.csv:32802 data 97530
    regex_detector_test.go:84: Expected label ZipCode, got  ([]), file ZipCode.csv:32803 data 97531
    regex_detector_test.go:84: Expected label ZipCode, got  ([]), file ZipCode.csv:32804 data 97532
    regex_detector_test.go:84: Expected label ZipCode, got  ([]), file ZipCode.csv:32805 data 97534
    regex_detector_test.go:84: Expected label ZipCode, got  ([]), file ZipCode.csv:32806 data 97535
    regex_detector_test.go:84: Expected label ZipCode, got  ([]), file ZipCode.csv:32807 data 97536
    regex_detector_test.go:84: Expected label ZipCode, got  ([]), file ZipCode.csv:32808 data 97537
    regex_detector_test.go:84: Expected label ZipCode, got  ([]), file ZipCode.csv:32809 data 97538
    regex_detector_test.go:84: Expected label ZipCode, got  ([]), file ZipCode.csv:32810 data 97539
    regex_detector_test.go:84: Expected label ZipCode, got  ([]), file ZipCode.csv:32811 data 97540
    regex_detector_test.go:84: Expected label ZipCode, got  ([]), file ZipCode.csv:32812 data 97541
    regex_detector_test.go:84: Expected label ZipCode, got  ([]), file ZipCode.csv:32813 data 97543
    regex_detector_test.go:84: Expected label ZipCode, got  ([]), file ZipCode.csv:32814 data 97544
    regex_detector_test.go:84: Expected label ZipCode, got  ([]), file ZipCode.csv:32815 data 97601
    regex_detector_test.go:84: Expected label ZipCode, got  ([]), file ZipCode.csv:32816 data 97603
    regex_detector_test.go:84: Expected label ZipCode, got  ([]), file ZipCode.csv:32817 data 97604
    regex_detector_test.go:84: Expected label ZipCode, got  ([]), file ZipCode.csv:32818 data 97620
    regex_detector_test.go:84: Expected label ZipCode, got  ([]), file ZipCode.csv:32819 data 97621
    regex_detector_test.go:84: Expected label ZipCode, got  ([]), file ZipCode.csv:32820 data 97622
    regex_detector_test.go:84: Expected label ZipCode, got  ([]), file ZipCode.csv:32821 data 97623
    regex_detector_test.go:84: Expected label ZipCode, got  ([]), file ZipCode.csv:32822 data 97624
    regex_detector_test.go:84: Expected label ZipCode, got  ([]), file ZipCode.csv:32823 data 97625
    regex_detector_test.go:84: Expected label ZipCode, got  ([]), file ZipCode.csv:32824 data 97626
    regex_detector_test.go:84: Expected label ZipCode, got  ([]), file ZipCode.csv:32825 data 97627
    regex_detector_test.go:84: Expected label ZipCode, got  ([]), file ZipCode.csv:32826 data 97630
    regex_detector_test.go:84: Expected label ZipCode, got  ([]), file ZipCode.csv:32827 data 97632
    regex_detector_test.go:84: Expected label ZipCode, got  ([]), file ZipCode.csv:32828 data 97633
    regex_detector_test.go:84: Expected label ZipCode, got  ([]), file ZipCode.csv:32829 data 97634
    regex_detector_test.go:84: Expected label ZipCode, got  ([]), file ZipCode.csv:32830 data 97635
    regex_detector_test.go:84: Expected label ZipCode, got  ([]), file ZipCode.csv:32831 data 97636
    regex_detector_test.go:84: Expected label ZipCode, got  ([]), file ZipCode.csv:32832 data 97637
    regex_detector_test.go:84: Expected label ZipCode, got  ([]), file ZipCode.csv:32833 data 97638
    regex_detector_test.go:84: Expected label ZipCode, got  ([]), file ZipCode.csv:32834 data 97639
    regex_detector_test.go:84: Expected label ZipCode, got  ([]), file ZipCode.csv:32835 data 97640
    regex_detector_test.go:84: Expected label ZipCode, got  ([]), file ZipCode.csv:32836 data 97641
    regex_detector_test.go:84: Expected label ZipCode, got  ([]), file ZipCode.csv:32837 data 97701
    regex_detector_test.go:84: Expected label ZipCode, got  ([]), file ZipCode.csv:32838 data 97702
    regex_detector_test.go:84: Expected label ZipCode, got  ([]), file ZipCode.csv:32839 data 97703
    regex_detector_test.go:84: Expected label ZipCode, got  ([]), file ZipCode.csv:32840 data 97707
    regex_detector_test.go:84: Expected label ZipCode, got  ([]), file ZipCode.csv:32841 data 97709
    regex_detector_test.go:84: Expected label ZipCode, got  ([]), file ZipCode.csv:32842 data 97710
    regex_detector_test.go:84: Expected label ZipCode, got  ([]), file ZipCode.csv:32843 data 97711
    regex_detector_test.go:84: Expected label ZipCode, got  ([]), file ZipCode.csv:32844 data 97712
    regex_detector_test.go:84: Expected label ZipCode, got  ([]), file ZipCode.csv:32845 data 97720
    regex_detector_test.go:84: Expected label ZipCode, got  ([]), file ZipCode.csv:32846 data 97721
    regex_detector_test.go:84: Expected label ZipCode, got  ([]), file ZipCode.csv:32847 data 97722
    regex_detector_test.go:84: Expected label ZipCode, got  ([]), file ZipCode.csv:32848 data 97730
    regex_detector_test.go:84: Expected label ZipCode, got  ([]), file ZipCode.csv:32849 data 97731
    regex_detector_test.go:84: Expected label ZipCode, got  ([]), file ZipCode.csv:32850 data 97732
    regex_detector_test.go:84: Expected label ZipCode, got  ([]), file ZipCode.csv:32851 data 97733
    regex_detector_test.go:84: Expected label ZipCode, got  ([]), file ZipCode.csv:32852 data 97734
    regex_detector_test.go:84: Expected label ZipCode, got  ([]), file ZipCode.csv:32853 data 97735
    regex_detector_test.go:84: Expected label ZipCode, got  ([]), file ZipCode.csv:32854 data 97736
    regex_detector_test.go:84: Expected label ZipCode, got  ([]), file ZipCode.csv:32855 data 97737
    regex_detector_test.go:84: Expected label ZipCode, got  ([]), file ZipCode.csv:32856 data 97738
    regex_detector_test.go:84: Expected label ZipCode, got  ([]), file ZipCode.csv:32857 data 97739
    regex_detector_test.go:84: Expected label ZipCode, got  ([]), file ZipCode.csv:32858 data 97741
    regex_detector_test.go:84: Expected label ZipCode, got  ([]), file ZipCode.csv:32859 data 97750
    regex_detector_test.go:84: Expected label ZipCode, got  ([]), file ZipCode.csv:32860 data 97751
    regex_detector_test.go:84: Expected label ZipCode, got  ([]), file ZipCode.csv:32861 data 97752
    regex_detector_test.go:84: Expected label ZipCode, got  ([]), file ZipCode.csv:32862 data 97753
    regex_detector_test.go:84: Expected label ZipCode, got  ([]), file ZipCode.csv:32863 data 97754
    regex_detector_test.go:84: Expected label ZipCode, got  ([]), file ZipCode.csv:32864 data 97756
    regex_detector_test.go:84: Expected label ZipCode, got  ([]), file ZipCode.csv:32865 data 97758
    regex_detector_test.go:84: Expected label ZipCode, got  ([]), file ZipCode.csv:32866 data 97759
    regex_detector_test.go:84: Expected label ZipCode, got  ([]), file ZipCode.csv:32867 data 97760
    regex_detector_test.go:84: Expected label ZipCode, got  ([]), file ZipCode.csv:32868 data 97761
    regex_detector_test.go:84: Expected label ZipCode, got  ([]), file ZipCode.csv:32869 data 97801
    regex_detector_test.go:84: Expected label ZipCode, got  ([]), file ZipCode.csv:32870 data 97810
    regex_detector_test.go:84: Expected label ZipCode, got  ([]), file ZipCode.csv:32871 data 97812
    regex_detector_test.go:84: Expected label ZipCode, got  ([]), file ZipCode.csv:32872 data 97813
    regex_detector_test.go:84: Expected label ZipCode, got  ([]), file ZipCode.csv:32873 data 97814
    regex_detector_test.go:84: Expected label ZipCode, got  ([]), file ZipCode.csv:32874 data 97817
    regex_detector_test.go:84: Expected label ZipCode, got  ([]), file ZipCode.csv:32875 data 97818
    regex_detector_test.go:84: Expected label ZipCode, got  ([]), file ZipCode.csv:32876 data 97819
    regex_detector_test.go:84: Expected label ZipCode, got  ([]), file ZipCode.csv:32877 data 97820
    regex_detector_test.go:84: Expected label ZipCode, got  ([]), file ZipCode.csv:32878 data 97823
    regex_detector_test.go:84: Expected label ZipCode, got  ([]), file ZipCode.csv:32879 data 97824
    regex_detector_test.go:84: Expected label ZipCode, got  ([]), file ZipCode.csv:32880 data 97825
    regex_detector_test.go:84: Expected label ZipCode, got  ([]), file ZipCode.csv:32881 data 97826
    regex_detector_test.go:84: Expected label ZipCode, got  ([]), file ZipCode.csv:32882 data 97827
    regex_detector_test.go:84: Expected label ZipCode, got  ([]), file ZipCode.csv:32883 data 97828
    regex_detector_test.go:84: Expected label ZipCode, got  ([]), file ZipCode.csv:32884 data 97830
    regex_detector_test.go:84: Expected label ZipCode, got  ([]), file ZipCode.csv:32885 data 97833
    regex_detector_test.go:84: Expected label ZipCode, got  ([]), file ZipCode.csv:32886 data 97834
    regex_detector_test.go:84: Expected label ZipCode, got  ([]), file ZipCode.csv:32887 data 97835
    regex_detector_test.go:84: Expected label ZipCode, got  ([]), file ZipCode.csv:32888 data 97836
    regex_detector_test.go:84: Expected label ZipCode, got  ([]), file ZipCode.csv:32889 data 97837
    regex_detector_test.go:84: Expected label ZipCode, got  ([]), file ZipCode.csv:32890 data 97838
    regex_detector_test.go:84: Expected label ZipCode, got  ([]), file ZipCode.csv:32891 data 97839
    regex_detector_test.go:84: Expected label ZipCode, got  ([]), file ZipCode.csv:32892 data 97840
    regex_detector_test.go:84: Expected label ZipCode, got  ([]), file ZipCode.csv:32893 data 97841
    regex_detector_test.go:84: Expected label ZipCode, got  ([]), file ZipCode.csv:32894 data 97842
    regex_detector_test.go:84: Expected label ZipCode, got  ([]), file ZipCode.csv:32895 data 97843
    regex_detector_test.go:84: Expected label ZipCode, got  ([]), file ZipCode.csv:32896 data 97844
    regex_detector_test.go:84: Expected label ZipCode, got  ([]), file ZipCode.csv:32897 data 97845
    regex_detector_test.go:84: Expected label ZipCode, got  ([]), file ZipCode.csv:32898 data 97846
    regex_detector_test.go:84: Expected label ZipCode, got  ([]), file ZipCode.csv:32899 data 97848
    regex_detector_test.go:84: Expected label ZipCode, got  ([]), file ZipCode.csv:32900 data 97850
    regex_detector_test.go:84: Expected label ZipCode, got  ([]), file ZipCode.csv:32901 data 97856
    regex_detector_test.go:84: Expected label ZipCode, got  ([]), file ZipCode.csv:32902 data 97857
    regex_detector_test.go:84: Expected label ZipCode, got  ([]), file ZipCode.csv:32903 data 97859
    regex_detector_test.go:84: Expected label ZipCode, got  ([]), file ZipCode.csv:32904 data 97862
    regex_detector_test.go:84: Expected label ZipCode, got  ([]), file ZipCode.csv:32905 data 97864
    regex_detector_test.go:84: Expected label ZipCode, got  ([]), file ZipCode.csv:32906 data 97865
    regex_detector_test.go:84: Expected label ZipCode, got  ([]), file ZipCode.csv:32907 data 97867
    regex_detector_test.go:84: Expected label ZipCode, got  ([]), file ZipCode.csv:32908 data 97868
    regex_detector_test.go:84: Expected label ZipCode, got  ([]), file ZipCode.csv:32909 data 97869
    regex_detector_test.go:84: Expected label ZipCode, got  ([]), file ZipCode.csv:32910 data 97870
    regex_detector_test.go:84: Expected label ZipCode, got  ([]), file ZipCode.csv:32911 data 97873
    regex_detector_test.go:84: Expected label ZipCode, got  ([]), file ZipCode.csv:32912 data 97874
    regex_detector_test.go:84: Expected label ZipCode, got  ([]), file ZipCode.csv:32913 data 97875
    regex_detector_test.go:84: Expected label ZipCode, got  ([]), file ZipCode.csv:32914 data 97876
    regex_detector_test.go:84: Expected label ZipCode, got  ([]), file ZipCode.csv:32915 data 97877
    regex_detector_test.go:84: Expected label ZipCode, got  ([]), file ZipCode.csv:32916 data 97880
    regex_detector_test.go:84: Expected label ZipCode, got  ([]), file ZipCode.csv:32917 data 97882
    regex_detector_test.go:84: Expected label ZipCode, got  ([]), file ZipCode.csv:32918 data 97883
    regex_detector_test.go:84: Expected label ZipCode, got  ([]), file ZipCode.csv:32919 data 97884
    regex_detector_test.go:84: Expected label ZipCode, got  ([]), file ZipCode.csv:32920 data 97885
    regex_detector_test.go:84: Expected label ZipCode, got  ([]), file ZipCode.csv:32921 data 97886
    regex_detector_test.go:84: Expected label ZipCode, got  ([]), file ZipCode.csv:32922 data 97901
    regex_detector_test.go:84: Expected label ZipCode, got  ([]), file ZipCode.csv:32923 data 97902
    regex_detector_test.go:84: Expected label ZipCode, got  ([]), file ZipCode.csv:32924 data 97903
    regex_detector_test.go:84: Expected label ZipCode, got  ([]), file ZipCode.csv:32925 data 97904
    regex_detector_test.go:84: Expected label ZipCode, got  ([]), file ZipCode.csv:32926 data 97905
    regex_detector_test.go:84: Expected label ZipCode, got  ([]), file ZipCode.csv:32927 data 97906
    regex_detector_test.go:84: Expected label ZipCode, got  ([]), file ZipCode.csv:32928 data 97907
    regex_detector_test.go:84: Expected label ZipCode, got  ([]), file ZipCode.csv:32929 data 97908
    regex_detector_test.go:84: Expected label ZipCode, got  ([]), file ZipCode.csv:32930 data 97909
    regex_detector_test.go:84: Expected label ZipCode, got  ([]), file ZipCode.csv:32931 data 97910
    regex_detector_test.go:84: Expected label ZipCode, got  ([]), file ZipCode.csv:32932 data 97911
    regex_detector_test.go:84: Expected label ZipCode, got  ([]), file ZipCode.csv:32933 data 97913
    regex_detector_test.go:84: Expected label ZipCode, got  ([]), file ZipCode.csv:32934 data 97914
    regex_detector_test.go:84: Expected label ZipCode, got  ([]), file ZipCode.csv:32935 data 97917
    regex_detector_test.go:84: Expected label ZipCode, got  ([]), file ZipCode.csv:32936 data 97918
    regex_detector_test.go:84: Expected label ZipCode, got  ([]), file ZipCode.csv:32937 data 97920
    regex_detector_test.go:84: Expected label ZipCode, got  ([]), file ZipCode.csv:32938 data 98001
    regex_detector_test.go:84: Expected label ZipCode, got  ([]), file ZipCode.csv:32939 data 98002
    regex_detector_test.go:84: Expected label ZipCode, got  ([]), file ZipCode.csv:32940 data 98003
    regex_detector_test.go:84: Expected label ZipCode, got  ([]), file ZipCode.csv:32941 data 98004
    regex_detector_test.go:84: Expected label ZipCode, got  ([]), file ZipCode.csv:32942 data 98005
    regex_detector_test.go:84: Expected label ZipCode, got  ([]), file ZipCode.csv:32943 data 98006
    regex_detector_test.go:84: Expected label ZipCode, got  ([]), file ZipCode.csv:32944 data 98007
    regex_detector_test.go:84: Expected label ZipCode, got  ([]), file ZipCode.csv:32945 data 98008
    regex_detector_test.go:84: Expected label ZipCode, got  ([]), file ZipCode.csv:32946 data 98010
    regex_detector_test.go:84: Expected label ZipCode, got  ([]), file ZipCode.csv:32947 data 98011
    regex_detector_test.go:84: Expected label ZipCode, got  ([]), file ZipCode.csv:32948 data 98012
    regex_detector_test.go:84: Expected label ZipCode, got  ([]), file ZipCode.csv:32949 data 98014
    regex_detector_test.go:84: Expected label ZipCode, got  ([]), file ZipCode.csv:32950 data 98019
    regex_detector_test.go:84: Expected label ZipCode, got  ([]), file ZipCode.csv:32951 data 98020
    regex_detector_test.go:84: Expected label ZipCode, got  ([]), file ZipCode.csv:32952 data 98021
    regex_detector_test.go:84: Expected label ZipCode, got  ([]), file ZipCode.csv:32953 data 98022
    regex_detector_test.go:84: Expected label ZipCode, got  ([]), file ZipCode.csv:32954 data 98023
    regex_detector_test.go:84: Expected label ZipCode, got  ([]), file ZipCode.csv:32955 data 98024
    regex_detector_test.go:84: Expected label ZipCode, got  ([]), file ZipCode.csv:32956 data 98025
    regex_detector_test.go:84: Expected label ZipCode, got  ([]), file ZipCode.csv:32957 data 98026
    regex_detector_test.go:84: Expected label ZipCode, got  ([]), file ZipCode.csv:32958 data 98027
    regex_detector_test.go:84: Expected label ZipCode, got  ([]), file ZipCode.csv:32959 data 98028
    regex_detector_test.go:84: Expected label ZipCode, got  ([]), file ZipCode.csv:32960 data 98029
    regex_detector_test.go:84: Expected label ZipCode, got  ([]), file ZipCode.csv:32961 data 98030
    regex_detector_test.go:84: Expected label ZipCode, got  ([]), file ZipCode.csv:32962 data 98031
    regex_detector_test.go:84: Expected label ZipCode, got  ([]), file ZipCode.csv:32963 data 98032
    regex_detector_test.go:84: Expected label ZipCode, got  ([]), file ZipCode.csv:32964 data 98033
    regex_detector_test.go:84: Expected label ZipCode, got  ([]), file ZipCode.csv:32965 data 98034
    regex_detector_test.go:84: Expected label ZipCode, got  ([]), file ZipCode.csv:32966 data 98036
    regex_detector_test.go:84: Expected label ZipCode, got  ([]), file ZipCode.csv:32967 data 98037
    regex_detector_test.go:84: Expected label ZipCode, got  ([]), file ZipCode.csv:32968 data 98038
    regex_detector_test.go:84: Expected label ZipCode, got  ([]), file ZipCode.csv:32969 data 98039
    regex_detector_test.go:84: Expected label ZipCode, got  ([]), file ZipCode.csv:32970 data 98040
    regex_detector_test.go:84: Expected label ZipCode, got  ([]), file ZipCode.csv:32971 data 98042
    regex_detector_test.go:84: Expected label ZipCode, got  ([]), file ZipCode.csv:32972 data 98043
    regex_detector_test.go:84: Expected label ZipCode, got  ([]), file ZipCode.csv:32973 data 98045
    regex_detector_test.go:84: Expected label ZipCode, got  ([]), file ZipCode.csv:32974 data 98047
    regex_detector_test.go:84: Expected label ZipCode, got  ([]), file ZipCode.csv:32975 data 98050
    regex_detector_test.go:84: Expected label ZipCode, got  ([]), file ZipCode.csv:32976 data 98051
    regex_detector_test.go:84: Expected label ZipCode, got  ([]), file ZipCode.csv:32977 data 98052
    regex_detector_test.go:84: Expected label ZipCode, got  ([]), file ZipCode.csv:32978 data 98053
    regex_detector_test.go:84: Expected label ZipCode, got  ([]), file ZipCode.csv:32979 data 98055
    regex_detector_test.go:84: Expected label ZipCode, got  ([]), file ZipCode.csv:32980 data 98056
    regex_detector_test.go:84: Expected label ZipCode, got  ([]), file ZipCode.csv:32981 data 98057
    regex_detector_test.go:84: Expected label ZipCode, got  ([]), file ZipCode.csv:32982 data 98058
    regex_detector_test.go:84: Expected label ZipCode, got  ([]), file ZipCode.csv:32983 data 98059
    regex_detector_test.go:84: Expected label ZipCode, got  ([]), file ZipCode.csv:32984 data 98065
    regex_detector_test.go:84: Expected label ZipCode, got  ([]), file ZipCode.csv:32985 data 98068
    regex_detector_test.go:84: Expected label ZipCode, got  ([]), file ZipCode.csv:32986 data 98070
    regex_detector_test.go:84: Expected label ZipCode, got  ([]), file ZipCode.csv:32987 data 98072
    regex_detector_test.go:84: Expected label ZipCode, got  ([]), file ZipCode.csv:32988 data 98074
    regex_detector_test.go:84: Expected label ZipCode, got  ([]), file ZipCode.csv:32989 data 98075
    regex_detector_test.go:84: Expected label ZipCode, got  ([]), file ZipCode.csv:32990 data 98077
    regex_detector_test.go:84: Expected label ZipCode, got  ([]), file ZipCode.csv:32991 data 98087
    regex_detector_test.go:84: Expected label ZipCode, got  ([]), file ZipCode.csv:32992 data 98092
    regex_detector_test.go:84: Expected label ZipCode, got  ([]), file ZipCode.csv:32993 data 98101
    regex_detector_test.go:84: Expected label ZipCode, got  ([]), file ZipCode.csv:32994 data 98102
    regex_detector_test.go:84: Expected label ZipCode, got  ([]), file ZipCode.csv:32995 data 98103
    regex_detector_test.go:84: Expected label ZipCode, got  ([]), file ZipCode.csv:32996 data 98104
    regex_detector_test.go:84: Expected label ZipCode, got  ([]), file ZipCode.csv:32997 data 98105
    regex_detector_test.go:84: Expected label ZipCode, got  ([]), file ZipCode.csv:32998 data 98106
    regex_detector_test.go:84: Expected label ZipCode, got  ([]), file ZipCode.csv:32999 data 98107
    regex_detector_test.go:84: Expected label ZipCode, got  ([]), file ZipCode.csv:33000 data 98108
    regex_detector_test.go:84: Expected label ZipCode, got  ([]), file ZipCode.csv:33001 data 98109
    regex_detector_test.go:84: Expected label ZipCode, got  ([]), file ZipCode.csv:33002 data 98110
    regex_detector_test.go:84: Expected label ZipCode, got  ([]), file ZipCode.csv:33003 data 98112
    regex_detector_test.go:84: Expected label ZipCode, got  ([]), file ZipCode.csv:33004 data 98115
    regex_detector_test.go:84: Expected label ZipCode, got  ([]), file ZipCode.csv:33005 data 98116
    regex_detector_test.go:84: Expected label ZipCode, got  ([]), file ZipCode.csv:33006 data 98117
    regex_detector_test.go:84: Expected label ZipCode, got  ([]), file ZipCode.csv:33007 data 98118
    regex_detector_test.go:84: Expected label ZipCode, got  ([]), file ZipCode.csv:33008 data 98119
    regex_detector_test.go:84: Expected label ZipCode, got  ([]), file ZipCode.csv:33009 data 98121
    regex_detector_test.go:84: Expected label ZipCode, got  ([]), file ZipCode.csv:33010 data 98122
    regex_detector_test.go:84: Expected label ZipCode, got  ([]), file ZipCode.csv:33011 data 98125
    regex_detector_test.go:84: Expected label ZipCode, got  ([]), file ZipCode.csv:33012 data 98126
    regex_detector_test.go:84: Expected label ZipCode, got  ([]), file ZipCode.csv:33013 data 98133
    regex_detector_test.go:84: Expected label ZipCode, got  ([]), file ZipCode.csv:33014 data 98134
    regex_detector_test.go:84: Expected label ZipCode, got  ([]), file ZipCode.csv:33015 data 98136
    regex_detector_test.go:84: Expected label ZipCode, got  ([]), file ZipCode.csv:33016 data 98144
    regex_detector_test.go:84: Expected label ZipCode, got  ([]), file ZipCode.csv:33017 data 98146
    regex_detector_test.go:84: Expected label ZipCode, got  ([]), file ZipCode.csv:33018 data 98148
    regex_detector_test.go:84: Expected label ZipCode, got  ([]), file ZipCode.csv:33019 data 98154
    regex_detector_test.go:84: Expected label ZipCode, got  ([]), file ZipCode.csv:33020 data 98155
    regex_detector_test.go:84: Expected label ZipCode, got  ([]), file ZipCode.csv:33021 data 98158
    regex_detector_test.go:84: Expected label ZipCode, got  ([]), file ZipCode.csv:33022 data 98164
    regex_detector_test.go:84: Expected label ZipCode, got  ([]), file ZipCode.csv:33023 data 98166
    regex_detector_test.go:84: Expected label ZipCode, got  ([]), file ZipCode.csv:33024 data 98168
    regex_detector_test.go:84: Expected label ZipCode, got  ([]), file ZipCode.csv:33025 data 98174
    regex_detector_test.go:84: Expected label ZipCode, got  ([]), file ZipCode.csv:33026 data 98177
    regex_detector_test.go:84: Expected label ZipCode, got  ([]), file ZipCode.csv:33027 data 98178
    regex_detector_test.go:84: Expected label ZipCode, got  ([]), file ZipCode.csv:33028 data 98188
    regex_detector_test.go:84: Expected label ZipCode, got  ([]), file ZipCode.csv:33029 data 98195
    regex_detector_test.go:84: Expected label ZipCode, got  ([]), file ZipCode.csv:33030 data 98198
    regex_detector_test.go:84: Expected label ZipCode, got  ([]), file ZipCode.csv:33031 data 98199
    regex_detector_test.go:84: Expected label ZipCode, got  ([]), file ZipCode.csv:33032 data 98201
    regex_detector_test.go:84: Expected label ZipCode, got  ([]), file ZipCode.csv:33033 data 98203
    regex_detector_test.go:84: Expected label ZipCode, got  ([]), file ZipCode.csv:33034 data 98204
    regex_detector_test.go:84: Expected label ZipCode, got  ([]), file ZipCode.csv:33035 data 98207
    regex_detector_test.go:84: Expected label ZipCode, got  ([]), file ZipCode.csv:33036 data 98208
    regex_detector_test.go:84: Expected label ZipCode, got  ([]), file ZipCode.csv:33037 data 98220
    regex_detector_test.go:84: Expected label ZipCode, got  ([]), file ZipCode.csv:33038 data 98221
    regex_detector_test.go:84: Expected label ZipCode, got  ([]), file ZipCode.csv:33039 data 98222
    regex_detector_test.go:84: Expected label ZipCode, got  ([]), file ZipCode.csv:33040 data 98223
    regex_detector_test.go:84: Expected label ZipCode, got  ([]), file ZipCode.csv:33041 data 98224
    regex_detector_test.go:84: Expected label ZipCode, got  ([]), file ZipCode.csv:33042 data 98225
    regex_detector_test.go:84: Expected label ZipCode, got  ([]), file ZipCode.csv:33043 data 98226
    regex_detector_test.go:84: Expected label ZipCode, got  ([]), file ZipCode.csv:33044 data 98229
    regex_detector_test.go:84: Expected label ZipCode, got  ([]), file ZipCode.csv:33045 data 98230
    regex_detector_test.go:84: Expected label ZipCode, got  ([]), file ZipCode.csv:33046 data 98232
    regex_detector_test.go:84: Expected label ZipCode, got  ([]), file ZipCode.csv:33047 data 98233
    regex_detector_test.go:84: Expected label ZipCode, got  ([]), file ZipCode.csv:33048 data 98235
    regex_detector_test.go:84: Expected label ZipCode, got  ([]), file ZipCode.csv:33049 data 98236
    regex_detector_test.go:84: Expected label ZipCode, got  ([]), file ZipCode.csv:33050 data 98237
    regex_detector_test.go:84: Expected label ZipCode, got  ([]), file ZipCode.csv:33051 data 98238
    regex_detector_test.go:84: Expected label ZipCode, got  ([]), file ZipCode.csv:33052 data 98239
    regex_detector_test.go:84: Expected label ZipCode, got  ([]), file ZipCode.csv:33053 data 98240
    regex_detector_test.go:84: Expected label ZipCode, got  ([]), file ZipCode.csv:33054 data 98241
    regex_detector_test.go:84: Expected label ZipCode, got  ([]), file ZipCode.csv:33055 data 98243
    regex_detector_test.go:84: Expected label ZipCode, got  ([]), file ZipCode.csv:33056 data 98244
    regex_detector_test.go:84: Expected label ZipCode, got  ([]), file ZipCode.csv:33057 data 98245
    regex_detector_test.go:84: Expected label ZipCode, got  ([]), file ZipCode.csv:33058 data 98247
    regex_detector_test.go:84: Expected label ZipCode, got  ([]), file ZipCode.csv:33059 data 98248
    regex_detector_test.go:84: Expected label ZipCode, got  ([]), file ZipCode.csv:33060 data 98249
    regex_detector_test.go:84: Expected label ZipCode, got  ([]), file ZipCode.csv:33061 data 98250
    regex_detector_test.go:84: Expected label ZipCode, got  ([]), file ZipCode.csv:33062 data 98251
    regex_detector_test.go:84: Expected label ZipCode, got  ([]), file ZipCode.csv:33063 data 98252
    regex_detector_test.go:84: Expected label ZipCode, got  ([]), file ZipCode.csv:33064 data 98253
    regex_detector_test.go:84: Expected label ZipCode, got  ([]), file ZipCode.csv:33065 data 98255
    regex_detector_test.go:84: Expected label ZipCode, got  ([]), file ZipCode.csv:33066 data 98256
    regex_detector_test.go:84: Expected label ZipCode, got  ([]), file ZipCode.csv:33067 data 98257
    regex_detector_test.go:84: Expected label ZipCode, got  ([]), file ZipCode.csv:33068 data 98258
    regex_detector_test.go:84: Expected label ZipCode, got  ([]), file ZipCode.csv:33069 data 98260
    regex_detector_test.go:84: Expected label ZipCode, got  ([]), file ZipCode.csv:33070 data 98261
    regex_detector_test.go:84: Expected label ZipCode, got  ([]), file ZipCode.csv:33071 data 98262
    regex_detector_test.go:84: Expected label ZipCode, got  ([]), file ZipCode.csv:33072 data 98263
    regex_detector_test.go:84: Expected label ZipCode, got  ([]), file ZipCode.csv:33073 data 98264
    regex_detector_test.go:84: Expected label ZipCode, got  ([]), file ZipCode.csv:33074 data 98266
    regex_detector_test.go:84: Expected label ZipCode, got  ([]), file ZipCode.csv:33075 data 98267
    regex_detector_test.go:84: Expected label ZipCode, got  ([]), file ZipCode.csv:33076 data 98270
    regex_detector_test.go:84: Expected label ZipCode, got  ([]), file ZipCode.csv:33077 data 98271
    regex_detector_test.go:84: Expected label ZipCode, got  ([]), file ZipCode.csv:33078 data 98272
    regex_detector_test.go:84: Expected label ZipCode, got  ([]), file ZipCode.csv:33079 data 98273
    regex_detector_test.go:84: Expected label ZipCode, got  ([]), file ZipCode.csv:33080 data 98274
    regex_detector_test.go:84: Expected label ZipCode, got  ([]), file ZipCode.csv:33081 data 98275
    regex_detector_test.go:84: Expected label ZipCode, got  ([]), file ZipCode.csv:33082 data 98276
    regex_detector_test.go:84: Expected label ZipCode, got  ([]), file ZipCode.csv:33083 data 98277
    regex_detector_test.go:84: Expected label ZipCode, got  ([]), file ZipCode.csv:33084 data 98278
    regex_detector_test.go:84: Expected label ZipCode, got  ([]), file ZipCode.csv:33085 data 98279
    regex_detector_test.go:84: Expected label ZipCode, got  ([]), file ZipCode.csv:33086 data 98280
    regex_detector_test.go:84: Expected label ZipCode, got  ([]), file ZipCode.csv:33087 data 98281
    regex_detector_test.go:84: Expected label ZipCode, got  ([]), file ZipCode.csv:33088 data 98282
    regex_detector_test.go:84: Expected label ZipCode, got  ([]), file ZipCode.csv:33089 data 98283
    regex_detector_test.go:84: Expected label ZipCode, got  ([]), file ZipCode.csv:33090 data 98284
    regex_detector_test.go:84: Expected label ZipCode, got  ([]), file ZipCode.csv:33091 data 98286
    regex_detector_test.go:84: Expected label ZipCode, got  ([]), file ZipCode.csv:33092 data 98288
    regex_detector_test.go:84: Expected label ZipCode, got  ([]), file ZipCode.csv:33093 data 98290
    regex_detector_test.go:84: Expected label ZipCode, got  ([]), file ZipCode.csv:33094 data 98292
    regex_detector_test.go:84: Expected label ZipCode, got  ([]), file ZipCode.csv:33095 data 98294
    regex_detector_test.go:84: Expected label ZipCode, got  ([]), file ZipCode.csv:33096 data 98295
    regex_detector_test.go:84: Expected label ZipCode, got  ([]), file ZipCode.csv:33097 data 98296
    regex_detector_test.go:84: Expected label ZipCode, got  ([]), file ZipCode.csv:33098 data 98297
    regex_detector_test.go:84: Expected label ZipCode, got  ([]), file ZipCode.csv:33099 data 98303
    regex_detector_test.go:84: Expected label ZipCode, got  ([]), file ZipCode.csv:33100 data 98304
    regex_detector_test.go:84: Expected label ZipCode, got  ([]), file ZipCode.csv:33101 data 98305
    regex_detector_test.go:84: Expected label ZipCode, got  ([]), file ZipCode.csv:33102 data 98310
    regex_detector_test.go:84: Expected label ZipCode, got  ([]), file ZipCode.csv:33103 data 98311
    regex_detector_test.go:84: Expected label ZipCode, got  ([]), file ZipCode.csv:33104 data 98312
    regex_detector_test.go:84: Expected label ZipCode, got  ([]), file ZipCode.csv:33105 data 98314
    regex_detector_test.go:84: Expected label ZipCode, got  ([]), file ZipCode.csv:33106 data 98315
    regex_detector_test.go:84: Expected label ZipCode, got  ([]), file ZipCode.csv:33107 data 98320
    regex_detector_test.go:84: Expected label ZipCode, got  ([]), file ZipCode.csv:33108 data 98321
    regex_detector_test.go:84: Expected label ZipCode, got  ([]), file ZipCode.csv:33109 data 98323
    regex_detector_test.go:84: Expected label ZipCode, got  ([]), file ZipCode.csv:33110 data 98325
    regex_detector_test.go:84: Expected label ZipCode, got  ([]), file ZipCode.csv:33111 data 98326
    regex_detector_test.go:84: Expected label ZipCode, got  ([]), file ZipCode.csv:33112 data 98327
    regex_detector_test.go:84: Expected label ZipCode, got  ([]), file ZipCode.csv:33113 data 98328
    regex_detector_test.go:84: Expected label ZipCode, got  ([]), file ZipCode.csv:33114 data 98329
    regex_detector_test.go:84: Expected label ZipCode, got  ([]), file ZipCode.csv:33115 data 98330
    regex_detector_test.go:84: Expected label ZipCode, got  ([]), file ZipCode.csv:33116 data 98331
    regex_detector_test.go:84: Expected label ZipCode, got  ([]), file ZipCode.csv:33117 data 98332
    regex_detector_test.go:84: Expected label ZipCode, got  ([]), file ZipCode.csv:33118 data 98333
    regex_detector_test.go:84: Expected label ZipCode, got  ([]), file ZipCode.csv:33119 data 98335
    regex_detector_test.go:84: Expected label ZipCode, got  ([]), file ZipCode.csv:33120 data 98336
    regex_detector_test.go:84: Expected label ZipCode, got  ([]), file ZipCode.csv:33121 data 98337
    regex_detector_test.go:84: Expected label ZipCode, got  ([]), file ZipCode.csv:33122 data 98338
    regex_detector_test.go:84: Expected label ZipCode, got  ([]), file ZipCode.csv:33123 data 98339
    regex_detector_test.go:84: Expected label ZipCode, got  ([]), file ZipCode.csv:33124 data 98340
    regex_detector_test.go:84: Expected label ZipCode, got  ([]), file ZipCode.csv:33125 data 98342
    regex_detector_test.go:84: Expected label ZipCode, got  ([]), file ZipCode.csv:33126 data 98345
    regex_detector_test.go:84: Expected label ZipCode, got  ([]), file ZipCode.csv:33127 data 98346
    regex_detector_test.go:84: Expected label ZipCode, got  ([]), file ZipCode.csv:33128 data 98349
    regex_detector_test.go:84: Expected label ZipCode, got  ([]), file ZipCode.csv:33129 data 98350
    regex_detector_test.go:84: Expected label ZipCode, got  ([]), file ZipCode.csv:33130 data 98351
    regex_detector_test.go:84: Expected label ZipCode, got  ([]), file ZipCode.csv:33131 data 98353
    regex_detector_test.go:84: Expected label ZipCode, got  ([]), file ZipCode.csv:33132 data 98354
    regex_detector_test.go:84: Expected label ZipCode, got  ([]), file ZipCode.csv:33133 data 98355
    regex_detector_test.go:84: Expected label ZipCode, got  ([]), file ZipCode.csv:33134 data 98356
    regex_detector_test.go:84: Expected label ZipCode, got  ([]), file ZipCode.csv:33135 data 98357
    regex_detector_test.go:84: Expected label ZipCode, got  ([]), file ZipCode.csv:33136 data 98358
    regex_detector_test.go:84: Expected label ZipCode, got  ([]), file ZipCode.csv:33137 data 98359
    regex_detector_test.go:84: Expected label ZipCode, got  ([]), file ZipCode.csv:33138 data 98360
    regex_detector_test.go:84: Expected label ZipCode, got  ([]), file ZipCode.csv:33139 data 98361
    regex_detector_test.go:84: Expected label ZipCode, got  ([]), file ZipCode.csv:33140 data 98362
    regex_detector_test.go:84: Expected label ZipCode, got  ([]), file ZipCode.csv:33141 data 98363
    regex_detector_test.go:84: Expected label ZipCode, got  ([]), file ZipCode.csv:33142 data 98364
    regex_detector_test.go:84: Expected label ZipCode, got  ([]), file ZipCode.csv:33143 data 98365
    regex_detector_test.go:84: Expected label ZipCode, got  ([]), file ZipCode.csv:33144 data 98366
    regex_detector_test.go:84: Expected label ZipCode, got  ([]), file ZipCode.csv:33145 data 98367
    regex_detector_test.go:84: Expected label ZipCode, got  ([]), file ZipCode.csv:33146 data 98368
    regex_detector_test.go:84: Expected label ZipCode, got  ([]), file ZipCode.csv:33147 data 98370
    regex_detector_test.go:84: Expected label ZipCode, got  ([]), file ZipCode.csv:33148 data 98371
    regex_detector_test.go:84: Expected label ZipCode, got  ([]), file ZipCode.csv:33149 data 98372
    regex_detector_test.go:84: Expected label ZipCode, got  ([]), file ZipCode.csv:33150 data 98373
    regex_detector_test.go:84: Expected label ZipCode, got  ([]), file ZipCode.csv:33151 data 98374
    regex_detector_test.go:84: Expected label ZipCode, got  ([]), file ZipCode.csv:33152 data 98375
    regex_detector_test.go:84: Expected label ZipCode, got  ([]), file ZipCode.csv:33153 data 98376
    regex_detector_test.go:84: Expected label ZipCode, got  ([]), file ZipCode.csv:33154 data 98377
    regex_detector_test.go:84: Expected label ZipCode, got  ([]), file ZipCode.csv:33155 data 98380
    regex_detector_test.go:84: Expected label ZipCode, got  ([]), file ZipCode.csv:33156 data 98381
    regex_detector_test.go:84: Expected label ZipCode, got  ([]), file ZipCode.csv:33157 data 98382
    regex_detector_test.go:84: Expected label ZipCode, got  ([]), file ZipCode.csv:33158 data 98383
    regex_detector_test.go:84: Expected label ZipCode, got  ([]), file ZipCode.csv:33159 data 98385
    regex_detector_test.go:84: Expected label ZipCode, got  ([]), file ZipCode.csv:33160 data 98387
    regex_detector_test.go:84: Expected label ZipCode, got  ([]), file ZipCode.csv:33161 data 98388
    regex_detector_test.go:84: Expected label ZipCode, got  ([]), file ZipCode.csv:33162 data 98390
    regex_detector_test.go:84: Expected label ZipCode, got  ([]), file ZipCode.csv:33163 data 98391
    regex_detector_test.go:84: Expected label ZipCode, got  ([]), file ZipCode.csv:33164 data 98392
    regex_detector_test.go:84: Expected label ZipCode, got  ([]), file ZipCode.csv:33165 data 98394
    regex_detector_test.go:84: Expected label ZipCode, got  ([]), file ZipCode.csv:33166 data 98396
    regex_detector_test.go:84: Expected label ZipCode, got  ([]), file ZipCode.csv:33167 data 98402
    regex_detector_test.go:84: Expected label ZipCode, got  ([]), file ZipCode.csv:33168 data 98403
    regex_detector_test.go:84: Expected label ZipCode, got  ([]), file ZipCode.csv:33169 data 98404
    regex_detector_test.go:84: Expected label ZipCode, got  ([]), file ZipCode.csv:33170 data 98405
    regex_detector_test.go:84: Expected label ZipCode, got  ([]), file ZipCode.csv:33171 data 98406
    regex_detector_test.go:84: Expected label ZipCode, got  ([]), file ZipCode.csv:33172 data 98407
    regex_detector_test.go:84: Expected label ZipCode, got  ([]), file ZipCode.csv:33173 data 98408
    regex_detector_test.go:84: Expected label ZipCode, got  ([]), file ZipCode.csv:33174 data 98409
    regex_detector_test.go:84: Expected label ZipCode, got  ([]), file ZipCode.csv:33175 data 98416
    regex_detector_test.go:84: Expected label ZipCode, got  ([]), file ZipCode.csv:33176 data 98418
    regex_detector_test.go:84: Expected label ZipCode, got  ([]), file ZipCode.csv:33177 data 98421
    regex_detector_test.go:84: Expected label ZipCode, got  ([]), file ZipCode.csv:33178 data 98422
    regex_detector_test.go:84: Expected label ZipCode, got  ([]), file ZipCode.csv:33179 data 98424
    regex_detector_test.go:84: Expected label ZipCode, got  ([]), file ZipCode.csv:33180 data 98430
    regex_detector_test.go:84: Expected label ZipCode, got  ([]), file ZipCode.csv:33181 data 98433
    regex_detector_test.go:84: Expected label ZipCode, got  ([]), file ZipCode.csv:33182 data 98438
    regex_detector_test.go:84: Expected label ZipCode, got  ([]), file ZipCode.csv:33183 data 98439
    regex_detector_test.go:84: Expected label ZipCode, got  ([]), file ZipCode.csv:33184 data 98443
    regex_detector_test.go:84: Expected label ZipCode, got  ([]), file ZipCode.csv:33185 data 98444
    regex_detector_test.go:84: Expected label ZipCode, got  ([]), file ZipCode.csv:33186 data 98445
    regex_detector_test.go:84: Expected label ZipCode, got  ([]), file ZipCode.csv:33187 data 98446
    regex_detector_test.go:84: Expected label ZipCode, got  ([]), file ZipCode.csv:33188 data 98447
    regex_detector_test.go:84: Expected label ZipCode, got  ([]), file ZipCode.csv:33189 data 98465
    regex_detector_test.go:84: Expected label ZipCode, got  ([]), file ZipCode.csv:33190 data 98466
    regex_detector_test.go:84: Expected label ZipCode, got  ([]), file ZipCode.csv:33191 data 98467
    regex_detector_test.go:84: Expected label ZipCode, got  ([]), file ZipCode.csv:33192 data 98498
    regex_detector_test.go:84: Expected label ZipCode, got  ([]), file ZipCode.csv:33193 data 98499
    regex_detector_test.go:84: Expected label ZipCode, got  ([]), file ZipCode.csv:33194 data 98501
    regex_detector_test.go:84: Expected label ZipCode, got  ([]), file ZipCode.csv:33195 data 98502
    regex_detector_test.go:84: Expected label ZipCode, got  ([]), file ZipCode.csv:33196 data 98503
    regex_detector_test.go:84: Expected label ZipCode, got  ([]), file ZipCode.csv:33197 data 98505
    regex_detector_test.go:84: Expected label ZipCode, got  ([]), file ZipCode.csv:33198 data 98506
    regex_detector_test.go:84: Expected label ZipCode, got  ([]), file ZipCode.csv:33199 data 98512
    regex_detector_test.go:84: Expected label ZipCode, got  ([]), file ZipCode.csv:33200 data 98513
    regex_detector_test.go:84: Expected label ZipCode, got  ([]), file ZipCode.csv:33201 data 98516
    regex_detector_test.go:84: Expected label ZipCode, got  ([]), file ZipCode.csv:33202 data 98520
    regex_detector_test.go:84: Expected label ZipCode, got  ([]), file ZipCode.csv:33203 data 98524
    regex_detector_test.go:84: Expected label ZipCode, got  ([]), file ZipCode.csv:33204 data 98526
    regex_detector_test.go:84: Expected label ZipCode, got  ([]), file ZipCode.csv:33205 data 98527
    regex_detector_test.go:84: Expected label ZipCode, got  ([]), file ZipCode.csv:33206 data 98528
    regex_detector_test.go:84: Expected label ZipCode, got  ([]), file ZipCode.csv:33207 data 98530
    regex_detector_test.go:84: Expected label ZipCode, got  ([]), file ZipCode.csv:33208 data 98531
    regex_detector_test.go:84: Expected label ZipCode, got  ([]), file ZipCode.csv:33209 data 98532
    regex_detector_test.go:84: Expected label ZipCode, got  ([]), file ZipCode.csv:33210 data 98533
    regex_detector_test.go:84: Expected label ZipCode, got  ([]), file ZipCode.csv:33211 data 98535
    regex_detector_test.go:84: Expected label ZipCode, got  ([]), file ZipCode.csv:33212 data 98536
    regex_detector_test.go:84: Expected label ZipCode, got  ([]), file ZipCode.csv:33213 data 98537
    regex_detector_test.go:84: Expected label ZipCode, got  ([]), file ZipCode.csv:33214 data 98538
    regex_detector_test.go:84: Expected label ZipCode, got  ([]), file ZipCode.csv:33215 data 98539
    regex_detector_test.go:84: Expected label ZipCode, got  ([]), file ZipCode.csv:33216 data 98541
    regex_detector_test.go:84: Expected label ZipCode, got  ([]), file ZipCode.csv:33217 data 98542
    regex_detector_test.go:84: Expected label ZipCode, got  ([]), file ZipCode.csv:33218 data 98544
    regex_detector_test.go:84: Expected label ZipCode, got  ([]), file ZipCode.csv:33219 data 98546
    regex_detector_test.go:84: Expected label ZipCode, got  ([]), file ZipCode.csv:33220 data 98547
    regex_detector_test.go:84: Expected label ZipCode, got  ([]), file ZipCode.csv:33221 data 98548
    regex_detector_test.go:84: Expected label ZipCode, got  ([]), file ZipCode.csv:33222 data 98550
    regex_detector_test.go:84: Expected label ZipCode, got  ([]), file ZipCode.csv:33223 data 98552
    regex_detector_test.go:84: Expected label ZipCode, got  ([]), file ZipCode.csv:33224 data 98555
    regex_detector_test.go:84: Expected label ZipCode, got  ([]), file ZipCode.csv:33225 data 98556
    regex_detector_test.go:84: Expected label ZipCode, got  ([]), file ZipCode.csv:33226 data 98557
    regex_detector_test.go:84: Expected label ZipCode, got  ([]), file ZipCode.csv:33227 data 98558
    regex_detector_test.go:84: Expected label ZipCode, got  ([]), file ZipCode.csv:33228 data 98559
    regex_detector_test.go:84: Expected label ZipCode, got  ([]), file ZipCode.csv:33229 data 98560
    regex_detector_test.go:84: Expected label ZipCode, got  ([]), file ZipCode.csv:33230 data 98562
    regex_detector_test.go:84: Expected label ZipCode, got  ([]), file ZipCode.csv:33231 data 98563
    regex_detector_test.go:84: Expected label ZipCode, got  ([]), file ZipCode.csv:33232 data 98564
    regex_detector_test.go:84: Expected label ZipCode, got  ([]), file ZipCode.csv:33233 data 98565
    regex_detector_test.go:84: Expected label ZipCode, got  ([]), file ZipCode.csv:33234 data 98566
    regex_detector_test.go:84: Expected label ZipCode, got  ([]), file ZipCode.csv:33235 data 98568
    regex_detector_test.go:84: Expected label ZipCode, got  ([]), file ZipCode.csv:33236 data 98569
    regex_detector_test.go:84: Expected label ZipCode, got  ([]), file ZipCode.csv:33237 data 98570
    regex_detector_test.go:84: Expected label ZipCode, got  ([]), file ZipCode.csv:33238 data 98571
    regex_detector_test.go:84: Expected label ZipCode, got  ([]), file ZipCode.csv:33239 data 98572
    regex_detector_test.go:84: Expected label ZipCode, got  ([]), file ZipCode.csv:33240 data 98575
    regex_detector_test.go:84: Expected label ZipCode, got  ([]), file ZipCode.csv:33241 data 98576
    regex_detector_test.go:84: Expected label ZipCode, got  ([]), file ZipCode.csv:33242 data 98577
    regex_detector_test.go:84: Expected label ZipCode, got  ([]), file ZipCode.csv:33243 data 98579
    regex_detector_test.go:84: Expected label ZipCode, got  ([]), file ZipCode.csv:33244 data 98580
    regex_detector_test.go:84: Expected label ZipCode, got  ([]), file ZipCode.csv:33245 data 98581
    regex_detector_test.go:84: Expected label ZipCode, got  ([]), file ZipCode.csv:33246 data 98582
    regex_detector_test.go:84: Expected label ZipCode, got  ([]), file ZipCode.csv:33247 data 98583
    regex_detector_test.go:84: Expected label ZipCode, got  ([]), file ZipCode.csv:33248 data 98584
    regex_detector_test.go:84: Expected label ZipCode, got  ([]), file ZipCode.csv:33249 data 98585
    regex_detector_test.go:84: Expected label ZipCode, got  ([]), file ZipCode.csv:33250 data 98586
    regex_detector_test.go:84: Expected label ZipCode, got  ([]), file ZipCode.csv:33251 data 98587
    regex_detector_test.go:84: Expected label ZipCode, got  ([]), file ZipCode.csv:33252 data 98588
    regex_detector_test.go:84: Expected label ZipCode, got  ([]), file ZipCode.csv:33253 data 98589
    regex_detector_test.go:84: Expected label ZipCode, got  ([]), file ZipCode.csv:33254 data 98590
    regex_detector_test.go:84: Expected label ZipCode, got  ([]), file ZipCode.csv:33255 data 98591
    regex_detector_test.go:84: Expected label ZipCode, got  ([]), file ZipCode.csv:33256 data 98592
    regex_detector_test.go:84: Expected label ZipCode, got  ([]), file ZipCode.csv:33257 data 98593
    regex_detector_test.go:84: Expected label ZipCode, got  ([]), file ZipCode.csv:33258 data 98595
    regex_detector_test.go:84: Expected label ZipCode, got  ([]), file ZipCode.csv:33259 data 98596
    regex_detector_test.go:84: Expected label ZipCode, got  ([]), file ZipCode.csv:33260 data 98597
    regex_detector_test.go:84: Expected label ZipCode, got  ([]), file ZipCode.csv:33261 data 98601
    regex_detector_test.go:84: Expected label ZipCode, got  ([]), file ZipCode.csv:33262 data 98602
    regex_detector_test.go:84: Expected label ZipCode, got  ([]), file ZipCode.csv:33263 data 98603
    regex_detector_test.go:84: Expected label ZipCode, got  ([]), file ZipCode.csv:33264 data 98604
    regex_detector_test.go:84: Expected label ZipCode, got  ([]), file ZipCode.csv:33265 data 98605
    regex_detector_test.go:84: Expected label ZipCode, got  ([]), file ZipCode.csv:33266 data 98606
    regex_detector_test.go:84: Expected label ZipCode, got  ([]), file ZipCode.csv:33267 data 98607
    regex_detector_test.go:84: Expected label ZipCode, got  ([]), file ZipCode.csv:33268 data 98609
    regex_detector_test.go:84: Expected label ZipCode, got  ([]), file ZipCode.csv:33269 data 98610
    regex_detector_test.go:84: Expected label ZipCode, got  ([]), file ZipCode.csv:33270 data 98611
    regex_detector_test.go:84: Expected label ZipCode, got  ([]), file ZipCode.csv:33271 data 98612
    regex_detector_test.go:84: Expected label ZipCode, got  ([]), file ZipCode.csv:33272 data 98613
    regex_detector_test.go:84: Expected label ZipCode, got  ([]), file ZipCode.csv:33273 data 98614
    regex_detector_test.go:84: Expected label ZipCode, got  ([]), file ZipCode.csv:33274 data 98616
    regex_detector_test.go:84: Expected label ZipCode, got  ([]), file ZipCode.csv:33275 data 98617
    regex_detector_test.go:84: Expected label ZipCode, got  ([]), file ZipCode.csv:33276 data 98619
    regex_detector_test.go:84: Expected label ZipCode, got  ([]), file ZipCode.csv:33277 data 98620
    regex_detector_test.go:84: Expected label ZipCode, got  ([]), file ZipCode.csv:33278 data 98621
    regex_detector_test.go:84: Expected label ZipCode, got  ([]), file ZipCode.csv:33279 data 98623
    regex_detector_test.go:84: Expected label ZipCode, got  ([]), file ZipCode.csv:33280 data 98624
    regex_detector_test.go:84: Expected label ZipCode, got  ([]), file ZipCode.csv:33281 data 98625
    regex_detector_test.go:84: Expected label ZipCode, got  ([]), file ZipCode.csv:33282 data 98626
    regex_detector_test.go:84: Expected label ZipCode, got  ([]), file ZipCode.csv:33283 data 98628
    regex_detector_test.go:84: Expected label ZipCode, got  ([]), file ZipCode.csv:33284 data 98629
    regex_detector_test.go:84: Expected label ZipCode, got  ([]), file ZipCode.csv:33285 data 98631
    regex_detector_test.go:84: Expected label ZipCode, got  ([]), file ZipCode.csv:33286 data 98632
    regex_detector_test.go:84: Expected label ZipCode, got  ([]), file ZipCode.csv:33287 data 98635
    regex_detector_test.go:84: Expected label ZipCode, got  ([]), file ZipCode.csv:33288 data 98638
    regex_detector_test.go:84: Expected label ZipCode, got  ([]), file ZipCode.csv:33289 data 98639
    regex_detector_test.go:84: Expected label ZipCode, got  ([]), file ZipCode.csv:33290 data 98640
    regex_detector_test.go:84: Expected label ZipCode, got  ([]), file ZipCode.csv:33291 data 98641
    regex_detector_test.go:84: Expected label ZipCode, got  ([]), file ZipCode.csv:33292 data 98642
    regex_detector_test.go:84: Expected label ZipCode, got  ([]), file ZipCode.csv:33293 data 98643
    regex_detector_test.go:84: Expected label ZipCode, got  ([]), file ZipCode.csv:33294 data 98644
    regex_detector_test.go:84: Expected label ZipCode, got  ([]), file ZipCode.csv:33295 data 98645
    regex_detector_test.go:84: Expected label ZipCode, got  ([]), file ZipCode.csv:33296 data 98647
    regex_detector_test.go:84: Expected label ZipCode, got  ([]), file ZipCode.csv:33297 data 98648
    regex_detector_test.go:84: Expected label ZipCode, got  ([]), file ZipCode.csv:33298 data 98649
    regex_detector_test.go:84: Expected label ZipCode, got  ([]), file ZipCode.csv:33299 data 98650
    regex_detector_test.go:84: Expected label ZipCode, got  ([]), file ZipCode.csv:33300 data 98651
    regex_detector_test.go:84: Expected label ZipCode, got  ([]), file ZipCode.csv:33301 data 98660
    regex_detector_test.go:84: Expected label ZipCode, got  ([]), file ZipCode.csv:33302 data 98661
    regex_detector_test.go:84: Expected label ZipCode, got  ([]), file ZipCode.csv:33303 data 98662
    regex_detector_test.go:84: Expected label ZipCode, got  ([]), file ZipCode.csv:33304 data 98663
    regex_detector_test.go:84: Expected label ZipCode, got  ([]), file ZipCode.csv:33305 data 98664
    regex_detector_test.go:84: Expected label ZipCode, got  ([]), file ZipCode.csv:33306 data 98665
    regex_detector_test.go:84: Expected label ZipCode, got  ([]), file ZipCode.csv:33307 data 98670
    regex_detector_test.go:84: Expected label ZipCode, got  ([]), file ZipCode.csv:33308 data 98671
    regex_detector_test.go:84: Expected label ZipCode, got  ([]), file ZipCode.csv:33309 data 98672
    regex_detector_test.go:84: Expected label ZipCode, got  ([]), file ZipCode.csv:33310 data 98673
    regex_detector_test.go:84: Expected label ZipCode, got  ([]), file ZipCode.csv:33311 data 98674
    regex_detector_test.go:84: Expected label ZipCode, got  ([]), file ZipCode.csv:33312 data 98675
    regex_detector_test.go:84: Expected label ZipCode, got  ([]), file ZipCode.csv:33313 data 98682
    regex_detector_test.go:84: Expected label ZipCode, got  ([]), file ZipCode.csv:33314 data 98683
    regex_detector_test.go:84: Expected label ZipCode, got  ([]), file ZipCode.csv:33315 data 98684
    regex_detector_test.go:84: Expected label ZipCode, got  ([]), file ZipCode.csv:33316 data 98685
    regex_detector_test.go:84: Expected label ZipCode, got  ([]), file ZipCode.csv:33317 data 98686
    regex_detector_test.go:84: Expected label ZipCode, got  ([]), file ZipCode.csv:33318 data 98801
    regex_detector_test.go:84: Expected label ZipCode, got  ([]), file ZipCode.csv:33319 data 98802
    regex_detector_test.go:84: Expected label ZipCode, got  ([]), file ZipCode.csv:33320 data 98811
    regex_detector_test.go:84: Expected label ZipCode, got  ([]), file ZipCode.csv:33321 data 98812
    regex_detector_test.go:84: Expected label ZipCode, got  ([]), file ZipCode.csv:33322 data 98813
    regex_detector_test.go:84: Expected label ZipCode, got  ([]), file ZipCode.csv:33323 data 98814
    regex_detector_test.go:84: Expected label ZipCode, got  ([]), file ZipCode.csv:33324 data 98815
    regex_detector_test.go:84: Expected label ZipCode, got  ([]), file ZipCode.csv:33325 data 98816
    regex_detector_test.go:84: Expected label ZipCode, got  ([]), file ZipCode.csv:33326 data 98817
    regex_detector_test.go:84: Expected label ZipCode, got  ([]), file ZipCode.csv:33327 data 98819
    regex_detector_test.go:84: Expected label ZipCode, got  ([]), file ZipCode.csv:33328 data 98821
    regex_detector_test.go:84: Expected label ZipCode, got  ([]), file ZipCode.csv:33329 data 98822
    regex_detector_test.go:84: Expected label ZipCode, got  ([]), file ZipCode.csv:33330 data 98823
    regex_detector_test.go:84: Expected label ZipCode, got  ([]), file ZipCode.csv:33331 data 98824
    regex_detector_test.go:84: Expected label ZipCode, got  ([]), file ZipCode.csv:33332 data 98826
    regex_detector_test.go:84: Expected label ZipCode, got  ([]), file ZipCode.csv:33333 data 98827
    regex_detector_test.go:84: Expected label ZipCode, got  ([]), file ZipCode.csv:33334 data 98828
    regex_detector_test.go:84: Expected label ZipCode, got  ([]), file ZipCode.csv:33335 data 98829
    regex_detector_test.go:84: Expected label ZipCode, got  ([]), file ZipCode.csv:33336 data 98830
    regex_detector_test.go:84: Expected label ZipCode, got  ([]), file ZipCode.csv:33337 data 98831
    regex_detector_test.go:84: Expected label ZipCode, got  ([]), file ZipCode.csv:33338 data 98832
    regex_detector_test.go:84: Expected label ZipCode, got  ([]), file ZipCode.csv:33339 data 98833
    regex_detector_test.go:84: Expected label ZipCode, got  ([]), file ZipCode.csv:33340 data 98834
    regex_detector_test.go:84: Expected label ZipCode, got  ([]), file ZipCode.csv:33341 data 98836
    regex_detector_test.go:84: Expected label ZipCode, got  ([]), file ZipCode.csv:33342 data 98837
    regex_detector_test.go:84: Expected label ZipCode, got  ([]), file ZipCode.csv:33343 data 98840
    regex_detector_test.go:84: Expected label ZipCode, got  ([]), file ZipCode.csv:33344 data 98841
    regex_detector_test.go:84: Expected label ZipCode, got  ([]), file ZipCode.csv:33345 data 98843
    regex_detector_test.go:84: Expected label ZipCode, got  ([]), file ZipCode.csv:33346 data 98844
    regex_detector_test.go:84: Expected label ZipCode, got  ([]), file ZipCode.csv:33347 data 98845
    regex_detector_test.go:84: Expected label ZipCode, got  ([]), file ZipCode.csv:33348 data 98846
    regex_detector_test.go:84: Expected label ZipCode, got  ([]), file ZipCode.csv:33349 data 98847
    regex_detector_test.go:84: Expected label ZipCode, got  ([]), file ZipCode.csv:33350 data 98848
    regex_detector_test.go:84: Expected label ZipCode, got  ([]), file ZipCode.csv:33351 data 98849
    regex_detector_test.go:84: Expected label ZipCode, got  ([]), file ZipCode.csv:33352 data 98850
    regex_detector_test.go:84: Expected label ZipCode, got  ([]), file ZipCode.csv:33353 data 98851
    regex_detector_test.go:84: Expected label ZipCode, got  ([]), file ZipCode.csv:33354 data 98852
    regex_detector_test.go:84: Expected label ZipCode, got  ([]), file ZipCode.csv:33355 data 98853
    regex_detector_test.go:84: Expected label ZipCode, got  ([]), file ZipCode.csv:33356 data 98855
    regex_detector_test.go:84: Expected label ZipCode, got  ([]), file ZipCode.csv:33357 data 98856
    regex_detector_test.go:84: Expected label ZipCode, got  ([]), file ZipCode.csv:33358 data 98857
    regex_detector_test.go:84: Expected label ZipCode, got  ([]), file ZipCode.csv:33359 data 98858
    regex_detector_test.go:84: Expected label ZipCode, got  ([]), file ZipCode.csv:33360 data 98859
    regex_detector_test.go:84: Expected label ZipCode, got  ([]), file ZipCode.csv:33361 data 98860
    regex_detector_test.go:84: Expected label ZipCode, got  ([]), file ZipCode.csv:33362 data 98862
    regex_detector_test.go:84: Expected label ZipCode, got  ([]), file ZipCode.csv:33363 data 98901
    regex_detector_test.go:84: Expected label ZipCode, got  ([]), file ZipCode.csv:33364 data 98902
    regex_detector_test.go:84: Expected label ZipCode, got  ([]), file ZipCode.csv:33365 data 98903
    regex_detector_test.go:84: Expected label ZipCode, got  ([]), file ZipCode.csv:33366 data 98908
    regex_detector_test.go:84: Expected label ZipCode, got  ([]), file ZipCode.csv:33367 data 98921
    regex_detector_test.go:84: Expected label ZipCode, got  ([]), file ZipCode.csv:33368 data 98922
    regex_detector_test.go:84: Expected label ZipCode, got  ([]), file ZipCode.csv:33369 data 98923
    regex_detector_test.go:84: Expected label ZipCode, got  ([]), file ZipCode.csv:33370 data 98925
    regex_detector_test.go:84: Expected label ZipCode, got  ([]), file ZipCode.csv:33371 data 98926
    regex_detector_test.go:84: Expected label ZipCode, got  ([]), file ZipCode.csv:33372 data 98930
    regex_detector_test.go:84: Expected label ZipCode, got  ([]), file ZipCode.csv:33373 data 98932
    regex_detector_test.go:84: Expected label ZipCode, got  ([]), file ZipCode.csv:33374 data 98933
    regex_detector_test.go:84: Expected label ZipCode, got  ([]), file ZipCode.csv:33375 data 98934
    regex_detector_test.go:84: Expected label ZipCode, got  ([]), file ZipCode.csv:33376 data 98935
    regex_detector_test.go:84: Expected label ZipCode, got  ([]), file ZipCode.csv:33377 data 98936
    regex_detector_test.go:84: Expected label ZipCode, got  ([]), file ZipCode.csv:33378 data 98937
    regex_detector_test.go:84: Expected label ZipCode, got  ([]), file ZipCode.csv:33379 data 98938
    regex_detector_test.go:84: Expected label ZipCode, got  ([]), file ZipCode.csv:33380 data 98939
    regex_detector_test.go:84: Expected label ZipCode, got  ([]), file ZipCode.csv:33381 data 98940
    regex_detector_test.go:84: Expected label ZipCode, got  ([]), file ZipCode.csv:33382 data 98941
    regex_detector_test.go:84: Expected label ZipCode, got  ([]), file ZipCode.csv:33383 data 98942
    regex_detector_test.go:84: Expected label ZipCode, got  ([]), file ZipCode.csv:33384 data 98943
    regex_detector_test.go:84: Expected label ZipCode, got  ([]), file ZipCode.csv:33385 data 98944
    regex_detector_test.go:84: Expected label ZipCode, got  ([]), file ZipCode.csv:33386 data 98946
    regex_detector_test.go:84: Expected label ZipCode, got  ([]), file ZipCode.csv:33387 data 98947
    regex_detector_test.go:84: Expected label ZipCode, got  ([]), file ZipCode.csv:33388 data 98948
    regex_detector_test.go:84: Expected label ZipCode, got  ([]), file ZipCode.csv:33389 data 98950
    regex_detector_test.go:84: Expected label ZipCode, got  ([]), file ZipCode.csv:33390 data 98951
    regex_detector_test.go:84: Expected label ZipCode, got  ([]), file ZipCode.csv:33391 data 98952
    regex_detector_test.go:84: Expected label ZipCode, got  ([]), file ZipCode.csv:33392 data 98953
    regex_detector_test.go:84: Expected label ZipCode, got  ([]), file ZipCode.csv:33393 data 99001
    regex_detector_test.go:84: Expected label ZipCode, got  ([]), file ZipCode.csv:33394 data 99003
    regex_detector_test.go:84: Expected label ZipCode, got  ([]), file ZipCode.csv:33395 data 99004
    regex_detector_test.go:84: Expected label ZipCode, got  ([]), file ZipCode.csv:33396 data 99005
    regex_detector_test.go:84: Expected label ZipCode, got  ([]), file ZipCode.csv:33397 data 99006
    regex_detector_test.go:84: Expected label ZipCode, got  ([]), file ZipCode.csv:33398 data 99008
    regex_detector_test.go:84: Expected label ZipCode, got  ([]), file ZipCode.csv:33399 data 99009
    regex_detector_test.go:84: Expected label ZipCode, got  ([]), file ZipCode.csv:33400 data 99011
    regex_detector_test.go:84: Expected label ZipCode, got  ([]), file ZipCode.csv:33401 data 99012
    regex_detector_test.go:84: Expected label ZipCode, got  ([]), file ZipCode.csv:33402 data 99013
    regex_detector_test.go:84: Expected label ZipCode, got  ([]), file ZipCode.csv:33403 data 99014
    regex_detector_test.go:84: Expected label ZipCode, got  ([]), file ZipCode.csv:33404 data 99016
    regex_detector_test.go:84: Expected label ZipCode, got  ([]), file ZipCode.csv:33405 data 99017
    regex_detector_test.go:84: Expected label ZipCode, got  ([]), file ZipCode.csv:33406 data 99018
    regex_detector_test.go:84: Expected label ZipCode, got  ([]), file ZipCode.csv:33407 data 99019
    regex_detector_test.go:84: Expected label ZipCode, got  ([]), file ZipCode.csv:33408 data 99020
    regex_detector_test.go:84: Expected label ZipCode, got  ([]), file ZipCode.csv:33409 data 99021
    regex_detector_test.go:84: Expected label ZipCode, got  ([]), file ZipCode.csv:33410 data 99022
    regex_detector_test.go:84: Expected label ZipCode, got  ([]), file ZipCode.csv:33411 data 99023
    regex_detector_test.go:84: Expected label ZipCode, got  ([]), file ZipCode.csv:33412 data 99025
    regex_detector_test.go:84: Expected label ZipCode, got  ([]), file ZipCode.csv:33413 data 99026
    regex_detector_test.go:84: Expected label ZipCode, got  ([]), file ZipCode.csv:33414 data 99027
    regex_detector_test.go:84: Expected label ZipCode, got  ([]), file ZipCode.csv:33415 data 99029
    regex_detector_test.go:84: Expected label ZipCode, got  ([]), file ZipCode.csv:33416 data 99030
    regex_detector_test.go:84: Expected label ZipCode, got  ([]), file ZipCode.csv:33417 data 99031
    regex_detector_test.go:84: Expected label ZipCode, got  ([]), file ZipCode.csv:33418 data 99032
    regex_detector_test.go:84: Expected label ZipCode, got  ([]), file ZipCode.csv:33419 data 99033
    regex_detector_test.go:84: Expected label ZipCode, got  ([]), file ZipCode.csv:33420 data 99034
    regex_detector_test.go:84: Expected label ZipCode, got  ([]), file ZipCode.csv:33421 data 99036
    regex_detector_test.go:84: Expected label ZipCode, got  ([]), file ZipCode.csv:33422 data 99037
    regex_detector_test.go:84: Expected label ZipCode, got  ([]), file ZipCode.csv:33423 data 99039
    regex_detector_test.go:84: Expected label ZipCode, got  ([]), file ZipCode.csv:33424 data 99040
    regex_detector_test.go:84: Expected label ZipCode, got  ([]), file ZipCode.csv:33425 data 99101
    regex_detector_test.go:84: Expected label ZipCode, got  ([]), file ZipCode.csv:33426 data 99102
    regex_detector_test.go:84: Expected label ZipCode, got  ([]), file ZipCode.csv:33427 data 99103
    regex_detector_test.go:84: Expected label ZipCode, got  ([]), file ZipCode.csv:33428 data 99105
    regex_detector_test.go:84: Expected label ZipCode, got  ([]), file ZipCode.csv:33429 data 99109
    regex_detector_test.go:84: Expected label ZipCode, got  ([]), file ZipCode.csv:33430 data 99110
    regex_detector_test.go:84: Expected label ZipCode, got  ([]), file ZipCode.csv:33431 data 99111
    regex_detector_test.go:84: Expected label ZipCode, got  ([]), file ZipCode.csv:33432 data 99113
    regex_detector_test.go:84: Expected label ZipCode, got  ([]), file ZipCode.csv:33433 data 99114
    regex_detector_test.go:84: Expected label ZipCode, got  ([]), file ZipCode.csv:33434 data 99115
    regex_detector_test.go:84: Expected label ZipCode, got  ([]), file ZipCode.csv:33435 data 99116
    regex_detector_test.go:84: Expected label ZipCode, got  ([]), file ZipCode.csv:33436 data 99117
    regex_detector_test.go:84: Expected label ZipCode, got  ([]), file ZipCode.csv:33437 data 99118
    regex_detector_test.go:84: Expected label ZipCode, got  ([]), file ZipCode.csv:33438 data 99119
    regex_detector_test.go:84: Expected label ZipCode, got  ([]), file ZipCode.csv:33439 data 99121
    regex_detector_test.go:84: Expected label ZipCode, got  ([]), file ZipCode.csv:33440 data 99122
    regex_detector_test.go:84: Expected label ZipCode, got  ([]), file ZipCode.csv:33441 data 99123
    regex_detector_test.go:84: Expected label ZipCode, got  ([]), file ZipCode.csv:33442 data 99124
    regex_detector_test.go:84: Expected label ZipCode, got  ([]), file ZipCode.csv:33443 data 99125
    regex_detector_test.go:84: Expected label ZipCode, got  ([]), file ZipCode.csv:33444 data 99126
    regex_detector_test.go:84: Expected label ZipCode, got  ([]), file ZipCode.csv:33445 data 99128
    regex_detector_test.go:84: Expected label ZipCode, got  ([]), file ZipCode.csv:33446 data 99129
    regex_detector_test.go:84: Expected label ZipCode, got  ([]), file ZipCode.csv:33447 data 99130
    regex_detector_test.go:84: Expected label ZipCode, got  ([]), file ZipCode.csv:33448 data 99131
    regex_detector_test.go:84: Expected label ZipCode, got  ([]), file ZipCode.csv:33449 data 99133
    regex_detector_test.go:84: Expected label ZipCode, got  ([]), file ZipCode.csv:33450 data 99134
    regex_detector_test.go:84: Expected label ZipCode, got  ([]), file ZipCode.csv:33451 data 99135
    regex_detector_test.go:84: Expected label ZipCode, got  ([]), file ZipCode.csv:33452 data 99136
    regex_detector_test.go:84: Expected label ZipCode, got  ([]), file ZipCode.csv:33453 data 99137
    regex_detector_test.go:84: Expected label ZipCode, got  ([]), file ZipCode.csv:33454 data 99138
    regex_detector_test.go:84: Expected label ZipCode, got  ([]), file ZipCode.csv:33455 data 99139
    regex_detector_test.go:84: Expected label ZipCode, got  ([]), file ZipCode.csv:33456 data 99140
    regex_detector_test.go:84: Expected label ZipCode, got  ([]), file ZipCode.csv:33457 data 99141
    regex_detector_test.go:84: Expected label ZipCode, got  ([]), file ZipCode.csv:33458 data 99143
    regex_detector_test.go:84: Expected label ZipCode, got  ([]), file ZipCode.csv:33459 data 99144
    regex_detector_test.go:84: Expected label ZipCode, got  ([]), file ZipCode.csv:33460 data 99146
    regex_detector_test.go:84: Expected label ZipCode, got  ([]), file ZipCode.csv:33461 data 99147
    regex_detector_test.go:84: Expected label ZipCode, got  ([]), file ZipCode.csv:33462 data 99148
    regex_detector_test.go:84: Expected label ZipCode, got  ([]), file ZipCode.csv:33463 data 99149
    regex_detector_test.go:84: Expected label ZipCode, got  ([]), file ZipCode.csv:33464 data 99150
    regex_detector_test.go:84: Expected label ZipCode, got  ([]), file ZipCode.csv:33465 data 99151
    regex_detector_test.go:84: Expected label ZipCode, got  ([]), file ZipCode.csv:33466 data 99152
    regex_detector_test.go:84: Expected label ZipCode, got  ([]), file ZipCode.csv:33467 data 99153
    regex_detector_test.go:84: Expected label ZipCode, got  ([]), file ZipCode.csv:33468 data 99154
    regex_detector_test.go:84: Expected label ZipCode, got  ([]), file ZipCode.csv:33469 data 99155
    regex_detector_test.go:84: Expected label ZipCode, got  ([]), file ZipCode.csv:33470 data 99156
    regex_detector_test.go:84: Expected label ZipCode, got  ([]), file ZipCode.csv:33471 data 99157
    regex_detector_test.go:84: Expected label ZipCode, got  ([]), file ZipCode.csv:33472 data 99158
    regex_detector_test.go:84: Expected label ZipCode, got  ([]), file ZipCode.csv:33473 data 99159
    regex_detector_test.go:84: Expected label ZipCode, got  ([]), file ZipCode.csv:33474 data 99160
    regex_detector_test.go:84: Expected label ZipCode, got  ([]), file ZipCode.csv:33475 data 99161
    regex_detector_test.go:84: Expected label ZipCode, got  ([]), file ZipCode.csv:33476 data 99163
    regex_detector_test.go:84: Expected label ZipCode, got  ([]), file ZipCode.csv:33477 data 99166
    regex_detector_test.go:84: Expected label ZipCode, got  ([]), file ZipCode.csv:33478 data 99167
    regex_detector_test.go:84: Expected label ZipCode, got  ([]), file ZipCode.csv:33479 data 99169
    regex_detector_test.go:84: Expected label ZipCode, got  ([]), file ZipCode.csv:33480 data 99170
    regex_detector_test.go:84: Expected label ZipCode, got  ([]), file ZipCode.csv:33481 data 99171
    regex_detector_test.go:84: Expected label ZipCode, got  ([]), file ZipCode.csv:33482 data 99173
    regex_detector_test.go:84: Expected label ZipCode, got  ([]), file ZipCode.csv:33483 data 99174
    regex_detector_test.go:84: Expected label ZipCode, got  ([]), file ZipCode.csv:33484 data 99176
    regex_detector_test.go:84: Expected label ZipCode, got  ([]), file ZipCode.csv:33485 data 99179
    regex_detector_test.go:84: Expected label ZipCode, got  ([]), file ZipCode.csv:33486 data 99180
    regex_detector_test.go:84: Expected label ZipCode, got  ([]), file ZipCode.csv:33487 data 99181
    regex_detector_test.go:84: Expected label ZipCode, got  ([]), file ZipCode.csv:33488 data 99185
    regex_detector_test.go:84: Expected label ZipCode, got  ([]), file ZipCode.csv:33489 data 99201
    regex_detector_test.go:84: Expected label ZipCode, got  ([]), file ZipCode.csv:33490 data 99202
    regex_detector_test.go:84: Expected label ZipCode, got  ([]), file ZipCode.csv:33491 data 99203
    regex_detector_test.go:84: Expected label ZipCode, got  ([]), file ZipCode.csv:33492 data 99204
    regex_detector_test.go:84: Expected label ZipCode, got  ([]), file ZipCode.csv:33493 data 99205
    regex_detector_test.go:84: Expected label ZipCode, got  ([]), file ZipCode.csv:33494 data 99206
    regex_detector_test.go:84: Expected label ZipCode, got  ([]), file ZipCode.csv:33495 data 99207
    regex_detector_test.go:84: Expected label ZipCode, got  ([]), file ZipCode.csv:33496 data 99208
    regex_detector_test.go:84: Expected label ZipCode, got  ([]), file ZipCode.csv:33497 data 99212
    regex_detector_test.go:84: Expected label ZipCode, got  ([]), file ZipCode.csv:33498 data 99216
    regex_detector_test.go:84: Expected label ZipCode, got  ([]), file ZipCode.csv:33499 data 99217
    regex_detector_test.go:84: Expected label ZipCode, got  ([]), file ZipCode.csv:33500 data 99218
    regex_detector_test.go:84: Expected label ZipCode, got  ([]), file ZipCode.csv:33501 data 99223
    regex_detector_test.go:84: Expected label ZipCode, got  ([]), file ZipCode.csv:33502 data 99224
    regex_detector_test.go:84: Expected label ZipCode, got  ([]), file ZipCode.csv:33503 data 99251
    regex_detector_test.go:84: Expected label ZipCode, got  ([]), file ZipCode.csv:33504 data 99258
    regex_detector_test.go:84: Expected label ZipCode, got  ([]), file ZipCode.csv:33505 data 99301
    regex_detector_test.go:84: Expected label ZipCode, got  ([]), file ZipCode.csv:33506 data 99320
    regex_detector_test.go:84: Expected label ZipCode, got  ([]), file ZipCode.csv:33507 data 99321
    regex_detector_test.go:84: Expected label ZipCode, got  ([]), file ZipCode.csv:33508 data 99322
    regex_detector_test.go:84: Expected label ZipCode, got  ([]), file ZipCode.csv:33509 data 99323
    regex_detector_test.go:84: Expected label ZipCode, got  ([]), file ZipCode.csv:33510 data 99324
    regex_detector_test.go:84: Expected label ZipCode, got  ([]), file ZipCode.csv:33511 data 99326
    regex_detector_test.go:84: Expected label ZipCode, got  ([]), file ZipCode.csv:33512 data 99328
    regex_detector_test.go:84: Expected label ZipCode, got  ([]), file ZipCode.csv:33513 data 99329
    regex_detector_test.go:84: Expected label ZipCode, got  ([]), file ZipCode.csv:33514 data 99330
    regex_detector_test.go:84: Expected label ZipCode, got  ([]), file ZipCode.csv:33515 data 99333
    regex_detector_test.go:84: Expected label ZipCode, got  ([]), file ZipCode.csv:33516 data 99335
    regex_detector_test.go:84: Expected label ZipCode, got  ([]), file ZipCode.csv:33517 data 99336
    regex_detector_test.go:84: Expected label ZipCode, got  ([]), file ZipCode.csv:33518 data 99337
    regex_detector_test.go:84: Expected label ZipCode, got  ([]), file ZipCode.csv:33519 data 99338
    regex_detector_test.go:84: Expected label ZipCode, got  ([]), file ZipCode.csv:33520 data 99341
    regex_detector_test.go:84: Expected label ZipCode, got  ([]), file ZipCode.csv:33521 data 99343
    regex_detector_test.go:84: Expected label ZipCode, got  ([]), file ZipCode.csv:33522 data 99344
    regex_detector_test.go:84: Expected label ZipCode, got  ([]), file ZipCode.csv:33523 data 99345
    regex_detector_test.go:84: Expected label ZipCode, got  ([]), file ZipCode.csv:33524 data 99346
    regex_detector_test.go:84: Expected label ZipCode, got  ([]), file ZipCode.csv:33525 data 99347
    regex_detector_test.go:84: Expected label ZipCode, got  ([]), file ZipCode.csv:33526 data 99348
    regex_detector_test.go:84: Expected label ZipCode, got  ([]), file ZipCode.csv:33527 data 99349
    regex_detector_test.go:84: Expected label ZipCode, got  ([]), file ZipCode.csv:33528 data 99350
    regex_detector_test.go:84: Expected label ZipCode, got  ([]), file ZipCode.csv:33529 data 99352
    regex_detector_test.go:84: Expected label ZipCode, got  ([]), file ZipCode.csv:33530 data 99353
    regex_detector_test.go:84: Expected label ZipCode, got  ([]), file ZipCode.csv:33531 data 99354
    regex_detector_test.go:84: Expected label ZipCode, got  ([]), file ZipCode.csv:33532 data 99356
    regex_detector_test.go:84: Expected label ZipCode, got  ([]), file ZipCode.csv:33533 data 99357
    regex_detector_test.go:84: Expected label ZipCode, got  ([]), file ZipCode.csv:33534 data 99359
    regex_detector_test.go:84: Expected label ZipCode, got  ([]), file ZipCode.csv:33535 data 99360
    regex_detector_test.go:84: Expected label ZipCode, got  ([]), file ZipCode.csv:33536 data 99361
    regex_detector_test.go:84: Expected label ZipCode, got  ([]), file ZipCode.csv:33537 data 99362
    regex_detector_test.go:84: Expected label ZipCode, got  ([]), file ZipCode.csv:33538 data 99363
    regex_detector_test.go:84: Expected label ZipCode, got  ([]), file ZipCode.csv:33539 data 99371
    regex_detector_test.go:84: Expected label ZipCode, got  ([]), file ZipCode.csv:33540 data 99401
    regex_detector_test.go:84: Expected label ZipCode, got  ([]), file ZipCode.csv:33541 data 99402
    regex_detector_test.go:84: Expected label ZipCode, got  ([]), file ZipCode.csv:33542 data 99403
    regex_detector_test.go:84: Expected label ZipCode, got  ([]), file ZipCode.csv:33543 data 99501
    regex_detector_test.go:84: Expected label ZipCode, got  ([]), file ZipCode.csv:33544 data 99502
    regex_detector_test.go:84: Expected label ZipCode, got  ([]), file ZipCode.csv:33545 data 99503
    regex_detector_test.go:84: Expected label ZipCode, got  ([]), file ZipCode.csv:33546 data 99504
    regex_detector_test.go:84: Expected label ZipCode, got  ([]), file ZipCode.csv:33547 data 99505
    regex_detector_test.go:84: Expected label ZipCode, got  ([]), file ZipCode.csv:33548 data 99506
    regex_detector_test.go:84: Expected label ZipCode, got  ([]), file ZipCode.csv:33549 data 99507
    regex_detector_test.go:84: Expected label ZipCode, got  ([]), file ZipCode.csv:33550 data 99508
    regex_detector_test.go:84: Expected label ZipCode, got  ([]), file ZipCode.csv:33551 data 99513
    regex_detector_test.go:84: Expected label ZipCode, got  ([]), file ZipCode.csv:33552 data 99515
    regex_detector_test.go:84: Expected label ZipCode, got  ([]), file ZipCode.csv:33553 data 99516
    regex_detector_test.go:84: Expected label ZipCode, got  ([]), file ZipCode.csv:33554 data 99517
    regex_detector_test.go:84: Expected label ZipCode, got  ([]), file ZipCode.csv:33555 data 99518
    regex_detector_test.go:84: Expected label ZipCode, got  ([]), file ZipCode.csv:33556 data 99519
    regex_detector_test.go:84: Expected label ZipCode, got  ([]), file ZipCode.csv:33557 data 99530
    regex_detector_test.go:84: Expected label ZipCode, got  ([]), file ZipCode.csv:33558 data 99540
    regex_detector_test.go:84: Expected label ZipCode, got  ([]), file ZipCode.csv:33559 data 99546
    regex_detector_test.go:84: Expected label ZipCode, got  ([]), file ZipCode.csv:33560 data 99547
    regex_detector_test.go:84: Expected label ZipCode, got  ([]), file ZipCode.csv:33561 data 99548
    regex_detector_test.go:84: Expected label ZipCode, got  ([]), file ZipCode.csv:33562 data 99549
    regex_detector_test.go:84: Expected label ZipCode, got  ([]), file ZipCode.csv:33563 data 99550
    regex_detector_test.go:84: Expected label ZipCode, got  ([]), file ZipCode.csv:33564 data 99551
    regex_detector_test.go:84: Expected label ZipCode, got  ([]), file ZipCode.csv:33565 data 99552
    regex_detector_test.go:84: Expected label ZipCode, got  ([]), file ZipCode.csv:33566 data 99553
    regex_detector_test.go:84: Expected label ZipCode, got  ([]), file ZipCode.csv:33567 data 99554
    regex_detector_test.go:84: Expected label ZipCode, got  ([]), file ZipCode.csv:33568 data 99555
    regex_detector_test.go:84: Expected label ZipCode, got  ([]), file ZipCode.csv:33569 data 99556
    regex_detector_test.go:84: Expected label ZipCode, got  ([]), file ZipCode.csv:33570 data 99557
    regex_detector_test.go:84: Expected label ZipCode, got  ([]), file ZipCode.csv:33571 data 99558
    regex_detector_test.go:84: Expected label ZipCode, got  ([]), file ZipCode.csv:33572 data 99559
    regex_detector_test.go:84: Expected label ZipCode, got  ([]), file ZipCode.csv:33573 data 99561
    regex_detector_test.go:84: Expected label ZipCode, got  ([]), file ZipCode.csv:33574 data 99563
    regex_detector_test.go:84: Expected label ZipCode, got  ([]), file ZipCode.csv:33575 data 99564
    regex_detector_test.go:84: Expected label ZipCode, got  ([]), file ZipCode.csv:33576 data 99565
    regex_detector_test.go:84: Expected label ZipCode, got  ([]), file ZipCode.csv:33577 data 99566
    regex_detector_test.go:84: Expected label ZipCode, got  ([]), file ZipCode.csv:33578 data 99567
    regex_detector_test.go:84: Expected label ZipCode, got  ([]), file ZipCode.csv:33579 data 99568
    regex_detector_test.go:84: Expected label ZipCode, got  ([]), file ZipCode.csv:33580 data 99569
    regex_detector_test.go:84: Expected label ZipCode, got  ([]), file ZipCode.csv:33581 data 99571
    regex_detector_test.go:84: Expected label ZipCode, got  ([]), file ZipCode.csv:33582 data 99572
    regex_detector_test.go:84: Expected label ZipCode, got  ([]), file ZipCode.csv:33583 data 99573
    regex_detector_test.go:84: Expected label ZipCode, got  ([]), file ZipCode.csv:33584 data 99574
    regex_detector_test.go:84: Expected label ZipCode, got  ([]), file ZipCode.csv:33585 data 99575
    regex_detector_test.go:84: Expected label ZipCode, got  ([]), file ZipCode.csv:33586 data 99576
    regex_detector_test.go:84: Expected label ZipCode, got  ([]), file ZipCode.csv:33587 data 99577
    regex_detector_test.go:84: Expected label ZipCode, got  ([]), file ZipCode.csv:33588 data 99578
    regex_detector_test.go:84: Expected label ZipCode, got  ([]), file ZipCode.csv:33589 data 99579
    regex_detector_test.go:84: Expected label ZipCode, got  ([]), file ZipCode.csv:33590 data 99580
    regex_detector_test.go:84: Expected label ZipCode, got  ([]), file ZipCode.csv:33591 data 99581
    regex_detector_test.go:84: Expected label ZipCode, got  ([]), file ZipCode.csv:33592 data 99583
    regex_detector_test.go:84: Expected label ZipCode, got  ([]), file ZipCode.csv:33593 data 99585
    regex_detector_test.go:84: Expected label ZipCode, got  ([]), file ZipCode.csv:33594 data 99586
    regex_detector_test.go:84: Expected label ZipCode, got  ([]), file ZipCode.csv:33595 data 99587
    regex_detector_test.go:84: Expected label ZipCode, got  ([]), file ZipCode.csv:33596 data 99588
    regex_detector_test.go:84: Expected label ZipCode, got  ([]), file ZipCode.csv:33597 data 99589
    regex_detector_test.go:84: Expected label ZipCode, got  ([]), file ZipCode.csv:33598 data 99590
    regex_detector_test.go:84: Expected label ZipCode, got  ([]), file ZipCode.csv:33599 data 99591
    regex_detector_test.go:84: Expected label ZipCode, got  ([]), file ZipCode.csv:33600 data 99602
    regex_detector_test.go:84: Expected label ZipCode, got  ([]), file ZipCode.csv:33601 data 99603
    regex_detector_test.go:84: Expected label ZipCode, got  ([]), file ZipCode.csv:33602 data 99604
    regex_detector_test.go:84: Expected label ZipCode, got  ([]), file ZipCode.csv:33603 data 99605
    regex_detector_test.go:84: Expected label ZipCode, got  ([]), file ZipCode.csv:33604 data 99606
    regex_detector_test.go:84: Expected label ZipCode, got  ([]), file ZipCode.csv:33605 data 99607
    regex_detector_test.go:84: Expected label ZipCode, got  ([]), file ZipCode.csv:33606 data 99608
    regex_detector_test.go:84: Expected label ZipCode, got  ([]), file ZipCode.csv:33607 data 99609
    regex_detector_test.go:84: Expected label ZipCode, got  ([]), file ZipCode.csv:33608 data 99610
    regex_detector_test.go:84: Expected label ZipCode, got  ([]), file ZipCode.csv:33609 data 99611
    regex_detector_test.go:84: Expected label ZipCode, got  ([]), file ZipCode.csv:33610 data 99612
    regex_detector_test.go:84: Expected label ZipCode, got  ([]), file ZipCode.csv:33611 data 99613
    regex_detector_test.go:84: Expected label ZipCode, got  ([]), file ZipCode.csv:33612 data 99614
    regex_detector_test.go:84: Expected label ZipCode, got  ([]), file ZipCode.csv:33613 data 99615
    regex_detector_test.go:84: Expected label ZipCode, got  ([]), file ZipCode.csv:33614 data 99620
    regex_detector_test.go:84: Expected label ZipCode, got  ([]), file ZipCode.csv:33615 data 99621
    regex_detector_test.go:84: Expected label ZipCode, got  ([]), file ZipCode.csv:33616 data 99622
    regex_detector_test.go:84: Expected label ZipCode, got  ([]), file ZipCode.csv:33617 data 99623
    regex_detector_test.go:84: Expected label ZipCode, got  ([]), file ZipCode.csv:33618 data 99624
    regex_detector_test.go:84: Expected label ZipCode, got  ([]), file ZipCode.csv:33619 data 99625
    regex_detector_test.go:84: Expected label ZipCode, got  ([]), file ZipCode.csv:33620 data 99626
    regex_detector_test.go:84: Expected label ZipCode, got  ([]), file ZipCode.csv:33621 data 99627
    regex_detector_test.go:84: Expected label ZipCode, got  ([]), file ZipCode.csv:33622 data 99628
    regex_detector_test.go:84: Expected label ZipCode, got  ([]), file ZipCode.csv:33623 data 99630
    regex_detector_test.go:84: Expected label ZipCode, got  ([]), file ZipCode.csv:33624 data 99631
    regex_detector_test.go:84: Expected label ZipCode, got  ([]), file ZipCode.csv:33625 data 99632
    regex_detector_test.go:84: Expected label ZipCode, got  ([]), file ZipCode.csv:33626 data 99633
    regex_detector_test.go:84: Expected label ZipCode, got  ([]), file ZipCode.csv:33627 data 99634
    regex_detector_test.go:84: Expected label ZipCode, got  ([]), file ZipCode.csv:33628 data 99635
    regex_detector_test.go:84: Expected label ZipCode, got  ([]), file ZipCode.csv:33629 data 99636
    regex_detector_test.go:84: Expected label ZipCode, got  ([]), file ZipCode.csv:33630 data 99637
    regex_detector_test.go:84: Expected label ZipCode, got  ([]), file ZipCode.csv:33631 data 99638
    regex_detector_test.go:84: Expected label ZipCode, got  ([]), file ZipCode.csv:33632 data 99639
    regex_detector_test.go:84: Expected label ZipCode, got  ([]), file ZipCode.csv:33633 data 99640
    regex_detector_test.go:84: Expected label ZipCode, got  ([]), file ZipCode.csv:33634 data 99641
    regex_detector_test.go:84: Expected label ZipCode, got  ([]), file ZipCode.csv:33635 data 99643
    regex_detector_test.go:84: Expected label ZipCode, got  ([]), file ZipCode.csv:33636 data 99644
    regex_detector_test.go:84: Expected label ZipCode, got  ([]), file ZipCode.csv:33637 data 99645
    regex_detector_test.go:84: Expected label ZipCode, got  ([]), file ZipCode.csv:33638 data 99647
    regex_detector_test.go:84: Expected label ZipCode, got  ([]), file ZipCode.csv:33639 data 99648
    regex_detector_test.go:84: Expected label ZipCode, got  ([]), file ZipCode.csv:33640 data 99649
    regex_detector_test.go:84: Expected label ZipCode, got  ([]), file ZipCode.csv:33641 data 99650
    regex_detector_test.go:84: Expected label ZipCode, got  ([]), file ZipCode.csv:33642 data 99651
    regex_detector_test.go:84: Expected label ZipCode, got  ([]), file ZipCode.csv:33643 data 99652
    regex_detector_test.go:84: Expected label ZipCode, got  ([]), file ZipCode.csv:33644 data 99653
    regex_detector_test.go:84: Expected label ZipCode, got  ([]), file ZipCode.csv:33645 data 99654
    regex_detector_test.go:84: Expected label ZipCode, got  ([]), file ZipCode.csv:33646 data 99655
    regex_detector_test.go:84: Expected label ZipCode, got  ([]), file ZipCode.csv:33647 data 99656
    regex_detector_test.go:84: Expected label ZipCode, got  ([]), file ZipCode.csv:33648 data 99657
    regex_detector_test.go:84: Expected label ZipCode, got  ([]), file ZipCode.csv:33649 data 99658
    regex_detector_test.go:84: Expected label ZipCode, got  ([]), file ZipCode.csv:33650 data 99659
    regex_detector_test.go:84: Expected label ZipCode, got  ([]), file ZipCode.csv:33651 data 99660
    regex_detector_test.go:84: Expected label ZipCode, got  ([]), file ZipCode.csv:33652 data 99661
    regex_detector_test.go:84: Expected label ZipCode, got  ([]), file ZipCode.csv:33653 data 99662
    regex_detector_test.go:84: Expected label ZipCode, got  ([]), file ZipCode.csv:33654 data 99663
    regex_detector_test.go:84: Expected label ZipCode, got  ([]), file ZipCode.csv:33655 data 99664
    regex_detector_test.go:84: Expected label ZipCode, got  ([]), file ZipCode.csv:33656 data 99665
    regex_detector_test.go:84: Expected label ZipCode, got  ([]), file ZipCode.csv:33657 data 99666
    regex_detector_test.go:84: Expected label ZipCode, got  ([]), file ZipCode.csv:33658 data 99667
    regex_detector_test.go:84: Expected label ZipCode, got  ([]), file ZipCode.csv:33659 data 99668
    regex_detector_test.go:84: Expected label ZipCode, got  ([]), file ZipCode.csv:33660 data 99669
    regex_detector_test.go:84: Expected label ZipCode, got  ([]), file ZipCode.csv:33661 data 99670
    regex_detector_test.go:84: Expected label ZipCode, got  ([]), file ZipCode.csv:33662 data 99671
    regex_detector_test.go:84: Expected label ZipCode, got  ([]), file ZipCode.csv:33663 data 99672
    regex_detector_test.go:84: Expected label ZipCode, got  ([]), file ZipCode.csv:33664 data 99674
    regex_detector_test.go:84: Expected label ZipCode, got  ([]), file ZipCode.csv:33665 data 99675
    regex_detector_test.go:84: Expected label ZipCode, got  ([]), file ZipCode.csv:33666 data 99676
    regex_detector_test.go:84: Expected label ZipCode, got  ([]), file ZipCode.csv:33667 data 99677
    regex_detector_test.go:84: Expected label ZipCode, got  ([]), file ZipCode.csv:33668 data 99678
    regex_detector_test.go:84: Expected label ZipCode, got  ([]), file ZipCode.csv:33669 data 99679
    regex_detector_test.go:84: Expected label ZipCode, got  ([]), file ZipCode.csv:33670 data 99680
    regex_detector_test.go:84: Expected label ZipCode, got  ([]), file ZipCode.csv:33671 data 99681
    regex_detector_test.go:84: Expected label ZipCode, got  ([]), file ZipCode.csv:33672 data 99682
    regex_detector_test.go:84: Expected label ZipCode, got  ([]), file ZipCode.csv:33673 data 99683
    regex_detector_test.go:84: Expected label ZipCode, got  ([]), file ZipCode.csv:33674 data 99684
    regex_detector_test.go:84: Expected label ZipCode, got  ([]), file ZipCode.csv:33675 data 99685
    regex_detector_test.go:84: Expected label ZipCode, got  ([]), file ZipCode.csv:33676 data 99686
    regex_detector_test.go:84: Expected label ZipCode, got  ([]), file ZipCode.csv:33677 data 99688
    regex_detector_test.go:84: Expected label ZipCode, got  ([]), file ZipCode.csv:33678 data 99689
    regex_detector_test.go:84: Expected label ZipCode, got  ([]), file ZipCode.csv:33679 data 99690
    regex_detector_test.go:84: Expected label ZipCode, got  ([]), file ZipCode.csv:33680 data 99691
    regex_detector_test.go:84: Expected label ZipCode, got  ([]), file ZipCode.csv:33681 data 99692
    regex_detector_test.go:84: Expected label ZipCode, got  ([]), file ZipCode.csv:33682 data 99693
    regex_detector_test.go:84: Expected label ZipCode, got  ([]), file ZipCode.csv:33683 data 99694
    regex_detector_test.go:84: Expected label ZipCode, got  ([]), file ZipCode.csv:33684 data 99695
    regex_detector_test.go:84: Expected label ZipCode, got  ([]), file ZipCode.csv:33685 data 99701
    regex_detector_test.go:84: Expected label ZipCode, got  ([]), file ZipCode.csv:33686 data 99702
    regex_detector_test.go:84: Expected label ZipCode, got  ([]), file ZipCode.csv:33687 data 99703
    regex_detector_test.go:84: Expected label ZipCode, got  ([]), file ZipCode.csv:33688 data 99704
    regex_detector_test.go:84: Expected label ZipCode, got  ([]), file ZipCode.csv:33689 data 99705
    regex_detector_test.go:84: Expected label ZipCode, got  ([]), file ZipCode.csv:33690 data 99706
    regex_detector_test.go:84: Expected label ZipCode, got  ([]), file ZipCode.csv:33691 data 99707
    regex_detector_test.go:84: Expected label ZipCode, got  ([]), file ZipCode.csv:33692 data 99709
    regex_detector_test.go:84: Expected label ZipCode, got  ([]), file ZipCode.csv:33693 data 99712
    regex_detector_test.go:84: Expected label ZipCode, got  ([]), file ZipCode.csv:33694 data 99714
    regex_detector_test.go:84: Expected label ZipCode, got  ([]), file ZipCode.csv:33695 data 99720
    regex_detector_test.go:84: Expected label ZipCode, got  ([]), file ZipCode.csv:33696 data 99721
    regex_detector_test.go:84: Expected label ZipCode, got  ([]), file ZipCode.csv:33697 data 99722
    regex_detector_test.go:84: Expected label ZipCode, got  ([]), file ZipCode.csv:33698 data 99723
    regex_detector_test.go:84: Expected label ZipCode, got  ([]), file ZipCode.csv:33699 data 99724
    regex_detector_test.go:84: Expected label ZipCode, got  ([]), file ZipCode.csv:33700 data 99725
    regex_detector_test.go:84: Expected label ZipCode, got  ([]), file ZipCode.csv:33701 data 99726
    regex_detector_test.go:84: Expected label ZipCode, got  ([]), file ZipCode.csv:33702 data 99727
    regex_detector_test.go:84: Expected label ZipCode, got  ([]), file ZipCode.csv:33703 data 99729
    regex_detector_test.go:84: Expected label ZipCode, got  ([]), file ZipCode.csv:33704 data 99730
    regex_detector_test.go:84: Expected label ZipCode, got  ([]), file ZipCode.csv:33705 data 99732
    regex_detector_test.go:84: Expected label ZipCode, got  ([]), file ZipCode.csv:33706 data 99733
    regex_detector_test.go:84: Expected label ZipCode, got  ([]), file ZipCode.csv:33707 data 99734
    regex_detector_test.go:84: Expected label ZipCode, got  ([]), file ZipCode.csv:33708 data 99736
    regex_detector_test.go:84: Expected label ZipCode, got  ([]), file ZipCode.csv:33709 data 99737
    regex_detector_test.go:84: Expected label ZipCode, got  ([]), file ZipCode.csv:33710 data 99738
    regex_detector_test.go:84: Expected label ZipCode, got  ([]), file ZipCode.csv:33711 data 99739
    regex_detector_test.go:84: Expected label ZipCode, got  ([]), file ZipCode.csv:33712 data 99740
    regex_detector_test.go:84: Expected label ZipCode, got  ([]), file ZipCode.csv:33713 data 99741
    regex_detector_test.go:84: Expected label ZipCode, got  ([]), file ZipCode.csv:33714 data 99742
    regex_detector_test.go:84: Expected label ZipCode, got  ([]), file ZipCode.csv:33715 data 99743
    regex_detector_test.go:84: Expected label ZipCode, got  ([]), file ZipCode.csv:33716 data 99744
    regex_detector_test.go:84: Expected label ZipCode, got  ([]), file ZipCode.csv:33717 data 99745
    regex_detector_test.go:84: Expected label ZipCode, got  ([]), file ZipCode.csv:33718 data 99746
    regex_detector_test.go:84: Expected label ZipCode, got  ([]), file ZipCode.csv:33719 data 99747
    regex_detector_test.go:84: Expected label ZipCode, got  ([]), file ZipCode.csv:33720 data 99748
    regex_detector_test.go:84: Expected label ZipCode, got  ([]), file ZipCode.csv:33721 data 99749
    regex_detector_test.go:84: Expected label ZipCode, got  ([]), file ZipCode.csv:33722 data 99750
    regex_detector_test.go:84: Expected label ZipCode, got  ([]), file ZipCode.csv:33723 data 99751
    regex_detector_test.go:84: Expected label ZipCode, got  ([]), file ZipCode.csv:33724 data 99752
    regex_detector_test.go:84: Expected label ZipCode, got  ([]), file ZipCode.csv:33725 data 99753
    regex_detector_test.go:84: Expected label ZipCode, got  ([]), file ZipCode.csv:33726 data 99754
    regex_detector_test.go:84: Expected label ZipCode, got  ([]), file ZipCode.csv:33727 data 99755
    regex_detector_test.go:84: Expected label ZipCode, got  ([]), file ZipCode.csv:33728 data 99756
    regex_detector_test.go:84: Expected label ZipCode, got  ([]), file ZipCode.csv:33729 data 99757
    regex_detector_test.go:84: Expected label ZipCode, got  ([]), file ZipCode.csv:33730 data 99758
    regex_detector_test.go:84: Expected label ZipCode, got  ([]), file ZipCode.csv:33731 data 99759
    regex_detector_test.go:84: Expected label ZipCode, got  ([]), file ZipCode.csv:33732 data 99760
    regex_detector_test.go:84: Expected label ZipCode, got  ([]), file ZipCode.csv:33733 data 99761
    regex_detector_test.go:84: Expected label ZipCode, got  ([]), file ZipCode.csv:33734 data 99762
    regex_detector_test.go:84: Expected label ZipCode, got  ([]), file ZipCode.csv:33735 data 99763
    regex_detector_test.go:84: Expected label ZipCode, got  ([]), file ZipCode.csv:33736 data 99764
    regex_detector_test.go:84: Expected label ZipCode, got  ([]), file ZipCode.csv:33737 data 99765
    regex_detector_test.go:84: Expected label ZipCode, got  ([]), file ZipCode.csv:33738 data 99766
    regex_detector_test.go:84: Expected label ZipCode, got  ([]), file ZipCode.csv:33739 data 99767
    regex_detector_test.go:84: Expected label ZipCode, got  ([]), file ZipCode.csv:33740 data 99768
    regex_detector_test.go:84: Expected label ZipCode, got  ([]), file ZipCode.csv:33741 data 99769
    regex_detector_test.go:84: Expected label ZipCode, got  ([]), file ZipCode.csv:33742 data 99770
    regex_detector_test.go:84: Expected label ZipCode, got  ([]), file ZipCode.csv:33743 data 99771
    regex_detector_test.go:84: Expected label ZipCode, got  ([]), file ZipCode.csv:33744 data 99772
    regex_detector_test.go:84: Expected label ZipCode, got  ([]), file ZipCode.csv:33745 data 99773
    regex_detector_test.go:84: Expected label ZipCode, got  ([]), file ZipCode.csv:33746 data 99774
    regex_detector_test.go:84: Expected label ZipCode, got  ([]), file ZipCode.csv:33747 data 99775
    regex_detector_test.go:84: Expected label ZipCode, got  ([]), file ZipCode.csv:33748 data 99776
    regex_detector_test.go:84: Expected label ZipCode, got  ([]), file ZipCode.csv:33749 data 99777
    regex_detector_test.go:84: Expected label ZipCode, got  ([]), file ZipCode.csv:33750 data 99778
    regex_detector_test.go:84: Expected label ZipCode, got  ([]), file ZipCode.csv:33751 data 99780
    regex_detector_test.go:84: Expected label ZipCode, got  ([]), file ZipCode.csv:33752 data 99781
    regex_detector_test.go:84: Expected label ZipCode, got  ([]), file ZipCode.csv:33753 data 99782
    regex_detector_test.go:84: Expected label ZipCode, got  ([]), file ZipCode.csv:33754 data 99783
    regex_detector_test.go:84: Expected label ZipCode, got  ([]), file ZipCode.csv:33755 data 99784
    regex_detector_test.go:84: Expected label ZipCode, got  ([]), file ZipCode.csv:33756 data 99785
    regex_detector_test.go:84: Expected label ZipCode, got  ([]), file ZipCode.csv:33757 data 99786
    regex_detector_test.go:84: Expected label ZipCode, got  ([]), file ZipCode.csv:33758 data 99788
    regex_detector_test.go:84: Expected label ZipCode, got  ([]), file ZipCode.csv:33759 data 99789
    regex_detector_test.go:84: Expected label ZipCode, got  ([]), file ZipCode.csv:33760 data 99790
    regex_detector_test.go:84: Expected label ZipCode, got  ([]), file ZipCode.csv:33761 data 99791
    regex_detector_test.go:84: Expected label ZipCode, got  ([]), file ZipCode.csv:33762 data 99801
    regex_detector_test.go:84: Expected label ZipCode, got  ([]), file ZipCode.csv:33763 data 99820
    regex_detector_test.go:84: Expected label ZipCode, got  ([]), file ZipCode.csv:33764 data 99824
    regex_detector_test.go:84: Expected label ZipCode, got  ([]), file ZipCode.csv:33765 data 99825
    regex_detector_test.go:84: Expected label ZipCode, got  ([]), file ZipCode.csv:33766 data 99826
    regex_detector_test.go:84: Expected label ZipCode, got  ([]), file ZipCode.csv:33767 data 99827
    regex_detector_test.go:84: Expected label ZipCode, got  ([]), file ZipCode.csv:33768 data 99829
    regex_detector_test.go:84: Expected label ZipCode, got  ([]), file ZipCode.csv:33769 data 99830
    regex_detector_test.go:84: Expected label ZipCode, got  ([]), file ZipCode.csv:33770 data 99832
    regex_detector_test.go:84: Expected label ZipCode, got  ([]), file ZipCode.csv:33771 data 99833
    regex_detector_test.go:84: Expected label ZipCode, got  ([]), file ZipCode.csv:33772 data 99835
    regex_detector_test.go:84: Expected label ZipCode, got  ([]), file ZipCode.csv:33773 data 99836
    regex_detector_test.go:84: Expected label ZipCode, got  ([]), file ZipCode.csv:33774 data 99840
    regex_detector_test.go:84: Expected label ZipCode, got  ([]), file ZipCode.csv:33775 data 99841
    regex_detector_test.go:84: Expected label ZipCode, got  ([]), file ZipCode.csv:33776 data 99850
    regex_detector_test.go:84: Expected label ZipCode, got  ([]), file ZipCode.csv:33777 data 99901
    regex_detector_test.go:84: Expected label ZipCode, got  ([]), file ZipCode.csv:33778 data 99903
    regex_detector_test.go:84: Expected label ZipCode, got  ([]), file ZipCode.csv:33779 data 99918
    regex_detector_test.go:84: Expected label ZipCode, got  ([]), file ZipCode.csv:33780 data 99919
    regex_detector_test.go:84: Expected label ZipCode, got  ([]), file ZipCode.csv:33781 data 99921
    regex_detector_test.go:84: Expected label ZipCode, got  ([]), file ZipCode.csv:33782 data 99922
    regex_detector_test.go:84: Expected label ZipCode, got  ([]), file ZipCode.csv:33783 data 99923
    regex_detector_test.go:84: Expected label ZipCode, got  ([]), file ZipCode.csv:33784 data 99925
    regex_detector_test.go:84: Expected label ZipCode, got  ([]), file ZipCode.csv:33785 data 99926
    regex_detector_test.go:84: Expected label ZipCode, got  ([]), file ZipCode.csv:33786 data 99927
    regex_detector_test.go:84: Expected label ZipCode, got  ([]), file ZipCode.csv:33787 data 99929
    regex_detector_test.go:84: Expected label ZipCode, got  ([]), file ZipCode.csv:33788 data zipcode
    regex_detector_test.go:84: Expected label ZipCode, got  ([]), file ZipCode.csv:33789 data zip_code
    regex_detector_test.go:84: Expected label ZipCode, got  ([]), file ZipCode.csv:33790 data postal_code
    regex_detector_test.go:84: Expected label ZipCode, got  ([]), file ZipCode.csv:33791 data zipcode
    regex_detector_test.go:84: Expected label ZipCode, got  ([]), file ZipCode.csv:33792 data zip_code
    regex_detector_test.go:84: Expected label ZipCode, got  ([]), file ZipCode.csv:33793 data postal_code
    regex_detector_test.go:84: Expected label ZipCode, got  ([]), file ZipCode.csv:33794 data zipCode
    regex_detector_test.go:84: Expected label ZipCode, got  ([]), file ZipCode.csv:33795 data ZIPCode
    regex_detector_test.go:84: Expected label ZipCode, got  ([]), file ZipCode.csv:33796 data postalCode
    regex_detector_test.go:84: Expected label ZipCode, got  ([]), file ZipCode.csv:33797 data ZIP_CODE
    regex_detector_test.go:84: Expected label ZipCode, got  ([]), file ZipCode.csv:33798 data ZIP
    regex_detector_test.go:84: Expected label ZipCode, got  ([]), file ZipCode.csv:33799 data postalcode
    regex_detector_test.go:84: Expected label ZipCode, got  ([]), file ZipCode.csv:33800 data ZIPCODE
    regex_detector_test.go:84: Expected label ZipCode, got  ([]), file ZipCode.csv:33801 data zip
    regex_detector_test.go:84: Expected label ZipCode, got  ([]), file ZipCode.csv:33802 data Zip_Code
    regex_detector_test.go:84: Expected label ZipCode, got  ([]), file ZipCode.csv:33803 data Zipcode
    regex_detector_test.go:84: Expected label ZipCode, got  ([]), file ZipCode.csv:33804 data PostalCode
    regex_detector_test.go:84: Expected label ZipCode, got  ([]), file ZipCode.csv:33805 data Postal_Code
    regex_detector_test.go:84: Expected label ZipCode, got  ([]), file ZipCode.csv:33806 data Zip
    regex_detector_test.go:84: Expected label ZipCode, got  ([]), file ZipCode.csv:33807 data ZCode
    regex_detector_test.go:84: Expected label ZipCode, got  ([]), file ZipCode.csv:33808 data post_code
    regex_detector_test.go:84: Expected label ZipCode, got  ([]), file ZipCode.csv:33809 data ZC
    regex_detector_test.go:84: Expected label ZipCode, got  ([]), file ZipCode.csv:33810 data postalZip
    regex_detector_test.go:84: Expected label ZipCode, got  ([]), file ZipCode.csv:33811 data postZip
    regex_detector_test.go:84: Expected label ZipCode, got  ([]), file ZipCode.csv:33812 data zip_number
    regex_detector_test.go:84: Expected label ZipCode, got  ([]), file ZipCode.csv:33813 data ZipNumber
    regex_detector_test.go:84: Expected label ZipCode, got  ([]), file ZipCode.csv:33814 data postal_zip
    regex_detector_test.go:84: Expected label ZipCode, got  ([]), file ZipCode.csv:33815 data Postal_Zip
    regex_detector_test.go:84: Expected label ZipCode, got  ([]), file ZipCode.csv:33816 data Zip_No
    regex_detector_test.go:84: Expected label ZipCode, got  ([]), file ZipCode.csv:33817 data Postal_No
    regex_detector_test.go:84: Expected label ZipCode, got  ([]), file ZipCode.csv:33818 data postalNo
    regex_detector_test.go:84: Expected label ZipCode, got  ([]), file ZipCode.csv:33819 data zipNo
    regex_detector_test.go:84: Expected label ZipCode, got  ([]), file ZipCode.csv:33820 data postalno
    regex_detector_test.go:84: Expected label ZipCode, got  ([]), file ZipCode.csv:33821 data zipno
    regex_detector_test.go:84: Expected label ZipCode, got  ([]), file ZipCode.csv:33822 data zpcode
    regex_detector_test.go:84: Expected label ZipCode, got  ([]), file ZipCode.csv:33823 data z_code
    regex_detector_test.go:84: Expected label ZipCode, got  ([]), file ZipCode.csv:33824 data post_zip
    regex_detector_test.go:84: Expected label ZipCode, got  ([]), file ZipCode.csv:33825 data Postcode
    regex_detector_test.go:84: Expected label ZipCode, got  ([]), file ZipCode.csv:33826 data Post_Code
    regex_detector_test.go:84: Expected label ZipCode, got  ([]), file ZipCode.csv:33827 data Post_Zip
    regex_detector_test.go:84: Expected label ZipCode, got  ([]), file ZipCode.csv:33828 data postZipCode
    regex_detector_test.go:84: Expected label ZipCode, got  ([]), file ZipCode.csv:33829 data zip_code_number
    regex_detector_test.go:84: Expected label ZipCode, got  ([]), file ZipCode.csv:33830 data zipcode_number
    regex_detector_test.go:84: Expected label ZipCode, got  ([]), file ZipCode.csv:33831 data postalcode_number
    regex_detector_test.go:84: Expected label ZipCode, got  ([]), file ZipCode.csv:33832 data Zipcode_Number
    regex_detector_test.go:84: Expected label ZipCode, got  ([]), file ZipCode.csv:33833 data Zip_Code_Number
    regex_detector_test.go:84: Expected label ZipCode, got  ([]), file ZipCode.csv:33834 data zipCodeNumber
    regex_detector_test.go:84: Expected label ZipCode, got  ([]), file ZipCode.csv:33835 data postalCodeNumber
    regex_detector_test.go:84: Expected label ZipCode, got  ([]), file ZipCode.csv:33836 data postal_code_number
    regex_detector_test.go:84: Expected label ZipCode, got  ([]), file ZipCode.csv:33837 data z_code_number
    regex_detector_test.go:84: Expected label ZipCode, got  ([]), file ZipCode.csv:33838 data ZC_Number
    regex_detector_test.go:84: Expected label ZipCode, got  ([]), file ZipCode.csv:33839 data Post_Code_Number
    regex_detector_test.go:84: Expected label ZipCode, got  ([]), file ZipCode.csv:33840 data ZipNum
    regex_detector_test.go:84: Expected label ZipCode, got  ([]), file ZipCode.csv:33841 data post_number
    regex_detector_test.go:84: Expected label ZipCode, got  ([]), file ZipCode.csv:33842 data PostalNumber
    regex_detector_test.go:84: Expected label ZipCode, got  ([]), file ZipCode.csv:33843 data ZIPNumber
    regex_detector_test.go:84: Expected label ZipCode, got  ([]), file ZipCode.csv:33844 data zipNum
    regex_detector_test.go:84: Expected label ZipCode, got  ([]), file ZipCode.csv:33845 data postal_Num
    regex_detector_test.go:84: Expected label ZipCode, got  ([]), file ZipCode.csv:33846 data zcode_number
    regex_detector_test.go:84: Expected label ZipCode, got  ([]), file ZipCode.csv:33847 data zp_code
    regex_detector_test.go:84: Expected label ZipCode, got  ([]), file ZipCode.csv:33848 data zp_number
    regex_detector_test.go:84: Expected label ZipCode, got  ([]), file ZipCode.csv:33849 data Zip_Number
    regex_detector_test.go:84: Expected label ZipCode, got  ([]), file ZipCode.csv:33850 data ZIP_No
    regex_detector_test.go:84: Expected label ZipCode, got  ([]), file ZipCode.csv:33851 data ZIPNum
    regex_detector_test.go:84: Expected label ZipCode, got  ([]), file ZipCode.csv:33852 data PostalNo
    regex_detector_test.go:84: Expected label ZipCode, got  ([]), file ZipCode.csv:33853 data Post_No
    regex_detector_test.go:84: Expected label ZipCode, got  ([]), file ZipCode.csv:33854 data PostalNum
    regex_detector_test.go:84: Expected label ZipCode, got  ([]), file ZipCode.csv:33855 data postNo
    regex_detector_test.go:84: Expected label ZipCode, got  ([]), file ZipCode.csv:33856 data zpCode
    regex_detector_test.go:84: Expected label ZipCode, got  ([]), file ZipCode.csv:33857 data zp_No
    regex_detector_test.go:84: Expected label ZipCode, got  ([]), file ZipCode.csv:33858 data zip_code_no
    regex_detector_test.go:84: Expected label ZipCode, got  ([]), file ZipCode.csv:33859 data postalcode_no
    regex_detector_test.go:84: Expected label ZipCode, got  ([]), file ZipCode.csv:33860 data ZIP_code
    regex_detector_test.go:84: Expected label ZipCode, got  ([]), file ZipCode.csv:33861 data Postal_Code_Number
    regex_detector_test.go:84: Expected label ZipCode, got  ([]), file ZipCode.csv:33862 data z_code_no
    regex_detector_test.go:84: Expected label ZipCode, got  ([]), file ZipCode.csv:33863 data z_No
    regex_detector_test.go:84: Expected label ZipCode, got  ([]), file ZipCode.csv:33864 data ZIPCode_No
    regex_detector_test.go:84: Expected label ZipCode, got  ([]), file ZipCode.csv:33865 data ZIPCodeNum
    regex_detector_test.go:84: Expected label ZipCode, got  ([]), file ZipCode.csv:33866 data Post_Code_No
    regex_detector_test.go:84: Expected label ZipCode, got  ([]), file ZipCode.csv:33867 data zCodeNo
    regex_detector_test.go:84: Expected label ZipCode, got  ([]), file ZipCode.csv:33868 data ZipcodeNo
    regex_detector_test.go:84: Expected label ZipCode, got  ([]), file ZipCode.csv:33869 data postalCode_No
    regex_detector_test.go:84: Expected label ZipCode, got  ([]), file ZipCode.csv:33870 data zpCodeNo
    regex_detector_test.go:84: Expected label ZipCode, got  ([]), file ZipCode.csv:33871 data zp_code_number
    regex_detector_test.go:84: Expected label ZipCode, got  ([]), file ZipCode.csv:33872 data zipcode_No
    regex_detector_test.go:84: Expected label ZipCode, got  ([]), file ZipCode.csv:33873 data zipNumCode
    regex_detector_test.go:84: Expected label ZipCode, got  ([]), file ZipCode.csv:33874 data zipNoCode
    regex_detector_test.go:84: Expected label ZipCode, got  ([]), file ZipCode.csv:33875 data postalNumCode
    regex_detector_test.go:84: Expected label ZipCode, got  ([]), file ZipCode.csv:33876 data postalNoCode
    regex_detector_test.go:84: Expected label ZipCode, got  ([]), file ZipCode.csv:33877 data post_Zip_Code
    regex_detector_test.go:84: Expected label ZipCode, got  ([]), file ZipCode.csv:33878 data zNumCode
    regex_detector_test.go:84: Expected label ZipCode, got  ([]), file ZipCode.csv:33879 data ZipCodeNum
    regex_detector_test.go:84: Expected label ZipCode, got  ([]), file ZipCode.csv:33880 data ZipNoCode
    regex_detector_test.go:84: Expected label ZipCode, got  ([]), file ZipCode.csv:33881 data Zip_Number_Code
    regex_detector_test.go:84: Expected label ZipCode, got  ([]), file ZipCode.csv:33882 data postal_number_code
    regex_detector_test.go:84: Expected label ZipCode, got  ([]), file ZipCode.csv:33883 data ZipNo_Num
    regex_detector_test.go:84: Expected label ZipCode, got  ([]), file ZipCode.csv:33884 data Zipcode_Num
    regex_detector_test.go:84: Expected label ZipCode, got  ([]), file ZipCode.csv:33885 data zCode_Number
    regex_detector_test.go:84: Expected label ZipCode, got  ([]), file ZipCode.csv:33886 data ZIP_Code_Num
    regex_detector_test.go:84: Expected label ZipCode, got  ([]), file ZipCode.csv:33887 data Postal_Zip_Code
    regex_detector_test.go:84: Expected label ZipCode, got  ([]), file ZipCode.csv:33888 data zip_code_num
    regex_detector_test.go:84: Expected label ZipCode, got  ([]), file ZipCode.csv:33889 data zip_code_code
    regex_detector_test.go:84: Expected label ZipCode, got  ([]), file ZipCode.csv:33890 data zp_code_no
    regex_detector_test.go:84: Expected label ZipCode, got  ([]), file ZipCode.csv:33891 data ZIP_num_Code
    regex_detector_test.go:84: Expected label ZipCode, got  ([]), file ZipCode.csv:33892 data ZIP_Code_No
    regex_detector_test.go:84: Expected label ZipCode, got  ([]), file ZipCode.csv:33893 data postalCode_code
    regex_detector_test.go:84: Expected label ZipCode, got  ([]), file ZipCode.csv:33894 data ZIP_No_Code
    regex_detector_test.go:84: Expected label ZipCode, got  ([]), file ZipCode.csv:33895 data PostalNo_Code
    regex_detector_test.go:84: Expected label ZipCode, got  ([]), file ZipCode.csv:33896 data PostCodeNum
    regex_detector_test.go:84: Expected label ZipCode, got  ([]), file ZipCode.csv:33897 data zip_code_Num
    regex_detector_test.go:84: Expected label ZipCode, got  ([]), file ZipCode.csv:33898 data zipcode_num
    regex_detector_test.go:84: Expected label ZipCode, got  ([]), file ZipCode.csv:33899 data zp_num_code
    regex_detector_test.go:84: Expected label ZipCode, got  ([]), file ZipCode.csv:33900 data postal_num_code
    regex_detector_test.go:84: Expected label ZipCode, got  ([]), file ZipCode.csv:33901 data PostCodeNo
    regex_detector_test.go:84: Expected label ZipCode, got  ([]), file ZipCode.csv:33902 data Postcode_Num
    regex_detector_test.go:84: Expected label ZipCode, got  ([]), file ZipCode.csv:33903 data zcode_No
    regex_detector_test.go:84: Expected label ZipCode, got  ([]), file ZipCode.csv:33904 data ZIPcode_No
    regex_detector_test.go:84: Expected label ZipCode, got  ([]), file ZipCode.csv:33905 data zipNo_Code
    regex_detector_test.go:84: Expected label ZipCode, got  ([]), file ZipCode.csv:33906 data z_code_code
    regex_detector_test.go:84: Expected label ZipCode, got  ([]), file ZipCode.csv:33907 data zip_num_code
    regex_detector_test.go:84: Expected label ZipCode, got  ([]), file ZipCode.csv:33908 data ZIP_no_code
    regex_detector_test.go:84: Expected label ZipCode, got  ([]), file ZipCode.csv:33909 data PostCodeNumCode
    regex_detector_test.go:84: Expected label ZipCode, got  ([]), file ZipCode.csv:33910 data ZIPNum_Code
    regex_detector_test.go:84: Expected label ZipCode, got  ([]), file ZipCode.csv:33911 data zNum_Code
    regex_detector_test.go:84: Expected label ZipCode, got  ([]), file ZipCode.csv:33912 data ZIP_No_Num
    regex_detector_test.go:84: Expected label ZipCode, got  ([]), file ZipCode.csv:33913 data ZipNo_NumCode
    regex_detector_test.go:84: Expected label ZipCode, got  ([]), file ZipCode.csv:33914 data postalNo_Num
    regex_detector_test.go:84: Expected label ZipCode, got  ([]), file ZipCode.csv:33915 data ZIPNumNo
    regex_detector_test.go:84: Expected label ZipCode, got  ([]), file ZipCode.csv:33916 data zip_No_Num
    regex_detector_test.go:84: Expected label ZipCode, got  ([]), file ZipCode.csv:33917 data ZIP_No_NumCode
    regex_detector_test.go:84: Expected label ZipCode, got  ([]), file ZipCode.csv:33918 data zipcode_NumCode
    regex_detector_test.go:84: Expected label ZipCode, got  ([]), file ZipCode.csv:33919 data ZipCodeNumCode
    regex_detector_test.go:84: Expected label ZipCode, got  ([]), file ZipCode.csv:33920 data zip_NumCode
    regex_detector_test.go:84: Expected label ZipCode, got  ([]), file ZipCode.csv:33921 data ZIP_NumCode
    regex_detector_test.go:84: Expected label ZipCode, got  ([]), file ZipCode.csv:33922 data PostCode_No
    regex_detector_test.go:84: Expected label ZipCode, got  ([]), file ZipCode.csv:33923 data PostcodeNo
    regex_detector_test.go:84: Expected label ZipCode, got  ([]), file ZipCode.csv:33924 data postNo_Code
    regex_detector_test.go:84: Expected label ZipCode, got  ([]), file ZipCode.csv:33925 data zipNo_num
    regex_detector_test.go:84: Expected label ZipCode, got  ([]), file ZipCode.csv:33926 data PostalNum_Code
    regex_detector_test.go:84: Expected label ZipCode, got  ([]), file ZipCode.csv:33927 data postal_NumCode
    regex_detector_test.go:84: Expected label ZipCode, got  ([]), file ZipCode.csv:33928 data zipNo_NumCode
    regex_detector_test.go:84: Expected label ZipCode, got  ([]), file ZipCode.csv:33929 data ZIP_no_Num
    regex_detector_test.go:84: Expected label ZipCode, got  ([]), file ZipCode.csv:33930 data ZIP_no_NumCode
    regex_detector_test.go:84: Expected label ZipCode, got  ([]), file ZipCode.csv:33931 data ZIPNumNoCode
    regex_detector_test.go:84: Expected label ZipCode, got  ([]), file ZipCode.csv:33932 data PostalCodeNumCode
    regex_detector_test.go:84: Expected label ZipCode, got  ([]), file ZipCode.csv:33933 data z_num_code
    regex_detector_test.go:84: Expected label ZipCode, got  ([]), file ZipCode.csv:33934 data postal_numCode
    regex_detector_test.go:84: Expected label ZipCode, got  ([]), file ZipCode.csv:33935 data Zipcode_NoCode
    regex_detector_test.go:84: Expected label ZipCode, got  ([]), file ZipCode.csv:33936 data zipcode_noCode
    regex_detector_test.go:84: Expected label ZipCode, got  ([]), file ZipCode.csv:33937 data PostalNo_num
    regex_detector_test.go:84: Expected label ZipCode, got  ([]), file ZipCode.csv:33938 data z_NumCode
    regex_detector_test.go:84: Expected label ZipCode, got  ([]), file ZipCode.csv:33939 data ZIP_No_no
    regex_detector_test.go:84: Expected label ZipCode, got  ([]), file ZipCode.csv:33940 data zp_NumCode
    regex_detector_test.go:84: Expected label ZipCode, got  ([]), file ZipCode.csv:33941 data ZipNo_numCode
    regex_detector_test.go:84: Expected label ZipCode, got  ([]), file ZipCode.csv:33942 data zp_no_num
    regex_detector_test.go:84: Expected label ZipCode, got  ([]), file ZipCode.csv:33943 data zip_code_NoCode
    regex_detector_test.go:84: Expected label ZipCode, got  ([]), file ZipCode.csv:33944 data postal_Num_Code
    regex_detector_test.go:84: Expected label ZipCode, got  ([]), file ZipCode.csv:33945 data ZIP_num_No
    regex_detector_test.go:84: Expected label ZipCode, got  ([]), file ZipCode.csv:33946 data ZIP_code_NumCode
    regex_detector_test.go:84: Expected label ZipCode, got  ([]), file ZipCode.csv:33947 data ZIP_numNo
    regex_detector_test.go:84: Expected label ZipCode, got  ([]), file ZipCode.csv:33948 data ZIPCodeNoCode
    regex_detector_test.go:84: Expected label ZipCode, got  ([]), file ZipCode.csv:33949 data zipNo_Num_Code
    regex_detector_test.go:84: Expected label ZipCode, got  ([]), file ZipCode.csv:33950 data ZIP_NumNoCode
    regex_detector_test.go:84: Expected label ZipCode, got  ([]), file ZipCode.csv:33951 data ZipcodeNumCode
    regex_detector_test.go:84: Expected label ZipCode, got  ([]), file ZipCode.csv:33952 data ZIP_numNoCode
    regex_detector_test.go:84: Expected label ZipCode, got  ([]), file ZipCode.csv:33953 data ZIP_No_numCode
    regex_detector_test.go:84: Expected label ZipCode, got  ([]), file ZipCode.csv:33954 data 70116
    regex_detector_test.go:84: Expected label ZipCode, got  ([]), file ZipCode.csv:33955 data 48116
    regex_detector_test.go:84: Expected label ZipCode, got  ([]), file ZipCode.csv:33956 data 8014
    regex_detector_test.go:84: Expected label ZipCode, got  ([]), file ZipCode.csv:33957 data 99501
    regex_detector_test.go:84: Expected label ZipCode, got  ([]), file ZipCode.csv:33958 data 45011
    regex_detector_test.go:84: Expected label ZipCode, got  ([]), file ZipCode.csv:33959 data 44805
    regex_detector_test.go:84: Expected label ZipCode, got  ([]), file ZipCode.csv:33960 data 60632
    regex_detector_test.go:84: Expected label ZipCode, got  ([]), file ZipCode.csv:33961 data 95111
    regex_detector_test.go:84: Expected label ZipCode, got  ([]), file ZipCode.csv:33962 data 57105
    regex_detector_test.go:84: Expected label ZipCode, got  ([]), file ZipCode.csv:33963 data 21224
    regex_detector_test.go:84: Expected label ZipCode, got  ([]), file ZipCode.csv:33964 data 19443
    regex_detector_test.go:84: Expected label ZipCode, got  ([]), file ZipCode.csv:33965 data 11953
    regex_detector_test.go:84: Expected label ZipCode, got  ([]), file ZipCode.csv:33966 data 90034
    regex_detector_test.go:84: Expected label ZipCode, got  ([]), file ZipCode.csv:33967 data 44023
    regex_detector_test.go:84: Expected label ZipCode, got  ([]), file ZipCode.csv:33968 data 78045
    regex_detector_test.go:84: Expected label ZipCode, got  ([]), file ZipCode.csv:33969 data 85013
    regex_detector_test.go:84: Expected label ZipCode, got  ([]), file ZipCode.csv:33970 data 37110
    regex_detector_test.go:84: Expected label ZipCode, got  ([]), file ZipCode.csv:33971 data 53207
    regex_detector_test.go:84: Expected label ZipCode, got  ([]), file ZipCode.csv:33972 data 48180
    regex_detector_test.go:84: Expected label ZipCode, got  ([]), file ZipCode.csv:33973 data 61109
    regex_detector_test.go:84: Expected label ZipCode, got  ([]), file ZipCode.csv:33974 data 19014
    regex_detector_test.go:84: Expected label ZipCode, got  ([]), file ZipCode.csv:33975 data 75062
    regex_detector_test.go:84: Expected label ZipCode, got  ([]), file ZipCode.csv:33976 data 12204
    regex_detector_test.go:84: Expected label ZipCode, got  ([]), file ZipCode.csv:33977 data 8846
    regex_detector_test.go:84: Expected label ZipCode, got  ([]), file ZipCode.csv:33978 data 54481
    regex_detector_test.go:84: Expected label ZipCode, got  ([]), file ZipCode.csv:33979 data 66218
    regex_detector_test.go:84: Expected label ZipCode, got  ([]), file ZipCode.csv:33980 data 21601
    regex_detector_test.go:84: Expected label ZipCode, got  ([]), file ZipCode.csv:33981 data 10011
    regex_detector_test.go:84: Expected label ZipCode, got  ([]), file ZipCode.csv:33982 data 77301
    regex_detector_test.go:84: Expected label ZipCode, got  ([]), file ZipCode.csv:33983 data 43215
    regex_detector_test.go:84: Expected label ZipCode, got  ([]), file ZipCode.csv:33984 data 88011
    regex_detector_test.go:84: Expected label ZipCode, got  ([]), file ZipCode.csv:33985 data 7660
    regex_detector_test.go:84: Expected label ZipCode, got  ([]), file ZipCode.csv:33986 data 8812
    regex_detector_test.go:84: Expected label ZipCode, got  ([]), file ZipCode.csv:33987 data 10025
    regex_detector_test.go:84: Expected label ZipCode, got  ([]), file ZipCode.csv:33988 data 70002
    regex_detector_test.go:84: Expected label ZipCode, got  ([]), file ZipCode.csv:33989 data 93012
    regex_detector_test.go:84: Expected label ZipCode, got  ([]), file ZipCode.csv:33990 data 78204
    regex_detector_test.go:84: Expected label ZipCode, got  ([]), file ZipCode.csv:33991 data 67410
    regex_detector_test.go:84: Expected label ZipCode, got  ([]), file ZipCode.csv:33992 data 97754
    regex_detector_test.go:84: Expected label ZipCode, got  ([]), file ZipCode.csv:33993 data 66204
    regex_detector_test.go:84: Expected label ZipCode, got  ([]), file ZipCode.csv:33994 data 99708
    regex_detector_test.go:84: Expected label ZipCode, got  ([]), file ZipCode.csv:33995 data 33196
    regex_detector_test.go:84: Expected label ZipCode, got  ([]), file ZipCode.csv:33996 data 99712
    regex_detector_test.go:84: Expected label ZipCode, got  ([]), file ZipCode.csv:33997 data 55343
    regex_detector_test.go:84: Expected label ZipCode, got  ([]), file ZipCode.csv:33998 data 2128
    regex_detector_test.go:84: Expected label ZipCode, got  ([]), file ZipCode.csv:33999 data 90006
    regex_detector_test.go:84: Expected label ZipCode, got  ([]), file ZipCode.csv:34000 data 53711
    regex_detector_test.go:84: Expected label ZipCode, got  ([]), file ZipCode.csv:34001 data 19132
    regex_detector_test.go:84: Expected label ZipCode, got  ([]), file ZipCode.csv:34002 data 10003
    regex_detector_test.go:84: Expected label ZipCode, got  ([]), file ZipCode.csv:34003 data 37388
    regex_detector_test.go:84: Expected label ZipCode, got  ([]), file ZipCode.csv:34004 data 29201
    regex_detector_test.go:84: Expected label ZipCode, got  ([]), file ZipCode.csv:34005 data 19087
    regex_detector_test.go:84: Expected label ZipCode, got  ([]), file ZipCode.csv:34006 data 8822
    regex_detector_test.go:84: Expected label ZipCode, got  ([]), file ZipCode.csv:34007 data 11590
    regex_detector_test.go:84: Expected label ZipCode, got  ([]), file ZipCode.csv:34008 data 19046
    regex_detector_test.go:84: Expected label ZipCode, got  ([]), file ZipCode.csv:34009 data 91405
    regex_detector_test.go:84: Expected label ZipCode, got  ([]), file ZipCode.csv:34010 data 2909
    regex_detector_test.go:84: Expected label ZipCode, got  ([]), file ZipCode.csv:34011 data 19006
    regex_detector_test.go:84: Expected label ZipCode, got  ([]), file ZipCode.csv:34012 data 2904
    regex_detector_test.go:84: Expected label ZipCode, got  ([]), file ZipCode.csv:34013 data 8831
    regex_detector_test.go:84: Expected label ZipCode, got  ([]), file ZipCode.csv:34014 data 78731
    regex_detector_test.go:84: Expected label ZipCode, got  ([]), file ZipCode.csv:34015 data 80126
    regex_detector_test.go:84: Expected label ZipCode, got  ([]), file ZipCode.csv:34016 data 53214
    regex_detector_test.go:84: Expected label ZipCode, got  ([]), file ZipCode.csv:34017 data 10009
    regex_detector_test.go:84: Expected label ZipCode, got  ([]), file ZipCode.csv:34018 data 99515
    regex_detector_test.go:84: Expected label ZipCode, got  ([]), file ZipCode.csv:34019 data 16502
    regex_detector_test.go:84: Expected label ZipCode, got  ([]), file ZipCode.csv:34020 data 21061
    regex_detector_test.go:84: Expected label ZipCode, got  ([]), file ZipCode.csv:34021 data 83707
    regex_detector_test.go:84: Expected label ZipCode, got  ([]), file ZipCode.csv:34022 data 94104
    regex_detector_test.go:84: Expected label ZipCode, got  ([]), file ZipCode.csv:34023 data 27514
    regex_detector_test.go:84: Expected label ZipCode, got  ([]), file ZipCode.csv:34024 data 94070
    regex_detector_test.go:84: Expected label ZipCode, got  ([]), file ZipCode.csv:34025 data 94520
    regex_detector_test.go:84: Expected label ZipCode, got  ([]), file ZipCode.csv:34026 data 43140
    regex_detector_test.go:84: Expected label ZipCode, got  ([]), file ZipCode.csv:34027 data 14895
    regex_detector_test.go:84: Expected label ZipCode, got  ([]), file ZipCode.csv:34028 data 21215
    regex_detector_test.go:84: Expected label ZipCode, got  ([]), file ZipCode.csv:34029 data 7105
    regex_detector_test.go:84: Expected label ZipCode, got  ([]), file ZipCode.csv:34030 data 60647
    regex_detector_test.go:84: Expected label ZipCode, got  ([]), file ZipCode.csv:34031 data 7104
    regex_detector_test.go:84: Expected label ZipCode, got  ([]), file ZipCode.csv:34032 data 88101
    regex_detector_test.go:84: Expected label ZipCode, got  ([]), file ZipCode.csv:34033 data 10309
    regex_detector_test.go:84: Expected label ZipCode, got  ([]), file ZipCode.csv:34034 data 32254
    regex_detector_test.go:84: Expected label ZipCode, got  ([]), file ZipCode.csv:34035 data 94545
    regex_detector_test.go:84: Expected label ZipCode, got  ([]), file ZipCode.csv:34036 data 44122
    regex_detector_test.go:84: Expected label ZipCode, got  ([]), file ZipCode.csv:34037 data 76040
    regex_detector_test.go:84: Expected label ZipCode, got  ([]), file ZipCode.csv:34038 data 90247
    regex_detector_test.go:84: Expected label ZipCode, got  ([]), file ZipCode.csv:34039 data 60201
    regex_detector_test.go:84: Expected label ZipCode, got  ([]), file ZipCode.csv:34040 data 44302
    regex_detector_test.go:84: Expected label ZipCode, got  ([]), file ZipCode.csv:34041 data 19106
    regex_detector_test.go:84: Expected label ZipCode, got  ([]), file ZipCode.csv:34042 data 94010
    regex_detector_test.go:84: Expected label ZipCode, got  ([]), file ZipCode.csv:34043 data 91776
    regex_detector_test.go:84: Expected label ZipCode, got  ([]), file ZipCode.csv:34044 data 76708
    regex_detector_test.go:84: Expected label ZipCode, got  ([]), file ZipCode.csv:34045 data 95110
    regex_detector_test.go:84: Expected label ZipCode, got  ([]), file ZipCode.csv:34046 data 94577
    regex_detector_test.go:84: Expected label ZipCode, got  ([]), file ZipCode.csv:34047 data 46202
    regex_detector_test.go:84: Expected label ZipCode, got  ([]), file ZipCode.csv:34048 data 82901
    regex_detector_test.go:84: Expected label ZipCode, got  ([]), file ZipCode.csv:34049 data 22102
    regex_detector_test.go:84: Expected label Email, got Address ([{Address 0.5} {Email 0.5}]), file generic.csv:26 data mail-address
    regex_detector_test.go:84: Expected label Email, got Address ([{Address 0.3} {Email 0.3}]), file generic.csv:37 data contactemailaddress
    regex_detector_test.go:84: Expected label Email, got Address ([{Address 0.3} {Email 0.3}]), file generic.csv:38 data contact_email_address
    regex_detector_test.go:84: Expected label Email, got Address ([{Address 0.5} {Email 0.5}]), file generic.csv:39 data contact-email-address
    regex_detector_test.go:84: Expected label Email, got Address ([{Address 0.3} {Email 0.3}]), file generic.csv:40 data contactmailaddress
    regex_detector_test.go:84: Expected label Email, got Address ([{Address 0.3} {Email 0.3}]), file generic.csv:41 data contact_mail_address
    regex_detector_test.go:84: Expected label Email, got Address ([{Address 0.5} {Email 0.5}]), file generic.csv:42 data contact-mail-address
    regex_detector_test.go:84: Expected label SSN, got  ([]), file generic.csv:59 data ssn
    regex_detector_test.go:84: Expected label SSN, got  ([]), file generic.csv:60 data 123-45-6789
    regex_detector_test.go:84: Expected label SSN, got  ([]), file generic.csv:61 data 123 45 6789
    regex_detector_test.go:84: Expected label PoBox, got  ([]), file generic.csv:62 data pobox
    regex_detector_test.go:84: Expected label IPAddress, got Address ([{Address 0.3}]), file generic.csv:64 data ipaddress
    regex_detector_test.go:84: Expected label IPAddress, got  ([]), file generic.csv:65 data ip
    regex_detector_test.go:84: Expected label IPAddress, got Address ([{Address 0.3}]), file generic.csv:66 data ip_address
    regex_detector_test.go:84: Expected label IPAddress, got Address ([{Address 0.5}]), file generic.csv:67 data ip-address
    regex_detector_test.go:84: Expected label IPAddress, got Address ([{Address 0.3}]), file generic.csv:68 data ipaddressv4
    regex_detector_test.go:84: Expected label IPAddress, got Address ([{Address 0.3}]), file generic.csv:69 data ip_address_v4
    regex_detector_test.go:84: Expected label IPAddress, got Address ([{Address 0.5}]), file generic.csv:70 data ip-address-v4
    regex_detector_test.go:84: Expected label IPAddress, got  ([]), file generic.csv:71 data ipv4
    regex_detector_test.go:84: Expected label IPAddress, got Address ([{Address 0.3}]), file generic.csv:72 data ipv4address
    regex_detector_test.go:84: Expected label IPAddress, got Address ([{Address 0.3}]), file generic.csv:73 data ipv4_address
    regex_detector_test.go:84: Expected label IPAddress, got Address ([{Address 0.5}]), file generic.csv:74 data ipv4-address
    regex_detector_test.go:84: Expected label IPAddress, got Address ([{Address 0.3}]), file generic.csv:75 data ipaddressv6
    regex_detector_test.go:84: Expected label IPAddress, got Address ([{Address 0.3}]), file generic.csv:76 data ip_address_v6
    regex_detector_test.go:84: Expected label IPAddress, got Address ([{Address 0.5}]), file generic.csv:77 data ip-address-v6
    regex_detector_test.go:84: Expected label IPAddress, got  ([]), file generic.csv:78 data ipv6
    regex_detector_test.go:84: Expected label IPAddress, got Address ([{Address 0.3}]), file generic.csv:79 data ipv6address
    regex_detector_test.go:84: Expected label IPAddress, got Address ([{Address 0.3}]), file generic.csv:80 data ipv6_address
    regex_detector_test.go:84: Expected label IPAddress, got Address ([{Address 0.5}]), file generic.csv:81 data ipv6-address
    regex_detector_test.go:84: Expected label OAuthToken, got Username ([{Username 0.3}]), file generic.csv:109 data user-token
    regex_detector_test.go:84: Expected label OAuthToken, got Username ([{Username 0.3}]), file generic.csv:110 data usertoken
    regex_detector_test.go:84: Expected label OAuthToken, got Username ([{Username 0.3}]), file generic.csv:111 data user_token
    regex_detector_test.go:84: Expected label OAuthToken, got  ([]), file generic.csv:112 data access_token
    regex_detector_test.go:84: Expected label OAuthToken, got  ([]), file generic.csv:113 data accesstoken
    regex_detector_test.go:84: Expected label OAuthToken, got  ([]), file generic.csv:114 data access-token
    regex_detector_test.go:84: Expected label OAuthToken, got  ([]), file generic.csv:115 data refresh_token
    regex_detector_test.go:84: Expected label OAuthToken, got  ([]), file generic.csv:116 data refreshtoken
    regex_detector_test.go:84: Expected label OAuthToken, got  ([]), file generic.csv:117 data refresh-token
    regex_detector_test.go:84: Expected label OAuthToken, got  ([]), file generic.csv:118 data token
    regex_detector_test.go:84: Expected label OAuthToken, got  ([]), file generic.csv:119 data token_id
    regex_detector_test.go:84: Expected label OAuthToken, got  ([]), file generic.csv:120 data token-id
    regex_detector_test.go:84: Expected label OAuthToken, got  ([]), file generic.csv:121 data tokenid
    regex_detector_test.go:84: Expected label OAuthToken, got  ([]), file generic.csv:122 data google_token
    regex_detector_test.go:84: Expected label OAuthToken, got  ([]), file generic.csv:123 data google-token
    regex_detector_test.go:84: Expected label OAuthToken, got  ([]), file generic.csv:124 data google_token_id
    regex_detector_test.go:84: Expected label OAuthToken, got  ([]), file generic.csv:125 data google-token-id
    regex_detector_test.go:84: Expected label OAuthToken, got  ([]), file generic.csv:126 data google_tokenid
    regex_detector_test.go:84: Expected label OAuthToken, got  ([]), file generic.csv:127 data google-auth-token
    regex_detector_test.go:84: Expected label OAuthToken, got  ([]), file generic.csv:128 data google_auth_token
    regex_detector_test.go:84: Expected label OAuthToken, got  ([]), file generic.csv:129 data google-auth-token-id
    regex_detector_test.go:84: Expected label OAuthToken, got  ([]), file generic.csv:130 data google_auth_token_id
    regex_detector_test.go:84: Expected label OAuthToken, got  ([]), file generic.csv:131 data google-auth-tokenid
    regex_detector_test.go:84: Expected label Nationality, got Username ([{Username 0.3} {Nationality 0.3}]), file generic.csv:134 data user_nationality
Runner initialized successfully
pii label 
pii label 
pii label 
pii label 
pii label 
pii label 
pii label 
pii label 
pii label 
pii label 
pii label 
pii label 
pii label 
pii label 
pii label 
pii label 
pii label 
pii label 
pii label 
pii label 
pii label 
pii label 
pii label 
pii label 
pii label 
pii label 
pii label 
pii label 
pii label 
pii label 
pii label 
pii label 
pii label 
pii label 
pii label 
pii label 
pii label 
pii label 
pii label 
pii label 
pii label 
pii label 
pii label 
pii label 
pii label 
pii label 
pii label 
pii label 
pii label 
pii label 
pii label 
pii label 
pii label 
pii label 
pii label 
pii label 
pii label 
pii label 
pii label 
pii label 
pii label 
pii label 
pii label 
pii label 
pii label 
pii label 
pii label 
pii label 
pii label 
pii label 
pii label 
pii label 
pii label 
pii label 
pii label 
pii label 
pii label 
pii label 
pii label 
pii label 
pii label 
pii label 
pii label 
pii label 
pii label 
pii label 
pii label 
pii label 
pii label 
pii label 
pii label 
pii label 
pii label 
pii label 
pii label 
pii label 
pii label 
pii label 
pii label 
pii label 
pii label 
pii label 
pii label 
pii label 
pii label 
pii label 
pii label 
pii label 
pii label 
pii label 
pii label 
pii label 
pii label 
pii label 
pii label 
pii label 
pii label 
pii label 
pii label 
pii label 
pii label 
pii label 
pii label 
pii label 
pii label 
pii label 
pii label 
pii label 
pii label 
pii label 
pii label 
pii label 
pii label 
pii label 
pii label 
pii label 
pii label 
pii label 
pii label 
pii label 
pii label 
pii label 
pii label 
pii label 
pii label 
pii label 
pii label 
pii label 
pii label 
pii label 
pii label 
pii label 
pii label 
pii label 
pii label 
pii label 
pii label 
pii label 
pii label 
pii label 
pii label 
pii label 
pii label 
pii label 
pii label 
pii label 
pii label 
pii label 
pii label 
pii label 
pii label 
pii label 
pii label 
pii label 
pii label 
pii label 
pii label 
pii label 
pii label 
pii label 
pii label 
pii label 
pii label 
pii label 
pii label 
pii label 
pii label 
pii label 
pii label 
pii label 
pii label 
pii label 
pii label 
pii label 
pii label 
pii label 
pii label 
pii label 
pii label 
pii label 
pii label 
pii label 
pii label 
pii label 
pii label 
pii label 
pii label 
pii label 
pii label 
pii label 
pii label 
pii label 
pii label 
pii label 
pii label 
pii label 
pii label 
pii label 
pii label 
pii label 
pii label 
pii label 
pii label 
pii label 
pii label 
pii label 
pii label 
pii label 
pii label 
pii label 
pii label 
pii label 
pii label 
pii label 
pii label 
pii label 
pii label 
pii label 
pii label 
pii label 
pii label 
pii label 
pii label 
pii label 
pii label 
pii label 
pii label 
pii label 
pii label 
pii label 
pii label 
pii label 
pii label 
pii label 
pii label 
pii label 
pii label 
pii label 
pii label 
pii label 
pii label 
pii label 
pii label 
pii label 
pii label 
pii label 
pii label 
pii label 
pii label 
pii label 
pii label 
pii label 
pii label 
pii label 
pii label 
pii label 
pii label 
pii label 
pii label 
pii label 
pii label 
pii label 
pii label 
pii label 
pii label 
pii label 
pii label 
pii label 
pii label 
pii label 
pii label 
pii label 
pii label 
pii label 
pii label 
pii label 
pii label 
pii label 
pii label 
pii label 
pii label 
pii label 
pii label 
pii label 
pii label 
pii label 
pii label 
pii label 
pii label 
pii label 
pii label 
pii label 
pii label 
pii label 
pii label 
pii label 
pii label 
pii label 
pii label 
pii label 
pii label 
pii label 
pii label 
pii label 
pii label 
pii label 
pii label 
pii label 
pii label 
pii label 
pii label 
pii label 
pii label 
pii label 
pii label 
pii label 
pii label 
pii label 
pii label 
pii label 
pii label 
pii label 
pii label 
pii label 
pii label 
pii label 
pii label 
pii label 
pii label 
pii label 
pii label 
pii label 
pii label 
pii label 
pii label 
pii label 
pii label 
pii label 
pii label 
pii label 
pii label 
pii label 
pii label 
pii label 
pii label 
pii label 
pii label 
pii label 
pii label 
pii label 
pii label 
pii label 
pii label 
pii label 
pii label 
pii label 
pii label 
pii label 
pii label 
pii label 
pii label 
pii label 
pii label 
pii label 
pii label 
pii label 
pii label 
pii label 
pii label 
pii label 
pii label 
pii label 
pii label 
pii label 
pii label 
pii label 
pii label 
pii label 
pii label 
pii label 
pii label 
pii label 
pii label 
pii label 
pii label 
pii label 
pii label 
pii label 
pii label 
pii label 
pii label 
pii label 
pii label 
pii label 
pii label 
pii label 
pii label 
pii label 
pii label 
pii label 
pii label 
pii label 
pii label 
pii label 
pii label 
pii label 
pii label 
pii label 
pii label 
pii label 
pii label 
pii label 
pii label 
pii label 
pii label 
pii label 
pii label 
pii label 
pii label 
pii label 
pii label 
pii label 
pii label 
pii label 
pii label 
pii label 
pii label 
pii label 
pii label 
pii label 
pii label 
pii label 
pii label 
pii label 
pii label 
pii label 
pii label 
pii label 
pii label 
pii label 
pii label 
pii label 
pii label 
pii label 
pii label 
pii label 
pii label 
pii label 
pii label 
pii label 
pii label 
pii label 
pii label 
pii label 
pii label 
pii label 
pii label 
pii label 
pii label 
pii label 
pii label 
pii label 
pii label 
pii label 
pii label 
pii label 
pii label 
pii label 
pii label 
pii label 
pii label 
pii label 
pii label 
pii label 
pii label 
pii label 
pii label 
pii label 
pii label 
pii label 
pii label 
pii label 
pii label 
pii label 
pii label 
pii label 
pii label 
pii label 
pii label 
pii label 
pii label []
pii label []
pii label []
pii label []
pii label []
pii label []
pii label []
pii label []
pii label []
pii label []
pii label []
pii label []
pii label []
pii label []
pii label []
pii label []
pii label []
pii label []
pii label []
pii label []
pii label []
pii label []
pii label []
pii label []
pii label []
pii label []
pii label []
pii label []
pii label []
pii label []
pii label []
pii label []
pii label []
pii label []
pii label []
pii label []
pii label []
pii label []
pii label []
pii label []
pii label []
pii label []
pii label []
pii label []
pii label []
pii label []
pii label []
pii label []
pii label []
pii label []
pii label []
pii label []
pii label []
pii label []
pii label []
pii label []
pii label []
pii label []
pii label []
pii label []
pii label []
pii label []
pii label []
pii label []
pii label []
pii label []
pii label []
pii label []
pii label []
pii label []
pii label []
pii label []
pii label []
pii label []
pii label []
pii label []
pii label []
pii label []
pii label []
pii label []
pii label []
pii label []
pii label []
pii label []
pii label []
pii label []
pii label []
pii label []
pii label []
pii label []
pii label []
pii label []
pii label []
pii label []
pii label []
pii label []
pii label []
pii label []
pii label []
pii label []
pii label []
pii label []
pii label []
pii label []
pii label []
pii label []
pii label []
pii label []
pii label []
pii label []
pii label []
pii label []
pii label []
pii label []
pii label []
pii label []
pii label []
pii label []
pii label []
pii label []
pii label []
pii label []
pii label []
pii label []
pii label []
pii label []
pii label []
pii label []
pii label []
pii label []
pii label []
pii label []
pii label []
pii label []
pii label []
pii label []
pii label []
pii label []
pii label []
pii label []
pii label []
pii label []
pii label []
pii label []
pii label []
pii label []
pii label []
pii label []
pii label []
pii label []
pii label []
pii label []
pii label []
pii label []
pii label []
pii label []
pii label []
pii label []
pii label []
pii label []
pii label []
pii label []
pii label []
pii label []
pii label []
pii label []
pii label []
pii label []
pii label []
pii label []
pii label []
pii label []
pii label []
pii label []
pii label []
pii label []
pii label []
pii label []
pii label []
pii label []
pii label []
pii label []
pii label []
pii label []
pii label []
pii label []
pii label []
pii label []
pii label []
pii label []
pii label []
pii label []
pii label []
pii label []
pii label []
pii label []
pii label []
pii label []
pii label []
pii label []
pii label []
pii label []
pii label []
pii label []
pii label []
pii label []
pii label []
pii label []
pii label []
pii label []
pii label []
pii label []
pii label []
pii label []
pii label []
pii label []
pii label []
pii label []
pii label []
pii label []
pii label []
pii label []
pii label []
pii label []
pii label []
pii label []
pii label []
pii label []
pii label []
pii label []
pii label []
pii label []
pii label []
pii label []
pii label []
pii label []
pii label []
pii label []
pii label []
pii label []
pii label []
pii label []
pii label []
pii label []
pii label []
pii label []
pii label []
pii label []
pii label []
pii label []
pii label []
pii label []
pii label []
pii label []
pii label []
pii label []
pii label []
pii label []
pii label []
pii label []
pii label []
pii label []
pii label []
pii label []
pii label []
pii label []
pii label []
pii label []
pii label []
pii label []
pii label []
pii label []
pii label []
pii label []
pii label []
pii label []
pii label []
pii label []
pii label []
pii label []
pii label []
pii label []
pii label []
pii label []
pii label []
pii label []
pii label []
pii label []
pii label []
pii label []
pii label []
pii label []
pii label []
pii label []
pii label []
pii label []
pii label []
pii label []
pii label []
pii label []
pii label []
pii label []
pii label []
pii label []
pii label []
pii label []
pii label []
pii label []
pii label []
pii label []
pii label []
pii label []
pii label []
pii label []
pii label []
pii label []
pii label []
pii label []
pii label []
pii label []
pii label []
pii label []
pii label []
pii label []
pii label []
pii label []
pii label []
pii label []
pii label []
pii label []
pii label []
pii label []
pii label []
pii label []
pii label []
pii label []
pii label []
pii label []
pii label []
pii label []
pii label []
pii label []
pii label []
pii label []
pii label []
pii label []
pii label []
pii label []
pii label []
pii label []
pii label []
pii label []
pii label []
pii label []
pii label []
pii label []
pii label []
pii label []
pii label []
pii label []
pii label []
pii label []
pii label []
pii label []
pii label []
pii label []
pii label []
pii label []
pii label []
pii label []
pii label []
pii label []
pii label []
pii label []
pii label []
pii label []
pii label []
pii label []
pii label []
pii label []
pii label []
pii label []
pii label []
pii label []
pii label []
pii label []
pii label []
pii label []
pii label []
pii label []
pii label []
pii label []
pii label []
pii label []
pii label []
pii label []
pii label []
pii label []
pii label []
pii label []
pii label []
pii label []
pii label []
pii label []
pii label []
pii label []
pii label []
pii label []
pii label []
pii label []
pii label []
pii label []
pii label []
pii label []
pii label []
pii label []
pii label []
pii label []
pii label []
pii label []
pii label []
pii label []
pii label []
pii label []
pii label []
pii label []
pii label []
pii label []
pii label []
pii label []
pii label []
pii label []
pii label []
pii label []
pii label []
pii label []
pii label []
pii label []
pii label []
pii label []
pii label []
pii label []
pii label []
pii label []
pii label []
pii label []
pii label []
pii label []
pii label []
pii label []
pii label []
pii label []
pii label []
pii label []
pii label []
pii label []
pii label []
pii label []
pii label []
pii label []
pii label []
pii label []
pii label []
pii label []
pii label []
pii label []
pii label []
pii label []
pii label []
pii label []
pii label []
pii label []
pii label []
pii label []
pii label []
pii label []
pii label []
pii label []
pii label []
pii label []
pii label []
pii label []
pii label []
pii label []
pii label []
pii label []
pii label []
pii label []
pii label []
pii label []
pii label []
pii label []
pii label []
pii label []
pii label []
pii label []
pii label []
pii label []
pii label []
pii label []
pii label []
pii label []
pii label []
pii label []
pii label []
pii label []
pii label []
pii label []
pii label []
pii label []
--- FAIL: TestName (1.31s)
    spacy_detector_test.go:89: for input pradip, expected Name, got []
--- FAIL: TestNamePercentage (1.43s)
    spacy_detector_test.go:118: for input Kreiger, expected Name, got [{Address 0.7}]
    spacy_detector_test.go:118: for input Lara, expected Name, got []
    spacy_detector_test.go:118: for input Klocko, expected Name, got [{Address 0.7}]
    spacy_detector_test.go:118: for input Schamberger, expected Name, got []
    spacy_detector_test.go:118: for input Hassie, expected Name, got [{Address 0.7}]
    spacy_detector_test.go:118: for input Stroman, expected Name, got []
    spacy_detector_test.go:118: for input Greenfelder, expected Name, got []
    spacy_detector_test.go:118: for input Daron, expected Name, got []
    spacy_detector_test.go:118: for input Glendora, expected Name, got [{Address 0.7}]
    spacy_detector_test.go:118: for input Funk, expected Name, got []
    spacy_detector_test.go:118: for input Stracke, expected Name, got []
    spacy_detector_test.go:118: for input Sporer, expected Name, got []
    spacy_detector_test.go:118: for input Collier, expected Name, got []
    spacy_detector_test.go:127: Correctly identified 27 out of 40 labels, which is 67.500000%
--- FAIL: TestFirstNameCSV (2.68s)
    spacy_detector_test.go:193: for input Burch, expected Name, got []
    spacy_detector_test.go:193: for input Mildrid, expected Name, got []
    spacy_detector_test.go:193: for input Hill, expected Name, got []
    spacy_detector_test.go:193: for input Drona, expected Name, got []
    spacy_detector_test.go:193: for input Mareah, expected Name, got []
    spacy_detector_test.go:193: for input Englebert, expected Name, got []
    spacy_detector_test.go:193: for input Prent, expected Name, got []
    spacy_detector_test.go:193: for input Leonore, expected Name, got []
    spacy_detector_test.go:193: for input Robbyn, expected Name, got []
    spacy_detector_test.go:193: for input Mason, expected Name, got []
    spacy_detector_test.go:193: for input Farlie, expected Name, got []
    spacy_detector_test.go:193: for input Tonye, expected Name, got [{Address 0.7}]
    spacy_detector_test.go:193: for input Leelah, expected Name, got []
    spacy_detector_test.go:193: for input Maurine, expected Name, got []
    spacy_detector_test.go:193: for input Lissie, expected Name, got [{Address 0.7}]
    spacy_detector_test.go:193: for input Arleta, expected Name, got [{Address 0.7}]
    spacy_detector_test.go:193: for input Renelle, expected Name, got []
    spacy_detector_test.go:193: for input Debor, expected Name, got []
    spacy_detector_test.go:193: for input Sileas, expected Name, got [{Address 0.7}]
    spacy_detector_test.go:193: for input Cirilo, expected Name, got [{Address 0.7}]
    spacy_detector_test.go:193: for input Philipa, expected Name, got []
    spacy_detector_test.go:193: for input Rodrique, expected Name, got []
    spacy_detector_test.go:193: for input Calv, expected Name, got []
    spacy_detector_test.go:193: for input Margaux, expected Name, got []
    spacy_detector_test.go:193: for input Colas, expected Name, got []
    spacy_detector_test.go:193: for input Leicester, expected Name, got [{Address 0.7}]
    spacy_detector_test.go:193: for input Land, expected Name, got []
    spacy_detector_test.go:193: for input Corabel, expected Name, got [{Address 0.7}]
    spacy_detector_test.go:193: for input Heda, expected Name, got []
    spacy_detector_test.go:193: for input Velma, expected Name, got []
    spacy_detector_test.go:193: for input Isabel, expected Name, got []
    spacy_detector_test.go:193: for input Cam, expected Name, got []
    spacy_detector_test.go:193: for input Genvieve, expected Name, got [{Address 0.7}]
    spacy_detector_test.go:193: for input Latia, expected Name, got []
    spacy_detector_test.go:193: for input Katti, expected Name, got []
    spacy_detector_test.go:193: for input Newton, expected Name, got [{Address 0.7}]
    spacy_detector_test.go:193: for input Edsel, expected Name, got []
    spacy_detector_test.go:193: for input Karlotta, expected Name, got []
    spacy_detector_test.go:193: for input Regina, expected Name, got [{Address 0.7}]
    spacy_detector_test.go:193: for input Beaufort, expected Name, got [{Address 0.7}]
    spacy_detector_test.go:193: for input Sigismond, expected Name, got []
    spacy_detector_test.go:193: for input Morie, expected Name, got []
    spacy_detector_test.go:193: for input Wilie, expected Name, got []
    spacy_detector_test.go:193: for input Brita, expected Name, got []
    spacy_detector_test.go:193: for input Edsel, expected Name, got []
    spacy_detector_test.go:193: for input Betteanne, expected Name, got []
    spacy_detector_test.go:193: for input Serene, expected Name, got []
    spacy_detector_test.go:193: for input Enrica, expected Name, got []
    spacy_detector_test.go:193: for input Ursa, expected Name, got []
    spacy_detector_test.go:193: for input Trip, expected Name, got []
    spacy_detector_test.go:193: for input L;urette, expected Name, got []
    spacy_detector_test.go:193: for input Rawley, expected Name, got []
    spacy_detector_test.go:193: for input Shell, expected Name, got []
    spacy_detector_test.go:193: for input Robinett, expected Name, got []
    spacy_detector_test.go:193: for input Alysia, expected Name, got [{Address 0.7}]
    spacy_detector_test.go:193: for input Honoria, expected Name, got [{Address 0.7}]
    spacy_detector_test.go:193: for input Mela, expected Name, got []
    spacy_detector_test.go:193: for input Keelby, expected Name, got []
    spacy_detector_test.go:193: for input Ashli, expected Name, got []
    spacy_detector_test.go:193: for input Baryram, expected Name, got []
    spacy_detector_test.go:193: for input Ginni, expected Name, got []
    spacy_detector_test.go:193: for input Will, expected Name, got []
    spacy_detector_test.go:193: for input Bryn, expected Name, got [{Address 0.7}]
    spacy_detector_test.go:193: for input Desi, expected Name, got []
    spacy_detector_test.go:193: for input Chelsea, expected Name, got []
    spacy_detector_test.go:193: for input Boycey, expected Name, got []
    spacy_detector_test.go:193: for input Karlik, expected Name, got []
    spacy_detector_test.go:193: for input Prudy, expected Name, got []
    spacy_detector_test.go:193: for input Bebe, expected Name, got []
    spacy_detector_test.go:193: for input Dore, expected Name, got [{Address 0.7}]
    spacy_detector_test.go:193: for input Bartholomeo, expected Name, got []
    spacy_detector_test.go:193: for input Cos, expected Name, got []
    spacy_detector_test.go:193: for input Isacco, expected Name, got []
    spacy_detector_test.go:193: for input Vassili, expected Name, got []
    spacy_detector_test.go:193: for input Janot, expected Name, got []
    spacy_detector_test.go:193: for input Osbert, expected Name, got []
    spacy_detector_test.go:193: for input Leanor, expected Name, got []
    spacy_detector_test.go:193: for input Giusto, expected Name, got []
    spacy_detector_test.go:193: for input Marcelia, expected Name, got []
    spacy_detector_test.go:193: for input Belle, expected Name, got [{Address 0.7}]
    spacy_detector_test.go:193: for input Farlie, expected Name, got []
    spacy_detector_test.go:193: for input Ashlen, expected Name, got []
    spacy_detector_test.go:193: for input Stevy, expected Name, got []
    spacy_detector_test.go:193: for input Fin, expected Name, got []
    spacy_detector_test.go:193: for input Bibbie, expected Name, got [{Address 0.7}]
    spacy_detector_test.go:193: for input Halley, expected Name, got []
    spacy_detector_test.go:193: for input Chryste, expected Name, got []
    spacy_detector_test.go:193: for input Karlotte, expected Name, got []
    spacy_detector_test.go:193: for input Alf, expected Name, got []
    spacy_detector_test.go:193: for input Colly, expected Name, got []
    spacy_detector_test.go:193: for input Modesty, expected Name, got []
    spacy_detector_test.go:193: for input Theobald, expected Name, got []
    spacy_detector_test.go:193: for input Irving, expected Name, got []
    spacy_detector_test.go:193: for input Tildy, expected Name, got []
    spacy_detector_test.go:193: for input Harmonie, expected Name, got []
    spacy_detector_test.go:193: for input Rufe, expected Name, got []
    spacy_detector_test.go:193: for input Findley, expected Name, got []
    spacy_detector_test.go:193: for input Rorke, expected Name, got []
    spacy_detector_test.go:193: for input Chrystal, expected Name, got []
    spacy_detector_test.go:193: for input Livvie, expected Name, got []
    spacy_detector_test.go:193: for input Addi, expected Name, got []
    spacy_detector_test.go:193: for input Gayel, expected Name, got [{Address 0.7}]
    spacy_detector_test.go:193: for input Auberon, expected Name, got []
    spacy_detector_test.go:193: for input Charmion, expected Name, got []
    spacy_detector_test.go:193: for input Perl, expected Name, got []
    spacy_detector_test.go:193: for input Cherilyn, expected Name, got []
    spacy_detector_test.go:193: for input Royal, expected Name, got []
    spacy_detector_test.go:193: for input Dedra, expected Name, got []
    spacy_detector_test.go:193: for input Cariotta, expected Name, got []
    spacy_detector_test.go:193: for input Parnell, expected Name, got []
    spacy_detector_test.go:193: for input Joy, expected Name, got []
    spacy_detector_test.go:193: for input Laurens, expected Name, got [{Address 0.7}]
    spacy_detector_test.go:193: for input Quent, expected Name, got []
    spacy_detector_test.go:193: for input Bobbe, expected Name, got []
    spacy_detector_test.go:193: for input Allistir, expected Name, got []
    spacy_detector_test.go:193: for input Hort, expected Name, got []
    spacy_detector_test.go:193: for input Dacia, expected Name, got []
    spacy_detector_test.go:193: for input Elysha, expected Name, got []
    spacy_detector_test.go:193: for input Codee, expected Name, got []
    spacy_detector_test.go:193: for input Haleigh, expected Name, got []
    spacy_detector_test.go:193: for input Nickolaus, expected Name, got []
    spacy_detector_test.go:193: for input Kora, expected Name, got []
    spacy_detector_test.go:193: for input Layney, expected Name, got []
    spacy_detector_test.go:193: for input Corine, expected Name, got []
    spacy_detector_test.go:193: for input Sophi, expected Name, got []
    spacy_detector_test.go:193: for input Marilin, expected Name, got []
    spacy_detector_test.go:193: for input Aguie, expected Name, got []
    spacy_detector_test.go:193: for input Elmira, expected Name, got [{Address 0.7}]
    spacy_detector_test.go:193: for input Waylan, expected Name, got []
    spacy_detector_test.go:193: for input Melisande, expected Name, got []
    spacy_detector_test.go:193: for input Hayward, expected Name, got []
    spacy_detector_test.go:193: for input Cthrine, expected Name, got []
    spacy_detector_test.go:193: for input Rosmunda, expected Name, got []
    spacy_detector_test.go:193: for input Ardis, expected Name, got []
    spacy_detector_test.go:193: for input Sarge, expected Name, got []
    spacy_detector_test.go:193: for input Else, expected Name, got []
    spacy_detector_test.go:193: for input Melamie, expected Name, got []
    spacy_detector_test.go:193: for input Aurthur, expected Name, got []
    spacy_detector_test.go:193: for input Feodor, expected Name, got []
    spacy_detector_test.go:193: for input Albertina, expected Name, got []
    spacy_detector_test.go:193: for input Daffi, expected Name, got []
    spacy_detector_test.go:193: for input Abbott, expected Name, got []
    spacy_detector_test.go:193: for input Nial, expected Name, got []
    spacy_detector_test.go:193: for input Charlotta, expected Name, got []
    spacy_detector_test.go:193: for input Kristel, expected Name, got []
    spacy_detector_test.go:193: for input Karlik, expected Name, got []
    spacy_detector_test.go:193: for input Abigael, expected Name, got []
    spacy_detector_test.go:193: for input Scottie, expected Name, got []
    spacy_detector_test.go:193: for input Sharai, expected Name, got []
    spacy_detector_test.go:193: for input Evaleen, expected Name, got []
    spacy_detector_test.go:193: for input Anthia, expected Name, got []
    spacy_detector_test.go:193: for input Thedrick, expected Name, got []
    spacy_detector_test.go:193: for input Murielle, expected Name, got [{Address 0.7}]
    spacy_detector_test.go:193: for input Genvieve, expected Name, got [{Address 0.7}]
    spacy_detector_test.go:193: for input Spike, expected Name, got []
    spacy_detector_test.go:193: for input Kalli, expected Name, got [{Address 0.7}]
    spacy_detector_test.go:193: for input Nero, expected Name, got []
    spacy_detector_test.go:193: for input Ronnica, expected Name, got []
    spacy_detector_test.go:193: for input Enrichetta, expected Name, got []
    spacy_detector_test.go:193: for input Sayres, expected Name, got [{Address 0.7}]
    spacy_detector_test.go:193: for input Yalonda, expected Name, got [{Address 0.7}]
    spacy_detector_test.go:193: for input Martynne, expected Name, got []
    spacy_detector_test.go:193: for input Borden, expected Name, got []
    spacy_detector_test.go:193: for input Meredith, expected Name, got []
    spacy_detector_test.go:193: for input Wylma, expected Name, got []
    spacy_detector_test.go:193: for input Rabbi, expected Name, got []
    spacy_detector_test.go:193: for input See, expected Name, got []
    spacy_detector_test.go:193: for input Even, expected Name, got []
    spacy_detector_test.go:193: for input Brynna, expected Name, got []
    spacy_detector_test.go:193: for input Car, expected Name, got []
    spacy_detector_test.go:193: for input Jerrilee, expected Name, got []
    spacy_detector_test.go:193: for input Faith, expected Name, got []
    spacy_detector_test.go:193: for input Aili, expected Name, got []
    spacy_detector_test.go:193: for input Ravid, expected Name, got []
    spacy_detector_test.go:193: for input Dill, expected Name, got []
    spacy_detector_test.go:193: for input June, expected Name, got []
    spacy_detector_test.go:193: for input Morgun, expected Name, got [{Address 0.7}]
    spacy_detector_test.go:193: for input Albertina, expected Name, got []
    spacy_detector_test.go:193: for input Alberik, expected Name, got []
    spacy_detector_test.go:193: for input Tera, expected Name, got []
    spacy_detector_test.go:193: for input Travers, expected Name, got []
    spacy_detector_test.go:193: for input Kennie, expected Name, got []
    spacy_detector_test.go:193: for input Benedikt, expected Name, got []
    spacy_detector_test.go:193: for input Nikolia, expected Name, got []
    spacy_detector_test.go:193: for input Cinnamon, expected Name, got []
    spacy_detector_test.go:193: for input Ruperto, expected Name, got []
    spacy_detector_test.go:193: for input Grove, expected Name, got []
    spacy_detector_test.go:193: for input Loleta, expected Name, got []
    spacy_detector_test.go:193: for input Jackelyn, expected Name, got []
    spacy_detector_test.go:193: for input Colly, expected Name, got []
    spacy_detector_test.go:193: for input Rollie, expected Name, got []
    spacy_detector_test.go:193: for input Hesther, expected Name, got []
    spacy_detector_test.go:193: for input Cherice, expected Name, got []
    spacy_detector_test.go:193: for input Stinky, expected Name, got []
    spacy_detector_test.go:193: for input Carlo, expected Name, got []
    spacy_detector_test.go:193: for input Caron, expected Name, got []
    spacy_detector_test.go:193: for input Carmelina, expected Name, got [{Address 0.7}]
    spacy_detector_test.go:193: for input Clarey, expected Name, got []
    spacy_detector_test.go:193: for input Cosetta, expected Name, got []
    spacy_detector_test.go:193: for input Sheeree, expected Name, got []
    spacy_detector_test.go:193: for input Obediah, expected Name, got []
    spacy_detector_test.go:193: for input Morgan, expected Name, got []
    spacy_detector_test.go:193: for input Henrieta, expected Name, got []
    spacy_detector_test.go:193: for input Rhodia, expected Name, got []
    spacy_detector_test.go:193: for input Merrie, expected Name, got []
    spacy_detector_test.go:193: for input Cozmo, expected Name, got []
    spacy_detector_test.go:193: for input Samara, expected Name, got [{Address 0.7}]
    spacy_detector_test.go:193: for input Skipton, expected Name, got []
    spacy_detector_test.go:193: for input Bebe, expected Name, got []
    spacy_detector_test.go:193: for input Gale, expected Name, got []
    spacy_detector_test.go:193: for input Aurora, expected Name, got []
    spacy_detector_test.go:193: for input Lucky, expected Name, got []
    spacy_detector_test.go:193: for input Truman, expected Name, got []
    spacy_detector_test.go:193: for input Nickola, expected Name, got []
    spacy_detector_test.go:193: for input Dore, expected Name, got [{Address 0.7}]
    spacy_detector_test.go:193: for input Dyanne, expected Name, got []
    spacy_detector_test.go:193: for input Janelle, expected Name, got []
    spacy_detector_test.go:193: for input Bernelle, expected Name, got []
    spacy_detector_test.go:193: for input Yolane, expected Name, got []
    spacy_detector_test.go:193: for input Olvan, expected Name, got []
    spacy_detector_test.go:193: for input Hobey, expected Name, got []
    spacy_detector_test.go:193: for input Margarethe, expected Name, got []
    spacy_detector_test.go:193: for input Prince, expected Name, got []
    spacy_detector_test.go:193: for input Cathrin, expected Name, got []
    spacy_detector_test.go:193: for input Enid, expected Name, got []
    spacy_detector_test.go:193: for input Corny, expected Name, got []
    spacy_detector_test.go:193: for input Lanna, expected Name, got []
    spacy_detector_test.go:193: for input Barbee, expected Name, got []
    spacy_detector_test.go:193: for input Boote, expected Name, got []
    spacy_detector_test.go:193: for input Efrem, expected Name, got []
    spacy_detector_test.go:193: for input Sharyl, expected Name, got []
    spacy_detector_test.go:193: for input Rafaelita, expected Name, got []
    spacy_detector_test.go:193: for input Zacharie, expected Name, got []
    spacy_detector_test.go:193: for input Rozelle, expected Name, got []
    spacy_detector_test.go:193: for input Orbadiah, expected Name, got []
    spacy_detector_test.go:193: for input Kore, expected Name, got []
    spacy_detector_test.go:193: for input Amil, expected Name, got []
    spacy_detector_test.go:193: for input Worth, expected Name, got []
    spacy_detector_test.go:193: for input Blanche, expected Name, got []
    spacy_detector_test.go:193: for input Calv, expected Name, got []
    spacy_detector_test.go:193: for input Demetris, expected Name, got []
    spacy_detector_test.go:193: for input Sissie, expected Name, got [{Address 0.7}]
    spacy_detector_test.go:193: for input Isidoro, expected Name, got []
    spacy_detector_test.go:193: for input Maximo, expected Name, got []
    spacy_detector_test.go:193: for input Borg, expected Name, got []
    spacy_detector_test.go:193: for input Austina, expected Name, got []
    spacy_detector_test.go:193: for input Sylvan, expected Name, got []
    spacy_detector_test.go:193: for input Skip, expected Name, got []
    spacy_detector_test.go:193: for input Dreddy, expected Name, got []
    spacy_detector_test.go:193: for input Baxy, expected Name, got []
    spacy_detector_test.go:193: for input Claudell, expected Name, got []
    spacy_detector_test.go:193: for input Derril, expected Name, got []
    spacy_detector_test.go:193: for input Malachi, expected Name, got []
    spacy_detector_test.go:193: for input Lezlie, expected Name, got []
    spacy_detector_test.go:193: for input Melisande, expected Name, got []
    spacy_detector_test.go:193: for input Rosette, expected Name, got []
    spacy_detector_test.go:193: for input Stirling, expected Name, got []
    spacy_detector_test.go:193: for input Ezri, expected Name, got []
    spacy_detector_test.go:193: for input Piggy, expected Name, got []
    spacy_detector_test.go:193: for input Lorens, expected Name, got []
    spacy_detector_test.go:193: for input Dulce, expected Name, got []
    spacy_detector_test.go:193: for input Carce, expected Name, got []
    spacy_detector_test.go:193: for input Miguela, expected Name, got []
    spacy_detector_test.go:193: for input Bartolemo, expected Name, got []
    spacy_detector_test.go:193: for input Melva, expected Name, got []
    spacy_detector_test.go:193: for input Tadeas, expected Name, got [{Address 0.7}]
    spacy_detector_test.go:193: for input Glad, expected Name, got []
    spacy_detector_test.go:193: for input Prudy, expected Name, got []
    spacy_detector_test.go:193: for input Darlleen, expected Name, got []
    spacy_detector_test.go:193: for input Shelden, expected Name, got []
    spacy_detector_test.go:193: for input Lucilia, expected Name, got [{Address 0.7}]
    spacy_detector_test.go:193: for input Lishe, expected Name, got []
    spacy_detector_test.go:193: for input Sisely, expected Name, got []
    spacy_detector_test.go:193: for input Pen, expected Name, got []
    spacy_detector_test.go:193: for input Elmo, expected Name, got []
    spacy_detector_test.go:193: for input Ignaz, expected Name, got [{Address 0.7}]
    spacy_detector_test.go:193: for input Margarete, expected Name, got [{Address 0.7}]
    spacy_detector_test.go:193: for input Kial, expected Name, got []
    spacy_detector_test.go:193: for input Noble, expected Name, got []
    spacy_detector_test.go:193: for input Babita, expected Name, got []
    spacy_detector_test.go:193: for input Hinda, expected Name, got []
    spacy_detector_test.go:193: for input Ash, expected Name, got []
    spacy_detector_test.go:193: for input Ludwig, expected Name, got []
    spacy_detector_test.go:193: for input Agretha, expected Name, got []
    spacy_detector_test.go:193: for input Cybil, expected Name, got []
    spacy_detector_test.go:193: for input Wendeline, expected Name, got []
    spacy_detector_test.go:193: for input Thekla, expected Name, got []
    spacy_detector_test.go:193: for input Giuditta, expected Name, got []
    spacy_detector_test.go:193: for input Codi, expected Name, got []
    spacy_detector_test.go:193: for input Carry, expected Name, got []
    spacy_detector_test.go:193: for input Lambert, expected Name, got []
    spacy_detector_test.go:193: for input Charity, expected Name, got []
    spacy_detector_test.go:193: for input Doloritas, expected Name, got []
    spacy_detector_test.go:193: for input Akim, expected Name, got []
    spacy_detector_test.go:193: for input Hobart, expected Name, got [{Address 0.7}]
    spacy_detector_test.go:193: for input Ninnette, expected Name, got []
    spacy_detector_test.go:193: for input Valene, expected Name, got []
    spacy_detector_test.go:193: for input Sigismund, expected Name, got []
    spacy_detector_test.go:193: for input Trstram, expected Name, got []
    spacy_detector_test.go:193: for input Axe, expected Name, got []
    spacy_detector_test.go:193: for input Ingeborg, expected Name, got []
    spacy_detector_test.go:193: for input Freddie, expected Name, got []
    spacy_detector_test.go:193: for input Vernice, expected Name, got []
    spacy_detector_test.go:193: for input Kit, expected Name, got []
    spacy_detector_test.go:193: for input Wally, expected Name, got []
    spacy_detector_test.go:193: for input Corbin, expected Name, got []
    spacy_detector_test.go:193: for input Thia, expected Name, got []
    spacy_detector_test.go:193: for input Harriott, expected Name, got []
    spacy_detector_test.go:193: for input Chelsea, expected Name, got []
    spacy_detector_test.go:193: for input Kliment, expected Name, got [{Address 0.7}]
    spacy_detector_test.go:193: for input Kelcey, expected Name, got []
    spacy_detector_test.go:193: for input Natalina, expected Name, got []
    spacy_detector_test.go:193: for input Wye, expected Name, got []
    spacy_detector_test.go:193: for input Gwenore, expected Name, got []
    spacy_detector_test.go:193: for input Petronia, expected Name, got [{Address 0.7}]
    spacy_detector_test.go:193: for input Carolina, expected Name, got [{Address 0.7}]
    spacy_detector_test.go:193: for input Charlena, expected Name, got []
    spacy_detector_test.go:193: for input Rabbi, expected Name, got []
    spacy_detector_test.go:193: for input Vassili, expected Name, got []
    spacy_detector_test.go:193: for input Margi, expected Name, got []
    spacy_detector_test.go:193: for input Valencia, expected Name, got [{Address 0.7}]
    spacy_detector_test.go:193: for input Shirleen, expected Name, got []
    spacy_detector_test.go:193: for input Shannah, expected Name, got []
    spacy_detector_test.go:193: for input Oralle, expected Name, got [{Address 0.7}]
    spacy_detector_test.go:193: for input Wilfred, expected Name, got []
    spacy_detector_test.go:193: for input Cathe, expected Name, got []
    spacy_detector_test.go:193: for input Artemas, expected Name, got []
    spacy_detector_test.go:193: for input Celeste, expected Name, got []
    spacy_detector_test.go:193: for input Elladine, expected Name, got []
    spacy_detector_test.go:193: for input Felice, expected Name, got []
    spacy_detector_test.go:193: for input Artair, expected Name, got []
    spacy_detector_test.go:193: for input Philis, expected Name, got []
    spacy_detector_test.go:193: for input Ellerey, expected Name, got []
    spacy_detector_test.go:193: for input Inez, expected Name, got [{Address 0.7}]
    spacy_detector_test.go:193: for input Agretha, expected Name, got []
    spacy_detector_test.go:193: for input Afton, expected Name, got [{Address 0.7}]
    spacy_detector_test.go:193: for input Raychel, expected Name, got []
    spacy_detector_test.go:193: for input Janetta, expected Name, got []
    spacy_detector_test.go:193: for input Orelle, expected Name, got []
    spacy_detector_test.go:193: for input Tildi, expected Name, got []
    spacy_detector_test.go:193: for input Cobbie, expected Name, got [{Address 0.7}]
    spacy_detector_test.go:193: for input Yehudit, expected Name, got []
    spacy_detector_test.go:193: for input Lonna, expected Name, got []
    spacy_detector_test.go:193: for input Melesa, expected Name, got []
    spacy_detector_test.go:193: for input King, expected Name, got []
    spacy_detector_test.go:193: for input Barbaraanne, expected Name, got []
    spacy_detector_test.go:193: for input Caril, expected Name, got []
    spacy_detector_test.go:193: for input Bertrando, expected Name, got []
    spacy_detector_test.go:193: for input Dilly, expected Name, got []
    spacy_detector_test.go:193: for input Denver, expected Name, got [{Address 0.7}]
    spacy_detector_test.go:193: for input Cleavland, expected Name, got []
    spacy_detector_test.go:193: for input Benedikt, expected Name, got []
    spacy_detector_test.go:193: for input Leia, expected Name, got []
    spacy_detector_test.go:193: for input Bibbie, expected Name, got [{Address 0.7}]
    spacy_detector_test.go:193: for input Shaw, expected Name, got []
    spacy_detector_test.go:193: for input Cinnamon, expected Name, got []
    spacy_detector_test.go:193: for input Layney, expected Name, got []
    spacy_detector_test.go:193: for input Salem, expected Name, got [{Address 0.7}]
    spacy_detector_test.go:193: for input Rodrique, expected Name, got []
    spacy_detector_test.go:193: for input Chucho, expected Name, got []
    spacy_detector_test.go:193: for input Natal, expected Name, got []
    spacy_detector_test.go:193: for input Vassili, expected Name, got []
    spacy_detector_test.go:193: for input Ailey, expected Name, got []
    spacy_detector_test.go:193: for input Lanna, expected Name, got []
    spacy_detector_test.go:193: for input Noellyn, expected Name, got []
    spacy_detector_test.go:193: for input Zita, expected Name, got []
    spacy_detector_test.go:193: for input Helenelizabeth, expected Name, got []
    spacy_detector_test.go:193: for input Agnola, expected Name, got []
    spacy_detector_test.go:193: for input Heda, expected Name, got []
    spacy_detector_test.go:193: for input Vina, expected Name, got []
    spacy_detector_test.go:193: for input Myca, expected Name, got []
    spacy_detector_test.go:193: for input Viviene, expected Name, got []
    spacy_detector_test.go:193: for input Guillemette, expected Name, got []
    spacy_detector_test.go:193: for input Delmor, expected Name, got []
    spacy_detector_test.go:193: for input Lorry, expected Name, got []
    spacy_detector_test.go:193: for input Ferne, expected Name, got []
    spacy_detector_test.go:193: for input Sisely, expected Name, got []
    spacy_detector_test.go:193: for input Iormina, expected Name, got []
    spacy_detector_test.go:193: for input Curtice, expected Name, got []
    spacy_detector_test.go:193: for input Kliment, expected Name, got [{Address 0.7}]
    spacy_detector_test.go:193: for input Tonye, expected Name, got [{Address 0.7}]
    spacy_detector_test.go:193: for input Verina, expected Name, got [{Address 0.7}]
    spacy_detector_test.go:193: for input Ursuline, expected Name, got []
    spacy_detector_test.go:193: for input Julie, expected Name, got []
    spacy_detector_test.go:193: for input Inness, expected Name, got []
    spacy_detector_test.go:193: for input Nellie, expected Name, got []
    spacy_detector_test.go:193: for input Christean, expected Name, got []
    spacy_detector_test.go:193: for input Meridel, expected Name, got []
    spacy_detector_test.go:193: for input Dael, expected Name, got []
    spacy_detector_test.go:193: for input Steffane, expected Name, got []
    spacy_detector_test.go:193: for input Hallie, expected Name, got []
    spacy_detector_test.go:193: for input Abagael, expected Name, got []
    spacy_detector_test.go:193: for input Atalanta, expected Name, got []
    spacy_detector_test.go:193: for input Thorndike, expected Name, got []
    spacy_detector_test.go:193: for input Shalna, expected Name, got []
    spacy_detector_test.go:193: for input Angelle, expected Name, got []
    spacy_detector_test.go:193: for input Peria, expected Name, got []
    spacy_detector_test.go:193: for input Donetta, expected Name, got []
    spacy_detector_test.go:193: for input Wilmer, expected Name, got [{Address 0.7}]
    spacy_detector_test.go:193: for input Vina, expected Name, got []
    spacy_detector_test.go:193: for input Erena, expected Name, got []
    spacy_detector_test.go:193: for input Sheffield, expected Name, got [{Address 0.7}]
    spacy_detector_test.go:193: for input Ame, expected Name, got []
    spacy_detector_test.go:193: for input Amye, expected Name, got []
    spacy_detector_test.go:193: for input Rochell, expected Name, got []
    spacy_detector_test.go:193: for input Crissie, expected Name, got []
    spacy_detector_test.go:193: for input Omero, expected Name, got []
    spacy_detector_test.go:193: for input Fraze, expected Name, got []
    spacy_detector_test.go:193: for input Tawnya, expected Name, got [{Address 0.7}]
    spacy_detector_test.go:193: for input Nicolea, expected Name, got []
    spacy_detector_test.go:193: for input Izabel, expected Name, got []
    spacy_detector_test.go:193: for input Pattie, expected Name, got []
    spacy_detector_test.go:201: Correctly identified 588 out of 1000 labels, which is 58.799999%
--- FAIL: TestLastNameCSV (2.71s)
    spacy_detector_test.go:193: for input Dumblton, expected Name, got []
    spacy_detector_test.go:193: for input Beaze, expected Name, got []
    spacy_detector_test.go:193: for input McIlherran, expected Name, got [{Address 0.7}]
    spacy_detector_test.go:193: for input Saulter, expected Name, got []
    spacy_detector_test.go:193: for input Gendricke, expected Name, got []
    spacy_detector_test.go:193: for input Epsley, expected Name, got []
    spacy_detector_test.go:193: for input Hardson, expected Name, got []
    spacy_detector_test.go:193: for input Beniesh, expected Name, got []
    spacy_detector_test.go:193: for input Vedstra, expected Name, got []
    spacy_detector_test.go:193: for input Mallon, expected Name, got []
    spacy_detector_test.go:193: for input Kilalea, expected Name, got []
    spacy_detector_test.go:193: for input Ary, expected Name, got []
    spacy_detector_test.go:193: for input Sandiland, expected Name, got []
    spacy_detector_test.go:193: for input Spinley, expected Name, got []
    spacy_detector_test.go:193: for input Gloyens, expected Name, got []
    spacy_detector_test.go:193: for input Markova, expected Name, got []
    spacy_detector_test.go:193: for input Ashfull, expected Name, got []
    spacy_detector_test.go:193: for input Eley, expected Name, got []
    spacy_detector_test.go:193: for input Spadeck, expected Name, got []
    spacy_detector_test.go:193: for input Tufts, expected Name, got []
    spacy_detector_test.go:193: for input Beedom, expected Name, got [{Address 0.7}]
    spacy_detector_test.go:193: for input Vamplers, expected Name, got []
    spacy_detector_test.go:193: for input Sommerling, expected Name, got []
    spacy_detector_test.go:193: for input Donnellan, expected Name, got [{Address 0.7}]
    spacy_detector_test.go:193: for input Harcase, expected Name, got []
    spacy_detector_test.go:193: for input Karpmann, expected Name, got [{Address 0.7}]
    spacy_detector_test.go:193: for input Selcraig, expected Name, got []
    spacy_detector_test.go:193: for input Corby, expected Name, got []
    spacy_detector_test.go:193: for input Cumberbatch, expected Name, got []
    spacy_detector_test.go:193: for input Bound, expected Name, got []
    spacy_detector_test.go:193: for input Hacard, expected Name, got []
    spacy_detector_test.go:193: for input Bridgwater, expected Name, got [{Address 0.7}]
    spacy_detector_test.go:193: for input Dalgarno, expected Name, got []
    spacy_detector_test.go:193: for input Philot, expected Name, got []
    spacy_detector_test.go:193: for input Pache, expected Name, got []
    spacy_detector_test.go:193: for input Rickersey, expected Name, got []
    spacy_detector_test.go:193: for input Jarmyn, expected Name, got []
    spacy_detector_test.go:193: for input Storrs, expected Name, got [{Address 0.7}]
    spacy_detector_test.go:193: for input Parminter, expected Name, got []
    spacy_detector_test.go:193: for input Brodhead, expected Name, got []
    spacy_detector_test.go:193: for input Sarrell, expected Name, got []
    spacy_detector_test.go:193: for input Igonet, expected Name, got []
    spacy_detector_test.go:193: for input McKoy, expected Name, got []
    spacy_detector_test.go:193: for input MacQuarrie, expected Name, got []
    spacy_detector_test.go:193: for input Huntingdon, expected Name, got [{Address 0.7}]
    spacy_detector_test.go:193: for input Grumbridge, expected Name, got []
    spacy_detector_test.go:193: for input Dightham, expected Name, got []
    spacy_detector_test.go:193: for input Tuite, expected Name, got []
    spacy_detector_test.go:193: for input Hatherleigh, expected Name, got []
    spacy_detector_test.go:193: for input Parnell, expected Name, got []
    spacy_detector_test.go:193: for input Knevit, expected Name, got []
    spacy_detector_test.go:193: for input Privett, expected Name, got []
    spacy_detector_test.go:193: for input Stops, expected Name, got []
    spacy_detector_test.go:193: for input Danielsky, expected Name, got []
    spacy_detector_test.go:193: for input Casaletto, expected Name, got []
    spacy_detector_test.go:193: for input Skudder, expected Name, got []
    spacy_detector_test.go:193: for input Dabs, expected Name, got []
    spacy_detector_test.go:193: for input Walasik, expected Name, got []
    spacy_detector_test.go:193: for input Fildes, expected Name, got []
    spacy_detector_test.go:193: for input Norwood, expected Name, got []
    spacy_detector_test.go:193: for input Sellack, expected Name, got []
    spacy_detector_test.go:193: for input Garlick, expected Name, got []
    spacy_detector_test.go:193: for input Boyfield, expected Name, got [{Address 0.7}]
    spacy_detector_test.go:193: for input Whild, expected Name, got []
    spacy_detector_test.go:193: for input Goward, expected Name, got []
    spacy_detector_test.go:193: for input Gillon, expected Name, got []
    spacy_detector_test.go:193: for input Deverick, expected Name, got []
    spacy_detector_test.go:193: for input Waldram, expected Name, got []
    spacy_detector_test.go:193: for input Ferencz, expected Name, got []
    spacy_detector_test.go:193: for input Coppen, expected Name, got []
    spacy_detector_test.go:193: for input Hukin, expected Name, got []
    spacy_detector_test.go:193: for input Brennans, expected Name, got []
    spacy_detector_test.go:193: for input Breche, expected Name, got []
    spacy_detector_test.go:193: for input Barras, expected Name, got []
    spacy_detector_test.go:193: for input Yeoland, expected Name, got []
    spacy_detector_test.go:193: for input Capstake, expected Name, got []
    spacy_detector_test.go:193: for input Grevile, expected Name, got []
    spacy_detector_test.go:193: for input Vakhrushev, expected Name, got []
    spacy_detector_test.go:193: for input Reubbens, expected Name, got []
    spacy_detector_test.go:193: for input Suett, expected Name, got []
    spacy_detector_test.go:193: for input Orteaux, expected Name, got []
    spacy_detector_test.go:193: for input Bambrough, expected Name, got []
    spacy_detector_test.go:193: for input Labrow, expected Name, got []
    spacy_detector_test.go:193: for input McGrirl, expected Name, got []
    spacy_detector_test.go:193: for input Pottage, expected Name, got []
    spacy_detector_test.go:193: for input Louis, expected Name, got []
    spacy_detector_test.go:193: for input Monteaux, expected Name, got [{Address 0.7}]
    spacy_detector_test.go:193: for input Bullin, expected Name, got []
    spacy_detector_test.go:193: for input Firbank, expected Name, got []
    spacy_detector_test.go:193: for input M'Quhan, expected Name, got [{Address 0.7}]
    spacy_detector_test.go:193: for input Collinette, expected Name, got []
    spacy_detector_test.go:193: for input Brandone, expected Name, got []
    spacy_detector_test.go:193: for input Jahner, expected Name, got []
    spacy_detector_test.go:193: for input Troman, expected Name, got []
    spacy_detector_test.go:193: for input Cookney, expected Name, got []
    spacy_detector_test.go:193: for input Ciotti, expected Name, got []
    spacy_detector_test.go:193: for input Townley, expected Name, got []
    spacy_detector_test.go:193: for input Breakwell, expected Name, got []
    spacy_detector_test.go:193: for input Mereweather, expected Name, got []
    spacy_detector_test.go:193: for input Siemon, expected Name, got []
    spacy_detector_test.go:193: for input Janaud, expected Name, got []
    spacy_detector_test.go:193: for input Domokos, expected Name, got []
    spacy_detector_test.go:193: for input Lashmar, expected Name, got []
    spacy_detector_test.go:193: for input Cozens, expected Name, got []
    spacy_detector_test.go:193: for input Folbigg, expected Name, got []
    spacy_detector_test.go:193: for input Robotham, expected Name, got []
    spacy_detector_test.go:193: for input Terbeek, expected Name, got [{Address 0.7}]
    spacy_detector_test.go:193: for input MacDirmid, expected Name, got []
    spacy_detector_test.go:193: for input Paff, expected Name, got []
    spacy_detector_test.go:193: for input Selbach, expected Name, got []
    spacy_detector_test.go:193: for input Bedinham, expected Name, got []
    spacy_detector_test.go:193: for input Leblanc, expected Name, got []
    spacy_detector_test.go:193: for input Airs, expected Name, got []
    spacy_detector_test.go:193: for input Cubley, expected Name, got []
    spacy_detector_test.go:193: for input Lovekin, expected Name, got []
    spacy_detector_test.go:193: for input Drewry, expected Name, got []
    spacy_detector_test.go:193: for input McDonald, expected Name, got []
    spacy_detector_test.go:193: for input Beckinsale, expected Name, got []
    spacy_detector_test.go:193: for input Tingle, expected Name, got []
    spacy_detector_test.go:193: for input Hulles, expected Name, got []
    spacy_detector_test.go:193: for input Sutterby, expected Name, got []
    spacy_detector_test.go:193: for input Tranckle, expected Name, got [{Address 0.7}]
    spacy_detector_test.go:193: for input Eminson, expected Name, got []
    spacy_detector_test.go:193: for input Redihalgh, expected Name, got []
    spacy_detector_test.go:193: for input Stanlike, expected Name, got []
    spacy_detector_test.go:193: for input Atterbury, expected Name, got []
    spacy_detector_test.go:193: for input Bolwell, expected Name, got []
    spacy_detector_test.go:193: for input Fillingham, expected Name, got []
    spacy_detector_test.go:193: for input Kingswell, expected Name, got []
    spacy_detector_test.go:193: for input Stonner, expected Name, got []
    spacy_detector_test.go:193: for input Danielovitch, expected Name, got []
    spacy_detector_test.go:193: for input Karlik, expected Name, got []
    spacy_detector_test.go:193: for input Bartzen, expected Name, got []
    spacy_detector_test.go:193: for input Reach, expected Name, got []
    spacy_detector_test.go:193: for input Tranckle, expected Name, got [{Address 0.7}]
    spacy_detector_test.go:193: for input Ferrarin, expected Name, got []
    spacy_detector_test.go:193: for input McSkin, expected Name, got []
    spacy_detector_test.go:193: for input Bourget, expected Name, got []
    spacy_detector_test.go:193: for input Meikle, expected Name, got []
    spacy_detector_test.go:193: for input Renahan, expected Name, got []
    spacy_detector_test.go:193: for input Bottlestone, expected Name, got []
    spacy_detector_test.go:193: for input Gentiry, expected Name, got [{Address 0.7}]
    spacy_detector_test.go:193: for input Griffitts, expected Name, got [{Address 0.7}]
    spacy_detector_test.go:193: for input Soper, expected Name, got []
    spacy_detector_test.go:193: for input Redhouse, expected Name, got []
    spacy_detector_test.go:193: for input Loud, expected Name, got []
    spacy_detector_test.go:193: for input Danhel, expected Name, got [{Address 0.7}]
    spacy_detector_test.go:193: for input Roe, expected Name, got []
    spacy_detector_test.go:193: for input McGirr, expected Name, got []
    spacy_detector_test.go:193: for input Lowrey, expected Name, got []
    spacy_detector_test.go:193: for input Doggart, expected Name, got []
    spacy_detector_test.go:193: for input Oldham, expected Name, got [{Address 0.7}]
    spacy_detector_test.go:193: for input Berends, expected Name, got []
    spacy_detector_test.go:193: for input Sambidge, expected Name, got []
    spacy_detector_test.go:193: for input Stockney, expected Name, got []
    spacy_detector_test.go:193: for input Bendley, expected Name, got []
    spacy_detector_test.go:193: for input Caras, expected Name, got []
    spacy_detector_test.go:193: for input Baulch, expected Name, got []
    spacy_detector_test.go:193: for input Klimentyonok, expected Name, got []
    spacy_detector_test.go:193: for input Sindell, expected Name, got [{Address 0.7}]
    spacy_detector_test.go:193: for input Turfs, expected Name, got []
    spacy_detector_test.go:193: for input Speek, expected Name, got []
    spacy_detector_test.go:193: for input Vasler, expected Name, got []
    spacy_detector_test.go:193: for input Litherland, expected Name, got []
    spacy_detector_test.go:193: for input Casillis, expected Name, got []
    spacy_detector_test.go:193: for input Redmille, expected Name, got []
    spacy_detector_test.go:193: for input Sponder, expected Name, got []
    spacy_detector_test.go:193: for input Roja, expected Name, got [{Address 0.7}]
    spacy_detector_test.go:193: for input Tearney, expected Name, got []
    spacy_detector_test.go:193: for input Broomfield, expected Name, got [{Address 0.7}]
    spacy_detector_test.go:193: for input Chadbourne, expected Name, got []
    spacy_detector_test.go:193: for input Date, expected Name, got []
    spacy_detector_test.go:193: for input Dogerty, expected Name, got []
    spacy_detector_test.go:193: for input Cornil, expected Name, got []
    spacy_detector_test.go:193: for input Higgonet, expected Name, got []
    spacy_detector_test.go:193: for input Knapper, expected Name, got []
    spacy_detector_test.go:193: for input Birchner, expected Name, got []
    spacy_detector_test.go:193: for input Akker, expected Name, got []
    spacy_detector_test.go:193: for input Firpo, expected Name, got []
    spacy_detector_test.go:193: for input Maxted, expected Name, got []
    spacy_detector_test.go:193: for input Timpany, expected Name, got []
    spacy_detector_test.go:193: for input Sallter, expected Name, got []
    spacy_detector_test.go:193: for input Fero, expected Name, got []
    spacy_detector_test.go:193: for input Verman, expected Name, got [{Address 0.7}]
    spacy_detector_test.go:193: for input Gilliard, expected Name, got []
    spacy_detector_test.go:193: for input Nowaczyk, expected Name, got []
    spacy_detector_test.go:193: for input Klugel, expected Name, got []
    spacy_detector_test.go:193: for input Amor, expected Name, got []
    spacy_detector_test.go:193: for input Compston, expected Name, got [{Address 0.7}]
    spacy_detector_test.go:193: for input Nanelli, expected Name, got []
    spacy_detector_test.go:193: for input Forgie, expected Name, got []
    spacy_detector_test.go:193: for input Bonnin, expected Name, got []
    spacy_detector_test.go:193: for input Cole, expected Name, got []
    spacy_detector_test.go:193: for input Petley, expected Name, got []
    spacy_detector_test.go:193: for input Whitelock, expected Name, got [{Address 0.7}]
    spacy_detector_test.go:193: for input Adey, expected Name, got []
    spacy_detector_test.go:193: for input Letherbury, expected Name, got []
    spacy_detector_test.go:193: for input Dodshon, expected Name, got []
    spacy_detector_test.go:193: for input Spitell, expected Name, got []
    spacy_detector_test.go:193: for input Craw, expected Name, got []
    spacy_detector_test.go:193: for input Brennon, expected Name, got []
    spacy_detector_test.go:193: for input Critchley, expected Name, got []
    spacy_detector_test.go:193: for input Loan, expected Name, got []
    spacy_detector_test.go:193: for input Joselovitch, expected Name, got []
    spacy_detector_test.go:193: for input Truse, expected Name, got []
    spacy_detector_test.go:193: for input Fridd, expected Name, got []
    spacy_detector_test.go:193: for input Hopewell, expected Name, got [{Address 0.7}]
    spacy_detector_test.go:193: for input Concannon, expected Name, got []
    spacy_detector_test.go:193: for input Measham, expected Name, got [{Address 0.7}]
    spacy_detector_test.go:193: for input Harmon, expected Name, got []
    spacy_detector_test.go:193: for input Spink, expected Name, got []
    spacy_detector_test.go:193: for input Sushams, expected Name, got []
    spacy_detector_test.go:193: for input Fessby, expected Name, got []
    spacy_detector_test.go:193: for input Daice, expected Name, got []
    spacy_detector_test.go:193: for input Johanchon, expected Name, got []
    spacy_detector_test.go:193: for input Coots, expected Name, got []
    spacy_detector_test.go:193: for input Emptage, expected Name, got []
    spacy_detector_test.go:193: for input Vernon, expected Name, got [{Address 0.7}]
    spacy_detector_test.go:193: for input Seedull, expected Name, got []
    spacy_detector_test.go:193: for input Steaning, expected Name, got []
    spacy_detector_test.go:193: for input Valero, expected Name, got []
    spacy_detector_test.go:193: for input Agott, expected Name, got []
    spacy_detector_test.go:193: for input Bettley, expected Name, got []
    spacy_detector_test.go:193: for input Loeber, expected Name, got []
    spacy_detector_test.go:193: for input Bickerstaff, expected Name, got [{Address 0.7}]
    spacy_detector_test.go:193: for input Teggin, expected Name, got [{Address 0.7}]
    spacy_detector_test.go:193: for input Roddan, expected Name, got [{Address 0.7}]
    spacy_detector_test.go:193: for input Greger, expected Name, got []
    spacy_detector_test.go:193: for input Oag, expected Name, got []
    spacy_detector_test.go:193: for input Bruniges, expected Name, got []
    spacy_detector_test.go:193: for input Stiddard, expected Name, got []
    spacy_detector_test.go:193: for input Halstead, expected Name, got []
    spacy_detector_test.go:193: for input Beminster, expected Name, got []
    spacy_detector_test.go:193: for input Bucky, expected Name, got []
    spacy_detector_test.go:193: for input Syder, expected Name, got []
    spacy_detector_test.go:193: for input Cayley, expected Name, got []
    spacy_detector_test.go:193: for input Greggs, expected Name, got []
    spacy_detector_test.go:193: for input Woolmington, expected Name, got []
    spacy_detector_test.go:193: for input Hearons, expected Name, got []
    spacy_detector_test.go:193: for input Hinzer, expected Name, got []
    spacy_detector_test.go:193: for input Dillingstone, expected Name, got []
    spacy_detector_test.go:193: for input Thebes, expected Name, got [{Address 0.7}]
    spacy_detector_test.go:193: for input Gilvear, expected Name, got []
    spacy_detector_test.go:193: for input Caldecutt, expected Name, got []
    spacy_detector_test.go:193: for input Tankus, expected Name, got []
    spacy_detector_test.go:193: for input Rapelli, expected Name, got []
    spacy_detector_test.go:193: for input Flaunders, expected Name, got []
    spacy_detector_test.go:193: for input Richen, expected Name, got []
    spacy_detector_test.go:193: for input Lemary, expected Name, got []
    spacy_detector_test.go:193: for input Yorke, expected Name, got [{Address 0.7}]
    spacy_detector_test.go:193: for input Packer, expected Name, got []
    spacy_detector_test.go:193: for input Kingscott, expected Name, got []
    spacy_detector_test.go:193: for input Coughtrey, expected Name, got []
    spacy_detector_test.go:193: for input Inch, expected Name, got []
    spacy_detector_test.go:193: for input Roache, expected Name, got []
    spacy_detector_test.go:193: for input Ingleby, expected Name, got []
    spacy_detector_test.go:193: for input Officer, expected Name, got []
    spacy_detector_test.go:193: for input Schubart, expected Name, got []
    spacy_detector_test.go:193: for input Anger, expected Name, got []
    spacy_detector_test.go:193: for input Roman, expected Name, got []
    spacy_detector_test.go:193: for input Seamark, expected Name, got []
    spacy_detector_test.go:193: for input McCheyne, expected Name, got []
    spacy_detector_test.go:193: for input Kamien, expected Name, got [{Address 0.7}]
    spacy_detector_test.go:193: for input Mealiffe, expected Name, got []
    spacy_detector_test.go:193: for input Parkyns, expected Name, got []
    spacy_detector_test.go:193: for input Gommes, expected Name, got []
    spacy_detector_test.go:193: for input Bozward, expected Name, got []
    spacy_detector_test.go:193: for input Scardafield, expected Name, got [{Address 0.7}]
    spacy_detector_test.go:193: for input Roizn, expected Name, got []
    spacy_detector_test.go:193: for input Vandrill, expected Name, got []
    spacy_detector_test.go:193: for input Rouby, expected Name, got []
    spacy_detector_test.go:193: for input Jewes, expected Name, got []
    spacy_detector_test.go:193: for input Blooman, expected Name, got []
    spacy_detector_test.go:193: for input Lared, expected Name, got []
    spacy_detector_test.go:193: for input Gilfillan, expected Name, got []
    spacy_detector_test.go:193: for input Perell, expected Name, got []
    spacy_detector_test.go:193: for input Klimushev, expected Name, got []
    spacy_detector_test.go:193: for input Farrin, expected Name, got []
    spacy_detector_test.go:193: for input Phillpot, expected Name, got []
    spacy_detector_test.go:193: for input Oxbe, expected Name, got []
    spacy_detector_test.go:193: for input Haddock, expected Name, got []
    spacy_detector_test.go:193: for input Brandolini, expected Name, got []
    spacy_detector_test.go:193: for input Chismon, expected Name, got []
    spacy_detector_test.go:193: for input Dewick, expected Name, got []
    spacy_detector_test.go:193: for input Rummer, expected Name, got []
    spacy_detector_test.go:193: for input Cornner, expected Name, got []
    spacy_detector_test.go:193: for input Malecky, expected Name, got []
    spacy_detector_test.go:193: for input Daice, expected Name, got []
    spacy_detector_test.go:193: for input Sarfatti, expected Name, got []
    spacy_detector_test.go:193: for input Hembling, expected Name, got []
    spacy_detector_test.go:193: for input Perutto, expected Name, got []
    spacy_detector_test.go:193: for input Giovanetti, expected Name, got []
    spacy_detector_test.go:193: for input Leving, expected Name, got []
    spacy_detector_test.go:193: for input Enrdigo, expected Name, got []
    spacy_detector_test.go:193: for input Foch, expected Name, got []
    spacy_detector_test.go:193: for input Spear, expected Name, got []
    spacy_detector_test.go:193: for input Zannelli, expected Name, got []
    spacy_detector_test.go:193: for input Grafton-Herbert, expected Name, got [{Address 0.7}]
    spacy_detector_test.go:193: for input Seegar, expected Name, got [{Address 0.7}]
    spacy_detector_test.go:193: for input Nockles, expected Name, got []
    spacy_detector_test.go:193: for input Astbury, expected Name, got []
    spacy_detector_test.go:193: for input Thomazin, expected Name, got [{Address 0.7}]
    spacy_detector_test.go:193: for input Heckner, expected Name, got []
    spacy_detector_test.go:193: for input Vallens, expected Name, got []
    spacy_detector_test.go:193: for input Rops, expected Name, got []
    spacy_detector_test.go:193: for input Slate, expected Name, got []
    spacy_detector_test.go:193: for input MacDunleavy, expected Name, got []
    spacy_detector_test.go:193: for input Pinch, expected Name, got []
    spacy_detector_test.go:193: for input Meechan, expected Name, got [{Address 0.7}]
    spacy_detector_test.go:193: for input Attwell, expected Name, got []
    spacy_detector_test.go:193: for input Garden, expected Name, got []
    spacy_detector_test.go:193: for input Burrow, expected Name, got []
    spacy_detector_test.go:193: for input Esslement, expected Name, got []
    spacy_detector_test.go:193: for input Braisted, expected Name, got []
    spacy_detector_test.go:193: for input Preshous, expected Name, got []
    spacy_detector_test.go:193: for input Cabera, expected Name, got []
    spacy_detector_test.go:193: for input Pitford, expected Name, got []
    spacy_detector_test.go:193: for input Jeske, expected Name, got []
    spacy_detector_test.go:193: for input Littrick, expected Name, got [{Address 0.7}]
    spacy_detector_test.go:193: for input Peirazzi, expected Name, got []
    spacy_detector_test.go:193: for input Breeze, expected Name, got []
    spacy_detector_test.go:193: for input Chander, expected Name, got []
    spacy_detector_test.go:193: for input Wanne, expected Name, got []
    spacy_detector_test.go:193: for input Loyndon, expected Name, got []
    spacy_detector_test.go:193: for input Weben, expected Name, got []
    spacy_detector_test.go:193: for input Borer, expected Name, got []
    spacy_detector_test.go:193: for input Draycott, expected Name, got [{Address 0.7}]
    spacy_detector_test.go:193: for input Stithe, expected Name, got []
    spacy_detector_test.go:193: for input Hardwell, expected Name, got []
    spacy_detector_test.go:193: for input Danilovic, expected Name, got []
    spacy_detector_test.go:193: for input Sawart, expected Name, got []
    spacy_detector_test.go:193: for input Wenham, expected Name, got []
    spacy_detector_test.go:193: for input Hutchison, expected Name, got []
    spacy_detector_test.go:193: for input Erangy, expected Name, got []
    spacy_detector_test.go:193: for input Darnborough, expected Name, got []
    spacy_detector_test.go:193: for input Dubble, expected Name, got []
    spacy_detector_test.go:193: for input Cleyburn, expected Name, got []
    spacy_detector_test.go:193: for input Matthai, expected Name, got []
    spacy_detector_test.go:193: for input Perche, expected Name, got []
    spacy_detector_test.go:193: for input Berkley, expected Name, got []
    spacy_detector_test.go:193: for input Macveigh, expected Name, got []
    spacy_detector_test.go:193: for input Phillcox, expected Name, got []
    spacy_detector_test.go:193: for input Perell, expected Name, got []
    spacy_detector_test.go:193: for input Begwell, expected Name, got []
    spacy_detector_test.go:193: for input McConnal, expected Name, got []
    spacy_detector_test.go:193: for input Dreini, expected Name, got []
    spacy_detector_test.go:193: for input Ivanikhin, expected Name, got []
    spacy_detector_test.go:193: for input Done, expected Name, got []
    spacy_detector_test.go:193: for input Jeans, expected Name, got [{Address 0.7}]
    spacy_detector_test.go:193: for input Waldram, expected Name, got []
    spacy_detector_test.go:193: for input Hiddsley, expected Name, got []
    spacy_detector_test.go:193: for input Dalliwater, expected Name, got []
    spacy_detector_test.go:193: for input Wines, expected Name, got []
    spacy_detector_test.go:193: for input Grcic, expected Name, got [{Address 0.7}]
    spacy_detector_test.go:193: for input Vannuchi, expected Name, got [{Address 0.7}]
    spacy_detector_test.go:193: for input Romaine, expected Name, got []
    spacy_detector_test.go:193: for input Itzkovitch, expected Name, got []
    spacy_detector_test.go:193: for input Jancy, expected Name, got [{Address 0.7}]
    spacy_detector_test.go:193: for input Oxtoby, expected Name, got []
    spacy_detector_test.go:193: for input Burchmore, expected Name, got []
    spacy_detector_test.go:193: for input Bonnavant, expected Name, got []
    spacy_detector_test.go:193: for input Sahlstrom, expected Name, got []
    spacy_detector_test.go:193: for input Brick, expected Name, got []
    spacy_detector_test.go:193: for input Bartolomeazzi, expected Name, got []
    spacy_detector_test.go:193: for input Inglesent, expected Name, got []
    spacy_detector_test.go:193: for input Bellas, expected Name, got [{Address 0.7}]
    spacy_detector_test.go:193: for input Borlease, expected Name, got []
    spacy_detector_test.go:193: for input Hegley, expected Name, got []
    spacy_detector_test.go:193: for input Wenden, expected Name, got []
    spacy_detector_test.go:193: for input Cossentine, expected Name, got []
    spacy_detector_test.go:193: for input Yakuntsov, expected Name, got []
    spacy_detector_test.go:193: for input Howlin, expected Name, got []
    spacy_detector_test.go:193: for input Island, expected Name, got []
    spacy_detector_test.go:193: for input Camidge, expected Name, got []
    spacy_detector_test.go:193: for input Tall, expected Name, got []
    spacy_detector_test.go:193: for input Radbone, expected Name, got []
    spacy_detector_test.go:193: for input Perassi, expected Name, got [{Address 0.7}]
    spacy_detector_test.go:193: for input Doeg, expected Name, got [{Address 0.7}]
    spacy_detector_test.go:193: for input Towl, expected Name, got []
    spacy_detector_test.go:193: for input Matissoff, expected Name, got []
    spacy_detector_test.go:193: for input Yurasov, expected Name, got []
    spacy_detector_test.go:193: for input Whitford, expected Name, got []
    spacy_detector_test.go:193: for input Impy, expected Name, got []
    spacy_detector_test.go:193: for input Challice, expected Name, got []
    spacy_detector_test.go:193: for input Deards, expected Name, got []
    spacy_detector_test.go:193: for input Thripp, expected Name, got []
    spacy_detector_test.go:193: for input Brawley, expected Name, got [{Address 0.7}]
    spacy_detector_test.go:193: for input Corkel, expected Name, got []
    spacy_detector_test.go:193: for input Iacovino, expected Name, got [{Address 0.7}]
    spacy_detector_test.go:193: for input Cromie, expected Name, got []
    spacy_detector_test.go:193: for input Giorgetti, expected Name, got [{Address 0.7}]
    spacy_detector_test.go:193: for input Villaron, expected Name, got []
    spacy_detector_test.go:193: for input Spriggen, expected Name, got []
    spacy_detector_test.go:193: for input Korpolak, expected Name, got []
    spacy_detector_test.go:193: for input Parke, expected Name, got []
    spacy_detector_test.go:193: for input MacCauley, expected Name, got []
    spacy_detector_test.go:193: for input Dzenisenka, expected Name, got []
    spacy_detector_test.go:193: for input Soppit, expected Name, got []
    spacy_detector_test.go:193: for input Kemetz, expected Name, got []
    spacy_detector_test.go:193: for input Croll, expected Name, got []
    spacy_detector_test.go:193: for input Butter, expected Name, got []
    spacy_detector_test.go:193: for input Grigore, expected Name, got []
    spacy_detector_test.go:193: for input Maxstead, expected Name, got []
    spacy_detector_test.go:193: for input Pawlyn, expected Name, got []
    spacy_detector_test.go:193: for input Tanby, expected Name, got []
    spacy_detector_test.go:193: for input Flattman, expected Name, got []
    spacy_detector_test.go:193: for input Mallon, expected Name, got []
    spacy_detector_test.go:193: for input Poile, expected Name, got []
    spacy_detector_test.go:193: for input MacKerley, expected Name, got []
    spacy_detector_test.go:193: for input Scoular, expected Name, got []
    spacy_detector_test.go:193: for input Feely, expected Name, got []
    spacy_detector_test.go:193: for input Hanmer, expected Name, got []
    spacy_detector_test.go:193: for input McGuff, expected Name, got []
    spacy_detector_test.go:193: for input Bircher, expected Name, got []
    spacy_detector_test.go:193: for input Astie, expected Name, got []
    spacy_detector_test.go:193: for input Lambdon, expected Name, got []
    spacy_detector_test.go:193: for input Hullbrook, expected Name, got []
    spacy_detector_test.go:193: for input Greenard, expected Name, got []
    spacy_detector_test.go:193: for input Kleimt, expected Name, got []
    spacy_detector_test.go:193: for input Proudman, expected Name, got []
    spacy_detector_test.go:193: for input Askew, expected Name, got []
    spacy_detector_test.go:193: for input Hairsnape, expected Name, got [{Address 0.7}]
    spacy_detector_test.go:193: for input Stife, expected Name, got []
    spacy_detector_test.go:193: for input Peabody, expected Name, got []
    spacy_detector_test.go:193: for input Aberkirder, expected Name, got []
    spacy_detector_test.go:193: for input Dybbe, expected Name, got []
    spacy_detector_test.go:193: for input Beddoe, expected Name, got []
    spacy_detector_test.go:193: for input Rouby, expected Name, got []
    spacy_detector_test.go:193: for input Fry, expected Name, got []
    spacy_detector_test.go:193: for input Jentin, expected Name, got []
    spacy_detector_test.go:193: for input Heddan, expected Name, got []
    spacy_detector_test.go:193: for input Lafond, expected Name, got []
    spacy_detector_test.go:193: for input Broad, expected Name, got []
    spacy_detector_test.go:193: for input Coolson, expected Name, got []
    spacy_detector_test.go:193: for input Clayborn, expected Name, got []
    spacy_detector_test.go:193: for input Colliar, expected Name, got []
    spacy_detector_test.go:193: for input Zanotti, expected Name, got []
    spacy_detector_test.go:193: for input Norcop, expected Name, got []
    spacy_detector_test.go:193: for input Huntingdon, expected Name, got [{Address 0.7}]
    spacy_detector_test.go:193: for input Marquet, expected Name, got [{Address 0.7}]
    spacy_detector_test.go:193: for input Dooher, expected Name, got []
    spacy_detector_test.go:193: for input Cesaric, expected Name, got []
    spacy_detector_test.go:193: for input Skellon, expected Name, got []
    spacy_detector_test.go:193: for input Karpushkin, expected Name, got []
    spacy_detector_test.go:193: for input Cumber, expected Name, got []
    spacy_detector_test.go:193: for input Sive, expected Name, got []
    spacy_detector_test.go:193: for input Thick, expected Name, got []
    spacy_detector_test.go:193: for input Klammt, expected Name, got []
    spacy_detector_test.go:193: for input Sambedge, expected Name, got []
    spacy_detector_test.go:193: for input Fray, expected Name, got []
    spacy_detector_test.go:193: for input Postlewhite, expected Name, got []
    spacy_detector_test.go:193: for input Fearne, expected Name, got []
    spacy_detector_test.go:193: for input Northeast, expected Name, got []
    spacy_detector_test.go:193: for input Fibbens, expected Name, got []
    spacy_detector_test.go:193: for input Pallas, expected Name, got []
    spacy_detector_test.go:193: for input Hyndley, expected Name, got [{Address 0.7}]
    spacy_detector_test.go:193: for input Bowdrey, expected Name, got []
    spacy_detector_test.go:193: for input Bachellier, expected Name, got []
    spacy_detector_test.go:193: for input Bouchier, expected Name, got []
    spacy_detector_test.go:193: for input Probbin, expected Name, got [{Address 0.7}]
    spacy_detector_test.go:193: for input Penketh, expected Name, got []
    spacy_detector_test.go:193: for input Pantlin, expected Name, got []
    spacy_detector_test.go:193: for input Corris, expected Name, got []
    spacy_detector_test.go:193: for input Benns, expected Name, got []
    spacy_detector_test.go:193: for input Hallawell, expected Name, got []
    spacy_detector_test.go:193: for input McCarrison, expected Name, got []
    spacy_detector_test.go:193: for input Pethybridge, expected Name, got []
    spacy_detector_test.go:193: for input Klimshuk, expected Name, got [{Address 0.7}]
    spacy_detector_test.go:193: for input Tunnicliffe, expected Name, got []
    spacy_detector_test.go:193: for input Bostock, expected Name, got []
    spacy_detector_test.go:193: for input Fenning, expected Name, got []
    spacy_detector_test.go:193: for input Churches, expected Name, got []
    spacy_detector_test.go:193: for input Kirkness, expected Name, got [{Address 0.7}]
    spacy_detector_test.go:193: for input Drayton, expected Name, got [{Address 0.7}]
    spacy_detector_test.go:193: for input McIntosh, expected Name, got []
    spacy_detector_test.go:193: for input Summerton, expected Name, got []
    spacy_detector_test.go:193: for input Chrippes, expected Name, got []
    spacy_detector_test.go:193: for input Pattesall, expected Name, got []
    spacy_detector_test.go:193: for input Dartnell, expected Name, got []
    spacy_detector_test.go:193: for input Giovannazzi, expected Name, got []
    spacy_detector_test.go:193: for input Erdes, expected Name, got []
    spacy_detector_test.go:193: for input Pyffe, expected Name, got []
    spacy_detector_test.go:193: for input Tompion, expected Name, got []
    spacy_detector_test.go:193: for input Fish, expected Name, got []
    spacy_detector_test.go:193: for input Morilla, expected Name, got []
    spacy_detector_test.go:193: for input Averay, expected Name, got []
    spacy_detector_test.go:193: for input Lippiatt, expected Name, got [{Address 0.7}]
    spacy_detector_test.go:193: for input Cuttin, expected Name, got []
    spacy_detector_test.go:193: for input Scollard, expected Name, got []
    spacy_detector_test.go:193: for input Sherwen, expected Name, got []
    spacy_detector_test.go:193: for input Stolte, expected Name, got []
    spacy_detector_test.go:193: for input Riggey, expected Name, got []
    spacy_detector_test.go:193: for input Deadman, expected Name, got []
    spacy_detector_test.go:193: for input Maffione, expected Name, got []
    spacy_detector_test.go:193: for input Cosgry, expected Name, got []
    spacy_detector_test.go:193: for input Sirkett, expected Name, got []
    spacy_detector_test.go:193: for input Edmans, expected Name, got []
    spacy_detector_test.go:193: for input Baude, expected Name, got []
    spacy_detector_test.go:193: for input Cristofor, expected Name, got []
    spacy_detector_test.go:193: for input Caunt, expected Name, got []
    spacy_detector_test.go:193: for input Gabala, expected Name, got [{Address 0.7}]
    spacy_detector_test.go:193: for input Shilleto, expected Name, got [{Address 0.7}]
    spacy_detector_test.go:193: for input Keohane, expected Name, got [{Address 0.7}]
    spacy_detector_test.go:193: for input Hemerijk, expected Name, got []
    spacy_detector_test.go:193: for input Snell, expected Name, got []
    spacy_detector_test.go:193: for input Jeeves, expected Name, got []
    spacy_detector_test.go:193: for input Springtorp, expected Name, got []
    spacy_detector_test.go:193: for input Benoi, expected Name, got [{Address 0.7}]
    spacy_detector_test.go:193: for input Postlewhite, expected Name, got []
    spacy_detector_test.go:193: for input Dryden, expected Name, got []
    spacy_detector_test.go:193: for input Worboy, expected Name, got []
    spacy_detector_test.go:193: for input Curgenven, expected Name, got []
    spacy_detector_test.go:193: for input Youdell, expected Name, got []
    spacy_detector_test.go:193: for input MacAndie, expected Name, got []
    spacy_detector_test.go:193: for input Teml, expected Name, got []
    spacy_detector_test.go:193: for input Hedger, expected Name, got []
    spacy_detector_test.go:193: for input Wretham, expected Name, got []
    spacy_detector_test.go:193: for input Kaasmann, expected Name, got [{Address 0.7}]
    spacy_detector_test.go:193: for input Cullingford, expected Name, got []
    spacy_detector_test.go:193: for input Beininck, expected Name, got []
    spacy_detector_test.go:193: for input Culvey, expected Name, got []
    spacy_detector_test.go:193: for input Denziloe, expected Name, got []
    spacy_detector_test.go:193: for input Weetch, expected Name, got []
    spacy_detector_test.go:193: for input Wensley, expected Name, got []
    spacy_detector_test.go:193: for input Bradmore, expected Name, got []
    spacy_detector_test.go:193: for input Marzello, expected Name, got []
    spacy_detector_test.go:193: for input Ackwood, expected Name, got []
    spacy_detector_test.go:193: for input Altoft, expected Name, got []
    spacy_detector_test.go:193: for input Muspratt, expected Name, got []
    spacy_detector_test.go:193: for input Woonton, expected Name, got []
    spacy_detector_test.go:193: for input Henriet, expected Name, got []
    spacy_detector_test.go:193: for input Curteis, expected Name, got []
    spacy_detector_test.go:193: for input Brozek, expected Name, got []
    spacy_detector_test.go:193: for input Henkmann, expected Name, got []
    spacy_detector_test.go:193: for input Piddington, expected Name, got []
    spacy_detector_test.go:193: for input Puttnam, expected Name, got []
    spacy_detector_test.go:193: for input Le Jean, expected Name, got []
    spacy_detector_test.go:193: for input Haythornthwaite, expected Name, got []
    spacy_detector_test.go:193: for input Caselick, expected Name, got []
    spacy_detector_test.go:193: for input Harcarse, expected Name, got []
    spacy_detector_test.go:193: for input Poncet, expected Name, got []
    spacy_detector_test.go:193: for input Blagburn, expected Name, got []
    spacy_detector_test.go:193: for input Robottham, expected Name, got []
    spacy_detector_test.go:193: for input Jeckell, expected Name, got []
    spacy_detector_test.go:193: for input Cattroll, expected Name, got []
    spacy_detector_test.go:193: for input Denisard, expected Name, got []
    spacy_detector_test.go:193: for input Huthart, expected Name, got []
    spacy_detector_test.go:193: for input Reeder, expected Name, got []
    spacy_detector_test.go:193: for input Frow, expected Name, got []
    spacy_detector_test.go:193: for input Scholz, expected Name, got []
    spacy_detector_test.go:193: for input Hemstead, expected Name, got []
    spacy_detector_test.go:193: for input Houndson, expected Name, got []
    spacy_detector_test.go:193: for input Heake, expected Name, got []
    spacy_detector_test.go:193: for input Pherps, expected Name, got []
    spacy_detector_test.go:193: for input Potebury, expected Name, got []
    spacy_detector_test.go:193: for input Leahey, expected Name, got []
    spacy_detector_test.go:193: for input O'Hannen, expected Name, got []
    spacy_detector_test.go:193: for input Aimer, expected Name, got []
    spacy_detector_test.go:193: for input Legges, expected Name, got []
    spacy_detector_test.go:193: for input Capron, expected Name, got []
    spacy_detector_test.go:193: for input Gittus, expected Name, got []
    spacy_detector_test.go:193: for input Tavinor, expected Name, got []
    spacy_detector_test.go:193: for input Mulcaster, expected Name, got []
    spacy_detector_test.go:193: for input Galego, expected Name, got []
    spacy_detector_test.go:193: for input Strippel, expected Name, got [{Address 0.7}]
    spacy_detector_test.go:193: for input Axten, expected Name, got []
    spacy_detector_test.go:193: for input Caghan, expected Name, got [{Address 0.7}]
    spacy_detector_test.go:193: for input Blooman, expected Name, got []
    spacy_detector_test.go:193: for input Sline, expected Name, got []
    spacy_detector_test.go:193: for input Misson, expected Name, got []
    spacy_detector_test.go:193: for input Beagles, expected Name, got [{Address 0.7}]
    spacy_detector_test.go:193: for input Bootes, expected Name, got []
    spacy_detector_test.go:193: for input Gandley, expected Name, got []
    spacy_detector_test.go:193: for input Berwick, expected Name, got [{Address 0.7}]
    spacy_detector_test.go:193: for input Abethell, expected Name, got []
    spacy_detector_test.go:193: for input Robertsen, expected Name, got []
    spacy_detector_test.go:193: for input Gash, expected Name, got []
    spacy_detector_test.go:193: for input Sandell, expected Name, got []
    spacy_detector_test.go:193: for input Gorini, expected Name, got []
    spacy_detector_test.go:193: for input Castell, expected Name, got []
    spacy_detector_test.go:201: Correctly identified 420 out of 1000 labels, which is 42.000000%
--- FAIL: TestFullNameCSV (2.67s)
    spacy_detector_test.go:278: for input Prent Gloyens, expected Name, got []
    spacy_detector_test.go:278: for input Robbyn Ashfull, expected Name, got []
    spacy_detector_test.go:278: for input Mason Eley, expected Name, got []
    spacy_detector_test.go:278: for input Leelah Beedom, expected Name, got []
    spacy_detector_test.go:278: for input Nalani Sommerling, expected Name, got []
    spacy_detector_test.go:278: for input Renelle Harcase, expected Name, got []
    spacy_detector_test.go:278: for input Cirilo Bridgwater, expected Name, got [{Address 0.7}]
    spacy_detector_test.go:278: for input Philipa Philot, expected Name, got []
    spacy_detector_test.go:278: for input Calv Jeandeau, expected Name, got []
    spacy_detector_test.go:278: for input Junie Parminter, expected Name, got []
    spacy_detector_test.go:278: for input Colas Igonet, expected Name, got []
    spacy_detector_test.go:278: for input Leicester McKoy, expected Name, got []
    spacy_detector_test.go:278: for input Land MacQuarrie, expected Name, got []
    spacy_detector_test.go:278: for input Corabel Huntingdon, expected Name, got [{Address 0.7} {Address 0.7}]
    spacy_detector_test.go:278: for input Isabel Hatherleigh, expected Name, got []
    spacy_detector_test.go:278: for input Cam Killingworth, expected Name, got []
    spacy_detector_test.go:278: for input Karlotta Fildes, expected Name, got []
    spacy_detector_test.go:278: for input Beaufort Sellack, expected Name, got [{Address 0.7}]
    spacy_detector_test.go:278: for input Sigismond Orrin, expected Name, got []
    spacy_detector_test.go:278: for input Brita Ryles, expected Name, got []
    spacy_detector_test.go:278: for input Edsel Boyfield, expected Name, got []
    spacy_detector_test.go:278: for input Wrennie Gillon, expected Name, got []
    spacy_detector_test.go:278: for input Enrica Waldram, expected Name, got []
    spacy_detector_test.go:278: for input Ursa Ferencz, expected Name, got []
    spacy_detector_test.go:278: for input Godfry Breche, expected Name, got []
    spacy_detector_test.go:278: for input Robinett Reubbens, expected Name, got []
    spacy_detector_test.go:278: for input Alysia Trevon, expected Name, got []
    spacy_detector_test.go:278: for input Baryram Bodycombe, expected Name, got []
    spacy_detector_test.go:278: for input Ginni Pottage, expected Name, got []
    spacy_detector_test.go:278: for input Will Louis, expected Name, got []
    spacy_detector_test.go:278: for input Cos Prescott, expected Name, got []
    spacy_detector_test.go:278: for input Vassili Janaud, expected Name, got []
    spacy_detector_test.go:278: for input Osbert Folbigg, expected Name, got []
    spacy_detector_test.go:278: for input Leanor Terbeek, expected Name, got []
    spacy_detector_test.go:278: for input Marcelia Airs, expected Name, got []
    spacy_detector_test.go:278: for input Ashlen McDonald, expected Name, got []
    spacy_detector_test.go:278: for input Stevy Neising, expected Name, got []
    spacy_detector_test.go:278: for input Colly Eminson, expected Name, got []
    spacy_detector_test.go:278: for input Irving Danielovitch, expected Name, got []
    spacy_detector_test.go:278: for input Rorke Tranckle, expected Name, got [{Address 0.7}]
    spacy_detector_test.go:278: for input Chrystal Baron, expected Name, got []
    spacy_detector_test.go:278: for input Livvie Meikle, expected Name, got []
    spacy_detector_test.go:278: for input Auberon Loud, expected Name, got []
    spacy_detector_test.go:278: for input Perl McGirr, expected Name, got []
    spacy_detector_test.go:278: for input Shelby Lowrey, expected Name, got []
    spacy_detector_test.go:278: for input Royal Ezzy, expected Name, got []
    spacy_detector_test.go:278: for input Cariotta Moukes, expected Name, got []
    spacy_detector_test.go:278: for input Allistir le Keux, expected Name, got []
    spacy_detector_test.go:278: for input Hort Keuneke, expected Name, got []
    spacy_detector_test.go:278: for input Elysha Vasler, expected Name, got []
    spacy_detector_test.go:278: for input Haleigh Litherland, expected Name, got []
    spacy_detector_test.go:278: for input Kora Roja, expected Name, got []
    spacy_detector_test.go:278: for input Corine Tearney, expected Name, got []
    spacy_detector_test.go:278: for input Dyan Date, expected Name, got []
    spacy_detector_test.go:278: for input Elmira Dogerty, expected Name, got []
    spacy_detector_test.go:278: for input Waylan Cornil, expected Name, got []
    spacy_detector_test.go:278: for input Melisande Higgonet, expected Name, got []
    spacy_detector_test.go:278: for input Nial Bonnin, expected Name, got []
    spacy_detector_test.go:278: for input Anthia Critchley, expected Name, got []
    spacy_detector_test.go:278: for input Thedrick Loan, expected Name, got []
    spacy_detector_test.go:278: for input Murielle Joselovitch, expected Name, got []
    spacy_detector_test.go:278: for input Enrichetta Daice, expected Name, got []
    spacy_detector_test.go:278: for input Yalonda Vernon, expected Name, got [{Address 0.7} {Address 0.7}]
    spacy_detector_test.go:278: for input Martynne Seedull, expected Name, got []
    spacy_detector_test.go:278: for input Catharina Loeber, expected Name, got []
    spacy_detector_test.go:278: for input Even Oag, expected Name, got []
    spacy_detector_test.go:278: for input Brynna Stiddard, expected Name, got []
    spacy_detector_test.go:278: for input Car Devonshire, expected Name, got []
    spacy_detector_test.go:278: for input Faith Syder, expected Name, got []
    spacy_detector_test.go:278: for input Aili Dillingstone, expected Name, got []
    spacy_detector_test.go:278: for input Concettina Packer, expected Name, got []
    spacy_detector_test.go:278: for input Alberik Inch, expected Name, got []
    spacy_detector_test.go:278: for input Kennie Officer, expected Name, got []
    spacy_detector_test.go:278: for input Benedikt Anger, expected Name, got []
    spacy_detector_test.go:278: for input Nikolia Roman, expected Name, got []
    spacy_detector_test.go:278: for input Peder Seamark, expected Name, got []
    spacy_detector_test.go:278: for input Cass Mealiffe, expected Name, got []
    spacy_detector_test.go:278: for input Grove Bozward, expected Name, got []
    spacy_detector_test.go:278: for input Colly Bispham, expected Name, got []
    spacy_detector_test.go:278: for input Clarey Oxbe, expected Name, got []
    spacy_detector_test.go:278: for input Obediah Firebrace, expected Name, got []
    spacy_detector_test.go:278: for input Morgan Cornner, expected Name, got []
    spacy_detector_test.go:278: for input Merrie Leving, expected Name, got []
    spacy_detector_test.go:278: for input Cozmo Astbury, expected Name, got []
    spacy_detector_test.go:278: for input Yolane Preshous, expected Name, got []
    spacy_detector_test.go:278: for input Olvan Littrick, expected Name, got []
    spacy_detector_test.go:278: for input Margarethe Chander, expected Name, got []
    spacy_detector_test.go:278: for input Prince Loyndon, expected Name, got []
    spacy_detector_test.go:278: for input Cathrin Dymott, expected Name, got []
    spacy_detector_test.go:278: for input Barbee Sawart, expected Name, got []
    spacy_detector_test.go:278: for input Brooks Wenham, expected Name, got []
    spacy_detector_test.go:278: for input Efrem Dubble, expected Name, got []
    spacy_detector_test.go:278: for input Rafaelita Phillcox, expected Name, got []
    spacy_detector_test.go:278: for input Orbadiah McConnal, expected Name, got []
    spacy_detector_test.go:278: for input Kore Ivanikhin, expected Name, got []
    spacy_detector_test.go:278: for input Blanche Hiddsley, expected Name, got []
    spacy_detector_test.go:278: for input Calv Thoresbie, expected Name, got []
    spacy_detector_test.go:278: for input Demetris Exall, expected Name, got []
    spacy_detector_test.go:278: for input Sissie Vannuchi, expected Name, got []
    spacy_detector_test.go:278: for input Maximo Oxtoby, expected Name, got []
    spacy_detector_test.go:278: for input Austina Brick, expected Name, got []
    spacy_detector_test.go:278: for input Dreddy Inglesent, expected Name, got []
    spacy_detector_test.go:278: for input Claudell Clunan, expected Name, got []
    spacy_detector_test.go:278: for input Lezlie Island, expected Name, got []
    spacy_detector_test.go:278: for input Rosette Tall, expected Name, got []
    spacy_detector_test.go:278: for input Stirling Radbone, expected Name, got []
    spacy_detector_test.go:278: for input Piggy Doeg, expected Name, got []
    spacy_detector_test.go:278: for input Dulce Towl, expected Name, got []
    spacy_detector_test.go:278: for input Carce Mulvin, expected Name, got []
    spacy_detector_test.go:278: for input Tadeas Yurasov, expected Name, got []
    spacy_detector_test.go:278: for input Julia Challice, expected Name, got []
    spacy_detector_test.go:278: for input Pen Heppenspall, expected Name, got []
    spacy_detector_test.go:278: for input Hinda Parke, expected Name, got []
    spacy_detector_test.go:278: for input Charity Preist, expected Name, got []
    spacy_detector_test.go:278: for input Doloritas Feely, expected Name, got []
    spacy_detector_test.go:278: for input Valene Bircher, expected Name, got []
    spacy_detector_test.go:278: for input Trstram Greenard, expected Name, got []
    spacy_detector_test.go:278: for input Axe Kleimt, expected Name, got []
    spacy_detector_test.go:278: for input Ingeborg Bonafacino, expected Name, got []
    spacy_detector_test.go:278: for input Freddie Askew, expected Name, got []
    spacy_detector_test.go:278: for input Myrtie Peabody, expected Name, got []
    spacy_detector_test.go:278: for input Kit Beddoe, expected Name, got []
    spacy_detector_test.go:278: for input Drusie Coolson, expected Name, got []
    spacy_detector_test.go:278: for input Harriott Clayborn, expected Name, got []
    spacy_detector_test.go:278: for input Neddie Colliar, expected Name, got []
    spacy_detector_test.go:278: for input Natalina Huntingdon, expected Name, got []
    spacy_detector_test.go:278: for input Wye Calken, expected Name, got [{Address 0.7}]
    spacy_detector_test.go:278: for input Shannah Fearne, expected Name, got []
    spacy_detector_test.go:278: for input Oralle Millard, expected Name, got [{Address 0.7}]
    spacy_detector_test.go:278: for input Cathe Northeast, expected Name, got []
    spacy_detector_test.go:278: for input Artair Grotty, expected Name, got []
    spacy_detector_test.go:278: for input Inez Penketh, expected Name, got []
    spacy_detector_test.go:278: for input Erminie Corris, expected Name, got []
    spacy_detector_test.go:278: for input Orelle Bostock, expected Name, got []
    spacy_detector_test.go:278: for input Tildi Churches, expected Name, got []
    spacy_detector_test.go:278: for input Melesa Wilkin, expected Name, got []
    spacy_detector_test.go:278: for input Barbaraanne Pattesall, expected Name, got []
    spacy_detector_test.go:278: for input Bertrando Driscoll, expected Name, got []
    spacy_detector_test.go:278: for input Dilly Erdes, expected Name, got []
    spacy_detector_test.go:278: for input Audie Tompion, expected Name, got []
    spacy_detector_test.go:278: for input Cleavland Lippiatt, expected Name, got []
    spacy_detector_test.go:278: for input Cinnamon Caunt, expected Name, got []
    spacy_detector_test.go:278: for input Salem Behnecken, expected Name, got [{Address 0.7}]
    spacy_detector_test.go:278: for input Natal Riddall, expected Name, got []
    spacy_detector_test.go:278: for input Delmor Weetch, expected Name, got []
    spacy_detector_test.go:278: for input Iormina Ackwood, expected Name, got []
    spacy_detector_test.go:278: for input Curtice Checcucci, expected Name, got []
    spacy_detector_test.go:278: for input Nellie Caselick, expected Name, got []
    spacy_detector_test.go:278: for input Steffane Denisard, expected Name, got []
    spacy_detector_test.go:278: for input Atalanta Hemstead, expected Name, got []
    spacy_detector_test.go:278: for input Donetta Gittus, expected Name, got []
    spacy_detector_test.go:278: for input Wilmer Mulcaster, expected Name, got [{Address 0.7}]
    spacy_detector_test.go:278: for input Sheffield Keach, expected Name, got [{Address 0.7} {Address 0.7}]
    spacy_detector_test.go:278: for input Crissie Misson, expected Name, got []
    spacy_detector_test.go:278: for input Fraze Bootes, expected Name, got []
    spacy_detector_test.go:278: for input Nicolea Berwick, expected Name, got [{Address 0.7}]
    spacy_detector_test.go:286: Correctly identified 844 out of 1000 labels, which is 84.400002%
FAIL
FAIL	github.com/klouddb/DPA_private/piiscanner	19.178s
?   	github.com/klouddb/DPA_private/pkg/cmd_processor	[no test files]
?   	github.com/klouddb/DPA_private/pkg/const	[no test files]
ok  	github.com/klouddb/DPA_private/pkg/postgresdb	(cached)
--- FAIL: TestGetDatabaseAndHostForUSerFromHbaFileRules (0.00s)
    --- FAIL: TestGetDatabaseAndHostForUSerFromHbaFileRules/all_database_and_user_with_localhost (0.00s)
        hba_queries_test.go:113: GetDatabaseAndHostForUSerFromHbaFileRules() = [{95 all all 127.0.0.1 255.255.255.255 From DB: database={all}, user={all}, address=127.0.0.1, netmask=255.255.255.255}], want [{95 all all 127.0.0.1 255.255.255.255 }]
    --- FAIL: TestGetDatabaseAndHostForUSerFromHbaFileRules/all_default_entries_from_hba_file_rules (0.00s)
        hba_queries_test.go:113: GetDatabaseAndHostForUSerFromHbaFileRules() = [{95 all all 127.0.0.1 255.255.255.255 From DB: database={all}, user={all}, address=127.0.0.1, netmask=255.255.255.255} {97 all all ::1 ffff:ffff:ffff:ffff:ffff:ffff:ffff:ffff From DB: database={all}, user={all}, address=::1, netmask=ffff:ffff:ffff:ffff:ffff:ffff:ffff:ffff} {100 replication all 127.0.0.1 255.255.255.255 From DB: database={replication}, user={all}, address=127.0.0.1, netmask=255.255.255.255} {102 replication all ::1 ffff:ffff:ffff:ffff:ffff:ffff:ffff:ffff From DB: database={replication}, user={all}, address=::1, netmask=ffff:ffff:ffff:ffff:ffff:ffff:ffff:ffff} {103 testing1 pradip,testuser,newuser,pradipparmar .example.com  From DB: database={testing1}, user={pradip,testuser,newuser,pradipparmar}, address=.example.com, netmask=}], want [{95 all all 127.0.0.1 255.255.255.255 } {97 all all ::1 ffff:ffff:ffff:ffff:ffff:ffff:ffff:ffff } {100 replication all 127.0.0.1 255.255.255.255 } {102 replication all ::1 ffff:ffff:ffff:ffff:ffff:ffff:ffff:ffff } {103 testing1 pradip,testuser,newuser,pradipparmar .example.com  }]
FAIL
FAIL	github.com/klouddb/DPA_private/pkg/utils	0.595s
FAIL
